CONFIG
├── model
│   └── generate_default_data: true                                             
│       metrics:                                                                
│         train:                                                                
│         - loss                                                                
│         - reward                                                              
│         - po_loss                                                             
│         - pl_loss                                                             
│         - po_pref_rate                                                        
│         val:                                                                  
│         - reward                                                              
│         - max_reward                                                          
│         - max_aug_reward                                                      
│         test:                                                                 
│         - reward                                                              
│         - max_reward                                                          
│         - max_aug_reward                                                      
│         log_on_step: true                                                     
│       _target_: rl4co.models.POMO                                             
│       num_augment: 8                                                          
│       loss_type: po_loss                                                      
│       alpha: 0.05                                                             
│       pl_impl: stable                                                         
│       loss_kwargs: {}                                                         
│       free_loss_ir_json_path: null                                            
│       batch_size: 64                                                          
│       train_data_size: 100000                                                 
│       val_data_size: 10000                                                    
│       test_data_size: 10000                                                   
│       optimizer_kwargs:                                                       
│         lr: 0.0003                                                            
│         weight_decay: 1.0e-06                                                 
│       lr_scheduler: MultiStepLR                                               
│       lr_scheduler_kwargs:                                                    
│         milestones:                                                           
│         - 3001                                                                
│         gamma: 0.2                                                            
│       num_starts: 100                                                         
│       optimizer: Adam                                                         
│       policy_kwargs:                                                          
│         embed_dim: 128                                                        
│         num_encoder_layers: 6                                                 
│         num_heads: 8                                                          
│         feedforward_hidden: 512                                               
│         tanh_clipping: 50                                                     
│         val_decode_type: greedy                                               
│                                                                               
├── callbacks
│   └── model_checkpoint:                                                       
│         _target_: lightning.pytorch.callbacks.ModelCheckpoint                 
│         dirpath: /data1/gushengda/eam-rl4co/logs/train/runs/2026-02-16_06-38-4
│         filename: epoch_{epoch:03d}                                           
│         monitor: val/reward                                                   
│         verbose: false                                                        
│         save_last: true                                                       
│         save_top_k: 1                                                         
│         mode: max                                                             
│         auto_insert_metric_name: false                                        
│         save_weights_only: false                                              
│         every_n_train_steps: null                                             
│         train_time_interval: null                                             
│         every_n_epochs: null                                                  
│         save_on_train_epoch_end: null                                         
│       model_summary:                                                          
│         _target_: lightning.pytorch.callbacks.RichModelSummary                
│         max_depth: 5                                                          
│       rich_progress_bar:                                                      
│         _target_: lightning.pytorch.callbacks.RichProgressBar                 
│       speed_monitor:                                                          
│         _target_: rl4co.utils.callbacks.speed_monitor.SpeedMonitor            
│         intra_step_time: true                                                 
│         inter_step_time: true                                                 
│         epoch_time: true                                                      
│                                                                               
├── logger
│   └── logger: null                                                            
│       wandb:                                                                  
│         project: rl4co                                                        
│         tags:                                                                 
│         - pomo                                                                
│         - tsp                                                                 
│         group: tsp100                                                         
│         name: pomo-tsp100                                                     
│                                                                               
├── trainer
│   └── _target_: rl4co.utils.trainer.RL4COTrainer                              
│       default_root_dir: /data1/gushengda/eam-rl4co/logs/train/runs/2026-02-16_
│       gradient_clip_val: 1.0                                                  
│       accelerator: gpu                                                        
│       precision: 32-true                                                      
│       check_val_every_n_epoch: 1                                              
│       deterministic: false                                                    
│       max_epochs: 2010                                                        
│       accumulate_grad_batches: 1                                              
│       devices:                                                                
│       - 0                                                                     
│       strategy: auto                                                          
│                                                                               
├── paths
│   └── root_dir: /data1/gushengda/eam-rl4co                                    
│       data_dir: /data1/gushengda/eam-rl4co/data                               
│       log_dir: /data1/gushengda/eam-rl4co/logs                                
│       output_dir: /data1/gushengda/eam-rl4co/logs/train/runs/2026-02-16_06-38-
│       work_dir: /data1/gushengda/eam-rl4co                                    
│                                                                               
├── extras
│   └── ignore_warnings: false                                                  
│       enforce_tags: true                                                      
│       print_config: true                                                      
│                                                                               
├── mode
│   └── train                                                                   
├── tags
│   └── ['dev']                                                                 
├── train
│   └── True                                                                    
├── test
│   └── True                                                                    
├── compile
│   └── False                                                                   
├── ckpt_path
│   └── None                                                                    
├── seed
│   └── 1234                                                                    
├── matmul_precision
│   └── medium                                                                  
├── env
│   └── _target_: rl4co.envs.TSPEnv                                             
│       name: tsp                                                               
│       generator_params:                                                       
│         num_loc: 100                                                          
│         loc_distribution: uniform                                             
│       data_dir: /data1/gushengda/eam-rl4co/data/tsp                           
│       val_file: tsp100_val_seed4321.npz                                       
│       test_file: tsp100_test_seed1234.npz                                     
│                                                                               
└── kkkmodel
    └── policy_kwargs:                                                          
          test_decode_type: greedy                                              
                                                                                
