[2026-07-29 12:25:52,268] INFO:fitness.free_loss_fidelity: Stage3 offline mini-train start gen=0 pair_index=4 scenarios=['tsp100']
[2026-07-29 12:25:52,320] INFO:fitness.free_loss_fidelity: Stage3 scenario start gen=0 pair_index=4 scenario=tsp100 K=200 seed=1234 valid_sizes=[100] baseline_json=/data1/gushengda/eam-rl4co_runs/tsp100-joint-matched-init-hf1-r6-20260729-1927/baseline_cache/baseline_minitrain_tsp100_ckpt135_epoch1_inst100000.json
[2026-07-29 12:25:57,393] WARNING:fitness.free_loss_fidelity: weights_only checkpoint load failed (UnpicklingError); retrying weights_only=False for /data1/gushengda/eam-rl4co/baseline/tsp100_epoch_135.ckpt
[2026-07-29 12:25:57,444] INFO:fitness.free_loss_fidelity: Loaded init checkpoint into policy: path=/data1/gushengda/eam-rl4co/baseline/tsp100_epoch_135.ckpt prefix=policy. matched=97 missing=0 unexpected=0
[2026-07-29 12:25:57,817] WARNING:fitness.free_loss_fidelity: weights_only checkpoint load failed (UnpicklingError); retrying weights_only=False for /data1/gushengda/eam-rl4co/baseline/tsp100_epoch_135.ckpt
[2026-07-29 12:25:57,864] INFO:fitness.free_loss_fidelity: Loaded init checkpoint into policy: path=/data1/gushengda/eam-rl4co/baseline/tsp100_epoch_135.ckpt prefix=policy. matched=97 missing=0 unexpected=0
[2026-07-29 12:25:57,870] INFO:fitness.free_loss_fidelity: RL4CO free-loss phase=warmstart: epochs=1 steps_f1=1563 steps_f2=0 total_steps=1563 (ckpt=/data1/gushengda/eam-rl4co/baseline/tsp100_epoch_135.ckpt, device=cuda:0, env=tsp)
[2026-07-29 12:25:58,463] INFO:fitness.free_loss_fidelity: RL4CO free-loss[warmstart] step 1/1563: score=7.751812 (avg=7.751812), loss=0.656106 (avg=0.656106), pairs_step=315787, pairs_total=315787
[2026-07-29 12:26:51,296] INFO:fitness.free_loss_fidelity: RL4CO free-loss[warmstart] step 156/1563: score=12.486843 (avg=10.085516), loss=0.254841 (avg=0.386305), pairs_step=316800, pairs_total=49400285
[2026-07-29 12:27:44,269] INFO:fitness.free_loss_fidelity: RL4CO free-loss[warmstart] step 312/1563: score=12.316690 (avg=11.812490), loss=0.122632 (avg=0.273019), pairs_step=316800, pairs_total=98821072
[2026-07-29 12:28:37,192] INFO:fitness.free_loss_fidelity: RL4CO free-loss[warmstart] step 468/1563: score=10.480588 (avg=11.649379), loss=0.141271 (avg=0.236076), pairs_step=316800, pairs_total=148241852
[2026-07-29 12:29:30,376] INFO:fitness.free_loss_fidelity: RL4CO free-loss[warmstart] step 624/1563: score=10.079547 (avg=11.262261), loss=0.150825 (avg=0.211654), pairs_step=316800, pairs_total=197662634
[2026-07-29 12:30:23,287] INFO:fitness.free_loss_fidelity: RL4CO free-loss[warmstart] step 780/1563: score=9.617523 (avg=10.953440), loss=0.136136 (avg=0.196715), pairs_step=316800, pairs_total=247083417
[2026-07-29 12:31:16,215] INFO:fitness.free_loss_fidelity: RL4CO free-loss[warmstart] step 936/1563: score=9.480515 (avg=10.726238), loss=0.131897 (avg=0.186368), pairs_step=316800, pairs_total=296504189
[2026-07-29 12:32:09,331] INFO:fitness.free_loss_fidelity: RL4CO free-loss[warmstart] step 1092/1563: score=9.393414 (avg=10.548021), loss=0.140903 (avg=0.179277), pairs_step=316800, pairs_total=345924973
[2026-07-29 12:33:02,236] INFO:fitness.free_loss_fidelity: RL4CO free-loss[warmstart] step 1248/1563: score=9.148886 (avg=10.390830), loss=0.134152 (avg=0.174150), pairs_step=316800, pairs_total=395345754
[2026-07-29 12:33:55,161] INFO:fitness.free_loss_fidelity: RL4CO free-loss[warmstart] step 1404/1563: score=8.989022 (avg=10.238809), loss=0.127795 (avg=0.169899), pairs_step=316800, pairs_total=444766544
[2026-07-29 12:34:47,824] INFO:fitness.free_loss_fidelity: RL4CO free-loss[warmstart] step 1560/1563: score=9.037297 (avg=10.112498), loss=0.131645 (avg=0.166323), pairs_step=316800, pairs_total=494187324
[2026-07-29 12:35:09,702] INFO:fitness.free_loss_fidelity: RL4CO free-loss[warmstart] epoch 1/1: validation_objective=7.985683
[2026-07-29 12:35:30,507] INFO:fitness.free_loss_fidelity: Stage3 offline mini-train DONE gen=0 pair_index=4 score=0.1867868347167967 any_error=False
