[2026-07-29 12:25:47,662] INFO:fitness.free_loss_fidelity: Stage3 offline mini-train start gen=0 pair_index=7 scenarios=['tsp100']
[2026-07-29 12:25:47,747] INFO:fitness.free_loss_fidelity: Stage3 scenario start gen=0 pair_index=7 scenario=tsp100 K=200 seed=1234 valid_sizes=[100] baseline_json=/data1/gushengda/eam-rl4co_runs/tsp100-joint-matched-init-hf1-r6-20260729-1927/baseline_cache/baseline_minitrain_tsp100_ckpt135_epoch1_inst100000.json
[2026-07-29 12:25:52,623] WARNING:fitness.free_loss_fidelity: weights_only checkpoint load failed (UnpicklingError); retrying weights_only=False for /data1/gushengda/eam-rl4co/baseline/tsp100_epoch_135.ckpt
[2026-07-29 12:25:52,692] INFO:fitness.free_loss_fidelity: Loaded init checkpoint into policy: path=/data1/gushengda/eam-rl4co/baseline/tsp100_epoch_135.ckpt prefix=policy. matched=97 missing=0 unexpected=0
[2026-07-29 12:25:53,062] WARNING:fitness.free_loss_fidelity: weights_only checkpoint load failed (UnpicklingError); retrying weights_only=False for /data1/gushengda/eam-rl4co/baseline/tsp100_epoch_135.ckpt
[2026-07-29 12:25:53,115] INFO:fitness.free_loss_fidelity: Loaded init checkpoint into policy: path=/data1/gushengda/eam-rl4co/baseline/tsp100_epoch_135.ckpt prefix=policy. matched=97 missing=0 unexpected=0
[2026-07-29 12:25:53,121] INFO:fitness.free_loss_fidelity: RL4CO free-loss phase=warmstart: epochs=1 steps_f1=1563 steps_f2=0 total_steps=1563 (ckpt=/data1/gushengda/eam-rl4co/baseline/tsp100_epoch_135.ckpt, device=cuda:0, env=tsp)
[2026-07-29 12:25:53,722] INFO:fitness.free_loss_fidelity: RL4CO free-loss[warmstart] step 1/1563: score=7.751812 (avg=7.751812), loss=0.089655 (avg=0.089655), pairs_step=315787, pairs_total=315787
[2026-07-29 12:26:43,750] INFO:fitness.free_loss_fidelity: RL4CO free-loss[warmstart] step 156/1563: score=7.757676 (avg=7.800067), loss=0.081964 (avg=0.083725), pairs_step=316276, pairs_total=49320113
[2026-07-29 12:27:33,931] INFO:fitness.free_loss_fidelity: RL4CO free-loss[warmstart] step 312/1563: score=7.786454 (avg=7.802615), loss=0.077551 (avg=0.082349), pairs_step=316122, pairs_total=98669368
[2026-07-29 12:28:24,151] INFO:fitness.free_loss_fidelity: RL4CO free-loss[warmstart] step 468/1563: score=7.841110 (avg=7.802331), loss=0.086692 (avg=0.081500), pairs_step=316484, pairs_total=148033080
[2026-07-29 12:29:14,600] INFO:fitness.free_loss_fidelity: RL4CO free-loss[warmstart] step 624/1563: score=7.788233 (avg=7.801085), loss=0.077825 (avg=0.080993), pairs_step=316561, pairs_total=197405979
[2026-07-29 12:30:04,823] INFO:fitness.free_loss_fidelity: RL4CO free-loss[warmstart] step 780/1563: score=7.845899 (avg=7.801458), loss=0.075986 (avg=0.080671), pairs_step=316587, pairs_total=246784891
[2026-07-29 12:30:55,040] INFO:fitness.free_loss_fidelity: RL4CO free-loss[warmstart] step 936/1563: score=7.786177 (avg=7.801234), loss=0.081734 (avg=0.080219), pairs_step=316623, pairs_total=296169800
[2026-07-29 12:31:45,476] INFO:fitness.free_loss_fidelity: RL4CO free-loss[warmstart] step 1092/1563: score=7.806032 (avg=7.800703), loss=0.082442 (avg=0.080007), pairs_step=316631, pairs_total=345557110
[2026-07-29 12:32:35,684] INFO:fitness.free_loss_fidelity: RL4CO free-loss[warmstart] step 1248/1563: score=7.795555 (avg=7.801096), loss=0.074040 (avg=0.079767), pairs_step=316661, pairs_total=394950078
[2026-07-29 12:33:25,895] INFO:fitness.free_loss_fidelity: RL4CO free-loss[warmstart] step 1404/1563: score=7.827167 (avg=7.800525), loss=0.076916 (avg=0.079428), pairs_step=316620, pairs_total=444339811
[2026-07-29 12:34:16,092] INFO:fitness.free_loss_fidelity: RL4CO free-loss[warmstart] step 1560/1563: score=7.828213 (avg=7.800547), loss=0.073493 (avg=0.079214), pairs_step=316671, pairs_total=493733509
[2026-07-29 12:34:37,701] INFO:fitness.free_loss_fidelity: RL4CO free-loss[warmstart] epoch 1/1: validation_objective=7.801088
[2026-07-29 12:34:58,306] INFO:fitness.free_loss_fidelity: Stage3 offline mini-train DONE gen=0 pair_index=7 score=0.0011841102600094189 any_error=False
