[2026-07-29 12:25:59,237] INFO:fitness.free_loss_fidelity: Stage3 offline mini-train start gen=0 pair_index=5 scenarios=['tsp100']
[2026-07-29 12:25:59,323] INFO:fitness.free_loss_fidelity: Stage3 scenario start gen=0 pair_index=5 scenario=tsp100 K=200 seed=1234 valid_sizes=[100] baseline_json=/data1/gushengda/eam-rl4co_runs/tsp100-joint-matched-init-hf1-r6-20260729-1927/baseline_cache/baseline_minitrain_tsp100_ckpt135_epoch1_inst100000.json
[2026-07-29 12:26:04,162] WARNING:fitness.free_loss_fidelity: weights_only checkpoint load failed (UnpicklingError); retrying weights_only=False for /data1/gushengda/eam-rl4co/baseline/tsp100_epoch_135.ckpt
[2026-07-29 12:26:04,208] INFO:fitness.free_loss_fidelity: Loaded init checkpoint into policy: path=/data1/gushengda/eam-rl4co/baseline/tsp100_epoch_135.ckpt prefix=policy. matched=97 missing=0 unexpected=0
[2026-07-29 12:26:04,576] WARNING:fitness.free_loss_fidelity: weights_only checkpoint load failed (UnpicklingError); retrying weights_only=False for /data1/gushengda/eam-rl4co/baseline/tsp100_epoch_135.ckpt
[2026-07-29 12:26:04,619] INFO:fitness.free_loss_fidelity: Loaded init checkpoint into policy: path=/data1/gushengda/eam-rl4co/baseline/tsp100_epoch_135.ckpt prefix=policy. matched=97 missing=0 unexpected=0
[2026-07-29 12:26:04,624] INFO:fitness.free_loss_fidelity: RL4CO free-loss phase=warmstart: epochs=1 steps_f1=1563 steps_f2=0 total_steps=1563 (ckpt=/data1/gushengda/eam-rl4co/baseline/tsp100_epoch_135.ckpt, device=cuda:0, env=tsp)
[2026-07-29 12:26:05,188] INFO:fitness.free_loss_fidelity: RL4CO free-loss[warmstart] step 1/1563: score=7.751812 (avg=7.751812), loss=-0.361927 (avg=-0.361927), pairs_step=315787, pairs_total=315787
[2026-07-29 12:26:58,116] INFO:fitness.free_loss_fidelity: RL4CO free-loss[warmstart] step 156/1563: score=7.760845 (avg=7.799421), loss=-0.220578 (avg=-0.242670), pairs_step=315880, pairs_total=49254826
[2026-07-29 12:27:51,401] INFO:fitness.free_loss_fidelity: RL4CO free-loss[warmstart] step 312/1563: score=7.784820 (avg=7.802641), loss=-0.202042 (avg=-0.227852), pairs_step=315231, pairs_total=98504310
[2026-07-29 12:28:44,652] INFO:fitness.free_loss_fidelity: RL4CO free-loss[warmstart] step 468/1563: score=7.842252 (avg=7.802635), loss=-0.217530 (avg=-0.219554), pairs_step=315723, pairs_total=147742479
[2026-07-29 12:29:38,117] INFO:fitness.free_loss_fidelity: RL4CO free-loss[warmstart] step 624/1563: score=7.788945 (avg=7.801507), loss=-0.191795 (avg=-0.213699), pairs_step=315573, pairs_total=196981089
[2026-07-29 12:30:31,362] INFO:fitness.free_loss_fidelity: RL4CO free-loss[warmstart] step 780/1563: score=7.841647 (avg=7.802176), loss=-0.196567 (avg=-0.210518), pairs_step=315667, pairs_total=246222264
[2026-07-29 12:31:24,612] INFO:fitness.free_loss_fidelity: RL4CO free-loss[warmstart] step 936/1563: score=7.790591 (avg=7.802159), loss=-0.194075 (avg=-0.206673), pairs_step=315569, pairs_total=295450229
[2026-07-29 12:32:18,073] INFO:fitness.free_loss_fidelity: RL4CO free-loss[warmstart] step 1092/1563: score=7.810627 (avg=7.801963), loss=-0.196025 (avg=-0.204391), pairs_step=315778, pairs_total=344676820
[2026-07-29 12:33:11,303] INFO:fitness.free_loss_fidelity: RL4CO free-loss[warmstart] step 1248/1563: score=7.793159 (avg=7.802617), loss=-0.167292 (avg=-0.202413), pairs_step=315520, pairs_total=393902221
[2026-07-29 12:34:04,541] INFO:fitness.free_loss_fidelity: RL4CO free-loss[warmstart] step 1404/1563: score=7.827441 (avg=7.802136), loss=-0.167824 (avg=-0.200486), pairs_step=315673, pairs_total=443124925
[2026-07-29 12:34:57,437] INFO:fitness.free_loss_fidelity: RL4CO free-loss[warmstart] step 1560/1563: score=7.833718 (avg=7.802339), loss=-0.174565 (avg=-0.199500), pairs_step=315732, pairs_total=492357954
[2026-07-29 12:35:19,304] INFO:fitness.free_loss_fidelity: RL4CO free-loss[warmstart] epoch 1/1: validation_objective=7.808156
[2026-07-29 12:35:40,100] INFO:fitness.free_loss_fidelity: Stage3 offline mini-train DONE gen=0 pair_index=5 score=0.008237751770018953 any_error=False
