[2026-03-05 04:48:10,050] INFO:fitness.free_loss_fidelity: Stage3 offline mini-train start gen=4 pair_index=2 K=200 seed=12345 valid_sizes=[100] baseline_json=baseline/mini_eval/baseline_minitrain_tsp100_K200.json
[2026-03-05 04:48:15,927] INFO:fitness.free_loss_fidelity: RL4CO free-loss (step-mode): f1_steps=200, f2_steps=0, total_steps=200, train_problem_size=100, rollouts=100, batch_size=64, device=cuda:0, env=tsp
[2026-03-05 04:48:16,698] INFO:fitness.free_loss_fidelity: RL4CO free-loss step 1/200: score=36.122910 (avg=36.122910), loss=0.878214 (avg=0.878214), pairs_step=316800, pairs_total=316800
[2026-03-05 04:48:23,230] INFO:fitness.free_loss_fidelity: RL4CO free-loss step 20/200: score=10.076229 (avg=13.076845), loss=0.578154 (avg=0.603117), pairs_step=316800, pairs_total=6335996
[2026-03-05 04:48:30,553] INFO:fitness.free_loss_fidelity: RL4CO free-loss step 40/200: score=9.746737 (avg=11.448880), loss=0.535629 (avg=0.580046), pairs_step=316800, pairs_total=12671990
[2026-03-05 04:48:37,574] INFO:fitness.free_loss_fidelity: RL4CO free-loss step 60/200: score=9.432514 (avg=10.797629), loss=0.525430 (avg=0.565084), pairs_step=316800, pairs_total=19007984
[2026-03-05 04:48:44,198] INFO:fitness.free_loss_fidelity: RL4CO free-loss step 80/200: score=9.320272 (avg=10.436706), loss=0.520188 (avg=0.553006), pairs_step=316799, pairs_total=25343980
[2026-03-05 04:48:50,830] INFO:fitness.free_loss_fidelity: RL4CO free-loss step 100/200: score=9.218632 (avg=10.205502), loss=0.517365 (avg=0.544642), pairs_step=316800, pairs_total=31679975
[2026-03-05 04:48:57,450] INFO:fitness.free_loss_fidelity: RL4CO free-loss step 120/200: score=9.109711 (avg=10.037598), loss=0.514438 (avg=0.539016), pairs_step=316800, pairs_total=38015972
[2026-03-05 04:49:04,058] INFO:fitness.free_loss_fidelity: RL4CO free-loss step 140/200: score=9.215162 (avg=9.912266), loss=0.509008 (avg=0.534940), pairs_step=316800, pairs_total=44351970
[2026-03-05 04:49:10,669] INFO:fitness.free_loss_fidelity: RL4CO free-loss step 160/200: score=9.043606 (avg=9.809805), loss=0.512079 (avg=0.532304), pairs_step=316800, pairs_total=50687964
[2026-03-05 04:49:17,302] INFO:fitness.free_loss_fidelity: RL4CO free-loss step 180/200: score=9.054029 (avg=9.723058), loss=0.516561 (avg=0.530322), pairs_step=316799, pairs_total=57023960
[2026-03-05 04:49:23,949] INFO:fitness.free_loss_fidelity: RL4CO free-loss step 200/200: score=9.005540 (avg=9.651033), loss=0.517909 (avg=0.528924), pairs_step=316799, pairs_total=63359951
[2026-03-05 04:49:25,059] WARNING:fitness.free_loss_fidelity: weights_only checkpoint load failed (UnpicklingError); retrying weights_only=False for /data1/gushengda/eam-rl4co/baseline/epoch_135.ckpt
[2026-03-05 04:49:25,102] INFO:fitness.free_loss_fidelity: Loaded init checkpoint into policy: path=/data1/gushengda/eam-rl4co/baseline/epoch_135.ckpt prefix=policy. matched=97 missing=0 unexpected=0
[2026-03-05 04:49:25,108] INFO:fitness.free_loss_fidelity: RL4CO free-loss (step-mode): f1_steps=200, f2_steps=0, total_steps=200, train_problem_size=100, rollouts=100, batch_size=64, device=cuda:0, env=tsp
[2026-03-05 04:49:25,459] INFO:fitness.free_loss_fidelity: RL4CO free-loss step 1/200: score=7.803347 (avg=7.803347), loss=0.668200 (avg=0.668200), pairs_step=315697, pairs_total=315697
[2026-03-05 04:49:31,776] INFO:fitness.free_loss_fidelity: RL4CO free-loss step 20/200: score=7.781855 (avg=7.808740), loss=0.658725 (avg=0.665179), pairs_step=315937, pairs_total=6318689
[2026-03-05 04:49:38,423] INFO:fitness.free_loss_fidelity: RL4CO free-loss step 40/200: score=7.816300 (avg=7.802285), loss=0.657306 (avg=0.661280), pairs_step=315956, pairs_total=12636478
[2026-03-05 04:49:45,048] INFO:fitness.free_loss_fidelity: RL4CO free-loss step 60/200: score=7.816242 (avg=7.798665), loss=0.652502 (avg=0.657995), pairs_step=315939, pairs_total=18954520
[2026-03-05 04:49:51,692] INFO:fitness.free_loss_fidelity: RL4CO free-loss step 80/200: score=7.792201 (avg=7.797238), loss=0.630534 (avg=0.653294), pairs_step=315999, pairs_total=25274105
[2026-03-05 04:49:58,344] INFO:fitness.free_loss_fidelity: RL4CO free-loss step 100/200: score=7.758269 (avg=7.797932), loss=0.631166 (avg=0.650031), pairs_step=316151, pairs_total=31596382
[2026-03-05 04:50:04,976] INFO:fitness.free_loss_fidelity: RL4CO free-loss step 120/200: score=7.770145 (avg=7.799544), loss=0.639359 (avg=0.647231), pairs_step=315855, pairs_total=37916220
[2026-03-05 04:50:11,630] INFO:fitness.free_loss_fidelity: RL4CO free-loss step 140/200: score=7.830751 (avg=7.800466), loss=0.618749 (avg=0.644233), pairs_step=315904, pairs_total=44237411
[2026-03-05 04:50:18,271] INFO:fitness.free_loss_fidelity: RL4CO free-loss step 160/200: score=7.798961 (avg=7.799808), loss=0.614093 (avg=0.641004), pairs_step=315901, pairs_total=50559582
[2026-03-05 04:50:24,908] INFO:fitness.free_loss_fidelity: RL4CO free-loss step 180/200: score=7.783265 (avg=7.798599), loss=0.610694 (avg=0.638776), pairs_step=315943, pairs_total=56879968
[2026-03-05 04:50:31,555] INFO:fitness.free_loss_fidelity: RL4CO free-loss step 200/200: score=7.806207 (avg=7.797385), loss=0.577898 (avg=0.635326), pairs_step=316066, pairs_total=63201944
[2026-03-05 04:50:32,666] WARNING:fitness.free_loss_fidelity: weights_only checkpoint load failed (UnpicklingError); retrying weights_only=False for /data1/gushengda/eam-rl4co/baseline/epoch_409.ckpt
[2026-03-05 04:50:32,706] INFO:fitness.free_loss_fidelity: Loaded init checkpoint into policy: path=/data1/gushengda/eam-rl4co/baseline/epoch_409.ckpt prefix=policy. matched=97 missing=0 unexpected=0
[2026-03-05 04:50:32,712] INFO:fitness.free_loss_fidelity: RL4CO free-loss (step-mode): f1_steps=200, f2_steps=0, total_steps=200, train_problem_size=100, rollouts=100, batch_size=64, device=cuda:0, env=tsp
[2026-03-05 04:50:33,062] INFO:fitness.free_loss_fidelity: RL4CO free-loss step 1/200: score=7.807477 (avg=7.807477), loss=0.187155 (avg=0.187155), pairs_step=315750, pairs_total=315750
[2026-03-05 04:50:39,357] INFO:fitness.free_loss_fidelity: RL4CO free-loss step 20/200: score=7.782280 (avg=7.808916), loss=0.176642 (avg=0.178216), pairs_step=316131, pairs_total=6318925
[2026-03-05 04:50:46,266] INFO:fitness.free_loss_fidelity: RL4CO free-loss step 40/200: score=7.815923 (avg=7.802944), loss=0.177495 (avg=0.177481), pairs_step=316189, pairs_total=12637985
[2026-03-05 04:50:52,894] INFO:fitness.free_loss_fidelity: RL4CO free-loss step 60/200: score=7.811903 (avg=7.798766), loss=0.176153 (avg=0.177298), pairs_step=315916, pairs_total=18957120
[2026-03-05 04:50:59,561] INFO:fitness.free_loss_fidelity: RL4CO free-loss step 80/200: score=7.796804 (avg=7.796920), loss=0.170661 (avg=0.175594), pairs_step=315998, pairs_total=25276342
[2026-03-05 04:51:06,154] INFO:fitness.free_loss_fidelity: RL4CO free-loss step 100/200: score=7.749741 (avg=7.797386), loss=0.179718 (avg=0.174867), pairs_step=315975, pairs_total=31596770
[2026-03-05 04:51:12,730] INFO:fitness.free_loss_fidelity: RL4CO free-loss step 120/200: score=7.775503 (avg=7.798987), loss=0.177762 (avg=0.175914), pairs_step=315823, pairs_total=37916396
[2026-03-05 04:51:19,310] INFO:fitness.free_loss_fidelity: RL4CO free-loss step 140/200: score=7.819842 (avg=7.799791), loss=0.183149 (avg=0.176635), pairs_step=315306, pairs_total=44232880
[2026-03-05 04:51:25,905] INFO:fitness.free_loss_fidelity: RL4CO free-loss step 160/200: score=7.793014 (avg=7.799122), loss=0.186845 (avg=0.177578), pairs_step=316126, pairs_total=50550186
[2026-03-05 04:51:32,478] INFO:fitness.free_loss_fidelity: RL4CO free-loss step 180/200: score=7.781147 (avg=7.797817), loss=0.181515 (avg=0.178192), pairs_step=315688, pairs_total=56866969
[2026-03-05 04:51:39,145] INFO:fitness.free_loss_fidelity: RL4CO free-loss step 200/200: score=7.810288 (avg=7.796480), loss=0.176185 (avg=0.178584), pairs_step=315655, pairs_total=63185193
[2026-03-05 04:51:40,216] INFO:fitness.free_loss_fidelity: Stage3 offline mini-train DONE gen=4 pair_index=2 score=0.0031809608141581216 any_error=False
