[2026-03-05 04:51:58,202] INFO:fitness.free_loss_fidelity: Stage3 offline mini-train start gen=4 pair_index=11 K=200 seed=12345 valid_sizes=[100] baseline_json=baseline/mini_eval/baseline_minitrain_tsp100_K200.json
[2026-03-05 04:52:03,752] INFO:fitness.free_loss_fidelity: RL4CO free-loss (step-mode): f1_steps=200, f2_steps=0, total_steps=200, train_problem_size=100, rollouts=100, batch_size=64, device=cuda:0, env=tsp
[2026-03-05 04:52:04,453] INFO:fitness.free_loss_fidelity: RL4CO free-loss step 1/200: score=36.122910 (avg=36.122910), loss=298643.437500 (avg=298643.437500), pairs_step=316800, pairs_total=316800
[2026-03-05 04:52:11,324] INFO:fitness.free_loss_fidelity: RL4CO free-loss step 20/200: score=10.067287 (avg=13.061025), loss=185553.437500 (avg=196179.465625), pairs_step=316800, pairs_total=6335997
[2026-03-05 04:52:18,612] INFO:fitness.free_loss_fidelity: RL4CO free-loss step 40/200: score=9.680799 (avg=11.452640), loss=173852.062500 (avg=187364.435938), pairs_step=316800, pairs_total=12671994
[2026-03-05 04:52:25,840] INFO:fitness.free_loss_fidelity: RL4CO free-loss step 60/200: score=9.457882 (avg=10.799166), loss=167321.781250 (avg=182482.350781), pairs_step=316799, pairs_total=19007988
[2026-03-05 04:52:33,058] INFO:fitness.free_loss_fidelity: RL4CO free-loss step 80/200: score=9.295815 (avg=10.439531), loss=168167.578125 (avg=178612.116797), pairs_step=316800, pairs_total=25343982
[2026-03-05 04:52:39,741] INFO:fitness.free_loss_fidelity: RL4CO free-loss step 100/200: score=9.197011 (avg=10.202264), loss=165854.156250 (avg=176308.206094), pairs_step=316800, pairs_total=31679977
[2026-03-05 04:52:47,063] INFO:fitness.free_loss_fidelity: RL4CO free-loss step 120/200: score=9.123930 (avg=10.032403), loss=163737.250000 (avg=174530.738021), pairs_step=316800, pairs_total=38015974
[2026-03-05 04:52:54,209] INFO:fitness.free_loss_fidelity: RL4CO free-loss step 140/200: score=9.126027 (avg=9.904419), loss=171280.250000 (avg=173183.238170), pairs_step=316799, pairs_total=44351971
[2026-03-05 04:53:01,486] INFO:fitness.free_loss_fidelity: RL4CO free-loss step 160/200: score=9.038266 (avg=9.800387), loss=164582.781250 (avg=172269.626660), pairs_step=316800, pairs_total=50687965
[2026-03-05 04:53:08,691] INFO:fitness.free_loss_fidelity: RL4CO free-loss step 180/200: score=8.995966 (avg=9.713485), loss=165160.125000 (avg=171625.366753), pairs_step=316799, pairs_total=57023964
[2026-03-05 04:53:15,447] INFO:fitness.free_loss_fidelity: RL4CO free-loss step 200/200: score=8.960547 (avg=9.639669), loss=168099.468750 (avg=171236.893594), pairs_step=316800, pairs_total=63359960
[2026-03-05 04:53:16,570] WARNING:fitness.free_loss_fidelity: weights_only checkpoint load failed (UnpicklingError); retrying weights_only=False for /data1/gushengda/eam-rl4co/baseline/epoch_135.ckpt
[2026-03-05 04:53:16,621] INFO:fitness.free_loss_fidelity: Loaded init checkpoint into policy: path=/data1/gushengda/eam-rl4co/baseline/epoch_135.ckpt prefix=policy. matched=97 missing=0 unexpected=0
[2026-03-05 04:53:16,628] INFO:fitness.free_loss_fidelity: RL4CO free-loss (step-mode): f1_steps=200, f2_steps=0, total_steps=200, train_problem_size=100, rollouts=100, batch_size=64, device=cuda:0, env=tsp
[2026-03-05 04:53:16,975] INFO:fitness.free_loss_fidelity: RL4CO free-loss step 1/200: score=7.803347 (avg=7.803347), loss=211320.093750 (avg=211320.093750), pairs_step=315697, pairs_total=315697
[2026-03-05 04:53:23,407] INFO:fitness.free_loss_fidelity: RL4CO free-loss step 20/200: score=7.781341 (avg=7.809985), loss=210308.500000 (avg=210389.978125), pairs_step=315857, pairs_total=6318170
[2026-03-05 04:53:30,376] INFO:fitness.free_loss_fidelity: RL4CO free-loss step 40/200: score=7.816437 (avg=7.802746), loss=209122.593750 (avg=209351.296875), pairs_step=316099, pairs_total=12636258
[2026-03-05 04:53:37,576] INFO:fitness.free_loss_fidelity: RL4CO free-loss step 60/200: score=7.816457 (avg=7.799211), loss=208432.359375 (avg=208518.878906), pairs_step=315910, pairs_total=18955020
[2026-03-05 04:53:44,775] INFO:fitness.free_loss_fidelity: RL4CO free-loss step 80/200: score=7.796479 (avg=7.798242), loss=203710.625000 (avg=207615.373438), pairs_step=316227, pairs_total=25276240
[2026-03-05 04:53:51,968] INFO:fitness.free_loss_fidelity: RL4CO free-loss step 100/200: score=7.757509 (avg=7.798449), loss=202213.328125 (avg=206618.592344), pairs_step=316268, pairs_total=31597639
[2026-03-05 04:53:59,066] INFO:fitness.free_loss_fidelity: RL4CO free-loss step 120/200: score=7.774620 (avg=7.799636), loss=200444.140625 (avg=205662.997526), pairs_step=316122, pairs_total=37920672
[2026-03-05 04:54:06,212] INFO:fitness.free_loss_fidelity: RL4CO free-loss step 140/200: score=7.826303 (avg=7.800338), loss=199745.078125 (avg=204738.226116), pairs_step=315950, pairs_total=44242160
[2026-03-05 04:54:13,435] INFO:fitness.free_loss_fidelity: RL4CO free-loss step 160/200: score=7.795243 (avg=7.799532), loss=195713.750000 (avg=203791.278418), pairs_step=316060, pairs_total=50563719
[2026-03-05 04:54:20,632] INFO:fitness.free_loss_fidelity: RL4CO free-loss step 180/200: score=7.780137 (avg=7.798532), loss=192777.500000 (avg=202870.661892), pairs_step=315931, pairs_total=56885875
[2026-03-05 04:54:27,826] INFO:fitness.free_loss_fidelity: RL4CO free-loss step 200/200: score=7.808736 (avg=7.797379), loss=189707.296875 (avg=201926.357500), pairs_step=316009, pairs_total=63208867
[2026-03-05 04:54:29,132] WARNING:fitness.free_loss_fidelity: weights_only checkpoint load failed (UnpicklingError); retrying weights_only=False for /data1/gushengda/eam-rl4co/baseline/epoch_409.ckpt
[2026-03-05 04:54:29,193] INFO:fitness.free_loss_fidelity: Loaded init checkpoint into policy: path=/data1/gushengda/eam-rl4co/baseline/epoch_409.ckpt prefix=policy. matched=97 missing=0 unexpected=0
[2026-03-05 04:54:29,199] INFO:fitness.free_loss_fidelity: RL4CO free-loss (step-mode): f1_steps=200, f2_steps=0, total_steps=200, train_problem_size=100, rollouts=100, batch_size=64, device=cuda:0, env=tsp
[2026-03-05 04:54:29,584] INFO:fitness.free_loss_fidelity: RL4CO free-loss step 1/200: score=7.807477 (avg=7.807477), loss=59510.234375 (avg=59510.234375), pairs_step=315750, pairs_total=315750
[2026-03-05 04:54:36,426] INFO:fitness.free_loss_fidelity: RL4CO free-loss step 20/200: score=7.782118 (avg=7.808719), loss=54006.203125 (avg=55555.710156), pairs_step=316052, pairs_total=6320344
