[2026-03-05 02:29:26,540] INFO:fitness.free_loss_fidelity: Stage3 offline mini-train start gen=1 pair_index=4 K=1000 seed=12345 valid_sizes=[100] baseline_json=baseline/mini_eval/baseline_minitrain_tsp100_K1000.json
[2026-03-05 02:29:32,490] INFO:fitness.free_loss_fidelity: RL4CO free-loss (step-mode): f1_steps=1000, f2_steps=0, total_steps=1000, train_problem_size=100, rollouts=100, batch_size=64, device=cuda:0, env=tsp
[2026-03-05 02:29:33,229] INFO:fitness.free_loss_fidelity: RL4CO free-loss step 1/1000: score=36.122910 (avg=36.122910), loss=29864.343750 (avg=29864.343750), pairs_step=316800, pairs_total=316800
[2026-03-05 02:30:10,245] INFO:fitness.free_loss_fidelity: RL4CO free-loss step 100/1000: score=9.205271 (avg=10.179497), loss=16465.628906 (avg=17544.804033), pairs_step=316798, pairs_total=31679983
[2026-03-05 02:30:47,512] INFO:fitness.free_loss_fidelity: RL4CO free-loss step 200/1000: score=8.951239 (avg=9.627990), loss=16292.775391 (avg=17035.517734), pairs_step=316800, pairs_total=63359967
[2026-03-05 02:31:24,740] INFO:fitness.free_loss_fidelity: RL4CO free-loss step 300/1000: score=8.724159 (avg=9.367152), loss=16919.384766 (avg=16950.398984), pairs_step=316799, pairs_total=95039939
[2026-03-05 02:32:01,948] INFO:fitness.free_loss_fidelity: RL4CO free-loss step 400/1000: score=8.639593 (avg=9.191593), loss=16627.894531 (avg=16959.878159), pairs_step=316800, pairs_total=126719916
[2026-03-05 02:32:39,144] INFO:fitness.free_loss_fidelity: RL4CO free-loss step 500/1000: score=8.461737 (avg=9.064663), loss=17152.162109 (avg=16979.382129), pairs_step=316800, pairs_total=158399882
[2026-03-05 02:33:16,345] INFO:fitness.free_loss_fidelity: RL4CO free-loss step 600/1000: score=8.422840 (avg=8.971089), loss=16915.394531 (avg=16991.822513), pairs_step=316800, pairs_total=190079845
[2026-03-05 02:33:53,565] INFO:fitness.free_loss_fidelity: RL4CO free-loss step 700/1000: score=8.465942 (avg=8.898897), loss=17189.177734 (avg=16992.248778), pairs_step=316799, pairs_total=221759810
[2026-03-05 02:34:31,073] INFO:fitness.free_loss_fidelity: RL4CO free-loss step 800/1000: score=8.439473 (avg=8.840058), loss=17163.562500 (avg=17007.555691), pairs_step=316800, pairs_total=253439780
[2026-03-05 02:35:08,367] INFO:fitness.free_loss_fidelity: RL4CO free-loss step 900/1000: score=8.417117 (avg=8.791348), loss=17178.988281 (avg=17015.763694), pairs_step=316799, pairs_total=285119739
[2026-03-05 02:35:45,643] INFO:fitness.free_loss_fidelity: RL4CO free-loss step 1000/1000: score=8.412390 (avg=8.750133), loss=17064.869141 (avg=17022.826135), pairs_step=316800, pairs_total=316799704
[2026-03-05 02:35:46,940] WARNING:fitness.free_loss_fidelity: weights_only checkpoint load failed (UnpicklingError); retrying weights_only=False for /data1/gushengda/eam-rl4co/baseline/epoch_135.ckpt
[2026-03-05 02:35:46,992] INFO:fitness.free_loss_fidelity: Loaded init checkpoint into policy: path=/data1/gushengda/eam-rl4co/baseline/epoch_135.ckpt prefix=policy. matched=97 missing=0 unexpected=0
[2026-03-05 02:35:46,998] INFO:fitness.free_loss_fidelity: RL4CO free-loss (step-mode): f1_steps=1000, f2_steps=0, total_steps=1000, train_problem_size=100, rollouts=100, batch_size=64, device=cuda:0, env=tsp
[2026-03-05 02:35:47,384] INFO:fitness.free_loss_fidelity: RL4CO free-loss step 1/1000: score=7.803347 (avg=7.803347), loss=21132.009766 (avg=21132.009766), pairs_step=315697, pairs_total=315697
[2026-03-05 02:36:24,346] INFO:fitness.free_loss_fidelity: RL4CO free-loss step 100/1000: score=7.753644 (avg=7.798553), loss=20304.265625 (avg=20687.748203), pairs_step=316136, pairs_total=31596788
[2026-03-05 02:37:01,674] INFO:fitness.free_loss_fidelity: RL4CO free-loss step 200/1000: score=7.809412 (avg=7.797684), loss=19126.339844 (avg=20350.895313), pairs_step=315923, pairs_total=63198923
[2026-03-05 02:37:39,016] INFO:fitness.free_loss_fidelity: RL4CO free-loss step 300/1000: score=7.812346 (avg=7.798428), loss=16618.240234 (avg=19753.776549), pairs_step=316145, pairs_total=94811021
[2026-03-05 02:38:16,353] INFO:fitness.free_loss_fidelity: RL4CO free-loss step 400/1000: score=7.820224 (avg=7.798139), loss=13731.060547 (avg=18554.542695), pairs_step=316128, pairs_total=126429447
[2026-03-05 02:38:53,911] INFO:fitness.free_loss_fidelity: RL4CO free-loss step 500/1000: score=7.776064 (avg=7.797070), loss=12623.161133 (avg=17430.469488), pairs_step=316029, pairs_total=158049925
[2026-03-05 02:39:31,247] INFO:fitness.free_loss_fidelity: RL4CO free-loss step 600/1000: score=7.762587 (avg=7.796442), loss=12188.478516 (avg=16635.669818), pairs_step=316234, pairs_total=189667077
[2026-03-05 02:40:08,590] INFO:fitness.free_loss_fidelity: RL4CO free-loss step 700/1000: score=7.805480 (avg=7.796228), loss=12264.428711 (avg=16049.663633), pairs_step=316193, pairs_total=221285508
[2026-03-05 02:40:45,928] INFO:fitness.free_loss_fidelity: RL4CO free-loss step 800/1000: score=7.791410 (avg=7.796198), loss=12332.373047 (avg=15591.780640), pairs_step=316143, pairs_total=252903874
[2026-03-05 02:41:23,269] INFO:fitness.free_loss_fidelity: RL4CO free-loss step 900/1000: score=7.830461 (avg=7.795744), loss=11590.130859 (avg=15224.401985), pairs_step=316238, pairs_total=284519732
[2026-03-05 02:42:00,807] INFO:fitness.free_loss_fidelity: RL4CO free-loss step 1000/1000: score=7.822851 (avg=7.795246), loss=12227.885742 (avg=14920.886703), pairs_step=316277, pairs_total=316135533
[2026-03-05 02:42:02,102] WARNING:fitness.free_loss_fidelity: weights_only checkpoint load failed (UnpicklingError); retrying weights_only=False for /data1/gushengda/eam-rl4co/baseline/epoch_409.ckpt
[2026-03-05 02:42:02,145] INFO:fitness.free_loss_fidelity: Loaded init checkpoint into policy: path=/data1/gushengda/eam-rl4co/baseline/epoch_409.ckpt prefix=policy. matched=97 missing=0 unexpected=0
[2026-03-05 02:42:02,152] INFO:fitness.free_loss_fidelity: RL4CO free-loss (step-mode): f1_steps=1000, f2_steps=0, total_steps=1000, train_problem_size=100, rollouts=100, batch_size=64, device=cuda:0, env=tsp
[2026-03-05 02:42:02,537] INFO:fitness.free_loss_fidelity: RL4CO free-loss step 1/1000: score=7.807477 (avg=7.807477), loss=5951.023438 (avg=5951.023438), pairs_step=315750, pairs_total=315750
[2026-03-05 02:42:39,522] INFO:fitness.free_loss_fidelity: RL4CO free-loss step 100/1000: score=7.753357 (avg=7.797451), loss=5841.392578 (avg=5700.531855), pairs_step=315995, pairs_total=31597389
[2026-03-05 02:43:16,826] INFO:fitness.free_loss_fidelity: RL4CO free-loss step 200/1000: score=7.811165 (avg=7.796707), loss=5729.008789 (avg=5752.719939), pairs_step=315714, pairs_total=63187056
[2026-03-05 02:43:54,137] INFO:fitness.free_loss_fidelity: RL4CO free-loss step 300/1000: score=7.800740 (avg=7.796847), loss=5840.238281 (avg=5762.598389), pairs_step=315683, pairs_total=94770193
[2026-03-05 02:44:31,439] INFO:fitness.free_loss_fidelity: RL4CO free-loss step 400/1000: score=7.816673 (avg=7.796129), loss=5728.895020 (avg=5752.950135), pairs_step=315727, pairs_total=126351396
[2026-03-05 02:45:08,949] INFO:fitness.free_loss_fidelity: RL4CO free-loss step 500/1000: score=7.771966 (avg=7.794801), loss=5837.107910 (avg=5756.989327), pairs_step=315691, pairs_total=157927008
[2026-03-05 02:45:46,286] INFO:fitness.free_loss_fidelity: RL4CO free-loss step 600/1000: score=7.749287 (avg=7.793920), loss=5570.977539 (avg=5736.259667), pairs_step=315321, pairs_total=189494962
[2026-03-05 02:46:23,634] INFO:fitness.free_loss_fidelity: RL4CO free-loss step 700/1000: score=7.801866 (avg=7.793453), loss=5523.185059 (avg=5717.758813), pairs_step=315812, pairs_total=221060049
[2026-03-05 02:47:00,977] INFO:fitness.free_loss_fidelity: RL4CO free-loss step 800/1000: score=7.788916 (avg=7.793203), loss=5283.595703 (avg=5683.851340), pairs_step=315602, pairs_total=252617187
[2026-03-05 02:47:38,318] INFO:fitness.free_loss_fidelity: RL4CO free-loss step 900/1000: score=7.822340 (avg=7.792551), loss=5516.805176 (avg=5644.980417), pairs_step=315638, pairs_total=284166484
[2026-03-05 02:48:15,662] INFO:fitness.free_loss_fidelity: RL4CO free-loss step 1000/1000: score=7.818418 (avg=7.791883), loss=5262.535156 (avg=5620.043208), pairs_step=315452, pairs_total=315705169
[2026-03-05 02:48:16,908] INFO:fitness.free_loss_fidelity: Stage3 offline mini-train DONE gen=1 pair_index=4 score=0.005652864774068196 any_error=False
