[2026-03-05 01:40:43,533] INFO:fitness.free_loss_fidelity: Stage3 offline mini-train start gen=0 pair_index=5 K=1000 seed=12345 valid_sizes=[100] baseline_json=baseline/mini_eval/baseline_minitrain_tsp100_K1000.json
[2026-03-05 01:40:49,134] INFO:fitness.free_loss_fidelity: RL4CO free-loss (step-mode): f1_steps=1000, f2_steps=0, total_steps=1000, train_problem_size=100, rollouts=100, batch_size=64, device=cuda:0, env=tsp
[2026-03-05 01:40:49,992] INFO:fitness.free_loss_fidelity: RL4CO free-loss step 1/1000: score=36.122910 (avg=36.122910), loss=0.849339 (avg=0.849339), pairs_step=316800, pairs_total=316800
[2026-03-05 01:41:21,544] INFO:fitness.free_loss_fidelity: RL4CO free-loss step 100/1000: score=9.253363 (avg=10.232927), loss=0.486134 (avg=0.519825), pairs_step=316800, pairs_total=31679982
[2026-03-05 01:41:53,304] INFO:fitness.free_loss_fidelity: RL4CO free-loss step 200/1000: score=9.018620 (avg=9.685320), loss=0.497597 (avg=0.506421), pairs_step=316800, pairs_total=63359953
[2026-03-05 01:42:25,381] INFO:fitness.free_loss_fidelity: RL4CO free-loss step 300/1000: score=8.785542 (avg=9.428375), loss=0.491250 (avg=0.503443), pairs_step=316800, pairs_total=95039931
[2026-03-05 01:42:57,539] INFO:fitness.free_loss_fidelity: RL4CO free-loss step 400/1000: score=8.699539 (avg=9.253005), loss=0.512616 (avg=0.504852), pairs_step=316798, pairs_total=126719892
[2026-03-05 01:43:29,720] INFO:fitness.free_loss_fidelity: RL4CO free-loss step 500/1000: score=8.557974 (avg=9.125561), loss=0.511297 (avg=0.505507), pairs_step=316800, pairs_total=158399852
[2026-03-05 01:44:02,017] INFO:fitness.free_loss_fidelity: RL4CO free-loss step 600/1000: score=8.483918 (avg=9.030725), loss=0.512511 (avg=0.506188), pairs_step=316799, pairs_total=190079822
[2026-03-05 01:44:34,146] INFO:fitness.free_loss_fidelity: RL4CO free-loss step 700/1000: score=8.517544 (avg=8.956698), loss=0.508334 (avg=0.506904), pairs_step=316800, pairs_total=221759781
[2026-03-05 01:45:06,130] INFO:fitness.free_loss_fidelity: RL4CO free-loss step 800/1000: score=8.449274 (avg=8.896645), loss=0.511669 (avg=0.507642), pairs_step=316799, pairs_total=253439748
[2026-03-05 01:45:37,958] INFO:fitness.free_loss_fidelity: RL4CO free-loss step 900/1000: score=8.458778 (avg=8.846454), loss=0.514401 (avg=0.508256), pairs_step=316800, pairs_total=285119718
[2026-03-05 01:46:09,788] INFO:fitness.free_loss_fidelity: RL4CO free-loss step 1000/1000: score=8.443932 (avg=8.803893), loss=0.520696 (avg=0.508914), pairs_step=316798, pairs_total=316799682
[2026-03-05 01:46:10,909] WARNING:fitness.free_loss_fidelity: weights_only checkpoint load failed (UnpicklingError); retrying weights_only=False for /data1/gushengda/eam-rl4co/baseline/epoch_135.ckpt
[2026-03-05 01:46:10,951] INFO:fitness.free_loss_fidelity: Loaded init checkpoint into policy: path=/data1/gushengda/eam-rl4co/baseline/epoch_135.ckpt prefix=policy. matched=97 missing=0 unexpected=0
[2026-03-05 01:46:10,956] INFO:fitness.free_loss_fidelity: RL4CO free-loss (step-mode): f1_steps=1000, f2_steps=0, total_steps=1000, train_problem_size=100, rollouts=100, batch_size=64, device=cuda:0, env=tsp
[2026-03-05 01:46:11,296] INFO:fitness.free_loss_fidelity: RL4CO free-loss step 1/1000: score=7.803347 (avg=7.803347), loss=0.662311 (avg=0.662311), pairs_step=315697, pairs_total=315697
[2026-03-05 01:46:42,816] INFO:fitness.free_loss_fidelity: RL4CO free-loss step 100/1000: score=7.762375 (avg=7.798823), loss=0.621555 (avg=0.640429), pairs_step=316273, pairs_total=31599286
[2026-03-05 01:47:14,681] INFO:fitness.free_loss_fidelity: RL4CO free-loss step 200/1000: score=7.810717 (avg=7.798054), loss=0.549687 (avg=0.616630), pairs_step=316001, pairs_total=63211241
[2026-03-05 01:47:46,530] INFO:fitness.free_loss_fidelity: RL4CO free-loss step 300/1000: score=7.809219 (avg=7.798635), loss=0.388184 (avg=0.569711), pairs_step=316228, pairs_total=94838304
[2026-03-05 01:48:18,403] INFO:fitness.free_loss_fidelity: RL4CO free-loss step 400/1000: score=7.817312 (avg=7.798271), loss=0.392383 (avg=0.525976), pairs_step=316237, pairs_total=126467198
[2026-03-05 01:48:50,430] INFO:fitness.free_loss_fidelity: RL4CO free-loss step 500/1000: score=7.779644 (avg=7.797335), loss=0.373304 (avg=0.497612), pairs_step=316369, pairs_total=158095142
[2026-03-05 01:49:22,269] INFO:fitness.free_loss_fidelity: RL4CO free-loss step 600/1000: score=7.760576 (avg=7.796653), loss=0.375491 (avg=0.478500), pairs_step=316133, pairs_total=189720808
[2026-03-05 01:49:54,130] INFO:fitness.free_loss_fidelity: RL4CO free-loss step 700/1000: score=7.806710 (avg=7.796419), loss=0.380896 (avg=0.463636), pairs_step=316131, pairs_total=221345040
[2026-03-05 01:50:25,991] INFO:fitness.free_loss_fidelity: RL4CO free-loss step 800/1000: score=7.791630 (avg=7.796323), loss=0.356709 (avg=0.451480), pairs_step=316233, pairs_total=252971450
[2026-03-05 01:50:57,832] INFO:fitness.free_loss_fidelity: RL4CO free-loss step 900/1000: score=7.827281 (avg=7.795931), loss=0.378727 (avg=0.442641), pairs_step=316177, pairs_total=284597542
[2026-03-05 01:51:29,879] INFO:fitness.free_loss_fidelity: RL4CO free-loss step 1000/1000: score=7.819651 (avg=7.795442), loss=0.354819 (avg=0.434892), pairs_step=316277, pairs_total=316224707
[2026-03-05 01:51:30,996] WARNING:fitness.free_loss_fidelity: weights_only checkpoint load failed (UnpicklingError); retrying weights_only=False for /data1/gushengda/eam-rl4co/baseline/epoch_409.ckpt
[2026-03-05 01:51:31,033] INFO:fitness.free_loss_fidelity: Loaded init checkpoint into policy: path=/data1/gushengda/eam-rl4co/baseline/epoch_409.ckpt prefix=policy. matched=97 missing=0 unexpected=0
[2026-03-05 01:51:31,038] INFO:fitness.free_loss_fidelity: RL4CO free-loss (step-mode): f1_steps=1000, f2_steps=0, total_steps=1000, train_problem_size=100, rollouts=100, batch_size=64, device=cuda:0, env=tsp
[2026-03-05 01:51:31,362] INFO:fitness.free_loss_fidelity: RL4CO free-loss step 1/1000: score=7.807477 (avg=7.807477), loss=0.184409 (avg=0.184409), pairs_step=315750, pairs_total=315750
[2026-03-05 01:52:02,912] INFO:fitness.free_loss_fidelity: RL4CO free-loss step 100/1000: score=7.758674 (avg=7.797150), loss=0.180940 (avg=0.172331), pairs_step=315930, pairs_total=31602574
[2026-03-05 01:52:34,801] INFO:fitness.free_loss_fidelity: RL4CO free-loss step 200/1000: score=7.809975 (avg=7.796130), loss=0.171040 (avg=0.174970), pairs_step=315675, pairs_total=63198864
[2026-03-05 01:53:06,679] INFO:fitness.free_loss_fidelity: RL4CO free-loss step 300/1000: score=7.800549 (avg=7.796191), loss=0.180878 (avg=0.174542), pairs_step=316084, pairs_total=94796196
[2026-03-05 01:53:38,586] INFO:fitness.free_loss_fidelity: RL4CO free-loss step 400/1000: score=7.816265 (avg=7.795651), loss=0.170221 (avg=0.174336), pairs_step=316036, pairs_total=126384377
[2026-03-05 01:54:10,665] INFO:fitness.free_loss_fidelity: RL4CO free-loss step 500/1000: score=7.769501 (avg=7.794389), loss=0.174469 (avg=0.173820), pairs_step=315990, pairs_total=157968186
[2026-03-05 01:54:42,545] INFO:fitness.free_loss_fidelity: RL4CO free-loss step 600/1000: score=7.748002 (avg=7.793319), loss=0.167797 (avg=0.172862), pairs_step=315458, pairs_total=189544185
[2026-03-05 01:55:14,413] INFO:fitness.free_loss_fidelity: RL4CO free-loss step 700/1000: score=7.805442 (avg=7.792864), loss=0.167688 (avg=0.171799), pairs_step=315573, pairs_total=221116974
[2026-03-05 01:55:46,278] INFO:fitness.free_loss_fidelity: RL4CO free-loss step 800/1000: score=7.784251 (avg=7.792541), loss=0.168036 (avg=0.171496), pairs_step=315853, pairs_total=252680921
[2026-03-05 01:56:18,153] INFO:fitness.free_loss_fidelity: RL4CO free-loss step 900/1000: score=7.824829 (avg=7.792003), loss=0.161016 (avg=0.171016), pairs_step=315910, pairs_total=284241799
[2026-03-05 01:56:50,052] INFO:fitness.free_loss_fidelity: RL4CO free-loss step 1000/1000: score=7.816737 (avg=7.791359), loss=0.172511 (avg=0.170895), pairs_step=315609, pairs_total=315787353
[2026-03-05 01:56:51,125] INFO:fitness.free_loss_fidelity: Stage3 offline mini-train DONE gen=0 pair_index=5 score=0.00456768274307251 any_error=False
