[2026-03-05 03:10:11,136] INFO:fitness.free_loss_fidelity: Stage3 offline mini-train start gen=2 pair_index=9 K=1000 seed=12345 valid_sizes=[100] baseline_json=baseline/mini_eval/baseline_minitrain_tsp100_K1000.json
[2026-03-05 03:10:16,924] INFO:fitness.free_loss_fidelity: RL4CO free-loss (step-mode): f1_steps=1000, f2_steps=0, total_steps=1000, train_problem_size=100, rollouts=100, batch_size=64, device=cuda:0, env=tsp
[2026-03-05 03:10:17,737] INFO:fitness.free_loss_fidelity: RL4CO free-loss step 1/1000: score=36.122910 (avg=36.122910), loss=-0.792716 (avg=-0.792716), pairs_step=316800, pairs_total=316800
[2026-03-05 03:10:53,235] INFO:fitness.free_loss_fidelity: RL4CO free-loss step 100/1000: score=9.327193 (avg=10.509363), loss=-0.634885 (avg=-0.627781), pairs_step=316800, pairs_total=31679986
[2026-03-05 03:11:29,460] INFO:fitness.free_loss_fidelity: RL4CO free-loss step 200/1000: score=9.114792 (avg=9.883846), loss=-0.583594 (avg=-0.620998), pairs_step=316800, pairs_total=63359963
[2026-03-05 03:12:05,185] INFO:fitness.free_loss_fidelity: RL4CO free-loss step 300/1000: score=8.852020 (avg=9.587314), loss=-0.566739 (avg=-0.607057), pairs_step=316800, pairs_total=95039936
[2026-03-05 03:12:41,069] INFO:fitness.free_loss_fidelity: RL4CO free-loss step 400/1000: score=8.733124 (avg=9.389445), loss=-0.520531 (avg=-0.592057), pairs_step=316800, pairs_total=126719906
[2026-03-05 03:13:17,466] INFO:fitness.free_loss_fidelity: RL4CO free-loss step 500/1000: score=8.589970 (avg=9.245767), loss=-0.528500 (avg=-0.579083), pairs_step=316800, pairs_total=158399879
[2026-03-05 03:13:54,471] INFO:fitness.free_loss_fidelity: RL4CO free-loss step 600/1000: score=8.540037 (avg=9.137612), loss=-0.512020 (avg=-0.568286), pairs_step=316799, pairs_total=190079837
[2026-03-05 03:14:30,509] INFO:fitness.free_loss_fidelity: RL4CO free-loss step 700/1000: score=8.542648 (avg=9.053402), loss=-0.502225 (avg=-0.559016), pairs_step=316800, pairs_total=221759801
[2026-03-05 03:15:02,928] INFO:fitness.free_loss_fidelity: RL4CO free-loss step 800/1000: score=8.481488 (avg=8.984935), loss=-0.496937 (avg=-0.550957), pairs_step=316800, pairs_total=253439763
[2026-03-05 03:15:34,722] INFO:fitness.free_loss_fidelity: RL4CO free-loss step 900/1000: score=8.516156 (avg=8.928483), loss=-0.490021 (avg=-0.543864), pairs_step=316798, pairs_total=285119731
[2026-03-05 03:16:06,579] INFO:fitness.free_loss_fidelity: RL4CO free-loss step 1000/1000: score=8.494758 (avg=8.880336), loss=-0.478274 (avg=-0.537696), pairs_step=316799, pairs_total=316799687
[2026-03-05 03:16:07,700] WARNING:fitness.free_loss_fidelity: weights_only checkpoint load failed (UnpicklingError); retrying weights_only=False for /data1/gushengda/eam-rl4co/baseline/epoch_135.ckpt
[2026-03-05 03:16:07,744] INFO:fitness.free_loss_fidelity: Loaded init checkpoint into policy: path=/data1/gushengda/eam-rl4co/baseline/epoch_135.ckpt prefix=policy. matched=97 missing=0 unexpected=0
[2026-03-05 03:16:07,750] INFO:fitness.free_loss_fidelity: RL4CO free-loss (step-mode): f1_steps=1000, f2_steps=0, total_steps=1000, train_problem_size=100, rollouts=100, batch_size=64, device=cuda:0, env=tsp
[2026-03-05 03:16:08,072] INFO:fitness.free_loss_fidelity: RL4CO free-loss step 1/1000: score=7.803347 (avg=7.803347), loss=-0.115931 (avg=-0.115931), pairs_step=315697, pairs_total=315697
[2026-03-05 03:16:39,649] INFO:fitness.free_loss_fidelity: RL4CO free-loss step 100/1000: score=7.758173 (avg=7.798387), loss=-0.270256 (avg=-0.178026), pairs_step=316130, pairs_total=31607257
[2026-03-05 03:17:11,505] INFO:fitness.free_loss_fidelity: RL4CO free-loss step 200/1000: score=7.816366 (avg=7.799074), loss=-0.723992 (avg=-0.372531), pairs_step=316292, pairs_total=63239809
[2026-03-05 03:17:43,381] INFO:fitness.free_loss_fidelity: RL4CO free-loss step 300/1000: score=7.813208 (avg=7.800606), loss=-0.764567 (avg=-0.495184), pairs_step=316323, pairs_total=94877650
[2026-03-05 03:18:15,815] INFO:fitness.free_loss_fidelity: RL4CO free-loss step 400/1000: score=7.820558 (avg=7.800829), loss=-0.891453 (avg=-0.569912), pairs_step=316484, pairs_total=126514132
[2026-03-05 03:18:47,848] INFO:fitness.free_loss_fidelity: RL4CO free-loss step 500/1000: score=7.778109 (avg=7.799958), loss=-0.791514 (avg=-0.616348), pairs_step=316504, pairs_total=158152158
[2026-03-05 03:19:19,683] INFO:fitness.free_loss_fidelity: RL4CO free-loss step 600/1000: score=7.759762 (avg=7.799330), loss=-0.823182 (avg=-0.652261), pairs_step=316323, pairs_total=189788744
[2026-03-05 03:19:51,544] INFO:fitness.free_loss_fidelity: RL4CO free-loss step 700/1000: score=7.810347 (avg=7.799218), loss=-0.834269 (avg=-0.681967), pairs_step=316331, pairs_total=221424918
[2026-03-05 03:20:23,406] INFO:fitness.free_loss_fidelity: RL4CO free-loss step 800/1000: score=7.796758 (avg=7.799166), loss=-0.833683 (avg=-0.701659), pairs_step=316225, pairs_total=253061262
[2026-03-05 03:20:55,205] INFO:fitness.free_loss_fidelity: RL4CO free-loss step 900/1000: score=7.833065 (avg=7.798818), loss=-0.836900 (avg=-0.718252), pairs_step=316325, pairs_total=284695843
[2026-03-05 03:21:27,072] INFO:fitness.free_loss_fidelity: RL4CO free-loss step 1000/1000: score=7.825404 (avg=7.798315), loss=-0.841138 (avg=-0.734968), pairs_step=316384, pairs_total=316330386
[2026-03-05 03:21:28,184] WARNING:fitness.free_loss_fidelity: weights_only checkpoint load failed (UnpicklingError); retrying weights_only=False for /data1/gushengda/eam-rl4co/baseline/epoch_409.ckpt
[2026-03-05 03:21:28,221] INFO:fitness.free_loss_fidelity: Loaded init checkpoint into policy: path=/data1/gushengda/eam-rl4co/baseline/epoch_409.ckpt prefix=policy. matched=97 missing=0 unexpected=0
[2026-03-05 03:21:28,227] INFO:fitness.free_loss_fidelity: RL4CO free-loss (step-mode): f1_steps=1000, f2_steps=0, total_steps=1000, train_problem_size=100, rollouts=100, batch_size=64, device=cuda:0, env=tsp
[2026-03-05 03:21:28,547] INFO:fitness.free_loss_fidelity: RL4CO free-loss step 1/1000: score=7.807477 (avg=7.807477), loss=-1.374106 (avg=-1.374106), pairs_step=315750, pairs_total=315750
[2026-03-05 03:21:59,926] INFO:fitness.free_loss_fidelity: RL4CO free-loss step 100/1000: score=7.753380 (avg=7.798174), loss=-1.443653 (avg=-1.456376), pairs_step=315918, pairs_total=31599563
[2026-03-05 03:22:31,609] INFO:fitness.free_loss_fidelity: RL4CO free-loss step 200/1000: score=7.817447 (avg=7.797116), loss=-1.513067 (avg=-1.466242), pairs_step=315734, pairs_total=63191125
[2026-03-05 03:23:03,309] INFO:fitness.free_loss_fidelity: RL4CO free-loss step 300/1000: score=7.803202 (avg=7.797109), loss=-1.482143 (avg=-1.467020), pairs_step=315691, pairs_total=94781407
[2026-03-05 03:23:35,011] INFO:fitness.free_loss_fidelity: RL4CO free-loss step 400/1000: score=7.817597 (avg=7.796636), loss=-1.542383 (avg=-1.477044), pairs_step=315768, pairs_total=126376005
[2026-03-05 03:24:06,908] INFO:fitness.free_loss_fidelity: RL4CO free-loss step 500/1000: score=7.769343 (avg=7.795417), loss=-1.487206 (avg=-1.485968), pairs_step=316154, pairs_total=157960229
[2026-03-05 03:24:41,115] INFO:fitness.free_loss_fidelity: RL4CO free-loss step 600/1000: score=7.751145 (avg=7.794427), loss=-1.522325 (avg=-1.497104), pairs_step=315561, pairs_total=189534957
[2026-03-05 03:25:15,449] INFO:fitness.free_loss_fidelity: RL4CO free-loss step 700/1000: score=7.803178 (avg=7.794160), loss=-1.521860 (avg=-1.505633), pairs_step=315331, pairs_total=221108369
[2026-03-05 03:25:47,949] INFO:fitness.free_loss_fidelity: RL4CO free-loss step 800/1000: score=7.784613 (avg=7.793944), loss=-1.496033 (avg=-1.504447), pairs_step=315605, pairs_total=252664436
[2026-03-05 03:26:21,543] INFO:fitness.free_loss_fidelity: RL4CO free-loss step 900/1000: score=7.828469 (avg=7.793436), loss=-1.567349 (avg=-1.507465), pairs_step=315756, pairs_total=284221817
[2026-03-05 03:26:57,491] INFO:fitness.free_loss_fidelity: RL4CO free-loss step 1000/1000: score=7.821404 (avg=7.792854), loss=-1.478690 (avg=-1.508339), pairs_step=315519, pairs_total=315771358
[2026-03-05 03:26:58,561] INFO:fitness.free_loss_fidelity: Stage3 offline mini-train DONE gen=2 pair_index=9 score=0.001003543535868327 any_error=False
