[2026-03-05 03:10:11,158] INFO:fitness.free_loss_fidelity: Stage3 offline mini-train start gen=2 pair_index=17 K=1000 seed=12345 valid_sizes=[100] baseline_json=baseline/mini_eval/baseline_minitrain_tsp100_K1000.json
[2026-03-05 03:10:17,202] INFO:fitness.free_loss_fidelity: RL4CO free-loss (step-mode): f1_steps=1000, f2_steps=0, total_steps=1000, train_problem_size=100, rollouts=100, batch_size=64, device=cuda:0, env=tsp
[2026-03-05 03:10:17,944] INFO:fitness.free_loss_fidelity: RL4CO free-loss step 1/1000: score=36.122910 (avg=36.122910), loss=0.513092 (avg=0.513092), pairs_step=316800, pairs_total=316800
[2026-03-05 03:10:51,775] INFO:fitness.free_loss_fidelity: RL4CO free-loss step 100/1000: score=8.842698 (avg=9.850377), loss=0.515703 (avg=0.522323), pairs_step=316800, pairs_total=31679976
[2026-03-05 03:11:25,734] INFO:fitness.free_loss_fidelity: RL4CO free-loss step 200/1000: score=8.544001 (avg=9.263893), loss=0.543693 (avg=0.528456), pairs_step=316800, pairs_total=63359939
[2026-03-05 03:11:59,701] INFO:fitness.free_loss_fidelity: RL4CO free-loss step 300/1000: score=8.385365 (avg=8.994862), loss=0.550438 (avg=0.535533), pairs_step=316800, pairs_total=95039898
[2026-03-05 03:12:33,612] INFO:fitness.free_loss_fidelity: RL4CO free-loss step 400/1000: score=8.353966 (avg=8.831628), loss=0.563649 (avg=0.541549), pairs_step=316800, pairs_total=126719862
[2026-03-05 03:13:07,562] INFO:fitness.free_loss_fidelity: RL4CO free-loss step 500/1000: score=8.218539 (avg=8.719933), loss=0.564327 (avg=0.546240), pairs_step=316799, pairs_total=158399829
[2026-03-05 03:13:41,530] INFO:fitness.free_loss_fidelity: RL4CO free-loss step 600/1000: score=8.183140 (avg=8.639497), loss=0.567603 (avg=0.549810), pairs_step=316800, pairs_total=190079784
[2026-03-05 03:14:15,455] INFO:fitness.free_loss_fidelity: RL4CO free-loss step 700/1000: score=8.210794 (avg=8.578670), loss=0.571906 (avg=0.552674), pairs_step=316799, pairs_total=221759757
[2026-03-05 03:14:49,629] INFO:fitness.free_loss_fidelity: RL4CO free-loss step 800/1000: score=8.184579 (avg=8.530987), loss=0.578337 (avg=0.555048), pairs_step=316800, pairs_total=253439710
[2026-03-05 03:15:23,580] INFO:fitness.free_loss_fidelity: RL4CO free-loss step 900/1000: score=8.202265 (avg=8.492071), loss=0.574268 (avg=0.557113), pairs_step=316800, pairs_total=285119674
[2026-03-05 03:15:57,625] INFO:fitness.free_loss_fidelity: RL4CO free-loss step 1000/1000: score=8.175894 (avg=8.459411), loss=0.576338 (avg=0.558972), pairs_step=316799, pairs_total=316799642
[2026-03-05 03:15:58,744] WARNING:fitness.free_loss_fidelity: weights_only checkpoint load failed (UnpicklingError); retrying weights_only=False for /data1/gushengda/eam-rl4co/baseline/epoch_135.ckpt
[2026-03-05 03:15:58,787] INFO:fitness.free_loss_fidelity: Loaded init checkpoint into policy: path=/data1/gushengda/eam-rl4co/baseline/epoch_135.ckpt prefix=policy. matched=97 missing=0 unexpected=0
[2026-03-05 03:15:58,793] INFO:fitness.free_loss_fidelity: RL4CO free-loss (step-mode): f1_steps=1000, f2_steps=0, total_steps=1000, train_problem_size=100, rollouts=100, batch_size=64, device=cuda:0, env=tsp
[2026-03-05 03:15:59,151] INFO:fitness.free_loss_fidelity: RL4CO free-loss step 1/1000: score=7.803347 (avg=7.803347), loss=0.656630 (avg=0.656630), pairs_step=315697, pairs_total=315697
[2026-03-05 03:16:32,779] INFO:fitness.free_loss_fidelity: RL4CO free-loss step 100/1000: score=7.753281 (avg=7.798247), loss=0.658102 (avg=0.655592), pairs_step=315714, pairs_total=31573318
[2026-03-05 03:17:06,737] INFO:fitness.free_loss_fidelity: RL4CO free-loss step 200/1000: score=7.807862 (avg=7.797985), loss=0.648202 (avg=0.655445), pairs_step=315368, pairs_total=63135640
[2026-03-05 03:17:40,786] INFO:fitness.free_loss_fidelity: RL4CO free-loss step 300/1000: score=7.811308 (avg=7.799044), loss=0.652420 (avg=0.654395), pairs_step=315025, pairs_total=94692016
[2026-03-05 03:18:14,830] INFO:fitness.free_loss_fidelity: RL4CO free-loss step 400/1000: score=7.818867 (avg=7.798883), loss=0.649896 (avg=0.653177), pairs_step=314677, pairs_total=126239174
[2026-03-05 03:18:48,971] INFO:fitness.free_loss_fidelity: RL4CO free-loss step 500/1000: score=7.780335 (avg=7.797870), loss=0.634199 (avg=0.651743), pairs_step=315541, pairs_total=157784212
[2026-03-05 03:19:22,956] INFO:fitness.free_loss_fidelity: RL4CO free-loss step 600/1000: score=7.758328 (avg=7.797140), loss=0.628855 (avg=0.649351), pairs_step=315441, pairs_total=189320980
[2026-03-05 03:19:56,973] INFO:fitness.free_loss_fidelity: RL4CO free-loss step 700/1000: score=7.809812 (avg=7.797045), loss=0.445139 (avg=0.634300), pairs_step=315601, pairs_total=220864398
[2026-03-05 03:20:30,955] INFO:fitness.free_loss_fidelity: RL4CO free-loss step 800/1000: score=7.791610 (avg=7.796980), loss=0.383973 (avg=0.603205), pairs_step=315662, pairs_total=252418316
[2026-03-05 03:21:04,929] INFO:fitness.free_loss_fidelity: RL4CO free-loss step 900/1000: score=7.833204 (avg=7.796647), loss=0.358723 (avg=0.575621), pairs_step=315852, pairs_total=283972822
[2026-03-05 03:21:39,019] INFO:fitness.free_loss_fidelity: RL4CO free-loss step 1000/1000: score=7.824353 (avg=7.796160), loss=0.329709 (avg=0.552156), pairs_step=315736, pairs_total=315528876
[2026-03-05 03:21:40,131] WARNING:fitness.free_loss_fidelity: weights_only checkpoint load failed (UnpicklingError); retrying weights_only=False for /data1/gushengda/eam-rl4co/baseline/epoch_409.ckpt
[2026-03-05 03:21:40,169] INFO:fitness.free_loss_fidelity: Loaded init checkpoint into policy: path=/data1/gushengda/eam-rl4co/baseline/epoch_409.ckpt prefix=policy. matched=97 missing=0 unexpected=0
[2026-03-05 03:21:40,174] INFO:fitness.free_loss_fidelity: RL4CO free-loss (step-mode): f1_steps=1000, f2_steps=0, total_steps=1000, train_problem_size=100, rollouts=100, batch_size=64, device=cuda:0, env=tsp
[2026-03-05 03:21:40,529] INFO:fitness.free_loss_fidelity: RL4CO free-loss step 1/1000: score=7.807477 (avg=7.807477), loss=0.200346 (avg=0.200346), pairs_step=315750, pairs_total=315750
[2026-03-05 03:22:14,244] INFO:fitness.free_loss_fidelity: RL4CO free-loss step 100/1000: score=7.754748 (avg=7.798508), loss=0.180306 (avg=0.182997), pairs_step=315955, pairs_total=31588818
[2026-03-05 03:22:48,213] INFO:fitness.free_loss_fidelity: RL4CO free-loss step 200/1000: score=7.810014 (avg=7.797213), loss=0.173605 (avg=0.177894), pairs_step=315583, pairs_total=63168394
[2026-03-05 03:23:22,204] INFO:fitness.free_loss_fidelity: RL4CO free-loss step 300/1000: score=7.807725 (avg=7.797683), loss=0.177801 (avg=0.177139), pairs_step=315378, pairs_total=94739330
[2026-03-05 03:23:56,199] INFO:fitness.free_loss_fidelity: RL4CO free-loss step 400/1000: score=7.818931 (avg=7.797255), loss=0.169960 (avg=0.176726), pairs_step=315624, pairs_total=126299420
[2026-03-05 03:24:30,350] INFO:fitness.free_loss_fidelity: RL4CO free-loss step 500/1000: score=7.768579 (avg=7.796103), loss=0.171085 (avg=0.175963), pairs_step=315499, pairs_total=157854417
[2026-03-05 03:25:04,339] INFO:fitness.free_loss_fidelity: RL4CO free-loss step 600/1000: score=7.749182 (avg=7.795319), loss=0.165965 (avg=0.174439), pairs_step=315095, pairs_total=189395587
[2026-03-05 03:25:38,316] INFO:fitness.free_loss_fidelity: RL4CO free-loss step 700/1000: score=7.803342 (avg=7.794931), loss=0.167456 (avg=0.173051), pairs_step=315335, pairs_total=220935662
[2026-03-05 03:26:12,352] INFO:fitness.free_loss_fidelity: RL4CO free-loss step 800/1000: score=7.789019 (avg=7.794637), loss=0.159662 (avg=0.171931), pairs_step=315596, pairs_total=252471310
[2026-03-05 03:26:46,512] INFO:fitness.free_loss_fidelity: RL4CO free-loss step 900/1000: score=7.826899 (avg=7.794073), loss=0.161110 (avg=0.171423), pairs_step=315927, pairs_total=283993382
[2026-03-05 03:27:19,422] INFO:fitness.free_loss_fidelity: RL4CO free-loss step 1000/1000: score=7.820333 (avg=7.793444), loss=0.151921 (avg=0.170364), pairs_step=314896, pairs_total=315513993
[2026-03-05 03:27:20,492] INFO:fitness.free_loss_fidelity: Stage3 offline mini-train DONE gen=2 pair_index=17 score=0.002578477064768473 any_error=False
