[2026-03-05 04:06:48,043] INFO:fitness.free_loss_fidelity: Stage3 offline mini-train start gen=3 pair_index=9 K=1000 seed=12345 valid_sizes=[100] baseline_json=baseline/mini_eval/baseline_minitrain_tsp100_K1000.json
[2026-03-05 04:06:53,777] INFO:fitness.free_loss_fidelity: RL4CO free-loss (step-mode): f1_steps=1000, f2_steps=0, total_steps=1000, train_problem_size=100, rollouts=100, batch_size=64, device=cuda:0, env=tsp
[2026-03-05 04:06:54,619] INFO:fitness.free_loss_fidelity: RL4CO free-loss step 1/1000: score=36.122910 (avg=36.122910), loss=101529.484375 (avg=101529.484375), pairs_step=316800, pairs_total=316800
[2026-03-05 04:07:26,857] INFO:fitness.free_loss_fidelity: RL4CO free-loss step 100/1000: score=8.821198 (avg=9.917363), loss=149968.062500 (avg=146194.730703), pairs_step=316799, pairs_total=31679982
[2026-03-05 04:07:59,220] INFO:fitness.free_loss_fidelity: RL4CO free-loss step 200/1000: score=8.642008 (avg=9.310956), loss=161155.531250 (avg=151603.921367), pairs_step=316799, pairs_total=63359955
[2026-03-05 04:08:31,681] INFO:fitness.free_loss_fidelity: RL4CO free-loss step 300/1000: score=8.452917 (avg=9.039280), loss=167317.593750 (avg=155616.585651), pairs_step=316799, pairs_total=95039931
[2026-03-05 04:09:04,204] INFO:fitness.free_loss_fidelity: RL4CO free-loss step 400/1000: score=8.341016 (avg=8.875449), loss=170131.640625 (avg=158697.486621), pairs_step=316800, pairs_total=126719901
[2026-03-05 04:09:36,830] INFO:fitness.free_loss_fidelity: RL4CO free-loss step 500/1000: score=8.265846 (avg=8.763139), loss=172839.906250 (avg=161098.109734), pairs_step=316800, pairs_total=158399865
[2026-03-05 04:10:09,403] INFO:fitness.free_loss_fidelity: RL4CO free-loss step 600/1000: score=8.207886 (avg=8.681106), loss=173650.437500 (avg=163043.817643), pairs_step=316800, pairs_total=190079842
[2026-03-05 04:10:41,961] INFO:fitness.free_loss_fidelity: RL4CO free-loss step 700/1000: score=8.252553 (avg=8.618941), loss=174059.000000 (avg=164580.435971), pairs_step=316800, pairs_total=221759801
[2026-03-05 04:11:14,816] INFO:fitness.free_loss_fidelity: RL4CO free-loss step 800/1000: score=8.192199 (avg=8.570134), loss=175528.250000 (avg=165791.037686), pairs_step=316800, pairs_total=253439763
[2026-03-05 04:11:47,433] INFO:fitness.free_loss_fidelity: RL4CO free-loss step 900/1000: score=8.224177 (avg=8.529822), loss=175703.187500 (avg=166842.839870), pairs_step=316799, pairs_total=285119730
[2026-03-05 04:12:20,057] INFO:fitness.free_loss_fidelity: RL4CO free-loss step 1000/1000: score=8.232641 (avg=8.496534), loss=177141.031250 (avg=167724.331148), pairs_step=316800, pairs_total=316799691
[2026-03-05 04:12:21,176] WARNING:fitness.free_loss_fidelity: weights_only checkpoint load failed (UnpicklingError); retrying weights_only=False for /data1/gushengda/eam-rl4co/baseline/epoch_135.ckpt
[2026-03-05 04:12:21,221] INFO:fitness.free_loss_fidelity: Loaded init checkpoint into policy: path=/data1/gushengda/eam-rl4co/baseline/epoch_135.ckpt prefix=policy. matched=97 missing=0 unexpected=0
[2026-03-05 04:12:21,227] INFO:fitness.free_loss_fidelity: RL4CO free-loss (step-mode): f1_steps=1000, f2_steps=0, total_steps=1000, train_problem_size=100, rollouts=100, batch_size=64, device=cuda:0, env=tsp
[2026-03-05 04:12:21,569] INFO:fitness.free_loss_fidelity: RL4CO free-loss step 1/1000: score=7.803347 (avg=7.803347), loss=208831.750000 (avg=208831.750000), pairs_step=315697, pairs_total=315697
[2026-03-05 04:12:53,770] INFO:fitness.free_loss_fidelity: RL4CO free-loss step 100/1000: score=7.757767 (avg=7.798357), loss=204874.406250 (avg=206263.590156), pairs_step=315786, pairs_total=31579070
[2026-03-05 04:13:26,181] INFO:fitness.free_loss_fidelity: RL4CO free-loss step 200/1000: score=7.810017 (avg=7.797750), loss=177581.812500 (avg=200573.713906), pairs_step=315598, pairs_total=63151258
[2026-03-05 04:13:58,929] INFO:fitness.free_loss_fidelity: RL4CO free-loss step 300/1000: score=7.808207 (avg=7.798959), loss=111510.109375 (avg=181878.583151), pairs_step=315857, pairs_total=94736174
[2026-03-05 04:14:31,600] INFO:fitness.free_loss_fidelity: RL4CO free-loss step 400/1000: score=7.820124 (avg=7.799144), loss=87620.734375 (avg=162156.827715), pairs_step=315972, pairs_total=126329170
[2026-03-05 04:15:04,499] INFO:fitness.free_loss_fidelity: RL4CO free-loss step 500/1000: score=7.781928 (avg=7.798267), loss=98031.062500 (avg=148241.515359), pairs_step=315857, pairs_total=157921439
[2026-03-05 04:15:37,193] INFO:fitness.free_loss_fidelity: RL4CO free-loss step 600/1000: score=7.759227 (avg=7.797693), loss=83235.726562 (avg=138323.864779), pairs_step=316109, pairs_total=189511425
[2026-03-05 04:16:09,660] INFO:fitness.free_loss_fidelity: RL4CO free-loss step 700/1000: score=7.807975 (avg=7.797581), loss=86748.257812 (avg=130500.444208), pairs_step=315754, pairs_total=221104619
[2026-03-05 04:16:42,093] INFO:fitness.free_loss_fidelity: RL4CO free-loss step 800/1000: score=7.791408 (avg=7.797650), loss=81532.218750 (avg=124313.006787), pairs_step=315965, pairs_total=252701888
[2026-03-05 04:17:14,504] INFO:fitness.free_loss_fidelity: RL4CO free-loss step 900/1000: score=7.826256 (avg=7.797346), loss=83741.679688 (avg=119541.891337), pairs_step=316111, pairs_total=284299142
[2026-03-05 04:17:47,290] INFO:fitness.free_loss_fidelity: RL4CO free-loss step 1000/1000: score=7.823548 (avg=7.796913), loss=84349.250000 (avg=115771.007820), pairs_step=315959, pairs_total=315894526
[2026-03-05 04:17:48,408] WARNING:fitness.free_loss_fidelity: weights_only checkpoint load failed (UnpicklingError); retrying weights_only=False for /data1/gushengda/eam-rl4co/baseline/epoch_409.ckpt
[2026-03-05 04:17:48,447] INFO:fitness.free_loss_fidelity: Loaded init checkpoint into policy: path=/data1/gushengda/eam-rl4co/baseline/epoch_409.ckpt prefix=policy. matched=97 missing=0 unexpected=0
[2026-03-05 04:17:48,453] INFO:fitness.free_loss_fidelity: RL4CO free-loss (step-mode): f1_steps=1000, f2_steps=0, total_steps=1000, train_problem_size=100, rollouts=100, batch_size=64, device=cuda:0, env=tsp
[2026-03-05 04:17:48,792] INFO:fitness.free_loss_fidelity: RL4CO free-loss step 1/1000: score=7.807477 (avg=7.807477), loss=58794.437500 (avg=58794.437500), pairs_step=315750, pairs_total=315750
[2026-03-05 04:18:20,970] INFO:fitness.free_loss_fidelity: RL4CO free-loss step 100/1000: score=7.754657 (avg=7.798002), loss=54564.710938 (avg=54247.652734), pairs_step=315903, pairs_total=31585973
[2026-03-05 04:18:53,502] INFO:fitness.free_loss_fidelity: RL4CO free-loss step 200/1000: score=7.815224 (avg=7.797242), loss=51981.621094 (avg=53760.154805), pairs_step=315325, pairs_total=63158788
[2026-03-05 04:19:26,089] INFO:fitness.free_loss_fidelity: RL4CO free-loss step 300/1000: score=7.806444 (avg=7.797525), loss=47903.074219 (avg=52331.096914), pairs_step=315709, pairs_total=94727464
[2026-03-05 04:19:58,680] INFO:fitness.free_loss_fidelity: RL4CO free-loss step 400/1000: score=7.817846 (avg=7.796942), loss=49299.046875 (avg=51234.238242), pairs_step=315908, pairs_total=126289013
[2026-03-05 04:20:31,558] INFO:fitness.free_loss_fidelity: RL4CO free-loss step 500/1000: score=7.771441 (avg=7.795833), loss=48925.113281 (avg=50921.379281), pairs_step=315964, pairs_total=157837413
[2026-03-05 04:21:04,250] INFO:fitness.free_loss_fidelity: RL4CO free-loss step 600/1000: score=7.752027 (avg=7.794909), loss=47340.328125 (avg=50337.278561), pairs_step=314948, pairs_total=189384020
[2026-03-05 04:21:36,901] INFO:fitness.free_loss_fidelity: RL4CO free-loss step 700/1000: score=7.804212 (avg=7.794474), loss=47175.023438 (avg=49813.127132), pairs_step=314944, pairs_total=220914199
[2026-03-05 04:22:09,630] INFO:fitness.free_loss_fidelity: RL4CO free-loss step 800/1000: score=7.786406 (avg=7.794201), loss=48962.320312 (avg=49486.699585), pairs_step=315145, pairs_total=252440009
[2026-03-05 04:22:42,235] INFO:fitness.free_loss_fidelity: RL4CO free-loss step 900/1000: score=7.828251 (avg=7.793747), loss=46496.054688 (avg=49250.838789), pairs_step=315517, pairs_total=283954853
[2026-03-05 04:23:14,609] INFO:fitness.free_loss_fidelity: RL4CO free-loss step 1000/1000: score=7.820596 (avg=7.793134), loss=46487.792969 (avg=49002.788992), pairs_step=314819, pairs_total=315464065
[2026-03-05 04:23:15,683] INFO:fitness.free_loss_fidelity: Stage3 offline mini-train DONE gen=3 pair_index=9 score=0.001568615436553955 any_error=False
