[2026-03-05 02:56:05,005] INFO:fitness.free_loss_fidelity: Stage3 offline mini-train start gen=2 pair_index=3 K=200 seed=12345 valid_sizes=[100] baseline_json=baseline/mini_eval/baseline_minitrain_tsp100_K200.json
[2026-03-05 02:56:10,961] INFO:fitness.free_loss_fidelity: RL4CO free-loss (step-mode): f1_steps=200, f2_steps=0, total_steps=200, train_problem_size=100, rollouts=100, batch_size=64, device=cuda:0, env=tsp
[2026-03-05 02:56:11,728] INFO:fitness.free_loss_fidelity: RL4CO free-loss step 1/200: score=36.122910 (avg=36.122910), loss=0.942688 (avg=0.942688), pairs_step=316800, pairs_total=316800
[2026-03-05 02:56:18,695] INFO:fitness.free_loss_fidelity: RL4CO free-loss step 20/200: score=10.030892 (avg=13.078132), loss=0.574393 (avg=0.619413), pairs_step=316799, pairs_total=6335998
[2026-03-05 02:56:25,548] INFO:fitness.free_loss_fidelity: RL4CO free-loss step 40/200: score=9.589348 (avg=11.435213), loss=0.556993 (avg=0.590235), pairs_step=316800, pairs_total=12671995
[2026-03-05 02:56:32,071] INFO:fitness.free_loss_fidelity: RL4CO free-loss step 60/200: score=9.408402 (avg=10.780241), loss=0.543922 (avg=0.576241), pairs_step=316799, pairs_total=19007989
[2026-03-05 02:56:38,317] INFO:fitness.free_loss_fidelity: RL4CO free-loss step 80/200: score=9.323965 (avg=10.421433), loss=0.516418 (avg=0.564441), pairs_step=316800, pairs_total=25343985
[2026-03-05 02:56:44,562] INFO:fitness.free_loss_fidelity: RL4CO free-loss step 100/200: score=9.143507 (avg=10.189509), loss=0.524293 (avg=0.556066), pairs_step=316800, pairs_total=31679981
[2026-03-05 02:56:50,814] INFO:fitness.free_loss_fidelity: RL4CO free-loss step 120/200: score=9.159203 (avg=10.023349), loss=0.523713 (avg=0.550542), pairs_step=316800, pairs_total=38015974
[2026-03-05 02:56:57,062] INFO:fitness.free_loss_fidelity: RL4CO free-loss step 140/200: score=9.127882 (avg=9.896377), loss=0.512042 (avg=0.546797), pairs_step=316799, pairs_total=44351968
[2026-03-05 02:57:03,323] INFO:fitness.free_loss_fidelity: RL4CO free-loss step 160/200: score=9.075911 (avg=9.795783), loss=0.520745 (avg=0.543527), pairs_step=316799, pairs_total=50687961
[2026-03-05 02:57:09,615] INFO:fitness.free_loss_fidelity: RL4CO free-loss step 180/200: score=8.992904 (avg=9.710270), loss=0.521762 (avg=0.541285), pairs_step=316800, pairs_total=57023958
[2026-03-05 02:57:15,839] INFO:fitness.free_loss_fidelity: RL4CO free-loss step 200/200: score=8.947138 (avg=9.636684), loss=0.530982 (avg=0.540102), pairs_step=316800, pairs_total=63359955
[2026-03-05 02:57:16,937] WARNING:fitness.free_loss_fidelity: weights_only checkpoint load failed (UnpicklingError); retrying weights_only=False for /data1/gushengda/eam-rl4co/baseline/epoch_135.ckpt
[2026-03-05 02:57:16,980] INFO:fitness.free_loss_fidelity: Loaded init checkpoint into policy: path=/data1/gushengda/eam-rl4co/baseline/epoch_135.ckpt prefix=policy. matched=97 missing=0 unexpected=0
[2026-03-05 02:57:16,985] INFO:fitness.free_loss_fidelity: RL4CO free-loss (step-mode): f1_steps=200, f2_steps=0, total_steps=200, train_problem_size=100, rollouts=100, batch_size=64, device=cuda:0, env=tsp
[2026-03-05 02:57:17,311] INFO:fitness.free_loss_fidelity: RL4CO free-loss step 1/200: score=7.803347 (avg=7.803347), loss=0.669376 (avg=0.669376), pairs_step=315697, pairs_total=315697
[2026-03-05 02:57:23,245] INFO:fitness.free_loss_fidelity: RL4CO free-loss step 20/200: score=7.780428 (avg=7.809349), loss=0.664992 (avg=0.665444), pairs_step=315939, pairs_total=6318216
[2026-03-05 02:57:29,486] INFO:fitness.free_loss_fidelity: RL4CO free-loss step 40/200: score=7.821917 (avg=7.803338), loss=0.659936 (avg=0.662308), pairs_step=315980, pairs_total=12636670
[2026-03-05 02:57:35,748] INFO:fitness.free_loss_fidelity: RL4CO free-loss step 60/200: score=7.814141 (avg=7.799559), loss=0.651194 (avg=0.658716), pairs_step=316027, pairs_total=18955113
[2026-03-05 02:57:41,962] INFO:fitness.free_loss_fidelity: RL4CO free-loss step 80/200: score=7.800308 (avg=7.797960), loss=0.645460 (avg=0.655727), pairs_step=316195, pairs_total=25275010
[2026-03-05 02:57:48,188] INFO:fitness.free_loss_fidelity: RL4CO free-loss step 100/200: score=7.757095 (avg=7.798537), loss=0.634017 (avg=0.653230), pairs_step=316112, pairs_total=31595124
[2026-03-05 02:57:54,425] INFO:fitness.free_loss_fidelity: RL4CO free-loss step 120/200: score=7.775707 (avg=7.799985), loss=0.636611 (avg=0.650632), pairs_step=315759, pairs_total=37916072
[2026-03-05 02:58:00,649] INFO:fitness.free_loss_fidelity: RL4CO free-loss step 140/200: score=7.826046 (avg=7.800868), loss=0.628824 (avg=0.648605), pairs_step=315995, pairs_total=44237403
[2026-03-05 02:58:06,868] INFO:fitness.free_loss_fidelity: RL4CO free-loss step 160/200: score=7.793472 (avg=7.799966), loss=0.628753 (avg=0.645762), pairs_step=316034, pairs_total=50558842
[2026-03-05 02:58:13,094] INFO:fitness.free_loss_fidelity: RL4CO free-loss step 180/200: score=7.783859 (avg=7.798900), loss=0.619670 (avg=0.643446), pairs_step=315914, pairs_total=56880857
[2026-03-05 02:58:19,332] INFO:fitness.free_loss_fidelity: RL4CO free-loss step 200/200: score=7.808640 (avg=7.797805), loss=0.603742 (avg=0.640979), pairs_step=316037, pairs_total=63203024
[2026-03-05 02:58:20,427] WARNING:fitness.free_loss_fidelity: weights_only checkpoint load failed (UnpicklingError); retrying weights_only=False for /data1/gushengda/eam-rl4co/baseline/epoch_409.ckpt
[2026-03-05 02:58:20,467] INFO:fitness.free_loss_fidelity: Loaded init checkpoint into policy: path=/data1/gushengda/eam-rl4co/baseline/epoch_409.ckpt prefix=policy. matched=97 missing=0 unexpected=0
[2026-03-05 02:58:20,472] INFO:fitness.free_loss_fidelity: RL4CO free-loss (step-mode): f1_steps=200, f2_steps=0, total_steps=200, train_problem_size=100, rollouts=100, batch_size=64, device=cuda:0, env=tsp
[2026-03-05 02:58:20,797] INFO:fitness.free_loss_fidelity: RL4CO free-loss step 1/200: score=7.807477 (avg=7.807477), loss=0.188473 (avg=0.188473), pairs_step=315750, pairs_total=315750
[2026-03-05 02:58:26,739] INFO:fitness.free_loss_fidelity: RL4CO free-loss step 20/200: score=7.779655 (avg=7.810213), loss=0.180819 (avg=0.183684), pairs_step=316118, pairs_total=6318109
[2026-03-05 02:58:32,989] INFO:fitness.free_loss_fidelity: RL4CO free-loss step 40/200: score=7.814251 (avg=7.803313), loss=0.185718 (avg=0.183524), pairs_step=316080, pairs_total=12637340
[2026-03-05 02:58:39,230] INFO:fitness.free_loss_fidelity: RL4CO free-loss step 60/200: score=7.811466 (avg=7.798865), loss=0.187830 (avg=0.183599), pairs_step=315793, pairs_total=18955157
[2026-03-05 02:58:45,730] INFO:fitness.free_loss_fidelity: RL4CO free-loss step 80/200: score=7.795898 (avg=7.796965), loss=0.182609 (avg=0.183860), pairs_step=315791, pairs_total=25273992
[2026-03-05 02:58:51,976] INFO:fitness.free_loss_fidelity: RL4CO free-loss step 100/200: score=7.753286 (avg=7.797313), loss=0.183859 (avg=0.183123), pairs_step=316033, pairs_total=31595745
[2026-03-05 02:58:58,218] INFO:fitness.free_loss_fidelity: RL4CO free-loss step 120/200: score=7.775239 (avg=7.798718), loss=0.170967 (avg=0.182144), pairs_step=315716, pairs_total=37914847
[2026-03-05 02:59:04,458] INFO:fitness.free_loss_fidelity: RL4CO free-loss step 140/200: score=7.819654 (avg=7.799441), loss=0.170910 (avg=0.180924), pairs_step=315999, pairs_total=44235133
[2026-03-05 02:59:10,715] INFO:fitness.free_loss_fidelity: RL4CO free-loss step 160/200: score=7.790237 (avg=7.798616), loss=0.174319 (avg=0.179764), pairs_step=316119, pairs_total=50554636
[2026-03-05 02:59:16,963] INFO:fitness.free_loss_fidelity: RL4CO free-loss step 180/200: score=7.784557 (avg=7.797398), loss=0.172779 (avg=0.178958), pairs_step=315768, pairs_total=56873827
[2026-03-05 02:59:23,205] INFO:fitness.free_loss_fidelity: RL4CO free-loss step 200/200: score=7.812562 (avg=7.796080), loss=0.173234 (avg=0.178406), pairs_step=316076, pairs_total=63193280
[2026-03-05 02:59:24,254] INFO:fitness.free_loss_fidelity: Stage3 offline mini-train DONE gen=2 pair_index=3 score=0.0007583101590474447 any_error=False
