[2026-03-05 04:03:16,907] INFO:fitness.free_loss_fidelity: Stage3 offline mini-train start gen=3 pair_index=23 K=200 seed=12345 valid_sizes=[100] baseline_json=baseline/mini_eval/baseline_minitrain_tsp100_K200.json
[2026-03-05 04:03:22,295] INFO:fitness.free_loss_fidelity: RL4CO free-loss (step-mode): f1_steps=200, f2_steps=0, total_steps=200, train_problem_size=100, rollouts=100, batch_size=64, device=cuda:0, env=tsp
[2026-03-05 04:03:22,978] INFO:fitness.free_loss_fidelity: RL4CO free-loss step 1/200: score=36.122910 (avg=36.122910), loss=0.878214 (avg=0.878214), pairs_step=316800, pairs_total=316800
[2026-03-05 04:03:29,161] INFO:fitness.free_loss_fidelity: RL4CO free-loss step 20/200: score=10.083008 (avg=13.077074), loss=0.572937 (avg=0.603989), pairs_step=316800, pairs_total=6335997
[2026-03-05 04:03:35,856] INFO:fitness.free_loss_fidelity: RL4CO free-loss step 40/200: score=9.699642 (avg=11.450432), loss=0.547976 (avg=0.579105), pairs_step=316800, pairs_total=12671994
[2026-03-05 04:03:42,519] INFO:fitness.free_loss_fidelity: RL4CO free-loss step 60/200: score=9.465567 (avg=10.791912), loss=0.527130 (avg=0.564407), pairs_step=316800, pairs_total=19007991
[2026-03-05 04:03:49,147] INFO:fitness.free_loss_fidelity: RL4CO free-loss step 80/200: score=9.306330 (avg=10.433554), loss=0.513128 (avg=0.551395), pairs_step=316800, pairs_total=25343987
[2026-03-05 04:03:55,765] INFO:fitness.free_loss_fidelity: RL4CO free-loss step 100/200: score=9.164200 (avg=10.200319), loss=0.512210 (avg=0.543356), pairs_step=316800, pairs_total=31679983
[2026-03-05 04:04:02,433] INFO:fitness.free_loss_fidelity: RL4CO free-loss step 120/200: score=9.130461 (avg=10.036250), loss=0.511517 (avg=0.538161), pairs_step=316800, pairs_total=38015978
[2026-03-05 04:04:09,045] INFO:fitness.free_loss_fidelity: RL4CO free-loss step 140/200: score=9.153611 (avg=9.908705), loss=0.516958 (avg=0.534490), pairs_step=316800, pairs_total=44351973
[2026-03-05 04:04:15,709] INFO:fitness.free_loss_fidelity: RL4CO free-loss step 160/200: score=9.070971 (avg=9.806503), loss=0.509283 (avg=0.531646), pairs_step=316800, pairs_total=50687968
[2026-03-05 04:04:22,318] INFO:fitness.free_loss_fidelity: RL4CO free-loss step 180/200: score=8.985818 (avg=9.721997), loss=0.512308 (avg=0.529771), pairs_step=316800, pairs_total=57023961
[2026-03-05 04:04:28,976] INFO:fitness.free_loss_fidelity: RL4CO free-loss step 200/200: score=8.971811 (avg=9.649670), loss=0.529388 (avg=0.528694), pairs_step=316800, pairs_total=63359954
[2026-03-05 04:04:30,092] WARNING:fitness.free_loss_fidelity: weights_only checkpoint load failed (UnpicklingError); retrying weights_only=False for /data1/gushengda/eam-rl4co/baseline/epoch_135.ckpt
[2026-03-05 04:04:30,133] INFO:fitness.free_loss_fidelity: Loaded init checkpoint into policy: path=/data1/gushengda/eam-rl4co/baseline/epoch_135.ckpt prefix=policy. matched=97 missing=0 unexpected=0
[2026-03-05 04:04:30,138] INFO:fitness.free_loss_fidelity: RL4CO free-loss (step-mode): f1_steps=200, f2_steps=0, total_steps=200, train_problem_size=100, rollouts=100, batch_size=64, device=cuda:0, env=tsp
[2026-03-05 04:04:30,533] INFO:fitness.free_loss_fidelity: RL4CO free-loss step 1/200: score=7.803347 (avg=7.803347), loss=0.668200 (avg=0.668200), pairs_step=315697, pairs_total=315697
[2026-03-05 04:04:36,879] INFO:fitness.free_loss_fidelity: RL4CO free-loss step 20/200: score=7.781435 (avg=7.809621), loss=0.660683 (avg=0.664134), pairs_step=315766, pairs_total=6317777
[2026-03-05 04:04:43,525] INFO:fitness.free_loss_fidelity: RL4CO free-loss step 40/200: score=7.822102 (avg=7.803203), loss=0.659037 (avg=0.661847), pairs_step=315907, pairs_total=12636996
[2026-03-05 04:04:50,191] INFO:fitness.free_loss_fidelity: RL4CO free-loss step 60/200: score=7.814253 (avg=7.799642), loss=0.652643 (avg=0.658883), pairs_step=315727, pairs_total=18955574
[2026-03-05 04:04:56,844] INFO:fitness.free_loss_fidelity: RL4CO free-loss step 80/200: score=7.796321 (avg=7.797862), loss=0.641682 (avg=0.655232), pairs_step=316150, pairs_total=25276716
[2026-03-05 04:05:03,511] INFO:fitness.free_loss_fidelity: RL4CO free-loss step 100/200: score=7.755414 (avg=7.798575), loss=0.636979 (avg=0.651931), pairs_step=316172, pairs_total=31599106
[2026-03-05 04:05:10,157] INFO:fitness.free_loss_fidelity: RL4CO free-loss step 120/200: score=7.774473 (avg=7.799602), loss=0.630993 (avg=0.649320), pairs_step=316045, pairs_total=37921597
[2026-03-05 04:05:16,832] INFO:fitness.free_loss_fidelity: RL4CO free-loss step 140/200: score=7.829376 (avg=7.800417), loss=0.621970 (avg=0.646036), pairs_step=315912, pairs_total=44243136
[2026-03-05 04:05:23,480] INFO:fitness.free_loss_fidelity: RL4CO free-loss step 160/200: score=7.795290 (avg=7.799701), loss=0.625491 (avg=0.643142), pairs_step=315985, pairs_total=50564347
[2026-03-05 04:05:30,160] INFO:fitness.free_loss_fidelity: RL4CO free-loss step 180/200: score=7.788359 (avg=7.798518), loss=0.586979 (avg=0.638633), pairs_step=315958, pairs_total=56887615
[2026-03-05 04:05:36,805] INFO:fitness.free_loss_fidelity: RL4CO free-loss step 200/200: score=7.807889 (avg=7.797358), loss=0.591644 (avg=0.635131), pairs_step=315932, pairs_total=63210039
[2026-03-05 04:05:37,925] WARNING:fitness.free_loss_fidelity: weights_only checkpoint load failed (UnpicklingError); retrying weights_only=False for /data1/gushengda/eam-rl4co/baseline/epoch_409.ckpt
[2026-03-05 04:05:37,962] INFO:fitness.free_loss_fidelity: Loaded init checkpoint into policy: path=/data1/gushengda/eam-rl4co/baseline/epoch_409.ckpt prefix=policy. matched=97 missing=0 unexpected=0
[2026-03-05 04:05:37,967] INFO:fitness.free_loss_fidelity: RL4CO free-loss (step-mode): f1_steps=200, f2_steps=0, total_steps=200, train_problem_size=100, rollouts=100, batch_size=64, device=cuda:0, env=tsp
[2026-03-05 04:05:38,308] INFO:fitness.free_loss_fidelity: RL4CO free-loss step 1/200: score=7.807477 (avg=7.807477), loss=0.187155 (avg=0.187155), pairs_step=315750, pairs_total=315750
[2026-03-05 04:05:44,635] INFO:fitness.free_loss_fidelity: RL4CO free-loss step 20/200: score=7.777215 (avg=7.809106), loss=0.175638 (avg=0.178507), pairs_step=315947, pairs_total=6318979
[2026-03-05 04:05:51,483] INFO:fitness.free_loss_fidelity: RL4CO free-loss step 40/200: score=7.814170 (avg=7.802252), loss=0.182067 (avg=0.179450), pairs_step=316207, pairs_total=12638317
[2026-03-05 04:05:58,129] INFO:fitness.free_loss_fidelity: RL4CO free-loss step 60/200: score=7.812307 (avg=7.798216), loss=0.181298 (avg=0.178733), pairs_step=315943, pairs_total=18957260
[2026-03-05 04:06:04,746] INFO:fitness.free_loss_fidelity: RL4CO free-loss step 80/200: score=7.792168 (avg=7.796458), loss=0.182273 (avg=0.179347), pairs_step=316173, pairs_total=25276590
[2026-03-05 04:06:11,430] INFO:fitness.free_loss_fidelity: RL4CO free-loss step 100/200: score=7.756693 (avg=7.796878), loss=0.182895 (avg=0.179653), pairs_step=315990, pairs_total=31597196
[2026-03-05 04:06:18,054] INFO:fitness.free_loss_fidelity: RL4CO free-loss step 120/200: score=7.778980 (avg=7.798500), loss=0.174948 (avg=0.179596), pairs_step=315964, pairs_total=37918306
[2026-03-05 04:06:24,727] INFO:fitness.free_loss_fidelity: RL4CO free-loss step 140/200: score=7.827953 (avg=7.799307), loss=0.165388 (avg=0.178469), pairs_step=315875, pairs_total=44239003
[2026-03-05 04:06:31,361] INFO:fitness.free_loss_fidelity: RL4CO free-loss step 160/200: score=7.789396 (avg=7.798404), loss=0.174716 (avg=0.177758), pairs_step=316001, pairs_total=50559018
[2026-03-05 04:06:37,836] INFO:fitness.free_loss_fidelity: RL4CO free-loss step 180/200: score=7.782832 (avg=7.797192), loss=0.177925 (avg=0.177449), pairs_step=315606, pairs_total=56877141
[2026-03-05 04:06:44,257] INFO:fitness.free_loss_fidelity: RL4CO free-loss step 200/200: score=7.807616 (avg=7.796012), loss=0.175586 (avg=0.177775), pairs_step=315983, pairs_total=63195492
[2026-03-05 04:06:45,331] INFO:fitness.free_loss_fidelity: Stage3 offline mini-train DONE gen=3 pair_index=23 score=0.007959763209025065 any_error=False
