[2026-03-05 03:52:29,491] INFO:fitness.free_loss_fidelity: Stage3 offline mini-train start gen=3 pair_index=6 K=200 seed=12345 valid_sizes=[100] baseline_json=baseline/mini_eval/baseline_minitrain_tsp100_K200.json
[2026-03-05 03:52:35,209] INFO:fitness.free_loss_fidelity: RL4CO free-loss (step-mode): f1_steps=200, f2_steps=0, total_steps=200, train_problem_size=100, rollouts=100, batch_size=64, device=cuda:0, env=tsp
[2026-03-05 03:52:35,950] INFO:fitness.free_loss_fidelity: RL4CO free-loss step 1/200: score=36.122910 (avg=36.122910), loss=0.849339 (avg=0.849339), pairs_step=316800, pairs_total=316800
[2026-03-05 03:52:42,249] INFO:fitness.free_loss_fidelity: RL4CO free-loss step 20/200: score=10.006845 (avg=13.137172), loss=0.561931 (avg=0.584575), pairs_step=316799, pairs_total=6335999
[2026-03-05 03:52:49,179] INFO:fitness.free_loss_fidelity: RL4CO free-loss step 40/200: score=9.661808 (avg=11.479612), loss=0.527316 (avg=0.559735), pairs_step=316800, pairs_total=12671993
[2026-03-05 03:52:56,291] INFO:fitness.free_loss_fidelity: RL4CO free-loss step 60/200: score=9.494406 (avg=10.826245), loss=0.508216 (avg=0.544442), pairs_step=316798, pairs_total=19007987
[2026-03-05 03:53:02,974] INFO:fitness.free_loss_fidelity: RL4CO free-loss step 80/200: score=9.378320 (avg=10.477338), loss=0.490754 (avg=0.532092), pairs_step=316800, pairs_total=25343984
[2026-03-05 03:53:09,390] INFO:fitness.free_loss_fidelity: RL4CO free-loss step 100/200: score=9.248619 (avg=10.244216), loss=0.486650 (avg=0.524083), pairs_step=316800, pairs_total=31679983
[2026-03-05 03:53:15,798] INFO:fitness.free_loss_fidelity: RL4CO free-loss step 120/200: score=9.166656 (avg=10.080538), loss=0.491919 (avg=0.518501), pairs_step=316800, pairs_total=38015979
[2026-03-05 03:53:22,210] INFO:fitness.free_loss_fidelity: RL4CO free-loss step 140/200: score=9.220764 (avg=9.953403), loss=0.502946 (avg=0.514978), pairs_step=316800, pairs_total=44351972
[2026-03-05 03:53:28,652] INFO:fitness.free_loss_fidelity: RL4CO free-loss step 160/200: score=9.145060 (avg=9.851629), loss=0.487025 (avg=0.512508), pairs_step=316800, pairs_total=50687969
[2026-03-05 03:53:35,389] INFO:fitness.free_loss_fidelity: RL4CO free-loss step 180/200: score=9.032341 (avg=9.768193), loss=0.496336 (avg=0.510442), pairs_step=316799, pairs_total=57023965
[2026-03-05 03:53:42,295] INFO:fitness.free_loss_fidelity: RL4CO free-loss step 200/200: score=9.059248 (avg=9.695726), loss=0.488598 (avg=0.509087), pairs_step=316800, pairs_total=63359957
[2026-03-05 03:53:43,577] WARNING:fitness.free_loss_fidelity: weights_only checkpoint load failed (UnpicklingError); retrying weights_only=False for /data1/gushengda/eam-rl4co/baseline/epoch_135.ckpt
[2026-03-05 03:53:43,624] INFO:fitness.free_loss_fidelity: Loaded init checkpoint into policy: path=/data1/gushengda/eam-rl4co/baseline/epoch_135.ckpt prefix=policy. matched=97 missing=0 unexpected=0
[2026-03-05 03:53:43,630] INFO:fitness.free_loss_fidelity: RL4CO free-loss (step-mode): f1_steps=200, f2_steps=0, total_steps=200, train_problem_size=100, rollouts=100, batch_size=64, device=cuda:0, env=tsp
[2026-03-05 03:53:44,001] INFO:fitness.free_loss_fidelity: RL4CO free-loss step 1/200: score=7.803347 (avg=7.803347), loss=0.662311 (avg=0.662311), pairs_step=315697, pairs_total=315697
[2026-03-05 03:53:50,841] INFO:fitness.free_loss_fidelity: RL4CO free-loss step 20/200: score=7.772213 (avg=7.808461), loss=0.651937 (avg=0.657776), pairs_step=315840, pairs_total=6317998
[2026-03-05 03:53:58,050] INFO:fitness.free_loss_fidelity: RL4CO free-loss step 40/200: score=7.817138 (avg=7.802084), loss=0.649098 (avg=0.653561), pairs_step=315911, pairs_total=12635767
[2026-03-05 03:54:05,242] INFO:fitness.free_loss_fidelity: RL4CO free-loss step 60/200: score=7.815749 (avg=7.798619), loss=0.636480 (avg=0.648656), pairs_step=316097, pairs_total=18956669
[2026-03-05 03:54:12,432] INFO:fitness.free_loss_fidelity: RL4CO free-loss step 80/200: score=7.801009 (avg=7.797227), loss=0.618480 (avg=0.643660), pairs_step=316174, pairs_total=25278249
[2026-03-05 03:54:19,611] INFO:fitness.free_loss_fidelity: RL4CO free-loss step 100/200: score=7.760104 (avg=7.798177), loss=0.609515 (avg=0.637960), pairs_step=316348, pairs_total=31601536
[2026-03-05 03:54:26,814] INFO:fitness.free_loss_fidelity: RL4CO free-loss step 120/200: score=7.771411 (avg=7.799501), loss=0.609636 (avg=0.632382), pairs_step=316075, pairs_total=37924025
[2026-03-05 03:54:34,009] INFO:fitness.free_loss_fidelity: RL4CO free-loss step 140/200: score=7.827086 (avg=7.800448), loss=0.590543 (avg=0.627174), pairs_step=315691, pairs_total=44246531
[2026-03-05 03:54:41,198] INFO:fitness.free_loss_fidelity: RL4CO free-loss step 160/200: score=7.791280 (avg=7.799765), loss=0.585124 (avg=0.621773), pairs_step=316040, pairs_total=50569503
[2026-03-05 03:54:48,391] INFO:fitness.free_loss_fidelity: RL4CO free-loss step 180/200: score=7.782126 (avg=7.798678), loss=0.543027 (avg=0.615600), pairs_step=315805, pairs_total=56892124
[2026-03-05 03:54:55,606] INFO:fitness.free_loss_fidelity: RL4CO free-loss step 200/200: score=7.815807 (avg=7.797641), loss=0.473985 (avg=0.605603), pairs_step=316293, pairs_total=63217238
[2026-03-05 03:54:56,883] WARNING:fitness.free_loss_fidelity: weights_only checkpoint load failed (UnpicklingError); retrying weights_only=False for /data1/gushengda/eam-rl4co/baseline/epoch_409.ckpt
[2026-03-05 03:54:56,926] INFO:fitness.free_loss_fidelity: Loaded init checkpoint into policy: path=/data1/gushengda/eam-rl4co/baseline/epoch_409.ckpt prefix=policy. matched=97 missing=0 unexpected=0
[2026-03-05 03:54:56,932] INFO:fitness.free_loss_fidelity: RL4CO free-loss (step-mode): f1_steps=200, f2_steps=0, total_steps=200, train_problem_size=100, rollouts=100, batch_size=64, device=cuda:0, env=tsp
[2026-03-05 03:54:57,315] INFO:fitness.free_loss_fidelity: RL4CO free-loss step 1/200: score=7.807477 (avg=7.807477), loss=0.184409 (avg=0.184409), pairs_step=315750, pairs_total=315750
[2026-03-05 03:55:04,181] INFO:fitness.free_loss_fidelity: RL4CO free-loss step 20/200: score=7.779495 (avg=7.809572), loss=0.174423 (avg=0.176281), pairs_step=316090, pairs_total=6318490
[2026-03-05 03:55:11,403] INFO:fitness.free_loss_fidelity: RL4CO free-loss step 40/200: score=7.812160 (avg=7.802175), loss=0.177835 (avg=0.176814), pairs_step=316171, pairs_total=12637925
[2026-03-05 03:55:18,613] INFO:fitness.free_loss_fidelity: RL4CO free-loss step 60/200: score=7.812234 (avg=7.798551), loss=0.184338 (avg=0.177848), pairs_step=315946, pairs_total=18955179
[2026-03-05 03:55:26,041] INFO:fitness.free_loss_fidelity: RL4CO free-loss step 80/200: score=7.794040 (avg=7.797045), loss=0.178602 (avg=0.178137), pairs_step=316028, pairs_total=25274861
[2026-03-05 03:55:33,321] INFO:fitness.free_loss_fidelity: RL4CO free-loss step 100/200: score=7.755695 (avg=7.797451), loss=0.178152 (avg=0.177329), pairs_step=315946, pairs_total=31595777
[2026-03-05 03:55:40,873] INFO:fitness.free_loss_fidelity: RL4CO free-loss step 120/200: score=7.773265 (avg=7.798861), loss=0.172706 (avg=0.176963), pairs_step=315704, pairs_total=37914629
[2026-03-05 03:55:48,234] INFO:fitness.free_loss_fidelity: RL4CO free-loss step 140/200: score=7.822115 (avg=7.799648), loss=0.171254 (avg=0.176265), pairs_step=315740, pairs_total=44233419
[2026-03-05 03:55:55,599] INFO:fitness.free_loss_fidelity: RL4CO free-loss step 160/200: score=7.793572 (avg=7.798774), loss=0.175810 (avg=0.175838), pairs_step=316160, pairs_total=50552986
[2026-03-05 03:56:03,206] INFO:fitness.free_loss_fidelity: RL4CO free-loss step 180/200: score=7.780507 (avg=7.797555), loss=0.177188 (avg=0.175949), pairs_step=315697, pairs_total=56871250
[2026-03-05 03:56:10,715] INFO:fitness.free_loss_fidelity: RL4CO free-loss step 200/200: score=7.809817 (avg=7.796292), loss=0.168801 (avg=0.176118), pairs_step=315663, pairs_total=63188864
[2026-03-05 03:56:11,985] INFO:fitness.free_loss_fidelity: Stage3 offline mini-train DONE gen=3 pair_index=6 score=0.009131848812103271 any_error=False
