[2026-02-28 13:22:34,596] INFO:fitness.free_loss_fidelity: Stage3 offline mini-train start gen=3 pair_index=19 K=200 seed=12345 valid_sizes=[20, 100] baseline_json=baseline/mini_eval/baseline_minitrain_tsp100_K200.json
[2026-02-28 13:22:34,596] INFO:fitness.free_loss_fidelity: Stage3 offline mini-train start gen=3 pair_index=19 K=200 seed=12345 valid_sizes=[20, 100] baseline_json=baseline/mini_eval/baseline_minitrain_tsp100_K200.json
[2026-02-28 13:22:34,616] INFO:fitness.free_loss_fidelity: RL4CO free-loss (step-mode): f1_steps=200, f2_steps=0, total_steps=200, train_problem_size=100, rollouts=20, batch_size=64, device=cuda:1, env=tsp
[2026-02-28 13:22:34,616] INFO:fitness.free_loss_fidelity: RL4CO free-loss (step-mode): f1_steps=200, f2_steps=0, total_steps=200, train_problem_size=100, rollouts=20, batch_size=64, device=cuda:1, env=tsp
[2026-02-28 13:22:34,995] INFO:fitness.free_loss_fidelity: RL4CO free-loss step 1/200: score=36.626595 (avg=36.626595), loss=0.799510 (avg=0.799510), pairs_step=12160, pairs_total=12160
[2026-02-28 13:22:34,995] INFO:fitness.free_loss_fidelity: RL4CO free-loss step 1/200: score=36.626595 (avg=36.626595), loss=0.799510 (avg=0.799510), pairs_step=12160, pairs_total=12160
[2026-02-28 13:22:41,176] INFO:fitness.free_loss_fidelity: RL4CO free-loss step 20/200: score=10.659637 (avg=13.513593), loss=0.608148 (avg=0.622226), pairs_step=12160, pairs_total=243199
[2026-02-28 13:22:41,176] INFO:fitness.free_loss_fidelity: RL4CO free-loss step 20/200: score=10.659637 (avg=13.513593), loss=0.608148 (avg=0.622226), pairs_step=12160, pairs_total=243199
[2026-02-28 13:22:47,697] INFO:fitness.free_loss_fidelity: RL4CO free-loss step 40/200: score=10.038259 (avg=11.896350), loss=0.587736 (avg=0.611586), pairs_step=12160, pairs_total=486399
[2026-02-28 13:22:47,697] INFO:fitness.free_loss_fidelity: RL4CO free-loss step 40/200: score=10.038259 (avg=11.896350), loss=0.587736 (avg=0.611586), pairs_step=12160, pairs_total=486399
[2026-02-28 13:22:54,204] INFO:fitness.free_loss_fidelity: RL4CO free-loss step 60/200: score=9.801613 (avg=11.222058), loss=0.577514 (avg=0.604373), pairs_step=12160, pairs_total=729599
[2026-02-28 13:22:54,204] INFO:fitness.free_loss_fidelity: RL4CO free-loss step 60/200: score=9.801613 (avg=11.222058), loss=0.577514 (avg=0.604373), pairs_step=12160, pairs_total=729599
[2026-02-28 13:23:00,714] INFO:fitness.free_loss_fidelity: RL4CO free-loss step 80/200: score=9.529887 (avg=10.831482), loss=0.562516 (avg=0.596722), pairs_step=12160, pairs_total=972799
[2026-02-28 13:23:00,714] INFO:fitness.free_loss_fidelity: RL4CO free-loss step 80/200: score=9.529887 (avg=10.831482), loss=0.562516 (avg=0.596722), pairs_step=12160, pairs_total=972799
[2026-02-28 13:23:07,213] INFO:fitness.free_loss_fidelity: RL4CO free-loss step 100/200: score=9.355806 (avg=10.561407), loss=0.587256 (avg=0.592196), pairs_step=12160, pairs_total=1215998
[2026-02-28 13:23:07,213] INFO:fitness.free_loss_fidelity: RL4CO free-loss step 100/200: score=9.355806 (avg=10.561407), loss=0.587256 (avg=0.592196), pairs_step=12160, pairs_total=1215998
[2026-02-28 13:23:13,709] INFO:fitness.free_loss_fidelity: RL4CO free-loss step 120/200: score=9.382185 (avg=10.371092), loss=0.563840 (avg=0.588165), pairs_step=12160, pairs_total=1459198
[2026-02-28 13:23:13,709] INFO:fitness.free_loss_fidelity: RL4CO free-loss step 120/200: score=9.382185 (avg=10.371092), loss=0.563840 (avg=0.588165), pairs_step=12160, pairs_total=1459198
[2026-02-28 13:23:20,238] INFO:fitness.free_loss_fidelity: RL4CO free-loss step 140/200: score=9.371113 (avg=10.228601), loss=0.560005 (avg=0.585891), pairs_step=12160, pairs_total=1702398
[2026-02-28 13:23:20,238] INFO:fitness.free_loss_fidelity: RL4CO free-loss step 140/200: score=9.371113 (avg=10.228601), loss=0.560005 (avg=0.585891), pairs_step=12160, pairs_total=1702398
[2026-02-28 13:23:26,742] INFO:fitness.free_loss_fidelity: RL4CO free-loss step 160/200: score=9.205527 (avg=10.112996), loss=0.547890 (avg=0.583945), pairs_step=12160, pairs_total=1945598
[2026-02-28 13:23:26,742] INFO:fitness.free_loss_fidelity: RL4CO free-loss step 160/200: score=9.205527 (avg=10.112996), loss=0.547890 (avg=0.583945), pairs_step=12160, pairs_total=1945598
[2026-02-28 13:23:33,253] INFO:fitness.free_loss_fidelity: RL4CO free-loss step 180/200: score=9.150847 (avg=10.011666), loss=0.570450 (avg=0.583149), pairs_step=12160, pairs_total=2188798
[2026-02-28 13:23:33,253] INFO:fitness.free_loss_fidelity: RL4CO free-loss step 180/200: score=9.150847 (avg=10.011666), loss=0.570450 (avg=0.583149), pairs_step=12160, pairs_total=2188798
[2026-02-28 13:23:39,760] INFO:fitness.free_loss_fidelity: RL4CO free-loss step 200/200: score=9.133913 (avg=9.926583), loss=0.579998 (avg=0.582287), pairs_step=12160, pairs_total=2431998
[2026-02-28 13:23:39,760] INFO:fitness.free_loss_fidelity: RL4CO free-loss step 200/200: score=9.133913 (avg=9.926583), loss=0.579998 (avg=0.582287), pairs_step=12160, pairs_total=2431998
[2026-02-28 13:23:41,362] WARNING:fitness.free_loss_fidelity: weights_only checkpoint load failed (UnpicklingError); retrying weights_only=False for /data1/gushengda/eam-rl4co/baseline/epoch_135.ckpt
[2026-02-28 13:23:41,362] WARNING:fitness.free_loss_fidelity: weights_only checkpoint load failed (UnpicklingError); retrying weights_only=False for /data1/gushengda/eam-rl4co/baseline/epoch_135.ckpt
[2026-02-28 13:23:41,408] INFO:fitness.free_loss_fidelity: Loaded init checkpoint into policy: path=/data1/gushengda/eam-rl4co/baseline/epoch_135.ckpt prefix=policy. matched=97 missing=0 unexpected=0
[2026-02-28 13:23:41,408] INFO:fitness.free_loss_fidelity: Loaded init checkpoint into policy: path=/data1/gushengda/eam-rl4co/baseline/epoch_135.ckpt prefix=policy. matched=97 missing=0 unexpected=0
[2026-02-28 13:23:41,414] INFO:fitness.free_loss_fidelity: RL4CO free-loss (step-mode): f1_steps=200, f2_steps=0, total_steps=200, train_problem_size=100, rollouts=20, batch_size=64, device=cuda:1, env=tsp
[2026-02-28 13:23:41,414] INFO:fitness.free_loss_fidelity: RL4CO free-loss (step-mode): f1_steps=200, f2_steps=0, total_steps=200, train_problem_size=100, rollouts=20, batch_size=64, device=cuda:1, env=tsp
[2026-02-28 13:23:41,784] INFO:fitness.free_loss_fidelity: RL4CO free-loss step 1/200: score=7.825121 (avg=7.825121), loss=0.669578 (avg=0.669578), pairs_step=12151, pairs_total=12151
[2026-02-28 13:23:41,784] INFO:fitness.free_loss_fidelity: RL4CO free-loss step 1/200: score=7.825121 (avg=7.825121), loss=0.669578 (avg=0.669578), pairs_step=12151, pairs_total=12151
[2026-02-28 13:23:47,972] INFO:fitness.free_loss_fidelity: RL4CO free-loss step 20/200: score=7.809457 (avg=7.841297), loss=0.666374 (avg=0.663528), pairs_step=12154, pairs_total=243086
[2026-02-28 13:23:47,972] INFO:fitness.free_loss_fidelity: RL4CO free-loss step 20/200: score=7.809457 (avg=7.841297), loss=0.666374 (avg=0.663528), pairs_step=12154, pairs_total=243086
[2026-02-28 13:23:54,481] INFO:fitness.free_loss_fidelity: RL4CO free-loss step 40/200: score=7.854777 (avg=7.836503), loss=0.662037 (avg=0.663504), pairs_step=12155, pairs_total=486151
[2026-02-28 13:23:54,481] INFO:fitness.free_loss_fidelity: RL4CO free-loss step 40/200: score=7.854777 (avg=7.836503), loss=0.662037 (avg=0.663504), pairs_step=12155, pairs_total=486151
[2026-02-28 13:24:00,990] INFO:fitness.free_loss_fidelity: RL4CO free-loss step 60/200: score=7.852619 (avg=7.834409), loss=0.666441 (avg=0.664625), pairs_step=12153, pairs_total=729215
[2026-02-28 13:24:00,990] INFO:fitness.free_loss_fidelity: RL4CO free-loss step 60/200: score=7.852619 (avg=7.834409), loss=0.666441 (avg=0.664625), pairs_step=12153, pairs_total=729215
[2026-02-28 13:24:07,501] INFO:fitness.free_loss_fidelity: RL4CO free-loss step 80/200: score=7.842438 (avg=7.833954), loss=0.660990 (avg=0.665008), pairs_step=12158, pairs_total=972307
[2026-02-28 13:24:07,501] INFO:fitness.free_loss_fidelity: RL4CO free-loss step 80/200: score=7.842438 (avg=7.833954), loss=0.660990 (avg=0.665008), pairs_step=12158, pairs_total=972307
[2026-02-28 13:24:13,997] INFO:fitness.free_loss_fidelity: RL4CO free-loss step 100/200: score=7.799005 (avg=7.835384), loss=0.666352 (avg=0.664935), pairs_step=12156, pairs_total=1215411
[2026-02-28 13:24:13,997] INFO:fitness.free_loss_fidelity: RL4CO free-loss step 100/200: score=7.799005 (avg=7.835384), loss=0.666352 (avg=0.664935), pairs_step=12156, pairs_total=1215411
[2026-02-28 13:24:20,516] INFO:fitness.free_loss_fidelity: RL4CO free-loss step 120/200: score=7.812156 (avg=7.837263), loss=0.661031 (avg=0.664420), pairs_step=12159, pairs_total=1458490
[2026-02-28 13:24:20,516] INFO:fitness.free_loss_fidelity: RL4CO free-loss step 120/200: score=7.812156 (avg=7.837263), loss=0.661031 (avg=0.664420), pairs_step=12159, pairs_total=1458490
[2026-02-28 13:24:27,047] INFO:fitness.free_loss_fidelity: RL4CO free-loss step 140/200: score=7.865754 (avg=7.838352), loss=0.663506 (avg=0.664405), pairs_step=12151, pairs_total=1701600
[2026-02-28 13:24:27,047] INFO:fitness.free_loss_fidelity: RL4CO free-loss step 140/200: score=7.865754 (avg=7.838352), loss=0.663506 (avg=0.664405), pairs_step=12151, pairs_total=1701600
[2026-02-28 13:24:33,559] INFO:fitness.free_loss_fidelity: RL4CO free-loss step 160/200: score=7.838830 (avg=7.838187), loss=0.669566 (avg=0.664592), pairs_step=12157, pairs_total=1944690
[2026-02-28 13:24:33,559] INFO:fitness.free_loss_fidelity: RL4CO free-loss step 160/200: score=7.838830 (avg=7.838187), loss=0.669566 (avg=0.664592), pairs_step=12157, pairs_total=1944690
[2026-02-28 13:24:40,070] INFO:fitness.free_loss_fidelity: RL4CO free-loss step 180/200: score=7.834543 (avg=7.837488), loss=0.671279 (avg=0.664862), pairs_step=12148, pairs_total=2187760
[2026-02-28 13:24:40,070] INFO:fitness.free_loss_fidelity: RL4CO free-loss step 180/200: score=7.834543 (avg=7.837488), loss=0.671279 (avg=0.664862), pairs_step=12148, pairs_total=2187760
[2026-02-28 13:24:46,567] INFO:fitness.free_loss_fidelity: RL4CO free-loss step 200/200: score=7.851727 (avg=7.836731), loss=0.668527 (avg=0.665187), pairs_step=12155, pairs_total=2430863
[2026-02-28 13:24:46,567] INFO:fitness.free_loss_fidelity: RL4CO free-loss step 200/200: score=7.851727 (avg=7.836731), loss=0.668527 (avg=0.665187), pairs_step=12155, pairs_total=2430863
[2026-02-28 13:24:48,163] WARNING:fitness.free_loss_fidelity: weights_only checkpoint load failed (UnpicklingError); retrying weights_only=False for /data1/gushengda/eam-rl4co/baseline/epoch_409.ckpt
[2026-02-28 13:24:48,163] WARNING:fitness.free_loss_fidelity: weights_only checkpoint load failed (UnpicklingError); retrying weights_only=False for /data1/gushengda/eam-rl4co/baseline/epoch_409.ckpt
[2026-02-28 13:24:48,199] INFO:fitness.free_loss_fidelity: Loaded init checkpoint into policy: path=/data1/gushengda/eam-rl4co/baseline/epoch_409.ckpt prefix=policy. matched=97 missing=0 unexpected=0
[2026-02-28 13:24:48,199] INFO:fitness.free_loss_fidelity: Loaded init checkpoint into policy: path=/data1/gushengda/eam-rl4co/baseline/epoch_409.ckpt prefix=policy. matched=97 missing=0 unexpected=0
[2026-02-28 13:24:48,205] INFO:fitness.free_loss_fidelity: RL4CO free-loss (step-mode): f1_steps=200, f2_steps=0, total_steps=200, train_problem_size=100, rollouts=20, batch_size=64, device=cuda:1, env=tsp
[2026-02-28 13:24:48,205] INFO:fitness.free_loss_fidelity: RL4CO free-loss (step-mode): f1_steps=200, f2_steps=0, total_steps=200, train_problem_size=100, rollouts=20, batch_size=64, device=cuda:1, env=tsp
[2026-02-28 13:24:48,561] INFO:fitness.free_loss_fidelity: RL4CO free-loss step 1/200: score=7.826895 (avg=7.826895), loss=0.211357 (avg=0.211357), pairs_step=12149, pairs_total=12149
[2026-02-28 13:24:48,561] INFO:fitness.free_loss_fidelity: RL4CO free-loss step 1/200: score=7.826895 (avg=7.826895), loss=0.211357 (avg=0.211357), pairs_step=12149, pairs_total=12149
[2026-02-28 13:24:54,751] INFO:fitness.free_loss_fidelity: RL4CO free-loss step 20/200: score=7.812729 (avg=7.841234), loss=0.195337 (avg=0.196674), pairs_step=12146, pairs_total=243043
[2026-02-28 13:24:54,751] INFO:fitness.free_loss_fidelity: RL4CO free-loss step 20/200: score=7.812729 (avg=7.841234), loss=0.195337 (avg=0.196674), pairs_step=12146, pairs_total=243043
[2026-02-28 13:25:01,280] INFO:fitness.free_loss_fidelity: RL4CO free-loss step 40/200: score=7.849513 (avg=7.836961), loss=0.205303 (avg=0.200963), pairs_step=12158, pairs_total=486134
[2026-02-28 13:25:01,280] INFO:fitness.free_loss_fidelity: RL4CO free-loss step 40/200: score=7.849513 (avg=7.836961), loss=0.205303 (avg=0.200963), pairs_step=12158, pairs_total=486134
[2026-02-28 13:25:07,813] INFO:fitness.free_loss_fidelity: RL4CO free-loss step 60/200: score=7.853879 (avg=7.835511), loss=0.215760 (avg=0.200644), pairs_step=12155, pairs_total=729216
[2026-02-28 13:25:07,813] INFO:fitness.free_loss_fidelity: RL4CO free-loss step 60/200: score=7.853879 (avg=7.835511), loss=0.215760 (avg=0.200644), pairs_step=12155, pairs_total=729216
[2026-02-28 13:25:14,341] INFO:fitness.free_loss_fidelity: RL4CO free-loss step 80/200: score=7.826452 (avg=7.833770), loss=0.199584 (avg=0.200888), pairs_step=12156, pairs_total=972302
[2026-02-28 13:25:14,341] INFO:fitness.free_loss_fidelity: RL4CO free-loss step 80/200: score=7.826452 (avg=7.833770), loss=0.199584 (avg=0.200888), pairs_step=12156, pairs_total=972302
[2026-02-28 13:25:20,878] INFO:fitness.free_loss_fidelity: RL4CO free-loss step 100/200: score=7.784230 (avg=7.834172), loss=0.212584 (avg=0.201303), pairs_step=12145, pairs_total=1215372
[2026-02-28 13:25:20,878] INFO:fitness.free_loss_fidelity: RL4CO free-loss step 100/200: score=7.784230 (avg=7.834172), loss=0.212584 (avg=0.201303), pairs_step=12145, pairs_total=1215372
[2026-02-28 13:25:27,409] INFO:fitness.free_loss_fidelity: RL4CO free-loss step 120/200: score=7.798203 (avg=7.835992), loss=0.211193 (avg=0.202241), pairs_step=12155, pairs_total=1458459
[2026-02-28 13:25:27,409] INFO:fitness.free_loss_fidelity: RL4CO free-loss step 120/200: score=7.798203 (avg=7.835992), loss=0.211193 (avg=0.202241), pairs_step=12155, pairs_total=1458459
[2026-02-28 13:25:33,922] INFO:fitness.free_loss_fidelity: RL4CO free-loss step 140/200: score=7.866753 (avg=7.836666), loss=0.208324 (avg=0.203107), pairs_step=12156, pairs_total=1701570
[2026-02-28 13:25:33,922] INFO:fitness.free_loss_fidelity: RL4CO free-loss step 140/200: score=7.866753 (avg=7.836666), loss=0.208324 (avg=0.203107), pairs_step=12156, pairs_total=1701570
[2026-02-28 13:25:40,440] INFO:fitness.free_loss_fidelity: RL4CO free-loss step 160/200: score=7.833932 (avg=7.836502), loss=0.219743 (avg=0.204732), pairs_step=12155, pairs_total=1944664
[2026-02-28 13:25:40,440] INFO:fitness.free_loss_fidelity: RL4CO free-loss step 160/200: score=7.833932 (avg=7.836502), loss=0.219743 (avg=0.204732), pairs_step=12155, pairs_total=1944664
[2026-02-28 13:25:46,968] INFO:fitness.free_loss_fidelity: RL4CO free-loss step 180/200: score=7.820615 (avg=7.835958), loss=0.204466 (avg=0.204939), pairs_step=12152, pairs_total=2187758
[2026-02-28 13:25:46,968] INFO:fitness.free_loss_fidelity: RL4CO free-loss step 180/200: score=7.820615 (avg=7.835958), loss=0.204466 (avg=0.204939), pairs_step=12152, pairs_total=2187758
[2026-02-28 13:25:53,479] INFO:fitness.free_loss_fidelity: RL4CO free-loss step 200/200: score=7.850754 (avg=7.834944), loss=0.213083 (avg=0.205657), pairs_step=12151, pairs_total=2430843
[2026-02-28 13:25:53,479] INFO:fitness.free_loss_fidelity: RL4CO free-loss step 200/200: score=7.850754 (avg=7.834944), loss=0.213083 (avg=0.205657), pairs_step=12151, pairs_total=2430843
