[2026-02-28 15:33:53,376] INFO:fitness.free_loss_fidelity: Stage3 offline mini-train start gen=9 pair_index=3 K=200 seed=12345 valid_sizes=[20, 100] baseline_json=baseline/mini_eval/baseline_minitrain_tsp100_K200.json
[2026-02-28 15:33:53,376] INFO:fitness.free_loss_fidelity: Stage3 offline mini-train start gen=9 pair_index=3 K=200 seed=12345 valid_sizes=[20, 100] baseline_json=baseline/mini_eval/baseline_minitrain_tsp100_K200.json
[2026-02-28 15:34:00,512] INFO:fitness.free_loss_fidelity: RL4CO free-loss (step-mode): f1_steps=200, f2_steps=0, total_steps=200, train_problem_size=100, rollouts=20, batch_size=64, device=cuda:0, env=tsp
[2026-02-28 15:34:00,512] INFO:fitness.free_loss_fidelity: RL4CO free-loss (step-mode): f1_steps=200, f2_steps=0, total_steps=200, train_problem_size=100, rollouts=20, batch_size=64, device=cuda:0, env=tsp
[2026-02-28 15:34:01,867] INFO:fitness.free_loss_fidelity: RL4CO free-loss step 1/200: score=36.626595 (avg=36.626595), loss=0.835711 (avg=0.835711), pairs_step=12160, pairs_total=12160
[2026-02-28 15:34:01,867] INFO:fitness.free_loss_fidelity: RL4CO free-loss step 1/200: score=36.626595 (avg=36.626595), loss=0.835711 (avg=0.835711), pairs_step=12160, pairs_total=12160
[2026-02-28 15:34:08,537] INFO:fitness.free_loss_fidelity: RL4CO free-loss step 20/200: score=10.357006 (avg=13.487727), loss=0.622047 (avg=0.641106), pairs_step=12160, pairs_total=243200
[2026-02-28 15:34:08,537] INFO:fitness.free_loss_fidelity: RL4CO free-loss step 20/200: score=10.357006 (avg=13.487727), loss=0.622047 (avg=0.641106), pairs_step=12160, pairs_total=243200
[2026-02-28 15:34:15,007] INFO:fitness.free_loss_fidelity: RL4CO free-loss step 40/200: score=9.861979 (avg=11.749858), loss=0.610931 (avg=0.629860), pairs_step=12160, pairs_total=486400
[2026-02-28 15:34:15,007] INFO:fitness.free_loss_fidelity: RL4CO free-loss step 40/200: score=9.861979 (avg=11.749858), loss=0.610931 (avg=0.629860), pairs_step=12160, pairs_total=486400
[2026-02-28 15:34:21,406] INFO:fitness.free_loss_fidelity: RL4CO free-loss step 60/200: score=9.645269 (avg=11.074470), loss=0.610328 (avg=0.623400), pairs_step=12160, pairs_total=729600
[2026-02-28 15:34:21,406] INFO:fitness.free_loss_fidelity: RL4CO free-loss step 60/200: score=9.645269 (avg=11.074470), loss=0.610328 (avg=0.623400), pairs_step=12160, pairs_total=729600
[2026-02-28 15:34:27,820] INFO:fitness.free_loss_fidelity: RL4CO free-loss step 80/200: score=9.521380 (avg=10.693780), loss=0.594895 (avg=0.618984), pairs_step=12160, pairs_total=972800
[2026-02-28 15:34:27,820] INFO:fitness.free_loss_fidelity: RL4CO free-loss step 80/200: score=9.521380 (avg=10.693780), loss=0.594895 (avg=0.618984), pairs_step=12160, pairs_total=972800
[2026-02-28 15:34:34,257] INFO:fitness.free_loss_fidelity: RL4CO free-loss step 100/200: score=9.284085 (avg=10.442710), loss=0.591722 (avg=0.615064), pairs_step=12160, pairs_total=1216000
[2026-02-28 15:34:34,257] INFO:fitness.free_loss_fidelity: RL4CO free-loss step 100/200: score=9.284085 (avg=10.442710), loss=0.591722 (avg=0.615064), pairs_step=12160, pairs_total=1216000
[2026-02-28 15:34:40,685] INFO:fitness.free_loss_fidelity: RL4CO free-loss step 120/200: score=9.293224 (avg=10.265495), loss=0.611326 (avg=0.612033), pairs_step=12160, pairs_total=1459200
[2026-02-28 15:34:40,685] INFO:fitness.free_loss_fidelity: RL4CO free-loss step 120/200: score=9.293224 (avg=10.265495), loss=0.611326 (avg=0.612033), pairs_step=12160, pairs_total=1459200
[2026-02-28 15:34:47,110] INFO:fitness.free_loss_fidelity: RL4CO free-loss step 140/200: score=9.327715 (avg=10.131944), loss=0.602650 (avg=0.609795), pairs_step=12160, pairs_total=1702399
[2026-02-28 15:34:47,110] INFO:fitness.free_loss_fidelity: RL4CO free-loss step 140/200: score=9.327715 (avg=10.131944), loss=0.602650 (avg=0.609795), pairs_step=12160, pairs_total=1702399
[2026-02-28 15:34:53,492] INFO:fitness.free_loss_fidelity: RL4CO free-loss step 160/200: score=9.176136 (avg=10.017512), loss=0.605919 (avg=0.608821), pairs_step=12160, pairs_total=1945598
[2026-02-28 15:34:53,492] INFO:fitness.free_loss_fidelity: RL4CO free-loss step 160/200: score=9.176136 (avg=10.017512), loss=0.605919 (avg=0.608821), pairs_step=12160, pairs_total=1945598
[2026-02-28 15:34:59,937] INFO:fitness.free_loss_fidelity: RL4CO free-loss step 180/200: score=9.221750 (avg=9.919287), loss=0.616704 (avg=0.607969), pairs_step=12160, pairs_total=2188797
[2026-02-28 15:34:59,937] INFO:fitness.free_loss_fidelity: RL4CO free-loss step 180/200: score=9.221750 (avg=9.919287), loss=0.616704 (avg=0.607969), pairs_step=12160, pairs_total=2188797
[2026-02-28 15:35:06,383] INFO:fitness.free_loss_fidelity: RL4CO free-loss step 200/200: score=9.116003 (avg=9.840714), loss=0.589225 (avg=0.607885), pairs_step=12160, pairs_total=2431996
[2026-02-28 15:35:06,383] INFO:fitness.free_loss_fidelity: RL4CO free-loss step 200/200: score=9.116003 (avg=9.840714), loss=0.589225 (avg=0.607885), pairs_step=12160, pairs_total=2431996
[2026-02-28 15:35:07,959] WARNING:fitness.free_loss_fidelity: weights_only checkpoint load failed (UnpicklingError); retrying weights_only=False for /data1/gushengda/eam-rl4co/baseline/epoch_135.ckpt
[2026-02-28 15:35:07,959] WARNING:fitness.free_loss_fidelity: weights_only checkpoint load failed (UnpicklingError); retrying weights_only=False for /data1/gushengda/eam-rl4co/baseline/epoch_135.ckpt
[2026-02-28 15:35:08,010] INFO:fitness.free_loss_fidelity: Loaded init checkpoint into policy: path=/data1/gushengda/eam-rl4co/baseline/epoch_135.ckpt prefix=policy. matched=97 missing=0 unexpected=0
[2026-02-28 15:35:08,010] INFO:fitness.free_loss_fidelity: Loaded init checkpoint into policy: path=/data1/gushengda/eam-rl4co/baseline/epoch_135.ckpt prefix=policy. matched=97 missing=0 unexpected=0
[2026-02-28 15:35:08,016] INFO:fitness.free_loss_fidelity: RL4CO free-loss (step-mode): f1_steps=200, f2_steps=0, total_steps=200, train_problem_size=100, rollouts=20, batch_size=64, device=cuda:0, env=tsp
[2026-02-28 15:35:08,016] INFO:fitness.free_loss_fidelity: RL4CO free-loss (step-mode): f1_steps=200, f2_steps=0, total_steps=200, train_problem_size=100, rollouts=20, batch_size=64, device=cuda:0, env=tsp
[2026-02-28 15:35:08,396] INFO:fitness.free_loss_fidelity: RL4CO free-loss step 1/200: score=7.825121 (avg=7.825121), loss=0.675088 (avg=0.675088), pairs_step=12151, pairs_total=12151
[2026-02-28 15:35:08,396] INFO:fitness.free_loss_fidelity: RL4CO free-loss step 1/200: score=7.825121 (avg=7.825121), loss=0.675088 (avg=0.675088), pairs_step=12151, pairs_total=12151
[2026-02-28 15:35:14,523] INFO:fitness.free_loss_fidelity: RL4CO free-loss step 20/200: score=7.815095 (avg=7.842162), loss=0.667102 (avg=0.669248), pairs_step=12154, pairs_total=243073
[2026-02-28 15:35:14,523] INFO:fitness.free_loss_fidelity: RL4CO free-loss step 20/200: score=7.815095 (avg=7.842162), loss=0.667102 (avg=0.669248), pairs_step=12154, pairs_total=243073
[2026-02-28 15:35:20,942] INFO:fitness.free_loss_fidelity: RL4CO free-loss step 40/200: score=7.859758 (avg=7.837628), loss=0.669614 (avg=0.670805), pairs_step=12152, pairs_total=486122
[2026-02-28 15:35:20,942] INFO:fitness.free_loss_fidelity: RL4CO free-loss step 40/200: score=7.859758 (avg=7.837628), loss=0.669614 (avg=0.670805), pairs_step=12152, pairs_total=486122
[2026-02-28 15:35:27,332] INFO:fitness.free_loss_fidelity: RL4CO free-loss step 60/200: score=7.843153 (avg=7.834985), loss=0.672995 (avg=0.671627), pairs_step=12155, pairs_total=729217
[2026-02-28 15:35:27,332] INFO:fitness.free_loss_fidelity: RL4CO free-loss step 60/200: score=7.843153 (avg=7.834985), loss=0.672995 (avg=0.671627), pairs_step=12155, pairs_total=729217
[2026-02-28 15:35:33,715] INFO:fitness.free_loss_fidelity: RL4CO free-loss step 80/200: score=7.833522 (avg=7.835200), loss=0.675840 (avg=0.671689), pairs_step=12158, pairs_total=972308
[2026-02-28 15:35:33,715] INFO:fitness.free_loss_fidelity: RL4CO free-loss step 80/200: score=7.833522 (avg=7.835200), loss=0.675840 (avg=0.671689), pairs_step=12158, pairs_total=972308
[2026-02-28 15:35:40,048] INFO:fitness.free_loss_fidelity: RL4CO free-loss step 100/200: score=7.788531 (avg=7.835662), loss=0.674315 (avg=0.672094), pairs_step=12156, pairs_total=1215397
[2026-02-28 15:35:40,048] INFO:fitness.free_loss_fidelity: RL4CO free-loss step 100/200: score=7.788531 (avg=7.835662), loss=0.674315 (avg=0.672094), pairs_step=12156, pairs_total=1215397
[2026-02-28 15:35:45,652] INFO:fitness.free_loss_fidelity: RL4CO free-loss step 120/200: score=7.813364 (avg=7.837001), loss=0.672378 (avg=0.672182), pairs_step=12157, pairs_total=1458483
[2026-02-28 15:35:45,652] INFO:fitness.free_loss_fidelity: RL4CO free-loss step 120/200: score=7.813364 (avg=7.837001), loss=0.672378 (avg=0.672182), pairs_step=12157, pairs_total=1458483
[2026-02-28 15:35:51,269] INFO:fitness.free_loss_fidelity: RL4CO free-loss step 140/200: score=7.860963 (avg=7.838636), loss=0.670045 (avg=0.672309), pairs_step=12152, pairs_total=1701563
[2026-02-28 15:35:51,269] INFO:fitness.free_loss_fidelity: RL4CO free-loss step 140/200: score=7.860963 (avg=7.838636), loss=0.670045 (avg=0.672309), pairs_step=12152, pairs_total=1701563
[2026-02-28 15:35:56,900] INFO:fitness.free_loss_fidelity: RL4CO free-loss step 160/200: score=7.838077 (avg=7.838119), loss=0.671513 (avg=0.672230), pairs_step=12149, pairs_total=1944635
[2026-02-28 15:35:56,900] INFO:fitness.free_loss_fidelity: RL4CO free-loss step 160/200: score=7.838077 (avg=7.838119), loss=0.671513 (avg=0.672230), pairs_step=12149, pairs_total=1944635
[2026-02-28 15:36:02,498] INFO:fitness.free_loss_fidelity: RL4CO free-loss step 180/200: score=7.826156 (avg=7.837511), loss=0.674591 (avg=0.672199), pairs_step=12156, pairs_total=2187744
[2026-02-28 15:36:02,498] INFO:fitness.free_loss_fidelity: RL4CO free-loss step 180/200: score=7.826156 (avg=7.837511), loss=0.674591 (avg=0.672199), pairs_step=12156, pairs_total=2187744
[2026-02-28 15:36:08,122] INFO:fitness.free_loss_fidelity: RL4CO free-loss step 200/200: score=7.849701 (avg=7.836912), loss=0.670831 (avg=0.671956), pairs_step=12157, pairs_total=2430823
[2026-02-28 15:36:08,122] INFO:fitness.free_loss_fidelity: RL4CO free-loss step 200/200: score=7.849701 (avg=7.836912), loss=0.670831 (avg=0.671956), pairs_step=12157, pairs_total=2430823
[2026-02-28 15:36:09,382] WARNING:fitness.free_loss_fidelity: weights_only checkpoint load failed (UnpicklingError); retrying weights_only=False for /data1/gushengda/eam-rl4co/baseline/epoch_409.ckpt
[2026-02-28 15:36:09,382] WARNING:fitness.free_loss_fidelity: weights_only checkpoint load failed (UnpicklingError); retrying weights_only=False for /data1/gushengda/eam-rl4co/baseline/epoch_409.ckpt
[2026-02-28 15:36:09,423] INFO:fitness.free_loss_fidelity: Loaded init checkpoint into policy: path=/data1/gushengda/eam-rl4co/baseline/epoch_409.ckpt prefix=policy. matched=97 missing=0 unexpected=0
[2026-02-28 15:36:09,423] INFO:fitness.free_loss_fidelity: Loaded init checkpoint into policy: path=/data1/gushengda/eam-rl4co/baseline/epoch_409.ckpt prefix=policy. matched=97 missing=0 unexpected=0
[2026-02-28 15:36:09,427] INFO:fitness.free_loss_fidelity: RL4CO free-loss (step-mode): f1_steps=200, f2_steps=0, total_steps=200, train_problem_size=100, rollouts=20, batch_size=64, device=cuda:0, env=tsp
[2026-02-28 15:36:09,427] INFO:fitness.free_loss_fidelity: RL4CO free-loss (step-mode): f1_steps=200, f2_steps=0, total_steps=200, train_problem_size=100, rollouts=20, batch_size=64, device=cuda:0, env=tsp
[2026-02-28 15:36:09,748] INFO:fitness.free_loss_fidelity: RL4CO free-loss step 1/200: score=7.826895 (avg=7.826895), loss=0.220720 (avg=0.220720), pairs_step=12149, pairs_total=12149
[2026-02-28 15:36:09,748] INFO:fitness.free_loss_fidelity: RL4CO free-loss step 1/200: score=7.826895 (avg=7.826895), loss=0.220720 (avg=0.220720), pairs_step=12149, pairs_total=12149
[2026-02-28 15:36:15,050] INFO:fitness.free_loss_fidelity: RL4CO free-loss step 20/200: score=7.810892 (avg=7.840514), loss=0.201105 (avg=0.204587), pairs_step=12157, pairs_total=243085
[2026-02-28 15:36:15,050] INFO:fitness.free_loss_fidelity: RL4CO free-loss step 20/200: score=7.810892 (avg=7.840514), loss=0.201105 (avg=0.204587), pairs_step=12157, pairs_total=243085
[2026-02-28 15:36:20,626] INFO:fitness.free_loss_fidelity: RL4CO free-loss step 40/200: score=7.853095 (avg=7.838112), loss=0.205184 (avg=0.207101), pairs_step=12157, pairs_total=486165
[2026-02-28 15:36:20,626] INFO:fitness.free_loss_fidelity: RL4CO free-loss step 40/200: score=7.853095 (avg=7.838112), loss=0.205184 (avg=0.207101), pairs_step=12157, pairs_total=486165
[2026-02-28 15:36:26,207] INFO:fitness.free_loss_fidelity: RL4CO free-loss step 60/200: score=7.849437 (avg=7.836967), loss=0.214983 (avg=0.207535), pairs_step=12150, pairs_total=729259
[2026-02-28 15:36:26,207] INFO:fitness.free_loss_fidelity: RL4CO free-loss step 60/200: score=7.849437 (avg=7.836967), loss=0.214983 (avg=0.207535), pairs_step=12150, pairs_total=729259
[2026-02-28 15:36:31,796] INFO:fitness.free_loss_fidelity: RL4CO free-loss step 80/200: score=7.827373 (avg=7.835545), loss=0.206514 (avg=0.208545), pairs_step=12154, pairs_total=972349
[2026-02-28 15:36:31,796] INFO:fitness.free_loss_fidelity: RL4CO free-loss step 80/200: score=7.827373 (avg=7.835545), loss=0.206514 (avg=0.208545), pairs_step=12154, pairs_total=972349
[2026-02-28 15:36:37,434] INFO:fitness.free_loss_fidelity: RL4CO free-loss step 100/200: score=7.791619 (avg=7.835971), loss=0.205068 (avg=0.207455), pairs_step=12150, pairs_total=1215447
[2026-02-28 15:36:37,434] INFO:fitness.free_loss_fidelity: RL4CO free-loss step 100/200: score=7.791619 (avg=7.835971), loss=0.205068 (avg=0.207455), pairs_step=12150, pairs_total=1215447
[2026-02-28 15:36:42,958] INFO:fitness.free_loss_fidelity: RL4CO free-loss step 120/200: score=7.820301 (avg=7.837379), loss=0.203345 (avg=0.206162), pairs_step=12159, pairs_total=1458564
[2026-02-28 15:36:42,958] INFO:fitness.free_loss_fidelity: RL4CO free-loss step 120/200: score=7.820301 (avg=7.837379), loss=0.203345 (avg=0.206162), pairs_step=12159, pairs_total=1458564
[2026-02-28 15:36:48,485] INFO:fitness.free_loss_fidelity: RL4CO free-loss step 140/200: score=7.868562 (avg=7.838045), loss=0.192467 (avg=0.205633), pairs_step=12150, pairs_total=1701664
[2026-02-28 15:36:48,485] INFO:fitness.free_loss_fidelity: RL4CO free-loss step 140/200: score=7.868562 (avg=7.838045), loss=0.192467 (avg=0.205633), pairs_step=12150, pairs_total=1701664
[2026-02-28 15:36:54,288] INFO:fitness.free_loss_fidelity: RL4CO free-loss step 160/200: score=7.828289 (avg=7.837319), loss=0.215748 (avg=0.204967), pairs_step=12157, pairs_total=1944749
[2026-02-28 15:36:54,288] INFO:fitness.free_loss_fidelity: RL4CO free-loss step 160/200: score=7.828289 (avg=7.837319), loss=0.215748 (avg=0.204967), pairs_step=12157, pairs_total=1944749
[2026-02-28 15:36:59,836] INFO:fitness.free_loss_fidelity: RL4CO free-loss step 180/200: score=7.820426 (avg=7.835917), loss=0.189562 (avg=0.204118), pairs_step=12155, pairs_total=2187831
[2026-02-28 15:36:59,836] INFO:fitness.free_loss_fidelity: RL4CO free-loss step 180/200: score=7.820426 (avg=7.835917), loss=0.189562 (avg=0.204118), pairs_step=12155, pairs_total=2187831
[2026-02-28 15:37:05,416] INFO:fitness.free_loss_fidelity: RL4CO free-loss step 200/200: score=7.851891 (avg=7.834850), loss=0.200307 (avg=0.203823), pairs_step=12144, pairs_total=2430917
[2026-02-28 15:37:05,416] INFO:fitness.free_loss_fidelity: RL4CO free-loss step 200/200: score=7.851891 (avg=7.834850), loss=0.200307 (avg=0.203823), pairs_step=12144, pairs_total=2430917
