[2026-02-28 15:25:12,595] INFO:fitness.free_loss_fidelity: Stage3 offline mini-train start gen=8 pair_index=28 K=200 seed=12345 valid_sizes=[20, 100] baseline_json=baseline/mini_eval/baseline_minitrain_tsp100_K200.json
[2026-02-28 15:25:12,595] INFO:fitness.free_loss_fidelity: Stage3 offline mini-train start gen=8 pair_index=28 K=200 seed=12345 valid_sizes=[20, 100] baseline_json=baseline/mini_eval/baseline_minitrain_tsp100_K200.json
[2026-02-28 15:25:12,612] INFO:fitness.free_loss_fidelity: RL4CO free-loss (step-mode): f1_steps=200, f2_steps=0, total_steps=200, train_problem_size=100, rollouts=20, batch_size=64, device=cuda:0, env=tsp
[2026-02-28 15:25:12,612] INFO:fitness.free_loss_fidelity: RL4CO free-loss (step-mode): f1_steps=200, f2_steps=0, total_steps=200, train_problem_size=100, rollouts=20, batch_size=64, device=cuda:0, env=tsp
[2026-02-28 15:25:12,892] INFO:fitness.free_loss_fidelity: RL4CO free-loss step 1/200: score=36.626595 (avg=36.626595), loss=0.783741 (avg=0.783741), pairs_step=12160, pairs_total=12160
[2026-02-28 15:25:12,892] INFO:fitness.free_loss_fidelity: RL4CO free-loss step 1/200: score=36.626595 (avg=36.626595), loss=0.783741 (avg=0.783741), pairs_step=12160, pairs_total=12160
[2026-02-28 15:25:18,125] INFO:fitness.free_loss_fidelity: RL4CO free-loss step 20/200: score=10.424982 (avg=13.440525), loss=0.613621 (avg=0.610097), pairs_step=12160, pairs_total=243200
[2026-02-28 15:25:18,125] INFO:fitness.free_loss_fidelity: RL4CO free-loss step 20/200: score=10.424982 (avg=13.440525), loss=0.613621 (avg=0.610097), pairs_step=12160, pairs_total=243200
[2026-02-28 15:25:23,580] INFO:fitness.free_loss_fidelity: RL4CO free-loss step 40/200: score=9.889606 (avg=11.718314), loss=0.595032 (avg=0.601066), pairs_step=12160, pairs_total=486400
[2026-02-28 15:25:23,580] INFO:fitness.free_loss_fidelity: RL4CO free-loss step 40/200: score=9.889606 (avg=11.718314), loss=0.595032 (avg=0.601066), pairs_step=12160, pairs_total=486400
[2026-02-28 15:25:29,027] INFO:fitness.free_loss_fidelity: RL4CO free-loss step 60/200: score=9.643878 (avg=11.041709), loss=0.567047 (avg=0.596035), pairs_step=12160, pairs_total=729600
[2026-02-28 15:25:29,027] INFO:fitness.free_loss_fidelity: RL4CO free-loss step 60/200: score=9.643878 (avg=11.041709), loss=0.567047 (avg=0.596035), pairs_step=12160, pairs_total=729600
[2026-02-28 15:25:34,477] INFO:fitness.free_loss_fidelity: RL4CO free-loss step 80/200: score=9.486635 (avg=10.670499), loss=0.578676 (avg=0.591429), pairs_step=12160, pairs_total=972800
[2026-02-28 15:25:34,477] INFO:fitness.free_loss_fidelity: RL4CO free-loss step 80/200: score=9.486635 (avg=10.670499), loss=0.578676 (avg=0.591429), pairs_step=12160, pairs_total=972800
[2026-02-28 15:25:39,927] INFO:fitness.free_loss_fidelity: RL4CO free-loss step 100/200: score=9.377834 (avg=10.436605), loss=0.559458 (avg=0.588028), pairs_step=12160, pairs_total=1215999
[2026-02-28 15:25:39,927] INFO:fitness.free_loss_fidelity: RL4CO free-loss step 100/200: score=9.377834 (avg=10.436605), loss=0.559458 (avg=0.588028), pairs_step=12160, pairs_total=1215999
[2026-02-28 15:25:45,374] INFO:fitness.free_loss_fidelity: RL4CO free-loss step 120/200: score=9.297432 (avg=10.264260), loss=0.570511 (avg=0.585067), pairs_step=12160, pairs_total=1459199
[2026-02-28 15:25:45,374] INFO:fitness.free_loss_fidelity: RL4CO free-loss step 120/200: score=9.297432 (avg=10.264260), loss=0.570511 (avg=0.585067), pairs_step=12160, pairs_total=1459199
[2026-02-28 15:25:50,852] INFO:fitness.free_loss_fidelity: RL4CO free-loss step 140/200: score=9.361975 (avg=10.135649), loss=0.574650 (avg=0.583584), pairs_step=12160, pairs_total=1702398
[2026-02-28 15:25:50,852] INFO:fitness.free_loss_fidelity: RL4CO free-loss step 140/200: score=9.361975 (avg=10.135649), loss=0.574650 (avg=0.583584), pairs_step=12160, pairs_total=1702398
[2026-02-28 15:25:56,310] INFO:fitness.free_loss_fidelity: RL4CO free-loss step 160/200: score=9.287067 (avg=10.029468), loss=0.575805 (avg=0.583024), pairs_step=12160, pairs_total=1945598
[2026-02-28 15:25:56,310] INFO:fitness.free_loss_fidelity: RL4CO free-loss step 160/200: score=9.287067 (avg=10.029468), loss=0.575805 (avg=0.583024), pairs_step=12160, pairs_total=1945598
[2026-02-28 15:26:01,754] INFO:fitness.free_loss_fidelity: RL4CO free-loss step 180/200: score=9.214569 (avg=9.938637), loss=0.565811 (avg=0.582708), pairs_step=12160, pairs_total=2188796
[2026-02-28 15:26:01,754] INFO:fitness.free_loss_fidelity: RL4CO free-loss step 180/200: score=9.214569 (avg=9.938637), loss=0.565811 (avg=0.582708), pairs_step=12160, pairs_total=2188796
[2026-02-28 15:26:07,230] INFO:fitness.free_loss_fidelity: RL4CO free-loss step 200/200: score=9.084824 (avg=9.857756), loss=0.594100 (avg=0.582377), pairs_step=12160, pairs_total=2431996
[2026-02-28 15:26:07,230] INFO:fitness.free_loss_fidelity: RL4CO free-loss step 200/200: score=9.084824 (avg=9.857756), loss=0.594100 (avg=0.582377), pairs_step=12160, pairs_total=2431996
[2026-02-28 15:26:08,464] WARNING:fitness.free_loss_fidelity: weights_only checkpoint load failed (UnpicklingError); retrying weights_only=False for /data1/gushengda/eam-rl4co/baseline/epoch_135.ckpt
[2026-02-28 15:26:08,464] WARNING:fitness.free_loss_fidelity: weights_only checkpoint load failed (UnpicklingError); retrying weights_only=False for /data1/gushengda/eam-rl4co/baseline/epoch_135.ckpt
[2026-02-28 15:26:08,503] INFO:fitness.free_loss_fidelity: Loaded init checkpoint into policy: path=/data1/gushengda/eam-rl4co/baseline/epoch_135.ckpt prefix=policy. matched=97 missing=0 unexpected=0
[2026-02-28 15:26:08,503] INFO:fitness.free_loss_fidelity: Loaded init checkpoint into policy: path=/data1/gushengda/eam-rl4co/baseline/epoch_135.ckpt prefix=policy. matched=97 missing=0 unexpected=0
[2026-02-28 15:26:08,508] INFO:fitness.free_loss_fidelity: RL4CO free-loss (step-mode): f1_steps=200, f2_steps=0, total_steps=200, train_problem_size=100, rollouts=20, batch_size=64, device=cuda:0, env=tsp
[2026-02-28 15:26:08,508] INFO:fitness.free_loss_fidelity: RL4CO free-loss (step-mode): f1_steps=200, f2_steps=0, total_steps=200, train_problem_size=100, rollouts=20, batch_size=64, device=cuda:0, env=tsp
[2026-02-28 15:26:08,798] INFO:fitness.free_loss_fidelity: RL4CO free-loss step 1/200: score=7.825121 (avg=7.825121), loss=0.668709 (avg=0.668709), pairs_step=12151, pairs_total=12151
[2026-02-28 15:26:08,798] INFO:fitness.free_loss_fidelity: RL4CO free-loss step 1/200: score=7.825121 (avg=7.825121), loss=0.668709 (avg=0.668709), pairs_step=12151, pairs_total=12151
[2026-02-28 15:26:14,074] INFO:fitness.free_loss_fidelity: RL4CO free-loss step 20/200: score=7.817696 (avg=7.840080), loss=0.665997 (avg=0.662555), pairs_step=12156, pairs_total=243074
[2026-02-28 15:26:14,074] INFO:fitness.free_loss_fidelity: RL4CO free-loss step 20/200: score=7.817696 (avg=7.840080), loss=0.665997 (avg=0.662555), pairs_step=12156, pairs_total=243074
[2026-02-28 15:26:19,644] INFO:fitness.free_loss_fidelity: RL4CO free-loss step 40/200: score=7.854453 (avg=7.836951), loss=0.663802 (avg=0.663263), pairs_step=12155, pairs_total=486179
[2026-02-28 15:26:19,644] INFO:fitness.free_loss_fidelity: RL4CO free-loss step 40/200: score=7.854453 (avg=7.836951), loss=0.663802 (avg=0.663263), pairs_step=12155, pairs_total=486179
[2026-02-28 15:26:25,186] INFO:fitness.free_loss_fidelity: RL4CO free-loss step 60/200: score=7.849833 (avg=7.835222), loss=0.666311 (avg=0.663410), pairs_step=12150, pairs_total=729254
[2026-02-28 15:26:25,186] INFO:fitness.free_loss_fidelity: RL4CO free-loss step 60/200: score=7.849833 (avg=7.835222), loss=0.666311 (avg=0.663410), pairs_step=12150, pairs_total=729254
[2026-02-28 15:26:30,647] INFO:fitness.free_loss_fidelity: RL4CO free-loss step 80/200: score=7.827961 (avg=7.834071), loss=0.664292 (avg=0.663849), pairs_step=12155, pairs_total=972341
[2026-02-28 15:26:30,647] INFO:fitness.free_loss_fidelity: RL4CO free-loss step 80/200: score=7.827961 (avg=7.834071), loss=0.664292 (avg=0.663849), pairs_step=12155, pairs_total=972341
[2026-02-28 15:26:36,095] INFO:fitness.free_loss_fidelity: RL4CO free-loss step 100/200: score=7.798626 (avg=7.834727), loss=0.665268 (avg=0.663913), pairs_step=12154, pairs_total=1215437
[2026-02-28 15:26:36,095] INFO:fitness.free_loss_fidelity: RL4CO free-loss step 100/200: score=7.798626 (avg=7.834727), loss=0.665268 (avg=0.663913), pairs_step=12154, pairs_total=1215437
[2026-02-28 15:26:41,540] INFO:fitness.free_loss_fidelity: RL4CO free-loss step 120/200: score=7.807791 (avg=7.836795), loss=0.660981 (avg=0.664078), pairs_step=12151, pairs_total=1458511
[2026-02-28 15:26:41,540] INFO:fitness.free_loss_fidelity: RL4CO free-loss step 120/200: score=7.807791 (avg=7.836795), loss=0.660981 (avg=0.664078), pairs_step=12151, pairs_total=1458511
[2026-02-28 15:26:46,994] INFO:fitness.free_loss_fidelity: RL4CO free-loss step 140/200: score=7.872687 (avg=7.838043), loss=0.664287 (avg=0.664263), pairs_step=12153, pairs_total=1701609
[2026-02-28 15:26:46,994] INFO:fitness.free_loss_fidelity: RL4CO free-loss step 140/200: score=7.872687 (avg=7.838043), loss=0.664287 (avg=0.664263), pairs_step=12153, pairs_total=1701609
[2026-02-28 15:26:52,437] INFO:fitness.free_loss_fidelity: RL4CO free-loss step 160/200: score=7.829849 (avg=7.837540), loss=0.669150 (avg=0.664586), pairs_step=12154, pairs_total=1944682
[2026-02-28 15:26:52,437] INFO:fitness.free_loss_fidelity: RL4CO free-loss step 160/200: score=7.829849 (avg=7.837540), loss=0.669150 (avg=0.664586), pairs_step=12154, pairs_total=1944682
[2026-02-28 15:26:57,882] INFO:fitness.free_loss_fidelity: RL4CO free-loss step 180/200: score=7.822400 (avg=7.836883), loss=0.657325 (avg=0.664627), pairs_step=12147, pairs_total=2187749
[2026-02-28 15:26:57,882] INFO:fitness.free_loss_fidelity: RL4CO free-loss step 180/200: score=7.822400 (avg=7.836883), loss=0.657325 (avg=0.664627), pairs_step=12147, pairs_total=2187749
[2026-02-28 15:27:03,350] INFO:fitness.free_loss_fidelity: RL4CO free-loss step 200/200: score=7.853426 (avg=7.835888), loss=0.662003 (avg=0.664589), pairs_step=12154, pairs_total=2430852
[2026-02-28 15:27:03,350] INFO:fitness.free_loss_fidelity: RL4CO free-loss step 200/200: score=7.853426 (avg=7.835888), loss=0.662003 (avg=0.664589), pairs_step=12154, pairs_total=2430852
[2026-02-28 15:27:04,581] WARNING:fitness.free_loss_fidelity: weights_only checkpoint load failed (UnpicklingError); retrying weights_only=False for /data1/gushengda/eam-rl4co/baseline/epoch_409.ckpt
[2026-02-28 15:27:04,581] WARNING:fitness.free_loss_fidelity: weights_only checkpoint load failed (UnpicklingError); retrying weights_only=False for /data1/gushengda/eam-rl4co/baseline/epoch_409.ckpt
[2026-02-28 15:27:04,610] INFO:fitness.free_loss_fidelity: Loaded init checkpoint into policy: path=/data1/gushengda/eam-rl4co/baseline/epoch_409.ckpt prefix=policy. matched=97 missing=0 unexpected=0
[2026-02-28 15:27:04,610] INFO:fitness.free_loss_fidelity: Loaded init checkpoint into policy: path=/data1/gushengda/eam-rl4co/baseline/epoch_409.ckpt prefix=policy. matched=97 missing=0 unexpected=0
[2026-02-28 15:27:04,615] INFO:fitness.free_loss_fidelity: RL4CO free-loss (step-mode): f1_steps=200, f2_steps=0, total_steps=200, train_problem_size=100, rollouts=20, batch_size=64, device=cuda:0, env=tsp
[2026-02-28 15:27:04,615] INFO:fitness.free_loss_fidelity: RL4CO free-loss (step-mode): f1_steps=200, f2_steps=0, total_steps=200, train_problem_size=100, rollouts=20, batch_size=64, device=cuda:0, env=tsp
[2026-02-28 15:27:04,903] INFO:fitness.free_loss_fidelity: RL4CO free-loss step 1/200: score=7.826895 (avg=7.826895), loss=0.212277 (avg=0.212277), pairs_step=12149, pairs_total=12149
[2026-02-28 15:27:04,903] INFO:fitness.free_loss_fidelity: RL4CO free-loss step 1/200: score=7.826895 (avg=7.826895), loss=0.212277 (avg=0.212277), pairs_step=12149, pairs_total=12149
[2026-02-28 15:27:10,080] INFO:fitness.free_loss_fidelity: RL4CO free-loss step 20/200: score=7.812979 (avg=7.841931), loss=0.198153 (avg=0.199869), pairs_step=12158, pairs_total=243093
[2026-02-28 15:27:10,080] INFO:fitness.free_loss_fidelity: RL4CO free-loss step 20/200: score=7.812979 (avg=7.841931), loss=0.198153 (avg=0.199869), pairs_step=12158, pairs_total=243093
[2026-02-28 15:27:15,541] INFO:fitness.free_loss_fidelity: RL4CO free-loss step 40/200: score=7.848798 (avg=7.838208), loss=0.206955 (avg=0.202380), pairs_step=12157, pairs_total=486204
[2026-02-28 15:27:15,541] INFO:fitness.free_loss_fidelity: RL4CO free-loss step 40/200: score=7.848798 (avg=7.838208), loss=0.206955 (avg=0.202380), pairs_step=12157, pairs_total=486204
[2026-02-28 15:27:20,995] INFO:fitness.free_loss_fidelity: RL4CO free-loss step 60/200: score=7.841441 (avg=7.834474), loss=0.204993 (avg=0.202055), pairs_step=12151, pairs_total=729282
[2026-02-28 15:27:20,995] INFO:fitness.free_loss_fidelity: RL4CO free-loss step 60/200: score=7.841441 (avg=7.834474), loss=0.204993 (avg=0.202055), pairs_step=12151, pairs_total=729282
[2026-02-28 15:27:26,459] INFO:fitness.free_loss_fidelity: RL4CO free-loss step 80/200: score=7.826007 (avg=7.832216), loss=0.204746 (avg=0.201196), pairs_step=12153, pairs_total=972346
[2026-02-28 15:27:26,459] INFO:fitness.free_loss_fidelity: RL4CO free-loss step 80/200: score=7.826007 (avg=7.832216), loss=0.204746 (avg=0.201196), pairs_step=12153, pairs_total=972346
[2026-02-28 15:27:32,100] INFO:fitness.free_loss_fidelity: RL4CO free-loss step 100/200: score=7.785374 (avg=7.833287), loss=0.201043 (avg=0.200734), pairs_step=12152, pairs_total=1215423
[2026-02-28 15:27:32,100] INFO:fitness.free_loss_fidelity: RL4CO free-loss step 100/200: score=7.785374 (avg=7.833287), loss=0.201043 (avg=0.200734), pairs_step=12152, pairs_total=1215423
[2026-02-28 15:27:37,554] INFO:fitness.free_loss_fidelity: RL4CO free-loss step 120/200: score=7.809263 (avg=7.835259), loss=0.179976 (avg=0.198504), pairs_step=12157, pairs_total=1458543
[2026-02-28 15:27:37,554] INFO:fitness.free_loss_fidelity: RL4CO free-loss step 120/200: score=7.809263 (avg=7.835259), loss=0.179976 (avg=0.198504), pairs_step=12157, pairs_total=1458543
[2026-02-28 15:27:43,010] INFO:fitness.free_loss_fidelity: RL4CO free-loss step 140/200: score=7.859871 (avg=7.836785), loss=0.196050 (avg=0.197380), pairs_step=12155, pairs_total=1701643
[2026-02-28 15:27:43,010] INFO:fitness.free_loss_fidelity: RL4CO free-loss step 140/200: score=7.859871 (avg=7.836785), loss=0.196050 (avg=0.197380), pairs_step=12155, pairs_total=1701643
[2026-02-28 15:27:48,456] INFO:fitness.free_loss_fidelity: RL4CO free-loss step 160/200: score=7.830680 (avg=7.836117), loss=0.209271 (avg=0.197271), pairs_step=12158, pairs_total=1944715
[2026-02-28 15:27:48,456] INFO:fitness.free_loss_fidelity: RL4CO free-loss step 160/200: score=7.830680 (avg=7.836117), loss=0.209271 (avg=0.197271), pairs_step=12158, pairs_total=1944715
[2026-02-28 15:27:53,903] INFO:fitness.free_loss_fidelity: RL4CO free-loss step 180/200: score=7.821151 (avg=7.835013), loss=0.200600 (avg=0.197245), pairs_step=12154, pairs_total=2187809
[2026-02-28 15:27:53,903] INFO:fitness.free_loss_fidelity: RL4CO free-loss step 180/200: score=7.821151 (avg=7.835013), loss=0.200600 (avg=0.197245), pairs_step=12154, pairs_total=2187809
[2026-02-28 15:27:59,396] INFO:fitness.free_loss_fidelity: RL4CO free-loss step 200/200: score=7.857004 (avg=7.834087), loss=0.197395 (avg=0.197678), pairs_step=12156, pairs_total=2430915
[2026-02-28 15:27:59,396] INFO:fitness.free_loss_fidelity: RL4CO free-loss step 200/200: score=7.857004 (avg=7.834087), loss=0.197395 (avg=0.197678), pairs_step=12156, pairs_total=2430915
