[2026-02-28 14:13:19,476] INFO:fitness.free_loss_fidelity: Stage3 offline mini-train start gen=6 pair_index=2 K=200 seed=12345 valid_sizes=[20, 100] baseline_json=baseline/mini_eval/baseline_minitrain_tsp100_K200.json
[2026-02-28 14:13:19,476] INFO:fitness.free_loss_fidelity: Stage3 offline mini-train start gen=6 pair_index=2 K=200 seed=12345 valid_sizes=[20, 100] baseline_json=baseline/mini_eval/baseline_minitrain_tsp100_K200.json
[2026-02-28 14:13:26,456] INFO:fitness.free_loss_fidelity: RL4CO free-loss (step-mode): f1_steps=200, f2_steps=0, total_steps=200, train_problem_size=100, rollouts=20, batch_size=64, device=cuda:3, env=tsp
[2026-02-28 14:13:26,456] INFO:fitness.free_loss_fidelity: RL4CO free-loss (step-mode): f1_steps=200, f2_steps=0, total_steps=200, train_problem_size=100, rollouts=20, batch_size=64, device=cuda:3, env=tsp
[2026-02-28 14:13:27,798] INFO:fitness.free_loss_fidelity: RL4CO free-loss step 1/200: score=36.626595 (avg=36.626595), loss=0.794751 (avg=0.794751), pairs_step=12160, pairs_total=12160
[2026-02-28 14:13:27,798] INFO:fitness.free_loss_fidelity: RL4CO free-loss step 1/200: score=36.626595 (avg=36.626595), loss=0.794751 (avg=0.794751), pairs_step=12160, pairs_total=12160
[2026-02-28 14:13:33,628] INFO:fitness.free_loss_fidelity: RL4CO free-loss step 20/200: score=10.627470 (avg=13.466764), loss=0.591036 (avg=0.617720), pairs_step=12160, pairs_total=243200
[2026-02-28 14:13:33,628] INFO:fitness.free_loss_fidelity: RL4CO free-loss step 20/200: score=10.627470 (avg=13.466764), loss=0.591036 (avg=0.617720), pairs_step=12160, pairs_total=243200
[2026-02-28 14:13:39,545] INFO:fitness.free_loss_fidelity: RL4CO free-loss step 40/200: score=9.905470 (avg=11.817864), loss=0.611233 (avg=0.610544), pairs_step=12160, pairs_total=486400
[2026-02-28 14:13:39,545] INFO:fitness.free_loss_fidelity: RL4CO free-loss step 40/200: score=9.905470 (avg=11.817864), loss=0.611233 (avg=0.610544), pairs_step=12160, pairs_total=486400
[2026-02-28 14:13:45,150] INFO:fitness.free_loss_fidelity: RL4CO free-loss step 60/200: score=9.686236 (avg=11.137839), loss=0.579562 (avg=0.607467), pairs_step=12160, pairs_total=729600
[2026-02-28 14:13:45,150] INFO:fitness.free_loss_fidelity: RL4CO free-loss step 60/200: score=9.686236 (avg=11.137839), loss=0.579562 (avg=0.607467), pairs_step=12160, pairs_total=729600
[2026-02-28 14:13:50,753] INFO:fitness.free_loss_fidelity: RL4CO free-loss step 80/200: score=9.560757 (avg=10.764456), loss=0.565686 (avg=0.601207), pairs_step=12160, pairs_total=972800
[2026-02-28 14:13:50,753] INFO:fitness.free_loss_fidelity: RL4CO free-loss step 80/200: score=9.560757 (avg=10.764456), loss=0.565686 (avg=0.601207), pairs_step=12160, pairs_total=972800
[2026-02-28 14:13:56,366] INFO:fitness.free_loss_fidelity: RL4CO free-loss step 100/200: score=9.429714 (avg=10.516131), loss=0.571800 (avg=0.595499), pairs_step=12160, pairs_total=1216000
[2026-02-28 14:13:56,366] INFO:fitness.free_loss_fidelity: RL4CO free-loss step 100/200: score=9.429714 (avg=10.516131), loss=0.571800 (avg=0.595499), pairs_step=12160, pairs_total=1216000
[2026-02-28 14:14:02,017] INFO:fitness.free_loss_fidelity: RL4CO free-loss step 120/200: score=9.385121 (avg=10.333619), loss=0.574436 (avg=0.591344), pairs_step=12160, pairs_total=1459200
[2026-02-28 14:14:02,017] INFO:fitness.free_loss_fidelity: RL4CO free-loss step 120/200: score=9.385121 (avg=10.333619), loss=0.574436 (avg=0.591344), pairs_step=12160, pairs_total=1459200
[2026-02-28 14:14:07,600] INFO:fitness.free_loss_fidelity: RL4CO free-loss step 140/200: score=9.367394 (avg=10.197547), loss=0.573193 (avg=0.587851), pairs_step=12160, pairs_total=1702400
[2026-02-28 14:14:07,600] INFO:fitness.free_loss_fidelity: RL4CO free-loss step 140/200: score=9.367394 (avg=10.197547), loss=0.573193 (avg=0.587851), pairs_step=12160, pairs_total=1702400
[2026-02-28 14:14:13,170] INFO:fitness.free_loss_fidelity: RL4CO free-loss step 160/200: score=9.184142 (avg=10.085945), loss=0.570629 (avg=0.584911), pairs_step=12160, pairs_total=1945600
[2026-02-28 14:14:13,170] INFO:fitness.free_loss_fidelity: RL4CO free-loss step 160/200: score=9.184142 (avg=10.085945), loss=0.570629 (avg=0.584911), pairs_step=12160, pairs_total=1945600
[2026-02-28 14:14:18,752] INFO:fitness.free_loss_fidelity: RL4CO free-loss step 180/200: score=9.187008 (avg=9.990977), loss=0.569586 (avg=0.583524), pairs_step=12160, pairs_total=2188799
[2026-02-28 14:14:18,752] INFO:fitness.free_loss_fidelity: RL4CO free-loss step 180/200: score=9.187008 (avg=9.990977), loss=0.569586 (avg=0.583524), pairs_step=12160, pairs_total=2188799
[2026-02-28 14:14:24,331] INFO:fitness.free_loss_fidelity: RL4CO free-loss step 200/200: score=9.227792 (avg=9.911494), loss=0.560307 (avg=0.582837), pairs_step=12160, pairs_total=2431999
[2026-02-28 14:14:24,331] INFO:fitness.free_loss_fidelity: RL4CO free-loss step 200/200: score=9.227792 (avg=9.911494), loss=0.560307 (avg=0.582837), pairs_step=12160, pairs_total=2431999
[2026-02-28 14:14:25,614] WARNING:fitness.free_loss_fidelity: weights_only checkpoint load failed (UnpicklingError); retrying weights_only=False for /data1/gushengda/eam-rl4co/baseline/epoch_135.ckpt
[2026-02-28 14:14:25,614] WARNING:fitness.free_loss_fidelity: weights_only checkpoint load failed (UnpicklingError); retrying weights_only=False for /data1/gushengda/eam-rl4co/baseline/epoch_135.ckpt
[2026-02-28 14:14:25,661] INFO:fitness.free_loss_fidelity: Loaded init checkpoint into policy: path=/data1/gushengda/eam-rl4co/baseline/epoch_135.ckpt prefix=policy. matched=97 missing=0 unexpected=0
[2026-02-28 14:14:25,661] INFO:fitness.free_loss_fidelity: Loaded init checkpoint into policy: path=/data1/gushengda/eam-rl4co/baseline/epoch_135.ckpt prefix=policy. matched=97 missing=0 unexpected=0
[2026-02-28 14:14:25,666] INFO:fitness.free_loss_fidelity: RL4CO free-loss (step-mode): f1_steps=200, f2_steps=0, total_steps=200, train_problem_size=100, rollouts=20, batch_size=64, device=cuda:3, env=tsp
[2026-02-28 14:14:25,666] INFO:fitness.free_loss_fidelity: RL4CO free-loss (step-mode): f1_steps=200, f2_steps=0, total_steps=200, train_problem_size=100, rollouts=20, batch_size=64, device=cuda:3, env=tsp
[2026-02-28 14:14:25,992] INFO:fitness.free_loss_fidelity: RL4CO free-loss step 1/200: score=7.825121 (avg=7.825121), loss=0.670124 (avg=0.670124), pairs_step=12151, pairs_total=12151
[2026-02-28 14:14:25,992] INFO:fitness.free_loss_fidelity: RL4CO free-loss step 1/200: score=7.825121 (avg=7.825121), loss=0.670124 (avg=0.670124), pairs_step=12151, pairs_total=12151
[2026-02-28 14:14:31,342] INFO:fitness.free_loss_fidelity: RL4CO free-loss step 20/200: score=7.822732 (avg=7.843116), loss=0.664607 (avg=0.664412), pairs_step=12152, pairs_total=243086
[2026-02-28 14:14:31,342] INFO:fitness.free_loss_fidelity: RL4CO free-loss step 20/200: score=7.822732 (avg=7.843116), loss=0.664607 (avg=0.664412), pairs_step=12152, pairs_total=243086
[2026-02-28 14:14:36,951] INFO:fitness.free_loss_fidelity: RL4CO free-loss step 40/200: score=7.853836 (avg=7.837533), loss=0.659609 (avg=0.664689), pairs_step=12156, pairs_total=486170
[2026-02-28 14:14:36,951] INFO:fitness.free_loss_fidelity: RL4CO free-loss step 40/200: score=7.853836 (avg=7.837533), loss=0.659609 (avg=0.664689), pairs_step=12156, pairs_total=486170
[2026-02-28 14:14:42,550] INFO:fitness.free_loss_fidelity: RL4CO free-loss step 60/200: score=7.848374 (avg=7.834844), loss=0.671502 (avg=0.665470), pairs_step=12156, pairs_total=729253
[2026-02-28 14:14:42,550] INFO:fitness.free_loss_fidelity: RL4CO free-loss step 60/200: score=7.848374 (avg=7.834844), loss=0.671502 (avg=0.665470), pairs_step=12156, pairs_total=729253
[2026-02-28 14:14:48,160] INFO:fitness.free_loss_fidelity: RL4CO free-loss step 80/200: score=7.839634 (avg=7.834886), loss=0.669087 (avg=0.666235), pairs_step=12157, pairs_total=972363
[2026-02-28 14:14:48,160] INFO:fitness.free_loss_fidelity: RL4CO free-loss step 80/200: score=7.839634 (avg=7.834886), loss=0.669087 (avg=0.666235), pairs_step=12157, pairs_total=972363
[2026-02-28 14:14:53,748] INFO:fitness.free_loss_fidelity: RL4CO free-loss step 100/200: score=7.793195 (avg=7.836121), loss=0.670315 (avg=0.666800), pairs_step=12158, pairs_total=1215457
[2026-02-28 14:14:53,748] INFO:fitness.free_loss_fidelity: RL4CO free-loss step 100/200: score=7.793195 (avg=7.836121), loss=0.670315 (avg=0.666800), pairs_step=12158, pairs_total=1215457
[2026-02-28 14:14:59,361] INFO:fitness.free_loss_fidelity: RL4CO free-loss step 120/200: score=7.815108 (avg=7.838234), loss=0.669692 (avg=0.666960), pairs_step=12154, pairs_total=1458561
[2026-02-28 14:14:59,361] INFO:fitness.free_loss_fidelity: RL4CO free-loss step 120/200: score=7.815108 (avg=7.838234), loss=0.669692 (avg=0.666960), pairs_step=12154, pairs_total=1458561
[2026-02-28 14:15:04,967] INFO:fitness.free_loss_fidelity: RL4CO free-loss step 140/200: score=7.866674 (avg=7.839783), loss=0.666582 (avg=0.667326), pairs_step=12154, pairs_total=1701658
[2026-02-28 14:15:04,967] INFO:fitness.free_loss_fidelity: RL4CO free-loss step 140/200: score=7.866674 (avg=7.839783), loss=0.666582 (avg=0.667326), pairs_step=12154, pairs_total=1701658
[2026-02-28 14:15:10,555] INFO:fitness.free_loss_fidelity: RL4CO free-loss step 160/200: score=7.837316 (avg=7.839094), loss=0.667397 (avg=0.667750), pairs_step=12156, pairs_total=1944757
[2026-02-28 14:15:10,555] INFO:fitness.free_loss_fidelity: RL4CO free-loss step 160/200: score=7.837316 (avg=7.839094), loss=0.667397 (avg=0.667750), pairs_step=12156, pairs_total=1944757
[2026-02-28 14:15:16,156] INFO:fitness.free_loss_fidelity: RL4CO free-loss step 180/200: score=7.827555 (avg=7.837757), loss=0.675191 (avg=0.667861), pairs_step=12154, pairs_total=2187850
[2026-02-28 14:15:16,156] INFO:fitness.free_loss_fidelity: RL4CO free-loss step 180/200: score=7.827555 (avg=7.837757), loss=0.675191 (avg=0.667861), pairs_step=12154, pairs_total=2187850
[2026-02-28 14:15:21,749] INFO:fitness.free_loss_fidelity: RL4CO free-loss step 200/200: score=7.859542 (avg=7.837007), loss=0.662304 (avg=0.667906), pairs_step=12149, pairs_total=2430919
[2026-02-28 14:15:21,749] INFO:fitness.free_loss_fidelity: RL4CO free-loss step 200/200: score=7.859542 (avg=7.837007), loss=0.662304 (avg=0.667906), pairs_step=12149, pairs_total=2430919
[2026-02-28 14:15:23,025] WARNING:fitness.free_loss_fidelity: weights_only checkpoint load failed (UnpicklingError); retrying weights_only=False for /data1/gushengda/eam-rl4co/baseline/epoch_409.ckpt
[2026-02-28 14:15:23,025] WARNING:fitness.free_loss_fidelity: weights_only checkpoint load failed (UnpicklingError); retrying weights_only=False for /data1/gushengda/eam-rl4co/baseline/epoch_409.ckpt
[2026-02-28 14:15:23,066] INFO:fitness.free_loss_fidelity: Loaded init checkpoint into policy: path=/data1/gushengda/eam-rl4co/baseline/epoch_409.ckpt prefix=policy. matched=97 missing=0 unexpected=0
[2026-02-28 14:15:23,066] INFO:fitness.free_loss_fidelity: Loaded init checkpoint into policy: path=/data1/gushengda/eam-rl4co/baseline/epoch_409.ckpt prefix=policy. matched=97 missing=0 unexpected=0
[2026-02-28 14:15:23,071] INFO:fitness.free_loss_fidelity: RL4CO free-loss (step-mode): f1_steps=200, f2_steps=0, total_steps=200, train_problem_size=100, rollouts=20, batch_size=64, device=cuda:3, env=tsp
[2026-02-28 14:15:23,071] INFO:fitness.free_loss_fidelity: RL4CO free-loss (step-mode): f1_steps=200, f2_steps=0, total_steps=200, train_problem_size=100, rollouts=20, batch_size=64, device=cuda:3, env=tsp
[2026-02-28 14:15:23,399] INFO:fitness.free_loss_fidelity: RL4CO free-loss step 1/200: score=7.826895 (avg=7.826895), loss=0.213288 (avg=0.213288), pairs_step=12149, pairs_total=12149
[2026-02-28 14:15:23,399] INFO:fitness.free_loss_fidelity: RL4CO free-loss step 1/200: score=7.826895 (avg=7.826895), loss=0.213288 (avg=0.213288), pairs_step=12149, pairs_total=12149
[2026-02-28 14:15:28,720] INFO:fitness.free_loss_fidelity: RL4CO free-loss step 20/200: score=7.812841 (avg=7.836152), loss=0.195829 (avg=0.197006), pairs_step=12153, pairs_total=243021
[2026-02-28 14:15:28,720] INFO:fitness.free_loss_fidelity: RL4CO free-loss step 20/200: score=7.812841 (avg=7.836152), loss=0.195829 (avg=0.197006), pairs_step=12153, pairs_total=243021
[2026-02-28 14:15:34,306] INFO:fitness.free_loss_fidelity: RL4CO free-loss step 40/200: score=7.855343 (avg=7.835319), loss=0.197072 (avg=0.198918), pairs_step=12157, pairs_total=486117
[2026-02-28 14:15:34,306] INFO:fitness.free_loss_fidelity: RL4CO free-loss step 40/200: score=7.855343 (avg=7.835319), loss=0.197072 (avg=0.198918), pairs_step=12157, pairs_total=486117
[2026-02-28 14:15:39,921] INFO:fitness.free_loss_fidelity: RL4CO free-loss step 60/200: score=7.857328 (avg=7.832978), loss=0.200114 (avg=0.196311), pairs_step=12155, pairs_total=729206
[2026-02-28 14:15:39,921] INFO:fitness.free_loss_fidelity: RL4CO free-loss step 60/200: score=7.857328 (avg=7.832978), loss=0.200114 (avg=0.196311), pairs_step=12155, pairs_total=729206
[2026-02-28 14:15:45,520] INFO:fitness.free_loss_fidelity: RL4CO free-loss step 80/200: score=7.835222 (avg=7.831667), loss=0.190701 (avg=0.194731), pairs_step=12156, pairs_total=972270
[2026-02-28 14:15:45,520] INFO:fitness.free_loss_fidelity: RL4CO free-loss step 80/200: score=7.835222 (avg=7.831667), loss=0.190701 (avg=0.194731), pairs_step=12156, pairs_total=972270
[2026-02-28 14:15:51,124] INFO:fitness.free_loss_fidelity: RL4CO free-loss step 100/200: score=7.797288 (avg=7.833174), loss=0.194264 (avg=0.193974), pairs_step=12150, pairs_total=1215367
[2026-02-28 14:15:51,124] INFO:fitness.free_loss_fidelity: RL4CO free-loss step 100/200: score=7.797288 (avg=7.833174), loss=0.194264 (avg=0.193974), pairs_step=12150, pairs_total=1215367
[2026-02-28 14:15:56,738] INFO:fitness.free_loss_fidelity: RL4CO free-loss step 120/200: score=7.808245 (avg=7.834807), loss=0.190412 (avg=0.192759), pairs_step=12145, pairs_total=1458427
[2026-02-28 14:15:56,738] INFO:fitness.free_loss_fidelity: RL4CO free-loss step 120/200: score=7.808245 (avg=7.834807), loss=0.190412 (avg=0.192759), pairs_step=12145, pairs_total=1458427
[2026-02-28 14:16:02,335] INFO:fitness.free_loss_fidelity: RL4CO free-loss step 140/200: score=7.851324 (avg=7.835216), loss=0.193386 (avg=0.193455), pairs_step=12151, pairs_total=1701458
[2026-02-28 14:16:02,335] INFO:fitness.free_loss_fidelity: RL4CO free-loss step 140/200: score=7.851324 (avg=7.835216), loss=0.193386 (avg=0.193455), pairs_step=12151, pairs_total=1701458
[2026-02-28 14:16:08,126] INFO:fitness.free_loss_fidelity: RL4CO free-loss step 160/200: score=7.832256 (avg=7.834785), loss=0.210941 (avg=0.194064), pairs_step=12156, pairs_total=1944528
[2026-02-28 14:16:08,126] INFO:fitness.free_loss_fidelity: RL4CO free-loss step 160/200: score=7.832256 (avg=7.834785), loss=0.210941 (avg=0.194064), pairs_step=12156, pairs_total=1944528
[2026-02-28 14:16:13,714] INFO:fitness.free_loss_fidelity: RL4CO free-loss step 180/200: score=7.820710 (avg=7.833845), loss=0.197431 (avg=0.194523), pairs_step=12154, pairs_total=2187615
[2026-02-28 14:16:13,714] INFO:fitness.free_loss_fidelity: RL4CO free-loss step 180/200: score=7.820710 (avg=7.833845), loss=0.197431 (avg=0.194523), pairs_step=12154, pairs_total=2187615
[2026-02-28 14:16:19,335] INFO:fitness.free_loss_fidelity: RL4CO free-loss step 200/200: score=7.855315 (avg=7.833021), loss=0.185804 (avg=0.194406), pairs_step=12158, pairs_total=2430707
[2026-02-28 14:16:19,335] INFO:fitness.free_loss_fidelity: RL4CO free-loss step 200/200: score=7.855315 (avg=7.833021), loss=0.185804 (avg=0.194406), pairs_step=12158, pairs_total=2430707
