[2026-02-28 12:54:31,199] INFO:fitness.free_loss_fidelity: Stage3 offline mini-train start gen=2 pair_index=4 K=200 seed=12345 valid_sizes=[20, 100] baseline_json=baseline/mini_eval/baseline_minitrain_tsp100_K200.json
[2026-02-28 12:54:31,199] INFO:fitness.free_loss_fidelity: Stage3 offline mini-train start gen=2 pair_index=4 K=200 seed=12345 valid_sizes=[20, 100] baseline_json=baseline/mini_eval/baseline_minitrain_tsp100_K200.json
[2026-02-28 12:54:31,220] INFO:fitness.free_loss_fidelity: RL4CO free-loss (step-mode): f1_steps=200, f2_steps=0, total_steps=200, train_problem_size=100, rollouts=20, batch_size=64, device=cuda:0, env=tsp
[2026-02-28 12:54:31,220] INFO:fitness.free_loss_fidelity: RL4CO free-loss (step-mode): f1_steps=200, f2_steps=0, total_steps=200, train_problem_size=100, rollouts=20, batch_size=64, device=cuda:0, env=tsp
[2026-02-28 12:54:31,494] INFO:fitness.free_loss_fidelity: RL4CO free-loss step 1/200: score=36.626595 (avg=36.626595), loss=0.835711 (avg=0.835711), pairs_step=12160, pairs_total=12160
[2026-02-28 12:54:31,494] INFO:fitness.free_loss_fidelity: RL4CO free-loss step 1/200: score=36.626595 (avg=36.626595), loss=0.835711 (avg=0.835711), pairs_step=12160, pairs_total=12160
[2026-02-28 12:54:36,693] INFO:fitness.free_loss_fidelity: RL4CO free-loss step 20/200: score=10.706011 (avg=13.582652), loss=0.622757 (avg=0.641196), pairs_step=12160, pairs_total=243200
[2026-02-28 12:54:36,693] INFO:fitness.free_loss_fidelity: RL4CO free-loss step 20/200: score=10.706011 (avg=13.582652), loss=0.622757 (avg=0.641196), pairs_step=12160, pairs_total=243200
[2026-02-28 12:54:42,161] INFO:fitness.free_loss_fidelity: RL4CO free-loss step 40/200: score=9.835220 (avg=11.854372), loss=0.618314 (avg=0.632849), pairs_step=12160, pairs_total=486400
[2026-02-28 12:54:42,161] INFO:fitness.free_loss_fidelity: RL4CO free-loss step 40/200: score=9.835220 (avg=11.854372), loss=0.618314 (avg=0.632849), pairs_step=12160, pairs_total=486400
[2026-02-28 12:54:47,627] INFO:fitness.free_loss_fidelity: RL4CO free-loss step 60/200: score=9.643095 (avg=11.141021), loss=0.596658 (avg=0.627251), pairs_step=12160, pairs_total=729600
[2026-02-28 12:54:47,627] INFO:fitness.free_loss_fidelity: RL4CO free-loss step 60/200: score=9.643095 (avg=11.141021), loss=0.596658 (avg=0.627251), pairs_step=12160, pairs_total=729600
[2026-02-28 12:54:53,090] INFO:fitness.free_loss_fidelity: RL4CO free-loss step 80/200: score=9.612844 (avg=10.753050), loss=0.581097 (avg=0.622135), pairs_step=12160, pairs_total=972800
[2026-02-28 12:54:53,090] INFO:fitness.free_loss_fidelity: RL4CO free-loss step 80/200: score=9.612844 (avg=10.753050), loss=0.581097 (avg=0.622135), pairs_step=12160, pairs_total=972800
[2026-02-28 12:54:58,550] INFO:fitness.free_loss_fidelity: RL4CO free-loss step 100/200: score=9.394537 (avg=10.500870), loss=0.596340 (avg=0.617022), pairs_step=12160, pairs_total=1216000
[2026-02-28 12:54:58,550] INFO:fitness.free_loss_fidelity: RL4CO free-loss step 100/200: score=9.394537 (avg=10.500870), loss=0.596340 (avg=0.617022), pairs_step=12160, pairs_total=1216000
[2026-02-28 12:55:04,010] INFO:fitness.free_loss_fidelity: RL4CO free-loss step 120/200: score=9.326105 (avg=10.315468), loss=0.594539 (avg=0.612647), pairs_step=12160, pairs_total=1459200
[2026-02-28 12:55:04,010] INFO:fitness.free_loss_fidelity: RL4CO free-loss step 120/200: score=9.326105 (avg=10.315468), loss=0.594539 (avg=0.612647), pairs_step=12160, pairs_total=1459200
[2026-02-28 12:55:09,470] INFO:fitness.free_loss_fidelity: RL4CO free-loss step 140/200: score=9.303364 (avg=10.171311), loss=0.588847 (avg=0.611196), pairs_step=12160, pairs_total=1702400
[2026-02-28 12:55:09,470] INFO:fitness.free_loss_fidelity: RL4CO free-loss step 140/200: score=9.303364 (avg=10.171311), loss=0.588847 (avg=0.611196), pairs_step=12160, pairs_total=1702400
[2026-02-28 12:55:15,012] INFO:fitness.free_loss_fidelity: RL4CO free-loss step 160/200: score=9.228577 (avg=10.058373), loss=0.581641 (avg=0.608867), pairs_step=12160, pairs_total=1945600
[2026-02-28 12:55:15,012] INFO:fitness.free_loss_fidelity: RL4CO free-loss step 160/200: score=9.228577 (avg=10.058373), loss=0.581641 (avg=0.608867), pairs_step=12160, pairs_total=1945600
[2026-02-28 12:55:20,489] INFO:fitness.free_loss_fidelity: RL4CO free-loss step 180/200: score=9.174174 (avg=9.961649), loss=0.593531 (avg=0.607043), pairs_step=12160, pairs_total=2188800
[2026-02-28 12:55:20,489] INFO:fitness.free_loss_fidelity: RL4CO free-loss step 180/200: score=9.174174 (avg=9.961649), loss=0.593531 (avg=0.607043), pairs_step=12160, pairs_total=2188800
[2026-02-28 12:55:25,950] INFO:fitness.free_loss_fidelity: RL4CO free-loss step 200/200: score=9.093401 (avg=9.878885), loss=0.598342 (avg=0.606191), pairs_step=12160, pairs_total=2431999
[2026-02-28 12:55:25,950] INFO:fitness.free_loss_fidelity: RL4CO free-loss step 200/200: score=9.093401 (avg=9.878885), loss=0.598342 (avg=0.606191), pairs_step=12160, pairs_total=2431999
[2026-02-28 12:55:27,181] WARNING:fitness.free_loss_fidelity: weights_only checkpoint load failed (UnpicklingError); retrying weights_only=False for /data1/gushengda/eam-rl4co/baseline/epoch_135.ckpt
[2026-02-28 12:55:27,181] WARNING:fitness.free_loss_fidelity: weights_only checkpoint load failed (UnpicklingError); retrying weights_only=False for /data1/gushengda/eam-rl4co/baseline/epoch_135.ckpt
[2026-02-28 12:55:27,243] INFO:fitness.free_loss_fidelity: Loaded init checkpoint into policy: path=/data1/gushengda/eam-rl4co/baseline/epoch_135.ckpt prefix=policy. matched=97 missing=0 unexpected=0
[2026-02-28 12:55:27,243] INFO:fitness.free_loss_fidelity: Loaded init checkpoint into policy: path=/data1/gushengda/eam-rl4co/baseline/epoch_135.ckpt prefix=policy. matched=97 missing=0 unexpected=0
[2026-02-28 12:55:27,250] INFO:fitness.free_loss_fidelity: RL4CO free-loss (step-mode): f1_steps=200, f2_steps=0, total_steps=200, train_problem_size=100, rollouts=20, batch_size=64, device=cuda:0, env=tsp
[2026-02-28 12:55:27,250] INFO:fitness.free_loss_fidelity: RL4CO free-loss (step-mode): f1_steps=200, f2_steps=0, total_steps=200, train_problem_size=100, rollouts=20, batch_size=64, device=cuda:0, env=tsp
[2026-02-28 12:55:27,573] INFO:fitness.free_loss_fidelity: RL4CO free-loss step 1/200: score=7.825121 (avg=7.825121), loss=0.675088 (avg=0.675088), pairs_step=12151, pairs_total=12151
[2026-02-28 12:55:27,573] INFO:fitness.free_loss_fidelity: RL4CO free-loss step 1/200: score=7.825121 (avg=7.825121), loss=0.675088 (avg=0.675088), pairs_step=12151, pairs_total=12151
[2026-02-28 12:55:32,873] INFO:fitness.free_loss_fidelity: RL4CO free-loss step 20/200: score=7.819882 (avg=7.843472), loss=0.669182 (avg=0.669205), pairs_step=12151, pairs_total=243056
[2026-02-28 12:55:32,873] INFO:fitness.free_loss_fidelity: RL4CO free-loss step 20/200: score=7.819882 (avg=7.843472), loss=0.669182 (avg=0.669205), pairs_step=12151, pairs_total=243056
[2026-02-28 12:55:38,426] INFO:fitness.free_loss_fidelity: RL4CO free-loss step 40/200: score=7.852604 (avg=7.839631), loss=0.675295 (avg=0.670688), pairs_step=12154, pairs_total=486118
[2026-02-28 12:55:38,426] INFO:fitness.free_loss_fidelity: RL4CO free-loss step 40/200: score=7.852604 (avg=7.839631), loss=0.675295 (avg=0.670688), pairs_step=12154, pairs_total=486118
[2026-02-28 12:55:44,005] INFO:fitness.free_loss_fidelity: RL4CO free-loss step 60/200: score=7.850263 (avg=7.837171), loss=0.667487 (avg=0.671200), pairs_step=12156, pairs_total=729172
[2026-02-28 12:55:44,005] INFO:fitness.free_loss_fidelity: RL4CO free-loss step 60/200: score=7.850263 (avg=7.837171), loss=0.667487 (avg=0.671200), pairs_step=12156, pairs_total=729172
[2026-02-28 12:55:49,582] INFO:fitness.free_loss_fidelity: RL4CO free-loss step 80/200: score=7.843481 (avg=7.837051), loss=0.672560 (avg=0.671239), pairs_step=12158, pairs_total=972277
[2026-02-28 12:55:49,582] INFO:fitness.free_loss_fidelity: RL4CO free-loss step 80/200: score=7.843481 (avg=7.837051), loss=0.672560 (avg=0.671239), pairs_step=12158, pairs_total=972277
[2026-02-28 12:55:55,144] INFO:fitness.free_loss_fidelity: RL4CO free-loss step 100/200: score=7.800176 (avg=7.838511), loss=0.671233 (avg=0.671121), pairs_step=12155, pairs_total=1215372
[2026-02-28 12:55:55,144] INFO:fitness.free_loss_fidelity: RL4CO free-loss step 100/200: score=7.800176 (avg=7.838511), loss=0.671233 (avg=0.671121), pairs_step=12155, pairs_total=1215372
[2026-02-28 12:56:00,717] INFO:fitness.free_loss_fidelity: RL4CO free-loss step 120/200: score=7.807161 (avg=7.839611), loss=0.671025 (avg=0.671140), pairs_step=12149, pairs_total=1458448
[2026-02-28 12:56:00,717] INFO:fitness.free_loss_fidelity: RL4CO free-loss step 120/200: score=7.807161 (avg=7.839611), loss=0.671025 (avg=0.671140), pairs_step=12149, pairs_total=1458448
[2026-02-28 12:56:06,265] INFO:fitness.free_loss_fidelity: RL4CO free-loss step 140/200: score=7.866847 (avg=7.840704), loss=0.671497 (avg=0.671455), pairs_step=12154, pairs_total=1701531
[2026-02-28 12:56:06,265] INFO:fitness.free_loss_fidelity: RL4CO free-loss step 140/200: score=7.866847 (avg=7.840704), loss=0.671497 (avg=0.671455), pairs_step=12154, pairs_total=1701531
[2026-02-28 12:56:11,809] INFO:fitness.free_loss_fidelity: RL4CO free-loss step 160/200: score=7.823626 (avg=7.840318), loss=0.674926 (avg=0.671562), pairs_step=12151, pairs_total=1944603
[2026-02-28 12:56:11,809] INFO:fitness.free_loss_fidelity: RL4CO free-loss step 160/200: score=7.823626 (avg=7.840318), loss=0.674926 (avg=0.671562), pairs_step=12151, pairs_total=1944603
[2026-02-28 12:56:17,358] INFO:fitness.free_loss_fidelity: RL4CO free-loss step 180/200: score=7.816997 (avg=7.839184), loss=0.674097 (avg=0.671617), pairs_step=12155, pairs_total=2187667
[2026-02-28 12:56:17,358] INFO:fitness.free_loss_fidelity: RL4CO free-loss step 180/200: score=7.816997 (avg=7.839184), loss=0.674097 (avg=0.671617), pairs_step=12155, pairs_total=2187667
[2026-02-28 12:56:22,911] INFO:fitness.free_loss_fidelity: RL4CO free-loss step 200/200: score=7.851967 (avg=7.838193), loss=0.676532 (avg=0.671839), pairs_step=12156, pairs_total=2430781
[2026-02-28 12:56:22,911] INFO:fitness.free_loss_fidelity: RL4CO free-loss step 200/200: score=7.851967 (avg=7.838193), loss=0.676532 (avg=0.671839), pairs_step=12156, pairs_total=2430781
[2026-02-28 12:56:24,170] WARNING:fitness.free_loss_fidelity: weights_only checkpoint load failed (UnpicklingError); retrying weights_only=False for /data1/gushengda/eam-rl4co/baseline/epoch_409.ckpt
[2026-02-28 12:56:24,170] WARNING:fitness.free_loss_fidelity: weights_only checkpoint load failed (UnpicklingError); retrying weights_only=False for /data1/gushengda/eam-rl4co/baseline/epoch_409.ckpt
[2026-02-28 12:56:24,209] INFO:fitness.free_loss_fidelity: Loaded init checkpoint into policy: path=/data1/gushengda/eam-rl4co/baseline/epoch_409.ckpt prefix=policy. matched=97 missing=0 unexpected=0
[2026-02-28 12:56:24,209] INFO:fitness.free_loss_fidelity: Loaded init checkpoint into policy: path=/data1/gushengda/eam-rl4co/baseline/epoch_409.ckpt prefix=policy. matched=97 missing=0 unexpected=0
[2026-02-28 12:56:24,214] INFO:fitness.free_loss_fidelity: RL4CO free-loss (step-mode): f1_steps=200, f2_steps=0, total_steps=200, train_problem_size=100, rollouts=20, batch_size=64, device=cuda:0, env=tsp
[2026-02-28 12:56:24,214] INFO:fitness.free_loss_fidelity: RL4CO free-loss (step-mode): f1_steps=200, f2_steps=0, total_steps=200, train_problem_size=100, rollouts=20, batch_size=64, device=cuda:0, env=tsp
[2026-02-28 12:56:24,522] INFO:fitness.free_loss_fidelity: RL4CO free-loss step 1/200: score=7.826895 (avg=7.826895), loss=0.220720 (avg=0.220720), pairs_step=12149, pairs_total=12149
[2026-02-28 12:56:24,522] INFO:fitness.free_loss_fidelity: RL4CO free-loss step 1/200: score=7.826895 (avg=7.826895), loss=0.220720 (avg=0.220720), pairs_step=12149, pairs_total=12149
[2026-02-28 12:56:30,002] INFO:fitness.free_loss_fidelity: RL4CO free-loss step 20/200: score=7.819754 (avg=7.842959), loss=0.209675 (avg=0.206188), pairs_step=12153, pairs_total=243063
[2026-02-28 12:56:30,002] INFO:fitness.free_loss_fidelity: RL4CO free-loss step 20/200: score=7.819754 (avg=7.842959), loss=0.209675 (avg=0.206188), pairs_step=12153, pairs_total=243063
[2026-02-28 12:56:35,565] INFO:fitness.free_loss_fidelity: RL4CO free-loss step 40/200: score=7.854548 (avg=7.838975), loss=0.211717 (avg=0.210076), pairs_step=12153, pairs_total=486152
[2026-02-28 12:56:35,565] INFO:fitness.free_loss_fidelity: RL4CO free-loss step 40/200: score=7.854548 (avg=7.838975), loss=0.211717 (avg=0.210076), pairs_step=12153, pairs_total=486152
[2026-02-28 12:56:41,098] INFO:fitness.free_loss_fidelity: RL4CO free-loss step 60/200: score=7.845714 (avg=7.834963), loss=0.209794 (avg=0.207550), pairs_step=12152, pairs_total=729243
[2026-02-28 12:56:41,098] INFO:fitness.free_loss_fidelity: RL4CO free-loss step 60/200: score=7.845714 (avg=7.834963), loss=0.209794 (avg=0.207550), pairs_step=12152, pairs_total=729243
[2026-02-28 12:56:46,639] INFO:fitness.free_loss_fidelity: RL4CO free-loss step 80/200: score=7.836906 (avg=7.832920), loss=0.198320 (avg=0.205875), pairs_step=12159, pairs_total=972342
[2026-02-28 12:56:46,639] INFO:fitness.free_loss_fidelity: RL4CO free-loss step 80/200: score=7.836906 (avg=7.832920), loss=0.198320 (avg=0.205875), pairs_step=12159, pairs_total=972342
[2026-02-28 12:56:52,187] INFO:fitness.free_loss_fidelity: RL4CO free-loss step 100/200: score=7.787880 (avg=7.833007), loss=0.205998 (avg=0.204308), pairs_step=12154, pairs_total=1215409
[2026-02-28 12:56:52,187] INFO:fitness.free_loss_fidelity: RL4CO free-loss step 100/200: score=7.787880 (avg=7.833007), loss=0.205998 (avg=0.204308), pairs_step=12154, pairs_total=1215409
[2026-02-28 12:56:57,746] INFO:fitness.free_loss_fidelity: RL4CO free-loss step 120/200: score=7.810381 (avg=7.835071), loss=0.204589 (avg=0.204078), pairs_step=12149, pairs_total=1458478
[2026-02-28 12:56:57,746] INFO:fitness.free_loss_fidelity: RL4CO free-loss step 120/200: score=7.810381 (avg=7.835071), loss=0.204589 (avg=0.204078), pairs_step=12149, pairs_total=1458478
[2026-02-28 12:57:03,309] INFO:fitness.free_loss_fidelity: RL4CO free-loss step 140/200: score=7.867054 (avg=7.836970), loss=0.191243 (avg=0.203064), pairs_step=12157, pairs_total=1701592
[2026-02-28 12:57:03,309] INFO:fitness.free_loss_fidelity: RL4CO free-loss step 140/200: score=7.867054 (avg=7.836970), loss=0.191243 (avg=0.203064), pairs_step=12157, pairs_total=1701592
[2026-02-28 12:57:08,834] INFO:fitness.free_loss_fidelity: RL4CO free-loss step 160/200: score=7.837513 (avg=7.836673), loss=0.211277 (avg=0.202686), pairs_step=12157, pairs_total=1944696
[2026-02-28 12:57:08,834] INFO:fitness.free_loss_fidelity: RL4CO free-loss step 160/200: score=7.837513 (avg=7.836673), loss=0.211277 (avg=0.202686), pairs_step=12157, pairs_total=1944696
[2026-02-28 12:57:14,389] INFO:fitness.free_loss_fidelity: RL4CO free-loss step 180/200: score=7.834723 (avg=7.836240), loss=0.203408 (avg=0.202716), pairs_step=12154, pairs_total=2187767
[2026-02-28 12:57:14,389] INFO:fitness.free_loss_fidelity: RL4CO free-loss step 180/200: score=7.834723 (avg=7.836240), loss=0.203408 (avg=0.202716), pairs_step=12154, pairs_total=2187767
[2026-02-28 12:57:20,003] INFO:fitness.free_loss_fidelity: RL4CO free-loss step 200/200: score=7.857652 (avg=7.835360), loss=0.202036 (avg=0.203114), pairs_step=12149, pairs_total=2430827
[2026-02-28 12:57:20,003] INFO:fitness.free_loss_fidelity: RL4CO free-loss step 200/200: score=7.857652 (avg=7.835360), loss=0.202036 (avg=0.203114), pairs_step=12149, pairs_total=2430827
