[2026-02-28 16:05:08,646] INFO:fitness.free_loss_fidelity: Stage3 offline mini-train start gen=10 pair_index=1 K=200 seed=12345 valid_sizes=[20, 100] baseline_json=baseline/mini_eval/baseline_minitrain_tsp100_K200.json
[2026-02-28 16:05:08,646] INFO:fitness.free_loss_fidelity: Stage3 offline mini-train start gen=10 pair_index=1 K=200 seed=12345 valid_sizes=[20, 100] baseline_json=baseline/mini_eval/baseline_minitrain_tsp100_K200.json
[2026-02-28 16:05:15,682] INFO:fitness.free_loss_fidelity: RL4CO free-loss (step-mode): f1_steps=200, f2_steps=0, total_steps=200, train_problem_size=100, rollouts=20, batch_size=64, device=cuda:3, env=tsp
[2026-02-28 16:05:15,682] INFO:fitness.free_loss_fidelity: RL4CO free-loss (step-mode): f1_steps=200, f2_steps=0, total_steps=200, train_problem_size=100, rollouts=20, batch_size=64, device=cuda:3, env=tsp
[2026-02-28 16:05:17,113] INFO:fitness.free_loss_fidelity: RL4CO free-loss step 1/200: score=36.626595 (avg=36.626595), loss=0.812141 (avg=0.812141), pairs_step=768, pairs_total=768
[2026-02-28 16:05:17,113] INFO:fitness.free_loss_fidelity: RL4CO free-loss step 1/200: score=36.626595 (avg=36.626595), loss=0.812141 (avg=0.812141), pairs_step=768, pairs_total=768
[2026-02-28 16:05:22,719] INFO:fitness.free_loss_fidelity: RL4CO free-loss step 20/200: score=10.639125 (avg=13.401964), loss=0.570370 (avg=0.567601), pairs_step=768, pairs_total=15360
[2026-02-28 16:05:22,719] INFO:fitness.free_loss_fidelity: RL4CO free-loss step 20/200: score=10.639125 (avg=13.401964), loss=0.570370 (avg=0.567601), pairs_step=768, pairs_total=15360
[2026-02-28 16:05:28,854] INFO:fitness.free_loss_fidelity: RL4CO free-loss step 40/200: score=9.955161 (avg=11.794061), loss=0.540014 (avg=0.563656), pairs_step=768, pairs_total=30720
[2026-02-28 16:05:28,854] INFO:fitness.free_loss_fidelity: RL4CO free-loss step 40/200: score=9.955161 (avg=11.794061), loss=0.540014 (avg=0.563656), pairs_step=768, pairs_total=30720
[2026-02-28 16:05:35,451] INFO:fitness.free_loss_fidelity: RL4CO free-loss step 60/200: score=9.821219 (avg=11.132228), loss=0.554081 (avg=0.560763), pairs_step=768, pairs_total=46080
[2026-02-28 16:05:35,451] INFO:fitness.free_loss_fidelity: RL4CO free-loss step 60/200: score=9.821219 (avg=11.132228), loss=0.554081 (avg=0.560763), pairs_step=768, pairs_total=46080
[2026-02-28 16:05:42,032] INFO:fitness.free_loss_fidelity: RL4CO free-loss step 80/200: score=9.557635 (avg=10.777748), loss=0.515315 (avg=0.554025), pairs_step=768, pairs_total=61440
[2026-02-28 16:05:42,032] INFO:fitness.free_loss_fidelity: RL4CO free-loss step 80/200: score=9.557635 (avg=10.777748), loss=0.515315 (avg=0.554025), pairs_step=768, pairs_total=61440
[2026-02-28 16:05:48,604] INFO:fitness.free_loss_fidelity: RL4CO free-loss step 100/200: score=9.559380 (avg=10.536687), loss=0.503026 (avg=0.548294), pairs_step=768, pairs_total=76800
[2026-02-28 16:05:48,604] INFO:fitness.free_loss_fidelity: RL4CO free-loss step 100/200: score=9.559380 (avg=10.536687), loss=0.503026 (avg=0.548294), pairs_step=768, pairs_total=76800
[2026-02-28 16:05:55,190] INFO:fitness.free_loss_fidelity: RL4CO free-loss step 120/200: score=9.449303 (avg=10.373950), loss=0.531983 (avg=0.543937), pairs_step=768, pairs_total=92160
[2026-02-28 16:05:55,190] INFO:fitness.free_loss_fidelity: RL4CO free-loss step 120/200: score=9.449303 (avg=10.373950), loss=0.531983 (avg=0.543937), pairs_step=768, pairs_total=92160
[2026-02-28 16:06:01,782] INFO:fitness.free_loss_fidelity: RL4CO free-loss step 140/200: score=9.436501 (avg=10.240470), loss=0.511617 (avg=0.541148), pairs_step=768, pairs_total=107520
[2026-02-28 16:06:01,782] INFO:fitness.free_loss_fidelity: RL4CO free-loss step 140/200: score=9.436501 (avg=10.240470), loss=0.511617 (avg=0.541148), pairs_step=768, pairs_total=107520
[2026-02-28 16:06:08,354] INFO:fitness.free_loss_fidelity: RL4CO free-loss step 160/200: score=9.228676 (avg=10.130776), loss=0.539442 (avg=0.538497), pairs_step=768, pairs_total=122880
[2026-02-28 16:06:08,354] INFO:fitness.free_loss_fidelity: RL4CO free-loss step 160/200: score=9.228676 (avg=10.130776), loss=0.539442 (avg=0.538497), pairs_step=768, pairs_total=122880
[2026-02-28 16:06:14,920] INFO:fitness.free_loss_fidelity: RL4CO free-loss step 180/200: score=9.199320 (avg=10.040012), loss=0.542001 (avg=0.535809), pairs_step=768, pairs_total=138240
[2026-02-28 16:06:14,920] INFO:fitness.free_loss_fidelity: RL4CO free-loss step 180/200: score=9.199320 (avg=10.040012), loss=0.542001 (avg=0.535809), pairs_step=768, pairs_total=138240
[2026-02-28 16:06:21,515] INFO:fitness.free_loss_fidelity: RL4CO free-loss step 200/200: score=9.230309 (avg=9.961620), loss=0.522975 (avg=0.536195), pairs_step=768, pairs_total=153600
[2026-02-28 16:06:21,515] INFO:fitness.free_loss_fidelity: RL4CO free-loss step 200/200: score=9.230309 (avg=9.961620), loss=0.522975 (avg=0.536195), pairs_step=768, pairs_total=153600
[2026-02-28 16:06:22,798] WARNING:fitness.free_loss_fidelity: weights_only checkpoint load failed (UnpicklingError); retrying weights_only=False for /data1/gushengda/eam-rl4co/baseline/epoch_135.ckpt
[2026-02-28 16:06:22,798] WARNING:fitness.free_loss_fidelity: weights_only checkpoint load failed (UnpicklingError); retrying weights_only=False for /data1/gushengda/eam-rl4co/baseline/epoch_135.ckpt
[2026-02-28 16:06:22,846] INFO:fitness.free_loss_fidelity: Loaded init checkpoint into policy: path=/data1/gushengda/eam-rl4co/baseline/epoch_135.ckpt prefix=policy. matched=97 missing=0 unexpected=0
[2026-02-28 16:06:22,846] INFO:fitness.free_loss_fidelity: Loaded init checkpoint into policy: path=/data1/gushengda/eam-rl4co/baseline/epoch_135.ckpt prefix=policy. matched=97 missing=0 unexpected=0
[2026-02-28 16:06:22,851] INFO:fitness.free_loss_fidelity: RL4CO free-loss (step-mode): f1_steps=200, f2_steps=0, total_steps=200, train_problem_size=100, rollouts=20, batch_size=64, device=cuda:3, env=tsp
[2026-02-28 16:06:22,851] INFO:fitness.free_loss_fidelity: RL4CO free-loss (step-mode): f1_steps=200, f2_steps=0, total_steps=200, train_problem_size=100, rollouts=20, batch_size=64, device=cuda:3, env=tsp
[2026-02-28 16:06:23,227] INFO:fitness.free_loss_fidelity: RL4CO free-loss step 1/200: score=7.825121 (avg=7.825121), loss=0.652385 (avg=0.652385), pairs_step=768, pairs_total=768
[2026-02-28 16:06:23,227] INFO:fitness.free_loss_fidelity: RL4CO free-loss step 1/200: score=7.825121 (avg=7.825121), loss=0.652385 (avg=0.652385), pairs_step=768, pairs_total=768
[2026-02-28 16:06:29,496] INFO:fitness.free_loss_fidelity: RL4CO free-loss step 20/200: score=7.818000 (avg=7.846674), loss=0.651352 (avg=0.644601), pairs_step=768, pairs_total=15360
[2026-02-28 16:06:29,496] INFO:fitness.free_loss_fidelity: RL4CO free-loss step 20/200: score=7.818000 (avg=7.846674), loss=0.651352 (avg=0.644601), pairs_step=768, pairs_total=15360
[2026-02-28 16:06:36,069] INFO:fitness.free_loss_fidelity: RL4CO free-loss step 40/200: score=7.867628 (avg=7.845466), loss=0.649391 (avg=0.644441), pairs_step=768, pairs_total=30720
[2026-02-28 16:06:36,069] INFO:fitness.free_loss_fidelity: RL4CO free-loss step 40/200: score=7.867628 (avg=7.845466), loss=0.649391 (avg=0.644441), pairs_step=768, pairs_total=30720
[2026-02-28 16:06:42,628] INFO:fitness.free_loss_fidelity: RL4CO free-loss step 60/200: score=7.864081 (avg=7.843929), loss=0.645429 (avg=0.644168), pairs_step=768, pairs_total=46080
[2026-02-28 16:06:42,628] INFO:fitness.free_loss_fidelity: RL4CO free-loss step 60/200: score=7.864081 (avg=7.843929), loss=0.645429 (avg=0.644168), pairs_step=768, pairs_total=46080
[2026-02-28 16:06:49,213] INFO:fitness.free_loss_fidelity: RL4CO free-loss step 80/200: score=7.848910 (avg=7.843536), loss=0.660073 (avg=0.645864), pairs_step=768, pairs_total=61440
[2026-02-28 16:06:49,213] INFO:fitness.free_loss_fidelity: RL4CO free-loss step 80/200: score=7.848910 (avg=7.843536), loss=0.660073 (avg=0.645864), pairs_step=768, pairs_total=61440
[2026-02-28 16:06:55,812] INFO:fitness.free_loss_fidelity: RL4CO free-loss step 100/200: score=7.801889 (avg=7.845166), loss=0.638656 (avg=0.646960), pairs_step=768, pairs_total=76800
[2026-02-28 16:06:55,812] INFO:fitness.free_loss_fidelity: RL4CO free-loss step 100/200: score=7.801889 (avg=7.845166), loss=0.638656 (avg=0.646960), pairs_step=768, pairs_total=76800
[2026-02-28 16:07:02,380] INFO:fitness.free_loss_fidelity: RL4CO free-loss step 120/200: score=7.823079 (avg=7.847640), loss=0.642320 (avg=0.647002), pairs_step=768, pairs_total=92160
[2026-02-28 16:07:02,380] INFO:fitness.free_loss_fidelity: RL4CO free-loss step 120/200: score=7.823079 (avg=7.847640), loss=0.642320 (avg=0.647002), pairs_step=768, pairs_total=92160
[2026-02-28 16:07:08,945] INFO:fitness.free_loss_fidelity: RL4CO free-loss step 140/200: score=7.869003 (avg=7.849475), loss=0.653668 (avg=0.646868), pairs_step=768, pairs_total=107520
[2026-02-28 16:07:08,945] INFO:fitness.free_loss_fidelity: RL4CO free-loss step 140/200: score=7.869003 (avg=7.849475), loss=0.653668 (avg=0.646868), pairs_step=768, pairs_total=107520
[2026-02-28 16:07:15,530] INFO:fitness.free_loss_fidelity: RL4CO free-loss step 160/200: score=7.837883 (avg=7.849110), loss=0.647922 (avg=0.647196), pairs_step=768, pairs_total=122880
[2026-02-28 16:07:15,530] INFO:fitness.free_loss_fidelity: RL4CO free-loss step 160/200: score=7.837883 (avg=7.849110), loss=0.647922 (avg=0.647196), pairs_step=768, pairs_total=122880
[2026-02-28 16:07:22,100] INFO:fitness.free_loss_fidelity: RL4CO free-loss step 180/200: score=7.834209 (avg=7.848299), loss=0.651660 (avg=0.647902), pairs_step=768, pairs_total=138240
[2026-02-28 16:07:22,100] INFO:fitness.free_loss_fidelity: RL4CO free-loss step 180/200: score=7.834209 (avg=7.848299), loss=0.651660 (avg=0.647902), pairs_step=768, pairs_total=138240
[2026-02-28 16:07:29,389] INFO:fitness.free_loss_fidelity: RL4CO free-loss step 200/200: score=7.873684 (avg=7.847642), loss=0.654495 (avg=0.647935), pairs_step=768, pairs_total=153600
[2026-02-28 16:07:29,389] INFO:fitness.free_loss_fidelity: RL4CO free-loss step 200/200: score=7.873684 (avg=7.847642), loss=0.654495 (avg=0.647935), pairs_step=768, pairs_total=153600
[2026-02-28 16:07:30,722] WARNING:fitness.free_loss_fidelity: weights_only checkpoint load failed (UnpicklingError); retrying weights_only=False for /data1/gushengda/eam-rl4co/baseline/epoch_409.ckpt
[2026-02-28 16:07:30,722] WARNING:fitness.free_loss_fidelity: weights_only checkpoint load failed (UnpicklingError); retrying weights_only=False for /data1/gushengda/eam-rl4co/baseline/epoch_409.ckpt
[2026-02-28 16:07:30,767] INFO:fitness.free_loss_fidelity: Loaded init checkpoint into policy: path=/data1/gushengda/eam-rl4co/baseline/epoch_409.ckpt prefix=policy. matched=97 missing=0 unexpected=0
[2026-02-28 16:07:30,767] INFO:fitness.free_loss_fidelity: Loaded init checkpoint into policy: path=/data1/gushengda/eam-rl4co/baseline/epoch_409.ckpt prefix=policy. matched=97 missing=0 unexpected=0
[2026-02-28 16:07:30,773] INFO:fitness.free_loss_fidelity: RL4CO free-loss (step-mode): f1_steps=200, f2_steps=0, total_steps=200, train_problem_size=100, rollouts=20, batch_size=64, device=cuda:3, env=tsp
[2026-02-28 16:07:30,773] INFO:fitness.free_loss_fidelity: RL4CO free-loss (step-mode): f1_steps=200, f2_steps=0, total_steps=200, train_problem_size=100, rollouts=20, batch_size=64, device=cuda:3, env=tsp
[2026-02-28 16:07:31,183] INFO:fitness.free_loss_fidelity: RL4CO free-loss step 1/200: score=7.826895 (avg=7.826895), loss=0.299196 (avg=0.299196), pairs_step=768, pairs_total=768
[2026-02-28 16:07:31,183] INFO:fitness.free_loss_fidelity: RL4CO free-loss step 1/200: score=7.826895 (avg=7.826895), loss=0.299196 (avg=0.299196), pairs_step=768, pairs_total=768
[2026-02-28 16:07:37,996] INFO:fitness.free_loss_fidelity: RL4CO free-loss step 20/200: score=7.818644 (avg=7.839859), loss=0.310342 (avg=0.299560), pairs_step=768, pairs_total=15360
[2026-02-28 16:07:37,996] INFO:fitness.free_loss_fidelity: RL4CO free-loss step 20/200: score=7.818644 (avg=7.839859), loss=0.310342 (avg=0.299560), pairs_step=768, pairs_total=15360
[2026-02-28 16:07:45,190] INFO:fitness.free_loss_fidelity: RL4CO free-loss step 40/200: score=7.851969 (avg=7.838351), loss=0.297885 (avg=0.300090), pairs_step=768, pairs_total=30720
[2026-02-28 16:07:45,190] INFO:fitness.free_loss_fidelity: RL4CO free-loss step 40/200: score=7.851969 (avg=7.838351), loss=0.297885 (avg=0.300090), pairs_step=768, pairs_total=30720
[2026-02-28 16:07:52,397] INFO:fitness.free_loss_fidelity: RL4CO free-loss step 60/200: score=7.851885 (avg=7.837030), loss=0.306199 (avg=0.300518), pairs_step=768, pairs_total=46080
[2026-02-28 16:07:52,397] INFO:fitness.free_loss_fidelity: RL4CO free-loss step 60/200: score=7.851885 (avg=7.837030), loss=0.306199 (avg=0.300518), pairs_step=768, pairs_total=46080
[2026-02-28 16:07:59,467] INFO:fitness.free_loss_fidelity: RL4CO free-loss step 80/200: score=7.839363 (avg=7.837860), loss=0.297388 (avg=0.300340), pairs_step=768, pairs_total=61440
[2026-02-28 16:07:59,467] INFO:fitness.free_loss_fidelity: RL4CO free-loss step 80/200: score=7.839363 (avg=7.837860), loss=0.297388 (avg=0.300340), pairs_step=768, pairs_total=61440
[2026-02-28 16:08:05,986] INFO:fitness.free_loss_fidelity: RL4CO free-loss step 100/200: score=7.804525 (avg=7.839999), loss=0.313263 (avg=0.299176), pairs_step=768, pairs_total=76800
[2026-02-28 16:08:05,986] INFO:fitness.free_loss_fidelity: RL4CO free-loss step 100/200: score=7.804525 (avg=7.839999), loss=0.313263 (avg=0.299176), pairs_step=768, pairs_total=76800
[2026-02-28 16:08:12,517] INFO:fitness.free_loss_fidelity: RL4CO free-loss step 120/200: score=7.819039 (avg=7.842525), loss=0.296656 (avg=0.298688), pairs_step=768, pairs_total=92160
[2026-02-28 16:08:12,517] INFO:fitness.free_loss_fidelity: RL4CO free-loss step 120/200: score=7.819039 (avg=7.842525), loss=0.296656 (avg=0.298688), pairs_step=768, pairs_total=92160
[2026-02-28 16:08:19,044] INFO:fitness.free_loss_fidelity: RL4CO free-loss step 140/200: score=7.871102 (avg=7.844844), loss=0.282129 (avg=0.298289), pairs_step=768, pairs_total=107520
[2026-02-28 16:08:19,044] INFO:fitness.free_loss_fidelity: RL4CO free-loss step 140/200: score=7.871102 (avg=7.844844), loss=0.282129 (avg=0.298289), pairs_step=768, pairs_total=107520
[2026-02-28 16:08:25,779] INFO:fitness.free_loss_fidelity: RL4CO free-loss step 160/200: score=7.843497 (avg=7.845148), loss=0.325450 (avg=0.298374), pairs_step=768, pairs_total=122880
[2026-02-28 16:08:25,779] INFO:fitness.free_loss_fidelity: RL4CO free-loss step 160/200: score=7.843497 (avg=7.845148), loss=0.325450 (avg=0.298374), pairs_step=768, pairs_total=122880
[2026-02-28 16:08:32,302] INFO:fitness.free_loss_fidelity: RL4CO free-loss step 180/200: score=7.837553 (avg=7.844489), loss=0.306726 (avg=0.299106), pairs_step=768, pairs_total=138240
[2026-02-28 16:08:32,302] INFO:fitness.free_loss_fidelity: RL4CO free-loss step 180/200: score=7.837553 (avg=7.844489), loss=0.306726 (avg=0.299106), pairs_step=768, pairs_total=138240
[2026-02-28 16:08:38,809] INFO:fitness.free_loss_fidelity: RL4CO free-loss step 200/200: score=7.854147 (avg=7.843374), loss=0.282068 (avg=0.298742), pairs_step=768, pairs_total=153600
[2026-02-28 16:08:38,809] INFO:fitness.free_loss_fidelity: RL4CO free-loss step 200/200: score=7.854147 (avg=7.843374), loss=0.282068 (avg=0.298742), pairs_step=768, pairs_total=153600
