[2026-02-28 15:05:23,507] INFO:fitness.free_loss_fidelity: Stage3 offline mini-train start gen=8 pair_index=1 K=200 seed=12345 valid_sizes=[20, 100] baseline_json=baseline/mini_eval/baseline_minitrain_tsp100_K200.json
[2026-02-28 15:05:23,507] INFO:fitness.free_loss_fidelity: Stage3 offline mini-train start gen=8 pair_index=1 K=200 seed=12345 valid_sizes=[20, 100] baseline_json=baseline/mini_eval/baseline_minitrain_tsp100_K200.json
[2026-02-28 15:05:30,674] INFO:fitness.free_loss_fidelity: RL4CO free-loss (step-mode): f1_steps=200, f2_steps=0, total_steps=200, train_problem_size=100, rollouts=20, batch_size=64, device=cuda:2, env=tsp
[2026-02-28 15:05:30,674] INFO:fitness.free_loss_fidelity: RL4CO free-loss (step-mode): f1_steps=200, f2_steps=0, total_steps=200, train_problem_size=100, rollouts=20, batch_size=64, device=cuda:2, env=tsp
[2026-02-28 15:05:32,002] INFO:fitness.free_loss_fidelity: RL4CO free-loss step 1/200: score=36.626595 (avg=36.626595), loss=0.801535 (avg=0.801535), pairs_step=12160, pairs_total=12160
[2026-02-28 15:05:32,002] INFO:fitness.free_loss_fidelity: RL4CO free-loss step 1/200: score=36.626595 (avg=36.626595), loss=0.801535 (avg=0.801535), pairs_step=12160, pairs_total=12160
[2026-02-28 15:05:37,604] INFO:fitness.free_loss_fidelity: RL4CO free-loss step 20/200: score=10.499737 (avg=13.394757), loss=0.602496 (avg=0.615644), pairs_step=12160, pairs_total=243200
[2026-02-28 15:05:37,604] INFO:fitness.free_loss_fidelity: RL4CO free-loss step 20/200: score=10.499737 (avg=13.394757), loss=0.602496 (avg=0.615644), pairs_step=12160, pairs_total=243200
[2026-02-28 15:05:43,962] INFO:fitness.free_loss_fidelity: RL4CO free-loss step 40/200: score=9.936895 (avg=11.719860), loss=0.574841 (avg=0.605152), pairs_step=12160, pairs_total=486400
[2026-02-28 15:05:43,962] INFO:fitness.free_loss_fidelity: RL4CO free-loss step 40/200: score=9.936895 (avg=11.719860), loss=0.574841 (avg=0.605152), pairs_step=12160, pairs_total=486400
[2026-02-28 15:05:50,356] INFO:fitness.free_loss_fidelity: RL4CO free-loss step 60/200: score=9.692686 (avg=11.051010), loss=0.574355 (avg=0.597984), pairs_step=12160, pairs_total=729600
[2026-02-28 15:05:50,356] INFO:fitness.free_loss_fidelity: RL4CO free-loss step 60/200: score=9.692686 (avg=11.051010), loss=0.574355 (avg=0.597984), pairs_step=12160, pairs_total=729600
[2026-02-28 15:05:56,755] INFO:fitness.free_loss_fidelity: RL4CO free-loss step 80/200: score=9.533346 (avg=10.690364), loss=0.581659 (avg=0.593189), pairs_step=12160, pairs_total=972800
[2026-02-28 15:05:56,755] INFO:fitness.free_loss_fidelity: RL4CO free-loss step 80/200: score=9.533346 (avg=10.690364), loss=0.581659 (avg=0.593189), pairs_step=12160, pairs_total=972800
[2026-02-28 15:06:03,118] INFO:fitness.free_loss_fidelity: RL4CO free-loss step 100/200: score=9.396246 (avg=10.452388), loss=0.580128 (avg=0.589342), pairs_step=12160, pairs_total=1216000
[2026-02-28 15:06:03,118] INFO:fitness.free_loss_fidelity: RL4CO free-loss step 100/200: score=9.396246 (avg=10.452388), loss=0.580128 (avg=0.589342), pairs_step=12160, pairs_total=1216000
[2026-02-28 15:06:08,610] INFO:fitness.free_loss_fidelity: RL4CO free-loss step 120/200: score=9.456190 (avg=10.284439), loss=0.557556 (avg=0.587443), pairs_step=12160, pairs_total=1459200
[2026-02-28 15:06:08,610] INFO:fitness.free_loss_fidelity: RL4CO free-loss step 120/200: score=9.456190 (avg=10.284439), loss=0.557556 (avg=0.587443), pairs_step=12160, pairs_total=1459200
[2026-02-28 15:06:14,106] INFO:fitness.free_loss_fidelity: RL4CO free-loss step 140/200: score=9.410414 (avg=10.153839), loss=0.571210 (avg=0.585210), pairs_step=12160, pairs_total=1702400
[2026-02-28 15:06:14,106] INFO:fitness.free_loss_fidelity: RL4CO free-loss step 140/200: score=9.410414 (avg=10.153839), loss=0.571210 (avg=0.585210), pairs_step=12160, pairs_total=1702400
[2026-02-28 15:06:19,597] INFO:fitness.free_loss_fidelity: RL4CO free-loss step 160/200: score=9.307333 (avg=10.044772), loss=0.569069 (avg=0.583390), pairs_step=12160, pairs_total=1945600
[2026-02-28 15:06:19,597] INFO:fitness.free_loss_fidelity: RL4CO free-loss step 160/200: score=9.307333 (avg=10.044772), loss=0.569069 (avg=0.583390), pairs_step=12160, pairs_total=1945600
[2026-02-28 15:06:25,078] INFO:fitness.free_loss_fidelity: RL4CO free-loss step 180/200: score=9.235216 (avg=9.955194), loss=0.576478 (avg=0.582465), pairs_step=12160, pairs_total=2188799
[2026-02-28 15:06:25,078] INFO:fitness.free_loss_fidelity: RL4CO free-loss step 180/200: score=9.235216 (avg=9.955194), loss=0.576478 (avg=0.582465), pairs_step=12160, pairs_total=2188799
[2026-02-28 15:06:30,572] INFO:fitness.free_loss_fidelity: RL4CO free-loss step 200/200: score=9.246000 (avg=9.879582), loss=0.571388 (avg=0.581743), pairs_step=12160, pairs_total=2431999
[2026-02-28 15:06:30,572] INFO:fitness.free_loss_fidelity: RL4CO free-loss step 200/200: score=9.246000 (avg=9.879582), loss=0.571388 (avg=0.581743), pairs_step=12160, pairs_total=2431999
[2026-02-28 15:06:31,833] WARNING:fitness.free_loss_fidelity: weights_only checkpoint load failed (UnpicklingError); retrying weights_only=False for /data1/gushengda/eam-rl4co/baseline/epoch_135.ckpt
[2026-02-28 15:06:31,833] WARNING:fitness.free_loss_fidelity: weights_only checkpoint load failed (UnpicklingError); retrying weights_only=False for /data1/gushengda/eam-rl4co/baseline/epoch_135.ckpt
[2026-02-28 15:06:31,878] INFO:fitness.free_loss_fidelity: Loaded init checkpoint into policy: path=/data1/gushengda/eam-rl4co/baseline/epoch_135.ckpt prefix=policy. matched=97 missing=0 unexpected=0
[2026-02-28 15:06:31,878] INFO:fitness.free_loss_fidelity: Loaded init checkpoint into policy: path=/data1/gushengda/eam-rl4co/baseline/epoch_135.ckpt prefix=policy. matched=97 missing=0 unexpected=0
[2026-02-28 15:06:31,883] INFO:fitness.free_loss_fidelity: RL4CO free-loss (step-mode): f1_steps=200, f2_steps=0, total_steps=200, train_problem_size=100, rollouts=20, batch_size=64, device=cuda:2, env=tsp
[2026-02-28 15:06:31,883] INFO:fitness.free_loss_fidelity: RL4CO free-loss (step-mode): f1_steps=200, f2_steps=0, total_steps=200, train_problem_size=100, rollouts=20, batch_size=64, device=cuda:2, env=tsp
[2026-02-28 15:06:32,221] INFO:fitness.free_loss_fidelity: RL4CO free-loss step 1/200: score=7.825121 (avg=7.825121), loss=0.670116 (avg=0.670116), pairs_step=12151, pairs_total=12151
[2026-02-28 15:06:32,221] INFO:fitness.free_loss_fidelity: RL4CO free-loss step 1/200: score=7.825121 (avg=7.825121), loss=0.670116 (avg=0.670116), pairs_step=12151, pairs_total=12151
[2026-02-28 15:06:37,456] INFO:fitness.free_loss_fidelity: RL4CO free-loss step 20/200: score=7.818802 (avg=7.843587), loss=0.668233 (avg=0.662605), pairs_step=12154, pairs_total=243088
[2026-02-28 15:06:37,456] INFO:fitness.free_loss_fidelity: RL4CO free-loss step 20/200: score=7.818802 (avg=7.843587), loss=0.668233 (avg=0.662605), pairs_step=12154, pairs_total=243088
[2026-02-28 15:06:42,986] INFO:fitness.free_loss_fidelity: RL4CO free-loss step 40/200: score=7.853381 (avg=7.839098), loss=0.656645 (avg=0.662065), pairs_step=12156, pairs_total=486192
[2026-02-28 15:06:42,986] INFO:fitness.free_loss_fidelity: RL4CO free-loss step 40/200: score=7.853381 (avg=7.839098), loss=0.656645 (avg=0.662065), pairs_step=12156, pairs_total=486192
[2026-02-28 15:06:48,483] INFO:fitness.free_loss_fidelity: RL4CO free-loss step 60/200: score=7.848793 (avg=7.837199), loss=0.657861 (avg=0.663059), pairs_step=12157, pairs_total=729297
[2026-02-28 15:06:48,483] INFO:fitness.free_loss_fidelity: RL4CO free-loss step 60/200: score=7.848793 (avg=7.837199), loss=0.657861 (avg=0.663059), pairs_step=12157, pairs_total=729297
[2026-02-28 15:06:53,978] INFO:fitness.free_loss_fidelity: RL4CO free-loss step 80/200: score=7.833979 (avg=7.836997), loss=0.666815 (avg=0.663101), pairs_step=12156, pairs_total=972417
[2026-02-28 15:06:53,978] INFO:fitness.free_loss_fidelity: RL4CO free-loss step 80/200: score=7.833979 (avg=7.836997), loss=0.666815 (avg=0.663101), pairs_step=12156, pairs_total=972417
[2026-02-28 15:06:59,483] INFO:fitness.free_loss_fidelity: RL4CO free-loss step 100/200: score=7.796107 (avg=7.837889), loss=0.662701 (avg=0.663855), pairs_step=12157, pairs_total=1215508
[2026-02-28 15:06:59,483] INFO:fitness.free_loss_fidelity: RL4CO free-loss step 100/200: score=7.796107 (avg=7.837889), loss=0.662701 (avg=0.663855), pairs_step=12157, pairs_total=1215508
[2026-02-28 15:07:04,984] INFO:fitness.free_loss_fidelity: RL4CO free-loss step 120/200: score=7.818715 (avg=7.839980), loss=0.665323 (avg=0.664113), pairs_step=12148, pairs_total=1458588
[2026-02-28 15:07:04,984] INFO:fitness.free_loss_fidelity: RL4CO free-loss step 120/200: score=7.818715 (avg=7.839980), loss=0.665323 (avg=0.664113), pairs_step=12148, pairs_total=1458588
[2026-02-28 15:07:10,480] INFO:fitness.free_loss_fidelity: RL4CO free-loss step 140/200: score=7.863459 (avg=7.841102), loss=0.667074 (avg=0.664675), pairs_step=12155, pairs_total=1701683
[2026-02-28 15:07:10,480] INFO:fitness.free_loss_fidelity: RL4CO free-loss step 140/200: score=7.863459 (avg=7.841102), loss=0.667074 (avg=0.664675), pairs_step=12155, pairs_total=1701683
[2026-02-28 15:07:15,984] INFO:fitness.free_loss_fidelity: RL4CO free-loss step 160/200: score=7.838685 (avg=7.841095), loss=0.664230 (avg=0.664742), pairs_step=12156, pairs_total=1944767
[2026-02-28 15:07:15,984] INFO:fitness.free_loss_fidelity: RL4CO free-loss step 160/200: score=7.838685 (avg=7.841095), loss=0.664230 (avg=0.664742), pairs_step=12156, pairs_total=1944767
[2026-02-28 15:07:21,473] INFO:fitness.free_loss_fidelity: RL4CO free-loss step 180/200: score=7.834408 (avg=7.840188), loss=0.665779 (avg=0.664894), pairs_step=12153, pairs_total=2187836
[2026-02-28 15:07:21,473] INFO:fitness.free_loss_fidelity: RL4CO free-loss step 180/200: score=7.834408 (avg=7.840188), loss=0.665779 (avg=0.664894), pairs_step=12153, pairs_total=2187836
[2026-02-28 15:07:26,967] INFO:fitness.free_loss_fidelity: RL4CO free-loss step 200/200: score=7.846038 (avg=7.838807), loss=0.665929 (avg=0.665158), pairs_step=12154, pairs_total=2430927
[2026-02-28 15:07:26,967] INFO:fitness.free_loss_fidelity: RL4CO free-loss step 200/200: score=7.846038 (avg=7.838807), loss=0.665929 (avg=0.665158), pairs_step=12154, pairs_total=2430927
[2026-02-28 15:07:28,227] WARNING:fitness.free_loss_fidelity: weights_only checkpoint load failed (UnpicklingError); retrying weights_only=False for /data1/gushengda/eam-rl4co/baseline/epoch_409.ckpt
[2026-02-28 15:07:28,227] WARNING:fitness.free_loss_fidelity: weights_only checkpoint load failed (UnpicklingError); retrying weights_only=False for /data1/gushengda/eam-rl4co/baseline/epoch_409.ckpt
[2026-02-28 15:07:28,265] INFO:fitness.free_loss_fidelity: Loaded init checkpoint into policy: path=/data1/gushengda/eam-rl4co/baseline/epoch_409.ckpt prefix=policy. matched=97 missing=0 unexpected=0
[2026-02-28 15:07:28,265] INFO:fitness.free_loss_fidelity: Loaded init checkpoint into policy: path=/data1/gushengda/eam-rl4co/baseline/epoch_409.ckpt prefix=policy. matched=97 missing=0 unexpected=0
[2026-02-28 15:07:28,270] INFO:fitness.free_loss_fidelity: RL4CO free-loss (step-mode): f1_steps=200, f2_steps=0, total_steps=200, train_problem_size=100, rollouts=20, batch_size=64, device=cuda:2, env=tsp
[2026-02-28 15:07:28,270] INFO:fitness.free_loss_fidelity: RL4CO free-loss (step-mode): f1_steps=200, f2_steps=0, total_steps=200, train_problem_size=100, rollouts=20, batch_size=64, device=cuda:2, env=tsp
[2026-02-28 15:07:28,560] INFO:fitness.free_loss_fidelity: RL4CO free-loss step 1/200: score=7.826895 (avg=7.826895), loss=0.210744 (avg=0.210744), pairs_step=12149, pairs_total=12149
[2026-02-28 15:07:28,560] INFO:fitness.free_loss_fidelity: RL4CO free-loss step 1/200: score=7.826895 (avg=7.826895), loss=0.210744 (avg=0.210744), pairs_step=12149, pairs_total=12149
[2026-02-28 15:07:33,784] INFO:fitness.free_loss_fidelity: RL4CO free-loss step 20/200: score=7.807497 (avg=7.838981), loss=0.191137 (avg=0.195757), pairs_step=12145, pairs_total=243056
[2026-02-28 15:07:33,784] INFO:fitness.free_loss_fidelity: RL4CO free-loss step 20/200: score=7.807497 (avg=7.838981), loss=0.191137 (avg=0.195757), pairs_step=12145, pairs_total=243056
[2026-02-28 15:07:39,299] INFO:fitness.free_loss_fidelity: RL4CO free-loss step 40/200: score=7.856995 (avg=7.835694), loss=0.194807 (avg=0.193995), pairs_step=12158, pairs_total=486157
[2026-02-28 15:07:39,299] INFO:fitness.free_loss_fidelity: RL4CO free-loss step 40/200: score=7.856995 (avg=7.835694), loss=0.194807 (avg=0.193995), pairs_step=12158, pairs_total=486157
[2026-02-28 15:07:44,793] INFO:fitness.free_loss_fidelity: RL4CO free-loss step 60/200: score=7.843811 (avg=7.832581), loss=0.208965 (avg=0.194942), pairs_step=12149, pairs_total=729239
[2026-02-28 15:07:44,793] INFO:fitness.free_loss_fidelity: RL4CO free-loss step 60/200: score=7.843811 (avg=7.832581), loss=0.208965 (avg=0.194942), pairs_step=12149, pairs_total=729239
[2026-02-28 15:07:50,303] INFO:fitness.free_loss_fidelity: RL4CO free-loss step 80/200: score=7.831110 (avg=7.831850), loss=0.199107 (avg=0.196989), pairs_step=12157, pairs_total=972331
[2026-02-28 15:07:50,303] INFO:fitness.free_loss_fidelity: RL4CO free-loss step 80/200: score=7.831110 (avg=7.831850), loss=0.199107 (avg=0.196989), pairs_step=12157, pairs_total=972331
[2026-02-28 15:07:55,829] INFO:fitness.free_loss_fidelity: RL4CO free-loss step 100/200: score=7.787456 (avg=7.832800), loss=0.202465 (avg=0.196970), pairs_step=12149, pairs_total=1215421
[2026-02-28 15:07:55,829] INFO:fitness.free_loss_fidelity: RL4CO free-loss step 100/200: score=7.787456 (avg=7.832800), loss=0.202465 (avg=0.196970), pairs_step=12149, pairs_total=1215421
[2026-02-28 15:08:01,317] INFO:fitness.free_loss_fidelity: RL4CO free-loss step 120/200: score=7.815481 (avg=7.835127), loss=0.190759 (avg=0.196668), pairs_step=12156, pairs_total=1458502
[2026-02-28 15:08:01,317] INFO:fitness.free_loss_fidelity: RL4CO free-loss step 120/200: score=7.815481 (avg=7.835127), loss=0.190759 (avg=0.196668), pairs_step=12156, pairs_total=1458502
[2026-02-28 15:08:06,818] INFO:fitness.free_loss_fidelity: RL4CO free-loss step 140/200: score=7.864776 (avg=7.836378), loss=0.183345 (avg=0.195521), pairs_step=12153, pairs_total=1701600
[2026-02-28 15:08:06,818] INFO:fitness.free_loss_fidelity: RL4CO free-loss step 140/200: score=7.864776 (avg=7.836378), loss=0.183345 (avg=0.195521), pairs_step=12153, pairs_total=1701600
[2026-02-28 15:08:12,516] INFO:fitness.free_loss_fidelity: RL4CO free-loss step 160/200: score=7.837312 (avg=7.836412), loss=0.196774 (avg=0.194620), pairs_step=12157, pairs_total=1944715
[2026-02-28 15:08:12,516] INFO:fitness.free_loss_fidelity: RL4CO free-loss step 160/200: score=7.837312 (avg=7.836412), loss=0.196774 (avg=0.194620), pairs_step=12157, pairs_total=1944715
[2026-02-28 15:08:18,002] INFO:fitness.free_loss_fidelity: RL4CO free-loss step 180/200: score=7.826051 (avg=7.835395), loss=0.182028 (avg=0.193358), pairs_step=12146, pairs_total=2187789
[2026-02-28 15:08:18,002] INFO:fitness.free_loss_fidelity: RL4CO free-loss step 180/200: score=7.826051 (avg=7.835395), loss=0.182028 (avg=0.193358), pairs_step=12146, pairs_total=2187789
[2026-02-28 15:08:23,516] INFO:fitness.free_loss_fidelity: RL4CO free-loss step 200/200: score=7.852895 (avg=7.834673), loss=0.183523 (avg=0.192858), pairs_step=12154, pairs_total=2430894
[2026-02-28 15:08:23,516] INFO:fitness.free_loss_fidelity: RL4CO free-loss step 200/200: score=7.852895 (avg=7.834673), loss=0.183523 (avg=0.192858), pairs_step=12154, pairs_total=2430894
