[2026-02-28 13:21:25,388] INFO:fitness.free_loss_fidelity: Stage3 offline mini-train start gen=3 pair_index=18 K=200 seed=12345 valid_sizes=[20, 100] baseline_json=baseline/mini_eval/baseline_minitrain_tsp100_K200.json
[2026-02-28 13:21:25,388] INFO:fitness.free_loss_fidelity: Stage3 offline mini-train start gen=3 pair_index=18 K=200 seed=12345 valid_sizes=[20, 100] baseline_json=baseline/mini_eval/baseline_minitrain_tsp100_K200.json
[2026-02-28 13:21:25,409] INFO:fitness.free_loss_fidelity: RL4CO free-loss (step-mode): f1_steps=200, f2_steps=0, total_steps=200, train_problem_size=100, rollouts=20, batch_size=64, device=cuda:3, env=tsp
[2026-02-28 13:21:25,409] INFO:fitness.free_loss_fidelity: RL4CO free-loss (step-mode): f1_steps=200, f2_steps=0, total_steps=200, train_problem_size=100, rollouts=20, batch_size=64, device=cuda:3, env=tsp
[2026-02-28 13:21:25,735] INFO:fitness.free_loss_fidelity: RL4CO free-loss step 1/200: score=36.626595 (avg=36.626595), loss=0.857651 (avg=0.857651), pairs_step=12160, pairs_total=12160
[2026-02-28 13:21:25,735] INFO:fitness.free_loss_fidelity: RL4CO free-loss step 1/200: score=36.626595 (avg=36.626595), loss=0.857651 (avg=0.857651), pairs_step=12160, pairs_total=12160
[2026-02-28 13:21:31,227] INFO:fitness.free_loss_fidelity: RL4CO free-loss step 20/200: score=10.900596 (avg=13.533190), loss=0.646002 (avg=0.649399), pairs_step=12160, pairs_total=243199
[2026-02-28 13:21:31,227] INFO:fitness.free_loss_fidelity: RL4CO free-loss step 20/200: score=10.900596 (avg=13.533190), loss=0.646002 (avg=0.649399), pairs_step=12160, pairs_total=243199
[2026-02-28 13:21:36,985] INFO:fitness.free_loss_fidelity: RL4CO free-loss step 40/200: score=9.816975 (avg=11.881002), loss=0.636732 (avg=0.638598), pairs_step=12160, pairs_total=486399
[2026-02-28 13:21:36,985] INFO:fitness.free_loss_fidelity: RL4CO free-loss step 40/200: score=9.816975 (avg=11.881002), loss=0.636732 (avg=0.638598), pairs_step=12160, pairs_total=486399
[2026-02-28 13:21:42,761] INFO:fitness.free_loss_fidelity: RL4CO free-loss step 60/200: score=9.741392 (avg=11.176230), loss=0.602491 (avg=0.630705), pairs_step=12160, pairs_total=729598
[2026-02-28 13:21:42,761] INFO:fitness.free_loss_fidelity: RL4CO free-loss step 60/200: score=9.741392 (avg=11.176230), loss=0.602491 (avg=0.630705), pairs_step=12160, pairs_total=729598
[2026-02-28 13:21:48,546] INFO:fitness.free_loss_fidelity: RL4CO free-loss step 80/200: score=9.507533 (avg=10.780021), loss=0.599619 (avg=0.625192), pairs_step=12160, pairs_total=972798
[2026-02-28 13:21:48,546] INFO:fitness.free_loss_fidelity: RL4CO free-loss step 80/200: score=9.507533 (avg=10.780021), loss=0.599619 (avg=0.625192), pairs_step=12160, pairs_total=972798
[2026-02-28 13:21:54,328] INFO:fitness.free_loss_fidelity: RL4CO free-loss step 100/200: score=9.402884 (avg=10.515928), loss=0.607448 (avg=0.620218), pairs_step=12160, pairs_total=1215998
[2026-02-28 13:21:54,328] INFO:fitness.free_loss_fidelity: RL4CO free-loss step 100/200: score=9.402884 (avg=10.515928), loss=0.607448 (avg=0.620218), pairs_step=12160, pairs_total=1215998
[2026-02-28 13:22:00,087] INFO:fitness.free_loss_fidelity: RL4CO free-loss step 120/200: score=9.260850 (avg=10.322868), loss=0.593860 (avg=0.616830), pairs_step=12160, pairs_total=1459197
[2026-02-28 13:22:00,087] INFO:fitness.free_loss_fidelity: RL4CO free-loss step 120/200: score=9.260850 (avg=10.322868), loss=0.593860 (avg=0.616830), pairs_step=12160, pairs_total=1459197
[2026-02-28 13:22:05,842] INFO:fitness.free_loss_fidelity: RL4CO free-loss step 140/200: score=9.329660 (avg=10.182550), loss=0.611179 (avg=0.614539), pairs_step=12160, pairs_total=1702397
[2026-02-28 13:22:05,842] INFO:fitness.free_loss_fidelity: RL4CO free-loss step 140/200: score=9.329660 (avg=10.182550), loss=0.611179 (avg=0.614539), pairs_step=12160, pairs_total=1702397
[2026-02-28 13:22:11,622] INFO:fitness.free_loss_fidelity: RL4CO free-loss step 160/200: score=9.233054 (avg=10.066310), loss=0.598197 (avg=0.613254), pairs_step=12160, pairs_total=1945596
[2026-02-28 13:22:11,622] INFO:fitness.free_loss_fidelity: RL4CO free-loss step 160/200: score=9.233054 (avg=10.066310), loss=0.598197 (avg=0.613254), pairs_step=12160, pairs_total=1945596
[2026-02-28 13:22:17,399] INFO:fitness.free_loss_fidelity: RL4CO free-loss step 180/200: score=9.113008 (avg=9.963121), loss=0.604673 (avg=0.612624), pairs_step=12160, pairs_total=2188796
[2026-02-28 13:22:17,399] INFO:fitness.free_loss_fidelity: RL4CO free-loss step 180/200: score=9.113008 (avg=9.963121), loss=0.604673 (avg=0.612624), pairs_step=12160, pairs_total=2188796
[2026-02-28 13:22:23,177] INFO:fitness.free_loss_fidelity: RL4CO free-loss step 200/200: score=9.117636 (avg=9.877281), loss=0.614566 (avg=0.611542), pairs_step=12160, pairs_total=2431996
[2026-02-28 13:22:23,177] INFO:fitness.free_loss_fidelity: RL4CO free-loss step 200/200: score=9.117636 (avg=9.877281), loss=0.614566 (avg=0.611542), pairs_step=12160, pairs_total=2431996
[2026-02-28 13:22:24,496] WARNING:fitness.free_loss_fidelity: weights_only checkpoint load failed (UnpicklingError); retrying weights_only=False for /data1/gushengda/eam-rl4co/baseline/epoch_135.ckpt
[2026-02-28 13:22:24,496] WARNING:fitness.free_loss_fidelity: weights_only checkpoint load failed (UnpicklingError); retrying weights_only=False for /data1/gushengda/eam-rl4co/baseline/epoch_135.ckpt
[2026-02-28 13:22:24,536] INFO:fitness.free_loss_fidelity: Loaded init checkpoint into policy: path=/data1/gushengda/eam-rl4co/baseline/epoch_135.ckpt prefix=policy. matched=97 missing=0 unexpected=0
[2026-02-28 13:22:24,536] INFO:fitness.free_loss_fidelity: Loaded init checkpoint into policy: path=/data1/gushengda/eam-rl4co/baseline/epoch_135.ckpt prefix=policy. matched=97 missing=0 unexpected=0
[2026-02-28 13:22:24,541] INFO:fitness.free_loss_fidelity: RL4CO free-loss (step-mode): f1_steps=200, f2_steps=0, total_steps=200, train_problem_size=100, rollouts=20, batch_size=64, device=cuda:3, env=tsp
[2026-02-28 13:22:24,541] INFO:fitness.free_loss_fidelity: RL4CO free-loss (step-mode): f1_steps=200, f2_steps=0, total_steps=200, train_problem_size=100, rollouts=20, batch_size=64, device=cuda:3, env=tsp
[2026-02-28 13:22:24,872] INFO:fitness.free_loss_fidelity: RL4CO free-loss step 1/200: score=7.825121 (avg=7.825121), loss=0.675659 (avg=0.675659), pairs_step=12151, pairs_total=12151
[2026-02-28 13:22:24,872] INFO:fitness.free_loss_fidelity: RL4CO free-loss step 1/200: score=7.825121 (avg=7.825121), loss=0.675659 (avg=0.675659), pairs_step=12151, pairs_total=12151
[2026-02-28 13:22:30,358] INFO:fitness.free_loss_fidelity: RL4CO free-loss step 20/200: score=7.810659 (avg=7.842585), loss=0.679031 (avg=0.672735), pairs_step=12157, pairs_total=243087
[2026-02-28 13:22:30,358] INFO:fitness.free_loss_fidelity: RL4CO free-loss step 20/200: score=7.810659 (avg=7.842585), loss=0.679031 (avg=0.672735), pairs_step=12157, pairs_total=243087
[2026-02-28 13:22:36,135] INFO:fitness.free_loss_fidelity: RL4CO free-loss step 40/200: score=7.857488 (avg=7.839355), loss=0.675600 (avg=0.673936), pairs_step=12155, pairs_total=486158
[2026-02-28 13:22:36,135] INFO:fitness.free_loss_fidelity: RL4CO free-loss step 40/200: score=7.857488 (avg=7.839355), loss=0.675600 (avg=0.673936), pairs_step=12155, pairs_total=486158
[2026-02-28 13:22:41,910] INFO:fitness.free_loss_fidelity: RL4CO free-loss step 60/200: score=7.848850 (avg=7.836539), loss=0.672717 (avg=0.674121), pairs_step=12147, pairs_total=729268
[2026-02-28 13:22:41,910] INFO:fitness.free_loss_fidelity: RL4CO free-loss step 60/200: score=7.848850 (avg=7.836539), loss=0.672717 (avg=0.674121), pairs_step=12147, pairs_total=729268
[2026-02-28 13:22:47,701] INFO:fitness.free_loss_fidelity: RL4CO free-loss step 80/200: score=7.843271 (avg=7.836018), loss=0.671071 (avg=0.673953), pairs_step=12158, pairs_total=972353
[2026-02-28 13:22:47,701] INFO:fitness.free_loss_fidelity: RL4CO free-loss step 80/200: score=7.843271 (avg=7.836018), loss=0.671071 (avg=0.673953), pairs_step=12158, pairs_total=972353
[2026-02-28 13:22:53,467] INFO:fitness.free_loss_fidelity: RL4CO free-loss step 100/200: score=7.790753 (avg=7.836785), loss=0.671468 (avg=0.673538), pairs_step=12157, pairs_total=1215459
[2026-02-28 13:22:53,467] INFO:fitness.free_loss_fidelity: RL4CO free-loss step 100/200: score=7.790753 (avg=7.836785), loss=0.671468 (avg=0.673538), pairs_step=12157, pairs_total=1215459
[2026-02-28 13:22:59,232] INFO:fitness.free_loss_fidelity: RL4CO free-loss step 120/200: score=7.817827 (avg=7.838210), loss=0.667190 (avg=0.673130), pairs_step=12153, pairs_total=1458573
[2026-02-28 13:22:59,232] INFO:fitness.free_loss_fidelity: RL4CO free-loss step 120/200: score=7.817827 (avg=7.838210), loss=0.667190 (avg=0.673130), pairs_step=12153, pairs_total=1458573
[2026-02-28 13:23:04,995] INFO:fitness.free_loss_fidelity: RL4CO free-loss step 140/200: score=7.866384 (avg=7.839908), loss=0.675386 (avg=0.672885), pairs_step=12150, pairs_total=1701640
[2026-02-28 13:23:04,995] INFO:fitness.free_loss_fidelity: RL4CO free-loss step 140/200: score=7.866384 (avg=7.839908), loss=0.675386 (avg=0.672885), pairs_step=12150, pairs_total=1701640
[2026-02-28 13:23:10,755] INFO:fitness.free_loss_fidelity: RL4CO free-loss step 160/200: score=7.830956 (avg=7.839046), loss=0.669256 (avg=0.672682), pairs_step=12156, pairs_total=1944727
[2026-02-28 13:23:10,755] INFO:fitness.free_loss_fidelity: RL4CO free-loss step 160/200: score=7.830956 (avg=7.839046), loss=0.669256 (avg=0.672682), pairs_step=12156, pairs_total=1944727
[2026-02-28 13:23:16,536] INFO:fitness.free_loss_fidelity: RL4CO free-loss step 180/200: score=7.819727 (avg=7.838105), loss=0.673911 (avg=0.672398), pairs_step=12157, pairs_total=2187815
[2026-02-28 13:23:16,536] INFO:fitness.free_loss_fidelity: RL4CO free-loss step 180/200: score=7.819727 (avg=7.838105), loss=0.673911 (avg=0.672398), pairs_step=12157, pairs_total=2187815
[2026-02-28 13:23:22,314] INFO:fitness.free_loss_fidelity: RL4CO free-loss step 200/200: score=7.850796 (avg=7.837252), loss=0.672289 (avg=0.672394), pairs_step=12155, pairs_total=2430883
[2026-02-28 13:23:22,314] INFO:fitness.free_loss_fidelity: RL4CO free-loss step 200/200: score=7.850796 (avg=7.837252), loss=0.672289 (avg=0.672394), pairs_step=12155, pairs_total=2430883
[2026-02-28 13:23:23,633] WARNING:fitness.free_loss_fidelity: weights_only checkpoint load failed (UnpicklingError); retrying weights_only=False for /data1/gushengda/eam-rl4co/baseline/epoch_409.ckpt
[2026-02-28 13:23:23,633] WARNING:fitness.free_loss_fidelity: weights_only checkpoint load failed (UnpicklingError); retrying weights_only=False for /data1/gushengda/eam-rl4co/baseline/epoch_409.ckpt
[2026-02-28 13:23:23,673] INFO:fitness.free_loss_fidelity: Loaded init checkpoint into policy: path=/data1/gushengda/eam-rl4co/baseline/epoch_409.ckpt prefix=policy. matched=97 missing=0 unexpected=0
[2026-02-28 13:23:23,673] INFO:fitness.free_loss_fidelity: Loaded init checkpoint into policy: path=/data1/gushengda/eam-rl4co/baseline/epoch_409.ckpt prefix=policy. matched=97 missing=0 unexpected=0
[2026-02-28 13:23:23,678] INFO:fitness.free_loss_fidelity: RL4CO free-loss (step-mode): f1_steps=200, f2_steps=0, total_steps=200, train_problem_size=100, rollouts=20, batch_size=64, device=cuda:3, env=tsp
[2026-02-28 13:23:23,678] INFO:fitness.free_loss_fidelity: RL4CO free-loss (step-mode): f1_steps=200, f2_steps=0, total_steps=200, train_problem_size=100, rollouts=20, batch_size=64, device=cuda:3, env=tsp
[2026-02-28 13:23:23,992] INFO:fitness.free_loss_fidelity: RL4CO free-loss step 1/200: score=7.826895 (avg=7.826895), loss=0.219171 (avg=0.219171), pairs_step=12149, pairs_total=12149
[2026-02-28 13:23:23,992] INFO:fitness.free_loss_fidelity: RL4CO free-loss step 1/200: score=7.826895 (avg=7.826895), loss=0.219171 (avg=0.219171), pairs_step=12149, pairs_total=12149
[2026-02-28 13:23:29,474] INFO:fitness.free_loss_fidelity: RL4CO free-loss step 20/200: score=7.810840 (avg=7.840914), loss=0.202833 (avg=0.205388), pairs_step=12156, pairs_total=243061
[2026-02-28 13:23:29,474] INFO:fitness.free_loss_fidelity: RL4CO free-loss step 20/200: score=7.810840 (avg=7.840914), loss=0.202833 (avg=0.205388), pairs_step=12156, pairs_total=243061
[2026-02-28 13:23:35,246] INFO:fitness.free_loss_fidelity: RL4CO free-loss step 40/200: score=7.855886 (avg=7.837693), loss=0.200293 (avg=0.201402), pairs_step=12155, pairs_total=486147
[2026-02-28 13:23:35,246] INFO:fitness.free_loss_fidelity: RL4CO free-loss step 40/200: score=7.855886 (avg=7.837693), loss=0.200293 (avg=0.201402), pairs_step=12155, pairs_total=486147
[2026-02-28 13:23:41,017] INFO:fitness.free_loss_fidelity: RL4CO free-loss step 60/200: score=7.847997 (avg=7.834963), loss=0.196989 (avg=0.199611), pairs_step=12156, pairs_total=729240
[2026-02-28 13:23:41,017] INFO:fitness.free_loss_fidelity: RL4CO free-loss step 60/200: score=7.847997 (avg=7.834963), loss=0.196989 (avg=0.199611), pairs_step=12156, pairs_total=729240
[2026-02-28 13:23:47,102] INFO:fitness.free_loss_fidelity: RL4CO free-loss step 80/200: score=7.835422 (avg=7.833971), loss=0.195580 (avg=0.199430), pairs_step=12155, pairs_total=972342
[2026-02-28 13:23:47,102] INFO:fitness.free_loss_fidelity: RL4CO free-loss step 80/200: score=7.835422 (avg=7.833971), loss=0.195580 (avg=0.199430), pairs_step=12155, pairs_total=972342
[2026-02-28 13:23:52,857] INFO:fitness.free_loss_fidelity: RL4CO free-loss step 100/200: score=7.802578 (avg=7.835273), loss=0.209218 (avg=0.200399), pairs_step=12157, pairs_total=1215460
[2026-02-28 13:23:52,857] INFO:fitness.free_loss_fidelity: RL4CO free-loss step 100/200: score=7.802578 (avg=7.835273), loss=0.209218 (avg=0.200399), pairs_step=12157, pairs_total=1215460
[2026-02-28 13:23:58,841] INFO:fitness.free_loss_fidelity: RL4CO free-loss step 120/200: score=7.809346 (avg=7.836559), loss=0.211351 (avg=0.201528), pairs_step=12145, pairs_total=1458496
[2026-02-28 13:23:58,841] INFO:fitness.free_loss_fidelity: RL4CO free-loss step 120/200: score=7.809346 (avg=7.836559), loss=0.211351 (avg=0.201528), pairs_step=12145, pairs_total=1458496
[2026-02-28 13:24:05,170] INFO:fitness.free_loss_fidelity: RL4CO free-loss step 140/200: score=7.863056 (avg=7.837012), loss=0.196924 (avg=0.202277), pairs_step=12151, pairs_total=1701579
[2026-02-28 13:24:05,170] INFO:fitness.free_loss_fidelity: RL4CO free-loss step 140/200: score=7.863056 (avg=7.837012), loss=0.196924 (avg=0.202277), pairs_step=12151, pairs_total=1701579
[2026-02-28 13:24:11,798] INFO:fitness.free_loss_fidelity: RL4CO free-loss step 160/200: score=7.834719 (avg=7.836250), loss=0.204189 (avg=0.202007), pairs_step=12152, pairs_total=1944640
[2026-02-28 13:24:11,798] INFO:fitness.free_loss_fidelity: RL4CO free-loss step 160/200: score=7.834719 (avg=7.836250), loss=0.204189 (avg=0.202007), pairs_step=12152, pairs_total=1944640
[2026-02-28 13:24:18,419] INFO:fitness.free_loss_fidelity: RL4CO free-loss step 180/200: score=7.827730 (avg=7.835257), loss=0.195483 (avg=0.201650), pairs_step=12157, pairs_total=2187733
[2026-02-28 13:24:18,419] INFO:fitness.free_loss_fidelity: RL4CO free-loss step 180/200: score=7.827730 (avg=7.835257), loss=0.195483 (avg=0.201650), pairs_step=12157, pairs_total=2187733
[2026-02-28 13:24:25,139] INFO:fitness.free_loss_fidelity: RL4CO free-loss step 200/200: score=7.861388 (avg=7.834621), loss=0.190963 (avg=0.201241), pairs_step=12151, pairs_total=2430829
[2026-02-28 13:24:25,139] INFO:fitness.free_loss_fidelity: RL4CO free-loss step 200/200: score=7.861388 (avg=7.834621), loss=0.190963 (avg=0.201241), pairs_step=12151, pairs_total=2430829
