[2026-02-28 14:31:59,695] INFO:fitness.free_loss_fidelity: Stage3 offline mini-train start gen=6 pair_index=26 K=200 seed=12345 valid_sizes=[20, 100] baseline_json=baseline/mini_eval/baseline_minitrain_tsp100_K200.json
[2026-02-28 14:31:59,695] INFO:fitness.free_loss_fidelity: Stage3 offline mini-train start gen=6 pair_index=26 K=200 seed=12345 valid_sizes=[20, 100] baseline_json=baseline/mini_eval/baseline_minitrain_tsp100_K200.json
[2026-02-28 14:31:59,716] INFO:fitness.free_loss_fidelity: RL4CO free-loss (step-mode): f1_steps=200, f2_steps=0, total_steps=200, train_problem_size=100, rollouts=20, batch_size=64, device=cuda:2, env=tsp
[2026-02-28 14:31:59,716] INFO:fitness.free_loss_fidelity: RL4CO free-loss (step-mode): f1_steps=200, f2_steps=0, total_steps=200, train_problem_size=100, rollouts=20, batch_size=64, device=cuda:2, env=tsp
[2026-02-28 14:32:00,058] INFO:fitness.free_loss_fidelity: RL4CO free-loss step 1/200: score=36.626595 (avg=36.626595), loss=0.799510 (avg=0.799510), pairs_step=12160, pairs_total=12160
[2026-02-28 14:32:00,058] INFO:fitness.free_loss_fidelity: RL4CO free-loss step 1/200: score=36.626595 (avg=36.626595), loss=0.799510 (avg=0.799510), pairs_step=12160, pairs_total=12160
[2026-02-28 14:32:05,575] INFO:fitness.free_loss_fidelity: RL4CO free-loss step 20/200: score=10.551632 (avg=13.410657), loss=0.621729 (avg=0.621065), pairs_step=12160, pairs_total=243200
[2026-02-28 14:32:05,575] INFO:fitness.free_loss_fidelity: RL4CO free-loss step 20/200: score=10.551632 (avg=13.410657), loss=0.621729 (avg=0.621065), pairs_step=12160, pairs_total=243200
[2026-02-28 14:32:11,339] INFO:fitness.free_loss_fidelity: RL4CO free-loss step 40/200: score=9.974901 (avg=11.806986), loss=0.612970 (avg=0.613322), pairs_step=12160, pairs_total=486400
[2026-02-28 14:32:11,339] INFO:fitness.free_loss_fidelity: RL4CO free-loss step 40/200: score=9.974901 (avg=11.806986), loss=0.612970 (avg=0.613322), pairs_step=12160, pairs_total=486400
[2026-02-28 14:32:17,013] INFO:fitness.free_loss_fidelity: RL4CO free-loss step 60/200: score=9.698596 (avg=11.132169), loss=0.590606 (avg=0.606273), pairs_step=12160, pairs_total=729600
[2026-02-28 14:32:17,013] INFO:fitness.free_loss_fidelity: RL4CO free-loss step 60/200: score=9.698596 (avg=11.132169), loss=0.590606 (avg=0.606273), pairs_step=12160, pairs_total=729600
[2026-02-28 14:32:22,706] INFO:fitness.free_loss_fidelity: RL4CO free-loss step 80/200: score=9.587336 (avg=10.757347), loss=0.600967 (avg=0.601402), pairs_step=12160, pairs_total=972799
[2026-02-28 14:32:22,706] INFO:fitness.free_loss_fidelity: RL4CO free-loss step 80/200: score=9.587336 (avg=10.757347), loss=0.600967 (avg=0.601402), pairs_step=12160, pairs_total=972799
[2026-02-28 14:32:28,371] INFO:fitness.free_loss_fidelity: RL4CO free-loss step 100/200: score=9.436042 (avg=10.514961), loss=0.572013 (avg=0.596682), pairs_step=12160, pairs_total=1215999
[2026-02-28 14:32:28,371] INFO:fitness.free_loss_fidelity: RL4CO free-loss step 100/200: score=9.436042 (avg=10.514961), loss=0.572013 (avg=0.596682), pairs_step=12160, pairs_total=1215999
[2026-02-28 14:32:34,034] INFO:fitness.free_loss_fidelity: RL4CO free-loss step 120/200: score=9.390885 (avg=10.334446), loss=0.580221 (avg=0.592837), pairs_step=12160, pairs_total=1459199
[2026-02-28 14:32:34,034] INFO:fitness.free_loss_fidelity: RL4CO free-loss step 120/200: score=9.390885 (avg=10.334446), loss=0.580221 (avg=0.592837), pairs_step=12160, pairs_total=1459199
[2026-02-28 14:32:39,773] INFO:fitness.free_loss_fidelity: RL4CO free-loss step 140/200: score=9.297251 (avg=10.194564), loss=0.568508 (avg=0.590431), pairs_step=12160, pairs_total=1702399
[2026-02-28 14:32:39,773] INFO:fitness.free_loss_fidelity: RL4CO free-loss step 140/200: score=9.297251 (avg=10.194564), loss=0.568508 (avg=0.590431), pairs_step=12160, pairs_total=1702399
[2026-02-28 14:32:45,508] INFO:fitness.free_loss_fidelity: RL4CO free-loss step 160/200: score=9.272457 (avg=10.078328), loss=0.578954 (avg=0.588508), pairs_step=12160, pairs_total=1945599
[2026-02-28 14:32:45,508] INFO:fitness.free_loss_fidelity: RL4CO free-loss step 160/200: score=9.272457 (avg=10.078328), loss=0.578954 (avg=0.588508), pairs_step=12160, pairs_total=1945599
[2026-02-28 14:32:51,257] INFO:fitness.free_loss_fidelity: RL4CO free-loss step 180/200: score=9.084572 (avg=9.980896), loss=0.582249 (avg=0.587045), pairs_step=12160, pairs_total=2188799
[2026-02-28 14:32:51,257] INFO:fitness.free_loss_fidelity: RL4CO free-loss step 180/200: score=9.084572 (avg=9.980896), loss=0.582249 (avg=0.587045), pairs_step=12160, pairs_total=2188799
[2026-02-28 14:32:57,024] INFO:fitness.free_loss_fidelity: RL4CO free-loss step 200/200: score=9.152457 (avg=9.899017), loss=0.568102 (avg=0.585667), pairs_step=12160, pairs_total=2431997
[2026-02-28 14:32:57,024] INFO:fitness.free_loss_fidelity: RL4CO free-loss step 200/200: score=9.152457 (avg=9.899017), loss=0.568102 (avg=0.585667), pairs_step=12160, pairs_total=2431997
[2026-02-28 14:32:58,324] WARNING:fitness.free_loss_fidelity: weights_only checkpoint load failed (UnpicklingError); retrying weights_only=False for /data1/gushengda/eam-rl4co/baseline/epoch_135.ckpt
[2026-02-28 14:32:58,324] WARNING:fitness.free_loss_fidelity: weights_only checkpoint load failed (UnpicklingError); retrying weights_only=False for /data1/gushengda/eam-rl4co/baseline/epoch_135.ckpt
[2026-02-28 14:32:58,363] INFO:fitness.free_loss_fidelity: Loaded init checkpoint into policy: path=/data1/gushengda/eam-rl4co/baseline/epoch_135.ckpt prefix=policy. matched=97 missing=0 unexpected=0
[2026-02-28 14:32:58,363] INFO:fitness.free_loss_fidelity: Loaded init checkpoint into policy: path=/data1/gushengda/eam-rl4co/baseline/epoch_135.ckpt prefix=policy. matched=97 missing=0 unexpected=0
[2026-02-28 14:32:58,367] INFO:fitness.free_loss_fidelity: RL4CO free-loss (step-mode): f1_steps=200, f2_steps=0, total_steps=200, train_problem_size=100, rollouts=20, batch_size=64, device=cuda:2, env=tsp
[2026-02-28 14:32:58,367] INFO:fitness.free_loss_fidelity: RL4CO free-loss (step-mode): f1_steps=200, f2_steps=0, total_steps=200, train_problem_size=100, rollouts=20, batch_size=64, device=cuda:2, env=tsp
[2026-02-28 14:32:58,702] INFO:fitness.free_loss_fidelity: RL4CO free-loss step 1/200: score=7.825121 (avg=7.825121), loss=0.669578 (avg=0.669578), pairs_step=12151, pairs_total=12151
[2026-02-28 14:32:58,702] INFO:fitness.free_loss_fidelity: RL4CO free-loss step 1/200: score=7.825121 (avg=7.825121), loss=0.669578 (avg=0.669578), pairs_step=12151, pairs_total=12151
[2026-02-28 14:33:04,265] INFO:fitness.free_loss_fidelity: RL4CO free-loss step 20/200: score=7.824059 (avg=7.845732), loss=0.664731 (avg=0.664168), pairs_step=12153, pairs_total=243081
[2026-02-28 14:33:04,265] INFO:fitness.free_loss_fidelity: RL4CO free-loss step 20/200: score=7.824059 (avg=7.845732), loss=0.664731 (avg=0.664168), pairs_step=12153, pairs_total=243081
[2026-02-28 14:33:10,055] INFO:fitness.free_loss_fidelity: RL4CO free-loss step 40/200: score=7.859206 (avg=7.840403), loss=0.662919 (avg=0.664229), pairs_step=12157, pairs_total=486165
[2026-02-28 14:33:10,055] INFO:fitness.free_loss_fidelity: RL4CO free-loss step 40/200: score=7.859206 (avg=7.840403), loss=0.662919 (avg=0.664229), pairs_step=12157, pairs_total=486165
[2026-02-28 14:33:15,826] INFO:fitness.free_loss_fidelity: RL4CO free-loss step 60/200: score=7.839741 (avg=7.836208), loss=0.665785 (avg=0.665013), pairs_step=12154, pairs_total=729239
[2026-02-28 14:33:15,826] INFO:fitness.free_loss_fidelity: RL4CO free-loss step 60/200: score=7.839741 (avg=7.836208), loss=0.665785 (avg=0.665013), pairs_step=12154, pairs_total=729239
[2026-02-28 14:33:21,597] INFO:fitness.free_loss_fidelity: RL4CO free-loss step 80/200: score=7.841498 (avg=7.835267), loss=0.663766 (avg=0.665234), pairs_step=12155, pairs_total=972339
[2026-02-28 14:33:21,597] INFO:fitness.free_loss_fidelity: RL4CO free-loss step 80/200: score=7.841498 (avg=7.835267), loss=0.663766 (avg=0.665234), pairs_step=12155, pairs_total=972339
[2026-02-28 14:33:27,388] INFO:fitness.free_loss_fidelity: RL4CO free-loss step 100/200: score=7.797112 (avg=7.835883), loss=0.668313 (avg=0.665254), pairs_step=12155, pairs_total=1215419
[2026-02-28 14:33:27,388] INFO:fitness.free_loss_fidelity: RL4CO free-loss step 100/200: score=7.797112 (avg=7.835883), loss=0.668313 (avg=0.665254), pairs_step=12155, pairs_total=1215419
[2026-02-28 14:33:33,160] INFO:fitness.free_loss_fidelity: RL4CO free-loss step 120/200: score=7.812577 (avg=7.837383), loss=0.666354 (avg=0.664767), pairs_step=12155, pairs_total=1458501
[2026-02-28 14:33:33,160] INFO:fitness.free_loss_fidelity: RL4CO free-loss step 120/200: score=7.812577 (avg=7.837383), loss=0.666354 (avg=0.664767), pairs_step=12155, pairs_total=1458501
[2026-02-28 14:33:39,119] INFO:fitness.free_loss_fidelity: RL4CO free-loss step 140/200: score=7.866762 (avg=7.838734), loss=0.661356 (avg=0.664716), pairs_step=12156, pairs_total=1701625
[2026-02-28 14:33:39,119] INFO:fitness.free_loss_fidelity: RL4CO free-loss step 140/200: score=7.866762 (avg=7.838734), loss=0.661356 (avg=0.664716), pairs_step=12156, pairs_total=1701625
[2026-02-28 14:33:44,880] INFO:fitness.free_loss_fidelity: RL4CO free-loss step 160/200: score=7.842372 (avg=7.839104), loss=0.661761 (avg=0.664582), pairs_step=12154, pairs_total=1944737
[2026-02-28 14:33:44,880] INFO:fitness.free_loss_fidelity: RL4CO free-loss step 160/200: score=7.842372 (avg=7.839104), loss=0.661761 (avg=0.664582), pairs_step=12154, pairs_total=1944737
[2026-02-28 14:33:50,645] INFO:fitness.free_loss_fidelity: RL4CO free-loss step 180/200: score=7.824796 (avg=7.838594), loss=0.660960 (avg=0.664392), pairs_step=12156, pairs_total=2187851
[2026-02-28 14:33:50,645] INFO:fitness.free_loss_fidelity: RL4CO free-loss step 180/200: score=7.824796 (avg=7.838594), loss=0.660960 (avg=0.664392), pairs_step=12156, pairs_total=2187851
[2026-02-28 14:33:56,411] INFO:fitness.free_loss_fidelity: RL4CO free-loss step 200/200: score=7.858109 (avg=7.837929), loss=0.667368 (avg=0.664442), pairs_step=12150, pairs_total=2430916
[2026-02-28 14:33:56,411] INFO:fitness.free_loss_fidelity: RL4CO free-loss step 200/200: score=7.858109 (avg=7.837929), loss=0.667368 (avg=0.664442), pairs_step=12150, pairs_total=2430916
[2026-02-28 14:33:57,724] WARNING:fitness.free_loss_fidelity: weights_only checkpoint load failed (UnpicklingError); retrying weights_only=False for /data1/gushengda/eam-rl4co/baseline/epoch_409.ckpt
[2026-02-28 14:33:57,724] WARNING:fitness.free_loss_fidelity: weights_only checkpoint load failed (UnpicklingError); retrying weights_only=False for /data1/gushengda/eam-rl4co/baseline/epoch_409.ckpt
[2026-02-28 14:33:57,754] INFO:fitness.free_loss_fidelity: Loaded init checkpoint into policy: path=/data1/gushengda/eam-rl4co/baseline/epoch_409.ckpt prefix=policy. matched=97 missing=0 unexpected=0
[2026-02-28 14:33:57,754] INFO:fitness.free_loss_fidelity: Loaded init checkpoint into policy: path=/data1/gushengda/eam-rl4co/baseline/epoch_409.ckpt prefix=policy. matched=97 missing=0 unexpected=0
[2026-02-28 14:33:57,758] INFO:fitness.free_loss_fidelity: RL4CO free-loss (step-mode): f1_steps=200, f2_steps=0, total_steps=200, train_problem_size=100, rollouts=20, batch_size=64, device=cuda:2, env=tsp
[2026-02-28 14:33:57,758] INFO:fitness.free_loss_fidelity: RL4CO free-loss (step-mode): f1_steps=200, f2_steps=0, total_steps=200, train_problem_size=100, rollouts=20, batch_size=64, device=cuda:2, env=tsp
[2026-02-28 14:33:58,101] INFO:fitness.free_loss_fidelity: RL4CO free-loss step 1/200: score=7.826895 (avg=7.826895), loss=0.211357 (avg=0.211357), pairs_step=12149, pairs_total=12149
[2026-02-28 14:33:58,101] INFO:fitness.free_loss_fidelity: RL4CO free-loss step 1/200: score=7.826895 (avg=7.826895), loss=0.211357 (avg=0.211357), pairs_step=12149, pairs_total=12149
[2026-02-28 14:34:03,594] INFO:fitness.free_loss_fidelity: RL4CO free-loss step 20/200: score=7.807083 (avg=7.838567), loss=0.191155 (avg=0.195842), pairs_step=12155, pairs_total=243061
[2026-02-28 14:34:03,594] INFO:fitness.free_loss_fidelity: RL4CO free-loss step 20/200: score=7.807083 (avg=7.838567), loss=0.191155 (avg=0.195842), pairs_step=12155, pairs_total=243061
[2026-02-28 14:34:09,379] INFO:fitness.free_loss_fidelity: RL4CO free-loss step 40/200: score=7.849111 (avg=7.832807), loss=0.195631 (avg=0.193419), pairs_step=12159, pairs_total=486148
[2026-02-28 14:34:09,379] INFO:fitness.free_loss_fidelity: RL4CO free-loss step 40/200: score=7.849111 (avg=7.832807), loss=0.195631 (avg=0.193419), pairs_step=12159, pairs_total=486148
[2026-02-28 14:34:15,172] INFO:fitness.free_loss_fidelity: RL4CO free-loss step 60/200: score=7.843476 (avg=7.830466), loss=0.202494 (avg=0.194689), pairs_step=12135, pairs_total=729207
[2026-02-28 14:34:15,172] INFO:fitness.free_loss_fidelity: RL4CO free-loss step 60/200: score=7.843476 (avg=7.830466), loss=0.202494 (avg=0.194689), pairs_step=12135, pairs_total=729207
[2026-02-28 14:34:20,932] INFO:fitness.free_loss_fidelity: RL4CO free-loss step 80/200: score=7.837223 (avg=7.830614), loss=0.207159 (avg=0.195971), pairs_step=12157, pairs_total=972296
[2026-02-28 14:34:20,932] INFO:fitness.free_loss_fidelity: RL4CO free-loss step 80/200: score=7.837223 (avg=7.830614), loss=0.207159 (avg=0.195971), pairs_step=12157, pairs_total=972296
[2026-02-28 14:34:26,701] INFO:fitness.free_loss_fidelity: RL4CO free-loss step 100/200: score=7.795057 (avg=7.832275), loss=0.200273 (avg=0.196987), pairs_step=12160, pairs_total=1215398
[2026-02-28 14:34:26,701] INFO:fitness.free_loss_fidelity: RL4CO free-loss step 100/200: score=7.795057 (avg=7.832275), loss=0.200273 (avg=0.196987), pairs_step=12160, pairs_total=1215398
[2026-02-28 14:34:32,472] INFO:fitness.free_loss_fidelity: RL4CO free-loss step 120/200: score=7.805394 (avg=7.833661), loss=0.207250 (avg=0.196872), pairs_step=12158, pairs_total=1458469
[2026-02-28 14:34:32,472] INFO:fitness.free_loss_fidelity: RL4CO free-loss step 120/200: score=7.805394 (avg=7.833661), loss=0.207250 (avg=0.196872), pairs_step=12158, pairs_total=1458469
[2026-02-28 14:34:38,270] INFO:fitness.free_loss_fidelity: RL4CO free-loss step 140/200: score=7.851586 (avg=7.834705), loss=0.196555 (avg=0.198156), pairs_step=12141, pairs_total=1701529
[2026-02-28 14:34:38,270] INFO:fitness.free_loss_fidelity: RL4CO free-loss step 140/200: score=7.851586 (avg=7.834705), loss=0.196555 (avg=0.198156), pairs_step=12141, pairs_total=1701529
[2026-02-28 14:34:44,056] INFO:fitness.free_loss_fidelity: RL4CO free-loss step 160/200: score=7.829820 (avg=7.834126), loss=0.212521 (avg=0.198288), pairs_step=12154, pairs_total=1944600
[2026-02-28 14:34:44,056] INFO:fitness.free_loss_fidelity: RL4CO free-loss step 160/200: score=7.829820 (avg=7.834126), loss=0.212521 (avg=0.198288), pairs_step=12154, pairs_total=1944600
[2026-02-28 14:34:49,838] INFO:fitness.free_loss_fidelity: RL4CO free-loss step 180/200: score=7.824535 (avg=7.833165), loss=0.206283 (avg=0.199020), pairs_step=12153, pairs_total=2187643
[2026-02-28 14:34:49,838] INFO:fitness.free_loss_fidelity: RL4CO free-loss step 180/200: score=7.824535 (avg=7.833165), loss=0.206283 (avg=0.199020), pairs_step=12153, pairs_total=2187643
[2026-02-28 14:34:55,654] INFO:fitness.free_loss_fidelity: RL4CO free-loss step 200/200: score=7.855006 (avg=7.832185), loss=0.198175 (avg=0.199625), pairs_step=12144, pairs_total=2430707
[2026-02-28 14:34:55,654] INFO:fitness.free_loss_fidelity: RL4CO free-loss step 200/200: score=7.855006 (avg=7.832185), loss=0.198175 (avg=0.199625), pairs_step=12144, pairs_total=2430707
