[2026-02-28 15:47:19,561] INFO:fitness.free_loss_fidelity: Stage3 offline mini-train start gen=9 pair_index=19 K=200 seed=12345 valid_sizes=[20, 100] baseline_json=baseline/mini_eval/baseline_minitrain_tsp100_K200.json
[2026-02-28 15:47:19,561] INFO:fitness.free_loss_fidelity: Stage3 offline mini-train start gen=9 pair_index=19 K=200 seed=12345 valid_sizes=[20, 100] baseline_json=baseline/mini_eval/baseline_minitrain_tsp100_K200.json
[2026-02-28 15:47:19,585] INFO:fitness.free_loss_fidelity: RL4CO free-loss (step-mode): f1_steps=200, f2_steps=0, total_steps=200, train_problem_size=100, rollouts=20, batch_size=64, device=cuda:1, env=tsp
[2026-02-28 15:47:19,585] INFO:fitness.free_loss_fidelity: RL4CO free-loss (step-mode): f1_steps=200, f2_steps=0, total_steps=200, train_problem_size=100, rollouts=20, batch_size=64, device=cuda:1, env=tsp
[2026-02-28 15:47:19,890] INFO:fitness.free_loss_fidelity: RL4CO free-loss step 1/200: score=36.626595 (avg=36.626595), loss=0.857651 (avg=0.857651), pairs_step=12160, pairs_total=12160
[2026-02-28 15:47:19,890] INFO:fitness.free_loss_fidelity: RL4CO free-loss step 1/200: score=36.626595 (avg=36.626595), loss=0.857651 (avg=0.857651), pairs_step=12160, pairs_total=12160
[2026-02-28 15:47:25,656] INFO:fitness.free_loss_fidelity: RL4CO free-loss step 20/200: score=10.375320 (avg=13.409374), loss=0.609480 (avg=0.644623), pairs_step=12160, pairs_total=243200
[2026-02-28 15:47:25,656] INFO:fitness.free_loss_fidelity: RL4CO free-loss step 20/200: score=10.375320 (avg=13.409374), loss=0.609480 (avg=0.644623), pairs_step=12160, pairs_total=243200
[2026-02-28 15:47:31,740] INFO:fitness.free_loss_fidelity: RL4CO free-loss step 40/200: score=9.964141 (avg=11.732193), loss=0.612851 (avg=0.632714), pairs_step=12160, pairs_total=486400
[2026-02-28 15:47:31,740] INFO:fitness.free_loss_fidelity: RL4CO free-loss step 40/200: score=9.964141 (avg=11.732193), loss=0.612851 (avg=0.632714), pairs_step=12160, pairs_total=486400
[2026-02-28 15:47:37,813] INFO:fitness.free_loss_fidelity: RL4CO free-loss step 60/200: score=9.751267 (avg=11.073716), loss=0.606276 (avg=0.626297), pairs_step=12160, pairs_total=729600
[2026-02-28 15:47:37,813] INFO:fitness.free_loss_fidelity: RL4CO free-loss step 60/200: score=9.751267 (avg=11.073716), loss=0.606276 (avg=0.626297), pairs_step=12160, pairs_total=729600
[2026-02-28 15:47:43,888] INFO:fitness.free_loss_fidelity: RL4CO free-loss step 80/200: score=9.507701 (avg=10.709685), loss=0.593391 (avg=0.621661), pairs_step=12160, pairs_total=972800
[2026-02-28 15:47:43,888] INFO:fitness.free_loss_fidelity: RL4CO free-loss step 80/200: score=9.507701 (avg=10.709685), loss=0.593391 (avg=0.621661), pairs_step=12160, pairs_total=972800
[2026-02-28 15:47:49,955] INFO:fitness.free_loss_fidelity: RL4CO free-loss step 100/200: score=9.360847 (avg=10.457032), loss=0.602265 (avg=0.617388), pairs_step=12160, pairs_total=1215998
[2026-02-28 15:47:49,955] INFO:fitness.free_loss_fidelity: RL4CO free-loss step 100/200: score=9.360847 (avg=10.457032), loss=0.602265 (avg=0.617388), pairs_step=12160, pairs_total=1215998
[2026-02-28 15:47:56,036] INFO:fitness.free_loss_fidelity: RL4CO free-loss step 120/200: score=9.301006 (avg=10.278965), loss=0.599877 (avg=0.614867), pairs_step=12160, pairs_total=1459198
[2026-02-28 15:47:56,036] INFO:fitness.free_loss_fidelity: RL4CO free-loss step 120/200: score=9.301006 (avg=10.278965), loss=0.599877 (avg=0.614867), pairs_step=12160, pairs_total=1459198
[2026-02-28 15:48:02,106] INFO:fitness.free_loss_fidelity: RL4CO free-loss step 140/200: score=9.405632 (avg=10.145559), loss=0.598691 (avg=0.613024), pairs_step=12160, pairs_total=1702397
[2026-02-28 15:48:02,106] INFO:fitness.free_loss_fidelity: RL4CO free-loss step 140/200: score=9.405632 (avg=10.145559), loss=0.598691 (avg=0.613024), pairs_step=12160, pairs_total=1702397
[2026-02-28 15:48:08,671] INFO:fitness.free_loss_fidelity: RL4CO free-loss step 160/200: score=9.234062 (avg=10.034604), loss=0.599052 (avg=0.611229), pairs_step=12160, pairs_total=1945597
[2026-02-28 15:48:08,671] INFO:fitness.free_loss_fidelity: RL4CO free-loss step 160/200: score=9.234062 (avg=10.034604), loss=0.599052 (avg=0.611229), pairs_step=12160, pairs_total=1945597
[2026-02-28 15:48:14,487] INFO:fitness.free_loss_fidelity: RL4CO free-loss step 180/200: score=9.184517 (avg=9.941411), loss=0.597225 (avg=0.609945), pairs_step=12160, pairs_total=2188797
[2026-02-28 15:48:14,487] INFO:fitness.free_loss_fidelity: RL4CO free-loss step 180/200: score=9.184517 (avg=9.941411), loss=0.597225 (avg=0.609945), pairs_step=12160, pairs_total=2188797
[2026-02-28 15:48:20,346] INFO:fitness.free_loss_fidelity: RL4CO free-loss step 200/200: score=9.217003 (avg=9.860448), loss=0.589278 (avg=0.609254), pairs_step=12160, pairs_total=2431997
[2026-02-28 15:48:20,346] INFO:fitness.free_loss_fidelity: RL4CO free-loss step 200/200: score=9.217003 (avg=9.860448), loss=0.589278 (avg=0.609254), pairs_step=12160, pairs_total=2431997
[2026-02-28 15:48:21,653] WARNING:fitness.free_loss_fidelity: weights_only checkpoint load failed (UnpicklingError); retrying weights_only=False for /data1/gushengda/eam-rl4co/baseline/epoch_135.ckpt
[2026-02-28 15:48:21,653] WARNING:fitness.free_loss_fidelity: weights_only checkpoint load failed (UnpicklingError); retrying weights_only=False for /data1/gushengda/eam-rl4co/baseline/epoch_135.ckpt
[2026-02-28 15:48:21,704] INFO:fitness.free_loss_fidelity: Loaded init checkpoint into policy: path=/data1/gushengda/eam-rl4co/baseline/epoch_135.ckpt prefix=policy. matched=97 missing=0 unexpected=0
[2026-02-28 15:48:21,704] INFO:fitness.free_loss_fidelity: Loaded init checkpoint into policy: path=/data1/gushengda/eam-rl4co/baseline/epoch_135.ckpt prefix=policy. matched=97 missing=0 unexpected=0
[2026-02-28 15:48:21,711] INFO:fitness.free_loss_fidelity: RL4CO free-loss (step-mode): f1_steps=200, f2_steps=0, total_steps=200, train_problem_size=100, rollouts=20, batch_size=64, device=cuda:1, env=tsp
[2026-02-28 15:48:21,711] INFO:fitness.free_loss_fidelity: RL4CO free-loss (step-mode): f1_steps=200, f2_steps=0, total_steps=200, train_problem_size=100, rollouts=20, batch_size=64, device=cuda:1, env=tsp
[2026-02-28 15:48:22,009] INFO:fitness.free_loss_fidelity: RL4CO free-loss step 1/200: score=7.825121 (avg=7.825121), loss=0.675659 (avg=0.675659), pairs_step=12151, pairs_total=12151
[2026-02-28 15:48:22,009] INFO:fitness.free_loss_fidelity: RL4CO free-loss step 1/200: score=7.825121 (avg=7.825121), loss=0.675659 (avg=0.675659), pairs_step=12151, pairs_total=12151
[2026-02-28 15:48:27,577] INFO:fitness.free_loss_fidelity: RL4CO free-loss step 20/200: score=7.809939 (avg=7.842645), loss=0.669421 (avg=0.670331), pairs_step=12149, pairs_total=243082
[2026-02-28 15:48:27,577] INFO:fitness.free_loss_fidelity: RL4CO free-loss step 20/200: score=7.809939 (avg=7.842645), loss=0.669421 (avg=0.670331), pairs_step=12149, pairs_total=243082
[2026-02-28 15:48:33,421] INFO:fitness.free_loss_fidelity: RL4CO free-loss step 40/200: score=7.859058 (avg=7.838478), loss=0.669881 (avg=0.669964), pairs_step=12156, pairs_total=486175
[2026-02-28 15:48:33,421] INFO:fitness.free_loss_fidelity: RL4CO free-loss step 40/200: score=7.859058 (avg=7.838478), loss=0.669881 (avg=0.669964), pairs_step=12156, pairs_total=486175
[2026-02-28 15:48:39,251] INFO:fitness.free_loss_fidelity: RL4CO free-loss step 60/200: score=7.847436 (avg=7.836262), loss=0.674347 (avg=0.670452), pairs_step=12151, pairs_total=729242
[2026-02-28 15:48:39,251] INFO:fitness.free_loss_fidelity: RL4CO free-loss step 60/200: score=7.847436 (avg=7.836262), loss=0.674347 (avg=0.670452), pairs_step=12151, pairs_total=729242
[2026-02-28 15:48:45,071] INFO:fitness.free_loss_fidelity: RL4CO free-loss step 80/200: score=7.837907 (avg=7.835335), loss=0.671308 (avg=0.670695), pairs_step=12154, pairs_total=972324
[2026-02-28 15:48:45,071] INFO:fitness.free_loss_fidelity: RL4CO free-loss step 80/200: score=7.837907 (avg=7.835335), loss=0.671308 (avg=0.670695), pairs_step=12154, pairs_total=972324
[2026-02-28 15:48:50,909] INFO:fitness.free_loss_fidelity: RL4CO free-loss step 100/200: score=7.793877 (avg=7.836482), loss=0.678687 (avg=0.671444), pairs_step=12158, pairs_total=1215420
[2026-02-28 15:48:50,909] INFO:fitness.free_loss_fidelity: RL4CO free-loss step 100/200: score=7.793877 (avg=7.836482), loss=0.678687 (avg=0.671444), pairs_step=12158, pairs_total=1215420
[2026-02-28 15:48:56,752] INFO:fitness.free_loss_fidelity: RL4CO free-loss step 120/200: score=7.811903 (avg=7.837950), loss=0.669356 (avg=0.671422), pairs_step=12153, pairs_total=1458493
[2026-02-28 15:48:56,752] INFO:fitness.free_loss_fidelity: RL4CO free-loss step 120/200: score=7.811903 (avg=7.837950), loss=0.669356 (avg=0.671422), pairs_step=12153, pairs_total=1458493
[2026-02-28 15:49:02,624] INFO:fitness.free_loss_fidelity: RL4CO free-loss step 140/200: score=7.868574 (avg=7.839216), loss=0.673792 (avg=0.671731), pairs_step=12154, pairs_total=1701567
[2026-02-28 15:49:02,624] INFO:fitness.free_loss_fidelity: RL4CO free-loss step 140/200: score=7.868574 (avg=7.839216), loss=0.673792 (avg=0.671731), pairs_step=12154, pairs_total=1701567
[2026-02-28 15:49:08,404] INFO:fitness.free_loss_fidelity: RL4CO free-loss step 160/200: score=7.832784 (avg=7.838831), loss=0.677314 (avg=0.672184), pairs_step=12153, pairs_total=1944610
[2026-02-28 15:49:08,404] INFO:fitness.free_loss_fidelity: RL4CO free-loss step 160/200: score=7.832784 (avg=7.838831), loss=0.677314 (avg=0.672184), pairs_step=12153, pairs_total=1944610
[2026-02-28 15:49:14,192] INFO:fitness.free_loss_fidelity: RL4CO free-loss step 180/200: score=7.833916 (avg=7.838040), loss=0.671769 (avg=0.672318), pairs_step=12154, pairs_total=2187679
[2026-02-28 15:49:14,192] INFO:fitness.free_loss_fidelity: RL4CO free-loss step 180/200: score=7.833916 (avg=7.838040), loss=0.671769 (avg=0.672318), pairs_step=12154, pairs_total=2187679
[2026-02-28 15:49:20,089] INFO:fitness.free_loss_fidelity: RL4CO free-loss step 200/200: score=7.853472 (avg=7.837348), loss=0.678851 (avg=0.672288), pairs_step=12151, pairs_total=2430767
[2026-02-28 15:49:20,089] INFO:fitness.free_loss_fidelity: RL4CO free-loss step 200/200: score=7.853472 (avg=7.837348), loss=0.678851 (avg=0.672288), pairs_step=12151, pairs_total=2430767
[2026-02-28 15:49:21,393] WARNING:fitness.free_loss_fidelity: weights_only checkpoint load failed (UnpicklingError); retrying weights_only=False for /data1/gushengda/eam-rl4co/baseline/epoch_409.ckpt
[2026-02-28 15:49:21,393] WARNING:fitness.free_loss_fidelity: weights_only checkpoint load failed (UnpicklingError); retrying weights_only=False for /data1/gushengda/eam-rl4co/baseline/epoch_409.ckpt
[2026-02-28 15:49:21,433] INFO:fitness.free_loss_fidelity: Loaded init checkpoint into policy: path=/data1/gushengda/eam-rl4co/baseline/epoch_409.ckpt prefix=policy. matched=97 missing=0 unexpected=0
[2026-02-28 15:49:21,433] INFO:fitness.free_loss_fidelity: Loaded init checkpoint into policy: path=/data1/gushengda/eam-rl4co/baseline/epoch_409.ckpt prefix=policy. matched=97 missing=0 unexpected=0
[2026-02-28 15:49:21,438] INFO:fitness.free_loss_fidelity: RL4CO free-loss (step-mode): f1_steps=200, f2_steps=0, total_steps=200, train_problem_size=100, rollouts=20, batch_size=64, device=cuda:1, env=tsp
[2026-02-28 15:49:21,438] INFO:fitness.free_loss_fidelity: RL4CO free-loss (step-mode): f1_steps=200, f2_steps=0, total_steps=200, train_problem_size=100, rollouts=20, batch_size=64, device=cuda:1, env=tsp
[2026-02-28 15:49:21,779] INFO:fitness.free_loss_fidelity: RL4CO free-loss step 1/200: score=7.826895 (avg=7.826895), loss=0.219171 (avg=0.219171), pairs_step=12149, pairs_total=12149
[2026-02-28 15:49:21,779] INFO:fitness.free_loss_fidelity: RL4CO free-loss step 1/200: score=7.826895 (avg=7.826895), loss=0.219171 (avg=0.219171), pairs_step=12149, pairs_total=12149
[2026-02-28 15:49:27,310] INFO:fitness.free_loss_fidelity: RL4CO free-loss step 20/200: score=7.807984 (avg=7.839109), loss=0.201479 (avg=0.207477), pairs_step=12149, pairs_total=243066
[2026-02-28 15:49:27,310] INFO:fitness.free_loss_fidelity: RL4CO free-loss step 20/200: score=7.807984 (avg=7.839109), loss=0.201479 (avg=0.207477), pairs_step=12149, pairs_total=243066
[2026-02-28 15:49:33,149] INFO:fitness.free_loss_fidelity: RL4CO free-loss step 40/200: score=7.846216 (avg=7.835337), loss=0.191941 (avg=0.203359), pairs_step=12154, pairs_total=486164
[2026-02-28 15:49:33,149] INFO:fitness.free_loss_fidelity: RL4CO free-loss step 40/200: score=7.846216 (avg=7.835337), loss=0.191941 (avg=0.203359), pairs_step=12154, pairs_total=486164
[2026-02-28 15:49:38,996] INFO:fitness.free_loss_fidelity: RL4CO free-loss step 60/200: score=7.845568 (avg=7.832711), loss=0.199415 (avg=0.201503), pairs_step=12156, pairs_total=729249
[2026-02-28 15:49:38,996] INFO:fitness.free_loss_fidelity: RL4CO free-loss step 60/200: score=7.845568 (avg=7.832711), loss=0.199415 (avg=0.201503), pairs_step=12156, pairs_total=729249
[2026-02-28 15:49:45,895] INFO:fitness.free_loss_fidelity: RL4CO free-loss step 80/200: score=7.832515 (avg=7.831999), loss=0.187995 (avg=0.200037), pairs_step=12159, pairs_total=972357
[2026-02-28 15:49:45,895] INFO:fitness.free_loss_fidelity: RL4CO free-loss step 80/200: score=7.832515 (avg=7.831999), loss=0.187995 (avg=0.200037), pairs_step=12159, pairs_total=972357
[2026-02-28 15:49:52,203] INFO:fitness.free_loss_fidelity: RL4CO free-loss step 100/200: score=7.797447 (avg=7.834042), loss=0.194456 (avg=0.198086), pairs_step=12158, pairs_total=1215478
[2026-02-28 15:49:52,203] INFO:fitness.free_loss_fidelity: RL4CO free-loss step 100/200: score=7.797447 (avg=7.834042), loss=0.194456 (avg=0.198086), pairs_step=12158, pairs_total=1215478
[2026-02-28 15:49:57,999] INFO:fitness.free_loss_fidelity: RL4CO free-loss step 120/200: score=7.812106 (avg=7.837550), loss=0.194880 (avg=0.197833), pairs_step=12155, pairs_total=1458615
[2026-02-28 15:49:57,999] INFO:fitness.free_loss_fidelity: RL4CO free-loss step 120/200: score=7.812106 (avg=7.837550), loss=0.194880 (avg=0.197833), pairs_step=12155, pairs_total=1458615
[2026-02-28 15:50:03,812] INFO:fitness.free_loss_fidelity: RL4CO free-loss step 140/200: score=7.874978 (avg=7.839316), loss=0.208890 (avg=0.198674), pairs_step=12153, pairs_total=1701733
[2026-02-28 15:50:03,812] INFO:fitness.free_loss_fidelity: RL4CO free-loss step 140/200: score=7.874978 (avg=7.839316), loss=0.208890 (avg=0.198674), pairs_step=12153, pairs_total=1701733
[2026-02-28 15:50:09,805] INFO:fitness.free_loss_fidelity: RL4CO free-loss step 160/200: score=7.842269 (avg=7.839588), loss=0.220165 (avg=0.200598), pairs_step=12160, pairs_total=1944850
[2026-02-28 15:50:09,805] INFO:fitness.free_loss_fidelity: RL4CO free-loss step 160/200: score=7.842269 (avg=7.839588), loss=0.220165 (avg=0.200598), pairs_step=12160, pairs_total=1944850
[2026-02-28 15:50:16,157] INFO:fitness.free_loss_fidelity: RL4CO free-loss step 180/200: score=7.833263 (avg=7.838625), loss=0.219931 (avg=0.202632), pairs_step=12154, pairs_total=2187948
[2026-02-28 15:50:16,157] INFO:fitness.free_loss_fidelity: RL4CO free-loss step 180/200: score=7.833263 (avg=7.838625), loss=0.219931 (avg=0.202632), pairs_step=12154, pairs_total=2187948
[2026-02-28 15:50:22,476] INFO:fitness.free_loss_fidelity: RL4CO free-loss step 200/200: score=7.855898 (avg=7.837750), loss=0.216187 (avg=0.204354), pairs_step=12156, pairs_total=2431037
[2026-02-28 15:50:22,476] INFO:fitness.free_loss_fidelity: RL4CO free-loss step 200/200: score=7.855898 (avg=7.837750), loss=0.216187 (avg=0.204354), pairs_step=12156, pairs_total=2431037
