[2026-02-28 15:20:18,686] INFO:fitness.free_loss_fidelity: Stage3 offline mini-train start gen=8 pair_index=22 K=200 seed=12345 valid_sizes=[20, 100] baseline_json=baseline/mini_eval/baseline_minitrain_tsp100_K200.json
[2026-02-28 15:20:18,686] INFO:fitness.free_loss_fidelity: Stage3 offline mini-train start gen=8 pair_index=22 K=200 seed=12345 valid_sizes=[20, 100] baseline_json=baseline/mini_eval/baseline_minitrain_tsp100_K200.json
[2026-02-28 15:20:18,705] INFO:fitness.free_loss_fidelity: RL4CO free-loss (step-mode): f1_steps=200, f2_steps=0, total_steps=200, train_problem_size=100, rollouts=20, batch_size=64, device=cuda:3, env=tsp
[2026-02-28 15:20:18,705] INFO:fitness.free_loss_fidelity: RL4CO free-loss (step-mode): f1_steps=200, f2_steps=0, total_steps=200, train_problem_size=100, rollouts=20, batch_size=64, device=cuda:3, env=tsp
[2026-02-28 15:20:18,992] INFO:fitness.free_loss_fidelity: RL4CO free-loss step 1/200: score=36.626595 (avg=36.626595), loss=0.800969 (avg=0.800969), pairs_step=12160, pairs_total=12160
[2026-02-28 15:20:18,992] INFO:fitness.free_loss_fidelity: RL4CO free-loss step 1/200: score=36.626595 (avg=36.626595), loss=0.800969 (avg=0.800969), pairs_step=12160, pairs_total=12160
[2026-02-28 15:20:24,371] INFO:fitness.free_loss_fidelity: RL4CO free-loss step 20/200: score=10.737794 (avg=13.561915), loss=0.589081 (avg=0.621776), pairs_step=12160, pairs_total=243200
[2026-02-28 15:20:24,371] INFO:fitness.free_loss_fidelity: RL4CO free-loss step 20/200: score=10.737794 (avg=13.561915), loss=0.589081 (avg=0.621776), pairs_step=12160, pairs_total=243200
[2026-02-28 15:20:30,045] INFO:fitness.free_loss_fidelity: RL4CO free-loss step 40/200: score=10.008478 (avg=11.905829), loss=0.573698 (avg=0.606188), pairs_step=12160, pairs_total=486399
[2026-02-28 15:20:30,045] INFO:fitness.free_loss_fidelity: RL4CO free-loss step 40/200: score=10.008478 (avg=11.905829), loss=0.573698 (avg=0.606188), pairs_step=12160, pairs_total=486399
[2026-02-28 15:20:35,724] INFO:fitness.free_loss_fidelity: RL4CO free-loss step 60/200: score=9.814466 (avg=11.215722), loss=0.584511 (avg=0.602443), pairs_step=12160, pairs_total=729599
[2026-02-28 15:20:35,724] INFO:fitness.free_loss_fidelity: RL4CO free-loss step 60/200: score=9.814466 (avg=11.215722), loss=0.584511 (avg=0.602443), pairs_step=12160, pairs_total=729599
[2026-02-28 15:20:41,349] INFO:fitness.free_loss_fidelity: RL4CO free-loss step 80/200: score=9.519399 (avg=10.818350), loss=0.604197 (avg=0.597660), pairs_step=12160, pairs_total=972799
[2026-02-28 15:20:41,349] INFO:fitness.free_loss_fidelity: RL4CO free-loss step 80/200: score=9.519399 (avg=10.818350), loss=0.604197 (avg=0.597660), pairs_step=12160, pairs_total=972799
[2026-02-28 15:20:47,029] INFO:fitness.free_loss_fidelity: RL4CO free-loss step 100/200: score=9.395550 (avg=10.552417), loss=0.570668 (avg=0.593229), pairs_step=12160, pairs_total=1215998
[2026-02-28 15:20:47,029] INFO:fitness.free_loss_fidelity: RL4CO free-loss step 100/200: score=9.395550 (avg=10.552417), loss=0.570668 (avg=0.593229), pairs_step=12160, pairs_total=1215998
[2026-02-28 15:20:52,677] INFO:fitness.free_loss_fidelity: RL4CO free-loss step 120/200: score=9.283970 (avg=10.364065), loss=0.571083 (avg=0.590704), pairs_step=12160, pairs_total=1459198
[2026-02-28 15:20:52,677] INFO:fitness.free_loss_fidelity: RL4CO free-loss step 120/200: score=9.283970 (avg=10.364065), loss=0.571083 (avg=0.590704), pairs_step=12160, pairs_total=1459198
[2026-02-28 15:20:58,329] INFO:fitness.free_loss_fidelity: RL4CO free-loss step 140/200: score=9.371735 (avg=10.221140), loss=0.567269 (avg=0.589011), pairs_step=12160, pairs_total=1702398
[2026-02-28 15:20:58,329] INFO:fitness.free_loss_fidelity: RL4CO free-loss step 140/200: score=9.371735 (avg=10.221140), loss=0.567269 (avg=0.589011), pairs_step=12160, pairs_total=1702398
[2026-02-28 15:21:03,979] INFO:fitness.free_loss_fidelity: RL4CO free-loss step 160/200: score=9.187550 (avg=10.102965), loss=0.568433 (avg=0.587103), pairs_step=12160, pairs_total=1945598
[2026-02-28 15:21:03,979] INFO:fitness.free_loss_fidelity: RL4CO free-loss step 160/200: score=9.187550 (avg=10.102965), loss=0.568433 (avg=0.587103), pairs_step=12160, pairs_total=1945598
[2026-02-28 15:21:09,808] INFO:fitness.free_loss_fidelity: RL4CO free-loss step 180/200: score=9.147966 (avg=10.006028), loss=0.578715 (avg=0.585738), pairs_step=12160, pairs_total=2188798
[2026-02-28 15:21:09,808] INFO:fitness.free_loss_fidelity: RL4CO free-loss step 180/200: score=9.147966 (avg=10.006028), loss=0.578715 (avg=0.585738), pairs_step=12160, pairs_total=2188798
[2026-02-28 15:21:15,450] INFO:fitness.free_loss_fidelity: RL4CO free-loss step 200/200: score=9.195560 (avg=9.919863), loss=0.572767 (avg=0.585170), pairs_step=12160, pairs_total=2431998
[2026-02-28 15:21:15,450] INFO:fitness.free_loss_fidelity: RL4CO free-loss step 200/200: score=9.195560 (avg=9.919863), loss=0.572767 (avg=0.585170), pairs_step=12160, pairs_total=2431998
[2026-02-28 15:21:16,730] WARNING:fitness.free_loss_fidelity: weights_only checkpoint load failed (UnpicklingError); retrying weights_only=False for /data1/gushengda/eam-rl4co/baseline/epoch_135.ckpt
[2026-02-28 15:21:16,730] WARNING:fitness.free_loss_fidelity: weights_only checkpoint load failed (UnpicklingError); retrying weights_only=False for /data1/gushengda/eam-rl4co/baseline/epoch_135.ckpt
[2026-02-28 15:21:16,768] INFO:fitness.free_loss_fidelity: Loaded init checkpoint into policy: path=/data1/gushengda/eam-rl4co/baseline/epoch_135.ckpt prefix=policy. matched=97 missing=0 unexpected=0
[2026-02-28 15:21:16,768] INFO:fitness.free_loss_fidelity: Loaded init checkpoint into policy: path=/data1/gushengda/eam-rl4co/baseline/epoch_135.ckpt prefix=policy. matched=97 missing=0 unexpected=0
[2026-02-28 15:21:16,773] INFO:fitness.free_loss_fidelity: RL4CO free-loss (step-mode): f1_steps=200, f2_steps=0, total_steps=200, train_problem_size=100, rollouts=20, batch_size=64, device=cuda:3, env=tsp
[2026-02-28 15:21:16,773] INFO:fitness.free_loss_fidelity: RL4CO free-loss (step-mode): f1_steps=200, f2_steps=0, total_steps=200, train_problem_size=100, rollouts=20, batch_size=64, device=cuda:3, env=tsp
[2026-02-28 15:21:17,062] INFO:fitness.free_loss_fidelity: RL4CO free-loss step 1/200: score=7.825121 (avg=7.825121), loss=0.670960 (avg=0.670960), pairs_step=12151, pairs_total=12151
[2026-02-28 15:21:17,062] INFO:fitness.free_loss_fidelity: RL4CO free-loss step 1/200: score=7.825121 (avg=7.825121), loss=0.670960 (avg=0.670960), pairs_step=12151, pairs_total=12151
[2026-02-28 15:21:22,446] INFO:fitness.free_loss_fidelity: RL4CO free-loss step 20/200: score=7.830659 (avg=7.845810), loss=0.663852 (avg=0.664671), pairs_step=12151, pairs_total=243063
[2026-02-28 15:21:22,446] INFO:fitness.free_loss_fidelity: RL4CO free-loss step 20/200: score=7.830659 (avg=7.845810), loss=0.663852 (avg=0.664671), pairs_step=12151, pairs_total=243063
[2026-02-28 15:21:28,102] INFO:fitness.free_loss_fidelity: RL4CO free-loss step 40/200: score=7.838212 (avg=7.840526), loss=0.663480 (avg=0.665492), pairs_step=12149, pairs_total=486104
[2026-02-28 15:21:28,102] INFO:fitness.free_loss_fidelity: RL4CO free-loss step 40/200: score=7.838212 (avg=7.840526), loss=0.663480 (avg=0.665492), pairs_step=12149, pairs_total=486104
[2026-02-28 15:21:33,746] INFO:fitness.free_loss_fidelity: RL4CO free-loss step 60/200: score=7.845795 (avg=7.836108), loss=0.670342 (avg=0.666005), pairs_step=12149, pairs_total=729128
[2026-02-28 15:21:33,746] INFO:fitness.free_loss_fidelity: RL4CO free-loss step 60/200: score=7.845795 (avg=7.836108), loss=0.670342 (avg=0.666005), pairs_step=12149, pairs_total=729128
[2026-02-28 15:21:39,407] INFO:fitness.free_loss_fidelity: RL4CO free-loss step 80/200: score=7.831303 (avg=7.834546), loss=0.661244 (avg=0.666364), pairs_step=12154, pairs_total=972203
[2026-02-28 15:21:39,407] INFO:fitness.free_loss_fidelity: RL4CO free-loss step 80/200: score=7.831303 (avg=7.834546), loss=0.661244 (avg=0.666364), pairs_step=12154, pairs_total=972203
[2026-02-28 15:21:45,057] INFO:fitness.free_loss_fidelity: RL4CO free-loss step 100/200: score=7.803792 (avg=7.835989), loss=0.663729 (avg=0.666495), pairs_step=12154, pairs_total=1215260
[2026-02-28 15:21:45,057] INFO:fitness.free_loss_fidelity: RL4CO free-loss step 100/200: score=7.803792 (avg=7.835989), loss=0.663729 (avg=0.666495), pairs_step=12154, pairs_total=1215260
[2026-02-28 15:21:50,721] INFO:fitness.free_loss_fidelity: RL4CO free-loss step 120/200: score=7.814861 (avg=7.838723), loss=0.664952 (avg=0.665858), pairs_step=12156, pairs_total=1458370
[2026-02-28 15:21:50,721] INFO:fitness.free_loss_fidelity: RL4CO free-loss step 120/200: score=7.814861 (avg=7.838723), loss=0.664952 (avg=0.665858), pairs_step=12156, pairs_total=1458370
[2026-02-28 15:21:56,371] INFO:fitness.free_loss_fidelity: RL4CO free-loss step 140/200: score=7.867695 (avg=7.840337), loss=0.664013 (avg=0.665754), pairs_step=12157, pairs_total=1701477
[2026-02-28 15:21:56,371] INFO:fitness.free_loss_fidelity: RL4CO free-loss step 140/200: score=7.867695 (avg=7.840337), loss=0.664013 (avg=0.665754), pairs_step=12157, pairs_total=1701477
[2026-02-28 15:22:02,018] INFO:fitness.free_loss_fidelity: RL4CO free-loss step 160/200: score=7.835421 (avg=7.840052), loss=0.659684 (avg=0.665537), pairs_step=12153, pairs_total=1944558
[2026-02-28 15:22:02,018] INFO:fitness.free_loss_fidelity: RL4CO free-loss step 160/200: score=7.835421 (avg=7.840052), loss=0.659684 (avg=0.665537), pairs_step=12153, pairs_total=1944558
[2026-02-28 15:22:07,675] INFO:fitness.free_loss_fidelity: RL4CO free-loss step 180/200: score=7.831034 (avg=7.838986), loss=0.670255 (avg=0.665370), pairs_step=12155, pairs_total=2187647
[2026-02-28 15:22:07,675] INFO:fitness.free_loss_fidelity: RL4CO free-loss step 180/200: score=7.831034 (avg=7.838986), loss=0.670255 (avg=0.665370), pairs_step=12155, pairs_total=2187647
[2026-02-28 15:22:13,367] INFO:fitness.free_loss_fidelity: RL4CO free-loss step 200/200: score=7.856549 (avg=7.837883), loss=0.668949 (avg=0.665280), pairs_step=12144, pairs_total=2430716
[2026-02-28 15:22:13,367] INFO:fitness.free_loss_fidelity: RL4CO free-loss step 200/200: score=7.856549 (avg=7.837883), loss=0.668949 (avg=0.665280), pairs_step=12144, pairs_total=2430716
[2026-02-28 15:22:14,672] WARNING:fitness.free_loss_fidelity: weights_only checkpoint load failed (UnpicklingError); retrying weights_only=False for /data1/gushengda/eam-rl4co/baseline/epoch_409.ckpt
[2026-02-28 15:22:14,672] WARNING:fitness.free_loss_fidelity: weights_only checkpoint load failed (UnpicklingError); retrying weights_only=False for /data1/gushengda/eam-rl4co/baseline/epoch_409.ckpt
[2026-02-28 15:22:14,710] INFO:fitness.free_loss_fidelity: Loaded init checkpoint into policy: path=/data1/gushengda/eam-rl4co/baseline/epoch_409.ckpt prefix=policy. matched=97 missing=0 unexpected=0
[2026-02-28 15:22:14,710] INFO:fitness.free_loss_fidelity: Loaded init checkpoint into policy: path=/data1/gushengda/eam-rl4co/baseline/epoch_409.ckpt prefix=policy. matched=97 missing=0 unexpected=0
[2026-02-28 15:22:14,715] INFO:fitness.free_loss_fidelity: RL4CO free-loss (step-mode): f1_steps=200, f2_steps=0, total_steps=200, train_problem_size=100, rollouts=20, batch_size=64, device=cuda:3, env=tsp
[2026-02-28 15:22:14,715] INFO:fitness.free_loss_fidelity: RL4CO free-loss (step-mode): f1_steps=200, f2_steps=0, total_steps=200, train_problem_size=100, rollouts=20, batch_size=64, device=cuda:3, env=tsp
[2026-02-28 15:22:15,034] INFO:fitness.free_loss_fidelity: RL4CO free-loss step 1/200: score=7.826895 (avg=7.826895), loss=0.210983 (avg=0.210983), pairs_step=12149, pairs_total=12149
[2026-02-28 15:22:15,034] INFO:fitness.free_loss_fidelity: RL4CO free-loss step 1/200: score=7.826895 (avg=7.826895), loss=0.210983 (avg=0.210983), pairs_step=12149, pairs_total=12149
[2026-02-28 15:22:20,409] INFO:fitness.free_loss_fidelity: RL4CO free-loss step 20/200: score=7.819036 (avg=7.843877), loss=0.192555 (avg=0.196687), pairs_step=12152, pairs_total=243054
[2026-02-28 15:22:20,409] INFO:fitness.free_loss_fidelity: RL4CO free-loss step 20/200: score=7.819036 (avg=7.843877), loss=0.192555 (avg=0.196687), pairs_step=12152, pairs_total=243054
[2026-02-28 15:22:26,054] INFO:fitness.free_loss_fidelity: RL4CO free-loss step 40/200: score=7.846842 (avg=7.838198), loss=0.205252 (avg=0.200662), pairs_step=12151, pairs_total=486138
[2026-02-28 15:22:26,054] INFO:fitness.free_loss_fidelity: RL4CO free-loss step 40/200: score=7.846842 (avg=7.838198), loss=0.205252 (avg=0.200662), pairs_step=12151, pairs_total=486138
[2026-02-28 15:22:31,713] INFO:fitness.free_loss_fidelity: RL4CO free-loss step 60/200: score=7.847652 (avg=7.833775), loss=0.211800 (avg=0.201499), pairs_step=12152, pairs_total=729171
[2026-02-28 15:22:31,713] INFO:fitness.free_loss_fidelity: RL4CO free-loss step 60/200: score=7.847652 (avg=7.833775), loss=0.211800 (avg=0.201499), pairs_step=12152, pairs_total=729171
[2026-02-28 15:22:37,376] INFO:fitness.free_loss_fidelity: RL4CO free-loss step 80/200: score=7.842463 (avg=7.832628), loss=0.197627 (avg=0.201414), pairs_step=12154, pairs_total=972247
[2026-02-28 15:22:37,376] INFO:fitness.free_loss_fidelity: RL4CO free-loss step 80/200: score=7.842463 (avg=7.832628), loss=0.197627 (avg=0.201414), pairs_step=12154, pairs_total=972247
[2026-02-28 15:22:43,035] INFO:fitness.free_loss_fidelity: RL4CO free-loss step 100/200: score=7.790740 (avg=7.833511), loss=0.199009 (avg=0.200497), pairs_step=12160, pairs_total=1215341
[2026-02-28 15:22:43,035] INFO:fitness.free_loss_fidelity: RL4CO free-loss step 100/200: score=7.790740 (avg=7.833511), loss=0.199009 (avg=0.200497), pairs_step=12160, pairs_total=1215341
[2026-02-28 15:22:48,695] INFO:fitness.free_loss_fidelity: RL4CO free-loss step 120/200: score=7.815341 (avg=7.835297), loss=0.191128 (avg=0.199290), pairs_step=12149, pairs_total=1458418
[2026-02-28 15:22:48,695] INFO:fitness.free_loss_fidelity: RL4CO free-loss step 120/200: score=7.815341 (avg=7.835297), loss=0.191128 (avg=0.199290), pairs_step=12149, pairs_total=1458418
[2026-02-28 15:22:54,340] INFO:fitness.free_loss_fidelity: RL4CO free-loss step 140/200: score=7.873034 (avg=7.836816), loss=0.191141 (avg=0.198042), pairs_step=12134, pairs_total=1701473
[2026-02-28 15:22:54,340] INFO:fitness.free_loss_fidelity: RL4CO free-loss step 140/200: score=7.873034 (avg=7.836816), loss=0.191141 (avg=0.198042), pairs_step=12134, pairs_total=1701473
[2026-02-28 15:22:59,984] INFO:fitness.free_loss_fidelity: RL4CO free-loss step 160/200: score=7.834879 (avg=7.836258), loss=0.201014 (avg=0.196955), pairs_step=12154, pairs_total=1944520
[2026-02-28 15:22:59,984] INFO:fitness.free_loss_fidelity: RL4CO free-loss step 160/200: score=7.834879 (avg=7.836258), loss=0.201014 (avg=0.196955), pairs_step=12154, pairs_total=1944520
[2026-02-28 15:23:05,634] INFO:fitness.free_loss_fidelity: RL4CO free-loss step 180/200: score=7.822366 (avg=7.835252), loss=0.187701 (avg=0.196254), pairs_step=12140, pairs_total=2187591
[2026-02-28 15:23:05,634] INFO:fitness.free_loss_fidelity: RL4CO free-loss step 180/200: score=7.822366 (avg=7.835252), loss=0.187701 (avg=0.196254), pairs_step=12140, pairs_total=2187591
[2026-02-28 15:23:11,290] INFO:fitness.free_loss_fidelity: RL4CO free-loss step 200/200: score=7.842098 (avg=7.834254), loss=0.192952 (avg=0.196266), pairs_step=12146, pairs_total=2430685
[2026-02-28 15:23:11,290] INFO:fitness.free_loss_fidelity: RL4CO free-loss step 200/200: score=7.842098 (avg=7.834254), loss=0.192952 (avg=0.196266), pairs_step=12146, pairs_total=2430685
