[2026-02-28 14:25:49,058] INFO:fitness.free_loss_fidelity: Stage3 offline mini-train start gen=6 pair_index=17 K=200 seed=12345 valid_sizes=[20, 100] baseline_json=baseline/mini_eval/baseline_minitrain_tsp100_K200.json
[2026-02-28 14:25:49,058] INFO:fitness.free_loss_fidelity: Stage3 offline mini-train start gen=6 pair_index=17 K=200 seed=12345 valid_sizes=[20, 100] baseline_json=baseline/mini_eval/baseline_minitrain_tsp100_K200.json
[2026-02-28 14:25:49,080] INFO:fitness.free_loss_fidelity: RL4CO free-loss (step-mode): f1_steps=200, f2_steps=0, total_steps=200, train_problem_size=100, rollouts=20, batch_size=64, device=cuda:3, env=tsp
[2026-02-28 14:25:49,080] INFO:fitness.free_loss_fidelity: RL4CO free-loss (step-mode): f1_steps=200, f2_steps=0, total_steps=200, train_problem_size=100, rollouts=20, batch_size=64, device=cuda:3, env=tsp
[2026-02-28 14:25:49,468] INFO:fitness.free_loss_fidelity: RL4CO free-loss step 1/200: score=36.626595 (avg=36.626595), loss=0.835711 (avg=0.835711), pairs_step=12160, pairs_total=12160
[2026-02-28 14:25:49,468] INFO:fitness.free_loss_fidelity: RL4CO free-loss step 1/200: score=36.626595 (avg=36.626595), loss=0.835711 (avg=0.835711), pairs_step=12160, pairs_total=12160
[2026-02-28 14:25:55,786] INFO:fitness.free_loss_fidelity: RL4CO free-loss step 20/200: score=10.619249 (avg=13.528701), loss=0.620148 (avg=0.645353), pairs_step=12160, pairs_total=243200
[2026-02-28 14:25:55,786] INFO:fitness.free_loss_fidelity: RL4CO free-loss step 20/200: score=10.619249 (avg=13.528701), loss=0.620148 (avg=0.645353), pairs_step=12160, pairs_total=243200
[2026-02-28 14:26:02,429] INFO:fitness.free_loss_fidelity: RL4CO free-loss step 40/200: score=9.872190 (avg=11.879734), loss=0.609323 (avg=0.630385), pairs_step=12160, pairs_total=486400
[2026-02-28 14:26:02,429] INFO:fitness.free_loss_fidelity: RL4CO free-loss step 40/200: score=9.872190 (avg=11.879734), loss=0.609323 (avg=0.630385), pairs_step=12160, pairs_total=486400
[2026-02-28 14:26:09,091] INFO:fitness.free_loss_fidelity: RL4CO free-loss step 60/200: score=9.729875 (avg=11.183706), loss=0.608921 (avg=0.624715), pairs_step=12160, pairs_total=729600
[2026-02-28 14:26:09,091] INFO:fitness.free_loss_fidelity: RL4CO free-loss step 60/200: score=9.729875 (avg=11.183706), loss=0.608921 (avg=0.624715), pairs_step=12160, pairs_total=729600
[2026-02-28 14:26:15,767] INFO:fitness.free_loss_fidelity: RL4CO free-loss step 80/200: score=9.508554 (avg=10.786212), loss=0.587487 (avg=0.618702), pairs_step=12160, pairs_total=972800
[2026-02-28 14:26:15,767] INFO:fitness.free_loss_fidelity: RL4CO free-loss step 80/200: score=9.508554 (avg=10.786212), loss=0.587487 (avg=0.618702), pairs_step=12160, pairs_total=972800
[2026-02-28 14:26:22,428] INFO:fitness.free_loss_fidelity: RL4CO free-loss step 100/200: score=9.467270 (avg=10.520849), loss=0.594178 (avg=0.613860), pairs_step=12160, pairs_total=1216000
[2026-02-28 14:26:22,428] INFO:fitness.free_loss_fidelity: RL4CO free-loss step 100/200: score=9.467270 (avg=10.520849), loss=0.594178 (avg=0.613860), pairs_step=12160, pairs_total=1216000
[2026-02-28 14:26:29,084] INFO:fitness.free_loss_fidelity: RL4CO free-loss step 120/200: score=9.256067 (avg=10.331483), loss=0.615838 (avg=0.610673), pairs_step=12160, pairs_total=1459200
[2026-02-28 14:26:29,084] INFO:fitness.free_loss_fidelity: RL4CO free-loss step 120/200: score=9.256067 (avg=10.331483), loss=0.615838 (avg=0.610673), pairs_step=12160, pairs_total=1459200
[2026-02-28 14:26:35,763] INFO:fitness.free_loss_fidelity: RL4CO free-loss step 140/200: score=9.338037 (avg=10.185399), loss=0.588415 (avg=0.608188), pairs_step=12160, pairs_total=1702400
[2026-02-28 14:26:35,763] INFO:fitness.free_loss_fidelity: RL4CO free-loss step 140/200: score=9.338037 (avg=10.185399), loss=0.588415 (avg=0.608188), pairs_step=12160, pairs_total=1702400
[2026-02-28 14:26:42,417] INFO:fitness.free_loss_fidelity: RL4CO free-loss step 160/200: score=9.203807 (avg=10.066886), loss=0.586606 (avg=0.606528), pairs_step=12160, pairs_total=1945599
[2026-02-28 14:26:42,417] INFO:fitness.free_loss_fidelity: RL4CO free-loss step 160/200: score=9.203807 (avg=10.066886), loss=0.586606 (avg=0.606528), pairs_step=12160, pairs_total=1945599
[2026-02-28 14:26:49,080] INFO:fitness.free_loss_fidelity: RL4CO free-loss step 180/200: score=9.145369 (avg=9.968835), loss=0.579557 (avg=0.605454), pairs_step=12160, pairs_total=2188799
[2026-02-28 14:26:49,080] INFO:fitness.free_loss_fidelity: RL4CO free-loss step 180/200: score=9.145369 (avg=9.968835), loss=0.579557 (avg=0.605454), pairs_step=12160, pairs_total=2188799
[2026-02-28 14:26:55,744] INFO:fitness.free_loss_fidelity: RL4CO free-loss step 200/200: score=9.136753 (avg=9.886658), loss=0.592663 (avg=0.604732), pairs_step=12160, pairs_total=2431999
[2026-02-28 14:26:55,744] INFO:fitness.free_loss_fidelity: RL4CO free-loss step 200/200: score=9.136753 (avg=9.886658), loss=0.592663 (avg=0.604732), pairs_step=12160, pairs_total=2431999
[2026-02-28 14:26:57,038] WARNING:fitness.free_loss_fidelity: weights_only checkpoint load failed (UnpicklingError); retrying weights_only=False for /data1/gushengda/eam-rl4co/baseline/epoch_135.ckpt
[2026-02-28 14:26:57,038] WARNING:fitness.free_loss_fidelity: weights_only checkpoint load failed (UnpicklingError); retrying weights_only=False for /data1/gushengda/eam-rl4co/baseline/epoch_135.ckpt
[2026-02-28 14:26:57,078] INFO:fitness.free_loss_fidelity: Loaded init checkpoint into policy: path=/data1/gushengda/eam-rl4co/baseline/epoch_135.ckpt prefix=policy. matched=97 missing=0 unexpected=0
[2026-02-28 14:26:57,078] INFO:fitness.free_loss_fidelity: Loaded init checkpoint into policy: path=/data1/gushengda/eam-rl4co/baseline/epoch_135.ckpt prefix=policy. matched=97 missing=0 unexpected=0
[2026-02-28 14:26:57,083] INFO:fitness.free_loss_fidelity: RL4CO free-loss (step-mode): f1_steps=200, f2_steps=0, total_steps=200, train_problem_size=100, rollouts=20, batch_size=64, device=cuda:3, env=tsp
[2026-02-28 14:26:57,083] INFO:fitness.free_loss_fidelity: RL4CO free-loss (step-mode): f1_steps=200, f2_steps=0, total_steps=200, train_problem_size=100, rollouts=20, batch_size=64, device=cuda:3, env=tsp
[2026-02-28 14:26:57,481] INFO:fitness.free_loss_fidelity: RL4CO free-loss step 1/200: score=7.825121 (avg=7.825121), loss=0.675088 (avg=0.675088), pairs_step=12151, pairs_total=12151
[2026-02-28 14:26:57,481] INFO:fitness.free_loss_fidelity: RL4CO free-loss step 1/200: score=7.825121 (avg=7.825121), loss=0.675088 (avg=0.675088), pairs_step=12151, pairs_total=12151
[2026-02-28 14:27:03,781] INFO:fitness.free_loss_fidelity: RL4CO free-loss step 20/200: score=7.825626 (avg=7.844491), loss=0.670083 (avg=0.669749), pairs_step=12151, pairs_total=243085
[2026-02-28 14:27:03,781] INFO:fitness.free_loss_fidelity: RL4CO free-loss step 20/200: score=7.825626 (avg=7.844491), loss=0.670083 (avg=0.669749), pairs_step=12151, pairs_total=243085
[2026-02-28 14:27:10,430] INFO:fitness.free_loss_fidelity: RL4CO free-loss step 40/200: score=7.857194 (avg=7.838624), loss=0.675026 (avg=0.669921), pairs_step=12147, pairs_total=486138
[2026-02-28 14:27:10,430] INFO:fitness.free_loss_fidelity: RL4CO free-loss step 40/200: score=7.857194 (avg=7.838624), loss=0.675026 (avg=0.669921), pairs_step=12147, pairs_total=486138
[2026-02-28 14:27:17,095] INFO:fitness.free_loss_fidelity: RL4CO free-loss step 60/200: score=7.852200 (avg=7.835114), loss=0.666982 (avg=0.669805), pairs_step=12156, pairs_total=729199
[2026-02-28 14:27:17,095] INFO:fitness.free_loss_fidelity: RL4CO free-loss step 60/200: score=7.852200 (avg=7.835114), loss=0.666982 (avg=0.669805), pairs_step=12156, pairs_total=729199
[2026-02-28 14:27:23,774] INFO:fitness.free_loss_fidelity: RL4CO free-loss step 80/200: score=7.826385 (avg=7.833551), loss=0.672816 (avg=0.670314), pairs_step=12153, pairs_total=972301
[2026-02-28 14:27:23,774] INFO:fitness.free_loss_fidelity: RL4CO free-loss step 80/200: score=7.826385 (avg=7.833551), loss=0.672816 (avg=0.670314), pairs_step=12153, pairs_total=972301
[2026-02-28 14:27:30,437] INFO:fitness.free_loss_fidelity: RL4CO free-loss step 100/200: score=7.801592 (avg=7.835283), loss=0.676558 (avg=0.670969), pairs_step=12150, pairs_total=1215387
[2026-02-28 14:27:30,437] INFO:fitness.free_loss_fidelity: RL4CO free-loss step 100/200: score=7.801592 (avg=7.835283), loss=0.676558 (avg=0.670969), pairs_step=12150, pairs_total=1215387
[2026-02-28 14:27:37,100] INFO:fitness.free_loss_fidelity: RL4CO free-loss step 120/200: score=7.813510 (avg=7.837676), loss=0.667654 (avg=0.671356), pairs_step=12153, pairs_total=1458451
[2026-02-28 14:27:37,100] INFO:fitness.free_loss_fidelity: RL4CO free-loss step 120/200: score=7.813510 (avg=7.837676), loss=0.667654 (avg=0.671356), pairs_step=12153, pairs_total=1458451
[2026-02-28 14:27:43,777] INFO:fitness.free_loss_fidelity: RL4CO free-loss step 140/200: score=7.879108 (avg=7.839694), loss=0.680059 (avg=0.671310), pairs_step=12153, pairs_total=1701574
[2026-02-28 14:27:43,777] INFO:fitness.free_loss_fidelity: RL4CO free-loss step 140/200: score=7.879108 (avg=7.839694), loss=0.680059 (avg=0.671310), pairs_step=12153, pairs_total=1701574
[2026-02-28 14:27:50,432] INFO:fitness.free_loss_fidelity: RL4CO free-loss step 160/200: score=7.834155 (avg=7.839696), loss=0.673688 (avg=0.671580), pairs_step=12157, pairs_total=1944678
[2026-02-28 14:27:50,432] INFO:fitness.free_loss_fidelity: RL4CO free-loss step 160/200: score=7.834155 (avg=7.839696), loss=0.673688 (avg=0.671580), pairs_step=12157, pairs_total=1944678
[2026-02-28 14:27:57,092] INFO:fitness.free_loss_fidelity: RL4CO free-loss step 180/200: score=7.827448 (avg=7.838973), loss=0.672014 (avg=0.671812), pairs_step=12158, pairs_total=2187756
[2026-02-28 14:27:57,092] INFO:fitness.free_loss_fidelity: RL4CO free-loss step 180/200: score=7.827448 (avg=7.838973), loss=0.672014 (avg=0.671812), pairs_step=12158, pairs_total=2187756
[2026-02-28 14:28:03,774] INFO:fitness.free_loss_fidelity: RL4CO free-loss step 200/200: score=7.856115 (avg=7.838334), loss=0.675809 (avg=0.672199), pairs_step=12156, pairs_total=2430845
[2026-02-28 14:28:03,774] INFO:fitness.free_loss_fidelity: RL4CO free-loss step 200/200: score=7.856115 (avg=7.838334), loss=0.675809 (avg=0.672199), pairs_step=12156, pairs_total=2430845
[2026-02-28 14:28:05,068] WARNING:fitness.free_loss_fidelity: weights_only checkpoint load failed (UnpicklingError); retrying weights_only=False for /data1/gushengda/eam-rl4co/baseline/epoch_409.ckpt
[2026-02-28 14:28:05,068] WARNING:fitness.free_loss_fidelity: weights_only checkpoint load failed (UnpicklingError); retrying weights_only=False for /data1/gushengda/eam-rl4co/baseline/epoch_409.ckpt
[2026-02-28 14:28:05,109] INFO:fitness.free_loss_fidelity: Loaded init checkpoint into policy: path=/data1/gushengda/eam-rl4co/baseline/epoch_409.ckpt prefix=policy. matched=97 missing=0 unexpected=0
[2026-02-28 14:28:05,109] INFO:fitness.free_loss_fidelity: Loaded init checkpoint into policy: path=/data1/gushengda/eam-rl4co/baseline/epoch_409.ckpt prefix=policy. matched=97 missing=0 unexpected=0
[2026-02-28 14:28:05,114] INFO:fitness.free_loss_fidelity: RL4CO free-loss (step-mode): f1_steps=200, f2_steps=0, total_steps=200, train_problem_size=100, rollouts=20, batch_size=64, device=cuda:3, env=tsp
[2026-02-28 14:28:05,114] INFO:fitness.free_loss_fidelity: RL4CO free-loss (step-mode): f1_steps=200, f2_steps=0, total_steps=200, train_problem_size=100, rollouts=20, batch_size=64, device=cuda:3, env=tsp
[2026-02-28 14:28:05,471] INFO:fitness.free_loss_fidelity: RL4CO free-loss step 1/200: score=7.826895 (avg=7.826895), loss=0.220720 (avg=0.220720), pairs_step=12149, pairs_total=12149
[2026-02-28 14:28:05,471] INFO:fitness.free_loss_fidelity: RL4CO free-loss step 1/200: score=7.826895 (avg=7.826895), loss=0.220720 (avg=0.220720), pairs_step=12149, pairs_total=12149
[2026-02-28 14:28:11,779] INFO:fitness.free_loss_fidelity: RL4CO free-loss step 20/200: score=7.817361 (avg=7.841677), loss=0.200819 (avg=0.205221), pairs_step=12154, pairs_total=243095
[2026-02-28 14:28:11,779] INFO:fitness.free_loss_fidelity: RL4CO free-loss step 20/200: score=7.817361 (avg=7.841677), loss=0.200819 (avg=0.205221), pairs_step=12154, pairs_total=243095
[2026-02-28 14:28:18,430] INFO:fitness.free_loss_fidelity: RL4CO free-loss step 40/200: score=7.852207 (avg=7.836513), loss=0.208211 (avg=0.204147), pairs_step=12156, pairs_total=486165
[2026-02-28 14:28:18,430] INFO:fitness.free_loss_fidelity: RL4CO free-loss step 40/200: score=7.852207 (avg=7.836513), loss=0.208211 (avg=0.204147), pairs_step=12156, pairs_total=486165
[2026-02-28 14:28:25,118] INFO:fitness.free_loss_fidelity: RL4CO free-loss step 60/200: score=7.850059 (avg=7.834010), loss=0.200177 (avg=0.203093), pairs_step=12152, pairs_total=729262
[2026-02-28 14:28:25,118] INFO:fitness.free_loss_fidelity: RL4CO free-loss step 60/200: score=7.850059 (avg=7.834010), loss=0.200177 (avg=0.203093), pairs_step=12152, pairs_total=729262
[2026-02-28 14:28:31,784] INFO:fitness.free_loss_fidelity: RL4CO free-loss step 80/200: score=7.840774 (avg=7.833660), loss=0.190935 (avg=0.200699), pairs_step=12158, pairs_total=972396
[2026-02-28 14:28:31,784] INFO:fitness.free_loss_fidelity: RL4CO free-loss step 80/200: score=7.840774 (avg=7.833660), loss=0.190935 (avg=0.200699), pairs_step=12158, pairs_total=972396
[2026-02-28 14:28:38,441] INFO:fitness.free_loss_fidelity: RL4CO free-loss step 100/200: score=7.794542 (avg=7.834813), loss=0.221159 (avg=0.202079), pairs_step=12157, pairs_total=1215519
[2026-02-28 14:28:38,441] INFO:fitness.free_loss_fidelity: RL4CO free-loss step 100/200: score=7.794542 (avg=7.834813), loss=0.221159 (avg=0.202079), pairs_step=12157, pairs_total=1215519
[2026-02-28 14:28:45,101] INFO:fitness.free_loss_fidelity: RL4CO free-loss step 120/200: score=7.815538 (avg=7.836830), loss=0.210032 (avg=0.204204), pairs_step=12145, pairs_total=1458584
[2026-02-28 14:28:45,101] INFO:fitness.free_loss_fidelity: RL4CO free-loss step 120/200: score=7.815538 (avg=7.836830), loss=0.210032 (avg=0.204204), pairs_step=12145, pairs_total=1458584
[2026-02-28 14:28:51,778] INFO:fitness.free_loss_fidelity: RL4CO free-loss step 140/200: score=7.865262 (avg=7.838289), loss=0.207319 (avg=0.205511), pairs_step=12155, pairs_total=1701680
[2026-02-28 14:28:51,778] INFO:fitness.free_loss_fidelity: RL4CO free-loss step 140/200: score=7.865262 (avg=7.838289), loss=0.207319 (avg=0.205511), pairs_step=12155, pairs_total=1701680
[2026-02-28 14:28:58,453] INFO:fitness.free_loss_fidelity: RL4CO free-loss step 160/200: score=7.831395 (avg=7.837286), loss=0.221278 (avg=0.206284), pairs_step=12155, pairs_total=1944780
[2026-02-28 14:28:58,453] INFO:fitness.free_loss_fidelity: RL4CO free-loss step 160/200: score=7.831395 (avg=7.837286), loss=0.221278 (avg=0.206284), pairs_step=12155, pairs_total=1944780
[2026-02-28 14:29:05,115] INFO:fitness.free_loss_fidelity: RL4CO free-loss step 180/200: score=7.820653 (avg=7.836064), loss=0.207270 (avg=0.206863), pairs_step=12148, pairs_total=2187868
[2026-02-28 14:29:05,115] INFO:fitness.free_loss_fidelity: RL4CO free-loss step 180/200: score=7.820653 (avg=7.836064), loss=0.207270 (avg=0.206863), pairs_step=12148, pairs_total=2187868
[2026-02-28 14:29:11,789] INFO:fitness.free_loss_fidelity: RL4CO free-loss step 200/200: score=7.847183 (avg=7.834758), loss=0.197464 (avg=0.207069), pairs_step=12151, pairs_total=2430942
[2026-02-28 14:29:11,789] INFO:fitness.free_loss_fidelity: RL4CO free-loss step 200/200: score=7.847183 (avg=7.834758), loss=0.197464 (avg=0.207069), pairs_step=12151, pairs_total=2430942
