[2026-02-28 15:37:06,619] INFO:fitness.free_loss_fidelity: Stage3 offline mini-train start gen=9 pair_index=5 K=200 seed=12345 valid_sizes=[20, 100] baseline_json=baseline/mini_eval/baseline_minitrain_tsp100_K200.json
[2026-02-28 15:37:06,619] INFO:fitness.free_loss_fidelity: Stage3 offline mini-train start gen=9 pair_index=5 K=200 seed=12345 valid_sizes=[20, 100] baseline_json=baseline/mini_eval/baseline_minitrain_tsp100_K200.json
[2026-02-28 15:37:06,652] INFO:fitness.free_loss_fidelity: RL4CO free-loss (step-mode): f1_steps=200, f2_steps=0, total_steps=200, train_problem_size=100, rollouts=20, batch_size=64, device=cuda:0, env=tsp
[2026-02-28 15:37:06,652] INFO:fitness.free_loss_fidelity: RL4CO free-loss (step-mode): f1_steps=200, f2_steps=0, total_steps=200, train_problem_size=100, rollouts=20, batch_size=64, device=cuda:0, env=tsp
[2026-02-28 15:37:07,028] INFO:fitness.free_loss_fidelity: RL4CO free-loss step 1/200: score=36.626595 (avg=36.626595), loss=0.793287 (avg=0.793287), pairs_step=12160, pairs_total=12160
[2026-02-28 15:37:07,028] INFO:fitness.free_loss_fidelity: RL4CO free-loss step 1/200: score=36.626595 (avg=36.626595), loss=0.793287 (avg=0.793287), pairs_step=12160, pairs_total=12160
[2026-02-28 15:37:13,126] INFO:fitness.free_loss_fidelity: RL4CO free-loss step 20/200: score=10.431633 (avg=13.409152), loss=0.599613 (avg=0.617017), pairs_step=12160, pairs_total=243200
[2026-02-28 15:37:13,126] INFO:fitness.free_loss_fidelity: RL4CO free-loss step 20/200: score=10.431633 (avg=13.409152), loss=0.599613 (avg=0.617017), pairs_step=12160, pairs_total=243200
[2026-02-28 15:37:19,520] INFO:fitness.free_loss_fidelity: RL4CO free-loss step 40/200: score=9.864263 (avg=11.741026), loss=0.575920 (avg=0.608039), pairs_step=12160, pairs_total=486400
[2026-02-28 15:37:19,520] INFO:fitness.free_loss_fidelity: RL4CO free-loss step 40/200: score=9.864263 (avg=11.741026), loss=0.575920 (avg=0.608039), pairs_step=12160, pairs_total=486400
[2026-02-28 15:37:25,899] INFO:fitness.free_loss_fidelity: RL4CO free-loss step 60/200: score=9.638159 (avg=11.085833), loss=0.572401 (avg=0.599169), pairs_step=12160, pairs_total=729599
[2026-02-28 15:37:25,899] INFO:fitness.free_loss_fidelity: RL4CO free-loss step 60/200: score=9.638159 (avg=11.085833), loss=0.572401 (avg=0.599169), pairs_step=12160, pairs_total=729599
[2026-02-28 15:37:32,312] INFO:fitness.free_loss_fidelity: RL4CO free-loss step 80/200: score=9.475224 (avg=10.708176), loss=0.579177 (avg=0.593288), pairs_step=12160, pairs_total=972798
[2026-02-28 15:37:32,312] INFO:fitness.free_loss_fidelity: RL4CO free-loss step 80/200: score=9.475224 (avg=10.708176), loss=0.579177 (avg=0.593288), pairs_step=12160, pairs_total=972798
[2026-02-28 15:37:38,690] INFO:fitness.free_loss_fidelity: RL4CO free-loss step 100/200: score=9.429745 (avg=10.464146), loss=0.579085 (avg=0.589419), pairs_step=12160, pairs_total=1215998
[2026-02-28 15:37:38,690] INFO:fitness.free_loss_fidelity: RL4CO free-loss step 100/200: score=9.429745 (avg=10.464146), loss=0.579085 (avg=0.589419), pairs_step=12160, pairs_total=1215998
[2026-02-28 15:37:45,068] INFO:fitness.free_loss_fidelity: RL4CO free-loss step 120/200: score=9.306638 (avg=10.292658), loss=0.575103 (avg=0.586198), pairs_step=12160, pairs_total=1459198
[2026-02-28 15:37:45,068] INFO:fitness.free_loss_fidelity: RL4CO free-loss step 120/200: score=9.306638 (avg=10.292658), loss=0.575103 (avg=0.586198), pairs_step=12160, pairs_total=1459198
[2026-02-28 15:37:51,497] INFO:fitness.free_loss_fidelity: RL4CO free-loss step 140/200: score=9.284539 (avg=10.156788), loss=0.594289 (avg=0.584154), pairs_step=12160, pairs_total=1702398
[2026-02-28 15:37:51,497] INFO:fitness.free_loss_fidelity: RL4CO free-loss step 140/200: score=9.284539 (avg=10.156788), loss=0.594289 (avg=0.584154), pairs_step=12160, pairs_total=1702398
[2026-02-28 15:37:57,894] INFO:fitness.free_loss_fidelity: RL4CO free-loss step 160/200: score=9.229279 (avg=10.049851), loss=0.572789 (avg=0.583303), pairs_step=12160, pairs_total=1945598
[2026-02-28 15:37:57,894] INFO:fitness.free_loss_fidelity: RL4CO free-loss step 160/200: score=9.229279 (avg=10.049851), loss=0.572789 (avg=0.583303), pairs_step=12160, pairs_total=1945598
[2026-02-28 15:38:04,298] INFO:fitness.free_loss_fidelity: RL4CO free-loss step 180/200: score=9.245084 (avg=9.964277), loss=0.565167 (avg=0.582438), pairs_step=12160, pairs_total=2188798
[2026-02-28 15:38:04,298] INFO:fitness.free_loss_fidelity: RL4CO free-loss step 180/200: score=9.245084 (avg=9.964277), loss=0.565167 (avg=0.582438), pairs_step=12160, pairs_total=2188798
[2026-02-28 15:38:10,713] INFO:fitness.free_loss_fidelity: RL4CO free-loss step 200/200: score=9.185972 (avg=9.888164), loss=0.567495 (avg=0.581880), pairs_step=12160, pairs_total=2431998
[2026-02-28 15:38:10,713] INFO:fitness.free_loss_fidelity: RL4CO free-loss step 200/200: score=9.185972 (avg=9.888164), loss=0.567495 (avg=0.581880), pairs_step=12160, pairs_total=2431998
[2026-02-28 15:38:12,283] WARNING:fitness.free_loss_fidelity: weights_only checkpoint load failed (UnpicklingError); retrying weights_only=False for /data1/gushengda/eam-rl4co/baseline/epoch_135.ckpt
[2026-02-28 15:38:12,283] WARNING:fitness.free_loss_fidelity: weights_only checkpoint load failed (UnpicklingError); retrying weights_only=False for /data1/gushengda/eam-rl4co/baseline/epoch_135.ckpt
[2026-02-28 15:38:12,328] INFO:fitness.free_loss_fidelity: Loaded init checkpoint into policy: path=/data1/gushengda/eam-rl4co/baseline/epoch_135.ckpt prefix=policy. matched=97 missing=0 unexpected=0
[2026-02-28 15:38:12,328] INFO:fitness.free_loss_fidelity: Loaded init checkpoint into policy: path=/data1/gushengda/eam-rl4co/baseline/epoch_135.ckpt prefix=policy. matched=97 missing=0 unexpected=0
[2026-02-28 15:38:12,332] INFO:fitness.free_loss_fidelity: RL4CO free-loss (step-mode): f1_steps=200, f2_steps=0, total_steps=200, train_problem_size=100, rollouts=20, batch_size=64, device=cuda:0, env=tsp
[2026-02-28 15:38:12,332] INFO:fitness.free_loss_fidelity: RL4CO free-loss (step-mode): f1_steps=200, f2_steps=0, total_steps=200, train_problem_size=100, rollouts=20, batch_size=64, device=cuda:0, env=tsp
[2026-02-28 15:38:12,709] INFO:fitness.free_loss_fidelity: RL4CO free-loss step 1/200: score=7.825121 (avg=7.825121), loss=0.669560 (avg=0.669560), pairs_step=12151, pairs_total=12151
[2026-02-28 15:38:12,709] INFO:fitness.free_loss_fidelity: RL4CO free-loss step 1/200: score=7.825121 (avg=7.825121), loss=0.669560 (avg=0.669560), pairs_step=12151, pairs_total=12151
[2026-02-28 15:38:18,823] INFO:fitness.free_loss_fidelity: RL4CO free-loss step 20/200: score=7.816445 (avg=7.841117), loss=0.661385 (avg=0.663762), pairs_step=12152, pairs_total=243058
[2026-02-28 15:38:18,823] INFO:fitness.free_loss_fidelity: RL4CO free-loss step 20/200: score=7.816445 (avg=7.841117), loss=0.661385 (avg=0.663762), pairs_step=12152, pairs_total=243058
[2026-02-28 15:38:25,231] INFO:fitness.free_loss_fidelity: RL4CO free-loss step 40/200: score=7.846872 (avg=7.838094), loss=0.660997 (avg=0.663715), pairs_step=12155, pairs_total=486120
[2026-02-28 15:38:25,231] INFO:fitness.free_loss_fidelity: RL4CO free-loss step 40/200: score=7.846872 (avg=7.838094), loss=0.660997 (avg=0.663715), pairs_step=12155, pairs_total=486120
[2026-02-28 15:38:31,702] INFO:fitness.free_loss_fidelity: RL4CO free-loss step 60/200: score=7.848698 (avg=7.835854), loss=0.668783 (avg=0.664799), pairs_step=12154, pairs_total=729201
[2026-02-28 15:38:31,702] INFO:fitness.free_loss_fidelity: RL4CO free-loss step 60/200: score=7.848698 (avg=7.835854), loss=0.668783 (avg=0.664799), pairs_step=12154, pairs_total=729201
[2026-02-28 15:38:38,117] INFO:fitness.free_loss_fidelity: RL4CO free-loss step 80/200: score=7.834038 (avg=7.835541), loss=0.673602 (avg=0.665306), pairs_step=12157, pairs_total=972296
[2026-02-28 15:38:38,117] INFO:fitness.free_loss_fidelity: RL4CO free-loss step 80/200: score=7.834038 (avg=7.835541), loss=0.673602 (avg=0.665306), pairs_step=12157, pairs_total=972296
[2026-02-28 15:38:44,553] INFO:fitness.free_loss_fidelity: RL4CO free-loss step 100/200: score=7.791720 (avg=7.836390), loss=0.667598 (avg=0.665512), pairs_step=12153, pairs_total=1215406
[2026-02-28 15:38:44,553] INFO:fitness.free_loss_fidelity: RL4CO free-loss step 100/200: score=7.791720 (avg=7.836390), loss=0.667598 (avg=0.665512), pairs_step=12153, pairs_total=1215406
[2026-02-28 15:38:50,982] INFO:fitness.free_loss_fidelity: RL4CO free-loss step 120/200: score=7.806665 (avg=7.838165), loss=0.669695 (avg=0.665536), pairs_step=12156, pairs_total=1458502
[2026-02-28 15:38:50,982] INFO:fitness.free_loss_fidelity: RL4CO free-loss step 120/200: score=7.806665 (avg=7.838165), loss=0.669695 (avg=0.665536), pairs_step=12156, pairs_total=1458502
[2026-02-28 15:38:57,423] INFO:fitness.free_loss_fidelity: RL4CO free-loss step 140/200: score=7.867205 (avg=7.839432), loss=0.662603 (avg=0.665803), pairs_step=12153, pairs_total=1701587
[2026-02-28 15:38:57,423] INFO:fitness.free_loss_fidelity: RL4CO free-loss step 140/200: score=7.867205 (avg=7.839432), loss=0.662603 (avg=0.665803), pairs_step=12153, pairs_total=1701587
[2026-02-28 15:39:03,855] INFO:fitness.free_loss_fidelity: RL4CO free-loss step 160/200: score=7.834875 (avg=7.839179), loss=0.667269 (avg=0.665855), pairs_step=12156, pairs_total=1944670
[2026-02-28 15:39:03,855] INFO:fitness.free_loss_fidelity: RL4CO free-loss step 160/200: score=7.834875 (avg=7.839179), loss=0.667269 (avg=0.665855), pairs_step=12156, pairs_total=1944670
[2026-02-28 15:39:10,306] INFO:fitness.free_loss_fidelity: RL4CO free-loss step 180/200: score=7.831142 (avg=7.838339), loss=0.664988 (avg=0.665814), pairs_step=12159, pairs_total=2187759
[2026-02-28 15:39:10,306] INFO:fitness.free_loss_fidelity: RL4CO free-loss step 180/200: score=7.831142 (avg=7.838339), loss=0.664988 (avg=0.665814), pairs_step=12159, pairs_total=2187759
[2026-02-28 15:39:16,745] INFO:fitness.free_loss_fidelity: RL4CO free-loss step 200/200: score=7.846871 (avg=7.837481), loss=0.662986 (avg=0.665607), pairs_step=12152, pairs_total=2430837
[2026-02-28 15:39:16,745] INFO:fitness.free_loss_fidelity: RL4CO free-loss step 200/200: score=7.846871 (avg=7.837481), loss=0.662986 (avg=0.665607), pairs_step=12152, pairs_total=2430837
[2026-02-28 15:39:18,317] WARNING:fitness.free_loss_fidelity: weights_only checkpoint load failed (UnpicklingError); retrying weights_only=False for /data1/gushengda/eam-rl4co/baseline/epoch_409.ckpt
[2026-02-28 15:39:18,317] WARNING:fitness.free_loss_fidelity: weights_only checkpoint load failed (UnpicklingError); retrying weights_only=False for /data1/gushengda/eam-rl4co/baseline/epoch_409.ckpt
[2026-02-28 15:39:18,359] INFO:fitness.free_loss_fidelity: Loaded init checkpoint into policy: path=/data1/gushengda/eam-rl4co/baseline/epoch_409.ckpt prefix=policy. matched=97 missing=0 unexpected=0
[2026-02-28 15:39:18,359] INFO:fitness.free_loss_fidelity: Loaded init checkpoint into policy: path=/data1/gushengda/eam-rl4co/baseline/epoch_409.ckpt prefix=policy. matched=97 missing=0 unexpected=0
[2026-02-28 15:39:18,364] INFO:fitness.free_loss_fidelity: RL4CO free-loss (step-mode): f1_steps=200, f2_steps=0, total_steps=200, train_problem_size=100, rollouts=20, batch_size=64, device=cuda:0, env=tsp
[2026-02-28 15:39:18,364] INFO:fitness.free_loss_fidelity: RL4CO free-loss (step-mode): f1_steps=200, f2_steps=0, total_steps=200, train_problem_size=100, rollouts=20, batch_size=64, device=cuda:0, env=tsp
[2026-02-28 15:39:18,748] INFO:fitness.free_loss_fidelity: RL4CO free-loss step 1/200: score=7.826895 (avg=7.826895), loss=0.212805 (avg=0.212805), pairs_step=12149, pairs_total=12149
[2026-02-28 15:39:18,748] INFO:fitness.free_loss_fidelity: RL4CO free-loss step 1/200: score=7.826895 (avg=7.826895), loss=0.212805 (avg=0.212805), pairs_step=12149, pairs_total=12149
[2026-02-28 15:39:25,128] INFO:fitness.free_loss_fidelity: RL4CO free-loss step 20/200: score=7.809310 (avg=7.837438), loss=0.199135 (avg=0.198920), pairs_step=12152, pairs_total=243052
[2026-02-28 15:39:25,128] INFO:fitness.free_loss_fidelity: RL4CO free-loss step 20/200: score=7.809310 (avg=7.837438), loss=0.199135 (avg=0.198920), pairs_step=12152, pairs_total=243052
[2026-02-28 15:39:31,601] INFO:fitness.free_loss_fidelity: RL4CO free-loss step 40/200: score=7.841763 (avg=7.832698), loss=0.200083 (avg=0.201479), pairs_step=12150, pairs_total=486098
[2026-02-28 15:39:31,601] INFO:fitness.free_loss_fidelity: RL4CO free-loss step 40/200: score=7.841763 (avg=7.832698), loss=0.200083 (avg=0.201479), pairs_step=12150, pairs_total=486098
[2026-02-28 15:39:38,043] INFO:fitness.free_loss_fidelity: RL4CO free-loss step 60/200: score=7.841227 (avg=7.828752), loss=0.207499 (avg=0.201098), pairs_step=12151, pairs_total=729165
[2026-02-28 15:39:38,043] INFO:fitness.free_loss_fidelity: RL4CO free-loss step 60/200: score=7.841227 (avg=7.828752), loss=0.207499 (avg=0.201098), pairs_step=12151, pairs_total=729165
[2026-02-28 15:39:44,455] INFO:fitness.free_loss_fidelity: RL4CO free-loss step 80/200: score=7.833597 (avg=7.828651), loss=0.194049 (avg=0.198660), pairs_step=12153, pairs_total=972238
[2026-02-28 15:39:44,455] INFO:fitness.free_loss_fidelity: RL4CO free-loss step 80/200: score=7.833597 (avg=7.828651), loss=0.194049 (avg=0.198660), pairs_step=12153, pairs_total=972238
[2026-02-28 15:39:50,872] INFO:fitness.free_loss_fidelity: RL4CO free-loss step 100/200: score=7.789326 (avg=7.830252), loss=0.202752 (avg=0.197642), pairs_step=12155, pairs_total=1215302
[2026-02-28 15:39:50,872] INFO:fitness.free_loss_fidelity: RL4CO free-loss step 100/200: score=7.789326 (avg=7.830252), loss=0.202752 (avg=0.197642), pairs_step=12155, pairs_total=1215302
[2026-02-28 15:39:57,281] INFO:fitness.free_loss_fidelity: RL4CO free-loss step 120/200: score=7.802310 (avg=7.832008), loss=0.199711 (avg=0.197958), pairs_step=12143, pairs_total=1458369
[2026-02-28 15:39:57,281] INFO:fitness.free_loss_fidelity: RL4CO free-loss step 120/200: score=7.802310 (avg=7.832008), loss=0.199711 (avg=0.197958), pairs_step=12143, pairs_total=1458369
[2026-02-28 15:40:03,704] INFO:fitness.free_loss_fidelity: RL4CO free-loss step 140/200: score=7.855409 (avg=7.833134), loss=0.197835 (avg=0.198213), pairs_step=12152, pairs_total=1701423
[2026-02-28 15:40:03,704] INFO:fitness.free_loss_fidelity: RL4CO free-loss step 140/200: score=7.855409 (avg=7.833134), loss=0.197835 (avg=0.198213), pairs_step=12152, pairs_total=1701423
[2026-02-28 15:40:10,122] INFO:fitness.free_loss_fidelity: RL4CO free-loss step 160/200: score=7.826662 (avg=7.832214), loss=0.208316 (avg=0.198538), pairs_step=12152, pairs_total=1944496
[2026-02-28 15:40:10,122] INFO:fitness.free_loss_fidelity: RL4CO free-loss step 160/200: score=7.826662 (avg=7.832214), loss=0.208316 (avg=0.198538), pairs_step=12152, pairs_total=1944496
[2026-02-28 15:40:16,574] INFO:fitness.free_loss_fidelity: RL4CO free-loss step 180/200: score=7.818383 (avg=7.831343), loss=0.195068 (avg=0.198553), pairs_step=12156, pairs_total=2187566
[2026-02-28 15:40:16,574] INFO:fitness.free_loss_fidelity: RL4CO free-loss step 180/200: score=7.818383 (avg=7.831343), loss=0.195068 (avg=0.198553), pairs_step=12156, pairs_total=2187566
[2026-02-28 15:40:23,076] INFO:fitness.free_loss_fidelity: RL4CO free-loss step 200/200: score=7.848370 (avg=7.830460), loss=0.202209 (avg=0.198923), pairs_step=12151, pairs_total=2430651
[2026-02-28 15:40:23,076] INFO:fitness.free_loss_fidelity: RL4CO free-loss step 200/200: score=7.848370 (avg=7.830460), loss=0.202209 (avg=0.198923), pairs_step=12151, pairs_total=2430651
