[2026-02-28 14:59:33,237] INFO:fitness.free_loss_fidelity: Stage3 offline mini-train start gen=7 pair_index=29 K=200 seed=12345 valid_sizes=[20, 100] baseline_json=baseline/mini_eval/baseline_minitrain_tsp100_K200.json
[2026-02-28 14:59:33,237] INFO:fitness.free_loss_fidelity: Stage3 offline mini-train start gen=7 pair_index=29 K=200 seed=12345 valid_sizes=[20, 100] baseline_json=baseline/mini_eval/baseline_minitrain_tsp100_K200.json
[2026-02-28 14:59:33,258] INFO:fitness.free_loss_fidelity: RL4CO free-loss (step-mode): f1_steps=200, f2_steps=0, total_steps=200, train_problem_size=100, rollouts=20, batch_size=64, device=cuda:3, env=tsp
[2026-02-28 14:59:33,258] INFO:fitness.free_loss_fidelity: RL4CO free-loss (step-mode): f1_steps=200, f2_steps=0, total_steps=200, train_problem_size=100, rollouts=20, batch_size=64, device=cuda:3, env=tsp
[2026-02-28 14:59:33,578] INFO:fitness.free_loss_fidelity: RL4CO free-loss step 1/200: score=36.626595 (avg=36.626595), loss=0.795077 (avg=0.795077), pairs_step=12160, pairs_total=12160
[2026-02-28 14:59:33,578] INFO:fitness.free_loss_fidelity: RL4CO free-loss step 1/200: score=36.626595 (avg=36.626595), loss=0.795077 (avg=0.795077), pairs_step=12160, pairs_total=12160
[2026-02-28 14:59:38,986] INFO:fitness.free_loss_fidelity: RL4CO free-loss step 20/200: score=10.803101 (avg=13.464920), loss=0.609946 (avg=0.623981), pairs_step=12160, pairs_total=243200
[2026-02-28 14:59:38,986] INFO:fitness.free_loss_fidelity: RL4CO free-loss step 20/200: score=10.803101 (avg=13.464920), loss=0.609946 (avg=0.623981), pairs_step=12160, pairs_total=243200
[2026-02-28 14:59:45,040] INFO:fitness.free_loss_fidelity: RL4CO free-loss step 40/200: score=9.929349 (avg=11.867042), loss=0.588000 (avg=0.611839), pairs_step=12160, pairs_total=486398
[2026-02-28 14:59:45,040] INFO:fitness.free_loss_fidelity: RL4CO free-loss step 40/200: score=9.929349 (avg=11.867042), loss=0.588000 (avg=0.611839), pairs_step=12160, pairs_total=486398
[2026-02-28 14:59:52,173] INFO:fitness.free_loss_fidelity: RL4CO free-loss step 60/200: score=9.727195 (avg=11.175063), loss=0.591650 (avg=0.605368), pairs_step=12160, pairs_total=729598
[2026-02-28 14:59:52,173] INFO:fitness.free_loss_fidelity: RL4CO free-loss step 60/200: score=9.727195 (avg=11.175063), loss=0.591650 (avg=0.605368), pairs_step=12160, pairs_total=729598
[2026-02-28 14:59:59,268] INFO:fitness.free_loss_fidelity: RL4CO free-loss step 80/200: score=9.614367 (avg=10.792214), loss=0.571076 (avg=0.598183), pairs_step=12160, pairs_total=972798
[2026-02-28 14:59:59,268] INFO:fitness.free_loss_fidelity: RL4CO free-loss step 80/200: score=9.614367 (avg=10.792214), loss=0.571076 (avg=0.598183), pairs_step=12160, pairs_total=972798
[2026-02-28 15:00:06,033] INFO:fitness.free_loss_fidelity: RL4CO free-loss step 100/200: score=9.413549 (avg=10.534405), loss=0.570646 (avg=0.593660), pairs_step=12160, pairs_total=1215998
[2026-02-28 15:00:06,033] INFO:fitness.free_loss_fidelity: RL4CO free-loss step 100/200: score=9.413549 (avg=10.534405), loss=0.570646 (avg=0.593660), pairs_step=12160, pairs_total=1215998
[2026-02-28 15:00:12,165] INFO:fitness.free_loss_fidelity: RL4CO free-loss step 120/200: score=9.282193 (avg=10.349587), loss=0.577238 (avg=0.590303), pairs_step=12160, pairs_total=1459198
[2026-02-28 15:00:12,165] INFO:fitness.free_loss_fidelity: RL4CO free-loss step 120/200: score=9.282193 (avg=10.349587), loss=0.577238 (avg=0.590303), pairs_step=12160, pairs_total=1459198
[2026-02-28 15:00:18,098] INFO:fitness.free_loss_fidelity: RL4CO free-loss step 140/200: score=9.322399 (avg=10.206801), loss=0.585055 (avg=0.588429), pairs_step=12160, pairs_total=1702398
[2026-02-28 15:00:18,098] INFO:fitness.free_loss_fidelity: RL4CO free-loss step 140/200: score=9.322399 (avg=10.206801), loss=0.585055 (avg=0.588429), pairs_step=12160, pairs_total=1702398
[2026-02-28 15:00:24,049] INFO:fitness.free_loss_fidelity: RL4CO free-loss step 160/200: score=9.342567 (avg=10.093085), loss=0.552323 (avg=0.585579), pairs_step=12160, pairs_total=1945598
[2026-02-28 15:00:24,049] INFO:fitness.free_loss_fidelity: RL4CO free-loss step 160/200: score=9.342567 (avg=10.093085), loss=0.552323 (avg=0.585579), pairs_step=12160, pairs_total=1945598
[2026-02-28 15:00:30,009] INFO:fitness.free_loss_fidelity: RL4CO free-loss step 180/200: score=9.155025 (avg=9.995796), loss=0.587974 (avg=0.583948), pairs_step=12160, pairs_total=2188798
[2026-02-28 15:00:30,009] INFO:fitness.free_loss_fidelity: RL4CO free-loss step 180/200: score=9.155025 (avg=9.995796), loss=0.587974 (avg=0.583948), pairs_step=12160, pairs_total=2188798
[2026-02-28 15:00:35,957] INFO:fitness.free_loss_fidelity: RL4CO free-loss step 200/200: score=9.188549 (avg=9.909770), loss=0.578421 (avg=0.583042), pairs_step=12160, pairs_total=2431998
[2026-02-28 15:00:35,957] INFO:fitness.free_loss_fidelity: RL4CO free-loss step 200/200: score=9.188549 (avg=9.909770), loss=0.578421 (avg=0.583042), pairs_step=12160, pairs_total=2431998
[2026-02-28 15:00:37,268] WARNING:fitness.free_loss_fidelity: weights_only checkpoint load failed (UnpicklingError); retrying weights_only=False for /data1/gushengda/eam-rl4co/baseline/epoch_135.ckpt
[2026-02-28 15:00:37,268] WARNING:fitness.free_loss_fidelity: weights_only checkpoint load failed (UnpicklingError); retrying weights_only=False for /data1/gushengda/eam-rl4co/baseline/epoch_135.ckpt
[2026-02-28 15:00:37,312] INFO:fitness.free_loss_fidelity: Loaded init checkpoint into policy: path=/data1/gushengda/eam-rl4co/baseline/epoch_135.ckpt prefix=policy. matched=97 missing=0 unexpected=0
[2026-02-28 15:00:37,312] INFO:fitness.free_loss_fidelity: Loaded init checkpoint into policy: path=/data1/gushengda/eam-rl4co/baseline/epoch_135.ckpt prefix=policy. matched=97 missing=0 unexpected=0
[2026-02-28 15:00:37,317] INFO:fitness.free_loss_fidelity: RL4CO free-loss (step-mode): f1_steps=200, f2_steps=0, total_steps=200, train_problem_size=100, rollouts=20, batch_size=64, device=cuda:3, env=tsp
[2026-02-28 15:00:37,317] INFO:fitness.free_loss_fidelity: RL4CO free-loss (step-mode): f1_steps=200, f2_steps=0, total_steps=200, train_problem_size=100, rollouts=20, batch_size=64, device=cuda:3, env=tsp
[2026-02-28 15:00:37,669] INFO:fitness.free_loss_fidelity: RL4CO free-loss step 1/200: score=7.825121 (avg=7.825121), loss=0.670121 (avg=0.670121), pairs_step=12151, pairs_total=12151
[2026-02-28 15:00:37,669] INFO:fitness.free_loss_fidelity: RL4CO free-loss step 1/200: score=7.825121 (avg=7.825121), loss=0.670121 (avg=0.670121), pairs_step=12151, pairs_total=12151
[2026-02-28 15:00:43,333] INFO:fitness.free_loss_fidelity: RL4CO free-loss step 20/200: score=7.815253 (avg=7.844520), loss=0.668466 (avg=0.665293), pairs_step=12158, pairs_total=243074
[2026-02-28 15:00:43,333] INFO:fitness.free_loss_fidelity: RL4CO free-loss step 20/200: score=7.815253 (avg=7.844520), loss=0.668466 (avg=0.665293), pairs_step=12158, pairs_total=243074
[2026-02-28 15:00:49,273] INFO:fitness.free_loss_fidelity: RL4CO free-loss step 40/200: score=7.866564 (avg=7.838732), loss=0.670848 (avg=0.665586), pairs_step=12159, pairs_total=486138
[2026-02-28 15:00:49,273] INFO:fitness.free_loss_fidelity: RL4CO free-loss step 40/200: score=7.866564 (avg=7.838732), loss=0.670848 (avg=0.665586), pairs_step=12159, pairs_total=486138
[2026-02-28 15:00:55,222] INFO:fitness.free_loss_fidelity: RL4CO free-loss step 60/200: score=7.844618 (avg=7.836590), loss=0.666746 (avg=0.665292), pairs_step=12152, pairs_total=729218
[2026-02-28 15:00:55,222] INFO:fitness.free_loss_fidelity: RL4CO free-loss step 60/200: score=7.844618 (avg=7.836590), loss=0.666746 (avg=0.665292), pairs_step=12152, pairs_total=729218
[2026-02-28 15:01:01,200] INFO:fitness.free_loss_fidelity: RL4CO free-loss step 80/200: score=7.837488 (avg=7.835861), loss=0.666210 (avg=0.665114), pairs_step=12157, pairs_total=972315
[2026-02-28 15:01:01,200] INFO:fitness.free_loss_fidelity: RL4CO free-loss step 80/200: score=7.837488 (avg=7.835861), loss=0.666210 (avg=0.665114), pairs_step=12157, pairs_total=972315
[2026-02-28 15:01:07,145] INFO:fitness.free_loss_fidelity: RL4CO free-loss step 100/200: score=7.801602 (avg=7.837466), loss=0.666154 (avg=0.665350), pairs_step=12156, pairs_total=1215425
[2026-02-28 15:01:07,145] INFO:fitness.free_loss_fidelity: RL4CO free-loss step 100/200: score=7.801602 (avg=7.837466), loss=0.666154 (avg=0.665350), pairs_step=12156, pairs_total=1215425
[2026-02-28 15:01:13,058] INFO:fitness.free_loss_fidelity: RL4CO free-loss step 120/200: score=7.818592 (avg=7.838914), loss=0.665034 (avg=0.665596), pairs_step=12156, pairs_total=1458514
[2026-02-28 15:01:13,058] INFO:fitness.free_loss_fidelity: RL4CO free-loss step 120/200: score=7.818592 (avg=7.838914), loss=0.665034 (avg=0.665596), pairs_step=12156, pairs_total=1458514
[2026-02-28 15:01:18,953] INFO:fitness.free_loss_fidelity: RL4CO free-loss step 140/200: score=7.873578 (avg=7.840701), loss=0.666294 (avg=0.665822), pairs_step=12158, pairs_total=1701624
[2026-02-28 15:01:18,953] INFO:fitness.free_loss_fidelity: RL4CO free-loss step 140/200: score=7.873578 (avg=7.840701), loss=0.666294 (avg=0.665822), pairs_step=12158, pairs_total=1701624
[2026-02-28 15:01:24,865] INFO:fitness.free_loss_fidelity: RL4CO free-loss step 160/200: score=7.828844 (avg=7.840646), loss=0.668720 (avg=0.666061), pairs_step=12156, pairs_total=1944696
[2026-02-28 15:01:24,865] INFO:fitness.free_loss_fidelity: RL4CO free-loss step 160/200: score=7.828844 (avg=7.840646), loss=0.668720 (avg=0.666061), pairs_step=12156, pairs_total=1944696
[2026-02-28 15:01:30,783] INFO:fitness.free_loss_fidelity: RL4CO free-loss step 180/200: score=7.829348 (avg=7.839662), loss=0.661732 (avg=0.665961), pairs_step=12151, pairs_total=2187790
[2026-02-28 15:01:30,783] INFO:fitness.free_loss_fidelity: RL4CO free-loss step 180/200: score=7.829348 (avg=7.839662), loss=0.661732 (avg=0.665961), pairs_step=12151, pairs_total=2187790
[2026-02-28 15:01:36,663] INFO:fitness.free_loss_fidelity: RL4CO free-loss step 200/200: score=7.851772 (avg=7.838847), loss=0.670341 (avg=0.665863), pairs_step=12158, pairs_total=2430888
[2026-02-28 15:01:36,663] INFO:fitness.free_loss_fidelity: RL4CO free-loss step 200/200: score=7.851772 (avg=7.838847), loss=0.670341 (avg=0.665863), pairs_step=12158, pairs_total=2430888
[2026-02-28 15:01:37,984] WARNING:fitness.free_loss_fidelity: weights_only checkpoint load failed (UnpicklingError); retrying weights_only=False for /data1/gushengda/eam-rl4co/baseline/epoch_409.ckpt
[2026-02-28 15:01:37,984] WARNING:fitness.free_loss_fidelity: weights_only checkpoint load failed (UnpicklingError); retrying weights_only=False for /data1/gushengda/eam-rl4co/baseline/epoch_409.ckpt
[2026-02-28 15:01:38,042] INFO:fitness.free_loss_fidelity: Loaded init checkpoint into policy: path=/data1/gushengda/eam-rl4co/baseline/epoch_409.ckpt prefix=policy. matched=97 missing=0 unexpected=0
[2026-02-28 15:01:38,042] INFO:fitness.free_loss_fidelity: Loaded init checkpoint into policy: path=/data1/gushengda/eam-rl4co/baseline/epoch_409.ckpt prefix=policy. matched=97 missing=0 unexpected=0
[2026-02-28 15:01:38,048] INFO:fitness.free_loss_fidelity: RL4CO free-loss (step-mode): f1_steps=200, f2_steps=0, total_steps=200, train_problem_size=100, rollouts=20, batch_size=64, device=cuda:3, env=tsp
[2026-02-28 15:01:38,048] INFO:fitness.free_loss_fidelity: RL4CO free-loss (step-mode): f1_steps=200, f2_steps=0, total_steps=200, train_problem_size=100, rollouts=20, batch_size=64, device=cuda:3, env=tsp
[2026-02-28 15:01:38,376] INFO:fitness.free_loss_fidelity: RL4CO free-loss step 1/200: score=7.826895 (avg=7.826895), loss=0.212921 (avg=0.212921), pairs_step=12149, pairs_total=12149
[2026-02-28 15:01:38,376] INFO:fitness.free_loss_fidelity: RL4CO free-loss step 1/200: score=7.826895 (avg=7.826895), loss=0.212921 (avg=0.212921), pairs_step=12149, pairs_total=12149
[2026-02-28 15:01:43,960] INFO:fitness.free_loss_fidelity: RL4CO free-loss step 20/200: score=7.809621 (avg=7.839530), loss=0.195818 (avg=0.196533), pairs_step=12159, pairs_total=243065
[2026-02-28 15:01:43,960] INFO:fitness.free_loss_fidelity: RL4CO free-loss step 20/200: score=7.809621 (avg=7.839530), loss=0.195818 (avg=0.196533), pairs_step=12159, pairs_total=243065
[2026-02-28 15:01:50,498] INFO:fitness.free_loss_fidelity: RL4CO free-loss step 40/200: score=7.845964 (avg=7.834176), loss=0.207008 (avg=0.199453), pairs_step=12158, pairs_total=486163
[2026-02-28 15:01:50,498] INFO:fitness.free_loss_fidelity: RL4CO free-loss step 40/200: score=7.845964 (avg=7.834176), loss=0.207008 (avg=0.199453), pairs_step=12158, pairs_total=486163
[2026-02-28 15:01:56,441] INFO:fitness.free_loss_fidelity: RL4CO free-loss step 60/200: score=7.848899 (avg=7.831021), loss=0.217168 (avg=0.202494), pairs_step=12150, pairs_total=729234
[2026-02-28 15:01:56,441] INFO:fitness.free_loss_fidelity: RL4CO free-loss step 60/200: score=7.848899 (avg=7.831021), loss=0.217168 (avg=0.202494), pairs_step=12150, pairs_total=729234
[2026-02-28 15:02:02,353] INFO:fitness.free_loss_fidelity: RL4CO free-loss step 80/200: score=7.838268 (avg=7.830486), loss=0.212889 (avg=0.204477), pairs_step=12156, pairs_total=972327
[2026-02-28 15:02:02,353] INFO:fitness.free_loss_fidelity: RL4CO free-loss step 80/200: score=7.838268 (avg=7.830486), loss=0.212889 (avg=0.204477), pairs_step=12156, pairs_total=972327
[2026-02-28 15:02:09,401] INFO:fitness.free_loss_fidelity: RL4CO free-loss step 100/200: score=7.787996 (avg=7.831421), loss=0.218445 (avg=0.206463), pairs_step=12153, pairs_total=1215385
[2026-02-28 15:02:09,401] INFO:fitness.free_loss_fidelity: RL4CO free-loss step 100/200: score=7.787996 (avg=7.831421), loss=0.218445 (avg=0.206463), pairs_step=12153, pairs_total=1215385
[2026-02-28 15:02:16,444] INFO:fitness.free_loss_fidelity: RL4CO free-loss step 120/200: score=7.806272 (avg=7.832499), loss=0.206271 (avg=0.207547), pairs_step=12148, pairs_total=1458428
[2026-02-28 15:02:16,444] INFO:fitness.free_loss_fidelity: RL4CO free-loss step 120/200: score=7.806272 (avg=7.832499), loss=0.206271 (avg=0.207547), pairs_step=12148, pairs_total=1458428
[2026-02-28 15:02:23,321] INFO:fitness.free_loss_fidelity: RL4CO free-loss step 140/200: score=7.852530 (avg=7.833551), loss=0.205245 (avg=0.207789), pairs_step=12155, pairs_total=1701495
[2026-02-28 15:02:23,321] INFO:fitness.free_loss_fidelity: RL4CO free-loss step 140/200: score=7.852530 (avg=7.833551), loss=0.205245 (avg=0.207789), pairs_step=12155, pairs_total=1701495
[2026-02-28 15:02:30,160] INFO:fitness.free_loss_fidelity: RL4CO free-loss step 160/200: score=7.834368 (avg=7.833175), loss=0.213203 (avg=0.207999), pairs_step=12151, pairs_total=1944540
[2026-02-28 15:02:30,160] INFO:fitness.free_loss_fidelity: RL4CO free-loss step 160/200: score=7.834368 (avg=7.833175), loss=0.213203 (avg=0.207999), pairs_step=12151, pairs_total=1944540
[2026-02-28 15:02:36,982] INFO:fitness.free_loss_fidelity: RL4CO free-loss step 180/200: score=7.833000 (avg=7.832651), loss=0.224029 (avg=0.209078), pairs_step=12154, pairs_total=2187619
[2026-02-28 15:02:36,982] INFO:fitness.free_loss_fidelity: RL4CO free-loss step 180/200: score=7.833000 (avg=7.832651), loss=0.224029 (avg=0.209078), pairs_step=12154, pairs_total=2187619
[2026-02-28 15:02:43,797] INFO:fitness.free_loss_fidelity: RL4CO free-loss step 200/200: score=7.853628 (avg=7.831904), loss=0.205871 (avg=0.210357), pairs_step=12151, pairs_total=2430677
[2026-02-28 15:02:43,797] INFO:fitness.free_loss_fidelity: RL4CO free-loss step 200/200: score=7.853628 (avg=7.831904), loss=0.205871 (avg=0.210357), pairs_step=12151, pairs_total=2430677
