[2026-02-28 14:20:15,564] INFO:fitness.free_loss_fidelity: Stage3 offline mini-train start gen=6 pair_index=11 K=200 seed=12345 valid_sizes=[20, 100] baseline_json=baseline/mini_eval/baseline_minitrain_tsp100_K200.json
[2026-02-28 14:20:15,564] INFO:fitness.free_loss_fidelity: Stage3 offline mini-train start gen=6 pair_index=11 K=200 seed=12345 valid_sizes=[20, 100] baseline_json=baseline/mini_eval/baseline_minitrain_tsp100_K200.json
[2026-02-28 14:20:15,586] INFO:fitness.free_loss_fidelity: RL4CO free-loss (step-mode): f1_steps=200, f2_steps=0, total_steps=200, train_problem_size=100, rollouts=20, batch_size=64, device=cuda:1, env=tsp
[2026-02-28 14:20:15,586] INFO:fitness.free_loss_fidelity: RL4CO free-loss (step-mode): f1_steps=200, f2_steps=0, total_steps=200, train_problem_size=100, rollouts=20, batch_size=64, device=cuda:1, env=tsp
[2026-02-28 14:20:15,966] INFO:fitness.free_loss_fidelity: RL4CO free-loss step 1/200: score=36.626595 (avg=36.626595), loss=0.795077 (avg=0.795077), pairs_step=12160, pairs_total=12160
[2026-02-28 14:20:15,966] INFO:fitness.free_loss_fidelity: RL4CO free-loss step 1/200: score=36.626595 (avg=36.626595), loss=0.795077 (avg=0.795077), pairs_step=12160, pairs_total=12160
[2026-02-28 14:20:22,380] INFO:fitness.free_loss_fidelity: RL4CO free-loss step 20/200: score=10.681861 (avg=13.447898), loss=0.606033 (avg=0.621449), pairs_step=12160, pairs_total=243200
[2026-02-28 14:20:22,380] INFO:fitness.free_loss_fidelity: RL4CO free-loss step 20/200: score=10.681861 (avg=13.447898), loss=0.606033 (avg=0.621449), pairs_step=12160, pairs_total=243200
[2026-02-28 14:20:29,169] INFO:fitness.free_loss_fidelity: RL4CO free-loss step 40/200: score=9.990126 (avg=11.835821), loss=0.591210 (avg=0.608207), pairs_step=12160, pairs_total=486400
[2026-02-28 14:20:29,169] INFO:fitness.free_loss_fidelity: RL4CO free-loss step 40/200: score=9.990126 (avg=11.835821), loss=0.591210 (avg=0.608207), pairs_step=12160, pairs_total=486400
[2026-02-28 14:20:35,947] INFO:fitness.free_loss_fidelity: RL4CO free-loss step 60/200: score=9.778250 (avg=11.163100), loss=0.559660 (avg=0.598195), pairs_step=12160, pairs_total=729600
[2026-02-28 14:20:35,947] INFO:fitness.free_loss_fidelity: RL4CO free-loss step 60/200: score=9.778250 (avg=11.163100), loss=0.559660 (avg=0.598195), pairs_step=12160, pairs_total=729600
[2026-02-28 14:20:42,726] INFO:fitness.free_loss_fidelity: RL4CO free-loss step 80/200: score=9.540787 (avg=10.778662), loss=0.568887 (avg=0.592341), pairs_step=12160, pairs_total=972800
[2026-02-28 14:20:42,726] INFO:fitness.free_loss_fidelity: RL4CO free-loss step 80/200: score=9.540787 (avg=10.778662), loss=0.568887 (avg=0.592341), pairs_step=12160, pairs_total=972800
[2026-02-28 14:20:49,493] INFO:fitness.free_loss_fidelity: RL4CO free-loss step 100/200: score=9.384402 (avg=10.524524), loss=0.559443 (avg=0.587493), pairs_step=12160, pairs_total=1216000
[2026-02-28 14:20:49,493] INFO:fitness.free_loss_fidelity: RL4CO free-loss step 100/200: score=9.384402 (avg=10.524524), loss=0.559443 (avg=0.587493), pairs_step=12160, pairs_total=1216000
[2026-02-28 14:20:56,268] INFO:fitness.free_loss_fidelity: RL4CO free-loss step 120/200: score=9.343945 (avg=10.338948), loss=0.575227 (avg=0.584896), pairs_step=12160, pairs_total=1459200
[2026-02-28 14:20:56,268] INFO:fitness.free_loss_fidelity: RL4CO free-loss step 120/200: score=9.343945 (avg=10.338948), loss=0.575227 (avg=0.584896), pairs_step=12160, pairs_total=1459200
[2026-02-28 14:21:03,052] INFO:fitness.free_loss_fidelity: RL4CO free-loss step 140/200: score=9.333191 (avg=10.198196), loss=0.550094 (avg=0.582431), pairs_step=12160, pairs_total=1702399
[2026-02-28 14:21:03,052] INFO:fitness.free_loss_fidelity: RL4CO free-loss step 140/200: score=9.333191 (avg=10.198196), loss=0.550094 (avg=0.582431), pairs_step=12160, pairs_total=1702399
[2026-02-28 14:21:09,811] INFO:fitness.free_loss_fidelity: RL4CO free-loss step 160/200: score=9.390172 (avg=10.085626), loss=0.559387 (avg=0.580731), pairs_step=12160, pairs_total=1945599
[2026-02-28 14:21:09,811] INFO:fitness.free_loss_fidelity: RL4CO free-loss step 160/200: score=9.390172 (avg=10.085626), loss=0.559387 (avg=0.580731), pairs_step=12160, pairs_total=1945599
[2026-02-28 14:21:16,564] INFO:fitness.free_loss_fidelity: RL4CO free-loss step 180/200: score=9.192027 (avg=9.989620), loss=0.575792 (avg=0.580035), pairs_step=12160, pairs_total=2188797
[2026-02-28 14:21:16,564] INFO:fitness.free_loss_fidelity: RL4CO free-loss step 180/200: score=9.192027 (avg=9.989620), loss=0.575792 (avg=0.580035), pairs_step=12160, pairs_total=2188797
[2026-02-28 14:21:23,337] INFO:fitness.free_loss_fidelity: RL4CO free-loss step 200/200: score=9.109417 (avg=9.905753), loss=0.581622 (avg=0.579363), pairs_step=12160, pairs_total=2431997
[2026-02-28 14:21:23,337] INFO:fitness.free_loss_fidelity: RL4CO free-loss step 200/200: score=9.109417 (avg=9.905753), loss=0.581622 (avg=0.579363), pairs_step=12160, pairs_total=2431997
[2026-02-28 14:21:24,655] WARNING:fitness.free_loss_fidelity: weights_only checkpoint load failed (UnpicklingError); retrying weights_only=False for /data1/gushengda/eam-rl4co/baseline/epoch_135.ckpt
[2026-02-28 14:21:24,655] WARNING:fitness.free_loss_fidelity: weights_only checkpoint load failed (UnpicklingError); retrying weights_only=False for /data1/gushengda/eam-rl4co/baseline/epoch_135.ckpt
[2026-02-28 14:21:24,695] INFO:fitness.free_loss_fidelity: Loaded init checkpoint into policy: path=/data1/gushengda/eam-rl4co/baseline/epoch_135.ckpt prefix=policy. matched=97 missing=0 unexpected=0
[2026-02-28 14:21:24,695] INFO:fitness.free_loss_fidelity: Loaded init checkpoint into policy: path=/data1/gushengda/eam-rl4co/baseline/epoch_135.ckpt prefix=policy. matched=97 missing=0 unexpected=0
[2026-02-28 14:21:24,699] INFO:fitness.free_loss_fidelity: RL4CO free-loss (step-mode): f1_steps=200, f2_steps=0, total_steps=200, train_problem_size=100, rollouts=20, batch_size=64, device=cuda:1, env=tsp
[2026-02-28 14:21:24,699] INFO:fitness.free_loss_fidelity: RL4CO free-loss (step-mode): f1_steps=200, f2_steps=0, total_steps=200, train_problem_size=100, rollouts=20, batch_size=64, device=cuda:1, env=tsp
[2026-02-28 14:21:25,097] INFO:fitness.free_loss_fidelity: RL4CO free-loss step 1/200: score=7.825121 (avg=7.825121), loss=0.670121 (avg=0.670121), pairs_step=12151, pairs_total=12151
[2026-02-28 14:21:25,097] INFO:fitness.free_loss_fidelity: RL4CO free-loss step 1/200: score=7.825121 (avg=7.825121), loss=0.670121 (avg=0.670121), pairs_step=12151, pairs_total=12151
[2026-02-28 14:21:31,539] INFO:fitness.free_loss_fidelity: RL4CO free-loss step 20/200: score=7.817942 (avg=7.843571), loss=0.667298 (avg=0.664015), pairs_step=12156, pairs_total=243044
[2026-02-28 14:21:31,539] INFO:fitness.free_loss_fidelity: RL4CO free-loss step 20/200: score=7.817942 (avg=7.843571), loss=0.667298 (avg=0.664015), pairs_step=12156, pairs_total=243044
[2026-02-28 14:21:38,291] INFO:fitness.free_loss_fidelity: RL4CO free-loss step 40/200: score=7.862217 (avg=7.839839), loss=0.663966 (avg=0.663914), pairs_step=12158, pairs_total=486136
[2026-02-28 14:21:38,291] INFO:fitness.free_loss_fidelity: RL4CO free-loss step 40/200: score=7.862217 (avg=7.839839), loss=0.663966 (avg=0.663914), pairs_step=12158, pairs_total=486136
[2026-02-28 14:21:45,194] INFO:fitness.free_loss_fidelity: RL4CO free-loss step 60/200: score=7.855186 (avg=7.836929), loss=0.664203 (avg=0.664155), pairs_step=12155, pairs_total=729219
[2026-02-28 14:21:45,194] INFO:fitness.free_loss_fidelity: RL4CO free-loss step 60/200: score=7.855186 (avg=7.836929), loss=0.664203 (avg=0.664155), pairs_step=12155, pairs_total=729219
[2026-02-28 14:21:51,931] INFO:fitness.free_loss_fidelity: RL4CO free-loss step 80/200: score=7.841500 (avg=7.835590), loss=0.664499 (avg=0.664659), pairs_step=12157, pairs_total=972315
[2026-02-28 14:21:51,931] INFO:fitness.free_loss_fidelity: RL4CO free-loss step 80/200: score=7.841500 (avg=7.835590), loss=0.664499 (avg=0.664659), pairs_step=12157, pairs_total=972315
[2026-02-28 14:21:58,671] INFO:fitness.free_loss_fidelity: RL4CO free-loss step 100/200: score=7.794527 (avg=7.836392), loss=0.665558 (avg=0.664848), pairs_step=12152, pairs_total=1215364
[2026-02-28 14:21:58,671] INFO:fitness.free_loss_fidelity: RL4CO free-loss step 100/200: score=7.794527 (avg=7.836392), loss=0.665558 (avg=0.664848), pairs_step=12152, pairs_total=1215364
[2026-02-28 14:22:05,413] INFO:fitness.free_loss_fidelity: RL4CO free-loss step 120/200: score=7.812865 (avg=7.838543), loss=0.663720 (avg=0.665153), pairs_step=12145, pairs_total=1458401
[2026-02-28 14:22:05,413] INFO:fitness.free_loss_fidelity: RL4CO free-loss step 120/200: score=7.812865 (avg=7.838543), loss=0.663720 (avg=0.665153), pairs_step=12145, pairs_total=1458401
[2026-02-28 14:22:12,141] INFO:fitness.free_loss_fidelity: RL4CO free-loss step 140/200: score=7.865909 (avg=7.839474), loss=0.667663 (avg=0.665316), pairs_step=12157, pairs_total=1701486
[2026-02-28 14:22:12,141] INFO:fitness.free_loss_fidelity: RL4CO free-loss step 140/200: score=7.865909 (avg=7.839474), loss=0.667663 (avg=0.665316), pairs_step=12157, pairs_total=1701486
[2026-02-28 14:22:18,845] INFO:fitness.free_loss_fidelity: RL4CO free-loss step 160/200: score=7.844848 (avg=7.839770), loss=0.662227 (avg=0.665559), pairs_step=12156, pairs_total=1944554
[2026-02-28 14:22:18,845] INFO:fitness.free_loss_fidelity: RL4CO free-loss step 160/200: score=7.844848 (avg=7.839770), loss=0.662227 (avg=0.665559), pairs_step=12156, pairs_total=1944554
[2026-02-28 14:22:25,570] INFO:fitness.free_loss_fidelity: RL4CO free-loss step 180/200: score=7.821663 (avg=7.839000), loss=0.668129 (avg=0.665420), pairs_step=12155, pairs_total=2187627
[2026-02-28 14:22:25,570] INFO:fitness.free_loss_fidelity: RL4CO free-loss step 180/200: score=7.821663 (avg=7.839000), loss=0.668129 (avg=0.665420), pairs_step=12155, pairs_total=2187627
[2026-02-28 14:22:32,297] INFO:fitness.free_loss_fidelity: RL4CO free-loss step 200/200: score=7.851307 (avg=7.838051), loss=0.667746 (avg=0.665389), pairs_step=12156, pairs_total=2430725
[2026-02-28 14:22:32,297] INFO:fitness.free_loss_fidelity: RL4CO free-loss step 200/200: score=7.851307 (avg=7.838051), loss=0.667746 (avg=0.665389), pairs_step=12156, pairs_total=2430725
[2026-02-28 14:22:33,929] WARNING:fitness.free_loss_fidelity: weights_only checkpoint load failed (UnpicklingError); retrying weights_only=False for /data1/gushengda/eam-rl4co/baseline/epoch_409.ckpt
[2026-02-28 14:22:33,929] WARNING:fitness.free_loss_fidelity: weights_only checkpoint load failed (UnpicklingError); retrying weights_only=False for /data1/gushengda/eam-rl4co/baseline/epoch_409.ckpt
[2026-02-28 14:22:33,974] INFO:fitness.free_loss_fidelity: Loaded init checkpoint into policy: path=/data1/gushengda/eam-rl4co/baseline/epoch_409.ckpt prefix=policy. matched=97 missing=0 unexpected=0
[2026-02-28 14:22:33,974] INFO:fitness.free_loss_fidelity: Loaded init checkpoint into policy: path=/data1/gushengda/eam-rl4co/baseline/epoch_409.ckpt prefix=policy. matched=97 missing=0 unexpected=0
[2026-02-28 14:22:33,980] INFO:fitness.free_loss_fidelity: RL4CO free-loss (step-mode): f1_steps=200, f2_steps=0, total_steps=200, train_problem_size=100, rollouts=20, batch_size=64, device=cuda:1, env=tsp
[2026-02-28 14:22:33,980] INFO:fitness.free_loss_fidelity: RL4CO free-loss (step-mode): f1_steps=200, f2_steps=0, total_steps=200, train_problem_size=100, rollouts=20, batch_size=64, device=cuda:1, env=tsp
[2026-02-28 14:22:34,346] INFO:fitness.free_loss_fidelity: RL4CO free-loss step 1/200: score=7.826895 (avg=7.826895), loss=0.212921 (avg=0.212921), pairs_step=12149, pairs_total=12149
[2026-02-28 14:22:34,346] INFO:fitness.free_loss_fidelity: RL4CO free-loss step 1/200: score=7.826895 (avg=7.826895), loss=0.212921 (avg=0.212921), pairs_step=12149, pairs_total=12149
[2026-02-28 14:22:40,750] INFO:fitness.free_loss_fidelity: RL4CO free-loss step 20/200: score=7.808519 (avg=7.839999), loss=0.191036 (avg=0.193950), pairs_step=12152, pairs_total=243073
[2026-02-28 14:22:40,750] INFO:fitness.free_loss_fidelity: RL4CO free-loss step 20/200: score=7.808519 (avg=7.839999), loss=0.191036 (avg=0.193950), pairs_step=12152, pairs_total=243073
[2026-02-28 14:22:47,484] INFO:fitness.free_loss_fidelity: RL4CO free-loss step 40/200: score=7.857004 (avg=7.836069), loss=0.183815 (avg=0.191034), pairs_step=12158, pairs_total=486180
[2026-02-28 14:22:47,484] INFO:fitness.free_loss_fidelity: RL4CO free-loss step 40/200: score=7.857004 (avg=7.836069), loss=0.183815 (avg=0.191034), pairs_step=12158, pairs_total=486180
[2026-02-28 14:22:54,226] INFO:fitness.free_loss_fidelity: RL4CO free-loss step 60/200: score=7.846817 (avg=7.834093), loss=0.188002 (avg=0.188764), pairs_step=12153, pairs_total=729258
[2026-02-28 14:22:54,226] INFO:fitness.free_loss_fidelity: RL4CO free-loss step 60/200: score=7.846817 (avg=7.834093), loss=0.188002 (avg=0.188764), pairs_step=12153, pairs_total=729258
[2026-02-28 14:23:00,957] INFO:fitness.free_loss_fidelity: RL4CO free-loss step 80/200: score=7.832997 (avg=7.833313), loss=0.190333 (avg=0.188407), pairs_step=12159, pairs_total=972375
[2026-02-28 14:23:00,957] INFO:fitness.free_loss_fidelity: RL4CO free-loss step 80/200: score=7.832997 (avg=7.833313), loss=0.190333 (avg=0.188407), pairs_step=12159, pairs_total=972375
[2026-02-28 14:23:07,673] INFO:fitness.free_loss_fidelity: RL4CO free-loss step 100/200: score=7.797170 (avg=7.834602), loss=0.201344 (avg=0.189152), pairs_step=12146, pairs_total=1215470
[2026-02-28 14:23:07,673] INFO:fitness.free_loss_fidelity: RL4CO free-loss step 100/200: score=7.797170 (avg=7.834602), loss=0.201344 (avg=0.189152), pairs_step=12146, pairs_total=1215470
[2026-02-28 14:23:14,370] INFO:fitness.free_loss_fidelity: RL4CO free-loss step 120/200: score=7.815237 (avg=7.835713), loss=0.189437 (avg=0.189650), pairs_step=12154, pairs_total=1458552
[2026-02-28 14:23:14,370] INFO:fitness.free_loss_fidelity: RL4CO free-loss step 120/200: score=7.815237 (avg=7.835713), loss=0.189437 (avg=0.189650), pairs_step=12154, pairs_total=1458552
[2026-02-28 14:23:21,076] INFO:fitness.free_loss_fidelity: RL4CO free-loss step 140/200: score=7.863005 (avg=7.837073), loss=0.193475 (avg=0.190141), pairs_step=12150, pairs_total=1701615
[2026-02-28 14:23:21,076] INFO:fitness.free_loss_fidelity: RL4CO free-loss step 140/200: score=7.863005 (avg=7.837073), loss=0.193475 (avg=0.190141), pairs_step=12150, pairs_total=1701615
[2026-02-28 14:23:27,793] INFO:fitness.free_loss_fidelity: RL4CO free-loss step 160/200: score=7.830878 (avg=7.837504), loss=0.215738 (avg=0.192059), pairs_step=12147, pairs_total=1944664
[2026-02-28 14:23:27,793] INFO:fitness.free_loss_fidelity: RL4CO free-loss step 160/200: score=7.830878 (avg=7.837504), loss=0.215738 (avg=0.192059), pairs_step=12147, pairs_total=1944664
[2026-02-28 14:23:34,503] INFO:fitness.free_loss_fidelity: RL4CO free-loss step 180/200: score=7.825612 (avg=7.836567), loss=0.200036 (avg=0.193830), pairs_step=12147, pairs_total=2187752
[2026-02-28 14:23:34,503] INFO:fitness.free_loss_fidelity: RL4CO free-loss step 180/200: score=7.825612 (avg=7.836567), loss=0.200036 (avg=0.193830), pairs_step=12147, pairs_total=2187752
[2026-02-28 14:23:41,214] INFO:fitness.free_loss_fidelity: RL4CO free-loss step 200/200: score=7.847494 (avg=7.835338), loss=0.205093 (avg=0.195482), pairs_step=12158, pairs_total=2430838
[2026-02-28 14:23:41,214] INFO:fitness.free_loss_fidelity: RL4CO free-loss step 200/200: score=7.847494 (avg=7.835338), loss=0.205093 (avg=0.195482), pairs_step=12158, pairs_total=2430838
