[2026-02-28 14:06:33,081] INFO:fitness.free_loss_fidelity: Stage3 offline mini-train start gen=5 pair_index=23 K=200 seed=12345 valid_sizes=[20, 100] baseline_json=baseline/mini_eval/baseline_minitrain_tsp100_K200.json
[2026-02-28 14:06:33,081] INFO:fitness.free_loss_fidelity: Stage3 offline mini-train start gen=5 pair_index=23 K=200 seed=12345 valid_sizes=[20, 100] baseline_json=baseline/mini_eval/baseline_minitrain_tsp100_K200.json
[2026-02-28 14:06:33,101] INFO:fitness.free_loss_fidelity: RL4CO free-loss (step-mode): f1_steps=200, f2_steps=0, total_steps=200, train_problem_size=100, rollouts=20, batch_size=64, device=cuda:1, env=tsp
[2026-02-28 14:06:33,101] INFO:fitness.free_loss_fidelity: RL4CO free-loss (step-mode): f1_steps=200, f2_steps=0, total_steps=200, train_problem_size=100, rollouts=20, batch_size=64, device=cuda:1, env=tsp
[2026-02-28 14:06:33,435] INFO:fitness.free_loss_fidelity: RL4CO free-loss step 1/200: score=36.626595 (avg=36.626595), loss=0.795077 (avg=0.795077), pairs_step=12160, pairs_total=12160
[2026-02-28 14:06:33,435] INFO:fitness.free_loss_fidelity: RL4CO free-loss step 1/200: score=36.626595 (avg=36.626595), loss=0.795077 (avg=0.795077), pairs_step=12160, pairs_total=12160
[2026-02-28 14:06:39,797] INFO:fitness.free_loss_fidelity: RL4CO free-loss step 20/200: score=10.436667 (avg=13.416273), loss=0.600207 (avg=0.618236), pairs_step=12160, pairs_total=243200
[2026-02-28 14:06:39,797] INFO:fitness.free_loss_fidelity: RL4CO free-loss step 20/200: score=10.436667 (avg=13.416273), loss=0.600207 (avg=0.618236), pairs_step=12160, pairs_total=243200
[2026-02-28 14:06:46,469] INFO:fitness.free_loss_fidelity: RL4CO free-loss step 40/200: score=9.881891 (avg=11.714535), loss=0.587120 (avg=0.606252), pairs_step=12160, pairs_total=486400
[2026-02-28 14:06:46,469] INFO:fitness.free_loss_fidelity: RL4CO free-loss step 40/200: score=9.881891 (avg=11.714535), loss=0.587120 (avg=0.606252), pairs_step=12160, pairs_total=486400
[2026-02-28 14:06:53,147] INFO:fitness.free_loss_fidelity: RL4CO free-loss step 60/200: score=9.714377 (avg=11.064001), loss=0.590271 (avg=0.599620), pairs_step=12160, pairs_total=729600
[2026-02-28 14:06:53,147] INFO:fitness.free_loss_fidelity: RL4CO free-loss step 60/200: score=9.714377 (avg=11.064001), loss=0.590271 (avg=0.599620), pairs_step=12160, pairs_total=729600
[2026-02-28 14:06:59,809] INFO:fitness.free_loss_fidelity: RL4CO free-loss step 80/200: score=9.525881 (avg=10.689292), loss=0.574091 (avg=0.596068), pairs_step=12160, pairs_total=972799
[2026-02-28 14:06:59,809] INFO:fitness.free_loss_fidelity: RL4CO free-loss step 80/200: score=9.525881 (avg=10.689292), loss=0.574091 (avg=0.596068), pairs_step=12160, pairs_total=972799
[2026-02-28 14:07:06,473] INFO:fitness.free_loss_fidelity: RL4CO free-loss step 100/200: score=9.410547 (avg=10.449765), loss=0.590793 (avg=0.592451), pairs_step=12160, pairs_total=1215999
[2026-02-28 14:07:06,473] INFO:fitness.free_loss_fidelity: RL4CO free-loss step 100/200: score=9.410547 (avg=10.449765), loss=0.590793 (avg=0.592451), pairs_step=12160, pairs_total=1215999
[2026-02-28 14:07:13,136] INFO:fitness.free_loss_fidelity: RL4CO free-loss step 120/200: score=9.310171 (avg=10.281125), loss=0.578936 (avg=0.590435), pairs_step=12160, pairs_total=1459199
[2026-02-28 14:07:13,136] INFO:fitness.free_loss_fidelity: RL4CO free-loss step 120/200: score=9.310171 (avg=10.281125), loss=0.578936 (avg=0.590435), pairs_step=12160, pairs_total=1459199
[2026-02-28 14:07:19,799] INFO:fitness.free_loss_fidelity: RL4CO free-loss step 140/200: score=9.307175 (avg=10.139306), loss=0.578221 (avg=0.589508), pairs_step=12160, pairs_total=1702399
[2026-02-28 14:07:19,799] INFO:fitness.free_loss_fidelity: RL4CO free-loss step 140/200: score=9.307175 (avg=10.139306), loss=0.578221 (avg=0.589508), pairs_step=12160, pairs_total=1702399
[2026-02-28 14:07:26,462] INFO:fitness.free_loss_fidelity: RL4CO free-loss step 160/200: score=9.230661 (avg=10.026457), loss=0.570859 (avg=0.587958), pairs_step=12160, pairs_total=1945599
[2026-02-28 14:07:26,462] INFO:fitness.free_loss_fidelity: RL4CO free-loss step 160/200: score=9.230661 (avg=10.026457), loss=0.570859 (avg=0.587958), pairs_step=12160, pairs_total=1945599
[2026-02-28 14:07:33,311] INFO:fitness.free_loss_fidelity: RL4CO free-loss step 180/200: score=9.169641 (avg=9.934245), loss=0.600803 (avg=0.587535), pairs_step=12160, pairs_total=2188799
[2026-02-28 14:07:33,311] INFO:fitness.free_loss_fidelity: RL4CO free-loss step 180/200: score=9.169641 (avg=9.934245), loss=0.600803 (avg=0.587535), pairs_step=12160, pairs_total=2188799
[2026-02-28 14:07:39,987] INFO:fitness.free_loss_fidelity: RL4CO free-loss step 200/200: score=9.126977 (avg=9.854136), loss=0.591151 (avg=0.587627), pairs_step=12160, pairs_total=2431999
[2026-02-28 14:07:39,987] INFO:fitness.free_loss_fidelity: RL4CO free-loss step 200/200: score=9.126977 (avg=9.854136), loss=0.591151 (avg=0.587627), pairs_step=12160, pairs_total=2431999
[2026-02-28 14:07:41,300] WARNING:fitness.free_loss_fidelity: weights_only checkpoint load failed (UnpicklingError); retrying weights_only=False for /data1/gushengda/eam-rl4co/baseline/epoch_135.ckpt
[2026-02-28 14:07:41,300] WARNING:fitness.free_loss_fidelity: weights_only checkpoint load failed (UnpicklingError); retrying weights_only=False for /data1/gushengda/eam-rl4co/baseline/epoch_135.ckpt
[2026-02-28 14:07:41,339] INFO:fitness.free_loss_fidelity: Loaded init checkpoint into policy: path=/data1/gushengda/eam-rl4co/baseline/epoch_135.ckpt prefix=policy. matched=97 missing=0 unexpected=0
[2026-02-28 14:07:41,339] INFO:fitness.free_loss_fidelity: Loaded init checkpoint into policy: path=/data1/gushengda/eam-rl4co/baseline/epoch_135.ckpt prefix=policy. matched=97 missing=0 unexpected=0
[2026-02-28 14:07:41,343] INFO:fitness.free_loss_fidelity: RL4CO free-loss (step-mode): f1_steps=200, f2_steps=0, total_steps=200, train_problem_size=100, rollouts=20, batch_size=64, device=cuda:1, env=tsp
[2026-02-28 14:07:41,343] INFO:fitness.free_loss_fidelity: RL4CO free-loss (step-mode): f1_steps=200, f2_steps=0, total_steps=200, train_problem_size=100, rollouts=20, batch_size=64, device=cuda:1, env=tsp
[2026-02-28 14:07:41,685] INFO:fitness.free_loss_fidelity: RL4CO free-loss step 1/200: score=7.825121 (avg=7.825121), loss=0.670121 (avg=0.670121), pairs_step=12151, pairs_total=12151
[2026-02-28 14:07:41,685] INFO:fitness.free_loss_fidelity: RL4CO free-loss step 1/200: score=7.825121 (avg=7.825121), loss=0.670121 (avg=0.670121), pairs_step=12151, pairs_total=12151
[2026-02-28 14:07:48,030] INFO:fitness.free_loss_fidelity: RL4CO free-loss step 20/200: score=7.817885 (avg=7.844609), loss=0.666426 (avg=0.664905), pairs_step=12156, pairs_total=243051
[2026-02-28 14:07:48,030] INFO:fitness.free_loss_fidelity: RL4CO free-loss step 20/200: score=7.817885 (avg=7.844609), loss=0.666426 (avg=0.664905), pairs_step=12156, pairs_total=243051
[2026-02-28 14:07:54,721] INFO:fitness.free_loss_fidelity: RL4CO free-loss step 40/200: score=7.853109 (avg=7.838663), loss=0.664429 (avg=0.665461), pairs_step=12156, pairs_total=486130
[2026-02-28 14:07:54,721] INFO:fitness.free_loss_fidelity: RL4CO free-loss step 40/200: score=7.853109 (avg=7.838663), loss=0.664429 (avg=0.665461), pairs_step=12156, pairs_total=486130
[2026-02-28 14:08:01,395] INFO:fitness.free_loss_fidelity: RL4CO free-loss step 60/200: score=7.841484 (avg=7.835022), loss=0.671739 (avg=0.665592), pairs_step=12153, pairs_total=729217
[2026-02-28 14:08:01,395] INFO:fitness.free_loss_fidelity: RL4CO free-loss step 60/200: score=7.841484 (avg=7.835022), loss=0.671739 (avg=0.665592), pairs_step=12153, pairs_total=729217
[2026-02-28 14:08:08,079] INFO:fitness.free_loss_fidelity: RL4CO free-loss step 80/200: score=7.830064 (avg=7.833652), loss=0.667573 (avg=0.665852), pairs_step=12147, pairs_total=972301
[2026-02-28 14:08:08,079] INFO:fitness.free_loss_fidelity: RL4CO free-loss step 80/200: score=7.830064 (avg=7.833652), loss=0.667573 (avg=0.665852), pairs_step=12147, pairs_total=972301
[2026-02-28 14:08:14,767] INFO:fitness.free_loss_fidelity: RL4CO free-loss step 100/200: score=7.797930 (avg=7.834427), loss=0.667321 (avg=0.665999), pairs_step=12155, pairs_total=1215396
[2026-02-28 14:08:14,767] INFO:fitness.free_loss_fidelity: RL4CO free-loss step 100/200: score=7.797930 (avg=7.834427), loss=0.667321 (avg=0.665999), pairs_step=12155, pairs_total=1215396
[2026-02-28 14:08:21,440] INFO:fitness.free_loss_fidelity: RL4CO free-loss step 120/200: score=7.814843 (avg=7.836408), loss=0.665982 (avg=0.666478), pairs_step=12154, pairs_total=1458476
[2026-02-28 14:08:21,440] INFO:fitness.free_loss_fidelity: RL4CO free-loss step 120/200: score=7.814843 (avg=7.836408), loss=0.665982 (avg=0.666478), pairs_step=12154, pairs_total=1458476
[2026-02-28 14:08:28,109] INFO:fitness.free_loss_fidelity: RL4CO free-loss step 140/200: score=7.865264 (avg=7.838102), loss=0.668879 (avg=0.666532), pairs_step=12155, pairs_total=1701592
[2026-02-28 14:08:28,109] INFO:fitness.free_loss_fidelity: RL4CO free-loss step 140/200: score=7.865264 (avg=7.838102), loss=0.668879 (avg=0.666532), pairs_step=12155, pairs_total=1701592
[2026-02-28 14:08:34,781] INFO:fitness.free_loss_fidelity: RL4CO free-loss step 160/200: score=7.829783 (avg=7.837654), loss=0.669746 (avg=0.666525), pairs_step=12154, pairs_total=1944659
[2026-02-28 14:08:34,781] INFO:fitness.free_loss_fidelity: RL4CO free-loss step 160/200: score=7.829783 (avg=7.837654), loss=0.669746 (avg=0.666525), pairs_step=12154, pairs_total=1944659
[2026-02-28 14:08:41,451] INFO:fitness.free_loss_fidelity: RL4CO free-loss step 180/200: score=7.831751 (avg=7.836678), loss=0.670457 (avg=0.666494), pairs_step=12158, pairs_total=2187753
[2026-02-28 14:08:41,451] INFO:fitness.free_loss_fidelity: RL4CO free-loss step 180/200: score=7.831751 (avg=7.836678), loss=0.670457 (avg=0.666494), pairs_step=12158, pairs_total=2187753
[2026-02-28 14:08:48,130] INFO:fitness.free_loss_fidelity: RL4CO free-loss step 200/200: score=7.856065 (avg=7.835711), loss=0.658228 (avg=0.666262), pairs_step=12159, pairs_total=2430853
[2026-02-28 14:08:48,130] INFO:fitness.free_loss_fidelity: RL4CO free-loss step 200/200: score=7.856065 (avg=7.835711), loss=0.658228 (avg=0.666262), pairs_step=12159, pairs_total=2430853
[2026-02-28 14:08:49,441] WARNING:fitness.free_loss_fidelity: weights_only checkpoint load failed (UnpicklingError); retrying weights_only=False for /data1/gushengda/eam-rl4co/baseline/epoch_409.ckpt
[2026-02-28 14:08:49,441] WARNING:fitness.free_loss_fidelity: weights_only checkpoint load failed (UnpicklingError); retrying weights_only=False for /data1/gushengda/eam-rl4co/baseline/epoch_409.ckpt
[2026-02-28 14:08:49,473] INFO:fitness.free_loss_fidelity: Loaded init checkpoint into policy: path=/data1/gushengda/eam-rl4co/baseline/epoch_409.ckpt prefix=policy. matched=97 missing=0 unexpected=0
[2026-02-28 14:08:49,473] INFO:fitness.free_loss_fidelity: Loaded init checkpoint into policy: path=/data1/gushengda/eam-rl4co/baseline/epoch_409.ckpt prefix=policy. matched=97 missing=0 unexpected=0
[2026-02-28 14:08:49,477] INFO:fitness.free_loss_fidelity: RL4CO free-loss (step-mode): f1_steps=200, f2_steps=0, total_steps=200, train_problem_size=100, rollouts=20, batch_size=64, device=cuda:1, env=tsp
[2026-02-28 14:08:49,477] INFO:fitness.free_loss_fidelity: RL4CO free-loss (step-mode): f1_steps=200, f2_steps=0, total_steps=200, train_problem_size=100, rollouts=20, batch_size=64, device=cuda:1, env=tsp
[2026-02-28 14:08:49,821] INFO:fitness.free_loss_fidelity: RL4CO free-loss step 1/200: score=7.826895 (avg=7.826895), loss=0.212921 (avg=0.212921), pairs_step=12149, pairs_total=12149
[2026-02-28 14:08:49,821] INFO:fitness.free_loss_fidelity: RL4CO free-loss step 1/200: score=7.826895 (avg=7.826895), loss=0.212921 (avg=0.212921), pairs_step=12149, pairs_total=12149
[2026-02-28 14:08:56,181] INFO:fitness.free_loss_fidelity: RL4CO free-loss step 20/200: score=7.815605 (avg=7.840853), loss=0.212461 (avg=0.208297), pairs_step=12149, pairs_total=243044
[2026-02-28 14:08:56,181] INFO:fitness.free_loss_fidelity: RL4CO free-loss step 20/200: score=7.815605 (avg=7.840853), loss=0.212461 (avg=0.208297), pairs_step=12149, pairs_total=243044
[2026-02-28 14:09:02,874] INFO:fitness.free_loss_fidelity: RL4CO free-loss step 40/200: score=7.858807 (avg=7.837974), loss=0.205343 (avg=0.210157), pairs_step=12154, pairs_total=486125
[2026-02-28 14:09:02,874] INFO:fitness.free_loss_fidelity: RL4CO free-loss step 40/200: score=7.858807 (avg=7.837974), loss=0.205343 (avg=0.210157), pairs_step=12154, pairs_total=486125
[2026-02-28 14:09:09,539] INFO:fitness.free_loss_fidelity: RL4CO free-loss step 60/200: score=7.840636 (avg=7.834543), loss=0.219102 (avg=0.210256), pairs_step=12132, pairs_total=729136
[2026-02-28 14:09:09,539] INFO:fitness.free_loss_fidelity: RL4CO free-loss step 60/200: score=7.840636 (avg=7.834543), loss=0.219102 (avg=0.210256), pairs_step=12132, pairs_total=729136
[2026-02-28 14:09:16,208] INFO:fitness.free_loss_fidelity: RL4CO free-loss step 80/200: score=7.822760 (avg=7.832488), loss=0.198105 (avg=0.208494), pairs_step=12156, pairs_total=972173
[2026-02-28 14:09:16,208] INFO:fitness.free_loss_fidelity: RL4CO free-loss step 80/200: score=7.822760 (avg=7.832488), loss=0.198105 (avg=0.208494), pairs_step=12156, pairs_total=972173
[2026-02-28 14:09:22,880] INFO:fitness.free_loss_fidelity: RL4CO free-loss step 100/200: score=7.784904 (avg=7.832586), loss=0.209785 (avg=0.206519), pairs_step=12153, pairs_total=1215217
[2026-02-28 14:09:22,880] INFO:fitness.free_loss_fidelity: RL4CO free-loss step 100/200: score=7.784904 (avg=7.832586), loss=0.209785 (avg=0.206519), pairs_step=12153, pairs_total=1215217
[2026-02-28 14:09:29,537] INFO:fitness.free_loss_fidelity: RL4CO free-loss step 120/200: score=7.809681 (avg=7.833664), loss=0.196544 (avg=0.205696), pairs_step=12155, pairs_total=1458264
[2026-02-28 14:09:29,537] INFO:fitness.free_loss_fidelity: RL4CO free-loss step 120/200: score=7.809681 (avg=7.833664), loss=0.196544 (avg=0.205696), pairs_step=12155, pairs_total=1458264
[2026-02-28 14:09:36,212] INFO:fitness.free_loss_fidelity: RL4CO free-loss step 140/200: score=7.860039 (avg=7.835319), loss=0.195367 (avg=0.204879), pairs_step=12151, pairs_total=1701323
[2026-02-28 14:09:36,212] INFO:fitness.free_loss_fidelity: RL4CO free-loss step 140/200: score=7.860039 (avg=7.835319), loss=0.195367 (avg=0.204879), pairs_step=12151, pairs_total=1701323
[2026-02-28 14:09:42,885] INFO:fitness.free_loss_fidelity: RL4CO free-loss step 160/200: score=7.834611 (avg=7.834420), loss=0.216621 (avg=0.204620), pairs_step=12153, pairs_total=1944360
[2026-02-28 14:09:42,885] INFO:fitness.free_loss_fidelity: RL4CO free-loss step 160/200: score=7.834611 (avg=7.834420), loss=0.216621 (avg=0.204620), pairs_step=12153, pairs_total=1944360
[2026-02-28 14:09:49,544] INFO:fitness.free_loss_fidelity: RL4CO free-loss step 180/200: score=7.833508 (avg=7.833336), loss=0.204766 (avg=0.205180), pairs_step=12153, pairs_total=2187419
[2026-02-28 14:09:49,544] INFO:fitness.free_loss_fidelity: RL4CO free-loss step 180/200: score=7.833508 (avg=7.833336), loss=0.204766 (avg=0.205180), pairs_step=12153, pairs_total=2187419
[2026-02-28 14:09:56,210] INFO:fitness.free_loss_fidelity: RL4CO free-loss step 200/200: score=7.852221 (avg=7.832424), loss=0.199728 (avg=0.205551), pairs_step=12153, pairs_total=2430493
[2026-02-28 14:09:56,210] INFO:fitness.free_loss_fidelity: RL4CO free-loss step 200/200: score=7.852221 (avg=7.832424), loss=0.199728 (avg=0.205551), pairs_step=12153, pairs_total=2430493
