[2026-02-28 13:21:10,470] INFO:fitness.free_loss_fidelity: Stage3 offline mini-train start gen=3 pair_index=16 K=200 seed=12345 valid_sizes=[20, 100] baseline_json=baseline/mini_eval/baseline_minitrain_tsp100_K200.json
[2026-02-28 13:21:10,470] INFO:fitness.free_loss_fidelity: Stage3 offline mini-train start gen=3 pair_index=16 K=200 seed=12345 valid_sizes=[20, 100] baseline_json=baseline/mini_eval/baseline_minitrain_tsp100_K200.json
[2026-02-28 13:21:10,490] INFO:fitness.free_loss_fidelity: RL4CO free-loss (step-mode): f1_steps=200, f2_steps=0, total_steps=200, train_problem_size=100, rollouts=20, batch_size=64, device=cuda:0, env=tsp
[2026-02-28 13:21:10,490] INFO:fitness.free_loss_fidelity: RL4CO free-loss (step-mode): f1_steps=200, f2_steps=0, total_steps=200, train_problem_size=100, rollouts=20, batch_size=64, device=cuda:0, env=tsp
[2026-02-28 13:21:10,852] INFO:fitness.free_loss_fidelity: RL4CO free-loss step 1/200: score=36.626595 (avg=36.626595), loss=0.835711 (avg=0.835711), pairs_step=12160, pairs_total=12160
[2026-02-28 13:21:10,852] INFO:fitness.free_loss_fidelity: RL4CO free-loss step 1/200: score=36.626595 (avg=36.626595), loss=0.835711 (avg=0.835711), pairs_step=12160, pairs_total=12160
[2026-02-28 13:21:16,878] INFO:fitness.free_loss_fidelity: RL4CO free-loss step 20/200: score=10.653088 (avg=13.547327), loss=0.626510 (avg=0.642480), pairs_step=12160, pairs_total=243200
[2026-02-28 13:21:16,878] INFO:fitness.free_loss_fidelity: RL4CO free-loss step 20/200: score=10.653088 (avg=13.547327), loss=0.626510 (avg=0.642480), pairs_step=12160, pairs_total=243200
[2026-02-28 13:21:23,226] INFO:fitness.free_loss_fidelity: RL4CO free-loss step 40/200: score=9.938911 (avg=11.855688), loss=0.611856 (avg=0.631685), pairs_step=12160, pairs_total=486400
[2026-02-28 13:21:23,226] INFO:fitness.free_loss_fidelity: RL4CO free-loss step 40/200: score=9.938911 (avg=11.855688), loss=0.611856 (avg=0.631685), pairs_step=12160, pairs_total=486400
[2026-02-28 13:21:29,575] INFO:fitness.free_loss_fidelity: RL4CO free-loss step 60/200: score=9.711267 (avg=11.157907), loss=0.597218 (avg=0.624043), pairs_step=12160, pairs_total=729599
[2026-02-28 13:21:29,575] INFO:fitness.free_loss_fidelity: RL4CO free-loss step 60/200: score=9.711267 (avg=11.157907), loss=0.597218 (avg=0.624043), pairs_step=12160, pairs_total=729599
[2026-02-28 13:21:35,933] INFO:fitness.free_loss_fidelity: RL4CO free-loss step 80/200: score=9.423872 (avg=10.761406), loss=0.597602 (avg=0.618179), pairs_step=12160, pairs_total=972799
[2026-02-28 13:21:35,933] INFO:fitness.free_loss_fidelity: RL4CO free-loss step 80/200: score=9.423872 (avg=10.761406), loss=0.597602 (avg=0.618179), pairs_step=12160, pairs_total=972799
[2026-02-28 13:21:42,306] INFO:fitness.free_loss_fidelity: RL4CO free-loss step 100/200: score=9.410078 (avg=10.500372), loss=0.611776 (avg=0.614777), pairs_step=12160, pairs_total=1215999
[2026-02-28 13:21:42,306] INFO:fitness.free_loss_fidelity: RL4CO free-loss step 100/200: score=9.410078 (avg=10.500372), loss=0.611776 (avg=0.614777), pairs_step=12160, pairs_total=1215999
[2026-02-28 13:21:48,650] INFO:fitness.free_loss_fidelity: RL4CO free-loss step 120/200: score=9.294558 (avg=10.319930), loss=0.581935 (avg=0.610722), pairs_step=12160, pairs_total=1459199
[2026-02-28 13:21:48,650] INFO:fitness.free_loss_fidelity: RL4CO free-loss step 120/200: score=9.294558 (avg=10.319930), loss=0.581935 (avg=0.610722), pairs_step=12160, pairs_total=1459199
[2026-02-28 13:21:55,014] INFO:fitness.free_loss_fidelity: RL4CO free-loss step 140/200: score=9.325364 (avg=10.176076), loss=0.579049 (avg=0.606535), pairs_step=12160, pairs_total=1702399
[2026-02-28 13:21:55,014] INFO:fitness.free_loss_fidelity: RL4CO free-loss step 140/200: score=9.325364 (avg=10.176076), loss=0.579049 (avg=0.606535), pairs_step=12160, pairs_total=1702399
[2026-02-28 13:22:01,365] INFO:fitness.free_loss_fidelity: RL4CO free-loss step 160/200: score=9.184673 (avg=10.057134), loss=0.595929 (avg=0.604228), pairs_step=12160, pairs_total=1945599
[2026-02-28 13:22:01,365] INFO:fitness.free_loss_fidelity: RL4CO free-loss step 160/200: score=9.184673 (avg=10.057134), loss=0.595929 (avg=0.604228), pairs_step=12160, pairs_total=1945599
[2026-02-28 13:22:07,723] INFO:fitness.free_loss_fidelity: RL4CO free-loss step 180/200: score=9.149844 (avg=9.957665), loss=0.571668 (avg=0.602134), pairs_step=12160, pairs_total=2188798
[2026-02-28 13:22:07,723] INFO:fitness.free_loss_fidelity: RL4CO free-loss step 180/200: score=9.149844 (avg=9.957665), loss=0.571668 (avg=0.602134), pairs_step=12160, pairs_total=2188798
[2026-02-28 13:22:14,068] INFO:fitness.free_loss_fidelity: RL4CO free-loss step 200/200: score=9.147656 (avg=9.874615), loss=0.581889 (avg=0.600845), pairs_step=12160, pairs_total=2431998
[2026-02-28 13:22:14,068] INFO:fitness.free_loss_fidelity: RL4CO free-loss step 200/200: score=9.147656 (avg=9.874615), loss=0.581889 (avg=0.600845), pairs_step=12160, pairs_total=2431998
[2026-02-28 13:22:15,622] WARNING:fitness.free_loss_fidelity: weights_only checkpoint load failed (UnpicklingError); retrying weights_only=False for /data1/gushengda/eam-rl4co/baseline/epoch_135.ckpt
[2026-02-28 13:22:15,622] WARNING:fitness.free_loss_fidelity: weights_only checkpoint load failed (UnpicklingError); retrying weights_only=False for /data1/gushengda/eam-rl4co/baseline/epoch_135.ckpt
[2026-02-28 13:22:15,667] INFO:fitness.free_loss_fidelity: Loaded init checkpoint into policy: path=/data1/gushengda/eam-rl4co/baseline/epoch_135.ckpt prefix=policy. matched=97 missing=0 unexpected=0
[2026-02-28 13:22:15,667] INFO:fitness.free_loss_fidelity: Loaded init checkpoint into policy: path=/data1/gushengda/eam-rl4co/baseline/epoch_135.ckpt prefix=policy. matched=97 missing=0 unexpected=0
[2026-02-28 13:22:15,672] INFO:fitness.free_loss_fidelity: RL4CO free-loss (step-mode): f1_steps=200, f2_steps=0, total_steps=200, train_problem_size=100, rollouts=20, batch_size=64, device=cuda:0, env=tsp
[2026-02-28 13:22:15,672] INFO:fitness.free_loss_fidelity: RL4CO free-loss (step-mode): f1_steps=200, f2_steps=0, total_steps=200, train_problem_size=100, rollouts=20, batch_size=64, device=cuda:0, env=tsp
[2026-02-28 13:22:16,018] INFO:fitness.free_loss_fidelity: RL4CO free-loss step 1/200: score=7.825121 (avg=7.825121), loss=0.675088 (avg=0.675088), pairs_step=12151, pairs_total=12151
[2026-02-28 13:22:16,018] INFO:fitness.free_loss_fidelity: RL4CO free-loss step 1/200: score=7.825121 (avg=7.825121), loss=0.675088 (avg=0.675088), pairs_step=12151, pairs_total=12151
[2026-02-28 13:22:22,056] INFO:fitness.free_loss_fidelity: RL4CO free-loss step 20/200: score=7.828615 (avg=7.844129), loss=0.669507 (avg=0.670242), pairs_step=12155, pairs_total=243046
[2026-02-28 13:22:22,056] INFO:fitness.free_loss_fidelity: RL4CO free-loss step 20/200: score=7.828615 (avg=7.844129), loss=0.669507 (avg=0.670242), pairs_step=12155, pairs_total=243046
[2026-02-28 13:22:28,429] INFO:fitness.free_loss_fidelity: RL4CO free-loss step 40/200: score=7.853399 (avg=7.838003), loss=0.670395 (avg=0.671358), pairs_step=12153, pairs_total=486103
[2026-02-28 13:22:28,429] INFO:fitness.free_loss_fidelity: RL4CO free-loss step 40/200: score=7.853399 (avg=7.838003), loss=0.670395 (avg=0.671358), pairs_step=12153, pairs_total=486103
[2026-02-28 13:22:34,793] INFO:fitness.free_loss_fidelity: RL4CO free-loss step 60/200: score=7.842716 (avg=7.833666), loss=0.667367 (avg=0.671565), pairs_step=12148, pairs_total=729185
[2026-02-28 13:22:34,793] INFO:fitness.free_loss_fidelity: RL4CO free-loss step 60/200: score=7.842716 (avg=7.833666), loss=0.667367 (avg=0.671565), pairs_step=12148, pairs_total=729185
[2026-02-28 13:22:41,142] INFO:fitness.free_loss_fidelity: RL4CO free-loss step 80/200: score=7.843081 (avg=7.833709), loss=0.673078 (avg=0.671493), pairs_step=12157, pairs_total=972268
[2026-02-28 13:22:41,142] INFO:fitness.free_loss_fidelity: RL4CO free-loss step 80/200: score=7.843081 (avg=7.833709), loss=0.673078 (avg=0.671493), pairs_step=12157, pairs_total=972268
[2026-02-28 13:22:47,504] INFO:fitness.free_loss_fidelity: RL4CO free-loss step 100/200: score=7.798149 (avg=7.835560), loss=0.673576 (avg=0.671993), pairs_step=12156, pairs_total=1215339
[2026-02-28 13:22:47,504] INFO:fitness.free_loss_fidelity: RL4CO free-loss step 100/200: score=7.798149 (avg=7.835560), loss=0.673576 (avg=0.671993), pairs_step=12156, pairs_total=1215339
[2026-02-28 13:22:53,855] INFO:fitness.free_loss_fidelity: RL4CO free-loss step 120/200: score=7.815164 (avg=7.837501), loss=0.672692 (avg=0.672079), pairs_step=12155, pairs_total=1458420
[2026-02-28 13:22:53,855] INFO:fitness.free_loss_fidelity: RL4CO free-loss step 120/200: score=7.815164 (avg=7.837501), loss=0.672692 (avg=0.672079), pairs_step=12155, pairs_total=1458420
[2026-02-28 13:23:00,189] INFO:fitness.free_loss_fidelity: RL4CO free-loss step 140/200: score=7.859575 (avg=7.838632), loss=0.670974 (avg=0.672401), pairs_step=12157, pairs_total=1701513
[2026-02-28 13:23:00,189] INFO:fitness.free_loss_fidelity: RL4CO free-loss step 140/200: score=7.859575 (avg=7.838632), loss=0.670974 (avg=0.672401), pairs_step=12157, pairs_total=1701513
[2026-02-28 13:23:06,546] INFO:fitness.free_loss_fidelity: RL4CO free-loss step 160/200: score=7.833797 (avg=7.838014), loss=0.676097 (avg=0.672359), pairs_step=12156, pairs_total=1944580
[2026-02-28 13:23:06,546] INFO:fitness.free_loss_fidelity: RL4CO free-loss step 160/200: score=7.833797 (avg=7.838014), loss=0.676097 (avg=0.672359), pairs_step=12156, pairs_total=1944580
[2026-02-28 13:23:12,890] INFO:fitness.free_loss_fidelity: RL4CO free-loss step 180/200: score=7.831055 (avg=7.837163), loss=0.674940 (avg=0.672495), pairs_step=12154, pairs_total=2187667
[2026-02-28 13:23:12,890] INFO:fitness.free_loss_fidelity: RL4CO free-loss step 180/200: score=7.831055 (avg=7.837163), loss=0.674940 (avg=0.672495), pairs_step=12154, pairs_total=2187667
[2026-02-28 13:23:19,250] INFO:fitness.free_loss_fidelity: RL4CO free-loss step 200/200: score=7.849419 (avg=7.836241), loss=0.672964 (avg=0.672655), pairs_step=12155, pairs_total=2430713
[2026-02-28 13:23:19,250] INFO:fitness.free_loss_fidelity: RL4CO free-loss step 200/200: score=7.849419 (avg=7.836241), loss=0.672964 (avg=0.672655), pairs_step=12155, pairs_total=2430713
[2026-02-28 13:23:20,802] WARNING:fitness.free_loss_fidelity: weights_only checkpoint load failed (UnpicklingError); retrying weights_only=False for /data1/gushengda/eam-rl4co/baseline/epoch_409.ckpt
[2026-02-28 13:23:20,802] WARNING:fitness.free_loss_fidelity: weights_only checkpoint load failed (UnpicklingError); retrying weights_only=False for /data1/gushengda/eam-rl4co/baseline/epoch_409.ckpt
[2026-02-28 13:23:20,839] INFO:fitness.free_loss_fidelity: Loaded init checkpoint into policy: path=/data1/gushengda/eam-rl4co/baseline/epoch_409.ckpt prefix=policy. matched=97 missing=0 unexpected=0
[2026-02-28 13:23:20,839] INFO:fitness.free_loss_fidelity: Loaded init checkpoint into policy: path=/data1/gushengda/eam-rl4co/baseline/epoch_409.ckpt prefix=policy. matched=97 missing=0 unexpected=0
[2026-02-28 13:23:20,845] INFO:fitness.free_loss_fidelity: RL4CO free-loss (step-mode): f1_steps=200, f2_steps=0, total_steps=200, train_problem_size=100, rollouts=20, batch_size=64, device=cuda:0, env=tsp
[2026-02-28 13:23:20,845] INFO:fitness.free_loss_fidelity: RL4CO free-loss (step-mode): f1_steps=200, f2_steps=0, total_steps=200, train_problem_size=100, rollouts=20, batch_size=64, device=cuda:0, env=tsp
[2026-02-28 13:23:21,191] INFO:fitness.free_loss_fidelity: RL4CO free-loss step 1/200: score=7.826895 (avg=7.826895), loss=0.220720 (avg=0.220720), pairs_step=12149, pairs_total=12149
[2026-02-28 13:23:21,191] INFO:fitness.free_loss_fidelity: RL4CO free-loss step 1/200: score=7.826895 (avg=7.826895), loss=0.220720 (avg=0.220720), pairs_step=12149, pairs_total=12149
[2026-02-28 13:23:27,282] INFO:fitness.free_loss_fidelity: RL4CO free-loss step 20/200: score=7.815538 (avg=7.841178), loss=0.197410 (avg=0.203312), pairs_step=12156, pairs_total=243093
[2026-02-28 13:23:27,282] INFO:fitness.free_loss_fidelity: RL4CO free-loss step 20/200: score=7.815538 (avg=7.841178), loss=0.197410 (avg=0.203312), pairs_step=12156, pairs_total=243093
[2026-02-28 13:23:33,630] INFO:fitness.free_loss_fidelity: RL4CO free-loss step 40/200: score=7.845272 (avg=7.835157), loss=0.214095 (avg=0.205446), pairs_step=12157, pairs_total=486179
[2026-02-28 13:23:33,630] INFO:fitness.free_loss_fidelity: RL4CO free-loss step 40/200: score=7.845272 (avg=7.835157), loss=0.214095 (avg=0.205446), pairs_step=12157, pairs_total=486179
[2026-02-28 13:23:39,992] INFO:fitness.free_loss_fidelity: RL4CO free-loss step 60/200: score=7.854738 (avg=7.832939), loss=0.217908 (avg=0.206946), pairs_step=12156, pairs_total=729284
[2026-02-28 13:23:39,992] INFO:fitness.free_loss_fidelity: RL4CO free-loss step 60/200: score=7.854738 (avg=7.832939), loss=0.217908 (avg=0.206946), pairs_step=12156, pairs_total=729284
[2026-02-28 13:23:46,351] INFO:fitness.free_loss_fidelity: RL4CO free-loss step 80/200: score=7.830473 (avg=7.833109), loss=0.208736 (avg=0.207663), pairs_step=12153, pairs_total=972360
[2026-02-28 13:23:46,351] INFO:fitness.free_loss_fidelity: RL4CO free-loss step 80/200: score=7.830473 (avg=7.833109), loss=0.208736 (avg=0.207663), pairs_step=12153, pairs_total=972360
[2026-02-28 13:23:52,708] INFO:fitness.free_loss_fidelity: RL4CO free-loss step 100/200: score=7.798549 (avg=7.834335), loss=0.220395 (avg=0.206998), pairs_step=12156, pairs_total=1215453
[2026-02-28 13:23:52,708] INFO:fitness.free_loss_fidelity: RL4CO free-loss step 100/200: score=7.798549 (avg=7.834335), loss=0.220395 (avg=0.206998), pairs_step=12156, pairs_total=1215453
[2026-02-28 13:23:59,058] INFO:fitness.free_loss_fidelity: RL4CO free-loss step 120/200: score=7.810421 (avg=7.836227), loss=0.204419 (avg=0.207305), pairs_step=12153, pairs_total=1458545
[2026-02-28 13:23:59,058] INFO:fitness.free_loss_fidelity: RL4CO free-loss step 120/200: score=7.810421 (avg=7.836227), loss=0.204419 (avg=0.207305), pairs_step=12153, pairs_total=1458545
[2026-02-28 13:24:05,401] INFO:fitness.free_loss_fidelity: RL4CO free-loss step 140/200: score=7.859671 (avg=7.836958), loss=0.195706 (avg=0.207075), pairs_step=12151, pairs_total=1701599
[2026-02-28 13:24:05,401] INFO:fitness.free_loss_fidelity: RL4CO free-loss step 140/200: score=7.859671 (avg=7.836958), loss=0.195706 (avg=0.207075), pairs_step=12151, pairs_total=1701599
[2026-02-28 13:24:11,764] INFO:fitness.free_loss_fidelity: RL4CO free-loss step 160/200: score=7.820365 (avg=7.836069), loss=0.205322 (avg=0.206536), pairs_step=12156, pairs_total=1944678
[2026-02-28 13:24:11,764] INFO:fitness.free_loss_fidelity: RL4CO free-loss step 160/200: score=7.820365 (avg=7.836069), loss=0.205322 (avg=0.206536), pairs_step=12156, pairs_total=1944678
[2026-02-28 13:24:18,101] INFO:fitness.free_loss_fidelity: RL4CO free-loss step 180/200: score=7.823330 (avg=7.835009), loss=0.198478 (avg=0.205957), pairs_step=12155, pairs_total=2187754
[2026-02-28 13:24:18,101] INFO:fitness.free_loss_fidelity: RL4CO free-loss step 180/200: score=7.823330 (avg=7.835009), loss=0.198478 (avg=0.205957), pairs_step=12155, pairs_total=2187754
[2026-02-28 13:24:24,459] INFO:fitness.free_loss_fidelity: RL4CO free-loss step 200/200: score=7.845839 (avg=7.834190), loss=0.194553 (avg=0.205167), pairs_step=12156, pairs_total=2430853
[2026-02-28 13:24:24,459] INFO:fitness.free_loss_fidelity: RL4CO free-loss step 200/200: score=7.845839 (avg=7.834190), loss=0.194553 (avg=0.205167), pairs_step=12156, pairs_total=2430853
