[2026-02-28 15:08:24,734] INFO:fitness.free_loss_fidelity: Stage3 offline mini-train start gen=8 pair_index=6 K=200 seed=12345 valid_sizes=[20, 100] baseline_json=baseline/mini_eval/baseline_minitrain_tsp100_K200.json
[2026-02-28 15:08:24,734] INFO:fitness.free_loss_fidelity: Stage3 offline mini-train start gen=8 pair_index=6 K=200 seed=12345 valid_sizes=[20, 100] baseline_json=baseline/mini_eval/baseline_minitrain_tsp100_K200.json
[2026-02-28 15:08:24,751] INFO:fitness.free_loss_fidelity: RL4CO free-loss (step-mode): f1_steps=200, f2_steps=0, total_steps=200, train_problem_size=100, rollouts=20, batch_size=64, device=cuda:2, env=tsp
[2026-02-28 15:08:24,751] INFO:fitness.free_loss_fidelity: RL4CO free-loss (step-mode): f1_steps=200, f2_steps=0, total_steps=200, train_problem_size=100, rollouts=20, batch_size=64, device=cuda:2, env=tsp
[2026-02-28 15:08:25,067] INFO:fitness.free_loss_fidelity: RL4CO free-loss step 1/200: score=36.626595 (avg=36.626595), loss=0.846171 (avg=0.846171), pairs_step=12160, pairs_total=12160
[2026-02-28 15:08:25,067] INFO:fitness.free_loss_fidelity: RL4CO free-loss step 1/200: score=36.626595 (avg=36.626595), loss=0.846171 (avg=0.846171), pairs_step=12160, pairs_total=12160
[2026-02-28 15:08:30,285] INFO:fitness.free_loss_fidelity: RL4CO free-loss step 20/200: score=10.318026 (avg=13.329800), loss=0.621004 (avg=0.631056), pairs_step=12160, pairs_total=243200
[2026-02-28 15:08:30,285] INFO:fitness.free_loss_fidelity: RL4CO free-loss step 20/200: score=10.318026 (avg=13.329800), loss=0.621004 (avg=0.631056), pairs_step=12160, pairs_total=243200
[2026-02-28 15:08:35,780] INFO:fitness.free_loss_fidelity: RL4CO free-loss step 40/200: score=9.886212 (avg=11.640625), loss=0.608423 (avg=0.619224), pairs_step=12160, pairs_total=486400
[2026-02-28 15:08:35,780] INFO:fitness.free_loss_fidelity: RL4CO free-loss step 40/200: score=9.886212 (avg=11.640625), loss=0.608423 (avg=0.619224), pairs_step=12160, pairs_total=486400
[2026-02-28 15:08:41,288] INFO:fitness.free_loss_fidelity: RL4CO free-loss step 60/200: score=9.657276 (avg=11.003467), loss=0.596554 (avg=0.611254), pairs_step=12160, pairs_total=729600
[2026-02-28 15:08:41,288] INFO:fitness.free_loss_fidelity: RL4CO free-loss step 60/200: score=9.657276 (avg=11.003467), loss=0.596554 (avg=0.611254), pairs_step=12160, pairs_total=729600
[2026-02-28 15:08:46,766] INFO:fitness.free_loss_fidelity: RL4CO free-loss step 80/200: score=9.515076 (avg=10.652111), loss=0.591106 (avg=0.608279), pairs_step=12160, pairs_total=972800
[2026-02-28 15:08:46,766] INFO:fitness.free_loss_fidelity: RL4CO free-loss step 80/200: score=9.515076 (avg=10.652111), loss=0.591106 (avg=0.608279), pairs_step=12160, pairs_total=972800
[2026-02-28 15:08:52,262] INFO:fitness.free_loss_fidelity: RL4CO free-loss step 100/200: score=9.421117 (avg=10.420528), loss=0.604046 (avg=0.604629), pairs_step=12160, pairs_total=1216000
[2026-02-28 15:08:52,262] INFO:fitness.free_loss_fidelity: RL4CO free-loss step 100/200: score=9.421117 (avg=10.420528), loss=0.604046 (avg=0.604629), pairs_step=12160, pairs_total=1216000
[2026-02-28 15:08:57,761] INFO:fitness.free_loss_fidelity: RL4CO free-loss step 120/200: score=9.507282 (avg=10.247981), loss=0.584384 (avg=0.601993), pairs_step=12160, pairs_total=1459199
[2026-02-28 15:08:57,761] INFO:fitness.free_loss_fidelity: RL4CO free-loss step 120/200: score=9.507282 (avg=10.247981), loss=0.584384 (avg=0.601993), pairs_step=12160, pairs_total=1459199
[2026-02-28 15:09:03,255] INFO:fitness.free_loss_fidelity: RL4CO free-loss step 140/200: score=9.242663 (avg=10.114951), loss=0.592868 (avg=0.600284), pairs_step=12160, pairs_total=1702399
[2026-02-28 15:09:03,255] INFO:fitness.free_loss_fidelity: RL4CO free-loss step 140/200: score=9.242663 (avg=10.114951), loss=0.592868 (avg=0.600284), pairs_step=12160, pairs_total=1702399
[2026-02-28 15:09:08,751] INFO:fitness.free_loss_fidelity: RL4CO free-loss step 160/200: score=9.246676 (avg=10.002161), loss=0.589455 (avg=0.599082), pairs_step=12160, pairs_total=1945599
[2026-02-28 15:09:08,751] INFO:fitness.free_loss_fidelity: RL4CO free-loss step 160/200: score=9.246676 (avg=10.002161), loss=0.589455 (avg=0.599082), pairs_step=12160, pairs_total=1945599
[2026-02-28 15:09:14,242] INFO:fitness.free_loss_fidelity: RL4CO free-loss step 180/200: score=9.152988 (avg=9.913341), loss=0.600260 (avg=0.598478), pairs_step=12160, pairs_total=2188799
[2026-02-28 15:09:14,242] INFO:fitness.free_loss_fidelity: RL4CO free-loss step 180/200: score=9.152988 (avg=9.913341), loss=0.600260 (avg=0.598478), pairs_step=12160, pairs_total=2188799
[2026-02-28 15:09:19,746] INFO:fitness.free_loss_fidelity: RL4CO free-loss step 200/200: score=9.210041 (avg=9.837364), loss=0.603984 (avg=0.598175), pairs_step=12160, pairs_total=2431998
[2026-02-28 15:09:19,746] INFO:fitness.free_loss_fidelity: RL4CO free-loss step 200/200: score=9.210041 (avg=9.837364), loss=0.603984 (avg=0.598175), pairs_step=12160, pairs_total=2431998
[2026-02-28 15:09:21,005] WARNING:fitness.free_loss_fidelity: weights_only checkpoint load failed (UnpicklingError); retrying weights_only=False for /data1/gushengda/eam-rl4co/baseline/epoch_135.ckpt
[2026-02-28 15:09:21,005] WARNING:fitness.free_loss_fidelity: weights_only checkpoint load failed (UnpicklingError); retrying weights_only=False for /data1/gushengda/eam-rl4co/baseline/epoch_135.ckpt
[2026-02-28 15:09:21,044] INFO:fitness.free_loss_fidelity: Loaded init checkpoint into policy: path=/data1/gushengda/eam-rl4co/baseline/epoch_135.ckpt prefix=policy. matched=97 missing=0 unexpected=0
[2026-02-28 15:09:21,044] INFO:fitness.free_loss_fidelity: Loaded init checkpoint into policy: path=/data1/gushengda/eam-rl4co/baseline/epoch_135.ckpt prefix=policy. matched=97 missing=0 unexpected=0
[2026-02-28 15:09:21,048] INFO:fitness.free_loss_fidelity: RL4CO free-loss (step-mode): f1_steps=200, f2_steps=0, total_steps=200, train_problem_size=100, rollouts=20, batch_size=64, device=cuda:2, env=tsp
[2026-02-28 15:09:21,048] INFO:fitness.free_loss_fidelity: RL4CO free-loss (step-mode): f1_steps=200, f2_steps=0, total_steps=200, train_problem_size=100, rollouts=20, batch_size=64, device=cuda:2, env=tsp
[2026-02-28 15:09:21,339] INFO:fitness.free_loss_fidelity: RL4CO free-loss step 1/200: score=7.825121 (avg=7.825121), loss=0.673634 (avg=0.673634), pairs_step=12151, pairs_total=12151
[2026-02-28 15:09:21,339] INFO:fitness.free_loss_fidelity: RL4CO free-loss step 1/200: score=7.825121 (avg=7.825121), loss=0.673634 (avg=0.673634), pairs_step=12151, pairs_total=12151
[2026-02-28 15:09:26,571] INFO:fitness.free_loss_fidelity: RL4CO free-loss step 20/200: score=7.823103 (avg=7.841107), loss=0.665408 (avg=0.667198), pairs_step=12156, pairs_total=243065
[2026-02-28 15:09:26,571] INFO:fitness.free_loss_fidelity: RL4CO free-loss step 20/200: score=7.823103 (avg=7.841107), loss=0.665408 (avg=0.667198), pairs_step=12156, pairs_total=243065
[2026-02-28 15:09:32,076] INFO:fitness.free_loss_fidelity: RL4CO free-loss step 40/200: score=7.849787 (avg=7.838034), loss=0.669674 (avg=0.668827), pairs_step=12153, pairs_total=486147
[2026-02-28 15:09:32,076] INFO:fitness.free_loss_fidelity: RL4CO free-loss step 40/200: score=7.849787 (avg=7.838034), loss=0.669674 (avg=0.668827), pairs_step=12153, pairs_total=486147
[2026-02-28 15:09:37,584] INFO:fitness.free_loss_fidelity: RL4CO free-loss step 60/200: score=7.840575 (avg=7.834381), loss=0.672249 (avg=0.668857), pairs_step=12152, pairs_total=729217
[2026-02-28 15:09:37,584] INFO:fitness.free_loss_fidelity: RL4CO free-loss step 60/200: score=7.840575 (avg=7.834381), loss=0.672249 (avg=0.668857), pairs_step=12152, pairs_total=729217
[2026-02-28 15:09:43,085] INFO:fitness.free_loss_fidelity: RL4CO free-loss step 80/200: score=7.833049 (avg=7.834373), loss=0.670884 (avg=0.669069), pairs_step=12154, pairs_total=972301
[2026-02-28 15:09:43,085] INFO:fitness.free_loss_fidelity: RL4CO free-loss step 80/200: score=7.833049 (avg=7.834373), loss=0.670884 (avg=0.669069), pairs_step=12154, pairs_total=972301
[2026-02-28 15:09:48,584] INFO:fitness.free_loss_fidelity: RL4CO free-loss step 100/200: score=7.800347 (avg=7.835971), loss=0.672778 (avg=0.669609), pairs_step=12150, pairs_total=1215386
[2026-02-28 15:09:48,584] INFO:fitness.free_loss_fidelity: RL4CO free-loss step 100/200: score=7.800347 (avg=7.835971), loss=0.672778 (avg=0.669609), pairs_step=12150, pairs_total=1215386
[2026-02-28 15:09:54,069] INFO:fitness.free_loss_fidelity: RL4CO free-loss step 120/200: score=7.814246 (avg=7.837495), loss=0.674283 (avg=0.669996), pairs_step=12149, pairs_total=1458454
[2026-02-28 15:09:54,069] INFO:fitness.free_loss_fidelity: RL4CO free-loss step 120/200: score=7.814246 (avg=7.837495), loss=0.674283 (avg=0.669996), pairs_step=12149, pairs_total=1458454
[2026-02-28 15:09:59,578] INFO:fitness.free_loss_fidelity: RL4CO free-loss step 140/200: score=7.866781 (avg=7.839128), loss=0.665374 (avg=0.670079), pairs_step=12151, pairs_total=1701530
[2026-02-28 15:09:59,578] INFO:fitness.free_loss_fidelity: RL4CO free-loss step 140/200: score=7.866781 (avg=7.839128), loss=0.665374 (avg=0.670079), pairs_step=12151, pairs_total=1701530
[2026-02-28 15:10:05,062] INFO:fitness.free_loss_fidelity: RL4CO free-loss step 160/200: score=7.831985 (avg=7.838889), loss=0.673871 (avg=0.670364), pairs_step=12153, pairs_total=1944617
[2026-02-28 15:10:05,062] INFO:fitness.free_loss_fidelity: RL4CO free-loss step 160/200: score=7.831985 (avg=7.838889), loss=0.673871 (avg=0.670364), pairs_step=12153, pairs_total=1944617
[2026-02-28 15:10:10,568] INFO:fitness.free_loss_fidelity: RL4CO free-loss step 180/200: score=7.829844 (avg=7.838524), loss=0.675561 (avg=0.670567), pairs_step=12157, pairs_total=2187697
[2026-02-28 15:10:10,568] INFO:fitness.free_loss_fidelity: RL4CO free-loss step 180/200: score=7.829844 (avg=7.838524), loss=0.675561 (avg=0.670567), pairs_step=12157, pairs_total=2187697
[2026-02-28 15:10:16,074] INFO:fitness.free_loss_fidelity: RL4CO free-loss step 200/200: score=7.856118 (avg=7.838043), loss=0.679134 (avg=0.670716), pairs_step=12153, pairs_total=2430793
[2026-02-28 15:10:16,074] INFO:fitness.free_loss_fidelity: RL4CO free-loss step 200/200: score=7.856118 (avg=7.838043), loss=0.679134 (avg=0.670716), pairs_step=12153, pairs_total=2430793
[2026-02-28 15:10:17,322] WARNING:fitness.free_loss_fidelity: weights_only checkpoint load failed (UnpicklingError); retrying weights_only=False for /data1/gushengda/eam-rl4co/baseline/epoch_409.ckpt
[2026-02-28 15:10:17,322] WARNING:fitness.free_loss_fidelity: weights_only checkpoint load failed (UnpicklingError); retrying weights_only=False for /data1/gushengda/eam-rl4co/baseline/epoch_409.ckpt
[2026-02-28 15:10:17,351] INFO:fitness.free_loss_fidelity: Loaded init checkpoint into policy: path=/data1/gushengda/eam-rl4co/baseline/epoch_409.ckpt prefix=policy. matched=97 missing=0 unexpected=0
[2026-02-28 15:10:17,351] INFO:fitness.free_loss_fidelity: Loaded init checkpoint into policy: path=/data1/gushengda/eam-rl4co/baseline/epoch_409.ckpt prefix=policy. matched=97 missing=0 unexpected=0
[2026-02-28 15:10:17,356] INFO:fitness.free_loss_fidelity: RL4CO free-loss (step-mode): f1_steps=200, f2_steps=0, total_steps=200, train_problem_size=100, rollouts=20, batch_size=64, device=cuda:2, env=tsp
[2026-02-28 15:10:17,356] INFO:fitness.free_loss_fidelity: RL4CO free-loss (step-mode): f1_steps=200, f2_steps=0, total_steps=200, train_problem_size=100, rollouts=20, batch_size=64, device=cuda:2, env=tsp
[2026-02-28 15:10:17,645] INFO:fitness.free_loss_fidelity: RL4CO free-loss step 1/200: score=7.826895 (avg=7.826895), loss=0.215853 (avg=0.215853), pairs_step=12149, pairs_total=12149
[2026-02-28 15:10:17,645] INFO:fitness.free_loss_fidelity: RL4CO free-loss step 1/200: score=7.826895 (avg=7.826895), loss=0.215853 (avg=0.215853), pairs_step=12149, pairs_total=12149
[2026-02-28 15:10:23,063] INFO:fitness.free_loss_fidelity: RL4CO free-loss step 20/200: score=7.821445 (avg=7.839695), loss=0.197750 (avg=0.198617), pairs_step=12158, pairs_total=243099
[2026-02-28 15:10:23,063] INFO:fitness.free_loss_fidelity: RL4CO free-loss step 20/200: score=7.821445 (avg=7.839695), loss=0.197750 (avg=0.198617), pairs_step=12158, pairs_total=243099
[2026-02-28 15:10:28,552] INFO:fitness.free_loss_fidelity: RL4CO free-loss step 40/200: score=7.857948 (avg=7.836805), loss=0.194912 (avg=0.198487), pairs_step=12156, pairs_total=486196
[2026-02-28 15:10:28,552] INFO:fitness.free_loss_fidelity: RL4CO free-loss step 40/200: score=7.857948 (avg=7.836805), loss=0.194912 (avg=0.198487), pairs_step=12156, pairs_total=486196
[2026-02-28 15:10:34,055] INFO:fitness.free_loss_fidelity: RL4CO free-loss step 60/200: score=7.857755 (avg=7.833887), loss=0.203757 (avg=0.197017), pairs_step=12158, pairs_total=729297
[2026-02-28 15:10:34,055] INFO:fitness.free_loss_fidelity: RL4CO free-loss step 60/200: score=7.857755 (avg=7.833887), loss=0.203757 (avg=0.197017), pairs_step=12158, pairs_total=729297
[2026-02-28 15:10:39,555] INFO:fitness.free_loss_fidelity: RL4CO free-loss step 80/200: score=7.835979 (avg=7.832989), loss=0.199882 (avg=0.197591), pairs_step=12156, pairs_total=972407
[2026-02-28 15:10:39,555] INFO:fitness.free_loss_fidelity: RL4CO free-loss step 80/200: score=7.835979 (avg=7.832989), loss=0.199882 (avg=0.197591), pairs_step=12156, pairs_total=972407
[2026-02-28 15:10:45,040] INFO:fitness.free_loss_fidelity: RL4CO free-loss step 100/200: score=7.798410 (avg=7.834062), loss=0.205817 (avg=0.198741), pairs_step=12156, pairs_total=1215504
[2026-02-28 15:10:45,040] INFO:fitness.free_loss_fidelity: RL4CO free-loss step 100/200: score=7.798410 (avg=7.834062), loss=0.205817 (avg=0.198741), pairs_step=12156, pairs_total=1215504
[2026-02-28 15:10:50,525] INFO:fitness.free_loss_fidelity: RL4CO free-loss step 120/200: score=7.825316 (avg=7.835875), loss=0.196385 (avg=0.198043), pairs_step=12150, pairs_total=1458585
[2026-02-28 15:10:50,525] INFO:fitness.free_loss_fidelity: RL4CO free-loss step 120/200: score=7.825316 (avg=7.835875), loss=0.196385 (avg=0.198043), pairs_step=12150, pairs_total=1458585
[2026-02-28 15:10:56,023] INFO:fitness.free_loss_fidelity: RL4CO free-loss step 140/200: score=7.870546 (avg=7.837914), loss=0.193917 (avg=0.198252), pairs_step=12148, pairs_total=1701681
[2026-02-28 15:10:56,023] INFO:fitness.free_loss_fidelity: RL4CO free-loss step 140/200: score=7.870546 (avg=7.837914), loss=0.193917 (avg=0.198252), pairs_step=12148, pairs_total=1701681
[2026-02-28 15:11:02,373] INFO:fitness.free_loss_fidelity: RL4CO free-loss step 160/200: score=7.836438 (avg=7.837454), loss=0.203567 (avg=0.198181), pairs_step=12147, pairs_total=1944771
[2026-02-28 15:11:02,373] INFO:fitness.free_loss_fidelity: RL4CO free-loss step 160/200: score=7.836438 (avg=7.837454), loss=0.203567 (avg=0.198181), pairs_step=12147, pairs_total=1944771
[2026-02-28 15:11:08,660] INFO:fitness.free_loss_fidelity: RL4CO free-loss step 180/200: score=7.823370 (avg=7.836467), loss=0.204409 (avg=0.198236), pairs_step=12152, pairs_total=2187874
[2026-02-28 15:11:08,660] INFO:fitness.free_loss_fidelity: RL4CO free-loss step 180/200: score=7.823370 (avg=7.836467), loss=0.204409 (avg=0.198236), pairs_step=12152, pairs_total=2187874
[2026-02-28 15:11:14,942] INFO:fitness.free_loss_fidelity: RL4CO free-loss step 200/200: score=7.850418 (avg=7.835258), loss=0.204542 (avg=0.198876), pairs_step=12157, pairs_total=2430957
[2026-02-28 15:11:14,942] INFO:fitness.free_loss_fidelity: RL4CO free-loss step 200/200: score=7.850418 (avg=7.835258), loss=0.204542 (avg=0.198876), pairs_step=12157, pairs_total=2430957
