[2026-02-28 14:56:37,047] INFO:fitness.free_loss_fidelity: Stage3 offline mini-train start gen=7 pair_index=26 K=200 seed=12345 valid_sizes=[20, 100] baseline_json=baseline/mini_eval/baseline_minitrain_tsp100_K200.json
[2026-02-28 14:56:37,047] INFO:fitness.free_loss_fidelity: Stage3 offline mini-train start gen=7 pair_index=26 K=200 seed=12345 valid_sizes=[20, 100] baseline_json=baseline/mini_eval/baseline_minitrain_tsp100_K200.json
[2026-02-28 14:56:37,066] INFO:fitness.free_loss_fidelity: RL4CO free-loss (step-mode): f1_steps=200, f2_steps=0, total_steps=200, train_problem_size=100, rollouts=20, batch_size=64, device=cuda:1, env=tsp
[2026-02-28 14:56:37,066] INFO:fitness.free_loss_fidelity: RL4CO free-loss (step-mode): f1_steps=200, f2_steps=0, total_steps=200, train_problem_size=100, rollouts=20, batch_size=64, device=cuda:1, env=tsp
[2026-02-28 14:56:37,401] INFO:fitness.free_loss_fidelity: RL4CO free-loss step 1/200: score=36.626595 (avg=36.626595), loss=0.793287 (avg=0.793287), pairs_step=12160, pairs_total=12160
[2026-02-28 14:56:37,401] INFO:fitness.free_loss_fidelity: RL4CO free-loss step 1/200: score=36.626595 (avg=36.626595), loss=0.793287 (avg=0.793287), pairs_step=12160, pairs_total=12160
[2026-02-28 14:56:42,843] INFO:fitness.free_loss_fidelity: RL4CO free-loss step 20/200: score=10.395791 (avg=13.439325), loss=0.617723 (avg=0.616020), pairs_step=12160, pairs_total=243200
[2026-02-28 14:56:42,843] INFO:fitness.free_loss_fidelity: RL4CO free-loss step 20/200: score=10.395791 (avg=13.439325), loss=0.617723 (avg=0.616020), pairs_step=12160, pairs_total=243200
[2026-02-28 14:56:48,570] INFO:fitness.free_loss_fidelity: RL4CO free-loss step 40/200: score=9.990622 (avg=11.764390), loss=0.593059 (avg=0.607008), pairs_step=12160, pairs_total=486399
[2026-02-28 14:56:48,570] INFO:fitness.free_loss_fidelity: RL4CO free-loss step 40/200: score=9.990622 (avg=11.764390), loss=0.593059 (avg=0.607008), pairs_step=12160, pairs_total=486399
[2026-02-28 14:56:54,286] INFO:fitness.free_loss_fidelity: RL4CO free-loss step 60/200: score=9.725219 (avg=11.102013), loss=0.596975 (avg=0.600233), pairs_step=12160, pairs_total=729599
[2026-02-28 14:56:54,286] INFO:fitness.free_loss_fidelity: RL4CO free-loss step 60/200: score=9.725219 (avg=11.102013), loss=0.596975 (avg=0.600233), pairs_step=12160, pairs_total=729599
[2026-02-28 14:57:00,008] INFO:fitness.free_loss_fidelity: RL4CO free-loss step 80/200: score=9.439075 (avg=10.707909), loss=0.574020 (avg=0.595399), pairs_step=12160, pairs_total=972799
[2026-02-28 14:57:00,008] INFO:fitness.free_loss_fidelity: RL4CO free-loss step 80/200: score=9.439075 (avg=10.707909), loss=0.574020 (avg=0.595399), pairs_step=12160, pairs_total=972799
[2026-02-28 14:57:05,723] INFO:fitness.free_loss_fidelity: RL4CO free-loss step 100/200: score=9.432873 (avg=10.460936), loss=0.568948 (avg=0.592718), pairs_step=12160, pairs_total=1215999
[2026-02-28 14:57:05,723] INFO:fitness.free_loss_fidelity: RL4CO free-loss step 100/200: score=9.432873 (avg=10.460936), loss=0.568948 (avg=0.592718), pairs_step=12160, pairs_total=1215999
[2026-02-28 14:57:11,434] INFO:fitness.free_loss_fidelity: RL4CO free-loss step 120/200: score=9.345779 (avg=10.284403), loss=0.599138 (avg=0.590501), pairs_step=12160, pairs_total=1459199
[2026-02-28 14:57:11,434] INFO:fitness.free_loss_fidelity: RL4CO free-loss step 120/200: score=9.345779 (avg=10.284403), loss=0.599138 (avg=0.590501), pairs_step=12160, pairs_total=1459199
[2026-02-28 14:57:17,241] INFO:fitness.free_loss_fidelity: RL4CO free-loss step 140/200: score=9.371010 (avg=10.149885), loss=0.577934 (avg=0.588578), pairs_step=12160, pairs_total=1702399
[2026-02-28 14:57:17,241] INFO:fitness.free_loss_fidelity: RL4CO free-loss step 140/200: score=9.371010 (avg=10.149885), loss=0.577934 (avg=0.588578), pairs_step=12160, pairs_total=1702399
[2026-02-28 14:57:23,805] INFO:fitness.free_loss_fidelity: RL4CO free-loss step 160/200: score=9.237342 (avg=10.037309), loss=0.593498 (avg=0.587981), pairs_step=12160, pairs_total=1945598
[2026-02-28 14:57:23,805] INFO:fitness.free_loss_fidelity: RL4CO free-loss step 160/200: score=9.237342 (avg=10.037309), loss=0.593498 (avg=0.587981), pairs_step=12160, pairs_total=1945598
[2026-02-28 14:57:30,413] INFO:fitness.free_loss_fidelity: RL4CO free-loss step 180/200: score=9.149604 (avg=9.941327), loss=0.570041 (avg=0.587307), pairs_step=12160, pairs_total=2188798
[2026-02-28 14:57:30,413] INFO:fitness.free_loss_fidelity: RL4CO free-loss step 180/200: score=9.149604 (avg=9.941327), loss=0.570041 (avg=0.587307), pairs_step=12160, pairs_total=2188798
[2026-02-28 14:57:37,077] INFO:fitness.free_loss_fidelity: RL4CO free-loss step 200/200: score=9.128629 (avg=9.859240), loss=0.576358 (avg=0.586933), pairs_step=12160, pairs_total=2431998
[2026-02-28 14:57:37,077] INFO:fitness.free_loss_fidelity: RL4CO free-loss step 200/200: score=9.128629 (avg=9.859240), loss=0.576358 (avg=0.586933), pairs_step=12160, pairs_total=2431998
[2026-02-28 14:57:38,378] WARNING:fitness.free_loss_fidelity: weights_only checkpoint load failed (UnpicklingError); retrying weights_only=False for /data1/gushengda/eam-rl4co/baseline/epoch_135.ckpt
[2026-02-28 14:57:38,378] WARNING:fitness.free_loss_fidelity: weights_only checkpoint load failed (UnpicklingError); retrying weights_only=False for /data1/gushengda/eam-rl4co/baseline/epoch_135.ckpt
[2026-02-28 14:57:38,420] INFO:fitness.free_loss_fidelity: Loaded init checkpoint into policy: path=/data1/gushengda/eam-rl4co/baseline/epoch_135.ckpt prefix=policy. matched=97 missing=0 unexpected=0
[2026-02-28 14:57:38,420] INFO:fitness.free_loss_fidelity: Loaded init checkpoint into policy: path=/data1/gushengda/eam-rl4co/baseline/epoch_135.ckpt prefix=policy. matched=97 missing=0 unexpected=0
[2026-02-28 14:57:38,426] INFO:fitness.free_loss_fidelity: RL4CO free-loss (step-mode): f1_steps=200, f2_steps=0, total_steps=200, train_problem_size=100, rollouts=20, batch_size=64, device=cuda:1, env=tsp
[2026-02-28 14:57:38,426] INFO:fitness.free_loss_fidelity: RL4CO free-loss (step-mode): f1_steps=200, f2_steps=0, total_steps=200, train_problem_size=100, rollouts=20, batch_size=64, device=cuda:1, env=tsp
[2026-02-28 14:57:38,806] INFO:fitness.free_loss_fidelity: RL4CO free-loss step 1/200: score=7.825121 (avg=7.825121), loss=0.669560 (avg=0.669560), pairs_step=12151, pairs_total=12151
[2026-02-28 14:57:38,806] INFO:fitness.free_loss_fidelity: RL4CO free-loss step 1/200: score=7.825121 (avg=7.825121), loss=0.669560 (avg=0.669560), pairs_step=12151, pairs_total=12151
[2026-02-28 14:57:45,098] INFO:fitness.free_loss_fidelity: RL4CO free-loss step 20/200: score=7.830155 (avg=7.843572), loss=0.662820 (avg=0.663285), pairs_step=12154, pairs_total=243062
[2026-02-28 14:57:45,098] INFO:fitness.free_loss_fidelity: RL4CO free-loss step 20/200: score=7.830155 (avg=7.843572), loss=0.662820 (avg=0.663285), pairs_step=12154, pairs_total=243062
[2026-02-28 14:57:50,951] INFO:fitness.free_loss_fidelity: RL4CO free-loss step 40/200: score=7.859477 (avg=7.839910), loss=0.667000 (avg=0.664874), pairs_step=12158, pairs_total=486127
[2026-02-28 14:57:50,951] INFO:fitness.free_loss_fidelity: RL4CO free-loss step 40/200: score=7.859477 (avg=7.839910), loss=0.667000 (avg=0.664874), pairs_step=12158, pairs_total=486127
[2026-02-28 14:57:56,699] INFO:fitness.free_loss_fidelity: RL4CO free-loss step 60/200: score=7.854803 (avg=7.836462), loss=0.669801 (avg=0.665192), pairs_step=12153, pairs_total=729200
[2026-02-28 14:57:56,699] INFO:fitness.free_loss_fidelity: RL4CO free-loss step 60/200: score=7.854803 (avg=7.836462), loss=0.669801 (avg=0.665192), pairs_step=12153, pairs_total=729200
[2026-02-28 14:58:02,448] INFO:fitness.free_loss_fidelity: RL4CO free-loss step 80/200: score=7.833748 (avg=7.835588), loss=0.660047 (avg=0.664480), pairs_step=12158, pairs_total=972275
[2026-02-28 14:58:02,448] INFO:fitness.free_loss_fidelity: RL4CO free-loss step 80/200: score=7.833748 (avg=7.835588), loss=0.660047 (avg=0.664480), pairs_step=12158, pairs_total=972275
[2026-02-28 14:58:08,194] INFO:fitness.free_loss_fidelity: RL4CO free-loss step 100/200: score=7.800637 (avg=7.836902), loss=0.673996 (avg=0.664595), pairs_step=12157, pairs_total=1215378
[2026-02-28 14:58:08,194] INFO:fitness.free_loss_fidelity: RL4CO free-loss step 100/200: score=7.800637 (avg=7.836902), loss=0.673996 (avg=0.664595), pairs_step=12157, pairs_total=1215378
[2026-02-28 14:58:13,954] INFO:fitness.free_loss_fidelity: RL4CO free-loss step 120/200: score=7.823012 (avg=7.839211), loss=0.657683 (avg=0.664863), pairs_step=12151, pairs_total=1458452
[2026-02-28 14:58:13,954] INFO:fitness.free_loss_fidelity: RL4CO free-loss step 120/200: score=7.823012 (avg=7.839211), loss=0.657683 (avg=0.664863), pairs_step=12151, pairs_total=1458452
[2026-02-28 14:58:19,920] INFO:fitness.free_loss_fidelity: RL4CO free-loss step 140/200: score=7.870169 (avg=7.841179), loss=0.658843 (avg=0.664715), pairs_step=12152, pairs_total=1701539
[2026-02-28 14:58:19,920] INFO:fitness.free_loss_fidelity: RL4CO free-loss step 140/200: score=7.870169 (avg=7.841179), loss=0.658843 (avg=0.664715), pairs_step=12152, pairs_total=1701539
[2026-02-28 14:58:25,674] INFO:fitness.free_loss_fidelity: RL4CO free-loss step 160/200: score=7.826268 (avg=7.840773), loss=0.668072 (avg=0.664360), pairs_step=12146, pairs_total=1944605
[2026-02-28 14:58:25,674] INFO:fitness.free_loss_fidelity: RL4CO free-loss step 160/200: score=7.826268 (avg=7.840773), loss=0.668072 (avg=0.664360), pairs_step=12146, pairs_total=1944605
[2026-02-28 14:58:31,463] INFO:fitness.free_loss_fidelity: RL4CO free-loss step 180/200: score=7.825377 (avg=7.839526), loss=0.664392 (avg=0.664380), pairs_step=12151, pairs_total=2187689
[2026-02-28 14:58:31,463] INFO:fitness.free_loss_fidelity: RL4CO free-loss step 180/200: score=7.825377 (avg=7.839526), loss=0.664392 (avg=0.664380), pairs_step=12151, pairs_total=2187689
[2026-02-28 14:58:37,238] INFO:fitness.free_loss_fidelity: RL4CO free-loss step 200/200: score=7.852694 (avg=7.838340), loss=0.663433 (avg=0.664562), pairs_step=12154, pairs_total=2430775
[2026-02-28 14:58:37,238] INFO:fitness.free_loss_fidelity: RL4CO free-loss step 200/200: score=7.852694 (avg=7.838340), loss=0.663433 (avg=0.664562), pairs_step=12154, pairs_total=2430775
[2026-02-28 14:58:38,538] WARNING:fitness.free_loss_fidelity: weights_only checkpoint load failed (UnpicklingError); retrying weights_only=False for /data1/gushengda/eam-rl4co/baseline/epoch_409.ckpt
[2026-02-28 14:58:38,538] WARNING:fitness.free_loss_fidelity: weights_only checkpoint load failed (UnpicklingError); retrying weights_only=False for /data1/gushengda/eam-rl4co/baseline/epoch_409.ckpt
[2026-02-28 14:58:38,580] INFO:fitness.free_loss_fidelity: Loaded init checkpoint into policy: path=/data1/gushengda/eam-rl4co/baseline/epoch_409.ckpt prefix=policy. matched=97 missing=0 unexpected=0
[2026-02-28 14:58:38,580] INFO:fitness.free_loss_fidelity: Loaded init checkpoint into policy: path=/data1/gushengda/eam-rl4co/baseline/epoch_409.ckpt prefix=policy. matched=97 missing=0 unexpected=0
[2026-02-28 14:58:38,585] INFO:fitness.free_loss_fidelity: RL4CO free-loss (step-mode): f1_steps=200, f2_steps=0, total_steps=200, train_problem_size=100, rollouts=20, batch_size=64, device=cuda:1, env=tsp
[2026-02-28 14:58:38,585] INFO:fitness.free_loss_fidelity: RL4CO free-loss (step-mode): f1_steps=200, f2_steps=0, total_steps=200, train_problem_size=100, rollouts=20, batch_size=64, device=cuda:1, env=tsp
[2026-02-28 14:58:38,880] INFO:fitness.free_loss_fidelity: RL4CO free-loss step 1/200: score=7.826895 (avg=7.826895), loss=0.212805 (avg=0.212805), pairs_step=12149, pairs_total=12149
[2026-02-28 14:58:38,880] INFO:fitness.free_loss_fidelity: RL4CO free-loss step 1/200: score=7.826895 (avg=7.826895), loss=0.212805 (avg=0.212805), pairs_step=12149, pairs_total=12149
[2026-02-28 14:58:44,353] INFO:fitness.free_loss_fidelity: RL4CO free-loss step 20/200: score=7.817546 (avg=7.839076), loss=0.189763 (avg=0.195369), pairs_step=12155, pairs_total=243058
[2026-02-28 14:58:44,353] INFO:fitness.free_loss_fidelity: RL4CO free-loss step 20/200: score=7.817546 (avg=7.839076), loss=0.189763 (avg=0.195369), pairs_step=12155, pairs_total=243058
[2026-02-28 14:58:50,112] INFO:fitness.free_loss_fidelity: RL4CO free-loss step 40/200: score=7.853988 (avg=7.836787), loss=0.189220 (avg=0.191756), pairs_step=12158, pairs_total=486160
[2026-02-28 14:58:50,112] INFO:fitness.free_loss_fidelity: RL4CO free-loss step 40/200: score=7.853988 (avg=7.836787), loss=0.189220 (avg=0.191756), pairs_step=12158, pairs_total=486160
[2026-02-28 14:58:55,954] INFO:fitness.free_loss_fidelity: RL4CO free-loss step 60/200: score=7.848987 (avg=7.833589), loss=0.212915 (avg=0.194877), pairs_step=12149, pairs_total=729227
[2026-02-28 14:58:55,954] INFO:fitness.free_loss_fidelity: RL4CO free-loss step 60/200: score=7.848987 (avg=7.833589), loss=0.212915 (avg=0.194877), pairs_step=12149, pairs_total=729227
[2026-02-28 14:59:01,754] INFO:fitness.free_loss_fidelity: RL4CO free-loss step 80/200: score=7.831330 (avg=7.832240), loss=0.202452 (avg=0.196966), pairs_step=12158, pairs_total=972317
[2026-02-28 14:59:01,754] INFO:fitness.free_loss_fidelity: RL4CO free-loss step 80/200: score=7.831330 (avg=7.832240), loss=0.202452 (avg=0.196966), pairs_step=12158, pairs_total=972317
[2026-02-28 14:59:07,583] INFO:fitness.free_loss_fidelity: RL4CO free-loss step 100/200: score=7.789401 (avg=7.833107), loss=0.210678 (avg=0.197975), pairs_step=12148, pairs_total=1215413
[2026-02-28 14:59:07,583] INFO:fitness.free_loss_fidelity: RL4CO free-loss step 100/200: score=7.789401 (avg=7.833107), loss=0.210678 (avg=0.197975), pairs_step=12148, pairs_total=1215413
[2026-02-28 14:59:13,366] INFO:fitness.free_loss_fidelity: RL4CO free-loss step 120/200: score=7.801916 (avg=7.834702), loss=0.202787 (avg=0.198243), pairs_step=12154, pairs_total=1458496
[2026-02-28 14:59:13,366] INFO:fitness.free_loss_fidelity: RL4CO free-loss step 120/200: score=7.801916 (avg=7.834702), loss=0.202787 (avg=0.198243), pairs_step=12154, pairs_total=1458496
[2026-02-28 14:59:19,151] INFO:fitness.free_loss_fidelity: RL4CO free-loss step 140/200: score=7.862179 (avg=7.835992), loss=0.188030 (avg=0.198302), pairs_step=12155, pairs_total=1701572
[2026-02-28 14:59:19,151] INFO:fitness.free_loss_fidelity: RL4CO free-loss step 140/200: score=7.862179 (avg=7.835992), loss=0.188030 (avg=0.198302), pairs_step=12155, pairs_total=1701572
[2026-02-28 14:59:24,936] INFO:fitness.free_loss_fidelity: RL4CO free-loss step 160/200: score=7.828093 (avg=7.835396), loss=0.204294 (avg=0.197946), pairs_step=12155, pairs_total=1944640
[2026-02-28 14:59:24,936] INFO:fitness.free_loss_fidelity: RL4CO free-loss step 160/200: score=7.828093 (avg=7.835396), loss=0.204294 (avg=0.197946), pairs_step=12155, pairs_total=1944640
[2026-02-28 14:59:30,731] INFO:fitness.free_loss_fidelity: RL4CO free-loss step 180/200: score=7.813278 (avg=7.834170), loss=0.198753 (avg=0.198072), pairs_step=12147, pairs_total=2187705
[2026-02-28 14:59:30,731] INFO:fitness.free_loss_fidelity: RL4CO free-loss step 180/200: score=7.813278 (avg=7.834170), loss=0.198753 (avg=0.198072), pairs_step=12147, pairs_total=2187705
[2026-02-28 14:59:36,502] INFO:fitness.free_loss_fidelity: RL4CO free-loss step 200/200: score=7.845771 (avg=7.833179), loss=0.187698 (avg=0.197904), pairs_step=12156, pairs_total=2430783
[2026-02-28 14:59:36,502] INFO:fitness.free_loss_fidelity: RL4CO free-loss step 200/200: score=7.845771 (avg=7.833179), loss=0.187698 (avg=0.197904), pairs_step=12156, pairs_total=2430783
