[2026-02-28 14:19:35,558] INFO:fitness.free_loss_fidelity: Stage3 offline mini-train start gen=6 pair_index=9 K=200 seed=12345 valid_sizes=[20, 100] baseline_json=baseline/mini_eval/baseline_minitrain_tsp100_K200.json
[2026-02-28 14:19:35,558] INFO:fitness.free_loss_fidelity: Stage3 offline mini-train start gen=6 pair_index=9 K=200 seed=12345 valid_sizes=[20, 100] baseline_json=baseline/mini_eval/baseline_minitrain_tsp100_K200.json
[2026-02-28 14:19:35,577] INFO:fitness.free_loss_fidelity: RL4CO free-loss (step-mode): f1_steps=200, f2_steps=0, total_steps=200, train_problem_size=100, rollouts=20, batch_size=64, device=cuda:0, env=tsp
[2026-02-28 14:19:35,577] INFO:fitness.free_loss_fidelity: RL4CO free-loss (step-mode): f1_steps=200, f2_steps=0, total_steps=200, train_problem_size=100, rollouts=20, batch_size=64, device=cuda:0, env=tsp
[2026-02-28 14:19:35,859] INFO:fitness.free_loss_fidelity: RL4CO free-loss step 1/200: score=36.626595 (avg=36.626595), loss=0.854220 (avg=0.854220), pairs_step=12160, pairs_total=12160
[2026-02-28 14:19:35,859] INFO:fitness.free_loss_fidelity: RL4CO free-loss step 1/200: score=36.626595 (avg=36.626595), loss=0.854220 (avg=0.854220), pairs_step=12160, pairs_total=12160
[2026-02-28 14:19:41,467] INFO:fitness.free_loss_fidelity: RL4CO free-loss step 20/200: score=10.453109 (avg=13.395653), loss=0.618289 (avg=0.636581), pairs_step=12160, pairs_total=243200
[2026-02-28 14:19:41,467] INFO:fitness.free_loss_fidelity: RL4CO free-loss step 20/200: score=10.453109 (avg=13.395653), loss=0.618289 (avg=0.636581), pairs_step=12160, pairs_total=243200
[2026-02-28 14:19:48,455] INFO:fitness.free_loss_fidelity: RL4CO free-loss step 40/200: score=9.922684 (avg=11.712990), loss=0.596616 (avg=0.625405), pairs_step=12160, pairs_total=486400
[2026-02-28 14:19:48,455] INFO:fitness.free_loss_fidelity: RL4CO free-loss step 40/200: score=9.922684 (avg=11.712990), loss=0.596616 (avg=0.625405), pairs_step=12160, pairs_total=486400
[2026-02-28 14:19:55,444] INFO:fitness.free_loss_fidelity: RL4CO free-loss step 60/200: score=9.703151 (avg=11.066796), loss=0.594591 (avg=0.617225), pairs_step=12160, pairs_total=729599
[2026-02-28 14:19:55,444] INFO:fitness.free_loss_fidelity: RL4CO free-loss step 60/200: score=9.703151 (avg=11.066796), loss=0.594591 (avg=0.617225), pairs_step=12160, pairs_total=729599
[2026-02-28 14:20:02,419] INFO:fitness.free_loss_fidelity: RL4CO free-loss step 80/200: score=9.640856 (avg=10.702635), loss=0.586855 (avg=0.610753), pairs_step=12160, pairs_total=972799
[2026-02-28 14:20:02,419] INFO:fitness.free_loss_fidelity: RL4CO free-loss step 80/200: score=9.640856 (avg=10.702635), loss=0.586855 (avg=0.610753), pairs_step=12160, pairs_total=972799
[2026-02-28 14:20:09,393] INFO:fitness.free_loss_fidelity: RL4CO free-loss step 100/200: score=9.386700 (avg=10.457490), loss=0.586229 (avg=0.606065), pairs_step=12160, pairs_total=1215999
[2026-02-28 14:20:09,393] INFO:fitness.free_loss_fidelity: RL4CO free-loss step 100/200: score=9.386700 (avg=10.457490), loss=0.586229 (avg=0.606065), pairs_step=12160, pairs_total=1215999
[2026-02-28 14:20:15,895] INFO:fitness.free_loss_fidelity: RL4CO free-loss step 120/200: score=9.297403 (avg=10.278190), loss=0.571521 (avg=0.602463), pairs_step=12160, pairs_total=1459199
[2026-02-28 14:20:15,895] INFO:fitness.free_loss_fidelity: RL4CO free-loss step 120/200: score=9.297403 (avg=10.278190), loss=0.571521 (avg=0.602463), pairs_step=12160, pairs_total=1459199
[2026-02-28 14:20:21,469] INFO:fitness.free_loss_fidelity: RL4CO free-loss step 140/200: score=9.314552 (avg=10.142290), loss=0.584822 (avg=0.599634), pairs_step=12160, pairs_total=1702398
[2026-02-28 14:20:21,469] INFO:fitness.free_loss_fidelity: RL4CO free-loss step 140/200: score=9.314552 (avg=10.142290), loss=0.584822 (avg=0.599634), pairs_step=12160, pairs_total=1702398
[2026-02-28 14:20:27,036] INFO:fitness.free_loss_fidelity: RL4CO free-loss step 160/200: score=9.180796 (avg=10.035043), loss=0.596466 (avg=0.597443), pairs_step=12160, pairs_total=1945598
[2026-02-28 14:20:27,036] INFO:fitness.free_loss_fidelity: RL4CO free-loss step 160/200: score=9.180796 (avg=10.035043), loss=0.596466 (avg=0.597443), pairs_step=12160, pairs_total=1945598
[2026-02-28 14:20:32,599] INFO:fitness.free_loss_fidelity: RL4CO free-loss step 180/200: score=9.282877 (avg=9.942428), loss=0.573143 (avg=0.596496), pairs_step=12160, pairs_total=2188798
[2026-02-28 14:20:32,599] INFO:fitness.free_loss_fidelity: RL4CO free-loss step 180/200: score=9.282877 (avg=9.942428), loss=0.573143 (avg=0.596496), pairs_step=12160, pairs_total=2188798
[2026-02-28 14:20:38,147] INFO:fitness.free_loss_fidelity: RL4CO free-loss step 200/200: score=9.201427 (avg=9.862645), loss=0.592857 (avg=0.595981), pairs_step=12160, pairs_total=2431998
[2026-02-28 14:20:38,147] INFO:fitness.free_loss_fidelity: RL4CO free-loss step 200/200: score=9.201427 (avg=9.862645), loss=0.592857 (avg=0.595981), pairs_step=12160, pairs_total=2431998
[2026-02-28 14:20:39,424] WARNING:fitness.free_loss_fidelity: weights_only checkpoint load failed (UnpicklingError); retrying weights_only=False for /data1/gushengda/eam-rl4co/baseline/epoch_135.ckpt
[2026-02-28 14:20:39,424] WARNING:fitness.free_loss_fidelity: weights_only checkpoint load failed (UnpicklingError); retrying weights_only=False for /data1/gushengda/eam-rl4co/baseline/epoch_135.ckpt
[2026-02-28 14:20:39,464] INFO:fitness.free_loss_fidelity: Loaded init checkpoint into policy: path=/data1/gushengda/eam-rl4co/baseline/epoch_135.ckpt prefix=policy. matched=97 missing=0 unexpected=0
[2026-02-28 14:20:39,464] INFO:fitness.free_loss_fidelity: Loaded init checkpoint into policy: path=/data1/gushengda/eam-rl4co/baseline/epoch_135.ckpt prefix=policy. matched=97 missing=0 unexpected=0
[2026-02-28 14:20:39,469] INFO:fitness.free_loss_fidelity: RL4CO free-loss (step-mode): f1_steps=200, f2_steps=0, total_steps=200, train_problem_size=100, rollouts=20, batch_size=64, device=cuda:0, env=tsp
[2026-02-28 14:20:39,469] INFO:fitness.free_loss_fidelity: RL4CO free-loss (step-mode): f1_steps=200, f2_steps=0, total_steps=200, train_problem_size=100, rollouts=20, batch_size=64, device=cuda:0, env=tsp
[2026-02-28 14:20:39,791] INFO:fitness.free_loss_fidelity: RL4CO free-loss step 1/200: score=7.825121 (avg=7.825121), loss=0.672623 (avg=0.672623), pairs_step=12151, pairs_total=12151
[2026-02-28 14:20:39,791] INFO:fitness.free_loss_fidelity: RL4CO free-loss step 1/200: score=7.825121 (avg=7.825121), loss=0.672623 (avg=0.672623), pairs_step=12151, pairs_total=12151
[2026-02-28 14:20:45,076] INFO:fitness.free_loss_fidelity: RL4CO free-loss step 20/200: score=7.806907 (avg=7.840118), loss=0.668422 (avg=0.667324), pairs_step=12153, pairs_total=243073
[2026-02-28 14:20:45,076] INFO:fitness.free_loss_fidelity: RL4CO free-loss step 20/200: score=7.806907 (avg=7.840118), loss=0.668422 (avg=0.667324), pairs_step=12153, pairs_total=243073
[2026-02-28 14:20:50,648] INFO:fitness.free_loss_fidelity: RL4CO free-loss step 40/200: score=7.859353 (avg=7.837043), loss=0.668809 (avg=0.666596), pairs_step=12153, pairs_total=486142
[2026-02-28 14:20:50,648] INFO:fitness.free_loss_fidelity: RL4CO free-loss step 40/200: score=7.859353 (avg=7.837043), loss=0.668809 (avg=0.666596), pairs_step=12153, pairs_total=486142
[2026-02-28 14:20:56,222] INFO:fitness.free_loss_fidelity: RL4CO free-loss step 60/200: score=7.848828 (avg=7.835127), loss=0.670424 (avg=0.666290), pairs_step=12155, pairs_total=729216
[2026-02-28 14:20:56,222] INFO:fitness.free_loss_fidelity: RL4CO free-loss step 60/200: score=7.848828 (avg=7.835127), loss=0.670424 (avg=0.666290), pairs_step=12155, pairs_total=729216
[2026-02-28 14:21:01,823] INFO:fitness.free_loss_fidelity: RL4CO free-loss step 80/200: score=7.836481 (avg=7.834395), loss=0.670885 (avg=0.666733), pairs_step=12156, pairs_total=972301
[2026-02-28 14:21:01,823] INFO:fitness.free_loss_fidelity: RL4CO free-loss step 80/200: score=7.836481 (avg=7.834395), loss=0.670885 (avg=0.666733), pairs_step=12156, pairs_total=972301
[2026-02-28 14:21:07,370] INFO:fitness.free_loss_fidelity: RL4CO free-loss step 100/200: score=7.796681 (avg=7.835445), loss=0.671304 (avg=0.667609), pairs_step=12156, pairs_total=1215377
[2026-02-28 14:21:07,370] INFO:fitness.free_loss_fidelity: RL4CO free-loss step 100/200: score=7.796681 (avg=7.835445), loss=0.671304 (avg=0.667609), pairs_step=12156, pairs_total=1215377
[2026-02-28 14:21:12,902] INFO:fitness.free_loss_fidelity: RL4CO free-loss step 120/200: score=7.825727 (avg=7.838030), loss=0.673414 (avg=0.667719), pairs_step=12152, pairs_total=1458457
[2026-02-28 14:21:12,902] INFO:fitness.free_loss_fidelity: RL4CO free-loss step 120/200: score=7.825727 (avg=7.838030), loss=0.673414 (avg=0.667719), pairs_step=12152, pairs_total=1458457
[2026-02-28 14:21:18,424] INFO:fitness.free_loss_fidelity: RL4CO free-loss step 140/200: score=7.871858 (avg=7.839736), loss=0.665188 (avg=0.668100), pairs_step=12157, pairs_total=1701536
[2026-02-28 14:21:18,424] INFO:fitness.free_loss_fidelity: RL4CO free-loss step 140/200: score=7.871858 (avg=7.839736), loss=0.665188 (avg=0.668100), pairs_step=12157, pairs_total=1701536
[2026-02-28 14:21:23,973] INFO:fitness.free_loss_fidelity: RL4CO free-loss step 160/200: score=7.835796 (avg=7.839379), loss=0.671193 (avg=0.668170), pairs_step=12158, pairs_total=1944626
[2026-02-28 14:21:23,973] INFO:fitness.free_loss_fidelity: RL4CO free-loss step 160/200: score=7.835796 (avg=7.839379), loss=0.671193 (avg=0.668170), pairs_step=12158, pairs_total=1944626
[2026-02-28 14:21:29,517] INFO:fitness.free_loss_fidelity: RL4CO free-loss step 180/200: score=7.830072 (avg=7.838729), loss=0.671424 (avg=0.668388), pairs_step=12153, pairs_total=2187706
[2026-02-28 14:21:29,517] INFO:fitness.free_loss_fidelity: RL4CO free-loss step 180/200: score=7.830072 (avg=7.838729), loss=0.671424 (avg=0.668388), pairs_step=12153, pairs_total=2187706
[2026-02-28 14:21:35,059] INFO:fitness.free_loss_fidelity: RL4CO free-loss step 200/200: score=7.859025 (avg=7.838015), loss=0.670217 (avg=0.668551), pairs_step=12150, pairs_total=2430820
[2026-02-28 14:21:35,059] INFO:fitness.free_loss_fidelity: RL4CO free-loss step 200/200: score=7.859025 (avg=7.838015), loss=0.670217 (avg=0.668551), pairs_step=12150, pairs_total=2430820
[2026-02-28 14:21:36,323] WARNING:fitness.free_loss_fidelity: weights_only checkpoint load failed (UnpicklingError); retrying weights_only=False for /data1/gushengda/eam-rl4co/baseline/epoch_409.ckpt
[2026-02-28 14:21:36,323] WARNING:fitness.free_loss_fidelity: weights_only checkpoint load failed (UnpicklingError); retrying weights_only=False for /data1/gushengda/eam-rl4co/baseline/epoch_409.ckpt
[2026-02-28 14:21:36,363] INFO:fitness.free_loss_fidelity: Loaded init checkpoint into policy: path=/data1/gushengda/eam-rl4co/baseline/epoch_409.ckpt prefix=policy. matched=97 missing=0 unexpected=0
[2026-02-28 14:21:36,363] INFO:fitness.free_loss_fidelity: Loaded init checkpoint into policy: path=/data1/gushengda/eam-rl4co/baseline/epoch_409.ckpt prefix=policy. matched=97 missing=0 unexpected=0
[2026-02-28 14:21:36,369] INFO:fitness.free_loss_fidelity: RL4CO free-loss (step-mode): f1_steps=200, f2_steps=0, total_steps=200, train_problem_size=100, rollouts=20, batch_size=64, device=cuda:0, env=tsp
[2026-02-28 14:21:36,369] INFO:fitness.free_loss_fidelity: RL4CO free-loss (step-mode): f1_steps=200, f2_steps=0, total_steps=200, train_problem_size=100, rollouts=20, batch_size=64, device=cuda:0, env=tsp
[2026-02-28 14:21:36,687] INFO:fitness.free_loss_fidelity: RL4CO free-loss step 1/200: score=7.826895 (avg=7.826895), loss=0.212819 (avg=0.212819), pairs_step=12149, pairs_total=12149
[2026-02-28 14:21:36,687] INFO:fitness.free_loss_fidelity: RL4CO free-loss step 1/200: score=7.826895 (avg=7.826895), loss=0.212819 (avg=0.212819), pairs_step=12149, pairs_total=12149
[2026-02-28 14:21:41,977] INFO:fitness.free_loss_fidelity: RL4CO free-loss step 20/200: score=7.820042 (avg=7.836074), loss=0.192959 (avg=0.198248), pairs_step=12149, pairs_total=243058
[2026-02-28 14:21:41,977] INFO:fitness.free_loss_fidelity: RL4CO free-loss step 20/200: score=7.820042 (avg=7.836074), loss=0.192959 (avg=0.198248), pairs_step=12149, pairs_total=243058
[2026-02-28 14:21:47,483] INFO:fitness.free_loss_fidelity: RL4CO free-loss step 40/200: score=7.847171 (avg=7.833090), loss=0.193311 (avg=0.198087), pairs_step=12156, pairs_total=486148
[2026-02-28 14:21:47,483] INFO:fitness.free_loss_fidelity: RL4CO free-loss step 40/200: score=7.847171 (avg=7.833090), loss=0.193311 (avg=0.198087), pairs_step=12156, pairs_total=486148
[2026-02-28 14:21:52,980] INFO:fitness.free_loss_fidelity: RL4CO free-loss step 60/200: score=7.846370 (avg=7.830404), loss=0.203174 (avg=0.197193), pairs_step=12136, pairs_total=729205
[2026-02-28 14:21:52,980] INFO:fitness.free_loss_fidelity: RL4CO free-loss step 60/200: score=7.846370 (avg=7.830404), loss=0.203174 (avg=0.197193), pairs_step=12136, pairs_total=729205
[2026-02-28 14:21:58,473] INFO:fitness.free_loss_fidelity: RL4CO free-loss step 80/200: score=7.836819 (avg=7.829884), loss=0.199808 (avg=0.197214), pairs_step=12154, pairs_total=972289
[2026-02-28 14:21:58,473] INFO:fitness.free_loss_fidelity: RL4CO free-loss step 80/200: score=7.836819 (avg=7.829884), loss=0.199808 (avg=0.197214), pairs_step=12154, pairs_total=972289
[2026-02-28 14:22:03,979] INFO:fitness.free_loss_fidelity: RL4CO free-loss step 100/200: score=7.784966 (avg=7.830921), loss=0.198338 (avg=0.197446), pairs_step=12152, pairs_total=1215370
[2026-02-28 14:22:03,979] INFO:fitness.free_loss_fidelity: RL4CO free-loss step 100/200: score=7.784966 (avg=7.830921), loss=0.198338 (avg=0.197446), pairs_step=12152, pairs_total=1215370
[2026-02-28 14:22:09,487] INFO:fitness.free_loss_fidelity: RL4CO free-loss step 120/200: score=7.805420 (avg=7.832823), loss=0.189212 (avg=0.196457), pairs_step=12159, pairs_total=1458464
[2026-02-28 14:22:09,487] INFO:fitness.free_loss_fidelity: RL4CO free-loss step 120/200: score=7.805420 (avg=7.832823), loss=0.189212 (avg=0.196457), pairs_step=12159, pairs_total=1458464
[2026-02-28 14:22:14,989] INFO:fitness.free_loss_fidelity: RL4CO free-loss step 140/200: score=7.860350 (avg=7.834504), loss=0.182158 (avg=0.195037), pairs_step=12156, pairs_total=1701552
[2026-02-28 14:22:14,989] INFO:fitness.free_loss_fidelity: RL4CO free-loss step 140/200: score=7.860350 (avg=7.834504), loss=0.182158 (avg=0.195037), pairs_step=12156, pairs_total=1701552
[2026-02-28 14:22:20,481] INFO:fitness.free_loss_fidelity: RL4CO free-loss step 160/200: score=7.831443 (avg=7.834365), loss=0.196887 (avg=0.194910), pairs_step=12150, pairs_total=1944635
[2026-02-28 14:22:20,481] INFO:fitness.free_loss_fidelity: RL4CO free-loss step 160/200: score=7.831443 (avg=7.834365), loss=0.196887 (avg=0.194910), pairs_step=12150, pairs_total=1944635
[2026-02-28 14:22:25,978] INFO:fitness.free_loss_fidelity: RL4CO free-loss step 180/200: score=7.820492 (avg=7.833502), loss=0.205065 (avg=0.195456), pairs_step=12152, pairs_total=2187709
[2026-02-28 14:22:25,978] INFO:fitness.free_loss_fidelity: RL4CO free-loss step 180/200: score=7.820492 (avg=7.833502), loss=0.205065 (avg=0.195456), pairs_step=12152, pairs_total=2187709
[2026-02-28 14:22:31,479] INFO:fitness.free_loss_fidelity: RL4CO free-loss step 200/200: score=7.847661 (avg=7.832863), loss=0.182355 (avg=0.195304), pairs_step=12153, pairs_total=2430818
[2026-02-28 14:22:31,479] INFO:fitness.free_loss_fidelity: RL4CO free-loss step 200/200: score=7.847661 (avg=7.832863), loss=0.182355 (avg=0.195304), pairs_step=12153, pairs_total=2430818
