[2026-02-28 14:03:10,051] INFO:fitness.free_loss_fidelity: Stage3 offline mini-train start gen=5 pair_index=19 K=200 seed=12345 valid_sizes=[20, 100] baseline_json=baseline/mini_eval/baseline_minitrain_tsp100_K200.json
[2026-02-28 14:03:10,051] INFO:fitness.free_loss_fidelity: Stage3 offline mini-train start gen=5 pair_index=19 K=200 seed=12345 valid_sizes=[20, 100] baseline_json=baseline/mini_eval/baseline_minitrain_tsp100_K200.json
[2026-02-28 14:03:10,067] INFO:fitness.free_loss_fidelity: RL4CO free-loss (step-mode): f1_steps=200, f2_steps=0, total_steps=200, train_problem_size=100, rollouts=20, batch_size=64, device=cuda:1, env=tsp
[2026-02-28 14:03:10,067] INFO:fitness.free_loss_fidelity: RL4CO free-loss (step-mode): f1_steps=200, f2_steps=0, total_steps=200, train_problem_size=100, rollouts=20, batch_size=64, device=cuda:1, env=tsp
[2026-02-28 14:03:10,400] INFO:fitness.free_loss_fidelity: RL4CO free-loss step 1/200: score=36.626595 (avg=36.626595), loss=0.800969 (avg=0.800969), pairs_step=12160, pairs_total=12160
[2026-02-28 14:03:10,400] INFO:fitness.free_loss_fidelity: RL4CO free-loss step 1/200: score=36.626595 (avg=36.626595), loss=0.800969 (avg=0.800969), pairs_step=12160, pairs_total=12160
[2026-02-28 14:03:16,697] INFO:fitness.free_loss_fidelity: RL4CO free-loss step 20/200: score=10.766903 (avg=13.590566), loss=0.605845 (avg=0.620991), pairs_step=12160, pairs_total=243200
[2026-02-28 14:03:16,697] INFO:fitness.free_loss_fidelity: RL4CO free-loss step 20/200: score=10.766903 (avg=13.590566), loss=0.605845 (avg=0.620991), pairs_step=12160, pairs_total=243200
[2026-02-28 14:03:23,314] INFO:fitness.free_loss_fidelity: RL4CO free-loss step 40/200: score=9.913377 (avg=11.925784), loss=0.607649 (avg=0.613105), pairs_step=12160, pairs_total=486400
[2026-02-28 14:03:23,314] INFO:fitness.free_loss_fidelity: RL4CO free-loss step 40/200: score=9.913377 (avg=11.925784), loss=0.607649 (avg=0.613105), pairs_step=12160, pairs_total=486400
[2026-02-28 14:03:29,922] INFO:fitness.free_loss_fidelity: RL4CO free-loss step 60/200: score=9.781549 (avg=11.222132), loss=0.572344 (avg=0.607245), pairs_step=12160, pairs_total=729600
[2026-02-28 14:03:29,922] INFO:fitness.free_loss_fidelity: RL4CO free-loss step 60/200: score=9.781549 (avg=11.222132), loss=0.572344 (avg=0.607245), pairs_step=12160, pairs_total=729600
[2026-02-28 14:03:36,543] INFO:fitness.free_loss_fidelity: RL4CO free-loss step 80/200: score=9.502691 (avg=10.830688), loss=0.579311 (avg=0.600354), pairs_step=12160, pairs_total=972800
[2026-02-28 14:03:36,543] INFO:fitness.free_loss_fidelity: RL4CO free-loss step 80/200: score=9.502691 (avg=10.830688), loss=0.579311 (avg=0.600354), pairs_step=12160, pairs_total=972800
[2026-02-28 14:03:43,159] INFO:fitness.free_loss_fidelity: RL4CO free-loss step 100/200: score=9.422490 (avg=10.564003), loss=0.572269 (avg=0.595535), pairs_step=12160, pairs_total=1216000
[2026-02-28 14:03:43,159] INFO:fitness.free_loss_fidelity: RL4CO free-loss step 100/200: score=9.422490 (avg=10.564003), loss=0.572269 (avg=0.595535), pairs_step=12160, pairs_total=1216000
[2026-02-28 14:03:49,784] INFO:fitness.free_loss_fidelity: RL4CO free-loss step 120/200: score=9.400577 (avg=10.374736), loss=0.547752 (avg=0.591085), pairs_step=12160, pairs_total=1459200
[2026-02-28 14:03:49,784] INFO:fitness.free_loss_fidelity: RL4CO free-loss step 120/200: score=9.400577 (avg=10.374736), loss=0.547752 (avg=0.591085), pairs_step=12160, pairs_total=1459200
[2026-02-28 14:03:56,405] INFO:fitness.free_loss_fidelity: RL4CO free-loss step 140/200: score=9.391094 (avg=10.234037), loss=0.577787 (avg=0.588454), pairs_step=12160, pairs_total=1702400
[2026-02-28 14:03:56,405] INFO:fitness.free_loss_fidelity: RL4CO free-loss step 140/200: score=9.391094 (avg=10.234037), loss=0.577787 (avg=0.588454), pairs_step=12160, pairs_total=1702400
[2026-02-28 14:04:03,016] INFO:fitness.free_loss_fidelity: RL4CO free-loss step 160/200: score=9.304934 (avg=10.119593), loss=0.574760 (avg=0.586355), pairs_step=12160, pairs_total=1945600
[2026-02-28 14:04:03,016] INFO:fitness.free_loss_fidelity: RL4CO free-loss step 160/200: score=9.304934 (avg=10.119593), loss=0.574760 (avg=0.586355), pairs_step=12160, pairs_total=1945600
[2026-02-28 14:04:09,629] INFO:fitness.free_loss_fidelity: RL4CO free-loss step 180/200: score=9.157513 (avg=10.019789), loss=0.583792 (avg=0.584899), pairs_step=12160, pairs_total=2188799
[2026-02-28 14:04:09,629] INFO:fitness.free_loss_fidelity: RL4CO free-loss step 180/200: score=9.157513 (avg=10.019789), loss=0.583792 (avg=0.584899), pairs_step=12160, pairs_total=2188799
[2026-02-28 14:04:16,257] INFO:fitness.free_loss_fidelity: RL4CO free-loss step 200/200: score=9.167092 (avg=9.934746), loss=0.582937 (avg=0.584018), pairs_step=12160, pairs_total=2431999
[2026-02-28 14:04:16,257] INFO:fitness.free_loss_fidelity: RL4CO free-loss step 200/200: score=9.167092 (avg=9.934746), loss=0.582937 (avg=0.584018), pairs_step=12160, pairs_total=2431999
[2026-02-28 14:04:17,551] WARNING:fitness.free_loss_fidelity: weights_only checkpoint load failed (UnpicklingError); retrying weights_only=False for /data1/gushengda/eam-rl4co/baseline/epoch_135.ckpt
[2026-02-28 14:04:17,551] WARNING:fitness.free_loss_fidelity: weights_only checkpoint load failed (UnpicklingError); retrying weights_only=False for /data1/gushengda/eam-rl4co/baseline/epoch_135.ckpt
[2026-02-28 14:04:17,591] INFO:fitness.free_loss_fidelity: Loaded init checkpoint into policy: path=/data1/gushengda/eam-rl4co/baseline/epoch_135.ckpt prefix=policy. matched=97 missing=0 unexpected=0
[2026-02-28 14:04:17,591] INFO:fitness.free_loss_fidelity: Loaded init checkpoint into policy: path=/data1/gushengda/eam-rl4co/baseline/epoch_135.ckpt prefix=policy. matched=97 missing=0 unexpected=0
[2026-02-28 14:04:17,595] INFO:fitness.free_loss_fidelity: RL4CO free-loss (step-mode): f1_steps=200, f2_steps=0, total_steps=200, train_problem_size=100, rollouts=20, batch_size=64, device=cuda:1, env=tsp
[2026-02-28 14:04:17,595] INFO:fitness.free_loss_fidelity: RL4CO free-loss (step-mode): f1_steps=200, f2_steps=0, total_steps=200, train_problem_size=100, rollouts=20, batch_size=64, device=cuda:1, env=tsp
[2026-02-28 14:04:17,935] INFO:fitness.free_loss_fidelity: RL4CO free-loss step 1/200: score=7.825121 (avg=7.825121), loss=0.670960 (avg=0.670960), pairs_step=12151, pairs_total=12151
[2026-02-28 14:04:17,935] INFO:fitness.free_loss_fidelity: RL4CO free-loss step 1/200: score=7.825121 (avg=7.825121), loss=0.670960 (avg=0.670960), pairs_step=12151, pairs_total=12151
[2026-02-28 14:04:24,245] INFO:fitness.free_loss_fidelity: RL4CO free-loss step 20/200: score=7.816307 (avg=7.844429), loss=0.665872 (avg=0.667022), pairs_step=12152, pairs_total=243056
[2026-02-28 14:04:24,245] INFO:fitness.free_loss_fidelity: RL4CO free-loss step 20/200: score=7.816307 (avg=7.844429), loss=0.665872 (avg=0.667022), pairs_step=12152, pairs_total=243056
[2026-02-28 14:04:30,883] INFO:fitness.free_loss_fidelity: RL4CO free-loss step 40/200: score=7.861888 (avg=7.841041), loss=0.671210 (avg=0.666350), pairs_step=12154, pairs_total=486106
[2026-02-28 14:04:30,883] INFO:fitness.free_loss_fidelity: RL4CO free-loss step 40/200: score=7.861888 (avg=7.841041), loss=0.671210 (avg=0.666350), pairs_step=12154, pairs_total=486106
[2026-02-28 14:04:37,504] INFO:fitness.free_loss_fidelity: RL4CO free-loss step 60/200: score=7.846632 (avg=7.837631), loss=0.670370 (avg=0.666775), pairs_step=12153, pairs_total=729153
[2026-02-28 14:04:37,504] INFO:fitness.free_loss_fidelity: RL4CO free-loss step 60/200: score=7.846632 (avg=7.837631), loss=0.670370 (avg=0.666775), pairs_step=12153, pairs_total=729153
[2026-02-28 14:04:44,138] INFO:fitness.free_loss_fidelity: RL4CO free-loss step 80/200: score=7.842743 (avg=7.835953), loss=0.669193 (avg=0.667335), pairs_step=12157, pairs_total=972226
[2026-02-28 14:04:44,138] INFO:fitness.free_loss_fidelity: RL4CO free-loss step 80/200: score=7.842743 (avg=7.835953), loss=0.669193 (avg=0.667335), pairs_step=12157, pairs_total=972226
[2026-02-28 14:04:50,754] INFO:fitness.free_loss_fidelity: RL4CO free-loss step 100/200: score=7.786276 (avg=7.836867), loss=0.670123 (avg=0.667561), pairs_step=12152, pairs_total=1215310
[2026-02-28 14:04:50,754] INFO:fitness.free_loss_fidelity: RL4CO free-loss step 100/200: score=7.786276 (avg=7.836867), loss=0.670123 (avg=0.667561), pairs_step=12152, pairs_total=1215310
[2026-02-28 14:04:57,387] INFO:fitness.free_loss_fidelity: RL4CO free-loss step 120/200: score=7.805820 (avg=7.837964), loss=0.667799 (avg=0.667111), pairs_step=12151, pairs_total=1458398
[2026-02-28 14:04:57,387] INFO:fitness.free_loss_fidelity: RL4CO free-loss step 120/200: score=7.805820 (avg=7.837964), loss=0.667799 (avg=0.667111), pairs_step=12151, pairs_total=1458398
[2026-02-28 14:05:04,015] INFO:fitness.free_loss_fidelity: RL4CO free-loss step 140/200: score=7.870740 (avg=7.839000), loss=0.661501 (avg=0.666938), pairs_step=12153, pairs_total=1701471
[2026-02-28 14:05:04,015] INFO:fitness.free_loss_fidelity: RL4CO free-loss step 140/200: score=7.870740 (avg=7.839000), loss=0.661501 (avg=0.666938), pairs_step=12153, pairs_total=1701471
[2026-02-28 14:05:10,623] INFO:fitness.free_loss_fidelity: RL4CO free-loss step 160/200: score=7.837595 (avg=7.839050), loss=0.668212 (avg=0.666992), pairs_step=12156, pairs_total=1944561
[2026-02-28 14:05:10,623] INFO:fitness.free_loss_fidelity: RL4CO free-loss step 160/200: score=7.837595 (avg=7.839050), loss=0.668212 (avg=0.666992), pairs_step=12156, pairs_total=1944561
[2026-02-28 14:05:17,242] INFO:fitness.free_loss_fidelity: RL4CO free-loss step 180/200: score=7.827956 (avg=7.838482), loss=0.668871 (avg=0.666989), pairs_step=12152, pairs_total=2187656
[2026-02-28 14:05:17,242] INFO:fitness.free_loss_fidelity: RL4CO free-loss step 180/200: score=7.827956 (avg=7.838482), loss=0.668871 (avg=0.666989), pairs_step=12152, pairs_total=2187656
[2026-02-28 14:05:23,863] INFO:fitness.free_loss_fidelity: RL4CO free-loss step 200/200: score=7.851068 (avg=7.837800), loss=0.663298 (avg=0.667113), pairs_step=12157, pairs_total=2430770
[2026-02-28 14:05:23,863] INFO:fitness.free_loss_fidelity: RL4CO free-loss step 200/200: score=7.851068 (avg=7.837800), loss=0.663298 (avg=0.667113), pairs_step=12157, pairs_total=2430770
[2026-02-28 14:05:25,155] WARNING:fitness.free_loss_fidelity: weights_only checkpoint load failed (UnpicklingError); retrying weights_only=False for /data1/gushengda/eam-rl4co/baseline/epoch_409.ckpt
[2026-02-28 14:05:25,155] WARNING:fitness.free_loss_fidelity: weights_only checkpoint load failed (UnpicklingError); retrying weights_only=False for /data1/gushengda/eam-rl4co/baseline/epoch_409.ckpt
[2026-02-28 14:05:25,193] INFO:fitness.free_loss_fidelity: Loaded init checkpoint into policy: path=/data1/gushengda/eam-rl4co/baseline/epoch_409.ckpt prefix=policy. matched=97 missing=0 unexpected=0
[2026-02-28 14:05:25,193] INFO:fitness.free_loss_fidelity: Loaded init checkpoint into policy: path=/data1/gushengda/eam-rl4co/baseline/epoch_409.ckpt prefix=policy. matched=97 missing=0 unexpected=0
[2026-02-28 14:05:25,198] INFO:fitness.free_loss_fidelity: RL4CO free-loss (step-mode): f1_steps=200, f2_steps=0, total_steps=200, train_problem_size=100, rollouts=20, batch_size=64, device=cuda:1, env=tsp
[2026-02-28 14:05:25,198] INFO:fitness.free_loss_fidelity: RL4CO free-loss (step-mode): f1_steps=200, f2_steps=0, total_steps=200, train_problem_size=100, rollouts=20, batch_size=64, device=cuda:1, env=tsp
[2026-02-28 14:05:25,537] INFO:fitness.free_loss_fidelity: RL4CO free-loss step 1/200: score=7.826895 (avg=7.826895), loss=0.210983 (avg=0.210983), pairs_step=12149, pairs_total=12149
[2026-02-28 14:05:25,537] INFO:fitness.free_loss_fidelity: RL4CO free-loss step 1/200: score=7.826895 (avg=7.826895), loss=0.210983 (avg=0.210983), pairs_step=12149, pairs_total=12149
[2026-02-28 14:05:31,844] INFO:fitness.free_loss_fidelity: RL4CO free-loss step 20/200: score=7.817405 (avg=7.838006), loss=0.200216 (avg=0.200010), pairs_step=12143, pairs_total=243056
[2026-02-28 14:05:31,844] INFO:fitness.free_loss_fidelity: RL4CO free-loss step 20/200: score=7.817405 (avg=7.838006), loss=0.200216 (avg=0.200010), pairs_step=12143, pairs_total=243056
[2026-02-28 14:05:38,473] INFO:fitness.free_loss_fidelity: RL4CO free-loss step 40/200: score=7.853380 (avg=7.835569), loss=0.202480 (avg=0.203443), pairs_step=12154, pairs_total=486107
[2026-02-28 14:05:38,473] INFO:fitness.free_loss_fidelity: RL4CO free-loss step 40/200: score=7.853380 (avg=7.835569), loss=0.202480 (avg=0.203443), pairs_step=12154, pairs_total=486107
[2026-02-28 14:05:45,110] INFO:fitness.free_loss_fidelity: RL4CO free-loss step 60/200: score=7.851566 (avg=7.832267), loss=0.213384 (avg=0.204379), pairs_step=12150, pairs_total=729169
[2026-02-28 14:05:45,110] INFO:fitness.free_loss_fidelity: RL4CO free-loss step 60/200: score=7.851566 (avg=7.832267), loss=0.213384 (avg=0.204379), pairs_step=12150, pairs_total=729169
[2026-02-28 14:05:51,776] INFO:fitness.free_loss_fidelity: RL4CO free-loss step 80/200: score=7.828509 (avg=7.831560), loss=0.203581 (avg=0.204483), pairs_step=12152, pairs_total=972217
[2026-02-28 14:05:51,776] INFO:fitness.free_loss_fidelity: RL4CO free-loss step 80/200: score=7.828509 (avg=7.831560), loss=0.203581 (avg=0.204483), pairs_step=12152, pairs_total=972217
[2026-02-28 14:05:58,443] INFO:fitness.free_loss_fidelity: RL4CO free-loss step 100/200: score=7.785756 (avg=7.831532), loss=0.208196 (avg=0.203713), pairs_step=12154, pairs_total=1215278
[2026-02-28 14:05:58,443] INFO:fitness.free_loss_fidelity: RL4CO free-loss step 100/200: score=7.785756 (avg=7.831532), loss=0.208196 (avg=0.203713), pairs_step=12154, pairs_total=1215278
[2026-02-28 14:06:05,141] INFO:fitness.free_loss_fidelity: RL4CO free-loss step 120/200: score=7.807533 (avg=7.833236), loss=0.195608 (avg=0.202216), pairs_step=12153, pairs_total=1458332
[2026-02-28 14:06:05,141] INFO:fitness.free_loss_fidelity: RL4CO free-loss step 120/200: score=7.807533 (avg=7.833236), loss=0.195608 (avg=0.202216), pairs_step=12153, pairs_total=1458332
[2026-02-28 14:06:11,809] INFO:fitness.free_loss_fidelity: RL4CO free-loss step 140/200: score=7.860605 (avg=7.834775), loss=0.186900 (avg=0.200845), pairs_step=12151, pairs_total=1701416
[2026-02-28 14:06:11,809] INFO:fitness.free_loss_fidelity: RL4CO free-loss step 140/200: score=7.860605 (avg=7.834775), loss=0.186900 (avg=0.200845), pairs_step=12151, pairs_total=1701416
[2026-02-28 14:06:18,483] INFO:fitness.free_loss_fidelity: RL4CO free-loss step 160/200: score=7.834188 (avg=7.834352), loss=0.214919 (avg=0.200656), pairs_step=12155, pairs_total=1944497
[2026-02-28 14:06:18,483] INFO:fitness.free_loss_fidelity: RL4CO free-loss step 160/200: score=7.834188 (avg=7.834352), loss=0.214919 (avg=0.200656), pairs_step=12155, pairs_total=1944497
[2026-02-28 14:06:25,145] INFO:fitness.free_loss_fidelity: RL4CO free-loss step 180/200: score=7.819192 (avg=7.833521), loss=0.210233 (avg=0.200951), pairs_step=12148, pairs_total=2187588
[2026-02-28 14:06:25,145] INFO:fitness.free_loss_fidelity: RL4CO free-loss step 180/200: score=7.819192 (avg=7.833521), loss=0.210233 (avg=0.200951), pairs_step=12148, pairs_total=2187588
[2026-02-28 14:06:31,807] INFO:fitness.free_loss_fidelity: RL4CO free-loss step 200/200: score=7.847158 (avg=7.832564), loss=0.197468 (avg=0.201631), pairs_step=12148, pairs_total=2430665
[2026-02-28 14:06:31,807] INFO:fitness.free_loss_fidelity: RL4CO free-loss step 200/200: score=7.847158 (avg=7.832564), loss=0.197468 (avg=0.201631), pairs_step=12148, pairs_total=2430665
