[2026-02-28 12:45:45,696] INFO:fitness.free_loss_fidelity: Stage3 offline mini-train start gen=1 pair_index=11 K=200 seed=12345 valid_sizes=[20, 100] baseline_json=baseline/mini_eval/baseline_minitrain_tsp100_K200.json
[2026-02-28 12:45:45,696] INFO:fitness.free_loss_fidelity: Stage3 offline mini-train start gen=1 pair_index=11 K=200 seed=12345 valid_sizes=[20, 100] baseline_json=baseline/mini_eval/baseline_minitrain_tsp100_K200.json
[2026-02-28 12:45:45,714] INFO:fitness.free_loss_fidelity: RL4CO free-loss (step-mode): f1_steps=200, f2_steps=0, total_steps=200, train_problem_size=100, rollouts=20, batch_size=64, device=cuda:2, env=tsp
[2026-02-28 12:45:45,714] INFO:fitness.free_loss_fidelity: RL4CO free-loss (step-mode): f1_steps=200, f2_steps=0, total_steps=200, train_problem_size=100, rollouts=20, batch_size=64, device=cuda:2, env=tsp
[2026-02-28 12:45:46,040] INFO:fitness.free_loss_fidelity: RL4CO free-loss step 1/200: score=36.626595 (avg=36.626595), loss=0.850539 (avg=0.850539), pairs_step=12160, pairs_total=12160
[2026-02-28 12:45:46,040] INFO:fitness.free_loss_fidelity: RL4CO free-loss step 1/200: score=36.626595 (avg=36.626595), loss=0.850539 (avg=0.850539), pairs_step=12160, pairs_total=12160
[2026-02-28 12:45:51,497] INFO:fitness.free_loss_fidelity: RL4CO free-loss step 20/200: score=11.036007 (avg=13.440929), loss=0.606928 (avg=0.643036), pairs_step=12160, pairs_total=243200
[2026-02-28 12:45:51,497] INFO:fitness.free_loss_fidelity: RL4CO free-loss step 20/200: score=11.036007 (avg=13.440929), loss=0.606928 (avg=0.643036), pairs_step=12160, pairs_total=243200
[2026-02-28 12:45:57,215] INFO:fitness.free_loss_fidelity: RL4CO free-loss step 40/200: score=10.048365 (avg=11.915298), loss=0.610939 (avg=0.626243), pairs_step=12160, pairs_total=486400
[2026-02-28 12:45:57,215] INFO:fitness.free_loss_fidelity: RL4CO free-loss step 40/200: score=10.048365 (avg=11.915298), loss=0.610939 (avg=0.626243), pairs_step=12160, pairs_total=486400
[2026-02-28 12:46:02,942] INFO:fitness.free_loss_fidelity: RL4CO free-loss step 60/200: score=9.787001 (avg=11.217896), loss=0.597311 (avg=0.618631), pairs_step=12160, pairs_total=729600
[2026-02-28 12:46:02,942] INFO:fitness.free_loss_fidelity: RL4CO free-loss step 60/200: score=9.787001 (avg=11.217896), loss=0.597311 (avg=0.618631), pairs_step=12160, pairs_total=729600
[2026-02-28 12:46:08,653] INFO:fitness.free_loss_fidelity: RL4CO free-loss step 80/200: score=9.539684 (avg=10.823902), loss=0.595186 (avg=0.612765), pairs_step=12160, pairs_total=972800
[2026-02-28 12:46:08,653] INFO:fitness.free_loss_fidelity: RL4CO free-loss step 80/200: score=9.539684 (avg=10.823902), loss=0.595186 (avg=0.612765), pairs_step=12160, pairs_total=972800
[2026-02-28 12:46:14,362] INFO:fitness.free_loss_fidelity: RL4CO free-loss step 100/200: score=9.507946 (avg=10.560032), loss=0.584373 (avg=0.608195), pairs_step=12160, pairs_total=1216000
[2026-02-28 12:46:14,362] INFO:fitness.free_loss_fidelity: RL4CO free-loss step 100/200: score=9.507946 (avg=10.560032), loss=0.584373 (avg=0.608195), pairs_step=12160, pairs_total=1216000
[2026-02-28 12:46:20,157] INFO:fitness.free_loss_fidelity: RL4CO free-loss step 120/200: score=9.341024 (avg=10.367784), loss=0.590761 (avg=0.604429), pairs_step=12160, pairs_total=1459200
[2026-02-28 12:46:20,157] INFO:fitness.free_loss_fidelity: RL4CO free-loss step 120/200: score=9.341024 (avg=10.367784), loss=0.590761 (avg=0.604429), pairs_step=12160, pairs_total=1459200
[2026-02-28 12:46:25,865] INFO:fitness.free_loss_fidelity: RL4CO free-loss step 140/200: score=9.307593 (avg=10.222739), loss=0.594191 (avg=0.601844), pairs_step=12160, pairs_total=1702400
[2026-02-28 12:46:25,865] INFO:fitness.free_loss_fidelity: RL4CO free-loss step 140/200: score=9.307593 (avg=10.222739), loss=0.594191 (avg=0.601844), pairs_step=12160, pairs_total=1702400
[2026-02-28 12:46:31,586] INFO:fitness.free_loss_fidelity: RL4CO free-loss step 160/200: score=9.261650 (avg=10.105738), loss=0.588441 (avg=0.600800), pairs_step=12160, pairs_total=1945599
[2026-02-28 12:46:31,586] INFO:fitness.free_loss_fidelity: RL4CO free-loss step 160/200: score=9.261650 (avg=10.105738), loss=0.588441 (avg=0.600800), pairs_step=12160, pairs_total=1945599
[2026-02-28 12:46:37,288] INFO:fitness.free_loss_fidelity: RL4CO free-loss step 180/200: score=9.239931 (avg=10.006934), loss=0.612316 (avg=0.599984), pairs_step=12160, pairs_total=2188797
[2026-02-28 12:46:37,288] INFO:fitness.free_loss_fidelity: RL4CO free-loss step 180/200: score=9.239931 (avg=10.006934), loss=0.612316 (avg=0.599984), pairs_step=12160, pairs_total=2188797
[2026-02-28 12:46:43,001] INFO:fitness.free_loss_fidelity: RL4CO free-loss step 200/200: score=9.171824 (avg=9.923244), loss=0.594296 (avg=0.598969), pairs_step=12160, pairs_total=2431996
[2026-02-28 12:46:43,001] INFO:fitness.free_loss_fidelity: RL4CO free-loss step 200/200: score=9.171824 (avg=9.923244), loss=0.594296 (avg=0.598969), pairs_step=12160, pairs_total=2431996
[2026-02-28 12:46:44,301] WARNING:fitness.free_loss_fidelity: weights_only checkpoint load failed (UnpicklingError); retrying weights_only=False for /data1/gushengda/eam-rl4co/baseline/epoch_135.ckpt
[2026-02-28 12:46:44,301] WARNING:fitness.free_loss_fidelity: weights_only checkpoint load failed (UnpicklingError); retrying weights_only=False for /data1/gushengda/eam-rl4co/baseline/epoch_135.ckpt
[2026-02-28 12:46:44,341] INFO:fitness.free_loss_fidelity: Loaded init checkpoint into policy: path=/data1/gushengda/eam-rl4co/baseline/epoch_135.ckpt prefix=policy. matched=97 missing=0 unexpected=0
[2026-02-28 12:46:44,341] INFO:fitness.free_loss_fidelity: Loaded init checkpoint into policy: path=/data1/gushengda/eam-rl4co/baseline/epoch_135.ckpt prefix=policy. matched=97 missing=0 unexpected=0
[2026-02-28 12:46:44,345] INFO:fitness.free_loss_fidelity: RL4CO free-loss (step-mode): f1_steps=200, f2_steps=0, total_steps=200, train_problem_size=100, rollouts=20, batch_size=64, device=cuda:2, env=tsp
[2026-02-28 12:46:44,345] INFO:fitness.free_loss_fidelity: RL4CO free-loss (step-mode): f1_steps=200, f2_steps=0, total_steps=200, train_problem_size=100, rollouts=20, batch_size=64, device=cuda:2, env=tsp
[2026-02-28 12:46:44,639] INFO:fitness.free_loss_fidelity: RL4CO free-loss step 1/200: score=7.825121 (avg=7.825121), loss=0.673075 (avg=0.673075), pairs_step=12151, pairs_total=12151
[2026-02-28 12:46:44,639] INFO:fitness.free_loss_fidelity: RL4CO free-loss step 1/200: score=7.825121 (avg=7.825121), loss=0.673075 (avg=0.673075), pairs_step=12151, pairs_total=12151
[2026-02-28 12:46:50,068] INFO:fitness.free_loss_fidelity: RL4CO free-loss step 20/200: score=7.819624 (avg=7.841587), loss=0.666763 (avg=0.668739), pairs_step=12156, pairs_total=243079
[2026-02-28 12:46:50,068] INFO:fitness.free_loss_fidelity: RL4CO free-loss step 20/200: score=7.819624 (avg=7.841587), loss=0.666763 (avg=0.668739), pairs_step=12156, pairs_total=243079
[2026-02-28 12:46:55,791] INFO:fitness.free_loss_fidelity: RL4CO free-loss step 40/200: score=7.854802 (avg=7.837760), loss=0.668704 (avg=0.668188), pairs_step=12154, pairs_total=486171
[2026-02-28 12:46:55,791] INFO:fitness.free_loss_fidelity: RL4CO free-loss step 40/200: score=7.854802 (avg=7.837760), loss=0.668704 (avg=0.668188), pairs_step=12154, pairs_total=486171
[2026-02-28 12:47:01,513] INFO:fitness.free_loss_fidelity: RL4CO free-loss step 60/200: score=7.843256 (avg=7.836098), loss=0.666650 (avg=0.668589), pairs_step=12152, pairs_total=729239
[2026-02-28 12:47:01,513] INFO:fitness.free_loss_fidelity: RL4CO free-loss step 60/200: score=7.843256 (avg=7.836098), loss=0.666650 (avg=0.668589), pairs_step=12152, pairs_total=729239
[2026-02-28 12:47:07,254] INFO:fitness.free_loss_fidelity: RL4CO free-loss step 80/200: score=7.845340 (avg=7.834810), loss=0.668435 (avg=0.668906), pairs_step=12156, pairs_total=972284
[2026-02-28 12:47:07,254] INFO:fitness.free_loss_fidelity: RL4CO free-loss step 80/200: score=7.845340 (avg=7.834810), loss=0.668435 (avg=0.668906), pairs_step=12156, pairs_total=972284
[2026-02-28 12:47:12,969] INFO:fitness.free_loss_fidelity: RL4CO free-loss step 100/200: score=7.795503 (avg=7.836316), loss=0.675371 (avg=0.668948), pairs_step=12154, pairs_total=1215370
[2026-02-28 12:47:12,969] INFO:fitness.free_loss_fidelity: RL4CO free-loss step 100/200: score=7.795503 (avg=7.836316), loss=0.675371 (avg=0.668948), pairs_step=12154, pairs_total=1215370
[2026-02-28 12:47:18,685] INFO:fitness.free_loss_fidelity: RL4CO free-loss step 120/200: score=7.809626 (avg=7.837846), loss=0.666313 (avg=0.669243), pairs_step=12155, pairs_total=1458441
[2026-02-28 12:47:18,685] INFO:fitness.free_loss_fidelity: RL4CO free-loss step 120/200: score=7.809626 (avg=7.837846), loss=0.666313 (avg=0.669243), pairs_step=12155, pairs_total=1458441
[2026-02-28 12:47:24,375] INFO:fitness.free_loss_fidelity: RL4CO free-loss step 140/200: score=7.867978 (avg=7.839239), loss=0.671876 (avg=0.669269), pairs_step=12152, pairs_total=1701519
[2026-02-28 12:47:24,375] INFO:fitness.free_loss_fidelity: RL4CO free-loss step 140/200: score=7.867978 (avg=7.839239), loss=0.671876 (avg=0.669269), pairs_step=12152, pairs_total=1701519
[2026-02-28 12:47:30,081] INFO:fitness.free_loss_fidelity: RL4CO free-loss step 160/200: score=7.840712 (avg=7.838571), loss=0.675839 (avg=0.669476), pairs_step=12156, pairs_total=1944600
[2026-02-28 12:47:30,081] INFO:fitness.free_loss_fidelity: RL4CO free-loss step 160/200: score=7.840712 (avg=7.838571), loss=0.675839 (avg=0.669476), pairs_step=12156, pairs_total=1944600
[2026-02-28 12:47:35,785] INFO:fitness.free_loss_fidelity: RL4CO free-loss step 180/200: score=7.823783 (avg=7.837738), loss=0.671275 (avg=0.669627), pairs_step=12157, pairs_total=2187667
[2026-02-28 12:47:35,785] INFO:fitness.free_loss_fidelity: RL4CO free-loss step 180/200: score=7.823783 (avg=7.837738), loss=0.671275 (avg=0.669627), pairs_step=12157, pairs_total=2187667
[2026-02-28 12:47:41,498] INFO:fitness.free_loss_fidelity: RL4CO free-loss step 200/200: score=7.852717 (avg=7.836702), loss=0.669286 (avg=0.669902), pairs_step=12154, pairs_total=2430765
[2026-02-28 12:47:41,498] INFO:fitness.free_loss_fidelity: RL4CO free-loss step 200/200: score=7.852717 (avg=7.836702), loss=0.669286 (avg=0.669902), pairs_step=12154, pairs_total=2430765
[2026-02-28 12:47:42,798] WARNING:fitness.free_loss_fidelity: weights_only checkpoint load failed (UnpicklingError); retrying weights_only=False for /data1/gushengda/eam-rl4co/baseline/epoch_409.ckpt
[2026-02-28 12:47:42,798] WARNING:fitness.free_loss_fidelity: weights_only checkpoint load failed (UnpicklingError); retrying weights_only=False for /data1/gushengda/eam-rl4co/baseline/epoch_409.ckpt
[2026-02-28 12:47:42,839] INFO:fitness.free_loss_fidelity: Loaded init checkpoint into policy: path=/data1/gushengda/eam-rl4co/baseline/epoch_409.ckpt prefix=policy. matched=97 missing=0 unexpected=0
[2026-02-28 12:47:42,839] INFO:fitness.free_loss_fidelity: Loaded init checkpoint into policy: path=/data1/gushengda/eam-rl4co/baseline/epoch_409.ckpt prefix=policy. matched=97 missing=0 unexpected=0
[2026-02-28 12:47:42,844] INFO:fitness.free_loss_fidelity: RL4CO free-loss (step-mode): f1_steps=200, f2_steps=0, total_steps=200, train_problem_size=100, rollouts=20, batch_size=64, device=cuda:2, env=tsp
[2026-02-28 12:47:42,844] INFO:fitness.free_loss_fidelity: RL4CO free-loss (step-mode): f1_steps=200, f2_steps=0, total_steps=200, train_problem_size=100, rollouts=20, batch_size=64, device=cuda:2, env=tsp
[2026-02-28 12:47:43,174] INFO:fitness.free_loss_fidelity: RL4CO free-loss step 1/200: score=7.826895 (avg=7.826895), loss=0.214142 (avg=0.214142), pairs_step=12149, pairs_total=12149
[2026-02-28 12:47:43,174] INFO:fitness.free_loss_fidelity: RL4CO free-loss step 1/200: score=7.826895 (avg=7.826895), loss=0.214142 (avg=0.214142), pairs_step=12149, pairs_total=12149
[2026-02-28 12:47:48,596] INFO:fitness.free_loss_fidelity: RL4CO free-loss step 20/200: score=7.814071 (avg=7.837390), loss=0.188426 (avg=0.195558), pairs_step=12154, pairs_total=243079
[2026-02-28 12:47:48,596] INFO:fitness.free_loss_fidelity: RL4CO free-loss step 20/200: score=7.814071 (avg=7.837390), loss=0.188426 (avg=0.195558), pairs_step=12154, pairs_total=243079
[2026-02-28 12:47:54,329] INFO:fitness.free_loss_fidelity: RL4CO free-loss step 40/200: score=7.852630 (avg=7.836972), loss=0.209155 (avg=0.200585), pairs_step=12149, pairs_total=486128
[2026-02-28 12:47:54,329] INFO:fitness.free_loss_fidelity: RL4CO free-loss step 40/200: score=7.852630 (avg=7.836972), loss=0.209155 (avg=0.200585), pairs_step=12149, pairs_total=486128
[2026-02-28 12:48:00,060] INFO:fitness.free_loss_fidelity: RL4CO free-loss step 60/200: score=7.844596 (avg=7.835272), loss=0.211623 (avg=0.203567), pairs_step=12146, pairs_total=729187
[2026-02-28 12:48:00,060] INFO:fitness.free_loss_fidelity: RL4CO free-loss step 60/200: score=7.844596 (avg=7.835272), loss=0.211623 (avg=0.203567), pairs_step=12146, pairs_total=729187
[2026-02-28 12:48:05,827] INFO:fitness.free_loss_fidelity: RL4CO free-loss step 80/200: score=7.835485 (avg=7.835321), loss=0.202628 (avg=0.202910), pairs_step=12158, pairs_total=972298
[2026-02-28 12:48:05,827] INFO:fitness.free_loss_fidelity: RL4CO free-loss step 80/200: score=7.835485 (avg=7.835321), loss=0.202628 (avg=0.202910), pairs_step=12158, pairs_total=972298
[2026-02-28 12:48:11,579] INFO:fitness.free_loss_fidelity: RL4CO free-loss step 100/200: score=7.795958 (avg=7.836179), loss=0.219112 (avg=0.204447), pairs_step=12149, pairs_total=1215383
[2026-02-28 12:48:11,579] INFO:fitness.free_loss_fidelity: RL4CO free-loss step 100/200: score=7.795958 (avg=7.836179), loss=0.219112 (avg=0.204447), pairs_step=12149, pairs_total=1215383
[2026-02-28 12:48:17,311] INFO:fitness.free_loss_fidelity: RL4CO free-loss step 120/200: score=7.808436 (avg=7.837375), loss=0.212686 (avg=0.205436), pairs_step=12150, pairs_total=1458466
[2026-02-28 12:48:17,311] INFO:fitness.free_loss_fidelity: RL4CO free-loss step 120/200: score=7.808436 (avg=7.837375), loss=0.212686 (avg=0.205436), pairs_step=12150, pairs_total=1458466
[2026-02-28 12:48:23,046] INFO:fitness.free_loss_fidelity: RL4CO free-loss step 140/200: score=7.863586 (avg=7.837695), loss=0.202571 (avg=0.206424), pairs_step=12154, pairs_total=1701545
[2026-02-28 12:48:23,046] INFO:fitness.free_loss_fidelity: RL4CO free-loss step 140/200: score=7.863586 (avg=7.837695), loss=0.202571 (avg=0.206424), pairs_step=12154, pairs_total=1701545
[2026-02-28 12:48:28,726] INFO:fitness.free_loss_fidelity: RL4CO free-loss step 160/200: score=7.831303 (avg=7.837107), loss=0.217777 (avg=0.206563), pairs_step=12156, pairs_total=1944587
[2026-02-28 12:48:28,726] INFO:fitness.free_loss_fidelity: RL4CO free-loss step 160/200: score=7.831303 (avg=7.837107), loss=0.217777 (avg=0.206563), pairs_step=12156, pairs_total=1944587
[2026-02-28 12:48:34,421] INFO:fitness.free_loss_fidelity: RL4CO free-loss step 180/200: score=7.812864 (avg=7.835746), loss=0.202184 (avg=0.206706), pairs_step=12152, pairs_total=2187681
[2026-02-28 12:48:34,421] INFO:fitness.free_loss_fidelity: RL4CO free-loss step 180/200: score=7.812864 (avg=7.835746), loss=0.202184 (avg=0.206706), pairs_step=12152, pairs_total=2187681
[2026-02-28 12:48:40,118] INFO:fitness.free_loss_fidelity: RL4CO free-loss step 200/200: score=7.842647 (avg=7.834464), loss=0.192619 (avg=0.206296), pairs_step=12157, pairs_total=2430746
[2026-02-28 12:48:40,118] INFO:fitness.free_loss_fidelity: RL4CO free-loss step 200/200: score=7.842647 (avg=7.834464), loss=0.192619 (avg=0.206296), pairs_step=12157, pairs_total=2430746
