[2026-02-28 14:23:07,136] INFO:fitness.free_loss_fidelity: Stage3 offline mini-train start gen=6 pair_index=14 K=200 seed=12345 valid_sizes=[20, 100] baseline_json=baseline/mini_eval/baseline_minitrain_tsp100_K200.json
[2026-02-28 14:23:07,136] INFO:fitness.free_loss_fidelity: Stage3 offline mini-train start gen=6 pair_index=14 K=200 seed=12345 valid_sizes=[20, 100] baseline_json=baseline/mini_eval/baseline_minitrain_tsp100_K200.json
[2026-02-28 14:23:07,158] INFO:fitness.free_loss_fidelity: RL4CO free-loss (step-mode): f1_steps=200, f2_steps=0, total_steps=200, train_problem_size=100, rollouts=20, batch_size=64, device=cuda:2, env=tsp
[2026-02-28 14:23:07,158] INFO:fitness.free_loss_fidelity: RL4CO free-loss (step-mode): f1_steps=200, f2_steps=0, total_steps=200, train_problem_size=100, rollouts=20, batch_size=64, device=cuda:2, env=tsp
[2026-02-28 14:23:07,468] INFO:fitness.free_loss_fidelity: RL4CO free-loss step 1/200: score=36.626595 (avg=36.626595), loss=0.799510 (avg=0.799510), pairs_step=12160, pairs_total=12160
[2026-02-28 14:23:07,468] INFO:fitness.free_loss_fidelity: RL4CO free-loss step 1/200: score=36.626595 (avg=36.626595), loss=0.799510 (avg=0.799510), pairs_step=12160, pairs_total=12160
[2026-02-28 14:23:12,879] INFO:fitness.free_loss_fidelity: RL4CO free-loss step 20/200: score=10.300881 (avg=13.326394), loss=0.595886 (avg=0.612289), pairs_step=12160, pairs_total=243200
[2026-02-28 14:23:12,879] INFO:fitness.free_loss_fidelity: RL4CO free-loss step 20/200: score=10.300881 (avg=13.326394), loss=0.595886 (avg=0.612289), pairs_step=12160, pairs_total=243200
[2026-02-28 14:23:18,584] INFO:fitness.free_loss_fidelity: RL4CO free-loss step 40/200: score=9.879261 (avg=11.670342), loss=0.584099 (avg=0.603263), pairs_step=12160, pairs_total=486400
[2026-02-28 14:23:18,584] INFO:fitness.free_loss_fidelity: RL4CO free-loss step 40/200: score=9.879261 (avg=11.670342), loss=0.584099 (avg=0.603263), pairs_step=12160, pairs_total=486400
[2026-02-28 14:23:24,282] INFO:fitness.free_loss_fidelity: RL4CO free-loss step 60/200: score=9.763792 (avg=11.029253), loss=0.604194 (avg=0.599497), pairs_step=12160, pairs_total=729600
[2026-02-28 14:23:24,282] INFO:fitness.free_loss_fidelity: RL4CO free-loss step 60/200: score=9.763792 (avg=11.029253), loss=0.604194 (avg=0.599497), pairs_step=12160, pairs_total=729600
[2026-02-28 14:23:30,333] INFO:fitness.free_loss_fidelity: RL4CO free-loss step 80/200: score=9.491894 (avg=10.660383), loss=0.588878 (avg=0.596340), pairs_step=12160, pairs_total=972800
[2026-02-28 14:23:30,333] INFO:fitness.free_loss_fidelity: RL4CO free-loss step 80/200: score=9.491894 (avg=10.660383), loss=0.588878 (avg=0.596340), pairs_step=12160, pairs_total=972800
[2026-02-28 14:23:36,005] INFO:fitness.free_loss_fidelity: RL4CO free-loss step 100/200: score=9.341559 (avg=10.417936), loss=0.578840 (avg=0.592261), pairs_step=12160, pairs_total=1216000
[2026-02-28 14:23:36,005] INFO:fitness.free_loss_fidelity: RL4CO free-loss step 100/200: score=9.341559 (avg=10.417936), loss=0.578840 (avg=0.592261), pairs_step=12160, pairs_total=1216000
[2026-02-28 14:23:41,649] INFO:fitness.free_loss_fidelity: RL4CO free-loss step 120/200: score=9.480141 (avg=10.243725), loss=0.571285 (avg=0.591096), pairs_step=12160, pairs_total=1459200
[2026-02-28 14:23:41,649] INFO:fitness.free_loss_fidelity: RL4CO free-loss step 120/200: score=9.480141 (avg=10.243725), loss=0.571285 (avg=0.591096), pairs_step=12160, pairs_total=1459200
[2026-02-28 14:23:47,304] INFO:fitness.free_loss_fidelity: RL4CO free-loss step 140/200: score=9.337207 (avg=10.122200), loss=0.570949 (avg=0.588842), pairs_step=12160, pairs_total=1702400
[2026-02-28 14:23:47,304] INFO:fitness.free_loss_fidelity: RL4CO free-loss step 140/200: score=9.337207 (avg=10.122200), loss=0.570949 (avg=0.588842), pairs_step=12160, pairs_total=1702400
[2026-02-28 14:23:52,946] INFO:fitness.free_loss_fidelity: RL4CO free-loss step 160/200: score=9.187920 (avg=10.015347), loss=0.596971 (avg=0.587749), pairs_step=12160, pairs_total=1945600
[2026-02-28 14:23:52,946] INFO:fitness.free_loss_fidelity: RL4CO free-loss step 160/200: score=9.187920 (avg=10.015347), loss=0.596971 (avg=0.587749), pairs_step=12160, pairs_total=1945600
[2026-02-28 14:23:58,639] INFO:fitness.free_loss_fidelity: RL4CO free-loss step 180/200: score=9.186890 (avg=9.925877), loss=0.583339 (avg=0.586907), pairs_step=12160, pairs_total=2188800
[2026-02-28 14:23:58,639] INFO:fitness.free_loss_fidelity: RL4CO free-loss step 180/200: score=9.186890 (avg=9.925877), loss=0.583339 (avg=0.586907), pairs_step=12160, pairs_total=2188800
[2026-02-28 14:24:04,308] INFO:fitness.free_loss_fidelity: RL4CO free-loss step 200/200: score=9.138381 (avg=9.850044), loss=0.585220 (avg=0.586600), pairs_step=12160, pairs_total=2432000
[2026-02-28 14:24:04,308] INFO:fitness.free_loss_fidelity: RL4CO free-loss step 200/200: score=9.138381 (avg=9.850044), loss=0.585220 (avg=0.586600), pairs_step=12160, pairs_total=2432000
[2026-02-28 14:24:05,606] WARNING:fitness.free_loss_fidelity: weights_only checkpoint load failed (UnpicklingError); retrying weights_only=False for /data1/gushengda/eam-rl4co/baseline/epoch_135.ckpt
[2026-02-28 14:24:05,606] WARNING:fitness.free_loss_fidelity: weights_only checkpoint load failed (UnpicklingError); retrying weights_only=False for /data1/gushengda/eam-rl4co/baseline/epoch_135.ckpt
[2026-02-28 14:24:05,651] INFO:fitness.free_loss_fidelity: Loaded init checkpoint into policy: path=/data1/gushengda/eam-rl4co/baseline/epoch_135.ckpt prefix=policy. matched=97 missing=0 unexpected=0
[2026-02-28 14:24:05,651] INFO:fitness.free_loss_fidelity: Loaded init checkpoint into policy: path=/data1/gushengda/eam-rl4co/baseline/epoch_135.ckpt prefix=policy. matched=97 missing=0 unexpected=0
[2026-02-28 14:24:05,656] INFO:fitness.free_loss_fidelity: RL4CO free-loss (step-mode): f1_steps=200, f2_steps=0, total_steps=200, train_problem_size=100, rollouts=20, batch_size=64, device=cuda:2, env=tsp
[2026-02-28 14:24:05,656] INFO:fitness.free_loss_fidelity: RL4CO free-loss (step-mode): f1_steps=200, f2_steps=0, total_steps=200, train_problem_size=100, rollouts=20, batch_size=64, device=cuda:2, env=tsp
[2026-02-28 14:24:05,958] INFO:fitness.free_loss_fidelity: RL4CO free-loss step 1/200: score=7.825121 (avg=7.825121), loss=0.669578 (avg=0.669578), pairs_step=12151, pairs_total=12151
[2026-02-28 14:24:05,958] INFO:fitness.free_loss_fidelity: RL4CO free-loss step 1/200: score=7.825121 (avg=7.825121), loss=0.669578 (avg=0.669578), pairs_step=12151, pairs_total=12151
[2026-02-28 14:24:11,372] INFO:fitness.free_loss_fidelity: RL4CO free-loss step 20/200: score=7.818598 (avg=7.844326), loss=0.662466 (avg=0.660550), pairs_step=12156, pairs_total=243094
[2026-02-28 14:24:11,372] INFO:fitness.free_loss_fidelity: RL4CO free-loss step 20/200: score=7.818598 (avg=7.844326), loss=0.662466 (avg=0.660550), pairs_step=12156, pairs_total=243094
[2026-02-28 14:24:17,047] INFO:fitness.free_loss_fidelity: RL4CO free-loss step 40/200: score=7.846328 (avg=7.839913), loss=0.662075 (avg=0.661364), pairs_step=12158, pairs_total=486159
[2026-02-28 14:24:17,047] INFO:fitness.free_loss_fidelity: RL4CO free-loss step 40/200: score=7.846328 (avg=7.839913), loss=0.662075 (avg=0.661364), pairs_step=12158, pairs_total=486159
[2026-02-28 14:24:22,729] INFO:fitness.free_loss_fidelity: RL4CO free-loss step 60/200: score=7.846211 (avg=7.837459), loss=0.657357 (avg=0.661766), pairs_step=12147, pairs_total=729203
[2026-02-28 14:24:22,729] INFO:fitness.free_loss_fidelity: RL4CO free-loss step 60/200: score=7.846211 (avg=7.837459), loss=0.657357 (avg=0.661766), pairs_step=12147, pairs_total=729203
[2026-02-28 14:24:28,430] INFO:fitness.free_loss_fidelity: RL4CO free-loss step 80/200: score=7.838374 (avg=7.836072), loss=0.661423 (avg=0.662196), pairs_step=12153, pairs_total=972298
[2026-02-28 14:24:28,430] INFO:fitness.free_loss_fidelity: RL4CO free-loss step 80/200: score=7.838374 (avg=7.836072), loss=0.661423 (avg=0.662196), pairs_step=12153, pairs_total=972298
[2026-02-28 14:24:34,105] INFO:fitness.free_loss_fidelity: RL4CO free-loss step 100/200: score=7.796665 (avg=7.836825), loss=0.655792 (avg=0.662217), pairs_step=12158, pairs_total=1215390
[2026-02-28 14:24:34,105] INFO:fitness.free_loss_fidelity: RL4CO free-loss step 100/200: score=7.796665 (avg=7.836825), loss=0.655792 (avg=0.662217), pairs_step=12158, pairs_total=1215390
[2026-02-28 14:24:39,776] INFO:fitness.free_loss_fidelity: RL4CO free-loss step 120/200: score=7.818306 (avg=7.839253), loss=0.660471 (avg=0.662531), pairs_step=12152, pairs_total=1458449
[2026-02-28 14:24:39,776] INFO:fitness.free_loss_fidelity: RL4CO free-loss step 120/200: score=7.818306 (avg=7.839253), loss=0.660471 (avg=0.662531), pairs_step=12152, pairs_total=1458449
[2026-02-28 14:24:45,517] INFO:fitness.free_loss_fidelity: RL4CO free-loss step 140/200: score=7.874962 (avg=7.840819), loss=0.660738 (avg=0.662820), pairs_step=12157, pairs_total=1701548
[2026-02-28 14:24:45,517] INFO:fitness.free_loss_fidelity: RL4CO free-loss step 140/200: score=7.874962 (avg=7.840819), loss=0.660738 (avg=0.662820), pairs_step=12157, pairs_total=1701548
[2026-02-28 14:24:51,336] INFO:fitness.free_loss_fidelity: RL4CO free-loss step 160/200: score=7.825759 (avg=7.840216), loss=0.654266 (avg=0.662558), pairs_step=12155, pairs_total=1944615
[2026-02-28 14:24:51,336] INFO:fitness.free_loss_fidelity: RL4CO free-loss step 160/200: score=7.825759 (avg=7.840216), loss=0.654266 (avg=0.662558), pairs_step=12155, pairs_total=1944615
[2026-02-28 14:24:57,107] INFO:fitness.free_loss_fidelity: RL4CO free-loss step 180/200: score=7.824666 (avg=7.838836), loss=0.656550 (avg=0.662305), pairs_step=12151, pairs_total=2187683
[2026-02-28 14:24:57,107] INFO:fitness.free_loss_fidelity: RL4CO free-loss step 180/200: score=7.824666 (avg=7.838836), loss=0.656550 (avg=0.662305), pairs_step=12151, pairs_total=2187683
[2026-02-28 14:25:02,904] INFO:fitness.free_loss_fidelity: RL4CO free-loss step 200/200: score=7.851186 (avg=7.837818), loss=0.663463 (avg=0.662213), pairs_step=12154, pairs_total=2430786
[2026-02-28 14:25:02,904] INFO:fitness.free_loss_fidelity: RL4CO free-loss step 200/200: score=7.851186 (avg=7.837818), loss=0.663463 (avg=0.662213), pairs_step=12154, pairs_total=2430786
[2026-02-28 14:25:04,317] WARNING:fitness.free_loss_fidelity: weights_only checkpoint load failed (UnpicklingError); retrying weights_only=False for /data1/gushengda/eam-rl4co/baseline/epoch_409.ckpt
[2026-02-28 14:25:04,317] WARNING:fitness.free_loss_fidelity: weights_only checkpoint load failed (UnpicklingError); retrying weights_only=False for /data1/gushengda/eam-rl4co/baseline/epoch_409.ckpt
[2026-02-28 14:25:04,351] INFO:fitness.free_loss_fidelity: Loaded init checkpoint into policy: path=/data1/gushengda/eam-rl4co/baseline/epoch_409.ckpt prefix=policy. matched=97 missing=0 unexpected=0
[2026-02-28 14:25:04,351] INFO:fitness.free_loss_fidelity: Loaded init checkpoint into policy: path=/data1/gushengda/eam-rl4co/baseline/epoch_409.ckpt prefix=policy. matched=97 missing=0 unexpected=0
[2026-02-28 14:25:04,356] INFO:fitness.free_loss_fidelity: RL4CO free-loss (step-mode): f1_steps=200, f2_steps=0, total_steps=200, train_problem_size=100, rollouts=20, batch_size=64, device=cuda:2, env=tsp
[2026-02-28 14:25:04,356] INFO:fitness.free_loss_fidelity: RL4CO free-loss (step-mode): f1_steps=200, f2_steps=0, total_steps=200, train_problem_size=100, rollouts=20, batch_size=64, device=cuda:2, env=tsp
[2026-02-28 14:25:04,697] INFO:fitness.free_loss_fidelity: RL4CO free-loss step 1/200: score=7.826895 (avg=7.826895), loss=0.211357 (avg=0.211357), pairs_step=12149, pairs_total=12149
[2026-02-28 14:25:04,697] INFO:fitness.free_loss_fidelity: RL4CO free-loss step 1/200: score=7.826895 (avg=7.826895), loss=0.211357 (avg=0.211357), pairs_step=12149, pairs_total=12149
[2026-02-28 14:25:10,386] INFO:fitness.free_loss_fidelity: RL4CO free-loss step 20/200: score=7.814837 (avg=7.838331), loss=0.187537 (avg=0.192568), pairs_step=12156, pairs_total=243062
[2026-02-28 14:25:10,386] INFO:fitness.free_loss_fidelity: RL4CO free-loss step 20/200: score=7.814837 (avg=7.838331), loss=0.187537 (avg=0.192568), pairs_step=12156, pairs_total=243062
[2026-02-28 14:25:16,293] INFO:fitness.free_loss_fidelity: RL4CO free-loss step 40/200: score=7.845992 (avg=7.834854), loss=0.191558 (avg=0.191392), pairs_step=12160, pairs_total=486154
[2026-02-28 14:25:16,293] INFO:fitness.free_loss_fidelity: RL4CO free-loss step 40/200: score=7.845992 (avg=7.834854), loss=0.191558 (avg=0.191392), pairs_step=12160, pairs_total=486154
[2026-02-28 14:25:22,223] INFO:fitness.free_loss_fidelity: RL4CO free-loss step 60/200: score=7.847524 (avg=7.832056), loss=0.198533 (avg=0.191478), pairs_step=12153, pairs_total=729241
[2026-02-28 14:25:22,223] INFO:fitness.free_loss_fidelity: RL4CO free-loss step 60/200: score=7.847524 (avg=7.832056), loss=0.198533 (avg=0.191478), pairs_step=12153, pairs_total=729241
[2026-02-28 14:25:28,133] INFO:fitness.free_loss_fidelity: RL4CO free-loss step 80/200: score=7.828197 (avg=7.831182), loss=0.192185 (avg=0.192155), pairs_step=12156, pairs_total=972320
[2026-02-28 14:25:28,133] INFO:fitness.free_loss_fidelity: RL4CO free-loss step 80/200: score=7.828197 (avg=7.831182), loss=0.192185 (avg=0.192155), pairs_step=12156, pairs_total=972320
[2026-02-28 14:25:34,048] INFO:fitness.free_loss_fidelity: RL4CO free-loss step 100/200: score=7.782891 (avg=7.832466), loss=0.206335 (avg=0.193672), pairs_step=12157, pairs_total=1215425
[2026-02-28 14:25:34,048] INFO:fitness.free_loss_fidelity: RL4CO free-loss step 100/200: score=7.782891 (avg=7.832466), loss=0.206335 (avg=0.193672), pairs_step=12157, pairs_total=1215425
[2026-02-28 14:25:39,979] INFO:fitness.free_loss_fidelity: RL4CO free-loss step 120/200: score=7.811693 (avg=7.834301), loss=0.196297 (avg=0.194661), pairs_step=12151, pairs_total=1458514
[2026-02-28 14:25:39,979] INFO:fitness.free_loss_fidelity: RL4CO free-loss step 120/200: score=7.811693 (avg=7.834301), loss=0.196297 (avg=0.194661), pairs_step=12151, pairs_total=1458514
[2026-02-28 14:25:46,010] INFO:fitness.free_loss_fidelity: RL4CO free-loss step 140/200: score=7.865156 (avg=7.835834), loss=0.187813 (avg=0.195123), pairs_step=12151, pairs_total=1701621
[2026-02-28 14:25:46,010] INFO:fitness.free_loss_fidelity: RL4CO free-loss step 140/200: score=7.865156 (avg=7.835834), loss=0.187813 (avg=0.195123), pairs_step=12151, pairs_total=1701621
[2026-02-28 14:25:52,189] INFO:fitness.free_loss_fidelity: RL4CO free-loss step 160/200: score=7.828298 (avg=7.835588), loss=0.196480 (avg=0.194420), pairs_step=12156, pairs_total=1944712
[2026-02-28 14:25:52,189] INFO:fitness.free_loss_fidelity: RL4CO free-loss step 160/200: score=7.828298 (avg=7.835588), loss=0.196480 (avg=0.194420), pairs_step=12156, pairs_total=1944712
[2026-02-28 14:25:57,927] INFO:fitness.free_loss_fidelity: RL4CO free-loss step 180/200: score=7.827774 (avg=7.834643), loss=0.181143 (avg=0.193807), pairs_step=12153, pairs_total=2187815
[2026-02-28 14:25:57,927] INFO:fitness.free_loss_fidelity: RL4CO free-loss step 180/200: score=7.827774 (avg=7.834643), loss=0.181143 (avg=0.193807), pairs_step=12153, pairs_total=2187815
[2026-02-28 14:26:03,669] INFO:fitness.free_loss_fidelity: RL4CO free-loss step 200/200: score=7.854804 (avg=7.833734), loss=0.171257 (avg=0.192325), pairs_step=12154, pairs_total=2430903
[2026-02-28 14:26:03,669] INFO:fitness.free_loss_fidelity: RL4CO free-loss step 200/200: score=7.854804 (avg=7.833734), loss=0.171257 (avg=0.192325), pairs_step=12154, pairs_total=2430903
