[2026-02-28 15:46:42,577] INFO:fitness.free_loss_fidelity: Stage3 offline mini-train start gen=9 pair_index=17 K=200 seed=12345 valid_sizes=[20, 100] baseline_json=baseline/mini_eval/baseline_minitrain_tsp100_K200.json
[2026-02-28 15:46:42,577] INFO:fitness.free_loss_fidelity: Stage3 offline mini-train start gen=9 pair_index=17 K=200 seed=12345 valid_sizes=[20, 100] baseline_json=baseline/mini_eval/baseline_minitrain_tsp100_K200.json
[2026-02-28 15:46:42,597] INFO:fitness.free_loss_fidelity: RL4CO free-loss (step-mode): f1_steps=200, f2_steps=0, total_steps=200, train_problem_size=100, rollouts=20, batch_size=64, device=cuda:3, env=tsp
[2026-02-28 15:46:42,597] INFO:fitness.free_loss_fidelity: RL4CO free-loss (step-mode): f1_steps=200, f2_steps=0, total_steps=200, train_problem_size=100, rollouts=20, batch_size=64, device=cuda:3, env=tsp
[2026-02-28 15:46:42,891] INFO:fitness.free_loss_fidelity: RL4CO free-loss step 1/200: score=36.626595 (avg=36.626595), loss=0.847253 (avg=0.847253), pairs_step=12160, pairs_total=12160
[2026-02-28 15:46:42,891] INFO:fitness.free_loss_fidelity: RL4CO free-loss step 1/200: score=36.626595 (avg=36.626595), loss=0.847253 (avg=0.847253), pairs_step=12160, pairs_total=12160
[2026-02-28 15:46:48,335] INFO:fitness.free_loss_fidelity: RL4CO free-loss step 20/200: score=10.328085 (avg=13.387599), loss=0.606250 (avg=0.631171), pairs_step=12160, pairs_total=243200
[2026-02-28 15:46:48,335] INFO:fitness.free_loss_fidelity: RL4CO free-loss step 20/200: score=10.328085 (avg=13.387599), loss=0.606250 (avg=0.631171), pairs_step=12160, pairs_total=243200
[2026-02-28 15:46:54,059] INFO:fitness.free_loss_fidelity: RL4CO free-loss step 40/200: score=9.882740 (avg=11.698876), loss=0.577103 (avg=0.618681), pairs_step=12160, pairs_total=486399
[2026-02-28 15:46:54,059] INFO:fitness.free_loss_fidelity: RL4CO free-loss step 40/200: score=9.882740 (avg=11.698876), loss=0.577103 (avg=0.618681), pairs_step=12160, pairs_total=486399
[2026-02-28 15:46:59,804] INFO:fitness.free_loss_fidelity: RL4CO free-loss step 60/200: score=9.642815 (avg=11.040838), loss=0.584227 (avg=0.611704), pairs_step=12160, pairs_total=729599
[2026-02-28 15:46:59,804] INFO:fitness.free_loss_fidelity: RL4CO free-loss step 60/200: score=9.642815 (avg=11.040838), loss=0.584227 (avg=0.611704), pairs_step=12160, pairs_total=729599
[2026-02-28 15:47:05,522] INFO:fitness.free_loss_fidelity: RL4CO free-loss step 80/200: score=9.439791 (avg=10.665395), loss=0.590249 (avg=0.607493), pairs_step=12160, pairs_total=972799
[2026-02-28 15:47:05,522] INFO:fitness.free_loss_fidelity: RL4CO free-loss step 80/200: score=9.439791 (avg=10.665395), loss=0.590249 (avg=0.607493), pairs_step=12160, pairs_total=972799
[2026-02-28 15:47:11,236] INFO:fitness.free_loss_fidelity: RL4CO free-loss step 100/200: score=9.424359 (avg=10.418476), loss=0.595319 (avg=0.604222), pairs_step=12160, pairs_total=1215999
[2026-02-28 15:47:11,236] INFO:fitness.free_loss_fidelity: RL4CO free-loss step 100/200: score=9.424359 (avg=10.418476), loss=0.595319 (avg=0.604222), pairs_step=12160, pairs_total=1215999
[2026-02-28 15:47:16,947] INFO:fitness.free_loss_fidelity: RL4CO free-loss step 120/200: score=9.222516 (avg=10.251996), loss=0.575937 (avg=0.602022), pairs_step=12160, pairs_total=1459199
[2026-02-28 15:47:16,947] INFO:fitness.free_loss_fidelity: RL4CO free-loss step 120/200: score=9.222516 (avg=10.251996), loss=0.575937 (avg=0.602022), pairs_step=12160, pairs_total=1459199
[2026-02-28 15:47:22,670] INFO:fitness.free_loss_fidelity: RL4CO free-loss step 140/200: score=9.301767 (avg=10.116923), loss=0.595041 (avg=0.600852), pairs_step=12160, pairs_total=1702399
[2026-02-28 15:47:22,670] INFO:fitness.free_loss_fidelity: RL4CO free-loss step 140/200: score=9.301767 (avg=10.116923), loss=0.595041 (avg=0.600852), pairs_step=12160, pairs_total=1702399
[2026-02-28 15:47:28,377] INFO:fitness.free_loss_fidelity: RL4CO free-loss step 160/200: score=9.275933 (avg=10.010203), loss=0.584851 (avg=0.599742), pairs_step=12160, pairs_total=1945599
[2026-02-28 15:47:28,377] INFO:fitness.free_loss_fidelity: RL4CO free-loss step 160/200: score=9.275933 (avg=10.010203), loss=0.584851 (avg=0.599742), pairs_step=12160, pairs_total=1945599
[2026-02-28 15:47:34,087] INFO:fitness.free_loss_fidelity: RL4CO free-loss step 180/200: score=9.125135 (avg=9.919587), loss=0.587947 (avg=0.598810), pairs_step=12160, pairs_total=2188799
[2026-02-28 15:47:34,087] INFO:fitness.free_loss_fidelity: RL4CO free-loss step 180/200: score=9.125135 (avg=9.919587), loss=0.587947 (avg=0.598810), pairs_step=12160, pairs_total=2188799
[2026-02-28 15:47:40,457] INFO:fitness.free_loss_fidelity: RL4CO free-loss step 200/200: score=9.173733 (avg=9.841534), loss=0.586161 (avg=0.598213), pairs_step=12160, pairs_total=2431999
[2026-02-28 15:47:40,457] INFO:fitness.free_loss_fidelity: RL4CO free-loss step 200/200: score=9.173733 (avg=9.841534), loss=0.586161 (avg=0.598213), pairs_step=12160, pairs_total=2431999
[2026-02-28 15:47:42,046] WARNING:fitness.free_loss_fidelity: weights_only checkpoint load failed (UnpicklingError); retrying weights_only=False for /data1/gushengda/eam-rl4co/baseline/epoch_135.ckpt
[2026-02-28 15:47:42,046] WARNING:fitness.free_loss_fidelity: weights_only checkpoint load failed (UnpicklingError); retrying weights_only=False for /data1/gushengda/eam-rl4co/baseline/epoch_135.ckpt
[2026-02-28 15:47:42,091] INFO:fitness.free_loss_fidelity: Loaded init checkpoint into policy: path=/data1/gushengda/eam-rl4co/baseline/epoch_135.ckpt prefix=policy. matched=97 missing=0 unexpected=0
[2026-02-28 15:47:42,091] INFO:fitness.free_loss_fidelity: Loaded init checkpoint into policy: path=/data1/gushengda/eam-rl4co/baseline/epoch_135.ckpt prefix=policy. matched=97 missing=0 unexpected=0
[2026-02-28 15:47:42,097] INFO:fitness.free_loss_fidelity: RL4CO free-loss (step-mode): f1_steps=200, f2_steps=0, total_steps=200, train_problem_size=100, rollouts=20, batch_size=64, device=cuda:3, env=tsp
[2026-02-28 15:47:42,097] INFO:fitness.free_loss_fidelity: RL4CO free-loss (step-mode): f1_steps=200, f2_steps=0, total_steps=200, train_problem_size=100, rollouts=20, batch_size=64, device=cuda:3, env=tsp
[2026-02-28 15:47:42,429] INFO:fitness.free_loss_fidelity: RL4CO free-loss step 1/200: score=7.825121 (avg=7.825121), loss=0.673493 (avg=0.673493), pairs_step=12151, pairs_total=12151
[2026-02-28 15:47:42,429] INFO:fitness.free_loss_fidelity: RL4CO free-loss step 1/200: score=7.825121 (avg=7.825121), loss=0.673493 (avg=0.673493), pairs_step=12151, pairs_total=12151
[2026-02-28 15:47:48,561] INFO:fitness.free_loss_fidelity: RL4CO free-loss step 20/200: score=7.817757 (avg=7.841655), loss=0.674084 (avg=0.668038), pairs_step=12151, pairs_total=243072
[2026-02-28 15:47:48,561] INFO:fitness.free_loss_fidelity: RL4CO free-loss step 20/200: score=7.817757 (avg=7.841655), loss=0.674084 (avg=0.668038), pairs_step=12151, pairs_total=243072
[2026-02-28 15:47:55,010] INFO:fitness.free_loss_fidelity: RL4CO free-loss step 40/200: score=7.852530 (avg=7.838492), loss=0.667044 (avg=0.668677), pairs_step=12152, pairs_total=486098
[2026-02-28 15:47:55,010] INFO:fitness.free_loss_fidelity: RL4CO free-loss step 40/200: score=7.852530 (avg=7.838492), loss=0.667044 (avg=0.668677), pairs_step=12152, pairs_total=486098
[2026-02-28 15:48:01,459] INFO:fitness.free_loss_fidelity: RL4CO free-loss step 60/200: score=7.847016 (avg=7.836189), loss=0.666923 (avg=0.668696), pairs_step=12151, pairs_total=729192
[2026-02-28 15:48:01,459] INFO:fitness.free_loss_fidelity: RL4CO free-loss step 60/200: score=7.847016 (avg=7.836189), loss=0.666923 (avg=0.668696), pairs_step=12151, pairs_total=729192
[2026-02-28 15:48:07,924] INFO:fitness.free_loss_fidelity: RL4CO free-loss step 80/200: score=7.844552 (avg=7.835508), loss=0.673561 (avg=0.669484), pairs_step=12151, pairs_total=972272
[2026-02-28 15:48:07,924] INFO:fitness.free_loss_fidelity: RL4CO free-loss step 80/200: score=7.844552 (avg=7.835508), loss=0.673561 (avg=0.669484), pairs_step=12151, pairs_total=972272
[2026-02-28 15:48:14,364] INFO:fitness.free_loss_fidelity: RL4CO free-loss step 100/200: score=7.800700 (avg=7.836930), loss=0.670380 (avg=0.669584), pairs_step=12156, pairs_total=1215365
[2026-02-28 15:48:14,364] INFO:fitness.free_loss_fidelity: RL4CO free-loss step 100/200: score=7.800700 (avg=7.836930), loss=0.670380 (avg=0.669584), pairs_step=12156, pairs_total=1215365
[2026-02-28 15:48:20,823] INFO:fitness.free_loss_fidelity: RL4CO free-loss step 120/200: score=7.801294 (avg=7.838707), loss=0.662861 (avg=0.669776), pairs_step=12149, pairs_total=1458466
[2026-02-28 15:48:20,823] INFO:fitness.free_loss_fidelity: RL4CO free-loss step 120/200: score=7.801294 (avg=7.838707), loss=0.662861 (avg=0.669776), pairs_step=12149, pairs_total=1458466
[2026-02-28 15:48:27,277] INFO:fitness.free_loss_fidelity: RL4CO free-loss step 140/200: score=7.876131 (avg=7.840071), loss=0.669890 (avg=0.669593), pairs_step=12154, pairs_total=1701569
[2026-02-28 15:48:27,277] INFO:fitness.free_loss_fidelity: RL4CO free-loss step 140/200: score=7.876131 (avg=7.840071), loss=0.669890 (avg=0.669593), pairs_step=12154, pairs_total=1701569
[2026-02-28 15:48:33,153] INFO:fitness.free_loss_fidelity: RL4CO free-loss step 160/200: score=7.844192 (avg=7.839920), loss=0.671399 (avg=0.669539), pairs_step=12157, pairs_total=1944673
[2026-02-28 15:48:33,153] INFO:fitness.free_loss_fidelity: RL4CO free-loss step 160/200: score=7.844192 (avg=7.839920), loss=0.671399 (avg=0.669539), pairs_step=12157, pairs_total=1944673
[2026-02-28 15:48:38,827] INFO:fitness.free_loss_fidelity: RL4CO free-loss step 180/200: score=7.825563 (avg=7.839188), loss=0.671625 (avg=0.669707), pairs_step=12151, pairs_total=2187726
[2026-02-28 15:48:38,827] INFO:fitness.free_loss_fidelity: RL4CO free-loss step 180/200: score=7.825563 (avg=7.839188), loss=0.671625 (avg=0.669707), pairs_step=12151, pairs_total=2187726
[2026-02-28 15:48:44,481] INFO:fitness.free_loss_fidelity: RL4CO free-loss step 200/200: score=7.854812 (avg=7.837990), loss=0.672218 (avg=0.669630), pairs_step=12156, pairs_total=2430809
[2026-02-28 15:48:44,481] INFO:fitness.free_loss_fidelity: RL4CO free-loss step 200/200: score=7.854812 (avg=7.837990), loss=0.672218 (avg=0.669630), pairs_step=12156, pairs_total=2430809
[2026-02-28 15:48:45,773] WARNING:fitness.free_loss_fidelity: weights_only checkpoint load failed (UnpicklingError); retrying weights_only=False for /data1/gushengda/eam-rl4co/baseline/epoch_409.ckpt
[2026-02-28 15:48:45,773] WARNING:fitness.free_loss_fidelity: weights_only checkpoint load failed (UnpicklingError); retrying weights_only=False for /data1/gushengda/eam-rl4co/baseline/epoch_409.ckpt
[2026-02-28 15:48:45,812] INFO:fitness.free_loss_fidelity: Loaded init checkpoint into policy: path=/data1/gushengda/eam-rl4co/baseline/epoch_409.ckpt prefix=policy. matched=97 missing=0 unexpected=0
[2026-02-28 15:48:45,812] INFO:fitness.free_loss_fidelity: Loaded init checkpoint into policy: path=/data1/gushengda/eam-rl4co/baseline/epoch_409.ckpt prefix=policy. matched=97 missing=0 unexpected=0
[2026-02-28 15:48:45,818] INFO:fitness.free_loss_fidelity: RL4CO free-loss (step-mode): f1_steps=200, f2_steps=0, total_steps=200, train_problem_size=100, rollouts=20, batch_size=64, device=cuda:3, env=tsp
[2026-02-28 15:48:45,818] INFO:fitness.free_loss_fidelity: RL4CO free-loss (step-mode): f1_steps=200, f2_steps=0, total_steps=200, train_problem_size=100, rollouts=20, batch_size=64, device=cuda:3, env=tsp
[2026-02-28 15:48:46,109] INFO:fitness.free_loss_fidelity: RL4CO free-loss step 1/200: score=7.826895 (avg=7.826895), loss=0.215414 (avg=0.215414), pairs_step=12149, pairs_total=12149
[2026-02-28 15:48:46,109] INFO:fitness.free_loss_fidelity: RL4CO free-loss step 1/200: score=7.826895 (avg=7.826895), loss=0.215414 (avg=0.215414), pairs_step=12149, pairs_total=12149
[2026-02-28 15:48:51,511] INFO:fitness.free_loss_fidelity: RL4CO free-loss step 20/200: score=7.822621 (avg=7.837994), loss=0.198800 (avg=0.202447), pairs_step=12150, pairs_total=243054
[2026-02-28 15:48:51,511] INFO:fitness.free_loss_fidelity: RL4CO free-loss step 20/200: score=7.822621 (avg=7.837994), loss=0.198800 (avg=0.202447), pairs_step=12150, pairs_total=243054
[2026-02-28 15:48:57,205] INFO:fitness.free_loss_fidelity: RL4CO free-loss step 40/200: score=7.854274 (avg=7.835134), loss=0.204361 (avg=0.201874), pairs_step=12151, pairs_total=486150
[2026-02-28 15:48:57,205] INFO:fitness.free_loss_fidelity: RL4CO free-loss step 40/200: score=7.854274 (avg=7.835134), loss=0.204361 (avg=0.201874), pairs_step=12151, pairs_total=486150
[2026-02-28 15:49:02,963] INFO:fitness.free_loss_fidelity: RL4CO free-loss step 60/200: score=7.858029 (avg=7.833311), loss=0.220564 (avg=0.202991), pairs_step=12154, pairs_total=729228
[2026-02-28 15:49:02,963] INFO:fitness.free_loss_fidelity: RL4CO free-loss step 60/200: score=7.858029 (avg=7.833311), loss=0.220564 (avg=0.202991), pairs_step=12154, pairs_total=729228
[2026-02-28 15:49:08,624] INFO:fitness.free_loss_fidelity: RL4CO free-loss step 80/200: score=7.826497 (avg=7.831988), loss=0.198649 (avg=0.203159), pairs_step=12152, pairs_total=972317
[2026-02-28 15:49:08,624] INFO:fitness.free_loss_fidelity: RL4CO free-loss step 80/200: score=7.826497 (avg=7.831988), loss=0.198649 (avg=0.203159), pairs_step=12152, pairs_total=972317
[2026-02-28 15:49:14,284] INFO:fitness.free_loss_fidelity: RL4CO free-loss step 100/200: score=7.787705 (avg=7.832722), loss=0.217397 (avg=0.203073), pairs_step=12150, pairs_total=1215382
[2026-02-28 15:49:14,284] INFO:fitness.free_loss_fidelity: RL4CO free-loss step 100/200: score=7.787705 (avg=7.832722), loss=0.217397 (avg=0.203073), pairs_step=12150, pairs_total=1215382
[2026-02-28 15:49:19,956] INFO:fitness.free_loss_fidelity: RL4CO free-loss step 120/200: score=7.807303 (avg=7.833916), loss=0.203482 (avg=0.203281), pairs_step=12154, pairs_total=1458440
[2026-02-28 15:49:19,956] INFO:fitness.free_loss_fidelity: RL4CO free-loss step 120/200: score=7.807303 (avg=7.833916), loss=0.203482 (avg=0.203281), pairs_step=12154, pairs_total=1458440
[2026-02-28 15:49:25,614] INFO:fitness.free_loss_fidelity: RL4CO free-loss step 140/200: score=7.875452 (avg=7.835674), loss=0.202752 (avg=0.203455), pairs_step=12157, pairs_total=1701505
[2026-02-28 15:49:25,614] INFO:fitness.free_loss_fidelity: RL4CO free-loss step 140/200: score=7.875452 (avg=7.835674), loss=0.202752 (avg=0.203455), pairs_step=12157, pairs_total=1701505
[2026-02-28 15:49:31,286] INFO:fitness.free_loss_fidelity: RL4CO free-loss step 160/200: score=7.839114 (avg=7.835369), loss=0.210866 (avg=0.202934), pairs_step=12154, pairs_total=1944594
[2026-02-28 15:49:31,286] INFO:fitness.free_loss_fidelity: RL4CO free-loss step 160/200: score=7.839114 (avg=7.835369), loss=0.210866 (avg=0.202934), pairs_step=12154, pairs_total=1944594
[2026-02-28 15:49:36,948] INFO:fitness.free_loss_fidelity: RL4CO free-loss step 180/200: score=7.824550 (avg=7.834188), loss=0.205622 (avg=0.203132), pairs_step=12147, pairs_total=2187664
[2026-02-28 15:49:36,948] INFO:fitness.free_loss_fidelity: RL4CO free-loss step 180/200: score=7.824550 (avg=7.834188), loss=0.205622 (avg=0.203132), pairs_step=12147, pairs_total=2187664
[2026-02-28 15:49:42,611] INFO:fitness.free_loss_fidelity: RL4CO free-loss step 200/200: score=7.847198 (avg=7.833136), loss=0.198623 (avg=0.203003), pairs_step=12150, pairs_total=2430720
[2026-02-28 15:49:42,611] INFO:fitness.free_loss_fidelity: RL4CO free-loss step 200/200: score=7.847198 (avg=7.833136), loss=0.198623 (avg=0.203003), pairs_step=12150, pairs_total=2430720
