[2026-02-28 12:57:49,656] INFO:fitness.free_loss_fidelity: Stage3 offline mini-train start gen=2 pair_index=10 K=200 seed=12345 valid_sizes=[20, 100] baseline_json=baseline/mini_eval/baseline_minitrain_tsp100_K200.json
[2026-02-28 12:57:49,656] INFO:fitness.free_loss_fidelity: Stage3 offline mini-train start gen=2 pair_index=10 K=200 seed=12345 valid_sizes=[20, 100] baseline_json=baseline/mini_eval/baseline_minitrain_tsp100_K200.json
[2026-02-28 12:57:49,677] INFO:fitness.free_loss_fidelity: RL4CO free-loss (step-mode): f1_steps=200, f2_steps=0, total_steps=200, train_problem_size=100, rollouts=20, batch_size=64, device=cuda:2, env=tsp
[2026-02-28 12:57:49,677] INFO:fitness.free_loss_fidelity: RL4CO free-loss (step-mode): f1_steps=200, f2_steps=0, total_steps=200, train_problem_size=100, rollouts=20, batch_size=64, device=cuda:2, env=tsp
[2026-02-28 12:57:50,000] INFO:fitness.free_loss_fidelity: RL4CO free-loss step 1/200: score=36.626595 (avg=36.626595), loss=0.850539 (avg=0.850539), pairs_step=12160, pairs_total=12160
[2026-02-28 12:57:50,000] INFO:fitness.free_loss_fidelity: RL4CO free-loss step 1/200: score=36.626595 (avg=36.626595), loss=0.850539 (avg=0.850539), pairs_step=12160, pairs_total=12160
[2026-02-28 12:57:56,135] INFO:fitness.free_loss_fidelity: RL4CO free-loss step 20/200: score=10.901637 (avg=13.452155), loss=0.614172 (avg=0.637517), pairs_step=12160, pairs_total=243200
[2026-02-28 12:57:56,135] INFO:fitness.free_loss_fidelity: RL4CO free-loss step 20/200: score=10.901637 (avg=13.452155), loss=0.614172 (avg=0.637517), pairs_step=12160, pairs_total=243200
[2026-02-28 12:58:02,591] INFO:fitness.free_loss_fidelity: RL4CO free-loss step 40/200: score=9.914104 (avg=11.877615), loss=0.621725 (avg=0.624729), pairs_step=12160, pairs_total=486400
[2026-02-28 12:58:02,591] INFO:fitness.free_loss_fidelity: RL4CO free-loss step 40/200: score=9.914104 (avg=11.877615), loss=0.621725 (avg=0.624729), pairs_step=12160, pairs_total=486400
[2026-02-28 12:58:08,923] INFO:fitness.free_loss_fidelity: RL4CO free-loss step 60/200: score=9.648428 (avg=11.177265), loss=0.612140 (avg=0.617927), pairs_step=12160, pairs_total=729600
[2026-02-28 12:58:08,923] INFO:fitness.free_loss_fidelity: RL4CO free-loss step 60/200: score=9.648428 (avg=11.177265), loss=0.612140 (avg=0.617927), pairs_step=12160, pairs_total=729600
[2026-02-28 12:58:14,561] INFO:fitness.free_loss_fidelity: RL4CO free-loss step 80/200: score=9.565110 (avg=10.794301), loss=0.583875 (avg=0.610656), pairs_step=12160, pairs_total=972800
[2026-02-28 12:58:14,561] INFO:fitness.free_loss_fidelity: RL4CO free-loss step 80/200: score=9.565110 (avg=10.794301), loss=0.583875 (avg=0.610656), pairs_step=12160, pairs_total=972800
[2026-02-28 12:58:20,199] INFO:fitness.free_loss_fidelity: RL4CO free-loss step 100/200: score=9.365910 (avg=10.533638), loss=0.582992 (avg=0.606526), pairs_step=12160, pairs_total=1216000
[2026-02-28 12:58:20,199] INFO:fitness.free_loss_fidelity: RL4CO free-loss step 100/200: score=9.365910 (avg=10.533638), loss=0.582992 (avg=0.606526), pairs_step=12160, pairs_total=1216000
[2026-02-28 12:58:25,836] INFO:fitness.free_loss_fidelity: RL4CO free-loss step 120/200: score=9.345989 (avg=10.348964), loss=0.576059 (avg=0.602371), pairs_step=12160, pairs_total=1459200
[2026-02-28 12:58:25,836] INFO:fitness.free_loss_fidelity: RL4CO free-loss step 120/200: score=9.345989 (avg=10.348964), loss=0.576059 (avg=0.602371), pairs_step=12160, pairs_total=1459200
[2026-02-28 12:58:31,479] INFO:fitness.free_loss_fidelity: RL4CO free-loss step 140/200: score=9.336986 (avg=10.205944), loss=0.585376 (avg=0.599217), pairs_step=12160, pairs_total=1702399
[2026-02-28 12:58:31,479] INFO:fitness.free_loss_fidelity: RL4CO free-loss step 140/200: score=9.336986 (avg=10.205944), loss=0.585376 (avg=0.599217), pairs_step=12160, pairs_total=1702399
[2026-02-28 12:58:37,146] INFO:fitness.free_loss_fidelity: RL4CO free-loss step 160/200: score=9.309957 (avg=10.089976), loss=0.595081 (avg=0.597408), pairs_step=12160, pairs_total=1945599
[2026-02-28 12:58:37,146] INFO:fitness.free_loss_fidelity: RL4CO free-loss step 160/200: score=9.309957 (avg=10.089976), loss=0.595081 (avg=0.597408), pairs_step=12160, pairs_total=1945599
[2026-02-28 12:58:42,771] INFO:fitness.free_loss_fidelity: RL4CO free-loss step 180/200: score=9.110100 (avg=9.994043), loss=0.592404 (avg=0.596382), pairs_step=12160, pairs_total=2188799
[2026-02-28 12:58:42,771] INFO:fitness.free_loss_fidelity: RL4CO free-loss step 180/200: score=9.110100 (avg=9.994043), loss=0.592404 (avg=0.596382), pairs_step=12160, pairs_total=2188799
[2026-02-28 12:58:48,384] INFO:fitness.free_loss_fidelity: RL4CO free-loss step 200/200: score=9.231892 (avg=9.913318), loss=0.581729 (avg=0.596072), pairs_step=12160, pairs_total=2431999
[2026-02-28 12:58:48,384] INFO:fitness.free_loss_fidelity: RL4CO free-loss step 200/200: score=9.231892 (avg=9.913318), loss=0.581729 (avg=0.596072), pairs_step=12160, pairs_total=2431999
[2026-02-28 12:58:49,666] WARNING:fitness.free_loss_fidelity: weights_only checkpoint load failed (UnpicklingError); retrying weights_only=False for /data1/gushengda/eam-rl4co/baseline/epoch_135.ckpt
[2026-02-28 12:58:49,666] WARNING:fitness.free_loss_fidelity: weights_only checkpoint load failed (UnpicklingError); retrying weights_only=False for /data1/gushengda/eam-rl4co/baseline/epoch_135.ckpt
[2026-02-28 12:58:49,706] INFO:fitness.free_loss_fidelity: Loaded init checkpoint into policy: path=/data1/gushengda/eam-rl4co/baseline/epoch_135.ckpt prefix=policy. matched=97 missing=0 unexpected=0
[2026-02-28 12:58:49,706] INFO:fitness.free_loss_fidelity: Loaded init checkpoint into policy: path=/data1/gushengda/eam-rl4co/baseline/epoch_135.ckpt prefix=policy. matched=97 missing=0 unexpected=0
[2026-02-28 12:58:49,711] INFO:fitness.free_loss_fidelity: RL4CO free-loss (step-mode): f1_steps=200, f2_steps=0, total_steps=200, train_problem_size=100, rollouts=20, batch_size=64, device=cuda:2, env=tsp
[2026-02-28 12:58:49,711] INFO:fitness.free_loss_fidelity: RL4CO free-loss (step-mode): f1_steps=200, f2_steps=0, total_steps=200, train_problem_size=100, rollouts=20, batch_size=64, device=cuda:2, env=tsp
[2026-02-28 12:58:50,000] INFO:fitness.free_loss_fidelity: RL4CO free-loss step 1/200: score=7.825121 (avg=7.825121), loss=0.673075 (avg=0.673075), pairs_step=12151, pairs_total=12151
[2026-02-28 12:58:50,000] INFO:fitness.free_loss_fidelity: RL4CO free-loss step 1/200: score=7.825121 (avg=7.825121), loss=0.673075 (avg=0.673075), pairs_step=12151, pairs_total=12151
[2026-02-28 12:58:55,347] INFO:fitness.free_loss_fidelity: RL4CO free-loss step 20/200: score=7.812265 (avg=7.841729), loss=0.679231 (avg=0.668052), pairs_step=12156, pairs_total=243091
[2026-02-28 12:58:55,347] INFO:fitness.free_loss_fidelity: RL4CO free-loss step 20/200: score=7.812265 (avg=7.841729), loss=0.679231 (avg=0.668052), pairs_step=12156, pairs_total=243091
[2026-02-28 12:59:00,911] INFO:fitness.free_loss_fidelity: RL4CO free-loss step 40/200: score=7.857212 (avg=7.837311), loss=0.670536 (avg=0.668424), pairs_step=12157, pairs_total=486156
[2026-02-28 12:59:00,911] INFO:fitness.free_loss_fidelity: RL4CO free-loss step 40/200: score=7.857212 (avg=7.837311), loss=0.670536 (avg=0.668424), pairs_step=12157, pairs_total=486156
[2026-02-28 12:59:06,540] INFO:fitness.free_loss_fidelity: RL4CO free-loss step 60/200: score=7.846743 (avg=7.834679), loss=0.670499 (avg=0.669332), pairs_step=12146, pairs_total=729243
[2026-02-28 12:59:06,540] INFO:fitness.free_loss_fidelity: RL4CO free-loss step 60/200: score=7.846743 (avg=7.834679), loss=0.670499 (avg=0.669332), pairs_step=12146, pairs_total=729243
[2026-02-28 12:59:12,131] INFO:fitness.free_loss_fidelity: RL4CO free-loss step 80/200: score=7.835084 (avg=7.833331), loss=0.665322 (avg=0.669530), pairs_step=12157, pairs_total=972341
[2026-02-28 12:59:12,131] INFO:fitness.free_loss_fidelity: RL4CO free-loss step 80/200: score=7.835084 (avg=7.833331), loss=0.665322 (avg=0.669530), pairs_step=12157, pairs_total=972341
[2026-02-28 12:59:17,719] INFO:fitness.free_loss_fidelity: RL4CO free-loss step 100/200: score=7.795782 (avg=7.834913), loss=0.670596 (avg=0.669611), pairs_step=12152, pairs_total=1215431
[2026-02-28 12:59:17,719] INFO:fitness.free_loss_fidelity: RL4CO free-loss step 100/200: score=7.795782 (avg=7.834913), loss=0.670596 (avg=0.669611), pairs_step=12152, pairs_total=1215431
[2026-02-28 12:59:23,307] INFO:fitness.free_loss_fidelity: RL4CO free-loss step 120/200: score=7.817007 (avg=7.837272), loss=0.673074 (avg=0.669725), pairs_step=12152, pairs_total=1458493
[2026-02-28 12:59:23,307] INFO:fitness.free_loss_fidelity: RL4CO free-loss step 120/200: score=7.817007 (avg=7.837272), loss=0.673074 (avg=0.669725), pairs_step=12152, pairs_total=1458493
[2026-02-28 12:59:28,893] INFO:fitness.free_loss_fidelity: RL4CO free-loss step 140/200: score=7.877377 (avg=7.839113), loss=0.673263 (avg=0.669884), pairs_step=12153, pairs_total=1701599
[2026-02-28 12:59:28,893] INFO:fitness.free_loss_fidelity: RL4CO free-loss step 140/200: score=7.877377 (avg=7.839113), loss=0.673263 (avg=0.669884), pairs_step=12153, pairs_total=1701599
[2026-02-28 12:59:34,506] INFO:fitness.free_loss_fidelity: RL4CO free-loss step 160/200: score=7.830999 (avg=7.839280), loss=0.670535 (avg=0.670071), pairs_step=12151, pairs_total=1944670
[2026-02-28 12:59:34,506] INFO:fitness.free_loss_fidelity: RL4CO free-loss step 160/200: score=7.830999 (avg=7.839280), loss=0.670535 (avg=0.670071), pairs_step=12151, pairs_total=1944670
