[2026-02-28 15:19:37,314] INFO:fitness.free_loss_fidelity: Stage3 offline mini-train start gen=8 pair_index=21 K=200 seed=12345 valid_sizes=[20, 100] baseline_json=baseline/mini_eval/baseline_minitrain_tsp100_K200.json
[2026-02-28 15:19:37,314] INFO:fitness.free_loss_fidelity: Stage3 offline mini-train start gen=8 pair_index=21 K=200 seed=12345 valid_sizes=[20, 100] baseline_json=baseline/mini_eval/baseline_minitrain_tsp100_K200.json
[2026-02-28 15:19:37,344] INFO:fitness.free_loss_fidelity: RL4CO free-loss (step-mode): f1_steps=200, f2_steps=0, total_steps=200, train_problem_size=100, rollouts=20, batch_size=64, device=cuda:0, env=tsp
[2026-02-28 15:19:37,344] INFO:fitness.free_loss_fidelity: RL4CO free-loss (step-mode): f1_steps=200, f2_steps=0, total_steps=200, train_problem_size=100, rollouts=20, batch_size=64, device=cuda:0, env=tsp
[2026-02-28 15:19:37,682] INFO:fitness.free_loss_fidelity: RL4CO free-loss step 1/200: score=36.626595 (avg=36.626595), loss=0.835711 (avg=0.835711), pairs_step=12160, pairs_total=12160
[2026-02-28 15:19:37,682] INFO:fitness.free_loss_fidelity: RL4CO free-loss step 1/200: score=36.626595 (avg=36.626595), loss=0.835711 (avg=0.835711), pairs_step=12160, pairs_total=12160
[2026-02-28 15:19:42,866] INFO:fitness.free_loss_fidelity: RL4CO free-loss step 20/200: score=10.663587 (avg=13.513501), loss=0.639828 (avg=0.643699), pairs_step=12160, pairs_total=243200
[2026-02-28 15:19:42,866] INFO:fitness.free_loss_fidelity: RL4CO free-loss step 20/200: score=10.663587 (avg=13.513501), loss=0.639828 (avg=0.643699), pairs_step=12160, pairs_total=243200
[2026-02-28 15:19:48,318] INFO:fitness.free_loss_fidelity: RL4CO free-loss step 40/200: score=9.867944 (avg=11.853387), loss=0.611632 (avg=0.631891), pairs_step=12160, pairs_total=486400
[2026-02-28 15:19:48,318] INFO:fitness.free_loss_fidelity: RL4CO free-loss step 40/200: score=9.867944 (avg=11.853387), loss=0.611632 (avg=0.631891), pairs_step=12160, pairs_total=486400
[2026-02-28 15:19:53,765] INFO:fitness.free_loss_fidelity: RL4CO free-loss step 60/200: score=9.609301 (avg=11.143146), loss=0.610694 (avg=0.625812), pairs_step=12160, pairs_total=729600
[2026-02-28 15:19:53,765] INFO:fitness.free_loss_fidelity: RL4CO free-loss step 60/200: score=9.609301 (avg=11.143146), loss=0.610694 (avg=0.625812), pairs_step=12160, pairs_total=729600
[2026-02-28 15:19:59,209] INFO:fitness.free_loss_fidelity: RL4CO free-loss step 80/200: score=9.461395 (avg=10.750222), loss=0.599503 (avg=0.619314), pairs_step=12160, pairs_total=972800
[2026-02-28 15:19:59,209] INFO:fitness.free_loss_fidelity: RL4CO free-loss step 80/200: score=9.461395 (avg=10.750222), loss=0.599503 (avg=0.619314), pairs_step=12160, pairs_total=972800
[2026-02-28 15:20:04,675] INFO:fitness.free_loss_fidelity: RL4CO free-loss step 100/200: score=9.484114 (avg=10.503664), loss=0.586061 (avg=0.614049), pairs_step=12160, pairs_total=1216000
[2026-02-28 15:20:04,675] INFO:fitness.free_loss_fidelity: RL4CO free-loss step 100/200: score=9.484114 (avg=10.503664), loss=0.586061 (avg=0.614049), pairs_step=12160, pairs_total=1216000
[2026-02-28 15:20:10,137] INFO:fitness.free_loss_fidelity: RL4CO free-loss step 120/200: score=9.270097 (avg=10.319315), loss=0.606501 (avg=0.611412), pairs_step=12160, pairs_total=1459199
[2026-02-28 15:20:10,137] INFO:fitness.free_loss_fidelity: RL4CO free-loss step 120/200: score=9.270097 (avg=10.319315), loss=0.606501 (avg=0.611412), pairs_step=12160, pairs_total=1459199
[2026-02-28 15:20:15,614] INFO:fitness.free_loss_fidelity: RL4CO free-loss step 140/200: score=9.343501 (avg=10.177588), loss=0.602342 (avg=0.609511), pairs_step=12160, pairs_total=1702399
[2026-02-28 15:20:15,614] INFO:fitness.free_loss_fidelity: RL4CO free-loss step 140/200: score=9.343501 (avg=10.177588), loss=0.602342 (avg=0.609511), pairs_step=12160, pairs_total=1702399
[2026-02-28 15:20:21,058] INFO:fitness.free_loss_fidelity: RL4CO free-loss step 160/200: score=9.192346 (avg=10.061319), loss=0.608688 (avg=0.608607), pairs_step=12160, pairs_total=1945599
[2026-02-28 15:20:21,058] INFO:fitness.free_loss_fidelity: RL4CO free-loss step 160/200: score=9.192346 (avg=10.061319), loss=0.608688 (avg=0.608607), pairs_step=12160, pairs_total=1945599
[2026-02-28 15:20:26,696] INFO:fitness.free_loss_fidelity: RL4CO free-loss step 180/200: score=9.126617 (avg=9.961850), loss=0.602836 (avg=0.607214), pairs_step=12160, pairs_total=2188799
[2026-02-28 15:20:26,696] INFO:fitness.free_loss_fidelity: RL4CO free-loss step 180/200: score=9.126617 (avg=9.961850), loss=0.602836 (avg=0.607214), pairs_step=12160, pairs_total=2188799
[2026-02-28 15:20:32,170] INFO:fitness.free_loss_fidelity: RL4CO free-loss step 200/200: score=9.027616 (avg=9.876828), loss=0.603019 (avg=0.606775), pairs_step=12160, pairs_total=2431999
[2026-02-28 15:20:32,170] INFO:fitness.free_loss_fidelity: RL4CO free-loss step 200/200: score=9.027616 (avg=9.876828), loss=0.603019 (avg=0.606775), pairs_step=12160, pairs_total=2431999
[2026-02-28 15:20:33,401] WARNING:fitness.free_loss_fidelity: weights_only checkpoint load failed (UnpicklingError); retrying weights_only=False for /data1/gushengda/eam-rl4co/baseline/epoch_135.ckpt
[2026-02-28 15:20:33,401] WARNING:fitness.free_loss_fidelity: weights_only checkpoint load failed (UnpicklingError); retrying weights_only=False for /data1/gushengda/eam-rl4co/baseline/epoch_135.ckpt
[2026-02-28 15:20:33,438] INFO:fitness.free_loss_fidelity: Loaded init checkpoint into policy: path=/data1/gushengda/eam-rl4co/baseline/epoch_135.ckpt prefix=policy. matched=97 missing=0 unexpected=0
[2026-02-28 15:20:33,438] INFO:fitness.free_loss_fidelity: Loaded init checkpoint into policy: path=/data1/gushengda/eam-rl4co/baseline/epoch_135.ckpt prefix=policy. matched=97 missing=0 unexpected=0
[2026-02-28 15:20:33,443] INFO:fitness.free_loss_fidelity: RL4CO free-loss (step-mode): f1_steps=200, f2_steps=0, total_steps=200, train_problem_size=100, rollouts=20, batch_size=64, device=cuda:0, env=tsp
[2026-02-28 15:20:33,443] INFO:fitness.free_loss_fidelity: RL4CO free-loss (step-mode): f1_steps=200, f2_steps=0, total_steps=200, train_problem_size=100, rollouts=20, batch_size=64, device=cuda:0, env=tsp
[2026-02-28 15:20:33,731] INFO:fitness.free_loss_fidelity: RL4CO free-loss step 1/200: score=7.825121 (avg=7.825121), loss=0.675088 (avg=0.675088), pairs_step=12151, pairs_total=12151
[2026-02-28 15:20:33,731] INFO:fitness.free_loss_fidelity: RL4CO free-loss step 1/200: score=7.825121 (avg=7.825121), loss=0.675088 (avg=0.675088), pairs_step=12151, pairs_total=12151
[2026-02-28 15:20:38,919] INFO:fitness.free_loss_fidelity: RL4CO free-loss step 20/200: score=7.826475 (avg=7.843058), loss=0.675994 (avg=0.670190), pairs_step=12152, pairs_total=243063
[2026-02-28 15:20:38,919] INFO:fitness.free_loss_fidelity: RL4CO free-loss step 20/200: score=7.826475 (avg=7.843058), loss=0.675994 (avg=0.670190), pairs_step=12152, pairs_total=243063
[2026-02-28 15:20:44,372] INFO:fitness.free_loss_fidelity: RL4CO free-loss step 40/200: score=7.855315 (avg=7.837174), loss=0.677110 (avg=0.671264), pairs_step=12158, pairs_total=486126
[2026-02-28 15:20:44,372] INFO:fitness.free_loss_fidelity: RL4CO free-loss step 40/200: score=7.855315 (avg=7.837174), loss=0.677110 (avg=0.671264), pairs_step=12158, pairs_total=486126
[2026-02-28 15:20:49,819] INFO:fitness.free_loss_fidelity: RL4CO free-loss step 60/200: score=7.847807 (avg=7.835246), loss=0.674502 (avg=0.671408), pairs_step=12151, pairs_total=729220
[2026-02-28 15:20:49,819] INFO:fitness.free_loss_fidelity: RL4CO free-loss step 60/200: score=7.847807 (avg=7.835246), loss=0.674502 (avg=0.671408), pairs_step=12151, pairs_total=729220
[2026-02-28 15:20:55,276] INFO:fitness.free_loss_fidelity: RL4CO free-loss step 80/200: score=7.833628 (avg=7.834494), loss=0.675352 (avg=0.671561), pairs_step=12158, pairs_total=972313
[2026-02-28 15:20:55,276] INFO:fitness.free_loss_fidelity: RL4CO free-loss step 80/200: score=7.833628 (avg=7.834494), loss=0.675352 (avg=0.671561), pairs_step=12158, pairs_total=972313
[2026-02-28 15:21:00,728] INFO:fitness.free_loss_fidelity: RL4CO free-loss step 100/200: score=7.788224 (avg=7.835333), loss=0.675412 (avg=0.671856), pairs_step=12158, pairs_total=1215413
[2026-02-28 15:21:00,728] INFO:fitness.free_loss_fidelity: RL4CO free-loss step 100/200: score=7.788224 (avg=7.835333), loss=0.675412 (avg=0.671856), pairs_step=12158, pairs_total=1215413
[2026-02-28 15:21:06,178] INFO:fitness.free_loss_fidelity: RL4CO free-loss step 120/200: score=7.818802 (avg=7.837022), loss=0.672409 (avg=0.671949), pairs_step=12155, pairs_total=1458488
[2026-02-28 15:21:06,178] INFO:fitness.free_loss_fidelity: RL4CO free-loss step 120/200: score=7.818802 (avg=7.837022), loss=0.672409 (avg=0.671949), pairs_step=12155, pairs_total=1458488
[2026-02-28 15:21:11,644] INFO:fitness.free_loss_fidelity: RL4CO free-loss step 140/200: score=7.872267 (avg=7.839046), loss=0.669360 (avg=0.671725), pairs_step=12153, pairs_total=1701584
[2026-02-28 15:21:11,644] INFO:fitness.free_loss_fidelity: RL4CO free-loss step 140/200: score=7.872267 (avg=7.839046), loss=0.669360 (avg=0.671725), pairs_step=12153, pairs_total=1701584
[2026-02-28 15:21:17,088] INFO:fitness.free_loss_fidelity: RL4CO free-loss step 160/200: score=7.835944 (avg=7.839228), loss=0.671729 (avg=0.671653), pairs_step=12158, pairs_total=1944660
[2026-02-28 15:21:17,088] INFO:fitness.free_loss_fidelity: RL4CO free-loss step 160/200: score=7.835944 (avg=7.839228), loss=0.671729 (avg=0.671653), pairs_step=12158, pairs_total=1944660
[2026-02-28 15:21:22,542] INFO:fitness.free_loss_fidelity: RL4CO free-loss step 180/200: score=7.829120 (avg=7.838374), loss=0.671670 (avg=0.671623), pairs_step=12146, pairs_total=2187737
[2026-02-28 15:21:22,542] INFO:fitness.free_loss_fidelity: RL4CO free-loss step 180/200: score=7.829120 (avg=7.838374), loss=0.671670 (avg=0.671623), pairs_step=12146, pairs_total=2187737
[2026-02-28 15:21:27,986] INFO:fitness.free_loss_fidelity: RL4CO free-loss step 200/200: score=7.852577 (avg=7.837609), loss=0.674022 (avg=0.671787), pairs_step=12149, pairs_total=2430824
[2026-02-28 15:21:27,986] INFO:fitness.free_loss_fidelity: RL4CO free-loss step 200/200: score=7.852577 (avg=7.837609), loss=0.674022 (avg=0.671787), pairs_step=12149, pairs_total=2430824
[2026-02-28 15:21:29,213] WARNING:fitness.free_loss_fidelity: weights_only checkpoint load failed (UnpicklingError); retrying weights_only=False for /data1/gushengda/eam-rl4co/baseline/epoch_409.ckpt
[2026-02-28 15:21:29,213] WARNING:fitness.free_loss_fidelity: weights_only checkpoint load failed (UnpicklingError); retrying weights_only=False for /data1/gushengda/eam-rl4co/baseline/epoch_409.ckpt
[2026-02-28 15:21:29,243] INFO:fitness.free_loss_fidelity: Loaded init checkpoint into policy: path=/data1/gushengda/eam-rl4co/baseline/epoch_409.ckpt prefix=policy. matched=97 missing=0 unexpected=0
[2026-02-28 15:21:29,243] INFO:fitness.free_loss_fidelity: Loaded init checkpoint into policy: path=/data1/gushengda/eam-rl4co/baseline/epoch_409.ckpt prefix=policy. matched=97 missing=0 unexpected=0
[2026-02-28 15:21:29,248] INFO:fitness.free_loss_fidelity: RL4CO free-loss (step-mode): f1_steps=200, f2_steps=0, total_steps=200, train_problem_size=100, rollouts=20, batch_size=64, device=cuda:0, env=tsp
[2026-02-28 15:21:29,248] INFO:fitness.free_loss_fidelity: RL4CO free-loss (step-mode): f1_steps=200, f2_steps=0, total_steps=200, train_problem_size=100, rollouts=20, batch_size=64, device=cuda:0, env=tsp
[2026-02-28 15:21:29,537] INFO:fitness.free_loss_fidelity: RL4CO free-loss step 1/200: score=7.826895 (avg=7.826895), loss=0.220720 (avg=0.220720), pairs_step=12149, pairs_total=12149
[2026-02-28 15:21:29,537] INFO:fitness.free_loss_fidelity: RL4CO free-loss step 1/200: score=7.826895 (avg=7.826895), loss=0.220720 (avg=0.220720), pairs_step=12149, pairs_total=12149
[2026-02-28 15:21:34,724] INFO:fitness.free_loss_fidelity: RL4CO free-loss step 20/200: score=7.814842 (avg=7.838760), loss=0.205948 (avg=0.208591), pairs_step=12149, pairs_total=243067
[2026-02-28 15:21:34,724] INFO:fitness.free_loss_fidelity: RL4CO free-loss step 20/200: score=7.814842 (avg=7.838760), loss=0.205948 (avg=0.208591), pairs_step=12149, pairs_total=243067
[2026-02-28 15:21:40,171] INFO:fitness.free_loss_fidelity: RL4CO free-loss step 40/200: score=7.850093 (avg=7.836107), loss=0.217042 (avg=0.211594), pairs_step=12153, pairs_total=486143
[2026-02-28 15:21:40,171] INFO:fitness.free_loss_fidelity: RL4CO free-loss step 40/200: score=7.850093 (avg=7.836107), loss=0.217042 (avg=0.211594), pairs_step=12153, pairs_total=486143
[2026-02-28 15:21:45,616] INFO:fitness.free_loss_fidelity: RL4CO free-loss step 60/200: score=7.849388 (avg=7.831896), loss=0.229091 (avg=0.212759), pairs_step=12150, pairs_total=729206
[2026-02-28 15:21:45,616] INFO:fitness.free_loss_fidelity: RL4CO free-loss step 60/200: score=7.849388 (avg=7.831896), loss=0.229091 (avg=0.212759), pairs_step=12150, pairs_total=729206
[2026-02-28 15:21:51,067] INFO:fitness.free_loss_fidelity: RL4CO free-loss step 80/200: score=7.837206 (avg=7.830775), loss=0.206829 (avg=0.212532), pairs_step=12156, pairs_total=972265
[2026-02-28 15:21:51,067] INFO:fitness.free_loss_fidelity: RL4CO free-loss step 80/200: score=7.837206 (avg=7.830775), loss=0.206829 (avg=0.212532), pairs_step=12156, pairs_total=972265
[2026-02-28 15:21:56,515] INFO:fitness.free_loss_fidelity: RL4CO free-loss step 100/200: score=7.785083 (avg=7.831002), loss=0.218836 (avg=0.211830), pairs_step=12153, pairs_total=1215325
[2026-02-28 15:21:56,515] INFO:fitness.free_loss_fidelity: RL4CO free-loss step 100/200: score=7.785083 (avg=7.831002), loss=0.218836 (avg=0.211830), pairs_step=12153, pairs_total=1215325
[2026-02-28 15:22:01,959] INFO:fitness.free_loss_fidelity: RL4CO free-loss step 120/200: score=7.810853 (avg=7.832752), loss=0.201439 (avg=0.210720), pairs_step=12157, pairs_total=1458401
[2026-02-28 15:22:01,959] INFO:fitness.free_loss_fidelity: RL4CO free-loss step 120/200: score=7.810853 (avg=7.832752), loss=0.201439 (avg=0.210720), pairs_step=12157, pairs_total=1458401
[2026-02-28 15:22:07,431] INFO:fitness.free_loss_fidelity: RL4CO free-loss step 140/200: score=7.862093 (avg=7.834266), loss=0.197669 (avg=0.209036), pairs_step=12155, pairs_total=1701510
[2026-02-28 15:22:07,431] INFO:fitness.free_loss_fidelity: RL4CO free-loss step 140/200: score=7.862093 (avg=7.834266), loss=0.197669 (avg=0.209036), pairs_step=12155, pairs_total=1701510
[2026-02-28 15:22:12,899] INFO:fitness.free_loss_fidelity: RL4CO free-loss step 160/200: score=7.826718 (avg=7.833780), loss=0.220596 (avg=0.208508), pairs_step=12157, pairs_total=1944613
[2026-02-28 15:22:12,899] INFO:fitness.free_loss_fidelity: RL4CO free-loss step 160/200: score=7.826718 (avg=7.833780), loss=0.220596 (avg=0.208508), pairs_step=12157, pairs_total=1944613
[2026-02-28 15:22:18,374] INFO:fitness.free_loss_fidelity: RL4CO free-loss step 180/200: score=7.815291 (avg=7.832877), loss=0.211980 (avg=0.209041), pairs_step=12147, pairs_total=2187700
[2026-02-28 15:22:18,374] INFO:fitness.free_loss_fidelity: RL4CO free-loss step 180/200: score=7.815291 (avg=7.832877), loss=0.211980 (avg=0.209041), pairs_step=12147, pairs_total=2187700
[2026-02-28 15:22:23,838] INFO:fitness.free_loss_fidelity: RL4CO free-loss step 200/200: score=7.850064 (avg=7.831831), loss=0.207164 (avg=0.209618), pairs_step=12149, pairs_total=2430772
[2026-02-28 15:22:23,838] INFO:fitness.free_loss_fidelity: RL4CO free-loss step 200/200: score=7.850064 (avg=7.831831), loss=0.207164 (avg=0.209618), pairs_step=12149, pairs_total=2430772
