[2026-02-28 15:49:16,377] INFO:fitness.free_loss_fidelity: Stage3 offline mini-train start gen=9 pair_index=20 K=200 seed=12345 valid_sizes=[20, 100] baseline_json=baseline/mini_eval/baseline_minitrain_tsp100_K200.json
[2026-02-28 15:49:16,377] INFO:fitness.free_loss_fidelity: Stage3 offline mini-train start gen=9 pair_index=20 K=200 seed=12345 valid_sizes=[20, 100] baseline_json=baseline/mini_eval/baseline_minitrain_tsp100_K200.json
[2026-02-28 15:49:16,400] INFO:fitness.free_loss_fidelity: RL4CO free-loss (step-mode): f1_steps=200, f2_steps=0, total_steps=200, train_problem_size=100, rollouts=20, batch_size=64, device=cuda:2, env=tsp
[2026-02-28 15:49:16,400] INFO:fitness.free_loss_fidelity: RL4CO free-loss (step-mode): f1_steps=200, f2_steps=0, total_steps=200, train_problem_size=100, rollouts=20, batch_size=64, device=cuda:2, env=tsp
[2026-02-28 15:49:16,797] INFO:fitness.free_loss_fidelity: RL4CO free-loss step 1/200: score=36.626595 (avg=36.626595), loss=0.800752 (avg=0.800752), pairs_step=12160, pairs_total=12160
[2026-02-28 15:49:16,797] INFO:fitness.free_loss_fidelity: RL4CO free-loss step 1/200: score=36.626595 (avg=36.626595), loss=0.800752 (avg=0.800752), pairs_step=12160, pairs_total=12160
[2026-02-28 15:49:24,274] INFO:fitness.free_loss_fidelity: RL4CO free-loss step 20/200: score=10.501962 (avg=13.496236), loss=0.595740 (avg=0.612383), pairs_step=12160, pairs_total=243199
[2026-02-28 15:49:24,274] INFO:fitness.free_loss_fidelity: RL4CO free-loss step 20/200: score=10.501962 (avg=13.496236), loss=0.595740 (avg=0.612383), pairs_step=12160, pairs_total=243199
[2026-02-28 15:49:32,147] INFO:fitness.free_loss_fidelity: RL4CO free-loss step 40/200: score=9.884097 (avg=11.810482), loss=0.597188 (avg=0.599722), pairs_step=12160, pairs_total=486399
[2026-02-28 15:49:32,147] INFO:fitness.free_loss_fidelity: RL4CO free-loss step 40/200: score=9.884097 (avg=11.810482), loss=0.597188 (avg=0.599722), pairs_step=12160, pairs_total=486399
[2026-02-28 15:49:40,015] INFO:fitness.free_loss_fidelity: RL4CO free-loss step 60/200: score=9.805807 (avg=11.151933), loss=0.573766 (avg=0.593190), pairs_step=12160, pairs_total=729599
[2026-02-28 15:49:40,015] INFO:fitness.free_loss_fidelity: RL4CO free-loss step 60/200: score=9.805807 (avg=11.151933), loss=0.573766 (avg=0.593190), pairs_step=12160, pairs_total=729599
[2026-02-28 15:49:46,526] INFO:fitness.free_loss_fidelity: RL4CO free-loss step 80/200: score=9.465992 (avg=10.782080), loss=0.569471 (avg=0.585746), pairs_step=12160, pairs_total=972799
[2026-02-28 15:49:46,526] INFO:fitness.free_loss_fidelity: RL4CO free-loss step 80/200: score=9.465992 (avg=10.782080), loss=0.569471 (avg=0.585746), pairs_step=12160, pairs_total=972799
[2026-02-28 15:49:52,994] INFO:fitness.free_loss_fidelity: RL4CO free-loss step 100/200: score=9.469748 (avg=10.529939), loss=0.559832 (avg=0.580441), pairs_step=12160, pairs_total=1215999
[2026-02-28 15:49:52,994] INFO:fitness.free_loss_fidelity: RL4CO free-loss step 100/200: score=9.469748 (avg=10.529939), loss=0.559832 (avg=0.580441), pairs_step=12160, pairs_total=1215999
[2026-02-28 15:49:59,511] INFO:fitness.free_loss_fidelity: RL4CO free-loss step 120/200: score=9.421572 (avg=10.352463), loss=0.557761 (avg=0.576750), pairs_step=12160, pairs_total=1459199
[2026-02-28 15:49:59,511] INFO:fitness.free_loss_fidelity: RL4CO free-loss step 120/200: score=9.421572 (avg=10.352463), loss=0.557761 (avg=0.576750), pairs_step=12160, pairs_total=1459199
[2026-02-28 15:50:05,246] INFO:fitness.free_loss_fidelity: RL4CO free-loss step 140/200: score=9.474376 (avg=10.212785), loss=0.559556 (avg=0.574462), pairs_step=12160, pairs_total=1702399
[2026-02-28 15:50:05,246] INFO:fitness.free_loss_fidelity: RL4CO free-loss step 140/200: score=9.474376 (avg=10.212785), loss=0.559556 (avg=0.574462), pairs_step=12160, pairs_total=1702399
[2026-02-28 15:50:11,032] INFO:fitness.free_loss_fidelity: RL4CO free-loss step 160/200: score=9.342607 (avg=10.096502), loss=0.558866 (avg=0.573459), pairs_step=12160, pairs_total=1945598
[2026-02-28 15:50:11,032] INFO:fitness.free_loss_fidelity: RL4CO free-loss step 160/200: score=9.342607 (avg=10.096502), loss=0.558866 (avg=0.573459), pairs_step=12160, pairs_total=1945598
[2026-02-28 15:50:16,921] INFO:fitness.free_loss_fidelity: RL4CO free-loss step 180/200: score=9.274557 (avg=10.003376), loss=0.581050 (avg=0.572662), pairs_step=12160, pairs_total=2188798
[2026-02-28 15:50:16,921] INFO:fitness.free_loss_fidelity: RL4CO free-loss step 180/200: score=9.274557 (avg=10.003376), loss=0.581050 (avg=0.572662), pairs_step=12160, pairs_total=2188798
[2026-02-28 15:50:22,604] INFO:fitness.free_loss_fidelity: RL4CO free-loss step 200/200: score=9.211931 (avg=9.924970), loss=0.557535 (avg=0.571727), pairs_step=12160, pairs_total=2431998
[2026-02-28 15:50:22,604] INFO:fitness.free_loss_fidelity: RL4CO free-loss step 200/200: score=9.211931 (avg=9.924970), loss=0.557535 (avg=0.571727), pairs_step=12160, pairs_total=2431998
[2026-02-28 15:50:23,899] WARNING:fitness.free_loss_fidelity: weights_only checkpoint load failed (UnpicklingError); retrying weights_only=False for /data1/gushengda/eam-rl4co/baseline/epoch_135.ckpt
[2026-02-28 15:50:23,899] WARNING:fitness.free_loss_fidelity: weights_only checkpoint load failed (UnpicklingError); retrying weights_only=False for /data1/gushengda/eam-rl4co/baseline/epoch_135.ckpt
[2026-02-28 15:50:23,939] INFO:fitness.free_loss_fidelity: Loaded init checkpoint into policy: path=/data1/gushengda/eam-rl4co/baseline/epoch_135.ckpt prefix=policy. matched=97 missing=0 unexpected=0
[2026-02-28 15:50:23,939] INFO:fitness.free_loss_fidelity: Loaded init checkpoint into policy: path=/data1/gushengda/eam-rl4co/baseline/epoch_135.ckpt prefix=policy. matched=97 missing=0 unexpected=0
[2026-02-28 15:50:23,945] INFO:fitness.free_loss_fidelity: RL4CO free-loss (step-mode): f1_steps=200, f2_steps=0, total_steps=200, train_problem_size=100, rollouts=20, batch_size=64, device=cuda:2, env=tsp
[2026-02-28 15:50:23,945] INFO:fitness.free_loss_fidelity: RL4CO free-loss (step-mode): f1_steps=200, f2_steps=0, total_steps=200, train_problem_size=100, rollouts=20, batch_size=64, device=cuda:2, env=tsp
[2026-02-28 15:50:24,281] INFO:fitness.free_loss_fidelity: RL4CO free-loss step 1/200: score=7.825121 (avg=7.825121), loss=0.666418 (avg=0.666418), pairs_step=12151, pairs_total=12151
[2026-02-28 15:50:24,281] INFO:fitness.free_loss_fidelity: RL4CO free-loss step 1/200: score=7.825121 (avg=7.825121), loss=0.666418 (avg=0.666418), pairs_step=12151, pairs_total=12151
[2026-02-28 15:50:29,685] INFO:fitness.free_loss_fidelity: RL4CO free-loss step 20/200: score=7.810350 (avg=7.842537), loss=0.668832 (avg=0.658840), pairs_step=12150, pairs_total=243054
[2026-02-28 15:50:29,685] INFO:fitness.free_loss_fidelity: RL4CO free-loss step 20/200: score=7.810350 (avg=7.842537), loss=0.668832 (avg=0.658840), pairs_step=12150, pairs_total=243054
[2026-02-28 15:50:35,375] INFO:fitness.free_loss_fidelity: RL4CO free-loss step 40/200: score=7.851828 (avg=7.836568), loss=0.657277 (avg=0.660099), pairs_step=12156, pairs_total=486130
[2026-02-28 15:50:35,375] INFO:fitness.free_loss_fidelity: RL4CO free-loss step 40/200: score=7.851828 (avg=7.836568), loss=0.657277 (avg=0.660099), pairs_step=12156, pairs_total=486130
[2026-02-28 15:50:41,086] INFO:fitness.free_loss_fidelity: RL4CO free-loss step 60/200: score=7.854330 (avg=7.834468), loss=0.668402 (avg=0.661192), pairs_step=12148, pairs_total=729225
[2026-02-28 15:50:41,086] INFO:fitness.free_loss_fidelity: RL4CO free-loss step 60/200: score=7.854330 (avg=7.834468), loss=0.668402 (avg=0.661192), pairs_step=12148, pairs_total=729225
[2026-02-28 15:50:46,804] INFO:fitness.free_loss_fidelity: RL4CO free-loss step 80/200: score=7.833943 (avg=7.833754), loss=0.662263 (avg=0.661700), pairs_step=12156, pairs_total=972340
[2026-02-28 15:50:46,804] INFO:fitness.free_loss_fidelity: RL4CO free-loss step 80/200: score=7.833943 (avg=7.833754), loss=0.662263 (avg=0.661700), pairs_step=12156, pairs_total=972340
[2026-02-28 15:50:52,498] INFO:fitness.free_loss_fidelity: RL4CO free-loss step 100/200: score=7.806017 (avg=7.835407), loss=0.664738 (avg=0.661518), pairs_step=12150, pairs_total=1215428
[2026-02-28 15:50:52,498] INFO:fitness.free_loss_fidelity: RL4CO free-loss step 100/200: score=7.806017 (avg=7.835407), loss=0.664738 (avg=0.661518), pairs_step=12150, pairs_total=1215428
[2026-02-28 15:50:58,179] INFO:fitness.free_loss_fidelity: RL4CO free-loss step 120/200: score=7.822693 (avg=7.837705), loss=0.658823 (avg=0.661078), pairs_step=12156, pairs_total=1458528
[2026-02-28 15:50:58,179] INFO:fitness.free_loss_fidelity: RL4CO free-loss step 120/200: score=7.822693 (avg=7.837705), loss=0.658823 (avg=0.661078), pairs_step=12156, pairs_total=1458528
[2026-02-28 15:51:03,867] INFO:fitness.free_loss_fidelity: RL4CO free-loss step 140/200: score=7.867680 (avg=7.839270), loss=0.654339 (avg=0.660624), pairs_step=12150, pairs_total=1701638
[2026-02-28 15:51:03,867] INFO:fitness.free_loss_fidelity: RL4CO free-loss step 140/200: score=7.867680 (avg=7.839270), loss=0.654339 (avg=0.660624), pairs_step=12150, pairs_total=1701638
[2026-02-28 15:51:09,491] INFO:fitness.free_loss_fidelity: RL4CO free-loss step 160/200: score=7.836791 (avg=7.838861), loss=0.655490 (avg=0.660559), pairs_step=12153, pairs_total=1944720
[2026-02-28 15:51:09,491] INFO:fitness.free_loss_fidelity: RL4CO free-loss step 160/200: score=7.836791 (avg=7.838861), loss=0.655490 (avg=0.660559), pairs_step=12153, pairs_total=1944720
[2026-02-28 15:51:15,139] INFO:fitness.free_loss_fidelity: RL4CO free-loss step 180/200: score=7.831590 (avg=7.838161), loss=0.663408 (avg=0.660483), pairs_step=12157, pairs_total=2187826
[2026-02-28 15:51:15,139] INFO:fitness.free_loss_fidelity: RL4CO free-loss step 180/200: score=7.831590 (avg=7.838161), loss=0.663408 (avg=0.660483), pairs_step=12157, pairs_total=2187826
[2026-02-28 15:51:20,741] INFO:fitness.free_loss_fidelity: RL4CO free-loss step 200/200: score=7.843678 (avg=7.837130), loss=0.670048 (avg=0.660794), pairs_step=12155, pairs_total=2430928
[2026-02-28 15:51:20,741] INFO:fitness.free_loss_fidelity: RL4CO free-loss step 200/200: score=7.843678 (avg=7.837130), loss=0.670048 (avg=0.660794), pairs_step=12155, pairs_total=2430928
[2026-02-28 15:51:22,037] WARNING:fitness.free_loss_fidelity: weights_only checkpoint load failed (UnpicklingError); retrying weights_only=False for /data1/gushengda/eam-rl4co/baseline/epoch_409.ckpt
[2026-02-28 15:51:22,037] WARNING:fitness.free_loss_fidelity: weights_only checkpoint load failed (UnpicklingError); retrying weights_only=False for /data1/gushengda/eam-rl4co/baseline/epoch_409.ckpt
[2026-02-28 15:51:22,076] INFO:fitness.free_loss_fidelity: Loaded init checkpoint into policy: path=/data1/gushengda/eam-rl4co/baseline/epoch_409.ckpt prefix=policy. matched=97 missing=0 unexpected=0
[2026-02-28 15:51:22,076] INFO:fitness.free_loss_fidelity: Loaded init checkpoint into policy: path=/data1/gushengda/eam-rl4co/baseline/epoch_409.ckpt prefix=policy. matched=97 missing=0 unexpected=0
[2026-02-28 15:51:22,082] INFO:fitness.free_loss_fidelity: RL4CO free-loss (step-mode): f1_steps=200, f2_steps=0, total_steps=200, train_problem_size=100, rollouts=20, batch_size=64, device=cuda:2, env=tsp
[2026-02-28 15:51:22,082] INFO:fitness.free_loss_fidelity: RL4CO free-loss (step-mode): f1_steps=200, f2_steps=0, total_steps=200, train_problem_size=100, rollouts=20, batch_size=64, device=cuda:2, env=tsp
[2026-02-28 15:51:22,404] INFO:fitness.free_loss_fidelity: RL4CO free-loss step 1/200: score=7.826895 (avg=7.826895), loss=0.205653 (avg=0.205653), pairs_step=12149, pairs_total=12149
[2026-02-28 15:51:22,404] INFO:fitness.free_loss_fidelity: RL4CO free-loss step 1/200: score=7.826895 (avg=7.826895), loss=0.205653 (avg=0.205653), pairs_step=12149, pairs_total=12149
[2026-02-28 15:51:27,769] INFO:fitness.free_loss_fidelity: RL4CO free-loss step 20/200: score=7.807415 (avg=7.843462), loss=0.181985 (avg=0.187021), pairs_step=12155, pairs_total=243063
[2026-02-28 15:51:27,769] INFO:fitness.free_loss_fidelity: RL4CO free-loss step 20/200: score=7.807415 (avg=7.843462), loss=0.181985 (avg=0.187021), pairs_step=12155, pairs_total=243063
[2026-02-28 15:51:33,420] INFO:fitness.free_loss_fidelity: RL4CO free-loss step 40/200: score=7.848041 (avg=7.839023), loss=0.175992 (avg=0.181668), pairs_step=12156, pairs_total=486164
[2026-02-28 15:51:33,420] INFO:fitness.free_loss_fidelity: RL4CO free-loss step 40/200: score=7.848041 (avg=7.839023), loss=0.175992 (avg=0.181668), pairs_step=12156, pairs_total=486164
[2026-02-28 15:51:39,051] INFO:fitness.free_loss_fidelity: RL4CO free-loss step 60/200: score=7.845024 (avg=7.835420), loss=0.174650 (avg=0.179636), pairs_step=12151, pairs_total=729246
[2026-02-28 15:51:39,051] INFO:fitness.free_loss_fidelity: RL4CO free-loss step 60/200: score=7.845024 (avg=7.835420), loss=0.174650 (avg=0.179636), pairs_step=12151, pairs_total=729246
[2026-02-28 15:51:44,711] INFO:fitness.free_loss_fidelity: RL4CO free-loss step 80/200: score=7.830616 (avg=7.835135), loss=0.170935 (avg=0.177878), pairs_step=12157, pairs_total=972357
[2026-02-28 15:51:44,711] INFO:fitness.free_loss_fidelity: RL4CO free-loss step 80/200: score=7.830616 (avg=7.835135), loss=0.170935 (avg=0.177878), pairs_step=12157, pairs_total=972357
[2026-02-28 15:51:50,349] INFO:fitness.free_loss_fidelity: RL4CO free-loss step 100/200: score=7.789227 (avg=7.835490), loss=0.183798 (avg=0.176619), pairs_step=12155, pairs_total=1215478
[2026-02-28 15:51:50,349] INFO:fitness.free_loss_fidelity: RL4CO free-loss step 100/200: score=7.789227 (avg=7.835490), loss=0.183798 (avg=0.176619), pairs_step=12155, pairs_total=1215478
[2026-02-28 15:51:56,008] INFO:fitness.free_loss_fidelity: RL4CO free-loss step 120/200: score=7.810978 (avg=7.837594), loss=0.173757 (avg=0.176324), pairs_step=12155, pairs_total=1458556
[2026-02-28 15:51:56,008] INFO:fitness.free_loss_fidelity: RL4CO free-loss step 120/200: score=7.810978 (avg=7.837594), loss=0.173757 (avg=0.176324), pairs_step=12155, pairs_total=1458556
[2026-02-28 15:52:01,623] INFO:fitness.free_loss_fidelity: RL4CO free-loss step 140/200: score=7.867499 (avg=7.838751), loss=0.178764 (avg=0.176314), pairs_step=12156, pairs_total=1701646
[2026-02-28 15:52:01,623] INFO:fitness.free_loss_fidelity: RL4CO free-loss step 140/200: score=7.867499 (avg=7.838751), loss=0.178764 (avg=0.176314), pairs_step=12156, pairs_total=1701646
[2026-02-28 15:52:07,227] INFO:fitness.free_loss_fidelity: RL4CO free-loss step 160/200: score=7.832913 (avg=7.838506), loss=0.197969 (avg=0.177590), pairs_step=12154, pairs_total=1944757
[2026-02-28 15:52:07,227] INFO:fitness.free_loss_fidelity: RL4CO free-loss step 160/200: score=7.832913 (avg=7.838506), loss=0.197969 (avg=0.177590), pairs_step=12154, pairs_total=1944757
[2026-02-28 15:52:12,853] INFO:fitness.free_loss_fidelity: RL4CO free-loss step 180/200: score=7.822803 (avg=7.837706), loss=0.181745 (avg=0.178682), pairs_step=12154, pairs_total=2187829
[2026-02-28 15:52:12,853] INFO:fitness.free_loss_fidelity: RL4CO free-loss step 180/200: score=7.822803 (avg=7.837706), loss=0.181745 (avg=0.178682), pairs_step=12154, pairs_total=2187829
[2026-02-28 15:52:18,456] INFO:fitness.free_loss_fidelity: RL4CO free-loss step 200/200: score=7.852970 (avg=7.836497), loss=0.180007 (avg=0.179605), pairs_step=12152, pairs_total=2430935
[2026-02-28 15:52:18,456] INFO:fitness.free_loss_fidelity: RL4CO free-loss step 200/200: score=7.852970 (avg=7.836497), loss=0.180007 (avg=0.179605), pairs_step=12152, pairs_total=2430935
