[2026-02-28 13:08:57,986] INFO:fitness.free_loss_fidelity: Stage3 offline mini-train start gen=3 pair_index=0 K=200 seed=12345 valid_sizes=[20, 100] baseline_json=baseline/mini_eval/baseline_minitrain_tsp100_K200.json
[2026-02-28 13:08:57,986] INFO:fitness.free_loss_fidelity: Stage3 offline mini-train start gen=3 pair_index=0 K=200 seed=12345 valid_sizes=[20, 100] baseline_json=baseline/mini_eval/baseline_minitrain_tsp100_K200.json
[2026-02-28 13:09:05,261] INFO:fitness.free_loss_fidelity: RL4CO free-loss (step-mode): f1_steps=200, f2_steps=0, total_steps=200, train_problem_size=100, rollouts=20, batch_size=64, device=cuda:0, env=tsp
[2026-02-28 13:09:05,261] INFO:fitness.free_loss_fidelity: RL4CO free-loss (step-mode): f1_steps=200, f2_steps=0, total_steps=200, train_problem_size=100, rollouts=20, batch_size=64, device=cuda:0, env=tsp
[2026-02-28 13:09:06,643] INFO:fitness.free_loss_fidelity: RL4CO free-loss step 1/200: score=36.626595 (avg=36.626595), loss=0.802105 (avg=0.802105), pairs_step=12160, pairs_total=12160
[2026-02-28 13:09:06,643] INFO:fitness.free_loss_fidelity: RL4CO free-loss step 1/200: score=36.626595 (avg=36.626595), loss=0.802105 (avg=0.802105), pairs_step=12160, pairs_total=12160
[2026-02-28 13:09:12,011] INFO:fitness.free_loss_fidelity: RL4CO free-loss step 20/200: score=10.735894 (avg=13.535281), loss=0.601635 (avg=0.616451), pairs_step=12160, pairs_total=243200
[2026-02-28 13:09:12,011] INFO:fitness.free_loss_fidelity: RL4CO free-loss step 20/200: score=10.735894 (avg=13.535281), loss=0.601635 (avg=0.616451), pairs_step=12160, pairs_total=243200
[2026-02-28 13:09:17,620] INFO:fitness.free_loss_fidelity: RL4CO free-loss step 40/200: score=9.914385 (avg=11.868756), loss=0.602998 (avg=0.605419), pairs_step=12160, pairs_total=486400
[2026-02-28 13:09:17,620] INFO:fitness.free_loss_fidelity: RL4CO free-loss step 40/200: score=9.914385 (avg=11.868756), loss=0.602998 (avg=0.605419), pairs_step=12160, pairs_total=486400
[2026-02-28 13:09:23,262] INFO:fitness.free_loss_fidelity: RL4CO free-loss step 60/200: score=9.758419 (avg=11.177882), loss=0.585123 (avg=0.598509), pairs_step=12160, pairs_total=729600
[2026-02-28 13:09:23,262] INFO:fitness.free_loss_fidelity: RL4CO free-loss step 60/200: score=9.758419 (avg=11.177882), loss=0.585123 (avg=0.598509), pairs_step=12160, pairs_total=729600
[2026-02-28 13:09:28,856] INFO:fitness.free_loss_fidelity: RL4CO free-loss step 80/200: score=9.583731 (avg=10.788339), loss=0.576263 (avg=0.592026), pairs_step=12160, pairs_total=972800
[2026-02-28 13:09:28,856] INFO:fitness.free_loss_fidelity: RL4CO free-loss step 80/200: score=9.583731 (avg=10.788339), loss=0.576263 (avg=0.592026), pairs_step=12160, pairs_total=972800
[2026-02-28 13:09:34,435] INFO:fitness.free_loss_fidelity: RL4CO free-loss step 100/200: score=9.511808 (avg=10.539214), loss=0.579556 (avg=0.588325), pairs_step=12160, pairs_total=1216000
[2026-02-28 13:09:34,435] INFO:fitness.free_loss_fidelity: RL4CO free-loss step 100/200: score=9.511808 (avg=10.539214), loss=0.579556 (avg=0.588325), pairs_step=12160, pairs_total=1216000
[2026-02-28 13:09:40,039] INFO:fitness.free_loss_fidelity: RL4CO free-loss step 120/200: score=9.316759 (avg=10.361179), loss=0.578925 (avg=0.585369), pairs_step=12160, pairs_total=1459200
[2026-02-28 13:09:40,039] INFO:fitness.free_loss_fidelity: RL4CO free-loss step 120/200: score=9.316759 (avg=10.361179), loss=0.578925 (avg=0.585369), pairs_step=12160, pairs_total=1459200
[2026-02-28 13:09:45,614] INFO:fitness.free_loss_fidelity: RL4CO free-loss step 140/200: score=9.410469 (avg=10.223099), loss=0.578660 (avg=0.582706), pairs_step=12160, pairs_total=1702400
[2026-02-28 13:09:45,614] INFO:fitness.free_loss_fidelity: RL4CO free-loss step 140/200: score=9.410469 (avg=10.223099), loss=0.578660 (avg=0.582706), pairs_step=12160, pairs_total=1702400
[2026-02-28 13:09:51,218] INFO:fitness.free_loss_fidelity: RL4CO free-loss step 160/200: score=9.283828 (avg=10.110569), loss=0.570230 (avg=0.581839), pairs_step=12160, pairs_total=1945600
[2026-02-28 13:09:51,218] INFO:fitness.free_loss_fidelity: RL4CO free-loss step 160/200: score=9.283828 (avg=10.110569), loss=0.570230 (avg=0.581839), pairs_step=12160, pairs_total=1945600
[2026-02-28 13:09:56,795] INFO:fitness.free_loss_fidelity: RL4CO free-loss step 180/200: score=9.200052 (avg=10.011644), loss=0.583450 (avg=0.581450), pairs_step=12160, pairs_total=2188800
[2026-02-28 13:09:56,795] INFO:fitness.free_loss_fidelity: RL4CO free-loss step 180/200: score=9.200052 (avg=10.011644), loss=0.583450 (avg=0.581450), pairs_step=12160, pairs_total=2188800
[2026-02-28 13:10:02,390] INFO:fitness.free_loss_fidelity: RL4CO free-loss step 200/200: score=9.138244 (avg=9.932949), loss=0.579330 (avg=0.580579), pairs_step=12160, pairs_total=2432000
[2026-02-28 13:10:02,390] INFO:fitness.free_loss_fidelity: RL4CO free-loss step 200/200: score=9.138244 (avg=9.932949), loss=0.579330 (avg=0.580579), pairs_step=12160, pairs_total=2432000
[2026-02-28 13:10:03,668] WARNING:fitness.free_loss_fidelity: weights_only checkpoint load failed (UnpicklingError); retrying weights_only=False for /data1/gushengda/eam-rl4co/baseline/epoch_135.ckpt
[2026-02-28 13:10:03,668] WARNING:fitness.free_loss_fidelity: weights_only checkpoint load failed (UnpicklingError); retrying weights_only=False for /data1/gushengda/eam-rl4co/baseline/epoch_135.ckpt
[2026-02-28 13:10:03,724] INFO:fitness.free_loss_fidelity: Loaded init checkpoint into policy: path=/data1/gushengda/eam-rl4co/baseline/epoch_135.ckpt prefix=policy. matched=97 missing=0 unexpected=0
[2026-02-28 13:10:03,724] INFO:fitness.free_loss_fidelity: Loaded init checkpoint into policy: path=/data1/gushengda/eam-rl4co/baseline/epoch_135.ckpt prefix=policy. matched=97 missing=0 unexpected=0
[2026-02-28 13:10:03,728] INFO:fitness.free_loss_fidelity: RL4CO free-loss (step-mode): f1_steps=200, f2_steps=0, total_steps=200, train_problem_size=100, rollouts=20, batch_size=64, device=cuda:0, env=tsp
[2026-02-28 13:10:03,728] INFO:fitness.free_loss_fidelity: RL4CO free-loss (step-mode): f1_steps=200, f2_steps=0, total_steps=200, train_problem_size=100, rollouts=20, batch_size=64, device=cuda:0, env=tsp
[2026-02-28 13:10:04,017] INFO:fitness.free_loss_fidelity: RL4CO free-loss step 1/200: score=7.825121 (avg=7.825121), loss=0.669272 (avg=0.669272), pairs_step=12151, pairs_total=12151
[2026-02-28 13:10:04,017] INFO:fitness.free_loss_fidelity: RL4CO free-loss step 1/200: score=7.825121 (avg=7.825121), loss=0.669272 (avg=0.669272), pairs_step=12151, pairs_total=12151
[2026-02-28 13:10:09,362] INFO:fitness.free_loss_fidelity: RL4CO free-loss step 20/200: score=7.817045 (avg=7.843696), loss=0.668128 (avg=0.663038), pairs_step=12155, pairs_total=243079
[2026-02-28 13:10:09,362] INFO:fitness.free_loss_fidelity: RL4CO free-loss step 20/200: score=7.817045 (avg=7.843696), loss=0.668128 (avg=0.663038), pairs_step=12155, pairs_total=243079
[2026-02-28 13:10:15,035] INFO:fitness.free_loss_fidelity: RL4CO free-loss step 40/200: score=7.856020 (avg=7.837619), loss=0.664384 (avg=0.663696), pairs_step=12156, pairs_total=486182
[2026-02-28 13:10:15,035] INFO:fitness.free_loss_fidelity: RL4CO free-loss step 40/200: score=7.856020 (avg=7.837619), loss=0.664384 (avg=0.663696), pairs_step=12156, pairs_total=486182
[2026-02-28 13:10:20,639] INFO:fitness.free_loss_fidelity: RL4CO free-loss step 60/200: score=7.843477 (avg=7.834883), loss=0.663392 (avg=0.664818), pairs_step=12155, pairs_total=729257
[2026-02-28 13:10:20,639] INFO:fitness.free_loss_fidelity: RL4CO free-loss step 60/200: score=7.843477 (avg=7.834883), loss=0.663392 (avg=0.664818), pairs_step=12155, pairs_total=729257
[2026-02-28 13:10:26,234] INFO:fitness.free_loss_fidelity: RL4CO free-loss step 80/200: score=7.839910 (avg=7.833756), loss=0.668468 (avg=0.664998), pairs_step=12154, pairs_total=972335
[2026-02-28 13:10:26,234] INFO:fitness.free_loss_fidelity: RL4CO free-loss step 80/200: score=7.839910 (avg=7.833756), loss=0.668468 (avg=0.664998), pairs_step=12154, pairs_total=972335
[2026-02-28 13:10:31,855] INFO:fitness.free_loss_fidelity: RL4CO free-loss step 100/200: score=7.788236 (avg=7.834802), loss=0.664789 (avg=0.664571), pairs_step=12160, pairs_total=1215442
[2026-02-28 13:10:31,855] INFO:fitness.free_loss_fidelity: RL4CO free-loss step 100/200: score=7.788236 (avg=7.834802), loss=0.664789 (avg=0.664571), pairs_step=12160, pairs_total=1215442
[2026-02-28 13:10:37,859] INFO:fitness.free_loss_fidelity: RL4CO free-loss step 120/200: score=7.815146 (avg=7.837374), loss=0.661210 (avg=0.664364), pairs_step=12156, pairs_total=1458531
[2026-02-28 13:10:37,859] INFO:fitness.free_loss_fidelity: RL4CO free-loss step 120/200: score=7.815146 (avg=7.837374), loss=0.661210 (avg=0.664364), pairs_step=12156, pairs_total=1458531
[2026-02-28 13:10:44,240] INFO:fitness.free_loss_fidelity: RL4CO free-loss step 140/200: score=7.872284 (avg=7.838874), loss=0.662218 (avg=0.664129), pairs_step=12155, pairs_total=1701644
[2026-02-28 13:10:44,240] INFO:fitness.free_loss_fidelity: RL4CO free-loss step 140/200: score=7.872284 (avg=7.838874), loss=0.662218 (avg=0.664129), pairs_step=12155, pairs_total=1701644
[2026-02-28 13:10:50,614] INFO:fitness.free_loss_fidelity: RL4CO free-loss step 160/200: score=7.828463 (avg=7.838898), loss=0.659711 (avg=0.663964), pairs_step=12154, pairs_total=1944733
[2026-02-28 13:10:50,614] INFO:fitness.free_loss_fidelity: RL4CO free-loss step 160/200: score=7.828463 (avg=7.838898), loss=0.659711 (avg=0.663964), pairs_step=12154, pairs_total=1944733
[2026-02-28 13:10:56,963] INFO:fitness.free_loss_fidelity: RL4CO free-loss step 180/200: score=7.826966 (avg=7.837743), loss=0.661179 (avg=0.663726), pairs_step=12153, pairs_total=2187828
[2026-02-28 13:10:56,963] INFO:fitness.free_loss_fidelity: RL4CO free-loss step 180/200: score=7.826966 (avg=7.837743), loss=0.661179 (avg=0.663726), pairs_step=12153, pairs_total=2187828
[2026-02-28 13:11:03,339] INFO:fitness.free_loss_fidelity: RL4CO free-loss step 200/200: score=7.860539 (avg=7.836833), loss=0.658631 (avg=0.663689), pairs_step=12156, pairs_total=2430899
[2026-02-28 13:11:03,339] INFO:fitness.free_loss_fidelity: RL4CO free-loss step 200/200: score=7.860539 (avg=7.836833), loss=0.658631 (avg=0.663689), pairs_step=12156, pairs_total=2430899
[2026-02-28 13:11:04,893] WARNING:fitness.free_loss_fidelity: weights_only checkpoint load failed (UnpicklingError); retrying weights_only=False for /data1/gushengda/eam-rl4co/baseline/epoch_409.ckpt
[2026-02-28 13:11:04,893] WARNING:fitness.free_loss_fidelity: weights_only checkpoint load failed (UnpicklingError); retrying weights_only=False for /data1/gushengda/eam-rl4co/baseline/epoch_409.ckpt
[2026-02-28 13:11:04,938] INFO:fitness.free_loss_fidelity: Loaded init checkpoint into policy: path=/data1/gushengda/eam-rl4co/baseline/epoch_409.ckpt prefix=policy. matched=97 missing=0 unexpected=0
[2026-02-28 13:11:04,938] INFO:fitness.free_loss_fidelity: Loaded init checkpoint into policy: path=/data1/gushengda/eam-rl4co/baseline/epoch_409.ckpt prefix=policy. matched=97 missing=0 unexpected=0
[2026-02-28 13:11:04,944] INFO:fitness.free_loss_fidelity: RL4CO free-loss (step-mode): f1_steps=200, f2_steps=0, total_steps=200, train_problem_size=100, rollouts=20, batch_size=64, device=cuda:0, env=tsp
[2026-02-28 13:11:04,944] INFO:fitness.free_loss_fidelity: RL4CO free-loss (step-mode): f1_steps=200, f2_steps=0, total_steps=200, train_problem_size=100, rollouts=20, batch_size=64, device=cuda:0, env=tsp
[2026-02-28 13:11:05,306] INFO:fitness.free_loss_fidelity: RL4CO free-loss step 1/200: score=7.826895 (avg=7.826895), loss=0.210506 (avg=0.210506), pairs_step=12149, pairs_total=12149
[2026-02-28 13:11:05,306] INFO:fitness.free_loss_fidelity: RL4CO free-loss step 1/200: score=7.826895 (avg=7.826895), loss=0.210506 (avg=0.210506), pairs_step=12149, pairs_total=12149
[2026-02-28 13:11:11,065] INFO:fitness.free_loss_fidelity: RL4CO free-loss step 20/200: score=7.821683 (avg=7.840886), loss=0.192384 (avg=0.193692), pairs_step=12155, pairs_total=243032
[2026-02-28 13:11:11,065] INFO:fitness.free_loss_fidelity: RL4CO free-loss step 20/200: score=7.821683 (avg=7.840886), loss=0.192384 (avg=0.193692), pairs_step=12155, pairs_total=243032
[2026-02-28 13:11:16,631] INFO:fitness.free_loss_fidelity: RL4CO free-loss step 40/200: score=7.858299 (avg=7.836349), loss=0.193547 (avg=0.193130), pairs_step=12150, pairs_total=486130
[2026-02-28 13:11:16,631] INFO:fitness.free_loss_fidelity: RL4CO free-loss step 40/200: score=7.858299 (avg=7.836349), loss=0.193547 (avg=0.193130), pairs_step=12150, pairs_total=486130
[2026-02-28 13:11:22,228] INFO:fitness.free_loss_fidelity: RL4CO free-loss step 60/200: score=7.842448 (avg=7.834274), loss=0.208891 (avg=0.196579), pairs_step=12152, pairs_total=729191
[2026-02-28 13:11:22,228] INFO:fitness.free_loss_fidelity: RL4CO free-loss step 60/200: score=7.842448 (avg=7.834274), loss=0.208891 (avg=0.196579), pairs_step=12152, pairs_total=729191
[2026-02-28 13:11:27,762] INFO:fitness.free_loss_fidelity: RL4CO free-loss step 80/200: score=7.825681 (avg=7.832051), loss=0.198380 (avg=0.198385), pairs_step=12156, pairs_total=972272
[2026-02-28 13:11:27,762] INFO:fitness.free_loss_fidelity: RL4CO free-loss step 80/200: score=7.825681 (avg=7.832051), loss=0.198380 (avg=0.198385), pairs_step=12156, pairs_total=972272
[2026-02-28 13:11:33,307] INFO:fitness.free_loss_fidelity: RL4CO free-loss step 100/200: score=7.779235 (avg=7.832750), loss=0.195038 (avg=0.197391), pairs_step=12151, pairs_total=1215360
[2026-02-28 13:11:33,307] INFO:fitness.free_loss_fidelity: RL4CO free-loss step 100/200: score=7.779235 (avg=7.832750), loss=0.195038 (avg=0.197391), pairs_step=12151, pairs_total=1215360
[2026-02-28 13:11:38,853] INFO:fitness.free_loss_fidelity: RL4CO free-loss step 120/200: score=7.813094 (avg=7.834264), loss=0.184172 (avg=0.196180), pairs_step=12151, pairs_total=1458432
[2026-02-28 13:11:38,853] INFO:fitness.free_loss_fidelity: RL4CO free-loss step 120/200: score=7.813094 (avg=7.834264), loss=0.184172 (avg=0.196180), pairs_step=12151, pairs_total=1458432
[2026-02-28 13:11:44,386] INFO:fitness.free_loss_fidelity: RL4CO free-loss step 140/200: score=7.864038 (avg=7.835445), loss=0.186417 (avg=0.194316), pairs_step=12156, pairs_total=1701552
[2026-02-28 13:11:44,386] INFO:fitness.free_loss_fidelity: RL4CO free-loss step 140/200: score=7.864038 (avg=7.835445), loss=0.186417 (avg=0.194316), pairs_step=12156, pairs_total=1701552
[2026-02-28 13:11:50,209] INFO:fitness.free_loss_fidelity: RL4CO free-loss step 160/200: score=7.837128 (avg=7.835446), loss=0.180685 (avg=0.192602), pairs_step=12157, pairs_total=1944668
[2026-02-28 13:11:50,209] INFO:fitness.free_loss_fidelity: RL4CO free-loss step 160/200: score=7.837128 (avg=7.835446), loss=0.180685 (avg=0.192602), pairs_step=12157, pairs_total=1944668
[2026-02-28 13:11:55,734] INFO:fitness.free_loss_fidelity: RL4CO free-loss step 180/200: score=7.821982 (avg=7.834714), loss=0.177981 (avg=0.191365), pairs_step=12150, pairs_total=2187772
[2026-02-28 13:11:55,734] INFO:fitness.free_loss_fidelity: RL4CO free-loss step 180/200: score=7.821982 (avg=7.834714), loss=0.177981 (avg=0.191365), pairs_step=12150, pairs_total=2187772
[2026-02-28 13:12:01,279] INFO:fitness.free_loss_fidelity: RL4CO free-loss step 200/200: score=7.859182 (avg=7.834210), loss=0.174000 (avg=0.190888), pairs_step=12151, pairs_total=2430880
[2026-02-28 13:12:01,279] INFO:fitness.free_loss_fidelity: RL4CO free-loss step 200/200: score=7.859182 (avg=7.834210), loss=0.174000 (avg=0.190888), pairs_step=12151, pairs_total=2430880
