[2026-02-28 13:00:54,551] INFO:fitness.free_loss_fidelity: Stage3 offline mini-train start gen=2 pair_index=15 K=200 seed=12345 valid_sizes=[20, 100] baseline_json=baseline/mini_eval/baseline_minitrain_tsp100_K200.json
[2026-02-28 13:00:54,551] INFO:fitness.free_loss_fidelity: Stage3 offline mini-train start gen=2 pair_index=15 K=200 seed=12345 valid_sizes=[20, 100] baseline_json=baseline/mini_eval/baseline_minitrain_tsp100_K200.json
[2026-02-28 13:00:54,572] INFO:fitness.free_loss_fidelity: RL4CO free-loss (step-mode): f1_steps=200, f2_steps=0, total_steps=200, train_problem_size=100, rollouts=20, batch_size=64, device=cuda:1, env=tsp
[2026-02-28 13:00:54,572] INFO:fitness.free_loss_fidelity: RL4CO free-loss (step-mode): f1_steps=200, f2_steps=0, total_steps=200, train_problem_size=100, rollouts=20, batch_size=64, device=cuda:1, env=tsp
[2026-02-28 13:00:54,868] INFO:fitness.free_loss_fidelity: RL4CO free-loss step 1/200: score=36.626595 (avg=36.626595), loss=0.854220 (avg=0.854220), pairs_step=12160, pairs_total=12160
[2026-02-28 13:00:54,868] INFO:fitness.free_loss_fidelity: RL4CO free-loss step 1/200: score=36.626595 (avg=36.626595), loss=0.854220 (avg=0.854220), pairs_step=12160, pairs_total=12160
[2026-02-28 13:01:00,465] INFO:fitness.free_loss_fidelity: RL4CO free-loss step 20/200: score=10.519802 (avg=13.395498), loss=0.649551 (avg=0.636541), pairs_step=12160, pairs_total=243200
[2026-02-28 13:01:00,465] INFO:fitness.free_loss_fidelity: RL4CO free-loss step 20/200: score=10.519802 (avg=13.395498), loss=0.649551 (avg=0.636541), pairs_step=12160, pairs_total=243200
[2026-02-28 13:01:06,346] INFO:fitness.free_loss_fidelity: RL4CO free-loss step 40/200: score=9.940464 (avg=11.707874), loss=0.582521 (avg=0.620230), pairs_step=12160, pairs_total=486399
[2026-02-28 13:01:06,346] INFO:fitness.free_loss_fidelity: RL4CO free-loss step 40/200: score=9.940464 (avg=11.707874), loss=0.582521 (avg=0.620230), pairs_step=12160, pairs_total=486399
[2026-02-28 13:01:12,271] INFO:fitness.free_loss_fidelity: RL4CO free-loss step 60/200: score=9.675632 (avg=11.049195), loss=0.617124 (avg=0.612388), pairs_step=12160, pairs_total=729599
[2026-02-28 13:01:12,271] INFO:fitness.free_loss_fidelity: RL4CO free-loss step 60/200: score=9.675632 (avg=11.049195), loss=0.617124 (avg=0.612388), pairs_step=12160, pairs_total=729599
[2026-02-28 13:01:18,372] INFO:fitness.free_loss_fidelity: RL4CO free-loss step 80/200: score=9.498711 (avg=10.695805), loss=0.596738 (avg=0.607497), pairs_step=12160, pairs_total=972799
[2026-02-28 13:01:18,372] INFO:fitness.free_loss_fidelity: RL4CO free-loss step 80/200: score=9.498711 (avg=10.695805), loss=0.596738 (avg=0.607497), pairs_step=12160, pairs_total=972799
[2026-02-28 13:01:24,288] INFO:fitness.free_loss_fidelity: RL4CO free-loss step 100/200: score=9.373475 (avg=10.455844), loss=0.583053 (avg=0.604329), pairs_step=12160, pairs_total=1215999
[2026-02-28 13:01:24,288] INFO:fitness.free_loss_fidelity: RL4CO free-loss step 100/200: score=9.373475 (avg=10.455844), loss=0.583053 (avg=0.604329), pairs_step=12160, pairs_total=1215999
[2026-02-28 13:01:30,219] INFO:fitness.free_loss_fidelity: RL4CO free-loss step 120/200: score=9.368531 (avg=10.284655), loss=0.588078 (avg=0.601342), pairs_step=12160, pairs_total=1459199
[2026-02-28 13:01:30,219] INFO:fitness.free_loss_fidelity: RL4CO free-loss step 120/200: score=9.368531 (avg=10.284655), loss=0.588078 (avg=0.601342), pairs_step=12160, pairs_total=1459199
[2026-02-28 13:01:36,196] INFO:fitness.free_loss_fidelity: RL4CO free-loss step 140/200: score=9.369491 (avg=10.153171), loss=0.579689 (avg=0.599300), pairs_step=12160, pairs_total=1702399
[2026-02-28 13:01:36,196] INFO:fitness.free_loss_fidelity: RL4CO free-loss step 140/200: score=9.369491 (avg=10.153171), loss=0.579689 (avg=0.599300), pairs_step=12160, pairs_total=1702399
[2026-02-28 13:01:42,118] INFO:fitness.free_loss_fidelity: RL4CO free-loss step 160/200: score=9.262642 (avg=10.043741), loss=0.575319 (avg=0.597534), pairs_step=12160, pairs_total=1945599
[2026-02-28 13:01:42,118] INFO:fitness.free_loss_fidelity: RL4CO free-loss step 160/200: score=9.262642 (avg=10.043741), loss=0.575319 (avg=0.597534), pairs_step=12160, pairs_total=1945599
[2026-02-28 13:01:48,035] INFO:fitness.free_loss_fidelity: RL4CO free-loss step 180/200: score=9.185135 (avg=9.954100), loss=0.585381 (avg=0.596356), pairs_step=12160, pairs_total=2188798
[2026-02-28 13:01:48,035] INFO:fitness.free_loss_fidelity: RL4CO free-loss step 180/200: score=9.185135 (avg=9.954100), loss=0.585381 (avg=0.596356), pairs_step=12160, pairs_total=2188798
[2026-02-28 13:01:53,942] INFO:fitness.free_loss_fidelity: RL4CO free-loss step 200/200: score=9.138481 (avg=9.880469), loss=0.586505 (avg=0.595537), pairs_step=12160, pairs_total=2431997
[2026-02-28 13:01:53,942] INFO:fitness.free_loss_fidelity: RL4CO free-loss step 200/200: score=9.138481 (avg=9.880469), loss=0.586505 (avg=0.595537), pairs_step=12160, pairs_total=2431997
[2026-02-28 13:01:55,283] WARNING:fitness.free_loss_fidelity: weights_only checkpoint load failed (UnpicklingError); retrying weights_only=False for /data1/gushengda/eam-rl4co/baseline/epoch_135.ckpt
[2026-02-28 13:01:55,283] WARNING:fitness.free_loss_fidelity: weights_only checkpoint load failed (UnpicklingError); retrying weights_only=False for /data1/gushengda/eam-rl4co/baseline/epoch_135.ckpt
[2026-02-28 13:01:55,323] INFO:fitness.free_loss_fidelity: Loaded init checkpoint into policy: path=/data1/gushengda/eam-rl4co/baseline/epoch_135.ckpt prefix=policy. matched=97 missing=0 unexpected=0
[2026-02-28 13:01:55,323] INFO:fitness.free_loss_fidelity: Loaded init checkpoint into policy: path=/data1/gushengda/eam-rl4co/baseline/epoch_135.ckpt prefix=policy. matched=97 missing=0 unexpected=0
[2026-02-28 13:01:55,327] INFO:fitness.free_loss_fidelity: RL4CO free-loss (step-mode): f1_steps=200, f2_steps=0, total_steps=200, train_problem_size=100, rollouts=20, batch_size=64, device=cuda:1, env=tsp
[2026-02-28 13:01:55,327] INFO:fitness.free_loss_fidelity: RL4CO free-loss (step-mode): f1_steps=200, f2_steps=0, total_steps=200, train_problem_size=100, rollouts=20, batch_size=64, device=cuda:1, env=tsp
[2026-02-28 13:01:55,633] INFO:fitness.free_loss_fidelity: RL4CO free-loss step 1/200: score=7.825121 (avg=7.825121), loss=0.672623 (avg=0.672623), pairs_step=12151, pairs_total=12151
[2026-02-28 13:01:55,633] INFO:fitness.free_loss_fidelity: RL4CO free-loss step 1/200: score=7.825121 (avg=7.825121), loss=0.672623 (avg=0.672623), pairs_step=12151, pairs_total=12151
[2026-02-28 13:02:01,259] INFO:fitness.free_loss_fidelity: RL4CO free-loss step 20/200: score=7.817793 (avg=7.843937), loss=0.667470 (avg=0.667285), pairs_step=12155, pairs_total=243057
[2026-02-28 13:02:01,259] INFO:fitness.free_loss_fidelity: RL4CO free-loss step 20/200: score=7.817793 (avg=7.843937), loss=0.667470 (avg=0.667285), pairs_step=12155, pairs_total=243057
[2026-02-28 13:02:07,184] INFO:fitness.free_loss_fidelity: RL4CO free-loss step 40/200: score=7.851961 (avg=7.841081), loss=0.674745 (avg=0.669078), pairs_step=12155, pairs_total=486160
[2026-02-28 13:02:07,184] INFO:fitness.free_loss_fidelity: RL4CO free-loss step 40/200: score=7.851961 (avg=7.841081), loss=0.674745 (avg=0.669078), pairs_step=12155, pairs_total=486160
[2026-02-28 13:02:13,110] INFO:fitness.free_loss_fidelity: RL4CO free-loss step 60/200: score=7.850992 (avg=7.836893), loss=0.674740 (avg=0.669821), pairs_step=12142, pairs_total=729237
[2026-02-28 13:02:13,110] INFO:fitness.free_loss_fidelity: RL4CO free-loss step 60/200: score=7.850992 (avg=7.836893), loss=0.674740 (avg=0.669821), pairs_step=12142, pairs_total=729237
[2026-02-28 13:02:19,024] INFO:fitness.free_loss_fidelity: RL4CO free-loss step 80/200: score=7.836392 (avg=7.835913), loss=0.675941 (avg=0.670254), pairs_step=12157, pairs_total=972337
[2026-02-28 13:02:19,024] INFO:fitness.free_loss_fidelity: RL4CO free-loss step 80/200: score=7.836392 (avg=7.835913), loss=0.675941 (avg=0.670254), pairs_step=12157, pairs_total=972337
[2026-02-28 13:02:24,950] INFO:fitness.free_loss_fidelity: RL4CO free-loss step 100/200: score=7.803449 (avg=7.837290), loss=0.670375 (avg=0.670008), pairs_step=12157, pairs_total=1215426
[2026-02-28 13:02:24,950] INFO:fitness.free_loss_fidelity: RL4CO free-loss step 100/200: score=7.803449 (avg=7.837290), loss=0.670375 (avg=0.670008), pairs_step=12157, pairs_total=1215426
[2026-02-28 13:02:30,860] INFO:fitness.free_loss_fidelity: RL4CO free-loss step 120/200: score=7.810570 (avg=7.838710), loss=0.664770 (avg=0.669535), pairs_step=12157, pairs_total=1458514
[2026-02-28 13:02:30,860] INFO:fitness.free_loss_fidelity: RL4CO free-loss step 120/200: score=7.810570 (avg=7.838710), loss=0.664770 (avg=0.669535), pairs_step=12157, pairs_total=1458514
[2026-02-28 13:02:36,771] INFO:fitness.free_loss_fidelity: RL4CO free-loss step 140/200: score=7.871869 (avg=7.839784), loss=0.671819 (avg=0.669616), pairs_step=12151, pairs_total=1701606
[2026-02-28 13:02:36,771] INFO:fitness.free_loss_fidelity: RL4CO free-loss step 140/200: score=7.871869 (avg=7.839784), loss=0.671819 (avg=0.669616), pairs_step=12151, pairs_total=1701606
[2026-02-28 13:02:42,683] INFO:fitness.free_loss_fidelity: RL4CO free-loss step 160/200: score=7.835201 (avg=7.839658), loss=0.670314 (avg=0.669705), pairs_step=12150, pairs_total=1944713
[2026-02-28 13:02:42,683] INFO:fitness.free_loss_fidelity: RL4CO free-loss step 160/200: score=7.835201 (avg=7.839658), loss=0.670314 (avg=0.669705), pairs_step=12150, pairs_total=1944713
[2026-02-28 13:02:48,594] INFO:fitness.free_loss_fidelity: RL4CO free-loss step 180/200: score=7.815176 (avg=7.838499), loss=0.674143 (avg=0.669633), pairs_step=12149, pairs_total=2187801
[2026-02-28 13:02:48,594] INFO:fitness.free_loss_fidelity: RL4CO free-loss step 180/200: score=7.815176 (avg=7.838499), loss=0.674143 (avg=0.669633), pairs_step=12149, pairs_total=2187801
[2026-02-28 13:02:54,485] INFO:fitness.free_loss_fidelity: RL4CO free-loss step 200/200: score=7.857568 (avg=7.837446), loss=0.666167 (avg=0.669577), pairs_step=12154, pairs_total=2430902
[2026-02-28 13:02:54,485] INFO:fitness.free_loss_fidelity: RL4CO free-loss step 200/200: score=7.857568 (avg=7.837446), loss=0.666167 (avg=0.669577), pairs_step=12154, pairs_total=2430902
[2026-02-28 13:02:55,806] WARNING:fitness.free_loss_fidelity: weights_only checkpoint load failed (UnpicklingError); retrying weights_only=False for /data1/gushengda/eam-rl4co/baseline/epoch_409.ckpt
[2026-02-28 13:02:55,806] WARNING:fitness.free_loss_fidelity: weights_only checkpoint load failed (UnpicklingError); retrying weights_only=False for /data1/gushengda/eam-rl4co/baseline/epoch_409.ckpt
[2026-02-28 13:02:55,838] INFO:fitness.free_loss_fidelity: Loaded init checkpoint into policy: path=/data1/gushengda/eam-rl4co/baseline/epoch_409.ckpt prefix=policy. matched=97 missing=0 unexpected=0
[2026-02-28 13:02:55,838] INFO:fitness.free_loss_fidelity: Loaded init checkpoint into policy: path=/data1/gushengda/eam-rl4co/baseline/epoch_409.ckpt prefix=policy. matched=97 missing=0 unexpected=0
[2026-02-28 13:02:55,843] INFO:fitness.free_loss_fidelity: RL4CO free-loss (step-mode): f1_steps=200, f2_steps=0, total_steps=200, train_problem_size=100, rollouts=20, batch_size=64, device=cuda:1, env=tsp
[2026-02-28 13:02:55,843] INFO:fitness.free_loss_fidelity: RL4CO free-loss (step-mode): f1_steps=200, f2_steps=0, total_steps=200, train_problem_size=100, rollouts=20, batch_size=64, device=cuda:1, env=tsp
[2026-02-28 13:02:56,179] INFO:fitness.free_loss_fidelity: RL4CO free-loss step 1/200: score=7.826895 (avg=7.826895), loss=0.212819 (avg=0.212819), pairs_step=12149, pairs_total=12149
[2026-02-28 13:02:56,179] INFO:fitness.free_loss_fidelity: RL4CO free-loss step 1/200: score=7.826895 (avg=7.826895), loss=0.212819 (avg=0.212819), pairs_step=12149, pairs_total=12149
[2026-02-28 13:03:01,790] INFO:fitness.free_loss_fidelity: RL4CO free-loss step 20/200: score=7.817332 (avg=7.838280), loss=0.194203 (avg=0.198563), pairs_step=12152, pairs_total=243071
[2026-02-28 13:03:01,790] INFO:fitness.free_loss_fidelity: RL4CO free-loss step 20/200: score=7.817332 (avg=7.838280), loss=0.194203 (avg=0.198563), pairs_step=12152, pairs_total=243071
[2026-02-28 13:03:07,717] INFO:fitness.free_loss_fidelity: RL4CO free-loss step 40/200: score=7.846064 (avg=7.833998), loss=0.201069 (avg=0.198452), pairs_step=12156, pairs_total=486164
[2026-02-28 13:03:07,717] INFO:fitness.free_loss_fidelity: RL4CO free-loss step 40/200: score=7.846064 (avg=7.833998), loss=0.201069 (avg=0.198452), pairs_step=12156, pairs_total=486164
[2026-02-28 13:03:13,630] INFO:fitness.free_loss_fidelity: RL4CO free-loss step 60/200: score=7.847476 (avg=7.831310), loss=0.207751 (avg=0.198943), pairs_step=12151, pairs_total=729248
[2026-02-28 13:03:13,630] INFO:fitness.free_loss_fidelity: RL4CO free-loss step 60/200: score=7.847476 (avg=7.831310), loss=0.207751 (avg=0.198943), pairs_step=12151, pairs_total=729248
[2026-02-28 13:03:19,539] INFO:fitness.free_loss_fidelity: RL4CO free-loss step 80/200: score=7.821986 (avg=7.830627), loss=0.198435 (avg=0.199216), pairs_step=12157, pairs_total=972325
[2026-02-28 13:03:19,539] INFO:fitness.free_loss_fidelity: RL4CO free-loss step 80/200: score=7.821986 (avg=7.830627), loss=0.198435 (avg=0.199216), pairs_step=12157, pairs_total=972325
[2026-02-28 13:03:25,451] INFO:fitness.free_loss_fidelity: RL4CO free-loss step 100/200: score=7.789768 (avg=7.831150), loss=0.203814 (avg=0.199667), pairs_step=12154, pairs_total=1215412
[2026-02-28 13:03:25,451] INFO:fitness.free_loss_fidelity: RL4CO free-loss step 100/200: score=7.789768 (avg=7.831150), loss=0.203814 (avg=0.199667), pairs_step=12154, pairs_total=1215412
[2026-02-28 13:03:31,343] INFO:fitness.free_loss_fidelity: RL4CO free-loss step 120/200: score=7.809426 (avg=7.833349), loss=0.212064 (avg=0.199917), pairs_step=12153, pairs_total=1458481
[2026-02-28 13:03:31,343] INFO:fitness.free_loss_fidelity: RL4CO free-loss step 120/200: score=7.809426 (avg=7.833349), loss=0.212064 (avg=0.199917), pairs_step=12153, pairs_total=1458481
[2026-02-28 13:03:37,235] INFO:fitness.free_loss_fidelity: RL4CO free-loss step 140/200: score=7.865701 (avg=7.834781), loss=0.189313 (avg=0.200137), pairs_step=12155, pairs_total=1701557
[2026-02-28 13:03:37,235] INFO:fitness.free_loss_fidelity: RL4CO free-loss step 140/200: score=7.865701 (avg=7.834781), loss=0.189313 (avg=0.200137), pairs_step=12155, pairs_total=1701557
[2026-02-28 13:03:43,340] INFO:fitness.free_loss_fidelity: RL4CO free-loss step 160/200: score=7.833334 (avg=7.834261), loss=0.209216 (avg=0.199800), pairs_step=12155, pairs_total=1944661
[2026-02-28 13:03:43,340] INFO:fitness.free_loss_fidelity: RL4CO free-loss step 160/200: score=7.833334 (avg=7.834261), loss=0.209216 (avg=0.199800), pairs_step=12155, pairs_total=1944661
[2026-02-28 13:03:49,258] INFO:fitness.free_loss_fidelity: RL4CO free-loss step 180/200: score=7.824580 (avg=7.833936), loss=0.201345 (avg=0.200095), pairs_step=12157, pairs_total=2187719
[2026-02-28 13:03:49,258] INFO:fitness.free_loss_fidelity: RL4CO free-loss step 180/200: score=7.824580 (avg=7.833936), loss=0.201345 (avg=0.200095), pairs_step=12157, pairs_total=2187719
[2026-02-28 13:03:55,161] INFO:fitness.free_loss_fidelity: RL4CO free-loss step 200/200: score=7.850670 (avg=7.833038), loss=0.198741 (avg=0.200602), pairs_step=12154, pairs_total=2430827
[2026-02-28 13:03:55,161] INFO:fitness.free_loss_fidelity: RL4CO free-loss step 200/200: score=7.850670 (avg=7.833038), loss=0.198741 (avg=0.200602), pairs_step=12154, pairs_total=2430827
