[2026-02-28 14:32:20,042] INFO:fitness.free_loss_fidelity: Stage3 offline mini-train start gen=6 pair_index=27 K=200 seed=12345 valid_sizes=[20, 100] baseline_json=baseline/mini_eval/baseline_minitrain_tsp100_K200.json
[2026-02-28 14:32:20,042] INFO:fitness.free_loss_fidelity: Stage3 offline mini-train start gen=6 pair_index=27 K=200 seed=12345 valid_sizes=[20, 100] baseline_json=baseline/mini_eval/baseline_minitrain_tsp100_K200.json
[2026-02-28 14:32:20,061] INFO:fitness.free_loss_fidelity: RL4CO free-loss (step-mode): f1_steps=200, f2_steps=0, total_steps=200, train_problem_size=100, rollouts=20, batch_size=64, device=cuda:3, env=tsp
[2026-02-28 14:32:20,061] INFO:fitness.free_loss_fidelity: RL4CO free-loss (step-mode): f1_steps=200, f2_steps=0, total_steps=200, train_problem_size=100, rollouts=20, batch_size=64, device=cuda:3, env=tsp
[2026-02-28 14:32:20,386] INFO:fitness.free_loss_fidelity: RL4CO free-loss step 1/200: score=36.626595 (avg=36.626595), loss=0.847253 (avg=0.847253), pairs_step=12160, pairs_total=12160
[2026-02-28 14:32:20,386] INFO:fitness.free_loss_fidelity: RL4CO free-loss step 1/200: score=36.626595 (avg=36.626595), loss=0.847253 (avg=0.847253), pairs_step=12160, pairs_total=12160
[2026-02-28 14:32:25,793] INFO:fitness.free_loss_fidelity: RL4CO free-loss step 20/200: score=10.366687 (avg=13.429575), loss=0.611256 (avg=0.632663), pairs_step=12160, pairs_total=243200
[2026-02-28 14:32:25,793] INFO:fitness.free_loss_fidelity: RL4CO free-loss step 20/200: score=10.366687 (avg=13.429575), loss=0.611256 (avg=0.632663), pairs_step=12160, pairs_total=243200
[2026-02-28 14:32:31,473] INFO:fitness.free_loss_fidelity: RL4CO free-loss step 40/200: score=9.771446 (avg=11.704599), loss=0.602696 (avg=0.620647), pairs_step=12160, pairs_total=486400
[2026-02-28 14:32:31,473] INFO:fitness.free_loss_fidelity: RL4CO free-loss step 40/200: score=9.771446 (avg=11.704599), loss=0.602696 (avg=0.620647), pairs_step=12160, pairs_total=486400
[2026-02-28 14:32:37,149] INFO:fitness.free_loss_fidelity: RL4CO free-loss step 60/200: score=9.686592 (avg=11.029986), loss=0.582221 (avg=0.614391), pairs_step=12160, pairs_total=729600
[2026-02-28 14:32:37,149] INFO:fitness.free_loss_fidelity: RL4CO free-loss step 60/200: score=9.686592 (avg=11.029986), loss=0.582221 (avg=0.614391), pairs_step=12160, pairs_total=729600
[2026-02-28 14:32:42,832] INFO:fitness.free_loss_fidelity: RL4CO free-loss step 80/200: score=9.538248 (avg=10.672204), loss=0.609878 (avg=0.609607), pairs_step=12160, pairs_total=972800
[2026-02-28 14:32:42,832] INFO:fitness.free_loss_fidelity: RL4CO free-loss step 80/200: score=9.538248 (avg=10.672204), loss=0.609878 (avg=0.609607), pairs_step=12160, pairs_total=972800
[2026-02-28 14:32:48,524] INFO:fitness.free_loss_fidelity: RL4CO free-loss step 100/200: score=9.351854 (avg=10.434832), loss=0.616226 (avg=0.606387), pairs_step=12160, pairs_total=1216000
[2026-02-28 14:32:48,524] INFO:fitness.free_loss_fidelity: RL4CO free-loss step 100/200: score=9.351854 (avg=10.434832), loss=0.616226 (avg=0.606387), pairs_step=12160, pairs_total=1216000
[2026-02-28 14:32:54,245] INFO:fitness.free_loss_fidelity: RL4CO free-loss step 120/200: score=9.374035 (avg=10.261920), loss=0.592259 (avg=0.603938), pairs_step=12160, pairs_total=1459199
[2026-02-28 14:32:54,245] INFO:fitness.free_loss_fidelity: RL4CO free-loss step 120/200: score=9.374035 (avg=10.261920), loss=0.592259 (avg=0.603938), pairs_step=12160, pairs_total=1459199
[2026-02-28 14:32:59,946] INFO:fitness.free_loss_fidelity: RL4CO free-loss step 140/200: score=9.336961 (avg=10.127518), loss=0.590540 (avg=0.601507), pairs_step=12160, pairs_total=1702399
[2026-02-28 14:32:59,946] INFO:fitness.free_loss_fidelity: RL4CO free-loss step 140/200: score=9.336961 (avg=10.127518), loss=0.590540 (avg=0.601507), pairs_step=12160, pairs_total=1702399
[2026-02-28 14:33:05,626] INFO:fitness.free_loss_fidelity: RL4CO free-loss step 160/200: score=9.200866 (avg=10.017813), loss=0.591020 (avg=0.599879), pairs_step=12160, pairs_total=1945599
[2026-02-28 14:33:05,626] INFO:fitness.free_loss_fidelity: RL4CO free-loss step 160/200: score=9.200866 (avg=10.017813), loss=0.591020 (avg=0.599879), pairs_step=12160, pairs_total=1945599
[2026-02-28 14:33:11,321] INFO:fitness.free_loss_fidelity: RL4CO free-loss step 180/200: score=9.206785 (avg=9.924688), loss=0.581439 (avg=0.598933), pairs_step=12160, pairs_total=2188799
[2026-02-28 14:33:11,321] INFO:fitness.free_loss_fidelity: RL4CO free-loss step 180/200: score=9.206785 (avg=9.924688), loss=0.581439 (avg=0.598933), pairs_step=12160, pairs_total=2188799
[2026-02-28 14:33:17,020] INFO:fitness.free_loss_fidelity: RL4CO free-loss step 200/200: score=9.115492 (avg=9.845233), loss=0.587262 (avg=0.598721), pairs_step=12160, pairs_total=2431999
[2026-02-28 14:33:17,020] INFO:fitness.free_loss_fidelity: RL4CO free-loss step 200/200: score=9.115492 (avg=9.845233), loss=0.587262 (avg=0.598721), pairs_step=12160, pairs_total=2431999
[2026-02-28 14:33:18,316] WARNING:fitness.free_loss_fidelity: weights_only checkpoint load failed (UnpicklingError); retrying weights_only=False for /data1/gushengda/eam-rl4co/baseline/epoch_135.ckpt
[2026-02-28 14:33:18,316] WARNING:fitness.free_loss_fidelity: weights_only checkpoint load failed (UnpicklingError); retrying weights_only=False for /data1/gushengda/eam-rl4co/baseline/epoch_135.ckpt
[2026-02-28 14:33:18,356] INFO:fitness.free_loss_fidelity: Loaded init checkpoint into policy: path=/data1/gushengda/eam-rl4co/baseline/epoch_135.ckpt prefix=policy. matched=97 missing=0 unexpected=0
[2026-02-28 14:33:18,356] INFO:fitness.free_loss_fidelity: Loaded init checkpoint into policy: path=/data1/gushengda/eam-rl4co/baseline/epoch_135.ckpt prefix=policy. matched=97 missing=0 unexpected=0
[2026-02-28 14:33:18,361] INFO:fitness.free_loss_fidelity: RL4CO free-loss (step-mode): f1_steps=200, f2_steps=0, total_steps=200, train_problem_size=100, rollouts=20, batch_size=64, device=cuda:3, env=tsp
[2026-02-28 14:33:18,361] INFO:fitness.free_loss_fidelity: RL4CO free-loss (step-mode): f1_steps=200, f2_steps=0, total_steps=200, train_problem_size=100, rollouts=20, batch_size=64, device=cuda:3, env=tsp
[2026-02-28 14:33:18,689] INFO:fitness.free_loss_fidelity: RL4CO free-loss step 1/200: score=7.825121 (avg=7.825121), loss=0.673493 (avg=0.673493), pairs_step=12151, pairs_total=12151
[2026-02-28 14:33:18,689] INFO:fitness.free_loss_fidelity: RL4CO free-loss step 1/200: score=7.825121 (avg=7.825121), loss=0.673493 (avg=0.673493), pairs_step=12151, pairs_total=12151
[2026-02-28 14:33:24,118] INFO:fitness.free_loss_fidelity: RL4CO free-loss step 20/200: score=7.821358 (avg=7.841858), loss=0.674588 (avg=0.667550), pairs_step=12154, pairs_total=243069
[2026-02-28 14:33:24,118] INFO:fitness.free_loss_fidelity: RL4CO free-loss step 20/200: score=7.821358 (avg=7.841858), loss=0.674588 (avg=0.667550), pairs_step=12154, pairs_total=243069
[2026-02-28 14:33:29,806] INFO:fitness.free_loss_fidelity: RL4CO free-loss step 40/200: score=7.856171 (avg=7.837965), loss=0.666562 (avg=0.668261), pairs_step=12153, pairs_total=486156
[2026-02-28 14:33:29,806] INFO:fitness.free_loss_fidelity: RL4CO free-loss step 40/200: score=7.856171 (avg=7.837965), loss=0.666562 (avg=0.668261), pairs_step=12153, pairs_total=486156
[2026-02-28 14:33:35,523] INFO:fitness.free_loss_fidelity: RL4CO free-loss step 60/200: score=7.850788 (avg=7.835410), loss=0.669770 (avg=0.667999), pairs_step=12152, pairs_total=729239
[2026-02-28 14:33:35,523] INFO:fitness.free_loss_fidelity: RL4CO free-loss step 60/200: score=7.850788 (avg=7.835410), loss=0.669770 (avg=0.667999), pairs_step=12152, pairs_total=729239
[2026-02-28 14:33:41,216] INFO:fitness.free_loss_fidelity: RL4CO free-loss step 80/200: score=7.843647 (avg=7.834418), loss=0.669323 (avg=0.668394), pairs_step=12153, pairs_total=972319
[2026-02-28 14:33:41,216] INFO:fitness.free_loss_fidelity: RL4CO free-loss step 80/200: score=7.843647 (avg=7.834418), loss=0.669323 (avg=0.668394), pairs_step=12153, pairs_total=972319
[2026-02-28 14:33:46,901] INFO:fitness.free_loss_fidelity: RL4CO free-loss step 100/200: score=7.801806 (avg=7.836422), loss=0.668844 (avg=0.668865), pairs_step=12157, pairs_total=1215429
[2026-02-28 14:33:46,901] INFO:fitness.free_loss_fidelity: RL4CO free-loss step 100/200: score=7.801806 (avg=7.836422), loss=0.668844 (avg=0.668865), pairs_step=12157, pairs_total=1215429
[2026-02-28 14:33:52,624] INFO:fitness.free_loss_fidelity: RL4CO free-loss step 120/200: score=7.808636 (avg=7.838398), loss=0.672395 (avg=0.668914), pairs_step=12156, pairs_total=1458517
[2026-02-28 14:33:52,624] INFO:fitness.free_loss_fidelity: RL4CO free-loss step 120/200: score=7.808636 (avg=7.838398), loss=0.672395 (avg=0.668914), pairs_step=12156, pairs_total=1458517
[2026-02-28 14:33:58,506] INFO:fitness.free_loss_fidelity: RL4CO free-loss step 140/200: score=7.862923 (avg=7.839547), loss=0.666351 (avg=0.669157), pairs_step=12153, pairs_total=1701580
[2026-02-28 14:33:58,506] INFO:fitness.free_loss_fidelity: RL4CO free-loss step 140/200: score=7.862923 (avg=7.839547), loss=0.666351 (avg=0.669157), pairs_step=12153, pairs_total=1701580
[2026-02-28 14:34:04,199] INFO:fitness.free_loss_fidelity: RL4CO free-loss step 160/200: score=7.832255 (avg=7.838977), loss=0.675502 (avg=0.669422), pairs_step=12147, pairs_total=1944656
[2026-02-28 14:34:04,199] INFO:fitness.free_loss_fidelity: RL4CO free-loss step 160/200: score=7.832255 (avg=7.838977), loss=0.675502 (avg=0.669422), pairs_step=12147, pairs_total=1944656
[2026-02-28 14:34:09,894] INFO:fitness.free_loss_fidelity: RL4CO free-loss step 180/200: score=7.823278 (avg=7.837937), loss=0.671398 (avg=0.669728), pairs_step=12138, pairs_total=2187737
[2026-02-28 14:34:09,894] INFO:fitness.free_loss_fidelity: RL4CO free-loss step 180/200: score=7.823278 (avg=7.837937), loss=0.671398 (avg=0.669728), pairs_step=12138, pairs_total=2187737
[2026-02-28 14:34:15,603] INFO:fitness.free_loss_fidelity: RL4CO free-loss step 200/200: score=7.860974 (avg=7.836637), loss=0.671659 (avg=0.670031), pairs_step=12159, pairs_total=2430787
[2026-02-28 14:34:15,603] INFO:fitness.free_loss_fidelity: RL4CO free-loss step 200/200: score=7.860974 (avg=7.836637), loss=0.671659 (avg=0.670031), pairs_step=12159, pairs_total=2430787
[2026-02-28 14:34:16,893] WARNING:fitness.free_loss_fidelity: weights_only checkpoint load failed (UnpicklingError); retrying weights_only=False for /data1/gushengda/eam-rl4co/baseline/epoch_409.ckpt
[2026-02-28 14:34:16,893] WARNING:fitness.free_loss_fidelity: weights_only checkpoint load failed (UnpicklingError); retrying weights_only=False for /data1/gushengda/eam-rl4co/baseline/epoch_409.ckpt
[2026-02-28 14:34:16,923] INFO:fitness.free_loss_fidelity: Loaded init checkpoint into policy: path=/data1/gushengda/eam-rl4co/baseline/epoch_409.ckpt prefix=policy. matched=97 missing=0 unexpected=0
[2026-02-28 14:34:16,923] INFO:fitness.free_loss_fidelity: Loaded init checkpoint into policy: path=/data1/gushengda/eam-rl4co/baseline/epoch_409.ckpt prefix=policy. matched=97 missing=0 unexpected=0
[2026-02-28 14:34:16,928] INFO:fitness.free_loss_fidelity: RL4CO free-loss (step-mode): f1_steps=200, f2_steps=0, total_steps=200, train_problem_size=100, rollouts=20, batch_size=64, device=cuda:3, env=tsp
[2026-02-28 14:34:16,928] INFO:fitness.free_loss_fidelity: RL4CO free-loss (step-mode): f1_steps=200, f2_steps=0, total_steps=200, train_problem_size=100, rollouts=20, batch_size=64, device=cuda:3, env=tsp
[2026-02-28 14:34:17,257] INFO:fitness.free_loss_fidelity: RL4CO free-loss step 1/200: score=7.826895 (avg=7.826895), loss=0.215414 (avg=0.215414), pairs_step=12149, pairs_total=12149
[2026-02-28 14:34:17,257] INFO:fitness.free_loss_fidelity: RL4CO free-loss step 1/200: score=7.826895 (avg=7.826895), loss=0.215414 (avg=0.215414), pairs_step=12149, pairs_total=12149
[2026-02-28 14:34:22,670] INFO:fitness.free_loss_fidelity: RL4CO free-loss step 20/200: score=7.819040 (avg=7.839488), loss=0.205814 (avg=0.202010), pairs_step=12157, pairs_total=243071
[2026-02-28 14:34:22,670] INFO:fitness.free_loss_fidelity: RL4CO free-loss step 20/200: score=7.819040 (avg=7.839488), loss=0.205814 (avg=0.202010), pairs_step=12157, pairs_total=243071
[2026-02-28 14:34:28,362] INFO:fitness.free_loss_fidelity: RL4CO free-loss step 40/200: score=7.855149 (avg=7.835408), loss=0.201624 (avg=0.204561), pairs_step=12156, pairs_total=486151
[2026-02-28 14:34:28,362] INFO:fitness.free_loss_fidelity: RL4CO free-loss step 40/200: score=7.855149 (avg=7.835408), loss=0.201624 (avg=0.204561), pairs_step=12156, pairs_total=486151
[2026-02-28 14:34:34,052] INFO:fitness.free_loss_fidelity: RL4CO free-loss step 60/200: score=7.837622 (avg=7.831524), loss=0.206586 (avg=0.203731), pairs_step=12157, pairs_total=729236
[2026-02-28 14:34:34,052] INFO:fitness.free_loss_fidelity: RL4CO free-loss step 60/200: score=7.837622 (avg=7.831524), loss=0.206586 (avg=0.203731), pairs_step=12157, pairs_total=729236
[2026-02-28 14:34:39,762] INFO:fitness.free_loss_fidelity: RL4CO free-loss step 80/200: score=7.829421 (avg=7.831043), loss=0.201630 (avg=0.203767), pairs_step=12157, pairs_total=972347
[2026-02-28 14:34:39,762] INFO:fitness.free_loss_fidelity: RL4CO free-loss step 80/200: score=7.829421 (avg=7.831043), loss=0.201630 (avg=0.203767), pairs_step=12157, pairs_total=972347
[2026-02-28 14:34:45,430] INFO:fitness.free_loss_fidelity: RL4CO free-loss step 100/200: score=7.791920 (avg=7.831630), loss=0.209736 (avg=0.203029), pairs_step=12154, pairs_total=1215429
[2026-02-28 14:34:45,430] INFO:fitness.free_loss_fidelity: RL4CO free-loss step 100/200: score=7.791920 (avg=7.831630), loss=0.209736 (avg=0.203029), pairs_step=12154, pairs_total=1215429
[2026-02-28 14:34:51,112] INFO:fitness.free_loss_fidelity: RL4CO free-loss step 120/200: score=7.800449 (avg=7.832989), loss=0.188130 (avg=0.202350), pairs_step=12150, pairs_total=1458513
[2026-02-28 14:34:51,112] INFO:fitness.free_loss_fidelity: RL4CO free-loss step 120/200: score=7.800449 (avg=7.832989), loss=0.188130 (avg=0.202350), pairs_step=12150, pairs_total=1458513
[2026-02-28 14:34:56,795] INFO:fitness.free_loss_fidelity: RL4CO free-loss step 140/200: score=7.860922 (avg=7.833825), loss=0.197334 (avg=0.201654), pairs_step=12146, pairs_total=1701558
[2026-02-28 14:34:56,795] INFO:fitness.free_loss_fidelity: RL4CO free-loss step 140/200: score=7.860922 (avg=7.833825), loss=0.197334 (avg=0.201654), pairs_step=12146, pairs_total=1701558
[2026-02-28 14:35:02,503] INFO:fitness.free_loss_fidelity: RL4CO free-loss step 160/200: score=7.836742 (avg=7.833742), loss=0.205196 (avg=0.201618), pairs_step=12152, pairs_total=1944601
[2026-02-28 14:35:02,503] INFO:fitness.free_loss_fidelity: RL4CO free-loss step 160/200: score=7.836742 (avg=7.833742), loss=0.205196 (avg=0.201618), pairs_step=12152, pairs_total=1944601
[2026-02-28 14:35:08,198] INFO:fitness.free_loss_fidelity: RL4CO free-loss step 180/200: score=7.819474 (avg=7.832941), loss=0.199814 (avg=0.201855), pairs_step=12148, pairs_total=2187682
[2026-02-28 14:35:08,198] INFO:fitness.free_loss_fidelity: RL4CO free-loss step 180/200: score=7.819474 (avg=7.832941), loss=0.199814 (avg=0.201855), pairs_step=12148, pairs_total=2187682
[2026-02-28 14:35:13,889] INFO:fitness.free_loss_fidelity: RL4CO free-loss step 200/200: score=7.846957 (avg=7.832079), loss=0.188470 (avg=0.201874), pairs_step=12154, pairs_total=2430757
[2026-02-28 14:35:13,889] INFO:fitness.free_loss_fidelity: RL4CO free-loss step 200/200: score=7.846957 (avg=7.832079), loss=0.188470 (avg=0.201874), pairs_step=12154, pairs_total=2430757
