[2026-02-28 14:16:20,568] INFO:fitness.free_loss_fidelity: Stage3 offline mini-train start gen=6 pair_index=4 K=200 seed=12345 valid_sizes=[20, 100] baseline_json=baseline/mini_eval/baseline_minitrain_tsp100_K200.json
[2026-02-28 14:16:20,568] INFO:fitness.free_loss_fidelity: Stage3 offline mini-train start gen=6 pair_index=4 K=200 seed=12345 valid_sizes=[20, 100] baseline_json=baseline/mini_eval/baseline_minitrain_tsp100_K200.json
[2026-02-28 14:16:20,590] INFO:fitness.free_loss_fidelity: RL4CO free-loss (step-mode): f1_steps=200, f2_steps=0, total_steps=200, train_problem_size=100, rollouts=20, batch_size=64, device=cuda:3, env=tsp
[2026-02-28 14:16:20,590] INFO:fitness.free_loss_fidelity: RL4CO free-loss (step-mode): f1_steps=200, f2_steps=0, total_steps=200, train_problem_size=100, rollouts=20, batch_size=64, device=cuda:3, env=tsp
[2026-02-28 14:16:20,869] INFO:fitness.free_loss_fidelity: RL4CO free-loss step 1/200: score=36.626595 (avg=36.626595), loss=0.847253 (avg=0.847253), pairs_step=12160, pairs_total=12160
[2026-02-28 14:16:20,869] INFO:fitness.free_loss_fidelity: RL4CO free-loss step 1/200: score=36.626595 (avg=36.626595), loss=0.847253 (avg=0.847253), pairs_step=12160, pairs_total=12160
[2026-02-28 14:16:26,212] INFO:fitness.free_loss_fidelity: RL4CO free-loss step 20/200: score=10.455074 (avg=13.457065), loss=0.622964 (avg=0.635559), pairs_step=12160, pairs_total=243200
[2026-02-28 14:16:26,212] INFO:fitness.free_loss_fidelity: RL4CO free-loss step 20/200: score=10.455074 (avg=13.457065), loss=0.622964 (avg=0.635559), pairs_step=12160, pairs_total=243200
[2026-02-28 14:16:31,824] INFO:fitness.free_loss_fidelity: RL4CO free-loss step 40/200: score=9.930230 (avg=11.741622), loss=0.598225 (avg=0.622903), pairs_step=12160, pairs_total=486400
[2026-02-28 14:16:31,824] INFO:fitness.free_loss_fidelity: RL4CO free-loss step 40/200: score=9.930230 (avg=11.741622), loss=0.598225 (avg=0.622903), pairs_step=12160, pairs_total=486400
[2026-02-28 14:16:37,411] INFO:fitness.free_loss_fidelity: RL4CO free-loss step 60/200: score=9.672338 (avg=11.066060), loss=0.585516 (avg=0.616753), pairs_step=12160, pairs_total=729600
[2026-02-28 14:16:37,411] INFO:fitness.free_loss_fidelity: RL4CO free-loss step 60/200: score=9.672338 (avg=11.066060), loss=0.585516 (avg=0.616753), pairs_step=12160, pairs_total=729600
[2026-02-28 14:16:43,022] INFO:fitness.free_loss_fidelity: RL4CO free-loss step 80/200: score=9.516973 (avg=10.688069), loss=0.590154 (avg=0.611011), pairs_step=12160, pairs_total=972800
[2026-02-28 14:16:43,022] INFO:fitness.free_loss_fidelity: RL4CO free-loss step 80/200: score=9.516973 (avg=10.688069), loss=0.590154 (avg=0.611011), pairs_step=12160, pairs_total=972800
[2026-02-28 14:16:48,623] INFO:fitness.free_loss_fidelity: RL4CO free-loss step 100/200: score=9.348404 (avg=10.438519), loss=0.602911 (avg=0.607547), pairs_step=12160, pairs_total=1216000
[2026-02-28 14:16:48,623] INFO:fitness.free_loss_fidelity: RL4CO free-loss step 100/200: score=9.348404 (avg=10.438519), loss=0.602911 (avg=0.607547), pairs_step=12160, pairs_total=1216000
[2026-02-28 14:16:54,219] INFO:fitness.free_loss_fidelity: RL4CO free-loss step 120/200: score=9.374760 (avg=10.268315), loss=0.588950 (avg=0.604349), pairs_step=12160, pairs_total=1459200
[2026-02-28 14:16:54,219] INFO:fitness.free_loss_fidelity: RL4CO free-loss step 120/200: score=9.374760 (avg=10.268315), loss=0.588950 (avg=0.604349), pairs_step=12160, pairs_total=1459200
[2026-02-28 14:16:59,828] INFO:fitness.free_loss_fidelity: RL4CO free-loss step 140/200: score=9.283577 (avg=10.132633), loss=0.596878 (avg=0.602560), pairs_step=12160, pairs_total=1702400
[2026-02-28 14:16:59,828] INFO:fitness.free_loss_fidelity: RL4CO free-loss step 140/200: score=9.283577 (avg=10.132633), loss=0.596878 (avg=0.602560), pairs_step=12160, pairs_total=1702400
[2026-02-28 14:17:05,415] INFO:fitness.free_loss_fidelity: RL4CO free-loss step 160/200: score=9.281809 (avg=10.024314), loss=0.588427 (avg=0.600969), pairs_step=12160, pairs_total=1945600
[2026-02-28 14:17:05,415] INFO:fitness.free_loss_fidelity: RL4CO free-loss step 160/200: score=9.281809 (avg=10.024314), loss=0.588427 (avg=0.600969), pairs_step=12160, pairs_total=1945600
[2026-02-28 14:17:11,305] INFO:fitness.free_loss_fidelity: RL4CO free-loss step 180/200: score=9.130332 (avg=9.933028), loss=0.600316 (avg=0.600235), pairs_step=12160, pairs_total=2188800
[2026-02-28 14:17:11,305] INFO:fitness.free_loss_fidelity: RL4CO free-loss step 180/200: score=9.130332 (avg=9.933028), loss=0.600316 (avg=0.600235), pairs_step=12160, pairs_total=2188800
[2026-02-28 14:17:17,908] INFO:fitness.free_loss_fidelity: RL4CO free-loss step 200/200: score=9.191704 (avg=9.852081), loss=0.592058 (avg=0.599581), pairs_step=12160, pairs_total=2432000
[2026-02-28 14:17:17,908] INFO:fitness.free_loss_fidelity: RL4CO free-loss step 200/200: score=9.191704 (avg=9.852081), loss=0.592058 (avg=0.599581), pairs_step=12160, pairs_total=2432000
[2026-02-28 14:17:19,183] WARNING:fitness.free_loss_fidelity: weights_only checkpoint load failed (UnpicklingError); retrying weights_only=False for /data1/gushengda/eam-rl4co/baseline/epoch_135.ckpt
[2026-02-28 14:17:19,183] WARNING:fitness.free_loss_fidelity: weights_only checkpoint load failed (UnpicklingError); retrying weights_only=False for /data1/gushengda/eam-rl4co/baseline/epoch_135.ckpt
[2026-02-28 14:17:19,224] INFO:fitness.free_loss_fidelity: Loaded init checkpoint into policy: path=/data1/gushengda/eam-rl4co/baseline/epoch_135.ckpt prefix=policy. matched=97 missing=0 unexpected=0
[2026-02-28 14:17:19,224] INFO:fitness.free_loss_fidelity: Loaded init checkpoint into policy: path=/data1/gushengda/eam-rl4co/baseline/epoch_135.ckpt prefix=policy. matched=97 missing=0 unexpected=0
[2026-02-28 14:17:19,229] INFO:fitness.free_loss_fidelity: RL4CO free-loss (step-mode): f1_steps=200, f2_steps=0, total_steps=200, train_problem_size=100, rollouts=20, batch_size=64, device=cuda:3, env=tsp
[2026-02-28 14:17:19,229] INFO:fitness.free_loss_fidelity: RL4CO free-loss (step-mode): f1_steps=200, f2_steps=0, total_steps=200, train_problem_size=100, rollouts=20, batch_size=64, device=cuda:3, env=tsp
[2026-02-28 14:17:19,631] INFO:fitness.free_loss_fidelity: RL4CO free-loss step 1/200: score=7.825121 (avg=7.825121), loss=0.673493 (avg=0.673493), pairs_step=12151, pairs_total=12151
[2026-02-28 14:17:19,631] INFO:fitness.free_loss_fidelity: RL4CO free-loss step 1/200: score=7.825121 (avg=7.825121), loss=0.673493 (avg=0.673493), pairs_step=12151, pairs_total=12151
[2026-02-28 14:17:25,594] INFO:fitness.free_loss_fidelity: RL4CO free-loss step 20/200: score=7.814443 (avg=7.842281), loss=0.667936 (avg=0.667302), pairs_step=12152, pairs_total=243047
[2026-02-28 14:17:25,594] INFO:fitness.free_loss_fidelity: RL4CO free-loss step 20/200: score=7.814443 (avg=7.842281), loss=0.667936 (avg=0.667302), pairs_step=12152, pairs_total=243047
[2026-02-28 14:17:31,318] INFO:fitness.free_loss_fidelity: RL4CO free-loss step 40/200: score=7.855419 (avg=7.839057), loss=0.678358 (avg=0.670021), pairs_step=12155, pairs_total=486116
[2026-02-28 14:17:31,318] INFO:fitness.free_loss_fidelity: RL4CO free-loss step 40/200: score=7.855419 (avg=7.839057), loss=0.678358 (avg=0.670021), pairs_step=12155, pairs_total=486116
[2026-02-28 14:17:37,034] INFO:fitness.free_loss_fidelity: RL4CO free-loss step 60/200: score=7.858105 (avg=7.836239), loss=0.668161 (avg=0.670769), pairs_step=12152, pairs_total=729225
[2026-02-28 14:17:37,034] INFO:fitness.free_loss_fidelity: RL4CO free-loss step 60/200: score=7.858105 (avg=7.836239), loss=0.668161 (avg=0.670769), pairs_step=12152, pairs_total=729225
[2026-02-28 14:17:42,652] INFO:fitness.free_loss_fidelity: RL4CO free-loss step 80/200: score=7.833175 (avg=7.835736), loss=0.670550 (avg=0.671025), pairs_step=12156, pairs_total=972306
[2026-02-28 14:17:42,652] INFO:fitness.free_loss_fidelity: RL4CO free-loss step 80/200: score=7.833175 (avg=7.835736), loss=0.670550 (avg=0.671025), pairs_step=12156, pairs_total=972306
[2026-02-28 14:17:48,271] INFO:fitness.free_loss_fidelity: RL4CO free-loss step 100/200: score=7.793547 (avg=7.837521), loss=0.680642 (avg=0.671288), pairs_step=12155, pairs_total=1215391
[2026-02-28 14:17:48,271] INFO:fitness.free_loss_fidelity: RL4CO free-loss step 100/200: score=7.793547 (avg=7.837521), loss=0.680642 (avg=0.671288), pairs_step=12155, pairs_total=1215391
[2026-02-28 14:17:53,910] INFO:fitness.free_loss_fidelity: RL4CO free-loss step 120/200: score=7.818418 (avg=7.839822), loss=0.673172 (avg=0.671718), pairs_step=12154, pairs_total=1458466
[2026-02-28 14:17:53,910] INFO:fitness.free_loss_fidelity: RL4CO free-loss step 120/200: score=7.818418 (avg=7.839822), loss=0.673172 (avg=0.671718), pairs_step=12154, pairs_total=1458466
[2026-02-28 14:17:59,543] INFO:fitness.free_loss_fidelity: RL4CO free-loss step 140/200: score=7.876261 (avg=7.841515), loss=0.669337 (avg=0.671794), pairs_step=12151, pairs_total=1701550
[2026-02-28 14:17:59,543] INFO:fitness.free_loss_fidelity: RL4CO free-loss step 140/200: score=7.876261 (avg=7.841515), loss=0.669337 (avg=0.671794), pairs_step=12151, pairs_total=1701550
[2026-02-28 14:18:05,148] INFO:fitness.free_loss_fidelity: RL4CO free-loss step 160/200: score=7.832061 (avg=7.840980), loss=0.676282 (avg=0.671793), pairs_step=12158, pairs_total=1944629
[2026-02-28 14:18:05,148] INFO:fitness.free_loss_fidelity: RL4CO free-loss step 160/200: score=7.832061 (avg=7.840980), loss=0.676282 (avg=0.671793), pairs_step=12158, pairs_total=1944629
[2026-02-28 14:18:10,773] INFO:fitness.free_loss_fidelity: RL4CO free-loss step 180/200: score=7.833127 (avg=7.840057), loss=0.669269 (avg=0.671860), pairs_step=12153, pairs_total=2187734
[2026-02-28 14:18:10,773] INFO:fitness.free_loss_fidelity: RL4CO free-loss step 180/200: score=7.833127 (avg=7.840057), loss=0.669269 (avg=0.671860), pairs_step=12153, pairs_total=2187734
[2026-02-28 14:18:16,411] INFO:fitness.free_loss_fidelity: RL4CO free-loss step 200/200: score=7.854076 (avg=7.839241), loss=0.672830 (avg=0.671953), pairs_step=12155, pairs_total=2430827
[2026-02-28 14:18:16,411] INFO:fitness.free_loss_fidelity: RL4CO free-loss step 200/200: score=7.854076 (avg=7.839241), loss=0.672830 (avg=0.671953), pairs_step=12155, pairs_total=2430827
[2026-02-28 14:18:17,684] WARNING:fitness.free_loss_fidelity: weights_only checkpoint load failed (UnpicklingError); retrying weights_only=False for /data1/gushengda/eam-rl4co/baseline/epoch_409.ckpt
[2026-02-28 14:18:17,684] WARNING:fitness.free_loss_fidelity: weights_only checkpoint load failed (UnpicklingError); retrying weights_only=False for /data1/gushengda/eam-rl4co/baseline/epoch_409.ckpt
[2026-02-28 14:18:17,722] INFO:fitness.free_loss_fidelity: Loaded init checkpoint into policy: path=/data1/gushengda/eam-rl4co/baseline/epoch_409.ckpt prefix=policy. matched=97 missing=0 unexpected=0
[2026-02-28 14:18:17,722] INFO:fitness.free_loss_fidelity: Loaded init checkpoint into policy: path=/data1/gushengda/eam-rl4co/baseline/epoch_409.ckpt prefix=policy. matched=97 missing=0 unexpected=0
[2026-02-28 14:18:17,728] INFO:fitness.free_loss_fidelity: RL4CO free-loss (step-mode): f1_steps=200, f2_steps=0, total_steps=200, train_problem_size=100, rollouts=20, batch_size=64, device=cuda:3, env=tsp
[2026-02-28 14:18:17,728] INFO:fitness.free_loss_fidelity: RL4CO free-loss (step-mode): f1_steps=200, f2_steps=0, total_steps=200, train_problem_size=100, rollouts=20, batch_size=64, device=cuda:3, env=tsp
[2026-02-28 14:18:18,016] INFO:fitness.free_loss_fidelity: RL4CO free-loss step 1/200: score=7.826895 (avg=7.826895), loss=0.215414 (avg=0.215414), pairs_step=12149, pairs_total=12149
[2026-02-28 14:18:18,016] INFO:fitness.free_loss_fidelity: RL4CO free-loss step 1/200: score=7.826895 (avg=7.826895), loss=0.215414 (avg=0.215414), pairs_step=12149, pairs_total=12149
[2026-02-28 14:18:23,550] INFO:fitness.free_loss_fidelity: RL4CO free-loss step 20/200: score=7.823637 (avg=7.837552), loss=0.212004 (avg=0.207082), pairs_step=12141, pairs_total=243037
[2026-02-28 14:18:23,550] INFO:fitness.free_loss_fidelity: RL4CO free-loss step 20/200: score=7.823637 (avg=7.837552), loss=0.212004 (avg=0.207082), pairs_step=12141, pairs_total=243037
[2026-02-28 14:18:29,175] INFO:fitness.free_loss_fidelity: RL4CO free-loss step 40/200: score=7.849391 (avg=7.835519), loss=0.213124 (avg=0.211452), pairs_step=12155, pairs_total=486146
[2026-02-28 14:18:29,175] INFO:fitness.free_loss_fidelity: RL4CO free-loss step 40/200: score=7.849391 (avg=7.835519), loss=0.213124 (avg=0.211452), pairs_step=12155, pairs_total=486146
[2026-02-28 14:18:34,806] INFO:fitness.free_loss_fidelity: RL4CO free-loss step 60/200: score=7.837665 (avg=7.832802), loss=0.211938 (avg=0.210675), pairs_step=12153, pairs_total=729261
[2026-02-28 14:18:34,806] INFO:fitness.free_loss_fidelity: RL4CO free-loss step 60/200: score=7.837665 (avg=7.832802), loss=0.211938 (avg=0.210675), pairs_step=12153, pairs_total=729261
[2026-02-28 14:18:40,449] INFO:fitness.free_loss_fidelity: RL4CO free-loss step 80/200: score=7.839054 (avg=7.831576), loss=0.202917 (avg=0.208402), pairs_step=12157, pairs_total=972344
[2026-02-28 14:18:40,449] INFO:fitness.free_loss_fidelity: RL4CO free-loss step 80/200: score=7.839054 (avg=7.831576), loss=0.202917 (avg=0.208402), pairs_step=12157, pairs_total=972344
[2026-02-28 14:18:46,073] INFO:fitness.free_loss_fidelity: RL4CO free-loss step 100/200: score=7.790854 (avg=7.832798), loss=0.213919 (avg=0.206085), pairs_step=12157, pairs_total=1215454
[2026-02-28 14:18:46,073] INFO:fitness.free_loss_fidelity: RL4CO free-loss step 100/200: score=7.790854 (avg=7.832798), loss=0.213919 (avg=0.206085), pairs_step=12157, pairs_total=1215454
[2026-02-28 14:18:51,692] INFO:fitness.free_loss_fidelity: RL4CO free-loss step 120/200: score=7.808562 (avg=7.835114), loss=0.195954 (avg=0.204820), pairs_step=12155, pairs_total=1458576
[2026-02-28 14:18:51,692] INFO:fitness.free_loss_fidelity: RL4CO free-loss step 120/200: score=7.808562 (avg=7.835114), loss=0.195954 (avg=0.204820), pairs_step=12155, pairs_total=1458576
[2026-02-28 14:18:57,315] INFO:fitness.free_loss_fidelity: RL4CO free-loss step 140/200: score=7.862510 (avg=7.836582), loss=0.180758 (avg=0.202856), pairs_step=12153, pairs_total=1701694
[2026-02-28 14:18:57,315] INFO:fitness.free_loss_fidelity: RL4CO free-loss step 140/200: score=7.862510 (avg=7.836582), loss=0.180758 (avg=0.202856), pairs_step=12153, pairs_total=1701694
[2026-02-28 14:19:02,930] INFO:fitness.free_loss_fidelity: RL4CO free-loss step 160/200: score=7.839343 (avg=7.836821), loss=0.183026 (avg=0.199556), pairs_step=12156, pairs_total=1944806
[2026-02-28 14:19:02,930] INFO:fitness.free_loss_fidelity: RL4CO free-loss step 160/200: score=7.839343 (avg=7.836821), loss=0.183026 (avg=0.199556), pairs_step=12156, pairs_total=1944806
[2026-02-28 14:19:08,560] INFO:fitness.free_loss_fidelity: RL4CO free-loss step 180/200: score=7.815479 (avg=7.835986), loss=0.186967 (avg=0.197721), pairs_step=12152, pairs_total=2187912
[2026-02-28 14:19:08,560] INFO:fitness.free_loss_fidelity: RL4CO free-loss step 180/200: score=7.815479 (avg=7.835986), loss=0.186967 (avg=0.197721), pairs_step=12152, pairs_total=2187912
[2026-02-28 14:19:14,242] INFO:fitness.free_loss_fidelity: RL4CO free-loss step 200/200: score=7.852040 (avg=7.834820), loss=0.189677 (avg=0.197176), pairs_step=12154, pairs_total=2431032
[2026-02-28 14:19:14,242] INFO:fitness.free_loss_fidelity: RL4CO free-loss step 200/200: score=7.852040 (avg=7.834820), loss=0.189677 (avg=0.197176), pairs_step=12154, pairs_total=2431032
