[2026-02-28 15:08:51,931] INFO:fitness.free_loss_fidelity: Stage3 offline mini-train start gen=8 pair_index=8 K=200 seed=12345 valid_sizes=[20, 100] baseline_json=baseline/mini_eval/baseline_minitrain_tsp100_K200.json
[2026-02-28 15:08:51,931] INFO:fitness.free_loss_fidelity: Stage3 offline mini-train start gen=8 pair_index=8 K=200 seed=12345 valid_sizes=[20, 100] baseline_json=baseline/mini_eval/baseline_minitrain_tsp100_K200.json
[2026-02-28 15:08:51,962] INFO:fitness.free_loss_fidelity: RL4CO free-loss (step-mode): f1_steps=200, f2_steps=0, total_steps=200, train_problem_size=100, rollouts=20, batch_size=64, device=cuda:1, env=tsp
[2026-02-28 15:08:51,962] INFO:fitness.free_loss_fidelity: RL4CO free-loss (step-mode): f1_steps=200, f2_steps=0, total_steps=200, train_problem_size=100, rollouts=20, batch_size=64, device=cuda:1, env=tsp
[2026-02-28 15:08:52,373] INFO:fitness.free_loss_fidelity: RL4CO free-loss step 1/200: score=36.626595 (avg=36.626595), loss=0.795077 (avg=0.795077), pairs_step=12160, pairs_total=12160
[2026-02-28 15:08:52,373] INFO:fitness.free_loss_fidelity: RL4CO free-loss step 1/200: score=36.626595 (avg=36.626595), loss=0.795077 (avg=0.795077), pairs_step=12160, pairs_total=12160
[2026-02-28 15:08:58,602] INFO:fitness.free_loss_fidelity: RL4CO free-loss step 20/200: score=10.717083 (avg=13.481721), loss=0.613705 (avg=0.622661), pairs_step=12160, pairs_total=243200
[2026-02-28 15:08:58,602] INFO:fitness.free_loss_fidelity: RL4CO free-loss step 20/200: score=10.717083 (avg=13.481721), loss=0.613705 (avg=0.622661), pairs_step=12160, pairs_total=243200
[2026-02-28 15:09:05,099] INFO:fitness.free_loss_fidelity: RL4CO free-loss step 40/200: score=9.924628 (avg=11.900990), loss=0.596883 (avg=0.604515), pairs_step=12160, pairs_total=486400
[2026-02-28 15:09:05,099] INFO:fitness.free_loss_fidelity: RL4CO free-loss step 40/200: score=9.924628 (avg=11.900990), loss=0.596883 (avg=0.604515), pairs_step=12160, pairs_total=486400
[2026-02-28 15:09:11,635] INFO:fitness.free_loss_fidelity: RL4CO free-loss step 60/200: score=9.802269 (avg=11.194125), loss=0.581341 (avg=0.599579), pairs_step=12160, pairs_total=729600
[2026-02-28 15:09:11,635] INFO:fitness.free_loss_fidelity: RL4CO free-loss step 60/200: score=9.802269 (avg=11.194125), loss=0.581341 (avg=0.599579), pairs_step=12160, pairs_total=729600
[2026-02-28 15:09:18,186] INFO:fitness.free_loss_fidelity: RL4CO free-loss step 80/200: score=9.482280 (avg=10.794608), loss=0.567891 (avg=0.594624), pairs_step=12160, pairs_total=972800
[2026-02-28 15:09:18,186] INFO:fitness.free_loss_fidelity: RL4CO free-loss step 80/200: score=9.482280 (avg=10.794608), loss=0.567891 (avg=0.594624), pairs_step=12160, pairs_total=972800
[2026-02-28 15:09:24,692] INFO:fitness.free_loss_fidelity: RL4CO free-loss step 100/200: score=9.405687 (avg=10.534215), loss=0.588041 (avg=0.590682), pairs_step=12160, pairs_total=1216000
[2026-02-28 15:09:24,692] INFO:fitness.free_loss_fidelity: RL4CO free-loss step 100/200: score=9.405687 (avg=10.534215), loss=0.588041 (avg=0.590682), pairs_step=12160, pairs_total=1216000
[2026-02-28 15:09:31,256] INFO:fitness.free_loss_fidelity: RL4CO free-loss step 120/200: score=9.422245 (avg=10.351050), loss=0.574243 (avg=0.588373), pairs_step=12160, pairs_total=1459200
[2026-02-28 15:09:31,256] INFO:fitness.free_loss_fidelity: RL4CO free-loss step 120/200: score=9.422245 (avg=10.351050), loss=0.574243 (avg=0.588373), pairs_step=12160, pairs_total=1459200
[2026-02-28 15:09:37,767] INFO:fitness.free_loss_fidelity: RL4CO free-loss step 140/200: score=9.388422 (avg=10.218323), loss=0.594615 (avg=0.585194), pairs_step=12160, pairs_total=1702400
[2026-02-28 15:09:37,767] INFO:fitness.free_loss_fidelity: RL4CO free-loss step 140/200: score=9.388422 (avg=10.218323), loss=0.594615 (avg=0.585194), pairs_step=12160, pairs_total=1702400
[2026-02-28 15:09:44,286] INFO:fitness.free_loss_fidelity: RL4CO free-loss step 160/200: score=9.187901 (avg=10.107020), loss=0.570204 (avg=0.583408), pairs_step=12160, pairs_total=1945600
[2026-02-28 15:09:44,286] INFO:fitness.free_loss_fidelity: RL4CO free-loss step 160/200: score=9.187901 (avg=10.107020), loss=0.570204 (avg=0.583408), pairs_step=12160, pairs_total=1945600
[2026-02-28 15:09:50,801] INFO:fitness.free_loss_fidelity: RL4CO free-loss step 180/200: score=9.265016 (avg=10.012633), loss=0.582033 (avg=0.582949), pairs_step=12160, pairs_total=2188800
[2026-02-28 15:09:50,801] INFO:fitness.free_loss_fidelity: RL4CO free-loss step 180/200: score=9.265016 (avg=10.012633), loss=0.582033 (avg=0.582949), pairs_step=12160, pairs_total=2188800
[2026-02-28 15:09:57,318] INFO:fitness.free_loss_fidelity: RL4CO free-loss step 200/200: score=9.128855 (avg=9.929871), loss=0.564453 (avg=0.582514), pairs_step=12160, pairs_total=2432000
[2026-02-28 15:09:57,318] INFO:fitness.free_loss_fidelity: RL4CO free-loss step 200/200: score=9.128855 (avg=9.929871), loss=0.564453 (avg=0.582514), pairs_step=12160, pairs_total=2432000
[2026-02-28 15:09:58,905] WARNING:fitness.free_loss_fidelity: weights_only checkpoint load failed (UnpicklingError); retrying weights_only=False for /data1/gushengda/eam-rl4co/baseline/epoch_135.ckpt
[2026-02-28 15:09:58,905] WARNING:fitness.free_loss_fidelity: weights_only checkpoint load failed (UnpicklingError); retrying weights_only=False for /data1/gushengda/eam-rl4co/baseline/epoch_135.ckpt
[2026-02-28 15:09:58,950] INFO:fitness.free_loss_fidelity: Loaded init checkpoint into policy: path=/data1/gushengda/eam-rl4co/baseline/epoch_135.ckpt prefix=policy. matched=97 missing=0 unexpected=0
[2026-02-28 15:09:58,950] INFO:fitness.free_loss_fidelity: Loaded init checkpoint into policy: path=/data1/gushengda/eam-rl4co/baseline/epoch_135.ckpt prefix=policy. matched=97 missing=0 unexpected=0
[2026-02-28 15:09:58,955] INFO:fitness.free_loss_fidelity: RL4CO free-loss (step-mode): f1_steps=200, f2_steps=0, total_steps=200, train_problem_size=100, rollouts=20, batch_size=64, device=cuda:1, env=tsp
[2026-02-28 15:09:58,955] INFO:fitness.free_loss_fidelity: RL4CO free-loss (step-mode): f1_steps=200, f2_steps=0, total_steps=200, train_problem_size=100, rollouts=20, batch_size=64, device=cuda:1, env=tsp
[2026-02-28 15:09:59,341] INFO:fitness.free_loss_fidelity: RL4CO free-loss step 1/200: score=7.825121 (avg=7.825121), loss=0.670121 (avg=0.670121), pairs_step=12151, pairs_total=12151
[2026-02-28 15:09:59,341] INFO:fitness.free_loss_fidelity: RL4CO free-loss step 1/200: score=7.825121 (avg=7.825121), loss=0.670121 (avg=0.670121), pairs_step=12151, pairs_total=12151
[2026-02-28 15:10:05,568] INFO:fitness.free_loss_fidelity: RL4CO free-loss step 20/200: score=7.827661 (avg=7.847825), loss=0.669486 (avg=0.664814), pairs_step=12154, pairs_total=243059
[2026-02-28 15:10:05,568] INFO:fitness.free_loss_fidelity: RL4CO free-loss step 20/200: score=7.827661 (avg=7.847825), loss=0.669486 (avg=0.664814), pairs_step=12154, pairs_total=243059
[2026-02-28 15:10:12,076] INFO:fitness.free_loss_fidelity: RL4CO free-loss step 40/200: score=7.856409 (avg=7.841440), loss=0.670500 (avg=0.665449), pairs_step=12159, pairs_total=486144
[2026-02-28 15:10:12,076] INFO:fitness.free_loss_fidelity: RL4CO free-loss step 40/200: score=7.856409 (avg=7.841440), loss=0.670500 (avg=0.665449), pairs_step=12159, pairs_total=486144
[2026-02-28 15:10:18,609] INFO:fitness.free_loss_fidelity: RL4CO free-loss step 60/200: score=7.847719 (avg=7.836926), loss=0.664972 (avg=0.665350), pairs_step=12151, pairs_total=729225
[2026-02-28 15:10:18,609] INFO:fitness.free_loss_fidelity: RL4CO free-loss step 60/200: score=7.847719 (avg=7.836926), loss=0.664972 (avg=0.665350), pairs_step=12151, pairs_total=729225
[2026-02-28 15:10:25,163] INFO:fitness.free_loss_fidelity: RL4CO free-loss step 80/200: score=7.837389 (avg=7.835040), loss=0.663056 (avg=0.665048), pairs_step=12158, pairs_total=972324
[2026-02-28 15:10:25,163] INFO:fitness.free_loss_fidelity: RL4CO free-loss step 80/200: score=7.837389 (avg=7.835040), loss=0.663056 (avg=0.665048), pairs_step=12158, pairs_total=972324
[2026-02-28 15:10:31,697] INFO:fitness.free_loss_fidelity: RL4CO free-loss step 100/200: score=7.798155 (avg=7.835722), loss=0.668913 (avg=0.665110), pairs_step=12155, pairs_total=1215413
[2026-02-28 15:10:31,697] INFO:fitness.free_loss_fidelity: RL4CO free-loss step 100/200: score=7.798155 (avg=7.835722), loss=0.668913 (avg=0.665110), pairs_step=12155, pairs_total=1215413
[2026-02-28 15:10:38,264] INFO:fitness.free_loss_fidelity: RL4CO free-loss step 120/200: score=7.812008 (avg=7.837215), loss=0.663705 (avg=0.665293), pairs_step=12150, pairs_total=1458490
[2026-02-28 15:10:38,264] INFO:fitness.free_loss_fidelity: RL4CO free-loss step 120/200: score=7.812008 (avg=7.837215), loss=0.663705 (avg=0.665293), pairs_step=12150, pairs_total=1458490
[2026-02-28 15:10:44,785] INFO:fitness.free_loss_fidelity: RL4CO free-loss step 140/200: score=7.871740 (avg=7.839329), loss=0.671481 (avg=0.665729), pairs_step=12157, pairs_total=1701600
[2026-02-28 15:10:44,785] INFO:fitness.free_loss_fidelity: RL4CO free-loss step 140/200: score=7.871740 (avg=7.839329), loss=0.671481 (avg=0.665729), pairs_step=12157, pairs_total=1701600
[2026-02-28 15:10:51,304] INFO:fitness.free_loss_fidelity: RL4CO free-loss step 160/200: score=7.834115 (avg=7.839286), loss=0.668553 (avg=0.666049), pairs_step=12150, pairs_total=1944682
[2026-02-28 15:10:51,304] INFO:fitness.free_loss_fidelity: RL4CO free-loss step 160/200: score=7.834115 (avg=7.839286), loss=0.668553 (avg=0.666049), pairs_step=12150, pairs_total=1944682
[2026-02-28 15:10:57,823] INFO:fitness.free_loss_fidelity: RL4CO free-loss step 180/200: score=7.823915 (avg=7.838403), loss=0.662482 (avg=0.665969), pairs_step=12157, pairs_total=2187794
[2026-02-28 15:10:57,823] INFO:fitness.free_loss_fidelity: RL4CO free-loss step 180/200: score=7.823915 (avg=7.838403), loss=0.662482 (avg=0.665969), pairs_step=12157, pairs_total=2187794
[2026-02-28 15:11:04,328] INFO:fitness.free_loss_fidelity: RL4CO free-loss step 200/200: score=7.850953 (avg=7.837526), loss=0.667246 (avg=0.666048), pairs_step=12158, pairs_total=2430899
[2026-02-28 15:11:04,328] INFO:fitness.free_loss_fidelity: RL4CO free-loss step 200/200: score=7.850953 (avg=7.837526), loss=0.667246 (avg=0.666048), pairs_step=12158, pairs_total=2430899
[2026-02-28 15:11:05,911] WARNING:fitness.free_loss_fidelity: weights_only checkpoint load failed (UnpicklingError); retrying weights_only=False for /data1/gushengda/eam-rl4co/baseline/epoch_409.ckpt
[2026-02-28 15:11:05,911] WARNING:fitness.free_loss_fidelity: weights_only checkpoint load failed (UnpicklingError); retrying weights_only=False for /data1/gushengda/eam-rl4co/baseline/epoch_409.ckpt
[2026-02-28 15:11:05,953] INFO:fitness.free_loss_fidelity: Loaded init checkpoint into policy: path=/data1/gushengda/eam-rl4co/baseline/epoch_409.ckpt prefix=policy. matched=97 missing=0 unexpected=0
[2026-02-28 15:11:05,953] INFO:fitness.free_loss_fidelity: Loaded init checkpoint into policy: path=/data1/gushengda/eam-rl4co/baseline/epoch_409.ckpt prefix=policy. matched=97 missing=0 unexpected=0
[2026-02-28 15:11:05,959] INFO:fitness.free_loss_fidelity: RL4CO free-loss (step-mode): f1_steps=200, f2_steps=0, total_steps=200, train_problem_size=100, rollouts=20, batch_size=64, device=cuda:1, env=tsp
[2026-02-28 15:11:05,959] INFO:fitness.free_loss_fidelity: RL4CO free-loss (step-mode): f1_steps=200, f2_steps=0, total_steps=200, train_problem_size=100, rollouts=20, batch_size=64, device=cuda:1, env=tsp
[2026-02-28 15:11:06,348] INFO:fitness.free_loss_fidelity: RL4CO free-loss step 1/200: score=7.826895 (avg=7.826895), loss=0.212921 (avg=0.212921), pairs_step=12149, pairs_total=12149
[2026-02-28 15:11:06,348] INFO:fitness.free_loss_fidelity: RL4CO free-loss step 1/200: score=7.826895 (avg=7.826895), loss=0.212921 (avg=0.212921), pairs_step=12149, pairs_total=12149
[2026-02-28 15:11:12,740] INFO:fitness.free_loss_fidelity: RL4CO free-loss step 20/200: score=7.829634 (avg=7.842479), loss=0.188692 (avg=0.190579), pairs_step=12151, pairs_total=243083
[2026-02-28 15:11:12,740] INFO:fitness.free_loss_fidelity: RL4CO free-loss step 20/200: score=7.829634 (avg=7.842479), loss=0.188692 (avg=0.190579), pairs_step=12151, pairs_total=243083
[2026-02-28 15:11:19,209] INFO:fitness.free_loss_fidelity: RL4CO free-loss step 40/200: score=7.858377 (avg=7.842360), loss=0.192565 (avg=0.192871), pairs_step=12157, pairs_total=486191
[2026-02-28 15:11:19,209] INFO:fitness.free_loss_fidelity: RL4CO free-loss step 40/200: score=7.858377 (avg=7.842360), loss=0.192565 (avg=0.192871), pairs_step=12157, pairs_total=486191
[2026-02-28 15:11:25,722] INFO:fitness.free_loss_fidelity: RL4CO free-loss step 60/200: score=7.841431 (avg=7.838033), loss=0.198732 (avg=0.194668), pairs_step=12153, pairs_total=729280
[2026-02-28 15:11:25,722] INFO:fitness.free_loss_fidelity: RL4CO free-loss step 60/200: score=7.841431 (avg=7.838033), loss=0.198732 (avg=0.194668), pairs_step=12153, pairs_total=729280
[2026-02-28 15:11:32,285] INFO:fitness.free_loss_fidelity: RL4CO free-loss step 80/200: score=7.830458 (avg=7.835371), loss=0.192908 (avg=0.194411), pairs_step=12154, pairs_total=972374
[2026-02-28 15:11:32,285] INFO:fitness.free_loss_fidelity: RL4CO free-loss step 80/200: score=7.830458 (avg=7.835371), loss=0.192908 (avg=0.194411), pairs_step=12154, pairs_total=972374
[2026-02-28 15:11:38,804] INFO:fitness.free_loss_fidelity: RL4CO free-loss step 100/200: score=7.786566 (avg=7.835602), loss=0.204463 (avg=0.194704), pairs_step=12158, pairs_total=1215437
[2026-02-28 15:11:38,804] INFO:fitness.free_loss_fidelity: RL4CO free-loss step 100/200: score=7.786566 (avg=7.835602), loss=0.204463 (avg=0.194704), pairs_step=12158, pairs_total=1215437
[2026-02-28 15:11:45,320] INFO:fitness.free_loss_fidelity: RL4CO free-loss step 120/200: score=7.817879 (avg=7.837112), loss=0.200070 (avg=0.194998), pairs_step=12153, pairs_total=1458523
[2026-02-28 15:11:45,320] INFO:fitness.free_loss_fidelity: RL4CO free-loss step 120/200: score=7.817879 (avg=7.837112), loss=0.200070 (avg=0.194998), pairs_step=12153, pairs_total=1458523
[2026-02-28 15:11:51,871] INFO:fitness.free_loss_fidelity: RL4CO free-loss step 140/200: score=7.855445 (avg=7.838188), loss=0.191944 (avg=0.195462), pairs_step=12157, pairs_total=1701633
[2026-02-28 15:11:51,871] INFO:fitness.free_loss_fidelity: RL4CO free-loss step 140/200: score=7.855445 (avg=7.838188), loss=0.191944 (avg=0.195462), pairs_step=12157, pairs_total=1701633
[2026-02-28 15:11:58,370] INFO:fitness.free_loss_fidelity: RL4CO free-loss step 160/200: score=7.836464 (avg=7.837310), loss=0.204076 (avg=0.195154), pairs_step=12150, pairs_total=1944732
[2026-02-28 15:11:58,370] INFO:fitness.free_loss_fidelity: RL4CO free-loss step 160/200: score=7.836464 (avg=7.837310), loss=0.204076 (avg=0.195154), pairs_step=12150, pairs_total=1944732
[2026-02-28 15:12:04,905] INFO:fitness.free_loss_fidelity: RL4CO free-loss step 180/200: score=7.824452 (avg=7.836618), loss=0.194167 (avg=0.195431), pairs_step=12143, pairs_total=2187800
[2026-02-28 15:12:04,905] INFO:fitness.free_loss_fidelity: RL4CO free-loss step 180/200: score=7.824452 (avg=7.836618), loss=0.194167 (avg=0.195431), pairs_step=12143, pairs_total=2187800
[2026-02-28 15:12:11,431] INFO:fitness.free_loss_fidelity: RL4CO free-loss step 200/200: score=7.859667 (avg=7.835800), loss=0.187958 (avg=0.195369), pairs_step=12157, pairs_total=2430912
[2026-02-28 15:12:11,431] INFO:fitness.free_loss_fidelity: RL4CO free-loss step 200/200: score=7.859667 (avg=7.835800), loss=0.187958 (avg=0.195369), pairs_step=12157, pairs_total=2430912
