[2026-02-28 14:26:49,100] INFO:fitness.free_loss_fidelity: Stage3 offline mini-train start gen=6 pair_index=19 K=200 seed=12345 valid_sizes=[20, 100] baseline_json=baseline/mini_eval/baseline_minitrain_tsp100_K200.json
[2026-02-28 14:26:49,100] INFO:fitness.free_loss_fidelity: Stage3 offline mini-train start gen=6 pair_index=19 K=200 seed=12345 valid_sizes=[20, 100] baseline_json=baseline/mini_eval/baseline_minitrain_tsp100_K200.json
[2026-02-28 14:26:49,119] INFO:fitness.free_loss_fidelity: RL4CO free-loss (step-mode): f1_steps=200, f2_steps=0, total_steps=200, train_problem_size=100, rollouts=20, batch_size=64, device=cuda:1, env=tsp
[2026-02-28 14:26:49,119] INFO:fitness.free_loss_fidelity: RL4CO free-loss (step-mode): f1_steps=200, f2_steps=0, total_steps=200, train_problem_size=100, rollouts=20, batch_size=64, device=cuda:1, env=tsp
[2026-02-28 14:26:49,421] INFO:fitness.free_loss_fidelity: RL4CO free-loss step 1/200: score=36.626595 (avg=36.626595), loss=0.800969 (avg=0.800969), pairs_step=12160, pairs_total=12160
[2026-02-28 14:26:49,421] INFO:fitness.free_loss_fidelity: RL4CO free-loss step 1/200: score=36.626595 (avg=36.626595), loss=0.800969 (avg=0.800969), pairs_step=12160, pairs_total=12160
[2026-02-28 14:26:55,056] INFO:fitness.free_loss_fidelity: RL4CO free-loss step 20/200: score=10.674273 (avg=13.602222), loss=0.600156 (avg=0.621605), pairs_step=12160, pairs_total=243199
[2026-02-28 14:26:55,056] INFO:fitness.free_loss_fidelity: RL4CO free-loss step 20/200: score=10.674273 (avg=13.602222), loss=0.600156 (avg=0.621605), pairs_step=12160, pairs_total=243199
[2026-02-28 14:27:00,960] INFO:fitness.free_loss_fidelity: RL4CO free-loss step 40/200: score=9.966511 (avg=11.922082), loss=0.590046 (avg=0.608281), pairs_step=12160, pairs_total=486399
[2026-02-28 14:27:00,960] INFO:fitness.free_loss_fidelity: RL4CO free-loss step 40/200: score=9.966511 (avg=11.922082), loss=0.590046 (avg=0.608281), pairs_step=12160, pairs_total=486399
[2026-02-28 14:27:06,872] INFO:fitness.free_loss_fidelity: RL4CO free-loss step 60/200: score=9.707869 (avg=11.228590), loss=0.584569 (avg=0.601157), pairs_step=12160, pairs_total=729599
[2026-02-28 14:27:06,872] INFO:fitness.free_loss_fidelity: RL4CO free-loss step 60/200: score=9.707869 (avg=11.228590), loss=0.584569 (avg=0.601157), pairs_step=12160, pairs_total=729599
[2026-02-28 14:27:12,775] INFO:fitness.free_loss_fidelity: RL4CO free-loss step 80/200: score=9.633874 (avg=10.821855), loss=0.559920 (avg=0.595565), pairs_step=12160, pairs_total=972798
[2026-02-28 14:27:12,775] INFO:fitness.free_loss_fidelity: RL4CO free-loss step 80/200: score=9.633874 (avg=10.821855), loss=0.559920 (avg=0.595565), pairs_step=12160, pairs_total=972798
[2026-02-28 14:27:18,681] INFO:fitness.free_loss_fidelity: RL4CO free-loss step 100/200: score=9.441507 (avg=10.563950), loss=0.572145 (avg=0.591442), pairs_step=12160, pairs_total=1215998
[2026-02-28 14:27:18,681] INFO:fitness.free_loss_fidelity: RL4CO free-loss step 100/200: score=9.441507 (avg=10.563950), loss=0.572145 (avg=0.591442), pairs_step=12160, pairs_total=1215998
[2026-02-28 14:27:24,600] INFO:fitness.free_loss_fidelity: RL4CO free-loss step 120/200: score=9.297873 (avg=10.381276), loss=0.566613 (avg=0.587545), pairs_step=12160, pairs_total=1459198
[2026-02-28 14:27:24,600] INFO:fitness.free_loss_fidelity: RL4CO free-loss step 120/200: score=9.297873 (avg=10.381276), loss=0.566613 (avg=0.587545), pairs_step=12160, pairs_total=1459198
[2026-02-28 14:27:30,500] INFO:fitness.free_loss_fidelity: RL4CO free-loss step 140/200: score=9.322848 (avg=10.236150), loss=0.579903 (avg=0.586117), pairs_step=12160, pairs_total=1702398
[2026-02-28 14:27:30,500] INFO:fitness.free_loss_fidelity: RL4CO free-loss step 140/200: score=9.322848 (avg=10.236150), loss=0.579903 (avg=0.586117), pairs_step=12160, pairs_total=1702398
[2026-02-28 14:27:36,410] INFO:fitness.free_loss_fidelity: RL4CO free-loss step 160/200: score=9.349949 (avg=10.117101), loss=0.556717 (avg=0.584631), pairs_step=12160, pairs_total=1945596
[2026-02-28 14:27:36,410] INFO:fitness.free_loss_fidelity: RL4CO free-loss step 160/200: score=9.349949 (avg=10.117101), loss=0.556717 (avg=0.584631), pairs_step=12160, pairs_total=1945596
[2026-02-28 14:27:42,314] INFO:fitness.free_loss_fidelity: RL4CO free-loss step 180/200: score=9.236969 (avg=10.020060), loss=0.568179 (avg=0.583609), pairs_step=12160, pairs_total=2188796
[2026-02-28 14:27:42,314] INFO:fitness.free_loss_fidelity: RL4CO free-loss step 180/200: score=9.236969 (avg=10.020060), loss=0.568179 (avg=0.583609), pairs_step=12160, pairs_total=2188796
[2026-02-28 14:27:48,224] INFO:fitness.free_loss_fidelity: RL4CO free-loss step 200/200: score=9.174480 (avg=9.938114), loss=0.589135 (avg=0.582923), pairs_step=12160, pairs_total=2431996
[2026-02-28 14:27:48,224] INFO:fitness.free_loss_fidelity: RL4CO free-loss step 200/200: score=9.174480 (avg=9.938114), loss=0.589135 (avg=0.582923), pairs_step=12160, pairs_total=2431996
[2026-02-28 14:27:49,550] WARNING:fitness.free_loss_fidelity: weights_only checkpoint load failed (UnpicklingError); retrying weights_only=False for /data1/gushengda/eam-rl4co/baseline/epoch_135.ckpt
[2026-02-28 14:27:49,550] WARNING:fitness.free_loss_fidelity: weights_only checkpoint load failed (UnpicklingError); retrying weights_only=False for /data1/gushengda/eam-rl4co/baseline/epoch_135.ckpt
[2026-02-28 14:27:49,589] INFO:fitness.free_loss_fidelity: Loaded init checkpoint into policy: path=/data1/gushengda/eam-rl4co/baseline/epoch_135.ckpt prefix=policy. matched=97 missing=0 unexpected=0
[2026-02-28 14:27:49,589] INFO:fitness.free_loss_fidelity: Loaded init checkpoint into policy: path=/data1/gushengda/eam-rl4co/baseline/epoch_135.ckpt prefix=policy. matched=97 missing=0 unexpected=0
[2026-02-28 14:27:49,594] INFO:fitness.free_loss_fidelity: RL4CO free-loss (step-mode): f1_steps=200, f2_steps=0, total_steps=200, train_problem_size=100, rollouts=20, batch_size=64, device=cuda:1, env=tsp
[2026-02-28 14:27:49,594] INFO:fitness.free_loss_fidelity: RL4CO free-loss (step-mode): f1_steps=200, f2_steps=0, total_steps=200, train_problem_size=100, rollouts=20, batch_size=64, device=cuda:1, env=tsp
[2026-02-28 14:27:49,905] INFO:fitness.free_loss_fidelity: RL4CO free-loss step 1/200: score=7.825121 (avg=7.825121), loss=0.670960 (avg=0.670960), pairs_step=12151, pairs_total=12151
[2026-02-28 14:27:49,905] INFO:fitness.free_loss_fidelity: RL4CO free-loss step 1/200: score=7.825121 (avg=7.825121), loss=0.670960 (avg=0.670960), pairs_step=12151, pairs_total=12151
[2026-02-28 14:27:55,548] INFO:fitness.free_loss_fidelity: RL4CO free-loss step 20/200: score=7.814057 (avg=7.844706), loss=0.665582 (avg=0.665649), pairs_step=12154, pairs_total=243054
[2026-02-28 14:27:55,548] INFO:fitness.free_loss_fidelity: RL4CO free-loss step 20/200: score=7.814057 (avg=7.844706), loss=0.665582 (avg=0.665649), pairs_step=12154, pairs_total=243054
[2026-02-28 14:28:01,463] INFO:fitness.free_loss_fidelity: RL4CO free-loss step 40/200: score=7.857190 (avg=7.840600), loss=0.675917 (avg=0.666049), pairs_step=12154, pairs_total=486123
[2026-02-28 14:28:01,463] INFO:fitness.free_loss_fidelity: RL4CO free-loss step 40/200: score=7.857190 (avg=7.840600), loss=0.675917 (avg=0.666049), pairs_step=12154, pairs_total=486123
[2026-02-28 14:28:07,373] INFO:fitness.free_loss_fidelity: RL4CO free-loss step 60/200: score=7.847544 (avg=7.837476), loss=0.669259 (avg=0.666602), pairs_step=12147, pairs_total=729199
[2026-02-28 14:28:07,373] INFO:fitness.free_loss_fidelity: RL4CO free-loss step 60/200: score=7.847544 (avg=7.837476), loss=0.669259 (avg=0.666602), pairs_step=12147, pairs_total=729199
[2026-02-28 14:28:13,288] INFO:fitness.free_loss_fidelity: RL4CO free-loss step 80/200: score=7.831037 (avg=7.835574), loss=0.660953 (avg=0.667293), pairs_step=12152, pairs_total=972273
[2026-02-28 14:28:13,288] INFO:fitness.free_loss_fidelity: RL4CO free-loss step 80/200: score=7.831037 (avg=7.835574), loss=0.660953 (avg=0.667293), pairs_step=12152, pairs_total=972273
[2026-02-28 14:28:19,192] INFO:fitness.free_loss_fidelity: RL4CO free-loss step 100/200: score=7.794658 (avg=7.836660), loss=0.669226 (avg=0.667225), pairs_step=12151, pairs_total=1215386
[2026-02-28 14:28:19,192] INFO:fitness.free_loss_fidelity: RL4CO free-loss step 100/200: score=7.794658 (avg=7.836660), loss=0.669226 (avg=0.667225), pairs_step=12151, pairs_total=1215386
[2026-02-28 14:28:25,099] INFO:fitness.free_loss_fidelity: RL4CO free-loss step 120/200: score=7.816488 (avg=7.838773), loss=0.666144 (avg=0.667352), pairs_step=12153, pairs_total=1458444
[2026-02-28 14:28:25,099] INFO:fitness.free_loss_fidelity: RL4CO free-loss step 120/200: score=7.816488 (avg=7.838773), loss=0.666144 (avg=0.667352), pairs_step=12153, pairs_total=1458444
[2026-02-28 14:28:31,009] INFO:fitness.free_loss_fidelity: RL4CO free-loss step 140/200: score=7.875374 (avg=7.840737), loss=0.665298 (avg=0.667247), pairs_step=12151, pairs_total=1701517
[2026-02-28 14:28:31,009] INFO:fitness.free_loss_fidelity: RL4CO free-loss step 140/200: score=7.875374 (avg=7.840737), loss=0.665298 (avg=0.667247), pairs_step=12151, pairs_total=1701517
[2026-02-28 14:28:36,914] INFO:fitness.free_loss_fidelity: RL4CO free-loss step 160/200: score=7.832409 (avg=7.840410), loss=0.667577 (avg=0.667252), pairs_step=12153, pairs_total=1944586
[2026-02-28 14:28:36,914] INFO:fitness.free_loss_fidelity: RL4CO free-loss step 160/200: score=7.832409 (avg=7.840410), loss=0.667577 (avg=0.667252), pairs_step=12153, pairs_total=1944586
[2026-02-28 14:28:42,832] INFO:fitness.free_loss_fidelity: RL4CO free-loss step 180/200: score=7.831710 (avg=7.839428), loss=0.655705 (avg=0.667096), pairs_step=12151, pairs_total=2187663
[2026-02-28 14:28:42,832] INFO:fitness.free_loss_fidelity: RL4CO free-loss step 180/200: score=7.831710 (avg=7.839428), loss=0.655705 (avg=0.667096), pairs_step=12151, pairs_total=2187663
[2026-02-28 14:28:48,734] INFO:fitness.free_loss_fidelity: RL4CO free-loss step 200/200: score=7.857841 (avg=7.838313), loss=0.664353 (avg=0.667197), pairs_step=12157, pairs_total=2430740
[2026-02-28 14:28:48,734] INFO:fitness.free_loss_fidelity: RL4CO free-loss step 200/200: score=7.857841 (avg=7.838313), loss=0.664353 (avg=0.667197), pairs_step=12157, pairs_total=2430740
[2026-02-28 14:28:50,073] WARNING:fitness.free_loss_fidelity: weights_only checkpoint load failed (UnpicklingError); retrying weights_only=False for /data1/gushengda/eam-rl4co/baseline/epoch_409.ckpt
[2026-02-28 14:28:50,073] WARNING:fitness.free_loss_fidelity: weights_only checkpoint load failed (UnpicklingError); retrying weights_only=False for /data1/gushengda/eam-rl4co/baseline/epoch_409.ckpt
[2026-02-28 14:28:50,112] INFO:fitness.free_loss_fidelity: Loaded init checkpoint into policy: path=/data1/gushengda/eam-rl4co/baseline/epoch_409.ckpt prefix=policy. matched=97 missing=0 unexpected=0
[2026-02-28 14:28:50,112] INFO:fitness.free_loss_fidelity: Loaded init checkpoint into policy: path=/data1/gushengda/eam-rl4co/baseline/epoch_409.ckpt prefix=policy. matched=97 missing=0 unexpected=0
[2026-02-28 14:28:50,117] INFO:fitness.free_loss_fidelity: RL4CO free-loss (step-mode): f1_steps=200, f2_steps=0, total_steps=200, train_problem_size=100, rollouts=20, batch_size=64, device=cuda:1, env=tsp
[2026-02-28 14:28:50,117] INFO:fitness.free_loss_fidelity: RL4CO free-loss (step-mode): f1_steps=200, f2_steps=0, total_steps=200, train_problem_size=100, rollouts=20, batch_size=64, device=cuda:1, env=tsp
[2026-02-28 14:28:50,428] INFO:fitness.free_loss_fidelity: RL4CO free-loss step 1/200: score=7.826895 (avg=7.826895), loss=0.210983 (avg=0.210983), pairs_step=12149, pairs_total=12149
[2026-02-28 14:28:50,428] INFO:fitness.free_loss_fidelity: RL4CO free-loss step 1/200: score=7.826895 (avg=7.826895), loss=0.210983 (avg=0.210983), pairs_step=12149, pairs_total=12149
[2026-02-28 14:28:56,052] INFO:fitness.free_loss_fidelity: RL4CO free-loss step 20/200: score=7.818324 (avg=7.845010), loss=0.189639 (avg=0.195188), pairs_step=12150, pairs_total=243086
[2026-02-28 14:28:56,052] INFO:fitness.free_loss_fidelity: RL4CO free-loss step 20/200: score=7.818324 (avg=7.845010), loss=0.189639 (avg=0.195188), pairs_step=12150, pairs_total=243086
[2026-02-28 14:29:01,970] INFO:fitness.free_loss_fidelity: RL4CO free-loss step 40/200: score=7.861501 (avg=7.842880), loss=0.183677 (avg=0.192763), pairs_step=12151, pairs_total=486169
[2026-02-28 14:29:01,970] INFO:fitness.free_loss_fidelity: RL4CO free-loss step 40/200: score=7.861501 (avg=7.842880), loss=0.183677 (avg=0.192763), pairs_step=12151, pairs_total=486169
[2026-02-28 14:29:07,891] INFO:fitness.free_loss_fidelity: RL4CO free-loss step 60/200: score=7.847437 (avg=7.839135), loss=0.201772 (avg=0.191607), pairs_step=12151, pairs_total=729278
[2026-02-28 14:29:07,891] INFO:fitness.free_loss_fidelity: RL4CO free-loss step 60/200: score=7.847437 (avg=7.839135), loss=0.201772 (avg=0.191607), pairs_step=12151, pairs_total=729278
[2026-02-28 14:29:13,804] INFO:fitness.free_loss_fidelity: RL4CO free-loss step 80/200: score=7.824821 (avg=7.836773), loss=0.196082 (avg=0.192042), pairs_step=12152, pairs_total=972376
[2026-02-28 14:29:13,804] INFO:fitness.free_loss_fidelity: RL4CO free-loss step 80/200: score=7.824821 (avg=7.836773), loss=0.196082 (avg=0.192042), pairs_step=12152, pairs_total=972376
[2026-02-28 14:29:19,709] INFO:fitness.free_loss_fidelity: RL4CO free-loss step 100/200: score=7.780900 (avg=7.836237), loss=0.201879 (avg=0.193044), pairs_step=12155, pairs_total=1215466
[2026-02-28 14:29:19,709] INFO:fitness.free_loss_fidelity: RL4CO free-loss step 100/200: score=7.780900 (avg=7.836237), loss=0.201879 (avg=0.193044), pairs_step=12155, pairs_total=1215466
[2026-02-28 14:29:25,614] INFO:fitness.free_loss_fidelity: RL4CO free-loss step 120/200: score=7.810049 (avg=7.837389), loss=0.199609 (avg=0.193448), pairs_step=12158, pairs_total=1458536
[2026-02-28 14:29:25,614] INFO:fitness.free_loss_fidelity: RL4CO free-loss step 120/200: score=7.810049 (avg=7.837389), loss=0.199609 (avg=0.193448), pairs_step=12158, pairs_total=1458536
[2026-02-28 14:29:31,528] INFO:fitness.free_loss_fidelity: RL4CO free-loss step 140/200: score=7.861963 (avg=7.838452), loss=0.192463 (avg=0.194706), pairs_step=12153, pairs_total=1701621
[2026-02-28 14:29:31,528] INFO:fitness.free_loss_fidelity: RL4CO free-loss step 140/200: score=7.861963 (avg=7.838452), loss=0.192463 (avg=0.194706), pairs_step=12153, pairs_total=1701621
[2026-02-28 14:29:37,443] INFO:fitness.free_loss_fidelity: RL4CO free-loss step 160/200: score=7.842258 (avg=7.837979), loss=0.205031 (avg=0.195196), pairs_step=12157, pairs_total=1944703
[2026-02-28 14:29:37,443] INFO:fitness.free_loss_fidelity: RL4CO free-loss step 160/200: score=7.842258 (avg=7.837979), loss=0.205031 (avg=0.195196), pairs_step=12157, pairs_total=1944703
[2026-02-28 14:29:43,363] INFO:fitness.free_loss_fidelity: RL4CO free-loss step 180/200: score=7.829812 (avg=7.837439), loss=0.181977 (avg=0.195128), pairs_step=12140, pairs_total=2187796
[2026-02-28 14:29:43,363] INFO:fitness.free_loss_fidelity: RL4CO free-loss step 180/200: score=7.829812 (avg=7.837439), loss=0.181977 (avg=0.195128), pairs_step=12140, pairs_total=2187796
[2026-02-28 14:29:49,263] INFO:fitness.free_loss_fidelity: RL4CO free-loss step 200/200: score=7.855338 (avg=7.836137), loss=0.188267 (avg=0.194656), pairs_step=12154, pairs_total=2430876
[2026-02-28 14:29:49,263] INFO:fitness.free_loss_fidelity: RL4CO free-loss step 200/200: score=7.855338 (avg=7.836137), loss=0.188267 (avg=0.194656), pairs_step=12154, pairs_total=2430876
