[2026-02-28 12:57:58,449] INFO:fitness.free_loss_fidelity: Stage3 offline mini-train start gen=2 pair_index=12 K=200 seed=12345 valid_sizes=[20, 100] baseline_json=baseline/mini_eval/baseline_minitrain_tsp100_K200.json
[2026-02-28 12:57:58,449] INFO:fitness.free_loss_fidelity: Stage3 offline mini-train start gen=2 pair_index=12 K=200 seed=12345 valid_sizes=[20, 100] baseline_json=baseline/mini_eval/baseline_minitrain_tsp100_K200.json
[2026-02-28 12:57:58,471] INFO:fitness.free_loss_fidelity: RL4CO free-loss (step-mode): f1_steps=200, f2_steps=0, total_steps=200, train_problem_size=100, rollouts=20, batch_size=64, device=cuda:3, env=tsp
[2026-02-28 12:57:58,471] INFO:fitness.free_loss_fidelity: RL4CO free-loss (step-mode): f1_steps=200, f2_steps=0, total_steps=200, train_problem_size=100, rollouts=20, batch_size=64, device=cuda:3, env=tsp
[2026-02-28 12:57:58,839] INFO:fitness.free_loss_fidelity: RL4CO free-loss step 1/200: score=36.626595 (avg=36.626595), loss=0.775240 (avg=0.775240), pairs_step=12160, pairs_total=12160
[2026-02-28 12:57:58,839] INFO:fitness.free_loss_fidelity: RL4CO free-loss step 1/200: score=36.626595 (avg=36.626595), loss=0.775240 (avg=0.775240), pairs_step=12160, pairs_total=12160
[2026-02-28 12:58:05,811] INFO:fitness.free_loss_fidelity: RL4CO free-loss step 20/200: score=10.587231 (avg=13.533228), loss=0.599146 (avg=0.605660), pairs_step=12160, pairs_total=243200
[2026-02-28 12:58:05,811] INFO:fitness.free_loss_fidelity: RL4CO free-loss step 20/200: score=10.587231 (avg=13.533228), loss=0.599146 (avg=0.605660), pairs_step=12160, pairs_total=243200
[2026-02-28 12:58:13,136] INFO:fitness.free_loss_fidelity: RL4CO free-loss step 40/200: score=9.920300 (avg=11.898132), loss=0.570441 (avg=0.595359), pairs_step=12160, pairs_total=486400
[2026-02-28 12:58:13,136] INFO:fitness.free_loss_fidelity: RL4CO free-loss step 40/200: score=9.920300 (avg=11.898132), loss=0.570441 (avg=0.595359), pairs_step=12160, pairs_total=486400
[2026-02-28 12:58:20,471] INFO:fitness.free_loss_fidelity: RL4CO free-loss step 60/200: score=9.702905 (avg=11.181378), loss=0.580317 (avg=0.591109), pairs_step=12160, pairs_total=729600
[2026-02-28 12:58:20,471] INFO:fitness.free_loss_fidelity: RL4CO free-loss step 60/200: score=9.702905 (avg=11.181378), loss=0.580317 (avg=0.591109), pairs_step=12160, pairs_total=729600
[2026-02-28 12:58:27,806] INFO:fitness.free_loss_fidelity: RL4CO free-loss step 80/200: score=9.494932 (avg=10.783357), loss=0.548727 (avg=0.585965), pairs_step=12160, pairs_total=972800
[2026-02-28 12:58:27,806] INFO:fitness.free_loss_fidelity: RL4CO free-loss step 80/200: score=9.494932 (avg=10.783357), loss=0.548727 (avg=0.585965), pairs_step=12160, pairs_total=972800
[2026-02-28 12:58:35,136] INFO:fitness.free_loss_fidelity: RL4CO free-loss step 100/200: score=9.467924 (avg=10.540670), loss=0.555732 (avg=0.581991), pairs_step=12160, pairs_total=1216000
[2026-02-28 12:58:35,136] INFO:fitness.free_loss_fidelity: RL4CO free-loss step 100/200: score=9.467924 (avg=10.540670), loss=0.555732 (avg=0.581991), pairs_step=12160, pairs_total=1216000
[2026-02-28 12:58:42,468] INFO:fitness.free_loss_fidelity: RL4CO free-loss step 120/200: score=9.286544 (avg=10.365132), loss=0.566646 (avg=0.576975), pairs_step=12160, pairs_total=1459200
[2026-02-28 12:58:42,468] INFO:fitness.free_loss_fidelity: RL4CO free-loss step 120/200: score=9.286544 (avg=10.365132), loss=0.566646 (avg=0.576975), pairs_step=12160, pairs_total=1459200
[2026-02-28 12:58:49,799] INFO:fitness.free_loss_fidelity: RL4CO free-loss step 140/200: score=9.368363 (avg=10.226875), loss=0.557979 (avg=0.574925), pairs_step=12160, pairs_total=1702400
[2026-02-28 12:58:49,799] INFO:fitness.free_loss_fidelity: RL4CO free-loss step 140/200: score=9.368363 (avg=10.226875), loss=0.557979 (avg=0.574925), pairs_step=12160, pairs_total=1702400
[2026-02-28 12:58:57,121] INFO:fitness.free_loss_fidelity: RL4CO free-loss step 160/200: score=9.237175 (avg=10.110366), loss=0.561957 (avg=0.573427), pairs_step=12160, pairs_total=1945600
[2026-02-28 12:58:57,121] INFO:fitness.free_loss_fidelity: RL4CO free-loss step 160/200: score=9.237175 (avg=10.110366), loss=0.561957 (avg=0.573427), pairs_step=12160, pairs_total=1945600
[2026-02-28 12:59:04,462] INFO:fitness.free_loss_fidelity: RL4CO free-loss step 180/200: score=9.217769 (avg=10.011135), loss=0.549537 (avg=0.571819), pairs_step=12160, pairs_total=2188799
[2026-02-28 12:59:04,462] INFO:fitness.free_loss_fidelity: RL4CO free-loss step 180/200: score=9.217769 (avg=10.011135), loss=0.549537 (avg=0.571819), pairs_step=12160, pairs_total=2188799
[2026-02-28 12:59:11,128] INFO:fitness.free_loss_fidelity: RL4CO free-loss step 200/200: score=9.170912 (avg=9.932266), loss=0.549774 (avg=0.570505), pairs_step=12160, pairs_total=2431999
[2026-02-28 12:59:11,128] INFO:fitness.free_loss_fidelity: RL4CO free-loss step 200/200: score=9.170912 (avg=9.932266), loss=0.549774 (avg=0.570505), pairs_step=12160, pairs_total=2431999
[2026-02-28 12:59:12,446] WARNING:fitness.free_loss_fidelity: weights_only checkpoint load failed (UnpicklingError); retrying weights_only=False for /data1/gushengda/eam-rl4co/baseline/epoch_135.ckpt
[2026-02-28 12:59:12,446] WARNING:fitness.free_loss_fidelity: weights_only checkpoint load failed (UnpicklingError); retrying weights_only=False for /data1/gushengda/eam-rl4co/baseline/epoch_135.ckpt
[2026-02-28 12:59:12,487] INFO:fitness.free_loss_fidelity: Loaded init checkpoint into policy: path=/data1/gushengda/eam-rl4co/baseline/epoch_135.ckpt prefix=policy. matched=97 missing=0 unexpected=0
[2026-02-28 12:59:12,487] INFO:fitness.free_loss_fidelity: Loaded init checkpoint into policy: path=/data1/gushengda/eam-rl4co/baseline/epoch_135.ckpt prefix=policy. matched=97 missing=0 unexpected=0
[2026-02-28 12:59:12,493] INFO:fitness.free_loss_fidelity: RL4CO free-loss (step-mode): f1_steps=200, f2_steps=0, total_steps=200, train_problem_size=100, rollouts=20, batch_size=64, device=cuda:3, env=tsp
[2026-02-28 12:59:12,493] INFO:fitness.free_loss_fidelity: RL4CO free-loss (step-mode): f1_steps=200, f2_steps=0, total_steps=200, train_problem_size=100, rollouts=20, batch_size=64, device=cuda:3, env=tsp
[2026-02-28 12:59:12,843] INFO:fitness.free_loss_fidelity: RL4CO free-loss step 1/200: score=7.825121 (avg=7.825121), loss=0.666072 (avg=0.666072), pairs_step=12151, pairs_total=12151
[2026-02-28 12:59:12,843] INFO:fitness.free_loss_fidelity: RL4CO free-loss step 1/200: score=7.825121 (avg=7.825121), loss=0.666072 (avg=0.666072), pairs_step=12151, pairs_total=12151
[2026-02-28 12:59:18,755] INFO:fitness.free_loss_fidelity: RL4CO free-loss step 20/200: score=7.812860 (avg=7.843402), loss=0.661220 (avg=0.659243), pairs_step=12145, pairs_total=243077
[2026-02-28 12:59:18,755] INFO:fitness.free_loss_fidelity: RL4CO free-loss step 20/200: score=7.812860 (avg=7.843402), loss=0.661220 (avg=0.659243), pairs_step=12145, pairs_total=243077
[2026-02-28 12:59:24,963] INFO:fitness.free_loss_fidelity: RL4CO free-loss step 40/200: score=7.856198 (avg=7.838514), loss=0.657793 (avg=0.661210), pairs_step=12154, pairs_total=486157
[2026-02-28 12:59:24,963] INFO:fitness.free_loss_fidelity: RL4CO free-loss step 40/200: score=7.856198 (avg=7.838514), loss=0.657793 (avg=0.661210), pairs_step=12154, pairs_total=486157
[2026-02-28 12:59:31,162] INFO:fitness.free_loss_fidelity: RL4CO free-loss step 60/200: score=7.847226 (avg=7.836850), loss=0.662938 (avg=0.662274), pairs_step=12157, pairs_total=729239
[2026-02-28 12:59:31,162] INFO:fitness.free_loss_fidelity: RL4CO free-loss step 60/200: score=7.847226 (avg=7.836850), loss=0.662938 (avg=0.662274), pairs_step=12157, pairs_total=729239
[2026-02-28 12:59:37,367] INFO:fitness.free_loss_fidelity: RL4CO free-loss step 80/200: score=7.843363 (avg=7.835854), loss=0.664953 (avg=0.662548), pairs_step=12154, pairs_total=972325
[2026-02-28 12:59:37,367] INFO:fitness.free_loss_fidelity: RL4CO free-loss step 80/200: score=7.843363 (avg=7.835854), loss=0.664953 (avg=0.662548), pairs_step=12154, pairs_total=972325
