[2026-02-28 16:05:08,558] INFO:fitness.free_loss_fidelity: Stage3 offline mini-train start gen=10 pair_index=0 K=200 seed=12345 valid_sizes=[20, 100] baseline_json=baseline/mini_eval/baseline_minitrain_tsp100_K200.json
[2026-02-28 16:05:08,558] INFO:fitness.free_loss_fidelity: Stage3 offline mini-train start gen=10 pair_index=0 K=200 seed=12345 valid_sizes=[20, 100] baseline_json=baseline/mini_eval/baseline_minitrain_tsp100_K200.json
[2026-02-28 16:05:15,772] INFO:fitness.free_loss_fidelity: RL4CO free-loss (step-mode): f1_steps=200, f2_steps=0, total_steps=200, train_problem_size=100, rollouts=20, batch_size=64, device=cuda:2, env=tsp
[2026-02-28 16:05:15,772] INFO:fitness.free_loss_fidelity: RL4CO free-loss (step-mode): f1_steps=200, f2_steps=0, total_steps=200, train_problem_size=100, rollouts=20, batch_size=64, device=cuda:2, env=tsp
[2026-02-28 16:05:17,151] INFO:fitness.free_loss_fidelity: RL4CO free-loss step 1/200: score=36.626595 (avg=36.626595), loss=0.787943 (avg=0.787943), pairs_step=256, pairs_total=256
[2026-02-28 16:05:17,151] INFO:fitness.free_loss_fidelity: RL4CO free-loss step 1/200: score=36.626595 (avg=36.626595), loss=0.787943 (avg=0.787943), pairs_step=256, pairs_total=256
[2026-02-28 16:05:22,657] INFO:fitness.free_loss_fidelity: RL4CO free-loss step 20/200: score=10.560688 (avg=13.311218), loss=0.382544 (avg=0.405784), pairs_step=256, pairs_total=5120
[2026-02-28 16:05:22,657] INFO:fitness.free_loss_fidelity: RL4CO free-loss step 20/200: score=10.560688 (avg=13.311218), loss=0.382544 (avg=0.405784), pairs_step=256, pairs_total=5120
[2026-02-28 16:05:28,809] INFO:fitness.free_loss_fidelity: RL4CO free-loss step 40/200: score=9.975399 (avg=11.706156), loss=0.436058 (avg=0.406129), pairs_step=256, pairs_total=10240
[2026-02-28 16:05:28,809] INFO:fitness.free_loss_fidelity: RL4CO free-loss step 40/200: score=9.975399 (avg=11.706156), loss=0.436058 (avg=0.406129), pairs_step=256, pairs_total=10240
[2026-02-28 16:05:34,954] INFO:fitness.free_loss_fidelity: RL4CO free-loss step 60/200: score=9.890472 (avg=11.108146), loss=0.408285 (avg=0.404772), pairs_step=256, pairs_total=15360
[2026-02-28 16:05:34,954] INFO:fitness.free_loss_fidelity: RL4CO free-loss step 60/200: score=9.890472 (avg=11.108146), loss=0.408285 (avg=0.404772), pairs_step=256, pairs_total=15360
[2026-02-28 16:05:41,056] INFO:fitness.free_loss_fidelity: RL4CO free-loss step 80/200: score=9.629414 (avg=10.757053), loss=0.348481 (avg=0.404262), pairs_step=256, pairs_total=20480
[2026-02-28 16:05:41,056] INFO:fitness.free_loss_fidelity: RL4CO free-loss step 80/200: score=9.629414 (avg=10.757053), loss=0.348481 (avg=0.404262), pairs_step=256, pairs_total=20480
[2026-02-28 16:05:47,135] INFO:fitness.free_loss_fidelity: RL4CO free-loss step 100/200: score=9.583902 (avg=10.530049), loss=0.319152 (avg=0.392386), pairs_step=256, pairs_total=25600
[2026-02-28 16:05:47,135] INFO:fitness.free_loss_fidelity: RL4CO free-loss step 100/200: score=9.583902 (avg=10.530049), loss=0.319152 (avg=0.392386), pairs_step=256, pairs_total=25600
[2026-02-28 16:05:53,228] INFO:fitness.free_loss_fidelity: RL4CO free-loss step 120/200: score=9.495153 (avg=10.366367), loss=0.309632 (avg=0.385543), pairs_step=256, pairs_total=30720
[2026-02-28 16:05:53,228] INFO:fitness.free_loss_fidelity: RL4CO free-loss step 120/200: score=9.495153 (avg=10.366367), loss=0.309632 (avg=0.385543), pairs_step=256, pairs_total=30720
[2026-02-28 16:05:59,307] INFO:fitness.free_loss_fidelity: RL4CO free-loss step 140/200: score=9.488019 (avg=10.234814), loss=0.377868 (avg=0.378763), pairs_step=256, pairs_total=35840
[2026-02-28 16:05:59,307] INFO:fitness.free_loss_fidelity: RL4CO free-loss step 140/200: score=9.488019 (avg=10.234814), loss=0.377868 (avg=0.378763), pairs_step=256, pairs_total=35840
[2026-02-28 16:06:05,371] INFO:fitness.free_loss_fidelity: RL4CO free-loss step 160/200: score=9.358055 (avg=10.130255), loss=0.309132 (avg=0.371719), pairs_step=256, pairs_total=40960
[2026-02-28 16:06:05,371] INFO:fitness.free_loss_fidelity: RL4CO free-loss step 160/200: score=9.358055 (avg=10.130255), loss=0.309132 (avg=0.371719), pairs_step=256, pairs_total=40960
[2026-02-28 16:06:11,422] INFO:fitness.free_loss_fidelity: RL4CO free-loss step 180/200: score=9.315125 (avg=10.039819), loss=0.353722 (avg=0.369639), pairs_step=256, pairs_total=46080
[2026-02-28 16:06:11,422] INFO:fitness.free_loss_fidelity: RL4CO free-loss step 180/200: score=9.315125 (avg=10.039819), loss=0.353722 (avg=0.369639), pairs_step=256, pairs_total=46080
[2026-02-28 16:06:17,489] INFO:fitness.free_loss_fidelity: RL4CO free-loss step 200/200: score=9.395189 (avg=9.965395), loss=0.384534 (avg=0.366267), pairs_step=256, pairs_total=51200
[2026-02-28 16:06:17,489] INFO:fitness.free_loss_fidelity: RL4CO free-loss step 200/200: score=9.395189 (avg=9.965395), loss=0.384534 (avg=0.366267), pairs_step=256, pairs_total=51200
[2026-02-28 16:06:18,816] WARNING:fitness.free_loss_fidelity: weights_only checkpoint load failed (UnpicklingError); retrying weights_only=False for /data1/gushengda/eam-rl4co/baseline/epoch_135.ckpt
[2026-02-28 16:06:18,816] WARNING:fitness.free_loss_fidelity: weights_only checkpoint load failed (UnpicklingError); retrying weights_only=False for /data1/gushengda/eam-rl4co/baseline/epoch_135.ckpt
[2026-02-28 16:06:18,866] INFO:fitness.free_loss_fidelity: Loaded init checkpoint into policy: path=/data1/gushengda/eam-rl4co/baseline/epoch_135.ckpt prefix=policy. matched=97 missing=0 unexpected=0
[2026-02-28 16:06:18,866] INFO:fitness.free_loss_fidelity: Loaded init checkpoint into policy: path=/data1/gushengda/eam-rl4co/baseline/epoch_135.ckpt prefix=policy. matched=97 missing=0 unexpected=0
[2026-02-28 16:06:18,871] INFO:fitness.free_loss_fidelity: RL4CO free-loss (step-mode): f1_steps=200, f2_steps=0, total_steps=200, train_problem_size=100, rollouts=20, batch_size=64, device=cuda:2, env=tsp
[2026-02-28 16:06:18,871] INFO:fitness.free_loss_fidelity: RL4CO free-loss (step-mode): f1_steps=200, f2_steps=0, total_steps=200, train_problem_size=100, rollouts=20, batch_size=64, device=cuda:2, env=tsp
[2026-02-28 16:06:19,227] INFO:fitness.free_loss_fidelity: RL4CO free-loss step 1/200: score=7.825121 (avg=7.825121), loss=0.617519 (avg=0.617519), pairs_step=256, pairs_total=256
[2026-02-28 16:06:19,227] INFO:fitness.free_loss_fidelity: RL4CO free-loss step 1/200: score=7.825121 (avg=7.825121), loss=0.617519 (avg=0.617519), pairs_step=256, pairs_total=256
[2026-02-28 16:06:25,011] INFO:fitness.free_loss_fidelity: RL4CO free-loss step 20/200: score=7.826480 (avg=7.846266), loss=0.608242 (avg=0.604462), pairs_step=256, pairs_total=5120
[2026-02-28 16:06:25,011] INFO:fitness.free_loss_fidelity: RL4CO free-loss step 20/200: score=7.826480 (avg=7.846266), loss=0.608242 (avg=0.604462), pairs_step=256, pairs_total=5120
[2026-02-28 16:06:31,077] INFO:fitness.free_loss_fidelity: RL4CO free-loss step 40/200: score=7.867289 (avg=7.844147), loss=0.601330 (avg=0.604985), pairs_step=256, pairs_total=10240
[2026-02-28 16:06:31,077] INFO:fitness.free_loss_fidelity: RL4CO free-loss step 40/200: score=7.867289 (avg=7.844147), loss=0.601330 (avg=0.604985), pairs_step=256, pairs_total=10240
[2026-02-28 16:06:37,150] INFO:fitness.free_loss_fidelity: RL4CO free-loss step 60/200: score=7.856294 (avg=7.842901), loss=0.614339 (avg=0.607516), pairs_step=256, pairs_total=15360
[2026-02-28 16:06:37,150] INFO:fitness.free_loss_fidelity: RL4CO free-loss step 60/200: score=7.856294 (avg=7.842901), loss=0.614339 (avg=0.607516), pairs_step=256, pairs_total=15360
[2026-02-28 16:06:43,217] INFO:fitness.free_loss_fidelity: RL4CO free-loss step 80/200: score=7.843958 (avg=7.842892), loss=0.580720 (avg=0.606586), pairs_step=256, pairs_total=20480
[2026-02-28 16:06:43,217] INFO:fitness.free_loss_fidelity: RL4CO free-loss step 80/200: score=7.843958 (avg=7.842892), loss=0.580720 (avg=0.606586), pairs_step=256, pairs_total=20480
[2026-02-28 16:06:49,269] INFO:fitness.free_loss_fidelity: RL4CO free-loss step 100/200: score=7.808645 (avg=7.845279), loss=0.614481 (avg=0.605327), pairs_step=256, pairs_total=25600
[2026-02-28 16:06:49,269] INFO:fitness.free_loss_fidelity: RL4CO free-loss step 100/200: score=7.808645 (avg=7.845279), loss=0.614481 (avg=0.605327), pairs_step=256, pairs_total=25600
[2026-02-28 16:06:55,321] INFO:fitness.free_loss_fidelity: RL4CO free-loss step 120/200: score=7.827430 (avg=7.847899), loss=0.598900 (avg=0.607816), pairs_step=256, pairs_total=30720
[2026-02-28 16:06:55,321] INFO:fitness.free_loss_fidelity: RL4CO free-loss step 120/200: score=7.827430 (avg=7.847899), loss=0.598900 (avg=0.607816), pairs_step=256, pairs_total=30720
[2026-02-28 16:07:01,395] INFO:fitness.free_loss_fidelity: RL4CO free-loss step 140/200: score=7.881134 (avg=7.850534), loss=0.597527 (avg=0.608482), pairs_step=256, pairs_total=35840
[2026-02-28 16:07:01,395] INFO:fitness.free_loss_fidelity: RL4CO free-loss step 140/200: score=7.881134 (avg=7.850534), loss=0.597527 (avg=0.608482), pairs_step=256, pairs_total=35840
[2026-02-28 16:07:07,493] INFO:fitness.free_loss_fidelity: RL4CO free-loss step 160/200: score=7.843433 (avg=7.849881), loss=0.588711 (avg=0.608179), pairs_step=256, pairs_total=40960
[2026-02-28 16:07:07,493] INFO:fitness.free_loss_fidelity: RL4CO free-loss step 160/200: score=7.843433 (avg=7.849881), loss=0.588711 (avg=0.608179), pairs_step=256, pairs_total=40960
[2026-02-28 16:07:13,518] INFO:fitness.free_loss_fidelity: RL4CO free-loss step 180/200: score=7.847417 (avg=7.848692), loss=0.626606 (avg=0.608121), pairs_step=256, pairs_total=46080
[2026-02-28 16:07:13,518] INFO:fitness.free_loss_fidelity: RL4CO free-loss step 180/200: score=7.847417 (avg=7.848692), loss=0.626606 (avg=0.608121), pairs_step=256, pairs_total=46080
[2026-02-28 16:07:19,610] INFO:fitness.free_loss_fidelity: RL4CO free-loss step 200/200: score=7.862468 (avg=7.847980), loss=0.629598 (avg=0.608885), pairs_step=256, pairs_total=51200
[2026-02-28 16:07:19,610] INFO:fitness.free_loss_fidelity: RL4CO free-loss step 200/200: score=7.862468 (avg=7.847980), loss=0.629598 (avg=0.608885), pairs_step=256, pairs_total=51200
[2026-02-28 16:07:20,924] WARNING:fitness.free_loss_fidelity: weights_only checkpoint load failed (UnpicklingError); retrying weights_only=False for /data1/gushengda/eam-rl4co/baseline/epoch_409.ckpt
[2026-02-28 16:07:20,924] WARNING:fitness.free_loss_fidelity: weights_only checkpoint load failed (UnpicklingError); retrying weights_only=False for /data1/gushengda/eam-rl4co/baseline/epoch_409.ckpt
[2026-02-28 16:07:20,965] INFO:fitness.free_loss_fidelity: Loaded init checkpoint into policy: path=/data1/gushengda/eam-rl4co/baseline/epoch_409.ckpt prefix=policy. matched=97 missing=0 unexpected=0
[2026-02-28 16:07:20,965] INFO:fitness.free_loss_fidelity: Loaded init checkpoint into policy: path=/data1/gushengda/eam-rl4co/baseline/epoch_409.ckpt prefix=policy. matched=97 missing=0 unexpected=0
[2026-02-28 16:07:20,970] INFO:fitness.free_loss_fidelity: RL4CO free-loss (step-mode): f1_steps=200, f2_steps=0, total_steps=200, train_problem_size=100, rollouts=20, batch_size=64, device=cuda:2, env=tsp
[2026-02-28 16:07:20,970] INFO:fitness.free_loss_fidelity: RL4CO free-loss (step-mode): f1_steps=200, f2_steps=0, total_steps=200, train_problem_size=100, rollouts=20, batch_size=64, device=cuda:2, env=tsp
[2026-02-28 16:07:21,279] INFO:fitness.free_loss_fidelity: RL4CO free-loss step 1/200: score=7.826895 (avg=7.826895), loss=0.000297 (avg=0.000297), pairs_step=256, pairs_total=256
[2026-02-28 16:07:21,279] INFO:fitness.free_loss_fidelity: RL4CO free-loss step 1/200: score=7.826895 (avg=7.826895), loss=0.000297 (avg=0.000297), pairs_step=256, pairs_total=256
[2026-02-28 16:07:27,033] INFO:fitness.free_loss_fidelity: RL4CO free-loss step 20/200: score=7.870715 (avg=7.864175), loss=0.000001 (avg=0.000031), pairs_step=256, pairs_total=5120
[2026-02-28 16:07:27,033] INFO:fitness.free_loss_fidelity: RL4CO free-loss step 20/200: score=7.870715 (avg=7.864175), loss=0.000001 (avg=0.000031), pairs_step=256, pairs_total=5120
[2026-02-28 16:07:33,084] INFO:fitness.free_loss_fidelity: RL4CO free-loss step 40/200: score=7.937943 (avg=7.884315), loss=0.000001 (avg=0.000016), pairs_step=256, pairs_total=10240
[2026-02-28 16:07:33,084] INFO:fitness.free_loss_fidelity: RL4CO free-loss step 40/200: score=7.937943 (avg=7.884315), loss=0.000001 (avg=0.000016), pairs_step=256, pairs_total=10240
[2026-02-28 16:07:39,115] INFO:fitness.free_loss_fidelity: RL4CO free-loss step 60/200: score=7.935362 (avg=7.892927), loss=0.000002 (avg=0.000011), pairs_step=256, pairs_total=15360
[2026-02-28 16:07:39,115] INFO:fitness.free_loss_fidelity: RL4CO free-loss step 60/200: score=7.935362 (avg=7.892927), loss=0.000002 (avg=0.000011), pairs_step=256, pairs_total=15360
[2026-02-28 16:07:45,159] INFO:fitness.free_loss_fidelity: RL4CO free-loss step 80/200: score=7.910185 (avg=7.898971), loss=0.000001 (avg=0.000008), pairs_step=256, pairs_total=20480
[2026-02-28 16:07:45,159] INFO:fitness.free_loss_fidelity: RL4CO free-loss step 80/200: score=7.910185 (avg=7.898971), loss=0.000001 (avg=0.000008), pairs_step=256, pairs_total=20480
[2026-02-28 16:07:51,277] INFO:fitness.free_loss_fidelity: RL4CO free-loss step 100/200: score=7.876074 (avg=7.903533), loss=0.000004 (avg=0.000007), pairs_step=256, pairs_total=25600
[2026-02-28 16:07:51,277] INFO:fitness.free_loss_fidelity: RL4CO free-loss step 100/200: score=7.876074 (avg=7.903533), loss=0.000004 (avg=0.000007), pairs_step=256, pairs_total=25600
[2026-02-28 16:07:57,354] INFO:fitness.free_loss_fidelity: RL4CO free-loss step 120/200: score=8.032422 (avg=7.911653), loss=0.000015 (avg=0.000019), pairs_step=256, pairs_total=30720
[2026-02-28 16:07:57,354] INFO:fitness.free_loss_fidelity: RL4CO free-loss step 120/200: score=8.032422 (avg=7.911653), loss=0.000015 (avg=0.000019), pairs_step=256, pairs_total=30720
[2026-02-28 16:08:03,484] INFO:fitness.free_loss_fidelity: RL4CO free-loss step 140/200: score=8.683230 (avg=7.981484), loss=0.000129 (avg=0.000037), pairs_step=256, pairs_total=35840
[2026-02-28 16:08:03,484] INFO:fitness.free_loss_fidelity: RL4CO free-loss step 140/200: score=8.683230 (avg=7.981484), loss=0.000129 (avg=0.000037), pairs_step=256, pairs_total=35840
[2026-02-28 16:08:09,890] INFO:fitness.free_loss_fidelity: RL4CO free-loss step 160/200: score=9.923229 (avg=8.134024), loss=0.000698 (avg=0.000159), pairs_step=256, pairs_total=40960
[2026-02-28 16:08:09,890] INFO:fitness.free_loss_fidelity: RL4CO free-loss step 160/200: score=9.923229 (avg=8.134024), loss=0.000698 (avg=0.000159), pairs_step=256, pairs_total=40960
[2026-02-28 16:08:15,991] INFO:fitness.free_loss_fidelity: RL4CO free-loss step 180/200: score=10.263736 (avg=8.340774), loss=0.006405 (avg=0.000373), pairs_step=256, pairs_total=46080
[2026-02-28 16:08:15,991] INFO:fitness.free_loss_fidelity: RL4CO free-loss step 180/200: score=10.263736 (avg=8.340774), loss=0.006405 (avg=0.000373), pairs_step=256, pairs_total=46080
[2026-02-28 16:08:22,081] INFO:fitness.free_loss_fidelity: RL4CO free-loss step 200/200: score=10.177946 (avg=8.551342), loss=0.012634 (avg=0.001255), pairs_step=256, pairs_total=51200
[2026-02-28 16:08:22,081] INFO:fitness.free_loss_fidelity: RL4CO free-loss step 200/200: score=10.177946 (avg=8.551342), loss=0.012634 (avg=0.001255), pairs_step=256, pairs_total=51200
