[2026-02-28 15:08:23,430] INFO:fitness.free_loss_fidelity: Stage3 offline mini-train start gen=8 pair_index=5 K=200 seed=12345 valid_sizes=[20, 100] baseline_json=baseline/mini_eval/baseline_minitrain_tsp100_K200.json
[2026-02-28 15:08:23,430] INFO:fitness.free_loss_fidelity: Stage3 offline mini-train start gen=8 pair_index=5 K=200 seed=12345 valid_sizes=[20, 100] baseline_json=baseline/mini_eval/baseline_minitrain_tsp100_K200.json
[2026-02-28 15:08:23,454] INFO:fitness.free_loss_fidelity: RL4CO free-loss (step-mode): f1_steps=200, f2_steps=0, total_steps=200, train_problem_size=100, rollouts=20, batch_size=64, device=cuda:0, env=tsp
[2026-02-28 15:08:23,454] INFO:fitness.free_loss_fidelity: RL4CO free-loss (step-mode): f1_steps=200, f2_steps=0, total_steps=200, train_problem_size=100, rollouts=20, batch_size=64, device=cuda:0, env=tsp
[2026-02-28 15:08:23,775] INFO:fitness.free_loss_fidelity: RL4CO free-loss step 1/200: score=36.626595 (avg=36.626595), loss=0.847253 (avg=0.847253), pairs_step=12160, pairs_total=12160
[2026-02-28 15:08:23,775] INFO:fitness.free_loss_fidelity: RL4CO free-loss step 1/200: score=36.626595 (avg=36.626595), loss=0.847253 (avg=0.847253), pairs_step=12160, pairs_total=12160
[2026-02-28 15:08:28,956] INFO:fitness.free_loss_fidelity: RL4CO free-loss step 20/200: score=10.375166 (avg=13.380933), loss=0.607566 (avg=0.633654), pairs_step=12160, pairs_total=243200
[2026-02-28 15:08:28,956] INFO:fitness.free_loss_fidelity: RL4CO free-loss step 20/200: score=10.375166 (avg=13.380933), loss=0.607566 (avg=0.633654), pairs_step=12160, pairs_total=243200
[2026-02-28 15:08:34,351] INFO:fitness.free_loss_fidelity: RL4CO free-loss step 40/200: score=9.969667 (avg=11.688445), loss=0.597261 (avg=0.618488), pairs_step=12160, pairs_total=486400
[2026-02-28 15:08:34,351] INFO:fitness.free_loss_fidelity: RL4CO free-loss step 40/200: score=9.969667 (avg=11.688445), loss=0.597261 (avg=0.618488), pairs_step=12160, pairs_total=486400
[2026-02-28 15:08:39,772] INFO:fitness.free_loss_fidelity: RL4CO free-loss step 60/200: score=9.719758 (avg=11.042233), loss=0.575298 (avg=0.611621), pairs_step=12160, pairs_total=729600
[2026-02-28 15:08:39,772] INFO:fitness.free_loss_fidelity: RL4CO free-loss step 60/200: score=9.719758 (avg=11.042233), loss=0.575298 (avg=0.611621), pairs_step=12160, pairs_total=729600
[2026-02-28 15:08:45,165] INFO:fitness.free_loss_fidelity: RL4CO free-loss step 80/200: score=9.459899 (avg=10.673937), loss=0.580948 (avg=0.608159), pairs_step=12160, pairs_total=972799
[2026-02-28 15:08:45,165] INFO:fitness.free_loss_fidelity: RL4CO free-loss step 80/200: score=9.459899 (avg=10.673937), loss=0.580948 (avg=0.608159), pairs_step=12160, pairs_total=972799
[2026-02-28 15:08:50,647] INFO:fitness.free_loss_fidelity: RL4CO free-loss step 100/200: score=9.435387 (avg=10.426739), loss=0.572851 (avg=0.605521), pairs_step=12160, pairs_total=1215999
[2026-02-28 15:08:50,647] INFO:fitness.free_loss_fidelity: RL4CO free-loss step 100/200: score=9.435387 (avg=10.426739), loss=0.572851 (avg=0.605521), pairs_step=12160, pairs_total=1215999
[2026-02-28 15:08:56,090] INFO:fitness.free_loss_fidelity: RL4CO free-loss step 120/200: score=9.285058 (avg=10.252251), loss=0.603971 (avg=0.602656), pairs_step=12160, pairs_total=1459199
[2026-02-28 15:08:56,090] INFO:fitness.free_loss_fidelity: RL4CO free-loss step 120/200: score=9.285058 (avg=10.252251), loss=0.603971 (avg=0.602656), pairs_step=12160, pairs_total=1459199
[2026-02-28 15:09:01,538] INFO:fitness.free_loss_fidelity: RL4CO free-loss step 140/200: score=9.325029 (avg=10.121549), loss=0.592623 (avg=0.600552), pairs_step=12160, pairs_total=1702399
[2026-02-28 15:09:01,538] INFO:fitness.free_loss_fidelity: RL4CO free-loss step 140/200: score=9.325029 (avg=10.121549), loss=0.592623 (avg=0.600552), pairs_step=12160, pairs_total=1702399
[2026-02-28 15:09:06,995] INFO:fitness.free_loss_fidelity: RL4CO free-loss step 160/200: score=9.245762 (avg=10.015975), loss=0.585957 (avg=0.599084), pairs_step=12160, pairs_total=1945599
[2026-02-28 15:09:06,995] INFO:fitness.free_loss_fidelity: RL4CO free-loss step 160/200: score=9.245762 (avg=10.015975), loss=0.585957 (avg=0.599084), pairs_step=12160, pairs_total=1945599
[2026-02-28 15:09:12,459] INFO:fitness.free_loss_fidelity: RL4CO free-loss step 180/200: score=9.188546 (avg=9.921842), loss=0.590774 (avg=0.598450), pairs_step=12160, pairs_total=2188799
[2026-02-28 15:09:12,459] INFO:fitness.free_loss_fidelity: RL4CO free-loss step 180/200: score=9.188546 (avg=9.921842), loss=0.590774 (avg=0.598450), pairs_step=12160, pairs_total=2188799
[2026-02-28 15:09:17,921] INFO:fitness.free_loss_fidelity: RL4CO free-loss step 200/200: score=9.234428 (avg=9.842631), loss=0.591144 (avg=0.598224), pairs_step=12160, pairs_total=2431999
[2026-02-28 15:09:17,921] INFO:fitness.free_loss_fidelity: RL4CO free-loss step 200/200: score=9.234428 (avg=9.842631), loss=0.591144 (avg=0.598224), pairs_step=12160, pairs_total=2431999
[2026-02-28 15:09:19,149] WARNING:fitness.free_loss_fidelity: weights_only checkpoint load failed (UnpicklingError); retrying weights_only=False for /data1/gushengda/eam-rl4co/baseline/epoch_135.ckpt
[2026-02-28 15:09:19,149] WARNING:fitness.free_loss_fidelity: weights_only checkpoint load failed (UnpicklingError); retrying weights_only=False for /data1/gushengda/eam-rl4co/baseline/epoch_135.ckpt
[2026-02-28 15:09:19,186] INFO:fitness.free_loss_fidelity: Loaded init checkpoint into policy: path=/data1/gushengda/eam-rl4co/baseline/epoch_135.ckpt prefix=policy. matched=97 missing=0 unexpected=0
[2026-02-28 15:09:19,186] INFO:fitness.free_loss_fidelity: Loaded init checkpoint into policy: path=/data1/gushengda/eam-rl4co/baseline/epoch_135.ckpt prefix=policy. matched=97 missing=0 unexpected=0
[2026-02-28 15:09:19,191] INFO:fitness.free_loss_fidelity: RL4CO free-loss (step-mode): f1_steps=200, f2_steps=0, total_steps=200, train_problem_size=100, rollouts=20, batch_size=64, device=cuda:0, env=tsp
[2026-02-28 15:09:19,191] INFO:fitness.free_loss_fidelity: RL4CO free-loss (step-mode): f1_steps=200, f2_steps=0, total_steps=200, train_problem_size=100, rollouts=20, batch_size=64, device=cuda:0, env=tsp
[2026-02-28 15:09:19,492] INFO:fitness.free_loss_fidelity: RL4CO free-loss step 1/200: score=7.825121 (avg=7.825121), loss=0.673493 (avg=0.673493), pairs_step=12151, pairs_total=12151
[2026-02-28 15:09:19,492] INFO:fitness.free_loss_fidelity: RL4CO free-loss step 1/200: score=7.825121 (avg=7.825121), loss=0.673493 (avg=0.673493), pairs_step=12151, pairs_total=12151
[2026-02-28 15:09:24,685] INFO:fitness.free_loss_fidelity: RL4CO free-loss step 20/200: score=7.813805 (avg=7.841895), loss=0.669226 (avg=0.668747), pairs_step=12154, pairs_total=243042
[2026-02-28 15:09:24,685] INFO:fitness.free_loss_fidelity: RL4CO free-loss step 20/200: score=7.813805 (avg=7.841895), loss=0.669226 (avg=0.668747), pairs_step=12154, pairs_total=243042
[2026-02-28 15:09:30,128] INFO:fitness.free_loss_fidelity: RL4CO free-loss step 40/200: score=7.858089 (avg=7.837458), loss=0.673121 (avg=0.667786), pairs_step=12156, pairs_total=486090
[2026-02-28 15:09:30,128] INFO:fitness.free_loss_fidelity: RL4CO free-loss step 40/200: score=7.858089 (avg=7.837458), loss=0.673121 (avg=0.667786), pairs_step=12156, pairs_total=486090
[2026-02-28 15:09:35,593] INFO:fitness.free_loss_fidelity: RL4CO free-loss step 60/200: score=7.848676 (avg=7.835120), loss=0.662862 (avg=0.667783), pairs_step=12149, pairs_total=729159
[2026-02-28 15:09:35,593] INFO:fitness.free_loss_fidelity: RL4CO free-loss step 60/200: score=7.848676 (avg=7.835120), loss=0.662862 (avg=0.667783), pairs_step=12149, pairs_total=729159
[2026-02-28 15:09:41,032] INFO:fitness.free_loss_fidelity: RL4CO free-loss step 80/200: score=7.842727 (avg=7.834648), loss=0.669003 (avg=0.668020), pairs_step=12154, pairs_total=972253
[2026-02-28 15:09:41,032] INFO:fitness.free_loss_fidelity: RL4CO free-loss step 80/200: score=7.842727 (avg=7.834648), loss=0.669003 (avg=0.668020), pairs_step=12154, pairs_total=972253
[2026-02-28 15:09:46,473] INFO:fitness.free_loss_fidelity: RL4CO free-loss step 100/200: score=7.787648 (avg=7.835675), loss=0.673736 (avg=0.668066), pairs_step=12151, pairs_total=1215361
[2026-02-28 15:09:46,473] INFO:fitness.free_loss_fidelity: RL4CO free-loss step 100/200: score=7.787648 (avg=7.835675), loss=0.673736 (avg=0.668066), pairs_step=12151, pairs_total=1215361
[2026-02-28 15:09:52,215] INFO:fitness.free_loss_fidelity: RL4CO free-loss step 120/200: score=7.810700 (avg=7.837513), loss=0.673163 (avg=0.668374), pairs_step=12155, pairs_total=1458435
[2026-02-28 15:09:52,215] INFO:fitness.free_loss_fidelity: RL4CO free-loss step 120/200: score=7.810700 (avg=7.837513), loss=0.673163 (avg=0.668374), pairs_step=12155, pairs_total=1458435
[2026-02-28 15:09:57,815] INFO:fitness.free_loss_fidelity: RL4CO free-loss step 140/200: score=7.869010 (avg=7.838755), loss=0.669542 (avg=0.668709), pairs_step=12152, pairs_total=1701496
[2026-02-28 15:09:57,815] INFO:fitness.free_loss_fidelity: RL4CO free-loss step 140/200: score=7.869010 (avg=7.838755), loss=0.669542 (avg=0.668709), pairs_step=12152, pairs_total=1701496
[2026-02-28 15:10:03,424] INFO:fitness.free_loss_fidelity: RL4CO free-loss step 160/200: score=7.823651 (avg=7.838269), loss=0.671645 (avg=0.668722), pairs_step=12152, pairs_total=1944585
[2026-02-28 15:10:03,424] INFO:fitness.free_loss_fidelity: RL4CO free-loss step 160/200: score=7.823651 (avg=7.838269), loss=0.671645 (avg=0.668722), pairs_step=12152, pairs_total=1944585
[2026-02-28 15:10:09,092] INFO:fitness.free_loss_fidelity: RL4CO free-loss step 180/200: score=7.822784 (avg=7.836946), loss=0.669621 (avg=0.668933), pairs_step=12157, pairs_total=2187687
[2026-02-28 15:10:09,092] INFO:fitness.free_loss_fidelity: RL4CO free-loss step 180/200: score=7.822784 (avg=7.836946), loss=0.669621 (avg=0.668933), pairs_step=12157, pairs_total=2187687
[2026-02-28 15:10:14,751] INFO:fitness.free_loss_fidelity: RL4CO free-loss step 200/200: score=7.841307 (avg=7.835788), loss=0.668053 (avg=0.669222), pairs_step=12156, pairs_total=2430768
[2026-02-28 15:10:14,751] INFO:fitness.free_loss_fidelity: RL4CO free-loss step 200/200: score=7.841307 (avg=7.835788), loss=0.668053 (avg=0.669222), pairs_step=12156, pairs_total=2430768
[2026-02-28 15:10:16,016] WARNING:fitness.free_loss_fidelity: weights_only checkpoint load failed (UnpicklingError); retrying weights_only=False for /data1/gushengda/eam-rl4co/baseline/epoch_409.ckpt
[2026-02-28 15:10:16,016] WARNING:fitness.free_loss_fidelity: weights_only checkpoint load failed (UnpicklingError); retrying weights_only=False for /data1/gushengda/eam-rl4co/baseline/epoch_409.ckpt
[2026-02-28 15:10:16,052] INFO:fitness.free_loss_fidelity: Loaded init checkpoint into policy: path=/data1/gushengda/eam-rl4co/baseline/epoch_409.ckpt prefix=policy. matched=97 missing=0 unexpected=0
[2026-02-28 15:10:16,052] INFO:fitness.free_loss_fidelity: Loaded init checkpoint into policy: path=/data1/gushengda/eam-rl4co/baseline/epoch_409.ckpt prefix=policy. matched=97 missing=0 unexpected=0
[2026-02-28 15:10:16,057] INFO:fitness.free_loss_fidelity: RL4CO free-loss (step-mode): f1_steps=200, f2_steps=0, total_steps=200, train_problem_size=100, rollouts=20, batch_size=64, device=cuda:0, env=tsp
[2026-02-28 15:10:16,057] INFO:fitness.free_loss_fidelity: RL4CO free-loss (step-mode): f1_steps=200, f2_steps=0, total_steps=200, train_problem_size=100, rollouts=20, batch_size=64, device=cuda:0, env=tsp
[2026-02-28 15:10:16,347] INFO:fitness.free_loss_fidelity: RL4CO free-loss step 1/200: score=7.826895 (avg=7.826895), loss=0.215414 (avg=0.215414), pairs_step=12149, pairs_total=12149
[2026-02-28 15:10:16,347] INFO:fitness.free_loss_fidelity: RL4CO free-loss step 1/200: score=7.826895 (avg=7.826895), loss=0.215414 (avg=0.215414), pairs_step=12149, pairs_total=12149
[2026-02-28 15:10:21,739] INFO:fitness.free_loss_fidelity: RL4CO free-loss step 20/200: score=7.822978 (avg=7.839329), loss=0.204503 (avg=0.203009), pairs_step=12155, pairs_total=243056
[2026-02-28 15:10:21,739] INFO:fitness.free_loss_fidelity: RL4CO free-loss step 20/200: score=7.822978 (avg=7.839329), loss=0.204503 (avg=0.203009), pairs_step=12155, pairs_total=243056
[2026-02-28 15:10:27,198] INFO:fitness.free_loss_fidelity: RL4CO free-loss step 40/200: score=7.858399 (avg=7.838635), loss=0.206406 (avg=0.204959), pairs_step=12158, pairs_total=486137
[2026-02-28 15:10:27,198] INFO:fitness.free_loss_fidelity: RL4CO free-loss step 40/200: score=7.858399 (avg=7.838635), loss=0.206406 (avg=0.204959), pairs_step=12158, pairs_total=486137
[2026-02-28 15:10:32,651] INFO:fitness.free_loss_fidelity: RL4CO free-loss step 60/200: score=7.839516 (avg=7.835253), loss=0.209968 (avg=0.204745), pairs_step=12152, pairs_total=729218
[2026-02-28 15:10:32,651] INFO:fitness.free_loss_fidelity: RL4CO free-loss step 60/200: score=7.839516 (avg=7.835253), loss=0.209968 (avg=0.204745), pairs_step=12152, pairs_total=729218
[2026-02-28 15:10:38,111] INFO:fitness.free_loss_fidelity: RL4CO free-loss step 80/200: score=7.828142 (avg=7.833435), loss=0.196255 (avg=0.202922), pairs_step=12153, pairs_total=972308
[2026-02-28 15:10:38,111] INFO:fitness.free_loss_fidelity: RL4CO free-loss step 80/200: score=7.828142 (avg=7.833435), loss=0.196255 (avg=0.202922), pairs_step=12153, pairs_total=972308
[2026-02-28 15:10:43,555] INFO:fitness.free_loss_fidelity: RL4CO free-loss step 100/200: score=7.790977 (avg=7.833615), loss=0.209180 (avg=0.200973), pairs_step=12156, pairs_total=1215388
[2026-02-28 15:10:43,555] INFO:fitness.free_loss_fidelity: RL4CO free-loss step 100/200: score=7.790977 (avg=7.833615), loss=0.209180 (avg=0.200973), pairs_step=12156, pairs_total=1215388
[2026-02-28 15:10:49,002] INFO:fitness.free_loss_fidelity: RL4CO free-loss step 120/200: score=7.809054 (avg=7.834935), loss=0.185451 (avg=0.198376), pairs_step=12155, pairs_total=1458478
[2026-02-28 15:10:49,002] INFO:fitness.free_loss_fidelity: RL4CO free-loss step 120/200: score=7.809054 (avg=7.834935), loss=0.185451 (avg=0.198376), pairs_step=12155, pairs_total=1458478
[2026-02-28 15:10:54,455] INFO:fitness.free_loss_fidelity: RL4CO free-loss step 140/200: score=7.859743 (avg=7.836307), loss=0.182017 (avg=0.196892), pairs_step=12146, pairs_total=1701528
[2026-02-28 15:10:54,455] INFO:fitness.free_loss_fidelity: RL4CO free-loss step 140/200: score=7.859743 (avg=7.836307), loss=0.182017 (avg=0.196892), pairs_step=12146, pairs_total=1701528
[2026-02-28 15:10:59,910] INFO:fitness.free_loss_fidelity: RL4CO free-loss step 160/200: score=7.833846 (avg=7.836164), loss=0.210684 (avg=0.196937), pairs_step=12156, pairs_total=1944595
[2026-02-28 15:10:59,910] INFO:fitness.free_loss_fidelity: RL4CO free-loss step 160/200: score=7.833846 (avg=7.836164), loss=0.210684 (avg=0.196937), pairs_step=12156, pairs_total=1944595
[2026-02-28 15:11:05,351] INFO:fitness.free_loss_fidelity: RL4CO free-loss step 180/200: score=7.820395 (avg=7.835324), loss=0.205598 (avg=0.197600), pairs_step=12159, pairs_total=2187695
[2026-02-28 15:11:05,351] INFO:fitness.free_loss_fidelity: RL4CO free-loss step 180/200: score=7.820395 (avg=7.835324), loss=0.205598 (avg=0.197600), pairs_step=12159, pairs_total=2187695
[2026-02-28 15:11:10,834] INFO:fitness.free_loss_fidelity: RL4CO free-loss step 200/200: score=7.849741 (avg=7.834500), loss=0.194921 (avg=0.198220), pairs_step=12158, pairs_total=2430804
[2026-02-28 15:11:10,834] INFO:fitness.free_loss_fidelity: RL4CO free-loss step 200/200: score=7.849741 (avg=7.834500), loss=0.194921 (avg=0.198220), pairs_step=12158, pairs_total=2430804
