[2026-02-28 16:08:12,806] INFO:fitness.free_loss_fidelity: Stage3 offline mini-train start gen=10 pair_index=4 K=200 seed=12345 valid_sizes=[20, 100] baseline_json=baseline/mini_eval/baseline_minitrain_tsp100_K200.json
[2026-02-28 16:08:12,806] INFO:fitness.free_loss_fidelity: Stage3 offline mini-train start gen=10 pair_index=4 K=200 seed=12345 valid_sizes=[20, 100] baseline_json=baseline/mini_eval/baseline_minitrain_tsp100_K200.json
[2026-02-28 16:08:12,828] INFO:fitness.free_loss_fidelity: RL4CO free-loss (step-mode): f1_steps=200, f2_steps=0, total_steps=200, train_problem_size=100, rollouts=20, batch_size=64, device=cuda:1, env=tsp
[2026-02-28 16:08:12,828] INFO:fitness.free_loss_fidelity: RL4CO free-loss (step-mode): f1_steps=200, f2_steps=0, total_steps=200, train_problem_size=100, rollouts=20, batch_size=64, device=cuda:1, env=tsp
[2026-02-28 16:08:13,116] INFO:fitness.free_loss_fidelity: RL4CO free-loss step 1/200: score=36.626595 (avg=36.626595), loss=0.806662 (avg=0.806662), pairs_step=1216, pairs_total=1216
[2026-02-28 16:08:13,116] INFO:fitness.free_loss_fidelity: RL4CO free-loss step 1/200: score=36.626595 (avg=36.626595), loss=0.806662 (avg=0.806662), pairs_step=1216, pairs_total=1216
[2026-02-28 16:08:18,548] INFO:fitness.free_loss_fidelity: RL4CO free-loss step 20/200: score=10.732840 (avg=13.635029), loss=0.519677 (avg=0.543717), pairs_step=1216, pairs_total=24320
[2026-02-28 16:08:18,548] INFO:fitness.free_loss_fidelity: RL4CO free-loss step 20/200: score=10.732840 (avg=13.635029), loss=0.519677 (avg=0.543717), pairs_step=1216, pairs_total=24320
[2026-02-28 16:08:24,284] INFO:fitness.free_loss_fidelity: RL4CO free-loss step 40/200: score=10.357452 (avg=12.133854), loss=0.430933 (avg=0.504197), pairs_step=1216, pairs_total=48640
[2026-02-28 16:08:24,284] INFO:fitness.free_loss_fidelity: RL4CO free-loss step 40/200: score=10.357452 (avg=12.133854), loss=0.430933 (avg=0.504197), pairs_step=1216, pairs_total=48640
[2026-02-28 16:08:30,001] INFO:fitness.free_loss_fidelity: RL4CO free-loss step 60/200: score=10.287623 (avg=11.502620), loss=0.519983 (avg=0.499582), pairs_step=1216, pairs_total=72960
[2026-02-28 16:08:30,001] INFO:fitness.free_loss_fidelity: RL4CO free-loss step 60/200: score=10.287623 (avg=11.502620), loss=0.519983 (avg=0.499582), pairs_step=1216, pairs_total=72960
[2026-02-28 16:08:35,721] INFO:fitness.free_loss_fidelity: RL4CO free-loss step 80/200: score=9.726688 (avg=11.113046), loss=0.422269 (avg=0.494197), pairs_step=1216, pairs_total=97280
[2026-02-28 16:08:35,721] INFO:fitness.free_loss_fidelity: RL4CO free-loss step 80/200: score=9.726688 (avg=11.113046), loss=0.422269 (avg=0.494197), pairs_step=1216, pairs_total=97280
[2026-02-28 16:08:41,433] INFO:fitness.free_loss_fidelity: RL4CO free-loss step 100/200: score=9.725403 (avg=10.865237), loss=0.425598 (avg=0.482655), pairs_step=1216, pairs_total=121600
[2026-02-28 16:08:41,433] INFO:fitness.free_loss_fidelity: RL4CO free-loss step 100/200: score=9.725403 (avg=10.865237), loss=0.425598 (avg=0.482655), pairs_step=1216, pairs_total=121600
[2026-02-28 16:08:47,155] INFO:fitness.free_loss_fidelity: RL4CO free-loss step 120/200: score=9.860514 (avg=10.691729), loss=0.388470 (avg=0.475869), pairs_step=1216, pairs_total=145920
[2026-02-28 16:08:47,155] INFO:fitness.free_loss_fidelity: RL4CO free-loss step 120/200: score=9.860514 (avg=10.691729), loss=0.388470 (avg=0.475869), pairs_step=1216, pairs_total=145920
[2026-02-28 16:08:52,896] INFO:fitness.free_loss_fidelity: RL4CO free-loss step 140/200: score=9.510048 (avg=10.555319), loss=0.539569 (avg=0.475115), pairs_step=1216, pairs_total=170240
[2026-02-28 16:08:52,896] INFO:fitness.free_loss_fidelity: RL4CO free-loss step 140/200: score=9.510048 (avg=10.555319), loss=0.539569 (avg=0.475115), pairs_step=1216, pairs_total=170240
[2026-02-28 16:08:58,610] INFO:fitness.free_loss_fidelity: RL4CO free-loss step 160/200: score=9.488477 (avg=10.431248), loss=0.422830 (avg=0.472549), pairs_step=1216, pairs_total=194560
[2026-02-28 16:08:58,610] INFO:fitness.free_loss_fidelity: RL4CO free-loss step 160/200: score=9.488477 (avg=10.431248), loss=0.422830 (avg=0.472549), pairs_step=1216, pairs_total=194560
[2026-02-28 16:09:04,325] INFO:fitness.free_loss_fidelity: RL4CO free-loss step 180/200: score=9.425003 (avg=10.323189), loss=0.415707 (avg=0.469028), pairs_step=1216, pairs_total=218880
[2026-02-28 16:09:04,325] INFO:fitness.free_loss_fidelity: RL4CO free-loss step 180/200: score=9.425003 (avg=10.323189), loss=0.415707 (avg=0.469028), pairs_step=1216, pairs_total=218880
[2026-02-28 16:09:10,037] INFO:fitness.free_loss_fidelity: RL4CO free-loss step 200/200: score=9.487888 (avg=10.248663), loss=0.398738 (avg=0.466226), pairs_step=1216, pairs_total=243200
[2026-02-28 16:09:10,037] INFO:fitness.free_loss_fidelity: RL4CO free-loss step 200/200: score=9.487888 (avg=10.248663), loss=0.398738 (avg=0.466226), pairs_step=1216, pairs_total=243200
[2026-02-28 16:09:11,331] WARNING:fitness.free_loss_fidelity: weights_only checkpoint load failed (UnpicklingError); retrying weights_only=False for /data1/gushengda/eam-rl4co/baseline/epoch_135.ckpt
[2026-02-28 16:09:11,331] WARNING:fitness.free_loss_fidelity: weights_only checkpoint load failed (UnpicklingError); retrying weights_only=False for /data1/gushengda/eam-rl4co/baseline/epoch_135.ckpt
[2026-02-28 16:09:11,373] INFO:fitness.free_loss_fidelity: Loaded init checkpoint into policy: path=/data1/gushengda/eam-rl4co/baseline/epoch_135.ckpt prefix=policy. matched=97 missing=0 unexpected=0
[2026-02-28 16:09:11,373] INFO:fitness.free_loss_fidelity: Loaded init checkpoint into policy: path=/data1/gushengda/eam-rl4co/baseline/epoch_135.ckpt prefix=policy. matched=97 missing=0 unexpected=0
[2026-02-28 16:09:11,378] INFO:fitness.free_loss_fidelity: RL4CO free-loss (step-mode): f1_steps=200, f2_steps=0, total_steps=200, train_problem_size=100, rollouts=20, batch_size=64, device=cuda:1, env=tsp
[2026-02-28 16:09:11,378] INFO:fitness.free_loss_fidelity: RL4CO free-loss (step-mode): f1_steps=200, f2_steps=0, total_steps=200, train_problem_size=100, rollouts=20, batch_size=64, device=cuda:1, env=tsp
[2026-02-28 16:09:11,709] INFO:fitness.free_loss_fidelity: RL4CO free-loss step 1/200: score=7.825121 (avg=7.825121), loss=0.656665 (avg=0.656665), pairs_step=1215, pairs_total=1215
[2026-02-28 16:09:11,709] INFO:fitness.free_loss_fidelity: RL4CO free-loss step 1/200: score=7.825121 (avg=7.825121), loss=0.656665 (avg=0.656665), pairs_step=1215, pairs_total=1215
[2026-02-28 16:09:17,152] INFO:fitness.free_loss_fidelity: RL4CO free-loss step 20/200: score=7.834044 (avg=7.853713), loss=0.638141 (avg=0.651240), pairs_step=1215, pairs_total=24300
[2026-02-28 16:09:17,152] INFO:fitness.free_loss_fidelity: RL4CO free-loss step 20/200: score=7.834044 (avg=7.853713), loss=0.638141 (avg=0.651240), pairs_step=1215, pairs_total=24300
[2026-02-28 16:09:22,871] INFO:fitness.free_loss_fidelity: RL4CO free-loss step 40/200: score=7.870399 (avg=7.854947), loss=0.640798 (avg=0.648612), pairs_step=1216, pairs_total=48603
[2026-02-28 16:09:22,871] INFO:fitness.free_loss_fidelity: RL4CO free-loss step 40/200: score=7.870399 (avg=7.854947), loss=0.640798 (avg=0.648612), pairs_step=1216, pairs_total=48603
[2026-02-28 16:09:28,603] INFO:fitness.free_loss_fidelity: RL4CO free-loss step 60/200: score=7.865849 (avg=7.856221), loss=0.650952 (avg=0.647078), pairs_step=1216, pairs_total=72914
[2026-02-28 16:09:28,603] INFO:fitness.free_loss_fidelity: RL4CO free-loss step 60/200: score=7.865849 (avg=7.856221), loss=0.650952 (avg=0.647078), pairs_step=1216, pairs_total=72914
[2026-02-28 16:09:34,321] INFO:fitness.free_loss_fidelity: RL4CO free-loss step 80/200: score=7.858427 (avg=7.855304), loss=0.639245 (avg=0.647166), pairs_step=1215, pairs_total=97228
[2026-02-28 16:09:34,321] INFO:fitness.free_loss_fidelity: RL4CO free-loss step 80/200: score=7.858427 (avg=7.855304), loss=0.639245 (avg=0.647166), pairs_step=1215, pairs_total=97228
[2026-02-28 16:09:40,078] INFO:fitness.free_loss_fidelity: RL4CO free-loss step 100/200: score=7.824278 (avg=7.857071), loss=0.667437 (avg=0.647231), pairs_step=1216, pairs_total=121538
[2026-02-28 16:09:40,078] INFO:fitness.free_loss_fidelity: RL4CO free-loss step 100/200: score=7.824278 (avg=7.857071), loss=0.667437 (avg=0.647231), pairs_step=1216, pairs_total=121538
[2026-02-28 16:09:45,800] INFO:fitness.free_loss_fidelity: RL4CO free-loss step 120/200: score=7.831230 (avg=7.859835), loss=0.662970 (avg=0.646961), pairs_step=1215, pairs_total=145851
[2026-02-28 16:09:45,800] INFO:fitness.free_loss_fidelity: RL4CO free-loss step 120/200: score=7.831230 (avg=7.859835), loss=0.662970 (avg=0.646961), pairs_step=1215, pairs_total=145851
[2026-02-28 16:09:51,518] INFO:fitness.free_loss_fidelity: RL4CO free-loss step 140/200: score=7.899302 (avg=7.861925), loss=0.649630 (avg=0.647603), pairs_step=1216, pairs_total=170160
[2026-02-28 16:09:51,518] INFO:fitness.free_loss_fidelity: RL4CO free-loss step 140/200: score=7.899302 (avg=7.861925), loss=0.649630 (avg=0.647603), pairs_step=1216, pairs_total=170160
[2026-02-28 16:09:57,226] INFO:fitness.free_loss_fidelity: RL4CO free-loss step 160/200: score=7.865211 (avg=7.862376), loss=0.636529 (avg=0.647054), pairs_step=1216, pairs_total=194474
[2026-02-28 16:09:57,226] INFO:fitness.free_loss_fidelity: RL4CO free-loss step 160/200: score=7.865211 (avg=7.862376), loss=0.636529 (avg=0.647054), pairs_step=1216, pairs_total=194474
[2026-02-28 16:10:02,930] INFO:fitness.free_loss_fidelity: RL4CO free-loss step 180/200: score=7.860643 (avg=7.862357), loss=0.641799 (avg=0.646509), pairs_step=1216, pairs_total=218787
[2026-02-28 16:10:02,930] INFO:fitness.free_loss_fidelity: RL4CO free-loss step 180/200: score=7.860643 (avg=7.862357), loss=0.641799 (avg=0.646509), pairs_step=1216, pairs_total=218787
[2026-02-28 16:10:08,637] INFO:fitness.free_loss_fidelity: RL4CO free-loss step 200/200: score=7.884728 (avg=7.862059), loss=0.632990 (avg=0.645716), pairs_step=1215, pairs_total=243100
[2026-02-28 16:10:08,637] INFO:fitness.free_loss_fidelity: RL4CO free-loss step 200/200: score=7.884728 (avg=7.862059), loss=0.632990 (avg=0.645716), pairs_step=1215, pairs_total=243100
[2026-02-28 16:10:09,921] WARNING:fitness.free_loss_fidelity: weights_only checkpoint load failed (UnpicklingError); retrying weights_only=False for /data1/gushengda/eam-rl4co/baseline/epoch_409.ckpt
[2026-02-28 16:10:09,921] WARNING:fitness.free_loss_fidelity: weights_only checkpoint load failed (UnpicklingError); retrying weights_only=False for /data1/gushengda/eam-rl4co/baseline/epoch_409.ckpt
[2026-02-28 16:10:09,959] INFO:fitness.free_loss_fidelity: Loaded init checkpoint into policy: path=/data1/gushengda/eam-rl4co/baseline/epoch_409.ckpt prefix=policy. matched=97 missing=0 unexpected=0
[2026-02-28 16:10:09,959] INFO:fitness.free_loss_fidelity: Loaded init checkpoint into policy: path=/data1/gushengda/eam-rl4co/baseline/epoch_409.ckpt prefix=policy. matched=97 missing=0 unexpected=0
[2026-02-28 16:10:09,965] INFO:fitness.free_loss_fidelity: RL4CO free-loss (step-mode): f1_steps=200, f2_steps=0, total_steps=200, train_problem_size=100, rollouts=20, batch_size=64, device=cuda:1, env=tsp
[2026-02-28 16:10:09,965] INFO:fitness.free_loss_fidelity: RL4CO free-loss (step-mode): f1_steps=200, f2_steps=0, total_steps=200, train_problem_size=100, rollouts=20, batch_size=64, device=cuda:1, env=tsp
[2026-02-28 16:10:10,257] INFO:fitness.free_loss_fidelity: RL4CO free-loss step 1/200: score=7.826895 (avg=7.826895), loss=0.301216 (avg=0.301216), pairs_step=1212, pairs_total=1212
[2026-02-28 16:10:10,257] INFO:fitness.free_loss_fidelity: RL4CO free-loss step 1/200: score=7.826895 (avg=7.826895), loss=0.301216 (avg=0.301216), pairs_step=1212, pairs_total=1212
[2026-02-28 16:10:15,898] INFO:fitness.free_loss_fidelity: RL4CO free-loss step 20/200: score=7.819035 (avg=7.841808), loss=0.284389 (avg=0.289015), pairs_step=1216, pairs_total=24287
[2026-02-28 16:10:15,898] INFO:fitness.free_loss_fidelity: RL4CO free-loss step 20/200: score=7.819035 (avg=7.841808), loss=0.284389 (avg=0.289015), pairs_step=1216, pairs_total=24287
