[2026-02-28 16:08:40,372] INFO:fitness.free_loss_fidelity: Stage3 offline mini-train start gen=10 pair_index=7 K=200 seed=12345 valid_sizes=[20, 100] baseline_json=baseline/mini_eval/baseline_minitrain_tsp100_K200.json
[2026-02-28 16:08:40,372] INFO:fitness.free_loss_fidelity: Stage3 offline mini-train start gen=10 pair_index=7 K=200 seed=12345 valid_sizes=[20, 100] baseline_json=baseline/mini_eval/baseline_minitrain_tsp100_K200.json
[2026-02-28 16:08:40,393] INFO:fitness.free_loss_fidelity: RL4CO free-loss (step-mode): f1_steps=200, f2_steps=0, total_steps=200, train_problem_size=100, rollouts=20, batch_size=64, device=cuda:3, env=tsp
[2026-02-28 16:08:40,393] INFO:fitness.free_loss_fidelity: RL4CO free-loss (step-mode): f1_steps=200, f2_steps=0, total_steps=200, train_problem_size=100, rollouts=20, batch_size=64, device=cuda:3, env=tsp
[2026-02-28 16:08:40,779] INFO:fitness.free_loss_fidelity: RL4CO free-loss step 1/200: score=36.626595 (avg=36.626595), loss=0.746991 (avg=0.746991), pairs_step=256, pairs_total=256
[2026-02-28 16:08:40,779] INFO:fitness.free_loss_fidelity: RL4CO free-loss step 1/200: score=36.626595 (avg=36.626595), loss=0.746991 (avg=0.746991), pairs_step=256, pairs_total=256
[2026-02-28 16:08:46,970] INFO:fitness.free_loss_fidelity: RL4CO free-loss step 20/200: score=10.653437 (avg=13.506092), loss=0.519966 (avg=0.499486), pairs_step=256, pairs_total=5120
[2026-02-28 16:08:46,970] INFO:fitness.free_loss_fidelity: RL4CO free-loss step 20/200: score=10.653437 (avg=13.506092), loss=0.519966 (avg=0.499486), pairs_step=256, pairs_total=5120
[2026-02-28 16:08:53,480] INFO:fitness.free_loss_fidelity: RL4CO free-loss step 40/200: score=10.112066 (avg=11.937547), loss=0.485007 (avg=0.478080), pairs_step=256, pairs_total=10240
[2026-02-28 16:08:53,480] INFO:fitness.free_loss_fidelity: RL4CO free-loss step 40/200: score=10.112066 (avg=11.937547), loss=0.485007 (avg=0.478080), pairs_step=256, pairs_total=10240
[2026-02-28 16:08:59,989] INFO:fitness.free_loss_fidelity: RL4CO free-loss step 60/200: score=9.843625 (avg=11.263755), loss=0.443464 (avg=0.480921), pairs_step=256, pairs_total=15360
[2026-02-28 16:08:59,989] INFO:fitness.free_loss_fidelity: RL4CO free-loss step 60/200: score=9.843625 (avg=11.263755), loss=0.443464 (avg=0.480921), pairs_step=256, pairs_total=15360
[2026-02-28 16:09:06,489] INFO:fitness.free_loss_fidelity: RL4CO free-loss step 80/200: score=9.654394 (avg=10.886765), loss=0.434167 (avg=0.469638), pairs_step=256, pairs_total=20480
[2026-02-28 16:09:06,489] INFO:fitness.free_loss_fidelity: RL4CO free-loss step 80/200: score=9.654394 (avg=10.886765), loss=0.434167 (avg=0.469638), pairs_step=256, pairs_total=20480
[2026-02-28 16:09:13,007] INFO:fitness.free_loss_fidelity: RL4CO free-loss step 100/200: score=9.504734 (avg=10.622227), loss=0.481847 (avg=0.466036), pairs_step=256, pairs_total=25600
[2026-02-28 16:09:13,007] INFO:fitness.free_loss_fidelity: RL4CO free-loss step 100/200: score=9.504734 (avg=10.622227), loss=0.481847 (avg=0.466036), pairs_step=256, pairs_total=25600
[2026-02-28 16:09:19,529] INFO:fitness.free_loss_fidelity: RL4CO free-loss step 120/200: score=9.310290 (avg=10.436604), loss=0.431032 (avg=0.464158), pairs_step=256, pairs_total=30720
[2026-02-28 16:09:19,529] INFO:fitness.free_loss_fidelity: RL4CO free-loss step 120/200: score=9.310290 (avg=10.436604), loss=0.431032 (avg=0.464158), pairs_step=256, pairs_total=30720
[2026-02-28 16:09:26,044] INFO:fitness.free_loss_fidelity: RL4CO free-loss step 140/200: score=9.339420 (avg=10.297274), loss=0.547687 (avg=0.460462), pairs_step=256, pairs_total=35840
[2026-02-28 16:09:26,044] INFO:fitness.free_loss_fidelity: RL4CO free-loss step 140/200: score=9.339420 (avg=10.297274), loss=0.547687 (avg=0.460462), pairs_step=256, pairs_total=35840
[2026-02-28 16:09:32,552] INFO:fitness.free_loss_fidelity: RL4CO free-loss step 160/200: score=9.443854 (avg=10.179521), loss=0.444720 (avg=0.456632), pairs_step=256, pairs_total=40960
[2026-02-28 16:09:32,552] INFO:fitness.free_loss_fidelity: RL4CO free-loss step 160/200: score=9.443854 (avg=10.179521), loss=0.444720 (avg=0.456632), pairs_step=256, pairs_total=40960
[2026-02-28 16:09:39,070] INFO:fitness.free_loss_fidelity: RL4CO free-loss step 180/200: score=9.224307 (avg=10.075975), loss=0.415102 (avg=0.456368), pairs_step=256, pairs_total=46080
[2026-02-28 16:09:39,070] INFO:fitness.free_loss_fidelity: RL4CO free-loss step 180/200: score=9.224307 (avg=10.075975), loss=0.415102 (avg=0.456368), pairs_step=256, pairs_total=46080
[2026-02-28 16:09:45,592] INFO:fitness.free_loss_fidelity: RL4CO free-loss step 200/200: score=9.228226 (avg=9.994613), loss=0.426363 (avg=0.454868), pairs_step=256, pairs_total=51200
[2026-02-28 16:09:45,592] INFO:fitness.free_loss_fidelity: RL4CO free-loss step 200/200: score=9.228226 (avg=9.994613), loss=0.426363 (avg=0.454868), pairs_step=256, pairs_total=51200
[2026-02-28 16:09:47,194] WARNING:fitness.free_loss_fidelity: weights_only checkpoint load failed (UnpicklingError); retrying weights_only=False for /data1/gushengda/eam-rl4co/baseline/epoch_135.ckpt
[2026-02-28 16:09:47,194] WARNING:fitness.free_loss_fidelity: weights_only checkpoint load failed (UnpicklingError); retrying weights_only=False for /data1/gushengda/eam-rl4co/baseline/epoch_135.ckpt
[2026-02-28 16:09:47,243] INFO:fitness.free_loss_fidelity: Loaded init checkpoint into policy: path=/data1/gushengda/eam-rl4co/baseline/epoch_135.ckpt prefix=policy. matched=97 missing=0 unexpected=0
[2026-02-28 16:09:47,243] INFO:fitness.free_loss_fidelity: Loaded init checkpoint into policy: path=/data1/gushengda/eam-rl4co/baseline/epoch_135.ckpt prefix=policy. matched=97 missing=0 unexpected=0
[2026-02-28 16:09:47,249] INFO:fitness.free_loss_fidelity: RL4CO free-loss (step-mode): f1_steps=200, f2_steps=0, total_steps=200, train_problem_size=100, rollouts=20, batch_size=64, device=cuda:3, env=tsp
[2026-02-28 16:09:47,249] INFO:fitness.free_loss_fidelity: RL4CO free-loss (step-mode): f1_steps=200, f2_steps=0, total_steps=200, train_problem_size=100, rollouts=20, batch_size=64, device=cuda:3, env=tsp
[2026-02-28 16:09:47,601] INFO:fitness.free_loss_fidelity: RL4CO free-loss step 1/200: score=7.825121 (avg=7.825121), loss=0.630058 (avg=0.630058), pairs_step=256, pairs_total=256
[2026-02-28 16:09:47,601] INFO:fitness.free_loss_fidelity: RL4CO free-loss step 1/200: score=7.825121 (avg=7.825121), loss=0.630058 (avg=0.630058), pairs_step=256, pairs_total=256
[2026-02-28 16:09:54,338] INFO:fitness.free_loss_fidelity: RL4CO free-loss step 20/200: score=7.810867 (avg=7.846817), loss=0.621501 (avg=0.620967), pairs_step=256, pairs_total=5120
[2026-02-28 16:09:54,338] INFO:fitness.free_loss_fidelity: RL4CO free-loss step 20/200: score=7.810867 (avg=7.846817), loss=0.621501 (avg=0.620967), pairs_step=256, pairs_total=5120
[2026-02-28 16:10:02,148] INFO:fitness.free_loss_fidelity: RL4CO free-loss step 40/200: score=7.861053 (avg=7.843639), loss=0.630849 (avg=0.624511), pairs_step=256, pairs_total=10240
[2026-02-28 16:10:02,148] INFO:fitness.free_loss_fidelity: RL4CO free-loss step 40/200: score=7.861053 (avg=7.843639), loss=0.630849 (avg=0.624511), pairs_step=256, pairs_total=10240
[2026-02-28 16:10:10,104] INFO:fitness.free_loss_fidelity: RL4CO free-loss step 60/200: score=7.857948 (avg=7.841904), loss=0.626514 (avg=0.626727), pairs_step=256, pairs_total=15360
[2026-02-28 16:10:10,104] INFO:fitness.free_loss_fidelity: RL4CO free-loss step 60/200: score=7.857948 (avg=7.841904), loss=0.626514 (avg=0.626727), pairs_step=256, pairs_total=15360
