[2026-02-28 15:15:33,615] INFO:fitness.free_loss_fidelity: Stage3 offline mini-train start gen=8 pair_index=16 K=200 seed=12345 valid_sizes=[20, 100] baseline_json=baseline/mini_eval/baseline_minitrain_tsp100_K200.json
[2026-02-28 15:15:33,615] INFO:fitness.free_loss_fidelity: Stage3 offline mini-train start gen=8 pair_index=16 K=200 seed=12345 valid_sizes=[20, 100] baseline_json=baseline/mini_eval/baseline_minitrain_tsp100_K200.json
[2026-02-28 15:15:33,635] INFO:fitness.free_loss_fidelity: RL4CO free-loss (step-mode): f1_steps=200, f2_steps=0, total_steps=200, train_problem_size=100, rollouts=20, batch_size=64, device=cuda:1, env=tsp
[2026-02-28 15:15:33,635] INFO:fitness.free_loss_fidelity: RL4CO free-loss (step-mode): f1_steps=200, f2_steps=0, total_steps=200, train_problem_size=100, rollouts=20, batch_size=64, device=cuda:1, env=tsp
[2026-02-28 15:15:34,016] INFO:fitness.free_loss_fidelity: RL4CO free-loss step 1/200: score=36.626595 (avg=36.626595), loss=0.800752 (avg=0.800752), pairs_step=12160, pairs_total=12160
[2026-02-28 15:15:34,016] INFO:fitness.free_loss_fidelity: RL4CO free-loss step 1/200: score=36.626595 (avg=36.626595), loss=0.800752 (avg=0.800752), pairs_step=12160, pairs_total=12160
[2026-02-28 15:15:40,277] INFO:fitness.free_loss_fidelity: RL4CO free-loss step 20/200: score=10.447636 (avg=13.453843), loss=0.594368 (avg=0.608012), pairs_step=12160, pairs_total=243199
[2026-02-28 15:15:40,277] INFO:fitness.free_loss_fidelity: RL4CO free-loss step 20/200: score=10.447636 (avg=13.453843), loss=0.594368 (avg=0.608012), pairs_step=12160, pairs_total=243199
[2026-02-28 15:15:46,784] INFO:fitness.free_loss_fidelity: RL4CO free-loss step 40/200: score=9.924910 (avg=11.760345), loss=0.576663 (avg=0.597746), pairs_step=12160, pairs_total=486398
[2026-02-28 15:15:46,784] INFO:fitness.free_loss_fidelity: RL4CO free-loss step 40/200: score=9.924910 (avg=11.760345), loss=0.576663 (avg=0.597746), pairs_step=12160, pairs_total=486398
[2026-02-28 15:15:53,324] INFO:fitness.free_loss_fidelity: RL4CO free-loss step 60/200: score=9.795633 (avg=11.110929), loss=0.551400 (avg=0.588618), pairs_step=12160, pairs_total=729598
[2026-02-28 15:15:53,324] INFO:fitness.free_loss_fidelity: RL4CO free-loss step 60/200: score=9.795633 (avg=11.110929), loss=0.551400 (avg=0.588618), pairs_step=12160, pairs_total=729598
[2026-02-28 15:16:00,039] INFO:fitness.free_loss_fidelity: RL4CO free-loss step 80/200: score=9.589895 (avg=10.737145), loss=0.553707 (avg=0.582900), pairs_step=12160, pairs_total=972798
[2026-02-28 15:16:00,039] INFO:fitness.free_loss_fidelity: RL4CO free-loss step 80/200: score=9.589895 (avg=10.737145), loss=0.553707 (avg=0.582900), pairs_step=12160, pairs_total=972798
[2026-02-28 15:16:06,554] INFO:fitness.free_loss_fidelity: RL4CO free-loss step 100/200: score=9.508121 (avg=10.489642), loss=0.532450 (avg=0.578606), pairs_step=12160, pairs_total=1215997
[2026-02-28 15:16:06,554] INFO:fitness.free_loss_fidelity: RL4CO free-loss step 100/200: score=9.508121 (avg=10.489642), loss=0.532450 (avg=0.578606), pairs_step=12160, pairs_total=1215997
[2026-02-28 15:16:13,113] INFO:fitness.free_loss_fidelity: RL4CO free-loss step 120/200: score=9.350046 (avg=10.321344), loss=0.553124 (avg=0.575458), pairs_step=12160, pairs_total=1459197
[2026-02-28 15:16:13,113] INFO:fitness.free_loss_fidelity: RL4CO free-loss step 120/200: score=9.350046 (avg=10.321344), loss=0.553124 (avg=0.575458), pairs_step=12160, pairs_total=1459197
[2026-02-28 15:16:19,656] INFO:fitness.free_loss_fidelity: RL4CO free-loss step 140/200: score=9.376041 (avg=10.190895), loss=0.557216 (avg=0.572910), pairs_step=12160, pairs_total=1702397
[2026-02-28 15:16:19,656] INFO:fitness.free_loss_fidelity: RL4CO free-loss step 140/200: score=9.376041 (avg=10.190895), loss=0.557216 (avg=0.572910), pairs_step=12160, pairs_total=1702397
[2026-02-28 15:16:26,149] INFO:fitness.free_loss_fidelity: RL4CO free-loss step 160/200: score=9.398679 (avg=10.089483), loss=0.555723 (avg=0.571333), pairs_step=12160, pairs_total=1945597
[2026-02-28 15:16:26,149] INFO:fitness.free_loss_fidelity: RL4CO free-loss step 160/200: score=9.398679 (avg=10.089483), loss=0.555723 (avg=0.571333), pairs_step=12160, pairs_total=1945597
[2026-02-28 15:16:32,688] INFO:fitness.free_loss_fidelity: RL4CO free-loss step 180/200: score=9.213641 (avg=10.003103), loss=0.555085 (avg=0.569962), pairs_step=12160, pairs_total=2188797
[2026-02-28 15:16:32,688] INFO:fitness.free_loss_fidelity: RL4CO free-loss step 180/200: score=9.213641 (avg=10.003103), loss=0.555085 (avg=0.569962), pairs_step=12160, pairs_total=2188797
[2026-02-28 15:16:39,180] INFO:fitness.free_loss_fidelity: RL4CO free-loss step 200/200: score=9.209754 (avg=9.923241), loss=0.563097 (avg=0.569737), pairs_step=12160, pairs_total=2431996
[2026-02-28 15:16:39,180] INFO:fitness.free_loss_fidelity: RL4CO free-loss step 200/200: score=9.209754 (avg=9.923241), loss=0.563097 (avg=0.569737), pairs_step=12160, pairs_total=2431996
[2026-02-28 15:16:40,762] WARNING:fitness.free_loss_fidelity: weights_only checkpoint load failed (UnpicklingError); retrying weights_only=False for /data1/gushengda/eam-rl4co/baseline/epoch_135.ckpt
[2026-02-28 15:16:40,762] WARNING:fitness.free_loss_fidelity: weights_only checkpoint load failed (UnpicklingError); retrying weights_only=False for /data1/gushengda/eam-rl4co/baseline/epoch_135.ckpt
[2026-02-28 15:16:40,806] INFO:fitness.free_loss_fidelity: Loaded init checkpoint into policy: path=/data1/gushengda/eam-rl4co/baseline/epoch_135.ckpt prefix=policy. matched=97 missing=0 unexpected=0
[2026-02-28 15:16:40,806] INFO:fitness.free_loss_fidelity: Loaded init checkpoint into policy: path=/data1/gushengda/eam-rl4co/baseline/epoch_135.ckpt prefix=policy. matched=97 missing=0 unexpected=0
[2026-02-28 15:16:40,811] INFO:fitness.free_loss_fidelity: RL4CO free-loss (step-mode): f1_steps=200, f2_steps=0, total_steps=200, train_problem_size=100, rollouts=20, batch_size=64, device=cuda:1, env=tsp
[2026-02-28 15:16:40,811] INFO:fitness.free_loss_fidelity: RL4CO free-loss (step-mode): f1_steps=200, f2_steps=0, total_steps=200, train_problem_size=100, rollouts=20, batch_size=64, device=cuda:1, env=tsp
[2026-02-28 15:16:41,172] INFO:fitness.free_loss_fidelity: RL4CO free-loss step 1/200: score=7.825121 (avg=7.825121), loss=0.666418 (avg=0.666418), pairs_step=12151, pairs_total=12151
[2026-02-28 15:16:41,172] INFO:fitness.free_loss_fidelity: RL4CO free-loss step 1/200: score=7.825121 (avg=7.825121), loss=0.666418 (avg=0.666418), pairs_step=12151, pairs_total=12151
[2026-02-28 15:16:47,383] INFO:fitness.free_loss_fidelity: RL4CO free-loss step 20/200: score=7.818512 (avg=7.843855), loss=0.665684 (avg=0.659181), pairs_step=12156, pairs_total=243068
[2026-02-28 15:16:47,383] INFO:fitness.free_loss_fidelity: RL4CO free-loss step 20/200: score=7.818512 (avg=7.843855), loss=0.665684 (avg=0.659181), pairs_step=12156, pairs_total=243068
[2026-02-28 15:16:53,913] INFO:fitness.free_loss_fidelity: RL4CO free-loss step 40/200: score=7.861948 (avg=7.840072), loss=0.665995 (avg=0.659345), pairs_step=12158, pairs_total=486158
[2026-02-28 15:16:53,913] INFO:fitness.free_loss_fidelity: RL4CO free-loss step 40/200: score=7.861948 (avg=7.840072), loss=0.665995 (avg=0.659345), pairs_step=12158, pairs_total=486158
[2026-02-28 15:17:00,437] INFO:fitness.free_loss_fidelity: RL4CO free-loss step 60/200: score=7.852177 (avg=7.838360), loss=0.660956 (avg=0.660093), pairs_step=12148, pairs_total=729255
[2026-02-28 15:17:00,437] INFO:fitness.free_loss_fidelity: RL4CO free-loss step 60/200: score=7.852177 (avg=7.838360), loss=0.660956 (avg=0.660093), pairs_step=12148, pairs_total=729255
[2026-02-28 15:17:06,969] INFO:fitness.free_loss_fidelity: RL4CO free-loss step 80/200: score=7.834978 (avg=7.836733), loss=0.665346 (avg=0.661065), pairs_step=12158, pairs_total=972340
[2026-02-28 15:17:06,969] INFO:fitness.free_loss_fidelity: RL4CO free-loss step 80/200: score=7.834978 (avg=7.836733), loss=0.665346 (avg=0.661065), pairs_step=12158, pairs_total=972340
[2026-02-28 15:17:13,453] INFO:fitness.free_loss_fidelity: RL4CO free-loss step 100/200: score=7.785268 (avg=7.836295), loss=0.661589 (avg=0.661292), pairs_step=12153, pairs_total=1215435
[2026-02-28 15:17:13,453] INFO:fitness.free_loss_fidelity: RL4CO free-loss step 100/200: score=7.785268 (avg=7.836295), loss=0.661589 (avg=0.661292), pairs_step=12153, pairs_total=1215435
[2026-02-28 15:17:20,006] INFO:fitness.free_loss_fidelity: RL4CO free-loss step 120/200: score=7.806701 (avg=7.837833), loss=0.653543 (avg=0.661154), pairs_step=12152, pairs_total=1458521
[2026-02-28 15:17:20,006] INFO:fitness.free_loss_fidelity: RL4CO free-loss step 120/200: score=7.806701 (avg=7.837833), loss=0.653543 (avg=0.661154), pairs_step=12152, pairs_total=1458521
[2026-02-28 15:17:26,515] INFO:fitness.free_loss_fidelity: RL4CO free-loss step 140/200: score=7.868843 (avg=7.839323), loss=0.666978 (avg=0.661646), pairs_step=12150, pairs_total=1701600
[2026-02-28 15:17:26,515] INFO:fitness.free_loss_fidelity: RL4CO free-loss step 140/200: score=7.868843 (avg=7.839323), loss=0.666978 (avg=0.661646), pairs_step=12150, pairs_total=1701600
[2026-02-28 15:17:33,035] INFO:fitness.free_loss_fidelity: RL4CO free-loss step 160/200: score=7.838923 (avg=7.839572), loss=0.658083 (avg=0.661690), pairs_step=12157, pairs_total=1944696
[2026-02-28 15:17:33,035] INFO:fitness.free_loss_fidelity: RL4CO free-loss step 160/200: score=7.838923 (avg=7.839572), loss=0.658083 (avg=0.661690), pairs_step=12157, pairs_total=1944696
[2026-02-28 15:17:39,535] INFO:fitness.free_loss_fidelity: RL4CO free-loss step 180/200: score=7.835515 (avg=7.839056), loss=0.667725 (avg=0.661637), pairs_step=12141, pairs_total=2187784
[2026-02-28 15:17:39,535] INFO:fitness.free_loss_fidelity: RL4CO free-loss step 180/200: score=7.835515 (avg=7.839056), loss=0.667725 (avg=0.661637), pairs_step=12141, pairs_total=2187784
[2026-02-28 15:17:46,067] INFO:fitness.free_loss_fidelity: RL4CO free-loss step 200/200: score=7.845926 (avg=7.838524), loss=0.657583 (avg=0.661826), pairs_step=12151, pairs_total=2430854
[2026-02-28 15:17:46,067] INFO:fitness.free_loss_fidelity: RL4CO free-loss step 200/200: score=7.845926 (avg=7.838524), loss=0.657583 (avg=0.661826), pairs_step=12151, pairs_total=2430854
[2026-02-28 15:17:47,652] WARNING:fitness.free_loss_fidelity: weights_only checkpoint load failed (UnpicklingError); retrying weights_only=False for /data1/gushengda/eam-rl4co/baseline/epoch_409.ckpt
[2026-02-28 15:17:47,652] WARNING:fitness.free_loss_fidelity: weights_only checkpoint load failed (UnpicklingError); retrying weights_only=False for /data1/gushengda/eam-rl4co/baseline/epoch_409.ckpt
[2026-02-28 15:17:47,694] INFO:fitness.free_loss_fidelity: Loaded init checkpoint into policy: path=/data1/gushengda/eam-rl4co/baseline/epoch_409.ckpt prefix=policy. matched=97 missing=0 unexpected=0
[2026-02-28 15:17:47,694] INFO:fitness.free_loss_fidelity: Loaded init checkpoint into policy: path=/data1/gushengda/eam-rl4co/baseline/epoch_409.ckpt prefix=policy. matched=97 missing=0 unexpected=0
[2026-02-28 15:17:47,700] INFO:fitness.free_loss_fidelity: RL4CO free-loss (step-mode): f1_steps=200, f2_steps=0, total_steps=200, train_problem_size=100, rollouts=20, batch_size=64, device=cuda:1, env=tsp
[2026-02-28 15:17:47,700] INFO:fitness.free_loss_fidelity: RL4CO free-loss (step-mode): f1_steps=200, f2_steps=0, total_steps=200, train_problem_size=100, rollouts=20, batch_size=64, device=cuda:1, env=tsp
[2026-02-28 15:17:48,059] INFO:fitness.free_loss_fidelity: RL4CO free-loss step 1/200: score=7.826895 (avg=7.826895), loss=0.205653 (avg=0.205653), pairs_step=12149, pairs_total=12149
[2026-02-28 15:17:48,059] INFO:fitness.free_loss_fidelity: RL4CO free-loss step 1/200: score=7.826895 (avg=7.826895), loss=0.205653 (avg=0.205653), pairs_step=12149, pairs_total=12149
[2026-02-28 15:17:54,269] INFO:fitness.free_loss_fidelity: RL4CO free-loss step 20/200: score=7.818599 (avg=7.840393), loss=0.186865 (avg=0.191103), pairs_step=12151, pairs_total=243073
[2026-02-28 15:17:54,269] INFO:fitness.free_loss_fidelity: RL4CO free-loss step 20/200: score=7.818599 (avg=7.840393), loss=0.186865 (avg=0.191103), pairs_step=12151, pairs_total=243073
[2026-02-28 15:18:00,766] INFO:fitness.free_loss_fidelity: RL4CO free-loss step 40/200: score=7.854826 (avg=7.837863), loss=0.197790 (avg=0.191835), pairs_step=12153, pairs_total=486156
[2026-02-28 15:18:00,766] INFO:fitness.free_loss_fidelity: RL4CO free-loss step 40/200: score=7.854826 (avg=7.837863), loss=0.197790 (avg=0.191835), pairs_step=12153, pairs_total=486156
[2026-02-28 15:18:07,323] INFO:fitness.free_loss_fidelity: RL4CO free-loss step 60/200: score=7.848184 (avg=7.834644), loss=0.197105 (avg=0.192822), pairs_step=12156, pairs_total=729253
[2026-02-28 15:18:07,323] INFO:fitness.free_loss_fidelity: RL4CO free-loss step 60/200: score=7.848184 (avg=7.834644), loss=0.197105 (avg=0.192822), pairs_step=12156, pairs_total=729253
[2026-02-28 15:18:13,793] INFO:fitness.free_loss_fidelity: RL4CO free-loss step 80/200: score=7.827963 (avg=7.832313), loss=0.189112 (avg=0.191686), pairs_step=12149, pairs_total=972337
[2026-02-28 15:18:13,793] INFO:fitness.free_loss_fidelity: RL4CO free-loss step 80/200: score=7.827963 (avg=7.832313), loss=0.189112 (avg=0.191686), pairs_step=12149, pairs_total=972337
[2026-02-28 15:18:20,340] INFO:fitness.free_loss_fidelity: RL4CO free-loss step 100/200: score=7.786074 (avg=7.833119), loss=0.196274 (avg=0.190560), pairs_step=12152, pairs_total=1215464
[2026-02-28 15:18:20,340] INFO:fitness.free_loss_fidelity: RL4CO free-loss step 100/200: score=7.786074 (avg=7.833119), loss=0.196274 (avg=0.190560), pairs_step=12152, pairs_total=1215464
[2026-02-28 15:18:26,826] INFO:fitness.free_loss_fidelity: RL4CO free-loss step 120/200: score=7.806425 (avg=7.834580), loss=0.188383 (avg=0.190507), pairs_step=12147, pairs_total=1458546
[2026-02-28 15:18:26,826] INFO:fitness.free_loss_fidelity: RL4CO free-loss step 120/200: score=7.806425 (avg=7.834580), loss=0.188383 (avg=0.190507), pairs_step=12147, pairs_total=1458546
[2026-02-28 15:18:33,353] INFO:fitness.free_loss_fidelity: RL4CO free-loss step 140/200: score=7.854629 (avg=7.836159), loss=0.182205 (avg=0.190047), pairs_step=12141, pairs_total=1701617
[2026-02-28 15:18:33,353] INFO:fitness.free_loss_fidelity: RL4CO free-loss step 140/200: score=7.854629 (avg=7.836159), loss=0.182205 (avg=0.190047), pairs_step=12141, pairs_total=1701617
[2026-02-28 15:18:40,066] INFO:fitness.free_loss_fidelity: RL4CO free-loss step 160/200: score=7.833994 (avg=7.835896), loss=0.194960 (avg=0.189238), pairs_step=12158, pairs_total=1944679
[2026-02-28 15:18:40,066] INFO:fitness.free_loss_fidelity: RL4CO free-loss step 160/200: score=7.833994 (avg=7.835896), loss=0.194960 (avg=0.189238), pairs_step=12158, pairs_total=1944679
[2026-02-28 15:18:46,606] INFO:fitness.free_loss_fidelity: RL4CO free-loss step 180/200: score=7.818615 (avg=7.834886), loss=0.186798 (avg=0.189349), pairs_step=12157, pairs_total=2187785
[2026-02-28 15:18:46,606] INFO:fitness.free_loss_fidelity: RL4CO free-loss step 180/200: score=7.818615 (avg=7.834886), loss=0.186798 (avg=0.189349), pairs_step=12157, pairs_total=2187785
[2026-02-28 15:18:53,091] INFO:fitness.free_loss_fidelity: RL4CO free-loss step 200/200: score=7.867817 (avg=7.834419), loss=0.188652 (avg=0.189562), pairs_step=12154, pairs_total=2430894
[2026-02-28 15:18:53,091] INFO:fitness.free_loss_fidelity: RL4CO free-loss step 200/200: score=7.867817 (avg=7.834419), loss=0.188652 (avg=0.189562), pairs_step=12154, pairs_total=2430894
