[2026-02-28 13:56:23,905] INFO:fitness.free_loss_fidelity: Stage3 offline mini-train start gen=5 pair_index=11 K=200 seed=12345 valid_sizes=[20, 100] baseline_json=baseline/mini_eval/baseline_minitrain_tsp100_K200.json
[2026-02-28 13:56:23,905] INFO:fitness.free_loss_fidelity: Stage3 offline mini-train start gen=5 pair_index=11 K=200 seed=12345 valid_sizes=[20, 100] baseline_json=baseline/mini_eval/baseline_minitrain_tsp100_K200.json
[2026-02-28 13:56:23,924] INFO:fitness.free_loss_fidelity: RL4CO free-loss (step-mode): f1_steps=200, f2_steps=0, total_steps=200, train_problem_size=100, rollouts=20, batch_size=64, device=cuda:1, env=tsp
[2026-02-28 13:56:23,924] INFO:fitness.free_loss_fidelity: RL4CO free-loss (step-mode): f1_steps=200, f2_steps=0, total_steps=200, train_problem_size=100, rollouts=20, batch_size=64, device=cuda:1, env=tsp
[2026-02-28 13:56:24,297] INFO:fitness.free_loss_fidelity: RL4CO free-loss step 1/200: score=36.626595 (avg=36.626595), loss=0.800969 (avg=0.800969), pairs_step=12160, pairs_total=12160
[2026-02-28 13:56:24,297] INFO:fitness.free_loss_fidelity: RL4CO free-loss step 1/200: score=36.626595 (avg=36.626595), loss=0.800969 (avg=0.800969), pairs_step=12160, pairs_total=12160
[2026-02-28 13:56:30,588] INFO:fitness.free_loss_fidelity: RL4CO free-loss step 20/200: score=10.656680 (avg=13.571147), loss=0.592328 (avg=0.622691), pairs_step=12160, pairs_total=243200
[2026-02-28 13:56:30,588] INFO:fitness.free_loss_fidelity: RL4CO free-loss step 20/200: score=10.656680 (avg=13.571147), loss=0.592328 (avg=0.622691), pairs_step=12160, pairs_total=243200
[2026-02-28 13:56:37,215] INFO:fitness.free_loss_fidelity: RL4CO free-loss step 40/200: score=9.884628 (avg=11.852130), loss=0.615630 (avg=0.610135), pairs_step=12160, pairs_total=486400
[2026-02-28 13:56:37,215] INFO:fitness.free_loss_fidelity: RL4CO free-loss step 40/200: score=9.884628 (avg=11.852130), loss=0.615630 (avg=0.610135), pairs_step=12160, pairs_total=486400
[2026-02-28 13:56:43,855] INFO:fitness.free_loss_fidelity: RL4CO free-loss step 60/200: score=9.689506 (avg=11.161567), loss=0.582907 (avg=0.604484), pairs_step=12160, pairs_total=729600
[2026-02-28 13:56:43,855] INFO:fitness.free_loss_fidelity: RL4CO free-loss step 60/200: score=9.689506 (avg=11.161567), loss=0.582907 (avg=0.604484), pairs_step=12160, pairs_total=729600
[2026-02-28 13:56:50,484] INFO:fitness.free_loss_fidelity: RL4CO free-loss step 80/200: score=9.465870 (avg=10.773900), loss=0.578475 (avg=0.596773), pairs_step=12160, pairs_total=972800
[2026-02-28 13:56:50,484] INFO:fitness.free_loss_fidelity: RL4CO free-loss step 80/200: score=9.465870 (avg=10.773900), loss=0.578475 (avg=0.596773), pairs_step=12160, pairs_total=972800
[2026-02-28 13:56:57,131] INFO:fitness.free_loss_fidelity: RL4CO free-loss step 100/200: score=9.426032 (avg=10.507317), loss=0.577040 (avg=0.590977), pairs_step=12160, pairs_total=1215999
[2026-02-28 13:56:57,131] INFO:fitness.free_loss_fidelity: RL4CO free-loss step 100/200: score=9.426032 (avg=10.507317), loss=0.577040 (avg=0.590977), pairs_step=12160, pairs_total=1215999
[2026-02-28 13:57:03,769] INFO:fitness.free_loss_fidelity: RL4CO free-loss step 120/200: score=9.277613 (avg=10.320572), loss=0.590538 (avg=0.587711), pairs_step=12160, pairs_total=1459199
[2026-02-28 13:57:03,769] INFO:fitness.free_loss_fidelity: RL4CO free-loss step 120/200: score=9.277613 (avg=10.320572), loss=0.590538 (avg=0.587711), pairs_step=12160, pairs_total=1459199
[2026-02-28 13:57:10,388] INFO:fitness.free_loss_fidelity: RL4CO free-loss step 140/200: score=9.361351 (avg=10.178868), loss=0.556591 (avg=0.585516), pairs_step=12160, pairs_total=1702399
[2026-02-28 13:57:10,388] INFO:fitness.free_loss_fidelity: RL4CO free-loss step 140/200: score=9.361351 (avg=10.178868), loss=0.556591 (avg=0.585516), pairs_step=12160, pairs_total=1702399
[2026-02-28 13:57:17,013] INFO:fitness.free_loss_fidelity: RL4CO free-loss step 160/200: score=9.371815 (avg=10.072926), loss=0.563684 (avg=0.583734), pairs_step=12160, pairs_total=1945598
[2026-02-28 13:57:17,013] INFO:fitness.free_loss_fidelity: RL4CO free-loss step 160/200: score=9.371815 (avg=10.072926), loss=0.563684 (avg=0.583734), pairs_step=12160, pairs_total=1945598
[2026-02-28 13:57:23,644] INFO:fitness.free_loss_fidelity: RL4CO free-loss step 180/200: score=9.221519 (avg=9.979796), loss=0.559831 (avg=0.582154), pairs_step=12160, pairs_total=2188798
[2026-02-28 13:57:23,644] INFO:fitness.free_loss_fidelity: RL4CO free-loss step 180/200: score=9.221519 (avg=9.979796), loss=0.559831 (avg=0.582154), pairs_step=12160, pairs_total=2188798
[2026-02-28 13:57:30,263] INFO:fitness.free_loss_fidelity: RL4CO free-loss step 200/200: score=9.144943 (avg=9.895397), loss=0.573772 (avg=0.581421), pairs_step=12160, pairs_total=2431998
[2026-02-28 13:57:30,263] INFO:fitness.free_loss_fidelity: RL4CO free-loss step 200/200: score=9.144943 (avg=9.895397), loss=0.573772 (avg=0.581421), pairs_step=12160, pairs_total=2431998
[2026-02-28 13:57:31,559] WARNING:fitness.free_loss_fidelity: weights_only checkpoint load failed (UnpicklingError); retrying weights_only=False for /data1/gushengda/eam-rl4co/baseline/epoch_135.ckpt
[2026-02-28 13:57:31,559] WARNING:fitness.free_loss_fidelity: weights_only checkpoint load failed (UnpicklingError); retrying weights_only=False for /data1/gushengda/eam-rl4co/baseline/epoch_135.ckpt
[2026-02-28 13:57:31,598] INFO:fitness.free_loss_fidelity: Loaded init checkpoint into policy: path=/data1/gushengda/eam-rl4co/baseline/epoch_135.ckpt prefix=policy. matched=97 missing=0 unexpected=0
[2026-02-28 13:57:31,598] INFO:fitness.free_loss_fidelity: Loaded init checkpoint into policy: path=/data1/gushengda/eam-rl4co/baseline/epoch_135.ckpt prefix=policy. matched=97 missing=0 unexpected=0
[2026-02-28 13:57:31,603] INFO:fitness.free_loss_fidelity: RL4CO free-loss (step-mode): f1_steps=200, f2_steps=0, total_steps=200, train_problem_size=100, rollouts=20, batch_size=64, device=cuda:1, env=tsp
[2026-02-28 13:57:31,603] INFO:fitness.free_loss_fidelity: RL4CO free-loss (step-mode): f1_steps=200, f2_steps=0, total_steps=200, train_problem_size=100, rollouts=20, batch_size=64, device=cuda:1, env=tsp
[2026-02-28 13:57:31,977] INFO:fitness.free_loss_fidelity: RL4CO free-loss step 1/200: score=7.825121 (avg=7.825121), loss=0.670960 (avg=0.670960), pairs_step=12151, pairs_total=12151
[2026-02-28 13:57:31,977] INFO:fitness.free_loss_fidelity: RL4CO free-loss step 1/200: score=7.825121 (avg=7.825121), loss=0.670960 (avg=0.670960), pairs_step=12151, pairs_total=12151
[2026-02-28 13:57:38,273] INFO:fitness.free_loss_fidelity: RL4CO free-loss step 20/200: score=7.811588 (avg=7.841661), loss=0.671097 (avg=0.666202), pairs_step=12153, pairs_total=243060
[2026-02-28 13:57:38,273] INFO:fitness.free_loss_fidelity: RL4CO free-loss step 20/200: score=7.811588 (avg=7.841661), loss=0.671097 (avg=0.666202), pairs_step=12153, pairs_total=243060
[2026-02-28 13:57:44,923] INFO:fitness.free_loss_fidelity: RL4CO free-loss step 40/200: score=7.854501 (avg=7.837688), loss=0.665925 (avg=0.664529), pairs_step=12156, pairs_total=486163
[2026-02-28 13:57:44,923] INFO:fitness.free_loss_fidelity: RL4CO free-loss step 40/200: score=7.854501 (avg=7.837688), loss=0.665925 (avg=0.664529), pairs_step=12156, pairs_total=486163
[2026-02-28 13:57:51,557] INFO:fitness.free_loss_fidelity: RL4CO free-loss step 60/200: score=7.853410 (avg=7.835259), loss=0.670610 (avg=0.665335), pairs_step=12152, pairs_total=729241
[2026-02-28 13:57:51,557] INFO:fitness.free_loss_fidelity: RL4CO free-loss step 60/200: score=7.853410 (avg=7.835259), loss=0.670610 (avg=0.665335), pairs_step=12152, pairs_total=729241
[2026-02-28 13:57:58,180] INFO:fitness.free_loss_fidelity: RL4CO free-loss step 80/200: score=7.834840 (avg=7.834108), loss=0.666265 (avg=0.666510), pairs_step=12158, pairs_total=972331
[2026-02-28 13:57:58,180] INFO:fitness.free_loss_fidelity: RL4CO free-loss step 80/200: score=7.834840 (avg=7.834108), loss=0.666265 (avg=0.666510), pairs_step=12158, pairs_total=972331
[2026-02-28 13:58:04,811] INFO:fitness.free_loss_fidelity: RL4CO free-loss step 100/200: score=7.792771 (avg=7.834629), loss=0.667952 (avg=0.666715), pairs_step=12155, pairs_total=1215419
[2026-02-28 13:58:04,811] INFO:fitness.free_loss_fidelity: RL4CO free-loss step 100/200: score=7.792771 (avg=7.834629), loss=0.667952 (avg=0.666715), pairs_step=12155, pairs_total=1215419
[2026-02-28 13:58:11,461] INFO:fitness.free_loss_fidelity: RL4CO free-loss step 120/200: score=7.815244 (avg=7.836924), loss=0.669054 (avg=0.666970), pairs_step=12158, pairs_total=1458536
[2026-02-28 13:58:11,461] INFO:fitness.free_loss_fidelity: RL4CO free-loss step 120/200: score=7.815244 (avg=7.836924), loss=0.669054 (avg=0.666970), pairs_step=12158, pairs_total=1458536
[2026-02-28 13:58:18,094] INFO:fitness.free_loss_fidelity: RL4CO free-loss step 140/200: score=7.867597 (avg=7.838509), loss=0.671138 (avg=0.667363), pairs_step=12155, pairs_total=1701618
[2026-02-28 13:58:18,094] INFO:fitness.free_loss_fidelity: RL4CO free-loss step 140/200: score=7.867597 (avg=7.838509), loss=0.671138 (avg=0.667363), pairs_step=12155, pairs_total=1701618
[2026-02-28 13:58:24,723] INFO:fitness.free_loss_fidelity: RL4CO free-loss step 160/200: score=7.830083 (avg=7.838130), loss=0.666927 (avg=0.667401), pairs_step=12157, pairs_total=1944715
[2026-02-28 13:58:24,723] INFO:fitness.free_loss_fidelity: RL4CO free-loss step 160/200: score=7.830083 (avg=7.838130), loss=0.666927 (avg=0.667401), pairs_step=12157, pairs_total=1944715
[2026-02-28 13:58:31,349] INFO:fitness.free_loss_fidelity: RL4CO free-loss step 180/200: score=7.821874 (avg=7.836898), loss=0.666440 (avg=0.667492), pairs_step=12147, pairs_total=2187810
[2026-02-28 13:58:31,349] INFO:fitness.free_loss_fidelity: RL4CO free-loss step 180/200: score=7.821874 (avg=7.836898), loss=0.666440 (avg=0.667492), pairs_step=12147, pairs_total=2187810
[2026-02-28 13:58:37,959] INFO:fitness.free_loss_fidelity: RL4CO free-loss step 200/200: score=7.847744 (avg=7.835981), loss=0.671117 (avg=0.667694), pairs_step=12154, pairs_total=2430897
[2026-02-28 13:58:37,959] INFO:fitness.free_loss_fidelity: RL4CO free-loss step 200/200: score=7.847744 (avg=7.835981), loss=0.671117 (avg=0.667694), pairs_step=12154, pairs_total=2430897
[2026-02-28 13:58:39,256] WARNING:fitness.free_loss_fidelity: weights_only checkpoint load failed (UnpicklingError); retrying weights_only=False for /data1/gushengda/eam-rl4co/baseline/epoch_409.ckpt
[2026-02-28 13:58:39,256] WARNING:fitness.free_loss_fidelity: weights_only checkpoint load failed (UnpicklingError); retrying weights_only=False for /data1/gushengda/eam-rl4co/baseline/epoch_409.ckpt
[2026-02-28 13:58:39,295] INFO:fitness.free_loss_fidelity: Loaded init checkpoint into policy: path=/data1/gushengda/eam-rl4co/baseline/epoch_409.ckpt prefix=policy. matched=97 missing=0 unexpected=0
[2026-02-28 13:58:39,295] INFO:fitness.free_loss_fidelity: Loaded init checkpoint into policy: path=/data1/gushengda/eam-rl4co/baseline/epoch_409.ckpt prefix=policy. matched=97 missing=0 unexpected=0
[2026-02-28 13:58:39,300] INFO:fitness.free_loss_fidelity: RL4CO free-loss (step-mode): f1_steps=200, f2_steps=0, total_steps=200, train_problem_size=100, rollouts=20, batch_size=64, device=cuda:1, env=tsp
[2026-02-28 13:58:39,300] INFO:fitness.free_loss_fidelity: RL4CO free-loss (step-mode): f1_steps=200, f2_steps=0, total_steps=200, train_problem_size=100, rollouts=20, batch_size=64, device=cuda:1, env=tsp
[2026-02-28 13:58:39,676] INFO:fitness.free_loss_fidelity: RL4CO free-loss step 1/200: score=7.826895 (avg=7.826895), loss=0.210983 (avg=0.210983), pairs_step=12149, pairs_total=12149
[2026-02-28 13:58:39,676] INFO:fitness.free_loss_fidelity: RL4CO free-loss step 1/200: score=7.826895 (avg=7.826895), loss=0.210983 (avg=0.210983), pairs_step=12149, pairs_total=12149
[2026-02-28 13:58:45,962] INFO:fitness.free_loss_fidelity: RL4CO free-loss step 20/200: score=7.811053 (avg=7.840036), loss=0.197520 (avg=0.199566), pairs_step=12156, pairs_total=243044
[2026-02-28 13:58:45,962] INFO:fitness.free_loss_fidelity: RL4CO free-loss step 20/200: score=7.811053 (avg=7.840036), loss=0.197520 (avg=0.199566), pairs_step=12156, pairs_total=243044
[2026-02-28 13:58:52,615] INFO:fitness.free_loss_fidelity: RL4CO free-loss step 40/200: score=7.851142 (avg=7.835816), loss=0.195008 (avg=0.199636), pairs_step=12156, pairs_total=486124
[2026-02-28 13:58:52,615] INFO:fitness.free_loss_fidelity: RL4CO free-loss step 40/200: score=7.851142 (avg=7.835816), loss=0.195008 (avg=0.199636), pairs_step=12156, pairs_total=486124
[2026-02-28 13:58:59,250] INFO:fitness.free_loss_fidelity: RL4CO free-loss step 60/200: score=7.846475 (avg=7.833338), loss=0.202770 (avg=0.198894), pairs_step=12154, pairs_total=729192
[2026-02-28 13:58:59,250] INFO:fitness.free_loss_fidelity: RL4CO free-loss step 60/200: score=7.846475 (avg=7.833338), loss=0.202770 (avg=0.198894), pairs_step=12154, pairs_total=729192
[2026-02-28 13:59:05,876] INFO:fitness.free_loss_fidelity: RL4CO free-loss step 80/200: score=7.830002 (avg=7.831980), loss=0.189960 (avg=0.197960), pairs_step=12159, pairs_total=972276
[2026-02-28 13:59:05,876] INFO:fitness.free_loss_fidelity: RL4CO free-loss step 80/200: score=7.830002 (avg=7.831980), loss=0.189960 (avg=0.197960), pairs_step=12159, pairs_total=972276
[2026-02-28 13:59:12,509] INFO:fitness.free_loss_fidelity: RL4CO free-loss step 100/200: score=7.783242 (avg=7.833089), loss=0.195951 (avg=0.196599), pairs_step=12152, pairs_total=1215385
[2026-02-28 13:59:12,509] INFO:fitness.free_loss_fidelity: RL4CO free-loss step 100/200: score=7.783242 (avg=7.833089), loss=0.195951 (avg=0.196599), pairs_step=12152, pairs_total=1215385
[2026-02-28 13:59:19,145] INFO:fitness.free_loss_fidelity: RL4CO free-loss step 120/200: score=7.809879 (avg=7.834996), loss=0.187595 (avg=0.195517), pairs_step=12153, pairs_total=1458487
[2026-02-28 13:59:19,145] INFO:fitness.free_loss_fidelity: RL4CO free-loss step 120/200: score=7.809879 (avg=7.834996), loss=0.187595 (avg=0.195517), pairs_step=12153, pairs_total=1458487
[2026-02-28 13:59:25,768] INFO:fitness.free_loss_fidelity: RL4CO free-loss step 140/200: score=7.861440 (avg=7.836469), loss=0.179532 (avg=0.194316), pairs_step=12157, pairs_total=1701589
[2026-02-28 13:59:25,768] INFO:fitness.free_loss_fidelity: RL4CO free-loss step 140/200: score=7.861440 (avg=7.836469), loss=0.179532 (avg=0.194316), pairs_step=12157, pairs_total=1701589
[2026-02-28 13:59:32,409] INFO:fitness.free_loss_fidelity: RL4CO free-loss step 160/200: score=7.823013 (avg=7.835746), loss=0.190776 (avg=0.193237), pairs_step=12154, pairs_total=1944687
[2026-02-28 13:59:32,409] INFO:fitness.free_loss_fidelity: RL4CO free-loss step 160/200: score=7.823013 (avg=7.835746), loss=0.190776 (avg=0.193237), pairs_step=12154, pairs_total=1944687
[2026-02-28 13:59:39,049] INFO:fitness.free_loss_fidelity: RL4CO free-loss step 180/200: score=7.835171 (avg=7.835217), loss=0.195146 (avg=0.192427), pairs_step=12157, pairs_total=2187807
[2026-02-28 13:59:39,049] INFO:fitness.free_loss_fidelity: RL4CO free-loss step 180/200: score=7.835171 (avg=7.835217), loss=0.195146 (avg=0.192427), pairs_step=12157, pairs_total=2187807
[2026-02-28 13:59:45,670] INFO:fitness.free_loss_fidelity: RL4CO free-loss step 200/200: score=7.846807 (avg=7.834547), loss=0.177829 (avg=0.192374), pairs_step=12155, pairs_total=2430890
[2026-02-28 13:59:45,670] INFO:fitness.free_loss_fidelity: RL4CO free-loss step 200/200: score=7.846807 (avg=7.834547), loss=0.177829 (avg=0.192374), pairs_step=12155, pairs_total=2430890
