[2026-02-28 14:23:42,804] INFO:fitness.free_loss_fidelity: Stage3 offline mini-train start gen=6 pair_index=15 K=200 seed=12345 valid_sizes=[20, 100] baseline_json=baseline/mini_eval/baseline_minitrain_tsp100_K200.json
[2026-02-28 14:23:42,804] INFO:fitness.free_loss_fidelity: Stage3 offline mini-train start gen=6 pair_index=15 K=200 seed=12345 valid_sizes=[20, 100] baseline_json=baseline/mini_eval/baseline_minitrain_tsp100_K200.json
[2026-02-28 14:23:42,826] INFO:fitness.free_loss_fidelity: RL4CO free-loss (step-mode): f1_steps=200, f2_steps=0, total_steps=200, train_problem_size=100, rollouts=20, batch_size=64, device=cuda:1, env=tsp
[2026-02-28 14:23:42,826] INFO:fitness.free_loss_fidelity: RL4CO free-loss (step-mode): f1_steps=200, f2_steps=0, total_steps=200, train_problem_size=100, rollouts=20, batch_size=64, device=cuda:1, env=tsp
[2026-02-28 14:23:43,214] INFO:fitness.free_loss_fidelity: RL4CO free-loss step 1/200: score=36.626595 (avg=36.626595), loss=0.857651 (avg=0.857651), pairs_step=12160, pairs_total=12160
[2026-02-28 14:23:43,214] INFO:fitness.free_loss_fidelity: RL4CO free-loss step 1/200: score=36.626595 (avg=36.626595), loss=0.857651 (avg=0.857651), pairs_step=12160, pairs_total=12160
[2026-02-28 14:23:49,575] INFO:fitness.free_loss_fidelity: RL4CO free-loss step 20/200: score=10.634988 (avg=13.469462), loss=0.625570 (avg=0.648877), pairs_step=12160, pairs_total=243200
[2026-02-28 14:23:49,575] INFO:fitness.free_loss_fidelity: RL4CO free-loss step 20/200: score=10.634988 (avg=13.469462), loss=0.625570 (avg=0.648877), pairs_step=12160, pairs_total=243200
[2026-02-28 14:23:56,266] INFO:fitness.free_loss_fidelity: RL4CO free-loss step 40/200: score=9.841682 (avg=11.797797), loss=0.628524 (avg=0.633111), pairs_step=12160, pairs_total=486400
[2026-02-28 14:23:56,266] INFO:fitness.free_loss_fidelity: RL4CO free-loss step 40/200: score=9.841682 (avg=11.797797), loss=0.628524 (avg=0.633111), pairs_step=12160, pairs_total=486400
[2026-02-28 14:24:02,971] INFO:fitness.free_loss_fidelity: RL4CO free-loss step 60/200: score=9.742409 (avg=11.114468), loss=0.632871 (avg=0.625125), pairs_step=12160, pairs_total=729600
[2026-02-28 14:24:02,971] INFO:fitness.free_loss_fidelity: RL4CO free-loss step 60/200: score=9.742409 (avg=11.114468), loss=0.632871 (avg=0.625125), pairs_step=12160, pairs_total=729600
[2026-02-28 14:24:09,863] INFO:fitness.free_loss_fidelity: RL4CO free-loss step 80/200: score=9.540922 (avg=10.735984), loss=0.613133 (avg=0.619561), pairs_step=12160, pairs_total=972800
[2026-02-28 14:24:09,863] INFO:fitness.free_loss_fidelity: RL4CO free-loss step 80/200: score=9.540922 (avg=10.735984), loss=0.613133 (avg=0.619561), pairs_step=12160, pairs_total=972800
[2026-02-28 14:24:16,557] INFO:fitness.free_loss_fidelity: RL4CO free-loss step 100/200: score=9.353189 (avg=10.483647), loss=0.585199 (avg=0.615785), pairs_step=12160, pairs_total=1216000
[2026-02-28 14:24:16,557] INFO:fitness.free_loss_fidelity: RL4CO free-loss step 100/200: score=9.353189 (avg=10.483647), loss=0.585199 (avg=0.615785), pairs_step=12160, pairs_total=1216000
[2026-02-28 14:24:22,518] INFO:fitness.free_loss_fidelity: RL4CO free-loss step 120/200: score=9.338657 (avg=10.296213), loss=0.605996 (avg=0.614071), pairs_step=12160, pairs_total=1459200
[2026-02-28 14:24:22,518] INFO:fitness.free_loss_fidelity: RL4CO free-loss step 120/200: score=9.338657 (avg=10.296213), loss=0.605996 (avg=0.614071), pairs_step=12160, pairs_total=1459200
[2026-02-28 14:24:28,454] INFO:fitness.free_loss_fidelity: RL4CO free-loss step 140/200: score=9.355080 (avg=10.158686), loss=0.620609 (avg=0.611948), pairs_step=12160, pairs_total=1702400
[2026-02-28 14:24:28,454] INFO:fitness.free_loss_fidelity: RL4CO free-loss step 140/200: score=9.355080 (avg=10.158686), loss=0.620609 (avg=0.611948), pairs_step=12160, pairs_total=1702400
[2026-02-28 14:24:34,356] INFO:fitness.free_loss_fidelity: RL4CO free-loss step 160/200: score=9.229826 (avg=10.047439), loss=0.595345 (avg=0.610659), pairs_step=12160, pairs_total=1945600
[2026-02-28 14:24:34,356] INFO:fitness.free_loss_fidelity: RL4CO free-loss step 160/200: score=9.229826 (avg=10.047439), loss=0.595345 (avg=0.610659), pairs_step=12160, pairs_total=1945600
[2026-02-28 14:24:40,269] INFO:fitness.free_loss_fidelity: RL4CO free-loss step 180/200: score=9.131445 (avg=9.947576), loss=0.597413 (avg=0.609371), pairs_step=12160, pairs_total=2188800
[2026-02-28 14:24:40,269] INFO:fitness.free_loss_fidelity: RL4CO free-loss step 180/200: score=9.131445 (avg=9.947576), loss=0.597413 (avg=0.609371), pairs_step=12160, pairs_total=2188800
[2026-02-28 14:24:46,215] INFO:fitness.free_loss_fidelity: RL4CO free-loss step 200/200: score=9.084267 (avg=9.862490), loss=0.621934 (avg=0.608969), pairs_step=12160, pairs_total=2432000
[2026-02-28 14:24:46,215] INFO:fitness.free_loss_fidelity: RL4CO free-loss step 200/200: score=9.084267 (avg=9.862490), loss=0.621934 (avg=0.608969), pairs_step=12160, pairs_total=2432000
[2026-02-28 14:24:47,567] WARNING:fitness.free_loss_fidelity: weights_only checkpoint load failed (UnpicklingError); retrying weights_only=False for /data1/gushengda/eam-rl4co/baseline/epoch_135.ckpt
[2026-02-28 14:24:47,567] WARNING:fitness.free_loss_fidelity: weights_only checkpoint load failed (UnpicklingError); retrying weights_only=False for /data1/gushengda/eam-rl4co/baseline/epoch_135.ckpt
[2026-02-28 14:24:47,606] INFO:fitness.free_loss_fidelity: Loaded init checkpoint into policy: path=/data1/gushengda/eam-rl4co/baseline/epoch_135.ckpt prefix=policy. matched=97 missing=0 unexpected=0
[2026-02-28 14:24:47,606] INFO:fitness.free_loss_fidelity: Loaded init checkpoint into policy: path=/data1/gushengda/eam-rl4co/baseline/epoch_135.ckpt prefix=policy. matched=97 missing=0 unexpected=0
[2026-02-28 14:24:47,611] INFO:fitness.free_loss_fidelity: RL4CO free-loss (step-mode): f1_steps=200, f2_steps=0, total_steps=200, train_problem_size=100, rollouts=20, batch_size=64, device=cuda:1, env=tsp
[2026-02-28 14:24:47,611] INFO:fitness.free_loss_fidelity: RL4CO free-loss (step-mode): f1_steps=200, f2_steps=0, total_steps=200, train_problem_size=100, rollouts=20, batch_size=64, device=cuda:1, env=tsp
[2026-02-28 14:24:47,937] INFO:fitness.free_loss_fidelity: RL4CO free-loss step 1/200: score=7.825121 (avg=7.825121), loss=0.675659 (avg=0.675659), pairs_step=12151, pairs_total=12151
[2026-02-28 14:24:47,937] INFO:fitness.free_loss_fidelity: RL4CO free-loss step 1/200: score=7.825121 (avg=7.825121), loss=0.675659 (avg=0.675659), pairs_step=12151, pairs_total=12151
[2026-02-28 14:24:53,545] INFO:fitness.free_loss_fidelity: RL4CO free-loss step 20/200: score=7.816285 (avg=7.842141), loss=0.673157 (avg=0.671505), pairs_step=12151, pairs_total=243089
[2026-02-28 14:24:53,545] INFO:fitness.free_loss_fidelity: RL4CO free-loss step 20/200: score=7.816285 (avg=7.842141), loss=0.673157 (avg=0.671505), pairs_step=12151, pairs_total=243089
[2026-02-28 14:24:59,466] INFO:fitness.free_loss_fidelity: RL4CO free-loss step 40/200: score=7.853136 (avg=7.839280), loss=0.671357 (avg=0.671229), pairs_step=12156, pairs_total=486150
[2026-02-28 14:24:59,466] INFO:fitness.free_loss_fidelity: RL4CO free-loss step 40/200: score=7.853136 (avg=7.839280), loss=0.671357 (avg=0.671229), pairs_step=12156, pairs_total=486150
[2026-02-28 14:25:05,442] INFO:fitness.free_loss_fidelity: RL4CO free-loss step 60/200: score=7.839671 (avg=7.836383), loss=0.670236 (avg=0.671302), pairs_step=12152, pairs_total=729216
[2026-02-28 14:25:05,442] INFO:fitness.free_loss_fidelity: RL4CO free-loss step 60/200: score=7.839671 (avg=7.836383), loss=0.670236 (avg=0.671302), pairs_step=12152, pairs_total=729216
[2026-02-28 14:25:11,520] INFO:fitness.free_loss_fidelity: RL4CO free-loss step 80/200: score=7.836953 (avg=7.835107), loss=0.679308 (avg=0.671100), pairs_step=12150, pairs_total=972310
[2026-02-28 14:25:11,520] INFO:fitness.free_loss_fidelity: RL4CO free-loss step 80/200: score=7.836953 (avg=7.835107), loss=0.679308 (avg=0.671100), pairs_step=12150, pairs_total=972310
[2026-02-28 14:25:17,437] INFO:fitness.free_loss_fidelity: RL4CO free-loss step 100/200: score=7.792314 (avg=7.836135), loss=0.674579 (avg=0.671607), pairs_step=12150, pairs_total=1215374
[2026-02-28 14:25:17,437] INFO:fitness.free_loss_fidelity: RL4CO free-loss step 100/200: score=7.792314 (avg=7.836135), loss=0.674579 (avg=0.671607), pairs_step=12150, pairs_total=1215374
[2026-02-28 14:25:23,360] INFO:fitness.free_loss_fidelity: RL4CO free-loss step 120/200: score=7.812152 (avg=7.838111), loss=0.671254 (avg=0.671476), pairs_step=12158, pairs_total=1458454
[2026-02-28 14:25:23,360] INFO:fitness.free_loss_fidelity: RL4CO free-loss step 120/200: score=7.812152 (avg=7.838111), loss=0.671254 (avg=0.671476), pairs_step=12158, pairs_total=1458454
[2026-02-28 14:25:29,257] INFO:fitness.free_loss_fidelity: RL4CO free-loss step 140/200: score=7.867119 (avg=7.839755), loss=0.668053 (avg=0.671532), pairs_step=12153, pairs_total=1701542
[2026-02-28 14:25:29,257] INFO:fitness.free_loss_fidelity: RL4CO free-loss step 140/200: score=7.867119 (avg=7.839755), loss=0.668053 (avg=0.671532), pairs_step=12153, pairs_total=1701542
[2026-02-28 14:25:35,160] INFO:fitness.free_loss_fidelity: RL4CO free-loss step 160/200: score=7.830844 (avg=7.839374), loss=0.666876 (avg=0.671533), pairs_step=12156, pairs_total=1944634
[2026-02-28 14:25:35,160] INFO:fitness.free_loss_fidelity: RL4CO free-loss step 160/200: score=7.830844 (avg=7.839374), loss=0.666876 (avg=0.671533), pairs_step=12156, pairs_total=1944634
[2026-02-28 14:25:41,067] INFO:fitness.free_loss_fidelity: RL4CO free-loss step 180/200: score=7.824713 (avg=7.838319), loss=0.669591 (avg=0.671253), pairs_step=12158, pairs_total=2187723
[2026-02-28 14:25:41,067] INFO:fitness.free_loss_fidelity: RL4CO free-loss step 180/200: score=7.824713 (avg=7.838319), loss=0.669591 (avg=0.671253), pairs_step=12158, pairs_total=2187723
[2026-02-28 14:25:46,987] INFO:fitness.free_loss_fidelity: RL4CO free-loss step 200/200: score=7.853916 (avg=7.837314), loss=0.675779 (avg=0.671467), pairs_step=12154, pairs_total=2430832
[2026-02-28 14:25:46,987] INFO:fitness.free_loss_fidelity: RL4CO free-loss step 200/200: score=7.853916 (avg=7.837314), loss=0.675779 (avg=0.671467), pairs_step=12154, pairs_total=2430832
[2026-02-28 14:25:48,309] WARNING:fitness.free_loss_fidelity: weights_only checkpoint load failed (UnpicklingError); retrying weights_only=False for /data1/gushengda/eam-rl4co/baseline/epoch_409.ckpt
[2026-02-28 14:25:48,309] WARNING:fitness.free_loss_fidelity: weights_only checkpoint load failed (UnpicklingError); retrying weights_only=False for /data1/gushengda/eam-rl4co/baseline/epoch_409.ckpt
[2026-02-28 14:25:48,339] INFO:fitness.free_loss_fidelity: Loaded init checkpoint into policy: path=/data1/gushengda/eam-rl4co/baseline/epoch_409.ckpt prefix=policy. matched=97 missing=0 unexpected=0
[2026-02-28 14:25:48,339] INFO:fitness.free_loss_fidelity: Loaded init checkpoint into policy: path=/data1/gushengda/eam-rl4co/baseline/epoch_409.ckpt prefix=policy. matched=97 missing=0 unexpected=0
[2026-02-28 14:25:48,345] INFO:fitness.free_loss_fidelity: RL4CO free-loss (step-mode): f1_steps=200, f2_steps=0, total_steps=200, train_problem_size=100, rollouts=20, batch_size=64, device=cuda:1, env=tsp
[2026-02-28 14:25:48,345] INFO:fitness.free_loss_fidelity: RL4CO free-loss (step-mode): f1_steps=200, f2_steps=0, total_steps=200, train_problem_size=100, rollouts=20, batch_size=64, device=cuda:1, env=tsp
[2026-02-28 14:25:48,703] INFO:fitness.free_loss_fidelity: RL4CO free-loss step 1/200: score=7.826895 (avg=7.826895), loss=0.219171 (avg=0.219171), pairs_step=12149, pairs_total=12149
[2026-02-28 14:25:48,703] INFO:fitness.free_loss_fidelity: RL4CO free-loss step 1/200: score=7.826895 (avg=7.826895), loss=0.219171 (avg=0.219171), pairs_step=12149, pairs_total=12149
[2026-02-28 14:25:54,317] INFO:fitness.free_loss_fidelity: RL4CO free-loss step 20/200: score=7.814202 (avg=7.840996), loss=0.204485 (avg=0.208920), pairs_step=12153, pairs_total=243049
[2026-02-28 14:25:54,317] INFO:fitness.free_loss_fidelity: RL4CO free-loss step 20/200: score=7.814202 (avg=7.840996), loss=0.204485 (avg=0.208920), pairs_step=12153, pairs_total=243049
[2026-02-28 14:26:00,283] INFO:fitness.free_loss_fidelity: RL4CO free-loss step 40/200: score=7.854699 (avg=7.836201), loss=0.209690 (avg=0.208571), pairs_step=12154, pairs_total=486156
[2026-02-28 14:26:00,283] INFO:fitness.free_loss_fidelity: RL4CO free-loss step 40/200: score=7.854699 (avg=7.836201), loss=0.209690 (avg=0.208571), pairs_step=12154, pairs_total=486156
[2026-02-28 14:26:06,197] INFO:fitness.free_loss_fidelity: RL4CO free-loss step 60/200: score=7.852550 (avg=7.833794), loss=0.221575 (avg=0.210117), pairs_step=12151, pairs_total=729242
[2026-02-28 14:26:06,197] INFO:fitness.free_loss_fidelity: RL4CO free-loss step 60/200: score=7.852550 (avg=7.833794), loss=0.221575 (avg=0.210117), pairs_step=12151, pairs_total=729242
[2026-02-28 14:26:12,130] INFO:fitness.free_loss_fidelity: RL4CO free-loss step 80/200: score=7.827448 (avg=7.832104), loss=0.203728 (avg=0.209729), pairs_step=12154, pairs_total=972334
[2026-02-28 14:26:12,130] INFO:fitness.free_loss_fidelity: RL4CO free-loss step 80/200: score=7.827448 (avg=7.832104), loss=0.203728 (avg=0.209729), pairs_step=12154, pairs_total=972334
[2026-02-28 14:26:18,035] INFO:fitness.free_loss_fidelity: RL4CO free-loss step 100/200: score=7.791881 (avg=7.832458), loss=0.214584 (avg=0.207949), pairs_step=12153, pairs_total=1215414
[2026-02-28 14:26:18,035] INFO:fitness.free_loss_fidelity: RL4CO free-loss step 100/200: score=7.791881 (avg=7.832458), loss=0.214584 (avg=0.207949), pairs_step=12153, pairs_total=1215414
[2026-02-28 14:26:23,951] INFO:fitness.free_loss_fidelity: RL4CO free-loss step 120/200: score=7.811193 (avg=7.834536), loss=0.205024 (avg=0.207778), pairs_step=12152, pairs_total=1458509
[2026-02-28 14:26:23,951] INFO:fitness.free_loss_fidelity: RL4CO free-loss step 120/200: score=7.811193 (avg=7.834536), loss=0.205024 (avg=0.207778), pairs_step=12152, pairs_total=1458509
[2026-02-28 14:26:29,862] INFO:fitness.free_loss_fidelity: RL4CO free-loss step 140/200: score=7.874474 (avg=7.835980), loss=0.204652 (avg=0.207275), pairs_step=12154, pairs_total=1701596
[2026-02-28 14:26:29,862] INFO:fitness.free_loss_fidelity: RL4CO free-loss step 140/200: score=7.874474 (avg=7.835980), loss=0.204652 (avg=0.207275), pairs_step=12154, pairs_total=1701596
[2026-02-28 14:26:35,980] INFO:fitness.free_loss_fidelity: RL4CO free-loss step 160/200: score=7.830502 (avg=7.835812), loss=0.213949 (avg=0.207230), pairs_step=12154, pairs_total=1944671
[2026-02-28 14:26:35,980] INFO:fitness.free_loss_fidelity: RL4CO free-loss step 160/200: score=7.830502 (avg=7.835812), loss=0.213949 (avg=0.207230), pairs_step=12154, pairs_total=1944671
[2026-02-28 14:26:41,891] INFO:fitness.free_loss_fidelity: RL4CO free-loss step 180/200: score=7.823234 (avg=7.835089), loss=0.216345 (avg=0.207790), pairs_step=12157, pairs_total=2187761
[2026-02-28 14:26:41,891] INFO:fitness.free_loss_fidelity: RL4CO free-loss step 180/200: score=7.823234 (avg=7.835089), loss=0.216345 (avg=0.207790), pairs_step=12157, pairs_total=2187761
[2026-02-28 14:26:47,810] INFO:fitness.free_loss_fidelity: RL4CO free-loss step 200/200: score=7.844511 (avg=7.833682), loss=0.209099 (avg=0.208603), pairs_step=12150, pairs_total=2430862
[2026-02-28 14:26:47,810] INFO:fitness.free_loss_fidelity: RL4CO free-loss step 200/200: score=7.844511 (avg=7.833682), loss=0.209099 (avg=0.208603), pairs_step=12150, pairs_total=2430862
