[2026-02-28 13:00:12,066] INFO:fitness.free_loss_fidelity: Stage3 offline mini-train start gen=2 pair_index=13 K=200 seed=12345 valid_sizes=[20, 100] baseline_json=baseline/mini_eval/baseline_minitrain_tsp100_K200.json
[2026-02-28 13:00:12,066] INFO:fitness.free_loss_fidelity: Stage3 offline mini-train start gen=2 pair_index=13 K=200 seed=12345 valid_sizes=[20, 100] baseline_json=baseline/mini_eval/baseline_minitrain_tsp100_K200.json
[2026-02-28 13:00:12,098] INFO:fitness.free_loss_fidelity: RL4CO free-loss (step-mode): f1_steps=200, f2_steps=0, total_steps=200, train_problem_size=100, rollouts=20, batch_size=64, device=cuda:0, env=tsp
[2026-02-28 13:00:12,098] INFO:fitness.free_loss_fidelity: RL4CO free-loss (step-mode): f1_steps=200, f2_steps=0, total_steps=200, train_problem_size=100, rollouts=20, batch_size=64, device=cuda:0, env=tsp
[2026-02-28 13:00:12,460] INFO:fitness.free_loss_fidelity: RL4CO free-loss step 1/200: score=36.626595 (avg=36.626595), loss=0.847253 (avg=0.847253), pairs_step=12160, pairs_total=12160
[2026-02-28 13:00:12,460] INFO:fitness.free_loss_fidelity: RL4CO free-loss step 1/200: score=36.626595 (avg=36.626595), loss=0.847253 (avg=0.847253), pairs_step=12160, pairs_total=12160
[2026-02-28 13:00:18,510] INFO:fitness.free_loss_fidelity: RL4CO free-loss step 20/200: score=10.552571 (avg=13.470429), loss=0.608724 (avg=0.639715), pairs_step=12160, pairs_total=243200
[2026-02-28 13:00:18,510] INFO:fitness.free_loss_fidelity: RL4CO free-loss step 20/200: score=10.552571 (avg=13.470429), loss=0.608724 (avg=0.639715), pairs_step=12160, pairs_total=243200
[2026-02-28 13:00:24,854] INFO:fitness.free_loss_fidelity: RL4CO free-loss step 40/200: score=9.816443 (avg=11.766115), loss=0.618858 (avg=0.625996), pairs_step=12160, pairs_total=486400
[2026-02-28 13:00:24,854] INFO:fitness.free_loss_fidelity: RL4CO free-loss step 40/200: score=9.816443 (avg=11.766115), loss=0.618858 (avg=0.625996), pairs_step=12160, pairs_total=486400
[2026-02-28 13:00:31,219] INFO:fitness.free_loss_fidelity: RL4CO free-loss step 60/200: score=9.733596 (avg=11.104857), loss=0.592888 (avg=0.615810), pairs_step=12160, pairs_total=729600
[2026-02-28 13:00:31,219] INFO:fitness.free_loss_fidelity: RL4CO free-loss step 60/200: score=9.733596 (avg=11.104857), loss=0.592888 (avg=0.615810), pairs_step=12160, pairs_total=729600
[2026-02-28 13:00:37,738] INFO:fitness.free_loss_fidelity: RL4CO free-loss step 80/200: score=9.619042 (avg=10.724693), loss=0.571974 (avg=0.609044), pairs_step=12160, pairs_total=972800
[2026-02-28 13:00:37,738] INFO:fitness.free_loss_fidelity: RL4CO free-loss step 80/200: score=9.619042 (avg=10.724693), loss=0.571974 (avg=0.609044), pairs_step=12160, pairs_total=972800
[2026-02-28 13:00:44,070] INFO:fitness.free_loss_fidelity: RL4CO free-loss step 100/200: score=9.477651 (avg=10.480286), loss=0.576630 (avg=0.603384), pairs_step=12160, pairs_total=1215999
[2026-02-28 13:00:44,070] INFO:fitness.free_loss_fidelity: RL4CO free-loss step 100/200: score=9.477651 (avg=10.480286), loss=0.576630 (avg=0.603384), pairs_step=12160, pairs_total=1215999
[2026-02-28 13:00:50,395] INFO:fitness.free_loss_fidelity: RL4CO free-loss step 120/200: score=9.283220 (avg=10.301468), loss=0.578474 (avg=0.600172), pairs_step=12160, pairs_total=1459199
[2026-02-28 13:00:50,395] INFO:fitness.free_loss_fidelity: RL4CO free-loss step 120/200: score=9.283220 (avg=10.301468), loss=0.578474 (avg=0.600172), pairs_step=12160, pairs_total=1459199
[2026-02-28 13:00:56,734] INFO:fitness.free_loss_fidelity: RL4CO free-loss step 140/200: score=9.267151 (avg=10.163951), loss=0.568890 (avg=0.597560), pairs_step=12160, pairs_total=1702399
[2026-02-28 13:00:56,734] INFO:fitness.free_loss_fidelity: RL4CO free-loss step 140/200: score=9.267151 (avg=10.163951), loss=0.568890 (avg=0.597560), pairs_step=12160, pairs_total=1702399
[2026-02-28 13:01:03,049] INFO:fitness.free_loss_fidelity: RL4CO free-loss step 160/200: score=9.368609 (avg=10.054397), loss=0.582259 (avg=0.596639), pairs_step=12160, pairs_total=1945598
[2026-02-28 13:01:03,049] INFO:fitness.free_loss_fidelity: RL4CO free-loss step 160/200: score=9.368609 (avg=10.054397), loss=0.582259 (avg=0.596639), pairs_step=12160, pairs_total=1945598
[2026-02-28 13:01:09,388] INFO:fitness.free_loss_fidelity: RL4CO free-loss step 180/200: score=9.151428 (avg=9.957810), loss=0.587888 (avg=0.595591), pairs_step=12160, pairs_total=2188797
[2026-02-28 13:01:09,388] INFO:fitness.free_loss_fidelity: RL4CO free-loss step 180/200: score=9.151428 (avg=9.957810), loss=0.587888 (avg=0.595591), pairs_step=12160, pairs_total=2188797
[2026-02-28 13:01:15,714] INFO:fitness.free_loss_fidelity: RL4CO free-loss step 200/200: score=9.156822 (avg=9.876801), loss=0.586788 (avg=0.595396), pairs_step=12160, pairs_total=2431997
[2026-02-28 13:01:15,714] INFO:fitness.free_loss_fidelity: RL4CO free-loss step 200/200: score=9.156822 (avg=9.876801), loss=0.586788 (avg=0.595396), pairs_step=12160, pairs_total=2431997
[2026-02-28 13:01:17,282] WARNING:fitness.free_loss_fidelity: weights_only checkpoint load failed (UnpicklingError); retrying weights_only=False for /data1/gushengda/eam-rl4co/baseline/epoch_135.ckpt
[2026-02-28 13:01:17,282] WARNING:fitness.free_loss_fidelity: weights_only checkpoint load failed (UnpicklingError); retrying weights_only=False for /data1/gushengda/eam-rl4co/baseline/epoch_135.ckpt
[2026-02-28 13:01:17,327] INFO:fitness.free_loss_fidelity: Loaded init checkpoint into policy: path=/data1/gushengda/eam-rl4co/baseline/epoch_135.ckpt prefix=policy. matched=97 missing=0 unexpected=0
[2026-02-28 13:01:17,327] INFO:fitness.free_loss_fidelity: Loaded init checkpoint into policy: path=/data1/gushengda/eam-rl4co/baseline/epoch_135.ckpt prefix=policy. matched=97 missing=0 unexpected=0
[2026-02-28 13:01:17,333] INFO:fitness.free_loss_fidelity: RL4CO free-loss (step-mode): f1_steps=200, f2_steps=0, total_steps=200, train_problem_size=100, rollouts=20, batch_size=64, device=cuda:0, env=tsp
[2026-02-28 13:01:17,333] INFO:fitness.free_loss_fidelity: RL4CO free-loss (step-mode): f1_steps=200, f2_steps=0, total_steps=200, train_problem_size=100, rollouts=20, batch_size=64, device=cuda:0, env=tsp
[2026-02-28 13:01:17,705] INFO:fitness.free_loss_fidelity: RL4CO free-loss step 1/200: score=7.825121 (avg=7.825121), loss=0.673493 (avg=0.673493), pairs_step=12151, pairs_total=12151
[2026-02-28 13:01:17,705] INFO:fitness.free_loss_fidelity: RL4CO free-loss step 1/200: score=7.825121 (avg=7.825121), loss=0.673493 (avg=0.673493), pairs_step=12151, pairs_total=12151
[2026-02-28 13:01:23,744] INFO:fitness.free_loss_fidelity: RL4CO free-loss step 20/200: score=7.823562 (avg=7.843858), loss=0.666225 (avg=0.668021), pairs_step=12158, pairs_total=243060
[2026-02-28 13:01:23,744] INFO:fitness.free_loss_fidelity: RL4CO free-loss step 20/200: score=7.823562 (avg=7.843858), loss=0.666225 (avg=0.668021), pairs_step=12158, pairs_total=243060
[2026-02-28 13:01:30,066] INFO:fitness.free_loss_fidelity: RL4CO free-loss step 40/200: score=7.857576 (avg=7.840006), loss=0.659283 (avg=0.666740), pairs_step=12154, pairs_total=486141
[2026-02-28 13:01:30,066] INFO:fitness.free_loss_fidelity: RL4CO free-loss step 40/200: score=7.857576 (avg=7.840006), loss=0.659283 (avg=0.666740), pairs_step=12154, pairs_total=486141
[2026-02-28 13:01:36,397] INFO:fitness.free_loss_fidelity: RL4CO free-loss step 60/200: score=7.847583 (avg=7.837244), loss=0.662625 (avg=0.666436), pairs_step=12155, pairs_total=729218
[2026-02-28 13:01:36,397] INFO:fitness.free_loss_fidelity: RL4CO free-loss step 60/200: score=7.847583 (avg=7.837244), loss=0.662625 (avg=0.666436), pairs_step=12155, pairs_total=729218
[2026-02-28 13:01:42,726] INFO:fitness.free_loss_fidelity: RL4CO free-loss step 80/200: score=7.831174 (avg=7.836525), loss=0.663165 (avg=0.666648), pairs_step=12157, pairs_total=972321
[2026-02-28 13:01:42,726] INFO:fitness.free_loss_fidelity: RL4CO free-loss step 80/200: score=7.831174 (avg=7.836525), loss=0.663165 (avg=0.666648), pairs_step=12157, pairs_total=972321
[2026-02-28 13:01:49,096] INFO:fitness.free_loss_fidelity: RL4CO free-loss step 100/200: score=7.796688 (avg=7.837189), loss=0.669769 (avg=0.667133), pairs_step=12149, pairs_total=1215438
[2026-02-28 13:01:49,096] INFO:fitness.free_loss_fidelity: RL4CO free-loss step 100/200: score=7.796688 (avg=7.837189), loss=0.669769 (avg=0.667133), pairs_step=12149, pairs_total=1215438
[2026-02-28 13:01:55,447] INFO:fitness.free_loss_fidelity: RL4CO free-loss step 120/200: score=7.810192 (avg=7.839344), loss=0.676287 (avg=0.667508), pairs_step=12155, pairs_total=1458516
[2026-02-28 13:01:55,447] INFO:fitness.free_loss_fidelity: RL4CO free-loss step 120/200: score=7.810192 (avg=7.839344), loss=0.676287 (avg=0.667508), pairs_step=12155, pairs_total=1458516
[2026-02-28 13:02:01,748] INFO:fitness.free_loss_fidelity: RL4CO free-loss step 140/200: score=7.870978 (avg=7.840547), loss=0.669281 (avg=0.667943), pairs_step=12149, pairs_total=1701607
[2026-02-28 13:02:01,748] INFO:fitness.free_loss_fidelity: RL4CO free-loss step 140/200: score=7.870978 (avg=7.840547), loss=0.669281 (avg=0.667943), pairs_step=12149, pairs_total=1701607
[2026-02-28 13:02:08,121] INFO:fitness.free_loss_fidelity: RL4CO free-loss step 160/200: score=7.841388 (avg=7.840018), loss=0.663115 (avg=0.668008), pairs_step=12156, pairs_total=1944705
[2026-02-28 13:02:08,121] INFO:fitness.free_loss_fidelity: RL4CO free-loss step 160/200: score=7.841388 (avg=7.840018), loss=0.663115 (avg=0.668008), pairs_step=12156, pairs_total=1944705
[2026-02-28 13:02:14,493] INFO:fitness.free_loss_fidelity: RL4CO free-loss step 180/200: score=7.824492 (avg=7.839163), loss=0.676544 (avg=0.668220), pairs_step=12156, pairs_total=2187808
[2026-02-28 13:02:14,493] INFO:fitness.free_loss_fidelity: RL4CO free-loss step 180/200: score=7.824492 (avg=7.839163), loss=0.676544 (avg=0.668220), pairs_step=12156, pairs_total=2187808
[2026-02-28 13:02:20,878] INFO:fitness.free_loss_fidelity: RL4CO free-loss step 200/200: score=7.855760 (avg=7.838288), loss=0.671519 (avg=0.668547), pairs_step=12154, pairs_total=2430889
[2026-02-28 13:02:20,878] INFO:fitness.free_loss_fidelity: RL4CO free-loss step 200/200: score=7.855760 (avg=7.838288), loss=0.671519 (avg=0.668547), pairs_step=12154, pairs_total=2430889
[2026-02-28 13:02:22,445] WARNING:fitness.free_loss_fidelity: weights_only checkpoint load failed (UnpicklingError); retrying weights_only=False for /data1/gushengda/eam-rl4co/baseline/epoch_409.ckpt
[2026-02-28 13:02:22,445] WARNING:fitness.free_loss_fidelity: weights_only checkpoint load failed (UnpicklingError); retrying weights_only=False for /data1/gushengda/eam-rl4co/baseline/epoch_409.ckpt
[2026-02-28 13:02:22,487] INFO:fitness.free_loss_fidelity: Loaded init checkpoint into policy: path=/data1/gushengda/eam-rl4co/baseline/epoch_409.ckpt prefix=policy. matched=97 missing=0 unexpected=0
[2026-02-28 13:02:22,487] INFO:fitness.free_loss_fidelity: Loaded init checkpoint into policy: path=/data1/gushengda/eam-rl4co/baseline/epoch_409.ckpt prefix=policy. matched=97 missing=0 unexpected=0
[2026-02-28 13:02:22,493] INFO:fitness.free_loss_fidelity: RL4CO free-loss (step-mode): f1_steps=200, f2_steps=0, total_steps=200, train_problem_size=100, rollouts=20, batch_size=64, device=cuda:0, env=tsp
[2026-02-28 13:02:22,493] INFO:fitness.free_loss_fidelity: RL4CO free-loss (step-mode): f1_steps=200, f2_steps=0, total_steps=200, train_problem_size=100, rollouts=20, batch_size=64, device=cuda:0, env=tsp
[2026-02-28 13:02:22,852] INFO:fitness.free_loss_fidelity: RL4CO free-loss step 1/200: score=7.826895 (avg=7.826895), loss=0.215414 (avg=0.215414), pairs_step=12149, pairs_total=12149
[2026-02-28 13:02:22,852] INFO:fitness.free_loss_fidelity: RL4CO free-loss step 1/200: score=7.826895 (avg=7.826895), loss=0.215414 (avg=0.215414), pairs_step=12149, pairs_total=12149
[2026-02-28 13:02:28,847] INFO:fitness.free_loss_fidelity: RL4CO free-loss step 20/200: score=7.813078 (avg=7.838381), loss=0.200833 (avg=0.200905), pairs_step=12157, pairs_total=243064
[2026-02-28 13:02:28,847] INFO:fitness.free_loss_fidelity: RL4CO free-loss step 20/200: score=7.813078 (avg=7.838381), loss=0.200833 (avg=0.200905), pairs_step=12157, pairs_total=243064
[2026-02-28 13:02:35,186] INFO:fitness.free_loss_fidelity: RL4CO free-loss step 40/200: score=7.858872 (avg=7.835237), loss=0.209524 (avg=0.204780), pairs_step=12156, pairs_total=486105
[2026-02-28 13:02:35,186] INFO:fitness.free_loss_fidelity: RL4CO free-loss step 40/200: score=7.858872 (avg=7.835237), loss=0.209524 (avg=0.204780), pairs_step=12156, pairs_total=486105
[2026-02-28 13:02:41,513] INFO:fitness.free_loss_fidelity: RL4CO free-loss step 60/200: score=7.840407 (avg=7.831954), loss=0.219057 (avg=0.205353), pairs_step=12157, pairs_total=729205
[2026-02-28 13:02:41,513] INFO:fitness.free_loss_fidelity: RL4CO free-loss step 60/200: score=7.840407 (avg=7.831954), loss=0.219057 (avg=0.205353), pairs_step=12157, pairs_total=729205
[2026-02-28 13:02:47,853] INFO:fitness.free_loss_fidelity: RL4CO free-loss step 80/200: score=7.833972 (avg=7.832013), loss=0.211807 (avg=0.207394), pairs_step=12151, pairs_total=972297
[2026-02-28 13:02:47,853] INFO:fitness.free_loss_fidelity: RL4CO free-loss step 80/200: score=7.833972 (avg=7.832013), loss=0.211807 (avg=0.207394), pairs_step=12151, pairs_total=972297
[2026-02-28 13:02:54,182] INFO:fitness.free_loss_fidelity: RL4CO free-loss step 100/200: score=7.795890 (avg=7.833204), loss=0.216440 (avg=0.208435), pairs_step=12155, pairs_total=1215381
[2026-02-28 13:02:54,182] INFO:fitness.free_loss_fidelity: RL4CO free-loss step 100/200: score=7.795890 (avg=7.833204), loss=0.216440 (avg=0.208435), pairs_step=12155, pairs_total=1215381
[2026-02-28 13:03:00,520] INFO:fitness.free_loss_fidelity: RL4CO free-loss step 120/200: score=7.801782 (avg=7.834575), loss=0.201934 (avg=0.207995), pairs_step=12155, pairs_total=1458468
[2026-02-28 13:03:00,520] INFO:fitness.free_loss_fidelity: RL4CO free-loss step 120/200: score=7.801782 (avg=7.834575), loss=0.201934 (avg=0.207995), pairs_step=12155, pairs_total=1458468
[2026-02-28 13:03:06,859] INFO:fitness.free_loss_fidelity: RL4CO free-loss step 140/200: score=7.856531 (avg=7.834965), loss=0.201015 (avg=0.207273), pairs_step=12153, pairs_total=1701522
[2026-02-28 13:03:06,859] INFO:fitness.free_loss_fidelity: RL4CO free-loss step 140/200: score=7.856531 (avg=7.834965), loss=0.201015 (avg=0.207273), pairs_step=12153, pairs_total=1701522
[2026-02-28 13:03:13,363] INFO:fitness.free_loss_fidelity: RL4CO free-loss step 160/200: score=7.829608 (avg=7.834278), loss=0.211982 (avg=0.206957), pairs_step=12158, pairs_total=1944603
[2026-02-28 13:03:13,363] INFO:fitness.free_loss_fidelity: RL4CO free-loss step 160/200: score=7.829608 (avg=7.834278), loss=0.211982 (avg=0.206957), pairs_step=12158, pairs_total=1944603
[2026-02-28 13:03:19,713] INFO:fitness.free_loss_fidelity: RL4CO free-loss step 180/200: score=7.816160 (avg=7.833570), loss=0.212051 (avg=0.206850), pairs_step=12154, pairs_total=2187691
[2026-02-28 13:03:19,713] INFO:fitness.free_loss_fidelity: RL4CO free-loss step 180/200: score=7.816160 (avg=7.833570), loss=0.212051 (avg=0.206850), pairs_step=12154, pairs_total=2187691
[2026-02-28 13:03:26,039] INFO:fitness.free_loss_fidelity: RL4CO free-loss step 200/200: score=7.849652 (avg=7.832931), loss=0.197928 (avg=0.206934), pairs_step=12154, pairs_total=2430771
[2026-02-28 13:03:26,039] INFO:fitness.free_loss_fidelity: RL4CO free-loss step 200/200: score=7.849652 (avg=7.832931), loss=0.197928 (avg=0.206934), pairs_step=12154, pairs_total=2430771
