[2026-02-28 13:59:34,194] INFO:fitness.free_loss_fidelity: Stage3 offline mini-train start gen=5 pair_index=14 K=200 seed=12345 valid_sizes=[20, 100] baseline_json=baseline/mini_eval/baseline_minitrain_tsp100_K200.json
[2026-02-28 13:59:34,194] INFO:fitness.free_loss_fidelity: Stage3 offline mini-train start gen=5 pair_index=14 K=200 seed=12345 valid_sizes=[20, 100] baseline_json=baseline/mini_eval/baseline_minitrain_tsp100_K200.json
[2026-02-28 13:59:34,224] INFO:fitness.free_loss_fidelity: RL4CO free-loss (step-mode): f1_steps=200, f2_steps=0, total_steps=200, train_problem_size=100, rollouts=20, batch_size=64, device=cuda:3, env=tsp
[2026-02-28 13:59:34,224] INFO:fitness.free_loss_fidelity: RL4CO free-loss (step-mode): f1_steps=200, f2_steps=0, total_steps=200, train_problem_size=100, rollouts=20, batch_size=64, device=cuda:3, env=tsp
[2026-02-28 13:59:34,540] INFO:fitness.free_loss_fidelity: RL4CO free-loss step 1/200: score=36.626595 (avg=36.626595), loss=0.802105 (avg=0.802105), pairs_step=12160, pairs_total=12160
[2026-02-28 13:59:34,540] INFO:fitness.free_loss_fidelity: RL4CO free-loss step 1/200: score=36.626595 (avg=36.626595), loss=0.802105 (avg=0.802105), pairs_step=12160, pairs_total=12160
[2026-02-28 13:59:40,063] INFO:fitness.free_loss_fidelity: RL4CO free-loss step 20/200: score=10.584707 (avg=13.465614), loss=0.589662 (avg=0.619854), pairs_step=12160, pairs_total=243200
[2026-02-28 13:59:40,063] INFO:fitness.free_loss_fidelity: RL4CO free-loss step 20/200: score=10.584707 (avg=13.465614), loss=0.589662 (avg=0.619854), pairs_step=12160, pairs_total=243200
[2026-02-28 13:59:45,840] INFO:fitness.free_loss_fidelity: RL4CO free-loss step 40/200: score=9.990250 (avg=11.849146), loss=0.591286 (avg=0.604698), pairs_step=12160, pairs_total=486400
[2026-02-28 13:59:45,840] INFO:fitness.free_loss_fidelity: RL4CO free-loss step 40/200: score=9.990250 (avg=11.849146), loss=0.591286 (avg=0.604698), pairs_step=12160, pairs_total=486400
[2026-02-28 13:59:51,607] INFO:fitness.free_loss_fidelity: RL4CO free-loss step 60/200: score=9.750838 (avg=11.183903), loss=0.578228 (avg=0.593619), pairs_step=12160, pairs_total=729600
[2026-02-28 13:59:51,607] INFO:fitness.free_loss_fidelity: RL4CO free-loss step 60/200: score=9.750838 (avg=11.183903), loss=0.578228 (avg=0.593619), pairs_step=12160, pairs_total=729600
[2026-02-28 13:59:57,568] INFO:fitness.free_loss_fidelity: RL4CO free-loss step 80/200: score=9.553366 (avg=10.791120), loss=0.556164 (avg=0.588640), pairs_step=12160, pairs_total=972800
[2026-02-28 13:59:57,568] INFO:fitness.free_loss_fidelity: RL4CO free-loss step 80/200: score=9.553366 (avg=10.791120), loss=0.556164 (avg=0.588640), pairs_step=12160, pairs_total=972800
[2026-02-28 14:00:04,145] INFO:fitness.free_loss_fidelity: RL4CO free-loss step 100/200: score=9.438663 (avg=10.534391), loss=0.574485 (avg=0.583903), pairs_step=12160, pairs_total=1216000
[2026-02-28 14:00:04,145] INFO:fitness.free_loss_fidelity: RL4CO free-loss step 100/200: score=9.438663 (avg=10.534391), loss=0.574485 (avg=0.583903), pairs_step=12160, pairs_total=1216000
[2026-02-28 14:00:10,687] INFO:fitness.free_loss_fidelity: RL4CO free-loss step 120/200: score=9.327081 (avg=10.352510), loss=0.562705 (avg=0.581380), pairs_step=12160, pairs_total=1459200
[2026-02-28 14:00:10,687] INFO:fitness.free_loss_fidelity: RL4CO free-loss step 120/200: score=9.327081 (avg=10.352510), loss=0.562705 (avg=0.581380), pairs_step=12160, pairs_total=1459200
[2026-02-28 14:00:17,240] INFO:fitness.free_loss_fidelity: RL4CO free-loss step 140/200: score=9.304411 (avg=10.208677), loss=0.582583 (avg=0.578525), pairs_step=12160, pairs_total=1702400
[2026-02-28 14:00:17,240] INFO:fitness.free_loss_fidelity: RL4CO free-loss step 140/200: score=9.304411 (avg=10.208677), loss=0.582583 (avg=0.578525), pairs_step=12160, pairs_total=1702400
[2026-02-28 14:00:23,776] INFO:fitness.free_loss_fidelity: RL4CO free-loss step 160/200: score=9.281033 (avg=10.096346), loss=0.565137 (avg=0.577434), pairs_step=12160, pairs_total=1945600
[2026-02-28 14:00:23,776] INFO:fitness.free_loss_fidelity: RL4CO free-loss step 160/200: score=9.281033 (avg=10.096346), loss=0.565137 (avg=0.577434), pairs_step=12160, pairs_total=1945600
[2026-02-28 14:00:30,323] INFO:fitness.free_loss_fidelity: RL4CO free-loss step 180/200: score=9.231381 (avg=10.002218), loss=0.558310 (avg=0.576078), pairs_step=12160, pairs_total=2188800
[2026-02-28 14:00:30,323] INFO:fitness.free_loss_fidelity: RL4CO free-loss step 180/200: score=9.231381 (avg=10.002218), loss=0.558310 (avg=0.576078), pairs_step=12160, pairs_total=2188800
[2026-02-28 14:00:36,863] INFO:fitness.free_loss_fidelity: RL4CO free-loss step 200/200: score=9.177380 (avg=9.922031), loss=0.572429 (avg=0.575398), pairs_step=12160, pairs_total=2432000
[2026-02-28 14:00:36,863] INFO:fitness.free_loss_fidelity: RL4CO free-loss step 200/200: score=9.177380 (avg=9.922031), loss=0.572429 (avg=0.575398), pairs_step=12160, pairs_total=2432000
[2026-02-28 14:00:38,469] WARNING:fitness.free_loss_fidelity: weights_only checkpoint load failed (UnpicklingError); retrying weights_only=False for /data1/gushengda/eam-rl4co/baseline/epoch_135.ckpt
[2026-02-28 14:00:38,469] WARNING:fitness.free_loss_fidelity: weights_only checkpoint load failed (UnpicklingError); retrying weights_only=False for /data1/gushengda/eam-rl4co/baseline/epoch_135.ckpt
[2026-02-28 14:00:38,512] INFO:fitness.free_loss_fidelity: Loaded init checkpoint into policy: path=/data1/gushengda/eam-rl4co/baseline/epoch_135.ckpt prefix=policy. matched=97 missing=0 unexpected=0
[2026-02-28 14:00:38,512] INFO:fitness.free_loss_fidelity: Loaded init checkpoint into policy: path=/data1/gushengda/eam-rl4co/baseline/epoch_135.ckpt prefix=policy. matched=97 missing=0 unexpected=0
[2026-02-28 14:00:38,517] INFO:fitness.free_loss_fidelity: RL4CO free-loss (step-mode): f1_steps=200, f2_steps=0, total_steps=200, train_problem_size=100, rollouts=20, batch_size=64, device=cuda:3, env=tsp
[2026-02-28 14:00:38,517] INFO:fitness.free_loss_fidelity: RL4CO free-loss (step-mode): f1_steps=200, f2_steps=0, total_steps=200, train_problem_size=100, rollouts=20, batch_size=64, device=cuda:3, env=tsp
[2026-02-28 14:00:38,871] INFO:fitness.free_loss_fidelity: RL4CO free-loss step 1/200: score=7.825121 (avg=7.825121), loss=0.669272 (avg=0.669272), pairs_step=12151, pairs_total=12151
[2026-02-28 14:00:38,871] INFO:fitness.free_loss_fidelity: RL4CO free-loss step 1/200: score=7.825121 (avg=7.825121), loss=0.669272 (avg=0.669272), pairs_step=12151, pairs_total=12151
[2026-02-28 14:00:45,078] INFO:fitness.free_loss_fidelity: RL4CO free-loss step 20/200: score=7.821778 (avg=7.842037), loss=0.665909 (avg=0.661113), pairs_step=12153, pairs_total=243075
[2026-02-28 14:00:45,078] INFO:fitness.free_loss_fidelity: RL4CO free-loss step 20/200: score=7.821778 (avg=7.842037), loss=0.665909 (avg=0.661113), pairs_step=12153, pairs_total=243075
[2026-02-28 14:00:51,660] INFO:fitness.free_loss_fidelity: RL4CO free-loss step 40/200: score=7.859244 (avg=7.837822), loss=0.666770 (avg=0.663313), pairs_step=12156, pairs_total=486167
[2026-02-28 14:00:51,660] INFO:fitness.free_loss_fidelity: RL4CO free-loss step 40/200: score=7.859244 (avg=7.837822), loss=0.666770 (avg=0.663313), pairs_step=12156, pairs_total=486167
[2026-02-28 14:00:58,218] INFO:fitness.free_loss_fidelity: RL4CO free-loss step 60/200: score=7.845275 (avg=7.834183), loss=0.666573 (avg=0.664359), pairs_step=12152, pairs_total=729216
[2026-02-28 14:00:58,218] INFO:fitness.free_loss_fidelity: RL4CO free-loss step 60/200: score=7.845275 (avg=7.834183), loss=0.666573 (avg=0.664359), pairs_step=12152, pairs_total=729216
[2026-02-28 14:01:04,760] INFO:fitness.free_loss_fidelity: RL4CO free-loss step 80/200: score=7.839693 (avg=7.834358), loss=0.667219 (avg=0.665183), pairs_step=12156, pairs_total=972316
[2026-02-28 14:01:04,760] INFO:fitness.free_loss_fidelity: RL4CO free-loss step 80/200: score=7.839693 (avg=7.834358), loss=0.667219 (avg=0.665183), pairs_step=12156, pairs_total=972316
[2026-02-28 14:01:11,292] INFO:fitness.free_loss_fidelity: RL4CO free-loss step 100/200: score=7.793988 (avg=7.835936), loss=0.659271 (avg=0.665572), pairs_step=12143, pairs_total=1215382
[2026-02-28 14:01:11,292] INFO:fitness.free_loss_fidelity: RL4CO free-loss step 100/200: score=7.793988 (avg=7.835936), loss=0.659271 (avg=0.665572), pairs_step=12143, pairs_total=1215382
[2026-02-28 14:01:17,830] INFO:fitness.free_loss_fidelity: RL4CO free-loss step 120/200: score=7.809364 (avg=7.837181), loss=0.673162 (avg=0.665412), pairs_step=12158, pairs_total=1458450
[2026-02-28 14:01:17,830] INFO:fitness.free_loss_fidelity: RL4CO free-loss step 120/200: score=7.809364 (avg=7.837181), loss=0.673162 (avg=0.665412), pairs_step=12158, pairs_total=1458450
[2026-02-28 14:01:24,375] INFO:fitness.free_loss_fidelity: RL4CO free-loss step 140/200: score=7.859188 (avg=7.838399), loss=0.657739 (avg=0.665485), pairs_step=12157, pairs_total=1701539
[2026-02-28 14:01:24,375] INFO:fitness.free_loss_fidelity: RL4CO free-loss step 140/200: score=7.859188 (avg=7.838399), loss=0.657739 (avg=0.665485), pairs_step=12157, pairs_total=1701539
[2026-02-28 14:01:30,911] INFO:fitness.free_loss_fidelity: RL4CO free-loss step 160/200: score=7.839778 (avg=7.838155), loss=0.663415 (avg=0.665388), pairs_step=12155, pairs_total=1944655
[2026-02-28 14:01:30,911] INFO:fitness.free_loss_fidelity: RL4CO free-loss step 160/200: score=7.839778 (avg=7.838155), loss=0.663415 (avg=0.665388), pairs_step=12155, pairs_total=1944655
[2026-02-28 14:01:37,438] INFO:fitness.free_loss_fidelity: RL4CO free-loss step 180/200: score=7.831936 (avg=7.837326), loss=0.655625 (avg=0.665279), pairs_step=12150, pairs_total=2187743
[2026-02-28 14:01:37,438] INFO:fitness.free_loss_fidelity: RL4CO free-loss step 180/200: score=7.831936 (avg=7.837326), loss=0.655625 (avg=0.665279), pairs_step=12150, pairs_total=2187743
[2026-02-28 14:01:43,988] INFO:fitness.free_loss_fidelity: RL4CO free-loss step 200/200: score=7.851443 (avg=7.836479), loss=0.664573 (avg=0.664978), pairs_step=12156, pairs_total=2430827
[2026-02-28 14:01:43,988] INFO:fitness.free_loss_fidelity: RL4CO free-loss step 200/200: score=7.851443 (avg=7.836479), loss=0.664573 (avg=0.664978), pairs_step=12156, pairs_total=2430827
[2026-02-28 14:01:45,599] WARNING:fitness.free_loss_fidelity: weights_only checkpoint load failed (UnpicklingError); retrying weights_only=False for /data1/gushengda/eam-rl4co/baseline/epoch_409.ckpt
[2026-02-28 14:01:45,599] WARNING:fitness.free_loss_fidelity: weights_only checkpoint load failed (UnpicklingError); retrying weights_only=False for /data1/gushengda/eam-rl4co/baseline/epoch_409.ckpt
[2026-02-28 14:01:45,640] INFO:fitness.free_loss_fidelity: Loaded init checkpoint into policy: path=/data1/gushengda/eam-rl4co/baseline/epoch_409.ckpt prefix=policy. matched=97 missing=0 unexpected=0
[2026-02-28 14:01:45,640] INFO:fitness.free_loss_fidelity: Loaded init checkpoint into policy: path=/data1/gushengda/eam-rl4co/baseline/epoch_409.ckpt prefix=policy. matched=97 missing=0 unexpected=0
[2026-02-28 14:01:45,645] INFO:fitness.free_loss_fidelity: RL4CO free-loss (step-mode): f1_steps=200, f2_steps=0, total_steps=200, train_problem_size=100, rollouts=20, batch_size=64, device=cuda:3, env=tsp
[2026-02-28 14:01:45,645] INFO:fitness.free_loss_fidelity: RL4CO free-loss (step-mode): f1_steps=200, f2_steps=0, total_steps=200, train_problem_size=100, rollouts=20, batch_size=64, device=cuda:3, env=tsp
[2026-02-28 14:01:46,026] INFO:fitness.free_loss_fidelity: RL4CO free-loss step 1/200: score=7.826895 (avg=7.826895), loss=0.210506 (avg=0.210506), pairs_step=12149, pairs_total=12149
[2026-02-28 14:01:46,026] INFO:fitness.free_loss_fidelity: RL4CO free-loss step 1/200: score=7.826895 (avg=7.826895), loss=0.210506 (avg=0.210506), pairs_step=12149, pairs_total=12149
[2026-02-28 14:01:52,243] INFO:fitness.free_loss_fidelity: RL4CO free-loss step 20/200: score=7.808990 (avg=7.836587), loss=0.192099 (avg=0.193595), pairs_step=12152, pairs_total=243025
[2026-02-28 14:01:52,243] INFO:fitness.free_loss_fidelity: RL4CO free-loss step 20/200: score=7.808990 (avg=7.836587), loss=0.192099 (avg=0.193595), pairs_step=12152, pairs_total=243025
[2026-02-28 14:01:58,786] INFO:fitness.free_loss_fidelity: RL4CO free-loss step 40/200: score=7.856439 (avg=7.832987), loss=0.203743 (avg=0.198562), pairs_step=12153, pairs_total=486070
[2026-02-28 14:01:58,786] INFO:fitness.free_loss_fidelity: RL4CO free-loss step 40/200: score=7.856439 (avg=7.832987), loss=0.203743 (avg=0.198562), pairs_step=12153, pairs_total=486070
[2026-02-28 14:02:05,329] INFO:fitness.free_loss_fidelity: RL4CO free-loss step 60/200: score=7.838243 (avg=7.829847), loss=0.210278 (avg=0.200292), pairs_step=12144, pairs_total=729096
[2026-02-28 14:02:05,329] INFO:fitness.free_loss_fidelity: RL4CO free-loss step 60/200: score=7.838243 (avg=7.829847), loss=0.210278 (avg=0.200292), pairs_step=12144, pairs_total=729096
[2026-02-28 14:02:11,855] INFO:fitness.free_loss_fidelity: RL4CO free-loss step 80/200: score=7.833457 (avg=7.829109), loss=0.187958 (avg=0.199110), pairs_step=12155, pairs_total=972174
[2026-02-28 14:02:11,855] INFO:fitness.free_loss_fidelity: RL4CO free-loss step 80/200: score=7.833457 (avg=7.829109), loss=0.187958 (avg=0.199110), pairs_step=12155, pairs_total=972174
[2026-02-28 14:02:18,399] INFO:fitness.free_loss_fidelity: RL4CO free-loss step 100/200: score=7.790662 (avg=7.829879), loss=0.197394 (avg=0.197511), pairs_step=12155, pairs_total=1215260
[2026-02-28 14:02:18,399] INFO:fitness.free_loss_fidelity: RL4CO free-loss step 100/200: score=7.790662 (avg=7.829879), loss=0.197394 (avg=0.197511), pairs_step=12155, pairs_total=1215260
[2026-02-28 14:02:24,935] INFO:fitness.free_loss_fidelity: RL4CO free-loss step 120/200: score=7.805709 (avg=7.831907), loss=0.198527 (avg=0.196819), pairs_step=12153, pairs_total=1458322
[2026-02-28 14:02:24,935] INFO:fitness.free_loss_fidelity: RL4CO free-loss step 120/200: score=7.805709 (avg=7.831907), loss=0.198527 (avg=0.196819), pairs_step=12153, pairs_total=1458322
[2026-02-28 14:02:31,475] INFO:fitness.free_loss_fidelity: RL4CO free-loss step 140/200: score=7.865831 (avg=7.833681), loss=0.188491 (avg=0.196563), pairs_step=12152, pairs_total=1701409
[2026-02-28 14:02:31,475] INFO:fitness.free_loss_fidelity: RL4CO free-loss step 140/200: score=7.865831 (avg=7.833681), loss=0.188491 (avg=0.196563), pairs_step=12152, pairs_total=1701409
[2026-02-28 14:02:38,194] INFO:fitness.free_loss_fidelity: RL4CO free-loss step 160/200: score=7.826811 (avg=7.833293), loss=0.206744 (avg=0.196378), pairs_step=12159, pairs_total=1944503
[2026-02-28 14:02:38,194] INFO:fitness.free_loss_fidelity: RL4CO free-loss step 160/200: score=7.826811 (avg=7.833293), loss=0.206744 (avg=0.196378), pairs_step=12159, pairs_total=1944503
[2026-02-28 14:02:44,735] INFO:fitness.free_loss_fidelity: RL4CO free-loss step 180/200: score=7.827837 (avg=7.832469), loss=0.202782 (avg=0.196407), pairs_step=12142, pairs_total=2187587
[2026-02-28 14:02:44,735] INFO:fitness.free_loss_fidelity: RL4CO free-loss step 180/200: score=7.827837 (avg=7.832469), loss=0.202782 (avg=0.196407), pairs_step=12142, pairs_total=2187587
[2026-02-28 14:02:51,261] INFO:fitness.free_loss_fidelity: RL4CO free-loss step 200/200: score=7.848836 (avg=7.831111), loss=0.185702 (avg=0.196601), pairs_step=12152, pairs_total=2430630
[2026-02-28 14:02:51,261] INFO:fitness.free_loss_fidelity: RL4CO free-loss step 200/200: score=7.848836 (avg=7.831111), loss=0.185702 (avg=0.196601), pairs_step=12152, pairs_total=2430630
