[2026-02-28 13:40:58,935] INFO:fitness.free_loss_fidelity: Stage3 offline mini-train start gen=4 pair_index=20 K=200 seed=12345 valid_sizes=[20, 100] baseline_json=baseline/mini_eval/baseline_minitrain_tsp100_K200.json
[2026-02-28 13:40:58,935] INFO:fitness.free_loss_fidelity: Stage3 offline mini-train start gen=4 pair_index=20 K=200 seed=12345 valid_sizes=[20, 100] baseline_json=baseline/mini_eval/baseline_minitrain_tsp100_K200.json
[2026-02-28 13:40:58,953] INFO:fitness.free_loss_fidelity: RL4CO free-loss (step-mode): f1_steps=200, f2_steps=0, total_steps=200, train_problem_size=100, rollouts=20, batch_size=64, device=cuda:2, env=tsp
[2026-02-28 13:40:58,953] INFO:fitness.free_loss_fidelity: RL4CO free-loss (step-mode): f1_steps=200, f2_steps=0, total_steps=200, train_problem_size=100, rollouts=20, batch_size=64, device=cuda:2, env=tsp
[2026-02-28 13:40:59,329] INFO:fitness.free_loss_fidelity: RL4CO free-loss step 1/200: score=36.626595 (avg=36.626595), loss=0.857651 (avg=0.857651), pairs_step=12160, pairs_total=12160
[2026-02-28 13:40:59,329] INFO:fitness.free_loss_fidelity: RL4CO free-loss step 1/200: score=36.626595 (avg=36.626595), loss=0.857651 (avg=0.857651), pairs_step=12160, pairs_total=12160
[2026-02-28 13:41:05,450] INFO:fitness.free_loss_fidelity: RL4CO free-loss step 20/200: score=10.628161 (avg=13.437752), loss=0.629044 (avg=0.645276), pairs_step=12160, pairs_total=243200
[2026-02-28 13:41:05,450] INFO:fitness.free_loss_fidelity: RL4CO free-loss step 20/200: score=10.628161 (avg=13.437752), loss=0.629044 (avg=0.645276), pairs_step=12160, pairs_total=243200
[2026-02-28 13:41:11,897] INFO:fitness.free_loss_fidelity: RL4CO free-loss step 40/200: score=10.028275 (avg=11.839155), loss=0.609368 (avg=0.632139), pairs_step=12160, pairs_total=486400
[2026-02-28 13:41:11,897] INFO:fitness.free_loss_fidelity: RL4CO free-loss step 40/200: score=10.028275 (avg=11.839155), loss=0.609368 (avg=0.632139), pairs_step=12160, pairs_total=486400
[2026-02-28 13:41:18,341] INFO:fitness.free_loss_fidelity: RL4CO free-loss step 60/200: score=9.695427 (avg=11.152204), loss=0.599944 (avg=0.625112), pairs_step=12160, pairs_total=729600
[2026-02-28 13:41:18,341] INFO:fitness.free_loss_fidelity: RL4CO free-loss step 60/200: score=9.695427 (avg=11.152204), loss=0.599944 (avg=0.625112), pairs_step=12160, pairs_total=729600
[2026-02-28 13:41:24,781] INFO:fitness.free_loss_fidelity: RL4CO free-loss step 80/200: score=9.425949 (avg=10.755538), loss=0.600260 (avg=0.619760), pairs_step=12160, pairs_total=972800
[2026-02-28 13:41:24,781] INFO:fitness.free_loss_fidelity: RL4CO free-loss step 80/200: score=9.425949 (avg=10.755538), loss=0.600260 (avg=0.619760), pairs_step=12160, pairs_total=972800
[2026-02-28 13:41:31,232] INFO:fitness.free_loss_fidelity: RL4CO free-loss step 100/200: score=9.376389 (avg=10.495358), loss=0.604742 (avg=0.615932), pairs_step=12160, pairs_total=1215999
[2026-02-28 13:41:31,232] INFO:fitness.free_loss_fidelity: RL4CO free-loss step 100/200: score=9.376389 (avg=10.495358), loss=0.604742 (avg=0.615932), pairs_step=12160, pairs_total=1215999
[2026-02-28 13:41:37,668] INFO:fitness.free_loss_fidelity: RL4CO free-loss step 120/200: score=9.353151 (avg=10.310426), loss=0.589372 (avg=0.612916), pairs_step=12160, pairs_total=1459199
[2026-02-28 13:41:37,668] INFO:fitness.free_loss_fidelity: RL4CO free-loss step 120/200: score=9.353151 (avg=10.310426), loss=0.589372 (avg=0.612916), pairs_step=12160, pairs_total=1459199
[2026-02-28 13:41:44,127] INFO:fitness.free_loss_fidelity: RL4CO free-loss step 140/200: score=9.372842 (avg=10.174170), loss=0.606243 (avg=0.611706), pairs_step=12160, pairs_total=1702398
[2026-02-28 13:41:44,127] INFO:fitness.free_loss_fidelity: RL4CO free-loss step 140/200: score=9.372842 (avg=10.174170), loss=0.606243 (avg=0.611706), pairs_step=12160, pairs_total=1702398
[2026-02-28 13:41:50,560] INFO:fitness.free_loss_fidelity: RL4CO free-loss step 160/200: score=9.199747 (avg=10.057090), loss=0.600611 (avg=0.610643), pairs_step=12160, pairs_total=1945598
[2026-02-28 13:41:50,560] INFO:fitness.free_loss_fidelity: RL4CO free-loss step 160/200: score=9.199747 (avg=10.057090), loss=0.600611 (avg=0.610643), pairs_step=12160, pairs_total=1945598
[2026-02-28 13:41:57,004] INFO:fitness.free_loss_fidelity: RL4CO free-loss step 180/200: score=9.126902 (avg=9.958160), loss=0.615422 (avg=0.609901), pairs_step=12160, pairs_total=2188797
[2026-02-28 13:41:57,004] INFO:fitness.free_loss_fidelity: RL4CO free-loss step 180/200: score=9.126902 (avg=9.958160), loss=0.615422 (avg=0.609901), pairs_step=12160, pairs_total=2188797
[2026-02-28 13:42:03,474] INFO:fitness.free_loss_fidelity: RL4CO free-loss step 200/200: score=9.092606 (avg=9.876084), loss=0.599979 (avg=0.609065), pairs_step=12160, pairs_total=2431997
[2026-02-28 13:42:03,474] INFO:fitness.free_loss_fidelity: RL4CO free-loss step 200/200: score=9.092606 (avg=9.876084), loss=0.599979 (avg=0.609065), pairs_step=12160, pairs_total=2431997
[2026-02-28 13:42:04,756] WARNING:fitness.free_loss_fidelity: weights_only checkpoint load failed (UnpicklingError); retrying weights_only=False for /data1/gushengda/eam-rl4co/baseline/epoch_135.ckpt
[2026-02-28 13:42:04,756] WARNING:fitness.free_loss_fidelity: weights_only checkpoint load failed (UnpicklingError); retrying weights_only=False for /data1/gushengda/eam-rl4co/baseline/epoch_135.ckpt
[2026-02-28 13:42:04,796] INFO:fitness.free_loss_fidelity: Loaded init checkpoint into policy: path=/data1/gushengda/eam-rl4co/baseline/epoch_135.ckpt prefix=policy. matched=97 missing=0 unexpected=0
[2026-02-28 13:42:04,796] INFO:fitness.free_loss_fidelity: Loaded init checkpoint into policy: path=/data1/gushengda/eam-rl4co/baseline/epoch_135.ckpt prefix=policy. matched=97 missing=0 unexpected=0
[2026-02-28 13:42:04,801] INFO:fitness.free_loss_fidelity: RL4CO free-loss (step-mode): f1_steps=200, f2_steps=0, total_steps=200, train_problem_size=100, rollouts=20, batch_size=64, device=cuda:2, env=tsp
[2026-02-28 13:42:04,801] INFO:fitness.free_loss_fidelity: RL4CO free-loss (step-mode): f1_steps=200, f2_steps=0, total_steps=200, train_problem_size=100, rollouts=20, batch_size=64, device=cuda:2, env=tsp
[2026-02-28 13:42:05,139] INFO:fitness.free_loss_fidelity: RL4CO free-loss step 1/200: score=7.825121 (avg=7.825121), loss=0.675659 (avg=0.675659), pairs_step=12151, pairs_total=12151
[2026-02-28 13:42:05,139] INFO:fitness.free_loss_fidelity: RL4CO free-loss step 1/200: score=7.825121 (avg=7.825121), loss=0.675659 (avg=0.675659), pairs_step=12151, pairs_total=12151
[2026-02-28 13:42:11,270] INFO:fitness.free_loss_fidelity: RL4CO free-loss step 20/200: score=7.810801 (avg=7.845096), loss=0.676912 (avg=0.672111), pairs_step=12156, pairs_total=243077
[2026-02-28 13:42:11,270] INFO:fitness.free_loss_fidelity: RL4CO free-loss step 20/200: score=7.810801 (avg=7.845096), loss=0.676912 (avg=0.672111), pairs_step=12156, pairs_total=243077
[2026-02-28 13:42:17,714] INFO:fitness.free_loss_fidelity: RL4CO free-loss step 40/200: score=7.859513 (avg=7.841146), loss=0.676026 (avg=0.672288), pairs_step=12155, pairs_total=486160
[2026-02-28 13:42:17,714] INFO:fitness.free_loss_fidelity: RL4CO free-loss step 40/200: score=7.859513 (avg=7.841146), loss=0.676026 (avg=0.672288), pairs_step=12155, pairs_total=486160
[2026-02-28 13:42:24,156] INFO:fitness.free_loss_fidelity: RL4CO free-loss step 60/200: score=7.852757 (avg=7.839707), loss=0.672336 (avg=0.673256), pairs_step=12156, pairs_total=729220
[2026-02-28 13:42:24,156] INFO:fitness.free_loss_fidelity: RL4CO free-loss step 60/200: score=7.852757 (avg=7.839707), loss=0.672336 (avg=0.673256), pairs_step=12156, pairs_total=729220
[2026-02-28 13:42:30,602] INFO:fitness.free_loss_fidelity: RL4CO free-loss step 80/200: score=7.838825 (avg=7.838102), loss=0.672696 (avg=0.673239), pairs_step=12156, pairs_total=972316
[2026-02-28 13:42:30,602] INFO:fitness.free_loss_fidelity: RL4CO free-loss step 80/200: score=7.838825 (avg=7.838102), loss=0.672696 (avg=0.673239), pairs_step=12156, pairs_total=972316
[2026-02-28 13:42:37,058] INFO:fitness.free_loss_fidelity: RL4CO free-loss step 100/200: score=7.787473 (avg=7.838668), loss=0.664021 (avg=0.672717), pairs_step=12155, pairs_total=1215423
[2026-02-28 13:42:37,058] INFO:fitness.free_loss_fidelity: RL4CO free-loss step 100/200: score=7.787473 (avg=7.838668), loss=0.664021 (avg=0.672717), pairs_step=12155, pairs_total=1215423
[2026-02-28 13:42:43,504] INFO:fitness.free_loss_fidelity: RL4CO free-loss step 120/200: score=7.810540 (avg=7.839987), loss=0.670392 (avg=0.672498), pairs_step=12153, pairs_total=1458525
[2026-02-28 13:42:43,504] INFO:fitness.free_loss_fidelity: RL4CO free-loss step 120/200: score=7.810540 (avg=7.839987), loss=0.670392 (avg=0.672498), pairs_step=12153, pairs_total=1458525
[2026-02-28 13:42:49,942] INFO:fitness.free_loss_fidelity: RL4CO free-loss step 140/200: score=7.869313 (avg=7.841218), loss=0.669659 (avg=0.672364), pairs_step=12157, pairs_total=1701608
[2026-02-28 13:42:49,942] INFO:fitness.free_loss_fidelity: RL4CO free-loss step 140/200: score=7.869313 (avg=7.841218), loss=0.669659 (avg=0.672364), pairs_step=12157, pairs_total=1701608
[2026-02-28 13:42:56,389] INFO:fitness.free_loss_fidelity: RL4CO free-loss step 160/200: score=7.832437 (avg=7.840942), loss=0.671719 (avg=0.672230), pairs_step=12152, pairs_total=1944705
[2026-02-28 13:42:56,389] INFO:fitness.free_loss_fidelity: RL4CO free-loss step 160/200: score=7.832437 (avg=7.840942), loss=0.671719 (avg=0.672230), pairs_step=12152, pairs_total=1944705
[2026-02-28 13:43:02,846] INFO:fitness.free_loss_fidelity: RL4CO free-loss step 180/200: score=7.832356 (avg=7.840036), loss=0.674255 (avg=0.672342), pairs_step=12154, pairs_total=2187774
[2026-02-28 13:43:02,846] INFO:fitness.free_loss_fidelity: RL4CO free-loss step 180/200: score=7.832356 (avg=7.840036), loss=0.674255 (avg=0.672342), pairs_step=12154, pairs_total=2187774
[2026-02-28 13:43:09,297] INFO:fitness.free_loss_fidelity: RL4CO free-loss step 200/200: score=7.856237 (avg=7.838626), loss=0.672498 (avg=0.672440), pairs_step=12152, pairs_total=2430836
[2026-02-28 13:43:09,297] INFO:fitness.free_loss_fidelity: RL4CO free-loss step 200/200: score=7.856237 (avg=7.838626), loss=0.672498 (avg=0.672440), pairs_step=12152, pairs_total=2430836
[2026-02-28 13:43:10,578] WARNING:fitness.free_loss_fidelity: weights_only checkpoint load failed (UnpicklingError); retrying weights_only=False for /data1/gushengda/eam-rl4co/baseline/epoch_409.ckpt
[2026-02-28 13:43:10,578] WARNING:fitness.free_loss_fidelity: weights_only checkpoint load failed (UnpicklingError); retrying weights_only=False for /data1/gushengda/eam-rl4co/baseline/epoch_409.ckpt
[2026-02-28 13:43:10,617] INFO:fitness.free_loss_fidelity: Loaded init checkpoint into policy: path=/data1/gushengda/eam-rl4co/baseline/epoch_409.ckpt prefix=policy. matched=97 missing=0 unexpected=0
[2026-02-28 13:43:10,617] INFO:fitness.free_loss_fidelity: Loaded init checkpoint into policy: path=/data1/gushengda/eam-rl4co/baseline/epoch_409.ckpt prefix=policy. matched=97 missing=0 unexpected=0
[2026-02-28 13:43:10,622] INFO:fitness.free_loss_fidelity: RL4CO free-loss (step-mode): f1_steps=200, f2_steps=0, total_steps=200, train_problem_size=100, rollouts=20, batch_size=64, device=cuda:2, env=tsp
[2026-02-28 13:43:10,622] INFO:fitness.free_loss_fidelity: RL4CO free-loss (step-mode): f1_steps=200, f2_steps=0, total_steps=200, train_problem_size=100, rollouts=20, batch_size=64, device=cuda:2, env=tsp
[2026-02-28 13:43:11,005] INFO:fitness.free_loss_fidelity: RL4CO free-loss step 1/200: score=7.826895 (avg=7.826895), loss=0.219171 (avg=0.219171), pairs_step=12149, pairs_total=12149
[2026-02-28 13:43:11,005] INFO:fitness.free_loss_fidelity: RL4CO free-loss step 1/200: score=7.826895 (avg=7.826895), loss=0.219171 (avg=0.219171), pairs_step=12149, pairs_total=12149
[2026-02-28 13:43:17,138] INFO:fitness.free_loss_fidelity: RL4CO free-loss step 20/200: score=7.824439 (avg=7.843965), loss=0.203726 (avg=0.206776), pairs_step=12153, pairs_total=243093
[2026-02-28 13:43:17,138] INFO:fitness.free_loss_fidelity: RL4CO free-loss step 20/200: score=7.824439 (avg=7.843965), loss=0.203726 (avg=0.206776), pairs_step=12153, pairs_total=243093
[2026-02-28 13:43:23,587] INFO:fitness.free_loss_fidelity: RL4CO free-loss step 40/200: score=7.846200 (avg=7.840164), loss=0.199595 (avg=0.207453), pairs_step=12153, pairs_total=486174
[2026-02-28 13:43:23,587] INFO:fitness.free_loss_fidelity: RL4CO free-loss step 40/200: score=7.846200 (avg=7.840164), loss=0.199595 (avg=0.207453), pairs_step=12153, pairs_total=486174
[2026-02-28 13:43:30,028] INFO:fitness.free_loss_fidelity: RL4CO free-loss step 60/200: score=7.855527 (avg=7.836777), loss=0.198119 (avg=0.202387), pairs_step=12156, pairs_total=729283
[2026-02-28 13:43:30,028] INFO:fitness.free_loss_fidelity: RL4CO free-loss step 60/200: score=7.855527 (avg=7.836777), loss=0.198119 (avg=0.202387), pairs_step=12156, pairs_total=729283
[2026-02-28 13:43:36,484] INFO:fitness.free_loss_fidelity: RL4CO free-loss step 80/200: score=7.838797 (avg=7.836713), loss=0.200961 (avg=0.200687), pairs_step=12158, pairs_total=972361
[2026-02-28 13:43:36,484] INFO:fitness.free_loss_fidelity: RL4CO free-loss step 80/200: score=7.838797 (avg=7.836713), loss=0.200961 (avg=0.200687), pairs_step=12158, pairs_total=972361
[2026-02-28 13:43:42,933] INFO:fitness.free_loss_fidelity: RL4CO free-loss step 100/200: score=7.794703 (avg=7.837768), loss=0.214019 (avg=0.201382), pairs_step=12154, pairs_total=1215463
[2026-02-28 13:43:42,933] INFO:fitness.free_loss_fidelity: RL4CO free-loss step 100/200: score=7.794703 (avg=7.837768), loss=0.214019 (avg=0.201382), pairs_step=12154, pairs_total=1215463
[2026-02-28 13:43:49,373] INFO:fitness.free_loss_fidelity: RL4CO free-loss step 120/200: score=7.815427 (avg=7.840062), loss=0.215738 (avg=0.202688), pairs_step=12154, pairs_total=1458558
[2026-02-28 13:43:49,373] INFO:fitness.free_loss_fidelity: RL4CO free-loss step 120/200: score=7.815427 (avg=7.840062), loss=0.215738 (avg=0.202688), pairs_step=12154, pairs_total=1458558
[2026-02-28 13:43:55,829] INFO:fitness.free_loss_fidelity: RL4CO free-loss step 140/200: score=7.865190 (avg=7.841016), loss=0.194587 (avg=0.203286), pairs_step=12155, pairs_total=1701617
[2026-02-28 13:43:55,829] INFO:fitness.free_loss_fidelity: RL4CO free-loss step 140/200: score=7.865190 (avg=7.841016), loss=0.194587 (avg=0.203286), pairs_step=12155, pairs_total=1701617
[2026-02-28 13:44:02,271] INFO:fitness.free_loss_fidelity: RL4CO free-loss step 160/200: score=7.836444 (avg=7.840659), loss=0.203879 (avg=0.202760), pairs_step=12154, pairs_total=1944723
[2026-02-28 13:44:02,271] INFO:fitness.free_loss_fidelity: RL4CO free-loss step 160/200: score=7.836444 (avg=7.840659), loss=0.203879 (avg=0.202760), pairs_step=12154, pairs_total=1944723
[2026-02-28 13:44:08,721] INFO:fitness.free_loss_fidelity: RL4CO free-loss step 180/200: score=7.839107 (avg=7.839760), loss=0.200279 (avg=0.202577), pairs_step=12153, pairs_total=2187832
[2026-02-28 13:44:08,721] INFO:fitness.free_loss_fidelity: RL4CO free-loss step 180/200: score=7.839107 (avg=7.839760), loss=0.200279 (avg=0.202577), pairs_step=12153, pairs_total=2187832
[2026-02-28 13:44:15,179] INFO:fitness.free_loss_fidelity: RL4CO free-loss step 200/200: score=7.858520 (avg=7.839054), loss=0.193229 (avg=0.202060), pairs_step=12153, pairs_total=2430933
[2026-02-28 13:44:15,179] INFO:fitness.free_loss_fidelity: RL4CO free-loss step 200/200: score=7.858520 (avg=7.839054), loss=0.193229 (avg=0.202060), pairs_step=12153, pairs_total=2430933
