[2026-02-28 13:17:54,282] INFO:fitness.free_loss_fidelity: Stage3 offline mini-train start gen=3 pair_index=12 K=200 seed=12345 valid_sizes=[20, 100] baseline_json=baseline/mini_eval/baseline_minitrain_tsp100_K200.json
[2026-02-28 13:17:54,282] INFO:fitness.free_loss_fidelity: Stage3 offline mini-train start gen=3 pair_index=12 K=200 seed=12345 valid_sizes=[20, 100] baseline_json=baseline/mini_eval/baseline_minitrain_tsp100_K200.json
[2026-02-28 13:17:54,305] INFO:fitness.free_loss_fidelity: RL4CO free-loss (step-mode): f1_steps=200, f2_steps=0, total_steps=200, train_problem_size=100, rollouts=20, batch_size=64, device=cuda:0, env=tsp
[2026-02-28 13:17:54,305] INFO:fitness.free_loss_fidelity: RL4CO free-loss (step-mode): f1_steps=200, f2_steps=0, total_steps=200, train_problem_size=100, rollouts=20, batch_size=64, device=cuda:0, env=tsp
[2026-02-28 13:17:54,641] INFO:fitness.free_loss_fidelity: RL4CO free-loss step 1/200: score=36.626595 (avg=36.626595), loss=0.801535 (avg=0.801535), pairs_step=12160, pairs_total=12160
[2026-02-28 13:17:54,641] INFO:fitness.free_loss_fidelity: RL4CO free-loss step 1/200: score=36.626595 (avg=36.626595), loss=0.801535 (avg=0.801535), pairs_step=12160, pairs_total=12160
[2026-02-28 13:18:00,666] INFO:fitness.free_loss_fidelity: RL4CO free-loss step 20/200: score=10.376649 (avg=13.389147), loss=0.604123 (avg=0.619742), pairs_step=12160, pairs_total=243200
[2026-02-28 13:18:00,666] INFO:fitness.free_loss_fidelity: RL4CO free-loss step 20/200: score=10.376649 (avg=13.389147), loss=0.604123 (avg=0.619742), pairs_step=12160, pairs_total=243200
[2026-02-28 13:18:07,017] INFO:fitness.free_loss_fidelity: RL4CO free-loss step 40/200: score=9.874044 (avg=11.781624), loss=0.584750 (avg=0.607216), pairs_step=12160, pairs_total=486400
[2026-02-28 13:18:07,017] INFO:fitness.free_loss_fidelity: RL4CO free-loss step 40/200: score=9.874044 (avg=11.781624), loss=0.584750 (avg=0.607216), pairs_step=12160, pairs_total=486400
[2026-02-28 13:18:13,400] INFO:fitness.free_loss_fidelity: RL4CO free-loss step 60/200: score=9.719373 (avg=11.107302), loss=0.575175 (avg=0.600570), pairs_step=12160, pairs_total=729600
[2026-02-28 13:18:13,400] INFO:fitness.free_loss_fidelity: RL4CO free-loss step 60/200: score=9.719373 (avg=11.107302), loss=0.575175 (avg=0.600570), pairs_step=12160, pairs_total=729600
[2026-02-28 13:18:19,983] INFO:fitness.free_loss_fidelity: RL4CO free-loss step 80/200: score=9.524435 (avg=10.732624), loss=0.583852 (avg=0.596822), pairs_step=12160, pairs_total=972800
[2026-02-28 13:18:19,983] INFO:fitness.free_loss_fidelity: RL4CO free-loss step 80/200: score=9.524435 (avg=10.732624), loss=0.583852 (avg=0.596822), pairs_step=12160, pairs_total=972800
[2026-02-28 13:18:26,356] INFO:fitness.free_loss_fidelity: RL4CO free-loss step 100/200: score=9.417665 (avg=10.479444), loss=0.572834 (avg=0.593169), pairs_step=12160, pairs_total=1216000
[2026-02-28 13:18:26,356] INFO:fitness.free_loss_fidelity: RL4CO free-loss step 100/200: score=9.417665 (avg=10.479444), loss=0.572834 (avg=0.593169), pairs_step=12160, pairs_total=1216000
[2026-02-28 13:18:32,713] INFO:fitness.free_loss_fidelity: RL4CO free-loss step 120/200: score=9.232731 (avg=10.299393), loss=0.582453 (avg=0.591319), pairs_step=12160, pairs_total=1459200
[2026-02-28 13:18:32,713] INFO:fitness.free_loss_fidelity: RL4CO free-loss step 120/200: score=9.232731 (avg=10.299393), loss=0.582453 (avg=0.591319), pairs_step=12160, pairs_total=1459200
[2026-02-28 13:18:39,072] INFO:fitness.free_loss_fidelity: RL4CO free-loss step 140/200: score=9.266356 (avg=10.162694), loss=0.578238 (avg=0.588994), pairs_step=12160, pairs_total=1702400
[2026-02-28 13:18:39,072] INFO:fitness.free_loss_fidelity: RL4CO free-loss step 140/200: score=9.266356 (avg=10.162694), loss=0.578238 (avg=0.588994), pairs_step=12160, pairs_total=1702400
[2026-02-28 13:18:45,432] INFO:fitness.free_loss_fidelity: RL4CO free-loss step 160/200: score=9.251316 (avg=10.052051), loss=0.581110 (avg=0.587715), pairs_step=12160, pairs_total=1945600
[2026-02-28 13:18:45,432] INFO:fitness.free_loss_fidelity: RL4CO free-loss step 160/200: score=9.251316 (avg=10.052051), loss=0.581110 (avg=0.587715), pairs_step=12160, pairs_total=1945600
[2026-02-28 13:18:51,807] INFO:fitness.free_loss_fidelity: RL4CO free-loss step 180/200: score=9.166988 (avg=9.958289), loss=0.587612 (avg=0.586888), pairs_step=12160, pairs_total=2188800
[2026-02-28 13:18:51,807] INFO:fitness.free_loss_fidelity: RL4CO free-loss step 180/200: score=9.166988 (avg=9.958289), loss=0.587612 (avg=0.586888), pairs_step=12160, pairs_total=2188800
[2026-02-28 13:18:58,155] INFO:fitness.free_loss_fidelity: RL4CO free-loss step 200/200: score=9.175966 (avg=9.876114), loss=0.589750 (avg=0.586568), pairs_step=12160, pairs_total=2431999
[2026-02-28 13:18:58,155] INFO:fitness.free_loss_fidelity: RL4CO free-loss step 200/200: score=9.175966 (avg=9.876114), loss=0.589750 (avg=0.586568), pairs_step=12160, pairs_total=2431999
[2026-02-28 13:18:59,712] WARNING:fitness.free_loss_fidelity: weights_only checkpoint load failed (UnpicklingError); retrying weights_only=False for /data1/gushengda/eam-rl4co/baseline/epoch_135.ckpt
[2026-02-28 13:18:59,712] WARNING:fitness.free_loss_fidelity: weights_only checkpoint load failed (UnpicklingError); retrying weights_only=False for /data1/gushengda/eam-rl4co/baseline/epoch_135.ckpt
[2026-02-28 13:18:59,757] INFO:fitness.free_loss_fidelity: Loaded init checkpoint into policy: path=/data1/gushengda/eam-rl4co/baseline/epoch_135.ckpt prefix=policy. matched=97 missing=0 unexpected=0
[2026-02-28 13:18:59,757] INFO:fitness.free_loss_fidelity: Loaded init checkpoint into policy: path=/data1/gushengda/eam-rl4co/baseline/epoch_135.ckpt prefix=policy. matched=97 missing=0 unexpected=0
[2026-02-28 13:18:59,763] INFO:fitness.free_loss_fidelity: RL4CO free-loss (step-mode): f1_steps=200, f2_steps=0, total_steps=200, train_problem_size=100, rollouts=20, batch_size=64, device=cuda:0, env=tsp
[2026-02-28 13:18:59,763] INFO:fitness.free_loss_fidelity: RL4CO free-loss (step-mode): f1_steps=200, f2_steps=0, total_steps=200, train_problem_size=100, rollouts=20, batch_size=64, device=cuda:0, env=tsp
[2026-02-28 13:19:00,109] INFO:fitness.free_loss_fidelity: RL4CO free-loss step 1/200: score=7.825121 (avg=7.825121), loss=0.670116 (avg=0.670116), pairs_step=12151, pairs_total=12151
[2026-02-28 13:19:00,109] INFO:fitness.free_loss_fidelity: RL4CO free-loss step 1/200: score=7.825121 (avg=7.825121), loss=0.670116 (avg=0.670116), pairs_step=12151, pairs_total=12151
[2026-02-28 13:19:06,140] INFO:fitness.free_loss_fidelity: RL4CO free-loss step 20/200: score=7.825678 (avg=7.843195), loss=0.660832 (avg=0.663071), pairs_step=12155, pairs_total=243065
[2026-02-28 13:19:06,140] INFO:fitness.free_loss_fidelity: RL4CO free-loss step 20/200: score=7.825678 (avg=7.843195), loss=0.660832 (avg=0.663071), pairs_step=12155, pairs_total=243065
[2026-02-28 13:19:12,496] INFO:fitness.free_loss_fidelity: RL4CO free-loss step 40/200: score=7.850662 (avg=7.837973), loss=0.671048 (avg=0.664528), pairs_step=12157, pairs_total=486153
[2026-02-28 13:19:12,496] INFO:fitness.free_loss_fidelity: RL4CO free-loss step 40/200: score=7.850662 (avg=7.837973), loss=0.671048 (avg=0.664528), pairs_step=12157, pairs_total=486153
[2026-02-28 13:19:18,864] INFO:fitness.free_loss_fidelity: RL4CO free-loss step 60/200: score=7.852789 (avg=7.834581), loss=0.668959 (avg=0.665239), pairs_step=12147, pairs_total=729218
[2026-02-28 13:19:18,864] INFO:fitness.free_loss_fidelity: RL4CO free-loss step 60/200: score=7.852789 (avg=7.834581), loss=0.668959 (avg=0.665239), pairs_step=12147, pairs_total=729218
[2026-02-28 13:19:25,222] INFO:fitness.free_loss_fidelity: RL4CO free-loss step 80/200: score=7.841331 (avg=7.833130), loss=0.668039 (avg=0.665749), pairs_step=12157, pairs_total=972320
[2026-02-28 13:19:25,222] INFO:fitness.free_loss_fidelity: RL4CO free-loss step 80/200: score=7.841331 (avg=7.833130), loss=0.668039 (avg=0.665749), pairs_step=12157, pairs_total=972320
[2026-02-28 13:19:31,585] INFO:fitness.free_loss_fidelity: RL4CO free-loss step 100/200: score=7.791825 (avg=7.833992), loss=0.662862 (avg=0.665961), pairs_step=12151, pairs_total=1215393
[2026-02-28 13:19:31,585] INFO:fitness.free_loss_fidelity: RL4CO free-loss step 100/200: score=7.791825 (avg=7.833992), loss=0.662862 (avg=0.665961), pairs_step=12151, pairs_total=1215393
[2026-02-28 13:19:37,964] INFO:fitness.free_loss_fidelity: RL4CO free-loss step 120/200: score=7.810592 (avg=7.836490), loss=0.674338 (avg=0.666410), pairs_step=12150, pairs_total=1458449
[2026-02-28 13:19:37,964] INFO:fitness.free_loss_fidelity: RL4CO free-loss step 120/200: score=7.810592 (avg=7.836490), loss=0.674338 (avg=0.666410), pairs_step=12150, pairs_total=1458449
[2026-02-28 13:19:44,329] INFO:fitness.free_loss_fidelity: RL4CO free-loss step 140/200: score=7.869071 (avg=7.838574), loss=0.667430 (avg=0.666273), pairs_step=12150, pairs_total=1701519
[2026-02-28 13:19:44,329] INFO:fitness.free_loss_fidelity: RL4CO free-loss step 140/200: score=7.869071 (avg=7.838574), loss=0.667430 (avg=0.666273), pairs_step=12150, pairs_total=1701519
[2026-02-28 13:19:50,692] INFO:fitness.free_loss_fidelity: RL4CO free-loss step 160/200: score=7.831953 (avg=7.838283), loss=0.663754 (avg=0.666370), pairs_step=12155, pairs_total=1944586
[2026-02-28 13:19:50,692] INFO:fitness.free_loss_fidelity: RL4CO free-loss step 160/200: score=7.831953 (avg=7.838283), loss=0.663754 (avg=0.666370), pairs_step=12155, pairs_total=1944586
[2026-02-28 13:19:57,065] INFO:fitness.free_loss_fidelity: RL4CO free-loss step 180/200: score=7.830970 (avg=7.837311), loss=0.662338 (avg=0.666177), pairs_step=12150, pairs_total=2187665
[2026-02-28 13:19:57,065] INFO:fitness.free_loss_fidelity: RL4CO free-loss step 180/200: score=7.830970 (avg=7.837311), loss=0.662338 (avg=0.666177), pairs_step=12150, pairs_total=2187665
[2026-02-28 13:20:03,430] INFO:fitness.free_loss_fidelity: RL4CO free-loss step 200/200: score=7.855770 (avg=7.836567), loss=0.666252 (avg=0.665986), pairs_step=12156, pairs_total=2430723
[2026-02-28 13:20:03,430] INFO:fitness.free_loss_fidelity: RL4CO free-loss step 200/200: score=7.855770 (avg=7.836567), loss=0.666252 (avg=0.665986), pairs_step=12156, pairs_total=2430723
[2026-02-28 13:20:04,988] WARNING:fitness.free_loss_fidelity: weights_only checkpoint load failed (UnpicklingError); retrying weights_only=False for /data1/gushengda/eam-rl4co/baseline/epoch_409.ckpt
[2026-02-28 13:20:04,988] WARNING:fitness.free_loss_fidelity: weights_only checkpoint load failed (UnpicklingError); retrying weights_only=False for /data1/gushengda/eam-rl4co/baseline/epoch_409.ckpt
[2026-02-28 13:20:05,023] INFO:fitness.free_loss_fidelity: Loaded init checkpoint into policy: path=/data1/gushengda/eam-rl4co/baseline/epoch_409.ckpt prefix=policy. matched=97 missing=0 unexpected=0
[2026-02-28 13:20:05,023] INFO:fitness.free_loss_fidelity: Loaded init checkpoint into policy: path=/data1/gushengda/eam-rl4co/baseline/epoch_409.ckpt prefix=policy. matched=97 missing=0 unexpected=0
[2026-02-28 13:20:05,028] INFO:fitness.free_loss_fidelity: RL4CO free-loss (step-mode): f1_steps=200, f2_steps=0, total_steps=200, train_problem_size=100, rollouts=20, batch_size=64, device=cuda:0, env=tsp
[2026-02-28 13:20:05,028] INFO:fitness.free_loss_fidelity: RL4CO free-loss (step-mode): f1_steps=200, f2_steps=0, total_steps=200, train_problem_size=100, rollouts=20, batch_size=64, device=cuda:0, env=tsp
[2026-02-28 13:20:05,373] INFO:fitness.free_loss_fidelity: RL4CO free-loss step 1/200: score=7.826895 (avg=7.826895), loss=0.210744 (avg=0.210744), pairs_step=12149, pairs_total=12149
[2026-02-28 13:20:05,373] INFO:fitness.free_loss_fidelity: RL4CO free-loss step 1/200: score=7.826895 (avg=7.826895), loss=0.210744 (avg=0.210744), pairs_step=12149, pairs_total=12149
[2026-02-28 13:20:11,432] INFO:fitness.free_loss_fidelity: RL4CO free-loss step 20/200: score=7.801309 (avg=7.835795), loss=0.190690 (avg=0.193847), pairs_step=12157, pairs_total=243063
[2026-02-28 13:20:11,432] INFO:fitness.free_loss_fidelity: RL4CO free-loss step 20/200: score=7.801309 (avg=7.835795), loss=0.190690 (avg=0.193847), pairs_step=12157, pairs_total=243063
[2026-02-28 13:20:17,798] INFO:fitness.free_loss_fidelity: RL4CO free-loss step 40/200: score=7.854791 (avg=7.833293), loss=0.186062 (avg=0.194158), pairs_step=12155, pairs_total=486137
[2026-02-28 13:20:17,798] INFO:fitness.free_loss_fidelity: RL4CO free-loss step 40/200: score=7.854791 (avg=7.833293), loss=0.186062 (avg=0.194158), pairs_step=12155, pairs_total=486137
[2026-02-28 13:20:24,177] INFO:fitness.free_loss_fidelity: RL4CO free-loss step 60/200: score=7.840717 (avg=7.831694), loss=0.211725 (avg=0.194816), pairs_step=12153, pairs_total=729229
[2026-02-28 13:20:24,177] INFO:fitness.free_loss_fidelity: RL4CO free-loss step 60/200: score=7.840717 (avg=7.831694), loss=0.211725 (avg=0.194816), pairs_step=12153, pairs_total=729229
[2026-02-28 13:20:30,562] INFO:fitness.free_loss_fidelity: RL4CO free-loss step 80/200: score=7.835450 (avg=7.830552), loss=0.181100 (avg=0.194213), pairs_step=12151, pairs_total=972299
[2026-02-28 13:20:30,562] INFO:fitness.free_loss_fidelity: RL4CO free-loss step 80/200: score=7.835450 (avg=7.830552), loss=0.181100 (avg=0.194213), pairs_step=12151, pairs_total=972299
[2026-02-28 13:20:36,921] INFO:fitness.free_loss_fidelity: RL4CO free-loss step 100/200: score=7.783176 (avg=7.832328), loss=0.190833 (avg=0.191522), pairs_step=12157, pairs_total=1215433
[2026-02-28 13:20:36,921] INFO:fitness.free_loss_fidelity: RL4CO free-loss step 100/200: score=7.783176 (avg=7.832328), loss=0.190833 (avg=0.191522), pairs_step=12157, pairs_total=1215433
[2026-02-28 13:20:43,324] INFO:fitness.free_loss_fidelity: RL4CO free-loss step 120/200: score=7.806661 (avg=7.834396), loss=0.183778 (avg=0.190178), pairs_step=12152, pairs_total=1458525
[2026-02-28 13:20:43,324] INFO:fitness.free_loss_fidelity: RL4CO free-loss step 120/200: score=7.806661 (avg=7.834396), loss=0.183778 (avg=0.190178), pairs_step=12152, pairs_total=1458525
[2026-02-28 13:20:49,700] INFO:fitness.free_loss_fidelity: RL4CO free-loss step 140/200: score=7.866788 (avg=7.835645), loss=0.182296 (avg=0.189529), pairs_step=12149, pairs_total=1701607
[2026-02-28 13:20:49,700] INFO:fitness.free_loss_fidelity: RL4CO free-loss step 140/200: score=7.866788 (avg=7.835645), loss=0.182296 (avg=0.189529), pairs_step=12149, pairs_total=1701607
[2026-02-28 13:20:56,225] INFO:fitness.free_loss_fidelity: RL4CO free-loss step 160/200: score=7.834006 (avg=7.835953), loss=0.196245 (avg=0.189128), pairs_step=12154, pairs_total=1944684
[2026-02-28 13:20:56,225] INFO:fitness.free_loss_fidelity: RL4CO free-loss step 160/200: score=7.834006 (avg=7.835953), loss=0.196245 (avg=0.189128), pairs_step=12154, pairs_total=1944684
[2026-02-28 13:21:02,610] INFO:fitness.free_loss_fidelity: RL4CO free-loss step 180/200: score=7.822678 (avg=7.835071), loss=0.193622 (avg=0.189342), pairs_step=12157, pairs_total=2187781
[2026-02-28 13:21:02,610] INFO:fitness.free_loss_fidelity: RL4CO free-loss step 180/200: score=7.822678 (avg=7.835071), loss=0.193622 (avg=0.189342), pairs_step=12157, pairs_total=2187781
[2026-02-28 13:21:08,960] INFO:fitness.free_loss_fidelity: RL4CO free-loss step 200/200: score=7.847633 (avg=7.834017), loss=0.176476 (avg=0.189562), pairs_step=12153, pairs_total=2430884
[2026-02-28 13:21:08,960] INFO:fitness.free_loss_fidelity: RL4CO free-loss step 200/200: score=7.847633 (avg=7.834017), loss=0.176476 (avg=0.189562), pairs_step=12153, pairs_total=2430884
