[2026-02-28 15:45:53,635] INFO:fitness.free_loss_fidelity: Stage3 offline mini-train start gen=9 pair_index=16 K=200 seed=12345 valid_sizes=[20, 100] baseline_json=baseline/mini_eval/baseline_minitrain_tsp100_K200.json
[2026-02-28 15:45:53,635] INFO:fitness.free_loss_fidelity: Stage3 offline mini-train start gen=9 pair_index=16 K=200 seed=12345 valid_sizes=[20, 100] baseline_json=baseline/mini_eval/baseline_minitrain_tsp100_K200.json
[2026-02-28 15:45:53,655] INFO:fitness.free_loss_fidelity: RL4CO free-loss (step-mode): f1_steps=200, f2_steps=0, total_steps=200, train_problem_size=100, rollouts=20, batch_size=64, device=cuda:2, env=tsp
[2026-02-28 15:45:53,655] INFO:fitness.free_loss_fidelity: RL4CO free-loss (step-mode): f1_steps=200, f2_steps=0, total_steps=200, train_problem_size=100, rollouts=20, batch_size=64, device=cuda:2, env=tsp
[2026-02-28 15:45:54,015] INFO:fitness.free_loss_fidelity: RL4CO free-loss step 1/200: score=36.626595 (avg=36.626595), loss=0.814143 (avg=0.814143), pairs_step=12160, pairs_total=12160
[2026-02-28 15:45:54,015] INFO:fitness.free_loss_fidelity: RL4CO free-loss step 1/200: score=36.626595 (avg=36.626595), loss=0.814143 (avg=0.814143), pairs_step=12160, pairs_total=12160
[2026-02-28 15:46:00,123] INFO:fitness.free_loss_fidelity: RL4CO free-loss step 20/200: score=10.675711 (avg=13.611419), loss=0.610838 (avg=0.613677), pairs_step=12160, pairs_total=243200
[2026-02-28 15:46:00,123] INFO:fitness.free_loss_fidelity: RL4CO free-loss step 20/200: score=10.675711 (avg=13.611419), loss=0.610838 (avg=0.613677), pairs_step=12160, pairs_total=243200
[2026-02-28 15:46:06,532] INFO:fitness.free_loss_fidelity: RL4CO free-loss step 40/200: score=10.059547 (avg=11.908073), loss=0.566619 (avg=0.602095), pairs_step=12160, pairs_total=486400
[2026-02-28 15:46:06,532] INFO:fitness.free_loss_fidelity: RL4CO free-loss step 40/200: score=10.059547 (avg=11.908073), loss=0.566619 (avg=0.602095), pairs_step=12160, pairs_total=486400
[2026-02-28 15:46:12,948] INFO:fitness.free_loss_fidelity: RL4CO free-loss step 60/200: score=9.764207 (avg=11.216423), loss=0.561559 (avg=0.592472), pairs_step=12160, pairs_total=729600
[2026-02-28 15:46:12,948] INFO:fitness.free_loss_fidelity: RL4CO free-loss step 60/200: score=9.764207 (avg=11.216423), loss=0.561559 (avg=0.592472), pairs_step=12160, pairs_total=729600
[2026-02-28 15:46:19,376] INFO:fitness.free_loss_fidelity: RL4CO free-loss step 80/200: score=9.658478 (avg=10.840961), loss=0.544549 (avg=0.585473), pairs_step=12160, pairs_total=972800
[2026-02-28 15:46:19,376] INFO:fitness.free_loss_fidelity: RL4CO free-loss step 80/200: score=9.658478 (avg=10.840961), loss=0.544549 (avg=0.585473), pairs_step=12160, pairs_total=972800
[2026-02-28 15:46:25,796] INFO:fitness.free_loss_fidelity: RL4CO free-loss step 100/200: score=9.409525 (avg=10.582948), loss=0.566472 (avg=0.581282), pairs_step=12160, pairs_total=1216000
[2026-02-28 15:46:25,796] INFO:fitness.free_loss_fidelity: RL4CO free-loss step 100/200: score=9.409525 (avg=10.582948), loss=0.566472 (avg=0.581282), pairs_step=12160, pairs_total=1216000
[2026-02-28 15:46:32,219] INFO:fitness.free_loss_fidelity: RL4CO free-loss step 120/200: score=9.423954 (avg=10.397541), loss=0.562217 (avg=0.577060), pairs_step=12160, pairs_total=1459200
[2026-02-28 15:46:32,219] INFO:fitness.free_loss_fidelity: RL4CO free-loss step 120/200: score=9.423954 (avg=10.397541), loss=0.562217 (avg=0.577060), pairs_step=12160, pairs_total=1459200
[2026-02-28 15:46:38,635] INFO:fitness.free_loss_fidelity: RL4CO free-loss step 140/200: score=9.526007 (avg=10.256005), loss=0.572582 (avg=0.573947), pairs_step=12160, pairs_total=1702400
[2026-02-28 15:46:38,635] INFO:fitness.free_loss_fidelity: RL4CO free-loss step 140/200: score=9.526007 (avg=10.256005), loss=0.572582 (avg=0.573947), pairs_step=12160, pairs_total=1702400
[2026-02-28 15:46:45,071] INFO:fitness.free_loss_fidelity: RL4CO free-loss step 160/200: score=9.305897 (avg=10.143141), loss=0.553594 (avg=0.571644), pairs_step=12160, pairs_total=1945600
[2026-02-28 15:46:45,071] INFO:fitness.free_loss_fidelity: RL4CO free-loss step 160/200: score=9.305897 (avg=10.143141), loss=0.553594 (avg=0.571644), pairs_step=12160, pairs_total=1945600
[2026-02-28 15:46:51,482] INFO:fitness.free_loss_fidelity: RL4CO free-loss step 180/200: score=9.333836 (avg=10.047296), loss=0.568445 (avg=0.569919), pairs_step=12160, pairs_total=2188800
[2026-02-28 15:46:51,482] INFO:fitness.free_loss_fidelity: RL4CO free-loss step 180/200: score=9.333836 (avg=10.047296), loss=0.568445 (avg=0.569919), pairs_step=12160, pairs_total=2188800
[2026-02-28 15:46:57,886] INFO:fitness.free_loss_fidelity: RL4CO free-loss step 200/200: score=9.259654 (avg=9.966579), loss=0.565912 (avg=0.569143), pairs_step=12160, pairs_total=2432000
[2026-02-28 15:46:57,886] INFO:fitness.free_loss_fidelity: RL4CO free-loss step 200/200: score=9.259654 (avg=9.966579), loss=0.565912 (avg=0.569143), pairs_step=12160, pairs_total=2432000
[2026-02-28 15:46:59,474] WARNING:fitness.free_loss_fidelity: weights_only checkpoint load failed (UnpicklingError); retrying weights_only=False for /data1/gushengda/eam-rl4co/baseline/epoch_135.ckpt
[2026-02-28 15:46:59,474] WARNING:fitness.free_loss_fidelity: weights_only checkpoint load failed (UnpicklingError); retrying weights_only=False for /data1/gushengda/eam-rl4co/baseline/epoch_135.ckpt
[2026-02-28 15:46:59,519] INFO:fitness.free_loss_fidelity: Loaded init checkpoint into policy: path=/data1/gushengda/eam-rl4co/baseline/epoch_135.ckpt prefix=policy. matched=97 missing=0 unexpected=0
[2026-02-28 15:46:59,519] INFO:fitness.free_loss_fidelity: Loaded init checkpoint into policy: path=/data1/gushengda/eam-rl4co/baseline/epoch_135.ckpt prefix=policy. matched=97 missing=0 unexpected=0
[2026-02-28 15:46:59,526] INFO:fitness.free_loss_fidelity: RL4CO free-loss (step-mode): f1_steps=200, f2_steps=0, total_steps=200, train_problem_size=100, rollouts=20, batch_size=64, device=cuda:2, env=tsp
[2026-02-28 15:46:59,526] INFO:fitness.free_loss_fidelity: RL4CO free-loss (step-mode): f1_steps=200, f2_steps=0, total_steps=200, train_problem_size=100, rollouts=20, batch_size=64, device=cuda:2, env=tsp
[2026-02-28 15:46:59,875] INFO:fitness.free_loss_fidelity: RL4CO free-loss step 1/200: score=7.825121 (avg=7.825121), loss=0.666647 (avg=0.666647), pairs_step=12151, pairs_total=12151
[2026-02-28 15:46:59,875] INFO:fitness.free_loss_fidelity: RL4CO free-loss step 1/200: score=7.825121 (avg=7.825121), loss=0.666647 (avg=0.666647), pairs_step=12151, pairs_total=12151
[2026-02-28 15:47:05,985] INFO:fitness.free_loss_fidelity: RL4CO free-loss step 20/200: score=7.818186 (avg=7.844945), loss=0.661657 (avg=0.658011), pairs_step=12157, pairs_total=243066
[2026-02-28 15:47:05,985] INFO:fitness.free_loss_fidelity: RL4CO free-loss step 20/200: score=7.818186 (avg=7.844945), loss=0.661657 (avg=0.658011), pairs_step=12157, pairs_total=243066
[2026-02-28 15:47:12,424] INFO:fitness.free_loss_fidelity: RL4CO free-loss step 40/200: score=7.850431 (avg=7.840821), loss=0.661586 (avg=0.658482), pairs_step=12145, pairs_total=486157
[2026-02-28 15:47:12,424] INFO:fitness.free_loss_fidelity: RL4CO free-loss step 40/200: score=7.850431 (avg=7.840821), loss=0.661586 (avg=0.658482), pairs_step=12145, pairs_total=486157
[2026-02-28 15:47:18,844] INFO:fitness.free_loss_fidelity: RL4CO free-loss step 60/200: score=7.853189 (avg=7.836770), loss=0.665057 (avg=0.659447), pairs_step=12144, pairs_total=729214
[2026-02-28 15:47:18,844] INFO:fitness.free_loss_fidelity: RL4CO free-loss step 60/200: score=7.853189 (avg=7.836770), loss=0.665057 (avg=0.659447), pairs_step=12144, pairs_total=729214
[2026-02-28 15:47:25,271] INFO:fitness.free_loss_fidelity: RL4CO free-loss step 80/200: score=7.840566 (avg=7.835709), loss=0.659380 (avg=0.660284), pairs_step=12158, pairs_total=972308
[2026-02-28 15:47:25,271] INFO:fitness.free_loss_fidelity: RL4CO free-loss step 80/200: score=7.840566 (avg=7.835709), loss=0.659380 (avg=0.660284), pairs_step=12158, pairs_total=972308
[2026-02-28 15:47:31,695] INFO:fitness.free_loss_fidelity: RL4CO free-loss step 100/200: score=7.789491 (avg=7.836737), loss=0.659245 (avg=0.660150), pairs_step=12159, pairs_total=1215410
[2026-02-28 15:47:31,695] INFO:fitness.free_loss_fidelity: RL4CO free-loss step 100/200: score=7.789491 (avg=7.836737), loss=0.659245 (avg=0.660150), pairs_step=12159, pairs_total=1215410
[2026-02-28 15:47:38,131] INFO:fitness.free_loss_fidelity: RL4CO free-loss step 120/200: score=7.822176 (avg=7.839093), loss=0.660409 (avg=0.660370), pairs_step=12148, pairs_total=1458492
[2026-02-28 15:47:38,131] INFO:fitness.free_loss_fidelity: RL4CO free-loss step 120/200: score=7.822176 (avg=7.839093), loss=0.660409 (avg=0.660370), pairs_step=12148, pairs_total=1458492
[2026-02-28 15:47:44,561] INFO:fitness.free_loss_fidelity: RL4CO free-loss step 140/200: score=7.866730 (avg=7.841108), loss=0.662893 (avg=0.660661), pairs_step=12155, pairs_total=1701557
[2026-02-28 15:47:44,561] INFO:fitness.free_loss_fidelity: RL4CO free-loss step 140/200: score=7.866730 (avg=7.841108), loss=0.662893 (avg=0.660661), pairs_step=12155, pairs_total=1701557
[2026-02-28 15:47:50,983] INFO:fitness.free_loss_fidelity: RL4CO free-loss step 160/200: score=7.831450 (avg=7.841271), loss=0.658567 (avg=0.660900), pairs_step=12151, pairs_total=1944638
[2026-02-28 15:47:50,983] INFO:fitness.free_loss_fidelity: RL4CO free-loss step 160/200: score=7.831450 (avg=7.841271), loss=0.658567 (avg=0.660900), pairs_step=12151, pairs_total=1944638
[2026-02-28 15:47:57,406] INFO:fitness.free_loss_fidelity: RL4CO free-loss step 180/200: score=7.835148 (avg=7.840340), loss=0.658903 (avg=0.660799), pairs_step=12154, pairs_total=2187735
[2026-02-28 15:47:57,406] INFO:fitness.free_loss_fidelity: RL4CO free-loss step 180/200: score=7.835148 (avg=7.840340), loss=0.658903 (avg=0.660799), pairs_step=12154, pairs_total=2187735
[2026-02-28 15:48:03,826] INFO:fitness.free_loss_fidelity: RL4CO free-loss step 200/200: score=7.852230 (avg=7.839270), loss=0.655195 (avg=0.660950), pairs_step=12156, pairs_total=2430836
[2026-02-28 15:48:03,826] INFO:fitness.free_loss_fidelity: RL4CO free-loss step 200/200: score=7.852230 (avg=7.839270), loss=0.655195 (avg=0.660950), pairs_step=12156, pairs_total=2430836
[2026-02-28 15:48:05,406] WARNING:fitness.free_loss_fidelity: weights_only checkpoint load failed (UnpicklingError); retrying weights_only=False for /data1/gushengda/eam-rl4co/baseline/epoch_409.ckpt
[2026-02-28 15:48:05,406] WARNING:fitness.free_loss_fidelity: weights_only checkpoint load failed (UnpicklingError); retrying weights_only=False for /data1/gushengda/eam-rl4co/baseline/epoch_409.ckpt
[2026-02-28 15:48:05,442] INFO:fitness.free_loss_fidelity: Loaded init checkpoint into policy: path=/data1/gushengda/eam-rl4co/baseline/epoch_409.ckpt prefix=policy. matched=97 missing=0 unexpected=0
[2026-02-28 15:48:05,442] INFO:fitness.free_loss_fidelity: Loaded init checkpoint into policy: path=/data1/gushengda/eam-rl4co/baseline/epoch_409.ckpt prefix=policy. matched=97 missing=0 unexpected=0
[2026-02-28 15:48:05,449] INFO:fitness.free_loss_fidelity: RL4CO free-loss (step-mode): f1_steps=200, f2_steps=0, total_steps=200, train_problem_size=100, rollouts=20, batch_size=64, device=cuda:2, env=tsp
[2026-02-28 15:48:05,449] INFO:fitness.free_loss_fidelity: RL4CO free-loss (step-mode): f1_steps=200, f2_steps=0, total_steps=200, train_problem_size=100, rollouts=20, batch_size=64, device=cuda:2, env=tsp
[2026-02-28 15:48:05,814] INFO:fitness.free_loss_fidelity: RL4CO free-loss step 1/200: score=7.826895 (avg=7.826895), loss=0.204061 (avg=0.204061), pairs_step=12149, pairs_total=12149
[2026-02-28 15:48:05,814] INFO:fitness.free_loss_fidelity: RL4CO free-loss step 1/200: score=7.826895 (avg=7.826895), loss=0.204061 (avg=0.204061), pairs_step=12149, pairs_total=12149
[2026-02-28 15:48:12,311] INFO:fitness.free_loss_fidelity: RL4CO free-loss step 20/200: score=7.822003 (avg=7.840462), loss=0.179242 (avg=0.185498), pairs_step=12154, pairs_total=243089
[2026-02-28 15:48:12,311] INFO:fitness.free_loss_fidelity: RL4CO free-loss step 20/200: score=7.822003 (avg=7.840462), loss=0.179242 (avg=0.185498), pairs_step=12154, pairs_total=243089
[2026-02-28 15:48:19,267] INFO:fitness.free_loss_fidelity: RL4CO free-loss step 40/200: score=7.850325 (avg=7.835819), loss=0.191356 (avg=0.186437), pairs_step=12151, pairs_total=486186
[2026-02-28 15:48:19,267] INFO:fitness.free_loss_fidelity: RL4CO free-loss step 40/200: score=7.850325 (avg=7.835819), loss=0.191356 (avg=0.186437), pairs_step=12151, pairs_total=486186
[2026-02-28 15:48:26,215] INFO:fitness.free_loss_fidelity: RL4CO free-loss step 60/200: score=7.844827 (avg=7.831886), loss=0.197385 (avg=0.187860), pairs_step=12155, pairs_total=729280
[2026-02-28 15:48:26,215] INFO:fitness.free_loss_fidelity: RL4CO free-loss step 60/200: score=7.844827 (avg=7.831886), loss=0.197385 (avg=0.187860), pairs_step=12155, pairs_total=729280
[2026-02-28 15:48:33,173] INFO:fitness.free_loss_fidelity: RL4CO free-loss step 80/200: score=7.825953 (avg=7.831407), loss=0.177749 (avg=0.187481), pairs_step=12155, pairs_total=972362
[2026-02-28 15:48:33,173] INFO:fitness.free_loss_fidelity: RL4CO free-loss step 80/200: score=7.825953 (avg=7.831407), loss=0.177749 (avg=0.187481), pairs_step=12155, pairs_total=972362
[2026-02-28 15:48:40,111] INFO:fitness.free_loss_fidelity: RL4CO free-loss step 100/200: score=7.791254 (avg=7.832003), loss=0.183934 (avg=0.186048), pairs_step=12155, pairs_total=1215446
[2026-02-28 15:48:40,111] INFO:fitness.free_loss_fidelity: RL4CO free-loss step 100/200: score=7.791254 (avg=7.832003), loss=0.183934 (avg=0.186048), pairs_step=12155, pairs_total=1215446
[2026-02-28 15:48:47,051] INFO:fitness.free_loss_fidelity: RL4CO free-loss step 120/200: score=7.804832 (avg=7.833628), loss=0.171816 (avg=0.184931), pairs_step=12158, pairs_total=1458531
[2026-02-28 15:48:47,051] INFO:fitness.free_loss_fidelity: RL4CO free-loss step 120/200: score=7.804832 (avg=7.833628), loss=0.171816 (avg=0.184931), pairs_step=12158, pairs_total=1458531
[2026-02-28 15:48:53,998] INFO:fitness.free_loss_fidelity: RL4CO free-loss step 140/200: score=7.862910 (avg=7.835190), loss=0.177339 (avg=0.183825), pairs_step=12156, pairs_total=1701616
[2026-02-28 15:48:53,998] INFO:fitness.free_loss_fidelity: RL4CO free-loss step 140/200: score=7.862910 (avg=7.835190), loss=0.177339 (avg=0.183825), pairs_step=12156, pairs_total=1701616
[2026-02-28 15:49:00,940] INFO:fitness.free_loss_fidelity: RL4CO free-loss step 160/200: score=7.828706 (avg=7.835109), loss=0.192922 (avg=0.183458), pairs_step=12155, pairs_total=1944681
[2026-02-28 15:49:00,940] INFO:fitness.free_loss_fidelity: RL4CO free-loss step 160/200: score=7.828706 (avg=7.835109), loss=0.192922 (avg=0.183458), pairs_step=12155, pairs_total=1944681
[2026-02-28 15:49:07,880] INFO:fitness.free_loss_fidelity: RL4CO free-loss step 180/200: score=7.823298 (avg=7.834591), loss=0.185538 (avg=0.183755), pairs_step=12157, pairs_total=2187797
[2026-02-28 15:49:07,880] INFO:fitness.free_loss_fidelity: RL4CO free-loss step 180/200: score=7.823298 (avg=7.834591), loss=0.185538 (avg=0.183755), pairs_step=12157, pairs_total=2187797
[2026-02-28 15:49:14,830] INFO:fitness.free_loss_fidelity: RL4CO free-loss step 200/200: score=7.859900 (avg=7.834113), loss=0.176944 (avg=0.183897), pairs_step=12159, pairs_total=2430921
[2026-02-28 15:49:14,830] INFO:fitness.free_loss_fidelity: RL4CO free-loss step 200/200: score=7.859900 (avg=7.834113), loss=0.176944 (avg=0.183897), pairs_step=12159, pairs_total=2430921
