[2026-02-28 13:18:22,860] INFO:fitness.free_loss_fidelity: Stage3 offline mini-train start gen=3 pair_index=14 K=200 seed=12345 valid_sizes=[20, 100] baseline_json=baseline/mini_eval/baseline_minitrain_tsp100_K200.json
[2026-02-28 13:18:22,860] INFO:fitness.free_loss_fidelity: Stage3 offline mini-train start gen=3 pair_index=14 K=200 seed=12345 valid_sizes=[20, 100] baseline_json=baseline/mini_eval/baseline_minitrain_tsp100_K200.json
[2026-02-28 13:18:22,882] INFO:fitness.free_loss_fidelity: RL4CO free-loss (step-mode): f1_steps=200, f2_steps=0, total_steps=200, train_problem_size=100, rollouts=20, batch_size=64, device=cuda:3, env=tsp
[2026-02-28 13:18:22,882] INFO:fitness.free_loss_fidelity: RL4CO free-loss (step-mode): f1_steps=200, f2_steps=0, total_steps=200, train_problem_size=100, rollouts=20, batch_size=64, device=cuda:3, env=tsp
[2026-02-28 13:18:23,182] INFO:fitness.free_loss_fidelity: RL4CO free-loss step 1/200: score=36.626595 (avg=36.626595), loss=0.847253 (avg=0.847253), pairs_step=12160, pairs_total=12160
[2026-02-28 13:18:23,182] INFO:fitness.free_loss_fidelity: RL4CO free-loss step 1/200: score=36.626595 (avg=36.626595), loss=0.847253 (avg=0.847253), pairs_step=12160, pairs_total=12160
[2026-02-28 13:18:28,646] INFO:fitness.free_loss_fidelity: RL4CO free-loss step 20/200: score=10.554354 (avg=13.418731), loss=0.623482 (avg=0.638768), pairs_step=12160, pairs_total=243200
[2026-02-28 13:18:28,646] INFO:fitness.free_loss_fidelity: RL4CO free-loss step 20/200: score=10.554354 (avg=13.418731), loss=0.623482 (avg=0.638768), pairs_step=12160, pairs_total=243200
[2026-02-28 13:18:34,377] INFO:fitness.free_loss_fidelity: RL4CO free-loss step 40/200: score=9.895056 (avg=11.720509), loss=0.597713 (avg=0.628130), pairs_step=12160, pairs_total=486400
[2026-02-28 13:18:34,377] INFO:fitness.free_loss_fidelity: RL4CO free-loss step 40/200: score=9.895056 (avg=11.720509), loss=0.597713 (avg=0.628130), pairs_step=12160, pairs_total=486400
[2026-02-28 13:18:40,131] INFO:fitness.free_loss_fidelity: RL4CO free-loss step 60/200: score=9.686504 (avg=11.060304), loss=0.601542 (avg=0.619374), pairs_step=12160, pairs_total=729600
[2026-02-28 13:18:40,131] INFO:fitness.free_loss_fidelity: RL4CO free-loss step 60/200: score=9.686504 (avg=11.060304), loss=0.601542 (avg=0.619374), pairs_step=12160, pairs_total=729600
[2026-02-28 13:18:46,054] INFO:fitness.free_loss_fidelity: RL4CO free-loss step 80/200: score=9.561589 (avg=10.698945), loss=0.587588 (avg=0.613371), pairs_step=12160, pairs_total=972800
[2026-02-28 13:18:46,054] INFO:fitness.free_loss_fidelity: RL4CO free-loss step 80/200: score=9.561589 (avg=10.698945), loss=0.587588 (avg=0.613371), pairs_step=12160, pairs_total=972800
[2026-02-28 13:18:51,791] INFO:fitness.free_loss_fidelity: RL4CO free-loss step 100/200: score=9.539866 (avg=10.459332), loss=0.574435 (avg=0.609087), pairs_step=12160, pairs_total=1216000
[2026-02-28 13:18:51,791] INFO:fitness.free_loss_fidelity: RL4CO free-loss step 100/200: score=9.539866 (avg=10.459332), loss=0.574435 (avg=0.609087), pairs_step=12160, pairs_total=1216000
[2026-02-28 13:18:57,529] INFO:fitness.free_loss_fidelity: RL4CO free-loss step 120/200: score=9.501999 (avg=10.288544), loss=0.575485 (avg=0.605435), pairs_step=12160, pairs_total=1459200
[2026-02-28 13:18:57,529] INFO:fitness.free_loss_fidelity: RL4CO free-loss step 120/200: score=9.501999 (avg=10.288544), loss=0.575485 (avg=0.605435), pairs_step=12160, pairs_total=1459200
[2026-02-28 13:19:03,270] INFO:fitness.free_loss_fidelity: RL4CO free-loss step 140/200: score=9.177066 (avg=10.156035), loss=0.597303 (avg=0.601986), pairs_step=12160, pairs_total=1702400
[2026-02-28 13:19:03,270] INFO:fitness.free_loss_fidelity: RL4CO free-loss step 140/200: score=9.177066 (avg=10.156035), loss=0.597303 (avg=0.601986), pairs_step=12160, pairs_total=1702400
[2026-02-28 13:19:08,994] INFO:fitness.free_loss_fidelity: RL4CO free-loss step 160/200: score=9.222766 (avg=10.042217), loss=0.585618 (avg=0.600357), pairs_step=12160, pairs_total=1945600
[2026-02-28 13:19:08,994] INFO:fitness.free_loss_fidelity: RL4CO free-loss step 160/200: score=9.222766 (avg=10.042217), loss=0.585618 (avg=0.600357), pairs_step=12160, pairs_total=1945600
[2026-02-28 13:19:14,719] INFO:fitness.free_loss_fidelity: RL4CO free-loss step 180/200: score=9.207613 (avg=9.949711), loss=0.584707 (avg=0.599272), pairs_step=12160, pairs_total=2188800
[2026-02-28 13:19:14,719] INFO:fitness.free_loss_fidelity: RL4CO free-loss step 180/200: score=9.207613 (avg=9.949711), loss=0.584707 (avg=0.599272), pairs_step=12160, pairs_total=2188800
[2026-02-28 13:19:20,461] INFO:fitness.free_loss_fidelity: RL4CO free-loss step 200/200: score=9.101595 (avg=9.869096), loss=0.577235 (avg=0.598735), pairs_step=12160, pairs_total=2432000
[2026-02-28 13:19:20,461] INFO:fitness.free_loss_fidelity: RL4CO free-loss step 200/200: score=9.101595 (avg=9.869096), loss=0.577235 (avg=0.598735), pairs_step=12160, pairs_total=2432000
[2026-02-28 13:19:21,761] WARNING:fitness.free_loss_fidelity: weights_only checkpoint load failed (UnpicklingError); retrying weights_only=False for /data1/gushengda/eam-rl4co/baseline/epoch_135.ckpt
[2026-02-28 13:19:21,761] WARNING:fitness.free_loss_fidelity: weights_only checkpoint load failed (UnpicklingError); retrying weights_only=False for /data1/gushengda/eam-rl4co/baseline/epoch_135.ckpt
[2026-02-28 13:19:21,802] INFO:fitness.free_loss_fidelity: Loaded init checkpoint into policy: path=/data1/gushengda/eam-rl4co/baseline/epoch_135.ckpt prefix=policy. matched=97 missing=0 unexpected=0
[2026-02-28 13:19:21,802] INFO:fitness.free_loss_fidelity: Loaded init checkpoint into policy: path=/data1/gushengda/eam-rl4co/baseline/epoch_135.ckpt prefix=policy. matched=97 missing=0 unexpected=0
[2026-02-28 13:19:21,807] INFO:fitness.free_loss_fidelity: RL4CO free-loss (step-mode): f1_steps=200, f2_steps=0, total_steps=200, train_problem_size=100, rollouts=20, batch_size=64, device=cuda:3, env=tsp
[2026-02-28 13:19:21,807] INFO:fitness.free_loss_fidelity: RL4CO free-loss (step-mode): f1_steps=200, f2_steps=0, total_steps=200, train_problem_size=100, rollouts=20, batch_size=64, device=cuda:3, env=tsp
[2026-02-28 13:19:22,109] INFO:fitness.free_loss_fidelity: RL4CO free-loss step 1/200: score=7.825121 (avg=7.825121), loss=0.673493 (avg=0.673493), pairs_step=12151, pairs_total=12151
[2026-02-28 13:19:22,109] INFO:fitness.free_loss_fidelity: RL4CO free-loss step 1/200: score=7.825121 (avg=7.825121), loss=0.673493 (avg=0.673493), pairs_step=12151, pairs_total=12151
[2026-02-28 13:19:27,816] INFO:fitness.free_loss_fidelity: RL4CO free-loss step 20/200: score=7.823617 (avg=7.842648), loss=0.669051 (avg=0.666168), pairs_step=12157, pairs_total=243051
[2026-02-28 13:19:27,816] INFO:fitness.free_loss_fidelity: RL4CO free-loss step 20/200: score=7.823617 (avg=7.842648), loss=0.669051 (avg=0.666168), pairs_step=12157, pairs_total=243051
[2026-02-28 13:19:33,489] INFO:fitness.free_loss_fidelity: RL4CO free-loss step 40/200: score=7.850278 (avg=7.837905), loss=0.665810 (avg=0.666699), pairs_step=12156, pairs_total=486151
[2026-02-28 13:19:33,489] INFO:fitness.free_loss_fidelity: RL4CO free-loss step 40/200: score=7.850278 (avg=7.837905), loss=0.665810 (avg=0.666699), pairs_step=12156, pairs_total=486151
[2026-02-28 13:19:39,179] INFO:fitness.free_loss_fidelity: RL4CO free-loss step 60/200: score=7.853159 (avg=7.835602), loss=0.667492 (avg=0.667363), pairs_step=12149, pairs_total=729218
[2026-02-28 13:19:39,179] INFO:fitness.free_loss_fidelity: RL4CO free-loss step 60/200: score=7.853159 (avg=7.835602), loss=0.667492 (avg=0.667363), pairs_step=12149, pairs_total=729218
[2026-02-28 13:19:44,869] INFO:fitness.free_loss_fidelity: RL4CO free-loss step 80/200: score=7.838481 (avg=7.835149), loss=0.671129 (avg=0.668225), pairs_step=12157, pairs_total=972306
[2026-02-28 13:19:44,869] INFO:fitness.free_loss_fidelity: RL4CO free-loss step 80/200: score=7.838481 (avg=7.835149), loss=0.671129 (avg=0.668225), pairs_step=12157, pairs_total=972306
[2026-02-28 13:19:50,558] INFO:fitness.free_loss_fidelity: RL4CO free-loss step 100/200: score=7.791917 (avg=7.835889), loss=0.667646 (avg=0.668488), pairs_step=12155, pairs_total=1215400
[2026-02-28 13:19:50,558] INFO:fitness.free_loss_fidelity: RL4CO free-loss step 100/200: score=7.791917 (avg=7.835889), loss=0.667646 (avg=0.668488), pairs_step=12155, pairs_total=1215400
[2026-02-28 13:19:56,259] INFO:fitness.free_loss_fidelity: RL4CO free-loss step 120/200: score=7.813335 (avg=7.837979), loss=0.674576 (avg=0.669077), pairs_step=12153, pairs_total=1458490
[2026-02-28 13:19:56,259] INFO:fitness.free_loss_fidelity: RL4CO free-loss step 120/200: score=7.813335 (avg=7.837979), loss=0.674576 (avg=0.669077), pairs_step=12153, pairs_total=1458490
[2026-02-28 13:20:01,954] INFO:fitness.free_loss_fidelity: RL4CO free-loss step 140/200: score=7.872531 (avg=7.840223), loss=0.672024 (avg=0.669314), pairs_step=12149, pairs_total=1701584
[2026-02-28 13:20:01,954] INFO:fitness.free_loss_fidelity: RL4CO free-loss step 140/200: score=7.872531 (avg=7.840223), loss=0.672024 (avg=0.669314), pairs_step=12149, pairs_total=1701584
[2026-02-28 13:20:07,684] INFO:fitness.free_loss_fidelity: RL4CO free-loss step 160/200: score=7.828875 (avg=7.839909), loss=0.672913 (avg=0.669558), pairs_step=12157, pairs_total=1944694
[2026-02-28 13:20:07,684] INFO:fitness.free_loss_fidelity: RL4CO free-loss step 160/200: score=7.828875 (avg=7.839909), loss=0.672913 (avg=0.669558), pairs_step=12157, pairs_total=1944694
[2026-02-28 13:20:13,384] INFO:fitness.free_loss_fidelity: RL4CO free-loss step 180/200: score=7.828369 (avg=7.839324), loss=0.672123 (avg=0.669784), pairs_step=12158, pairs_total=2187790
[2026-02-28 13:20:13,384] INFO:fitness.free_loss_fidelity: RL4CO free-loss step 180/200: score=7.828369 (avg=7.839324), loss=0.672123 (avg=0.669784), pairs_step=12158, pairs_total=2187790
[2026-02-28 13:20:19,353] INFO:fitness.free_loss_fidelity: RL4CO free-loss step 200/200: score=7.856152 (avg=7.838237), loss=0.677369 (avg=0.670116), pairs_step=12153, pairs_total=2430867
[2026-02-28 13:20:19,353] INFO:fitness.free_loss_fidelity: RL4CO free-loss step 200/200: score=7.856152 (avg=7.838237), loss=0.677369 (avg=0.670116), pairs_step=12153, pairs_total=2430867
[2026-02-28 13:20:20,969] WARNING:fitness.free_loss_fidelity: weights_only checkpoint load failed (UnpicklingError); retrying weights_only=False for /data1/gushengda/eam-rl4co/baseline/epoch_409.ckpt
[2026-02-28 13:20:20,969] WARNING:fitness.free_loss_fidelity: weights_only checkpoint load failed (UnpicklingError); retrying weights_only=False for /data1/gushengda/eam-rl4co/baseline/epoch_409.ckpt
[2026-02-28 13:20:21,012] INFO:fitness.free_loss_fidelity: Loaded init checkpoint into policy: path=/data1/gushengda/eam-rl4co/baseline/epoch_409.ckpt prefix=policy. matched=97 missing=0 unexpected=0
[2026-02-28 13:20:21,012] INFO:fitness.free_loss_fidelity: Loaded init checkpoint into policy: path=/data1/gushengda/eam-rl4co/baseline/epoch_409.ckpt prefix=policy. matched=97 missing=0 unexpected=0
[2026-02-28 13:20:21,018] INFO:fitness.free_loss_fidelity: RL4CO free-loss (step-mode): f1_steps=200, f2_steps=0, total_steps=200, train_problem_size=100, rollouts=20, batch_size=64, device=cuda:3, env=tsp
[2026-02-28 13:20:21,018] INFO:fitness.free_loss_fidelity: RL4CO free-loss (step-mode): f1_steps=200, f2_steps=0, total_steps=200, train_problem_size=100, rollouts=20, batch_size=64, device=cuda:3, env=tsp
[2026-02-28 13:20:21,388] INFO:fitness.free_loss_fidelity: RL4CO free-loss step 1/200: score=7.826895 (avg=7.826895), loss=0.215414 (avg=0.215414), pairs_step=12149, pairs_total=12149
[2026-02-28 13:20:21,388] INFO:fitness.free_loss_fidelity: RL4CO free-loss step 1/200: score=7.826895 (avg=7.826895), loss=0.215414 (avg=0.215414), pairs_step=12149, pairs_total=12149
[2026-02-28 13:20:27,639] INFO:fitness.free_loss_fidelity: RL4CO free-loss step 20/200: score=7.811041 (avg=7.836265), loss=0.194441 (avg=0.198372), pairs_step=12159, pairs_total=243044
[2026-02-28 13:20:27,639] INFO:fitness.free_loss_fidelity: RL4CO free-loss step 20/200: score=7.811041 (avg=7.836265), loss=0.194441 (avg=0.198372), pairs_step=12159, pairs_total=243044
[2026-02-28 13:20:34,184] INFO:fitness.free_loss_fidelity: RL4CO free-loss step 40/200: score=7.850821 (avg=7.832659), loss=0.207983 (avg=0.203059), pairs_step=12155, pairs_total=486111
[2026-02-28 13:20:34,184] INFO:fitness.free_loss_fidelity: RL4CO free-loss step 40/200: score=7.850821 (avg=7.832659), loss=0.207983 (avg=0.203059), pairs_step=12155, pairs_total=486111
[2026-02-28 13:20:40,770] INFO:fitness.free_loss_fidelity: RL4CO free-loss step 60/200: score=7.842587 (avg=7.830131), loss=0.212624 (avg=0.205874), pairs_step=12153, pairs_total=729184
[2026-02-28 13:20:40,770] INFO:fitness.free_loss_fidelity: RL4CO free-loss step 60/200: score=7.842587 (avg=7.830131), loss=0.212624 (avg=0.205874), pairs_step=12153, pairs_total=729184
[2026-02-28 13:20:47,375] INFO:fitness.free_loss_fidelity: RL4CO free-loss step 80/200: score=7.829127 (avg=7.829438), loss=0.203040 (avg=0.205696), pairs_step=12152, pairs_total=972255
[2026-02-28 13:20:47,375] INFO:fitness.free_loss_fidelity: RL4CO free-loss step 80/200: score=7.829127 (avg=7.829438), loss=0.203040 (avg=0.205696), pairs_step=12152, pairs_total=972255
[2026-02-28 13:20:53,935] INFO:fitness.free_loss_fidelity: RL4CO free-loss step 100/200: score=7.789548 (avg=7.830261), loss=0.204175 (avg=0.203768), pairs_step=12152, pairs_total=1215314
[2026-02-28 13:20:53,935] INFO:fitness.free_loss_fidelity: RL4CO free-loss step 100/200: score=7.789548 (avg=7.830261), loss=0.204175 (avg=0.203768), pairs_step=12152, pairs_total=1215314
[2026-02-28 13:21:00,459] INFO:fitness.free_loss_fidelity: RL4CO free-loss step 120/200: score=7.814479 (avg=7.832088), loss=0.197475 (avg=0.202187), pairs_step=12150, pairs_total=1458386
[2026-02-28 13:21:00,459] INFO:fitness.free_loss_fidelity: RL4CO free-loss step 120/200: score=7.814479 (avg=7.832088), loss=0.197475 (avg=0.202187), pairs_step=12150, pairs_total=1458386
[2026-02-28 13:21:06,560] INFO:fitness.free_loss_fidelity: RL4CO free-loss step 140/200: score=7.862299 (avg=7.833889), loss=0.191697 (avg=0.200625), pairs_step=12155, pairs_total=1701445
[2026-02-28 13:21:06,560] INFO:fitness.free_loss_fidelity: RL4CO free-loss step 140/200: score=7.862299 (avg=7.833889), loss=0.191697 (avg=0.200625), pairs_step=12155, pairs_total=1701445
[2026-02-28 13:21:12,549] INFO:fitness.free_loss_fidelity: RL4CO free-loss step 160/200: score=7.835235 (avg=7.834310), loss=0.202502 (avg=0.200299), pairs_step=12148, pairs_total=1944532
[2026-02-28 13:21:12,549] INFO:fitness.free_loss_fidelity: RL4CO free-loss step 160/200: score=7.835235 (avg=7.834310), loss=0.202502 (avg=0.200299), pairs_step=12148, pairs_total=1944532
[2026-02-28 13:21:18,337] INFO:fitness.free_loss_fidelity: RL4CO free-loss step 180/200: score=7.827853 (avg=7.833933), loss=0.197311 (avg=0.199838), pairs_step=12145, pairs_total=2187612
[2026-02-28 13:21:18,337] INFO:fitness.free_loss_fidelity: RL4CO free-loss step 180/200: score=7.827853 (avg=7.833933), loss=0.197311 (avg=0.199838), pairs_step=12145, pairs_total=2187612
[2026-02-28 13:21:24,104] INFO:fitness.free_loss_fidelity: RL4CO free-loss step 200/200: score=7.856539 (avg=7.833253), loss=0.190451 (avg=0.199617), pairs_step=12153, pairs_total=2430689
[2026-02-28 13:21:24,104] INFO:fitness.free_loss_fidelity: RL4CO free-loss step 200/200: score=7.856539 (avg=7.833253), loss=0.190451 (avg=0.199617), pairs_step=12153, pairs_total=2430689
