[2026-02-28 13:28:58,488] INFO:fitness.free_loss_fidelity: Stage3 offline mini-train start gen=4 pair_index=0 K=200 seed=12345 valid_sizes=[20, 100] baseline_json=baseline/mini_eval/baseline_minitrain_tsp100_K200.json
[2026-02-28 13:28:58,488] INFO:fitness.free_loss_fidelity: Stage3 offline mini-train start gen=4 pair_index=0 K=200 seed=12345 valid_sizes=[20, 100] baseline_json=baseline/mini_eval/baseline_minitrain_tsp100_K200.json
[2026-02-28 13:29:05,713] INFO:fitness.free_loss_fidelity: RL4CO free-loss (step-mode): f1_steps=200, f2_steps=0, total_steps=200, train_problem_size=100, rollouts=20, batch_size=64, device=cuda:0, env=tsp
[2026-02-28 13:29:05,713] INFO:fitness.free_loss_fidelity: RL4CO free-loss (step-mode): f1_steps=200, f2_steps=0, total_steps=200, train_problem_size=100, rollouts=20, batch_size=64, device=cuda:0, env=tsp
[2026-02-28 13:29:07,040] INFO:fitness.free_loss_fidelity: RL4CO free-loss step 1/200: score=36.626595 (avg=36.626595), loss=0.852377 (avg=0.852377), pairs_step=12160, pairs_total=12160
[2026-02-28 13:29:07,040] INFO:fitness.free_loss_fidelity: RL4CO free-loss step 1/200: score=36.626595 (avg=36.626595), loss=0.852377 (avg=0.852377), pairs_step=12160, pairs_total=12160
[2026-02-28 13:29:13,389] INFO:fitness.free_loss_fidelity: RL4CO free-loss step 20/200: score=10.676685 (avg=13.359239), loss=0.622617 (avg=0.639327), pairs_step=12160, pairs_total=243199
[2026-02-28 13:29:13,389] INFO:fitness.free_loss_fidelity: RL4CO free-loss step 20/200: score=10.676685 (avg=13.359239), loss=0.622617 (avg=0.639327), pairs_step=12160, pairs_total=243199
[2026-02-28 13:29:19,231] INFO:fitness.free_loss_fidelity: RL4CO free-loss step 40/200: score=9.927949 (avg=11.819499), loss=0.607257 (avg=0.618143), pairs_step=12160, pairs_total=486399
[2026-02-28 13:29:19,231] INFO:fitness.free_loss_fidelity: RL4CO free-loss step 40/200: score=9.927949 (avg=11.819499), loss=0.607257 (avg=0.618143), pairs_step=12160, pairs_total=486399
[2026-02-28 13:29:24,985] INFO:fitness.free_loss_fidelity: RL4CO free-loss step 60/200: score=9.778260 (avg=11.141666), loss=0.612152 (avg=0.615243), pairs_step=12160, pairs_total=729599
[2026-02-28 13:29:24,985] INFO:fitness.free_loss_fidelity: RL4CO free-loss step 60/200: score=9.778260 (avg=11.141666), loss=0.612152 (avg=0.615243), pairs_step=12160, pairs_total=729599
[2026-02-28 13:29:30,723] INFO:fitness.free_loss_fidelity: RL4CO free-loss step 80/200: score=9.450354 (avg=10.755501), loss=0.610962 (avg=0.609426), pairs_step=12160, pairs_total=972799
[2026-02-28 13:29:30,723] INFO:fitness.free_loss_fidelity: RL4CO free-loss step 80/200: score=9.450354 (avg=10.755501), loss=0.610962 (avg=0.609426), pairs_step=12160, pairs_total=972799
[2026-02-28 13:29:36,869] INFO:fitness.free_loss_fidelity: RL4CO free-loss step 100/200: score=9.426685 (avg=10.507724), loss=0.571223 (avg=0.605639), pairs_step=12160, pairs_total=1215999
[2026-02-28 13:29:36,869] INFO:fitness.free_loss_fidelity: RL4CO free-loss step 100/200: score=9.426685 (avg=10.507724), loss=0.571223 (avg=0.605639), pairs_step=12160, pairs_total=1215999
[2026-02-28 13:29:43,255] INFO:fitness.free_loss_fidelity: RL4CO free-loss step 120/200: score=9.348907 (avg=10.322082), loss=0.587308 (avg=0.602421), pairs_step=12160, pairs_total=1459198
[2026-02-28 13:29:43,255] INFO:fitness.free_loss_fidelity: RL4CO free-loss step 120/200: score=9.348907 (avg=10.322082), loss=0.587308 (avg=0.602421), pairs_step=12160, pairs_total=1459198
[2026-02-28 13:29:49,622] INFO:fitness.free_loss_fidelity: RL4CO free-loss step 140/200: score=9.251972 (avg=10.180599), loss=0.577946 (avg=0.599680), pairs_step=12160, pairs_total=1702398
[2026-02-28 13:29:49,622] INFO:fitness.free_loss_fidelity: RL4CO free-loss step 140/200: score=9.251972 (avg=10.180599), loss=0.577946 (avg=0.599680), pairs_step=12160, pairs_total=1702398
[2026-02-28 13:29:56,019] INFO:fitness.free_loss_fidelity: RL4CO free-loss step 160/200: score=9.227612 (avg=10.065608), loss=0.592823 (avg=0.598231), pairs_step=12160, pairs_total=1945598
[2026-02-28 13:29:56,019] INFO:fitness.free_loss_fidelity: RL4CO free-loss step 160/200: score=9.227612 (avg=10.065608), loss=0.592823 (avg=0.598231), pairs_step=12160, pairs_total=1945598
[2026-02-28 13:30:02,392] INFO:fitness.free_loss_fidelity: RL4CO free-loss step 180/200: score=9.175976 (avg=9.969035), loss=0.588687 (avg=0.597518), pairs_step=12160, pairs_total=2188798
[2026-02-28 13:30:02,392] INFO:fitness.free_loss_fidelity: RL4CO free-loss step 180/200: score=9.175976 (avg=9.969035), loss=0.588687 (avg=0.597518), pairs_step=12160, pairs_total=2188798
[2026-02-28 13:30:08,788] INFO:fitness.free_loss_fidelity: RL4CO free-loss step 200/200: score=9.085428 (avg=9.882830), loss=0.596440 (avg=0.596684), pairs_step=12160, pairs_total=2431998
[2026-02-28 13:30:08,788] INFO:fitness.free_loss_fidelity: RL4CO free-loss step 200/200: score=9.085428 (avg=9.882830), loss=0.596440 (avg=0.596684), pairs_step=12160, pairs_total=2431998
[2026-02-28 13:30:10,351] WARNING:fitness.free_loss_fidelity: weights_only checkpoint load failed (UnpicklingError); retrying weights_only=False for /data1/gushengda/eam-rl4co/baseline/epoch_135.ckpt
[2026-02-28 13:30:10,351] WARNING:fitness.free_loss_fidelity: weights_only checkpoint load failed (UnpicklingError); retrying weights_only=False for /data1/gushengda/eam-rl4co/baseline/epoch_135.ckpt
[2026-02-28 13:30:10,412] INFO:fitness.free_loss_fidelity: Loaded init checkpoint into policy: path=/data1/gushengda/eam-rl4co/baseline/epoch_135.ckpt prefix=policy. matched=97 missing=0 unexpected=0
[2026-02-28 13:30:10,412] INFO:fitness.free_loss_fidelity: Loaded init checkpoint into policy: path=/data1/gushengda/eam-rl4co/baseline/epoch_135.ckpt prefix=policy. matched=97 missing=0 unexpected=0
[2026-02-28 13:30:10,417] INFO:fitness.free_loss_fidelity: RL4CO free-loss (step-mode): f1_steps=200, f2_steps=0, total_steps=200, train_problem_size=100, rollouts=20, batch_size=64, device=cuda:0, env=tsp
[2026-02-28 13:30:10,417] INFO:fitness.free_loss_fidelity: RL4CO free-loss (step-mode): f1_steps=200, f2_steps=0, total_steps=200, train_problem_size=100, rollouts=20, batch_size=64, device=cuda:0, env=tsp
[2026-02-28 13:30:10,752] INFO:fitness.free_loss_fidelity: RL4CO free-loss step 1/200: score=7.825121 (avg=7.825121), loss=0.674569 (avg=0.674569), pairs_step=12151, pairs_total=12151
[2026-02-28 13:30:10,752] INFO:fitness.free_loss_fidelity: RL4CO free-loss step 1/200: score=7.825121 (avg=7.825121), loss=0.674569 (avg=0.674569), pairs_step=12151, pairs_total=12151
[2026-02-28 13:30:16,902] INFO:fitness.free_loss_fidelity: RL4CO free-loss step 20/200: score=7.820714 (avg=7.843682), loss=0.677587 (avg=0.670101), pairs_step=12155, pairs_total=243083
[2026-02-28 13:30:16,902] INFO:fitness.free_loss_fidelity: RL4CO free-loss step 20/200: score=7.820714 (avg=7.843682), loss=0.677587 (avg=0.670101), pairs_step=12155, pairs_total=243083
[2026-02-28 13:30:23,353] INFO:fitness.free_loss_fidelity: RL4CO free-loss step 40/200: score=7.865480 (avg=7.840798), loss=0.669177 (avg=0.669743), pairs_step=12153, pairs_total=486133
[2026-02-28 13:30:23,353] INFO:fitness.free_loss_fidelity: RL4CO free-loss step 40/200: score=7.865480 (avg=7.840798), loss=0.669177 (avg=0.669743), pairs_step=12153, pairs_total=486133
[2026-02-28 13:30:29,787] INFO:fitness.free_loss_fidelity: RL4CO free-loss step 60/200: score=7.850759 (avg=7.838091), loss=0.673675 (avg=0.670369), pairs_step=12147, pairs_total=729214
[2026-02-28 13:30:29,787] INFO:fitness.free_loss_fidelity: RL4CO free-loss step 60/200: score=7.850759 (avg=7.838091), loss=0.673675 (avg=0.670369), pairs_step=12147, pairs_total=729214
[2026-02-28 13:30:36,210] INFO:fitness.free_loss_fidelity: RL4CO free-loss step 80/200: score=7.844159 (avg=7.836351), loss=0.670195 (avg=0.670977), pairs_step=12158, pairs_total=972276
[2026-02-28 13:30:36,210] INFO:fitness.free_loss_fidelity: RL4CO free-loss step 80/200: score=7.844159 (avg=7.836351), loss=0.670195 (avg=0.670977), pairs_step=12158, pairs_total=972276
[2026-02-28 13:30:42,618] INFO:fitness.free_loss_fidelity: RL4CO free-loss step 100/200: score=7.788463 (avg=7.836338), loss=0.672929 (avg=0.671629), pairs_step=12149, pairs_total=1215375
[2026-02-28 13:30:42,618] INFO:fitness.free_loss_fidelity: RL4CO free-loss step 100/200: score=7.788463 (avg=7.836338), loss=0.672929 (avg=0.671629), pairs_step=12149, pairs_total=1215375
[2026-02-28 13:30:49,055] INFO:fitness.free_loss_fidelity: RL4CO free-loss step 120/200: score=7.809605 (avg=7.837433), loss=0.667472 (avg=0.671659), pairs_step=12158, pairs_total=1458443
[2026-02-28 13:30:49,055] INFO:fitness.free_loss_fidelity: RL4CO free-loss step 120/200: score=7.809605 (avg=7.837433), loss=0.667472 (avg=0.671659), pairs_step=12158, pairs_total=1458443
[2026-02-28 13:30:55,463] INFO:fitness.free_loss_fidelity: RL4CO free-loss step 140/200: score=7.862454 (avg=7.838499), loss=0.672160 (avg=0.671916), pairs_step=12154, pairs_total=1701524
[2026-02-28 13:30:55,463] INFO:fitness.free_loss_fidelity: RL4CO free-loss step 140/200: score=7.862454 (avg=7.838499), loss=0.672160 (avg=0.671916), pairs_step=12154, pairs_total=1701524
[2026-02-28 13:31:01,884] INFO:fitness.free_loss_fidelity: RL4CO free-loss step 160/200: score=7.833117 (avg=7.838356), loss=0.672212 (avg=0.671889), pairs_step=12149, pairs_total=1944625
[2026-02-28 13:31:01,884] INFO:fitness.free_loss_fidelity: RL4CO free-loss step 160/200: score=7.833117 (avg=7.838356), loss=0.672212 (avg=0.671889), pairs_step=12149, pairs_total=1944625
[2026-02-28 13:31:08,282] INFO:fitness.free_loss_fidelity: RL4CO free-loss step 180/200: score=7.828376 (avg=7.837788), loss=0.673621 (avg=0.672034), pairs_step=12146, pairs_total=2187666
[2026-02-28 13:31:08,282] INFO:fitness.free_loss_fidelity: RL4CO free-loss step 180/200: score=7.828376 (avg=7.837788), loss=0.673621 (avg=0.672034), pairs_step=12146, pairs_total=2187666
[2026-02-28 13:31:14,682] INFO:fitness.free_loss_fidelity: RL4CO free-loss step 200/200: score=7.855788 (avg=7.837143), loss=0.672277 (avg=0.672213), pairs_step=12153, pairs_total=2430766
[2026-02-28 13:31:14,682] INFO:fitness.free_loss_fidelity: RL4CO free-loss step 200/200: score=7.855788 (avg=7.837143), loss=0.672277 (avg=0.672213), pairs_step=12153, pairs_total=2430766
[2026-02-28 13:31:16,249] WARNING:fitness.free_loss_fidelity: weights_only checkpoint load failed (UnpicklingError); retrying weights_only=False for /data1/gushengda/eam-rl4co/baseline/epoch_409.ckpt
[2026-02-28 13:31:16,249] WARNING:fitness.free_loss_fidelity: weights_only checkpoint load failed (UnpicklingError); retrying weights_only=False for /data1/gushengda/eam-rl4co/baseline/epoch_409.ckpt
[2026-02-28 13:31:16,294] INFO:fitness.free_loss_fidelity: Loaded init checkpoint into policy: path=/data1/gushengda/eam-rl4co/baseline/epoch_409.ckpt prefix=policy. matched=97 missing=0 unexpected=0
[2026-02-28 13:31:16,294] INFO:fitness.free_loss_fidelity: Loaded init checkpoint into policy: path=/data1/gushengda/eam-rl4co/baseline/epoch_409.ckpt prefix=policy. matched=97 missing=0 unexpected=0
[2026-02-28 13:31:16,300] INFO:fitness.free_loss_fidelity: RL4CO free-loss (step-mode): f1_steps=200, f2_steps=0, total_steps=200, train_problem_size=100, rollouts=20, batch_size=64, device=cuda:0, env=tsp
[2026-02-28 13:31:16,300] INFO:fitness.free_loss_fidelity: RL4CO free-loss (step-mode): f1_steps=200, f2_steps=0, total_steps=200, train_problem_size=100, rollouts=20, batch_size=64, device=cuda:0, env=tsp
[2026-02-28 13:31:16,638] INFO:fitness.free_loss_fidelity: RL4CO free-loss step 1/200: score=7.826895 (avg=7.826895), loss=0.217234 (avg=0.217234), pairs_step=12149, pairs_total=12149
[2026-02-28 13:31:16,638] INFO:fitness.free_loss_fidelity: RL4CO free-loss step 1/200: score=7.826895 (avg=7.826895), loss=0.217234 (avg=0.217234), pairs_step=12149, pairs_total=12149
[2026-02-28 13:31:22,718] INFO:fitness.free_loss_fidelity: RL4CO free-loss step 20/200: score=7.805551 (avg=7.836798), loss=0.191310 (avg=0.202157), pairs_step=12153, pairs_total=243058
[2026-02-28 13:31:22,718] INFO:fitness.free_loss_fidelity: RL4CO free-loss step 20/200: score=7.805551 (avg=7.836798), loss=0.191310 (avg=0.202157), pairs_step=12153, pairs_total=243058
[2026-02-28 13:31:29,130] INFO:fitness.free_loss_fidelity: RL4CO free-loss step 40/200: score=7.854696 (avg=7.834537), loss=0.188172 (avg=0.196968), pairs_step=12155, pairs_total=486161
[2026-02-28 13:31:29,130] INFO:fitness.free_loss_fidelity: RL4CO free-loss step 40/200: score=7.854696 (avg=7.834537), loss=0.188172 (avg=0.196968), pairs_step=12155, pairs_total=486161
[2026-02-28 13:31:35,538] INFO:fitness.free_loss_fidelity: RL4CO free-loss step 60/200: score=7.854467 (avg=7.832456), loss=0.197730 (avg=0.194471), pairs_step=12149, pairs_total=729256
[2026-02-28 13:31:35,538] INFO:fitness.free_loss_fidelity: RL4CO free-loss step 60/200: score=7.854467 (avg=7.832456), loss=0.197730 (avg=0.194471), pairs_step=12149, pairs_total=729256
[2026-02-28 13:31:41,943] INFO:fitness.free_loss_fidelity: RL4CO free-loss step 80/200: score=7.840339 (avg=7.832237), loss=0.187800 (avg=0.193302), pairs_step=12156, pairs_total=972363
[2026-02-28 13:31:41,943] INFO:fitness.free_loss_fidelity: RL4CO free-loss step 80/200: score=7.840339 (avg=7.832237), loss=0.187800 (avg=0.193302), pairs_step=12156, pairs_total=972363
[2026-02-28 13:31:48,354] INFO:fitness.free_loss_fidelity: RL4CO free-loss step 100/200: score=7.787509 (avg=7.832908), loss=0.196489 (avg=0.192152), pairs_step=12153, pairs_total=1215452
[2026-02-28 13:31:48,354] INFO:fitness.free_loss_fidelity: RL4CO free-loss step 100/200: score=7.787509 (avg=7.832908), loss=0.196489 (avg=0.192152), pairs_step=12153, pairs_total=1215452
[2026-02-28 13:31:54,735] INFO:fitness.free_loss_fidelity: RL4CO free-loss step 120/200: score=7.802142 (avg=7.834307), loss=0.192805 (avg=0.192682), pairs_step=12151, pairs_total=1458530
[2026-02-28 13:31:54,735] INFO:fitness.free_loss_fidelity: RL4CO free-loss step 120/200: score=7.802142 (avg=7.834307), loss=0.192805 (avg=0.192682), pairs_step=12151, pairs_total=1458530
[2026-02-28 13:32:01,138] INFO:fitness.free_loss_fidelity: RL4CO free-loss step 140/200: score=7.856081 (avg=7.835578), loss=0.198060 (avg=0.193741), pairs_step=12153, pairs_total=1701625
[2026-02-28 13:32:01,138] INFO:fitness.free_loss_fidelity: RL4CO free-loss step 140/200: score=7.856081 (avg=7.835578), loss=0.198060 (avg=0.193741), pairs_step=12153, pairs_total=1701625
[2026-02-28 13:32:07,758] INFO:fitness.free_loss_fidelity: RL4CO free-loss step 160/200: score=7.839131 (avg=7.835368), loss=0.214166 (avg=0.195033), pairs_step=12157, pairs_total=1944715
[2026-02-28 13:32:07,758] INFO:fitness.free_loss_fidelity: RL4CO free-loss step 160/200: score=7.839131 (avg=7.835368), loss=0.214166 (avg=0.195033), pairs_step=12157, pairs_total=1944715
[2026-02-28 13:32:14,154] INFO:fitness.free_loss_fidelity: RL4CO free-loss step 180/200: score=7.826072 (avg=7.835171), loss=0.202942 (avg=0.196340), pairs_step=12154, pairs_total=2187794
[2026-02-28 13:32:14,154] INFO:fitness.free_loss_fidelity: RL4CO free-loss step 180/200: score=7.826072 (avg=7.835171), loss=0.202942 (avg=0.196340), pairs_step=12154, pairs_total=2187794
[2026-02-28 13:32:20,578] INFO:fitness.free_loss_fidelity: RL4CO free-loss step 200/200: score=7.848938 (avg=7.833902), loss=0.212726 (avg=0.198147), pairs_step=12155, pairs_total=2430880
[2026-02-28 13:32:20,578] INFO:fitness.free_loss_fidelity: RL4CO free-loss step 200/200: score=7.848938 (avg=7.833902), loss=0.212726 (avg=0.198147), pairs_step=12155, pairs_total=2430880
