[2026-02-28 13:00:44,097] INFO:fitness.free_loss_fidelity: Stage3 offline mini-train start gen=2 pair_index=14 K=200 seed=12345 valid_sizes=[20, 100] baseline_json=baseline/mini_eval/baseline_minitrain_tsp100_K200.json
[2026-02-28 13:00:44,097] INFO:fitness.free_loss_fidelity: Stage3 offline mini-train start gen=2 pair_index=14 K=200 seed=12345 valid_sizes=[20, 100] baseline_json=baseline/mini_eval/baseline_minitrain_tsp100_K200.json
[2026-02-28 13:00:44,118] INFO:fitness.free_loss_fidelity: RL4CO free-loss (step-mode): f1_steps=200, f2_steps=0, total_steps=200, train_problem_size=100, rollouts=20, batch_size=64, device=cuda:2, env=tsp
[2026-02-28 13:00:44,118] INFO:fitness.free_loss_fidelity: RL4CO free-loss (step-mode): f1_steps=200, f2_steps=0, total_steps=200, train_problem_size=100, rollouts=20, batch_size=64, device=cuda:2, env=tsp
[2026-02-28 13:00:44,397] INFO:fitness.free_loss_fidelity: RL4CO free-loss step 1/200: score=36.626595 (avg=36.626595), loss=0.847253 (avg=0.847253), pairs_step=12160, pairs_total=12160
[2026-02-28 13:00:44,397] INFO:fitness.free_loss_fidelity: RL4CO free-loss step 1/200: score=36.626595 (avg=36.626595), loss=0.847253 (avg=0.847253), pairs_step=12160, pairs_total=12160
[2026-02-28 13:00:49,700] INFO:fitness.free_loss_fidelity: RL4CO free-loss step 20/200: score=10.373009 (avg=13.380672), loss=0.602358 (avg=0.629030), pairs_step=12160, pairs_total=243200
[2026-02-28 13:00:49,700] INFO:fitness.free_loss_fidelity: RL4CO free-loss step 20/200: score=10.373009 (avg=13.380672), loss=0.602358 (avg=0.629030), pairs_step=12160, pairs_total=243200
[2026-02-28 13:00:55,307] INFO:fitness.free_loss_fidelity: RL4CO free-loss step 40/200: score=9.805870 (avg=11.697487), loss=0.603580 (avg=0.614228), pairs_step=12160, pairs_total=486400
[2026-02-28 13:00:55,307] INFO:fitness.free_loss_fidelity: RL4CO free-loss step 40/200: score=9.805870 (avg=11.697487), loss=0.603580 (avg=0.614228), pairs_step=12160, pairs_total=486400
[2026-02-28 13:01:00,917] INFO:fitness.free_loss_fidelity: RL4CO free-loss step 60/200: score=9.635000 (avg=11.048288), loss=0.601754 (avg=0.607904), pairs_step=12160, pairs_total=729600
[2026-02-28 13:01:00,917] INFO:fitness.free_loss_fidelity: RL4CO free-loss step 60/200: score=9.635000 (avg=11.048288), loss=0.601754 (avg=0.607904), pairs_step=12160, pairs_total=729600
[2026-02-28 13:01:06,726] INFO:fitness.free_loss_fidelity: RL4CO free-loss step 80/200: score=9.572001 (avg=10.675832), loss=0.573036 (avg=0.603755), pairs_step=12160, pairs_total=972800
[2026-02-28 13:01:06,726] INFO:fitness.free_loss_fidelity: RL4CO free-loss step 80/200: score=9.572001 (avg=10.675832), loss=0.573036 (avg=0.603755), pairs_step=12160, pairs_total=972800
[2026-02-28 13:01:12,315] INFO:fitness.free_loss_fidelity: RL4CO free-loss step 100/200: score=9.349248 (avg=10.426535), loss=0.575929 (avg=0.600834), pairs_step=12160, pairs_total=1216000
[2026-02-28 13:01:12,315] INFO:fitness.free_loss_fidelity: RL4CO free-loss step 100/200: score=9.349248 (avg=10.426535), loss=0.575929 (avg=0.600834), pairs_step=12160, pairs_total=1216000
[2026-02-28 13:01:17,898] INFO:fitness.free_loss_fidelity: RL4CO free-loss step 120/200: score=9.354946 (avg=10.254402), loss=0.592132 (avg=0.598027), pairs_step=12160, pairs_total=1459200
[2026-02-28 13:01:17,898] INFO:fitness.free_loss_fidelity: RL4CO free-loss step 120/200: score=9.354946 (avg=10.254402), loss=0.592132 (avg=0.598027), pairs_step=12160, pairs_total=1459200
[2026-02-28 13:01:23,488] INFO:fitness.free_loss_fidelity: RL4CO free-loss step 140/200: score=9.367342 (avg=10.124878), loss=0.585866 (avg=0.595918), pairs_step=12160, pairs_total=1702400
[2026-02-28 13:01:23,488] INFO:fitness.free_loss_fidelity: RL4CO free-loss step 140/200: score=9.367342 (avg=10.124878), loss=0.585866 (avg=0.595918), pairs_step=12160, pairs_total=1702400
[2026-02-28 13:01:29,070] INFO:fitness.free_loss_fidelity: RL4CO free-loss step 160/200: score=9.235426 (avg=10.014971), loss=0.589888 (avg=0.595028), pairs_step=12160, pairs_total=1945600
[2026-02-28 13:01:29,070] INFO:fitness.free_loss_fidelity: RL4CO free-loss step 160/200: score=9.235426 (avg=10.014971), loss=0.589888 (avg=0.595028), pairs_step=12160, pairs_total=1945600
[2026-02-28 13:01:34,649] INFO:fitness.free_loss_fidelity: RL4CO free-loss step 180/200: score=9.155474 (avg=9.923834), loss=0.585963 (avg=0.594140), pairs_step=12160, pairs_total=2188800
[2026-02-28 13:01:34,649] INFO:fitness.free_loss_fidelity: RL4CO free-loss step 180/200: score=9.155474 (avg=9.923834), loss=0.585963 (avg=0.594140), pairs_step=12160, pairs_total=2188800
[2026-02-28 13:01:40,239] INFO:fitness.free_loss_fidelity: RL4CO free-loss step 200/200: score=9.149939 (avg=9.846597), loss=0.606351 (avg=0.593901), pairs_step=12160, pairs_total=2432000
[2026-02-28 13:01:40,239] INFO:fitness.free_loss_fidelity: RL4CO free-loss step 200/200: score=9.149939 (avg=9.846597), loss=0.606351 (avg=0.593901), pairs_step=12160, pairs_total=2432000
[2026-02-28 13:01:41,502] WARNING:fitness.free_loss_fidelity: weights_only checkpoint load failed (UnpicklingError); retrying weights_only=False for /data1/gushengda/eam-rl4co/baseline/epoch_135.ckpt
[2026-02-28 13:01:41,502] WARNING:fitness.free_loss_fidelity: weights_only checkpoint load failed (UnpicklingError); retrying weights_only=False for /data1/gushengda/eam-rl4co/baseline/epoch_135.ckpt
[2026-02-28 13:01:41,542] INFO:fitness.free_loss_fidelity: Loaded init checkpoint into policy: path=/data1/gushengda/eam-rl4co/baseline/epoch_135.ckpt prefix=policy. matched=97 missing=0 unexpected=0
[2026-02-28 13:01:41,542] INFO:fitness.free_loss_fidelity: Loaded init checkpoint into policy: path=/data1/gushengda/eam-rl4co/baseline/epoch_135.ckpt prefix=policy. matched=97 missing=0 unexpected=0
[2026-02-28 13:01:41,547] INFO:fitness.free_loss_fidelity: RL4CO free-loss (step-mode): f1_steps=200, f2_steps=0, total_steps=200, train_problem_size=100, rollouts=20, batch_size=64, device=cuda:2, env=tsp
[2026-02-28 13:01:41,547] INFO:fitness.free_loss_fidelity: RL4CO free-loss (step-mode): f1_steps=200, f2_steps=0, total_steps=200, train_problem_size=100, rollouts=20, batch_size=64, device=cuda:2, env=tsp
[2026-02-28 13:01:41,834] INFO:fitness.free_loss_fidelity: RL4CO free-loss step 1/200: score=7.825121 (avg=7.825121), loss=0.673493 (avg=0.673493), pairs_step=12151, pairs_total=12151
[2026-02-28 13:01:41,834] INFO:fitness.free_loss_fidelity: RL4CO free-loss step 1/200: score=7.825121 (avg=7.825121), loss=0.673493 (avg=0.673493), pairs_step=12151, pairs_total=12151
[2026-02-28 13:01:47,157] INFO:fitness.free_loss_fidelity: RL4CO free-loss step 20/200: score=7.810618 (avg=7.841036), loss=0.669036 (avg=0.667667), pairs_step=12153, pairs_total=243055
[2026-02-28 13:01:47,157] INFO:fitness.free_loss_fidelity: RL4CO free-loss step 20/200: score=7.810618 (avg=7.841036), loss=0.669036 (avg=0.667667), pairs_step=12153, pairs_total=243055
[2026-02-28 13:01:52,754] INFO:fitness.free_loss_fidelity: RL4CO free-loss step 40/200: score=7.853873 (avg=7.835863), loss=0.668524 (avg=0.668020), pairs_step=12158, pairs_total=486127
[2026-02-28 13:01:52,754] INFO:fitness.free_loss_fidelity: RL4CO free-loss step 40/200: score=7.853873 (avg=7.835863), loss=0.668524 (avg=0.668020), pairs_step=12158, pairs_total=486127
[2026-02-28 13:01:58,384] INFO:fitness.free_loss_fidelity: RL4CO free-loss step 60/200: score=7.847713 (avg=7.832756), loss=0.668527 (avg=0.668294), pairs_step=12147, pairs_total=729204
[2026-02-28 13:01:58,384] INFO:fitness.free_loss_fidelity: RL4CO free-loss step 60/200: score=7.847713 (avg=7.832756), loss=0.668527 (avg=0.668294), pairs_step=12147, pairs_total=729204
[2026-02-28 13:02:04,003] INFO:fitness.free_loss_fidelity: RL4CO free-loss step 80/200: score=7.830091 (avg=7.831728), loss=0.668904 (avg=0.668557), pairs_step=12158, pairs_total=972293
[2026-02-28 13:02:04,003] INFO:fitness.free_loss_fidelity: RL4CO free-loss step 80/200: score=7.830091 (avg=7.831728), loss=0.668904 (avg=0.668557), pairs_step=12158, pairs_total=972293
[2026-02-28 13:02:09,624] INFO:fitness.free_loss_fidelity: RL4CO free-loss step 100/200: score=7.787458 (avg=7.833282), loss=0.672058 (avg=0.669429), pairs_step=12158, pairs_total=1215415
[2026-02-28 13:02:09,624] INFO:fitness.free_loss_fidelity: RL4CO free-loss step 100/200: score=7.787458 (avg=7.833282), loss=0.672058 (avg=0.669429), pairs_step=12158, pairs_total=1215415
[2026-02-28 13:02:15,252] INFO:fitness.free_loss_fidelity: RL4CO free-loss step 120/200: score=7.814383 (avg=7.835432), loss=0.671536 (avg=0.669649), pairs_step=12156, pairs_total=1458491
[2026-02-28 13:02:15,252] INFO:fitness.free_loss_fidelity: RL4CO free-loss step 120/200: score=7.814383 (avg=7.835432), loss=0.671536 (avg=0.669649), pairs_step=12156, pairs_total=1458491
[2026-02-28 13:02:20,858] INFO:fitness.free_loss_fidelity: RL4CO free-loss step 140/200: score=7.865934 (avg=7.836966), loss=0.676180 (avg=0.670052), pairs_step=12151, pairs_total=1701580
[2026-02-28 13:02:20,858] INFO:fitness.free_loss_fidelity: RL4CO free-loss step 140/200: score=7.865934 (avg=7.836966), loss=0.676180 (avg=0.670052), pairs_step=12151, pairs_total=1701580
[2026-02-28 13:02:26,468] INFO:fitness.free_loss_fidelity: RL4CO free-loss step 160/200: score=7.822546 (avg=7.836840), loss=0.668462 (avg=0.670122), pairs_step=12154, pairs_total=1944690
[2026-02-28 13:02:26,468] INFO:fitness.free_loss_fidelity: RL4CO free-loss step 160/200: score=7.822546 (avg=7.836840), loss=0.668462 (avg=0.670122), pairs_step=12154, pairs_total=1944690
[2026-02-28 13:02:32,084] INFO:fitness.free_loss_fidelity: RL4CO free-loss step 180/200: score=7.832920 (avg=7.836232), loss=0.671837 (avg=0.670104), pairs_step=12156, pairs_total=2187771
[2026-02-28 13:02:32,084] INFO:fitness.free_loss_fidelity: RL4CO free-loss step 180/200: score=7.832920 (avg=7.836232), loss=0.671837 (avg=0.670104), pairs_step=12156, pairs_total=2187771
[2026-02-28 13:02:37,689] INFO:fitness.free_loss_fidelity: RL4CO free-loss step 200/200: score=7.848893 (avg=7.835423), loss=0.671406 (avg=0.670236), pairs_step=12151, pairs_total=2430833
[2026-02-28 13:02:37,689] INFO:fitness.free_loss_fidelity: RL4CO free-loss step 200/200: score=7.848893 (avg=7.835423), loss=0.671406 (avg=0.670236), pairs_step=12151, pairs_total=2430833
[2026-02-28 13:02:38,953] WARNING:fitness.free_loss_fidelity: weights_only checkpoint load failed (UnpicklingError); retrying weights_only=False for /data1/gushengda/eam-rl4co/baseline/epoch_409.ckpt
[2026-02-28 13:02:38,953] WARNING:fitness.free_loss_fidelity: weights_only checkpoint load failed (UnpicklingError); retrying weights_only=False for /data1/gushengda/eam-rl4co/baseline/epoch_409.ckpt
[2026-02-28 13:02:38,992] INFO:fitness.free_loss_fidelity: Loaded init checkpoint into policy: path=/data1/gushengda/eam-rl4co/baseline/epoch_409.ckpt prefix=policy. matched=97 missing=0 unexpected=0
[2026-02-28 13:02:38,992] INFO:fitness.free_loss_fidelity: Loaded init checkpoint into policy: path=/data1/gushengda/eam-rl4co/baseline/epoch_409.ckpt prefix=policy. matched=97 missing=0 unexpected=0
[2026-02-28 13:02:38,996] INFO:fitness.free_loss_fidelity: RL4CO free-loss (step-mode): f1_steps=200, f2_steps=0, total_steps=200, train_problem_size=100, rollouts=20, batch_size=64, device=cuda:2, env=tsp
[2026-02-28 13:02:38,996] INFO:fitness.free_loss_fidelity: RL4CO free-loss (step-mode): f1_steps=200, f2_steps=0, total_steps=200, train_problem_size=100, rollouts=20, batch_size=64, device=cuda:2, env=tsp
[2026-02-28 13:02:39,346] INFO:fitness.free_loss_fidelity: RL4CO free-loss step 1/200: score=7.826895 (avg=7.826895), loss=0.215414 (avg=0.215414), pairs_step=12149, pairs_total=12149
[2026-02-28 13:02:39,346] INFO:fitness.free_loss_fidelity: RL4CO free-loss step 1/200: score=7.826895 (avg=7.826895), loss=0.215414 (avg=0.215414), pairs_step=12149, pairs_total=12149
[2026-02-28 13:02:44,695] INFO:fitness.free_loss_fidelity: RL4CO free-loss step 20/200: score=7.823492 (avg=7.840368), loss=0.203653 (avg=0.204286), pairs_step=12154, pairs_total=243075
[2026-02-28 13:02:44,695] INFO:fitness.free_loss_fidelity: RL4CO free-loss step 20/200: score=7.823492 (avg=7.840368), loss=0.203653 (avg=0.204286), pairs_step=12154, pairs_total=243075
[2026-02-28 13:02:50,342] INFO:fitness.free_loss_fidelity: RL4CO free-loss step 40/200: score=7.851748 (avg=7.837613), loss=0.202051 (avg=0.207626), pairs_step=12153, pairs_total=486181
[2026-02-28 13:02:50,342] INFO:fitness.free_loss_fidelity: RL4CO free-loss step 40/200: score=7.851748 (avg=7.837613), loss=0.202051 (avg=0.207626), pairs_step=12153, pairs_total=486181
[2026-02-28 13:02:55,982] INFO:fitness.free_loss_fidelity: RL4CO free-loss step 60/200: score=7.845809 (avg=7.833741), loss=0.200776 (avg=0.205057), pairs_step=12150, pairs_total=729255
[2026-02-28 13:02:55,982] INFO:fitness.free_loss_fidelity: RL4CO free-loss step 60/200: score=7.845809 (avg=7.833741), loss=0.200776 (avg=0.205057), pairs_step=12150, pairs_total=729255
[2026-02-28 13:03:01,612] INFO:fitness.free_loss_fidelity: RL4CO free-loss step 80/200: score=7.831548 (avg=7.832108), loss=0.193038 (avg=0.202260), pairs_step=12151, pairs_total=972331
[2026-02-28 13:03:01,612] INFO:fitness.free_loss_fidelity: RL4CO free-loss step 80/200: score=7.831548 (avg=7.832108), loss=0.193038 (avg=0.202260), pairs_step=12151, pairs_total=972331
[2026-02-28 13:03:07,278] INFO:fitness.free_loss_fidelity: RL4CO free-loss step 100/200: score=7.801702 (avg=7.833717), loss=0.212445 (avg=0.201222), pairs_step=12154, pairs_total=1215399
[2026-02-28 13:03:07,278] INFO:fitness.free_loss_fidelity: RL4CO free-loss step 100/200: score=7.801702 (avg=7.833717), loss=0.212445 (avg=0.201222), pairs_step=12154, pairs_total=1215399
[2026-02-28 13:03:13,007] INFO:fitness.free_loss_fidelity: RL4CO free-loss step 120/200: score=7.809007 (avg=7.835717), loss=0.204214 (avg=0.201819), pairs_step=12149, pairs_total=1458454
[2026-02-28 13:03:13,007] INFO:fitness.free_loss_fidelity: RL4CO free-loss step 120/200: score=7.809007 (avg=7.835717), loss=0.204214 (avg=0.201819), pairs_step=12149, pairs_total=1458454
[2026-02-28 13:03:19,528] INFO:fitness.free_loss_fidelity: RL4CO free-loss step 140/200: score=7.862281 (avg=7.836572), loss=0.190022 (avg=0.201066), pairs_step=12150, pairs_total=1701540
[2026-02-28 13:03:19,528] INFO:fitness.free_loss_fidelity: RL4CO free-loss step 140/200: score=7.862281 (avg=7.836572), loss=0.190022 (avg=0.201066), pairs_step=12150, pairs_total=1701540
[2026-02-28 13:03:26,181] INFO:fitness.free_loss_fidelity: RL4CO free-loss step 160/200: score=7.834493 (avg=7.836088), loss=0.210104 (avg=0.200299), pairs_step=12156, pairs_total=1944589
[2026-02-28 13:03:26,181] INFO:fitness.free_loss_fidelity: RL4CO free-loss step 160/200: score=7.834493 (avg=7.836088), loss=0.210104 (avg=0.200299), pairs_step=12156, pairs_total=1944589
[2026-02-28 13:03:32,630] INFO:fitness.free_loss_fidelity: RL4CO free-loss step 180/200: score=7.820770 (avg=7.834904), loss=0.200768 (avg=0.200713), pairs_step=12152, pairs_total=2187657
[2026-02-28 13:03:32,630] INFO:fitness.free_loss_fidelity: RL4CO free-loss step 180/200: score=7.820770 (avg=7.834904), loss=0.200768 (avg=0.200713), pairs_step=12152, pairs_total=2187657
[2026-02-28 13:03:39,106] INFO:fitness.free_loss_fidelity: RL4CO free-loss step 200/200: score=7.848597 (avg=7.833758), loss=0.197099 (avg=0.200469), pairs_step=12151, pairs_total=2430759
[2026-02-28 13:03:39,106] INFO:fitness.free_loss_fidelity: RL4CO free-loss step 200/200: score=7.848597 (avg=7.833758), loss=0.197099 (avg=0.200469), pairs_step=12151, pairs_total=2430759
