[2026-02-28 13:12:02,490] INFO:fitness.free_loss_fidelity: Stage3 offline mini-train start gen=3 pair_index=4 K=200 seed=12345 valid_sizes=[20, 100] baseline_json=baseline/mini_eval/baseline_minitrain_tsp100_K200.json
[2026-02-28 13:12:02,490] INFO:fitness.free_loss_fidelity: Stage3 offline mini-train start gen=3 pair_index=4 K=200 seed=12345 valid_sizes=[20, 100] baseline_json=baseline/mini_eval/baseline_minitrain_tsp100_K200.json
[2026-02-28 13:12:02,513] INFO:fitness.free_loss_fidelity: RL4CO free-loss (step-mode): f1_steps=200, f2_steps=0, total_steps=200, train_problem_size=100, rollouts=20, batch_size=64, device=cuda:0, env=tsp
[2026-02-28 13:12:02,513] INFO:fitness.free_loss_fidelity: RL4CO free-loss (step-mode): f1_steps=200, f2_steps=0, total_steps=200, train_problem_size=100, rollouts=20, batch_size=64, device=cuda:0, env=tsp
[2026-02-28 13:12:02,867] INFO:fitness.free_loss_fidelity: RL4CO free-loss step 1/200: score=36.626595 (avg=36.626595), loss=0.785102 (avg=0.785102), pairs_step=12160, pairs_total=12160
[2026-02-28 13:12:02,867] INFO:fitness.free_loss_fidelity: RL4CO free-loss step 1/200: score=36.626595 (avg=36.626595), loss=0.785102 (avg=0.785102), pairs_step=12160, pairs_total=12160
[2026-02-28 13:12:08,104] INFO:fitness.free_loss_fidelity: RL4CO free-loss step 20/200: score=10.738869 (avg=13.461541), loss=0.565027 (avg=0.609025), pairs_step=12160, pairs_total=243200
[2026-02-28 13:12:08,104] INFO:fitness.free_loss_fidelity: RL4CO free-loss step 20/200: score=10.738869 (avg=13.461541), loss=0.565027 (avg=0.609025), pairs_step=12160, pairs_total=243200
[2026-02-28 13:12:13,635] INFO:fitness.free_loss_fidelity: RL4CO free-loss step 40/200: score=9.995602 (avg=11.833718), loss=0.578661 (avg=0.592966), pairs_step=12160, pairs_total=486400
[2026-02-28 13:12:13,635] INFO:fitness.free_loss_fidelity: RL4CO free-loss step 40/200: score=9.995602 (avg=11.833718), loss=0.578661 (avg=0.592966), pairs_step=12160, pairs_total=486400
[2026-02-28 13:12:19,168] INFO:fitness.free_loss_fidelity: RL4CO free-loss step 60/200: score=9.765996 (avg=11.157316), loss=0.584517 (avg=0.588787), pairs_step=12160, pairs_total=729599
[2026-02-28 13:12:19,168] INFO:fitness.free_loss_fidelity: RL4CO free-loss step 60/200: score=9.765996 (avg=11.157316), loss=0.584517 (avg=0.588787), pairs_step=12160, pairs_total=729599
[2026-02-28 13:12:24,694] INFO:fitness.free_loss_fidelity: RL4CO free-loss step 80/200: score=9.570168 (avg=10.768825), loss=0.556698 (avg=0.583509), pairs_step=12160, pairs_total=972799
[2026-02-28 13:12:24,694] INFO:fitness.free_loss_fidelity: RL4CO free-loss step 80/200: score=9.570168 (avg=10.768825), loss=0.556698 (avg=0.583509), pairs_step=12160, pairs_total=972799
[2026-02-28 13:12:30,210] INFO:fitness.free_loss_fidelity: RL4CO free-loss step 100/200: score=9.401385 (avg=10.511635), loss=0.562805 (avg=0.580143), pairs_step=12160, pairs_total=1215999
[2026-02-28 13:12:30,210] INFO:fitness.free_loss_fidelity: RL4CO free-loss step 100/200: score=9.401385 (avg=10.511635), loss=0.562805 (avg=0.580143), pairs_step=12160, pairs_total=1215999
[2026-02-28 13:12:35,733] INFO:fitness.free_loss_fidelity: RL4CO free-loss step 120/200: score=9.378925 (avg=10.335202), loss=0.594802 (avg=0.578922), pairs_step=12160, pairs_total=1459198
[2026-02-28 13:12:35,733] INFO:fitness.free_loss_fidelity: RL4CO free-loss step 120/200: score=9.378925 (avg=10.335202), loss=0.594802 (avg=0.578922), pairs_step=12160, pairs_total=1459198
[2026-02-28 13:12:41,269] INFO:fitness.free_loss_fidelity: RL4CO free-loss step 140/200: score=9.358816 (avg=10.197935), loss=0.571338 (avg=0.576818), pairs_step=12160, pairs_total=1702398
[2026-02-28 13:12:41,269] INFO:fitness.free_loss_fidelity: RL4CO free-loss step 140/200: score=9.358816 (avg=10.197935), loss=0.571338 (avg=0.576818), pairs_step=12160, pairs_total=1702398
[2026-02-28 13:12:46,798] INFO:fitness.free_loss_fidelity: RL4CO free-loss step 160/200: score=9.276155 (avg=10.086975), loss=0.569317 (avg=0.574921), pairs_step=12160, pairs_total=1945598
[2026-02-28 13:12:46,798] INFO:fitness.free_loss_fidelity: RL4CO free-loss step 160/200: score=9.276155 (avg=10.086975), loss=0.569317 (avg=0.574921), pairs_step=12160, pairs_total=1945598
[2026-02-28 13:12:52,305] INFO:fitness.free_loss_fidelity: RL4CO free-loss step 180/200: score=9.232000 (avg=9.991308), loss=0.559495 (avg=0.573450), pairs_step=12160, pairs_total=2188798
[2026-02-28 13:12:52,305] INFO:fitness.free_loss_fidelity: RL4CO free-loss step 180/200: score=9.232000 (avg=9.991308), loss=0.559495 (avg=0.573450), pairs_step=12160, pairs_total=2188798
[2026-02-28 13:12:57,829] INFO:fitness.free_loss_fidelity: RL4CO free-loss step 200/200: score=9.194336 (avg=9.910621), loss=0.574077 (avg=0.573103), pairs_step=12160, pairs_total=2431998
[2026-02-28 13:12:57,829] INFO:fitness.free_loss_fidelity: RL4CO free-loss step 200/200: score=9.194336 (avg=9.910621), loss=0.574077 (avg=0.573103), pairs_step=12160, pairs_total=2431998
[2026-02-28 13:12:59,059] WARNING:fitness.free_loss_fidelity: weights_only checkpoint load failed (UnpicklingError); retrying weights_only=False for /data1/gushengda/eam-rl4co/baseline/epoch_135.ckpt
[2026-02-28 13:12:59,059] WARNING:fitness.free_loss_fidelity: weights_only checkpoint load failed (UnpicklingError); retrying weights_only=False for /data1/gushengda/eam-rl4co/baseline/epoch_135.ckpt
[2026-02-28 13:12:59,099] INFO:fitness.free_loss_fidelity: Loaded init checkpoint into policy: path=/data1/gushengda/eam-rl4co/baseline/epoch_135.ckpt prefix=policy. matched=97 missing=0 unexpected=0
[2026-02-28 13:12:59,099] INFO:fitness.free_loss_fidelity: Loaded init checkpoint into policy: path=/data1/gushengda/eam-rl4co/baseline/epoch_135.ckpt prefix=policy. matched=97 missing=0 unexpected=0
[2026-02-28 13:12:59,104] INFO:fitness.free_loss_fidelity: RL4CO free-loss (step-mode): f1_steps=200, f2_steps=0, total_steps=200, train_problem_size=100, rollouts=20, batch_size=64, device=cuda:0, env=tsp
[2026-02-28 13:12:59,104] INFO:fitness.free_loss_fidelity: RL4CO free-loss (step-mode): f1_steps=200, f2_steps=0, total_steps=200, train_problem_size=100, rollouts=20, batch_size=64, device=cuda:0, env=tsp
[2026-02-28 13:12:59,408] INFO:fitness.free_loss_fidelity: RL4CO free-loss step 1/200: score=7.825121 (avg=7.825121), loss=0.668566 (avg=0.668566), pairs_step=12151, pairs_total=12151
[2026-02-28 13:12:59,408] INFO:fitness.free_loss_fidelity: RL4CO free-loss step 1/200: score=7.825121 (avg=7.825121), loss=0.668566 (avg=0.668566), pairs_step=12151, pairs_total=12151
[2026-02-28 13:13:04,673] INFO:fitness.free_loss_fidelity: RL4CO free-loss step 20/200: score=7.805930 (avg=7.841045), loss=0.668748 (avg=0.661872), pairs_step=12158, pairs_total=243090
[2026-02-28 13:13:04,673] INFO:fitness.free_loss_fidelity: RL4CO free-loss step 20/200: score=7.805930 (avg=7.841045), loss=0.668748 (avg=0.661872), pairs_step=12158, pairs_total=243090
[2026-02-28 13:13:10,206] INFO:fitness.free_loss_fidelity: RL4CO free-loss step 40/200: score=7.855757 (avg=7.836010), loss=0.667208 (avg=0.662910), pairs_step=12152, pairs_total=486162
[2026-02-28 13:13:10,206] INFO:fitness.free_loss_fidelity: RL4CO free-loss step 40/200: score=7.855757 (avg=7.836010), loss=0.667208 (avg=0.662910), pairs_step=12152, pairs_total=486162
[2026-02-28 13:13:15,747] INFO:fitness.free_loss_fidelity: RL4CO free-loss step 60/200: score=7.849502 (avg=7.834434), loss=0.662596 (avg=0.663412), pairs_step=12153, pairs_total=729259
[2026-02-28 13:13:15,747] INFO:fitness.free_loss_fidelity: RL4CO free-loss step 60/200: score=7.849502 (avg=7.834434), loss=0.662596 (avg=0.663412), pairs_step=12153, pairs_total=729259
[2026-02-28 13:13:21,280] INFO:fitness.free_loss_fidelity: RL4CO free-loss step 80/200: score=7.833655 (avg=7.834804), loss=0.659861 (avg=0.664259), pairs_step=12154, pairs_total=972324
[2026-02-28 13:13:21,280] INFO:fitness.free_loss_fidelity: RL4CO free-loss step 80/200: score=7.833655 (avg=7.834804), loss=0.659861 (avg=0.664259), pairs_step=12154, pairs_total=972324
[2026-02-28 13:13:26,799] INFO:fitness.free_loss_fidelity: RL4CO free-loss step 100/200: score=7.803549 (avg=7.836151), loss=0.665853 (avg=0.664558), pairs_step=12157, pairs_total=1215399
[2026-02-28 13:13:26,799] INFO:fitness.free_loss_fidelity: RL4CO free-loss step 100/200: score=7.803549 (avg=7.836151), loss=0.665853 (avg=0.664558), pairs_step=12157, pairs_total=1215399
[2026-02-28 13:13:32,318] INFO:fitness.free_loss_fidelity: RL4CO free-loss step 120/200: score=7.813820 (avg=7.837611), loss=0.663997 (avg=0.664387), pairs_step=12153, pairs_total=1458497
[2026-02-28 13:13:32,318] INFO:fitness.free_loss_fidelity: RL4CO free-loss step 120/200: score=7.813820 (avg=7.837611), loss=0.663997 (avg=0.664387), pairs_step=12153, pairs_total=1458497
[2026-02-28 13:13:37,849] INFO:fitness.free_loss_fidelity: RL4CO free-loss step 140/200: score=7.865516 (avg=7.838958), loss=0.660974 (avg=0.664347), pairs_step=12155, pairs_total=1701595
[2026-02-28 13:13:37,849] INFO:fitness.free_loss_fidelity: RL4CO free-loss step 140/200: score=7.865516 (avg=7.838958), loss=0.660974 (avg=0.664347), pairs_step=12155, pairs_total=1701595
[2026-02-28 13:13:43,407] INFO:fitness.free_loss_fidelity: RL4CO free-loss step 160/200: score=7.826082 (avg=7.838704), loss=0.662742 (avg=0.664668), pairs_step=12150, pairs_total=1944668
[2026-02-28 13:13:43,407] INFO:fitness.free_loss_fidelity: RL4CO free-loss step 160/200: score=7.826082 (avg=7.838704), loss=0.662742 (avg=0.664668), pairs_step=12150, pairs_total=1944668
[2026-02-28 13:13:48,934] INFO:fitness.free_loss_fidelity: RL4CO free-loss step 180/200: score=7.831805 (avg=7.837898), loss=0.672509 (avg=0.664903), pairs_step=12156, pairs_total=2187772
[2026-02-28 13:13:48,934] INFO:fitness.free_loss_fidelity: RL4CO free-loss step 180/200: score=7.831805 (avg=7.837898), loss=0.672509 (avg=0.664903), pairs_step=12156, pairs_total=2187772
[2026-02-28 13:13:54,481] INFO:fitness.free_loss_fidelity: RL4CO free-loss step 200/200: score=7.850175 (avg=7.837081), loss=0.665724 (avg=0.665019), pairs_step=12157, pairs_total=2430861
[2026-02-28 13:13:54,481] INFO:fitness.free_loss_fidelity: RL4CO free-loss step 200/200: score=7.850175 (avg=7.837081), loss=0.665724 (avg=0.665019), pairs_step=12157, pairs_total=2430861
[2026-02-28 13:13:55,718] WARNING:fitness.free_loss_fidelity: weights_only checkpoint load failed (UnpicklingError); retrying weights_only=False for /data1/gushengda/eam-rl4co/baseline/epoch_409.ckpt
[2026-02-28 13:13:55,718] WARNING:fitness.free_loss_fidelity: weights_only checkpoint load failed (UnpicklingError); retrying weights_only=False for /data1/gushengda/eam-rl4co/baseline/epoch_409.ckpt
[2026-02-28 13:13:55,757] INFO:fitness.free_loss_fidelity: Loaded init checkpoint into policy: path=/data1/gushengda/eam-rl4co/baseline/epoch_409.ckpt prefix=policy. matched=97 missing=0 unexpected=0
[2026-02-28 13:13:55,757] INFO:fitness.free_loss_fidelity: Loaded init checkpoint into policy: path=/data1/gushengda/eam-rl4co/baseline/epoch_409.ckpt prefix=policy. matched=97 missing=0 unexpected=0
[2026-02-28 13:13:55,762] INFO:fitness.free_loss_fidelity: RL4CO free-loss (step-mode): f1_steps=200, f2_steps=0, total_steps=200, train_problem_size=100, rollouts=20, batch_size=64, device=cuda:0, env=tsp
[2026-02-28 13:13:55,762] INFO:fitness.free_loss_fidelity: RL4CO free-loss (step-mode): f1_steps=200, f2_steps=0, total_steps=200, train_problem_size=100, rollouts=20, batch_size=64, device=cuda:0, env=tsp
[2026-02-28 13:13:56,070] INFO:fitness.free_loss_fidelity: RL4CO free-loss step 1/200: score=7.826895 (avg=7.826895), loss=0.209777 (avg=0.209777), pairs_step=12149, pairs_total=12149
[2026-02-28 13:13:56,070] INFO:fitness.free_loss_fidelity: RL4CO free-loss step 1/200: score=7.826895 (avg=7.826895), loss=0.209777 (avg=0.209777), pairs_step=12149, pairs_total=12149
[2026-02-28 13:14:01,539] INFO:fitness.free_loss_fidelity: RL4CO free-loss step 20/200: score=7.818693 (avg=7.840907), loss=0.209196 (avg=0.201001), pairs_step=12154, pairs_total=243007
[2026-02-28 13:14:01,539] INFO:fitness.free_loss_fidelity: RL4CO free-loss step 20/200: score=7.818693 (avg=7.840907), loss=0.209196 (avg=0.201001), pairs_step=12154, pairs_total=243007
[2026-02-28 13:14:07,101] INFO:fitness.free_loss_fidelity: RL4CO free-loss step 40/200: score=7.852217 (avg=7.835439), loss=0.202693 (avg=0.201235), pairs_step=12154, pairs_total=486075
[2026-02-28 13:14:07,101] INFO:fitness.free_loss_fidelity: RL4CO free-loss step 40/200: score=7.852217 (avg=7.835439), loss=0.202693 (avg=0.201235), pairs_step=12154, pairs_total=486075
[2026-02-28 13:14:12,645] INFO:fitness.free_loss_fidelity: RL4CO free-loss step 60/200: score=7.838999 (avg=7.831962), loss=0.205693 (avg=0.201897), pairs_step=12140, pairs_total=729120
[2026-02-28 13:14:12,645] INFO:fitness.free_loss_fidelity: RL4CO free-loss step 60/200: score=7.838999 (avg=7.831962), loss=0.205693 (avg=0.201897), pairs_step=12140, pairs_total=729120
[2026-02-28 13:14:18,164] INFO:fitness.free_loss_fidelity: RL4CO free-loss step 80/200: score=7.829432 (avg=7.829882), loss=0.192964 (avg=0.199612), pairs_step=12156, pairs_total=972178
[2026-02-28 13:14:18,164] INFO:fitness.free_loss_fidelity: RL4CO free-loss step 80/200: score=7.829432 (avg=7.829882), loss=0.192964 (avg=0.199612), pairs_step=12156, pairs_total=972178
[2026-02-28 13:14:23,719] INFO:fitness.free_loss_fidelity: RL4CO free-loss step 100/200: score=7.788323 (avg=7.830248), loss=0.211852 (avg=0.199956), pairs_step=12153, pairs_total=1215220
[2026-02-28 13:14:23,719] INFO:fitness.free_loss_fidelity: RL4CO free-loss step 100/200: score=7.788323 (avg=7.830248), loss=0.211852 (avg=0.199956), pairs_step=12153, pairs_total=1215220
[2026-02-28 13:14:29,254] INFO:fitness.free_loss_fidelity: RL4CO free-loss step 120/200: score=7.803503 (avg=7.832496), loss=0.199145 (avg=0.200412), pairs_step=12153, pairs_total=1458278
[2026-02-28 13:14:29,254] INFO:fitness.free_loss_fidelity: RL4CO free-loss step 120/200: score=7.803503 (avg=7.832496), loss=0.199145 (avg=0.200412), pairs_step=12153, pairs_total=1458278
[2026-02-28 13:14:34,787] INFO:fitness.free_loss_fidelity: RL4CO free-loss step 140/200: score=7.862829 (avg=7.834305), loss=0.192217 (avg=0.199510), pairs_step=12129, pairs_total=1701351
[2026-02-28 13:14:34,787] INFO:fitness.free_loss_fidelity: RL4CO free-loss step 140/200: score=7.862829 (avg=7.834305), loss=0.192217 (avg=0.199510), pairs_step=12129, pairs_total=1701351
[2026-02-28 13:14:40,315] INFO:fitness.free_loss_fidelity: RL4CO free-loss step 160/200: score=7.834564 (avg=7.834232), loss=0.202621 (avg=0.199539), pairs_step=12151, pairs_total=1944446
[2026-02-28 13:14:40,315] INFO:fitness.free_loss_fidelity: RL4CO free-loss step 160/200: score=7.834564 (avg=7.834232), loss=0.202621 (avg=0.199539), pairs_step=12151, pairs_total=1944446
[2026-02-28 13:14:45,859] INFO:fitness.free_loss_fidelity: RL4CO free-loss step 180/200: score=7.824004 (avg=7.833748), loss=0.208496 (avg=0.199878), pairs_step=12152, pairs_total=2187552
[2026-02-28 13:14:45,859] INFO:fitness.free_loss_fidelity: RL4CO free-loss step 180/200: score=7.824004 (avg=7.833748), loss=0.208496 (avg=0.199878), pairs_step=12152, pairs_total=2187552
[2026-02-28 13:14:51,405] INFO:fitness.free_loss_fidelity: RL4CO free-loss step 200/200: score=7.846663 (avg=7.833210), loss=0.188923 (avg=0.199698), pairs_step=12158, pairs_total=2430660
[2026-02-28 13:14:51,405] INFO:fitness.free_loss_fidelity: RL4CO free-loss step 200/200: score=7.846663 (avg=7.833210), loss=0.188923 (avg=0.199698), pairs_step=12158, pairs_total=2430660
