[2026-02-28 13:35:07,358] INFO:fitness.free_loss_fidelity: Stage3 offline mini-train start gen=4 pair_index=11 K=200 seed=12345 valid_sizes=[20, 100] baseline_json=baseline/mini_eval/baseline_minitrain_tsp100_K200.json
[2026-02-28 13:35:07,358] INFO:fitness.free_loss_fidelity: Stage3 offline mini-train start gen=4 pair_index=11 K=200 seed=12345 valid_sizes=[20, 100] baseline_json=baseline/mini_eval/baseline_minitrain_tsp100_K200.json
[2026-02-28 13:35:07,380] INFO:fitness.free_loss_fidelity: RL4CO free-loss (step-mode): f1_steps=200, f2_steps=0, total_steps=200, train_problem_size=100, rollouts=20, batch_size=64, device=cuda:1, env=tsp
[2026-02-28 13:35:07,380] INFO:fitness.free_loss_fidelity: RL4CO free-loss (step-mode): f1_steps=200, f2_steps=0, total_steps=200, train_problem_size=100, rollouts=20, batch_size=64, device=cuda:1, env=tsp
[2026-02-28 13:35:07,661] INFO:fitness.free_loss_fidelity: RL4CO free-loss step 1/200: score=36.626595 (avg=36.626595), loss=0.802105 (avg=0.802105), pairs_step=12160, pairs_total=12160
[2026-02-28 13:35:07,661] INFO:fitness.free_loss_fidelity: RL4CO free-loss step 1/200: score=36.626595 (avg=36.626595), loss=0.802105 (avg=0.802105), pairs_step=12160, pairs_total=12160
[2026-02-28 13:35:13,005] INFO:fitness.free_loss_fidelity: RL4CO free-loss step 20/200: score=10.442949 (avg=13.418026), loss=0.594145 (avg=0.615275), pairs_step=12160, pairs_total=243200
[2026-02-28 13:35:13,005] INFO:fitness.free_loss_fidelity: RL4CO free-loss step 20/200: score=10.442949 (avg=13.418026), loss=0.594145 (avg=0.615275), pairs_step=12160, pairs_total=243200
[2026-02-28 13:35:18,612] INFO:fitness.free_loss_fidelity: RL4CO free-loss step 40/200: score=10.039224 (avg=11.740689), loss=0.558627 (avg=0.606731), pairs_step=12160, pairs_total=486400
[2026-02-28 13:35:18,612] INFO:fitness.free_loss_fidelity: RL4CO free-loss step 40/200: score=10.039224 (avg=11.740689), loss=0.558627 (avg=0.606731), pairs_step=12160, pairs_total=486400
[2026-02-28 13:35:24,231] INFO:fitness.free_loss_fidelity: RL4CO free-loss step 60/200: score=9.788095 (avg=11.079830), loss=0.605212 (avg=0.600567), pairs_step=12160, pairs_total=729600
[2026-02-28 13:35:24,231] INFO:fitness.free_loss_fidelity: RL4CO free-loss step 60/200: score=9.788095 (avg=11.079830), loss=0.605212 (avg=0.600567), pairs_step=12160, pairs_total=729600
[2026-02-28 13:35:29,793] INFO:fitness.free_loss_fidelity: RL4CO free-loss step 80/200: score=9.616743 (avg=10.714397), loss=0.551419 (avg=0.593197), pairs_step=12160, pairs_total=972800
[2026-02-28 13:35:29,793] INFO:fitness.free_loss_fidelity: RL4CO free-loss step 80/200: score=9.616743 (avg=10.714397), loss=0.551419 (avg=0.593197), pairs_step=12160, pairs_total=972800
[2026-02-28 13:35:35,372] INFO:fitness.free_loss_fidelity: RL4CO free-loss step 100/200: score=9.398595 (avg=10.479552), loss=0.582014 (avg=0.588760), pairs_step=12160, pairs_total=1216000
[2026-02-28 13:35:35,372] INFO:fitness.free_loss_fidelity: RL4CO free-loss step 100/200: score=9.398595 (avg=10.479552), loss=0.582014 (avg=0.588760), pairs_step=12160, pairs_total=1216000
[2026-02-28 13:35:40,947] INFO:fitness.free_loss_fidelity: RL4CO free-loss step 120/200: score=9.393392 (avg=10.310360), loss=0.568268 (avg=0.585617), pairs_step=12160, pairs_total=1459200
[2026-02-28 13:35:40,947] INFO:fitness.free_loss_fidelity: RL4CO free-loss step 120/200: score=9.393392 (avg=10.310360), loss=0.568268 (avg=0.585617), pairs_step=12160, pairs_total=1459200
[2026-02-28 13:35:46,506] INFO:fitness.free_loss_fidelity: RL4CO free-loss step 140/200: score=9.265791 (avg=10.176338), loss=0.557463 (avg=0.582607), pairs_step=12160, pairs_total=1702400
[2026-02-28 13:35:46,506] INFO:fitness.free_loss_fidelity: RL4CO free-loss step 140/200: score=9.265791 (avg=10.176338), loss=0.557463 (avg=0.582607), pairs_step=12160, pairs_total=1702400
[2026-02-28 13:35:52,069] INFO:fitness.free_loss_fidelity: RL4CO free-loss step 160/200: score=9.203630 (avg=10.063933), loss=0.552300 (avg=0.580246), pairs_step=12160, pairs_total=1945599
[2026-02-28 13:35:52,069] INFO:fitness.free_loss_fidelity: RL4CO free-loss step 160/200: score=9.203630 (avg=10.063933), loss=0.552300 (avg=0.580246), pairs_step=12160, pairs_total=1945599
[2026-02-28 13:35:57,622] INFO:fitness.free_loss_fidelity: RL4CO free-loss step 180/200: score=9.158184 (avg=9.967923), loss=0.575499 (avg=0.579392), pairs_step=12160, pairs_total=2188799
[2026-02-28 13:35:57,622] INFO:fitness.free_loss_fidelity: RL4CO free-loss step 180/200: score=9.158184 (avg=9.967923), loss=0.575499 (avg=0.579392), pairs_step=12160, pairs_total=2188799
[2026-02-28 13:36:03,197] INFO:fitness.free_loss_fidelity: RL4CO free-loss step 200/200: score=9.227206 (avg=9.891374), loss=0.560265 (avg=0.578292), pairs_step=12160, pairs_total=2431999
[2026-02-28 13:36:03,197] INFO:fitness.free_loss_fidelity: RL4CO free-loss step 200/200: score=9.227206 (avg=9.891374), loss=0.560265 (avg=0.578292), pairs_step=12160, pairs_total=2431999
[2026-02-28 13:36:04,457] WARNING:fitness.free_loss_fidelity: weights_only checkpoint load failed (UnpicklingError); retrying weights_only=False for /data1/gushengda/eam-rl4co/baseline/epoch_135.ckpt
[2026-02-28 13:36:04,457] WARNING:fitness.free_loss_fidelity: weights_only checkpoint load failed (UnpicklingError); retrying weights_only=False for /data1/gushengda/eam-rl4co/baseline/epoch_135.ckpt
[2026-02-28 13:36:04,497] INFO:fitness.free_loss_fidelity: Loaded init checkpoint into policy: path=/data1/gushengda/eam-rl4co/baseline/epoch_135.ckpt prefix=policy. matched=97 missing=0 unexpected=0
[2026-02-28 13:36:04,497] INFO:fitness.free_loss_fidelity: Loaded init checkpoint into policy: path=/data1/gushengda/eam-rl4co/baseline/epoch_135.ckpt prefix=policy. matched=97 missing=0 unexpected=0
[2026-02-28 13:36:04,503] INFO:fitness.free_loss_fidelity: RL4CO free-loss (step-mode): f1_steps=200, f2_steps=0, total_steps=200, train_problem_size=100, rollouts=20, batch_size=64, device=cuda:1, env=tsp
[2026-02-28 13:36:04,503] INFO:fitness.free_loss_fidelity: RL4CO free-loss (step-mode): f1_steps=200, f2_steps=0, total_steps=200, train_problem_size=100, rollouts=20, batch_size=64, device=cuda:1, env=tsp
[2026-02-28 13:36:04,789] INFO:fitness.free_loss_fidelity: RL4CO free-loss step 1/200: score=7.825121 (avg=7.825121), loss=0.669272 (avg=0.669272), pairs_step=12151, pairs_total=12151
[2026-02-28 13:36:04,789] INFO:fitness.free_loss_fidelity: RL4CO free-loss step 1/200: score=7.825121 (avg=7.825121), loss=0.669272 (avg=0.669272), pairs_step=12151, pairs_total=12151
[2026-02-28 13:36:10,118] INFO:fitness.free_loss_fidelity: RL4CO free-loss step 20/200: score=7.827557 (avg=7.843750), loss=0.660349 (avg=0.661130), pairs_step=12157, pairs_total=243099
[2026-02-28 13:36:10,118] INFO:fitness.free_loss_fidelity: RL4CO free-loss step 20/200: score=7.827557 (avg=7.843750), loss=0.660349 (avg=0.661130), pairs_step=12157, pairs_total=243099
[2026-02-28 13:36:15,695] INFO:fitness.free_loss_fidelity: RL4CO free-loss step 40/200: score=7.863825 (avg=7.839779), loss=0.668293 (avg=0.662038), pairs_step=12157, pairs_total=486192
[2026-02-28 13:36:15,695] INFO:fitness.free_loss_fidelity: RL4CO free-loss step 40/200: score=7.863825 (avg=7.839779), loss=0.668293 (avg=0.662038), pairs_step=12157, pairs_total=486192
[2026-02-28 13:36:21,267] INFO:fitness.free_loss_fidelity: RL4CO free-loss step 60/200: score=7.854952 (avg=7.837812), loss=0.662160 (avg=0.662826), pairs_step=12155, pairs_total=729289
[2026-02-28 13:36:21,267] INFO:fitness.free_loss_fidelity: RL4CO free-loss step 60/200: score=7.854952 (avg=7.837812), loss=0.662160 (avg=0.662826), pairs_step=12155, pairs_total=729289
[2026-02-28 13:36:26,846] INFO:fitness.free_loss_fidelity: RL4CO free-loss step 80/200: score=7.841583 (avg=7.836011), loss=0.665706 (avg=0.663301), pairs_step=12158, pairs_total=972397
[2026-02-28 13:36:26,846] INFO:fitness.free_loss_fidelity: RL4CO free-loss step 80/200: score=7.841583 (avg=7.836011), loss=0.665706 (avg=0.663301), pairs_step=12158, pairs_total=972397
[2026-02-28 13:36:32,415] INFO:fitness.free_loss_fidelity: RL4CO free-loss step 100/200: score=7.795362 (avg=7.836720), loss=0.663428 (avg=0.663164), pairs_step=12156, pairs_total=1215512
[2026-02-28 13:36:32,415] INFO:fitness.free_loss_fidelity: RL4CO free-loss step 100/200: score=7.795362 (avg=7.836720), loss=0.663428 (avg=0.663164), pairs_step=12156, pairs_total=1215512
[2026-02-28 13:36:38,010] INFO:fitness.free_loss_fidelity: RL4CO free-loss step 120/200: score=7.811659 (avg=7.837876), loss=0.664114 (avg=0.663456), pairs_step=12154, pairs_total=1458582
[2026-02-28 13:36:38,010] INFO:fitness.free_loss_fidelity: RL4CO free-loss step 120/200: score=7.811659 (avg=7.837876), loss=0.664114 (avg=0.663456), pairs_step=12154, pairs_total=1458582
[2026-02-28 13:36:43,577] INFO:fitness.free_loss_fidelity: RL4CO free-loss step 140/200: score=7.860825 (avg=7.839133), loss=0.667391 (avg=0.663507), pairs_step=12155, pairs_total=1701678
[2026-02-28 13:36:43,577] INFO:fitness.free_loss_fidelity: RL4CO free-loss step 140/200: score=7.860825 (avg=7.839133), loss=0.667391 (avg=0.663507), pairs_step=12155, pairs_total=1701678
[2026-02-28 13:36:49,153] INFO:fitness.free_loss_fidelity: RL4CO free-loss step 160/200: score=7.833161 (avg=7.838809), loss=0.666370 (avg=0.663772), pairs_step=12150, pairs_total=1944738
[2026-02-28 13:36:49,153] INFO:fitness.free_loss_fidelity: RL4CO free-loss step 160/200: score=7.833161 (avg=7.838809), loss=0.666370 (avg=0.663772), pairs_step=12150, pairs_total=1944738
[2026-02-28 13:36:54,737] INFO:fitness.free_loss_fidelity: RL4CO free-loss step 180/200: score=7.822251 (avg=7.837778), loss=0.666737 (avg=0.664091), pairs_step=12157, pairs_total=2187849
[2026-02-28 13:36:54,737] INFO:fitness.free_loss_fidelity: RL4CO free-loss step 180/200: score=7.822251 (avg=7.837778), loss=0.666737 (avg=0.664091), pairs_step=12157, pairs_total=2187849
[2026-02-28 13:37:00,301] INFO:fitness.free_loss_fidelity: RL4CO free-loss step 200/200: score=7.855716 (avg=7.837046), loss=0.667262 (avg=0.664501), pairs_step=12152, pairs_total=2430942
[2026-02-28 13:37:00,301] INFO:fitness.free_loss_fidelity: RL4CO free-loss step 200/200: score=7.855716 (avg=7.837046), loss=0.667262 (avg=0.664501), pairs_step=12152, pairs_total=2430942
[2026-02-28 13:37:01,562] WARNING:fitness.free_loss_fidelity: weights_only checkpoint load failed (UnpicklingError); retrying weights_only=False for /data1/gushengda/eam-rl4co/baseline/epoch_409.ckpt
[2026-02-28 13:37:01,562] WARNING:fitness.free_loss_fidelity: weights_only checkpoint load failed (UnpicklingError); retrying weights_only=False for /data1/gushengda/eam-rl4co/baseline/epoch_409.ckpt
[2026-02-28 13:37:01,602] INFO:fitness.free_loss_fidelity: Loaded init checkpoint into policy: path=/data1/gushengda/eam-rl4co/baseline/epoch_409.ckpt prefix=policy. matched=97 missing=0 unexpected=0
[2026-02-28 13:37:01,602] INFO:fitness.free_loss_fidelity: Loaded init checkpoint into policy: path=/data1/gushengda/eam-rl4co/baseline/epoch_409.ckpt prefix=policy. matched=97 missing=0 unexpected=0
[2026-02-28 13:37:01,607] INFO:fitness.free_loss_fidelity: RL4CO free-loss (step-mode): f1_steps=200, f2_steps=0, total_steps=200, train_problem_size=100, rollouts=20, batch_size=64, device=cuda:1, env=tsp
[2026-02-28 13:37:01,607] INFO:fitness.free_loss_fidelity: RL4CO free-loss (step-mode): f1_steps=200, f2_steps=0, total_steps=200, train_problem_size=100, rollouts=20, batch_size=64, device=cuda:1, env=tsp
[2026-02-28 13:37:01,894] INFO:fitness.free_loss_fidelity: RL4CO free-loss step 1/200: score=7.826895 (avg=7.826895), loss=0.210506 (avg=0.210506), pairs_step=12149, pairs_total=12149
[2026-02-28 13:37:01,894] INFO:fitness.free_loss_fidelity: RL4CO free-loss step 1/200: score=7.826895 (avg=7.826895), loss=0.210506 (avg=0.210506), pairs_step=12149, pairs_total=12149
[2026-02-28 13:37:07,201] INFO:fitness.free_loss_fidelity: RL4CO free-loss step 20/200: score=7.820392 (avg=7.842293), loss=0.196874 (avg=0.197580), pairs_step=12152, pairs_total=243016
[2026-02-28 13:37:07,201] INFO:fitness.free_loss_fidelity: RL4CO free-loss step 20/200: score=7.820392 (avg=7.842293), loss=0.196874 (avg=0.197580), pairs_step=12152, pairs_total=243016
[2026-02-28 13:37:12,768] INFO:fitness.free_loss_fidelity: RL4CO free-loss step 40/200: score=7.861704 (avg=7.838672), loss=0.200102 (avg=0.198320), pairs_step=12152, pairs_total=486081
[2026-02-28 13:37:12,768] INFO:fitness.free_loss_fidelity: RL4CO free-loss step 40/200: score=7.861704 (avg=7.838672), loss=0.200102 (avg=0.198320), pairs_step=12152, pairs_total=486081
[2026-02-28 13:37:18,353] INFO:fitness.free_loss_fidelity: RL4CO free-loss step 60/200: score=7.851693 (avg=7.834236), loss=0.208567 (avg=0.198319), pairs_step=12156, pairs_total=729154
[2026-02-28 13:37:18,353] INFO:fitness.free_loss_fidelity: RL4CO free-loss step 60/200: score=7.851693 (avg=7.834236), loss=0.208567 (avg=0.198319), pairs_step=12156, pairs_total=729154
[2026-02-28 13:37:23,922] INFO:fitness.free_loss_fidelity: RL4CO free-loss step 80/200: score=7.825586 (avg=7.833200), loss=0.193501 (avg=0.197969), pairs_step=12153, pairs_total=972236
[2026-02-28 13:37:23,922] INFO:fitness.free_loss_fidelity: RL4CO free-loss step 80/200: score=7.825586 (avg=7.833200), loss=0.193501 (avg=0.197969), pairs_step=12153, pairs_total=972236
[2026-02-28 13:37:29,487] INFO:fitness.free_loss_fidelity: RL4CO free-loss step 100/200: score=7.792242 (avg=7.834346), loss=0.197927 (avg=0.197030), pairs_step=12154, pairs_total=1215315
[2026-02-28 13:37:29,487] INFO:fitness.free_loss_fidelity: RL4CO free-loss step 100/200: score=7.792242 (avg=7.834346), loss=0.197927 (avg=0.197030), pairs_step=12154, pairs_total=1215315
[2026-02-28 13:37:35,059] INFO:fitness.free_loss_fidelity: RL4CO free-loss step 120/200: score=7.810272 (avg=7.836015), loss=0.197284 (avg=0.195849), pairs_step=12147, pairs_total=1458420
[2026-02-28 13:37:35,059] INFO:fitness.free_loss_fidelity: RL4CO free-loss step 120/200: score=7.810272 (avg=7.836015), loss=0.197284 (avg=0.195849), pairs_step=12147, pairs_total=1458420
[2026-02-28 13:37:40,619] INFO:fitness.free_loss_fidelity: RL4CO free-loss step 140/200: score=7.861844 (avg=7.837147), loss=0.193784 (avg=0.195846), pairs_step=12146, pairs_total=1701487
[2026-02-28 13:37:40,619] INFO:fitness.free_loss_fidelity: RL4CO free-loss step 140/200: score=7.861844 (avg=7.837147), loss=0.193784 (avg=0.195846), pairs_step=12146, pairs_total=1701487
[2026-02-28 13:37:46,174] INFO:fitness.free_loss_fidelity: RL4CO free-loss step 160/200: score=7.834274 (avg=7.836690), loss=0.211522 (avg=0.195951), pairs_step=12151, pairs_total=1944536
[2026-02-28 13:37:46,174] INFO:fitness.free_loss_fidelity: RL4CO free-loss step 160/200: score=7.834274 (avg=7.836690), loss=0.211522 (avg=0.195951), pairs_step=12151, pairs_total=1944536
[2026-02-28 13:37:51,744] INFO:fitness.free_loss_fidelity: RL4CO free-loss step 180/200: score=7.824342 (avg=7.836055), loss=0.202747 (avg=0.196559), pairs_step=12142, pairs_total=2187597
[2026-02-28 13:37:51,744] INFO:fitness.free_loss_fidelity: RL4CO free-loss step 180/200: score=7.824342 (avg=7.836055), loss=0.202747 (avg=0.196559), pairs_step=12142, pairs_total=2187597
[2026-02-28 13:37:57,308] INFO:fitness.free_loss_fidelity: RL4CO free-loss step 200/200: score=7.846480 (avg=7.834512), loss=0.184599 (avg=0.196437), pairs_step=12149, pairs_total=2430661
[2026-02-28 13:37:57,308] INFO:fitness.free_loss_fidelity: RL4CO free-loss step 200/200: score=7.846480 (avg=7.834512), loss=0.184599 (avg=0.196437), pairs_step=12149, pairs_total=2430661
