[2026-02-28 15:22:14,952] INFO:fitness.free_loss_fidelity: Stage3 offline mini-train start gen=8 pair_index=24 K=200 seed=12345 valid_sizes=[20, 100] baseline_json=baseline/mini_eval/baseline_minitrain_tsp100_K200.json
[2026-02-28 15:22:14,952] INFO:fitness.free_loss_fidelity: Stage3 offline mini-train start gen=8 pair_index=24 K=200 seed=12345 valid_sizes=[20, 100] baseline_json=baseline/mini_eval/baseline_minitrain_tsp100_K200.json
[2026-02-28 15:22:14,976] INFO:fitness.free_loss_fidelity: RL4CO free-loss (step-mode): f1_steps=200, f2_steps=0, total_steps=200, train_problem_size=100, rollouts=20, batch_size=64, device=cuda:1, env=tsp
[2026-02-28 15:22:14,976] INFO:fitness.free_loss_fidelity: RL4CO free-loss (step-mode): f1_steps=200, f2_steps=0, total_steps=200, train_problem_size=100, rollouts=20, batch_size=64, device=cuda:1, env=tsp
[2026-02-28 15:22:15,356] INFO:fitness.free_loss_fidelity: RL4CO free-loss step 1/200: score=36.626595 (avg=36.626595), loss=0.795077 (avg=0.795077), pairs_step=12160, pairs_total=12160
[2026-02-28 15:22:15,356] INFO:fitness.free_loss_fidelity: RL4CO free-loss step 1/200: score=36.626595 (avg=36.626595), loss=0.795077 (avg=0.795077), pairs_step=12160, pairs_total=12160
[2026-02-28 15:22:21,518] INFO:fitness.free_loss_fidelity: RL4CO free-loss step 20/200: score=10.418514 (avg=13.363293), loss=0.609904 (avg=0.619418), pairs_step=12160, pairs_total=243200
[2026-02-28 15:22:21,518] INFO:fitness.free_loss_fidelity: RL4CO free-loss step 20/200: score=10.418514 (avg=13.363293), loss=0.609904 (avg=0.619418), pairs_step=12160, pairs_total=243200
[2026-02-28 15:22:28,034] INFO:fitness.free_loss_fidelity: RL4CO free-loss step 40/200: score=9.803993 (avg=11.705671), loss=0.586217 (avg=0.606628), pairs_step=12160, pairs_total=486400
[2026-02-28 15:22:28,034] INFO:fitness.free_loss_fidelity: RL4CO free-loss step 40/200: score=9.803993 (avg=11.705671), loss=0.586217 (avg=0.606628), pairs_step=12160, pairs_total=486400
[2026-02-28 15:22:34,534] INFO:fitness.free_loss_fidelity: RL4CO free-loss step 60/200: score=9.647005 (avg=11.041907), loss=0.576372 (avg=0.599551), pairs_step=12160, pairs_total=729600
[2026-02-28 15:22:34,534] INFO:fitness.free_loss_fidelity: RL4CO free-loss step 60/200: score=9.647005 (avg=11.041907), loss=0.576372 (avg=0.599551), pairs_step=12160, pairs_total=729600
[2026-02-28 15:22:41,048] INFO:fitness.free_loss_fidelity: RL4CO free-loss step 80/200: score=9.604525 (avg=10.675194), loss=0.563710 (avg=0.593701), pairs_step=12160, pairs_total=972800
[2026-02-28 15:22:41,048] INFO:fitness.free_loss_fidelity: RL4CO free-loss step 80/200: score=9.604525 (avg=10.675194), loss=0.563710 (avg=0.593701), pairs_step=12160, pairs_total=972800
[2026-02-28 15:22:47,534] INFO:fitness.free_loss_fidelity: RL4CO free-loss step 100/200: score=9.354328 (avg=10.433717), loss=0.576434 (avg=0.588983), pairs_step=12160, pairs_total=1216000
[2026-02-28 15:22:47,534] INFO:fitness.free_loss_fidelity: RL4CO free-loss step 100/200: score=9.354328 (avg=10.433717), loss=0.576434 (avg=0.588983), pairs_step=12160, pairs_total=1216000
[2026-02-28 15:22:54,044] INFO:fitness.free_loss_fidelity: RL4CO free-loss step 120/200: score=9.308782 (avg=10.262465), loss=0.562853 (avg=0.586167), pairs_step=12160, pairs_total=1459200
[2026-02-28 15:22:54,044] INFO:fitness.free_loss_fidelity: RL4CO free-loss step 120/200: score=9.308782 (avg=10.262465), loss=0.562853 (avg=0.586167), pairs_step=12160, pairs_total=1459200
[2026-02-28 15:23:00,553] INFO:fitness.free_loss_fidelity: RL4CO free-loss step 140/200: score=9.268438 (avg=10.128875), loss=0.580646 (avg=0.585544), pairs_step=12160, pairs_total=1702400
[2026-02-28 15:23:00,553] INFO:fitness.free_loss_fidelity: RL4CO free-loss step 140/200: score=9.268438 (avg=10.128875), loss=0.580646 (avg=0.585544), pairs_step=12160, pairs_total=1702400
[2026-02-28 15:23:07,071] INFO:fitness.free_loss_fidelity: RL4CO free-loss step 160/200: score=9.213763 (avg=10.019987), loss=0.578083 (avg=0.584359), pairs_step=12160, pairs_total=1945600
[2026-02-28 15:23:07,071] INFO:fitness.free_loss_fidelity: RL4CO free-loss step 160/200: score=9.213763 (avg=10.019987), loss=0.578083 (avg=0.584359), pairs_step=12160, pairs_total=1945600
[2026-02-28 15:23:13,804] INFO:fitness.free_loss_fidelity: RL4CO free-loss step 180/200: score=9.212299 (avg=9.931219), loss=0.577091 (avg=0.583781), pairs_step=12160, pairs_total=2188799
[2026-02-28 15:23:13,804] INFO:fitness.free_loss_fidelity: RL4CO free-loss step 180/200: score=9.212299 (avg=9.931219), loss=0.577091 (avg=0.583781), pairs_step=12160, pairs_total=2188799
[2026-02-28 15:23:20,309] INFO:fitness.free_loss_fidelity: RL4CO free-loss step 200/200: score=9.128170 (avg=9.850633), loss=0.574542 (avg=0.583292), pairs_step=12160, pairs_total=2431999
[2026-02-28 15:23:20,309] INFO:fitness.free_loss_fidelity: RL4CO free-loss step 200/200: score=9.128170 (avg=9.850633), loss=0.574542 (avg=0.583292), pairs_step=12160, pairs_total=2431999
[2026-02-28 15:23:21,895] WARNING:fitness.free_loss_fidelity: weights_only checkpoint load failed (UnpicklingError); retrying weights_only=False for /data1/gushengda/eam-rl4co/baseline/epoch_135.ckpt
[2026-02-28 15:23:21,895] WARNING:fitness.free_loss_fidelity: weights_only checkpoint load failed (UnpicklingError); retrying weights_only=False for /data1/gushengda/eam-rl4co/baseline/epoch_135.ckpt
[2026-02-28 15:23:21,937] INFO:fitness.free_loss_fidelity: Loaded init checkpoint into policy: path=/data1/gushengda/eam-rl4co/baseline/epoch_135.ckpt prefix=policy. matched=97 missing=0 unexpected=0
[2026-02-28 15:23:21,937] INFO:fitness.free_loss_fidelity: Loaded init checkpoint into policy: path=/data1/gushengda/eam-rl4co/baseline/epoch_135.ckpt prefix=policy. matched=97 missing=0 unexpected=0
[2026-02-28 15:23:21,942] INFO:fitness.free_loss_fidelity: RL4CO free-loss (step-mode): f1_steps=200, f2_steps=0, total_steps=200, train_problem_size=100, rollouts=20, batch_size=64, device=cuda:1, env=tsp
[2026-02-28 15:23:21,942] INFO:fitness.free_loss_fidelity: RL4CO free-loss (step-mode): f1_steps=200, f2_steps=0, total_steps=200, train_problem_size=100, rollouts=20, batch_size=64, device=cuda:1, env=tsp
[2026-02-28 15:23:22,314] INFO:fitness.free_loss_fidelity: RL4CO free-loss step 1/200: score=7.825121 (avg=7.825121), loss=0.670121 (avg=0.670121), pairs_step=12151, pairs_total=12151
[2026-02-28 15:23:22,314] INFO:fitness.free_loss_fidelity: RL4CO free-loss step 1/200: score=7.825121 (avg=7.825121), loss=0.670121 (avg=0.670121), pairs_step=12151, pairs_total=12151
[2026-02-28 15:23:28,498] INFO:fitness.free_loss_fidelity: RL4CO free-loss step 20/200: score=7.822764 (avg=7.845247), loss=0.664896 (avg=0.661902), pairs_step=12154, pairs_total=243068
[2026-02-28 15:23:28,498] INFO:fitness.free_loss_fidelity: RL4CO free-loss step 20/200: score=7.822764 (avg=7.845247), loss=0.664896 (avg=0.661902), pairs_step=12154, pairs_total=243068
[2026-02-28 15:23:35,033] INFO:fitness.free_loss_fidelity: RL4CO free-loss step 40/200: score=7.860653 (avg=7.839081), loss=0.666981 (avg=0.663692), pairs_step=12159, pairs_total=486166
[2026-02-28 15:23:35,033] INFO:fitness.free_loss_fidelity: RL4CO free-loss step 40/200: score=7.860653 (avg=7.839081), loss=0.666981 (avg=0.663692), pairs_step=12159, pairs_total=486166
[2026-02-28 15:23:41,525] INFO:fitness.free_loss_fidelity: RL4CO free-loss step 60/200: score=7.845295 (avg=7.836169), loss=0.667404 (avg=0.663786), pairs_step=12159, pairs_total=729253
[2026-02-28 15:23:41,525] INFO:fitness.free_loss_fidelity: RL4CO free-loss step 60/200: score=7.845295 (avg=7.836169), loss=0.667404 (avg=0.663786), pairs_step=12159, pairs_total=729253
[2026-02-28 15:23:48,039] INFO:fitness.free_loss_fidelity: RL4CO free-loss step 80/200: score=7.831971 (avg=7.834223), loss=0.662650 (avg=0.664390), pairs_step=12157, pairs_total=972343
[2026-02-28 15:23:48,039] INFO:fitness.free_loss_fidelity: RL4CO free-loss step 80/200: score=7.831971 (avg=7.834223), loss=0.662650 (avg=0.664390), pairs_step=12157, pairs_total=972343
[2026-02-28 15:23:54,516] INFO:fitness.free_loss_fidelity: RL4CO free-loss step 100/200: score=7.797486 (avg=7.835841), loss=0.670105 (avg=0.665395), pairs_step=12157, pairs_total=1215429
[2026-02-28 15:23:54,516] INFO:fitness.free_loss_fidelity: RL4CO free-loss step 100/200: score=7.797486 (avg=7.835841), loss=0.670105 (avg=0.665395), pairs_step=12157, pairs_total=1215429
[2026-02-28 15:24:01,031] INFO:fitness.free_loss_fidelity: RL4CO free-loss step 120/200: score=7.816280 (avg=7.838250), loss=0.670461 (avg=0.665652), pairs_step=12154, pairs_total=1458510
[2026-02-28 15:24:01,031] INFO:fitness.free_loss_fidelity: RL4CO free-loss step 120/200: score=7.816280 (avg=7.838250), loss=0.670461 (avg=0.665652), pairs_step=12154, pairs_total=1458510
[2026-02-28 15:24:07,527] INFO:fitness.free_loss_fidelity: RL4CO free-loss step 140/200: score=7.870862 (avg=7.839757), loss=0.663339 (avg=0.665629), pairs_step=12157, pairs_total=1701603
[2026-02-28 15:24:07,527] INFO:fitness.free_loss_fidelity: RL4CO free-loss step 140/200: score=7.870862 (avg=7.839757), loss=0.663339 (avg=0.665629), pairs_step=12157, pairs_total=1701603
[2026-02-28 15:24:14,031] INFO:fitness.free_loss_fidelity: RL4CO free-loss step 160/200: score=7.842094 (avg=7.839802), loss=0.664910 (avg=0.665284), pairs_step=12151, pairs_total=1944687
[2026-02-28 15:24:14,031] INFO:fitness.free_loss_fidelity: RL4CO free-loss step 160/200: score=7.842094 (avg=7.839802), loss=0.664910 (avg=0.665284), pairs_step=12151, pairs_total=1944687
[2026-02-28 15:24:20,543] INFO:fitness.free_loss_fidelity: RL4CO free-loss step 180/200: score=7.826441 (avg=7.839012), loss=0.670301 (avg=0.665303), pairs_step=12155, pairs_total=2187746
[2026-02-28 15:24:20,543] INFO:fitness.free_loss_fidelity: RL4CO free-loss step 180/200: score=7.826441 (avg=7.839012), loss=0.670301 (avg=0.665303), pairs_step=12155, pairs_total=2187746
[2026-02-28 15:24:27,066] INFO:fitness.free_loss_fidelity: RL4CO free-loss step 200/200: score=7.849227 (avg=7.838120), loss=0.660632 (avg=0.665327), pairs_step=12158, pairs_total=2430842
[2026-02-28 15:24:27,066] INFO:fitness.free_loss_fidelity: RL4CO free-loss step 200/200: score=7.849227 (avg=7.838120), loss=0.660632 (avg=0.665327), pairs_step=12158, pairs_total=2430842
[2026-02-28 15:24:28,653] WARNING:fitness.free_loss_fidelity: weights_only checkpoint load failed (UnpicklingError); retrying weights_only=False for /data1/gushengda/eam-rl4co/baseline/epoch_409.ckpt
[2026-02-28 15:24:28,653] WARNING:fitness.free_loss_fidelity: weights_only checkpoint load failed (UnpicklingError); retrying weights_only=False for /data1/gushengda/eam-rl4co/baseline/epoch_409.ckpt
[2026-02-28 15:24:28,695] INFO:fitness.free_loss_fidelity: Loaded init checkpoint into policy: path=/data1/gushengda/eam-rl4co/baseline/epoch_409.ckpt prefix=policy. matched=97 missing=0 unexpected=0
[2026-02-28 15:24:28,695] INFO:fitness.free_loss_fidelity: Loaded init checkpoint into policy: path=/data1/gushengda/eam-rl4co/baseline/epoch_409.ckpt prefix=policy. matched=97 missing=0 unexpected=0
[2026-02-28 15:24:28,700] INFO:fitness.free_loss_fidelity: RL4CO free-loss (step-mode): f1_steps=200, f2_steps=0, total_steps=200, train_problem_size=100, rollouts=20, batch_size=64, device=cuda:1, env=tsp
[2026-02-28 15:24:28,700] INFO:fitness.free_loss_fidelity: RL4CO free-loss (step-mode): f1_steps=200, f2_steps=0, total_steps=200, train_problem_size=100, rollouts=20, batch_size=64, device=cuda:1, env=tsp
[2026-02-28 15:24:29,087] INFO:fitness.free_loss_fidelity: RL4CO free-loss step 1/200: score=7.826895 (avg=7.826895), loss=0.212921 (avg=0.212921), pairs_step=12149, pairs_total=12149
[2026-02-28 15:24:29,087] INFO:fitness.free_loss_fidelity: RL4CO free-loss step 1/200: score=7.826895 (avg=7.826895), loss=0.212921 (avg=0.212921), pairs_step=12149, pairs_total=12149
[2026-02-28 15:24:35,303] INFO:fitness.free_loss_fidelity: RL4CO free-loss step 20/200: score=7.818678 (avg=7.839517), loss=0.185617 (avg=0.193644), pairs_step=12148, pairs_total=243064
[2026-02-28 15:24:35,303] INFO:fitness.free_loss_fidelity: RL4CO free-loss step 20/200: score=7.818678 (avg=7.839517), loss=0.185617 (avg=0.193644), pairs_step=12148, pairs_total=243064
[2026-02-28 15:24:41,797] INFO:fitness.free_loss_fidelity: RL4CO free-loss step 40/200: score=7.847046 (avg=7.835112), loss=0.202143 (avg=0.196468), pairs_step=12155, pairs_total=486167
[2026-02-28 15:24:41,797] INFO:fitness.free_loss_fidelity: RL4CO free-loss step 40/200: score=7.847046 (avg=7.835112), loss=0.202143 (avg=0.196468), pairs_step=12155, pairs_total=486167
[2026-02-28 15:24:48,324] INFO:fitness.free_loss_fidelity: RL4CO free-loss step 60/200: score=7.838000 (avg=7.831659), loss=0.210797 (avg=0.199193), pairs_step=12153, pairs_total=729239
[2026-02-28 15:24:48,324] INFO:fitness.free_loss_fidelity: RL4CO free-loss step 60/200: score=7.838000 (avg=7.831659), loss=0.210797 (avg=0.199193), pairs_step=12153, pairs_total=729239
[2026-02-28 15:24:54,823] INFO:fitness.free_loss_fidelity: RL4CO free-loss step 80/200: score=7.823878 (avg=7.829486), loss=0.206219 (avg=0.199961), pairs_step=12159, pairs_total=972309
[2026-02-28 15:24:54,823] INFO:fitness.free_loss_fidelity: RL4CO free-loss step 80/200: score=7.823878 (avg=7.829486), loss=0.206219 (avg=0.199961), pairs_step=12159, pairs_total=972309
[2026-02-28 15:25:01,354] INFO:fitness.free_loss_fidelity: RL4CO free-loss step 100/200: score=7.790192 (avg=7.830698), loss=0.208760 (avg=0.199960), pairs_step=12152, pairs_total=1215396
[2026-02-28 15:25:01,354] INFO:fitness.free_loss_fidelity: RL4CO free-loss step 100/200: score=7.790192 (avg=7.830698), loss=0.208760 (avg=0.199960), pairs_step=12152, pairs_total=1215396
[2026-02-28 15:25:07,111] INFO:fitness.free_loss_fidelity: RL4CO free-loss step 120/200: score=7.820923 (avg=7.832956), loss=0.206092 (avg=0.200254), pairs_step=12153, pairs_total=1458468
[2026-02-28 15:25:07,111] INFO:fitness.free_loss_fidelity: RL4CO free-loss step 120/200: score=7.820923 (avg=7.832956), loss=0.206092 (avg=0.200254), pairs_step=12153, pairs_total=1458468
[2026-02-28 15:25:12,758] INFO:fitness.free_loss_fidelity: RL4CO free-loss step 140/200: score=7.870038 (avg=7.835367), loss=0.183689 (avg=0.200032), pairs_step=12136, pairs_total=1701511
[2026-02-28 15:25:12,758] INFO:fitness.free_loss_fidelity: RL4CO free-loss step 140/200: score=7.870038 (avg=7.835367), loss=0.183689 (avg=0.200032), pairs_step=12136, pairs_total=1701511
[2026-02-28 15:25:18,457] INFO:fitness.free_loss_fidelity: RL4CO free-loss step 160/200: score=7.829366 (avg=7.835828), loss=0.209758 (avg=0.199611), pairs_step=12155, pairs_total=1944612
[2026-02-28 15:25:18,457] INFO:fitness.free_loss_fidelity: RL4CO free-loss step 160/200: score=7.829366 (avg=7.835828), loss=0.209758 (avg=0.199611), pairs_step=12155, pairs_total=1944612
[2026-02-28 15:25:24,103] INFO:fitness.free_loss_fidelity: RL4CO free-loss step 180/200: score=7.816892 (avg=7.834781), loss=0.202499 (avg=0.199847), pairs_step=12155, pairs_total=2187709
[2026-02-28 15:25:24,103] INFO:fitness.free_loss_fidelity: RL4CO free-loss step 180/200: score=7.816892 (avg=7.834781), loss=0.202499 (avg=0.199847), pairs_step=12155, pairs_total=2187709
[2026-02-28 15:25:29,733] INFO:fitness.free_loss_fidelity: RL4CO free-loss step 200/200: score=7.854595 (avg=7.834122), loss=0.184014 (avg=0.199857), pairs_step=12150, pairs_total=2430784
[2026-02-28 15:25:29,733] INFO:fitness.free_loss_fidelity: RL4CO free-loss step 200/200: score=7.854595 (avg=7.834122), loss=0.184014 (avg=0.199857), pairs_step=12150, pairs_total=2430784
