[2026-03-02 08:53:17,827] INFO:fitness.free_loss_fidelity: Stage3 offline mini-train start gen=11 pair_index=9 K=200 seed=12345 valid_sizes=[100] baseline_json=baseline/mini_eval/baseline_minitrain_tsp100_K200.json
[2026-03-02 08:53:17,846] INFO:fitness.free_loss_fidelity: RL4CO free-loss (step-mode): f1_steps=200, f2_steps=0, total_steps=200, train_problem_size=100, rollouts=100, batch_size=64, device=cuda:1, env=tsp
[2026-03-02 08:53:18,169] INFO:fitness.free_loss_fidelity: RL4CO free-loss step 1/200: score=36.122910 (avg=36.122910), loss=1.072904 (avg=1.072904), pairs_step=256, pairs_total=256
[2026-03-02 08:53:24,207] INFO:fitness.free_loss_fidelity: RL4CO free-loss step 20/200: score=10.172865 (avg=13.134107), loss=0.349764 (avg=0.380467), pairs_step=256, pairs_total=5120
[2026-03-02 08:53:30,558] INFO:fitness.free_loss_fidelity: RL4CO free-loss step 40/200: score=9.882843 (avg=11.525240), loss=0.262942 (avg=0.361507), pairs_step=256, pairs_total=10240
[2026-03-02 08:53:36,909] INFO:fitness.free_loss_fidelity: RL4CO free-loss step 60/200: score=9.535670 (avg=10.884944), loss=0.416430 (avg=0.357524), pairs_step=256, pairs_total=15360
[2026-03-02 08:53:43,263] INFO:fitness.free_loss_fidelity: RL4CO free-loss step 80/200: score=9.460642 (avg=10.530155), loss=0.319816 (avg=0.354638), pairs_step=256, pairs_total=20480
[2026-03-02 08:53:49,634] INFO:fitness.free_loss_fidelity: RL4CO free-loss step 100/200: score=9.362169 (avg=10.317050), loss=0.319102 (avg=0.348459), pairs_step=256, pairs_total=25600
[2026-03-02 08:53:55,985] INFO:fitness.free_loss_fidelity: RL4CO free-loss step 120/200: score=9.416818 (avg=10.171883), loss=0.382653 (avg=0.347492), pairs_step=256, pairs_total=30720
[2026-03-02 08:54:02,343] INFO:fitness.free_loss_fidelity: RL4CO free-loss step 140/200: score=9.513836 (avg=10.071557), loss=0.393874 (avg=0.345002), pairs_step=256, pairs_total=35840
[2026-03-02 08:54:08,757] INFO:fitness.free_loss_fidelity: RL4CO free-loss step 160/200: score=9.489405 (avg=9.992199), loss=0.255311 (avg=0.344484), pairs_step=256, pairs_total=40960
[2026-03-02 08:54:15,069] INFO:fitness.free_loss_fidelity: RL4CO free-loss step 180/200: score=9.318558 (avg=9.925893), loss=0.318475 (avg=0.343747), pairs_step=256, pairs_total=46080
[2026-03-02 08:54:21,411] INFO:fitness.free_loss_fidelity: RL4CO free-loss step 200/200: score=9.216219 (avg=9.855544), loss=0.370958 (avg=0.347919), pairs_step=256, pairs_total=51200
[2026-03-02 08:54:22,535] WARNING:fitness.free_loss_fidelity: weights_only checkpoint load failed (UnpicklingError); retrying weights_only=False for /data1/gushengda/eam-rl4co/baseline/epoch_135.ckpt
[2026-03-02 08:54:22,573] INFO:fitness.free_loss_fidelity: Loaded init checkpoint into policy: path=/data1/gushengda/eam-rl4co/baseline/epoch_135.ckpt prefix=policy. matched=97 missing=0 unexpected=0
[2026-03-02 08:54:22,578] INFO:fitness.free_loss_fidelity: RL4CO free-loss (step-mode): f1_steps=200, f2_steps=0, total_steps=200, train_problem_size=100, rollouts=100, batch_size=64, device=cuda:1, env=tsp
[2026-03-02 08:54:22,899] INFO:fitness.free_loss_fidelity: RL4CO free-loss step 1/200: score=7.803347 (avg=7.803347), loss=0.379331 (avg=0.379331), pairs_step=256, pairs_total=256
[2026-03-02 08:54:28,884] INFO:fitness.free_loss_fidelity: RL4CO free-loss step 20/200: score=7.838165 (avg=7.831439), loss=0.437722 (avg=0.432401), pairs_step=256, pairs_total=5120
[2026-03-02 08:54:35,182] INFO:fitness.free_loss_fidelity: RL4CO free-loss step 40/200: score=7.940534 (avg=7.864006), loss=0.625309 (avg=0.492490), pairs_step=256, pairs_total=10240
[2026-03-02 08:54:41,473] INFO:fitness.free_loss_fidelity: RL4CO free-loss step 60/200: score=8.017153 (avg=7.894326), loss=0.556942 (avg=0.523548), pairs_step=256, pairs_total=15360
[2026-03-02 08:54:47,784] INFO:fitness.free_loss_fidelity: RL4CO free-loss step 80/200: score=8.026896 (avg=7.928333), loss=0.625304 (avg=0.541082), pairs_step=256, pairs_total=20480
[2026-03-02 08:54:54,098] INFO:fitness.free_loss_fidelity: RL4CO free-loss step 100/200: score=7.991939 (avg=7.955922), loss=0.597290 (avg=0.550766), pairs_step=256, pairs_total=25600
[2026-03-02 08:55:00,415] INFO:fitness.free_loss_fidelity: RL4CO free-loss step 120/200: score=8.062201 (avg=7.974173), loss=0.534389 (avg=0.564715), pairs_step=256, pairs_total=30720
[2026-03-02 08:55:06,732] INFO:fitness.free_loss_fidelity: RL4CO free-loss step 140/200: score=8.153206 (avg=7.994838), loss=0.669629 (avg=0.568646), pairs_step=256, pairs_total=35840
[2026-03-02 08:55:13,040] INFO:fitness.free_loss_fidelity: RL4CO free-loss step 160/200: score=8.088575 (avg=8.008344), loss=0.689065 (avg=0.574694), pairs_step=256, pairs_total=40960
[2026-03-02 08:55:19,343] INFO:fitness.free_loss_fidelity: RL4CO free-loss step 180/200: score=8.098940 (avg=8.017345), loss=0.661641 (avg=0.581513), pairs_step=256, pairs_total=46080
[2026-03-02 08:55:25,662] INFO:fitness.free_loss_fidelity: RL4CO free-loss step 200/200: score=8.141237 (avg=8.027555), loss=0.494739 (avg=0.585763), pairs_step=256, pairs_total=51200
[2026-03-02 08:55:26,783] WARNING:fitness.free_loss_fidelity: weights_only checkpoint load failed (UnpicklingError); retrying weights_only=False for /data1/gushengda/eam-rl4co/baseline/epoch_409.ckpt
[2026-03-02 08:55:26,814] INFO:fitness.free_loss_fidelity: Loaded init checkpoint into policy: path=/data1/gushengda/eam-rl4co/baseline/epoch_409.ckpt prefix=policy. matched=97 missing=0 unexpected=0
[2026-03-02 08:55:26,819] INFO:fitness.free_loss_fidelity: RL4CO free-loss (step-mode): f1_steps=200, f2_steps=0, total_steps=200, train_problem_size=100, rollouts=100, batch_size=64, device=cuda:1, env=tsp
[2026-03-02 08:55:27,160] INFO:fitness.free_loss_fidelity: RL4CO free-loss step 1/200: score=7.807477 (avg=7.807477), loss=0.000011 (avg=0.000011), pairs_step=256, pairs_total=256
[2026-03-02 08:55:33,144] INFO:fitness.free_loss_fidelity: RL4CO free-loss step 20/200: score=7.787637 (avg=7.813064), loss=0.263000 (avg=0.038081), pairs_step=256, pairs_total=5120
[2026-03-02 08:55:39,461] INFO:fitness.free_loss_fidelity: RL4CO free-loss step 40/200: score=7.912210 (avg=7.837294), loss=0.174475 (avg=0.099143), pairs_step=256, pairs_total=10240
[2026-03-02 08:55:45,771] INFO:fitness.free_loss_fidelity: RL4CO free-loss step 60/200: score=7.948236 (avg=7.864775), loss=0.174040 (avg=0.141621), pairs_step=256, pairs_total=15360
[2026-03-02 08:55:52,092] INFO:fitness.free_loss_fidelity: RL4CO free-loss step 80/200: score=7.954152 (avg=7.887152), loss=0.219103 (avg=0.164200), pairs_step=256, pairs_total=20480
[2026-03-02 08:55:58,392] INFO:fitness.free_loss_fidelity: RL4CO free-loss step 100/200: score=7.945296 (avg=7.906871), loss=0.317024 (avg=0.186106), pairs_step=256, pairs_total=25600
[2026-03-02 08:56:04,706] INFO:fitness.free_loss_fidelity: RL4CO free-loss step 120/200: score=7.952983 (avg=7.923241), loss=0.591263 (avg=0.205986), pairs_step=256, pairs_total=30720
[2026-03-02 08:56:11,026] INFO:fitness.free_loss_fidelity: RL4CO free-loss step 140/200: score=7.978199 (avg=7.931784), loss=0.275565 (avg=0.218540), pairs_step=256, pairs_total=35840
[2026-03-02 08:56:17,339] INFO:fitness.free_loss_fidelity: RL4CO free-loss step 160/200: score=7.994188 (avg=7.937053), loss=0.272666 (avg=0.242240), pairs_step=256, pairs_total=40960
[2026-03-02 08:56:23,692] INFO:fitness.free_loss_fidelity: RL4CO free-loss step 180/200: score=8.071659 (avg=7.945429), loss=0.552252 (avg=0.264241), pairs_step=256, pairs_total=46080
[2026-03-02 08:56:30,004] INFO:fitness.free_loss_fidelity: RL4CO free-loss step 200/200: score=8.138034 (avg=7.962585), loss=0.532569 (avg=0.287813), pairs_step=256, pairs_total=51200
