[2026-03-02 05:26:46,266] INFO:fitness.free_loss_fidelity: Stage3 offline mini-train start gen=7 pair_index=24 K=200 seed=12345 valid_sizes=[100] baseline_json=baseline/mini_eval/baseline_minitrain_tsp100_K200.json
[2026-03-02 05:26:46,287] INFO:fitness.free_loss_fidelity: RL4CO free-loss (step-mode): f1_steps=200, f2_steps=0, total_steps=200, train_problem_size=100, rollouts=100, batch_size=64, device=cuda:1, env=tsp
[2026-03-02 05:26:46,620] INFO:fitness.free_loss_fidelity: RL4CO free-loss step 1/200: score=36.122910 (avg=36.122910), loss=0.743367 (avg=0.743367), pairs_step=316800, pairs_total=316800
[2026-03-02 05:26:52,956] INFO:fitness.free_loss_fidelity: RL4CO free-loss step 20/200: score=9.882698 (avg=12.667126), loss=0.569424 (avg=0.577035), pairs_step=316799, pairs_total=6335996
[2026-03-02 05:26:59,624] INFO:fitness.free_loss_fidelity: RL4CO free-loss step 40/200: score=9.346386 (avg=11.067313), loss=0.579766 (avg=0.575375), pairs_step=316800, pairs_total=12671990
[2026-03-02 05:27:06,284] INFO:fitness.free_loss_fidelity: RL4CO free-loss step 60/200: score=9.159488 (avg=10.444651), loss=0.560470 (avg=0.572781), pairs_step=316800, pairs_total=19007984
[2026-03-02 05:27:12,953] INFO:fitness.free_loss_fidelity: RL4CO free-loss step 80/200: score=8.960688 (avg=10.089332), loss=0.561996 (avg=0.569333), pairs_step=316800, pairs_total=25343980
[2026-03-02 05:27:19,620] INFO:fitness.free_loss_fidelity: RL4CO free-loss step 100/200: score=8.803985 (avg=9.854386), loss=0.558138 (avg=0.567010), pairs_step=316800, pairs_total=31679976
[2026-03-02 05:27:26,278] INFO:fitness.free_loss_fidelity: RL4CO free-loss step 120/200: score=8.759968 (avg=9.683753), loss=0.563516 (avg=0.565784), pairs_step=316799, pairs_total=38015968
[2026-03-02 05:27:32,943] INFO:fitness.free_loss_fidelity: RL4CO free-loss step 140/200: score=8.736959 (avg=9.546968), loss=0.568218 (avg=0.565690), pairs_step=316800, pairs_total=44351963
[2026-03-02 05:27:39,610] INFO:fitness.free_loss_fidelity: RL4CO free-loss step 160/200: score=8.628221 (avg=9.432903), loss=0.575768 (avg=0.566238), pairs_step=316800, pairs_total=50687956
[2026-03-02 05:27:46,268] INFO:fitness.free_loss_fidelity: RL4CO free-loss step 180/200: score=8.529022 (avg=9.335803), loss=0.579176 (avg=0.567429), pairs_step=316800, pairs_total=57023948
[2026-03-02 05:27:52,953] INFO:fitness.free_loss_fidelity: RL4CO free-loss step 200/200: score=8.508451 (avg=9.254413), loss=0.586621 (avg=0.568648), pairs_step=316800, pairs_total=63359947
[2026-03-02 05:27:54,084] WARNING:fitness.free_loss_fidelity: weights_only checkpoint load failed (UnpicklingError); retrying weights_only=False for /data1/gushengda/eam-rl4co/baseline/epoch_135.ckpt
[2026-03-02 05:27:54,122] INFO:fitness.free_loss_fidelity: Loaded init checkpoint into policy: path=/data1/gushengda/eam-rl4co/baseline/epoch_135.ckpt prefix=policy. matched=97 missing=0 unexpected=0
[2026-03-02 05:27:54,127] INFO:fitness.free_loss_fidelity: RL4CO free-loss (step-mode): f1_steps=200, f2_steps=0, total_steps=200, train_problem_size=100, rollouts=100, batch_size=64, device=cuda:1, env=tsp
[2026-03-02 05:27:54,468] INFO:fitness.free_loss_fidelity: RL4CO free-loss step 1/200: score=7.803347 (avg=7.803347), loss=0.659265 (avg=0.659265), pairs_step=315697, pairs_total=315697
[2026-03-02 05:28:00,994] INFO:fitness.free_loss_fidelity: RL4CO free-loss step 20/200: score=7.780516 (avg=7.808698), loss=0.659459 (avg=0.662726), pairs_step=315911, pairs_total=6316749
[2026-03-02 05:28:07,668] INFO:fitness.free_loss_fidelity: RL4CO free-loss step 40/200: score=7.820794 (avg=7.803467), loss=0.669551 (avg=0.663357), pairs_step=315956, pairs_total=12630535
[2026-03-02 05:28:14,326] INFO:fitness.free_loss_fidelity: RL4CO free-loss step 60/200: score=7.819299 (avg=7.800400), loss=0.668611 (avg=0.664115), pairs_step=315666, pairs_total=18945235
[2026-03-02 05:28:20,999] INFO:fitness.free_loss_fidelity: RL4CO free-loss step 80/200: score=7.802186 (avg=7.799056), loss=0.666075 (avg=0.664410), pairs_step=315832, pairs_total=25261456
[2026-03-02 05:28:27,664] INFO:fitness.free_loss_fidelity: RL4CO free-loss step 100/200: score=7.755577 (avg=7.800061), loss=0.667602 (avg=0.665040), pairs_step=315737, pairs_total=31575543
[2026-03-02 05:28:34,322] INFO:fitness.free_loss_fidelity: RL4CO free-loss step 120/200: score=7.772509 (avg=7.801472), loss=0.667203 (avg=0.665422), pairs_step=315615, pairs_total=37889080
[2026-03-02 05:28:41,000] INFO:fitness.free_loss_fidelity: RL4CO free-loss step 140/200: score=7.830137 (avg=7.802502), loss=0.665451 (avg=0.665623), pairs_step=315519, pairs_total=44202986
[2026-03-02 05:28:47,668] INFO:fitness.free_loss_fidelity: RL4CO free-loss step 160/200: score=7.800858 (avg=7.801972), loss=0.669131 (avg=0.665774), pairs_step=315516, pairs_total=50516514
[2026-03-02 05:28:54,333] INFO:fitness.free_loss_fidelity: RL4CO free-loss step 180/200: score=7.790401 (avg=7.801242), loss=0.668554 (avg=0.665901), pairs_step=315664, pairs_total=56829657
[2026-03-02 05:29:00,990] INFO:fitness.free_loss_fidelity: RL4CO free-loss step 200/200: score=7.815517 (avg=7.800232), loss=0.662948 (avg=0.666033), pairs_step=315527, pairs_total=63142260
[2026-03-02 05:29:02,118] WARNING:fitness.free_loss_fidelity: weights_only checkpoint load failed (UnpicklingError); retrying weights_only=False for /data1/gushengda/eam-rl4co/baseline/epoch_409.ckpt
[2026-03-02 05:29:02,149] INFO:fitness.free_loss_fidelity: Loaded init checkpoint into policy: path=/data1/gushengda/eam-rl4co/baseline/epoch_409.ckpt prefix=policy. matched=97 missing=0 unexpected=0
[2026-03-02 05:29:02,155] INFO:fitness.free_loss_fidelity: RL4CO free-loss (step-mode): f1_steps=200, f2_steps=0, total_steps=200, train_problem_size=100, rollouts=100, batch_size=64, device=cuda:1, env=tsp
[2026-03-02 05:29:02,496] INFO:fitness.free_loss_fidelity: RL4CO free-loss step 1/200: score=7.807477 (avg=7.807477), loss=0.171063 (avg=0.171063), pairs_step=315750, pairs_total=315750
[2026-03-02 05:29:08,845] INFO:fitness.free_loss_fidelity: RL4CO free-loss step 20/200: score=7.781266 (avg=7.807613), loss=0.174855 (avg=0.176497), pairs_step=315856, pairs_total=6317310
[2026-03-02 05:29:15,517] INFO:fitness.free_loss_fidelity: RL4CO free-loss step 40/200: score=7.819425 (avg=7.802157), loss=0.161643 (avg=0.173698), pairs_step=315829, pairs_total=12634412
[2026-03-02 05:29:22,180] INFO:fitness.free_loss_fidelity: RL4CO free-loss step 60/200: score=7.815315 (avg=7.799813), loss=0.159423 (avg=0.169496), pairs_step=315654, pairs_total=18950002
[2026-03-02 05:29:28,843] INFO:fitness.free_loss_fidelity: RL4CO free-loss step 80/200: score=7.798036 (avg=7.798319), loss=0.190136 (avg=0.170497), pairs_step=315810, pairs_total=25265451
[2026-03-02 05:29:35,513] INFO:fitness.free_loss_fidelity: RL4CO free-loss step 100/200: score=7.755926 (avg=7.798658), loss=0.197586 (avg=0.176206), pairs_step=315744, pairs_total=31582090
[2026-03-02 05:29:42,182] INFO:fitness.free_loss_fidelity: RL4CO free-loss step 120/200: score=7.776977 (avg=7.800023), loss=0.177847 (avg=0.177476), pairs_step=315532, pairs_total=37897905
[2026-03-02 05:29:48,847] INFO:fitness.free_loss_fidelity: RL4CO free-loss step 140/200: score=7.822371 (avg=7.800811), loss=0.177891 (avg=0.175731), pairs_step=315600, pairs_total=44213084
[2026-03-02 05:29:55,509] INFO:fitness.free_loss_fidelity: RL4CO free-loss step 160/200: score=7.792619 (avg=7.799927), loss=0.170232 (avg=0.174720), pairs_step=315846, pairs_total=50526581
[2026-03-02 05:30:02,172] INFO:fitness.free_loss_fidelity: RL4CO free-loss step 180/200: score=7.782495 (avg=7.798671), loss=0.195296 (avg=0.176193), pairs_step=315162, pairs_total=56839135
[2026-03-02 05:30:08,842] INFO:fitness.free_loss_fidelity: RL4CO free-loss step 200/200: score=7.815335 (avg=7.797381), loss=0.177697 (avg=0.176705), pairs_step=315091, pairs_total=63153992
