[2026-03-02 02:49:52,730] INFO:fitness.free_loss_fidelity: Stage3 offline mini-train start gen=3 pair_index=26 K=1000 seed=12345 valid_sizes=[100] baseline_json=baseline/mini_eval/baseline_minitrain_tsp100_K1000.json
[2026-03-02 02:49:58,617] INFO:fitness.free_loss_fidelity: RL4CO free-loss (step-mode): f1_steps=1000, f2_steps=0, total_steps=1000, train_problem_size=100, rollouts=100, batch_size=64, device=cuda:1, env=tsp
[2026-03-02 02:49:59,350] INFO:fitness.free_loss_fidelity: RL4CO free-loss step 1/1000: score=36.122910 (avg=36.122910), loss=0.715002 (avg=0.715002), pairs_step=316800, pairs_total=316800
[2026-03-02 02:50:30,858] INFO:fitness.free_loss_fidelity: RL4CO free-loss step 100/1000: score=8.795591 (avg=9.834267), loss=0.604445 (avg=0.611014), pairs_step=316799, pairs_total=31679976
[2026-03-02 02:51:03,106] INFO:fitness.free_loss_fidelity: RL4CO free-loss step 200/1000: score=8.486791 (avg=9.225867), loss=0.622728 (avg=0.613133), pairs_step=316800, pairs_total=63359954
[2026-03-02 02:51:34,970] INFO:fitness.free_loss_fidelity: RL4CO free-loss step 300/1000: score=8.320461 (avg=8.943993), loss=0.631504 (avg=0.617685), pairs_step=316800, pairs_total=95039926
[2026-03-02 02:52:06,912] INFO:fitness.free_loss_fidelity: RL4CO free-loss step 400/1000: score=8.298281 (avg=8.779906), loss=0.635917 (avg=0.621020), pairs_step=316799, pairs_total=126719900
[2026-03-02 02:52:39,091] INFO:fitness.free_loss_fidelity: RL4CO free-loss step 500/1000: score=8.199054 (avg=8.672332), loss=0.629760 (avg=0.623449), pairs_step=316798, pairs_total=158399863
[2026-03-02 02:53:11,720] INFO:fitness.free_loss_fidelity: RL4CO free-loss step 600/1000: score=8.160872 (avg=8.595005), loss=0.636466 (avg=0.625278), pairs_step=316799, pairs_total=190079817
[2026-03-02 02:53:44,472] INFO:fitness.free_loss_fidelity: RL4CO free-loss step 700/1000: score=8.192605 (avg=8.535979), loss=0.636954 (avg=0.626867), pairs_step=316800, pairs_total=221759779
[2026-03-02 02:54:16,562] INFO:fitness.free_loss_fidelity: RL4CO free-loss step 800/1000: score=8.148998 (avg=8.489697), loss=0.637425 (avg=0.628249), pairs_step=316800, pairs_total=253439746
[2026-03-02 02:54:48,824] INFO:fitness.free_loss_fidelity: RL4CO free-loss step 900/1000: score=8.161605 (avg=8.451410), loss=0.641076 (avg=0.629572), pairs_step=316799, pairs_total=285119700
[2026-03-02 02:55:21,010] INFO:fitness.free_loss_fidelity: RL4CO free-loss step 1000/1000: score=8.166418 (avg=8.419346), loss=0.643663 (avg=0.630808), pairs_step=316800, pairs_total=316799657
[2026-03-02 02:55:22,131] WARNING:fitness.free_loss_fidelity: weights_only checkpoint load failed (UnpicklingError); retrying weights_only=False for /data1/gushengda/eam-rl4co/baseline/epoch_135.ckpt
[2026-03-02 02:55:22,174] INFO:fitness.free_loss_fidelity: Loaded init checkpoint into policy: path=/data1/gushengda/eam-rl4co/baseline/epoch_135.ckpt prefix=policy. matched=97 missing=0 unexpected=0
[2026-03-02 02:55:22,179] INFO:fitness.free_loss_fidelity: RL4CO free-loss (step-mode): f1_steps=1000, f2_steps=0, total_steps=1000, train_problem_size=100, rollouts=100, batch_size=64, device=cuda:1, env=tsp
[2026-03-02 02:55:22,516] INFO:fitness.free_loss_fidelity: RL4CO free-loss step 1/1000: score=7.803347 (avg=7.803347), loss=0.674028 (avg=0.674028), pairs_step=315697, pairs_total=315697
[2026-03-02 02:55:54,290] INFO:fitness.free_loss_fidelity: RL4CO free-loss step 100/1000: score=7.765423 (avg=7.800418), loss=0.680205 (avg=0.677522), pairs_step=315993, pairs_total=31572075
[2026-03-02 02:56:26,409] INFO:fitness.free_loss_fidelity: RL4CO free-loss step 200/1000: score=7.813169 (avg=7.799889), loss=0.678607 (avg=0.678021), pairs_step=315341, pairs_total=63132490
[2026-03-02 02:56:58,473] INFO:fitness.free_loss_fidelity: RL4CO free-loss step 300/1000: score=7.816967 (avg=7.800965), loss=0.679202 (avg=0.678242), pairs_step=315289, pairs_total=94689685
[2026-03-02 02:57:30,755] INFO:fitness.free_loss_fidelity: RL4CO free-loss step 400/1000: score=7.822795 (avg=7.801129), loss=0.679406 (avg=0.678420), pairs_step=315366, pairs_total=126233726
[2026-03-02 02:58:03,286] INFO:fitness.free_loss_fidelity: RL4CO free-loss step 500/1000: score=7.773203 (avg=7.800379), loss=0.679493 (avg=0.678588), pairs_step=315566, pairs_total=157779253
[2026-03-02 02:58:35,647] INFO:fitness.free_loss_fidelity: RL4CO free-loss step 600/1000: score=7.760725 (avg=7.799868), loss=0.680170 (avg=0.678729), pairs_step=315206, pairs_total=189308929
[2026-03-02 02:59:07,961] INFO:fitness.free_loss_fidelity: RL4CO free-loss step 700/1000: score=7.813695 (avg=7.799812), loss=0.680052 (avg=0.678867), pairs_step=314594, pairs_total=220837747
[2026-03-02 02:59:40,245] INFO:fitness.free_loss_fidelity: RL4CO free-loss step 800/1000: score=7.797162 (avg=7.799806), loss=0.680222 (avg=0.678970), pairs_step=315247, pairs_total=252364034
[2026-03-02 03:00:12,545] INFO:fitness.free_loss_fidelity: RL4CO free-loss step 900/1000: score=7.832170 (avg=7.799633), loss=0.677764 (avg=0.679068), pairs_step=315521, pairs_total=283883952
[2026-03-02 03:00:44,957] INFO:fitness.free_loss_fidelity: RL4CO free-loss step 1000/1000: score=7.824040 (avg=7.799202), loss=0.679137 (avg=0.679127), pairs_step=315398, pairs_total=315395302
[2026-03-02 03:00:46,077] WARNING:fitness.free_loss_fidelity: weights_only checkpoint load failed (UnpicklingError); retrying weights_only=False for /data1/gushengda/eam-rl4co/baseline/epoch_409.ckpt
[2026-03-02 03:00:46,114] INFO:fitness.free_loss_fidelity: Loaded init checkpoint into policy: path=/data1/gushengda/eam-rl4co/baseline/epoch_409.ckpt prefix=policy. matched=97 missing=0 unexpected=0
[2026-03-02 03:00:46,119] INFO:fitness.free_loss_fidelity: RL4CO free-loss (step-mode): f1_steps=1000, f2_steps=0, total_steps=1000, train_problem_size=100, rollouts=100, batch_size=64, device=cuda:1, env=tsp
[2026-03-02 03:00:46,445] INFO:fitness.free_loss_fidelity: RL4CO free-loss step 1/1000: score=7.807477 (avg=7.807477), loss=0.205695 (avg=0.205695), pairs_step=315750, pairs_total=315750
[2026-03-02 03:01:18,377] INFO:fitness.free_loss_fidelity: RL4CO free-loss step 100/1000: score=7.758833 (avg=7.799001), loss=0.504470 (avg=0.261442), pairs_step=315677, pairs_total=31583302
[2026-03-02 03:01:50,609] INFO:fitness.free_loss_fidelity: RL4CO free-loss step 200/1000: score=7.816616 (avg=7.800171), loss=0.643538 (avg=0.437031), pairs_step=314744, pairs_total=63145963
[2026-03-02 03:02:22,893] INFO:fitness.free_loss_fidelity: RL4CO free-loss step 300/1000: score=7.808684 (avg=7.800696), loss=0.669329 (avg=0.510392), pairs_step=314082, pairs_total=94661245
[2026-03-02 03:02:55,109] INFO:fitness.free_loss_fidelity: RL4CO free-loss step 400/1000: score=7.821494 (avg=7.799906), loss=0.668185 (avg=0.549187), pairs_step=314112, pairs_total=126123749
[2026-03-02 03:03:27,519] INFO:fitness.free_loss_fidelity: RL4CO free-loss step 500/1000: score=7.777949 (avg=7.798511), loss=0.672999 (avg=0.573239), pairs_step=313689, pairs_total=157547860
[2026-03-02 03:03:59,777] INFO:fitness.free_loss_fidelity: RL4CO free-loss step 600/1000: score=7.748112 (avg=7.797412), loss=0.676221 (avg=0.589830), pairs_step=312943, pairs_total=188920918
[2026-03-02 03:04:32,018] INFO:fitness.free_loss_fidelity: RL4CO free-loss step 700/1000: score=7.806188 (avg=7.796803), loss=0.675113 (avg=0.601952), pairs_step=312518, pairs_total=220243312
[2026-03-02 03:05:04,268] INFO:fitness.free_loss_fidelity: RL4CO free-loss step 800/1000: score=7.785650 (avg=7.796291), loss=0.674540 (avg=0.611128), pairs_step=313995, pairs_total=251529338
[2026-03-02 03:05:36,550] INFO:fitness.free_loss_fidelity: RL4CO free-loss step 900/1000: score=7.828173 (avg=7.795624), loss=0.676385 (avg=0.618408), pairs_step=312529, pairs_total=282766291
[2026-03-02 03:06:08,800] INFO:fitness.free_loss_fidelity: RL4CO free-loss step 1000/1000: score=7.822313 (avg=7.794830), loss=0.677498 (avg=0.624315), pairs_step=313009, pairs_total=313948968
