[2026-03-02 02:46:15,607] INFO:fitness.free_loss_fidelity: Stage3 offline mini-train start gen=3 pair_index=23 K=200 seed=12345 valid_sizes=[100] baseline_json=baseline/mini_eval/baseline_minitrain_tsp100_K200.json
[2026-03-02 02:46:15,629] INFO:fitness.free_loss_fidelity: RL4CO free-loss (step-mode): f1_steps=200, f2_steps=0, total_steps=200, train_problem_size=100, rollouts=100, batch_size=64, device=cuda:2, env=tsp
[2026-03-02 02:46:15,948] INFO:fitness.free_loss_fidelity: RL4CO free-loss step 1/200: score=36.122910 (avg=36.122910), loss=1.024009 (avg=1.024009), pairs_step=316800, pairs_total=316800
[2026-03-02 02:46:22,044] INFO:fitness.free_loss_fidelity: RL4CO free-loss step 20/200: score=10.399132 (avg=13.345457), loss=0.686804 (avg=0.634180), pairs_step=316800, pairs_total=6335998
[2026-03-02 02:46:28,438] INFO:fitness.free_loss_fidelity: RL4CO free-loss step 40/200: score=9.813416 (avg=11.649056), loss=0.536091 (avg=0.593569), pairs_step=316800, pairs_total=12671993
[2026-03-02 02:46:34,828] INFO:fitness.free_loss_fidelity: RL4CO free-loss step 60/200: score=9.633425 (avg=10.986943), loss=0.507180 (avg=0.568107), pairs_step=316800, pairs_total=19007990
[2026-03-02 02:46:41,216] INFO:fitness.free_loss_fidelity: RL4CO free-loss step 80/200: score=9.569828 (avg=10.643642), loss=0.478746 (avg=0.547465), pairs_step=316800, pairs_total=25343983
[2026-03-02 02:46:47,623] INFO:fitness.free_loss_fidelity: RL4CO free-loss step 100/200: score=9.482803 (avg=10.427639), loss=0.477277 (avg=0.532657), pairs_step=316799, pairs_total=31679977
[2026-03-02 02:46:54,020] INFO:fitness.free_loss_fidelity: RL4CO free-loss step 120/200: score=9.394092 (avg=10.273246), loss=0.492388 (avg=0.523692), pairs_step=316800, pairs_total=38015972
[2026-03-02 02:47:00,415] INFO:fitness.free_loss_fidelity: RL4CO free-loss step 140/200: score=9.405384 (avg=10.154137), loss=0.476815 (avg=0.517363), pairs_step=316800, pairs_total=44351971
[2026-03-02 02:47:06,863] INFO:fitness.free_loss_fidelity: RL4CO free-loss step 160/200: score=9.442989 (avg=10.059004), loss=0.470971 (avg=0.511779), pairs_step=316800, pairs_total=50687966
[2026-03-02 02:47:13,262] INFO:fitness.free_loss_fidelity: RL4CO free-loss step 180/200: score=9.334694 (avg=9.981945), loss=0.475640 (avg=0.507350), pairs_step=316800, pairs_total=57023965
[2026-03-02 02:47:19,657] INFO:fitness.free_loss_fidelity: RL4CO free-loss step 200/200: score=9.365383 (avg=9.914467), loss=0.486705 (avg=0.504287), pairs_step=316800, pairs_total=63359962
[2026-03-02 02:47:20,766] WARNING:fitness.free_loss_fidelity: weights_only checkpoint load failed (UnpicklingError); retrying weights_only=False for /data1/gushengda/eam-rl4co/baseline/epoch_135.ckpt
[2026-03-02 02:47:20,804] INFO:fitness.free_loss_fidelity: Loaded init checkpoint into policy: path=/data1/gushengda/eam-rl4co/baseline/epoch_135.ckpt prefix=policy. matched=97 missing=0 unexpected=0
[2026-03-02 02:47:20,810] INFO:fitness.free_loss_fidelity: RL4CO free-loss (step-mode): f1_steps=200, f2_steps=0, total_steps=200, train_problem_size=100, rollouts=100, batch_size=64, device=cuda:2, env=tsp
[2026-03-02 02:47:21,145] INFO:fitness.free_loss_fidelity: RL4CO free-loss step 1/200: score=7.803347 (avg=7.803347), loss=0.666456 (avg=0.666456), pairs_step=315697, pairs_total=315697
[2026-03-02 02:47:27,214] INFO:fitness.free_loss_fidelity: RL4CO free-loss step 20/200: score=7.773689 (avg=7.808843), loss=0.655374 (avg=0.661392), pairs_step=315837, pairs_total=6318786
[2026-03-02 02:47:33,604] INFO:fitness.free_loss_fidelity: RL4CO free-loss step 40/200: score=7.819474 (avg=7.803880), loss=0.644872 (avg=0.652700), pairs_step=316101, pairs_total=12638819
[2026-03-02 02:47:39,953] INFO:fitness.free_loss_fidelity: RL4CO free-loss step 60/200: score=7.815331 (avg=7.800181), loss=0.609097 (avg=0.641026), pairs_step=316206, pairs_total=18962806
[2026-03-02 02:47:46,311] INFO:fitness.free_loss_fidelity: RL4CO free-loss step 80/200: score=7.797812 (avg=7.798556), loss=0.590134 (avg=0.631082), pairs_step=316279, pairs_total=25289309
[2026-03-02 02:47:52,666] INFO:fitness.free_loss_fidelity: RL4CO free-loss step 100/200: score=7.759513 (avg=7.798904), loss=0.559048 (avg=0.619031), pairs_step=316531, pairs_total=31617469
[2026-03-02 02:47:59,020] INFO:fitness.free_loss_fidelity: RL4CO free-loss step 120/200: score=7.774483 (avg=7.800218), loss=0.558472 (avg=0.608045), pairs_step=316378, pairs_total=37945531
[2026-03-02 02:48:05,379] INFO:fitness.free_loss_fidelity: RL4CO free-loss step 140/200: score=7.828152 (avg=7.801262), loss=0.496992 (avg=0.596323), pairs_step=316363, pairs_total=44273944
[2026-03-02 02:48:11,728] INFO:fitness.free_loss_fidelity: RL4CO free-loss step 160/200: score=7.785726 (avg=7.800564), loss=0.476608 (avg=0.583677), pairs_step=316488, pairs_total=50603596
[2026-03-02 02:48:18,086] INFO:fitness.free_loss_fidelity: RL4CO free-loss step 180/200: score=7.785236 (avg=7.799316), loss=0.480097 (avg=0.571765), pairs_step=316281, pairs_total=56932747
[2026-03-02 02:48:24,445] INFO:fitness.free_loss_fidelity: RL4CO free-loss step 200/200: score=7.809450 (avg=7.798122), loss=0.416409 (avg=0.559637), pairs_step=316546, pairs_total=63262882
[2026-03-02 02:48:25,551] WARNING:fitness.free_loss_fidelity: weights_only checkpoint load failed (UnpicklingError); retrying weights_only=False for /data1/gushengda/eam-rl4co/baseline/epoch_409.ckpt
[2026-03-02 02:48:25,590] INFO:fitness.free_loss_fidelity: Loaded init checkpoint into policy: path=/data1/gushengda/eam-rl4co/baseline/epoch_409.ckpt prefix=policy. matched=97 missing=0 unexpected=0
[2026-03-02 02:48:25,595] INFO:fitness.free_loss_fidelity: RL4CO free-loss (step-mode): f1_steps=200, f2_steps=0, total_steps=200, train_problem_size=100, rollouts=100, batch_size=64, device=cuda:2, env=tsp
[2026-03-02 02:48:25,930] INFO:fitness.free_loss_fidelity: RL4CO free-loss step 1/200: score=7.807477 (avg=7.807477), loss=0.182029 (avg=0.182029), pairs_step=315750, pairs_total=315750
[2026-03-02 02:48:31,985] INFO:fitness.free_loss_fidelity: RL4CO free-loss step 20/200: score=7.784416 (avg=7.809212), loss=0.169755 (avg=0.174829), pairs_step=316155, pairs_total=6318698
[2026-03-02 02:48:38,357] INFO:fitness.free_loss_fidelity: RL4CO free-loss step 40/200: score=7.816140 (avg=7.802118), loss=0.169991 (avg=0.172922), pairs_step=316010, pairs_total=12639014
[2026-03-02 02:48:44,728] INFO:fitness.free_loss_fidelity: RL4CO free-loss step 60/200: score=7.809959 (avg=7.798415), loss=0.174931 (avg=0.172714), pairs_step=315687, pairs_total=18959254
[2026-03-02 02:48:51,087] INFO:fitness.free_loss_fidelity: RL4CO free-loss step 80/200: score=7.794277 (avg=7.796800), loss=0.177829 (avg=0.173308), pairs_step=315715, pairs_total=25281000
[2026-03-02 02:48:57,452] INFO:fitness.free_loss_fidelity: RL4CO free-loss step 100/200: score=7.755172 (avg=7.797205), loss=0.179777 (avg=0.173752), pairs_step=316300, pairs_total=31604138
[2026-03-02 02:49:03,844] INFO:fitness.free_loss_fidelity: RL4CO free-loss step 120/200: score=7.774278 (avg=7.798296), loss=0.170595 (avg=0.174177), pairs_step=316188, pairs_total=37928415
[2026-03-02 02:49:10,246] INFO:fitness.free_loss_fidelity: RL4CO free-loss step 140/200: score=7.822717 (avg=7.799185), loss=0.168583 (avg=0.173249), pairs_step=315925, pairs_total=44252166
[2026-03-02 02:49:16,613] INFO:fitness.free_loss_fidelity: RL4CO free-loss step 160/200: score=7.794204 (avg=7.798271), loss=0.167105 (avg=0.172313), pairs_step=316171, pairs_total=50574394
[2026-03-02 02:49:22,982] INFO:fitness.free_loss_fidelity: RL4CO free-loss step 180/200: score=7.781704 (avg=7.797017), loss=0.164610 (avg=0.171838), pairs_step=315772, pairs_total=56897478
[2026-03-02 02:49:29,348] INFO:fitness.free_loss_fidelity: RL4CO free-loss step 200/200: score=7.809565 (avg=7.795645), loss=0.166016 (avg=0.171615), pairs_step=316093, pairs_total=63221596
