[2026-03-02 10:00:09,720] INFO:fitness.free_loss_fidelity: Stage3 offline mini-train start gen=12 pair_index=6 K=200 seed=12345 valid_sizes=[100] baseline_json=baseline/mini_eval/baseline_minitrain_tsp100_K200.json
[2026-03-02 10:00:09,739] INFO:fitness.free_loss_fidelity: RL4CO free-loss (step-mode): f1_steps=200, f2_steps=0, total_steps=200, train_problem_size=100, rollouts=100, batch_size=64, device=cuda:2, env=tsp
[2026-03-02 10:00:10,083] INFO:fitness.free_loss_fidelity: RL4CO free-loss step 1/200: score=36.122910 (avg=36.122910), loss=1.072035 (avg=1.072035), pairs_step=128, pairs_total=128
[2026-03-02 10:00:16,348] INFO:fitness.free_loss_fidelity: RL4CO free-loss step 20/200: score=10.902613 (avg=13.049715), loss=0.320186 (avg=0.396668), pairs_step=128, pairs_total=2560
[2026-03-02 10:00:22,951] INFO:fitness.free_loss_fidelity: RL4CO free-loss step 40/200: score=9.760139 (avg=11.669196), loss=0.351859 (avg=0.374052), pairs_step=128, pairs_total=5120
[2026-03-02 10:00:29,560] INFO:fitness.free_loss_fidelity: RL4CO free-loss step 60/200: score=9.517041 (avg=10.959476), loss=0.341450 (avg=0.365433), pairs_step=128, pairs_total=7680
[2026-03-02 10:00:36,162] INFO:fitness.free_loss_fidelity: RL4CO free-loss step 80/200: score=9.365326 (avg=10.573420), loss=0.320623 (avg=0.360439), pairs_step=128, pairs_total=10240
[2026-03-02 10:00:42,769] INFO:fitness.free_loss_fidelity: RL4CO free-loss step 100/200: score=9.267594 (avg=10.319259), loss=0.324317 (avg=0.359402), pairs_step=128, pairs_total=12800
[2026-03-02 10:00:49,376] INFO:fitness.free_loss_fidelity: RL4CO free-loss step 120/200: score=9.187332 (avg=10.138612), loss=0.315486 (avg=0.356195), pairs_step=128, pairs_total=15360
[2026-03-02 10:00:55,987] INFO:fitness.free_loss_fidelity: RL4CO free-loss step 140/200: score=9.166889 (avg=10.000694), loss=0.270446 (avg=0.353501), pairs_step=128, pairs_total=17920
[2026-03-02 10:01:02,590] INFO:fitness.free_loss_fidelity: RL4CO free-loss step 160/200: score=9.066776 (avg=9.882682), loss=0.318150 (avg=0.348977), pairs_step=128, pairs_total=20480
[2026-03-02 10:01:09,212] INFO:fitness.free_loss_fidelity: RL4CO free-loss step 180/200: score=8.978137 (avg=9.784385), loss=0.333925 (avg=0.347453), pairs_step=128, pairs_total=23040
[2026-03-02 10:01:15,822] INFO:fitness.free_loss_fidelity: RL4CO free-loss step 200/200: score=8.890820 (avg=9.698388), loss=0.346265 (avg=0.347227), pairs_step=128, pairs_total=25600
[2026-03-02 10:01:16,932] WARNING:fitness.free_loss_fidelity: weights_only checkpoint load failed (UnpicklingError); retrying weights_only=False for /data1/gushengda/eam-rl4co/baseline/epoch_135.ckpt
[2026-03-02 10:01:16,971] INFO:fitness.free_loss_fidelity: Loaded init checkpoint into policy: path=/data1/gushengda/eam-rl4co/baseline/epoch_135.ckpt prefix=policy. matched=97 missing=0 unexpected=0
[2026-03-02 10:01:16,977] INFO:fitness.free_loss_fidelity: RL4CO free-loss (step-mode): f1_steps=200, f2_steps=0, total_steps=200, train_problem_size=100, rollouts=100, batch_size=64, device=cuda:2, env=tsp
[2026-03-02 10:01:17,316] INFO:fitness.free_loss_fidelity: RL4CO free-loss step 1/200: score=7.803347 (avg=7.803347), loss=0.495391 (avg=0.495391), pairs_step=128, pairs_total=128
[2026-03-02 10:01:23,616] INFO:fitness.free_loss_fidelity: RL4CO free-loss step 20/200: score=7.802610 (avg=7.822091), loss=0.583623 (avg=0.526473), pairs_step=128, pairs_total=2560
[2026-03-02 10:01:30,226] INFO:fitness.free_loss_fidelity: RL4CO free-loss step 40/200: score=7.845625 (avg=7.825801), loss=0.636069 (avg=0.564168), pairs_step=128, pairs_total=5120
[2026-03-02 10:01:36,836] INFO:fitness.free_loss_fidelity: RL4CO free-loss step 60/200: score=7.857578 (avg=7.826191), loss=0.638360 (avg=0.579705), pairs_step=128, pairs_total=7680
[2026-03-02 10:01:43,441] INFO:fitness.free_loss_fidelity: RL4CO free-loss step 80/200: score=7.829400 (avg=7.827975), loss=0.598391 (avg=0.586160), pairs_step=128, pairs_total=10240
[2026-03-02 10:01:50,037] INFO:fitness.free_loss_fidelity: RL4CO free-loss step 100/200: score=7.786216 (avg=7.828387), loss=0.635740 (avg=0.590716), pairs_step=128, pairs_total=12800
[2026-03-02 10:01:56,649] INFO:fitness.free_loss_fidelity: RL4CO free-loss step 120/200: score=7.796550 (avg=7.829845), loss=0.620295 (avg=0.594660), pairs_step=128, pairs_total=15360
[2026-03-02 10:02:03,257] INFO:fitness.free_loss_fidelity: RL4CO free-loss step 140/200: score=7.871443 (avg=7.833128), loss=0.607622 (avg=0.596764), pairs_step=128, pairs_total=17920
[2026-03-02 10:02:09,866] INFO:fitness.free_loss_fidelity: RL4CO free-loss step 160/200: score=7.830149 (avg=7.833225), loss=0.591638 (avg=0.596997), pairs_step=128, pairs_total=20480
[2026-03-02 10:02:16,508] INFO:fitness.free_loss_fidelity: RL4CO free-loss step 180/200: score=7.820295 (avg=7.832513), loss=0.617024 (avg=0.598507), pairs_step=128, pairs_total=23040
[2026-03-02 10:02:23,319] INFO:fitness.free_loss_fidelity: RL4CO free-loss step 200/200: score=7.842702 (avg=7.831460), loss=0.556298 (avg=0.599216), pairs_step=128, pairs_total=25600
[2026-03-02 10:02:24,430] WARNING:fitness.free_loss_fidelity: weights_only checkpoint load failed (UnpicklingError); retrying weights_only=False for /data1/gushengda/eam-rl4co/baseline/epoch_409.ckpt
[2026-03-02 10:02:24,468] INFO:fitness.free_loss_fidelity: Loaded init checkpoint into policy: path=/data1/gushengda/eam-rl4co/baseline/epoch_409.ckpt prefix=policy. matched=97 missing=0 unexpected=0
[2026-03-02 10:02:24,473] INFO:fitness.free_loss_fidelity: RL4CO free-loss (step-mode): f1_steps=200, f2_steps=0, total_steps=200, train_problem_size=100, rollouts=100, batch_size=64, device=cuda:2, env=tsp
[2026-03-02 10:02:24,813] INFO:fitness.free_loss_fidelity: RL4CO free-loss step 1/200: score=7.807477 (avg=7.807477), loss=0.000011 (avg=0.000011), pairs_step=128, pairs_total=128
[2026-03-02 10:02:31,113] INFO:fitness.free_loss_fidelity: RL4CO free-loss step 20/200: score=7.786456 (avg=7.810398), loss=0.091000 (avg=0.032353), pairs_step=128, pairs_total=2560
[2026-03-02 10:02:37,728] INFO:fitness.free_loss_fidelity: RL4CO free-loss step 40/200: score=7.836472 (avg=7.809148), loss=0.166242 (avg=0.081885), pairs_step=128, pairs_total=5120
[2026-03-02 10:02:44,333] INFO:fitness.free_loss_fidelity: RL4CO free-loss step 60/200: score=7.847997 (avg=7.812214), loss=0.273562 (avg=0.127118), pairs_step=128, pairs_total=7680
[2026-03-02 10:02:50,931] INFO:fitness.free_loss_fidelity: RL4CO free-loss step 80/200: score=7.817691 (avg=7.814431), loss=0.328625 (avg=0.159042), pairs_step=128, pairs_total=10240
[2026-03-02 10:02:57,542] INFO:fitness.free_loss_fidelity: RL4CO free-loss step 100/200: score=7.783788 (avg=7.816206), loss=0.252136 (avg=0.181586), pairs_step=128, pairs_total=12800
[2026-03-02 10:03:04,154] INFO:fitness.free_loss_fidelity: RL4CO free-loss step 120/200: score=7.793476 (avg=7.818621), loss=0.292629 (avg=0.198670), pairs_step=128, pairs_total=15360
[2026-03-02 10:03:10,760] INFO:fitness.free_loss_fidelity: RL4CO free-loss step 140/200: score=7.843174 (avg=7.819727), loss=0.317888 (avg=0.217188), pairs_step=128, pairs_total=17920
[2026-03-02 10:03:17,377] INFO:fitness.free_loss_fidelity: RL4CO free-loss step 160/200: score=7.818878 (avg=7.819466), loss=0.341500 (avg=0.232211), pairs_step=128, pairs_total=20480
[2026-03-02 10:03:23,994] INFO:fitness.free_loss_fidelity: RL4CO free-loss step 180/200: score=7.809023 (avg=7.818525), loss=0.396649 (avg=0.245362), pairs_step=128, pairs_total=23040
[2026-03-02 10:03:30,602] INFO:fitness.free_loss_fidelity: RL4CO free-loss step 200/200: score=7.837035 (avg=7.817432), loss=0.382991 (avg=0.259977), pairs_step=128, pairs_total=25600
