[2026-03-02 05:29:34,506] INFO:fitness.free_loss_fidelity: Stage3 offline mini-train start gen=7 pair_index=31 K=200 seed=12345 valid_sizes=[100] baseline_json=baseline/mini_eval/baseline_minitrain_tsp100_K200.json
[2026-03-02 05:29:34,526] INFO:fitness.free_loss_fidelity: RL4CO free-loss (step-mode): f1_steps=200, f2_steps=0, total_steps=200, train_problem_size=100, rollouts=100, batch_size=64, device=cuda:3, env=tsp
[2026-03-02 05:29:34,855] INFO:fitness.free_loss_fidelity: RL4CO free-loss step 1/200: score=36.122910 (avg=36.122910), loss=0.593331 (avg=0.593331), pairs_step=316800, pairs_total=316800
[2026-03-02 05:29:40,970] INFO:fitness.free_loss_fidelity: RL4CO free-loss step 20/200: score=9.908178 (avg=12.637093), loss=0.442988 (avg=0.447998), pairs_step=316800, pairs_total=6335994
[2026-03-02 05:29:47,406] INFO:fitness.free_loss_fidelity: RL4CO free-loss step 40/200: score=9.366798 (avg=11.062613), loss=0.451490 (avg=0.447218), pairs_step=316800, pairs_total=12671989
[2026-03-02 05:29:53,845] INFO:fitness.free_loss_fidelity: RL4CO free-loss step 60/200: score=9.210652 (avg=10.450037), loss=0.439388 (avg=0.445396), pairs_step=316800, pairs_total=19007987
[2026-03-02 05:30:00,289] INFO:fitness.free_loss_fidelity: RL4CO free-loss step 80/200: score=8.997801 (avg=10.098514), loss=0.429171 (avg=0.442207), pairs_step=316800, pairs_total=25343983
[2026-03-02 05:30:06,729] INFO:fitness.free_loss_fidelity: RL4CO free-loss step 100/200: score=8.839485 (avg=9.864062), loss=0.434271 (avg=0.439826), pairs_step=316800, pairs_total=31679977
[2026-03-02 05:30:13,171] INFO:fitness.free_loss_fidelity: RL4CO free-loss step 120/200: score=8.784134 (avg=9.693115), loss=0.437404 (avg=0.438601), pairs_step=316800, pairs_total=38015972
[2026-03-02 05:30:19,607] INFO:fitness.free_loss_fidelity: RL4CO free-loss step 140/200: score=8.713676 (avg=9.558519), loss=0.438108 (avg=0.438445), pairs_step=316800, pairs_total=44351964
[2026-03-02 05:30:26,039] INFO:fitness.free_loss_fidelity: RL4CO free-loss step 160/200: score=8.580306 (avg=9.443364), loss=0.447277 (avg=0.438901), pairs_step=316800, pairs_total=50687956
[2026-03-02 05:30:32,490] INFO:fitness.free_loss_fidelity: RL4CO free-loss step 180/200: score=8.529411 (avg=9.345168), loss=0.445628 (avg=0.439737), pairs_step=316800, pairs_total=57023950
[2026-03-02 05:30:38,886] INFO:fitness.free_loss_fidelity: RL4CO free-loss step 200/200: score=8.540155 (avg=9.262595), loss=0.452046 (avg=0.440546), pairs_step=316800, pairs_total=63359944
[2026-03-02 05:30:39,998] WARNING:fitness.free_loss_fidelity: weights_only checkpoint load failed (UnpicklingError); retrying weights_only=False for /data1/gushengda/eam-rl4co/baseline/epoch_135.ckpt
[2026-03-02 05:30:40,034] INFO:fitness.free_loss_fidelity: Loaded init checkpoint into policy: path=/data1/gushengda/eam-rl4co/baseline/epoch_135.ckpt prefix=policy. matched=97 missing=0 unexpected=0
[2026-03-02 05:30:40,039] INFO:fitness.free_loss_fidelity: RL4CO free-loss (step-mode): f1_steps=200, f2_steps=0, total_steps=200, train_problem_size=100, rollouts=100, batch_size=64, device=cuda:3, env=tsp
[2026-03-02 05:30:40,367] INFO:fitness.free_loss_fidelity: RL4CO free-loss step 1/200: score=7.803347 (avg=7.803347), loss=0.462755 (avg=0.462755), pairs_step=315697, pairs_total=315697
[2026-03-02 05:30:46,426] INFO:fitness.free_loss_fidelity: RL4CO free-loss step 20/200: score=7.777259 (avg=7.809615), loss=0.472332 (avg=0.469660), pairs_step=316031, pairs_total=6317089
[2026-03-02 05:30:52,806] INFO:fitness.free_loss_fidelity: RL4CO free-loss step 40/200: score=7.812302 (avg=7.803985), loss=0.489837 (avg=0.471992), pairs_step=315979, pairs_total=12632273
[2026-03-02 05:30:59,178] INFO:fitness.free_loss_fidelity: RL4CO free-loss step 60/200: score=7.815902 (avg=7.800817), loss=0.479528 (avg=0.474129), pairs_step=315684, pairs_total=18948304
[2026-03-02 05:31:05,554] INFO:fitness.free_loss_fidelity: RL4CO free-loss step 80/200: score=7.810531 (avg=7.800278), loss=0.475619 (avg=0.474246), pairs_step=315663, pairs_total=25264076
[2026-03-02 05:31:11,930] INFO:fitness.free_loss_fidelity: RL4CO free-loss step 100/200: score=7.760322 (avg=7.801329), loss=0.480607 (avg=0.475024), pairs_step=315674, pairs_total=31578409
[2026-03-02 05:31:18,309] INFO:fitness.free_loss_fidelity: RL4CO free-loss step 120/200: score=7.772999 (avg=7.802418), loss=0.473470 (avg=0.475678), pairs_step=315638, pairs_total=37893051
[2026-03-02 05:31:24,688] INFO:fitness.free_loss_fidelity: RL4CO free-loss step 140/200: score=7.830402 (avg=7.803218), loss=0.485120 (avg=0.476425), pairs_step=315433, pairs_total=44206101
[2026-03-02 05:31:31,065] INFO:fitness.free_loss_fidelity: RL4CO free-loss step 160/200: score=7.796662 (avg=7.802584), loss=0.473305 (avg=0.477027), pairs_step=315616, pairs_total=50519372
[2026-03-02 05:31:37,446] INFO:fitness.free_loss_fidelity: RL4CO free-loss step 180/200: score=7.787908 (avg=7.801455), loss=0.481543 (avg=0.477258), pairs_step=315438, pairs_total=56832691
[2026-03-02 05:31:43,817] INFO:fitness.free_loss_fidelity: RL4CO free-loss step 200/200: score=7.810060 (avg=7.800393), loss=0.483617 (avg=0.478074), pairs_step=315657, pairs_total=63145101
[2026-03-02 05:31:44,925] WARNING:fitness.free_loss_fidelity: weights_only checkpoint load failed (UnpicklingError); retrying weights_only=False for /data1/gushengda/eam-rl4co/baseline/epoch_409.ckpt
[2026-03-02 05:31:44,954] INFO:fitness.free_loss_fidelity: Loaded init checkpoint into policy: path=/data1/gushengda/eam-rl4co/baseline/epoch_409.ckpt prefix=policy. matched=97 missing=0 unexpected=0
[2026-03-02 05:31:44,959] INFO:fitness.free_loss_fidelity: RL4CO free-loss (step-mode): f1_steps=200, f2_steps=0, total_steps=200, train_problem_size=100, rollouts=100, batch_size=64, device=cuda:3, env=tsp
[2026-03-02 05:31:45,287] INFO:fitness.free_loss_fidelity: RL4CO free-loss step 1/200: score=7.807477 (avg=7.807477), loss=0.110087 (avg=0.110087), pairs_step=315750, pairs_total=315750
[2026-03-02 05:31:51,540] INFO:fitness.free_loss_fidelity: RL4CO free-loss step 20/200: score=7.779753 (avg=7.807837), loss=0.119836 (avg=0.116721), pairs_step=315779, pairs_total=6317501
[2026-03-02 05:31:57,910] INFO:fitness.free_loss_fidelity: RL4CO free-loss step 40/200: score=7.820004 (avg=7.801532), loss=0.104215 (avg=0.114125), pairs_step=316076, pairs_total=12633973
[2026-03-02 05:32:04,315] INFO:fitness.free_loss_fidelity: RL4CO free-loss step 60/200: score=7.813349 (avg=7.797903), loss=0.107280 (avg=0.110849), pairs_step=315571, pairs_total=18950371
[2026-03-02 05:32:10,695] INFO:fitness.free_loss_fidelity: RL4CO free-loss step 80/200: score=7.799907 (avg=7.796869), loss=0.119094 (avg=0.110243), pairs_step=315931, pairs_total=25266994
[2026-03-02 05:32:17,081] INFO:fitness.free_loss_fidelity: RL4CO free-loss step 100/200: score=7.756376 (avg=7.797384), loss=0.126353 (avg=0.111707), pairs_step=315949, pairs_total=31585443
[2026-03-02 05:32:23,463] INFO:fitness.free_loss_fidelity: RL4CO free-loss step 120/200: score=7.776265 (avg=7.798761), loss=0.104639 (avg=0.112514), pairs_step=315839, pairs_total=37902196
[2026-03-02 05:32:29,846] INFO:fitness.free_loss_fidelity: RL4CO free-loss step 140/200: score=7.822177 (avg=7.799792), loss=0.109779 (avg=0.111939), pairs_step=315375, pairs_total=44213575
[2026-03-02 05:32:36,239] INFO:fitness.free_loss_fidelity: RL4CO free-loss step 160/200: score=7.791885 (avg=7.798991), loss=0.108626 (avg=0.111124), pairs_step=315526, pairs_total=50528301
[2026-03-02 05:32:42,598] INFO:fitness.free_loss_fidelity: RL4CO free-loss step 180/200: score=7.780265 (avg=7.797857), loss=0.129440 (avg=0.112160), pairs_step=315659, pairs_total=56841816
[2026-03-02 05:32:48,962] INFO:fitness.free_loss_fidelity: RL4CO free-loss step 200/200: score=7.812129 (avg=7.796628), loss=0.124953 (avg=0.113653), pairs_step=315427, pairs_total=63154727
