[2026-03-02 10:00:07,887] INFO:fitness.free_loss_fidelity: Stage3 offline mini-train start gen=12 pair_index=5 K=200 seed=12345 valid_sizes=[100] baseline_json=baseline/mini_eval/baseline_minitrain_tsp100_K200.json
[2026-03-02 10:00:07,904] INFO:fitness.free_loss_fidelity: RL4CO free-loss (step-mode): f1_steps=200, f2_steps=0, total_steps=200, train_problem_size=100, rollouts=100, batch_size=64, device=cuda:1, env=tsp
[2026-03-02 10:00:08,245] INFO:fitness.free_loss_fidelity: RL4CO free-loss step 1/200: score=36.122910 (avg=36.122910), loss=0.840994 (avg=0.840994), pairs_step=316800, pairs_total=316800
[2026-03-02 10:00:14,314] INFO:fitness.free_loss_fidelity: RL4CO free-loss step 20/200: score=9.863729 (avg=12.782546), loss=0.609824 (avg=0.632154), pairs_step=316800, pairs_total=6335998
[2026-03-02 10:00:20,699] INFO:fitness.free_loss_fidelity: RL4CO free-loss step 40/200: score=9.402946 (avg=11.154246), loss=0.606802 (avg=0.620879), pairs_step=316800, pairs_total=12671993
[2026-03-02 10:00:27,075] INFO:fitness.free_loss_fidelity: RL4CO free-loss step 60/200: score=9.178852 (avg=10.517224), loss=0.594185 (avg=0.615090), pairs_step=316800, pairs_total=19007989
[2026-03-02 10:00:33,482] INFO:fitness.free_loss_fidelity: RL4CO free-loss step 80/200: score=9.035604 (avg=10.154652), loss=0.607725 (avg=0.610185), pairs_step=316800, pairs_total=25343987
[2026-03-02 10:00:39,885] INFO:fitness.free_loss_fidelity: RL4CO free-loss step 100/200: score=8.918409 (avg=9.923958), loss=0.592238 (avg=0.606413), pairs_step=316799, pairs_total=31679984
[2026-03-02 10:00:46,290] INFO:fitness.free_loss_fidelity: RL4CO free-loss step 120/200: score=8.860197 (avg=9.755437), loss=0.589324 (avg=0.604378), pairs_step=316800, pairs_total=38015979
[2026-03-02 10:00:52,680] INFO:fitness.free_loss_fidelity: RL4CO free-loss step 140/200: score=8.852533 (avg=9.625050), loss=0.596653 (avg=0.603109), pairs_step=316799, pairs_total=44351969
[2026-03-02 10:00:59,068] INFO:fitness.free_loss_fidelity: RL4CO free-loss step 160/200: score=8.720804 (avg=9.514252), loss=0.598999 (avg=0.602451), pairs_step=316800, pairs_total=50687963
[2026-03-02 10:01:05,463] INFO:fitness.free_loss_fidelity: RL4CO free-loss step 180/200: score=8.629766 (avg=9.418983), loss=0.610053 (avg=0.602586), pairs_step=316800, pairs_total=57023958
[2026-03-02 10:01:11,855] INFO:fitness.free_loss_fidelity: RL4CO free-loss step 200/200: score=8.630176 (avg=9.338216), loss=0.608732 (avg=0.602692), pairs_step=316800, pairs_total=63359954
[2026-03-02 10:01:12,969] WARNING:fitness.free_loss_fidelity: weights_only checkpoint load failed (UnpicklingError); retrying weights_only=False for /data1/gushengda/eam-rl4co/baseline/epoch_135.ckpt
[2026-03-02 10:01:13,008] INFO:fitness.free_loss_fidelity: Loaded init checkpoint into policy: path=/data1/gushengda/eam-rl4co/baseline/epoch_135.ckpt prefix=policy. matched=97 missing=0 unexpected=0
[2026-03-02 10:01:13,013] INFO:fitness.free_loss_fidelity: RL4CO free-loss (step-mode): f1_steps=200, f2_steps=0, total_steps=200, train_problem_size=100, rollouts=100, batch_size=64, device=cuda:1, env=tsp
[2026-03-02 10:01:13,339] INFO:fitness.free_loss_fidelity: RL4CO free-loss step 1/200: score=7.803347 (avg=7.803347), loss=0.677121 (avg=0.677121), pairs_step=315697, pairs_total=315697
[2026-03-02 10:01:19,428] INFO:fitness.free_loss_fidelity: RL4CO free-loss step 20/200: score=7.777277 (avg=7.809485), loss=0.675791 (avg=0.676273), pairs_step=315916, pairs_total=6316665
[2026-03-02 10:01:25,827] INFO:fitness.free_loss_fidelity: RL4CO free-loss step 40/200: score=7.816727 (avg=7.803199), loss=0.677472 (avg=0.676334), pairs_step=315938, pairs_total=12631677
[2026-03-02 10:01:32,228] INFO:fitness.free_loss_fidelity: RL4CO free-loss step 60/200: score=7.814579 (avg=7.799695), loss=0.677142 (avg=0.676633), pairs_step=315615, pairs_total=18944512
[2026-03-02 10:01:38,645] INFO:fitness.free_loss_fidelity: RL4CO free-loss step 80/200: score=7.791595 (avg=7.797994), loss=0.675752 (avg=0.676407), pairs_step=315892, pairs_total=25259128
[2026-03-02 10:01:45,054] INFO:fitness.free_loss_fidelity: RL4CO free-loss step 100/200: score=7.755001 (avg=7.798569), loss=0.674834 (avg=0.676509), pairs_step=315760, pairs_total=31574887
[2026-03-02 10:01:51,456] INFO:fitness.free_loss_fidelity: RL4CO free-loss step 120/200: score=7.775981 (avg=7.800217), loss=0.676252 (avg=0.676580), pairs_step=315664, pairs_total=37890194
[2026-03-02 10:01:57,884] INFO:fitness.free_loss_fidelity: RL4CO free-loss step 140/200: score=7.827798 (avg=7.801011), loss=0.676047 (avg=0.676527), pairs_step=315522, pairs_total=44204476
[2026-03-02 10:02:04,259] INFO:fitness.free_loss_fidelity: RL4CO free-loss step 160/200: score=7.798933 (avg=7.800322), loss=0.674161 (avg=0.676493), pairs_step=315376, pairs_total=50517606
[2026-03-02 10:02:10,764] INFO:fitness.free_loss_fidelity: RL4CO free-loss step 180/200: score=7.779671 (avg=7.799308), loss=0.675094 (avg=0.676510), pairs_step=315483, pairs_total=56830236
[2026-03-02 10:02:17,138] INFO:fitness.free_loss_fidelity: RL4CO free-loss step 200/200: score=7.812219 (avg=7.798205), loss=0.675086 (avg=0.676453), pairs_step=315420, pairs_total=63142701
[2026-03-02 10:02:18,251] WARNING:fitness.free_loss_fidelity: weights_only checkpoint load failed (UnpicklingError); retrying weights_only=False for /data1/gushengda/eam-rl4co/baseline/epoch_409.ckpt
[2026-03-02 10:02:18,288] INFO:fitness.free_loss_fidelity: Loaded init checkpoint into policy: path=/data1/gushengda/eam-rl4co/baseline/epoch_409.ckpt prefix=policy. matched=97 missing=0 unexpected=0
[2026-03-02 10:02:18,292] INFO:fitness.free_loss_fidelity: RL4CO free-loss (step-mode): f1_steps=200, f2_steps=0, total_steps=200, train_problem_size=100, rollouts=100, batch_size=64, device=cuda:1, env=tsp
[2026-03-02 10:02:18,622] INFO:fitness.free_loss_fidelity: RL4CO free-loss step 1/200: score=7.807477 (avg=7.807477), loss=0.212337 (avg=0.212337), pairs_step=315750, pairs_total=315750
[2026-03-02 10:02:24,894] INFO:fitness.free_loss_fidelity: RL4CO free-loss step 20/200: score=7.778190 (avg=7.807259), loss=0.197856 (avg=0.204124), pairs_step=315928, pairs_total=6319076
[2026-03-02 10:02:31,274] INFO:fitness.free_loss_fidelity: RL4CO free-loss step 40/200: score=7.817792 (avg=7.801989), loss=0.199533 (avg=0.202100), pairs_step=315751, pairs_total=12638125
[2026-03-02 10:02:37,642] INFO:fitness.free_loss_fidelity: RL4CO free-loss step 60/200: score=7.811812 (avg=7.798880), loss=0.201097 (avg=0.200904), pairs_step=315858, pairs_total=18955691
[2026-03-02 10:02:44,023] INFO:fitness.free_loss_fidelity: RL4CO free-loss step 80/200: score=7.800619 (avg=7.797115), loss=0.214526 (avg=0.202008), pairs_step=315782, pairs_total=25273378
[2026-03-02 10:02:50,393] INFO:fitness.free_loss_fidelity: RL4CO free-loss step 100/200: score=7.758478 (avg=7.797898), loss=0.212742 (avg=0.203663), pairs_step=315881, pairs_total=31589986
[2026-03-02 10:02:56,762] INFO:fitness.free_loss_fidelity: RL4CO free-loss step 120/200: score=7.777359 (avg=7.799260), loss=0.202884 (avg=0.204585), pairs_step=316026, pairs_total=37907408
[2026-03-02 10:03:03,125] INFO:fitness.free_loss_fidelity: RL4CO free-loss step 140/200: score=7.823118 (avg=7.800370), loss=0.206703 (avg=0.204936), pairs_step=315431, pairs_total=44222919
[2026-03-02 10:03:09,498] INFO:fitness.free_loss_fidelity: RL4CO free-loss step 160/200: score=7.794377 (avg=7.799781), loss=0.206460 (avg=0.205178), pairs_step=315974, pairs_total=50538446
[2026-03-02 10:03:15,879] INFO:fitness.free_loss_fidelity: RL4CO free-loss step 180/200: score=7.782995 (avg=7.798457), loss=0.205687 (avg=0.205213), pairs_step=315938, pairs_total=56854812
[2026-03-02 10:03:22,248] INFO:fitness.free_loss_fidelity: RL4CO free-loss step 200/200: score=7.811855 (avg=7.797221), loss=0.203124 (avg=0.205222), pairs_step=315541, pairs_total=63170101
