[2026-03-02 06:48:56,551] INFO:fitness.free_loss_fidelity: Stage3 offline mini-train start gen=9 pair_index=28 K=200 seed=12345 valid_sizes=[100] baseline_json=baseline/mini_eval/baseline_minitrain_tsp100_K200.json
[2026-03-02 06:48:56,573] INFO:fitness.free_loss_fidelity: RL4CO free-loss (step-mode): f1_steps=200, f2_steps=0, total_steps=200, train_problem_size=100, rollouts=100, batch_size=64, device=cuda:1, env=tsp
[2026-03-02 06:48:56,936] INFO:fitness.free_loss_fidelity: RL4CO free-loss step 1/200: score=36.122910 (avg=36.122910), loss=0.717510 (avg=0.717510), pairs_step=316800, pairs_total=316800
[2026-03-02 06:49:03,641] INFO:fitness.free_loss_fidelity: RL4CO free-loss step 20/200: score=9.876331 (avg=12.613532), loss=0.629669 (avg=0.635562), pairs_step=316800, pairs_total=6335999
[2026-03-02 06:49:10,448] INFO:fitness.free_loss_fidelity: RL4CO free-loss step 40/200: score=9.381222 (avg=11.040434), loss=0.635976 (avg=0.635623), pairs_step=316800, pairs_total=12671994
[2026-03-02 06:49:16,984] INFO:fitness.free_loss_fidelity: RL4CO free-loss step 60/200: score=9.103267 (avg=10.427644), loss=0.630016 (avg=0.634375), pairs_step=316800, pairs_total=19007986
[2026-03-02 06:49:23,531] INFO:fitness.free_loss_fidelity: RL4CO free-loss step 80/200: score=8.917069 (avg=10.074354), loss=0.625053 (avg=0.632151), pairs_step=316800, pairs_total=25343983
[2026-03-02 06:49:30,041] INFO:fitness.free_loss_fidelity: RL4CO free-loss step 100/200: score=8.779215 (avg=9.837766), loss=0.627777 (avg=0.630750), pairs_step=316800, pairs_total=31679980
[2026-03-02 06:49:36,568] INFO:fitness.free_loss_fidelity: RL4CO free-loss step 120/200: score=8.707498 (avg=9.666507), loss=0.624253 (avg=0.630049), pairs_step=316800, pairs_total=38015974
[2026-03-02 06:49:43,115] INFO:fitness.free_loss_fidelity: RL4CO free-loss step 140/200: score=8.711582 (avg=9.532671), loss=0.626950 (avg=0.629929), pairs_step=316800, pairs_total=44351963
[2026-03-02 06:49:49,637] INFO:fitness.free_loss_fidelity: RL4CO free-loss step 160/200: score=8.545317 (avg=9.418134), loss=0.636365 (avg=0.630466), pairs_step=316800, pairs_total=50687958
[2026-03-02 06:49:56,174] INFO:fitness.free_loss_fidelity: RL4CO free-loss step 180/200: score=8.511486 (avg=9.320153), loss=0.633953 (avg=0.631062), pairs_step=316800, pairs_total=57023957
[2026-03-02 06:50:02,702] INFO:fitness.free_loss_fidelity: RL4CO free-loss step 200/200: score=8.470561 (avg=9.236878), loss=0.639963 (avg=0.631630), pairs_step=316800, pairs_total=63359952
[2026-03-02 06:50:03,827] WARNING:fitness.free_loss_fidelity: weights_only checkpoint load failed (UnpicklingError); retrying weights_only=False for /data1/gushengda/eam-rl4co/baseline/epoch_135.ckpt
[2026-03-02 06:50:03,873] INFO:fitness.free_loss_fidelity: Loaded init checkpoint into policy: path=/data1/gushengda/eam-rl4co/baseline/epoch_135.ckpt prefix=policy. matched=97 missing=0 unexpected=0
[2026-03-02 06:50:03,880] INFO:fitness.free_loss_fidelity: RL4CO free-loss (step-mode): f1_steps=200, f2_steps=0, total_steps=200, train_problem_size=100, rollouts=100, batch_size=64, device=cuda:1, env=tsp
[2026-03-02 06:50:04,238] INFO:fitness.free_loss_fidelity: RL4CO free-loss step 1/200: score=7.803347 (avg=7.803347), loss=0.680874 (avg=0.680874), pairs_step=315697, pairs_total=315697
[2026-03-02 06:50:10,415] INFO:fitness.free_loss_fidelity: RL4CO free-loss step 20/200: score=7.778955 (avg=7.809403), loss=0.680252 (avg=0.680616), pairs_step=315833, pairs_total=6314811
[2026-03-02 06:50:16,905] INFO:fitness.free_loss_fidelity: RL4CO free-loss step 40/200: score=7.820038 (avg=7.803198), loss=0.683066 (avg=0.680992), pairs_step=315731, pairs_total=12627414
[2026-03-02 06:50:23,383] INFO:fitness.free_loss_fidelity: RL4CO free-loss step 60/200: score=7.814444 (avg=7.799370), loss=0.681249 (avg=0.681123), pairs_step=315480, pairs_total=18940861
[2026-03-02 06:50:29,886] INFO:fitness.free_loss_fidelity: RL4CO free-loss step 80/200: score=7.797761 (avg=7.798029), loss=0.681514 (avg=0.681185), pairs_step=315880, pairs_total=25253917
[2026-03-02 06:50:36,417] INFO:fitness.free_loss_fidelity: RL4CO free-loss step 100/200: score=7.760734 (avg=7.799061), loss=0.681746 (avg=0.681246), pairs_step=315805, pairs_total=31568049
[2026-03-02 06:50:42,893] INFO:fitness.free_loss_fidelity: RL4CO free-loss step 120/200: score=7.772820 (avg=7.800428), loss=0.681832 (avg=0.681261), pairs_step=315714, pairs_total=37881574
[2026-03-02 06:50:49,386] INFO:fitness.free_loss_fidelity: RL4CO free-loss step 140/200: score=7.831285 (avg=7.801385), loss=0.682921 (avg=0.681231), pairs_step=315481, pairs_total=44192539
[2026-03-02 06:50:55,871] INFO:fitness.free_loss_fidelity: RL4CO free-loss step 160/200: score=7.796865 (avg=7.800649), loss=0.682144 (avg=0.681248), pairs_step=315214, pairs_total=50504768
[2026-03-02 06:51:02,357] INFO:fitness.free_loss_fidelity: RL4CO free-loss step 180/200: score=7.785622 (avg=7.799699), loss=0.681417 (avg=0.681299), pairs_step=315313, pairs_total=56814595
[2026-03-02 06:51:08,840] INFO:fitness.free_loss_fidelity: RL4CO free-loss step 200/200: score=7.811955 (avg=7.798613), loss=0.680852 (avg=0.681367), pairs_step=315587, pairs_total=63124137
[2026-03-02 06:51:09,964] WARNING:fitness.free_loss_fidelity: weights_only checkpoint load failed (UnpicklingError); retrying weights_only=False for /data1/gushengda/eam-rl4co/baseline/epoch_409.ckpt
[2026-03-02 06:51:10,000] INFO:fitness.free_loss_fidelity: Loaded init checkpoint into policy: path=/data1/gushengda/eam-rl4co/baseline/epoch_409.ckpt prefix=policy. matched=97 missing=0 unexpected=0
[2026-03-02 06:51:10,006] INFO:fitness.free_loss_fidelity: RL4CO free-loss (step-mode): f1_steps=200, f2_steps=0, total_steps=200, train_problem_size=100, rollouts=100, batch_size=64, device=cuda:1, env=tsp
[2026-03-02 06:51:10,340] INFO:fitness.free_loss_fidelity: RL4CO free-loss step 1/200: score=7.807477 (avg=7.807477), loss=0.255360 (avg=0.255360), pairs_step=315750, pairs_total=315750
[2026-03-02 06:51:16,697] INFO:fitness.free_loss_fidelity: RL4CO free-loss step 20/200: score=7.778681 (avg=7.808297), loss=0.228279 (avg=0.246639), pairs_step=315893, pairs_total=6317951
[2026-03-02 06:51:23,172] INFO:fitness.free_loss_fidelity: RL4CO free-loss step 40/200: score=7.816765 (avg=7.801836), loss=0.228261 (avg=0.236984), pairs_step=315974, pairs_total=12638601
[2026-03-02 06:51:29,652] INFO:fitness.free_loss_fidelity: RL4CO free-loss step 60/200: score=7.814486 (avg=7.798409), loss=0.241189 (avg=0.236577), pairs_step=315738, pairs_total=18955831
[2026-03-02 06:51:36,136] INFO:fitness.free_loss_fidelity: RL4CO free-loss step 80/200: score=7.794710 (avg=7.797075), loss=0.255283 (avg=0.239577), pairs_step=315813, pairs_total=25270241
[2026-03-02 06:51:42,679] INFO:fitness.free_loss_fidelity: RL4CO free-loss step 100/200: score=7.758202 (avg=7.798034), loss=0.232066 (avg=0.241435), pairs_step=315485, pairs_total=31585701
[2026-03-02 06:51:49,227] INFO:fitness.free_loss_fidelity: RL4CO free-loss step 120/200: score=7.771762 (avg=7.799346), loss=0.225592 (avg=0.238591), pairs_step=315371, pairs_total=37901947
[2026-03-02 06:51:55,701] INFO:fitness.free_loss_fidelity: RL4CO free-loss step 140/200: score=7.826777 (avg=7.800169), loss=0.259185 (avg=0.238908), pairs_step=315847, pairs_total=44215563
[2026-03-02 06:52:02,208] INFO:fitness.free_loss_fidelity: RL4CO free-loss step 160/200: score=7.788843 (avg=7.799306), loss=0.260743 (avg=0.243272), pairs_step=315656, pairs_total=50529367
[2026-03-02 06:52:08,687] INFO:fitness.free_loss_fidelity: RL4CO free-loss step 180/200: score=7.785226 (avg=7.798214), loss=0.218117 (avg=0.241410), pairs_step=314985, pairs_total=56842121
[2026-03-02 06:52:15,174] INFO:fitness.free_loss_fidelity: RL4CO free-loss step 200/200: score=7.813504 (avg=7.796987), loss=0.237637 (avg=0.240115), pairs_step=315665, pairs_total=63155553
