[2026-03-02 03:58:35,400] INFO:fitness.free_loss_fidelity: Stage3 offline mini-train start gen=5 pair_index=22 K=1000 seed=12345 valid_sizes=[100] baseline_json=baseline/mini_eval/baseline_minitrain_tsp100_K1000.json
[2026-03-02 03:58:41,198] INFO:fitness.free_loss_fidelity: RL4CO free-loss (step-mode): f1_steps=1000, f2_steps=0, total_steps=1000, train_problem_size=100, rollouts=100, batch_size=64, device=cuda:1, env=tsp
[2026-03-02 03:58:41,921] INFO:fitness.free_loss_fidelity: RL4CO free-loss step 1/1000: score=36.122910 (avg=36.122910), loss=0.766039 (avg=0.766039), pairs_step=316800, pairs_total=316800
[2026-03-02 03:59:16,641] INFO:fitness.free_loss_fidelity: RL4CO free-loss step 100/1000: score=8.888285 (avg=9.867798), loss=0.597416 (avg=0.607088), pairs_step=316800, pairs_total=31679985
[2026-03-02 03:59:51,769] INFO:fitness.free_loss_fidelity: RL4CO free-loss step 200/1000: score=8.558453 (avg=9.276050), loss=0.608383 (avg=0.606412), pairs_step=316799, pairs_total=63359956
[2026-03-02 04:00:26,964] INFO:fitness.free_loss_fidelity: RL4CO free-loss step 300/1000: score=8.344137 (avg=9.000787), loss=0.615629 (avg=0.609393), pairs_step=316800, pairs_total=95039929
[2026-03-02 04:01:02,210] INFO:fitness.free_loss_fidelity: RL4CO free-loss step 400/1000: score=8.369636 (avg=8.835927), loss=0.624327 (avg=0.612314), pairs_step=316800, pairs_total=126719894
[2026-03-02 04:01:37,789] INFO:fitness.free_loss_fidelity: RL4CO free-loss step 500/1000: score=8.229259 (avg=8.723086), loss=0.623266 (avg=0.614878), pairs_step=316799, pairs_total=158399863
[2026-03-02 04:02:13,129] INFO:fitness.free_loss_fidelity: RL4CO free-loss step 600/1000: score=8.189782 (avg=8.642473), loss=0.629340 (avg=0.616674), pairs_step=316800, pairs_total=190079838
[2026-03-02 04:02:48,481] INFO:fitness.free_loss_fidelity: RL4CO free-loss step 700/1000: score=8.208150 (avg=8.580442), loss=0.627332 (avg=0.618153), pairs_step=316799, pairs_total=221759796
[2026-03-02 04:03:23,908] INFO:fitness.free_loss_fidelity: RL4CO free-loss step 800/1000: score=8.187922 (avg=8.532062), loss=0.629069 (avg=0.619451), pairs_step=316800, pairs_total=253439751
[2026-03-02 04:03:59,297] INFO:fitness.free_loss_fidelity: RL4CO free-loss step 900/1000: score=8.206397 (avg=8.492743), loss=0.630326 (avg=0.620599), pairs_step=316800, pairs_total=285119714
[2026-03-02 04:04:34,721] INFO:fitness.free_loss_fidelity: RL4CO free-loss step 1000/1000: score=8.187271 (avg=8.459855), loss=0.634017 (avg=0.621638), pairs_step=316798, pairs_total=316799678
[2026-03-02 04:04:36,026] WARNING:fitness.free_loss_fidelity: weights_only checkpoint load failed (UnpicklingError); retrying weights_only=False for /data1/gushengda/eam-rl4co/baseline/epoch_135.ckpt
[2026-03-02 04:04:36,075] INFO:fitness.free_loss_fidelity: Loaded init checkpoint into policy: path=/data1/gushengda/eam-rl4co/baseline/epoch_135.ckpt prefix=policy. matched=97 missing=0 unexpected=0
[2026-03-02 04:04:36,082] INFO:fitness.free_loss_fidelity: RL4CO free-loss (step-mode): f1_steps=1000, f2_steps=0, total_steps=1000, train_problem_size=100, rollouts=100, batch_size=64, device=cuda:1, env=tsp
[2026-03-02 04:04:36,450] INFO:fitness.free_loss_fidelity: RL4CO free-loss step 1/1000: score=7.803347 (avg=7.803347), loss=0.676470 (avg=0.676470), pairs_step=315697, pairs_total=315697
[2026-03-02 04:05:11,477] INFO:fitness.free_loss_fidelity: RL4CO free-loss step 100/1000: score=7.757453 (avg=7.799108), loss=0.675675 (avg=0.676153), pairs_step=315919, pairs_total=31578132
[2026-03-02 04:05:46,817] INFO:fitness.free_loss_fidelity: RL4CO free-loss step 200/1000: score=7.810811 (avg=7.798514), loss=0.674379 (avg=0.676220), pairs_step=315456, pairs_total=63139241
[2026-03-02 04:06:22,183] INFO:fitness.free_loss_fidelity: RL4CO free-loss step 300/1000: score=7.804914 (avg=7.799120), loss=0.677621 (avg=0.676310), pairs_step=315638, pairs_total=94692589
[2026-03-02 04:06:57,554] INFO:fitness.free_loss_fidelity: RL4CO free-loss step 400/1000: score=7.827924 (avg=7.798961), loss=0.675583 (avg=0.676324), pairs_step=314923, pairs_total=126241764
[2026-03-02 04:07:33,175] INFO:fitness.free_loss_fidelity: RL4CO free-loss step 500/1000: score=7.774269 (avg=7.798116), loss=0.675233 (avg=0.676248), pairs_step=315547, pairs_total=157787747
[2026-03-02 04:08:08,641] INFO:fitness.free_loss_fidelity: RL4CO free-loss step 600/1000: score=7.756776 (avg=7.797435), loss=0.676148 (avg=0.676209), pairs_step=315172, pairs_total=189319363
[2026-03-02 04:08:44,060] INFO:fitness.free_loss_fidelity: RL4CO free-loss step 700/1000: score=7.805651 (avg=7.797111), loss=0.678043 (avg=0.676178), pairs_step=314666, pairs_total=220849364
[2026-03-02 04:09:19,585] INFO:fitness.free_loss_fidelity: RL4CO free-loss step 800/1000: score=7.789654 (avg=7.797001), loss=0.677296 (avg=0.676184), pairs_step=315296, pairs_total=252374563
[2026-03-02 04:09:55,024] INFO:fitness.free_loss_fidelity: RL4CO free-loss step 900/1000: score=7.832375 (avg=7.796667), loss=0.677903 (avg=0.676139), pairs_step=315017, pairs_total=283896513
[2026-03-02 04:10:30,640] INFO:fitness.free_loss_fidelity: RL4CO free-loss step 1000/1000: score=7.822462 (avg=7.796248), loss=0.676261 (avg=0.676080), pairs_step=315284, pairs_total=315409750
[2026-03-02 04:10:31,941] WARNING:fitness.free_loss_fidelity: weights_only checkpoint load failed (UnpicklingError); retrying weights_only=False for /data1/gushengda/eam-rl4co/baseline/epoch_409.ckpt
[2026-03-02 04:10:32,003] INFO:fitness.free_loss_fidelity: Loaded init checkpoint into policy: path=/data1/gushengda/eam-rl4co/baseline/epoch_409.ckpt prefix=policy. matched=97 missing=0 unexpected=0
[2026-03-02 04:10:32,011] INFO:fitness.free_loss_fidelity: RL4CO free-loss (step-mode): f1_steps=1000, f2_steps=0, total_steps=1000, train_problem_size=100, rollouts=100, batch_size=64, device=cuda:1, env=tsp
[2026-03-02 04:10:32,377] INFO:fitness.free_loss_fidelity: RL4CO free-loss step 1/1000: score=7.807477 (avg=7.807477), loss=0.221625 (avg=0.221625), pairs_step=315750, pairs_total=315750
[2026-03-02 04:11:07,482] INFO:fitness.free_loss_fidelity: RL4CO free-loss step 100/1000: score=7.754433 (avg=7.798060), loss=0.230343 (avg=0.218662), pairs_step=315627, pairs_total=31583535
[2026-03-02 04:11:42,954] INFO:fitness.free_loss_fidelity: RL4CO free-loss step 200/1000: score=7.815540 (avg=7.797139), loss=0.203171 (avg=0.217192), pairs_step=315601, pairs_total=63157010
[2026-03-02 04:12:18,440] INFO:fitness.free_loss_fidelity: RL4CO free-loss step 300/1000: score=7.802252 (avg=7.797271), loss=0.214249 (avg=0.217197), pairs_step=315731, pairs_total=94714877
[2026-03-02 04:12:53,892] INFO:fitness.free_loss_fidelity: RL4CO free-loss step 400/1000: score=7.815493 (avg=7.796629), loss=0.229651 (avg=0.218114), pairs_step=315784, pairs_total=126268091
[2026-03-02 04:13:29,560] INFO:fitness.free_loss_fidelity: RL4CO free-loss step 500/1000: score=7.770757 (avg=7.795349), loss=0.237947 (avg=0.219381), pairs_step=315808, pairs_total=157800513
[2026-03-02 04:14:04,988] INFO:fitness.free_loss_fidelity: RL4CO free-loss step 600/1000: score=7.749713 (avg=7.794497), loss=0.217402 (avg=0.219188), pairs_step=315493, pairs_total=189325643
[2026-03-02 04:14:40,480] INFO:fitness.free_loss_fidelity: RL4CO free-loss step 700/1000: score=7.805004 (avg=7.794172), loss=0.206154 (avg=0.218335), pairs_step=314777, pairs_total=220847370
[2026-03-02 04:15:15,963] INFO:fitness.free_loss_fidelity: RL4CO free-loss step 800/1000: score=7.789050 (avg=7.793893), loss=0.204001 (avg=0.217182), pairs_step=314798, pairs_total=252357359
[2026-03-02 04:15:51,410] INFO:fitness.free_loss_fidelity: RL4CO free-loss step 900/1000: score=7.824760 (avg=7.793410), loss=0.217072 (avg=0.216349), pairs_step=315224, pairs_total=283865169
[2026-03-02 04:16:26,897] INFO:fitness.free_loss_fidelity: RL4CO free-loss step 1000/1000: score=7.816764 (avg=7.792798), loss=0.207764 (avg=0.216005), pairs_step=314205, pairs_total=315357091
