[2026-03-02 09:56:41,660] INFO:fitness.free_loss_fidelity: Stage3 offline mini-train start gen=12 pair_index=3 K=200 seed=12345 valid_sizes=[100] baseline_json=baseline/mini_eval/baseline_minitrain_tsp100_K200.json
[2026-03-02 09:56:47,574] INFO:fitness.free_loss_fidelity: RL4CO free-loss (step-mode): f1_steps=200, f2_steps=0, total_steps=200, train_problem_size=100, rollouts=100, batch_size=64, device=cuda:2, env=tsp
[2026-03-02 09:56:48,325] INFO:fitness.free_loss_fidelity: RL4CO free-loss step 1/200: score=36.122910 (avg=36.122910), loss=0.841004 (avg=0.841004), pairs_step=316784, pairs_total=316784
[2026-03-02 09:56:54,423] INFO:fitness.free_loss_fidelity: RL4CO free-loss step 20/200: score=9.888948 (avg=12.764174), loss=0.613425 (avg=0.632696), pairs_step=316760, pairs_total=6335337
[2026-03-02 09:57:00,830] INFO:fitness.free_loss_fidelity: RL4CO free-loss step 40/200: score=9.429502 (avg=11.143941), loss=0.601298 (avg=0.620424), pairs_step=316760, pairs_total=12670442
[2026-03-02 09:57:07,474] INFO:fitness.free_loss_fidelity: RL4CO free-loss step 60/200: score=9.205901 (avg=10.506027), loss=0.595528 (avg=0.614829), pairs_step=316763, pairs_total=19005618
[2026-03-02 09:57:14,119] INFO:fitness.free_loss_fidelity: RL4CO free-loss step 80/200: score=9.032660 (avg=10.145052), loss=0.596079 (avg=0.609812), pairs_step=316752, pairs_total=25340750
[2026-03-02 09:57:20,770] INFO:fitness.free_loss_fidelity: RL4CO free-loss step 100/200: score=8.901199 (avg=9.911184), loss=0.585271 (avg=0.606276), pairs_step=316757, pairs_total=31675895
[2026-03-02 09:57:27,418] INFO:fitness.free_loss_fidelity: RL4CO free-loss step 120/200: score=8.823935 (avg=9.743354), loss=0.601395 (avg=0.603783), pairs_step=316753, pairs_total=38010989
[2026-03-02 09:57:34,058] INFO:fitness.free_loss_fidelity: RL4CO free-loss step 140/200: score=8.823925 (avg=9.613787), loss=0.604582 (avg=0.602708), pairs_step=316761, pairs_total=44346067
[2026-03-02 09:57:40,715] INFO:fitness.free_loss_fidelity: RL4CO free-loss step 160/200: score=8.684979 (avg=9.503243), loss=0.598792 (avg=0.602071), pairs_step=316763, pairs_total=50681134
[2026-03-02 09:57:47,363] INFO:fitness.free_loss_fidelity: RL4CO free-loss step 180/200: score=8.629224 (avg=9.409596), loss=0.603457 (avg=0.602281), pairs_step=316751, pairs_total=57016137
[2026-03-02 09:57:54,053] INFO:fitness.free_loss_fidelity: RL4CO free-loss step 200/200: score=8.603191 (avg=9.328426), loss=0.605949 (avg=0.602823), pairs_step=316736, pairs_total=63351098
[2026-03-02 09:57:55,161] WARNING:fitness.free_loss_fidelity: weights_only checkpoint load failed (UnpicklingError); retrying weights_only=False for /data1/gushengda/eam-rl4co/baseline/epoch_135.ckpt
[2026-03-02 09:57:55,203] INFO:fitness.free_loss_fidelity: Loaded init checkpoint into policy: path=/data1/gushengda/eam-rl4co/baseline/epoch_135.ckpt prefix=policy. matched=97 missing=0 unexpected=0
[2026-03-02 09:57:55,208] INFO:fitness.free_loss_fidelity: RL4CO free-loss (step-mode): f1_steps=200, f2_steps=0, total_steps=200, train_problem_size=100, rollouts=100, batch_size=64, device=cuda:2, env=tsp
[2026-03-02 09:57:55,558] INFO:fitness.free_loss_fidelity: RL4CO free-loss step 1/200: score=7.803347 (avg=7.803347), loss=0.677076 (avg=0.677076), pairs_step=314657, pairs_total=314657
[2026-03-02 09:58:01,840] INFO:fitness.free_loss_fidelity: RL4CO free-loss step 20/200: score=7.778447 (avg=7.809958), loss=0.676738 (avg=0.676527), pairs_step=315115, pairs_total=6298165
[2026-03-02 09:58:08,438] INFO:fitness.free_loss_fidelity: RL4CO free-loss step 40/200: score=7.817651 (avg=7.803483), loss=0.679773 (avg=0.676031), pairs_step=314940, pairs_total=12594465
[2026-03-02 09:58:15,032] INFO:fitness.free_loss_fidelity: RL4CO free-loss step 60/200: score=7.820475 (avg=7.800094), loss=0.676608 (avg=0.676067), pairs_step=314656, pairs_total=18887889
[2026-03-02 09:58:21,629] INFO:fitness.free_loss_fidelity: RL4CO free-loss step 80/200: score=7.793626 (avg=7.798492), loss=0.674768 (avg=0.676114), pairs_step=315182, pairs_total=25186268
[2026-03-02 09:58:28,238] INFO:fitness.free_loss_fidelity: RL4CO free-loss step 100/200: score=7.756712 (avg=7.799127), loss=0.674567 (avg=0.676292), pairs_step=314953, pairs_total=31482671
[2026-03-02 09:58:34,894] INFO:fitness.free_loss_fidelity: RL4CO free-loss step 120/200: score=7.768076 (avg=7.800457), loss=0.673629 (avg=0.676277), pairs_step=314151, pairs_total=37777633
[2026-03-02 09:58:41,495] INFO:fitness.free_loss_fidelity: RL4CO free-loss step 140/200: score=7.827324 (avg=7.801190), loss=0.676689 (avg=0.676189), pairs_step=313324, pairs_total=44069487
[2026-03-02 09:58:48,079] INFO:fitness.free_loss_fidelity: RL4CO free-loss step 160/200: score=7.790912 (avg=7.800494), loss=0.677370 (avg=0.676041), pairs_step=314617, pairs_total=50362753
[2026-03-02 09:58:54,679] INFO:fitness.free_loss_fidelity: RL4CO free-loss step 180/200: score=7.781182 (avg=7.799288), loss=0.676384 (avg=0.676003), pairs_step=314570, pairs_total=56655149
[2026-03-02 09:59:01,258] INFO:fitness.free_loss_fidelity: RL4CO free-loss step 200/200: score=7.809884 (avg=7.798065), loss=0.675054 (avg=0.675998), pairs_step=314616, pairs_total=62946502
[2026-03-02 09:59:02,368] WARNING:fitness.free_loss_fidelity: weights_only checkpoint load failed (UnpicklingError); retrying weights_only=False for /data1/gushengda/eam-rl4co/baseline/epoch_409.ckpt
[2026-03-02 09:59:02,406] INFO:fitness.free_loss_fidelity: Loaded init checkpoint into policy: path=/data1/gushengda/eam-rl4co/baseline/epoch_409.ckpt prefix=policy. matched=97 missing=0 unexpected=0
[2026-03-02 09:59:02,412] INFO:fitness.free_loss_fidelity: RL4CO free-loss (step-mode): f1_steps=200, f2_steps=0, total_steps=200, train_problem_size=100, rollouts=100, batch_size=64, device=cuda:2, env=tsp
[2026-03-02 09:59:02,753] INFO:fitness.free_loss_fidelity: RL4CO free-loss step 1/200: score=7.807477 (avg=7.807477), loss=0.211290 (avg=0.211290), pairs_step=315063, pairs_total=315063
[2026-03-02 09:59:09,280] INFO:fitness.free_loss_fidelity: RL4CO free-loss step 20/200: score=7.785427 (avg=7.809425), loss=0.209372 (avg=0.210639), pairs_step=315518, pairs_total=6304713
[2026-03-02 09:59:15,876] INFO:fitness.free_loss_fidelity: RL4CO free-loss step 40/200: score=7.815228 (avg=7.802977), loss=0.199637 (avg=0.207393), pairs_step=315225, pairs_total=12608162
[2026-03-02 09:59:22,471] INFO:fitness.free_loss_fidelity: RL4CO free-loss step 60/200: score=7.811512 (avg=7.798983), loss=0.209127 (avg=0.205683), pairs_step=314623, pairs_total=18909056
[2026-03-02 09:59:29,078] INFO:fitness.free_loss_fidelity: RL4CO free-loss step 80/200: score=7.795113 (avg=7.797119), loss=0.221337 (avg=0.207498), pairs_step=314749, pairs_total=25211836
[2026-03-02 09:59:35,671] INFO:fitness.free_loss_fidelity: RL4CO free-loss step 100/200: score=7.759542 (avg=7.797741), loss=0.219986 (avg=0.210178), pairs_step=314844, pairs_total=31513835
[2026-03-02 09:59:42,264] INFO:fitness.free_loss_fidelity: RL4CO free-loss step 120/200: score=7.774633 (avg=7.799376), loss=0.204711 (avg=0.210822), pairs_step=315347, pairs_total=37817652
[2026-03-02 09:59:48,864] INFO:fitness.free_loss_fidelity: RL4CO free-loss step 140/200: score=7.823274 (avg=7.800285), loss=0.196962 (avg=0.208894), pairs_step=314606, pairs_total=44115078
[2026-03-02 09:59:55,452] INFO:fitness.free_loss_fidelity: RL4CO free-loss step 160/200: score=7.792629 (avg=7.799397), loss=0.203713 (avg=0.208074), pairs_step=315295, pairs_total=50417282
[2026-03-02 10:00:02,044] INFO:fitness.free_loss_fidelity: RL4CO free-loss step 180/200: score=7.786202 (avg=7.798263), loss=0.207819 (avg=0.208049), pairs_step=314730, pairs_total=56715778
[2026-03-02 10:00:08,646] INFO:fitness.free_loss_fidelity: RL4CO free-loss step 200/200: score=7.812970 (avg=7.796913), loss=0.196977 (avg=0.207705), pairs_step=314739, pairs_total=63016657
