[2026-03-02 06:00:16,534] INFO:fitness.free_loss_fidelity: Stage3 offline mini-train start gen=8 pair_index=8 K=200 seed=12345 valid_sizes=[100] baseline_json=baseline/mini_eval/baseline_minitrain_tsp100_K200.json
[2026-03-02 06:00:16,555] INFO:fitness.free_loss_fidelity: RL4CO free-loss (step-mode): f1_steps=200, f2_steps=0, total_steps=200, train_problem_size=100, rollouts=100, batch_size=64, device=cuda:0, env=tsp
[2026-03-02 06:00:16,896] INFO:fitness.free_loss_fidelity: RL4CO free-loss step 1/200: score=36.122910 (avg=36.122910), loss=5.116139 (avg=5.116139), pairs_step=316800, pairs_total=316800
[2026-03-02 06:00:22,894] INFO:fitness.free_loss_fidelity: RL4CO free-loss step 20/200: score=9.858332 (avg=12.616861), loss=3.667977 (avg=3.785163), pairs_step=316800, pairs_total=6335997
[2026-03-02 06:00:29,195] INFO:fitness.free_loss_fidelity: RL4CO free-loss step 40/200: score=9.304150 (avg=11.041377), loss=3.698446 (avg=3.754322), pairs_step=316799, pairs_total=12671991
[2026-03-02 06:00:35,508] INFO:fitness.free_loss_fidelity: RL4CO free-loss step 60/200: score=9.128782 (avg=10.426401), loss=3.587372 (avg=3.711169), pairs_step=316800, pairs_total=19007984
[2026-03-02 06:00:41,808] INFO:fitness.free_loss_fidelity: RL4CO free-loss step 80/200: score=8.963074 (avg=10.074291), loss=3.580000 (avg=3.679306), pairs_step=316800, pairs_total=25343976
[2026-03-02 06:00:48,103] INFO:fitness.free_loss_fidelity: RL4CO free-loss step 100/200: score=8.797304 (avg=9.837961), loss=3.554101 (avg=3.650738), pairs_step=316800, pairs_total=31679970
[2026-03-02 06:00:54,402] INFO:fitness.free_loss_fidelity: RL4CO free-loss step 120/200: score=8.732188 (avg=9.667615), loss=3.497850 (avg=3.630439), pairs_step=316800, pairs_total=38015964
[2026-03-02 06:01:00,698] INFO:fitness.free_loss_fidelity: RL4CO free-loss step 140/200: score=8.702718 (avg=9.533559), loss=3.561794 (avg=3.625594), pairs_step=316800, pairs_total=44351959
[2026-03-02 06:01:06,983] INFO:fitness.free_loss_fidelity: RL4CO free-loss step 160/200: score=8.604196 (avg=9.420949), loss=3.642917 (avg=3.625767), pairs_step=316800, pairs_total=50687952
[2026-03-02 06:01:13,268] INFO:fitness.free_loss_fidelity: RL4CO free-loss step 180/200: score=8.550030 (avg=9.324806), loss=3.696018 (avg=3.630029), pairs_step=316800, pairs_total=57023948
[2026-03-02 06:01:19,554] INFO:fitness.free_loss_fidelity: RL4CO free-loss step 200/200: score=8.512280 (avg=9.244326), loss=3.691164 (avg=3.635091), pairs_step=316799, pairs_total=63359944
[2026-03-02 06:01:20,662] WARNING:fitness.free_loss_fidelity: weights_only checkpoint load failed (UnpicklingError); retrying weights_only=False for /data1/gushengda/eam-rl4co/baseline/epoch_135.ckpt
[2026-03-02 06:01:20,699] INFO:fitness.free_loss_fidelity: Loaded init checkpoint into policy: path=/data1/gushengda/eam-rl4co/baseline/epoch_135.ckpt prefix=policy. matched=97 missing=0 unexpected=0
[2026-03-02 06:01:20,705] INFO:fitness.free_loss_fidelity: RL4CO free-loss (step-mode): f1_steps=200, f2_steps=0, total_steps=200, train_problem_size=100, rollouts=100, batch_size=64, device=cuda:0, env=tsp
[2026-03-02 06:01:21,047] INFO:fitness.free_loss_fidelity: RL4CO free-loss step 1/200: score=7.803347 (avg=7.803347), loss=3.093791 (avg=3.093791), pairs_step=315697, pairs_total=315697
[2026-03-02 06:01:27,021] INFO:fitness.free_loss_fidelity: RL4CO free-loss step 20/200: score=7.782761 (avg=7.809216), loss=3.254050 (avg=3.221319), pairs_step=315944, pairs_total=6317626
[2026-03-02 06:01:33,311] INFO:fitness.free_loss_fidelity: RL4CO free-loss step 40/200: score=7.820577 (avg=7.804174), loss=3.373816 (avg=3.259200), pairs_step=316047, pairs_total=12634083
[2026-03-02 06:01:39,602] INFO:fitness.free_loss_fidelity: RL4CO free-loss step 60/200: score=7.816461 (avg=7.800846), loss=3.411518 (avg=3.289144), pairs_step=315527, pairs_total=18947563
[2026-03-02 06:01:45,887] INFO:fitness.free_loss_fidelity: RL4CO free-loss step 80/200: score=7.800420 (avg=7.799681), loss=3.564382 (avg=3.327114), pairs_step=315825, pairs_total=25263147
[2026-03-02 06:01:52,176] INFO:fitness.free_loss_fidelity: RL4CO free-loss step 100/200: score=7.756612 (avg=7.800376), loss=3.585177 (avg=3.359538), pairs_step=315815, pairs_total=31579857
[2026-03-02 06:01:58,475] INFO:fitness.free_loss_fidelity: RL4CO free-loss step 120/200: score=7.777411 (avg=7.801940), loss=3.445624 (avg=3.394233), pairs_step=315914, pairs_total=37894211
[2026-03-02 06:02:04,766] INFO:fitness.free_loss_fidelity: RL4CO free-loss step 140/200: score=7.831009 (avg=7.802977), loss=3.509515 (avg=3.408085), pairs_step=315319, pairs_total=44206212
[2026-03-02 06:02:11,060] INFO:fitness.free_loss_fidelity: RL4CO free-loss step 160/200: score=7.803939 (avg=7.802365), loss=3.434880 (avg=3.406133), pairs_step=315673, pairs_total=50520232
[2026-03-02 06:02:17,345] INFO:fitness.free_loss_fidelity: RL4CO free-loss step 180/200: score=7.789671 (avg=7.801369), loss=3.571649 (avg=3.405490), pairs_step=315598, pairs_total=56832982
[2026-03-02 06:02:23,792] INFO:fitness.free_loss_fidelity: RL4CO free-loss step 200/200: score=7.813962 (avg=7.800370), loss=3.452940 (avg=3.408836), pairs_step=315458, pairs_total=63146209
[2026-03-02 06:02:24,899] WARNING:fitness.free_loss_fidelity: weights_only checkpoint load failed (UnpicklingError); retrying weights_only=False for /data1/gushengda/eam-rl4co/baseline/epoch_409.ckpt
[2026-03-02 06:02:24,935] INFO:fitness.free_loss_fidelity: Loaded init checkpoint into policy: path=/data1/gushengda/eam-rl4co/baseline/epoch_409.ckpt prefix=policy. matched=97 missing=0 unexpected=0
[2026-03-02 06:02:24,940] INFO:fitness.free_loss_fidelity: RL4CO free-loss (step-mode): f1_steps=200, f2_steps=0, total_steps=200, train_problem_size=100, rollouts=100, batch_size=64, device=cuda:0, env=tsp
[2026-03-02 06:02:25,280] INFO:fitness.free_loss_fidelity: RL4CO free-loss step 1/200: score=7.807477 (avg=7.807477), loss=0.030663 (avg=0.030663), pairs_step=315750, pairs_total=315750
[2026-03-02 06:02:31,259] INFO:fitness.free_loss_fidelity: RL4CO free-loss step 20/200: score=7.789968 (avg=7.813858), loss=0.774876 (avg=0.262511), pairs_step=316351, pairs_total=6323095
[2026-03-02 06:02:37,545] INFO:fitness.free_loss_fidelity: RL4CO free-loss step 40/200: score=7.826236 (avg=7.808557), loss=0.300231 (avg=0.462300), pairs_step=316492, pairs_total=12649359
[2026-03-02 06:02:43,830] INFO:fitness.free_loss_fidelity: RL4CO free-loss step 60/200: score=7.819137 (avg=7.805292), loss=0.020622 (avg=0.332392), pairs_step=316315, pairs_total=18976502
[2026-03-02 06:02:50,186] INFO:fitness.free_loss_fidelity: RL4CO free-loss step 80/200: score=7.808913 (avg=7.804083), loss=0.014466 (avg=0.253488), pairs_step=316535, pairs_total=25307413
[2026-03-02 06:02:57,306] INFO:fitness.free_loss_fidelity: RL4CO free-loss step 100/200: score=7.763842 (avg=7.805029), loss=0.014917 (avg=0.206103), pairs_step=316689, pairs_total=31640646
[2026-03-02 06:03:04,457] INFO:fitness.free_loss_fidelity: RL4CO free-loss step 120/200: score=7.781571 (avg=7.806984), loss=0.033760 (avg=0.175598), pairs_step=316751, pairs_total=37975592
[2026-03-02 06:03:11,585] INFO:fitness.free_loss_fidelity: RL4CO free-loss step 140/200: score=7.842982 (avg=7.808997), loss=0.026167 (avg=0.154468), pairs_step=316787, pairs_total=44311142
[2026-03-02 06:03:18,685] INFO:fitness.free_loss_fidelity: RL4CO free-loss step 160/200: score=7.821627 (avg=7.809862), loss=0.038605 (avg=0.139443), pairs_step=316797, pairs_total=50647031
[2026-03-02 06:03:25,773] INFO:fitness.free_loss_fidelity: RL4CO free-loss step 180/200: score=7.826804 (avg=7.811077), loss=0.056770 (avg=0.128565), pairs_step=316794, pairs_total=56982991
[2026-03-02 06:03:32,878] INFO:fitness.free_loss_fidelity: RL4CO free-loss step 200/200: score=7.847181 (avg=7.812465), loss=0.110312 (avg=0.123284), pairs_step=316800, pairs_total=63318969
