[2026-03-02 01:50:37,830] INFO:fitness.free_loss_fidelity: Stage3 offline mini-train start gen=1 pair_index=15 K=1000 seed=12345 valid_sizes=[100] baseline_json=baseline/mini_eval/baseline_minitrain_tsp100_K1000.json
[2026-03-02 01:50:43,280] INFO:fitness.free_loss_fidelity: RL4CO free-loss (step-mode): f1_steps=1000, f2_steps=0, total_steps=1000, train_problem_size=100, rollouts=100, batch_size=64, device=cuda:0, env=tsp
[2026-03-02 01:50:44,057] INFO:fitness.free_loss_fidelity: RL4CO free-loss step 1/1000: score=36.122910 (avg=36.122910), loss=0.743367 (avg=0.743367), pairs_step=316800, pairs_total=316800
[2026-03-02 01:51:16,840] INFO:fitness.free_loss_fidelity: RL4CO free-loss step 100/1000: score=8.839252 (avg=9.850893), loss=0.555585 (avg=0.566116), pairs_step=316800, pairs_total=31679962
[2026-03-02 01:51:52,686] INFO:fitness.free_loss_fidelity: RL4CO free-loss step 200/1000: score=8.525043 (avg=9.252862), loss=0.583508 (avg=0.568169), pairs_step=316799, pairs_total=63359934
[2026-03-02 01:52:28,601] INFO:fitness.free_loss_fidelity: RL4CO free-loss step 300/1000: score=8.353159 (avg=8.974092), loss=0.588417 (avg=0.573912), pairs_step=316800, pairs_total=95039903
[2026-03-02 01:53:04,567] INFO:fitness.free_loss_fidelity: RL4CO free-loss step 400/1000: score=8.315502 (avg=8.808224), loss=0.594973 (avg=0.578902), pairs_step=316799, pairs_total=126719868
[2026-03-02 01:53:40,760] INFO:fitness.free_loss_fidelity: RL4CO free-loss step 500/1000: score=8.210922 (avg=8.697911), loss=0.598435 (avg=0.582535), pairs_step=316800, pairs_total=158399832
[2026-03-02 01:54:16,841] INFO:fitness.free_loss_fidelity: RL4CO free-loss step 600/1000: score=8.175739 (avg=8.618967), loss=0.599765 (avg=0.585355), pairs_step=316799, pairs_total=190079796
[2026-03-02 01:54:52,872] INFO:fitness.free_loss_fidelity: RL4CO free-loss step 700/1000: score=8.202413 (avg=8.559564), loss=0.601230 (avg=0.587667), pairs_step=316800, pairs_total=221759760
[2026-03-02 01:55:28,932] INFO:fitness.free_loss_fidelity: RL4CO free-loss step 800/1000: score=8.177347 (avg=8.512148), loss=0.604499 (avg=0.589718), pairs_step=316800, pairs_total=253439716
[2026-03-02 01:56:04,961] INFO:fitness.free_loss_fidelity: RL4CO free-loss step 900/1000: score=8.194130 (avg=8.473776), loss=0.611159 (avg=0.591646), pairs_step=316800, pairs_total=285119678
[2026-03-02 01:56:40,995] INFO:fitness.free_loss_fidelity: RL4CO free-loss step 1000/1000: score=8.150977 (avg=8.440896), loss=0.612882 (avg=0.593451), pairs_step=316799, pairs_total=316799627
[2026-03-02 01:56:42,311] WARNING:fitness.free_loss_fidelity: weights_only checkpoint load failed (UnpicklingError); retrying weights_only=False for /data1/gushengda/eam-rl4co/baseline/epoch_135.ckpt
[2026-03-02 01:56:42,373] INFO:fitness.free_loss_fidelity: Loaded init checkpoint into policy: path=/data1/gushengda/eam-rl4co/baseline/epoch_135.ckpt prefix=policy. matched=97 missing=0 unexpected=0
[2026-03-02 01:56:42,380] INFO:fitness.free_loss_fidelity: RL4CO free-loss (step-mode): f1_steps=1000, f2_steps=0, total_steps=1000, train_problem_size=100, rollouts=100, batch_size=64, device=cuda:0, env=tsp
[2026-03-02 01:56:42,772] INFO:fitness.free_loss_fidelity: RL4CO free-loss step 1/1000: score=7.803347 (avg=7.803347), loss=0.664747 (avg=0.664747), pairs_step=315697, pairs_total=315697
[2026-03-02 01:57:18,548] INFO:fitness.free_loss_fidelity: RL4CO free-loss step 100/1000: score=7.762053 (avg=7.800836), loss=0.668438 (avg=0.668597), pairs_step=315894, pairs_total=31576768
[2026-03-02 01:57:54,638] INFO:fitness.free_loss_fidelity: RL4CO free-loss step 200/1000: score=7.813249 (avg=7.800133), loss=0.670617 (avg=0.669555), pairs_step=315698, pairs_total=63138295
[2026-03-02 01:58:30,701] INFO:fitness.free_loss_fidelity: RL4CO free-loss step 300/1000: score=7.810948 (avg=7.801177), loss=0.670664 (avg=0.670031), pairs_step=315555, pairs_total=94699370
[2026-03-02 01:59:06,743] INFO:fitness.free_loss_fidelity: RL4CO free-loss step 400/1000: score=7.824780 (avg=7.801029), loss=0.671419 (avg=0.670276), pairs_step=315341, pairs_total=126252069
[2026-03-02 01:59:43,601] INFO:fitness.free_loss_fidelity: RL4CO free-loss step 500/1000: score=7.774860 (avg=7.800170), loss=0.671524 (avg=0.670420), pairs_step=315642, pairs_total=157803959
[2026-03-02 02:00:20,633] INFO:fitness.free_loss_fidelity: RL4CO free-loss step 600/1000: score=7.757269 (avg=7.799619), loss=0.674461 (avg=0.670630), pairs_step=315735, pairs_total=189346979
[2026-03-02 02:00:57,645] INFO:fitness.free_loss_fidelity: RL4CO free-loss step 700/1000: score=7.809719 (avg=7.799448), loss=0.674515 (avg=0.670779), pairs_step=315405, pairs_total=220880683
[2026-03-02 02:01:34,647] INFO:fitness.free_loss_fidelity: RL4CO free-loss step 800/1000: score=7.796870 (avg=7.799508), loss=0.670847 (avg=0.670940), pairs_step=315169, pairs_total=252416111
[2026-03-02 02:02:11,656] INFO:fitness.free_loss_fidelity: RL4CO free-loss step 900/1000: score=7.835434 (avg=7.799224), loss=0.671270 (avg=0.670994), pairs_step=315318, pairs_total=283947842
[2026-03-02 02:02:48,844] INFO:fitness.free_loss_fidelity: RL4CO free-loss step 1000/1000: score=7.821905 (avg=7.798745), loss=0.671118 (avg=0.671010), pairs_step=315479, pairs_total=315475628
[2026-03-02 02:02:50,154] WARNING:fitness.free_loss_fidelity: weights_only checkpoint load failed (UnpicklingError); retrying weights_only=False for /data1/gushengda/eam-rl4co/baseline/epoch_409.ckpt
[2026-03-02 02:02:50,204] INFO:fitness.free_loss_fidelity: Loaded init checkpoint into policy: path=/data1/gushengda/eam-rl4co/baseline/epoch_409.ckpt prefix=policy. matched=97 missing=0 unexpected=0
[2026-03-02 02:02:50,212] INFO:fitness.free_loss_fidelity: RL4CO free-loss (step-mode): f1_steps=1000, f2_steps=0, total_steps=1000, train_problem_size=100, rollouts=100, batch_size=64, device=cuda:0, env=tsp
[2026-03-02 02:02:50,591] INFO:fitness.free_loss_fidelity: RL4CO free-loss step 1/1000: score=7.807477 (avg=7.807477), loss=0.171388 (avg=0.171388), pairs_step=315750, pairs_total=315750
[2026-03-02 02:03:27,258] INFO:fitness.free_loss_fidelity: RL4CO free-loss step 100/1000: score=7.755089 (avg=7.797408), loss=0.202040 (avg=0.174419), pairs_step=315782, pairs_total=31580287
[2026-03-02 02:04:04,271] INFO:fitness.free_loss_fidelity: RL4CO free-loss step 200/1000: score=7.810387 (avg=7.796051), loss=0.183854 (avg=0.175390), pairs_step=315190, pairs_total=63147216
[2026-03-02 02:04:41,289] INFO:fitness.free_loss_fidelity: RL4CO free-loss step 300/1000: score=7.801905 (avg=7.796755), loss=0.162967 (avg=0.174923), pairs_step=315823, pairs_total=94709861
[2026-03-02 02:05:18,297] INFO:fitness.free_loss_fidelity: RL4CO free-loss step 400/1000: score=7.820377 (avg=7.796546), loss=0.176524 (avg=0.175088), pairs_step=315259, pairs_total=126256879
[2026-03-02 02:05:55,496] INFO:fitness.free_loss_fidelity: RL4CO free-loss step 500/1000: score=7.771610 (avg=7.795329), loss=0.182173 (avg=0.175149), pairs_step=315055, pairs_total=157794947
[2026-03-02 02:06:32,552] INFO:fitness.free_loss_fidelity: RL4CO free-loss step 600/1000: score=7.749452 (avg=7.794476), loss=0.172543 (avg=0.175047), pairs_step=315259, pairs_total=189321859
[2026-03-02 02:07:09,581] INFO:fitness.free_loss_fidelity: RL4CO free-loss step 700/1000: score=7.808148 (avg=7.794098), loss=0.171460 (avg=0.175138), pairs_step=314853, pairs_total=220841749
[2026-03-02 02:07:46,617] INFO:fitness.free_loss_fidelity: RL4CO free-loss step 800/1000: score=7.785995 (avg=7.793840), loss=0.184818 (avg=0.175220), pairs_step=315366, pairs_total=252356125
[2026-03-02 02:08:23,638] INFO:fitness.free_loss_fidelity: RL4CO free-loss step 900/1000: score=7.823382 (avg=7.793350), loss=0.168386 (avg=0.175045), pairs_step=315371, pairs_total=283857613
[2026-03-02 02:09:00,747] INFO:fitness.free_loss_fidelity: RL4CO free-loss step 1000/1000: score=7.821190 (avg=7.792766), loss=0.180395 (avg=0.174960), pairs_step=314640, pairs_total=315342074
