[2026-03-02 07:42:33,969] INFO:fitness.free_loss_fidelity: Stage3 offline mini-train start gen=10 pair_index=2 K=200 seed=12345 valid_sizes=[100] baseline_json=baseline/mini_eval/baseline_minitrain_tsp100_K200.json
[2026-03-02 07:42:40,059] INFO:fitness.free_loss_fidelity: RL4CO free-loss (step-mode): f1_steps=200, f2_steps=0, total_steps=200, train_problem_size=100, rollouts=100, batch_size=64, device=cuda:2, env=tsp
[2026-03-02 07:42:40,806] INFO:fitness.free_loss_fidelity: RL4CO free-loss step 1/200: score=36.122910 (avg=36.122910), loss=-0.015646 (avg=-0.015646), pairs_step=0, pairs_total=0
[2026-03-02 07:42:47,890] INFO:fitness.free_loss_fidelity: RL4CO free-loss step 20/200: score=14.254742 (avg=14.567317), loss=0.000000 (avg=-0.555795), pairs_step=204, pairs_total=4064
[2026-03-02 07:42:54,615] INFO:fitness.free_loss_fidelity: RL4CO free-loss step 40/200: score=13.229816 (avg=15.044954), loss=0.000000 (avg=-1.111848), pairs_step=19, pairs_total=4626
[2026-03-02 07:43:01,220] INFO:fitness.free_loss_fidelity: RL4CO free-loss step 60/200: score=11.991896 (avg=14.086669), loss=0.000000 (avg=-0.741232), pairs_step=677, pairs_total=15868
[2026-03-02 07:43:07,840] INFO:fitness.free_loss_fidelity: RL4CO free-loss step 80/200: score=12.131112 (avg=13.580698), loss=0.000000 (avg=-0.555924), pairs_step=604, pairs_total=28748
[2026-03-02 07:43:14,416] INFO:fitness.free_loss_fidelity: RL4CO free-loss step 100/200: score=12.125174 (avg=13.297289), loss=0.000000 (avg=-0.444739), pairs_step=559, pairs_total=40547
[2026-03-02 07:43:20,995] INFO:fitness.free_loss_fidelity: RL4CO free-loss step 120/200: score=12.144289 (avg=13.111748), loss=0.000000 (avg=-0.370616), pairs_step=574, pairs_total=52424
[2026-03-02 07:43:27,533] INFO:fitness.free_loss_fidelity: RL4CO free-loss step 140/200: score=12.227385 (avg=12.982097), loss=0.000000 (avg=-0.317671), pairs_step=605, pairs_total=64360
[2026-03-02 07:43:34,071] INFO:fitness.free_loss_fidelity: RL4CO free-loss step 160/200: score=12.192170 (avg=12.884946), loss=0.000000 (avg=-0.277962), pairs_step=596, pairs_total=76263
[2026-03-02 07:43:40,600] INFO:fitness.free_loss_fidelity: RL4CO free-loss step 180/200: score=12.155579 (avg=12.804732), loss=0.000000 (avg=-0.247077), pairs_step=632, pairs_total=88163
[2026-03-02 07:43:47,183] INFO:fitness.free_loss_fidelity: RL4CO free-loss step 200/200: score=12.198790 (avg=12.742797), loss=0.000000 (avg=-0.222370), pairs_step=574, pairs_total=99991
[2026-03-02 07:43:48,304] WARNING:fitness.free_loss_fidelity: weights_only checkpoint load failed (UnpicklingError); retrying weights_only=False for /data1/gushengda/eam-rl4co/baseline/epoch_135.ckpt
[2026-03-02 07:43:48,346] INFO:fitness.free_loss_fidelity: Loaded init checkpoint into policy: path=/data1/gushengda/eam-rl4co/baseline/epoch_135.ckpt prefix=policy. matched=97 missing=0 unexpected=0
[2026-03-02 07:43:48,352] INFO:fitness.free_loss_fidelity: RL4CO free-loss (step-mode): f1_steps=200, f2_steps=0, total_steps=200, train_problem_size=100, rollouts=100, batch_size=64, device=cuda:2, env=tsp
[2026-03-02 07:43:48,689] INFO:fitness.free_loss_fidelity: RL4CO free-loss step 1/200: score=7.803347 (avg=7.803347), loss=0.006060 (avg=0.006060), pairs_step=768, pairs_total=768
[2026-03-02 07:43:54,950] INFO:fitness.free_loss_fidelity: RL4CO free-loss step 20/200: score=8.002053 (avg=7.900910), loss=0.000000 (avg=0.002482), pairs_step=768, pairs_total=15360
[2026-03-02 07:44:01,538] INFO:fitness.free_loss_fidelity: RL4CO free-loss step 40/200: score=8.190794 (avg=8.003887), loss=0.000000 (avg=0.001241), pairs_step=768, pairs_total=30720
[2026-03-02 07:44:08,134] INFO:fitness.free_loss_fidelity: RL4CO free-loss step 60/200: score=8.221804 (avg=8.065472), loss=0.000000 (avg=0.000827), pairs_step=768, pairs_total=46080
[2026-03-02 07:44:14,727] INFO:fitness.free_loss_fidelity: RL4CO free-loss step 80/200: score=8.196932 (avg=8.098642), loss=0.000000 (avg=0.000621), pairs_step=768, pairs_total=61440
[2026-03-02 07:44:21,297] INFO:fitness.free_loss_fidelity: RL4CO free-loss step 100/200: score=8.138072 (avg=8.121140), loss=0.000000 (avg=0.000496), pairs_step=768, pairs_total=76800
[2026-03-02 07:44:27,874] INFO:fitness.free_loss_fidelity: RL4CO free-loss step 120/200: score=8.155702 (avg=8.136050), loss=0.000000 (avg=0.000414), pairs_step=768, pairs_total=92160
[2026-03-02 07:44:34,433] INFO:fitness.free_loss_fidelity: RL4CO free-loss step 140/200: score=8.251109 (avg=8.147871), loss=0.000000 (avg=0.000355), pairs_step=768, pairs_total=107520
[2026-03-02 07:44:41,010] INFO:fitness.free_loss_fidelity: RL4CO free-loss step 160/200: score=8.205475 (avg=8.155022), loss=0.000000 (avg=0.000310), pairs_step=768, pairs_total=122880
[2026-03-02 07:44:47,597] INFO:fitness.free_loss_fidelity: RL4CO free-loss step 180/200: score=8.168255 (avg=8.159382), loss=0.000000 (avg=0.000276), pairs_step=768, pairs_total=138240
[2026-03-02 07:44:54,156] INFO:fitness.free_loss_fidelity: RL4CO free-loss step 200/200: score=8.223724 (avg=8.162637), loss=0.000000 (avg=0.000248), pairs_step=768, pairs_total=153600
[2026-03-02 07:44:55,270] WARNING:fitness.free_loss_fidelity: weights_only checkpoint load failed (UnpicklingError); retrying weights_only=False for /data1/gushengda/eam-rl4co/baseline/epoch_409.ckpt
[2026-03-02 07:44:55,308] INFO:fitness.free_loss_fidelity: Loaded init checkpoint into policy: path=/data1/gushengda/eam-rl4co/baseline/epoch_409.ckpt prefix=policy. matched=97 missing=0 unexpected=0
[2026-03-02 07:44:55,314] INFO:fitness.free_loss_fidelity: RL4CO free-loss (step-mode): f1_steps=200, f2_steps=0, total_steps=200, train_problem_size=100, rollouts=100, batch_size=64, device=cuda:2, env=tsp
[2026-03-02 07:44:55,710] INFO:fitness.free_loss_fidelity: RL4CO free-loss step 1/200: score=7.807477 (avg=7.807477), loss=0.000000 (avg=0.000000), pairs_step=204, pairs_total=204
[2026-03-02 07:45:01,963] INFO:fitness.free_loss_fidelity: RL4CO free-loss step 20/200: score=7.781253 (avg=7.806501), loss=0.000000 (avg=0.000000), pairs_step=729, pairs_total=11008
[2026-03-02 07:45:08,580] INFO:fitness.free_loss_fidelity: RL4CO free-loss step 40/200: score=7.843592 (avg=7.807349), loss=0.000000 (avg=0.000000), pairs_step=768, pairs_total=26286
[2026-03-02 07:45:15,402] INFO:fitness.free_loss_fidelity: RL4CO free-loss step 60/200: score=7.878620 (avg=7.816050), loss=0.000000 (avg=0.000000), pairs_step=768, pairs_total=41646
[2026-03-02 07:45:21,965] INFO:fitness.free_loss_fidelity: RL4CO free-loss step 80/200: score=7.946396 (avg=7.836533), loss=0.000000 (avg=0.000000), pairs_step=768, pairs_total=57006
[2026-03-02 07:45:28,526] INFO:fitness.free_loss_fidelity: RL4CO free-loss step 100/200: score=8.130362 (avg=7.878381), loss=0.000000 (avg=0.000000), pairs_step=768, pairs_total=72366
[2026-03-02 07:45:35,101] INFO:fitness.free_loss_fidelity: RL4CO free-loss step 120/200: score=8.406020 (avg=7.955403), loss=0.000000 (avg=0.000000), pairs_step=768, pairs_total=87726
[2026-03-02 07:45:41,676] INFO:fitness.free_loss_fidelity: RL4CO free-loss step 140/200: score=8.593629 (avg=8.033809), loss=0.000000 (avg=0.000000), pairs_step=768, pairs_total=103086
[2026-03-02 07:45:48,249] INFO:fitness.free_loss_fidelity: RL4CO free-loss step 160/200: score=8.652944 (avg=8.106543), loss=0.000000 (avg=0.000000), pairs_step=768, pairs_total=118446
[2026-03-02 07:45:54,826] INFO:fitness.free_loss_fidelity: RL4CO free-loss step 180/200: score=8.759418 (avg=8.175693), loss=0.000000 (avg=0.000000), pairs_step=768, pairs_total=133806
[2026-03-02 07:46:01,388] INFO:fitness.free_loss_fidelity: RL4CO free-loss step 200/200: score=8.943197 (avg=8.243216), loss=0.000000 (avg=0.000000), pairs_step=768, pairs_total=149166
