[2026-03-02 10:06:20,066] INFO:fitness.free_loss_fidelity: Stage3 offline mini-train start gen=12 pair_index=12 K=200 seed=12345 valid_sizes=[100] baseline_json=baseline/mini_eval/baseline_minitrain_tsp100_K200.json
[2026-03-02 10:06:20,087] INFO:fitness.free_loss_fidelity: RL4CO free-loss (step-mode): f1_steps=200, f2_steps=0, total_steps=200, train_problem_size=100, rollouts=100, batch_size=64, device=cuda:0, env=tsp
[2026-03-02 10:06:20,406] INFO:fitness.free_loss_fidelity: RL4CO free-loss step 1/200: score=36.122910 (avg=36.122910), loss=1.030371 (avg=1.030371), pairs_step=768, pairs_total=768
[2026-03-02 10:06:26,302] INFO:fitness.free_loss_fidelity: RL4CO free-loss step 20/200: score=9.995134 (avg=12.782234), loss=0.376956 (avg=0.410580), pairs_step=768, pairs_total=15360
[2026-03-02 10:06:32,519] INFO:fitness.free_loss_fidelity: RL4CO free-loss step 40/200: score=9.414218 (avg=11.179136), loss=0.409446 (avg=0.406504), pairs_step=768, pairs_total=30720
[2026-03-02 10:06:38,728] INFO:fitness.free_loss_fidelity: RL4CO free-loss step 60/200: score=9.240158 (avg=10.556137), loss=0.386369 (avg=0.402840), pairs_step=768, pairs_total=46080
[2026-03-02 10:06:44,939] INFO:fitness.free_loss_fidelity: RL4CO free-loss step 80/200: score=9.096921 (avg=10.210769), loss=0.389852 (avg=0.397652), pairs_step=768, pairs_total=61440
[2026-03-02 10:06:51,149] INFO:fitness.free_loss_fidelity: RL4CO free-loss step 100/200: score=8.972419 (avg=9.975704), loss=0.354848 (avg=0.390906), pairs_step=768, pairs_total=76800
[2026-03-02 10:06:57,392] INFO:fitness.free_loss_fidelity: RL4CO free-loss step 120/200: score=8.823109 (avg=9.807748), loss=0.382269 (avg=0.386753), pairs_step=768, pairs_total=92160
[2026-03-02 10:07:03,589] INFO:fitness.free_loss_fidelity: RL4CO free-loss step 140/200: score=8.870920 (avg=9.674047), loss=0.404294 (avg=0.385925), pairs_step=768, pairs_total=107520
[2026-03-02 10:07:09,786] INFO:fitness.free_loss_fidelity: RL4CO free-loss step 160/200: score=8.733284 (avg=9.563663), loss=0.407110 (avg=0.386271), pairs_step=768, pairs_total=122880
[2026-03-02 10:07:16,178] INFO:fitness.free_loss_fidelity: RL4CO free-loss step 180/200: score=8.660126 (avg=9.467391), loss=0.408572 (avg=0.386620), pairs_step=768, pairs_total=138240
[2026-03-02 10:07:22,375] INFO:fitness.free_loss_fidelity: RL4CO free-loss step 200/200: score=8.645877 (avg=9.385177), loss=0.410676 (avg=0.388397), pairs_step=768, pairs_total=153600
[2026-03-02 10:07:23,477] WARNING:fitness.free_loss_fidelity: weights_only checkpoint load failed (UnpicklingError); retrying weights_only=False for /data1/gushengda/eam-rl4co/baseline/epoch_135.ckpt
[2026-03-02 10:07:23,513] INFO:fitness.free_loss_fidelity: Loaded init checkpoint into policy: path=/data1/gushengda/eam-rl4co/baseline/epoch_135.ckpt prefix=policy. matched=97 missing=0 unexpected=0
[2026-03-02 10:07:23,519] INFO:fitness.free_loss_fidelity: RL4CO free-loss (step-mode): f1_steps=200, f2_steps=0, total_steps=200, train_problem_size=100, rollouts=100, batch_size=64, device=cuda:0, env=tsp
[2026-03-02 10:07:23,842] INFO:fitness.free_loss_fidelity: RL4CO free-loss step 1/200: score=7.803347 (avg=7.803347), loss=0.603212 (avg=0.603212), pairs_step=768, pairs_total=768
[2026-03-02 10:07:29,724] INFO:fitness.free_loss_fidelity: RL4CO free-loss step 20/200: score=7.782787 (avg=7.812558), loss=0.613689 (avg=0.603738), pairs_step=768, pairs_total=15360
[2026-03-02 10:07:35,915] INFO:fitness.free_loss_fidelity: RL4CO free-loss step 40/200: score=7.825349 (avg=7.807078), loss=0.626944 (avg=0.609440), pairs_step=768, pairs_total=30720
[2026-03-02 10:07:42,107] INFO:fitness.free_loss_fidelity: RL4CO free-loss step 60/200: score=7.818072 (avg=7.804030), loss=0.615621 (avg=0.615143), pairs_step=768, pairs_total=46080
[2026-03-02 10:07:48,303] INFO:fitness.free_loss_fidelity: RL4CO free-loss step 80/200: score=7.799337 (avg=7.802680), loss=0.629495 (avg=0.617958), pairs_step=768, pairs_total=61440
[2026-03-02 10:07:54,501] INFO:fitness.free_loss_fidelity: RL4CO free-loss step 100/200: score=7.764420 (avg=7.803608), loss=0.637256 (avg=0.618913), pairs_step=768, pairs_total=76800
[2026-03-02 10:08:00,709] INFO:fitness.free_loss_fidelity: RL4CO free-loss step 120/200: score=7.777255 (avg=7.805285), loss=0.625161 (avg=0.620886), pairs_step=768, pairs_total=92160
[2026-03-02 10:08:06,909] INFO:fitness.free_loss_fidelity: RL4CO free-loss step 140/200: score=7.828831 (avg=7.806272), loss=0.629503 (avg=0.621645), pairs_step=768, pairs_total=107520
[2026-03-02 10:08:13,109] INFO:fitness.free_loss_fidelity: RL4CO free-loss step 160/200: score=7.801507 (avg=7.805853), loss=0.623283 (avg=0.623104), pairs_step=768, pairs_total=122880
[2026-03-02 10:08:19,300] INFO:fitness.free_loss_fidelity: RL4CO free-loss step 180/200: score=7.795292 (avg=7.804811), loss=0.628888 (avg=0.624312), pairs_step=768, pairs_total=138240
[2026-03-02 10:08:25,488] INFO:fitness.free_loss_fidelity: RL4CO free-loss step 200/200: score=7.813801 (avg=7.803706), loss=0.626473 (avg=0.624957), pairs_step=768, pairs_total=153600
[2026-03-02 10:08:26,592] WARNING:fitness.free_loss_fidelity: weights_only checkpoint load failed (UnpicklingError); retrying weights_only=False for /data1/gushengda/eam-rl4co/baseline/epoch_409.ckpt
[2026-03-02 10:08:26,628] INFO:fitness.free_loss_fidelity: Loaded init checkpoint into policy: path=/data1/gushengda/eam-rl4co/baseline/epoch_409.ckpt prefix=policy. matched=97 missing=0 unexpected=0
[2026-03-02 10:08:26,634] INFO:fitness.free_loss_fidelity: RL4CO free-loss (step-mode): f1_steps=200, f2_steps=0, total_steps=200, train_problem_size=100, rollouts=100, batch_size=64, device=cuda:0, env=tsp
[2026-03-02 10:08:26,949] INFO:fitness.free_loss_fidelity: RL4CO free-loss step 1/200: score=7.807477 (avg=7.807477), loss=0.000052 (avg=0.000052), pairs_step=768, pairs_total=768
[2026-03-02 10:08:32,832] INFO:fitness.free_loss_fidelity: RL4CO free-loss step 20/200: score=7.778985 (avg=7.806779), loss=0.116882 (avg=0.040275), pairs_step=768, pairs_total=15360
[2026-03-02 10:08:39,022] INFO:fitness.free_loss_fidelity: RL4CO free-loss step 40/200: score=7.819189 (avg=7.803350), loss=0.186332 (avg=0.100044), pairs_step=768, pairs_total=30720
[2026-03-02 10:08:45,212] INFO:fitness.free_loss_fidelity: RL4CO free-loss step 60/200: score=7.819698 (avg=7.800732), loss=0.314030 (avg=0.151026), pairs_step=768, pairs_total=46080
[2026-03-02 10:08:51,410] INFO:fitness.free_loss_fidelity: RL4CO free-loss step 80/200: score=7.799532 (avg=7.800206), loss=0.365210 (avg=0.198699), pairs_step=768, pairs_total=61440
[2026-03-02 10:08:57,612] INFO:fitness.free_loss_fidelity: RL4CO free-loss step 100/200: score=7.768727 (avg=7.801721), loss=0.414541 (avg=0.237237), pairs_step=768, pairs_total=76800
[2026-03-02 10:09:03,820] INFO:fitness.free_loss_fidelity: RL4CO free-loss step 120/200: score=7.778012 (avg=7.803024), loss=0.472724 (avg=0.271694), pairs_step=768, pairs_total=92160
[2026-03-02 10:09:10,019] INFO:fitness.free_loss_fidelity: RL4CO free-loss step 140/200: score=7.833479 (avg=7.804139), loss=0.478728 (avg=0.300424), pairs_step=768, pairs_total=107520
[2026-03-02 10:09:16,212] INFO:fitness.free_loss_fidelity: RL4CO free-loss step 160/200: score=7.794121 (avg=7.803582), loss=0.483563 (avg=0.323075), pairs_step=768, pairs_total=122880
[2026-03-02 10:09:22,402] INFO:fitness.free_loss_fidelity: RL4CO free-loss step 180/200: score=7.783391 (avg=7.802091), loss=0.500483 (avg=0.342073), pairs_step=768, pairs_total=138240
[2026-03-02 10:09:28,592] INFO:fitness.free_loss_fidelity: RL4CO free-loss step 200/200: score=7.815983 (avg=7.800710), loss=0.510326 (avg=0.359186), pairs_step=768, pairs_total=153600
