[2026-03-02 06:35:12,289] INFO:fitness.free_loss_fidelity: Stage3 offline mini-train start gen=9 pair_index=2 K=200 seed=12345 valid_sizes=[100] baseline_json=baseline/mini_eval/baseline_minitrain_tsp100_K200.json
[2026-03-02 06:35:18,262] INFO:fitness.free_loss_fidelity: RL4CO free-loss (step-mode): f1_steps=200, f2_steps=0, total_steps=200, train_problem_size=100, rollouts=100, batch_size=64, device=cuda:3, env=tsp
[2026-03-02 06:35:18,992] INFO:fitness.free_loss_fidelity: RL4CO free-loss step 1/200: score=36.122910 (avg=36.122910), loss=0.743367 (avg=0.743367), pairs_step=316800, pairs_total=316800
[2026-03-02 06:35:25,764] INFO:fitness.free_loss_fidelity: RL4CO free-loss step 20/200: score=9.980094 (avg=12.671720), loss=0.567640 (avg=0.578147), pairs_step=316800, pairs_total=6335996
[2026-03-02 06:35:32,958] INFO:fitness.free_loss_fidelity: RL4CO free-loss step 40/200: score=9.353271 (avg=11.084681), loss=0.572468 (avg=0.576153), pairs_step=316799, pairs_total=12671991
[2026-03-02 06:35:40,275] INFO:fitness.free_loss_fidelity: RL4CO free-loss step 60/200: score=9.159782 (avg=10.460006), loss=0.562629 (avg=0.573565), pairs_step=316800, pairs_total=19007984
[2026-03-02 06:35:47,590] INFO:fitness.free_loss_fidelity: RL4CO free-loss step 80/200: score=8.988245 (avg=10.101776), loss=0.563960 (avg=0.569831), pairs_step=316800, pairs_total=25343976
[2026-03-02 06:35:54,909] INFO:fitness.free_loss_fidelity: RL4CO free-loss step 100/200: score=8.828940 (avg=9.864324), loss=0.559494 (avg=0.567376), pairs_step=316800, pairs_total=31679972
[2026-03-02 06:36:02,208] INFO:fitness.free_loss_fidelity: RL4CO free-loss step 120/200: score=8.735516 (avg=9.693765), loss=0.569526 (avg=0.566322), pairs_step=316800, pairs_total=38015967
[2026-03-02 06:36:09,564] INFO:fitness.free_loss_fidelity: RL4CO free-loss step 140/200: score=8.729592 (avg=9.558498), loss=0.567022 (avg=0.566034), pairs_step=316800, pairs_total=44351964
[2026-03-02 06:36:16,858] INFO:fitness.free_loss_fidelity: RL4CO free-loss step 160/200: score=8.633730 (avg=9.444829), loss=0.569939 (avg=0.566492), pairs_step=316800, pairs_total=50687960
[2026-03-02 06:36:24,168] INFO:fitness.free_loss_fidelity: RL4CO free-loss step 180/200: score=8.530394 (avg=9.348682), loss=0.578756 (avg=0.567650), pairs_step=316800, pairs_total=57023956
[2026-03-02 06:36:31,466] INFO:fitness.free_loss_fidelity: RL4CO free-loss step 200/200: score=8.535244 (avg=9.266131), loss=0.576899 (avg=0.568735), pairs_step=316799, pairs_total=63359947
[2026-03-02 06:36:32,774] WARNING:fitness.free_loss_fidelity: weights_only checkpoint load failed (UnpicklingError); retrying weights_only=False for /data1/gushengda/eam-rl4co/baseline/epoch_135.ckpt
[2026-03-02 06:36:32,822] INFO:fitness.free_loss_fidelity: Loaded init checkpoint into policy: path=/data1/gushengda/eam-rl4co/baseline/epoch_135.ckpt prefix=policy. matched=97 missing=0 unexpected=0
[2026-03-02 06:36:32,829] INFO:fitness.free_loss_fidelity: RL4CO free-loss (step-mode): f1_steps=200, f2_steps=0, total_steps=200, train_problem_size=100, rollouts=100, batch_size=64, device=cuda:3, env=tsp
[2026-03-02 06:36:33,207] INFO:fitness.free_loss_fidelity: RL4CO free-loss step 1/200: score=7.803347 (avg=7.803347), loss=0.664747 (avg=0.664747), pairs_step=315697, pairs_total=315697
[2026-03-02 06:36:40,178] INFO:fitness.free_loss_fidelity: RL4CO free-loss step 20/200: score=7.781029 (avg=7.810473), loss=0.667296 (avg=0.666240), pairs_step=315960, pairs_total=6316223
[2026-03-02 06:36:47,501] INFO:fitness.free_loss_fidelity: RL4CO free-loss step 40/200: score=7.822849 (avg=7.804707), loss=0.675318 (avg=0.667316), pairs_step=315971, pairs_total=12632278
[2026-03-02 06:36:54,820] INFO:fitness.free_loss_fidelity: RL4CO free-loss step 60/200: score=7.813852 (avg=7.801018), loss=0.668607 (avg=0.668241), pairs_step=315669, pairs_total=18946498
[2026-03-02 06:37:02,157] INFO:fitness.free_loss_fidelity: RL4CO free-loss step 80/200: score=7.797548 (avg=7.799488), loss=0.668782 (avg=0.668530), pairs_step=315954, pairs_total=25262020
[2026-03-02 06:37:09,531] INFO:fitness.free_loss_fidelity: RL4CO free-loss step 100/200: score=7.760103 (avg=7.800475), loss=0.672457 (avg=0.668730), pairs_step=315980, pairs_total=31577775
[2026-03-02 06:37:16,857] INFO:fitness.free_loss_fidelity: RL4CO free-loss step 120/200: score=7.775915 (avg=7.802285), loss=0.667869 (avg=0.669003), pairs_step=315782, pairs_total=37891050
[2026-03-02 06:37:24,183] INFO:fitness.free_loss_fidelity: RL4CO free-loss step 140/200: score=7.833261 (avg=7.803079), loss=0.673178 (avg=0.669291), pairs_step=315814, pairs_total=44203032
[2026-03-02 06:37:31,506] INFO:fitness.free_loss_fidelity: RL4CO free-loss step 160/200: score=7.791334 (avg=7.802392), loss=0.669529 (avg=0.669452), pairs_step=315450, pairs_total=50516258
[2026-03-02 06:37:38,838] INFO:fitness.free_loss_fidelity: RL4CO free-loss step 180/200: score=7.790075 (avg=7.801527), loss=0.670977 (avg=0.669618), pairs_step=315084, pairs_total=56827850
[2026-03-02 06:37:46,158] INFO:fitness.free_loss_fidelity: RL4CO free-loss step 200/200: score=7.812195 (avg=7.800304), loss=0.667040 (avg=0.669737), pairs_step=315637, pairs_total=63139583
[2026-03-02 06:37:47,466] WARNING:fitness.free_loss_fidelity: weights_only checkpoint load failed (UnpicklingError); retrying weights_only=False for /data1/gushengda/eam-rl4co/baseline/epoch_409.ckpt
[2026-03-02 06:37:47,511] INFO:fitness.free_loss_fidelity: Loaded init checkpoint into policy: path=/data1/gushengda/eam-rl4co/baseline/epoch_409.ckpt prefix=policy. matched=97 missing=0 unexpected=0
[2026-03-02 06:37:47,517] INFO:fitness.free_loss_fidelity: RL4CO free-loss (step-mode): f1_steps=200, f2_steps=0, total_steps=200, train_problem_size=100, rollouts=100, batch_size=64, device=cuda:3, env=tsp
[2026-03-02 06:37:47,895] INFO:fitness.free_loss_fidelity: RL4CO free-loss step 1/200: score=7.807477 (avg=7.807477), loss=0.171388 (avg=0.171388), pairs_step=315750, pairs_total=315750
[2026-03-02 06:37:54,853] INFO:fitness.free_loss_fidelity: RL4CO free-loss step 20/200: score=7.781516 (avg=7.808584), loss=0.172073 (avg=0.174781), pairs_step=315871, pairs_total=6317519
[2026-03-02 06:38:02,182] INFO:fitness.free_loss_fidelity: RL4CO free-loss step 40/200: score=7.815344 (avg=7.801820), loss=0.168565 (avg=0.174799), pairs_step=315665, pairs_total=12633300
[2026-03-02 06:38:09,506] INFO:fitness.free_loss_fidelity: RL4CO free-loss step 60/200: score=7.810470 (avg=7.797570), loss=0.170363 (avg=0.171916), pairs_step=315361, pairs_total=18947429
[2026-03-02 06:38:16,826] INFO:fitness.free_loss_fidelity: RL4CO free-loss step 80/200: score=7.795898 (avg=7.796447), loss=0.178823 (avg=0.171686), pairs_step=315847, pairs_total=25264707
[2026-03-02 06:38:24,149] INFO:fitness.free_loss_fidelity: RL4CO free-loss step 100/200: score=7.754908 (avg=7.797251), loss=0.182514 (avg=0.173448), pairs_step=315496, pairs_total=31581855
[2026-03-02 06:38:31,712] INFO:fitness.free_loss_fidelity: RL4CO free-loss step 120/200: score=7.776134 (avg=7.798699), loss=0.175119 (avg=0.173546), pairs_step=315362, pairs_total=37897044
[2026-03-02 06:38:39,050] INFO:fitness.free_loss_fidelity: RL4CO free-loss step 140/200: score=7.824146 (avg=7.799488), loss=0.172911 (avg=0.173171), pairs_step=315291, pairs_total=44211374
[2026-03-02 06:38:46,384] INFO:fitness.free_loss_fidelity: RL4CO free-loss step 160/200: score=7.794797 (avg=7.798733), loss=0.168852 (avg=0.172891), pairs_step=315857, pairs_total=50524204
[2026-03-02 06:38:53,711] INFO:fitness.free_loss_fidelity: RL4CO free-loss step 180/200: score=7.783251 (avg=7.797628), loss=0.171728 (avg=0.172682), pairs_step=315469, pairs_total=56837120
[2026-03-02 06:39:01,039] INFO:fitness.free_loss_fidelity: RL4CO free-loss step 200/200: score=7.809750 (avg=7.796352), loss=0.183667 (avg=0.173217), pairs_step=315694, pairs_total=63148881
