[2026-03-02 03:20:57,595] INFO:fitness.free_loss_fidelity: Stage3 offline mini-train start gen=4 pair_index=4 K=1000 seed=12345 valid_sizes=[100] baseline_json=baseline/mini_eval/baseline_minitrain_tsp100_K1000.json
[2026-03-02 03:21:03,284] INFO:fitness.free_loss_fidelity: RL4CO free-loss (step-mode): f1_steps=1000, f2_steps=0, total_steps=1000, train_problem_size=100, rollouts=100, batch_size=64, device=cuda:1, env=tsp
[2026-03-02 03:21:03,997] INFO:fitness.free_loss_fidelity: RL4CO free-loss step 1/1000: score=36.122910 (avg=36.122910), loss=0.743930 (avg=0.743930), pairs_step=316800, pairs_total=316800
[2026-03-02 03:21:39,826] INFO:fitness.free_loss_fidelity: RL4CO free-loss step 100/1000: score=8.845430 (avg=9.866023), loss=0.585593 (avg=0.593859), pairs_step=316800, pairs_total=31679973
[2026-03-02 03:22:16,048] INFO:fitness.free_loss_fidelity: RL4CO free-loss step 200/1000: score=8.558203 (avg=9.268566), loss=0.600005 (avg=0.594225), pairs_step=316800, pairs_total=63359951
[2026-03-02 03:22:52,342] INFO:fitness.free_loss_fidelity: RL4CO free-loss step 300/1000: score=8.369380 (avg=8.990197), loss=0.610240 (avg=0.597839), pairs_step=316799, pairs_total=95039919
[2026-03-02 03:23:28,669] INFO:fitness.free_loss_fidelity: RL4CO free-loss step 400/1000: score=8.319122 (avg=8.826186), loss=0.614530 (avg=0.601199), pairs_step=316799, pairs_total=126719885
[2026-03-02 03:24:05,386] INFO:fitness.free_loss_fidelity: RL4CO free-loss step 500/1000: score=8.222281 (avg=8.715332), loss=0.619931 (avg=0.603982), pairs_step=316798, pairs_total=158399843
[2026-03-02 03:24:41,815] INFO:fitness.free_loss_fidelity: RL4CO free-loss step 600/1000: score=8.195781 (avg=8.635203), loss=0.616827 (avg=0.606193), pairs_step=316799, pairs_total=190079815
[2026-03-02 03:25:18,227] INFO:fitness.free_loss_fidelity: RL4CO free-loss step 700/1000: score=8.188868 (avg=8.575142), loss=0.620433 (avg=0.608012), pairs_step=316800, pairs_total=221759779
[2026-03-02 03:25:54,667] INFO:fitness.free_loss_fidelity: RL4CO free-loss step 800/1000: score=8.190864 (avg=8.527113), loss=0.622056 (avg=0.609552), pairs_step=316799, pairs_total=253439747
[2026-03-02 03:26:31,169] INFO:fitness.free_loss_fidelity: RL4CO free-loss step 900/1000: score=8.191908 (avg=8.487834), loss=0.623789 (avg=0.610919), pairs_step=316800, pairs_total=285119712
[2026-03-02 03:27:07,647] INFO:fitness.free_loss_fidelity: RL4CO free-loss step 1000/1000: score=8.195414 (avg=8.454892), loss=0.625633 (avg=0.612172), pairs_step=316799, pairs_total=316799678
[2026-03-02 03:27:08,972] WARNING:fitness.free_loss_fidelity: weights_only checkpoint load failed (UnpicklingError); retrying weights_only=False for /data1/gushengda/eam-rl4co/baseline/epoch_135.ckpt
[2026-03-02 03:27:09,020] INFO:fitness.free_loss_fidelity: Loaded init checkpoint into policy: path=/data1/gushengda/eam-rl4co/baseline/epoch_135.ckpt prefix=policy. matched=97 missing=0 unexpected=0
[2026-03-02 03:27:09,027] INFO:fitness.free_loss_fidelity: RL4CO free-loss (step-mode): f1_steps=1000, f2_steps=0, total_steps=1000, train_problem_size=100, rollouts=100, batch_size=64, device=cuda:1, env=tsp
[2026-03-02 03:27:09,424] INFO:fitness.free_loss_fidelity: RL4CO free-loss step 1/1000: score=7.803347 (avg=7.803347), loss=0.673431 (avg=0.673431), pairs_step=315697, pairs_total=315697
[2026-03-02 03:27:45,549] INFO:fitness.free_loss_fidelity: RL4CO free-loss step 100/1000: score=7.757382 (avg=7.797886), loss=0.673037 (avg=0.673055), pairs_step=315722, pairs_total=31573127
[2026-03-02 03:28:22,071] INFO:fitness.free_loss_fidelity: RL4CO free-loss step 200/1000: score=7.807521 (avg=7.797541), loss=0.671561 (avg=0.673418), pairs_step=315645, pairs_total=63131293
[2026-03-02 03:28:58,591] INFO:fitness.free_loss_fidelity: RL4CO free-loss step 300/1000: score=7.810887 (avg=7.798516), loss=0.672933 (avg=0.673412), pairs_step=315624, pairs_total=94686363
[2026-03-02 03:29:35,112] INFO:fitness.free_loss_fidelity: RL4CO free-loss step 400/1000: score=7.822434 (avg=7.798746), loss=0.672044 (avg=0.673460), pairs_step=315171, pairs_total=126227536
[2026-03-02 03:30:11,816] INFO:fitness.free_loss_fidelity: RL4CO free-loss step 500/1000: score=7.776610 (avg=7.797786), loss=0.672897 (avg=0.673412), pairs_step=315332, pairs_total=157767307
[2026-03-02 03:30:48,340] INFO:fitness.free_loss_fidelity: RL4CO free-loss step 600/1000: score=7.756781 (avg=7.797130), loss=0.672920 (avg=0.673411), pairs_step=315338, pairs_total=189295701
[2026-03-02 03:31:24,814] INFO:fitness.free_loss_fidelity: RL4CO free-loss step 700/1000: score=7.809027 (avg=7.796929), loss=0.673571 (avg=0.673381), pairs_step=315136, pairs_total=220821405
[2026-03-02 03:32:01,297] INFO:fitness.free_loss_fidelity: RL4CO free-loss step 800/1000: score=7.794548 (avg=7.796912), loss=0.673261 (avg=0.673292), pairs_step=314943, pairs_total=252346229
[2026-03-02 03:32:37,829] INFO:fitness.free_loss_fidelity: RL4CO free-loss step 900/1000: score=7.829510 (avg=7.796571), loss=0.675742 (avg=0.673249), pairs_step=315251, pairs_total=283860972
[2026-03-02 03:33:14,527] INFO:fitness.free_loss_fidelity: RL4CO free-loss step 1000/1000: score=7.821991 (avg=7.796129), loss=0.673498 (avg=0.673192), pairs_step=315242, pairs_total=315369964
[2026-03-02 03:33:15,846] WARNING:fitness.free_loss_fidelity: weights_only checkpoint load failed (UnpicklingError); retrying weights_only=False for /data1/gushengda/eam-rl4co/baseline/epoch_409.ckpt
[2026-03-02 03:33:15,889] INFO:fitness.free_loss_fidelity: Loaded init checkpoint into policy: path=/data1/gushengda/eam-rl4co/baseline/epoch_409.ckpt prefix=policy. matched=97 missing=0 unexpected=0
[2026-03-02 03:33:15,896] INFO:fitness.free_loss_fidelity: RL4CO free-loss (step-mode): f1_steps=1000, f2_steps=0, total_steps=1000, train_problem_size=100, rollouts=100, batch_size=64, device=cuda:1, env=tsp
[2026-03-02 03:33:16,294] INFO:fitness.free_loss_fidelity: RL4CO free-loss step 1/1000: score=7.807477 (avg=7.807477), loss=0.183296 (avg=0.183296), pairs_step=315750, pairs_total=315750
[2026-03-02 03:33:52,432] INFO:fitness.free_loss_fidelity: RL4CO free-loss step 100/1000: score=7.758204 (avg=7.798362), loss=0.194515 (avg=0.181495), pairs_step=315743, pairs_total=31588978
[2026-03-02 03:34:28,960] INFO:fitness.free_loss_fidelity: RL4CO free-loss step 200/1000: score=7.809605 (avg=7.797033), loss=0.160227 (avg=0.184618), pairs_step=315414, pairs_total=63160259
[2026-03-02 03:35:05,504] INFO:fitness.free_loss_fidelity: RL4CO free-loss step 300/1000: score=7.806578 (avg=7.797258), loss=0.183072 (avg=0.186644), pairs_step=315556, pairs_total=94719647
[2026-03-02 03:35:41,995] INFO:fitness.free_loss_fidelity: RL4CO free-loss step 400/1000: score=7.817997 (avg=7.796827), loss=0.201510 (avg=0.188015), pairs_step=315417, pairs_total=126275456
[2026-03-02 03:36:18,706] INFO:fitness.free_loss_fidelity: RL4CO free-loss step 500/1000: score=7.770875 (avg=7.795741), loss=0.214897 (avg=0.189466), pairs_step=315667, pairs_total=157826581
[2026-03-02 03:36:55,312] INFO:fitness.free_loss_fidelity: RL4CO free-loss step 600/1000: score=7.760616 (avg=7.794977), loss=0.181930 (avg=0.188987), pairs_step=315337, pairs_total=189354064
[2026-03-02 03:37:31,860] INFO:fitness.free_loss_fidelity: RL4CO free-loss step 700/1000: score=7.806170 (avg=7.794591), loss=0.184244 (avg=0.187720), pairs_step=315690, pairs_total=220879289
[2026-03-02 03:38:08,423] INFO:fitness.free_loss_fidelity: RL4CO free-loss step 800/1000: score=7.786938 (avg=7.794344), loss=0.174683 (avg=0.186870), pairs_step=315207, pairs_total=252397775
[2026-03-02 03:38:44,915] INFO:fitness.free_loss_fidelity: RL4CO free-loss step 900/1000: score=7.826806 (avg=7.793855), loss=0.180417 (avg=0.185524), pairs_step=314981, pairs_total=283899370
[2026-03-02 03:39:21,361] INFO:fitness.free_loss_fidelity: RL4CO free-loss step 1000/1000: score=7.817428 (avg=7.793184), loss=0.168451 (avg=0.184574), pairs_step=314882, pairs_total=315388979
