[2026-03-02 05:56:48,594] INFO:fitness.free_loss_fidelity: Stage3 offline mini-train start gen=8 pair_index=0 K=200 seed=12345 valid_sizes=[100] baseline_json=baseline/mini_eval/baseline_minitrain_tsp100_K200.json
[2026-03-02 05:56:54,653] INFO:fitness.free_loss_fidelity: RL4CO free-loss (step-mode): f1_steps=200, f2_steps=0, total_steps=200, train_problem_size=100, rollouts=100, batch_size=64, device=cuda:3, env=tsp
[2026-03-02 05:56:55,493] INFO:fitness.free_loss_fidelity: RL4CO free-loss step 1/200: score=36.122910 (avg=36.122910), loss=298643.437500 (avg=298643.437500), pairs_step=316800, pairs_total=316800
[2026-03-02 05:57:02,099] INFO:fitness.free_loss_fidelity: RL4CO free-loss step 20/200: score=9.988271 (avg=13.053702), loss=180696.515625 (avg=195686.410156), pairs_step=316800, pairs_total=6335998
[2026-03-02 05:57:08,940] INFO:fitness.free_loss_fidelity: RL4CO free-loss step 40/200: score=9.602762 (avg=11.394943), loss=175258.031250 (avg=186330.167578), pairs_step=316798, pairs_total=12671988
[2026-03-02 05:57:15,166] INFO:fitness.free_loss_fidelity: RL4CO free-loss step 60/200: score=9.427814 (avg=10.747860), loss=169727.937500 (avg=181651.938021), pairs_step=316800, pairs_total=19007985
[2026-03-02 05:57:22,026] INFO:fitness.free_loss_fidelity: RL4CO free-loss step 80/200: score=9.255313 (avg=10.390942), loss=167964.218750 (avg=178117.933594), pairs_step=316799, pairs_total=25343981
[2026-03-02 05:57:28,637] INFO:fitness.free_loss_fidelity: RL4CO free-loss step 100/200: score=9.195683 (avg=10.162815), loss=164260.093750 (avg=175529.799844), pairs_step=316800, pairs_total=31679975
[2026-03-02 05:57:35,219] INFO:fitness.free_loss_fidelity: RL4CO free-loss step 120/200: score=9.105044 (avg=10.000997), loss=166224.140625 (avg=173851.286458), pairs_step=316800, pairs_total=38015974
[2026-03-02 05:57:41,804] INFO:fitness.free_loss_fidelity: RL4CO free-loss step 140/200: score=9.176051 (avg=9.876713), loss=165377.562500 (avg=172563.673326), pairs_step=316798, pairs_total=44351967
[2026-03-02 05:57:48,383] INFO:fitness.free_loss_fidelity: RL4CO free-loss step 160/200: score=9.041914 (avg=9.777419), loss=167038.109375 (avg=171801.531836), pairs_step=316800, pairs_total=50687961
[2026-03-02 05:57:55,007] INFO:fitness.free_loss_fidelity: RL4CO free-loss step 180/200: score=8.979517 (avg=9.692642), loss=167172.125000 (avg=171385.162326), pairs_step=316800, pairs_total=57023957
[2026-03-02 05:58:01,580] INFO:fitness.free_loss_fidelity: RL4CO free-loss step 200/200: score=8.983173 (avg=9.619055), loss=165804.031250 (avg=170972.853672), pairs_step=316800, pairs_total=63359952
[2026-03-02 05:58:02,700] WARNING:fitness.free_loss_fidelity: weights_only checkpoint load failed (UnpicklingError); retrying weights_only=False for /data1/gushengda/eam-rl4co/baseline/epoch_135.ckpt
[2026-03-02 05:58:02,744] INFO:fitness.free_loss_fidelity: Loaded init checkpoint into policy: path=/data1/gushengda/eam-rl4co/baseline/epoch_135.ckpt prefix=policy. matched=97 missing=0 unexpected=0
[2026-03-02 05:58:02,750] INFO:fitness.free_loss_fidelity: RL4CO free-loss (step-mode): f1_steps=200, f2_steps=0, total_steps=200, train_problem_size=100, rollouts=100, batch_size=64, device=cuda:3, env=tsp
[2026-03-02 05:58:03,147] INFO:fitness.free_loss_fidelity: RL4CO free-loss step 1/200: score=7.803347 (avg=7.803347), loss=211320.093750 (avg=211320.093750), pairs_step=315697, pairs_total=315697
[2026-03-02 05:58:09,466] INFO:fitness.free_loss_fidelity: RL4CO free-loss step 20/200: score=7.779232 (avg=7.808751), loss=209553.125000 (avg=210408.998438), pairs_step=315897, pairs_total=6318366
[2026-03-02 05:58:16,086] INFO:fitness.free_loss_fidelity: RL4CO free-loss step 40/200: score=7.820343 (avg=7.802462), loss=209071.531250 (avg=209409.425781), pairs_step=315707, pairs_total=12635610
[2026-03-02 05:58:22,669] INFO:fitness.free_loss_fidelity: RL4CO free-loss step 60/200: score=7.813303 (avg=7.799043), loss=206526.343750 (avg=208752.762240), pairs_step=316000, pairs_total=18953989
[2026-03-02 05:58:29,307] INFO:fitness.free_loss_fidelity: RL4CO free-loss step 80/200: score=7.794243 (avg=7.797522), loss=203737.156250 (avg=207987.966797), pairs_step=316214, pairs_total=25274484
[2026-03-02 05:58:35,933] INFO:fitness.free_loss_fidelity: RL4CO free-loss step 100/200: score=7.754604 (avg=7.798153), loss=203190.703125 (avg=207010.614063), pairs_step=316186, pairs_total=31596966
[2026-03-02 05:58:42,519] INFO:fitness.free_loss_fidelity: RL4CO free-loss step 120/200: score=7.771769 (avg=7.799399), loss=201918.875000 (avg=206188.999219), pairs_step=316051, pairs_total=37918012
[2026-03-02 05:58:49,113] INFO:fitness.free_loss_fidelity: RL4CO free-loss step 140/200: score=7.824047 (avg=7.800222), loss=199931.625000 (avg=205292.970871), pairs_step=315821, pairs_total=44239514
[2026-03-02 05:58:55,724] INFO:fitness.free_loss_fidelity: RL4CO free-loss step 160/200: score=7.793513 (avg=7.799358), loss=197399.312500 (avg=204394.858203), pairs_step=316227, pairs_total=50560522
[2026-03-02 05:59:02,323] INFO:fitness.free_loss_fidelity: RL4CO free-loss step 180/200: score=7.785040 (avg=7.798114), loss=196847.531250 (avg=203650.323872), pairs_step=315850, pairs_total=56881792
[2026-03-02 05:59:08,948] INFO:fitness.free_loss_fidelity: RL4CO free-loss step 200/200: score=7.810483 (avg=7.797049), loss=190911.718750 (avg=202865.643437), pairs_step=316198, pairs_total=63204260
[2026-03-02 05:59:10,064] WARNING:fitness.free_loss_fidelity: weights_only checkpoint load failed (UnpicklingError); retrying weights_only=False for /data1/gushengda/eam-rl4co/baseline/epoch_409.ckpt
[2026-03-02 05:59:10,103] INFO:fitness.free_loss_fidelity: Loaded init checkpoint into policy: path=/data1/gushengda/eam-rl4co/baseline/epoch_409.ckpt prefix=policy. matched=97 missing=0 unexpected=0
[2026-03-02 05:59:10,109] INFO:fitness.free_loss_fidelity: RL4CO free-loss (step-mode): f1_steps=200, f2_steps=0, total_steps=200, train_problem_size=100, rollouts=100, batch_size=64, device=cuda:3, env=tsp
[2026-03-02 05:59:10,504] INFO:fitness.free_loss_fidelity: RL4CO free-loss step 1/200: score=7.807477 (avg=7.807477), loss=59510.234375 (avg=59510.234375), pairs_step=315750, pairs_total=315750
[2026-03-02 05:59:16,774] INFO:fitness.free_loss_fidelity: RL4CO free-loss step 20/200: score=7.782185 (avg=7.809237), loss=55815.968750 (avg=56643.040039), pairs_step=316255, pairs_total=6319849
[2026-03-02 05:59:23,395] INFO:fitness.free_loss_fidelity: RL4CO free-loss step 40/200: score=7.815659 (avg=7.802647), loss=55745.140625 (avg=56476.398926), pairs_step=316087, pairs_total=12640415
[2026-03-02 05:59:29,959] INFO:fitness.free_loss_fidelity: RL4CO free-loss step 60/200: score=7.812341 (avg=7.798910), loss=57988.367188 (avg=56614.463607), pairs_step=315700, pairs_total=18959246
[2026-03-02 05:59:36,516] INFO:fitness.free_loss_fidelity: RL4CO free-loss step 80/200: score=7.794378 (avg=7.797168), loss=56339.523438 (avg=56727.087012), pairs_step=316059, pairs_total=25280287
[2026-03-02 05:59:43,074] INFO:fitness.free_loss_fidelity: RL4CO free-loss step 100/200: score=7.752427 (avg=7.797608), loss=56536.460938 (avg=56622.035391), pairs_step=315792, pairs_total=31600603
[2026-03-02 05:59:49,642] INFO:fitness.free_loss_fidelity: RL4CO free-loss step 120/200: score=7.778917 (avg=7.799119), loss=55331.171875 (avg=56481.946484), pairs_step=315939, pairs_total=37920473
[2026-03-02 05:59:56,201] INFO:fitness.free_loss_fidelity: RL4CO free-loss step 140/200: score=7.821412 (avg=7.800049), loss=54585.257812 (avg=56334.624414), pairs_step=315787, pairs_total=44240311
[2026-03-02 06:00:02,997] INFO:fitness.free_loss_fidelity: RL4CO free-loss step 160/200: score=7.792503 (avg=7.798995), loss=55561.906250 (avg=56161.772681), pairs_step=316172, pairs_total=50559708
[2026-03-02 06:00:09,582] INFO:fitness.free_loss_fidelity: RL4CO free-loss step 180/200: score=7.782557 (avg=7.797651), loss=53650.796875 (avg=56012.297114), pairs_step=315219, pairs_total=56878569
[2026-03-02 06:00:16,218] INFO:fitness.free_loss_fidelity: RL4CO free-loss step 200/200: score=7.813452 (avg=7.796247), loss=52326.750000 (avg=55817.784434), pairs_step=315798, pairs_total=63198535
