[2026-03-02 08:50:17,451] INFO:fitness.free_loss_fidelity: Stage3 offline mini-train start gen=11 pair_index=6 K=200 seed=12345 valid_sizes=[100] baseline_json=baseline/mini_eval/baseline_minitrain_tsp100_K200.json
[2026-03-02 08:50:17,472] INFO:fitness.free_loss_fidelity: RL4CO free-loss (step-mode): f1_steps=200, f2_steps=0, total_steps=200, train_problem_size=100, rollouts=100, batch_size=64, device=cuda:2, env=tsp
[2026-03-02 08:50:17,812] INFO:fitness.free_loss_fidelity: RL4CO free-loss step 1/200: score=36.122910 (avg=36.122910), loss=1.072035 (avg=1.072035), pairs_step=128, pairs_total=128
[2026-03-02 08:50:24,211] INFO:fitness.free_loss_fidelity: RL4CO free-loss step 20/200: score=10.368759 (avg=12.981986), loss=0.352566 (avg=0.384632), pairs_step=128, pairs_total=2560
[2026-03-02 08:50:30,909] INFO:fitness.free_loss_fidelity: RL4CO free-loss step 40/200: score=9.609497 (avg=11.443699), loss=0.360640 (avg=0.369958), pairs_step=128, pairs_total=5120
[2026-03-02 08:50:37,622] INFO:fitness.free_loss_fidelity: RL4CO free-loss step 60/200: score=9.442268 (avg=10.802109), loss=0.355549 (avg=0.361875), pairs_step=128, pairs_total=7680
[2026-03-02 08:50:44,357] INFO:fitness.free_loss_fidelity: RL4CO free-loss step 80/200: score=9.289459 (avg=10.448229), loss=0.345446 (avg=0.356270), pairs_step=128, pairs_total=10240
[2026-03-02 08:50:51,083] INFO:fitness.free_loss_fidelity: RL4CO free-loss step 100/200: score=9.180559 (avg=10.208822), loss=0.449213 (avg=0.355091), pairs_step=128, pairs_total=12800
[2026-03-02 08:50:57,806] INFO:fitness.free_loss_fidelity: RL4CO free-loss step 120/200: score=9.199001 (avg=10.049249), loss=0.366387 (avg=0.351745), pairs_step=128, pairs_total=15360
[2026-03-02 08:51:04,536] INFO:fitness.free_loss_fidelity: RL4CO free-loss step 140/200: score=9.143526 (avg=9.919510), loss=0.338025 (avg=0.347170), pairs_step=128, pairs_total=17920
[2026-03-02 08:51:11,251] INFO:fitness.free_loss_fidelity: RL4CO free-loss step 160/200: score=8.996784 (avg=9.808596), loss=0.299245 (avg=0.342972), pairs_step=128, pairs_total=20480
[2026-03-02 08:51:17,931] INFO:fitness.free_loss_fidelity: RL4CO free-loss step 180/200: score=8.972166 (avg=9.714964), loss=0.381534 (avg=0.344074), pairs_step=128, pairs_total=23040
[2026-03-02 08:51:24,660] INFO:fitness.free_loss_fidelity: RL4CO free-loss step 200/200: score=8.934141 (avg=9.639098), loss=0.371618 (avg=0.343378), pairs_step=128, pairs_total=25600
[2026-03-02 08:51:25,777] WARNING:fitness.free_loss_fidelity: weights_only checkpoint load failed (UnpicklingError); retrying weights_only=False for /data1/gushengda/eam-rl4co/baseline/epoch_135.ckpt
[2026-03-02 08:51:25,815] INFO:fitness.free_loss_fidelity: Loaded init checkpoint into policy: path=/data1/gushengda/eam-rl4co/baseline/epoch_135.ckpt prefix=policy. matched=97 missing=0 unexpected=0
[2026-03-02 08:51:25,820] INFO:fitness.free_loss_fidelity: RL4CO free-loss (step-mode): f1_steps=200, f2_steps=0, total_steps=200, train_problem_size=100, rollouts=100, batch_size=64, device=cuda:2, env=tsp
[2026-03-02 08:51:26,218] INFO:fitness.free_loss_fidelity: RL4CO free-loss step 1/200: score=7.803347 (avg=7.803347), loss=0.495391 (avg=0.495391), pairs_step=128, pairs_total=128
[2026-03-02 08:51:32,606] INFO:fitness.free_loss_fidelity: RL4CO free-loss step 20/200: score=7.805766 (avg=7.823816), loss=0.616664 (avg=0.537138), pairs_step=128, pairs_total=2560
[2026-03-02 08:51:39,388] INFO:fitness.free_loss_fidelity: RL4CO free-loss step 40/200: score=7.844355 (avg=7.825216), loss=0.590258 (avg=0.572178), pairs_step=128, pairs_total=5120
[2026-03-02 08:51:46,081] INFO:fitness.free_loss_fidelity: RL4CO free-loss step 60/200: score=7.854981 (avg=7.825253), loss=0.625842 (avg=0.586518), pairs_step=128, pairs_total=7680
[2026-03-02 08:51:52,856] INFO:fitness.free_loss_fidelity: RL4CO free-loss step 80/200: score=7.830781 (avg=7.825815), loss=0.632891 (avg=0.592696), pairs_step=128, pairs_total=10240
[2026-03-02 08:52:00,371] INFO:fitness.free_loss_fidelity: RL4CO free-loss step 100/200: score=7.779794 (avg=7.825858), loss=0.619491 (avg=0.595014), pairs_step=128, pairs_total=12800
[2026-03-02 08:52:07,050] INFO:fitness.free_loss_fidelity: RL4CO free-loss step 120/200: score=7.805829 (avg=7.826822), loss=0.617983 (avg=0.595206), pairs_step=128, pairs_total=15360
[2026-03-02 08:52:13,740] INFO:fitness.free_loss_fidelity: RL4CO free-loss step 140/200: score=7.863145 (avg=7.828262), loss=0.621114 (avg=0.595933), pairs_step=128, pairs_total=17920
[2026-03-02 08:52:20,407] INFO:fitness.free_loss_fidelity: RL4CO free-loss step 160/200: score=7.836994 (avg=7.828566), loss=0.622644 (avg=0.598827), pairs_step=128, pairs_total=20480
[2026-03-02 08:52:27,061] INFO:fitness.free_loss_fidelity: RL4CO free-loss step 180/200: score=7.818081 (avg=7.828142), loss=0.605462 (avg=0.601021), pairs_step=128, pairs_total=23040
[2026-03-02 08:52:33,727] INFO:fitness.free_loss_fidelity: RL4CO free-loss step 200/200: score=7.851021 (avg=7.827147), loss=0.580201 (avg=0.602405), pairs_step=128, pairs_total=25600
[2026-03-02 08:52:34,839] WARNING:fitness.free_loss_fidelity: weights_only checkpoint load failed (UnpicklingError); retrying weights_only=False for /data1/gushengda/eam-rl4co/baseline/epoch_409.ckpt
[2026-03-02 08:52:34,876] INFO:fitness.free_loss_fidelity: Loaded init checkpoint into policy: path=/data1/gushengda/eam-rl4co/baseline/epoch_409.ckpt prefix=policy. matched=97 missing=0 unexpected=0
[2026-03-02 08:52:34,882] INFO:fitness.free_loss_fidelity: RL4CO free-loss (step-mode): f1_steps=200, f2_steps=0, total_steps=200, train_problem_size=100, rollouts=100, batch_size=64, device=cuda:2, env=tsp
[2026-03-02 08:52:35,275] INFO:fitness.free_loss_fidelity: RL4CO free-loss step 1/200: score=7.807477 (avg=7.807477), loss=0.000011 (avg=0.000011), pairs_step=128, pairs_total=128
[2026-03-02 08:52:41,628] INFO:fitness.free_loss_fidelity: RL4CO free-loss step 20/200: score=7.786581 (avg=7.812859), loss=0.135597 (avg=0.043881), pairs_step=128, pairs_total=2560
[2026-03-02 08:52:48,299] INFO:fitness.free_loss_fidelity: RL4CO free-loss step 40/200: score=7.840246 (avg=7.813246), loss=0.193824 (avg=0.098449), pairs_step=128, pairs_total=5120
[2026-03-02 08:52:54,947] INFO:fitness.free_loss_fidelity: RL4CO free-loss step 60/200: score=7.841477 (avg=7.814182), loss=0.247745 (avg=0.139169), pairs_step=128, pairs_total=7680
[2026-03-02 08:53:01,648] INFO:fitness.free_loss_fidelity: RL4CO free-loss step 80/200: score=7.812016 (avg=7.814777), loss=0.231588 (avg=0.160509), pairs_step=128, pairs_total=10240
[2026-03-02 08:53:08,327] INFO:fitness.free_loss_fidelity: RL4CO free-loss step 100/200: score=7.790427 (avg=7.817038), loss=0.302078 (avg=0.179455), pairs_step=128, pairs_total=12800
[2026-03-02 08:53:14,975] INFO:fitness.free_loss_fidelity: RL4CO free-loss step 120/200: score=7.800362 (avg=7.819684), loss=0.352646 (avg=0.201599), pairs_step=128, pairs_total=15360
[2026-03-02 08:53:21,669] INFO:fitness.free_loss_fidelity: RL4CO free-loss step 140/200: score=7.851485 (avg=7.821307), loss=0.327957 (avg=0.218452), pairs_step=128, pairs_total=17920
[2026-03-02 08:53:28,342] INFO:fitness.free_loss_fidelity: RL4CO free-loss step 160/200: score=7.807607 (avg=7.821085), loss=0.383488 (avg=0.236430), pairs_step=128, pairs_total=20480
[2026-03-02 08:53:34,988] INFO:fitness.free_loss_fidelity: RL4CO free-loss step 180/200: score=7.807951 (avg=7.820278), loss=0.402141 (avg=0.254830), pairs_step=128, pairs_total=23040
[2026-03-02 08:53:41,671] INFO:fitness.free_loss_fidelity: RL4CO free-loss step 200/200: score=7.836889 (avg=7.819172), loss=0.403250 (avg=0.267314), pairs_step=128, pairs_total=25600
