[2026-03-02 06:07:02,286] INFO:fitness.free_loss_fidelity: Stage3 offline mini-train start gen=8 pair_index=25 K=200 seed=12345 valid_sizes=[100] baseline_json=baseline/mini_eval/baseline_minitrain_tsp100_K200.json
[2026-03-02 06:07:02,308] INFO:fitness.free_loss_fidelity: RL4CO free-loss (step-mode): f1_steps=200, f2_steps=0, total_steps=200, train_problem_size=100, rollouts=100, batch_size=64, device=cuda:0, env=tsp
[2026-03-02 06:07:02,637] INFO:fitness.free_loss_fidelity: RL4CO free-loss step 1/200: score=36.122910 (avg=36.122910), loss=0.743367 (avg=0.743367), pairs_step=316800, pairs_total=316800
[2026-03-02 06:07:08,770] INFO:fitness.free_loss_fidelity: RL4CO free-loss step 20/200: score=9.825695 (avg=12.653786), loss=0.561892 (avg=0.576012), pairs_step=316800, pairs_total=6335998
[2026-03-02 06:07:15,232] INFO:fitness.free_loss_fidelity: RL4CO free-loss step 40/200: score=9.364399 (avg=11.065157), loss=0.575090 (avg=0.574376), pairs_step=316800, pairs_total=12671993
[2026-03-02 06:07:21,673] INFO:fitness.free_loss_fidelity: RL4CO free-loss step 60/200: score=9.144514 (avg=10.442844), loss=0.565922 (avg=0.572630), pairs_step=316800, pairs_total=19007987
[2026-03-02 06:07:28,124] INFO:fitness.free_loss_fidelity: RL4CO free-loss step 80/200: score=8.942585 (avg=10.090071), loss=0.562089 (avg=0.568435), pairs_step=316800, pairs_total=25343980
[2026-03-02 06:07:34,571] INFO:fitness.free_loss_fidelity: RL4CO free-loss step 100/200: score=8.881208 (avg=9.855832), loss=0.560001 (avg=0.566074), pairs_step=316800, pairs_total=31679975
[2026-03-02 06:07:41,022] INFO:fitness.free_loss_fidelity: RL4CO free-loss step 120/200: score=8.747323 (avg=9.686059), loss=0.556631 (avg=0.564774), pairs_step=316800, pairs_total=38015969
[2026-03-02 06:07:47,475] INFO:fitness.free_loss_fidelity: RL4CO free-loss step 140/200: score=8.735313 (avg=9.551591), loss=0.568658 (avg=0.564761), pairs_step=316800, pairs_total=44351962
[2026-03-02 06:07:53,911] INFO:fitness.free_loss_fidelity: RL4CO free-loss step 160/200: score=8.617677 (avg=9.438587), loss=0.567415 (avg=0.565349), pairs_step=316800, pairs_total=50687957
[2026-03-02 06:08:00,356] INFO:fitness.free_loss_fidelity: RL4CO free-loss step 180/200: score=8.538090 (avg=9.341794), loss=0.575234 (avg=0.566591), pairs_step=316799, pairs_total=57023952
[2026-03-02 06:08:06,805] INFO:fitness.free_loss_fidelity: RL4CO free-loss step 200/200: score=8.559224 (avg=9.260444), loss=0.583599 (avg=0.567835), pairs_step=316800, pairs_total=63359941
[2026-03-02 06:08:07,918] WARNING:fitness.free_loss_fidelity: weights_only checkpoint load failed (UnpicklingError); retrying weights_only=False for /data1/gushengda/eam-rl4co/baseline/epoch_135.ckpt
[2026-03-02 06:08:07,955] INFO:fitness.free_loss_fidelity: Loaded init checkpoint into policy: path=/data1/gushengda/eam-rl4co/baseline/epoch_135.ckpt prefix=policy. matched=97 missing=0 unexpected=0
[2026-03-02 06:08:07,960] INFO:fitness.free_loss_fidelity: RL4CO free-loss (step-mode): f1_steps=200, f2_steps=0, total_steps=200, train_problem_size=100, rollouts=100, batch_size=64, device=cuda:0, env=tsp
[2026-03-02 06:08:08,285] INFO:fitness.free_loss_fidelity: RL4CO free-loss step 1/200: score=7.803347 (avg=7.803347), loss=0.664747 (avg=0.664747), pairs_step=315697, pairs_total=315697
[2026-03-02 06:08:14,579] INFO:fitness.free_loss_fidelity: RL4CO free-loss step 20/200: score=7.781580 (avg=7.810202), loss=0.667283 (avg=0.666636), pairs_step=315702, pairs_total=6316376
[2026-03-02 06:08:21,018] INFO:fitness.free_loss_fidelity: RL4CO free-loss step 40/200: score=7.820838 (avg=7.804534), loss=0.673042 (avg=0.667740), pairs_step=316116, pairs_total=12632333
[2026-03-02 06:08:27,456] INFO:fitness.free_loss_fidelity: RL4CO free-loss step 60/200: score=7.815882 (avg=7.801344), loss=0.671016 (avg=0.668278), pairs_step=315498, pairs_total=18946850
[2026-03-02 06:08:33,894] INFO:fitness.free_loss_fidelity: RL4CO free-loss step 80/200: score=7.800425 (avg=7.799815), loss=0.673658 (avg=0.668660), pairs_step=315936, pairs_total=25263077
[2026-03-02 06:08:40,335] INFO:fitness.free_loss_fidelity: RL4CO free-loss step 100/200: score=7.761861 (avg=7.800636), loss=0.669145 (avg=0.668759), pairs_step=315931, pairs_total=31579074
[2026-03-02 06:08:46,771] INFO:fitness.free_loss_fidelity: RL4CO free-loss step 120/200: score=7.777967 (avg=7.802064), loss=0.670784 (avg=0.669041), pairs_step=315713, pairs_total=37893385
[2026-03-02 06:08:53,213] INFO:fitness.free_loss_fidelity: RL4CO free-loss step 140/200: score=7.829816 (avg=7.803088), loss=0.671251 (avg=0.669195), pairs_step=314937, pairs_total=44205882
[2026-03-02 06:08:59,735] INFO:fitness.free_loss_fidelity: RL4CO free-loss step 160/200: score=7.798478 (avg=7.802672), loss=0.670742 (avg=0.669436), pairs_step=315422, pairs_total=50516765
[2026-03-02 06:09:06,234] INFO:fitness.free_loss_fidelity: RL4CO free-loss step 180/200: score=7.788892 (avg=7.801665), loss=0.671376 (avg=0.669554), pairs_step=315478, pairs_total=56829968
[2026-03-02 06:09:12,739] INFO:fitness.free_loss_fidelity: RL4CO free-loss step 200/200: score=7.813410 (avg=7.800493), loss=0.667472 (avg=0.669625), pairs_step=315382, pairs_total=63142848
[2026-03-02 06:09:13,862] WARNING:fitness.free_loss_fidelity: weights_only checkpoint load failed (UnpicklingError); retrying weights_only=False for /data1/gushengda/eam-rl4co/baseline/epoch_409.ckpt
[2026-03-02 06:09:13,900] INFO:fitness.free_loss_fidelity: Loaded init checkpoint into policy: path=/data1/gushengda/eam-rl4co/baseline/epoch_409.ckpt prefix=policy. matched=97 missing=0 unexpected=0
[2026-03-02 06:09:13,905] INFO:fitness.free_loss_fidelity: RL4CO free-loss (step-mode): f1_steps=200, f2_steps=0, total_steps=200, train_problem_size=100, rollouts=100, batch_size=64, device=cuda:0, env=tsp
[2026-03-02 06:09:14,232] INFO:fitness.free_loss_fidelity: RL4CO free-loss step 1/200: score=7.807477 (avg=7.807477), loss=0.171388 (avg=0.171388), pairs_step=315750, pairs_total=315750
[2026-03-02 06:09:20,404] INFO:fitness.free_loss_fidelity: RL4CO free-loss step 20/200: score=7.778652 (avg=7.807017), loss=0.180685 (avg=0.178289), pairs_step=315976, pairs_total=6318313
[2026-03-02 06:09:26,918] INFO:fitness.free_loss_fidelity: RL4CO free-loss step 40/200: score=7.811368 (avg=7.801887), loss=0.167149 (avg=0.176826), pairs_step=315873, pairs_total=12635971
[2026-03-02 06:09:33,406] INFO:fitness.free_loss_fidelity: RL4CO free-loss step 60/200: score=7.814347 (avg=7.798613), loss=0.156668 (avg=0.172405), pairs_step=315562, pairs_total=18950917
[2026-03-02 06:09:39,902] INFO:fitness.free_loss_fidelity: RL4CO free-loss step 80/200: score=7.801356 (avg=7.797288), loss=0.173707 (avg=0.171173), pairs_step=315860, pairs_total=25266580
[2026-03-02 06:09:46,392] INFO:fitness.free_loss_fidelity: RL4CO free-loss step 100/200: score=7.760215 (avg=7.797980), loss=0.208280 (avg=0.173646), pairs_step=316033, pairs_total=31584282
[2026-03-02 06:09:52,889] INFO:fitness.free_loss_fidelity: RL4CO free-loss step 120/200: score=7.774307 (avg=7.799456), loss=0.171844 (avg=0.177069), pairs_step=315843, pairs_total=37900146
[2026-03-02 06:09:59,383] INFO:fitness.free_loss_fidelity: RL4CO free-loss step 140/200: score=7.823278 (avg=7.800293), loss=0.157330 (avg=0.175803), pairs_step=315623, pairs_total=44214580
[2026-03-02 06:10:05,875] INFO:fitness.free_loss_fidelity: RL4CO free-loss step 160/200: score=7.794433 (avg=7.799386), loss=0.167357 (avg=0.173609), pairs_step=315985, pairs_total=50529067
[2026-03-02 06:10:12,379] INFO:fitness.free_loss_fidelity: RL4CO free-loss step 180/200: score=7.782251 (avg=7.798288), loss=0.173357 (avg=0.173562), pairs_step=315431, pairs_total=56842200
[2026-03-02 06:10:18,879] INFO:fitness.free_loss_fidelity: RL4CO free-loss step 200/200: score=7.808379 (avg=7.797005), loss=0.177974 (avg=0.174340), pairs_step=315367, pairs_total=63154766
