[2026-03-02 04:20:34,427] INFO:fitness.free_loss_fidelity: Stage3 offline mini-train start gen=6 pair_index=4 K=200 seed=12345 valid_sizes=[100] baseline_json=baseline/mini_eval/baseline_minitrain_tsp100_K200.json
[2026-03-02 04:20:40,171] INFO:fitness.free_loss_fidelity: RL4CO free-loss (step-mode): f1_steps=200, f2_steps=0, total_steps=200, train_problem_size=100, rollouts=100, batch_size=64, device=cuda:1, env=tsp
[2026-03-02 04:20:41,053] INFO:fitness.free_loss_fidelity: RL4CO free-loss step 1/200: score=36.122910 (avg=36.122910), loss=1.024009 (avg=1.024009), pairs_step=316800, pairs_total=316800
[2026-03-02 04:20:48,007] INFO:fitness.free_loss_fidelity: RL4CO free-loss step 20/200: score=10.084369 (avg=13.293623), loss=0.587866 (avg=0.629379), pairs_step=316800, pairs_total=6335997
[2026-03-02 04:20:55,037] INFO:fitness.free_loss_fidelity: RL4CO free-loss step 40/200: score=9.855578 (avg=11.618000), loss=0.534114 (avg=0.587839), pairs_step=316800, pairs_total=12671994
[2026-03-02 04:21:02,045] INFO:fitness.free_loss_fidelity: RL4CO free-loss step 60/200: score=9.771009 (avg=10.982743), loss=0.484992 (avg=0.562132), pairs_step=316800, pairs_total=19007990
[2026-03-02 04:21:09,065] INFO:fitness.free_loss_fidelity: RL4CO free-loss step 80/200: score=9.590356 (avg=10.643736), loss=0.502151 (avg=0.543429), pairs_step=316800, pairs_total=25343988
[2026-03-02 04:21:16,073] INFO:fitness.free_loss_fidelity: RL4CO free-loss step 100/200: score=9.469152 (avg=10.425340), loss=0.484573 (avg=0.531937), pairs_step=316800, pairs_total=31679983
[2026-03-02 04:21:23,108] INFO:fitness.free_loss_fidelity: RL4CO free-loss step 120/200: score=9.472637 (avg=10.269554), loss=0.468652 (avg=0.523264), pairs_step=316800, pairs_total=38015983
[2026-03-02 04:21:30,115] INFO:fitness.free_loss_fidelity: RL4CO free-loss step 140/200: score=9.454541 (avg=10.153372), loss=0.470285 (avg=0.516133), pairs_step=316800, pairs_total=44351977
[2026-03-02 04:21:37,138] INFO:fitness.free_loss_fidelity: RL4CO free-loss step 160/200: score=9.470046 (avg=10.059872), loss=0.466933 (avg=0.510808), pairs_step=316800, pairs_total=50687974
[2026-03-02 04:21:44,172] INFO:fitness.free_loss_fidelity: RL4CO free-loss step 180/200: score=9.332155 (avg=9.983696), loss=0.482651 (avg=0.506601), pairs_step=316800, pairs_total=57023969
[2026-03-02 04:21:51,210] INFO:fitness.free_loss_fidelity: RL4CO free-loss step 200/200: score=9.356555 (avg=9.917833), loss=0.487356 (avg=0.503246), pairs_step=316800, pairs_total=63359966
[2026-03-02 04:21:52,522] WARNING:fitness.free_loss_fidelity: weights_only checkpoint load failed (UnpicklingError); retrying weights_only=False for /data1/gushengda/eam-rl4co/baseline/epoch_135.ckpt
[2026-03-02 04:21:52,569] INFO:fitness.free_loss_fidelity: Loaded init checkpoint into policy: path=/data1/gushengda/eam-rl4co/baseline/epoch_135.ckpt prefix=policy. matched=97 missing=0 unexpected=0
[2026-03-02 04:21:52,576] INFO:fitness.free_loss_fidelity: RL4CO free-loss (step-mode): f1_steps=200, f2_steps=0, total_steps=200, train_problem_size=100, rollouts=100, batch_size=64, device=cuda:1, env=tsp
[2026-03-02 04:21:52,934] INFO:fitness.free_loss_fidelity: RL4CO free-loss step 1/200: score=7.803347 (avg=7.803347), loss=0.666456 (avg=0.666456), pairs_step=315697, pairs_total=315697
[2026-03-02 04:21:59,618] INFO:fitness.free_loss_fidelity: RL4CO free-loss step 20/200: score=7.779697 (avg=7.808838), loss=0.653926 (avg=0.660817), pairs_step=316048, pairs_total=6318979
[2026-03-02 04:22:06,664] INFO:fitness.free_loss_fidelity: RL4CO free-loss step 40/200: score=7.819496 (avg=7.802764), loss=0.631368 (avg=0.650652), pairs_step=316253, pairs_total=12640106
[2026-03-02 04:22:13,712] INFO:fitness.free_loss_fidelity: RL4CO free-loss step 60/200: score=7.815664 (avg=7.799240), loss=0.610917 (avg=0.636875), pairs_step=316184, pairs_total=18963721
[2026-03-02 04:22:20,759] INFO:fitness.free_loss_fidelity: RL4CO free-loss step 80/200: score=7.800469 (avg=7.797717), loss=0.565233 (avg=0.624730), pairs_step=316459, pairs_total=25291231
[2026-03-02 04:22:27,819] INFO:fitness.free_loss_fidelity: RL4CO free-loss step 100/200: score=7.760288 (avg=7.798296), loss=0.569884 (avg=0.613171), pairs_step=316500, pairs_total=31619675
[2026-03-02 04:22:34,863] INFO:fitness.free_loss_fidelity: RL4CO free-loss step 120/200: score=7.772715 (avg=7.800012), loss=0.514840 (avg=0.599774), pairs_step=316444, pairs_total=37948876
[2026-03-02 04:22:41,919] INFO:fitness.free_loss_fidelity: RL4CO free-loss step 140/200: score=7.826999 (avg=7.800975), loss=0.484618 (avg=0.586570), pairs_step=316304, pairs_total=44277470
[2026-03-02 04:22:48,978] INFO:fitness.free_loss_fidelity: RL4CO free-loss step 160/200: score=7.789419 (avg=7.800368), loss=0.455845 (avg=0.572630), pairs_step=316397, pairs_total=50607584
[2026-03-02 04:22:56,030] INFO:fitness.free_loss_fidelity: RL4CO free-loss step 180/200: score=7.783923 (avg=7.799264), loss=0.441722 (avg=0.560333), pairs_step=316541, pairs_total=56936887
[2026-03-02 04:23:03,094] INFO:fitness.free_loss_fidelity: RL4CO free-loss step 200/200: score=7.814170 (avg=7.798112), loss=0.409770 (avg=0.547607), pairs_step=316465, pairs_total=63267582
[2026-03-02 04:23:04,401] WARNING:fitness.free_loss_fidelity: weights_only checkpoint load failed (UnpicklingError); retrying weights_only=False for /data1/gushengda/eam-rl4co/baseline/epoch_409.ckpt
[2026-03-02 04:23:04,444] INFO:fitness.free_loss_fidelity: Loaded init checkpoint into policy: path=/data1/gushengda/eam-rl4co/baseline/epoch_409.ckpt prefix=policy. matched=97 missing=0 unexpected=0
[2026-03-02 04:23:04,451] INFO:fitness.free_loss_fidelity: RL4CO free-loss (step-mode): f1_steps=200, f2_steps=0, total_steps=200, train_problem_size=100, rollouts=100, batch_size=64, device=cuda:1, env=tsp
[2026-03-02 04:23:04,830] INFO:fitness.free_loss_fidelity: RL4CO free-loss step 1/200: score=7.807477 (avg=7.807477), loss=0.182029 (avg=0.182029), pairs_step=315750, pairs_total=315750
[2026-03-02 04:23:11,564] INFO:fitness.free_loss_fidelity: RL4CO free-loss step 20/200: score=7.780567 (avg=7.807983), loss=0.170594 (avg=0.174021), pairs_step=315969, pairs_total=6319919
[2026-03-02 04:23:18,626] INFO:fitness.free_loss_fidelity: RL4CO free-loss step 40/200: score=7.817397 (avg=7.801985), loss=0.178224 (avg=0.174353), pairs_step=316223, pairs_total=12638780
[2026-03-02 04:23:25,695] INFO:fitness.free_loss_fidelity: RL4CO free-loss step 60/200: score=7.814406 (avg=7.799193), loss=0.178934 (avg=0.176270), pairs_step=315902, pairs_total=18958560
[2026-03-02 04:23:32,751] INFO:fitness.free_loss_fidelity: RL4CO free-loss step 80/200: score=7.801189 (avg=7.797513), loss=0.176456 (avg=0.176138), pairs_step=316073, pairs_total=25280463
[2026-03-02 04:23:39,836] INFO:fitness.free_loss_fidelity: RL4CO free-loss step 100/200: score=7.755981 (avg=7.798134), loss=0.172247 (avg=0.175523), pairs_step=316183, pairs_total=31603653
[2026-03-02 04:23:47,128] INFO:fitness.free_loss_fidelity: RL4CO free-loss step 120/200: score=7.772553 (avg=7.799459), loss=0.168254 (avg=0.175071), pairs_step=316042, pairs_total=37926067
[2026-03-02 04:23:54,209] INFO:fitness.free_loss_fidelity: RL4CO free-loss step 140/200: score=7.820251 (avg=7.800219), loss=0.167794 (avg=0.174315), pairs_step=315873, pairs_total=44247651
[2026-03-02 04:24:01,284] INFO:fitness.free_loss_fidelity: RL4CO free-loss step 160/200: score=7.790436 (avg=7.799151), loss=0.172153 (avg=0.173837), pairs_step=316169, pairs_total=50571515
[2026-03-02 04:24:08,367] INFO:fitness.free_loss_fidelity: RL4CO free-loss step 180/200: score=7.783625 (avg=7.797801), loss=0.177474 (avg=0.173674), pairs_step=315636, pairs_total=56893706
[2026-03-02 04:24:15,451] INFO:fitness.free_loss_fidelity: RL4CO free-loss step 200/200: score=7.811180 (avg=7.796473), loss=0.167389 (avg=0.173962), pairs_step=316264, pairs_total=63216070
