[2026-03-02 03:17:41,818] INFO:fitness.free_loss_fidelity: Stage3 offline mini-train start gen=4 pair_index=20 K=200 seed=12345 valid_sizes=[100] baseline_json=baseline/mini_eval/baseline_minitrain_tsp100_K200.json
[2026-03-02 03:17:41,845] INFO:fitness.free_loss_fidelity: RL4CO free-loss (step-mode): f1_steps=200, f2_steps=0, total_steps=200, train_problem_size=100, rollouts=100, batch_size=64, device=cuda:3, env=tsp
[2026-03-02 03:17:42,197] INFO:fitness.free_loss_fidelity: RL4CO free-loss step 1/200: score=36.122910 (avg=36.122910), loss=0.840994 (avg=0.840994), pairs_step=316800, pairs_total=316800
[2026-03-02 03:17:48,899] INFO:fitness.free_loss_fidelity: RL4CO free-loss step 20/200: score=9.864364 (avg=12.784454), loss=0.605473 (avg=0.631840), pairs_step=316800, pairs_total=6335997
[2026-03-02 03:17:55,935] INFO:fitness.free_loss_fidelity: RL4CO free-loss step 40/200: score=9.356543 (avg=11.150873), loss=0.614908 (avg=0.620300), pairs_step=316800, pairs_total=12671990
[2026-03-02 03:18:03,000] INFO:fitness.free_loss_fidelity: RL4CO free-loss step 60/200: score=9.155055 (avg=10.508418), loss=0.600552 (avg=0.614501), pairs_step=316800, pairs_total=19007982
[2026-03-02 03:18:09,393] INFO:fitness.free_loss_fidelity: RL4CO free-loss step 80/200: score=9.002561 (avg=10.144786), loss=0.590890 (avg=0.609450), pairs_step=316799, pairs_total=25343975
[2026-03-02 03:18:15,620] INFO:fitness.free_loss_fidelity: RL4CO free-loss step 100/200: score=8.908845 (avg=9.908035), loss=0.586495 (avg=0.606233), pairs_step=316800, pairs_total=31679966
[2026-03-02 03:18:21,874] INFO:fitness.free_loss_fidelity: RL4CO free-loss step 120/200: score=8.805975 (avg=9.739188), loss=0.590920 (avg=0.603996), pairs_step=316799, pairs_total=38015961
[2026-03-02 03:18:28,132] INFO:fitness.free_loss_fidelity: RL4CO free-loss step 140/200: score=8.792778 (avg=9.605860), loss=0.593704 (avg=0.602818), pairs_step=316800, pairs_total=44351955
[2026-03-02 03:18:34,370] INFO:fitness.free_loss_fidelity: RL4CO free-loss step 160/200: score=8.699059 (avg=9.496986), loss=0.595039 (avg=0.602479), pairs_step=316800, pairs_total=50687950
[2026-03-02 03:18:40,617] INFO:fitness.free_loss_fidelity: RL4CO free-loss step 180/200: score=8.621127 (avg=9.403153), loss=0.597825 (avg=0.602666), pairs_step=316800, pairs_total=57023941
[2026-03-02 03:18:46,872] INFO:fitness.free_loss_fidelity: RL4CO free-loss step 200/200: score=8.613539 (avg=9.322201), loss=0.605799 (avg=0.602833), pairs_step=316800, pairs_total=63359937
[2026-03-02 03:18:47,979] WARNING:fitness.free_loss_fidelity: weights_only checkpoint load failed (UnpicklingError); retrying weights_only=False for /data1/gushengda/eam-rl4co/baseline/epoch_135.ckpt
[2026-03-02 03:18:48,022] INFO:fitness.free_loss_fidelity: Loaded init checkpoint into policy: path=/data1/gushengda/eam-rl4co/baseline/epoch_135.ckpt prefix=policy. matched=97 missing=0 unexpected=0
[2026-03-02 03:18:48,033] INFO:fitness.free_loss_fidelity: RL4CO free-loss (step-mode): f1_steps=200, f2_steps=0, total_steps=200, train_problem_size=100, rollouts=100, batch_size=64, device=cuda:3, env=tsp
[2026-03-02 03:18:48,382] INFO:fitness.free_loss_fidelity: RL4CO free-loss step 1/200: score=7.803347 (avg=7.803347), loss=0.677121 (avg=0.677121), pairs_step=315697, pairs_total=315697
[2026-03-02 03:18:54,302] INFO:fitness.free_loss_fidelity: RL4CO free-loss step 20/200: score=7.777287 (avg=7.809304), loss=0.675483 (avg=0.676128), pairs_step=315603, pairs_total=6316090
[2026-03-02 03:19:00,529] INFO:fitness.free_loss_fidelity: RL4CO free-loss step 40/200: score=7.818717 (avg=7.802953), loss=0.678360 (avg=0.676138), pairs_step=315690, pairs_total=12630319
[2026-03-02 03:19:06,772] INFO:fitness.free_loss_fidelity: RL4CO free-loss step 60/200: score=7.812337 (avg=7.799367), loss=0.675452 (avg=0.676403), pairs_step=315127, pairs_total=18942188
[2026-03-02 03:19:13,020] INFO:fitness.free_loss_fidelity: RL4CO free-loss step 80/200: score=7.795637 (avg=7.798067), loss=0.678034 (avg=0.676514), pairs_step=315522, pairs_total=25255692
[2026-03-02 03:19:19,249] INFO:fitness.free_loss_fidelity: RL4CO free-loss step 100/200: score=7.760227 (avg=7.798807), loss=0.679683 (avg=0.676612), pairs_step=315661, pairs_total=31570399
[2026-03-02 03:19:25,486] INFO:fitness.free_loss_fidelity: RL4CO free-loss step 120/200: score=7.774312 (avg=7.800238), loss=0.676686 (avg=0.676775), pairs_step=315782, pairs_total=37884993
[2026-03-02 03:19:31,734] INFO:fitness.free_loss_fidelity: RL4CO free-loss step 140/200: score=7.829161 (avg=7.801083), loss=0.677532 (avg=0.676782), pairs_step=315133, pairs_total=44196359
[2026-03-02 03:19:37,966] INFO:fitness.free_loss_fidelity: RL4CO free-loss step 160/200: score=7.798691 (avg=7.800351), loss=0.676035 (avg=0.676740), pairs_step=315300, pairs_total=50508879
[2026-03-02 03:19:44,190] INFO:fitness.free_loss_fidelity: RL4CO free-loss step 180/200: score=7.787145 (avg=7.799182), loss=0.675667 (avg=0.676716), pairs_step=315553, pairs_total=56820023
[2026-03-02 03:19:50,428] INFO:fitness.free_loss_fidelity: RL4CO free-loss step 200/200: score=7.810689 (avg=7.798058), loss=0.674913 (avg=0.676638), pairs_step=315559, pairs_total=63130965
[2026-03-02 03:19:51,535] WARNING:fitness.free_loss_fidelity: weights_only checkpoint load failed (UnpicklingError); retrying weights_only=False for /data1/gushengda/eam-rl4co/baseline/epoch_409.ckpt
[2026-03-02 03:19:51,572] INFO:fitness.free_loss_fidelity: Loaded init checkpoint into policy: path=/data1/gushengda/eam-rl4co/baseline/epoch_409.ckpt prefix=policy. matched=97 missing=0 unexpected=0
[2026-03-02 03:19:51,578] INFO:fitness.free_loss_fidelity: RL4CO free-loss (step-mode): f1_steps=200, f2_steps=0, total_steps=200, train_problem_size=100, rollouts=100, batch_size=64, device=cuda:3, env=tsp
[2026-03-02 03:19:51,895] INFO:fitness.free_loss_fidelity: RL4CO free-loss step 1/200: score=7.807477 (avg=7.807477), loss=0.212337 (avg=0.212337), pairs_step=315750, pairs_total=315750
[2026-03-02 03:19:57,820] INFO:fitness.free_loss_fidelity: RL4CO free-loss step 20/200: score=7.778811 (avg=7.808674), loss=0.212260 (avg=0.208035), pairs_step=315949, pairs_total=6318688
[2026-03-02 03:20:04,056] INFO:fitness.free_loss_fidelity: RL4CO free-loss step 40/200: score=7.814713 (avg=7.802092), loss=0.203432 (avg=0.208085), pairs_step=315955, pairs_total=12638387
[2026-03-02 03:20:10,337] INFO:fitness.free_loss_fidelity: RL4CO free-loss step 60/200: score=7.812065 (avg=7.798143), loss=0.202128 (avg=0.206506), pairs_step=315715, pairs_total=18954901
[2026-03-02 03:20:16,574] INFO:fitness.free_loss_fidelity: RL4CO free-loss step 80/200: score=7.794685 (avg=7.796480), loss=0.205950 (avg=0.205288), pairs_step=315579, pairs_total=25272112
[2026-03-02 03:20:22,807] INFO:fitness.free_loss_fidelity: RL4CO free-loss step 100/200: score=7.757740 (avg=7.797174), loss=0.219108 (avg=0.207073), pairs_step=316137, pairs_total=31591576
[2026-03-02 03:20:29,057] INFO:fitness.free_loss_fidelity: RL4CO free-loss step 120/200: score=7.774854 (avg=7.798575), loss=0.207205 (avg=0.208292), pairs_step=315766, pairs_total=37909667
[2026-03-02 03:20:35,292] INFO:fitness.free_loss_fidelity: RL4CO free-loss step 140/200: score=7.827894 (avg=7.799420), loss=0.196344 (avg=0.207241), pairs_step=315611, pairs_total=44223920
[2026-03-02 03:20:41,537] INFO:fitness.free_loss_fidelity: RL4CO free-loss step 160/200: score=7.791581 (avg=7.798644), loss=0.194156 (avg=0.205416), pairs_step=315988, pairs_total=50539328
[2026-03-02 03:20:47,780] INFO:fitness.free_loss_fidelity: RL4CO free-loss step 180/200: score=7.783944 (avg=7.797545), loss=0.205609 (avg=0.204937), pairs_step=315777, pairs_total=56854455
[2026-03-02 03:20:54,013] INFO:fitness.free_loss_fidelity: RL4CO free-loss step 200/200: score=7.810905 (avg=7.796365), loss=0.215087 (avg=0.205548), pairs_step=315280, pairs_total=63170882
