[2026-03-02 03:45:24,440] INFO:fitness.free_loss_fidelity: Stage3 offline mini-train start gen=5 pair_index=1 K=200 seed=12345 valid_sizes=[100] baseline_json=baseline/mini_eval/baseline_minitrain_tsp100_K200.json
[2026-03-02 03:45:30,154] INFO:fitness.free_loss_fidelity: RL4CO free-loss (step-mode): f1_steps=200, f2_steps=0, total_steps=200, train_problem_size=100, rollouts=100, batch_size=64, device=cuda:2, env=tsp
[2026-03-02 03:45:30,977] INFO:fitness.free_loss_fidelity: RL4CO free-loss step 1/200: score=36.122910 (avg=36.122910), loss=0.942688 (avg=0.942688), pairs_step=316800, pairs_total=316800
[2026-03-02 03:45:36,897] INFO:fitness.free_loss_fidelity: RL4CO free-loss step 20/200: score=9.959291 (avg=13.061229), loss=0.578962 (avg=0.618064), pairs_step=316800, pairs_total=6335997
[2026-03-02 03:45:43,077] INFO:fitness.free_loss_fidelity: RL4CO free-loss step 40/200: score=9.595692 (avg=11.407090), loss=0.548502 (avg=0.590029), pairs_step=316797, pairs_total=12671987
[2026-03-02 03:45:49,268] INFO:fitness.free_loss_fidelity: RL4CO free-loss step 60/200: score=9.401232 (avg=10.759343), loss=0.541149 (avg=0.574338), pairs_step=316800, pairs_total=19007985
[2026-03-02 03:45:55,474] INFO:fitness.free_loss_fidelity: RL4CO free-loss step 80/200: score=9.318556 (avg=10.400488), loss=0.515239 (avg=0.561736), pairs_step=316799, pairs_total=25343979
[2026-03-02 03:46:01,681] INFO:fitness.free_loss_fidelity: RL4CO free-loss step 100/200: score=9.213401 (avg=10.172067), loss=0.520617 (avg=0.554051), pairs_step=316800, pairs_total=31679975
[2026-03-02 03:46:07,861] INFO:fitness.free_loss_fidelity: RL4CO free-loss step 120/200: score=9.121560 (avg=10.008632), loss=0.524082 (avg=0.549246), pairs_step=316800, pairs_total=38015971
[2026-03-02 03:46:14,032] INFO:fitness.free_loss_fidelity: RL4CO free-loss step 140/200: score=9.135943 (avg=9.883265), loss=0.515747 (avg=0.545488), pairs_step=316800, pairs_total=44351969
[2026-03-02 03:46:20,209] INFO:fitness.free_loss_fidelity: RL4CO free-loss step 160/200: score=9.015459 (avg=9.781173), loss=0.522762 (avg=0.542850), pairs_step=316800, pairs_total=50687963
[2026-03-02 03:46:26,389] INFO:fitness.free_loss_fidelity: RL4CO free-loss step 180/200: score=8.989655 (avg=9.694442), loss=0.524830 (avg=0.541218), pairs_step=316799, pairs_total=57023958
[2026-03-02 03:46:32,575] INFO:fitness.free_loss_fidelity: RL4CO free-loss step 200/200: score=8.943062 (avg=9.618768), loss=0.524865 (avg=0.540033), pairs_step=316800, pairs_total=63359948
[2026-03-02 03:46:33,680] WARNING:fitness.free_loss_fidelity: weights_only checkpoint load failed (UnpicklingError); retrying weights_only=False for /data1/gushengda/eam-rl4co/baseline/epoch_135.ckpt
[2026-03-02 03:46:33,721] INFO:fitness.free_loss_fidelity: Loaded init checkpoint into policy: path=/data1/gushengda/eam-rl4co/baseline/epoch_135.ckpt prefix=policy. matched=97 missing=0 unexpected=0
[2026-03-02 03:46:33,727] INFO:fitness.free_loss_fidelity: RL4CO free-loss (step-mode): f1_steps=200, f2_steps=0, total_steps=200, train_problem_size=100, rollouts=100, batch_size=64, device=cuda:2, env=tsp
[2026-03-02 03:46:34,049] INFO:fitness.free_loss_fidelity: RL4CO free-loss step 1/200: score=7.803347 (avg=7.803347), loss=0.669376 (avg=0.669376), pairs_step=315697, pairs_total=315697
[2026-03-02 03:46:39,946] INFO:fitness.free_loss_fidelity: RL4CO free-loss step 20/200: score=7.781645 (avg=7.809247), loss=0.661315 (avg=0.665558), pairs_step=315953, pairs_total=6317922
[2026-03-02 03:46:46,142] INFO:fitness.free_loss_fidelity: RL4CO free-loss step 40/200: score=7.814927 (avg=7.802786), loss=0.664434 (avg=0.662418), pairs_step=316064, pairs_total=12636107
[2026-03-02 03:46:52,349] INFO:fitness.free_loss_fidelity: RL4CO free-loss step 60/200: score=7.814930 (avg=7.799320), loss=0.651198 (avg=0.659458), pairs_step=315773, pairs_total=18954873
[2026-03-02 03:46:58,550] INFO:fitness.free_loss_fidelity: RL4CO free-loss step 80/200: score=7.799928 (avg=7.798036), loss=0.649291 (avg=0.656969), pairs_step=315987, pairs_total=25274981
[2026-03-02 03:47:04,765] INFO:fitness.free_loss_fidelity: RL4CO free-loss step 100/200: score=7.755292 (avg=7.798723), loss=0.639684 (avg=0.653799), pairs_step=316144, pairs_total=31597188
[2026-03-02 03:47:10,963] INFO:fitness.free_loss_fidelity: RL4CO free-loss step 120/200: score=7.774539 (avg=7.799993), loss=0.637042 (avg=0.650547), pairs_step=315981, pairs_total=37919386
[2026-03-02 03:47:17,167] INFO:fitness.free_loss_fidelity: RL4CO free-loss step 140/200: score=7.827110 (avg=7.800971), loss=0.634135 (avg=0.648088), pairs_step=315811, pairs_total=44239283
[2026-03-02 03:47:23,368] INFO:fitness.free_loss_fidelity: RL4CO free-loss step 160/200: score=7.792358 (avg=7.800159), loss=0.616248 (avg=0.645481), pairs_step=316094, pairs_total=50561161
[2026-03-02 03:47:29,584] INFO:fitness.free_loss_fidelity: RL4CO free-loss step 180/200: score=7.786905 (avg=7.799032), loss=0.610170 (avg=0.642315), pairs_step=315912, pairs_total=56882652
[2026-03-02 03:47:35,810] INFO:fitness.free_loss_fidelity: RL4CO free-loss step 200/200: score=7.807305 (avg=7.797918), loss=0.604473 (avg=0.639447), pairs_step=315992, pairs_total=63204447
[2026-03-02 03:47:36,916] WARNING:fitness.free_loss_fidelity: weights_only checkpoint load failed (UnpicklingError); retrying weights_only=False for /data1/gushengda/eam-rl4co/baseline/epoch_409.ckpt
[2026-03-02 03:47:36,954] INFO:fitness.free_loss_fidelity: Loaded init checkpoint into policy: path=/data1/gushengda/eam-rl4co/baseline/epoch_409.ckpt prefix=policy. matched=97 missing=0 unexpected=0
[2026-03-02 03:47:36,960] INFO:fitness.free_loss_fidelity: RL4CO free-loss (step-mode): f1_steps=200, f2_steps=0, total_steps=200, train_problem_size=100, rollouts=100, batch_size=64, device=cuda:2, env=tsp
[2026-03-02 03:47:37,282] INFO:fitness.free_loss_fidelity: RL4CO free-loss step 1/200: score=7.807477 (avg=7.807477), loss=0.188473 (avg=0.188473), pairs_step=315750, pairs_total=315750
[2026-03-02 03:47:43,205] INFO:fitness.free_loss_fidelity: RL4CO free-loss step 20/200: score=7.775869 (avg=7.809180), loss=0.177895 (avg=0.179963), pairs_step=316034, pairs_total=6317802
[2026-03-02 03:47:49,450] INFO:fitness.free_loss_fidelity: RL4CO free-loss step 40/200: score=7.818288 (avg=7.802378), loss=0.184870 (avg=0.180760), pairs_step=315856, pairs_total=12637281
[2026-03-02 03:47:55,675] INFO:fitness.free_loss_fidelity: RL4CO free-loss step 60/200: score=7.810971 (avg=7.798632), loss=0.185975 (avg=0.182013), pairs_step=315637, pairs_total=18954784
[2026-03-02 03:48:01,916] INFO:fitness.free_loss_fidelity: RL4CO free-loss step 80/200: score=7.793470 (avg=7.797106), loss=0.185935 (avg=0.181412), pairs_step=315614, pairs_total=25275153
[2026-03-02 03:48:08,161] INFO:fitness.free_loss_fidelity: RL4CO free-loss step 100/200: score=7.754896 (avg=7.797692), loss=0.189698 (avg=0.182854), pairs_step=315786, pairs_total=31594966
[2026-03-02 03:48:14,587] INFO:fitness.free_loss_fidelity: RL4CO free-loss step 120/200: score=7.773613 (avg=7.798764), loss=0.182033 (avg=0.183189), pairs_step=316064, pairs_total=37914435
[2026-03-02 03:48:20,822] INFO:fitness.free_loss_fidelity: RL4CO free-loss step 140/200: score=7.824825 (avg=7.799675), loss=0.180546 (avg=0.183046), pairs_step=315652, pairs_total=44231181
[2026-03-02 03:48:27,050] INFO:fitness.free_loss_fidelity: RL4CO free-loss step 160/200: score=7.789027 (avg=7.798718), loss=0.179313 (avg=0.182498), pairs_step=316121, pairs_total=50550282
[2026-03-02 03:48:33,295] INFO:fitness.free_loss_fidelity: RL4CO free-loss step 180/200: score=7.777995 (avg=7.797431), loss=0.182296 (avg=0.182133), pairs_step=315693, pairs_total=56868003
[2026-03-02 03:48:39,554] INFO:fitness.free_loss_fidelity: RL4CO free-loss step 200/200: score=7.806761 (avg=7.796048), loss=0.174713 (avg=0.182051), pairs_step=315659, pairs_total=63186521
