[2026-03-02 06:03:33,055] INFO:fitness.free_loss_fidelity: Stage3 offline mini-train start gen=8 pair_index=16 K=200 seed=12345 valid_sizes=[100] baseline_json=baseline/mini_eval/baseline_minitrain_tsp100_K200.json
[2026-03-02 06:03:33,076] INFO:fitness.free_loss_fidelity: RL4CO free-loss (step-mode): f1_steps=200, f2_steps=0, total_steps=200, train_problem_size=100, rollouts=100, batch_size=64, device=cuda:3, env=tsp
[2026-03-02 06:03:33,394] INFO:fitness.free_loss_fidelity: RL4CO free-loss step 1/200: score=36.122910 (avg=36.122910), loss=0.802472 (avg=0.802472), pairs_step=316800, pairs_total=316800
[2026-03-02 06:03:39,341] INFO:fitness.free_loss_fidelity: RL4CO free-loss step 20/200: score=9.936567 (avg=12.871053), loss=0.544275 (avg=0.571306), pairs_step=316800, pairs_total=6335996
[2026-03-02 06:03:45,599] INFO:fitness.free_loss_fidelity: RL4CO free-loss step 40/200: score=9.424324 (avg=11.217342), loss=0.556762 (avg=0.557091), pairs_step=316800, pairs_total=12671987
[2026-03-02 06:03:51,850] INFO:fitness.free_loss_fidelity: RL4CO free-loss step 60/200: score=9.235237 (avg=10.575705), loss=0.538909 (avg=0.549812), pairs_step=316800, pairs_total=19007980
[2026-03-02 06:03:58,108] INFO:fitness.free_loss_fidelity: RL4CO free-loss step 80/200: score=9.048624 (avg=10.207708), loss=0.525640 (avg=0.544759), pairs_step=316800, pairs_total=25343974
[2026-03-02 06:04:04,374] INFO:fitness.free_loss_fidelity: RL4CO free-loss step 100/200: score=8.999420 (avg=9.973086), loss=0.519799 (avg=0.541082), pairs_step=316800, pairs_total=31679968
[2026-03-02 06:04:10,629] INFO:fitness.free_loss_fidelity: RL4CO free-loss step 120/200: score=8.858681 (avg=9.802290), loss=0.533069 (avg=0.539080), pairs_step=316800, pairs_total=38015964
[2026-03-02 06:04:16,878] INFO:fitness.free_loss_fidelity: RL4CO free-loss step 140/200: score=8.867885 (avg=9.670430), loss=0.534545 (avg=0.537614), pairs_step=316800, pairs_total=44351959
[2026-03-02 06:04:23,137] INFO:fitness.free_loss_fidelity: RL4CO free-loss step 160/200: score=8.760948 (avg=9.562192), loss=0.525738 (avg=0.536977), pairs_step=316800, pairs_total=50687957
[2026-03-02 06:04:29,379] INFO:fitness.free_loss_fidelity: RL4CO free-loss step 180/200: score=8.705750 (avg=9.472328), loss=0.533436 (avg=0.537052), pairs_step=316800, pairs_total=57023952
[2026-03-02 06:04:35,629] INFO:fitness.free_loss_fidelity: RL4CO free-loss step 200/200: score=8.693612 (avg=9.391925), loss=0.545446 (avg=0.537492), pairs_step=316800, pairs_total=63359949
[2026-03-02 06:04:36,738] WARNING:fitness.free_loss_fidelity: weights_only checkpoint load failed (UnpicklingError); retrying weights_only=False for /data1/gushengda/eam-rl4co/baseline/epoch_135.ckpt
[2026-03-02 06:04:36,774] INFO:fitness.free_loss_fidelity: Loaded init checkpoint into policy: path=/data1/gushengda/eam-rl4co/baseline/epoch_135.ckpt prefix=policy. matched=97 missing=0 unexpected=0
[2026-03-02 06:04:36,780] INFO:fitness.free_loss_fidelity: RL4CO free-loss (step-mode): f1_steps=200, f2_steps=0, total_steps=200, train_problem_size=100, rollouts=100, batch_size=64, device=cuda:3, env=tsp
[2026-03-02 06:04:37,116] INFO:fitness.free_loss_fidelity: RL4CO free-loss step 1/200: score=7.803347 (avg=7.803347), loss=0.662453 (avg=0.662453), pairs_step=315697, pairs_total=315697
[2026-03-02 06:04:43,058] INFO:fitness.free_loss_fidelity: RL4CO free-loss step 20/200: score=7.776471 (avg=7.808964), loss=0.655747 (avg=0.659635), pairs_step=315638, pairs_total=6317825
[2026-03-02 06:04:49,320] INFO:fitness.free_loss_fidelity: RL4CO free-loss step 40/200: score=7.821186 (avg=7.802913), loss=0.664338 (avg=0.659680), pairs_step=316066, pairs_total=12631853
[2026-03-02 06:04:55,576] INFO:fitness.free_loss_fidelity: RL4CO free-loss step 60/200: score=7.813907 (avg=7.799558), loss=0.659622 (avg=0.659369), pairs_step=315535, pairs_total=18947399
[2026-03-02 06:05:01,841] INFO:fitness.free_loss_fidelity: RL4CO free-loss step 80/200: score=7.795396 (avg=7.798039), loss=0.654955 (avg=0.659287), pairs_step=315991, pairs_total=25262985
[2026-03-02 06:05:08,128] INFO:fitness.free_loss_fidelity: RL4CO free-loss step 100/200: score=7.758698 (avg=7.798753), loss=0.650159 (avg=0.658783), pairs_step=315995, pairs_total=31579828
[2026-03-02 06:05:14,365] INFO:fitness.free_loss_fidelity: RL4CO free-loss step 120/200: score=7.773570 (avg=7.800219), loss=0.655721 (avg=0.658168), pairs_step=315743, pairs_total=37896321
[2026-03-02 06:05:20,620] INFO:fitness.free_loss_fidelity: RL4CO free-loss step 140/200: score=7.830801 (avg=7.801287), loss=0.645182 (avg=0.657253), pairs_step=315602, pairs_total=44211362
[2026-03-02 06:05:26,863] INFO:fitness.free_loss_fidelity: RL4CO free-loss step 160/200: score=7.799741 (avg=7.800589), loss=0.639824 (avg=0.655627), pairs_step=315381, pairs_total=50526799
[2026-03-02 06:05:33,108] INFO:fitness.free_loss_fidelity: RL4CO free-loss step 180/200: score=7.788785 (avg=7.799595), loss=0.643375 (avg=0.654257), pairs_step=315787, pairs_total=56842017
[2026-03-02 06:05:39,358] INFO:fitness.free_loss_fidelity: RL4CO free-loss step 200/200: score=7.811639 (avg=7.798412), loss=0.637784 (avg=0.653493), pairs_step=315646, pairs_total=63157948
[2026-03-02 06:05:40,467] WARNING:fitness.free_loss_fidelity: weights_only checkpoint load failed (UnpicklingError); retrying weights_only=False for /data1/gushengda/eam-rl4co/baseline/epoch_409.ckpt
[2026-03-02 06:05:40,505] INFO:fitness.free_loss_fidelity: Loaded init checkpoint into policy: path=/data1/gushengda/eam-rl4co/baseline/epoch_409.ckpt prefix=policy. matched=97 missing=0 unexpected=0
[2026-03-02 06:05:40,510] INFO:fitness.free_loss_fidelity: RL4CO free-loss (step-mode): f1_steps=200, f2_steps=0, total_steps=200, train_problem_size=100, rollouts=100, batch_size=64, device=cuda:3, env=tsp
[2026-03-02 06:05:40,829] INFO:fitness.free_loss_fidelity: RL4CO free-loss step 1/200: score=7.807477 (avg=7.807477), loss=0.171136 (avg=0.171136), pairs_step=315750, pairs_total=315750
[2026-03-02 06:05:46,764] INFO:fitness.free_loss_fidelity: RL4CO free-loss step 20/200: score=7.779758 (avg=7.808777), loss=0.157643 (avg=0.163563), pairs_step=316028, pairs_total=6317954
[2026-03-02 06:05:53,029] INFO:fitness.free_loss_fidelity: RL4CO free-loss step 40/200: score=7.816113 (avg=7.803482), loss=0.157657 (avg=0.160382), pairs_step=316130, pairs_total=12636829
[2026-03-02 06:05:59,276] INFO:fitness.free_loss_fidelity: RL4CO free-loss step 60/200: score=7.808947 (avg=7.799759), loss=0.160867 (avg=0.159917), pairs_step=315763, pairs_total=18955327
[2026-03-02 06:06:05,534] INFO:fitness.free_loss_fidelity: RL4CO free-loss step 80/200: score=7.803956 (avg=7.798222), loss=0.169327 (avg=0.161397), pairs_step=315814, pairs_total=25272679
[2026-03-02 06:06:11,788] INFO:fitness.free_loss_fidelity: RL4CO free-loss step 100/200: score=7.757810 (avg=7.798927), loss=0.171625 (avg=0.162851), pairs_step=315942, pairs_total=31590812
[2026-03-02 06:06:18,035] INFO:fitness.free_loss_fidelity: RL4CO free-loss step 120/200: score=7.774783 (avg=7.800280), loss=0.154524 (avg=0.163207), pairs_step=315695, pairs_total=37909624
[2026-03-02 06:06:24,285] INFO:fitness.free_loss_fidelity: RL4CO free-loss step 140/200: score=7.821820 (avg=7.801411), loss=0.155953 (avg=0.161851), pairs_step=315908, pairs_total=44229386
[2026-03-02 06:06:30,530] INFO:fitness.free_loss_fidelity: RL4CO free-loss step 160/200: score=7.799448 (avg=7.800538), loss=0.168422 (avg=0.162102), pairs_step=316003, pairs_total=50547841
[2026-03-02 06:06:36,782] INFO:fitness.free_loss_fidelity: RL4CO free-loss step 180/200: score=7.780305 (avg=7.799229), loss=0.162856 (avg=0.162352), pairs_step=315471, pairs_total=56864494
[2026-03-02 06:06:43,032] INFO:fitness.free_loss_fidelity: RL4CO free-loss step 200/200: score=7.812807 (avg=7.797997), loss=0.158708 (avg=0.162300), pairs_step=315426, pairs_total=63179917
