[2026-03-02 04:34:10,282] INFO:fitness.free_loss_fidelity: Stage3 offline mini-train start gen=6 pair_index=28 K=200 seed=12345 valid_sizes=[100] baseline_json=baseline/mini_eval/baseline_minitrain_tsp100_K200.json
[2026-03-02 04:34:10,300] INFO:fitness.free_loss_fidelity: RL4CO free-loss (step-mode): f1_steps=200, f2_steps=0, total_steps=200, train_problem_size=100, rollouts=100, batch_size=64, device=cuda:2, env=tsp
[2026-03-02 04:34:10,628] INFO:fitness.free_loss_fidelity: RL4CO free-loss step 1/200: score=36.122910 (avg=36.122910), loss=0.717510 (avg=0.717510), pairs_step=316800, pairs_total=316800
[2026-03-02 04:34:16,762] INFO:fitness.free_loss_fidelity: RL4CO free-loss step 20/200: score=9.886669 (avg=12.598261), loss=0.629332 (avg=0.635974), pairs_step=316800, pairs_total=6335995
[2026-03-02 04:34:23,236] INFO:fitness.free_loss_fidelity: RL4CO free-loss step 40/200: score=9.368076 (avg=11.045408), loss=0.637796 (avg=0.635803), pairs_step=316800, pairs_total=12671992
[2026-03-02 04:34:29,700] INFO:fitness.free_loss_fidelity: RL4CO free-loss step 60/200: score=9.084114 (avg=10.426863), loss=0.628657 (avg=0.634861), pairs_step=316800, pairs_total=19007987
[2026-03-02 04:34:36,161] INFO:fitness.free_loss_fidelity: RL4CO free-loss step 80/200: score=8.940058 (avg=10.072904), loss=0.624447 (avg=0.632688), pairs_step=316800, pairs_total=25343985
[2026-03-02 04:34:42,619] INFO:fitness.free_loss_fidelity: RL4CO free-loss step 100/200: score=8.814781 (avg=9.835214), loss=0.628186 (avg=0.631334), pairs_step=316800, pairs_total=31679980
[2026-03-02 04:34:49,089] INFO:fitness.free_loss_fidelity: RL4CO free-loss step 120/200: score=8.702005 (avg=9.662978), loss=0.627538 (avg=0.630673), pairs_step=316800, pairs_total=38015976
[2026-03-02 04:34:55,552] INFO:fitness.free_loss_fidelity: RL4CO free-loss step 140/200: score=8.649040 (avg=9.523842), loss=0.630509 (avg=0.630577), pairs_step=316800, pairs_total=44351969
[2026-03-02 04:35:02,017] INFO:fitness.free_loss_fidelity: RL4CO free-loss step 160/200: score=8.568216 (avg=9.407876), loss=0.635224 (avg=0.630940), pairs_step=316800, pairs_total=50687967
[2026-03-02 04:35:08,481] INFO:fitness.free_loss_fidelity: RL4CO free-loss step 180/200: score=8.470380 (avg=9.310522), loss=0.634587 (avg=0.631468), pairs_step=316800, pairs_total=57023959
[2026-03-02 04:35:14,948] INFO:fitness.free_loss_fidelity: RL4CO free-loss step 200/200: score=8.477741 (avg=9.226377), loss=0.640830 (avg=0.632169), pairs_step=316800, pairs_total=63359956
[2026-03-02 04:35:16,065] WARNING:fitness.free_loss_fidelity: weights_only checkpoint load failed (UnpicklingError); retrying weights_only=False for /data1/gushengda/eam-rl4co/baseline/epoch_135.ckpt
[2026-03-02 04:35:16,103] INFO:fitness.free_loss_fidelity: Loaded init checkpoint into policy: path=/data1/gushengda/eam-rl4co/baseline/epoch_135.ckpt prefix=policy. matched=97 missing=0 unexpected=0
[2026-03-02 04:35:16,107] INFO:fitness.free_loss_fidelity: RL4CO free-loss (step-mode): f1_steps=200, f2_steps=0, total_steps=200, train_problem_size=100, rollouts=100, batch_size=64, device=cuda:2, env=tsp
[2026-03-02 04:35:16,439] INFO:fitness.free_loss_fidelity: RL4CO free-loss step 1/200: score=7.803347 (avg=7.803347), loss=0.680874 (avg=0.680874), pairs_step=315697, pairs_total=315697
[2026-03-02 04:35:22,534] INFO:fitness.free_loss_fidelity: RL4CO free-loss step 20/200: score=7.778403 (avg=7.808617), loss=0.680201 (avg=0.680912), pairs_step=315730, pairs_total=6315857
[2026-03-02 04:35:28,975] INFO:fitness.free_loss_fidelity: RL4CO free-loss step 40/200: score=7.814991 (avg=7.802615), loss=0.681300 (avg=0.680931), pairs_step=315498, pairs_total=12628583
[2026-03-02 04:35:35,424] INFO:fitness.free_loss_fidelity: RL4CO free-loss step 60/200: score=7.817906 (avg=7.799191), loss=0.682077 (avg=0.681095), pairs_step=315217, pairs_total=18940665
[2026-03-02 04:35:41,858] INFO:fitness.free_loss_fidelity: RL4CO free-loss step 80/200: score=7.795465 (avg=7.797917), loss=0.681175 (avg=0.681160), pairs_step=315697, pairs_total=25254365
[2026-03-02 04:35:48,528] INFO:fitness.free_loss_fidelity: RL4CO free-loss step 100/200: score=7.754651 (avg=7.798838), loss=0.679744 (avg=0.681244), pairs_step=315796, pairs_total=31568411
[2026-03-02 04:35:55,039] INFO:fitness.free_loss_fidelity: RL4CO free-loss step 120/200: score=7.770117 (avg=7.800096), loss=0.681314 (avg=0.681285), pairs_step=315644, pairs_total=37880289
[2026-03-02 04:36:01,509] INFO:fitness.free_loss_fidelity: RL4CO free-loss step 140/200: score=7.830805 (avg=7.800900), loss=0.683146 (avg=0.681312), pairs_step=315346, pairs_total=44191843
[2026-03-02 04:36:07,884] INFO:fitness.free_loss_fidelity: RL4CO free-loss step 160/200: score=7.791433 (avg=7.800006), loss=0.681753 (avg=0.681289), pairs_step=315045, pairs_total=50502405
[2026-03-02 04:36:14,392] INFO:fitness.free_loss_fidelity: RL4CO free-loss step 180/200: score=7.787557 (avg=7.799026), loss=0.682445 (avg=0.681318), pairs_step=315330, pairs_total=56811360
[2026-03-02 04:36:20,857] INFO:fitness.free_loss_fidelity: RL4CO free-loss step 200/200: score=7.808838 (avg=7.797911), loss=0.680234 (avg=0.681334), pairs_step=315480, pairs_total=63121177
[2026-03-02 04:36:21,985] WARNING:fitness.free_loss_fidelity: weights_only checkpoint load failed (UnpicklingError); retrying weights_only=False for /data1/gushengda/eam-rl4co/baseline/epoch_409.ckpt
[2026-03-02 04:36:22,031] INFO:fitness.free_loss_fidelity: Loaded init checkpoint into policy: path=/data1/gushengda/eam-rl4co/baseline/epoch_409.ckpt prefix=policy. matched=97 missing=0 unexpected=0
[2026-03-02 04:36:22,036] INFO:fitness.free_loss_fidelity: RL4CO free-loss (step-mode): f1_steps=200, f2_steps=0, total_steps=200, train_problem_size=100, rollouts=100, batch_size=64, device=cuda:2, env=tsp
[2026-03-02 04:36:22,391] INFO:fitness.free_loss_fidelity: RL4CO free-loss step 1/200: score=7.807477 (avg=7.807477), loss=0.255360 (avg=0.255360), pairs_step=315750, pairs_total=315750
[2026-03-02 04:36:28,440] INFO:fitness.free_loss_fidelity: RL4CO free-loss step 20/200: score=7.779588 (avg=7.810626), loss=0.236921 (avg=0.251221), pairs_step=315724, pairs_total=6316514
[2026-03-02 04:36:35,258] INFO:fitness.free_loss_fidelity: RL4CO free-loss step 40/200: score=7.812185 (avg=7.802830), loss=0.232771 (avg=0.240545), pairs_step=316006, pairs_total=12635017
[2026-03-02 04:36:42,495] INFO:fitness.free_loss_fidelity: RL4CO free-loss step 60/200: score=7.809120 (avg=7.798850), loss=0.257806 (avg=0.242453), pairs_step=315590, pairs_total=18951754
[2026-03-02 04:36:49,758] INFO:fitness.free_loss_fidelity: RL4CO free-loss step 80/200: score=7.794821 (avg=7.797172), loss=0.257049 (avg=0.246642), pairs_step=315607, pairs_total=25267606
[2026-03-02 04:36:57,112] INFO:fitness.free_loss_fidelity: RL4CO free-loss step 100/200: score=7.753067 (avg=7.797193), loss=0.227554 (avg=0.245361), pairs_step=315987, pairs_total=31584222
[2026-03-02 04:37:03,786] INFO:fitness.free_loss_fidelity: RL4CO free-loss step 120/200: score=7.771493 (avg=7.798522), loss=0.232388 (avg=0.241876), pairs_step=315728, pairs_total=37902036
[2026-03-02 04:37:10,451] INFO:fitness.free_loss_fidelity: RL4CO free-loss step 140/200: score=7.820679 (avg=7.799325), loss=0.255450 (avg=0.242469), pairs_step=315679, pairs_total=44213974
[2026-03-02 04:37:17,136] INFO:fitness.free_loss_fidelity: RL4CO free-loss step 160/200: score=7.790416 (avg=7.798498), loss=0.235446 (avg=0.243154), pairs_step=315903, pairs_total=50527776
[2026-03-02 04:37:23,790] INFO:fitness.free_loss_fidelity: RL4CO free-loss step 180/200: score=7.784278 (avg=7.797384), loss=0.226601 (avg=0.240670), pairs_step=315051, pairs_total=56839736
[2026-03-02 04:37:30,463] INFO:fitness.free_loss_fidelity: RL4CO free-loss step 200/200: score=7.809722 (avg=7.796133), loss=0.276479 (avg=0.241981), pairs_step=315535, pairs_total=63152053
