[2026-03-02 03:10:24,388] INFO:fitness.free_loss_fidelity: Stage3 offline mini-train start gen=4 pair_index=0 K=200 seed=12345 valid_sizes=[100] baseline_json=baseline/mini_eval/baseline_minitrain_tsp100_K200.json
[2026-03-02 03:10:30,121] INFO:fitness.free_loss_fidelity: RL4CO free-loss (step-mode): f1_steps=200, f2_steps=0, total_steps=200, train_problem_size=100, rollouts=100, batch_size=64, device=cuda:2, env=tsp
[2026-03-02 03:10:30,978] INFO:fitness.free_loss_fidelity: RL4CO free-loss step 1/200: score=36.122910 (avg=36.122910), loss=0.717510 (avg=0.717510), pairs_step=316800, pairs_total=316800
[2026-03-02 03:10:37,364] INFO:fitness.free_loss_fidelity: RL4CO free-loss step 20/200: score=9.785136 (avg=12.546788), loss=0.631109 (avg=0.635400), pairs_step=316800, pairs_total=6335995
[2026-03-02 03:10:43,938] INFO:fitness.free_loss_fidelity: RL4CO free-loss step 40/200: score=9.305750 (avg=10.997817), loss=0.634831 (avg=0.635149), pairs_step=316800, pairs_total=12671992
[2026-03-02 03:10:50,492] INFO:fitness.free_loss_fidelity: RL4CO free-loss step 60/200: score=9.135513 (avg=10.398352), loss=0.626948 (avg=0.634163), pairs_step=316800, pairs_total=19007983
[2026-03-02 03:10:57,027] INFO:fitness.free_loss_fidelity: RL4CO free-loss step 80/200: score=8.903416 (avg=10.047770), loss=0.626579 (avg=0.632500), pairs_step=316800, pairs_total=25343979
[2026-03-02 03:11:03,657] INFO:fitness.free_loss_fidelity: RL4CO free-loss step 100/200: score=8.762352 (avg=9.815734), loss=0.624090 (avg=0.631171), pairs_step=316800, pairs_total=31679974
[2026-03-02 03:11:10,280] INFO:fitness.free_loss_fidelity: RL4CO free-loss step 120/200: score=8.687351 (avg=9.644296), loss=0.632138 (avg=0.630774), pairs_step=316799, pairs_total=38015970
[2026-03-02 03:11:16,832] INFO:fitness.free_loss_fidelity: RL4CO free-loss step 140/200: score=8.701870 (avg=9.508800), loss=0.630295 (avg=0.630796), pairs_step=316800, pairs_total=44351961
[2026-03-02 03:11:23,425] INFO:fitness.free_loss_fidelity: RL4CO free-loss step 160/200: score=8.533306 (avg=9.393817), loss=0.633291 (avg=0.631274), pairs_step=316800, pairs_total=50687956
[2026-03-02 03:11:29,971] INFO:fitness.free_loss_fidelity: RL4CO free-loss step 180/200: score=8.481452 (avg=9.298444), loss=0.637257 (avg=0.631846), pairs_step=316799, pairs_total=57023950
[2026-03-02 03:11:36,539] INFO:fitness.free_loss_fidelity: RL4CO free-loss step 200/200: score=8.508027 (avg=9.218067), loss=0.645102 (avg=0.632525), pairs_step=316800, pairs_total=63359946
[2026-03-02 03:11:37,672] WARNING:fitness.free_loss_fidelity: weights_only checkpoint load failed (UnpicklingError); retrying weights_only=False for /data1/gushengda/eam-rl4co/baseline/epoch_135.ckpt
[2026-03-02 03:11:37,716] INFO:fitness.free_loss_fidelity: Loaded init checkpoint into policy: path=/data1/gushengda/eam-rl4co/baseline/epoch_135.ckpt prefix=policy. matched=97 missing=0 unexpected=0
[2026-03-02 03:11:37,722] INFO:fitness.free_loss_fidelity: RL4CO free-loss (step-mode): f1_steps=200, f2_steps=0, total_steps=200, train_problem_size=100, rollouts=100, batch_size=64, device=cuda:2, env=tsp
[2026-03-02 03:11:38,066] INFO:fitness.free_loss_fidelity: RL4CO free-loss step 1/200: score=7.803347 (avg=7.803347), loss=0.680874 (avg=0.680874), pairs_step=315697, pairs_total=315697
[2026-03-02 03:11:44,330] INFO:fitness.free_loss_fidelity: RL4CO free-loss step 20/200: score=7.780189 (avg=7.807994), loss=0.680981 (avg=0.680609), pairs_step=315742, pairs_total=6316427
[2026-03-02 03:11:50,922] INFO:fitness.free_loss_fidelity: RL4CO free-loss step 40/200: score=7.823086 (avg=7.802978), loss=0.683750 (avg=0.680842), pairs_step=315913, pairs_total=12631497
[2026-03-02 03:11:57,486] INFO:fitness.free_loss_fidelity: RL4CO free-loss step 60/200: score=7.821664 (avg=7.800230), loss=0.682108 (avg=0.681138), pairs_step=315543, pairs_total=18944145
[2026-03-02 03:12:04,096] INFO:fitness.free_loss_fidelity: RL4CO free-loss step 80/200: score=7.793103 (avg=7.798702), loss=0.681807 (avg=0.681229), pairs_step=315763, pairs_total=25258325
[2026-03-02 03:12:10,661] INFO:fitness.free_loss_fidelity: RL4CO free-loss step 100/200: score=7.758365 (avg=7.799396), loss=0.681989 (avg=0.681253), pairs_step=315686, pairs_total=31570355
[2026-03-02 03:12:17,229] INFO:fitness.free_loss_fidelity: RL4CO free-loss step 120/200: score=7.770354 (avg=7.800864), loss=0.680340 (avg=0.681264), pairs_step=315584, pairs_total=37882491
[2026-03-02 03:12:23,811] INFO:fitness.free_loss_fidelity: RL4CO free-loss step 140/200: score=7.829767 (avg=7.801863), loss=0.682467 (avg=0.681317), pairs_step=315206, pairs_total=44192672
[2026-03-02 03:12:30,411] INFO:fitness.free_loss_fidelity: RL4CO free-loss step 160/200: score=7.796740 (avg=7.801143), loss=0.681518 (avg=0.681306), pairs_step=315688, pairs_total=50504486
[2026-03-02 03:12:37,014] INFO:fitness.free_loss_fidelity: RL4CO free-loss step 180/200: score=7.784554 (avg=7.800018), loss=0.681867 (avg=0.681329), pairs_step=315253, pairs_total=56814169
[2026-03-02 03:12:43,597] INFO:fitness.free_loss_fidelity: RL4CO free-loss step 200/200: score=7.808517 (avg=7.798887), loss=0.680983 (avg=0.681367), pairs_step=315546, pairs_total=63125055
[2026-03-02 03:12:44,726] WARNING:fitness.free_loss_fidelity: weights_only checkpoint load failed (UnpicklingError); retrying weights_only=False for /data1/gushengda/eam-rl4co/baseline/epoch_409.ckpt
[2026-03-02 03:12:44,767] INFO:fitness.free_loss_fidelity: Loaded init checkpoint into policy: path=/data1/gushengda/eam-rl4co/baseline/epoch_409.ckpt prefix=policy. matched=97 missing=0 unexpected=0
[2026-03-02 03:12:44,772] INFO:fitness.free_loss_fidelity: RL4CO free-loss (step-mode): f1_steps=200, f2_steps=0, total_steps=200, train_problem_size=100, rollouts=100, batch_size=64, device=cuda:2, env=tsp
[2026-03-02 03:12:45,105] INFO:fitness.free_loss_fidelity: RL4CO free-loss step 1/200: score=7.807477 (avg=7.807477), loss=0.255360 (avg=0.255360), pairs_step=315750, pairs_total=315750
[2026-03-02 03:12:51,371] INFO:fitness.free_loss_fidelity: RL4CO free-loss step 20/200: score=7.782150 (avg=7.809172), loss=0.237969 (avg=0.252169), pairs_step=315880, pairs_total=6316952
[2026-03-02 03:12:57,952] INFO:fitness.free_loss_fidelity: RL4CO free-loss step 40/200: score=7.814436 (avg=7.802720), loss=0.230572 (avg=0.240956), pairs_step=315976, pairs_total=12634137
[2026-03-02 03:13:04,592] INFO:fitness.free_loss_fidelity: RL4CO free-loss step 60/200: score=7.810245 (avg=7.798841), loss=0.261897 (avg=0.242798), pairs_step=315808, pairs_total=18947627
[2026-03-02 03:13:11,216] INFO:fitness.free_loss_fidelity: RL4CO free-loss step 80/200: score=7.796633 (avg=7.797340), loss=0.260485 (avg=0.247972), pairs_step=315815, pairs_total=25262587
[2026-03-02 03:13:17,805] INFO:fitness.free_loss_fidelity: RL4CO free-loss step 100/200: score=7.755795 (avg=7.798047), loss=0.221921 (avg=0.245997), pairs_step=315812, pairs_total=31577691
[2026-03-02 03:13:24,427] INFO:fitness.free_loss_fidelity: RL4CO free-loss step 120/200: score=7.781578 (avg=7.799684), loss=0.242735 (avg=0.242648), pairs_step=315734, pairs_total=37896051
[2026-03-02 03:13:31,043] INFO:fitness.free_loss_fidelity: RL4CO free-loss step 140/200: score=7.824338 (avg=7.800572), loss=0.296488 (avg=0.246518), pairs_step=315454, pairs_total=44207965
[2026-03-02 03:13:37,837] INFO:fitness.free_loss_fidelity: RL4CO free-loss step 160/200: score=7.790696 (avg=7.799804), loss=0.249015 (avg=0.250951), pairs_step=315837, pairs_total=50519693
[2026-03-02 03:13:44,442] INFO:fitness.free_loss_fidelity: RL4CO free-loss step 180/200: score=7.783489 (avg=7.798609), loss=0.223757 (avg=0.248225), pairs_step=314799, pairs_total=56831584
[2026-03-02 03:13:51,043] INFO:fitness.free_loss_fidelity: RL4CO free-loss step 200/200: score=7.812083 (avg=7.797387), loss=0.257196 (avg=0.247808), pairs_step=315091, pairs_total=63142963
