[2026-03-02 08:46:46,640] INFO:fitness.free_loss_fidelity: Stage3 offline mini-train start gen=11 pair_index=1 K=200 seed=12345 valid_sizes=[100] baseline_json=baseline/mini_eval/baseline_minitrain_tsp100_K200.json
[2026-03-02 08:46:52,242] INFO:fitness.free_loss_fidelity: RL4CO free-loss (step-mode): f1_steps=200, f2_steps=0, total_steps=200, train_problem_size=100, rollouts=100, batch_size=64, device=cuda:0, env=tsp
[2026-03-02 08:46:53,152] INFO:fitness.free_loss_fidelity: RL4CO free-loss step 1/200: score=36.122910 (avg=36.122910), loss=-0.015646 (avg=-0.015646), pairs_step=0, pairs_total=0
[2026-03-02 08:47:00,003] INFO:fitness.free_loss_fidelity: RL4CO free-loss step 20/200: score=14.365904 (avg=14.410440), loss=0.000000 (avg=-0.547786), pairs_step=135, pairs_total=4367
[2026-03-02 08:47:06,234] INFO:fitness.free_loss_fidelity: RL4CO free-loss step 40/200: score=12.960262 (avg=14.458790), loss=0.000000 (avg=-1.049743), pairs_step=108, pairs_total=5287
[2026-03-02 08:47:12,408] INFO:fitness.free_loss_fidelity: RL4CO free-loss step 60/200: score=12.512953 (avg=13.806866), loss=0.000000 (avg=-0.699829), pairs_step=633, pairs_total=16163
[2026-03-02 08:47:18,576] INFO:fitness.free_loss_fidelity: RL4CO free-loss step 80/200: score=12.619292 (avg=13.495901), loss=0.000000 (avg=-0.524872), pairs_step=570, pairs_total=28004
[2026-03-02 08:47:24,777] INFO:fitness.free_loss_fidelity: RL4CO free-loss step 100/200: score=12.509176 (avg=13.323466), loss=0.000000 (avg=-0.419897), pairs_step=540, pairs_total=38925
[2026-03-02 08:47:30,952] INFO:fitness.free_loss_fidelity: RL4CO free-loss step 120/200: score=12.576802 (avg=13.212309), loss=0.000000 (avg=-0.349914), pairs_step=544, pairs_total=49857
[2026-03-02 08:47:37,152] INFO:fitness.free_loss_fidelity: RL4CO free-loss step 140/200: score=12.634411 (avg=13.135380), loss=0.000000 (avg=-0.299927), pairs_step=549, pairs_total=60722
[2026-03-02 08:47:43,337] INFO:fitness.free_loss_fidelity: RL4CO free-loss step 160/200: score=12.721863 (avg=13.075755), loss=0.000000 (avg=-0.262436), pairs_step=514, pairs_total=71423
[2026-03-02 08:47:49,548] INFO:fitness.free_loss_fidelity: RL4CO free-loss step 180/200: score=12.605933 (avg=13.028720), loss=0.000000 (avg=-0.233276), pairs_step=534, pairs_total=82159
[2026-03-02 08:47:55,772] INFO:fitness.free_loss_fidelity: RL4CO free-loss step 200/200: score=12.698144 (avg=12.990350), loss=0.000000 (avg=-0.209949), pairs_step=532, pairs_total=93071
[2026-03-02 08:47:56,871] WARNING:fitness.free_loss_fidelity: weights_only checkpoint load failed (UnpicklingError); retrying weights_only=False for /data1/gushengda/eam-rl4co/baseline/epoch_135.ckpt
[2026-03-02 08:47:56,911] INFO:fitness.free_loss_fidelity: Loaded init checkpoint into policy: path=/data1/gushengda/eam-rl4co/baseline/epoch_135.ckpt prefix=policy. matched=97 missing=0 unexpected=0
[2026-03-02 08:47:56,916] INFO:fitness.free_loss_fidelity: RL4CO free-loss (step-mode): f1_steps=200, f2_steps=0, total_steps=200, train_problem_size=100, rollouts=100, batch_size=64, device=cuda:0, env=tsp
[2026-03-02 08:47:57,231] INFO:fitness.free_loss_fidelity: RL4CO free-loss step 1/200: score=7.803347 (avg=7.803347), loss=0.006060 (avg=0.006060), pairs_step=768, pairs_total=768
[2026-03-02 08:48:03,183] INFO:fitness.free_loss_fidelity: RL4CO free-loss step 20/200: score=7.923502 (avg=7.874157), loss=0.000025 (avg=0.002420), pairs_step=768, pairs_total=15360
[2026-03-02 08:48:09,425] INFO:fitness.free_loss_fidelity: RL4CO free-loss step 40/200: score=8.045440 (avg=7.942932), loss=0.000000 (avg=0.001211), pairs_step=768, pairs_total=30720
[2026-03-02 08:48:15,673] INFO:fitness.free_loss_fidelity: RL4CO free-loss step 60/200: score=8.084865 (avg=7.981061), loss=0.000000 (avg=0.000808), pairs_step=768, pairs_total=46080
[2026-03-02 08:48:21,931] INFO:fitness.free_loss_fidelity: RL4CO free-loss step 80/200: score=8.066692 (avg=8.002010), loss=0.000000 (avg=0.000606), pairs_step=768, pairs_total=61440
[2026-03-02 08:48:28,172] INFO:fitness.free_loss_fidelity: RL4CO free-loss step 100/200: score=8.017072 (avg=8.018344), loss=0.000000 (avg=0.000485), pairs_step=768, pairs_total=76800
[2026-03-02 08:48:34,405] INFO:fitness.free_loss_fidelity: RL4CO free-loss step 120/200: score=8.027033 (avg=8.028687), loss=0.000000 (avg=0.000404), pairs_step=768, pairs_total=92160
[2026-03-02 08:48:40,637] INFO:fitness.free_loss_fidelity: RL4CO free-loss step 140/200: score=8.115124 (avg=8.037657), loss=0.000000 (avg=0.000346), pairs_step=768, pairs_total=107520
[2026-03-02 08:48:46,887] INFO:fitness.free_loss_fidelity: RL4CO free-loss step 160/200: score=8.082519 (avg=8.042684), loss=0.000000 (avg=0.000303), pairs_step=768, pairs_total=122880
[2026-03-02 08:48:53,129] INFO:fitness.free_loss_fidelity: RL4CO free-loss step 180/200: score=8.071888 (avg=8.045386), loss=0.000000 (avg=0.000269), pairs_step=768, pairs_total=138240
[2026-03-02 08:48:59,359] INFO:fitness.free_loss_fidelity: RL4CO free-loss step 200/200: score=8.085682 (avg=8.047266), loss=0.000000 (avg=0.000242), pairs_step=768, pairs_total=153600
[2026-03-02 08:49:00,459] WARNING:fitness.free_loss_fidelity: weights_only checkpoint load failed (UnpicklingError); retrying weights_only=False for /data1/gushengda/eam-rl4co/baseline/epoch_409.ckpt
[2026-03-02 08:49:00,497] INFO:fitness.free_loss_fidelity: Loaded init checkpoint into policy: path=/data1/gushengda/eam-rl4co/baseline/epoch_409.ckpt prefix=policy. matched=97 missing=0 unexpected=0
[2026-03-02 08:49:00,503] INFO:fitness.free_loss_fidelity: RL4CO free-loss (step-mode): f1_steps=200, f2_steps=0, total_steps=200, train_problem_size=100, rollouts=100, batch_size=64, device=cuda:0, env=tsp
[2026-03-02 08:49:00,815] INFO:fitness.free_loss_fidelity: RL4CO free-loss step 1/200: score=7.807477 (avg=7.807477), loss=0.000000 (avg=0.000000), pairs_step=204, pairs_total=204
[2026-03-02 08:49:06,704] INFO:fitness.free_loss_fidelity: RL4CO free-loss step 20/200: score=7.781253 (avg=7.806501), loss=0.000000 (avg=0.000000), pairs_step=729, pairs_total=11008
[2026-03-02 08:49:12,963] INFO:fitness.free_loss_fidelity: RL4CO free-loss step 40/200: score=7.843592 (avg=7.807349), loss=0.000000 (avg=0.000000), pairs_step=768, pairs_total=26286
[2026-03-02 08:49:19,421] INFO:fitness.free_loss_fidelity: RL4CO free-loss step 60/200: score=7.878620 (avg=7.816056), loss=0.000000 (avg=0.000000), pairs_step=768, pairs_total=41646
[2026-03-02 08:49:25,661] INFO:fitness.free_loss_fidelity: RL4CO free-loss step 80/200: score=7.946915 (avg=7.836544), loss=0.000000 (avg=0.000000), pairs_step=768, pairs_total=57006
[2026-03-02 08:49:31,916] INFO:fitness.free_loss_fidelity: RL4CO free-loss step 100/200: score=8.134941 (avg=7.878609), loss=0.000000 (avg=0.000000), pairs_step=768, pairs_total=72366
[2026-03-02 08:49:38,173] INFO:fitness.free_loss_fidelity: RL4CO free-loss step 120/200: score=8.395756 (avg=7.955788), loss=0.000000 (avg=0.000000), pairs_step=768, pairs_total=87726
[2026-03-02 08:49:44,438] INFO:fitness.free_loss_fidelity: RL4CO free-loss step 140/200: score=8.615460 (avg=8.034595), loss=0.000000 (avg=0.000000), pairs_step=768, pairs_total=103086
[2026-03-02 08:49:50,678] INFO:fitness.free_loss_fidelity: RL4CO free-loss step 160/200: score=8.645179 (avg=8.107455), loss=0.000000 (avg=0.000000), pairs_step=768, pairs_total=118446
[2026-03-02 08:49:56,935] INFO:fitness.free_loss_fidelity: RL4CO free-loss step 180/200: score=8.778712 (avg=8.176160), loss=0.000000 (avg=0.000000), pairs_step=768, pairs_total=133806
[2026-03-02 08:50:03,197] INFO:fitness.free_loss_fidelity: RL4CO free-loss step 200/200: score=8.940363 (avg=8.243832), loss=0.000000 (avg=0.000000), pairs_step=768, pairs_total=149166
