[2026-03-02 03:51:59,525] INFO:fitness.free_loss_fidelity: Stage3 offline mini-train start gen=5 pair_index=21 K=200 seed=12345 valid_sizes=[100] baseline_json=baseline/mini_eval/baseline_minitrain_tsp100_K200.json
[2026-03-02 03:51:59,546] INFO:fitness.free_loss_fidelity: RL4CO free-loss (step-mode): f1_steps=200, f2_steps=0, total_steps=200, train_problem_size=100, rollouts=100, batch_size=64, device=cuda:3, env=tsp
[2026-03-02 03:51:59,872] INFO:fitness.free_loss_fidelity: RL4CO free-loss step 1/200: score=36.122910 (avg=36.122910), loss=0.743367 (avg=0.743367), pairs_step=316800, pairs_total=316800
[2026-03-02 03:52:05,922] INFO:fitness.free_loss_fidelity: RL4CO free-loss step 20/200: score=9.806145 (avg=12.637688), loss=0.564131 (avg=0.575983), pairs_step=316800, pairs_total=6335999
[2026-03-02 03:52:12,280] INFO:fitness.free_loss_fidelity: RL4CO free-loss step 40/200: score=9.340638 (avg=11.051463), loss=0.572829 (avg=0.575526), pairs_step=316800, pairs_total=12671993
[2026-03-02 03:52:18,639] INFO:fitness.free_loss_fidelity: RL4CO free-loss step 60/200: score=9.115906 (avg=10.436069), loss=0.559588 (avg=0.572917), pairs_step=316800, pairs_total=19007990
[2026-03-02 03:52:24,988] INFO:fitness.free_loss_fidelity: RL4CO free-loss step 80/200: score=8.959163 (avg=10.082548), loss=0.556362 (avg=0.569083), pairs_step=316800, pairs_total=25343987
[2026-03-02 03:52:31,342] INFO:fitness.free_loss_fidelity: RL4CO free-loss step 100/200: score=8.863461 (avg=9.849000), loss=0.553772 (avg=0.566467), pairs_step=316799, pairs_total=31679979
[2026-03-02 03:52:37,698] INFO:fitness.free_loss_fidelity: RL4CO free-loss step 120/200: score=8.743431 (avg=9.678131), loss=0.563185 (avg=0.565623), pairs_step=316800, pairs_total=38015972
[2026-03-02 03:52:44,057] INFO:fitness.free_loss_fidelity: RL4CO free-loss step 140/200: score=8.724087 (avg=9.543403), loss=0.567804 (avg=0.565463), pairs_step=316800, pairs_total=44351967
[2026-03-02 03:52:50,406] INFO:fitness.free_loss_fidelity: RL4CO free-loss step 160/200: score=8.606176 (avg=9.431378), loss=0.567997 (avg=0.566041), pairs_step=316800, pairs_total=50687963
[2026-03-02 03:52:56,770] INFO:fitness.free_loss_fidelity: RL4CO free-loss step 180/200: score=8.562288 (avg=9.335827), loss=0.571430 (avg=0.567204), pairs_step=316800, pairs_total=57023961
[2026-03-02 03:53:03,126] INFO:fitness.free_loss_fidelity: RL4CO free-loss step 200/200: score=8.507214 (avg=9.253902), loss=0.581151 (avg=0.568159), pairs_step=316800, pairs_total=63359955
[2026-03-02 03:53:04,249] WARNING:fitness.free_loss_fidelity: weights_only checkpoint load failed (UnpicklingError); retrying weights_only=False for /data1/gushengda/eam-rl4co/baseline/epoch_135.ckpt
[2026-03-02 03:53:04,284] INFO:fitness.free_loss_fidelity: Loaded init checkpoint into policy: path=/data1/gushengda/eam-rl4co/baseline/epoch_135.ckpt prefix=policy. matched=97 missing=0 unexpected=0
[2026-03-02 03:53:04,290] INFO:fitness.free_loss_fidelity: RL4CO free-loss (step-mode): f1_steps=200, f2_steps=0, total_steps=200, train_problem_size=100, rollouts=100, batch_size=64, device=cuda:3, env=tsp
[2026-03-02 03:53:04,613] INFO:fitness.free_loss_fidelity: RL4CO free-loss step 1/200: score=7.803347 (avg=7.803347), loss=0.659265 (avg=0.659265), pairs_step=315697, pairs_total=315697
[2026-03-02 03:53:10,656] INFO:fitness.free_loss_fidelity: RL4CO free-loss step 20/200: score=7.783693 (avg=7.809818), loss=0.659828 (avg=0.661247), pairs_step=315843, pairs_total=6316882
[2026-03-02 03:53:17,011] INFO:fitness.free_loss_fidelity: RL4CO free-loss step 40/200: score=7.820265 (avg=7.803362), loss=0.669447 (avg=0.662221), pairs_step=315747, pairs_total=12632058
[2026-03-02 03:53:23,357] INFO:fitness.free_loss_fidelity: RL4CO free-loss step 60/200: score=7.815067 (avg=7.799991), loss=0.664686 (avg=0.662481), pairs_step=315675, pairs_total=18947485
[2026-03-02 03:53:29,725] INFO:fitness.free_loss_fidelity: RL4CO free-loss step 80/200: score=7.796702 (avg=7.798910), loss=0.662717 (avg=0.663145), pairs_step=315897, pairs_total=25262150
[2026-03-02 03:53:36,081] INFO:fitness.free_loss_fidelity: RL4CO free-loss step 100/200: score=7.759573 (avg=7.799693), loss=0.667860 (avg=0.663806), pairs_step=315977, pairs_total=31578035
[2026-03-02 03:53:42,431] INFO:fitness.free_loss_fidelity: RL4CO free-loss step 120/200: score=7.774510 (avg=7.801301), loss=0.663641 (avg=0.664245), pairs_step=315148, pairs_total=37891191
[2026-03-02 03:53:48,808] INFO:fitness.free_loss_fidelity: RL4CO free-loss step 140/200: score=7.833035 (avg=7.802251), loss=0.667154 (avg=0.664543), pairs_step=315790, pairs_total=44205792
[2026-03-02 03:53:55,164] INFO:fitness.free_loss_fidelity: RL4CO free-loss step 160/200: score=7.794563 (avg=7.801929), loss=0.666785 (avg=0.664645), pairs_step=315164, pairs_total=50519145
[2026-03-02 03:54:01,522] INFO:fitness.free_loss_fidelity: RL4CO free-loss step 180/200: score=7.788355 (avg=7.800875), loss=0.666296 (avg=0.664751), pairs_step=315713, pairs_total=56833983
[2026-03-02 03:54:07,885] INFO:fitness.free_loss_fidelity: RL4CO free-loss step 200/200: score=7.815148 (avg=7.799859), loss=0.662715 (avg=0.664994), pairs_step=315740, pairs_total=63144240
[2026-03-02 03:54:09,008] WARNING:fitness.free_loss_fidelity: weights_only checkpoint load failed (UnpicklingError); retrying weights_only=False for /data1/gushengda/eam-rl4co/baseline/epoch_409.ckpt
[2026-03-02 03:54:09,045] INFO:fitness.free_loss_fidelity: Loaded init checkpoint into policy: path=/data1/gushengda/eam-rl4co/baseline/epoch_409.ckpt prefix=policy. matched=97 missing=0 unexpected=0
[2026-03-02 03:54:09,050] INFO:fitness.free_loss_fidelity: RL4CO free-loss (step-mode): f1_steps=200, f2_steps=0, total_steps=200, train_problem_size=100, rollouts=100, batch_size=64, device=cuda:3, env=tsp
[2026-03-02 03:54:09,380] INFO:fitness.free_loss_fidelity: RL4CO free-loss step 1/200: score=7.807477 (avg=7.807477), loss=0.171063 (avg=0.171063), pairs_step=315750, pairs_total=315750
[2026-03-02 03:54:15,410] INFO:fitness.free_loss_fidelity: RL4CO free-loss step 20/200: score=7.780687 (avg=7.809672), loss=0.183324 (avg=0.177843), pairs_step=315941, pairs_total=6318148
[2026-03-02 03:54:21,760] INFO:fitness.free_loss_fidelity: RL4CO free-loss step 40/200: score=7.812915 (avg=7.802241), loss=0.167492 (avg=0.175617), pairs_step=315840, pairs_total=12633811
[2026-03-02 03:54:28,109] INFO:fitness.free_loss_fidelity: RL4CO free-loss step 60/200: score=7.809549 (avg=7.798344), loss=0.167374 (avg=0.172392), pairs_step=315810, pairs_total=18949509
[2026-03-02 03:54:34,448] INFO:fitness.free_loss_fidelity: RL4CO free-loss step 80/200: score=7.791849 (avg=7.796565), loss=0.179904 (avg=0.173674), pairs_step=315949, pairs_total=25265790
[2026-03-02 03:54:40,808] INFO:fitness.free_loss_fidelity: RL4CO free-loss step 100/200: score=7.755190 (avg=7.797265), loss=0.191947 (avg=0.176218), pairs_step=315708, pairs_total=31581317
[2026-03-02 03:54:47,152] INFO:fitness.free_loss_fidelity: RL4CO free-loss step 120/200: score=7.774805 (avg=7.798781), loss=0.170631 (avg=0.176494), pairs_step=315827, pairs_total=37896140
[2026-03-02 03:54:53,506] INFO:fitness.free_loss_fidelity: RL4CO free-loss step 140/200: score=7.823310 (avg=7.799720), loss=0.164154 (avg=0.175449), pairs_step=315393, pairs_total=44208788
[2026-03-02 03:54:59,863] INFO:fitness.free_loss_fidelity: RL4CO free-loss step 160/200: score=7.791287 (avg=7.798865), loss=0.168957 (avg=0.174801), pairs_step=315637, pairs_total=50522446
[2026-03-02 03:55:06,219] INFO:fitness.free_loss_fidelity: RL4CO free-loss step 180/200: score=7.781127 (avg=7.797562), loss=0.184000 (avg=0.175700), pairs_step=315328, pairs_total=56833230
[2026-03-02 03:55:12,577] INFO:fitness.free_loss_fidelity: RL4CO free-loss step 200/200: score=7.811156 (avg=7.796418), loss=0.171018 (avg=0.175790), pairs_step=315159, pairs_total=63143964
