[2026-03-02 04:27:24,370] INFO:fitness.free_loss_fidelity: Stage3 offline mini-train start gen=6 pair_index=13 K=200 seed=12345 valid_sizes=[100] baseline_json=baseline/mini_eval/baseline_minitrain_tsp100_K200.json
[2026-03-02 04:27:24,391] INFO:fitness.free_loss_fidelity: RL4CO free-loss (step-mode): f1_steps=200, f2_steps=0, total_steps=200, train_problem_size=100, rollouts=100, batch_size=64, device=cuda:2, env=tsp
[2026-03-02 04:27:24,758] INFO:fitness.free_loss_fidelity: RL4CO free-loss step 1/200: score=36.122910 (avg=36.122910), loss=0.942688 (avg=0.942688), pairs_step=316800, pairs_total=316800
[2026-03-02 04:27:31,685] INFO:fitness.free_loss_fidelity: RL4CO free-loss step 20/200: score=9.965418 (avg=13.062673), loss=0.561092 (avg=0.620174), pairs_step=316800, pairs_total=6335997
[2026-03-02 04:27:38,996] INFO:fitness.free_loss_fidelity: RL4CO free-loss step 40/200: score=9.598648 (avg=11.416403), loss=0.558709 (avg=0.589024), pairs_step=316800, pairs_total=12671988
[2026-03-02 04:27:46,298] INFO:fitness.free_loss_fidelity: RL4CO free-loss step 60/200: score=9.388323 (avg=10.753515), loss=0.533463 (avg=0.574976), pairs_step=316800, pairs_total=19007978
[2026-03-02 04:27:53,034] INFO:fitness.free_loss_fidelity: RL4CO free-loss step 80/200: score=9.224966 (avg=10.394145), loss=0.516495 (avg=0.563343), pairs_step=316800, pairs_total=25343971
[2026-03-02 04:27:59,536] INFO:fitness.free_loss_fidelity: RL4CO free-loss step 100/200: score=9.140692 (avg=10.159630), loss=0.520157 (avg=0.555127), pairs_step=316800, pairs_total=31679969
[2026-03-02 04:28:06,036] INFO:fitness.free_loss_fidelity: RL4CO free-loss step 120/200: score=9.166267 (avg=9.995822), loss=0.506004 (avg=0.548965), pairs_step=316800, pairs_total=38015958
[2026-03-02 04:28:12,533] INFO:fitness.free_loss_fidelity: RL4CO free-loss step 140/200: score=9.145653 (avg=9.871252), loss=0.516724 (avg=0.544718), pairs_step=316800, pairs_total=44351954
[2026-03-02 04:28:19,041] INFO:fitness.free_loss_fidelity: RL4CO free-loss step 160/200: score=9.069256 (avg=9.770290), loss=0.513219 (avg=0.541908), pairs_step=316800, pairs_total=50687951
[2026-03-02 04:28:25,538] INFO:fitness.free_loss_fidelity: RL4CO free-loss step 180/200: score=8.983158 (avg=9.687745), loss=0.516626 (avg=0.539669), pairs_step=316800, pairs_total=57023948
[2026-03-02 04:28:32,049] INFO:fitness.free_loss_fidelity: RL4CO free-loss step 200/200: score=8.951631 (avg=9.614520), loss=0.523751 (avg=0.538085), pairs_step=316800, pairs_total=63359940
[2026-03-02 04:28:33,168] WARNING:fitness.free_loss_fidelity: weights_only checkpoint load failed (UnpicklingError); retrying weights_only=False for /data1/gushengda/eam-rl4co/baseline/epoch_135.ckpt
[2026-03-02 04:28:33,204] INFO:fitness.free_loss_fidelity: Loaded init checkpoint into policy: path=/data1/gushengda/eam-rl4co/baseline/epoch_135.ckpt prefix=policy. matched=97 missing=0 unexpected=0
[2026-03-02 04:28:33,210] INFO:fitness.free_loss_fidelity: RL4CO free-loss (step-mode): f1_steps=200, f2_steps=0, total_steps=200, train_problem_size=100, rollouts=100, batch_size=64, device=cuda:2, env=tsp
[2026-03-02 04:28:33,540] INFO:fitness.free_loss_fidelity: RL4CO free-loss step 1/200: score=7.803347 (avg=7.803347), loss=0.669376 (avg=0.669376), pairs_step=315697, pairs_total=315697
[2026-03-02 04:28:39,709] INFO:fitness.free_loss_fidelity: RL4CO free-loss step 20/200: score=7.778808 (avg=7.809481), loss=0.660236 (avg=0.665741), pairs_step=315841, pairs_total=6317294
[2026-03-02 04:28:46,191] INFO:fitness.free_loss_fidelity: RL4CO free-loss step 40/200: score=7.818652 (avg=7.802403), loss=0.661538 (avg=0.662923), pairs_step=316105, pairs_total=12634690
[2026-03-02 04:28:52,684] INFO:fitness.free_loss_fidelity: RL4CO free-loss step 60/200: score=7.812153 (avg=7.798650), loss=0.655848 (avg=0.660912), pairs_step=315915, pairs_total=18953308
[2026-03-02 04:28:59,163] INFO:fitness.free_loss_fidelity: RL4CO free-loss step 80/200: score=7.796359 (avg=7.797459), loss=0.645096 (avg=0.657989), pairs_step=316102, pairs_total=25274082
[2026-03-02 04:29:05,657] INFO:fitness.free_loss_fidelity: RL4CO free-loss step 100/200: score=7.757683 (avg=7.798041), loss=0.646372 (avg=0.654825), pairs_step=316027, pairs_total=31596053
[2026-03-02 04:29:12,140] INFO:fitness.free_loss_fidelity: RL4CO free-loss step 120/200: score=7.773959 (avg=7.799503), loss=0.640439 (avg=0.652508), pairs_step=316164, pairs_total=37916546
[2026-03-02 04:29:18,634] INFO:fitness.free_loss_fidelity: RL4CO free-loss step 140/200: score=7.827416 (avg=7.800359), loss=0.631384 (avg=0.649968), pairs_step=315975, pairs_total=44237880
[2026-03-02 04:29:25,611] INFO:fitness.free_loss_fidelity: RL4CO free-loss step 160/200: score=7.789881 (avg=7.799649), loss=0.628240 (avg=0.647146), pairs_step=316012, pairs_total=50559807
[2026-03-02 04:29:32,904] INFO:fitness.free_loss_fidelity: RL4CO free-loss step 180/200: score=7.782266 (avg=7.798434), loss=0.628700 (avg=0.645341), pairs_step=315855, pairs_total=56879555
[2026-03-02 04:29:40,192] INFO:fitness.free_loss_fidelity: RL4CO free-loss step 200/200: score=7.807121 (avg=7.797177), loss=0.605346 (avg=0.642591), pairs_step=316076, pairs_total=63202520
[2026-03-02 04:29:41,310] WARNING:fitness.free_loss_fidelity: weights_only checkpoint load failed (UnpicklingError); retrying weights_only=False for /data1/gushengda/eam-rl4co/baseline/epoch_409.ckpt
[2026-03-02 04:29:41,347] INFO:fitness.free_loss_fidelity: Loaded init checkpoint into policy: path=/data1/gushengda/eam-rl4co/baseline/epoch_409.ckpt prefix=policy. matched=97 missing=0 unexpected=0
[2026-03-02 04:29:41,353] INFO:fitness.free_loss_fidelity: RL4CO free-loss (step-mode): f1_steps=200, f2_steps=0, total_steps=200, train_problem_size=100, rollouts=100, batch_size=64, device=cuda:2, env=tsp
[2026-03-02 04:29:41,723] INFO:fitness.free_loss_fidelity: RL4CO free-loss step 1/200: score=7.807477 (avg=7.807477), loss=0.188473 (avg=0.188473), pairs_step=315750, pairs_total=315750
[2026-03-02 04:29:48,644] INFO:fitness.free_loss_fidelity: RL4CO free-loss step 20/200: score=7.779470 (avg=7.808767), loss=0.175196 (avg=0.178752), pairs_step=316003, pairs_total=6318971
[2026-03-02 04:29:55,933] INFO:fitness.free_loss_fidelity: RL4CO free-loss step 40/200: score=7.818337 (avg=7.801947), loss=0.171910 (avg=0.177385), pairs_step=316068, pairs_total=12637969
[2026-03-02 04:30:03,228] INFO:fitness.free_loss_fidelity: RL4CO free-loss step 60/200: score=7.811608 (avg=7.798225), loss=0.174772 (avg=0.175373), pairs_step=315964, pairs_total=18957074
[2026-03-02 04:30:10,029] INFO:fitness.free_loss_fidelity: RL4CO free-loss step 80/200: score=7.795962 (avg=7.796437), loss=0.171000 (avg=0.174439), pairs_step=316107, pairs_total=25277488
[2026-03-02 04:30:16,528] INFO:fitness.free_loss_fidelity: RL4CO free-loss step 100/200: score=7.752937 (avg=7.796817), loss=0.174168 (avg=0.173419), pairs_step=316080, pairs_total=31599480
[2026-03-02 04:30:23,012] INFO:fitness.free_loss_fidelity: RL4CO free-loss step 120/200: score=7.773086 (avg=7.798107), loss=0.166283 (avg=0.173140), pairs_step=315855, pairs_total=37920806
[2026-03-02 04:30:29,502] INFO:fitness.free_loss_fidelity: RL4CO free-loss step 140/200: score=7.821468 (avg=7.798864), loss=0.160238 (avg=0.172002), pairs_step=315770, pairs_total=44242912
[2026-03-02 04:30:35,987] INFO:fitness.free_loss_fidelity: RL4CO free-loss step 160/200: score=7.791928 (avg=7.797970), loss=0.168009 (avg=0.170933), pairs_step=316313, pairs_total=50564925
[2026-03-02 04:30:42,473] INFO:fitness.free_loss_fidelity: RL4CO free-loss step 180/200: score=7.774615 (avg=7.796685), loss=0.163506 (avg=0.170265), pairs_step=315485, pairs_total=56884456
[2026-03-02 04:30:48,955] INFO:fitness.free_loss_fidelity: RL4CO free-loss step 200/200: score=7.809720 (avg=7.795428), loss=0.163304 (avg=0.169855), pairs_step=315614, pairs_total=63204845
