[2026-03-02 03:58:35,402] INFO:fitness.free_loss_fidelity: Stage3 offline mini-train start gen=5 pair_index=24 K=1000 seed=12345 valid_sizes=[100] baseline_json=baseline/mini_eval/baseline_minitrain_tsp100_K1000.json
[2026-03-02 03:58:40,854] INFO:fitness.free_loss_fidelity: RL4CO free-loss (step-mode): f1_steps=1000, f2_steps=0, total_steps=1000, train_problem_size=100, rollouts=100, batch_size=64, device=cuda:2, env=tsp
[2026-03-02 03:58:41,694] INFO:fitness.free_loss_fidelity: RL4CO free-loss step 1/1000: score=36.122910 (avg=36.122910), loss=0.771644 (avg=0.771644), pairs_step=316800, pairs_total=316800
[2026-03-02 03:59:13,639] INFO:fitness.free_loss_fidelity: RL4CO free-loss step 100/1000: score=8.906754 (avg=9.904493), loss=0.559328 (avg=0.571183), pairs_step=316800, pairs_total=31679981
[2026-03-02 03:59:45,963] INFO:fitness.free_loss_fidelity: RL4CO free-loss step 200/1000: score=8.627808 (avg=9.327620), loss=0.576376 (avg=0.570063), pairs_step=316800, pairs_total=63359958
[2026-03-02 04:00:19,101] INFO:fitness.free_loss_fidelity: RL4CO free-loss step 300/1000: score=8.418009 (avg=9.053622), loss=0.584911 (avg=0.573329), pairs_step=316800, pairs_total=95039930
[2026-03-02 04:00:51,501] INFO:fitness.free_loss_fidelity: RL4CO free-loss step 400/1000: score=8.380457 (avg=8.886172), loss=0.590976 (avg=0.576549), pairs_step=316800, pairs_total=126719889
[2026-03-02 04:01:24,018] INFO:fitness.free_loss_fidelity: RL4CO free-loss step 500/1000: score=8.259111 (avg=8.771525), loss=0.593135 (avg=0.579396), pairs_step=316800, pairs_total=158399858
[2026-03-02 04:01:56,387] INFO:fitness.free_loss_fidelity: RL4CO free-loss step 600/1000: score=8.229071 (avg=8.687918), loss=0.595671 (avg=0.581906), pairs_step=316800, pairs_total=190079824
[2026-03-02 04:02:28,755] INFO:fitness.free_loss_fidelity: RL4CO free-loss step 700/1000: score=8.239843 (avg=8.624609), loss=0.591837 (avg=0.583836), pairs_step=316800, pairs_total=221759788
[2026-03-02 04:03:01,124] INFO:fitness.free_loss_fidelity: RL4CO free-loss step 800/1000: score=8.211648 (avg=8.574218), loss=0.593216 (avg=0.585390), pairs_step=316798, pairs_total=253439742
[2026-03-02 04:03:33,506] INFO:fitness.free_loss_fidelity: RL4CO free-loss step 900/1000: score=8.236414 (avg=8.533030), loss=0.600741 (avg=0.586764), pairs_step=316798, pairs_total=285119708
[2026-03-02 04:04:05,866] INFO:fitness.free_loss_fidelity: RL4CO free-loss step 1000/1000: score=8.226582 (avg=8.498707), loss=0.601967 (avg=0.587973), pairs_step=316800, pairs_total=316799668
[2026-03-02 04:04:06,986] WARNING:fitness.free_loss_fidelity: weights_only checkpoint load failed (UnpicklingError); retrying weights_only=False for /data1/gushengda/eam-rl4co/baseline/epoch_135.ckpt
[2026-03-02 04:04:07,029] INFO:fitness.free_loss_fidelity: Loaded init checkpoint into policy: path=/data1/gushengda/eam-rl4co/baseline/epoch_135.ckpt prefix=policy. matched=97 missing=0 unexpected=0
[2026-03-02 04:04:07,034] INFO:fitness.free_loss_fidelity: RL4CO free-loss (step-mode): f1_steps=1000, f2_steps=0, total_steps=1000, train_problem_size=100, rollouts=100, batch_size=64, device=cuda:2, env=tsp
[2026-03-02 04:04:07,365] INFO:fitness.free_loss_fidelity: RL4CO free-loss step 1/1000: score=7.803347 (avg=7.803347), loss=0.667894 (avg=0.667894), pairs_step=315697, pairs_total=315697
[2026-03-02 04:04:39,412] INFO:fitness.free_loss_fidelity: RL4CO free-loss step 100/1000: score=7.755529 (avg=7.798598), loss=0.662534 (avg=0.665521), pairs_step=315800, pairs_total=31579457
[2026-03-02 04:05:11,796] INFO:fitness.free_loss_fidelity: RL4CO free-loss step 200/1000: score=7.814317 (avg=7.798199), loss=0.658617 (avg=0.664792), pairs_step=315321, pairs_total=63148721
[2026-03-02 04:05:44,164] INFO:fitness.free_loss_fidelity: RL4CO free-loss step 300/1000: score=7.806251 (avg=7.798582), loss=0.662361 (avg=0.663592), pairs_step=315732, pairs_total=94718568
[2026-03-02 04:06:16,540] INFO:fitness.free_loss_fidelity: RL4CO free-loss step 400/1000: score=7.818397 (avg=7.798539), loss=0.642014 (avg=0.661288), pairs_step=315486, pairs_total=126281273
[2026-03-02 04:06:49,052] INFO:fitness.free_loss_fidelity: RL4CO free-loss step 500/1000: score=7.777175 (avg=7.797718), loss=0.604970 (avg=0.655805), pairs_step=315986, pairs_total=157846170
[2026-03-02 04:07:21,335] INFO:fitness.free_loss_fidelity: RL4CO free-loss step 600/1000: score=7.758624 (avg=7.797149), loss=0.456288 (avg=0.635528), pairs_step=315902, pairs_total=189409868
[2026-03-02 04:07:53,629] INFO:fitness.free_loss_fidelity: RL4CO free-loss step 700/1000: score=7.805408 (avg=7.796925), loss=0.432855 (avg=0.604834), pairs_step=315354, pairs_total=220980657
[2026-03-02 04:08:26,327] INFO:fitness.free_loss_fidelity: RL4CO free-loss step 800/1000: score=7.794563 (avg=7.796729), loss=0.412446 (avg=0.580997), pairs_step=315833, pairs_total=252548307
[2026-03-02 04:08:59,991] INFO:fitness.free_loss_fidelity: RL4CO free-loss step 900/1000: score=7.832902 (avg=7.796341), loss=0.393212 (avg=0.560225), pairs_step=315902, pairs_total=284116906
[2026-03-02 04:09:34,089] INFO:fitness.free_loss_fidelity: RL4CO free-loss step 1000/1000: score=7.818377 (avg=7.795841), loss=0.395094 (avg=0.542519), pairs_step=315744, pairs_total=315679860
[2026-03-02 04:09:35,209] WARNING:fitness.free_loss_fidelity: weights_only checkpoint load failed (UnpicklingError); retrying weights_only=False for /data1/gushengda/eam-rl4co/baseline/epoch_409.ckpt
[2026-03-02 04:09:35,246] INFO:fitness.free_loss_fidelity: Loaded init checkpoint into policy: path=/data1/gushengda/eam-rl4co/baseline/epoch_409.ckpt prefix=policy. matched=97 missing=0 unexpected=0
[2026-03-02 04:09:35,252] INFO:fitness.free_loss_fidelity: RL4CO free-loss (step-mode): f1_steps=1000, f2_steps=0, total_steps=1000, train_problem_size=100, rollouts=100, batch_size=64, device=cuda:2, env=tsp
[2026-03-02 04:09:35,637] INFO:fitness.free_loss_fidelity: RL4CO free-loss step 1/1000: score=7.807477 (avg=7.807477), loss=0.203152 (avg=0.203152), pairs_step=315750, pairs_total=315750
[2026-03-02 04:10:08,950] INFO:fitness.free_loss_fidelity: RL4CO free-loss step 100/1000: score=7.754833 (avg=7.797768), loss=0.199552 (avg=0.190066), pairs_step=315798, pairs_total=31591253
[2026-03-02 04:10:42,669] INFO:fitness.free_loss_fidelity: RL4CO free-loss step 200/1000: score=7.812948 (avg=7.796553), loss=0.192374 (avg=0.189610), pairs_step=315309, pairs_total=63172265
[2026-03-02 04:11:16,578] INFO:fitness.free_loss_fidelity: RL4CO free-loss step 300/1000: score=7.811771 (avg=7.796889), loss=0.186795 (avg=0.188189), pairs_step=315532, pairs_total=94747822
[2026-03-02 04:11:50,265] INFO:fitness.free_loss_fidelity: RL4CO free-loss step 400/1000: score=7.822380 (avg=7.796635), loss=0.190205 (avg=0.187771), pairs_step=315552, pairs_total=126317634
[2026-03-02 04:12:24,203] INFO:fitness.free_loss_fidelity: RL4CO free-loss step 500/1000: score=7.775397 (avg=7.795577), loss=0.201307 (avg=0.188874), pairs_step=315972, pairs_total=157876002
[2026-03-02 04:12:57,865] INFO:fitness.free_loss_fidelity: RL4CO free-loss step 600/1000: score=7.751802 (avg=7.794814), loss=0.185259 (avg=0.188781), pairs_step=315339, pairs_total=189422444
[2026-03-02 04:13:31,517] INFO:fitness.free_loss_fidelity: RL4CO free-loss step 700/1000: score=7.806953 (avg=7.794530), loss=0.192820 (avg=0.188654), pairs_step=315268, pairs_total=220967975
[2026-03-02 04:14:05,129] INFO:fitness.free_loss_fidelity: RL4CO free-loss step 800/1000: score=7.787251 (avg=7.794236), loss=0.187222 (avg=0.188568), pairs_step=315587, pairs_total=252500584
[2026-03-02 04:14:38,659] INFO:fitness.free_loss_fidelity: RL4CO free-loss step 900/1000: score=7.829615 (avg=7.793740), loss=0.190042 (avg=0.188912), pairs_step=315528, pairs_total=284015830
[2026-03-02 04:15:12,308] INFO:fitness.free_loss_fidelity: RL4CO free-loss step 1000/1000: score=7.818447 (avg=7.793184), loss=0.193970 (avg=0.189276), pairs_step=314465, pairs_total=315523922
