[2026-03-02 06:54:00,569] INFO:fitness.free_loss_fidelity: Stage3 offline mini-train start gen=9 pair_index=21 K=1000 seed=12345 valid_sizes=[100] baseline_json=baseline/mini_eval/baseline_minitrain_tsp100_K1000.json
[2026-03-02 06:54:06,506] INFO:fitness.free_loss_fidelity: RL4CO free-loss (step-mode): f1_steps=1000, f2_steps=0, total_steps=1000, train_problem_size=100, rollouts=100, batch_size=64, device=cuda:0, env=tsp
[2026-03-02 06:54:07,200] INFO:fitness.free_loss_fidelity: RL4CO free-loss step 1/1000: score=36.122910 (avg=36.122910), loss=0.745786 (avg=0.745786), pairs_step=316800, pairs_total=316800
[2026-03-02 06:54:38,167] INFO:fitness.free_loss_fidelity: RL4CO free-loss step 100/1000: score=8.925378 (avg=9.910729), loss=0.586130 (avg=0.592942), pairs_step=316800, pairs_total=31679976
[2026-03-02 06:55:09,013] INFO:fitness.free_loss_fidelity: RL4CO free-loss step 200/1000: score=8.596548 (avg=9.313367), loss=0.598470 (avg=0.591570), pairs_step=316800, pairs_total=63359945
[2026-03-02 06:55:39,963] INFO:fitness.free_loss_fidelity: RL4CO free-loss step 300/1000: score=8.378596 (avg=9.032696), loss=0.605180 (avg=0.594857), pairs_step=316799, pairs_total=95039904
[2026-03-02 06:56:10,871] INFO:fitness.free_loss_fidelity: RL4CO free-loss step 400/1000: score=8.341136 (avg=8.861919), loss=0.613865 (avg=0.598519), pairs_step=316800, pairs_total=126719869
[2026-03-02 06:56:42,131] INFO:fitness.free_loss_fidelity: RL4CO free-loss step 500/1000: score=8.248307 (avg=8.744650), loss=0.615096 (avg=0.601596), pairs_step=316800, pairs_total=158399833
[2026-03-02 06:57:13,138] INFO:fitness.free_loss_fidelity: RL4CO free-loss step 600/1000: score=8.197833 (avg=8.660405), loss=0.617844 (avg=0.603782), pairs_step=316800, pairs_total=190079799
[2026-03-02 06:57:44,173] INFO:fitness.free_loss_fidelity: RL4CO free-loss step 700/1000: score=8.212656 (avg=8.596333), loss=0.614917 (avg=0.605671), pairs_step=316800, pairs_total=221759765
[2026-03-02 06:58:15,180] INFO:fitness.free_loss_fidelity: RL4CO free-loss step 800/1000: score=8.177248 (avg=8.546000), loss=0.617439 (avg=0.607201), pairs_step=316800, pairs_total=253439729
[2026-03-02 06:58:46,197] INFO:fitness.free_loss_fidelity: RL4CO free-loss step 900/1000: score=8.198877 (avg=8.505228), loss=0.619335 (avg=0.608538), pairs_step=316800, pairs_total=285119684
[2026-03-02 06:59:17,231] INFO:fitness.free_loss_fidelity: RL4CO free-loss step 1000/1000: score=8.177534 (avg=8.470833), loss=0.619902 (avg=0.609742), pairs_step=316799, pairs_total=316799643
[2026-03-02 06:59:18,343] WARNING:fitness.free_loss_fidelity: weights_only checkpoint load failed (UnpicklingError); retrying weights_only=False for /data1/gushengda/eam-rl4co/baseline/epoch_135.ckpt
[2026-03-02 06:59:18,387] INFO:fitness.free_loss_fidelity: Loaded init checkpoint into policy: path=/data1/gushengda/eam-rl4co/baseline/epoch_135.ckpt prefix=policy. matched=97 missing=0 unexpected=0
[2026-03-02 06:59:18,393] INFO:fitness.free_loss_fidelity: RL4CO free-loss (step-mode): f1_steps=1000, f2_steps=0, total_steps=1000, train_problem_size=100, rollouts=100, batch_size=64, device=cuda:0, env=tsp
[2026-03-02 06:59:18,710] INFO:fitness.free_loss_fidelity: RL4CO free-loss step 1/1000: score=7.803347 (avg=7.803347), loss=0.672873 (avg=0.672873), pairs_step=315697, pairs_total=315697
[2026-03-02 06:59:49,487] INFO:fitness.free_loss_fidelity: RL4CO free-loss step 100/1000: score=7.756807 (avg=7.798866), loss=0.671642 (avg=0.672328), pairs_step=315653, pairs_total=31574260
[2026-03-02 07:00:20,525] INFO:fitness.free_loss_fidelity: RL4CO free-loss step 200/1000: score=7.805216 (avg=7.798288), loss=0.665437 (avg=0.672011), pairs_step=315021, pairs_total=63132309
[2026-03-02 07:00:51,555] INFO:fitness.free_loss_fidelity: RL4CO free-loss step 300/1000: score=7.808100 (avg=7.798893), loss=0.670990 (avg=0.671754), pairs_step=315643, pairs_total=94687011
[2026-03-02 07:01:22,779] INFO:fitness.free_loss_fidelity: RL4CO free-loss step 400/1000: score=7.824131 (avg=7.798627), loss=0.672365 (avg=0.671732), pairs_step=315042, pairs_total=126232074
[2026-03-02 07:01:53,826] INFO:fitness.free_loss_fidelity: RL4CO free-loss step 500/1000: score=7.777724 (avg=7.797744), loss=0.668728 (avg=0.671857), pairs_step=315333, pairs_total=157768399
[2026-03-02 07:02:24,862] INFO:fitness.free_loss_fidelity: RL4CO free-loss step 600/1000: score=7.756109 (avg=7.797161), loss=0.672852 (avg=0.671831), pairs_step=315744, pairs_total=189298788
[2026-03-02 07:02:55,905] INFO:fitness.free_loss_fidelity: RL4CO free-loss step 700/1000: score=7.812955 (avg=7.796929), loss=0.675571 (avg=0.671891), pairs_step=315134, pairs_total=220819412
[2026-03-02 07:03:26,946] INFO:fitness.free_loss_fidelity: RL4CO free-loss step 800/1000: score=7.791288 (avg=7.796806), loss=0.672305 (avg=0.671906), pairs_step=314425, pairs_total=252340020
[2026-03-02 07:03:57,981] INFO:fitness.free_loss_fidelity: RL4CO free-loss step 900/1000: score=7.828116 (avg=7.796434), loss=0.671457 (avg=0.671877), pairs_step=315318, pairs_total=283854085
[2026-03-02 07:04:29,212] INFO:fitness.free_loss_fidelity: RL4CO free-loss step 1000/1000: score=7.819497 (avg=7.795949), loss=0.671423 (avg=0.671829), pairs_step=315238, pairs_total=315357582
[2026-03-02 07:04:30,318] WARNING:fitness.free_loss_fidelity: weights_only checkpoint load failed (UnpicklingError); retrying weights_only=False for /data1/gushengda/eam-rl4co/baseline/epoch_409.ckpt
[2026-03-02 07:04:30,357] INFO:fitness.free_loss_fidelity: Loaded init checkpoint into policy: path=/data1/gushengda/eam-rl4co/baseline/epoch_409.ckpt prefix=policy. matched=97 missing=0 unexpected=0
[2026-03-02 07:04:30,363] INFO:fitness.free_loss_fidelity: RL4CO free-loss (step-mode): f1_steps=1000, f2_steps=0, total_steps=1000, train_problem_size=100, rollouts=100, batch_size=64, device=cuda:0, env=tsp
[2026-03-02 07:04:30,679] INFO:fitness.free_loss_fidelity: RL4CO free-loss step 1/1000: score=7.807477 (avg=7.807477), loss=0.225631 (avg=0.225631), pairs_step=315750, pairs_total=315750
[2026-03-02 07:05:01,427] INFO:fitness.free_loss_fidelity: RL4CO free-loss step 100/1000: score=7.750449 (avg=7.797635), loss=0.244032 (avg=0.225288), pairs_step=315759, pairs_total=31584564
[2026-03-02 07:05:32,472] INFO:fitness.free_loss_fidelity: RL4CO free-loss step 200/1000: score=7.811697 (avg=7.796674), loss=0.225023 (avg=0.224746), pairs_step=315738, pairs_total=63151738
[2026-03-02 07:06:03,515] INFO:fitness.free_loss_fidelity: RL4CO free-loss step 300/1000: score=7.806403 (avg=7.797096), loss=0.214868 (avg=0.226201), pairs_step=315433, pairs_total=94706821
[2026-03-02 07:06:34,555] INFO:fitness.free_loss_fidelity: RL4CO free-loss step 400/1000: score=7.819008 (avg=7.796541), loss=0.204616 (avg=0.227750), pairs_step=315717, pairs_total=126255420
[2026-03-02 07:07:05,820] INFO:fitness.free_loss_fidelity: RL4CO free-loss step 500/1000: score=7.769382 (avg=7.795337), loss=0.222599 (avg=0.226167), pairs_step=315714, pairs_total=157795038
[2026-03-02 07:07:36,852] INFO:fitness.free_loss_fidelity: RL4CO free-loss step 600/1000: score=7.750280 (avg=7.794381), loss=0.236578 (avg=0.225780), pairs_step=315253, pairs_total=189314425
[2026-03-02 07:08:07,888] INFO:fitness.free_loss_fidelity: RL4CO free-loss step 700/1000: score=7.805395 (avg=7.794126), loss=0.243896 (avg=0.225511), pairs_step=314920, pairs_total=220830640
[2026-03-02 07:08:38,908] INFO:fitness.free_loss_fidelity: RL4CO free-loss step 800/1000: score=7.787506 (avg=7.793873), loss=0.217436 (avg=0.224550), pairs_step=315299, pairs_total=252335708
[2026-03-02 07:09:09,941] INFO:fitness.free_loss_fidelity: RL4CO free-loss step 900/1000: score=7.825102 (avg=7.793412), loss=0.197382 (avg=0.223144), pairs_step=315082, pairs_total=283818364
[2026-03-02 07:09:40,989] INFO:fitness.free_loss_fidelity: RL4CO free-loss step 1000/1000: score=7.817806 (avg=7.792808), loss=0.207893 (avg=0.222278), pairs_step=314680, pairs_total=315298299
