[2026-03-02 03:48:44,937] INFO:fitness.free_loss_fidelity: Stage3 offline mini-train start gen=5 pair_index=9 K=200 seed=12345 valid_sizes=[100] baseline_json=baseline/mini_eval/baseline_minitrain_tsp100_K200.json
[2026-03-02 03:48:44,962] INFO:fitness.free_loss_fidelity: RL4CO free-loss (step-mode): f1_steps=200, f2_steps=0, total_steps=200, train_problem_size=100, rollouts=100, batch_size=64, device=cuda:3, env=tsp
[2026-03-02 03:48:45,282] INFO:fitness.free_loss_fidelity: RL4CO free-loss step 1/200: score=36.122910 (avg=36.122910), loss=0.840994 (avg=0.840994), pairs_step=316800, pairs_total=316800
[2026-03-02 03:48:51,335] INFO:fitness.free_loss_fidelity: RL4CO free-loss step 20/200: score=9.964647 (avg=12.783150), loss=0.606872 (avg=0.632518), pairs_step=316800, pairs_total=6335994
[2026-03-02 03:48:57,720] INFO:fitness.free_loss_fidelity: RL4CO free-loss step 40/200: score=9.419632 (avg=11.163145), loss=0.611417 (avg=0.621278), pairs_step=316800, pairs_total=12671989
[2026-03-02 03:49:04,091] INFO:fitness.free_loss_fidelity: RL4CO free-loss step 60/200: score=9.180384 (avg=10.520571), loss=0.597915 (avg=0.614621), pairs_step=316800, pairs_total=19007981
[2026-03-02 03:49:10,454] INFO:fitness.free_loss_fidelity: RL4CO free-loss step 80/200: score=9.018419 (avg=10.154419), loss=0.593636 (avg=0.609849), pairs_step=316799, pairs_total=25343979
[2026-03-02 03:49:16,832] INFO:fitness.free_loss_fidelity: RL4CO free-loss step 100/200: score=8.892844 (avg=9.920075), loss=0.586447 (avg=0.605848), pairs_step=316800, pairs_total=31679974
[2026-03-02 03:49:23,206] INFO:fitness.free_loss_fidelity: RL4CO free-loss step 120/200: score=8.835442 (avg=9.750023), loss=0.583207 (avg=0.603302), pairs_step=316800, pairs_total=38015973
[2026-03-02 03:49:29,580] INFO:fitness.free_loss_fidelity: RL4CO free-loss step 140/200: score=8.849452 (avg=9.617335), loss=0.596456 (avg=0.602059), pairs_step=316800, pairs_total=44351968
[2026-03-02 03:49:35,953] INFO:fitness.free_loss_fidelity: RL4CO free-loss step 160/200: score=8.697175 (avg=9.506574), loss=0.595624 (avg=0.601683), pairs_step=316799, pairs_total=50687962
[2026-03-02 03:49:42,335] INFO:fitness.free_loss_fidelity: RL4CO free-loss step 180/200: score=8.612617 (avg=9.411285), loss=0.603666 (avg=0.601652), pairs_step=316800, pairs_total=57023957
[2026-03-02 03:49:48,723] INFO:fitness.free_loss_fidelity: RL4CO free-loss step 200/200: score=8.640421 (avg=9.332116), loss=0.603955 (avg=0.601809), pairs_step=316800, pairs_total=63359956
[2026-03-02 03:49:49,845] WARNING:fitness.free_loss_fidelity: weights_only checkpoint load failed (UnpicklingError); retrying weights_only=False for /data1/gushengda/eam-rl4co/baseline/epoch_135.ckpt
[2026-03-02 03:49:49,881] INFO:fitness.free_loss_fidelity: Loaded init checkpoint into policy: path=/data1/gushengda/eam-rl4co/baseline/epoch_135.ckpt prefix=policy. matched=97 missing=0 unexpected=0
[2026-03-02 03:49:49,886] INFO:fitness.free_loss_fidelity: RL4CO free-loss (step-mode): f1_steps=200, f2_steps=0, total_steps=200, train_problem_size=100, rollouts=100, batch_size=64, device=cuda:3, env=tsp
[2026-03-02 03:49:50,209] INFO:fitness.free_loss_fidelity: RL4CO free-loss step 1/200: score=7.803347 (avg=7.803347), loss=0.677121 (avg=0.677121), pairs_step=315697, pairs_total=315697
[2026-03-02 03:49:56,256] INFO:fitness.free_loss_fidelity: RL4CO free-loss step 20/200: score=7.780581 (avg=7.809114), loss=0.675461 (avg=0.676357), pairs_step=315778, pairs_total=6317213
[2026-03-02 03:50:02,625] INFO:fitness.free_loss_fidelity: RL4CO free-loss step 40/200: score=7.816527 (avg=7.803036), loss=0.678840 (avg=0.676347), pairs_step=315642, pairs_total=12632115
[2026-03-02 03:50:09,009] INFO:fitness.free_loss_fidelity: RL4CO free-loss step 60/200: score=7.810582 (avg=7.799297), loss=0.676054 (avg=0.675946), pairs_step=315307, pairs_total=18947180
[2026-03-02 03:50:15,367] INFO:fitness.free_loss_fidelity: RL4CO free-loss step 80/200: score=7.795788 (avg=7.797503), loss=0.674192 (avg=0.675866), pairs_step=315536, pairs_total=25263965
[2026-03-02 03:50:21,732] INFO:fitness.free_loss_fidelity: RL4CO free-loss step 100/200: score=7.749056 (avg=7.798118), loss=0.675407 (avg=0.675829), pairs_step=315673, pairs_total=31577735
[2026-03-02 03:50:28,091] INFO:fitness.free_loss_fidelity: RL4CO free-loss step 120/200: score=7.777945 (avg=7.799684), loss=0.676635 (avg=0.675837), pairs_step=315623, pairs_total=37891118
[2026-03-02 03:50:34,436] INFO:fitness.free_loss_fidelity: RL4CO free-loss step 140/200: score=7.826914 (avg=7.800598), loss=0.676097 (avg=0.675730), pairs_step=315500, pairs_total=44204547
[2026-03-02 03:50:40,801] INFO:fitness.free_loss_fidelity: RL4CO free-loss step 160/200: score=7.796087 (avg=7.799767), loss=0.675193 (avg=0.675666), pairs_step=315536, pairs_total=50517665
[2026-03-02 03:50:47,158] INFO:fitness.free_loss_fidelity: RL4CO free-loss step 180/200: score=7.784245 (avg=7.798613), loss=0.677153 (avg=0.675645), pairs_step=315281, pairs_total=56829199
[2026-03-02 03:50:53,520] INFO:fitness.free_loss_fidelity: RL4CO free-loss step 200/200: score=7.813988 (avg=7.797595), loss=0.673193 (avg=0.675656), pairs_step=315842, pairs_total=63142156
[2026-03-02 03:50:54,642] WARNING:fitness.free_loss_fidelity: weights_only checkpoint load failed (UnpicklingError); retrying weights_only=False for /data1/gushengda/eam-rl4co/baseline/epoch_409.ckpt
[2026-03-02 03:50:54,678] INFO:fitness.free_loss_fidelity: Loaded init checkpoint into policy: path=/data1/gushengda/eam-rl4co/baseline/epoch_409.ckpt prefix=policy. matched=97 missing=0 unexpected=0
[2026-03-02 03:50:54,683] INFO:fitness.free_loss_fidelity: RL4CO free-loss (step-mode): f1_steps=200, f2_steps=0, total_steps=200, train_problem_size=100, rollouts=100, batch_size=64, device=cuda:3, env=tsp
[2026-03-02 03:50:55,013] INFO:fitness.free_loss_fidelity: RL4CO free-loss step 1/200: score=7.807477 (avg=7.807477), loss=0.212337 (avg=0.212337), pairs_step=315750, pairs_total=315750
[2026-03-02 03:51:01,237] INFO:fitness.free_loss_fidelity: RL4CO free-loss step 20/200: score=7.785200 (avg=7.809274), loss=0.206779 (avg=0.207627), pairs_step=316023, pairs_total=6317923
[2026-03-02 03:51:07,588] INFO:fitness.free_loss_fidelity: RL4CO free-loss step 40/200: score=7.814926 (avg=7.802487), loss=0.199806 (avg=0.206175), pairs_step=316046, pairs_total=12636966
[2026-03-02 03:51:13,944] INFO:fitness.free_loss_fidelity: RL4CO free-loss step 60/200: score=7.806073 (avg=7.798548), loss=0.204786 (avg=0.203530), pairs_step=315731, pairs_total=18955979
[2026-03-02 03:51:20,291] INFO:fitness.free_loss_fidelity: RL4CO free-loss step 80/200: score=7.800101 (avg=7.796966), loss=0.213452 (avg=0.203829), pairs_step=315721, pairs_total=25273057
[2026-03-02 03:51:26,648] INFO:fitness.free_loss_fidelity: RL4CO free-loss step 100/200: score=7.759041 (avg=7.797240), loss=0.227527 (avg=0.206841), pairs_step=315854, pairs_total=31590621
[2026-03-02 03:51:33,008] INFO:fitness.free_loss_fidelity: RL4CO free-loss step 120/200: score=7.776378 (avg=7.798839), loss=0.206982 (avg=0.208812), pairs_step=315760, pairs_total=37908303
[2026-03-02 03:51:39,369] INFO:fitness.free_loss_fidelity: RL4CO free-loss step 140/200: score=7.828665 (avg=7.799861), loss=0.205561 (avg=0.208146), pairs_step=315448, pairs_total=44224305
[2026-03-02 03:51:45,739] INFO:fitness.free_loss_fidelity: RL4CO free-loss step 160/200: score=7.796700 (avg=7.799251), loss=0.204131 (avg=0.207222), pairs_step=315764, pairs_total=50539975
[2026-03-02 03:51:52,097] INFO:fitness.free_loss_fidelity: RL4CO free-loss step 180/200: score=7.784122 (avg=7.798245), loss=0.215645 (avg=0.207645), pairs_step=315353, pairs_total=56853685
[2026-03-02 03:51:58,442] INFO:fitness.free_loss_fidelity: RL4CO free-loss step 200/200: score=7.813723 (avg=7.797095), loss=0.223145 (avg=0.208791), pairs_step=315616, pairs_total=63167178
