[2026-03-02 04:23:58,048] INFO:fitness.free_loss_fidelity: Stage3 offline mini-train start gen=6 pair_index=8 K=200 seed=12345 valid_sizes=[100] baseline_json=baseline/mini_eval/baseline_minitrain_tsp100_K200.json
[2026-03-02 04:23:58,069] INFO:fitness.free_loss_fidelity: RL4CO free-loss (step-mode): f1_steps=200, f2_steps=0, total_steps=200, train_problem_size=100, rollouts=100, batch_size=64, device=cuda:2, env=tsp
[2026-03-02 04:23:58,400] INFO:fitness.free_loss_fidelity: RL4CO free-loss step 1/200: score=36.122910 (avg=36.122910), loss=5.116139 (avg=5.116139), pairs_step=316800, pairs_total=316800
[2026-03-02 04:24:04,561] INFO:fitness.free_loss_fidelity: RL4CO free-loss step 20/200: score=9.806429 (avg=12.642419), loss=3.697174 (avg=3.792393), pairs_step=316800, pairs_total=6335995
[2026-03-02 04:24:11,039] INFO:fitness.free_loss_fidelity: RL4CO free-loss step 40/200: score=9.268681 (avg=11.048918), loss=3.695615 (avg=3.761507), pairs_step=316800, pairs_total=12671991
[2026-03-02 04:24:17,517] INFO:fitness.free_loss_fidelity: RL4CO free-loss step 60/200: score=9.117227 (avg=10.430088), loss=3.632508 (avg=3.730625), pairs_step=316799, pairs_total=19007988
[2026-03-02 04:24:24,007] INFO:fitness.free_loss_fidelity: RL4CO free-loss step 80/200: score=8.928171 (avg=10.073651), loss=3.550336 (avg=3.691263), pairs_step=316800, pairs_total=25343984
[2026-03-02 04:24:30,488] INFO:fitness.free_loss_fidelity: RL4CO free-loss step 100/200: score=8.798983 (avg=9.838629), loss=3.592056 (avg=3.660015), pairs_step=316798, pairs_total=31679974
[2026-03-02 04:24:36,967] INFO:fitness.free_loss_fidelity: RL4CO free-loss step 120/200: score=8.728182 (avg=9.666971), loss=3.573698 (avg=3.643176), pairs_step=316800, pairs_total=38015966
[2026-03-02 04:24:43,447] INFO:fitness.free_loss_fidelity: RL4CO free-loss step 140/200: score=8.722732 (avg=9.531545), loss=3.636148 (avg=3.636261), pairs_step=316800, pairs_total=44351961
[2026-03-02 04:24:49,915] INFO:fitness.free_loss_fidelity: RL4CO free-loss step 160/200: score=8.574909 (avg=9.417548), loss=3.609990 (avg=3.635116), pairs_step=316800, pairs_total=50687959
[2026-03-02 04:24:56,419] INFO:fitness.free_loss_fidelity: RL4CO free-loss step 180/200: score=8.522038 (avg=9.320821), loss=3.665140 (avg=3.638912), pairs_step=316800, pairs_total=57023950
[2026-03-02 04:25:02,896] INFO:fitness.free_loss_fidelity: RL4CO free-loss step 200/200: score=8.525580 (avg=9.238963), loss=3.660382 (avg=3.640257), pairs_step=316799, pairs_total=63359944
[2026-03-02 04:25:04,015] WARNING:fitness.free_loss_fidelity: weights_only checkpoint load failed (UnpicklingError); retrying weights_only=False for /data1/gushengda/eam-rl4co/baseline/epoch_135.ckpt
[2026-03-02 04:25:04,052] INFO:fitness.free_loss_fidelity: Loaded init checkpoint into policy: path=/data1/gushengda/eam-rl4co/baseline/epoch_135.ckpt prefix=policy. matched=97 missing=0 unexpected=0
[2026-03-02 04:25:04,057] INFO:fitness.free_loss_fidelity: RL4CO free-loss (step-mode): f1_steps=200, f2_steps=0, total_steps=200, train_problem_size=100, rollouts=100, batch_size=64, device=cuda:2, env=tsp
[2026-03-02 04:25:04,411] INFO:fitness.free_loss_fidelity: RL4CO free-loss step 1/200: score=7.803347 (avg=7.803347), loss=3.093791 (avg=3.093791), pairs_step=315697, pairs_total=315697
[2026-03-02 04:25:10,549] INFO:fitness.free_loss_fidelity: RL4CO free-loss step 20/200: score=7.781156 (avg=7.809691), loss=3.356950 (avg=3.180036), pairs_step=315793, pairs_total=6315969
[2026-03-02 04:25:17,023] INFO:fitness.free_loss_fidelity: RL4CO free-loss step 40/200: score=7.822163 (avg=7.804339), loss=3.441384 (avg=3.251413), pairs_step=315967, pairs_total=12630655
[2026-03-02 04:25:23,523] INFO:fitness.free_loss_fidelity: RL4CO free-loss step 60/200: score=7.819248 (avg=7.800906), loss=3.460597 (avg=3.279678), pairs_step=315690, pairs_total=18945053
[2026-03-02 04:25:30,023] INFO:fitness.free_loss_fidelity: RL4CO free-loss step 80/200: score=7.796472 (avg=7.799581), loss=3.377045 (avg=3.295900), pairs_step=316015, pairs_total=25262236
[2026-03-02 04:25:36,497] INFO:fitness.free_loss_fidelity: RL4CO free-loss step 100/200: score=7.757995 (avg=7.800232), loss=3.374794 (avg=3.301173), pairs_step=315868, pairs_total=31579564
[2026-03-02 04:25:42,954] INFO:fitness.free_loss_fidelity: RL4CO free-loss step 120/200: score=7.778744 (avg=7.801612), loss=3.374084 (avg=3.333601), pairs_step=315719, pairs_total=37892222
[2026-03-02 04:25:49,285] INFO:fitness.free_loss_fidelity: RL4CO free-loss step 140/200: score=7.828346 (avg=7.802566), loss=3.510221 (avg=3.351781), pairs_step=315494, pairs_total=44206579
[2026-03-02 04:25:55,646] INFO:fitness.free_loss_fidelity: RL4CO free-loss step 160/200: score=7.798603 (avg=7.801988), loss=3.348480 (avg=3.361448), pairs_step=315662, pairs_total=50520990
[2026-03-02 04:26:01,992] INFO:fitness.free_loss_fidelity: RL4CO free-loss step 180/200: score=7.786353 (avg=7.800928), loss=3.423817 (avg=3.367799), pairs_step=315302, pairs_total=56834617
[2026-03-02 04:26:09,271] INFO:fitness.free_loss_fidelity: RL4CO free-loss step 200/200: score=7.812131 (avg=7.799809), loss=3.395327 (avg=3.384259), pairs_step=315656, pairs_total=63147614
[2026-03-02 04:26:10,385] WARNING:fitness.free_loss_fidelity: weights_only checkpoint load failed (UnpicklingError); retrying weights_only=False for /data1/gushengda/eam-rl4co/baseline/epoch_409.ckpt
[2026-03-02 04:26:10,414] INFO:fitness.free_loss_fidelity: Loaded init checkpoint into policy: path=/data1/gushengda/eam-rl4co/baseline/epoch_409.ckpt prefix=policy. matched=97 missing=0 unexpected=0
[2026-03-02 04:26:10,419] INFO:fitness.free_loss_fidelity: RL4CO free-loss (step-mode): f1_steps=200, f2_steps=0, total_steps=200, train_problem_size=100, rollouts=100, batch_size=64, device=cuda:2, env=tsp
[2026-03-02 04:26:10,790] INFO:fitness.free_loss_fidelity: RL4CO free-loss step 1/200: score=7.807477 (avg=7.807477), loss=0.030663 (avg=0.030663), pairs_step=315750, pairs_total=315750
[2026-03-02 04:26:17,918] INFO:fitness.free_loss_fidelity: RL4CO free-loss step 20/200: score=7.791767 (avg=7.815069), loss=0.805716 (avg=0.280552), pairs_step=316275, pairs_total=6324095
[2026-03-02 04:26:25,208] INFO:fitness.free_loss_fidelity: RL4CO free-loss step 40/200: score=7.818534 (avg=7.808614), loss=0.158014 (avg=0.457372), pairs_step=316318, pairs_total=12649856
[2026-03-02 04:26:32,518] INFO:fitness.free_loss_fidelity: RL4CO free-loss step 60/200: score=7.816677 (avg=7.804059), loss=0.019374 (avg=0.318447), pairs_step=316502, pairs_total=18977717
[2026-03-02 04:26:39,828] INFO:fitness.free_loss_fidelity: RL4CO free-loss step 80/200: score=7.794725 (avg=7.802023), loss=0.016679 (avg=0.242727), pairs_step=316640, pairs_total=25309113
[2026-03-02 04:26:46,896] INFO:fitness.free_loss_fidelity: RL4CO free-loss step 100/200: score=7.762284 (avg=7.802462), loss=0.019634 (avg=0.198008), pairs_step=316729, pairs_total=31642849
[2026-03-02 04:26:54,085] INFO:fitness.free_loss_fidelity: RL4CO free-loss step 120/200: score=7.780582 (avg=7.804369), loss=0.032848 (avg=0.169503), pairs_step=316742, pairs_total=37977766
[2026-03-02 04:27:01,396] INFO:fitness.free_loss_fidelity: RL4CO free-loss step 140/200: score=7.840378 (avg=7.806232), loss=0.037424 (avg=0.150588), pairs_step=316783, pairs_total=44313171
[2026-03-02 04:27:08,682] INFO:fitness.free_loss_fidelity: RL4CO free-loss step 160/200: score=7.815676 (avg=7.807104), loss=0.073720 (avg=0.137710), pairs_step=316797, pairs_total=50648992
[2026-03-02 04:27:15,988] INFO:fitness.free_loss_fidelity: RL4CO free-loss step 180/200: score=7.796918 (avg=7.807208), loss=0.103277 (avg=0.133371), pairs_step=316790, pairs_total=56984881
[2026-03-02 04:27:23,289] INFO:fitness.free_loss_fidelity: RL4CO free-loss step 200/200: score=7.843556 (avg=7.807600), loss=0.040144 (avg=0.127105), pairs_step=316799, pairs_total=63320818
