[2026-03-02 03:51:54,187] INFO:fitness.free_loss_fidelity: Stage3 offline mini-train start gen=5 pair_index=19 K=200 seed=12345 valid_sizes=[100] baseline_json=baseline/mini_eval/baseline_minitrain_tsp100_K200.json
[2026-03-02 03:51:54,209] INFO:fitness.free_loss_fidelity: RL4CO free-loss (step-mode): f1_steps=200, f2_steps=0, total_steps=200, train_problem_size=100, rollouts=100, batch_size=64, device=cuda:2, env=tsp
[2026-03-02 03:51:54,527] INFO:fitness.free_loss_fidelity: RL4CO free-loss step 1/200: score=36.122910 (avg=36.122910), loss=298643.437500 (avg=298643.437500), pairs_step=316800, pairs_total=316800
[2026-03-02 03:52:00,588] INFO:fitness.free_loss_fidelity: RL4CO free-loss step 20/200: score=10.025019 (avg=13.036396), loss=180960.078125 (avg=195727.458594), pairs_step=316800, pairs_total=6335994
[2026-03-02 03:52:06,972] INFO:fitness.free_loss_fidelity: RL4CO free-loss step 40/200: score=9.595274 (avg=11.388489), loss=175701.531250 (avg=186496.808203), pairs_step=316799, pairs_total=12671987
[2026-03-02 03:52:13,366] INFO:fitness.free_loss_fidelity: RL4CO free-loss step 60/200: score=9.359529 (avg=10.736796), loss=170015.093750 (avg=181969.271354), pairs_step=316800, pairs_total=19007982
[2026-03-02 03:52:19,747] INFO:fitness.free_loss_fidelity: RL4CO free-loss step 80/200: score=9.276882 (avg=10.382312), loss=164908.593750 (avg=178357.892773), pairs_step=316800, pairs_total=25343979
[2026-03-02 03:52:26,126] INFO:fitness.free_loss_fidelity: RL4CO free-loss step 100/200: score=9.184173 (avg=10.153901), loss=167533.906250 (avg=175805.085000), pairs_step=316800, pairs_total=31679975
[2026-03-02 03:52:32,514] INFO:fitness.free_loss_fidelity: RL4CO free-loss step 120/200: score=9.110624 (avg=9.992385), loss=165005.843750 (avg=174102.933073), pairs_step=316800, pairs_total=38015971
[2026-03-02 03:52:38,895] INFO:fitness.free_loss_fidelity: RL4CO free-loss step 140/200: score=9.123034 (avg=9.868003), loss=166392.265625 (avg=172973.535938), pairs_step=316800, pairs_total=44351967
[2026-03-02 03:52:45,269] INFO:fitness.free_loss_fidelity: RL4CO free-loss step 160/200: score=9.054975 (avg=9.767474), loss=165695.281250 (avg=172262.554004), pairs_step=316799, pairs_total=50687959
[2026-03-02 03:52:51,658] INFO:fitness.free_loss_fidelity: RL4CO free-loss step 180/200: score=8.962915 (avg=9.682379), loss=164238.031250 (avg=171622.638542), pairs_step=316800, pairs_total=57023956
[2026-03-02 03:52:58,039] INFO:fitness.free_loss_fidelity: RL4CO free-loss step 200/200: score=8.938547 (avg=9.608924), loss=169104.812500 (avg=171162.039609), pairs_step=316800, pairs_total=63359946
[2026-03-02 03:52:59,148] WARNING:fitness.free_loss_fidelity: weights_only checkpoint load failed (UnpicklingError); retrying weights_only=False for /data1/gushengda/eam-rl4co/baseline/epoch_135.ckpt
[2026-03-02 03:52:59,184] INFO:fitness.free_loss_fidelity: Loaded init checkpoint into policy: path=/data1/gushengda/eam-rl4co/baseline/epoch_135.ckpt prefix=policy. matched=97 missing=0 unexpected=0
[2026-03-02 03:52:59,189] INFO:fitness.free_loss_fidelity: RL4CO free-loss (step-mode): f1_steps=200, f2_steps=0, total_steps=200, train_problem_size=100, rollouts=100, batch_size=64, device=cuda:2, env=tsp
[2026-03-02 03:52:59,531] INFO:fitness.free_loss_fidelity: RL4CO free-loss step 1/200: score=7.803347 (avg=7.803347), loss=211320.093750 (avg=211320.093750), pairs_step=315697, pairs_total=315697
[2026-03-02 03:53:05,589] INFO:fitness.free_loss_fidelity: RL4CO free-loss step 20/200: score=7.779970 (avg=7.809624), loss=209476.468750 (avg=210329.907812), pairs_step=316090, pairs_total=6318472
[2026-03-02 03:53:11,964] INFO:fitness.free_loss_fidelity: RL4CO free-loss step 40/200: score=7.817039 (avg=7.802887), loss=209434.125000 (avg=209353.846875), pairs_step=315869, pairs_total=12637172
[2026-03-02 03:53:18,343] INFO:fitness.free_loss_fidelity: RL4CO free-loss step 60/200: score=7.812622 (avg=7.799239), loss=206130.312500 (avg=208512.462500), pairs_step=315758, pairs_total=18955024
[2026-03-02 03:53:24,917] INFO:fitness.free_loss_fidelity: RL4CO free-loss step 80/200: score=7.797881 (avg=7.797398), loss=203144.484375 (avg=207487.512305), pairs_step=316076, pairs_total=25274602
[2026-03-02 03:53:31,292] INFO:fitness.free_loss_fidelity: RL4CO free-loss step 100/200: score=7.758559 (avg=7.798377), loss=202610.218750 (avg=206746.533594), pairs_step=316204, pairs_total=31595772
[2026-03-02 03:53:37,669] INFO:fitness.free_loss_fidelity: RL4CO free-loss step 120/200: score=7.768996 (avg=7.799701), loss=197808.250000 (avg=205761.282422), pairs_step=315931, pairs_total=37917471
[2026-03-02 03:53:44,034] INFO:fitness.free_loss_fidelity: RL4CO free-loss step 140/200: score=7.827141 (avg=7.800544), loss=196568.750000 (avg=204543.347210), pairs_step=315829, pairs_total=44238092
[2026-03-02 03:53:50,409] INFO:fitness.free_loss_fidelity: RL4CO free-loss step 160/200: score=7.795512 (avg=7.799833), loss=193093.671875 (avg=203245.477539), pairs_step=316062, pairs_total=50559684
[2026-03-02 03:53:56,791] INFO:fitness.free_loss_fidelity: RL4CO free-loss step 180/200: score=7.782527 (avg=7.798654), loss=192608.562500 (avg=202079.199913), pairs_step=316082, pairs_total=56880893
[2026-03-02 03:54:03,165] INFO:fitness.free_loss_fidelity: RL4CO free-loss step 200/200: score=7.804695 (avg=7.797459), loss=183557.281250 (avg=200763.441719), pairs_step=316137, pairs_total=63203546
[2026-03-02 03:54:04,271] WARNING:fitness.free_loss_fidelity: weights_only checkpoint load failed (UnpicklingError); retrying weights_only=False for /data1/gushengda/eam-rl4co/baseline/epoch_409.ckpt
[2026-03-02 03:54:04,301] INFO:fitness.free_loss_fidelity: Loaded init checkpoint into policy: path=/data1/gushengda/eam-rl4co/baseline/epoch_409.ckpt prefix=policy. matched=97 missing=0 unexpected=0
[2026-03-02 03:54:04,306] INFO:fitness.free_loss_fidelity: RL4CO free-loss (step-mode): f1_steps=200, f2_steps=0, total_steps=200, train_problem_size=100, rollouts=100, batch_size=64, device=cuda:2, env=tsp
[2026-03-02 03:54:04,628] INFO:fitness.free_loss_fidelity: RL4CO free-loss step 1/200: score=7.807477 (avg=7.807477), loss=59510.234375 (avg=59510.234375), pairs_step=315750, pairs_total=315750
[2026-03-02 03:54:10,695] INFO:fitness.free_loss_fidelity: RL4CO free-loss step 20/200: score=7.780046 (avg=7.808990), loss=54435.269531 (avg=56031.471289), pairs_step=316214, pairs_total=6319623
[2026-03-02 03:54:17,075] INFO:fitness.free_loss_fidelity: RL4CO free-loss step 40/200: score=7.815618 (avg=7.802749), loss=55003.398438 (avg=55210.536230), pairs_step=316176, pairs_total=12639712
[2026-03-02 03:54:23,465] INFO:fitness.free_loss_fidelity: RL4CO free-loss step 60/200: score=7.811839 (avg=7.799113), loss=55821.027344 (avg=54995.248112), pairs_step=315889, pairs_total=18958590
[2026-03-02 03:54:29,839] INFO:fitness.free_loss_fidelity: RL4CO free-loss step 80/200: score=7.788687 (avg=7.797235), loss=57536.683594 (avg=55284.266260), pairs_step=315871, pairs_total=25277091
[2026-03-02 03:54:36,221] INFO:fitness.free_loss_fidelity: RL4CO free-loss step 100/200: score=7.750740 (avg=7.797804), loss=59088.460938 (avg=55606.839531), pairs_step=316128, pairs_total=31597769
[2026-03-02 03:54:42,602] INFO:fitness.free_loss_fidelity: RL4CO free-loss step 120/200: score=7.774927 (avg=7.799070), loss=55469.414062 (avg=55955.664388), pairs_step=316087, pairs_total=37918821
[2026-03-02 03:54:48,987] INFO:fitness.free_loss_fidelity: RL4CO free-loss step 140/200: score=7.822296 (avg=7.799778), loss=54551.191406 (avg=55920.300921), pairs_step=315987, pairs_total=44239707
[2026-03-02 03:54:55,369] INFO:fitness.free_loss_fidelity: RL4CO free-loss step 160/200: score=7.792792 (avg=7.798925), loss=55126.554688 (avg=55779.814136), pairs_step=316317, pairs_total=50561069
[2026-03-02 03:55:01,759] INFO:fitness.free_loss_fidelity: RL4CO free-loss step 180/200: score=7.778598 (avg=7.797772), loss=55514.703125 (avg=55720.054579), pairs_step=315427, pairs_total=56879168
[2026-03-02 03:55:08,141] INFO:fitness.free_loss_fidelity: RL4CO free-loss step 200/200: score=7.810844 (avg=7.796470), loss=54291.976562 (avg=55726.546914), pairs_step=315049, pairs_total=63196992
