[2026-03-02 03:16:55,340] INFO:fitness.free_loss_fidelity: Stage3 offline mini-train start gen=4 pair_index=15 K=200 seed=12345 valid_sizes=[100] baseline_json=baseline/mini_eval/baseline_minitrain_tsp100_K200.json
[2026-03-02 03:16:55,357] INFO:fitness.free_loss_fidelity: RL4CO free-loss (step-mode): f1_steps=200, f2_steps=0, total_steps=200, train_problem_size=100, rollouts=100, batch_size=64, device=cuda:0, env=tsp
[2026-03-02 03:16:55,675] INFO:fitness.free_loss_fidelity: RL4CO free-loss step 1/200: score=36.122910 (avg=36.122910), loss=0.942688 (avg=0.942688), pairs_step=316800, pairs_total=316800
[2026-03-02 03:17:01,594] INFO:fitness.free_loss_fidelity: RL4CO free-loss step 20/200: score=9.997241 (avg=13.073730), loss=0.563657 (avg=0.619512), pairs_step=316800, pairs_total=6335999
[2026-03-02 03:17:07,829] INFO:fitness.free_loss_fidelity: RL4CO free-loss step 40/200: score=9.622248 (avg=11.423824), loss=0.554689 (avg=0.589273), pairs_step=316800, pairs_total=12671994
[2026-03-02 03:17:14,072] INFO:fitness.free_loss_fidelity: RL4CO free-loss step 60/200: score=9.415987 (avg=10.765261), loss=0.527937 (avg=0.574439), pairs_step=316799, pairs_total=19007987
[2026-03-02 03:17:20,309] INFO:fitness.free_loss_fidelity: RL4CO free-loss step 80/200: score=9.269827 (avg=10.403163), loss=0.517137 (avg=0.561721), pairs_step=316800, pairs_total=25343985
[2026-03-02 03:17:26,539] INFO:fitness.free_loss_fidelity: RL4CO free-loss step 100/200: score=9.142644 (avg=10.172825), loss=0.515824 (avg=0.553160), pairs_step=316800, pairs_total=31679977
[2026-03-02 03:17:32,775] INFO:fitness.free_loss_fidelity: RL4CO free-loss step 120/200: score=9.068724 (avg=10.004789), loss=0.531460 (avg=0.547908), pairs_step=316799, pairs_total=38015972
[2026-03-02 03:17:39,010] INFO:fitness.free_loss_fidelity: RL4CO free-loss step 140/200: score=9.153551 (avg=9.880359), loss=0.509333 (avg=0.544313), pairs_step=316800, pairs_total=44351968
[2026-03-02 03:17:45,260] INFO:fitness.free_loss_fidelity: RL4CO free-loss step 160/200: score=9.000273 (avg=9.777031), loss=0.528189 (avg=0.542109), pairs_step=316800, pairs_total=50687964
[2026-03-02 03:17:51,504] INFO:fitness.free_loss_fidelity: RL4CO free-loss step 180/200: score=8.941555 (avg=9.690411), loss=0.516775 (avg=0.540158), pairs_step=316800, pairs_total=57023962
[2026-03-02 03:17:57,742] INFO:fitness.free_loss_fidelity: RL4CO free-loss step 200/200: score=8.974804 (avg=9.617155), loss=0.522093 (avg=0.538763), pairs_step=316800, pairs_total=63359957
[2026-03-02 03:17:58,849] WARNING:fitness.free_loss_fidelity: weights_only checkpoint load failed (UnpicklingError); retrying weights_only=False for /data1/gushengda/eam-rl4co/baseline/epoch_135.ckpt
[2026-03-02 03:17:58,886] INFO:fitness.free_loss_fidelity: Loaded init checkpoint into policy: path=/data1/gushengda/eam-rl4co/baseline/epoch_135.ckpt prefix=policy. matched=97 missing=0 unexpected=0
[2026-03-02 03:17:58,891] INFO:fitness.free_loss_fidelity: RL4CO free-loss (step-mode): f1_steps=200, f2_steps=0, total_steps=200, train_problem_size=100, rollouts=100, batch_size=64, device=cuda:0, env=tsp
[2026-03-02 03:17:59,226] INFO:fitness.free_loss_fidelity: RL4CO free-loss step 1/200: score=7.803347 (avg=7.803347), loss=0.669376 (avg=0.669376), pairs_step=315697, pairs_total=315697
[2026-03-02 03:18:05,152] INFO:fitness.free_loss_fidelity: RL4CO free-loss step 20/200: score=7.779100 (avg=7.808890), loss=0.667506 (avg=0.666211), pairs_step=315985, pairs_total=6317387
[2026-03-02 03:18:11,389] INFO:fitness.free_loss_fidelity: RL4CO free-loss step 40/200: score=7.818215 (avg=7.803428), loss=0.653057 (avg=0.663015), pairs_step=316128, pairs_total=12635400
[2026-03-02 03:18:17,618] INFO:fitness.free_loss_fidelity: RL4CO free-loss step 60/200: score=7.814110 (avg=7.799315), loss=0.648397 (avg=0.657441), pairs_step=316076, pairs_total=18955475
[2026-03-02 03:18:24,048] INFO:fitness.free_loss_fidelity: RL4CO free-loss step 80/200: score=7.796741 (avg=7.797626), loss=0.641404 (avg=0.653613), pairs_step=315961, pairs_total=25276078
[2026-03-02 03:18:30,283] INFO:fitness.free_loss_fidelity: RL4CO free-loss step 100/200: score=7.754548 (avg=7.798352), loss=0.628685 (avg=0.649881), pairs_step=316136, pairs_total=31598452
[2026-03-02 03:18:36,532] INFO:fitness.free_loss_fidelity: RL4CO free-loss step 120/200: score=7.771096 (avg=7.799407), loss=0.623560 (avg=0.645472), pairs_step=315921, pairs_total=37921215
[2026-03-02 03:18:42,766] INFO:fitness.free_loss_fidelity: RL4CO free-loss step 140/200: score=7.826243 (avg=7.800347), loss=0.616483 (avg=0.641985), pairs_step=316022, pairs_total=44243346
[2026-03-02 03:18:48,993] INFO:fitness.free_loss_fidelity: RL4CO free-loss step 160/200: score=7.798383 (avg=7.799643), loss=0.612476 (avg=0.638799), pairs_step=316107, pairs_total=50566433
[2026-03-02 03:18:55,231] INFO:fitness.free_loss_fidelity: RL4CO free-loss step 180/200: score=7.782279 (avg=7.798307), loss=0.602181 (avg=0.635372), pairs_step=316016, pairs_total=56887572
[2026-03-02 03:19:01,469] INFO:fitness.free_loss_fidelity: RL4CO free-loss step 200/200: score=7.811994 (avg=7.797318), loss=0.577688 (avg=0.631246), pairs_step=315992, pairs_total=63210759
[2026-03-02 03:19:02,577] WARNING:fitness.free_loss_fidelity: weights_only checkpoint load failed (UnpicklingError); retrying weights_only=False for /data1/gushengda/eam-rl4co/baseline/epoch_409.ckpt
[2026-03-02 03:19:02,615] INFO:fitness.free_loss_fidelity: Loaded init checkpoint into policy: path=/data1/gushengda/eam-rl4co/baseline/epoch_409.ckpt prefix=policy. matched=97 missing=0 unexpected=0
[2026-03-02 03:19:02,620] INFO:fitness.free_loss_fidelity: RL4CO free-loss (step-mode): f1_steps=200, f2_steps=0, total_steps=200, train_problem_size=100, rollouts=100, batch_size=64, device=cuda:0, env=tsp
[2026-03-02 03:19:02,937] INFO:fitness.free_loss_fidelity: RL4CO free-loss step 1/200: score=7.807477 (avg=7.807477), loss=0.188473 (avg=0.188473), pairs_step=315750, pairs_total=315750
[2026-03-02 03:19:08,871] INFO:fitness.free_loss_fidelity: RL4CO free-loss step 20/200: score=7.784478 (avg=7.808740), loss=0.177678 (avg=0.179854), pairs_step=316125, pairs_total=6318936
[2026-03-02 03:19:15,098] INFO:fitness.free_loss_fidelity: RL4CO free-loss step 40/200: score=7.812846 (avg=7.802658), loss=0.184020 (avg=0.181158), pairs_step=316167, pairs_total=12637378
[2026-03-02 03:19:21,327] INFO:fitness.free_loss_fidelity: RL4CO free-loss step 60/200: score=7.811044 (avg=7.798817), loss=0.184114 (avg=0.181088), pairs_step=315723, pairs_total=18954887
[2026-03-02 03:19:27,573] INFO:fitness.free_loss_fidelity: RL4CO free-loss step 80/200: score=7.794723 (avg=7.797007), loss=0.184568 (avg=0.180823), pairs_step=316211, pairs_total=25275410
[2026-03-02 03:19:33,807] INFO:fitness.free_loss_fidelity: RL4CO free-loss step 100/200: score=7.752294 (avg=7.797529), loss=0.185286 (avg=0.181184), pairs_step=316139, pairs_total=31596575
[2026-03-02 03:19:40,032] INFO:fitness.free_loss_fidelity: RL4CO free-loss step 120/200: score=7.773402 (avg=7.798883), loss=0.174972 (avg=0.180997), pairs_step=315567, pairs_total=37916405
[2026-03-02 03:19:46,259] INFO:fitness.free_loss_fidelity: RL4CO free-loss step 140/200: score=7.822079 (avg=7.799726), loss=0.177954 (avg=0.180444), pairs_step=315908, pairs_total=44235922
[2026-03-02 03:19:52,496] INFO:fitness.free_loss_fidelity: RL4CO free-loss step 160/200: score=7.790390 (avg=7.798896), loss=0.182903 (avg=0.180426), pairs_step=316111, pairs_total=50553762
[2026-03-02 03:19:58,732] INFO:fitness.free_loss_fidelity: RL4CO free-loss step 180/200: score=7.778700 (avg=7.797661), loss=0.185062 (avg=0.180786), pairs_step=316075, pairs_total=56872712
[2026-03-02 03:20:04,972] INFO:fitness.free_loss_fidelity: RL4CO free-loss step 200/200: score=7.813222 (avg=7.796348), loss=0.180667 (avg=0.181126), pairs_step=315757, pairs_total=63192387
