[2026-03-02 01:47:20,908] INFO:fitness.free_loss_fidelity: Stage3 offline mini-train start gen=1 pair_index=15 K=200 seed=12345 valid_sizes=[100] baseline_json=baseline/mini_eval/baseline_minitrain_tsp100_K200.json
[2026-03-02 01:47:20,928] INFO:fitness.free_loss_fidelity: RL4CO free-loss (step-mode): f1_steps=200, f2_steps=0, total_steps=200, train_problem_size=100, rollouts=100, batch_size=64, device=cuda:3, env=tsp
[2026-03-02 01:47:21,274] INFO:fitness.free_loss_fidelity: RL4CO free-loss step 1/200: score=36.122910 (avg=36.122910), loss=0.743367 (avg=0.743367), pairs_step=316800, pairs_total=316800
[2026-03-02 01:47:27,347] INFO:fitness.free_loss_fidelity: RL4CO free-loss step 20/200: score=9.809112 (avg=12.631823), loss=0.568784 (avg=0.577077), pairs_step=316800, pairs_total=6335996
[2026-03-02 01:47:33,710] INFO:fitness.free_loss_fidelity: RL4CO free-loss step 40/200: score=9.354658 (avg=11.050641), loss=0.579801 (avg=0.575305), pairs_step=316800, pairs_total=12671990
[2026-03-02 01:47:40,072] INFO:fitness.free_loss_fidelity: RL4CO free-loss step 60/200: score=9.131064 (avg=10.429514), loss=0.556019 (avg=0.573330), pairs_step=316800, pairs_total=19007985
[2026-03-02 01:47:46,434] INFO:fitness.free_loss_fidelity: RL4CO free-loss step 80/200: score=8.957567 (avg=10.075320), loss=0.556005 (avg=0.569148), pairs_step=316800, pairs_total=25343982
[2026-03-02 01:47:52,799] INFO:fitness.free_loss_fidelity: RL4CO free-loss step 100/200: score=8.838152 (avg=9.840456), loss=0.551020 (avg=0.566763), pairs_step=316800, pairs_total=31679971
[2026-03-02 01:47:59,187] INFO:fitness.free_loss_fidelity: RL4CO free-loss step 120/200: score=8.701938 (avg=9.667464), loss=0.562297 (avg=0.565665), pairs_step=316800, pairs_total=38015969
[2026-03-02 01:48:05,567] INFO:fitness.free_loss_fidelity: RL4CO free-loss step 140/200: score=8.670386 (avg=9.531839), loss=0.569526 (avg=0.565431), pairs_step=316800, pairs_total=44351959
[2026-03-02 01:48:11,952] INFO:fitness.free_loss_fidelity: RL4CO free-loss step 160/200: score=8.568320 (avg=9.418582), loss=0.572919 (avg=0.566127), pairs_step=316800, pairs_total=50687956
[2026-03-02 01:48:18,313] INFO:fitness.free_loss_fidelity: RL4CO free-loss step 180/200: score=8.542390 (avg=9.321519), loss=0.579596 (avg=0.567358), pairs_step=316800, pairs_total=57023952
[2026-03-02 01:48:24,671] INFO:fitness.free_loss_fidelity: RL4CO free-loss step 200/200: score=8.523376 (avg=9.241190), loss=0.578101 (avg=0.568484), pairs_step=316800, pairs_total=63359949
[2026-03-02 01:48:25,794] WARNING:fitness.free_loss_fidelity: weights_only checkpoint load failed (UnpicklingError); retrying weights_only=False for /data1/gushengda/eam-rl4co/baseline/epoch_135.ckpt
[2026-03-02 01:48:25,833] INFO:fitness.free_loss_fidelity: Loaded init checkpoint into policy: path=/data1/gushengda/eam-rl4co/baseline/epoch_135.ckpt prefix=policy. matched=97 missing=0 unexpected=0
[2026-03-02 01:48:25,838] INFO:fitness.free_loss_fidelity: RL4CO free-loss (step-mode): f1_steps=200, f2_steps=0, total_steps=200, train_problem_size=100, rollouts=100, batch_size=64, device=cuda:3, env=tsp
[2026-03-02 01:48:26,170] INFO:fitness.free_loss_fidelity: RL4CO free-loss step 1/200: score=7.803347 (avg=7.803347), loss=0.664747 (avg=0.664747), pairs_step=315697, pairs_total=315697
[2026-03-02 01:48:32,210] INFO:fitness.free_loss_fidelity: RL4CO free-loss step 20/200: score=7.782210 (avg=7.810466), loss=0.668480 (avg=0.666312), pairs_step=315921, pairs_total=6316846
[2026-03-02 01:48:38,561] INFO:fitness.free_loss_fidelity: RL4CO free-loss step 40/200: score=7.824953 (avg=7.805090), loss=0.671455 (avg=0.667738), pairs_step=315578, pairs_total=12633069
[2026-03-02 01:48:44,925] INFO:fitness.free_loss_fidelity: RL4CO free-loss step 60/200: score=7.821152 (avg=7.801274), loss=0.669876 (avg=0.668430), pairs_step=315712, pairs_total=18947507
[2026-03-02 01:48:51,282] INFO:fitness.free_loss_fidelity: RL4CO free-loss step 80/200: score=7.795596 (avg=7.799249), loss=0.670133 (avg=0.668590), pairs_step=315925, pairs_total=25263533
[2026-03-02 01:48:57,644] INFO:fitness.free_loss_fidelity: RL4CO free-loss step 100/200: score=7.753716 (avg=7.799852), loss=0.668391 (avg=0.668753), pairs_step=315859, pairs_total=31579514
[2026-03-02 01:49:04,001] INFO:fitness.free_loss_fidelity: RL4CO free-loss step 120/200: score=7.776028 (avg=7.801496), loss=0.671720 (avg=0.669008), pairs_step=315236, pairs_total=37891754
[2026-03-02 01:49:10,364] INFO:fitness.free_loss_fidelity: RL4CO free-loss step 140/200: score=7.829180 (avg=7.802623), loss=0.672350 (avg=0.669252), pairs_step=315717, pairs_total=44205848
[2026-03-02 01:49:16,727] INFO:fitness.free_loss_fidelity: RL4CO free-loss step 160/200: score=7.802944 (avg=7.802320), loss=0.668467 (avg=0.669404), pairs_step=315554, pairs_total=50519415
[2026-03-02 01:49:23,074] INFO:fitness.free_loss_fidelity: RL4CO free-loss step 180/200: score=7.784200 (avg=7.801368), loss=0.669632 (avg=0.669629), pairs_step=315039, pairs_total=56832805
[2026-03-02 01:49:29,639] INFO:fitness.free_loss_fidelity: RL4CO free-loss step 200/200: score=7.810541 (avg=7.800252), loss=0.669534 (avg=0.669786), pairs_step=315763, pairs_total=63145478
[2026-03-02 01:49:30,761] WARNING:fitness.free_loss_fidelity: weights_only checkpoint load failed (UnpicklingError); retrying weights_only=False for /data1/gushengda/eam-rl4co/baseline/epoch_409.ckpt
[2026-03-02 01:49:30,799] INFO:fitness.free_loss_fidelity: Loaded init checkpoint into policy: path=/data1/gushengda/eam-rl4co/baseline/epoch_409.ckpt prefix=policy. matched=97 missing=0 unexpected=0
[2026-03-02 01:49:30,805] INFO:fitness.free_loss_fidelity: RL4CO free-loss (step-mode): f1_steps=200, f2_steps=0, total_steps=200, train_problem_size=100, rollouts=100, batch_size=64, device=cuda:3, env=tsp
[2026-03-02 01:49:31,128] INFO:fitness.free_loss_fidelity: RL4CO free-loss step 1/200: score=7.807477 (avg=7.807477), loss=0.171388 (avg=0.171388), pairs_step=315750, pairs_total=315750
[2026-03-02 01:49:37,162] INFO:fitness.free_loss_fidelity: RL4CO free-loss step 20/200: score=7.778641 (avg=7.808121), loss=0.173186 (avg=0.178515), pairs_step=316041, pairs_total=6317481
[2026-03-02 01:49:43,515] INFO:fitness.free_loss_fidelity: RL4CO free-loss step 40/200: score=7.809346 (avg=7.800906), loss=0.165590 (avg=0.176535), pairs_step=315961, pairs_total=12635856
[2026-03-02 01:49:49,863] INFO:fitness.free_loss_fidelity: RL4CO free-loss step 60/200: score=7.812929 (avg=7.796991), loss=0.162768 (avg=0.172304), pairs_step=315404, pairs_total=18949641
[2026-03-02 01:49:56,218] INFO:fitness.free_loss_fidelity: RL4CO free-loss step 80/200: score=7.796086 (avg=7.795748), loss=0.162568 (avg=0.171496), pairs_step=315761, pairs_total=25265311
[2026-03-02 01:50:02,568] INFO:fitness.free_loss_fidelity: RL4CO free-loss step 100/200: score=7.757002 (avg=7.796331), loss=0.197832 (avg=0.173747), pairs_step=315687, pairs_total=31581422
[2026-03-02 01:50:08,922] INFO:fitness.free_loss_fidelity: RL4CO free-loss step 120/200: score=7.773728 (avg=7.797963), loss=0.169462 (avg=0.175026), pairs_step=315786, pairs_total=37897702
[2026-03-02 01:50:15,276] INFO:fitness.free_loss_fidelity: RL4CO free-loss step 140/200: score=7.824046 (avg=7.799016), loss=0.168768 (avg=0.173941), pairs_step=315545, pairs_total=44211716
[2026-03-02 01:50:21,625] INFO:fitness.free_loss_fidelity: RL4CO free-loss step 160/200: score=7.786143 (avg=7.798259), loss=0.173057 (avg=0.173182), pairs_step=315747, pairs_total=50524511
[2026-03-02 01:50:27,977] INFO:fitness.free_loss_fidelity: RL4CO free-loss step 180/200: score=7.780331 (avg=7.797042), loss=0.196722 (avg=0.174864), pairs_step=315179, pairs_total=56836899
[2026-03-02 01:50:34,330] INFO:fitness.free_loss_fidelity: RL4CO free-loss step 200/200: score=7.810869 (avg=7.795904), loss=0.177643 (avg=0.176511), pairs_step=315250, pairs_total=63150155
