[2026-03-02 03:14:06,111] INFO:fitness.free_loss_fidelity: Stage3 offline mini-train start gen=4 pair_index=12 K=200 seed=12345 valid_sizes=[100] baseline_json=baseline/mini_eval/baseline_minitrain_tsp100_K200.json
[2026-03-02 03:14:06,134] INFO:fitness.free_loss_fidelity: RL4CO free-loss (step-mode): f1_steps=200, f2_steps=0, total_steps=200, train_problem_size=100, rollouts=100, batch_size=64, device=cuda:3, env=tsp
[2026-03-02 03:14:06,494] INFO:fitness.free_loss_fidelity: RL4CO free-loss step 1/200: score=36.122910 (avg=36.122910), loss=0.743367 (avg=0.743367), pairs_step=316800, pairs_total=316800
[2026-03-02 03:14:13,234] INFO:fitness.free_loss_fidelity: RL4CO free-loss step 20/200: score=9.910664 (avg=12.676085), loss=0.564965 (avg=0.578534), pairs_step=316800, pairs_total=6335996
[2026-03-02 03:14:20,274] INFO:fitness.free_loss_fidelity: RL4CO free-loss step 40/200: score=9.382364 (avg=11.089769), loss=0.572809 (avg=0.577706), pairs_step=316800, pairs_total=12671991
[2026-03-02 03:14:27,317] INFO:fitness.free_loss_fidelity: RL4CO free-loss step 60/200: score=9.167706 (avg=10.466773), loss=0.564812 (avg=0.574880), pairs_step=316800, pairs_total=19007987
[2026-03-02 03:14:34,345] INFO:fitness.free_loss_fidelity: RL4CO free-loss step 80/200: score=8.955715 (avg=10.108978), loss=0.558406 (avg=0.570091), pairs_step=316800, pairs_total=25343981
[2026-03-02 03:14:41,385] INFO:fitness.free_loss_fidelity: RL4CO free-loss step 100/200: score=8.839916 (avg=9.872137), loss=0.560064 (avg=0.567676), pairs_step=316800, pairs_total=31679978
[2026-03-02 03:14:48,443] INFO:fitness.free_loss_fidelity: RL4CO free-loss step 120/200: score=8.755664 (avg=9.699352), loss=0.563312 (avg=0.566576), pairs_step=316800, pairs_total=38015975
[2026-03-02 03:14:55,494] INFO:fitness.free_loss_fidelity: RL4CO free-loss step 140/200: score=8.724416 (avg=9.560278), loss=0.569956 (avg=0.566357), pairs_step=316800, pairs_total=44351966
[2026-03-02 03:15:02,551] INFO:fitness.free_loss_fidelity: RL4CO free-loss step 160/200: score=8.631262 (avg=9.446886), loss=0.574428 (avg=0.567020), pairs_step=316800, pairs_total=50687961
[2026-03-02 03:15:09,606] INFO:fitness.free_loss_fidelity: RL4CO free-loss step 180/200: score=8.579235 (avg=9.349993), loss=0.574499 (avg=0.568028), pairs_step=316800, pairs_total=57023954
[2026-03-02 03:15:16,644] INFO:fitness.free_loss_fidelity: RL4CO free-loss step 200/200: score=8.525486 (avg=9.267317), loss=0.588707 (avg=0.569246), pairs_step=316800, pairs_total=63359952
[2026-03-02 03:15:17,938] WARNING:fitness.free_loss_fidelity: weights_only checkpoint load failed (UnpicklingError); retrying weights_only=False for /data1/gushengda/eam-rl4co/baseline/epoch_135.ckpt
[2026-03-02 03:15:17,981] INFO:fitness.free_loss_fidelity: Loaded init checkpoint into policy: path=/data1/gushengda/eam-rl4co/baseline/epoch_135.ckpt prefix=policy. matched=97 missing=0 unexpected=0
[2026-03-02 03:15:17,987] INFO:fitness.free_loss_fidelity: RL4CO free-loss (step-mode): f1_steps=200, f2_steps=0, total_steps=200, train_problem_size=100, rollouts=100, batch_size=64, device=cuda:3, env=tsp
[2026-03-02 03:15:18,361] INFO:fitness.free_loss_fidelity: RL4CO free-loss step 1/200: score=7.803347 (avg=7.803347), loss=0.664747 (avg=0.664747), pairs_step=315697, pairs_total=315697
[2026-03-02 03:15:25,038] INFO:fitness.free_loss_fidelity: RL4CO free-loss step 20/200: score=7.778296 (avg=7.809045), loss=0.666460 (avg=0.666855), pairs_step=316041, pairs_total=6316781
[2026-03-02 03:15:32,093] INFO:fitness.free_loss_fidelity: RL4CO free-loss step 40/200: score=7.813432 (avg=7.803246), loss=0.672562 (avg=0.667515), pairs_step=315980, pairs_total=12631559
[2026-03-02 03:15:39,135] INFO:fitness.free_loss_fidelity: RL4CO free-loss step 60/200: score=7.815856 (avg=7.800116), loss=0.674055 (avg=0.668297), pairs_step=315591, pairs_total=18944730
[2026-03-02 03:15:46,169] INFO:fitness.free_loss_fidelity: RL4CO free-loss step 80/200: score=7.800169 (avg=7.798672), loss=0.668202 (avg=0.668549), pairs_step=315842, pairs_total=25261742
[2026-03-02 03:15:53,206] INFO:fitness.free_loss_fidelity: RL4CO free-loss step 100/200: score=7.759657 (avg=7.799898), loss=0.669316 (avg=0.668805), pairs_step=315845, pairs_total=31577189
[2026-03-02 03:16:00,311] INFO:fitness.free_loss_fidelity: RL4CO free-loss step 120/200: score=7.779366 (avg=7.801685), loss=0.671742 (avg=0.668945), pairs_step=315667, pairs_total=37890347
[2026-03-02 03:16:07,377] INFO:fitness.free_loss_fidelity: RL4CO free-loss step 140/200: score=7.829089 (avg=7.802683), loss=0.672076 (avg=0.668957), pairs_step=315521, pairs_total=44203654
[2026-03-02 03:16:14,419] INFO:fitness.free_loss_fidelity: RL4CO free-loss step 160/200: score=7.799555 (avg=7.802260), loss=0.669221 (avg=0.669058), pairs_step=315579, pairs_total=50515766
[2026-03-02 03:16:21,468] INFO:fitness.free_loss_fidelity: RL4CO free-loss step 180/200: score=7.782981 (avg=7.801081), loss=0.669657 (avg=0.669230), pairs_step=315452, pairs_total=56827150
[2026-03-02 03:16:28,506] INFO:fitness.free_loss_fidelity: RL4CO free-loss step 200/200: score=7.813024 (avg=7.799944), loss=0.667828 (avg=0.669345), pairs_step=315625, pairs_total=63141091
[2026-03-02 03:16:29,799] WARNING:fitness.free_loss_fidelity: weights_only checkpoint load failed (UnpicklingError); retrying weights_only=False for /data1/gushengda/eam-rl4co/baseline/epoch_409.ckpt
[2026-03-02 03:16:29,848] INFO:fitness.free_loss_fidelity: Loaded init checkpoint into policy: path=/data1/gushengda/eam-rl4co/baseline/epoch_409.ckpt prefix=policy. matched=97 missing=0 unexpected=0
[2026-03-02 03:16:29,855] INFO:fitness.free_loss_fidelity: RL4CO free-loss (step-mode): f1_steps=200, f2_steps=0, total_steps=200, train_problem_size=100, rollouts=100, batch_size=64, device=cuda:3, env=tsp
[2026-03-02 03:16:30,232] INFO:fitness.free_loss_fidelity: RL4CO free-loss step 1/200: score=7.807477 (avg=7.807477), loss=0.171388 (avg=0.171388), pairs_step=315750, pairs_total=315750
[2026-03-02 03:16:37,120] INFO:fitness.free_loss_fidelity: RL4CO free-loss step 20/200: score=7.782062 (avg=7.808624), loss=0.175295 (avg=0.176817), pairs_step=315941, pairs_total=6317122
[2026-03-02 03:16:44,159] INFO:fitness.free_loss_fidelity: RL4CO free-loss step 40/200: score=7.816314 (avg=7.802828), loss=0.163543 (avg=0.174542), pairs_step=315995, pairs_total=12634154
[2026-03-02 03:16:51,198] INFO:fitness.free_loss_fidelity: RL4CO free-loss step 60/200: score=7.816322 (avg=7.799126), loss=0.161799 (avg=0.170212), pairs_step=315944, pairs_total=18950020
[2026-03-02 03:16:58,248] INFO:fitness.free_loss_fidelity: RL4CO free-loss step 80/200: score=7.797727 (avg=7.797723), loss=0.173133 (avg=0.169226), pairs_step=315604, pairs_total=25267888
[2026-03-02 03:17:05,293] INFO:fitness.free_loss_fidelity: RL4CO free-loss step 100/200: score=7.754254 (avg=7.798144), loss=0.206776 (avg=0.172781), pairs_step=315618, pairs_total=31586022
[2026-03-02 03:17:12,389] INFO:fitness.free_loss_fidelity: RL4CO free-loss step 120/200: score=7.773669 (avg=7.799227), loss=0.170106 (avg=0.175245), pairs_step=315817, pairs_total=37901640
[2026-03-02 03:17:19,430] INFO:fitness.free_loss_fidelity: RL4CO free-loss step 140/200: score=7.820737 (avg=7.799756), loss=0.155130 (avg=0.173622), pairs_step=315992, pairs_total=44217543
[2026-03-02 03:17:26,469] INFO:fitness.free_loss_fidelity: RL4CO free-loss step 160/200: score=7.795268 (avg=7.799047), loss=0.175592 (avg=0.172107), pairs_step=315813, pairs_total=50531340
[2026-03-02 03:17:33,519] INFO:fitness.free_loss_fidelity: RL4CO free-loss step 180/200: score=7.782339 (avg=7.797838), loss=0.200822 (avg=0.173445), pairs_step=315337, pairs_total=56844122
[2026-03-02 03:17:40,553] INFO:fitness.free_loss_fidelity: RL4CO free-loss step 200/200: score=7.814134 (avg=7.796750), loss=0.187623 (avg=0.175840), pairs_step=315716, pairs_total=63157721
