[2026-03-02 03:20:57,512] INFO:fitness.free_loss_fidelity: Stage3 offline mini-train start gen=4 pair_index=0 K=1000 seed=12345 valid_sizes=[100] baseline_json=baseline/mini_eval/baseline_minitrain_tsp100_K1000.json
[2026-03-02 03:21:03,166] INFO:fitness.free_loss_fidelity: RL4CO free-loss (step-mode): f1_steps=1000, f2_steps=0, total_steps=1000, train_problem_size=100, rollouts=100, batch_size=64, device=cuda:0, env=tsp
[2026-03-02 03:21:03,925] INFO:fitness.free_loss_fidelity: RL4CO free-loss step 1/1000: score=36.122910 (avg=36.122910), loss=0.717510 (avg=0.717510), pairs_step=316800, pairs_total=316800
[2026-03-02 03:21:37,150] INFO:fitness.free_loss_fidelity: RL4CO free-loss step 100/1000: score=8.798947 (avg=9.838975), loss=0.621718 (avg=0.631415), pairs_step=316800, pairs_total=31679979
[2026-03-02 03:22:10,475] INFO:fitness.free_loss_fidelity: RL4CO free-loss step 200/1000: score=8.506606 (avg=9.231158), loss=0.637556 (avg=0.632383), pairs_step=316800, pairs_total=63359952
[2026-03-02 03:22:43,817] INFO:fitness.free_loss_fidelity: RL4CO free-loss step 300/1000: score=8.339966 (avg=8.954812), loss=0.642733 (avg=0.635310), pairs_step=316800, pairs_total=95039922
[2026-03-02 03:23:17,153] INFO:fitness.free_loss_fidelity: RL4CO free-loss step 400/1000: score=8.278580 (avg=8.790806), loss=0.646586 (avg=0.637742), pairs_step=316800, pairs_total=126719890
[2026-03-02 03:23:50,683] INFO:fitness.free_loss_fidelity: RL4CO free-loss step 500/1000: score=8.198919 (avg=8.681868), loss=0.646344 (avg=0.639574), pairs_step=316800, pairs_total=158399856
[2026-03-02 03:24:23,844] INFO:fitness.free_loss_fidelity: RL4CO free-loss step 600/1000: score=8.168082 (avg=8.603362), loss=0.648057 (avg=0.640976), pairs_step=316800, pairs_total=190079816
[2026-03-02 03:24:56,921] INFO:fitness.free_loss_fidelity: RL4CO free-loss step 700/1000: score=8.200230 (avg=8.544478), loss=0.649538 (avg=0.642105), pairs_step=316800, pairs_total=221759787
[2026-03-02 03:25:29,810] INFO:fitness.free_loss_fidelity: RL4CO free-loss step 800/1000: score=8.165543 (avg=8.498186), loss=0.649578 (avg=0.643116), pairs_step=316800, pairs_total=253439749
[2026-03-02 03:26:02,708] INFO:fitness.free_loss_fidelity: RL4CO free-loss step 900/1000: score=8.183788 (avg=8.460116), loss=0.651325 (avg=0.644022), pairs_step=316798, pairs_total=285119695
[2026-03-02 03:26:35,622] INFO:fitness.free_loss_fidelity: RL4CO free-loss step 1000/1000: score=8.162537 (avg=8.427826), loss=0.653071 (avg=0.644869), pairs_step=316800, pairs_total=316799645
[2026-03-02 03:26:36,730] WARNING:fitness.free_loss_fidelity: weights_only checkpoint load failed (UnpicklingError); retrying weights_only=False for /data1/gushengda/eam-rl4co/baseline/epoch_135.ckpt
[2026-03-02 03:26:36,772] INFO:fitness.free_loss_fidelity: Loaded init checkpoint into policy: path=/data1/gushengda/eam-rl4co/baseline/epoch_135.ckpt prefix=policy. matched=97 missing=0 unexpected=0
[2026-03-02 03:26:36,777] INFO:fitness.free_loss_fidelity: RL4CO free-loss (step-mode): f1_steps=1000, f2_steps=0, total_steps=1000, train_problem_size=100, rollouts=100, batch_size=64, device=cuda:0, env=tsp
[2026-03-02 03:26:37,159] INFO:fitness.free_loss_fidelity: RL4CO free-loss step 1/1000: score=7.803347 (avg=7.803347), loss=0.680874 (avg=0.680874), pairs_step=315697, pairs_total=315697
[2026-03-02 03:27:09,823] INFO:fitness.free_loss_fidelity: RL4CO free-loss step 100/1000: score=7.752738 (avg=7.799224), loss=0.680361 (avg=0.681076), pairs_step=315659, pairs_total=31571527
[2026-03-02 03:27:42,725] INFO:fitness.free_loss_fidelity: RL4CO free-loss step 200/1000: score=7.809713 (avg=7.798622), loss=0.680583 (avg=0.681345), pairs_step=315415, pairs_total=63126369
[2026-03-02 03:28:15,491] INFO:fitness.free_loss_fidelity: RL4CO free-loss step 300/1000: score=7.808091 (avg=7.799516), loss=0.682300 (avg=0.681404), pairs_step=315617, pairs_total=94677617
[2026-03-02 03:28:48,420] INFO:fitness.free_loss_fidelity: RL4CO free-loss step 400/1000: score=7.822306 (avg=7.799129), loss=0.681207 (avg=0.681481), pairs_step=315272, pairs_total=126216019
[2026-03-02 03:29:21,165] INFO:fitness.free_loss_fidelity: RL4CO free-loss step 500/1000: score=7.779113 (avg=7.798084), loss=0.681077 (avg=0.681513), pairs_step=315539, pairs_total=157743638
[2026-03-02 03:29:53,927] INFO:fitness.free_loss_fidelity: RL4CO free-loss step 600/1000: score=7.755034 (avg=7.797437), loss=0.683046 (avg=0.681543), pairs_step=315509, pairs_total=189265876
[2026-03-02 03:30:26,844] INFO:fitness.free_loss_fidelity: RL4CO free-loss step 700/1000: score=7.805901 (avg=7.797200), loss=0.683929 (avg=0.681575), pairs_step=314768, pairs_total=220782766
[2026-03-02 03:30:59,593] INFO:fitness.free_loss_fidelity: RL4CO free-loss step 800/1000: score=7.794614 (avg=7.797062), loss=0.682270 (avg=0.681596), pairs_step=314915, pairs_total=252294145
[2026-03-02 03:31:32,372] INFO:fitness.free_loss_fidelity: RL4CO free-loss step 900/1000: score=7.828139 (avg=7.796712), loss=0.683150 (avg=0.681633), pairs_step=314739, pairs_total=283802622
[2026-03-02 03:32:05,368] INFO:fitness.free_loss_fidelity: RL4CO free-loss step 1000/1000: score=7.824669 (avg=7.796261), loss=0.682027 (avg=0.681663), pairs_step=315161, pairs_total=315302343
[2026-03-02 03:32:06,467] WARNING:fitness.free_loss_fidelity: weights_only checkpoint load failed (UnpicklingError); retrying weights_only=False for /data1/gushengda/eam-rl4co/baseline/epoch_409.ckpt
[2026-03-02 03:32:06,503] INFO:fitness.free_loss_fidelity: Loaded init checkpoint into policy: path=/data1/gushengda/eam-rl4co/baseline/epoch_409.ckpt prefix=policy. matched=97 missing=0 unexpected=0
[2026-03-02 03:32:06,509] INFO:fitness.free_loss_fidelity: RL4CO free-loss (step-mode): f1_steps=1000, f2_steps=0, total_steps=1000, train_problem_size=100, rollouts=100, batch_size=64, device=cuda:0, env=tsp
[2026-03-02 03:32:06,887] INFO:fitness.free_loss_fidelity: RL4CO free-loss step 1/1000: score=7.807477 (avg=7.807477), loss=0.255360 (avg=0.255360), pairs_step=315750, pairs_total=315750
[2026-03-02 03:32:39,308] INFO:fitness.free_loss_fidelity: RL4CO free-loss step 100/1000: score=7.750056 (avg=7.797981), loss=0.214057 (avg=0.243466), pairs_step=315815, pairs_total=31581859
[2026-03-02 03:33:12,097] INFO:fitness.free_loss_fidelity: RL4CO free-loss step 200/1000: score=7.815638 (avg=7.797056), loss=0.298231 (avg=0.246013), pairs_step=315351, pairs_total=63147433
[2026-03-02 03:33:45,013] INFO:fitness.free_loss_fidelity: RL4CO free-loss step 300/1000: score=7.806171 (avg=7.797475), loss=0.225213 (avg=0.247450), pairs_step=315318, pairs_total=94695721
[2026-03-02 03:34:17,892] INFO:fitness.free_loss_fidelity: RL4CO free-loss step 400/1000: score=7.820225 (avg=7.797043), loss=0.254843 (avg=0.247388), pairs_step=315102, pairs_total=126240743
[2026-03-02 03:34:51,088] INFO:fitness.free_loss_fidelity: RL4CO free-loss step 500/1000: score=7.771228 (avg=7.795894), loss=0.276615 (avg=0.251690), pairs_step=315307, pairs_total=157765003
[2026-03-02 03:35:24,077] INFO:fitness.free_loss_fidelity: RL4CO free-loss step 600/1000: score=7.753770 (avg=7.795142), loss=0.235757 (avg=0.251907), pairs_step=315081, pairs_total=189279056
[2026-03-02 03:35:57,064] INFO:fitness.free_loss_fidelity: RL4CO free-loss step 700/1000: score=7.803638 (avg=7.794691), loss=0.254259 (avg=0.251299), pairs_step=315201, pairs_total=220789149
[2026-03-02 03:36:30,024] INFO:fitness.free_loss_fidelity: RL4CO free-loss step 800/1000: score=7.788773 (avg=7.794474), loss=0.273724 (avg=0.250996), pairs_step=314950, pairs_total=252301565
[2026-03-02 03:37:02,953] INFO:fitness.free_loss_fidelity: RL4CO free-loss step 900/1000: score=7.819937 (avg=7.793957), loss=0.224741 (avg=0.250709), pairs_step=315019, pairs_total=283791887
[2026-03-02 03:37:35,890] INFO:fitness.free_loss_fidelity: RL4CO free-loss step 1000/1000: score=7.819021 (avg=7.793374), loss=0.244869 (avg=0.249862), pairs_step=314780, pairs_total=315264618
