[2026-03-02 02:49:52,717] INFO:fitness.free_loss_fidelity: Stage3 offline mini-train start gen=3 pair_index=0 K=1000 seed=12345 valid_sizes=[100] baseline_json=baseline/mini_eval/baseline_minitrain_tsp100_K1000.json
[2026-03-02 02:49:58,491] INFO:fitness.free_loss_fidelity: RL4CO free-loss (step-mode): f1_steps=1000, f2_steps=0, total_steps=1000, train_problem_size=100, rollouts=100, batch_size=64, device=cuda:0, env=tsp
[2026-03-02 02:49:59,252] INFO:fitness.free_loss_fidelity: RL4CO free-loss step 1/1000: score=36.122910 (avg=36.122910), loss=0.743367 (avg=0.743367), pairs_step=316800, pairs_total=316800
[2026-03-02 02:50:34,430] INFO:fitness.free_loss_fidelity: RL4CO free-loss step 100/1000: score=8.811760 (avg=9.855448), loss=0.556143 (avg=0.564800), pairs_step=316799, pairs_total=31679976
[2026-03-02 02:51:07,317] INFO:fitness.free_loss_fidelity: RL4CO free-loss step 200/1000: score=8.498311 (avg=9.253892), loss=0.587468 (avg=0.567580), pairs_step=316800, pairs_total=63359944
[2026-03-02 02:51:39,051] INFO:fitness.free_loss_fidelity: RL4CO free-loss step 300/1000: score=8.324958 (avg=8.975904), loss=0.591937 (avg=0.573882), pairs_step=316800, pairs_total=95039914
[2026-03-02 02:52:10,781] INFO:fitness.free_loss_fidelity: RL4CO free-loss step 400/1000: score=8.287011 (avg=8.810447), loss=0.597169 (avg=0.578992), pairs_step=316799, pairs_total=126719869
[2026-03-02 02:52:42,700] INFO:fitness.free_loss_fidelity: RL4CO free-loss step 500/1000: score=8.229235 (avg=8.699508), loss=0.598561 (avg=0.582829), pairs_step=316799, pairs_total=158399821
[2026-03-02 02:53:14,241] INFO:fitness.free_loss_fidelity: RL4CO free-loss step 600/1000: score=8.188982 (avg=8.620089), loss=0.606815 (avg=0.585706), pairs_step=316800, pairs_total=190079783
[2026-03-02 02:53:45,777] INFO:fitness.free_loss_fidelity: RL4CO free-loss step 700/1000: score=8.203904 (avg=8.560432), loss=0.598936 (avg=0.588099), pairs_step=316800, pairs_total=221759752
[2026-03-02 02:54:17,333] INFO:fitness.free_loss_fidelity: RL4CO free-loss step 800/1000: score=8.171371 (avg=8.513302), loss=0.605813 (avg=0.590159), pairs_step=316800, pairs_total=253439723
[2026-03-02 02:54:49,203] INFO:fitness.free_loss_fidelity: RL4CO free-loss step 900/1000: score=8.200333 (avg=8.474329), loss=0.608232 (avg=0.591999), pairs_step=316799, pairs_total=285119672
[2026-03-02 02:55:21,746] INFO:fitness.free_loss_fidelity: RL4CO free-loss step 1000/1000: score=8.193381 (avg=8.441713), loss=0.610386 (avg=0.593781), pairs_step=316800, pairs_total=316799634
[2026-03-02 02:55:22,853] WARNING:fitness.free_loss_fidelity: weights_only checkpoint load failed (UnpicklingError); retrying weights_only=False for /data1/gushengda/eam-rl4co/baseline/epoch_135.ckpt
[2026-03-02 02:55:22,904] INFO:fitness.free_loss_fidelity: Loaded init checkpoint into policy: path=/data1/gushengda/eam-rl4co/baseline/epoch_135.ckpt prefix=policy. matched=97 missing=0 unexpected=0
[2026-03-02 02:55:22,912] INFO:fitness.free_loss_fidelity: RL4CO free-loss (step-mode): f1_steps=1000, f2_steps=0, total_steps=1000, train_problem_size=100, rollouts=100, batch_size=64, device=cuda:0, env=tsp
[2026-03-02 02:55:23,296] INFO:fitness.free_loss_fidelity: RL4CO free-loss step 1/1000: score=7.803347 (avg=7.803347), loss=0.664747 (avg=0.664747), pairs_step=315697, pairs_total=315697
[2026-03-02 02:55:55,626] INFO:fitness.free_loss_fidelity: RL4CO free-loss step 100/1000: score=7.755943 (avg=7.799878), loss=0.672642 (avg=0.669289), pairs_step=315890, pairs_total=31574005
[2026-03-02 02:56:28,259] INFO:fitness.free_loss_fidelity: RL4CO free-loss step 200/1000: score=7.812601 (avg=7.799568), loss=0.666436 (avg=0.669735), pairs_step=315593, pairs_total=63142569
[2026-03-02 02:57:00,881] INFO:fitness.free_loss_fidelity: RL4CO free-loss step 300/1000: score=7.809971 (avg=7.800530), loss=0.670070 (avg=0.670015), pairs_step=315384, pairs_total=94701927
[2026-03-02 02:57:33,500] INFO:fitness.free_loss_fidelity: RL4CO free-loss step 400/1000: score=7.818758 (avg=7.800683), loss=0.668771 (avg=0.670212), pairs_step=315214, pairs_total=126254619
[2026-03-02 02:58:06,265] INFO:fitness.free_loss_fidelity: RL4CO free-loss step 500/1000: score=7.774250 (avg=7.799952), loss=0.670624 (avg=0.670358), pairs_step=315787, pairs_total=157806253
[2026-03-02 02:58:38,870] INFO:fitness.free_loss_fidelity: RL4CO free-loss step 600/1000: score=7.764174 (avg=7.799463), loss=0.670532 (avg=0.670504), pairs_step=315646, pairs_total=189350095
[2026-03-02 02:59:11,432] INFO:fitness.free_loss_fidelity: RL4CO free-loss step 700/1000: score=7.811017 (avg=7.799282), loss=0.672721 (avg=0.670546), pairs_step=315583, pairs_total=220891442
[2026-03-02 02:59:44,033] INFO:fitness.free_loss_fidelity: RL4CO free-loss step 800/1000: score=7.794621 (avg=7.799172), loss=0.671304 (avg=0.670645), pairs_step=315285, pairs_total=252429638
[2026-03-02 03:00:16,635] INFO:fitness.free_loss_fidelity: RL4CO free-loss step 900/1000: score=7.830459 (avg=7.798895), loss=0.672094 (avg=0.670719), pairs_step=315279, pairs_total=283959534
[2026-03-02 03:00:49,426] INFO:fitness.free_loss_fidelity: RL4CO free-loss step 1000/1000: score=7.829089 (avg=7.798520), loss=0.671282 (avg=0.670789), pairs_step=315186, pairs_total=315486966
[2026-03-02 03:00:50,529] WARNING:fitness.free_loss_fidelity: weights_only checkpoint load failed (UnpicklingError); retrying weights_only=False for /data1/gushengda/eam-rl4co/baseline/epoch_409.ckpt
[2026-03-02 03:00:50,568] INFO:fitness.free_loss_fidelity: Loaded init checkpoint into policy: path=/data1/gushengda/eam-rl4co/baseline/epoch_409.ckpt prefix=policy. matched=97 missing=0 unexpected=0
[2026-03-02 03:00:50,573] INFO:fitness.free_loss_fidelity: RL4CO free-loss (step-mode): f1_steps=1000, f2_steps=0, total_steps=1000, train_problem_size=100, rollouts=100, batch_size=64, device=cuda:0, env=tsp
[2026-03-02 03:00:50,916] INFO:fitness.free_loss_fidelity: RL4CO free-loss step 1/1000: score=7.807477 (avg=7.807477), loss=0.171388 (avg=0.171388), pairs_step=315750, pairs_total=315750
[2026-03-02 03:01:23,219] INFO:fitness.free_loss_fidelity: RL4CO free-loss step 100/1000: score=7.751743 (avg=7.797081), loss=0.167436 (avg=0.170485), pairs_step=315921, pairs_total=31583216
[2026-03-02 03:01:55,796] INFO:fitness.free_loss_fidelity: RL4CO free-loss step 200/1000: score=7.809051 (avg=7.796072), loss=0.157554 (avg=0.171813), pairs_step=315710, pairs_total=63160951
[2026-03-02 03:02:28,417] INFO:fitness.free_loss_fidelity: RL4CO free-loss step 300/1000: score=7.807511 (avg=7.796417), loss=0.163126 (avg=0.170729), pairs_step=315547, pairs_total=94732715
[2026-03-02 03:03:00,997] INFO:fitness.free_loss_fidelity: RL4CO free-loss step 400/1000: score=7.819533 (avg=7.796005), loss=0.174433 (avg=0.171368), pairs_step=315700, pairs_total=126285488
[2026-03-02 03:03:33,803] INFO:fitness.free_loss_fidelity: RL4CO free-loss step 500/1000: score=7.774438 (avg=7.794968), loss=0.192633 (avg=0.172863), pairs_step=315438, pairs_total=157834394
[2026-03-02 03:04:06,399] INFO:fitness.free_loss_fidelity: RL4CO free-loss step 600/1000: score=7.752985 (avg=7.794328), loss=0.176324 (avg=0.173396), pairs_step=315221, pairs_total=189368374
[2026-03-02 03:04:39,001] INFO:fitness.free_loss_fidelity: RL4CO free-loss step 700/1000: score=7.803958 (avg=7.793955), loss=0.169146 (avg=0.173772), pairs_step=314830, pairs_total=220888199
[2026-03-02 03:05:11,619] INFO:fitness.free_loss_fidelity: RL4CO free-loss step 800/1000: score=7.784686 (avg=7.793728), loss=0.174581 (avg=0.174191), pairs_step=315322, pairs_total=252394327
[2026-03-02 03:05:44,206] INFO:fitness.free_loss_fidelity: RL4CO free-loss step 900/1000: score=7.828675 (avg=7.793274), loss=0.163949 (avg=0.174057), pairs_step=315123, pairs_total=283900034
[2026-03-02 03:06:16,801] INFO:fitness.free_loss_fidelity: RL4CO free-loss step 1000/1000: score=7.815013 (avg=7.792722), loss=0.173898 (avg=0.173591), pairs_step=314709, pairs_total=315402049
