[2026-03-02 03:49:09,932] INFO:fitness.free_loss_fidelity: Stage3 offline mini-train start gen=5 pair_index=12 K=200 seed=12345 valid_sizes=[100] baseline_json=baseline/mini_eval/baseline_minitrain_tsp100_K200.json
[2026-03-02 03:49:09,955] INFO:fitness.free_loss_fidelity: RL4CO free-loss (step-mode): f1_steps=200, f2_steps=0, total_steps=200, train_problem_size=100, rollouts=100, batch_size=64, device=cuda:0, env=tsp
[2026-03-02 03:49:10,335] INFO:fitness.free_loss_fidelity: RL4CO free-loss step 1/200: score=36.122910 (avg=36.122910), loss=0.715002 (avg=0.715002), pairs_step=316800, pairs_total=316800
[2026-03-02 03:49:17,017] INFO:fitness.free_loss_fidelity: RL4CO free-loss step 20/200: score=9.747717 (avg=12.546194), loss=0.608868 (avg=0.611572), pairs_step=316799, pairs_total=6335997
[2026-03-02 03:49:24,066] INFO:fitness.free_loss_fidelity: RL4CO free-loss step 40/200: score=9.362923 (avg=11.012681), loss=0.619274 (avg=0.614463), pairs_step=316800, pairs_total=12671991
[2026-03-02 03:49:31,089] INFO:fitness.free_loss_fidelity: RL4CO free-loss step 60/200: score=9.155030 (avg=10.413408), loss=0.613167 (avg=0.614136), pairs_step=316800, pairs_total=19007987
[2026-03-02 03:49:38,110] INFO:fitness.free_loss_fidelity: RL4CO free-loss step 80/200: score=8.960775 (avg=10.068763), loss=0.602253 (avg=0.611882), pairs_step=316799, pairs_total=25343981
[2026-03-02 03:49:45,135] INFO:fitness.free_loss_fidelity: RL4CO free-loss step 100/200: score=8.821043 (avg=9.834808), loss=0.606003 (avg=0.610389), pairs_step=316800, pairs_total=31679979
[2026-03-02 03:49:52,169] INFO:fitness.free_loss_fidelity: RL4CO free-loss step 120/200: score=8.699604 (avg=9.663411), loss=0.605150 (avg=0.609673), pairs_step=316800, pairs_total=38015973
[2026-03-02 03:49:59,191] INFO:fitness.free_loss_fidelity: RL4CO free-loss step 140/200: score=8.713582 (avg=9.526160), loss=0.615611 (avg=0.610001), pairs_step=316799, pairs_total=44351966
[2026-03-02 03:50:06,223] INFO:fitness.free_loss_fidelity: RL4CO free-loss step 160/200: score=8.579920 (avg=9.409284), loss=0.622979 (avg=0.610889), pairs_step=316800, pairs_total=50687964
[2026-03-02 03:50:13,274] INFO:fitness.free_loss_fidelity: RL4CO free-loss step 180/200: score=8.481865 (avg=9.311056), loss=0.623638 (avg=0.611815), pairs_step=316800, pairs_total=57023958
[2026-03-02 03:50:20,310] INFO:fitness.free_loss_fidelity: RL4CO free-loss step 200/200: score=8.466892 (avg=9.226583), loss=0.623372 (avg=0.612860), pairs_step=316799, pairs_total=63359950
[2026-03-02 03:50:21,603] WARNING:fitness.free_loss_fidelity: weights_only checkpoint load failed (UnpicklingError); retrying weights_only=False for /data1/gushengda/eam-rl4co/baseline/epoch_135.ckpt
[2026-03-02 03:50:21,646] INFO:fitness.free_loss_fidelity: Loaded init checkpoint into policy: path=/data1/gushengda/eam-rl4co/baseline/epoch_135.ckpt prefix=policy. matched=97 missing=0 unexpected=0
[2026-03-02 03:50:21,652] INFO:fitness.free_loss_fidelity: RL4CO free-loss (step-mode): f1_steps=200, f2_steps=0, total_steps=200, train_problem_size=100, rollouts=100, batch_size=64, device=cuda:0, env=tsp
[2026-03-02 03:50:22,038] INFO:fitness.free_loss_fidelity: RL4CO free-loss step 1/200: score=7.803347 (avg=7.803347), loss=0.674028 (avg=0.674028), pairs_step=315697, pairs_total=315697
[2026-03-02 03:50:28,719] INFO:fitness.free_loss_fidelity: RL4CO free-loss step 20/200: score=7.782057 (avg=7.809871), loss=0.676836 (avg=0.676242), pairs_step=315795, pairs_total=6316168
[2026-03-02 03:50:35,744] INFO:fitness.free_loss_fidelity: RL4CO free-loss step 40/200: score=7.821431 (avg=7.805014), loss=0.678585 (avg=0.676530), pairs_step=315564, pairs_total=12630546
[2026-03-02 03:50:42,760] INFO:fitness.free_loss_fidelity: RL4CO free-loss step 60/200: score=7.818411 (avg=7.801745), loss=0.678864 (avg=0.676514), pairs_step=315431, pairs_total=18944696
[2026-03-02 03:50:49,668] INFO:fitness.free_loss_fidelity: RL4CO free-loss step 80/200: score=7.797474 (avg=7.800153), loss=0.679469 (avg=0.676958), pairs_step=315646, pairs_total=25260325
[2026-03-02 03:50:55,920] INFO:fitness.free_loss_fidelity: RL4CO free-loss step 100/200: score=7.757747 (avg=7.800770), loss=0.680467 (avg=0.677361), pairs_step=315507, pairs_total=31573095
[2026-03-02 03:51:02,162] INFO:fitness.free_loss_fidelity: RL4CO free-loss step 120/200: score=7.775175 (avg=7.802315), loss=0.677321 (avg=0.677536), pairs_step=315394, pairs_total=37884883
[2026-03-02 03:51:08,431] INFO:fitness.free_loss_fidelity: RL4CO free-loss step 140/200: score=7.826774 (avg=7.803186), loss=0.678365 (avg=0.677566), pairs_step=315146, pairs_total=44196725
[2026-03-02 03:51:14,662] INFO:fitness.free_loss_fidelity: RL4CO free-loss step 160/200: score=7.796675 (avg=7.802464), loss=0.679091 (avg=0.677670), pairs_step=315256, pairs_total=50508787
[2026-03-02 03:51:20,909] INFO:fitness.free_loss_fidelity: RL4CO free-loss step 180/200: score=7.794725 (avg=7.801502), loss=0.678399 (avg=0.677812), pairs_step=315521, pairs_total=56820274
[2026-03-02 03:51:27,364] INFO:fitness.free_loss_fidelity: RL4CO free-loss step 200/200: score=7.816676 (avg=7.800414), loss=0.676800 (avg=0.677922), pairs_step=315565, pairs_total=63132139
[2026-03-02 03:51:28,471] WARNING:fitness.free_loss_fidelity: weights_only checkpoint load failed (UnpicklingError); retrying weights_only=False for /data1/gushengda/eam-rl4co/baseline/epoch_409.ckpt
[2026-03-02 03:51:28,508] INFO:fitness.free_loss_fidelity: Loaded init checkpoint into policy: path=/data1/gushengda/eam-rl4co/baseline/epoch_409.ckpt prefix=policy. matched=97 missing=0 unexpected=0
[2026-03-02 03:51:28,513] INFO:fitness.free_loss_fidelity: RL4CO free-loss (step-mode): f1_steps=200, f2_steps=0, total_steps=200, train_problem_size=100, rollouts=100, batch_size=64, device=cuda:0, env=tsp
[2026-03-02 03:51:28,838] INFO:fitness.free_loss_fidelity: RL4CO free-loss step 1/200: score=7.807477 (avg=7.807477), loss=0.205695 (avg=0.205695), pairs_step=315750, pairs_total=315750
[2026-03-02 03:51:34,766] INFO:fitness.free_loss_fidelity: RL4CO free-loss step 20/200: score=7.782123 (avg=7.807346), loss=0.239503 (avg=0.230200), pairs_step=316044, pairs_total=6318877
[2026-03-02 03:51:41,030] INFO:fitness.free_loss_fidelity: RL4CO free-loss step 40/200: score=7.816738 (avg=7.801195), loss=0.162684 (avg=0.217571), pairs_step=316040, pairs_total=12634399
[2026-03-02 03:51:47,301] INFO:fitness.free_loss_fidelity: RL4CO free-loss step 60/200: score=7.812471 (avg=7.797476), loss=0.189461 (avg=0.203981), pairs_step=315434, pairs_total=18951921
[2026-03-02 03:51:53,549] INFO:fitness.free_loss_fidelity: RL4CO free-loss step 80/200: score=7.797831 (avg=7.796240), loss=0.334516 (avg=0.217401), pairs_step=315696, pairs_total=25268421
[2026-03-02 03:51:59,810] INFO:fitness.free_loss_fidelity: RL4CO free-loss step 100/200: score=7.761650 (avg=7.797491), loss=0.434236 (avg=0.253407), pairs_step=316037, pairs_total=31586641
[2026-03-02 03:52:06,050] INFO:fitness.free_loss_fidelity: RL4CO free-loss step 120/200: score=7.778302 (avg=7.799828), loss=0.336453 (avg=0.275291), pairs_step=315840, pairs_total=37903997
[2026-03-02 03:52:12,322] INFO:fitness.free_loss_fidelity: RL4CO free-loss step 140/200: score=7.827944 (avg=7.801131), loss=0.245876 (avg=0.277035), pairs_step=314987, pairs_total=44212307
[2026-03-02 03:52:18,561] INFO:fitness.free_loss_fidelity: RL4CO free-loss step 160/200: score=7.797470 (avg=7.800343), loss=0.199613 (avg=0.268635), pairs_step=315703, pairs_total=50526300
[2026-03-02 03:52:24,818] INFO:fitness.free_loss_fidelity: RL4CO free-loss step 180/200: score=7.780519 (avg=7.799139), loss=0.190790 (avg=0.260373), pairs_step=315105, pairs_total=56834916
[2026-03-02 03:52:31,063] INFO:fitness.free_loss_fidelity: RL4CO free-loss step 200/200: score=7.813711 (avg=7.797760), loss=0.236179 (avg=0.256386), pairs_step=315459, pairs_total=63144552
