[2026-03-02 01:43:57,716] INFO:fitness.free_loss_fidelity: Stage3 offline mini-train start gen=1 pair_index=0 K=200 seed=12345 valid_sizes=[100] baseline_json=baseline/mini_eval/baseline_minitrain_tsp100_K200.json
[2026-03-02 01:44:03,427] INFO:fitness.free_loss_fidelity: RL4CO free-loss (step-mode): f1_steps=200, f2_steps=0, total_steps=200, train_problem_size=100, rollouts=100, batch_size=64, device=cuda:3, env=tsp
[2026-03-02 01:44:04,332] INFO:fitness.free_loss_fidelity: RL4CO free-loss step 1/200: score=36.122910 (avg=36.122910), loss=1.024009 (avg=1.024009), pairs_step=316800, pairs_total=316800
[2026-03-02 01:44:10,964] INFO:fitness.free_loss_fidelity: RL4CO free-loss step 20/200: score=10.196410 (avg=13.331058), loss=0.614524 (avg=0.627935), pairs_step=316800, pairs_total=6336000
[2026-03-02 01:44:17,652] INFO:fitness.free_loss_fidelity: RL4CO free-loss step 40/200: score=9.870003 (avg=11.643994), loss=0.519197 (avg=0.586481), pairs_step=316800, pairs_total=12671996
[2026-03-02 01:44:24,500] INFO:fitness.free_loss_fidelity: RL4CO free-loss step 60/200: score=9.710880 (avg=11.000745), loss=0.498926 (avg=0.562164), pairs_step=316800, pairs_total=19007994
[2026-03-02 01:44:31,099] INFO:fitness.free_loss_fidelity: RL4CO free-loss step 80/200: score=9.585685 (avg=10.661784), loss=0.477321 (avg=0.544032), pairs_step=316799, pairs_total=25343992
[2026-03-02 01:44:37,461] INFO:fitness.free_loss_fidelity: RL4CO free-loss step 100/200: score=9.482998 (avg=10.441700), loss=0.481683 (avg=0.531681), pairs_step=316799, pairs_total=31679985
[2026-03-02 01:44:43,839] INFO:fitness.free_loss_fidelity: RL4CO free-loss step 120/200: score=9.439816 (avg=10.287755), loss=0.472578 (avg=0.522619), pairs_step=316799, pairs_total=38015981
[2026-03-02 01:44:50,211] INFO:fitness.free_loss_fidelity: RL4CO free-loss step 140/200: score=9.448566 (avg=10.171154), loss=0.481558 (avg=0.515745), pairs_step=316800, pairs_total=44351979
[2026-03-02 01:44:56,595] INFO:fitness.free_loss_fidelity: RL4CO free-loss step 160/200: score=9.422247 (avg=10.076410), loss=0.482907 (avg=0.510715), pairs_step=316800, pairs_total=50687975
[2026-03-02 01:45:02,976] INFO:fitness.free_loss_fidelity: RL4CO free-loss step 180/200: score=9.363165 (avg=9.999954), loss=0.483932 (avg=0.506437), pairs_step=316799, pairs_total=57023967
[2026-03-02 01:45:09,387] INFO:fitness.free_loss_fidelity: RL4CO free-loss step 200/200: score=9.350054 (avg=9.934914), loss=0.480984 (avg=0.503144), pairs_step=316800, pairs_total=63359966
[2026-03-02 01:45:10,520] WARNING:fitness.free_loss_fidelity: weights_only checkpoint load failed (UnpicklingError); retrying weights_only=False for /data1/gushengda/eam-rl4co/baseline/epoch_135.ckpt
[2026-03-02 01:45:10,568] INFO:fitness.free_loss_fidelity: Loaded init checkpoint into policy: path=/data1/gushengda/eam-rl4co/baseline/epoch_135.ckpt prefix=policy. matched=97 missing=0 unexpected=0
[2026-03-02 01:45:10,573] INFO:fitness.free_loss_fidelity: RL4CO free-loss (step-mode): f1_steps=200, f2_steps=0, total_steps=200, train_problem_size=100, rollouts=100, batch_size=64, device=cuda:3, env=tsp
[2026-03-02 01:45:10,927] INFO:fitness.free_loss_fidelity: RL4CO free-loss step 1/200: score=7.803347 (avg=7.803347), loss=0.666456 (avg=0.666456), pairs_step=315697, pairs_total=315697
[2026-03-02 01:45:17,027] INFO:fitness.free_loss_fidelity: RL4CO free-loss step 20/200: score=7.778925 (avg=7.808492), loss=0.650035 (avg=0.659805), pairs_step=315847, pairs_total=6318722
[2026-03-02 01:45:23,420] INFO:fitness.free_loss_fidelity: RL4CO free-loss step 40/200: score=7.817830 (avg=7.802913), loss=0.637569 (avg=0.652464), pairs_step=316230, pairs_total=12637689
[2026-03-02 01:45:29,808] INFO:fitness.free_loss_fidelity: RL4CO free-loss step 60/200: score=7.813545 (avg=7.799552), loss=0.604724 (avg=0.642340), pairs_step=316119, pairs_total=18961337
[2026-03-02 01:45:36,203] INFO:fitness.free_loss_fidelity: RL4CO free-loss step 80/200: score=7.798355 (avg=7.798049), loss=0.572424 (avg=0.629842), pairs_step=316418, pairs_total=25287544
[2026-03-02 01:45:42,610] INFO:fitness.free_loss_fidelity: RL4CO free-loss step 100/200: score=7.755599 (avg=7.798607), loss=0.547396 (avg=0.616232), pairs_step=316372, pairs_total=31616721
[2026-03-02 01:45:49,043] INFO:fitness.free_loss_fidelity: RL4CO free-loss step 120/200: score=7.770166 (avg=7.800003), loss=0.537482 (avg=0.604863), pairs_step=316473, pairs_total=37944342
[2026-03-02 01:45:55,447] INFO:fitness.free_loss_fidelity: RL4CO free-loss step 140/200: score=7.826481 (avg=7.800857), loss=0.489500 (avg=0.591678), pairs_step=316225, pairs_total=44272996
[2026-03-02 01:46:01,837] INFO:fitness.free_loss_fidelity: RL4CO free-loss step 160/200: score=7.792606 (avg=7.800194), loss=0.464334 (avg=0.578043), pairs_step=316315, pairs_total=50602837
[2026-03-02 01:46:08,250] INFO:fitness.free_loss_fidelity: RL4CO free-loss step 180/200: score=7.782044 (avg=7.798989), loss=0.428160 (avg=0.562564), pairs_step=316389, pairs_total=56933095
[2026-03-02 01:46:14,650] INFO:fitness.free_loss_fidelity: RL4CO free-loss step 200/200: score=7.810109 (avg=7.797804), loss=0.423002 (avg=0.549479), pairs_step=316403, pairs_total=63262999
[2026-03-02 01:46:15,780] WARNING:fitness.free_loss_fidelity: weights_only checkpoint load failed (UnpicklingError); retrying weights_only=False for /data1/gushengda/eam-rl4co/baseline/epoch_409.ckpt
[2026-03-02 01:46:15,819] INFO:fitness.free_loss_fidelity: Loaded init checkpoint into policy: path=/data1/gushengda/eam-rl4co/baseline/epoch_409.ckpt prefix=policy. matched=97 missing=0 unexpected=0
[2026-03-02 01:46:15,824] INFO:fitness.free_loss_fidelity: RL4CO free-loss (step-mode): f1_steps=200, f2_steps=0, total_steps=200, train_problem_size=100, rollouts=100, batch_size=64, device=cuda:3, env=tsp
[2026-03-02 01:46:16,161] INFO:fitness.free_loss_fidelity: RL4CO free-loss step 1/200: score=7.807477 (avg=7.807477), loss=0.182029 (avg=0.182029), pairs_step=315750, pairs_total=315750
[2026-03-02 01:46:22,216] INFO:fitness.free_loss_fidelity: RL4CO free-loss step 20/200: score=7.782482 (avg=7.808836), loss=0.170742 (avg=0.174043), pairs_step=316209, pairs_total=6319443
[2026-03-02 01:46:28,574] INFO:fitness.free_loss_fidelity: RL4CO free-loss step 40/200: score=7.813756 (avg=7.802689), loss=0.170723 (avg=0.172850), pairs_step=316156, pairs_total=12639945
[2026-03-02 01:46:34,946] INFO:fitness.free_loss_fidelity: RL4CO free-loss step 60/200: score=7.812578 (avg=7.798684), loss=0.174414 (avg=0.172310), pairs_step=315944, pairs_total=18960251
[2026-03-02 01:46:41,310] INFO:fitness.free_loss_fidelity: RL4CO free-loss step 80/200: score=7.800320 (avg=7.796930), loss=0.172770 (avg=0.172446), pairs_step=315929, pairs_total=25281989
[2026-03-02 01:46:47,679] INFO:fitness.free_loss_fidelity: RL4CO free-loss step 100/200: score=7.752540 (avg=7.797244), loss=0.172723 (avg=0.171882), pairs_step=316126, pairs_total=31606137
[2026-03-02 01:46:54,365] INFO:fitness.free_loss_fidelity: RL4CO free-loss step 120/200: score=7.770464 (avg=7.798389), loss=0.170990 (avg=0.171615), pairs_step=315866, pairs_total=37929138
[2026-03-02 01:47:00,730] INFO:fitness.free_loss_fidelity: RL4CO free-loss step 140/200: score=7.825527 (avg=7.799136), loss=0.167171 (avg=0.171417), pairs_step=315958, pairs_total=44251670
[2026-03-02 01:47:07,104] INFO:fitness.free_loss_fidelity: RL4CO free-loss step 160/200: score=7.793668 (avg=7.798320), loss=0.172647 (avg=0.171008), pairs_step=316201, pairs_total=50574637
[2026-03-02 01:47:13,461] INFO:fitness.free_loss_fidelity: RL4CO free-loss step 180/200: score=7.778516 (avg=7.797064), loss=0.169523 (avg=0.170780), pairs_step=315947, pairs_total=56897217
[2026-03-02 01:47:19,823] INFO:fitness.free_loss_fidelity: RL4CO free-loss step 200/200: score=7.808734 (avg=7.795769), loss=0.166701 (avg=0.171012), pairs_step=315738, pairs_total=63219779
