[2026-03-05 13:24:37,569] INFO:fitness.free_loss_fidelity: Stage3 offline mini-train start gen=6 pair_index=12 K=200 seed=12345 valid_sizes=[100] baseline_json=baseline/mini_eval/baseline_minitrain_tsp100_K200.json
[2026-03-05 13:24:44,554] INFO:fitness.free_loss_fidelity: RL4CO free-loss (step-mode): f1_steps=200, f2_steps=0, total_steps=200, train_problem_size=100, rollouts=100, batch_size=64, device=cuda:0, env=tsp
[2026-03-05 13:24:45,837] INFO:fitness.free_loss_fidelity: RL4CO free-loss step 1/200: score=36.122910 (avg=36.122910), loss=0.325956 (avg=0.325956), pairs_step=316800, pairs_total=316800
[2026-03-05 13:24:51,895] INFO:fitness.free_loss_fidelity: RL4CO free-loss step 20/200: score=9.906858 (avg=12.829691), loss=0.444564 (avg=0.395541), pairs_step=316800, pairs_total=6335997
[2026-03-05 13:24:58,288] INFO:fitness.free_loss_fidelity: RL4CO free-loss step 40/200: score=9.341633 (avg=11.155720), loss=0.438453 (avg=0.418080), pairs_step=316798, pairs_total=12671992
[2026-03-05 13:25:05,134] INFO:fitness.free_loss_fidelity: RL4CO free-loss step 60/200: score=9.044565 (avg=10.492453), loss=0.429950 (avg=0.424177), pairs_step=316799, pairs_total=19007981
[2026-03-05 13:25:11,659] INFO:fitness.free_loss_fidelity: RL4CO free-loss step 80/200: score=8.951664 (avg=10.117600), loss=0.436120 (avg=0.426289), pairs_step=316800, pairs_total=25343977
[2026-03-05 13:25:18,042] INFO:fitness.free_loss_fidelity: RL4CO free-loss step 100/200: score=8.785648 (avg=9.877739), loss=0.441324 (avg=0.428199), pairs_step=316800, pairs_total=31679974
[2026-03-05 13:25:24,526] INFO:fitness.free_loss_fidelity: RL4CO free-loss step 120/200: score=8.707821 (avg=9.701971), loss=0.434034 (avg=0.430181), pairs_step=316800, pairs_total=38015972
[2026-03-05 13:25:31,271] INFO:fitness.free_loss_fidelity: RL4CO free-loss step 140/200: score=8.729837 (avg=9.565428), loss=0.456356 (avg=0.432721), pairs_step=316800, pairs_total=44351971
[2026-03-05 13:25:38,042] INFO:fitness.free_loss_fidelity: RL4CO free-loss step 160/200: score=8.588873 (avg=9.451575), loss=0.448477 (avg=0.435217), pairs_step=316800, pairs_total=50687968
[2026-03-05 13:25:44,811] INFO:fitness.free_loss_fidelity: RL4CO free-loss step 180/200: score=8.557419 (avg=9.356036), loss=0.464044 (avg=0.437760), pairs_step=316800, pairs_total=57023966
[2026-03-05 13:25:51,541] INFO:fitness.free_loss_fidelity: RL4CO free-loss step 200/200: score=8.593895 (avg=9.275259), loss=0.467558 (avg=0.440222), pairs_step=316800, pairs_total=63359960
[2026-03-05 13:25:52,652] WARNING:fitness.free_loss_fidelity: weights_only checkpoint load failed (UnpicklingError); retrying weights_only=False for /data1/gushengda/eam-rl4co/baseline/epoch_135.ckpt
[2026-03-05 13:25:52,711] INFO:fitness.free_loss_fidelity: Loaded init checkpoint into policy: path=/data1/gushengda/eam-rl4co/baseline/epoch_135.ckpt prefix=policy. matched=97 missing=0 unexpected=0
[2026-03-05 13:25:52,718] INFO:fitness.free_loss_fidelity: RL4CO free-loss (step-mode): f1_steps=200, f2_steps=0, total_steps=200, train_problem_size=100, rollouts=100, batch_size=64, device=cuda:0, env=tsp
[2026-03-05 13:25:53,063] INFO:fitness.free_loss_fidelity: RL4CO free-loss step 1/200: score=7.803347 (avg=7.803347), loss=0.631580 (avg=0.631580), pairs_step=315697, pairs_total=315697
[2026-03-05 13:25:59,510] INFO:fitness.free_loss_fidelity: RL4CO free-loss step 20/200: score=7.779124 (avg=7.808443), loss=0.624399 (avg=0.627845), pairs_step=315911, pairs_total=6317476
[2026-03-05 13:26:06,275] INFO:fitness.free_loss_fidelity: RL4CO free-loss step 40/200: score=7.819352 (avg=7.802068), loss=0.630034 (avg=0.627976), pairs_step=315707, pairs_total=12632736
[2026-03-05 13:26:13,034] INFO:fitness.free_loss_fidelity: RL4CO free-loss step 60/200: score=7.814529 (avg=7.798238), loss=0.632984 (avg=0.628260), pairs_step=315673, pairs_total=18947458
[2026-03-05 13:26:19,824] INFO:fitness.free_loss_fidelity: RL4CO free-loss step 80/200: score=7.798246 (avg=7.796587), loss=0.621677 (avg=0.627431), pairs_step=315970, pairs_total=25262352
[2026-03-05 13:26:26,583] INFO:fitness.free_loss_fidelity: RL4CO free-loss step 100/200: score=7.757068 (avg=7.797307), loss=0.627030 (avg=0.626661), pairs_step=315972, pairs_total=31577967
[2026-03-05 13:26:33,348] INFO:fitness.free_loss_fidelity: RL4CO free-loss step 120/200: score=7.773851 (avg=7.798962), loss=0.620781 (avg=0.626090), pairs_step=315529, pairs_total=37893031
[2026-03-05 13:26:40,099] INFO:fitness.free_loss_fidelity: RL4CO free-loss step 140/200: score=7.827936 (avg=7.799826), loss=0.624097 (avg=0.625613), pairs_step=315506, pairs_total=44206678
[2026-03-05 13:26:46,849] INFO:fitness.free_loss_fidelity: RL4CO free-loss step 160/200: score=7.793939 (avg=7.799268), loss=0.616473 (avg=0.624994), pairs_step=315446, pairs_total=50517051
[2026-03-05 13:26:53,582] INFO:fitness.free_loss_fidelity: RL4CO free-loss step 180/200: score=7.783103 (avg=7.798053), loss=0.601920 (avg=0.623512), pairs_step=315211, pairs_total=56826850
[2026-03-05 13:27:00,325] INFO:fitness.free_loss_fidelity: RL4CO free-loss step 200/200: score=7.808538 (avg=7.797019), loss=0.601665 (avg=0.622245), pairs_step=315647, pairs_total=63138864
[2026-03-05 13:27:01,432] WARNING:fitness.free_loss_fidelity: weights_only checkpoint load failed (UnpicklingError); retrying weights_only=False for /data1/gushengda/eam-rl4co/baseline/epoch_409.ckpt
[2026-03-05 13:27:01,474] INFO:fitness.free_loss_fidelity: Loaded init checkpoint into policy: path=/data1/gushengda/eam-rl4co/baseline/epoch_409.ckpt prefix=policy. matched=97 missing=0 unexpected=0
[2026-03-05 13:27:01,480] INFO:fitness.free_loss_fidelity: RL4CO free-loss (step-mode): f1_steps=200, f2_steps=0, total_steps=200, train_problem_size=100, rollouts=100, batch_size=64, device=cuda:0, env=tsp
[2026-03-05 13:27:01,835] INFO:fitness.free_loss_fidelity: RL4CO free-loss step 1/200: score=7.807477 (avg=7.807477), loss=0.182704 (avg=0.182704), pairs_step=315750, pairs_total=315750
[2026-03-05 13:27:08,247] INFO:fitness.free_loss_fidelity: RL4CO free-loss step 20/200: score=7.783291 (avg=7.808040), loss=0.162162 (avg=0.169354), pairs_step=315866, pairs_total=6317217
[2026-03-05 13:27:14,995] INFO:fitness.free_loss_fidelity: RL4CO free-loss step 40/200: score=7.817806 (avg=7.802620), loss=0.162266 (avg=0.166268), pairs_step=316088, pairs_total=12636126
[2026-03-05 13:27:21,763] INFO:fitness.free_loss_fidelity: RL4CO free-loss step 60/200: score=7.810909 (avg=7.798755), loss=0.165068 (avg=0.165048), pairs_step=315814, pairs_total=18953406
[2026-03-05 13:27:28,509] INFO:fitness.free_loss_fidelity: RL4CO free-loss step 80/200: score=7.793515 (avg=7.797201), loss=0.164976 (avg=0.164705), pairs_step=315678, pairs_total=25270498
[2026-03-05 13:27:35,269] INFO:fitness.free_loss_fidelity: RL4CO free-loss step 100/200: score=7.750586 (avg=7.797637), loss=0.166314 (avg=0.164745), pairs_step=315982, pairs_total=31588691
[2026-03-05 13:27:42,018] INFO:fitness.free_loss_fidelity: RL4CO free-loss step 120/200: score=7.774898 (avg=7.798832), loss=0.152981 (avg=0.163460), pairs_step=315719, pairs_total=37904832
[2026-03-05 13:27:48,748] INFO:fitness.free_loss_fidelity: RL4CO free-loss step 140/200: score=7.822397 (avg=7.799727), loss=0.151490 (avg=0.162123), pairs_step=315085, pairs_total=44217992
[2026-03-05 13:27:55,490] INFO:fitness.free_loss_fidelity: RL4CO free-loss step 160/200: score=7.793413 (avg=7.799061), loss=0.149925 (avg=0.160847), pairs_step=316051, pairs_total=50534876
[2026-03-05 13:28:02,460] INFO:fitness.free_loss_fidelity: RL4CO free-loss step 180/200: score=7.781801 (avg=7.797750), loss=0.153001 (avg=0.159799), pairs_step=315221, pairs_total=56850106
[2026-03-05 13:28:09,189] INFO:fitness.free_loss_fidelity: RL4CO free-loss step 200/200: score=7.812358 (avg=7.796537), loss=0.153977 (avg=0.159514), pairs_step=315558, pairs_total=63164992
[2026-03-05 13:28:10,249] INFO:fitness.free_loss_fidelity: Stage3 offline mini-train DONE gen=6 pair_index=12 score=-0.008138875166575113 any_error=False
