[2026-03-05 13:59:56,361] INFO:fitness.free_loss_fidelity: Stage3 offline mini-train start gen=7 pair_index=4 K=200 seed=12345 valid_sizes=[100] baseline_json=baseline/mini_eval/baseline_minitrain_tsp100_K200.json
[2026-03-05 14:00:03,482] INFO:fitness.free_loss_fidelity: RL4CO free-loss (step-mode): f1_steps=200, f2_steps=0, total_steps=200, train_problem_size=100, rollouts=100, batch_size=64, device=cuda:0, env=tsp
[2026-03-05 14:00:04,861] INFO:fitness.free_loss_fidelity: RL4CO free-loss step 1/200: score=36.122910 (avg=36.122910), loss=0.846205 (avg=0.846205), pairs_step=316800, pairs_total=316800
[2026-03-05 14:00:11,558] INFO:fitness.free_loss_fidelity: RL4CO free-loss step 20/200: score=10.155416 (avg=12.647449), loss=0.679797 (avg=0.689007), pairs_step=316799, pairs_total=6335998
[2026-03-05 14:00:18,261] INFO:fitness.free_loss_fidelity: RL4CO free-loss step 40/200: score=9.409957 (avg=11.138850), loss=0.683919 (avg=0.686742), pairs_step=316800, pairs_total=12671998
[2026-03-05 14:00:24,936] INFO:fitness.free_loss_fidelity: RL4CO free-loss step 60/200: score=9.205259 (avg=10.516160), loss=0.679633 (avg=0.684642), pairs_step=316800, pairs_total=19007991
[2026-03-05 14:00:31,405] INFO:fitness.free_loss_fidelity: RL4CO free-loss step 80/200: score=9.016224 (avg=10.156954), loss=0.659757 (avg=0.680037), pairs_step=316800, pairs_total=25343983
[2026-03-05 14:00:37,706] INFO:fitness.free_loss_fidelity: RL4CO free-loss step 100/200: score=8.834530 (avg=9.915239), loss=0.657709 (avg=0.676732), pairs_step=316800, pairs_total=31679977
[2026-03-05 14:00:44,032] INFO:fitness.free_loss_fidelity: RL4CO free-loss step 120/200: score=8.724838 (avg=9.735829), loss=0.663501 (avg=0.674480), pairs_step=316800, pairs_total=38015971
[2026-03-05 14:00:50,301] INFO:fitness.free_loss_fidelity: RL4CO free-loss step 140/200: score=8.733925 (avg=9.592901), loss=0.671337 (avg=0.673948), pairs_step=316800, pairs_total=44351966
[2026-03-05 14:00:56,616] INFO:fitness.free_loss_fidelity: RL4CO free-loss step 160/200: score=8.551453 (avg=9.471773), loss=0.687558 (avg=0.674979), pairs_step=316799, pairs_total=50687962
[2026-03-05 14:01:02,954] INFO:fitness.free_loss_fidelity: RL4CO free-loss step 180/200: score=8.529187 (avg=9.369210), loss=0.686480 (avg=0.676427), pairs_step=316800, pairs_total=57023958
[2026-03-05 14:01:09,300] INFO:fitness.free_loss_fidelity: RL4CO free-loss step 200/200: score=8.510855 (avg=9.284103), loss=0.691387 (avg=0.678015), pairs_step=316800, pairs_total=63359951
[2026-03-05 14:01:10,404] WARNING:fitness.free_loss_fidelity: weights_only checkpoint load failed (UnpicklingError); retrying weights_only=False for /data1/gushengda/eam-rl4co/baseline/epoch_135.ckpt
[2026-03-05 14:01:10,459] INFO:fitness.free_loss_fidelity: Loaded init checkpoint into policy: path=/data1/gushengda/eam-rl4co/baseline/epoch_135.ckpt prefix=policy. matched=97 missing=0 unexpected=0
[2026-03-05 14:01:10,466] INFO:fitness.free_loss_fidelity: RL4CO free-loss (step-mode): f1_steps=200, f2_steps=0, total_steps=200, train_problem_size=100, rollouts=100, batch_size=64, device=cuda:0, env=tsp
[2026-03-05 14:01:10,784] INFO:fitness.free_loss_fidelity: RL4CO free-loss step 1/200: score=7.803347 (avg=7.803347), loss=0.725866 (avg=0.725866), pairs_step=315697, pairs_total=315697
[2026-03-05 14:01:16,766] INFO:fitness.free_loss_fidelity: RL4CO free-loss step 20/200: score=7.779939 (avg=7.809954), loss=0.744744 (avg=0.733303), pairs_step=315999, pairs_total=6315686
[2026-03-05 14:01:23,056] INFO:fitness.free_loss_fidelity: RL4CO free-loss step 40/200: score=7.818608 (avg=7.803603), loss=0.735101 (avg=0.734440), pairs_step=315936, pairs_total=12632901
[2026-03-05 14:01:29,344] INFO:fitness.free_loss_fidelity: RL4CO free-loss step 60/200: score=7.816194 (avg=7.799752), loss=0.738223 (avg=0.735230), pairs_step=315613, pairs_total=18947388
[2026-03-05 14:01:35,635] INFO:fitness.free_loss_fidelity: RL4CO free-loss step 80/200: score=7.798581 (avg=7.798426), loss=0.742841 (avg=0.736616), pairs_step=315992, pairs_total=25262121
[2026-03-05 14:01:41,935] INFO:fitness.free_loss_fidelity: RL4CO free-loss step 100/200: score=7.762646 (avg=7.799248), loss=0.735381 (avg=0.737556), pairs_step=315830, pairs_total=31577661
[2026-03-05 14:01:48,229] INFO:fitness.free_loss_fidelity: RL4CO free-loss step 120/200: score=7.773732 (avg=7.800627), loss=0.743562 (avg=0.737622), pairs_step=315477, pairs_total=37891916
[2026-03-05 14:01:54,530] INFO:fitness.free_loss_fidelity: RL4CO free-loss step 140/200: score=7.830251 (avg=7.801505), loss=0.752459 (avg=0.738580), pairs_step=315520, pairs_total=44205525
[2026-03-05 14:02:00,831] INFO:fitness.free_loss_fidelity: RL4CO free-loss step 160/200: score=7.794871 (avg=7.800963), loss=0.747168 (avg=0.739438), pairs_step=315659, pairs_total=50519010
[2026-03-05 14:02:07,145] INFO:fitness.free_loss_fidelity: RL4CO free-loss step 180/200: score=7.787058 (avg=7.800026), loss=0.752759 (avg=0.739910), pairs_step=315285, pairs_total=56830890
[2026-03-05 14:02:13,507] INFO:fitness.free_loss_fidelity: RL4CO free-loss step 200/200: score=7.811742 (avg=7.798994), loss=0.735639 (avg=0.740020), pairs_step=315645, pairs_total=63141231
[2026-03-05 14:02:14,668] WARNING:fitness.free_loss_fidelity: weights_only checkpoint load failed (UnpicklingError); retrying weights_only=False for /data1/gushengda/eam-rl4co/baseline/epoch_409.ckpt
[2026-03-05 14:02:14,708] INFO:fitness.free_loss_fidelity: Loaded init checkpoint into policy: path=/data1/gushengda/eam-rl4co/baseline/epoch_409.ckpt prefix=policy. matched=97 missing=0 unexpected=0
[2026-03-05 14:02:14,713] INFO:fitness.free_loss_fidelity: RL4CO free-loss (step-mode): f1_steps=200, f2_steps=0, total_steps=200, train_problem_size=100, rollouts=100, batch_size=64, device=cuda:0, env=tsp
[2026-03-05 14:02:15,037] INFO:fitness.free_loss_fidelity: RL4CO free-loss step 1/200: score=7.807477 (avg=7.807477), loss=0.112019 (avg=0.112019), pairs_step=315750, pairs_total=315750
[2026-03-05 14:02:21,058] INFO:fitness.free_loss_fidelity: RL4CO free-loss step 20/200: score=7.780365 (avg=7.808242), loss=0.387548 (avg=0.219994), pairs_step=315790, pairs_total=6318569
[2026-03-05 14:02:27,598] INFO:fitness.free_loss_fidelity: RL4CO free-loss step 40/200: score=7.822888 (avg=7.803430), loss=0.602399 (avg=0.376271), pairs_step=316144, pairs_total=12636986
[2026-03-05 14:02:33,934] INFO:fitness.free_loss_fidelity: RL4CO free-loss step 60/200: score=7.816634 (avg=7.800292), loss=0.653850 (avg=0.462285), pairs_step=315766, pairs_total=18955402
[2026-03-05 14:02:40,274] INFO:fitness.free_loss_fidelity: RL4CO free-loss step 80/200: score=7.794360 (avg=7.798795), loss=0.685626 (avg=0.514044), pairs_step=315895, pairs_total=25271854
[2026-03-05 14:02:46,635] INFO:fitness.free_loss_fidelity: RL4CO free-loss step 100/200: score=7.756036 (avg=7.799619), loss=0.701265 (avg=0.549914), pairs_step=314942, pairs_total=31587397
[2026-03-05 14:02:52,969] INFO:fitness.free_loss_fidelity: RL4CO free-loss step 120/200: score=7.776336 (avg=7.800910), loss=0.710299 (avg=0.575957), pairs_step=315357, pairs_total=37899915
[2026-03-05 14:02:59,326] INFO:fitness.free_loss_fidelity: RL4CO free-loss step 140/200: score=7.829190 (avg=7.801818), loss=0.708417 (avg=0.595187), pairs_step=314547, pairs_total=44210223
[2026-03-05 14:03:05,686] INFO:fitness.free_loss_fidelity: RL4CO free-loss step 160/200: score=7.793397 (avg=7.801053), loss=0.715286 (avg=0.610199), pairs_step=315603, pairs_total=50520788
[2026-03-05 14:03:12,098] INFO:fitness.free_loss_fidelity: RL4CO free-loss step 180/200: score=7.789162 (avg=7.799957), loss=0.726023 (avg=0.622978), pairs_step=315022, pairs_total=56828147
[2026-03-05 14:03:18,467] INFO:fitness.free_loss_fidelity: RL4CO free-loss step 200/200: score=7.805463 (avg=7.798443), loss=0.726910 (avg=0.633512), pairs_step=315476, pairs_total=63133911
[2026-03-05 14:03:19,531] INFO:fitness.free_loss_fidelity: Stage3 offline mini-train DONE gen=7 pair_index=4 score=-0.003582338492075602 any_error=False
