[2026-03-05 12:15:39,906] INFO:fitness.free_loss_fidelity: Stage3 offline mini-train start gen=5 pair_index=4 K=200 seed=12345 valid_sizes=[100] baseline_json=baseline/mini_eval/baseline_minitrain_tsp100_K200.json
[2026-03-05 12:15:47,207] INFO:fitness.free_loss_fidelity: RL4CO free-loss (step-mode): f1_steps=200, f2_steps=0, total_steps=200, train_problem_size=100, rollouts=100, batch_size=64, device=cuda:0, env=tsp
[2026-03-05 12:15:48,616] INFO:fitness.free_loss_fidelity: RL4CO free-loss step 1/200: score=36.122910 (avg=36.122910), loss=298643.437500 (avg=298643.437500), pairs_step=316800, pairs_total=316800
[2026-03-05 12:15:55,438] INFO:fitness.free_loss_fidelity: RL4CO free-loss step 20/200: score=10.043703 (avg=13.088100), loss=180030.312500 (avg=196197.035938), pairs_step=316799, pairs_total=6335997
[2026-03-05 12:16:02,373] INFO:fitness.free_loss_fidelity: RL4CO free-loss step 40/200: score=9.628061 (avg=11.433525), loss=175738.937500 (avg=187393.788672), pairs_step=316800, pairs_total=12671996
[2026-03-05 12:16:08,866] INFO:fitness.free_loss_fidelity: RL4CO free-loss step 60/200: score=9.452543 (avg=10.778901), loss=169405.843750 (avg=182355.629688), pairs_step=316799, pairs_total=19007993
[2026-03-05 12:16:15,375] INFO:fitness.free_loss_fidelity: RL4CO free-loss step 80/200: score=9.289183 (avg=10.423632), loss=168768.000000 (avg=178751.598438), pairs_step=316800, pairs_total=25343988
[2026-03-05 12:16:21,879] INFO:fitness.free_loss_fidelity: RL4CO free-loss step 100/200: score=9.105350 (avg=10.189240), loss=169541.671875 (avg=176476.905625), pairs_step=316800, pairs_total=31679983
[2026-03-05 12:16:28,376] INFO:fitness.free_loss_fidelity: RL4CO free-loss step 120/200: score=9.133512 (avg=10.022638), loss=163582.593750 (avg=174694.972656), pairs_step=316800, pairs_total=38015979
[2026-03-05 12:16:34,881] INFO:fitness.free_loss_fidelity: RL4CO free-loss step 140/200: score=9.158962 (avg=9.896495), loss=165120.906250 (avg=173363.342299), pairs_step=316800, pairs_total=44351973
[2026-03-05 12:16:41,359] INFO:fitness.free_loss_fidelity: RL4CO free-loss step 160/200: score=9.079266 (avg=9.795977), loss=162665.703125 (avg=172326.637988), pairs_step=316800, pairs_total=50687968
[2026-03-05 12:16:47,827] INFO:fitness.free_loss_fidelity: RL4CO free-loss step 180/200: score=9.036163 (avg=9.711340), loss=164609.234375 (avg=171526.636285), pairs_step=316800, pairs_total=57023966
[2026-03-05 12:16:54,304] INFO:fitness.free_loss_fidelity: RL4CO free-loss step 200/200: score=9.014982 (avg=9.639021), loss=167532.187500 (avg=170980.246250), pairs_step=316800, pairs_total=63359961
[2026-03-05 12:16:55,399] WARNING:fitness.free_loss_fidelity: weights_only checkpoint load failed (UnpicklingError); retrying weights_only=False for /data1/gushengda/eam-rl4co/baseline/epoch_135.ckpt
[2026-03-05 12:16:55,442] INFO:fitness.free_loss_fidelity: Loaded init checkpoint into policy: path=/data1/gushengda/eam-rl4co/baseline/epoch_135.ckpt prefix=policy. matched=97 missing=0 unexpected=0
[2026-03-05 12:16:55,448] INFO:fitness.free_loss_fidelity: RL4CO free-loss (step-mode): f1_steps=200, f2_steps=0, total_steps=200, train_problem_size=100, rollouts=100, batch_size=64, device=cuda:0, env=tsp
[2026-03-05 12:16:55,824] INFO:fitness.free_loss_fidelity: RL4CO free-loss step 1/200: score=7.803347 (avg=7.803347), loss=211320.093750 (avg=211320.093750), pairs_step=315697, pairs_total=315697
[2026-03-05 12:17:02,015] INFO:fitness.free_loss_fidelity: RL4CO free-loss step 20/200: score=7.773398 (avg=7.808795), loss=207220.937500 (avg=210005.647656), pairs_step=316026, pairs_total=6318631
[2026-03-05 12:17:08,535] INFO:fitness.free_loss_fidelity: RL4CO free-loss step 40/200: score=7.817889 (avg=7.802713), loss=207834.187500 (avg=208884.620703), pairs_step=315639, pairs_total=12635969
[2026-03-05 12:17:15,025] INFO:fitness.free_loss_fidelity: RL4CO free-loss step 60/200: score=7.811873 (avg=7.798892), loss=205671.656250 (avg=207759.533594), pairs_step=316023, pairs_total=18955232
[2026-03-05 12:17:21,515] INFO:fitness.free_loss_fidelity: RL4CO free-loss step 80/200: score=7.795150 (avg=7.797782), loss=202007.031250 (avg=206630.546680), pairs_step=316332, pairs_total=25277229
[2026-03-05 12:17:27,993] INFO:fitness.free_loss_fidelity: RL4CO free-loss step 100/200: score=7.755634 (avg=7.798200), loss=199374.390625 (avg=205411.015000), pairs_step=316234, pairs_total=31600150
[2026-03-05 12:17:34,503] INFO:fitness.free_loss_fidelity: RL4CO free-loss step 120/200: score=7.775720 (avg=7.799824), loss=199021.406250 (avg=204272.245312), pairs_step=315919, pairs_total=37922719
[2026-03-05 12:17:40,737] INFO:fitness.free_loss_fidelity: RL4CO free-loss step 140/200: score=7.830737 (avg=7.800689), loss=196494.140625 (avg=203418.457366), pairs_step=315918, pairs_total=44244372
[2026-03-05 12:17:46,968] INFO:fitness.free_loss_fidelity: RL4CO free-loss step 160/200: score=7.796243 (avg=7.799994), loss=190069.687500 (avg=202039.398438), pairs_step=316123, pairs_total=50566777
[2026-03-05 12:17:53,163] INFO:fitness.free_loss_fidelity: RL4CO free-loss step 180/200: score=7.784063 (avg=7.798955), loss=193392.937500 (avg=200990.604253), pairs_step=315822, pairs_total=56888306
[2026-03-05 12:17:59,368] INFO:fitness.free_loss_fidelity: RL4CO free-loss step 200/200: score=7.807570 (avg=7.797813), loss=185759.828125 (avg=200073.763437), pairs_step=316226, pairs_total=63211059
[2026-03-05 12:18:00,459] WARNING:fitness.free_loss_fidelity: weights_only checkpoint load failed (UnpicklingError); retrying weights_only=False for /data1/gushengda/eam-rl4co/baseline/epoch_409.ckpt
[2026-03-05 12:18:00,497] INFO:fitness.free_loss_fidelity: Loaded init checkpoint into policy: path=/data1/gushengda/eam-rl4co/baseline/epoch_409.ckpt prefix=policy. matched=97 missing=0 unexpected=0
[2026-03-05 12:18:00,503] INFO:fitness.free_loss_fidelity: RL4CO free-loss (step-mode): f1_steps=200, f2_steps=0, total_steps=200, train_problem_size=100, rollouts=100, batch_size=64, device=cuda:0, env=tsp
[2026-03-05 12:18:00,833] INFO:fitness.free_loss_fidelity: RL4CO free-loss step 1/200: score=7.807477 (avg=7.807477), loss=59510.234375 (avg=59510.234375), pairs_step=315750, pairs_total=315750
[2026-03-05 12:18:06,922] INFO:fitness.free_loss_fidelity: RL4CO free-loss step 20/200: score=7.777625 (avg=7.808277), loss=55431.000000 (avg=56529.653516), pairs_step=316097, pairs_total=6320313
[2026-03-05 12:18:13,401] INFO:fitness.free_loss_fidelity: RL4CO free-loss step 40/200: score=7.817058 (avg=7.802247), loss=56877.828125 (avg=56660.081445), pairs_step=316096, pairs_total=12639917
[2026-03-05 12:18:19,848] INFO:fitness.free_loss_fidelity: RL4CO free-loss step 60/200: score=7.808541 (avg=7.798728), loss=56692.167969 (avg=56723.087500), pairs_step=315856, pairs_total=18957446
[2026-03-05 12:18:26,530] INFO:fitness.free_loss_fidelity: RL4CO free-loss step 80/200: score=7.798589 (avg=7.797133), loss=54895.484375 (avg=56244.178271), pairs_step=316154, pairs_total=25277250
[2026-03-05 12:18:32,967] INFO:fitness.free_loss_fidelity: RL4CO free-loss step 100/200: score=7.750163 (avg=7.797389), loss=54772.855469 (avg=55796.503594), pairs_step=315886, pairs_total=31597186
[2026-03-05 12:18:39,412] INFO:fitness.free_loss_fidelity: RL4CO free-loss step 120/200: score=7.778989 (avg=7.799153), loss=52931.160156 (avg=55400.011914), pairs_step=315440, pairs_total=37917456
[2026-03-05 12:18:45,845] INFO:fitness.free_loss_fidelity: RL4CO free-loss step 140/200: score=7.824090 (avg=7.799747), loss=52967.480469 (avg=55204.842104), pairs_step=315425, pairs_total=44236381
[2026-03-05 12:18:52,273] INFO:fitness.free_loss_fidelity: RL4CO free-loss step 160/200: score=7.793967 (avg=7.798932), loss=53111.964844 (avg=54939.516919), pairs_step=315882, pairs_total=50556388
[2026-03-05 12:18:58,724] INFO:fitness.free_loss_fidelity: RL4CO free-loss step 180/200: score=7.778113 (avg=7.797587), loss=52348.210938 (avg=54643.049696), pairs_step=315531, pairs_total=56876213
[2026-03-05 12:19:05,168] INFO:fitness.free_loss_fidelity: RL4CO free-loss step 200/200: score=7.812549 (avg=7.796222), loss=52471.320312 (avg=54603.263262), pairs_step=316022, pairs_total=63196276
[2026-03-05 12:19:06,213] INFO:fitness.free_loss_fidelity: Stage3 offline mini-train DONE gen=5 pair_index=4 score=0.004109799861907959 any_error=False
