[2026-03-05 10:42:10,771] INFO:fitness.free_loss_fidelity: Stage3 offline mini-train start gen=3 pair_index=0 K=200 seed=12345 valid_sizes=[100] baseline_json=baseline/mini_eval/baseline_minitrain_tsp100_K200.json
[2026-03-05 10:42:18,019] INFO:fitness.free_loss_fidelity: RL4CO free-loss (step-mode): f1_steps=200, f2_steps=0, total_steps=200, train_problem_size=100, rollouts=100, batch_size=64, device=cuda:0, env=tsp
[2026-03-05 10:42:19,420] INFO:fitness.free_loss_fidelity: RL4CO free-loss step 1/200: score=36.122910 (avg=36.122910), loss=2.158939 (avg=2.158939), pairs_step=316800, pairs_total=316800
[2026-03-05 10:42:25,652] INFO:fitness.free_loss_fidelity: RL4CO free-loss step 20/200: score=9.940804 (avg=12.686770), loss=1.099067 (avg=1.300502), pairs_step=316800, pairs_total=6335996
[2026-03-05 10:42:32,296] INFO:fitness.free_loss_fidelity: RL4CO free-loss step 40/200: score=9.382842 (avg=11.105756), loss=1.077488 (avg=1.201586), pairs_step=316800, pairs_total=12671992
[2026-03-05 10:42:38,847] INFO:fitness.free_loss_fidelity: RL4CO free-loss step 60/200: score=9.161608 (avg=10.476494), loss=1.113523 (avg=1.164313), pairs_step=316800, pairs_total=19007987
[2026-03-05 10:42:45,220] INFO:fitness.free_loss_fidelity: RL4CO free-loss step 80/200: score=8.960115 (avg=10.118453), loss=1.100170 (avg=1.145910), pairs_step=316800, pairs_total=25343982
[2026-03-05 10:42:51,464] INFO:fitness.free_loss_fidelity: RL4CO free-loss step 100/200: score=8.909746 (avg=9.885392), loss=1.072890 (avg=1.135115), pairs_step=316800, pairs_total=31679979
[2026-03-05 10:42:57,633] INFO:fitness.free_loss_fidelity: RL4CO free-loss step 120/200: score=8.773905 (avg=9.717952), loss=1.098014 (avg=1.127950), pairs_step=316800, pairs_total=38015976
[2026-03-05 10:43:03,811] INFO:fitness.free_loss_fidelity: RL4CO free-loss step 140/200: score=8.773108 (avg=9.586158), loss=1.092749 (avg=1.120812), pairs_step=316798, pairs_total=44351968
[2026-03-05 10:43:09,996] INFO:fitness.free_loss_fidelity: RL4CO free-loss step 160/200: score=8.668451 (avg=9.474727), loss=1.048126 (avg=1.114189), pairs_step=316800, pairs_total=50687964
[2026-03-05 10:43:16,181] INFO:fitness.free_loss_fidelity: RL4CO free-loss step 180/200: score=8.564301 (avg=9.378946), loss=1.059610 (avg=1.107469), pairs_step=316800, pairs_total=57023956
[2026-03-05 10:43:22,370] INFO:fitness.free_loss_fidelity: RL4CO free-loss step 200/200: score=8.541774 (avg=9.295362), loss=1.039508 (avg=1.101037), pairs_step=316798, pairs_total=63359949
[2026-03-05 10:43:23,460] WARNING:fitness.free_loss_fidelity: weights_only checkpoint load failed (UnpicklingError); retrying weights_only=False for /data1/gushengda/eam-rl4co/baseline/epoch_135.ckpt
[2026-03-05 10:43:23,503] INFO:fitness.free_loss_fidelity: Loaded init checkpoint into policy: path=/data1/gushengda/eam-rl4co/baseline/epoch_135.ckpt prefix=policy. matched=97 missing=0 unexpected=0
[2026-03-05 10:43:23,508] INFO:fitness.free_loss_fidelity: RL4CO free-loss (step-mode): f1_steps=200, f2_steps=0, total_steps=200, train_problem_size=100, rollouts=100, batch_size=64, device=cuda:0, env=tsp
[2026-03-05 10:43:23,831] INFO:fitness.free_loss_fidelity: RL4CO free-loss step 1/200: score=7.803347 (avg=7.803347), loss=0.787287 (avg=0.787287), pairs_step=315697, pairs_total=315697
[2026-03-05 10:43:29,727] INFO:fitness.free_loss_fidelity: RL4CO free-loss step 20/200: score=7.780562 (avg=7.810462), loss=0.789333 (avg=0.787168), pairs_step=315920, pairs_total=6317009
[2026-03-05 10:43:35,946] INFO:fitness.free_loss_fidelity: RL4CO free-loss step 40/200: score=7.818485 (avg=7.803833), loss=0.789176 (avg=0.786904), pairs_step=315507, pairs_total=12630168
[2026-03-05 10:43:42,154] INFO:fitness.free_loss_fidelity: RL4CO free-loss step 60/200: score=7.814534 (avg=7.800106), loss=0.768919 (avg=0.785540), pairs_step=315597, pairs_total=18942144
[2026-03-05 10:43:48,367] INFO:fitness.free_loss_fidelity: RL4CO free-loss step 80/200: score=7.795700 (avg=7.798354), loss=0.794135 (avg=0.786385), pairs_step=315925, pairs_total=25256553
[2026-03-05 10:43:54,579] INFO:fitness.free_loss_fidelity: RL4CO free-loss step 100/200: score=7.755000 (avg=7.799010), loss=0.785754 (avg=0.786112), pairs_step=315711, pairs_total=31570732
[2026-03-05 10:44:00,781] INFO:fitness.free_loss_fidelity: RL4CO free-loss step 120/200: score=7.772420 (avg=7.800414), loss=0.777385 (avg=0.785787), pairs_step=315666, pairs_total=37883544
[2026-03-05 10:44:06,996] INFO:fitness.free_loss_fidelity: RL4CO free-loss step 140/200: score=7.827567 (avg=7.801293), loss=0.777739 (avg=0.785868), pairs_step=315514, pairs_total=44196655
[2026-03-05 10:44:13,240] INFO:fitness.free_loss_fidelity: RL4CO free-loss step 160/200: score=7.794995 (avg=7.800595), loss=0.788075 (avg=0.785823), pairs_step=315458, pairs_total=50507197
[2026-03-05 10:44:19,476] INFO:fitness.free_loss_fidelity: RL4CO free-loss step 180/200: score=7.787028 (avg=7.799480), loss=0.783913 (avg=0.785261), pairs_step=315043, pairs_total=56817383
[2026-03-05 10:44:25,686] INFO:fitness.free_loss_fidelity: RL4CO free-loss step 200/200: score=7.812979 (avg=7.798464), loss=0.795400 (avg=0.784797), pairs_step=315385, pairs_total=63127169
[2026-03-05 10:44:26,777] WARNING:fitness.free_loss_fidelity: weights_only checkpoint load failed (UnpicklingError); retrying weights_only=False for /data1/gushengda/eam-rl4co/baseline/epoch_409.ckpt
[2026-03-05 10:44:26,822] INFO:fitness.free_loss_fidelity: Loaded init checkpoint into policy: path=/data1/gushengda/eam-rl4co/baseline/epoch_409.ckpt prefix=policy. matched=97 missing=0 unexpected=0
[2026-03-05 10:44:26,828] INFO:fitness.free_loss_fidelity: RL4CO free-loss (step-mode): f1_steps=200, f2_steps=0, total_steps=200, train_problem_size=100, rollouts=100, batch_size=64, device=cuda:0, env=tsp
[2026-03-05 10:44:27,150] INFO:fitness.free_loss_fidelity: RL4CO free-loss step 1/200: score=7.807477 (avg=7.807477), loss=2.685683 (avg=2.685683), pairs_step=315750, pairs_total=315750
[2026-03-05 10:44:33,054] INFO:fitness.free_loss_fidelity: RL4CO free-loss step 20/200: score=7.783949 (avg=7.809329), loss=2.995382 (avg=2.823057), pairs_step=315743, pairs_total=6316155
[2026-03-05 10:44:39,522] INFO:fitness.free_loss_fidelity: RL4CO free-loss step 40/200: score=7.819841 (avg=7.803427), loss=3.002778 (avg=2.940557), pairs_step=316026, pairs_total=12633738
[2026-03-05 10:44:45,740] INFO:fitness.free_loss_fidelity: RL4CO free-loss step 60/200: score=7.811841 (avg=7.800185), loss=2.720568 (avg=2.883127), pairs_step=315516, pairs_total=18948701
[2026-03-05 10:44:51,978] INFO:fitness.free_loss_fidelity: RL4CO free-loss step 80/200: score=7.790306 (avg=7.798290), loss=2.605874 (avg=2.824635), pairs_step=315911, pairs_total=25264217
[2026-03-05 10:44:58,214] INFO:fitness.free_loss_fidelity: RL4CO free-loss step 100/200: score=7.757370 (avg=7.798924), loss=2.478502 (avg=2.767273), pairs_step=315636, pairs_total=31581882
[2026-03-05 10:45:04,444] INFO:fitness.free_loss_fidelity: RL4CO free-loss step 120/200: score=7.770173 (avg=7.800325), loss=2.579673 (avg=2.737225), pairs_step=315498, pairs_total=37896438
[2026-03-05 10:45:10,679] INFO:fitness.free_loss_fidelity: RL4CO free-loss step 140/200: score=7.820593 (avg=7.801018), loss=2.870691 (avg=2.739559), pairs_step=315259, pairs_total=44208066
[2026-03-05 10:45:16,913] INFO:fitness.free_loss_fidelity: RL4CO free-loss step 160/200: score=7.790473 (avg=7.800151), loss=2.743830 (avg=2.747206), pairs_step=315758, pairs_total=50521919
[2026-03-05 10:45:23,137] INFO:fitness.free_loss_fidelity: RL4CO free-loss step 180/200: score=7.784256 (avg=7.798824), loss=2.670321 (avg=2.742244), pairs_step=315147, pairs_total=56835980
[2026-03-05 10:45:29,357] INFO:fitness.free_loss_fidelity: RL4CO free-loss step 200/200: score=7.811488 (avg=7.797688), loss=2.692374 (avg=2.736496), pairs_step=315773, pairs_total=63149710
[2026-03-05 10:45:30,404] INFO:fitness.free_loss_fidelity: Stage3 offline mini-train DONE gen=3 pair_index=0 score=-0.006890575091044108 any_error=False
