[2026-03-05 12:54:07,689] INFO:fitness.free_loss_fidelity: Stage3 offline mini-train start gen=5 pair_index=15 K=1000 seed=12345 valid_sizes=[100] baseline_json=baseline/mini_eval/baseline_minitrain_tsp100_K1000.json
[2026-03-05 12:54:14,533] INFO:fitness.free_loss_fidelity: RL4CO free-loss (step-mode): f1_steps=1000, f2_steps=0, total_steps=1000, train_problem_size=100, rollouts=100, batch_size=64, device=cuda:0, env=tsp
[2026-03-05 12:54:15,827] INFO:fitness.free_loss_fidelity: RL4CO free-loss step 1/1000: score=36.122910 (avg=36.122910), loss=0.557000 (avg=0.557000), pairs_step=316800, pairs_total=316800
[2026-03-05 12:54:49,953] INFO:fitness.free_loss_fidelity: RL4CO free-loss step 100/1000: score=8.730184 (avg=9.792926), loss=0.553101 (avg=0.555405), pairs_step=316800, pairs_total=31679985
[2026-03-05 12:55:25,143] INFO:fitness.free_loss_fidelity: RL4CO free-loss step 200/1000: score=8.482466 (avg=9.178589), loss=0.580214 (avg=0.563009), pairs_step=316798, pairs_total=63359959
[2026-03-05 12:56:00,247] INFO:fitness.free_loss_fidelity: RL4CO free-loss step 300/1000: score=8.297518 (avg=8.906455), loss=0.586968 (avg=0.569400), pairs_step=316799, pairs_total=95039930
[2026-03-05 12:56:34,230] INFO:fitness.free_loss_fidelity: RL4CO free-loss step 400/1000: score=8.260266 (avg=8.747791), loss=0.592123 (avg=0.573879), pairs_step=316799, pairs_total=126719899
[2026-03-05 12:57:06,709] INFO:fitness.free_loss_fidelity: RL4CO free-loss step 500/1000: score=8.162014 (avg=8.640664), loss=0.591972 (avg=0.577560), pairs_step=316800, pairs_total=158399860
[2026-03-05 12:57:39,886] INFO:fitness.free_loss_fidelity: RL4CO free-loss step 600/1000: score=8.125353 (avg=8.562717), loss=0.596263 (avg=0.580814), pairs_step=316800, pairs_total=190079831
[2026-03-05 12:58:13,217] INFO:fitness.free_loss_fidelity: RL4CO free-loss step 700/1000: score=8.152529 (avg=8.504354), loss=0.601189 (avg=0.583701), pairs_step=316800, pairs_total=221759787
[2026-03-05 12:58:46,576] INFO:fitness.free_loss_fidelity: RL4CO free-loss step 800/1000: score=8.142452 (avg=8.457981), loss=0.612655 (avg=0.586414), pairs_step=316800, pairs_total=253439747
[2026-03-05 12:59:19,991] INFO:fitness.free_loss_fidelity: RL4CO free-loss step 900/1000: score=8.160336 (avg=8.420059), loss=0.612584 (avg=0.588810), pairs_step=316800, pairs_total=285119712
[2026-03-05 12:59:53,575] INFO:fitness.free_loss_fidelity: RL4CO free-loss step 1000/1000: score=8.127993 (avg=8.388156), loss=0.614541 (avg=0.590990), pairs_step=316800, pairs_total=316799674
[2026-03-05 12:59:54,697] WARNING:fitness.free_loss_fidelity: weights_only checkpoint load failed (UnpicklingError); retrying weights_only=False for /data1/gushengda/eam-rl4co/baseline/epoch_135.ckpt
[2026-03-05 12:59:54,740] INFO:fitness.free_loss_fidelity: Loaded init checkpoint into policy: path=/data1/gushengda/eam-rl4co/baseline/epoch_135.ckpt prefix=policy. matched=97 missing=0 unexpected=0
[2026-03-05 12:59:54,745] INFO:fitness.free_loss_fidelity: RL4CO free-loss (step-mode): f1_steps=1000, f2_steps=0, total_steps=1000, train_problem_size=100, rollouts=100, batch_size=64, device=cuda:0, env=tsp
[2026-03-05 12:59:55,094] INFO:fitness.free_loss_fidelity: RL4CO free-loss step 1/1000: score=7.803347 (avg=7.803347), loss=0.663130 (avg=0.663130), pairs_step=315697, pairs_total=315697
[2026-03-05 13:00:28,244] INFO:fitness.free_loss_fidelity: RL4CO free-loss step 100/1000: score=7.754521 (avg=7.800164), loss=0.666210 (avg=0.665439), pairs_step=315559, pairs_total=31554060
[2026-03-05 13:01:01,610] INFO:fitness.free_loss_fidelity: RL4CO free-loss step 200/1000: score=7.814716 (avg=7.799606), loss=0.662580 (avg=0.665860), pairs_step=315501, pairs_total=63084789
[2026-03-05 13:01:34,929] INFO:fitness.free_loss_fidelity: RL4CO free-loss step 300/1000: score=7.806619 (avg=7.800511), loss=0.665791 (avg=0.666139), pairs_step=315166, pairs_total=94593077
[2026-03-05 13:02:08,491] INFO:fitness.free_loss_fidelity: RL4CO free-loss step 400/1000: score=7.818497 (avg=7.800297), loss=0.667418 (avg=0.666342), pairs_step=314694, pairs_total=126088383
[2026-03-05 13:02:42,166] INFO:fitness.free_loss_fidelity: RL4CO free-loss step 500/1000: score=7.776447 (avg=7.799645), loss=0.668387 (avg=0.666595), pairs_step=314332, pairs_total=157579283
[2026-03-05 13:03:15,608] INFO:fitness.free_loss_fidelity: RL4CO free-loss step 600/1000: score=7.759857 (avg=7.799022), loss=0.669381 (avg=0.666812), pairs_step=315007, pairs_total=189057185
[2026-03-05 13:03:48,985] INFO:fitness.free_loss_fidelity: RL4CO free-loss step 700/1000: score=7.810249 (avg=7.798959), loss=0.668967 (avg=0.666953), pairs_step=313776, pairs_total=220526731
[2026-03-05 13:04:22,077] INFO:fitness.free_loss_fidelity: RL4CO free-loss step 800/1000: score=7.794583 (avg=7.798915), loss=0.669567 (avg=0.667113), pairs_step=314595, pairs_total=251990054
[2026-03-05 13:04:55,740] INFO:fitness.free_loss_fidelity: RL4CO free-loss step 900/1000: score=7.832204 (avg=7.798566), loss=0.670683 (avg=0.667164), pairs_step=314474, pairs_total=283441926
[2026-03-05 13:05:28,961] INFO:fitness.free_loss_fidelity: RL4CO free-loss step 1000/1000: score=7.830408 (avg=7.798198), loss=0.664367 (avg=0.667252), pairs_step=315056, pairs_total=314886602
[2026-03-05 13:05:30,077] WARNING:fitness.free_loss_fidelity: weights_only checkpoint load failed (UnpicklingError); retrying weights_only=False for /data1/gushengda/eam-rl4co/baseline/epoch_409.ckpt
[2026-03-05 13:05:30,115] INFO:fitness.free_loss_fidelity: Loaded init checkpoint into policy: path=/data1/gushengda/eam-rl4co/baseline/epoch_409.ckpt prefix=policy. matched=97 missing=0 unexpected=0
[2026-03-05 13:05:30,120] INFO:fitness.free_loss_fidelity: RL4CO free-loss (step-mode): f1_steps=1000, f2_steps=0, total_steps=1000, train_problem_size=100, rollouts=100, batch_size=64, device=cuda:0, env=tsp
[2026-03-05 13:05:30,448] INFO:fitness.free_loss_fidelity: RL4CO free-loss step 1/1000: score=7.807477 (avg=7.807477), loss=0.272947 (avg=0.272947), pairs_step=315750, pairs_total=315750
[2026-03-05 13:06:01,882] INFO:fitness.free_loss_fidelity: RL4CO free-loss step 100/1000: score=7.757120 (avg=7.798407), loss=0.247552 (avg=0.244539), pairs_step=315747, pairs_total=31573052
[2026-03-05 13:06:37,780] INFO:fitness.free_loss_fidelity: RL4CO free-loss step 200/1000: score=7.817606 (avg=7.798377), loss=0.236982 (avg=0.240380), pairs_step=315675, pairs_total=63129131
[2026-03-05 13:07:14,158] INFO:fitness.free_loss_fidelity: RL4CO free-loss step 300/1000: score=7.810332 (avg=7.799319), loss=0.244965 (avg=0.239753), pairs_step=315313, pairs_total=94669788
[2026-03-05 13:07:50,443] INFO:fitness.free_loss_fidelity: RL4CO free-loss step 400/1000: score=7.822496 (avg=7.799299), loss=0.245271 (avg=0.239612), pairs_step=315180, pairs_total=126202138
[2026-03-05 13:08:26,776] INFO:fitness.free_loss_fidelity: RL4CO free-loss step 500/1000: score=7.778508 (avg=7.798410), loss=0.242933 (avg=0.238347), pairs_step=315557, pairs_total=157723680
[2026-03-05 13:09:03,295] INFO:fitness.free_loss_fidelity: RL4CO free-loss step 600/1000: score=7.748272 (avg=7.797703), loss=0.242400 (avg=0.238394), pairs_step=314920, pairs_total=189236088
[2026-03-05 13:09:39,569] INFO:fitness.free_loss_fidelity: RL4CO free-loss step 700/1000: score=7.808555 (avg=7.797365), loss=0.245727 (avg=0.239464), pairs_step=315236, pairs_total=220744242
[2026-03-05 13:10:16,025] INFO:fitness.free_loss_fidelity: RL4CO free-loss step 800/1000: score=7.796034 (avg=7.797200), loss=0.259115 (avg=0.240595), pairs_step=315619, pairs_total=252256752
[2026-03-05 13:10:52,285] INFO:fitness.free_loss_fidelity: RL4CO free-loss step 900/1000: score=7.832582 (avg=7.796695), loss=0.255979 (avg=0.242415), pairs_step=315157, pairs_total=283769411
[2026-03-05 13:11:28,569] INFO:fitness.free_loss_fidelity: RL4CO free-loss step 1000/1000: score=7.823387 (avg=7.796128), loss=0.256060 (avg=0.244177), pairs_step=315233, pairs_total=315279388
[2026-03-05 13:11:29,813] INFO:fitness.free_loss_fidelity: Stage3 offline mini-train DONE gen=5 pair_index=15 score=0.00950560967127482 any_error=False
