[2026-03-05 10:45:33,327] INFO:fitness.free_loss_fidelity: Stage3 offline mini-train start gen=3 pair_index=7 K=200 seed=12345 valid_sizes=[100] baseline_json=baseline/mini_eval/baseline_minitrain_tsp100_K200.json
[2026-03-05 10:45:40,163] INFO:fitness.free_loss_fidelity: RL4CO free-loss (step-mode): f1_steps=200, f2_steps=0, total_steps=200, train_problem_size=100, rollouts=100, batch_size=64, device=cuda:0, env=tsp
[2026-03-05 10:45:41,542] INFO:fitness.free_loss_fidelity: RL4CO free-loss step 1/200: score=36.122910 (avg=36.122910), loss=0.942688 (avg=0.942688), pairs_step=316800, pairs_total=316800
[2026-03-05 10:45:48,016] INFO:fitness.free_loss_fidelity: RL4CO free-loss step 20/200: score=10.011072 (avg=13.050177), loss=0.572731 (avg=0.617548), pairs_step=316800, pairs_total=6335995
[2026-03-05 10:45:55,366] INFO:fitness.free_loss_fidelity: RL4CO free-loss step 40/200: score=9.612455 (avg=11.404050), loss=0.555429 (avg=0.589236), pairs_step=316800, pairs_total=12671987
[2026-03-05 10:46:02,387] INFO:fitness.free_loss_fidelity: RL4CO free-loss step 60/200: score=9.413155 (avg=10.757086), loss=0.527429 (avg=0.575272), pairs_step=316800, pairs_total=19007983
[2026-03-05 10:46:09,747] INFO:fitness.free_loss_fidelity: RL4CO free-loss step 80/200: score=9.262412 (avg=10.399219), loss=0.522081 (avg=0.563243), pairs_step=316800, pairs_total=25343976
[2026-03-05 10:46:16,540] INFO:fitness.free_loss_fidelity: RL4CO free-loss step 100/200: score=9.189651 (avg=10.172877), loss=0.511083 (avg=0.554753), pairs_step=316799, pairs_total=31679969
[2026-03-05 10:46:22,962] INFO:fitness.free_loss_fidelity: RL4CO free-loss step 120/200: score=9.144443 (avg=10.011519), loss=0.524750 (avg=0.549453), pairs_step=316800, pairs_total=38015965
[2026-03-05 10:46:29,811] INFO:fitness.free_loss_fidelity: RL4CO free-loss step 140/200: score=9.150599 (avg=9.886932), loss=0.527090 (avg=0.545722), pairs_step=316800, pairs_total=44351962
[2026-03-05 10:46:37,365] INFO:fitness.free_loss_fidelity: RL4CO free-loss step 160/200: score=9.057124 (avg=9.785740), loss=0.528233 (avg=0.543305), pairs_step=316800, pairs_total=50687957
[2026-03-05 10:46:44,257] INFO:fitness.free_loss_fidelity: RL4CO free-loss step 180/200: score=8.957803 (avg=9.699902), loss=0.526549 (avg=0.541156), pairs_step=316800, pairs_total=57023954
[2026-03-05 10:46:50,681] INFO:fitness.free_loss_fidelity: RL4CO free-loss step 200/200: score=8.990490 (avg=9.626705), loss=0.533802 (avg=0.539909), pairs_step=316800, pairs_total=63359947
[2026-03-05 10:46:51,777] WARNING:fitness.free_loss_fidelity: weights_only checkpoint load failed (UnpicklingError); retrying weights_only=False for /data1/gushengda/eam-rl4co/baseline/epoch_135.ckpt
[2026-03-05 10:46:51,816] INFO:fitness.free_loss_fidelity: Loaded init checkpoint into policy: path=/data1/gushengda/eam-rl4co/baseline/epoch_135.ckpt prefix=policy. matched=97 missing=0 unexpected=0
[2026-03-05 10:46:51,821] INFO:fitness.free_loss_fidelity: RL4CO free-loss (step-mode): f1_steps=200, f2_steps=0, total_steps=200, train_problem_size=100, rollouts=100, batch_size=64, device=cuda:0, env=tsp
[2026-03-05 10:46:52,139] INFO:fitness.free_loss_fidelity: RL4CO free-loss step 1/200: score=7.803347 (avg=7.803347), loss=0.669376 (avg=0.669376), pairs_step=315697, pairs_total=315697
[2026-03-05 10:46:58,144] INFO:fitness.free_loss_fidelity: RL4CO free-loss step 20/200: score=7.777943 (avg=7.808409), loss=0.664069 (avg=0.665267), pairs_step=315946, pairs_total=6318364
[2026-03-05 10:47:04,611] INFO:fitness.free_loss_fidelity: RL4CO free-loss step 40/200: score=7.819077 (avg=7.802658), loss=0.666207 (avg=0.663275), pairs_step=315980, pairs_total=12636836
[2026-03-05 10:47:11,570] INFO:fitness.free_loss_fidelity: RL4CO free-loss step 60/200: score=7.815124 (avg=7.799109), loss=0.658808 (avg=0.661024), pairs_step=315917, pairs_total=18955166
[2026-03-05 10:47:18,435] INFO:fitness.free_loss_fidelity: RL4CO free-loss step 80/200: score=7.797961 (avg=7.797535), loss=0.639527 (avg=0.657015), pairs_step=316013, pairs_total=25277067
[2026-03-05 10:47:25,674] INFO:fitness.free_loss_fidelity: RL4CO free-loss step 100/200: score=7.755454 (avg=7.798221), loss=0.643241 (avg=0.653987), pairs_step=316181, pairs_total=31600468
[2026-03-05 10:47:32,455] INFO:fitness.free_loss_fidelity: RL4CO free-loss step 120/200: score=7.774233 (avg=7.799666), loss=0.640008 (avg=0.652021), pairs_step=316069, pairs_total=37921814
[2026-03-05 10:47:38,755] INFO:fitness.free_loss_fidelity: RL4CO free-loss step 140/200: score=7.828495 (avg=7.800505), loss=0.627453 (avg=0.649975), pairs_step=315755, pairs_total=44241880
[2026-03-05 10:47:45,033] INFO:fitness.free_loss_fidelity: RL4CO free-loss step 160/200: score=7.793862 (avg=7.799877), loss=0.633556 (avg=0.647698), pairs_step=315987, pairs_total=50563982
[2026-03-05 10:47:51,317] INFO:fitness.free_loss_fidelity: RL4CO free-loss step 180/200: score=7.783422 (avg=7.798697), loss=0.626175 (avg=0.645040), pairs_step=315710, pairs_total=56883743
[2026-03-05 10:47:57,606] INFO:fitness.free_loss_fidelity: RL4CO free-loss step 200/200: score=7.807353 (avg=7.797511), loss=0.608073 (avg=0.643252), pairs_step=316105, pairs_total=63203964
[2026-03-05 10:47:58,708] WARNING:fitness.free_loss_fidelity: weights_only checkpoint load failed (UnpicklingError); retrying weights_only=False for /data1/gushengda/eam-rl4co/baseline/epoch_409.ckpt
[2026-03-05 10:47:58,744] INFO:fitness.free_loss_fidelity: Loaded init checkpoint into policy: path=/data1/gushengda/eam-rl4co/baseline/epoch_409.ckpt prefix=policy. matched=97 missing=0 unexpected=0
[2026-03-05 10:47:58,749] INFO:fitness.free_loss_fidelity: RL4CO free-loss (step-mode): f1_steps=200, f2_steps=0, total_steps=200, train_problem_size=100, rollouts=100, batch_size=64, device=cuda:0, env=tsp
[2026-03-05 10:47:59,070] INFO:fitness.free_loss_fidelity: RL4CO free-loss step 1/200: score=7.807477 (avg=7.807477), loss=0.188473 (avg=0.188473), pairs_step=315750, pairs_total=315750
[2026-03-05 10:48:05,039] INFO:fitness.free_loss_fidelity: RL4CO free-loss step 20/200: score=7.775864 (avg=7.809493), loss=0.179665 (avg=0.182537), pairs_step=315990, pairs_total=6318507
[2026-03-05 10:48:11,332] INFO:fitness.free_loss_fidelity: RL4CO free-loss step 40/200: score=7.815351 (avg=7.802036), loss=0.184382 (avg=0.182109), pairs_step=316200, pairs_total=12637227
[2026-03-05 10:48:17,647] INFO:fitness.free_loss_fidelity: RL4CO free-loss step 60/200: score=7.814912 (avg=7.798159), loss=0.184842 (avg=0.181370), pairs_step=315520, pairs_total=18954595
[2026-03-05 10:48:23,938] INFO:fitness.free_loss_fidelity: RL4CO free-loss step 80/200: score=7.795879 (avg=7.796594), loss=0.188867 (avg=0.182332), pairs_step=315916, pairs_total=25273409
[2026-03-05 10:48:30,224] INFO:fitness.free_loss_fidelity: RL4CO free-loss step 100/200: score=7.750332 (avg=7.797235), loss=0.185277 (avg=0.183006), pairs_step=316113, pairs_total=31594500
[2026-03-05 10:48:36,576] INFO:fitness.free_loss_fidelity: RL4CO free-loss step 120/200: score=7.772460 (avg=7.798511), loss=0.176886 (avg=0.182690), pairs_step=315892, pairs_total=37914255
[2026-03-05 10:48:42,940] INFO:fitness.free_loss_fidelity: RL4CO free-loss step 140/200: score=7.820662 (avg=7.799242), loss=0.184028 (avg=0.182645), pairs_step=316118, pairs_total=44232409
[2026-03-05 10:48:49,463] INFO:fitness.free_loss_fidelity: RL4CO free-loss step 160/200: score=7.791854 (avg=7.798347), loss=0.184259 (avg=0.182484), pairs_step=316053, pairs_total=50550626
[2026-03-05 10:48:55,763] INFO:fitness.free_loss_fidelity: RL4CO free-loss step 180/200: score=7.777857 (avg=7.797265), loss=0.179648 (avg=0.182223), pairs_step=315816, pairs_total=56868247
[2026-03-05 10:49:02,059] INFO:fitness.free_loss_fidelity: RL4CO free-loss step 200/200: score=7.810312 (avg=7.795910), loss=0.174135 (avg=0.181670), pairs_step=315476, pairs_total=63186741
[2026-03-05 10:49:03,112] INFO:fitness.free_loss_fidelity: Stage3 offline mini-train DONE gen=3 pair_index=7 score=0.007161041100819905 any_error=False
