[2026-03-05 10:42:10,749] INFO:fitness.free_loss_fidelity: Stage3 offline mini-train start gen=3 pair_index=6 K=200 seed=12345 valid_sizes=[100] baseline_json=baseline/mini_eval/baseline_minitrain_tsp100_K200.json
[2026-03-05 10:42:17,686] INFO:fitness.free_loss_fidelity: RL4CO free-loss (step-mode): f1_steps=200, f2_steps=0, total_steps=200, train_problem_size=100, rollouts=100, batch_size=64, device=cuda:0, env=tsp
[2026-03-05 10:42:19,054] INFO:fitness.free_loss_fidelity: RL4CO free-loss step 1/200: score=36.122910 (avg=36.122910), loss=0.942688 (avg=0.942688), pairs_step=316800, pairs_total=316800
[2026-03-05 10:42:26,024] INFO:fitness.free_loss_fidelity: RL4CO free-loss step 20/200: score=9.993189 (avg=13.051982), loss=0.562616 (avg=0.617819), pairs_step=316799, pairs_total=6335999
[2026-03-05 10:42:32,417] INFO:fitness.free_loss_fidelity: RL4CO free-loss step 40/200: score=9.626981 (avg=11.408432), loss=0.551606 (avg=0.589059), pairs_step=316800, pairs_total=12671998
[2026-03-05 10:42:38,776] INFO:fitness.free_loss_fidelity: RL4CO free-loss step 60/200: score=9.383163 (avg=10.751658), loss=0.535642 (avg=0.574723), pairs_step=316800, pairs_total=19007995
[2026-03-05 10:42:45,086] INFO:fitness.free_loss_fidelity: RL4CO free-loss step 80/200: score=9.238592 (avg=10.397096), loss=0.525002 (avg=0.562728), pairs_step=316800, pairs_total=25343993
[2026-03-05 10:42:51,374] INFO:fitness.free_loss_fidelity: RL4CO free-loss step 100/200: score=9.197162 (avg=10.164708), loss=0.532992 (avg=0.555149), pairs_step=316799, pairs_total=31679987
[2026-03-05 10:42:57,746] INFO:fitness.free_loss_fidelity: RL4CO free-loss step 120/200: score=9.153238 (avg=10.000635), loss=0.521153 (avg=0.549204), pairs_step=316799, pairs_total=38015984
[2026-03-05 10:43:04,187] INFO:fitness.free_loss_fidelity: RL4CO free-loss step 140/200: score=9.127022 (avg=9.875308), loss=0.515378 (avg=0.545154), pairs_step=316799, pairs_total=44351981
[2026-03-05 10:43:10,526] INFO:fitness.free_loss_fidelity: RL4CO free-loss step 160/200: score=9.080048 (avg=9.774432), loss=0.525558 (avg=0.542308), pairs_step=316800, pairs_total=50687975
[2026-03-05 10:43:16,968] INFO:fitness.free_loss_fidelity: RL4CO free-loss step 180/200: score=8.964294 (avg=9.689935), loss=0.524716 (avg=0.540520), pairs_step=316800, pairs_total=57023972
[2026-03-05 10:43:23,604] INFO:fitness.free_loss_fidelity: RL4CO free-loss step 200/200: score=8.979555 (avg=9.618789), loss=0.517651 (avg=0.539117), pairs_step=316800, pairs_total=63359967
[2026-03-05 10:43:24,907] WARNING:fitness.free_loss_fidelity: weights_only checkpoint load failed (UnpicklingError); retrying weights_only=False for /data1/gushengda/eam-rl4co/baseline/epoch_135.ckpt
[2026-03-05 10:43:24,953] INFO:fitness.free_loss_fidelity: Loaded init checkpoint into policy: path=/data1/gushengda/eam-rl4co/baseline/epoch_135.ckpt prefix=policy. matched=97 missing=0 unexpected=0
[2026-03-05 10:43:24,960] INFO:fitness.free_loss_fidelity: RL4CO free-loss (step-mode): f1_steps=200, f2_steps=0, total_steps=200, train_problem_size=100, rollouts=100, batch_size=64, device=cuda:0, env=tsp
[2026-03-05 10:43:25,333] INFO:fitness.free_loss_fidelity: RL4CO free-loss step 1/200: score=7.803347 (avg=7.803347), loss=0.669376 (avg=0.669376), pairs_step=315697, pairs_total=315697
[2026-03-05 10:43:32,230] INFO:fitness.free_loss_fidelity: RL4CO free-loss step 20/200: score=7.785658 (avg=7.809569), loss=0.665786 (avg=0.665779), pairs_step=316101, pairs_total=6318448
[2026-03-05 10:43:39,446] INFO:fitness.free_loss_fidelity: RL4CO free-loss step 40/200: score=7.814931 (avg=7.803193), loss=0.658751 (avg=0.661874), pairs_step=315976, pairs_total=12636954
[2026-03-05 10:43:46,673] INFO:fitness.free_loss_fidelity: RL4CO free-loss step 60/200: score=7.813582 (avg=7.799161), loss=0.654160 (avg=0.659199), pairs_step=316074, pairs_total=18956542
[2026-03-05 10:43:53,897] INFO:fitness.free_loss_fidelity: RL4CO free-loss step 80/200: score=7.796070 (avg=7.797385), loss=0.632161 (avg=0.655283), pairs_step=316157, pairs_total=25277062
[2026-03-05 10:44:01,128] INFO:fitness.free_loss_fidelity: RL4CO free-loss step 100/200: score=7.756525 (avg=7.798119), loss=0.634733 (avg=0.651417), pairs_step=316213, pairs_total=31599399
[2026-03-05 10:44:08,364] INFO:fitness.free_loss_fidelity: RL4CO free-loss step 120/200: score=7.770536 (avg=7.799413), loss=0.629766 (avg=0.647629), pairs_step=316173, pairs_total=37921793
[2026-03-05 10:44:15,591] INFO:fitness.free_loss_fidelity: RL4CO free-loss step 140/200: score=7.832388 (avg=7.800402), loss=0.614476 (avg=0.644513), pairs_step=315954, pairs_total=44242808
[2026-03-05 10:44:22,797] INFO:fitness.free_loss_fidelity: RL4CO free-loss step 160/200: score=7.794116 (avg=7.799686), loss=0.608830 (avg=0.640489), pairs_step=315889, pairs_total=50563680
[2026-03-05 10:44:29,987] INFO:fitness.free_loss_fidelity: RL4CO free-loss step 180/200: score=7.787003 (avg=7.798534), loss=0.613696 (avg=0.637291), pairs_step=315745, pairs_total=56885379
[2026-03-05 10:44:37,228] INFO:fitness.free_loss_fidelity: RL4CO free-loss step 200/200: score=7.811916 (avg=7.797336), loss=0.573415 (avg=0.633180), pairs_step=315988, pairs_total=63208878
[2026-03-05 10:44:38,352] WARNING:fitness.free_loss_fidelity: weights_only checkpoint load failed (UnpicklingError); retrying weights_only=False for /data1/gushengda/eam-rl4co/baseline/epoch_409.ckpt
[2026-03-05 10:44:38,388] INFO:fitness.free_loss_fidelity: Loaded init checkpoint into policy: path=/data1/gushengda/eam-rl4co/baseline/epoch_409.ckpt prefix=policy. matched=97 missing=0 unexpected=0
[2026-03-05 10:44:38,393] INFO:fitness.free_loss_fidelity: RL4CO free-loss (step-mode): f1_steps=200, f2_steps=0, total_steps=200, train_problem_size=100, rollouts=100, batch_size=64, device=cuda:0, env=tsp
[2026-03-05 10:44:38,723] INFO:fitness.free_loss_fidelity: RL4CO free-loss step 1/200: score=7.807477 (avg=7.807477), loss=0.188473 (avg=0.188473), pairs_step=315750, pairs_total=315750
[2026-03-05 10:44:44,742] INFO:fitness.free_loss_fidelity: RL4CO free-loss step 20/200: score=7.782855 (avg=7.808604), loss=0.176011 (avg=0.179506), pairs_step=315983, pairs_total=6318832
[2026-03-05 10:44:51,076] INFO:fitness.free_loss_fidelity: RL4CO free-loss step 40/200: score=7.815508 (avg=7.801926), loss=0.175317 (avg=0.176856), pairs_step=316087, pairs_total=12638629
[2026-03-05 10:44:57,421] INFO:fitness.free_loss_fidelity: RL4CO free-loss step 60/200: score=7.813662 (avg=7.798318), loss=0.180786 (avg=0.178468), pairs_step=315587, pairs_total=18956162
[2026-03-05 10:45:03,769] INFO:fitness.free_loss_fidelity: RL4CO free-loss step 80/200: score=7.801117 (avg=7.797255), loss=0.180222 (avg=0.178445), pairs_step=315859, pairs_total=25275055
[2026-03-05 10:45:10,137] INFO:fitness.free_loss_fidelity: RL4CO free-loss step 100/200: score=7.757921 (avg=7.798038), loss=0.182974 (avg=0.179092), pairs_step=316023, pairs_total=31595007
[2026-03-05 10:45:16,705] INFO:fitness.free_loss_fidelity: RL4CO free-loss step 120/200: score=7.774123 (avg=7.799392), loss=0.175859 (avg=0.178843), pairs_step=315932, pairs_total=37914683
[2026-03-05 10:45:23,045] INFO:fitness.free_loss_fidelity: RL4CO free-loss step 140/200: score=7.821050 (avg=7.800193), loss=0.175453 (avg=0.178523), pairs_step=315413, pairs_total=44233432
[2026-03-05 10:45:29,390] INFO:fitness.free_loss_fidelity: RL4CO free-loss step 160/200: score=7.790319 (avg=7.799194), loss=0.177936 (avg=0.178284), pairs_step=315913, pairs_total=50551162
[2026-03-05 10:45:36,018] INFO:fitness.free_loss_fidelity: RL4CO free-loss step 180/200: score=7.783391 (avg=7.797918), loss=0.177628 (avg=0.178121), pairs_step=315712, pairs_total=56869152
[2026-03-05 10:45:42,771] INFO:fitness.free_loss_fidelity: RL4CO free-loss step 200/200: score=7.813356 (avg=7.796585), loss=0.174481 (avg=0.178075), pairs_step=315750, pairs_total=63188410
[2026-03-05 10:45:43,837] INFO:fitness.free_loss_fidelity: Stage3 offline mini-train DONE gen=3 pair_index=6 score=0.015320460001627604 any_error=False
