[2026-03-05 13:55:54,213] INFO:fitness.free_loss_fidelity: Stage3 offline mini-train start gen=7 pair_index=2 K=200 seed=12345 valid_sizes=[100] baseline_json=baseline/mini_eval/baseline_minitrain_tsp100_K200.json
[2026-03-05 13:56:01,247] INFO:fitness.free_loss_fidelity: RL4CO free-loss (step-mode): f1_steps=200, f2_steps=0, total_steps=200, train_problem_size=100, rollouts=100, batch_size=64, device=cuda:0, env=tsp
[2026-03-05 13:56:02,635] INFO:fitness.free_loss_fidelity: RL4CO free-loss step 1/200: score=36.122910 (avg=36.122910), loss=0.942688 (avg=0.942688), pairs_step=316800, pairs_total=316800
[2026-03-05 13:56:09,072] INFO:fitness.free_loss_fidelity: RL4CO free-loss step 20/200: score=9.960323 (avg=13.061805), loss=0.567874 (avg=0.616965), pairs_step=316800, pairs_total=6336000
[2026-03-05 13:56:16,294] INFO:fitness.free_loss_fidelity: RL4CO free-loss step 40/200: score=9.595165 (avg=11.408314), loss=0.547504 (avg=0.586853), pairs_step=316799, pairs_total=12671996
[2026-03-05 13:56:23,557] INFO:fitness.free_loss_fidelity: RL4CO free-loss step 60/200: score=9.438913 (avg=10.759996), loss=0.530499 (avg=0.571733), pairs_step=316800, pairs_total=19007990
[2026-03-05 13:56:30,806] INFO:fitness.free_loss_fidelity: RL4CO free-loss step 80/200: score=9.281767 (avg=10.403641), loss=0.517386 (avg=0.560109), pairs_step=316800, pairs_total=25343986
[2026-03-05 13:56:38,056] INFO:fitness.free_loss_fidelity: RL4CO free-loss step 100/200: score=9.170279 (avg=10.173218), loss=0.521149 (avg=0.552577), pairs_step=316800, pairs_total=31679985
[2026-03-05 13:56:45,296] INFO:fitness.free_loss_fidelity: RL4CO free-loss step 120/200: score=9.109528 (avg=10.012198), loss=0.531135 (avg=0.547355), pairs_step=316800, pairs_total=38015982
[2026-03-05 13:56:52,551] INFO:fitness.free_loss_fidelity: RL4CO free-loss step 140/200: score=9.156534 (avg=9.887180), loss=0.526283 (avg=0.543775), pairs_step=316800, pairs_total=44351979
[2026-03-05 13:56:59,833] INFO:fitness.free_loss_fidelity: RL4CO free-loss step 160/200: score=9.039523 (avg=9.786479), loss=0.515574 (avg=0.541314), pairs_step=316800, pairs_total=50687976
[2026-03-05 13:57:07,083] INFO:fitness.free_loss_fidelity: RL4CO free-loss step 180/200: score=8.978527 (avg=9.701032), loss=0.527549 (avg=0.539235), pairs_step=316800, pairs_total=57023974
[2026-03-05 13:57:14,412] INFO:fitness.free_loss_fidelity: RL4CO free-loss step 200/200: score=8.987785 (avg=9.628370), loss=0.529986 (avg=0.537896), pairs_step=316800, pairs_total=63359970
[2026-03-05 13:57:15,750] WARNING:fitness.free_loss_fidelity: weights_only checkpoint load failed (UnpicklingError); retrying weights_only=False for /data1/gushengda/eam-rl4co/baseline/epoch_135.ckpt
[2026-03-05 13:57:15,794] INFO:fitness.free_loss_fidelity: Loaded init checkpoint into policy: path=/data1/gushengda/eam-rl4co/baseline/epoch_135.ckpt prefix=policy. matched=97 missing=0 unexpected=0
[2026-03-05 13:57:15,800] INFO:fitness.free_loss_fidelity: RL4CO free-loss (step-mode): f1_steps=200, f2_steps=0, total_steps=200, train_problem_size=100, rollouts=100, batch_size=64, device=cuda:0, env=tsp
[2026-03-05 13:57:16,175] INFO:fitness.free_loss_fidelity: RL4CO free-loss step 1/200: score=7.803347 (avg=7.803347), loss=0.669376 (avg=0.669376), pairs_step=315697, pairs_total=315697
[2026-03-05 13:57:23,101] INFO:fitness.free_loss_fidelity: RL4CO free-loss step 20/200: score=7.782781 (avg=7.810154), loss=0.663880 (avg=0.666049), pairs_step=315844, pairs_total=6317954
[2026-03-05 13:57:30,366] INFO:fitness.free_loss_fidelity: RL4CO free-loss step 40/200: score=7.817647 (avg=7.803367), loss=0.665544 (avg=0.664276), pairs_step=315999, pairs_total=12634057
[2026-03-05 13:57:37,649] INFO:fitness.free_loss_fidelity: RL4CO free-loss step 60/200: score=7.819019 (avg=7.799768), loss=0.653303 (avg=0.661396), pairs_step=315777, pairs_total=18953029
[2026-03-05 13:57:44,914] INFO:fitness.free_loss_fidelity: RL4CO free-loss step 80/200: score=7.797468 (avg=7.798052), loss=0.641215 (avg=0.658092), pairs_step=316206, pairs_total=25273109
[2026-03-05 13:57:52,192] INFO:fitness.free_loss_fidelity: RL4CO free-loss step 100/200: score=7.756044 (avg=7.798647), loss=0.635509 (avg=0.654949), pairs_step=316275, pairs_total=31594440
[2026-03-05 13:57:59,489] INFO:fitness.free_loss_fidelity: RL4CO free-loss step 120/200: score=7.775118 (avg=7.799810), loss=0.632223 (avg=0.651715), pairs_step=316012, pairs_total=37917008
[2026-03-05 13:58:06,773] INFO:fitness.free_loss_fidelity: RL4CO free-loss step 140/200: score=7.826313 (avg=7.800740), loss=0.618858 (avg=0.648127), pairs_step=315536, pairs_total=44237884
[2026-03-05 13:58:14,051] INFO:fitness.free_loss_fidelity: RL4CO free-loss step 160/200: score=7.792991 (avg=7.799897), loss=0.620591 (avg=0.644981), pairs_step=315826, pairs_total=50559880
[2026-03-05 13:58:21,324] INFO:fitness.free_loss_fidelity: RL4CO free-loss step 180/200: score=7.783107 (avg=7.798621), loss=0.603160 (avg=0.641608), pairs_step=315653, pairs_total=56881597
[2026-03-05 13:58:28,598] INFO:fitness.free_loss_fidelity: RL4CO free-loss step 200/200: score=7.803648 (avg=7.797263), loss=0.586591 (avg=0.637751), pairs_step=316156, pairs_total=63204822
[2026-03-05 13:58:29,906] WARNING:fitness.free_loss_fidelity: weights_only checkpoint load failed (UnpicklingError); retrying weights_only=False for /data1/gushengda/eam-rl4co/baseline/epoch_409.ckpt
[2026-03-05 13:58:29,946] INFO:fitness.free_loss_fidelity: Loaded init checkpoint into policy: path=/data1/gushengda/eam-rl4co/baseline/epoch_409.ckpt prefix=policy. matched=97 missing=0 unexpected=0
[2026-03-05 13:58:29,951] INFO:fitness.free_loss_fidelity: RL4CO free-loss (step-mode): f1_steps=200, f2_steps=0, total_steps=200, train_problem_size=100, rollouts=100, batch_size=64, device=cuda:0, env=tsp
[2026-03-05 13:58:30,341] INFO:fitness.free_loss_fidelity: RL4CO free-loss step 1/200: score=7.807477 (avg=7.807477), loss=0.188473 (avg=0.188473), pairs_step=315750, pairs_total=315750
[2026-03-05 13:58:37,260] INFO:fitness.free_loss_fidelity: RL4CO free-loss step 20/200: score=7.779529 (avg=7.809119), loss=0.177645 (avg=0.180187), pairs_step=315903, pairs_total=6319634
[2026-03-05 13:58:44,533] INFO:fitness.free_loss_fidelity: RL4CO free-loss step 40/200: score=7.811419 (avg=7.802445), loss=0.177631 (avg=0.179188), pairs_step=316123, pairs_total=12639691
[2026-03-05 13:58:51,825] INFO:fitness.free_loss_fidelity: RL4CO free-loss step 60/200: score=7.809938 (avg=7.798161), loss=0.180253 (avg=0.178624), pairs_step=315906, pairs_total=18959781
[2026-03-05 13:58:59,114] INFO:fitness.free_loss_fidelity: RL4CO free-loss step 80/200: score=7.796005 (avg=7.796628), loss=0.180987 (avg=0.178922), pairs_step=315639, pairs_total=25279043
[2026-03-05 13:59:06,498] INFO:fitness.free_loss_fidelity: RL4CO free-loss step 100/200: score=7.753104 (avg=7.797052), loss=0.182590 (avg=0.179354), pairs_step=315835, pairs_total=31598876
[2026-03-05 13:59:14,066] INFO:fitness.free_loss_fidelity: RL4CO free-loss step 120/200: score=7.780373 (avg=7.798354), loss=0.179577 (avg=0.179359), pairs_step=315977, pairs_total=37918457
[2026-03-05 13:59:21,375] INFO:fitness.free_loss_fidelity: RL4CO free-loss step 140/200: score=7.823700 (avg=7.799095), loss=0.174605 (avg=0.179331), pairs_step=315744, pairs_total=44237753
[2026-03-05 13:59:28,663] INFO:fitness.free_loss_fidelity: RL4CO free-loss step 160/200: score=7.787599 (avg=7.798108), loss=0.178681 (avg=0.179009), pairs_step=315987, pairs_total=50555724
[2026-03-05 13:59:35,401] INFO:fitness.free_loss_fidelity: RL4CO free-loss step 180/200: score=7.782397 (avg=7.796974), loss=0.183565 (avg=0.179029), pairs_step=315129, pairs_total=56872558
[2026-03-05 13:59:42,174] INFO:fitness.free_loss_fidelity: RL4CO free-loss step 200/200: score=7.814660 (avg=7.795836), loss=0.174846 (avg=0.179323), pairs_step=315750, pairs_total=63192001
[2026-03-05 13:59:43,264] INFO:fitness.free_loss_fidelity: Stage3 offline mini-train DONE gen=7 pair_index=2 score=0.00258330504099528 any_error=False
