[2026-03-05 10:19:13,637] INFO:fitness.free_loss_fidelity: Stage3 offline mini-train start gen=2 pair_index=19 K=1000 seed=12345 valid_sizes=[100] baseline_json=baseline/mini_eval/baseline_minitrain_tsp100_K1000.json
[2026-03-05 10:19:20,791] INFO:fitness.free_loss_fidelity: RL4CO free-loss (step-mode): f1_steps=1000, f2_steps=0, total_steps=1000, train_problem_size=100, rollouts=100, batch_size=64, device=cuda:0, env=tsp
[2026-03-05 10:19:22,136] INFO:fitness.free_loss_fidelity: RL4CO free-loss step 1/1000: score=36.122910 (avg=36.122910), loss=0.325956 (avg=0.325956), pairs_step=316800, pairs_total=316800
[2026-03-05 10:19:55,494] INFO:fitness.free_loss_fidelity: RL4CO free-loss step 100/1000: score=8.792847 (avg=9.906894), loss=0.443510 (avg=0.425947), pairs_step=316800, pairs_total=31679970
[2026-03-05 10:20:30,388] INFO:fitness.free_loss_fidelity: RL4CO free-loss step 200/1000: score=8.594407 (avg=9.300918), loss=0.463850 (avg=0.438922), pairs_step=316798, pairs_total=63359946
[2026-03-05 10:21:02,344] INFO:fitness.free_loss_fidelity: RL4CO free-loss step 300/1000: score=8.382570 (avg=9.028465), loss=0.476597 (avg=0.449065), pairs_step=316799, pairs_total=95039911
[2026-03-05 10:21:36,003] INFO:fitness.free_loss_fidelity: RL4CO free-loss step 400/1000: score=8.358982 (avg=8.861819), loss=0.491727 (avg=0.457682), pairs_step=316800, pairs_total=126719878
[2026-03-05 10:22:08,444] INFO:fitness.free_loss_fidelity: RL4CO free-loss step 500/1000: score=8.240198 (avg=8.748553), loss=0.496269 (avg=0.464423), pairs_step=316800, pairs_total=158399852
[2026-03-05 10:22:40,552] INFO:fitness.free_loss_fidelity: RL4CO free-loss step 600/1000: score=8.213221 (avg=8.666874), loss=0.500803 (avg=0.469807), pairs_step=316800, pairs_total=190079812
[2026-03-05 10:23:12,697] INFO:fitness.free_loss_fidelity: RL4CO free-loss step 700/1000: score=8.243963 (avg=8.605259), loss=0.502813 (avg=0.474197), pairs_step=316800, pairs_total=221759780
[2026-03-05 10:23:45,194] INFO:fitness.free_loss_fidelity: RL4CO free-loss step 800/1000: score=8.207798 (avg=8.556559), loss=0.509703 (avg=0.477921), pairs_step=316800, pairs_total=253439738
[2026-03-05 10:24:17,515] INFO:fitness.free_loss_fidelity: RL4CO free-loss step 900/1000: score=8.234331 (avg=8.517100), loss=0.508265 (avg=0.481063), pairs_step=316799, pairs_total=285119694
[2026-03-05 10:24:50,408] INFO:fitness.free_loss_fidelity: RL4CO free-loss step 1000/1000: score=8.217401 (avg=8.483694), loss=0.510596 (avg=0.483815), pairs_step=316799, pairs_total=316799653
[2026-03-05 10:24:51,538] WARNING:fitness.free_loss_fidelity: weights_only checkpoint load failed (UnpicklingError); retrying weights_only=False for /data1/gushengda/eam-rl4co/baseline/epoch_135.ckpt
[2026-03-05 10:24:51,590] INFO:fitness.free_loss_fidelity: Loaded init checkpoint into policy: path=/data1/gushengda/eam-rl4co/baseline/epoch_135.ckpt prefix=policy. matched=97 missing=0 unexpected=0
[2026-03-05 10:24:51,595] INFO:fitness.free_loss_fidelity: RL4CO free-loss (step-mode): f1_steps=1000, f2_steps=0, total_steps=1000, train_problem_size=100, rollouts=100, batch_size=64, device=cuda:0, env=tsp
[2026-03-05 10:24:51,923] INFO:fitness.free_loss_fidelity: RL4CO free-loss step 1/1000: score=7.803347 (avg=7.803347), loss=0.631580 (avg=0.631580), pairs_step=315697, pairs_total=315697
[2026-03-05 10:25:23,996] INFO:fitness.free_loss_fidelity: RL4CO free-loss step 100/1000: score=7.754981 (avg=7.798023), loss=0.627595 (avg=0.626659), pairs_step=315802, pairs_total=31575872
[2026-03-05 10:25:56,561] INFO:fitness.free_loss_fidelity: RL4CO free-loss step 200/1000: score=7.807708 (avg=7.797700), loss=0.602129 (avg=0.622566), pairs_step=315403, pairs_total=63141363
[2026-03-05 10:26:28,852] INFO:fitness.free_loss_fidelity: RL4CO free-loss step 300/1000: score=7.813595 (avg=7.798538), loss=0.427955 (avg=0.600244), pairs_step=315475, pairs_total=94704942
[2026-03-05 10:27:02,329] INFO:fitness.free_loss_fidelity: RL4CO free-loss step 400/1000: score=7.821863 (avg=7.798643), loss=0.292622 (avg=0.532715), pairs_step=315860, pairs_total=126293054
[2026-03-05 10:27:35,100] INFO:fitness.free_loss_fidelity: RL4CO free-loss step 500/1000: score=7.778415 (avg=7.797920), loss=0.272750 (avg=0.480691), pairs_step=315940, pairs_total=157883162
[2026-03-05 10:28:08,292] INFO:fitness.free_loss_fidelity: RL4CO free-loss step 600/1000: score=7.761975 (avg=7.797409), loss=0.254417 (avg=0.446259), pairs_step=315995, pairs_total=189471451
[2026-03-05 10:28:43,204] INFO:fitness.free_loss_fidelity: RL4CO free-loss step 700/1000: score=7.808537 (avg=7.797346), loss=0.258146 (avg=0.421866), pairs_step=315931, pairs_total=221059572
[2026-03-05 10:29:17,705] INFO:fitness.free_loss_fidelity: RL4CO free-loss step 800/1000: score=7.795060 (avg=7.797421), loss=0.271013 (avg=0.403341), pairs_step=315920, pairs_total=252648810
[2026-03-05 10:29:50,106] INFO:fitness.free_loss_fidelity: RL4CO free-loss step 900/1000: score=7.828086 (avg=7.797206), loss=0.284789 (avg=0.389365), pairs_step=315907, pairs_total=284231600
[2026-03-05 10:30:23,111] INFO:fitness.free_loss_fidelity: RL4CO free-loss step 1000/1000: score=7.825019 (avg=7.796823), loss=0.283672 (avg=0.377598), pairs_step=316047, pairs_total=315817644
[2026-03-05 10:30:24,257] WARNING:fitness.free_loss_fidelity: weights_only checkpoint load failed (UnpicklingError); retrying weights_only=False for /data1/gushengda/eam-rl4co/baseline/epoch_409.ckpt
[2026-03-05 10:30:24,295] INFO:fitness.free_loss_fidelity: Loaded init checkpoint into policy: path=/data1/gushengda/eam-rl4co/baseline/epoch_409.ckpt prefix=policy. matched=97 missing=0 unexpected=0
[2026-03-05 10:30:24,301] INFO:fitness.free_loss_fidelity: RL4CO free-loss (step-mode): f1_steps=1000, f2_steps=0, total_steps=1000, train_problem_size=100, rollouts=100, batch_size=64, device=cuda:0, env=tsp
[2026-03-05 10:30:24,628] INFO:fitness.free_loss_fidelity: RL4CO free-loss step 1/1000: score=7.807477 (avg=7.807477), loss=0.182704 (avg=0.182704), pairs_step=315750, pairs_total=315750
[2026-03-05 10:30:59,965] INFO:fitness.free_loss_fidelity: RL4CO free-loss step 100/1000: score=7.758521 (avg=7.797458), loss=0.169889 (avg=0.168122), pairs_step=315709, pairs_total=31587494
[2026-03-05 10:31:36,673] INFO:fitness.free_loss_fidelity: RL4CO free-loss step 200/1000: score=7.809632 (avg=7.796574), loss=0.162071 (avg=0.166449), pairs_step=315419, pairs_total=63156057
[2026-03-05 10:32:08,820] INFO:fitness.free_loss_fidelity: RL4CO free-loss step 300/1000: score=7.802354 (avg=7.797027), loss=0.167206 (avg=0.163736), pairs_step=315574, pairs_total=94717132
[2026-03-05 10:32:41,478] INFO:fitness.free_loss_fidelity: RL4CO free-loss step 400/1000: score=7.814180 (avg=7.796570), loss=0.162805 (avg=0.163130), pairs_step=315525, pairs_total=126261606
[2026-03-05 10:33:13,908] INFO:fitness.free_loss_fidelity: RL4CO free-loss step 500/1000: score=7.774206 (avg=7.795484), loss=0.153265 (avg=0.161622), pairs_step=315823, pairs_total=157802991
[2026-03-05 10:33:47,885] INFO:fitness.free_loss_fidelity: RL4CO free-loss step 600/1000: score=7.753074 (avg=7.794641), loss=0.149478 (avg=0.160463), pairs_step=315471, pairs_total=189336343
[2026-03-05 10:34:24,402] INFO:fitness.free_loss_fidelity: RL4CO free-loss step 700/1000: score=7.806679 (avg=7.794299), loss=0.154581 (avg=0.158847), pairs_step=315005, pairs_total=220855589
[2026-03-05 10:35:00,874] INFO:fitness.free_loss_fidelity: RL4CO free-loss step 800/1000: score=7.786712 (avg=7.794216), loss=0.148020 (avg=0.157307), pairs_step=315387, pairs_total=252372213
[2026-03-05 10:35:37,744] INFO:fitness.free_loss_fidelity: RL4CO free-loss step 900/1000: score=7.829267 (avg=7.793756), loss=0.150522 (avg=0.156677), pairs_step=315228, pairs_total=283876748
[2026-03-05 10:36:16,304] INFO:fitness.free_loss_fidelity: RL4CO free-loss step 1000/1000: score=7.819291 (avg=7.793139), loss=0.148799 (avg=0.155711), pairs_step=314948, pairs_total=315376464
[2026-03-05 10:36:17,553] INFO:fitness.free_loss_fidelity: Stage3 offline mini-train DONE gen=2 pair_index=19 score=0.0019674102465311685 any_error=False
