[2026-03-05 11:25:31,150] INFO:fitness.free_loss_fidelity: Stage3 offline mini-train start gen=4 pair_index=15 K=200 seed=12345 valid_sizes=[100] baseline_json=baseline/mini_eval/baseline_minitrain_tsp100_K200.json
[2026-03-05 11:25:38,441] INFO:fitness.free_loss_fidelity: RL4CO free-loss (step-mode): f1_steps=200, f2_steps=0, total_steps=200, train_problem_size=100, rollouts=100, batch_size=64, device=cuda:0, env=tsp
[2026-03-05 11:25:39,715] INFO:fitness.free_loss_fidelity: RL4CO free-loss step 1/200: score=36.122910 (avg=36.122910), loss=2.158939 (avg=2.158939), pairs_step=316800, pairs_total=316800
[2026-03-05 11:25:47,170] INFO:fitness.free_loss_fidelity: RL4CO free-loss step 20/200: score=10.011194 (avg=12.696294), loss=1.110286 (avg=1.297911), pairs_step=316799, pairs_total=6335996
[2026-03-05 11:25:54,083] INFO:fitness.free_loss_fidelity: RL4CO free-loss step 40/200: score=9.370328 (avg=11.112462), loss=1.086753 (avg=1.200188), pairs_step=316800, pairs_total=12671994
[2026-03-05 11:26:01,071] INFO:fitness.free_loss_fidelity: RL4CO free-loss step 60/200: score=9.175669 (avg=10.482918), loss=1.096078 (avg=1.165480), pairs_step=316800, pairs_total=19007990
[2026-03-05 11:26:07,938] INFO:fitness.free_loss_fidelity: RL4CO free-loss step 80/200: score=9.002489 (avg=10.124452), loss=1.087458 (avg=1.147061), pairs_step=316800, pairs_total=25343986
[2026-03-05 11:26:14,741] INFO:fitness.free_loss_fidelity: RL4CO free-loss step 100/200: score=8.892447 (avg=9.889072), loss=1.071133 (avg=1.136960), pairs_step=316800, pairs_total=31679981
[2026-03-05 11:26:21,760] INFO:fitness.free_loss_fidelity: RL4CO free-loss step 120/200: score=8.788724 (avg=9.718382), loss=1.085144 (avg=1.128917), pairs_step=316800, pairs_total=38015977
[2026-03-05 11:26:28,601] INFO:fitness.free_loss_fidelity: RL4CO free-loss step 140/200: score=8.757698 (avg=9.584817), loss=1.065083 (avg=1.121016), pairs_step=316800, pairs_total=44351971
[2026-03-05 11:26:35,409] INFO:fitness.free_loss_fidelity: RL4CO free-loss step 160/200: score=8.666811 (avg=9.473575), loss=1.065600 (avg=1.113666), pairs_step=316800, pairs_total=50687967
[2026-03-05 11:26:42,177] INFO:fitness.free_loss_fidelity: RL4CO free-loss step 180/200: score=8.587292 (avg=9.377380), loss=1.036165 (avg=1.107378), pairs_step=316800, pairs_total=57023964
[2026-03-05 11:26:49,025] INFO:fitness.free_loss_fidelity: RL4CO free-loss step 200/200: score=8.553228 (avg=9.295736), loss=1.035324 (avg=1.101292), pairs_step=316800, pairs_total=63359962
[2026-03-05 11:26:50,159] WARNING:fitness.free_loss_fidelity: weights_only checkpoint load failed (UnpicklingError); retrying weights_only=False for /data1/gushengda/eam-rl4co/baseline/epoch_135.ckpt
[2026-03-05 11:26:50,207] INFO:fitness.free_loss_fidelity: Loaded init checkpoint into policy: path=/data1/gushengda/eam-rl4co/baseline/epoch_135.ckpt prefix=policy. matched=97 missing=0 unexpected=0
[2026-03-05 11:26:50,211] INFO:fitness.free_loss_fidelity: RL4CO free-loss (step-mode): f1_steps=200, f2_steps=0, total_steps=200, train_problem_size=100, rollouts=100, batch_size=64, device=cuda:0, env=tsp
[2026-03-05 11:26:50,603] INFO:fitness.free_loss_fidelity: RL4CO free-loss step 1/200: score=7.803347 (avg=7.803347), loss=0.787287 (avg=0.787287), pairs_step=315697, pairs_total=315697
[2026-03-05 11:26:57,064] INFO:fitness.free_loss_fidelity: RL4CO free-loss step 20/200: score=7.780524 (avg=7.808170), loss=0.791736 (avg=0.787612), pairs_step=315861, pairs_total=6316527
[2026-03-05 11:27:03,894] INFO:fitness.free_loss_fidelity: RL4CO free-loss step 40/200: score=7.817436 (avg=7.802508), loss=0.788778 (avg=0.789420), pairs_step=315873, pairs_total=12631791
[2026-03-05 11:27:10,731] INFO:fitness.free_loss_fidelity: RL4CO free-loss step 60/200: score=7.813342 (avg=7.799643), loss=0.772531 (avg=0.787941), pairs_step=315507, pairs_total=18946800
[2026-03-05 11:27:17,526] INFO:fitness.free_loss_fidelity: RL4CO free-loss step 80/200: score=7.797835 (avg=7.798286), loss=0.785563 (avg=0.787179), pairs_step=315774, pairs_total=25261035
[2026-03-05 11:27:24,388] INFO:fitness.free_loss_fidelity: RL4CO free-loss step 100/200: score=7.752709 (avg=7.799028), loss=0.784821 (avg=0.786525), pairs_step=315799, pairs_total=31574108
[2026-03-05 11:27:31,202] INFO:fitness.free_loss_fidelity: RL4CO free-loss step 120/200: score=7.774254 (avg=7.800339), loss=0.784376 (avg=0.786858), pairs_step=315363, pairs_total=37888297
[2026-03-05 11:27:38,050] INFO:fitness.free_loss_fidelity: RL4CO free-loss step 140/200: score=7.832561 (avg=7.801520), loss=0.785261 (avg=0.787017), pairs_step=315324, pairs_total=44199288
[2026-03-05 11:27:44,846] INFO:fitness.free_loss_fidelity: RL4CO free-loss step 160/200: score=7.788005 (avg=7.800956), loss=0.793241 (avg=0.787372), pairs_step=315312, pairs_total=50509747
[2026-03-05 11:27:51,753] INFO:fitness.free_loss_fidelity: RL4CO free-loss step 180/200: score=7.785779 (avg=7.799814), loss=0.778715 (avg=0.787291), pairs_step=315130, pairs_total=56820435
[2026-03-05 11:27:58,861] INFO:fitness.free_loss_fidelity: RL4CO free-loss step 200/200: score=7.804860 (avg=7.798591), loss=0.788976 (avg=0.786718), pairs_step=315285, pairs_total=63131049
[2026-03-05 11:27:59,970] WARNING:fitness.free_loss_fidelity: weights_only checkpoint load failed (UnpicklingError); retrying weights_only=False for /data1/gushengda/eam-rl4co/baseline/epoch_409.ckpt
[2026-03-05 11:28:00,008] INFO:fitness.free_loss_fidelity: Loaded init checkpoint into policy: path=/data1/gushengda/eam-rl4co/baseline/epoch_409.ckpt prefix=policy. matched=97 missing=0 unexpected=0
[2026-03-05 11:28:00,013] INFO:fitness.free_loss_fidelity: RL4CO free-loss (step-mode): f1_steps=200, f2_steps=0, total_steps=200, train_problem_size=100, rollouts=100, batch_size=64, device=cuda:0, env=tsp
[2026-03-05 11:28:00,409] INFO:fitness.free_loss_fidelity: RL4CO free-loss step 1/200: score=7.807477 (avg=7.807477), loss=2.685683 (avg=2.685683), pairs_step=315750, pairs_total=315750
[2026-03-05 11:28:06,930] INFO:fitness.free_loss_fidelity: RL4CO free-loss step 20/200: score=7.784978 (avg=7.808974), loss=3.051831 (avg=2.834141), pairs_step=316024, pairs_total=6317162
[2026-03-05 11:28:13,760] INFO:fitness.free_loss_fidelity: RL4CO free-loss step 40/200: score=7.818385 (avg=7.803169), loss=3.105613 (avg=2.904723), pairs_step=315874, pairs_total=12634849
[2026-03-05 11:28:20,617] INFO:fitness.free_loss_fidelity: RL4CO free-loss step 60/200: score=7.807846 (avg=7.798967), loss=2.748529 (avg=2.920610), pairs_step=315741, pairs_total=18949833
[2026-03-05 11:28:27,446] INFO:fitness.free_loss_fidelity: RL4CO free-loss step 80/200: score=7.797979 (avg=7.797811), loss=2.783600 (avg=2.910404), pairs_step=315678, pairs_total=25263974
[2026-03-05 11:28:34,305] INFO:fitness.free_loss_fidelity: RL4CO free-loss step 100/200: score=7.754659 (avg=7.798575), loss=2.954162 (avg=2.886616), pairs_step=316102, pairs_total=31581045
[2026-03-05 11:28:41,128] INFO:fitness.free_loss_fidelity: RL4CO free-loss step 120/200: score=7.774057 (avg=7.799901), loss=2.497596 (avg=2.857492), pairs_step=315887, pairs_total=37898180
[2026-03-05 11:28:48,016] INFO:fitness.free_loss_fidelity: RL4CO free-loss step 140/200: score=7.824619 (avg=7.800889), loss=2.956544 (avg=2.838735), pairs_step=315852, pairs_total=44212539
[2026-03-05 11:28:54,976] INFO:fitness.free_loss_fidelity: RL4CO free-loss step 160/200: score=7.793920 (avg=7.800012), loss=3.095250 (avg=2.857912), pairs_step=315688, pairs_total=50527748
[2026-03-05 11:29:01,891] INFO:fitness.free_loss_fidelity: RL4CO free-loss step 180/200: score=7.778359 (avg=7.798639), loss=2.926052 (avg=2.869568), pairs_step=315464, pairs_total=56840260
[2026-03-05 11:29:09,134] INFO:fitness.free_loss_fidelity: RL4CO free-loss step 200/200: score=7.810451 (avg=7.797215), loss=2.758522 (avg=2.867042), pairs_step=315655, pairs_total=63151656
[2026-03-05 11:29:10,216] INFO:fitness.free_loss_fidelity: Stage3 offline mini-train DONE gen=4 pair_index=15 score=-0.0034314990043640137 any_error=False
