[2026-03-05 10:05:02,210] INFO:fitness.free_loss_fidelity: Stage3 offline mini-train start gen=2 pair_index=4 K=200 seed=12345 valid_sizes=[100] baseline_json=baseline/mini_eval/baseline_minitrain_tsp100_K200.json
[2026-03-05 10:05:09,680] INFO:fitness.free_loss_fidelity: RL4CO free-loss (step-mode): f1_steps=200, f2_steps=0, total_steps=200, train_problem_size=100, rollouts=100, batch_size=64, device=cuda:0, env=tsp
[2026-03-05 10:05:11,013] INFO:fitness.free_loss_fidelity: RL4CO free-loss step 1/200: score=36.122910 (avg=36.122910), loss=0.942688 (avg=0.942688), pairs_step=316800, pairs_total=316800
[2026-03-05 10:05:17,145] INFO:fitness.free_loss_fidelity: RL4CO free-loss step 20/200: score=9.999563 (avg=13.084455), loss=0.576018 (avg=0.617371), pairs_step=316800, pairs_total=6335997
[2026-03-05 10:05:23,724] INFO:fitness.free_loss_fidelity: RL4CO free-loss step 40/200: score=9.579685 (avg=11.415130), loss=0.554586 (avg=0.589027), pairs_step=316800, pairs_total=12671996
[2026-03-05 10:05:30,436] INFO:fitness.free_loss_fidelity: RL4CO free-loss step 60/200: score=9.400867 (avg=10.756289), loss=0.541473 (avg=0.575661), pairs_step=316799, pairs_total=19007988
[2026-03-05 10:05:36,768] INFO:fitness.free_loss_fidelity: RL4CO free-loss step 80/200: score=9.256692 (avg=10.397704), loss=0.520783 (avg=0.563173), pairs_step=316800, pairs_total=25343984
[2026-03-05 10:05:43,473] INFO:fitness.free_loss_fidelity: RL4CO free-loss step 100/200: score=9.170130 (avg=10.168262), loss=0.522500 (avg=0.554536), pairs_step=316800, pairs_total=31679977
[2026-03-05 10:05:50,817] INFO:fitness.free_loss_fidelity: RL4CO free-loss step 120/200: score=9.117249 (avg=10.005170), loss=0.527604 (avg=0.549469), pairs_step=316799, pairs_total=38015974
[2026-03-05 10:05:58,188] INFO:fitness.free_loss_fidelity: RL4CO free-loss step 140/200: score=9.122213 (avg=9.879463), loss=0.532134 (avg=0.545197), pairs_step=316800, pairs_total=44351970
[2026-03-05 10:06:04,901] INFO:fitness.free_loss_fidelity: RL4CO free-loss step 160/200: score=9.039026 (avg=9.778120), loss=0.527412 (avg=0.542336), pairs_step=316800, pairs_total=50687966
[2026-03-05 10:06:11,753] INFO:fitness.free_loss_fidelity: RL4CO free-loss step 180/200: score=8.955881 (avg=9.693015), loss=0.530182 (avg=0.540381), pairs_step=316799, pairs_total=57023960
[2026-03-05 10:06:18,646] INFO:fitness.free_loss_fidelity: RL4CO free-loss step 200/200: score=8.987085 (avg=9.621046), loss=0.517462 (avg=0.538766), pairs_step=316799, pairs_total=63359953
[2026-03-05 10:06:19,751] WARNING:fitness.free_loss_fidelity: weights_only checkpoint load failed (UnpicklingError); retrying weights_only=False for /data1/gushengda/eam-rl4co/baseline/epoch_135.ckpt
[2026-03-05 10:06:19,791] INFO:fitness.free_loss_fidelity: Loaded init checkpoint into policy: path=/data1/gushengda/eam-rl4co/baseline/epoch_135.ckpt prefix=policy. matched=97 missing=0 unexpected=0
[2026-03-05 10:06:19,796] INFO:fitness.free_loss_fidelity: RL4CO free-loss (step-mode): f1_steps=200, f2_steps=0, total_steps=200, train_problem_size=100, rollouts=100, batch_size=64, device=cuda:0, env=tsp
[2026-03-05 10:06:20,182] INFO:fitness.free_loss_fidelity: RL4CO free-loss step 1/200: score=7.803347 (avg=7.803347), loss=0.669376 (avg=0.669376), pairs_step=315697, pairs_total=315697
[2026-03-05 10:06:26,686] INFO:fitness.free_loss_fidelity: RL4CO free-loss step 20/200: score=7.777716 (avg=7.808732), loss=0.665380 (avg=0.665856), pairs_step=316102, pairs_total=6318678
[2026-03-05 10:06:33,575] INFO:fitness.free_loss_fidelity: RL4CO free-loss step 40/200: score=7.817980 (avg=7.803135), loss=0.660186 (avg=0.662836), pairs_step=316011, pairs_total=12636488
[2026-03-05 10:06:40,383] INFO:fitness.free_loss_fidelity: RL4CO free-loss step 60/200: score=7.815410 (avg=7.799133), loss=0.652844 (avg=0.660439), pairs_step=315889, pairs_total=18954419
[2026-03-05 10:06:46,763] INFO:fitness.free_loss_fidelity: RL4CO free-loss step 80/200: score=7.800944 (avg=7.797877), loss=0.648421 (avg=0.657469), pairs_step=316188, pairs_total=25274991
[2026-03-05 10:06:53,142] INFO:fitness.free_loss_fidelity: RL4CO free-loss step 100/200: score=7.755359 (avg=7.798446), loss=0.633422 (avg=0.654404), pairs_step=316125, pairs_total=31597786
[2026-03-05 10:06:59,544] INFO:fitness.free_loss_fidelity: RL4CO free-loss step 120/200: score=7.775609 (avg=7.799764), loss=0.637169 (avg=0.652080), pairs_step=315775, pairs_total=37918706
[2026-03-05 10:07:05,947] INFO:fitness.free_loss_fidelity: RL4CO free-loss step 140/200: score=7.830667 (avg=7.800893), loss=0.643962 (avg=0.650094), pairs_step=315986, pairs_total=44239943
[2026-03-05 10:07:12,338] INFO:fitness.free_loss_fidelity: RL4CO free-loss step 160/200: score=7.795726 (avg=7.800217), loss=0.626963 (avg=0.648014), pairs_step=316208, pairs_total=50561719
[2026-03-05 10:07:18,745] INFO:fitness.free_loss_fidelity: RL4CO free-loss step 180/200: score=7.783583 (avg=7.799139), loss=0.623516 (avg=0.645503), pairs_step=315845, pairs_total=56884112
[2026-03-05 10:07:25,163] INFO:fitness.free_loss_fidelity: RL4CO free-loss step 200/200: score=7.811837 (avg=7.797862), loss=0.607388 (avg=0.643295), pairs_step=316156, pairs_total=63206835
[2026-03-05 10:07:26,274] WARNING:fitness.free_loss_fidelity: weights_only checkpoint load failed (UnpicklingError); retrying weights_only=False for /data1/gushengda/eam-rl4co/baseline/epoch_409.ckpt
[2026-03-05 10:07:26,310] INFO:fitness.free_loss_fidelity: Loaded init checkpoint into policy: path=/data1/gushengda/eam-rl4co/baseline/epoch_409.ckpt prefix=policy. matched=97 missing=0 unexpected=0
[2026-03-05 10:07:26,315] INFO:fitness.free_loss_fidelity: RL4CO free-loss (step-mode): f1_steps=200, f2_steps=0, total_steps=200, train_problem_size=100, rollouts=100, batch_size=64, device=cuda:0, env=tsp
[2026-03-05 10:07:26,646] INFO:fitness.free_loss_fidelity: RL4CO free-loss step 1/200: score=7.807477 (avg=7.807477), loss=0.188482 (avg=0.188482), pairs_step=315750, pairs_total=315750
[2026-03-05 10:07:32,720] INFO:fitness.free_loss_fidelity: RL4CO free-loss step 20/200: score=7.782231 (avg=7.809009), loss=0.182533 (avg=0.182259), pairs_step=315871, pairs_total=6319813
[2026-03-05 10:07:39,126] INFO:fitness.free_loss_fidelity: RL4CO free-loss step 40/200: score=7.815763 (avg=7.803447), loss=0.176504 (avg=0.181149), pairs_step=316129, pairs_total=12639267
[2026-03-05 10:07:45,556] INFO:fitness.free_loss_fidelity: RL4CO free-loss step 60/200: score=7.811003 (avg=7.799714), loss=0.184566 (avg=0.180775), pairs_step=315799, pairs_total=18958540
[2026-03-05 10:07:52,410] INFO:fitness.free_loss_fidelity: RL4CO free-loss step 80/200: score=7.796070 (avg=7.797846), loss=0.186733 (avg=0.181478), pairs_step=315965, pairs_total=25277243
[2026-03-05 10:07:59,002] INFO:fitness.free_loss_fidelity: RL4CO free-loss step 100/200: score=7.749270 (avg=7.797832), loss=0.183799 (avg=0.181725), pairs_step=315964, pairs_total=31597347
[2026-03-05 10:08:05,930] INFO:fitness.free_loss_fidelity: RL4CO free-loss step 120/200: score=7.776056 (avg=7.799063), loss=0.179603 (avg=0.181614), pairs_step=315948, pairs_total=37917525
[2026-03-05 10:08:12,810] INFO:fitness.free_loss_fidelity: RL4CO free-loss step 140/200: score=7.825045 (avg=7.799860), loss=0.175341 (avg=0.181218), pairs_step=315736, pairs_total=44235442
[2026-03-05 10:08:19,814] INFO:fitness.free_loss_fidelity: RL4CO free-loss step 160/200: score=7.793461 (avg=7.798971), loss=0.179959 (avg=0.180614), pairs_step=316173, pairs_total=50555333
[2026-03-05 10:08:27,086] INFO:fitness.free_loss_fidelity: RL4CO free-loss step 180/200: score=7.784249 (avg=7.797625), loss=0.179718 (avg=0.180257), pairs_step=315896, pairs_total=56874509
[2026-03-05 10:08:34,356] INFO:fitness.free_loss_fidelity: RL4CO free-loss step 200/200: score=7.813301 (avg=7.796286), loss=0.176598 (avg=0.180062), pairs_step=315573, pairs_total=63194177
[2026-03-05 10:08:35,434] INFO:fitness.free_loss_fidelity: Stage3 offline mini-train DONE gen=2 pair_index=4 score=0.011014103889465332 any_error=False
