[2026-03-05 12:22:33,632] INFO:fitness.free_loss_fidelity: Stage3 offline mini-train start gen=5 pair_index=11 K=200 seed=12345 valid_sizes=[100] baseline_json=baseline/mini_eval/baseline_minitrain_tsp100_K200.json
[2026-03-05 12:22:40,661] INFO:fitness.free_loss_fidelity: RL4CO free-loss (step-mode): f1_steps=200, f2_steps=0, total_steps=200, train_problem_size=100, rollouts=100, batch_size=64, device=cuda:0, env=tsp
[2026-03-05 12:22:42,016] INFO:fitness.free_loss_fidelity: RL4CO free-loss step 1/200: score=36.122910 (avg=36.122910), loss=0.325956 (avg=0.325956), pairs_step=316800, pairs_total=316800
[2026-03-05 12:22:48,466] INFO:fitness.free_loss_fidelity: RL4CO free-loss step 20/200: score=9.912752 (avg=12.828735), loss=0.440498 (avg=0.388897), pairs_step=316800, pairs_total=6335994
[2026-03-05 12:22:55,992] INFO:fitness.free_loss_fidelity: RL4CO free-loss step 40/200: score=9.373324 (avg=11.196770), loss=0.427947 (avg=0.414051), pairs_step=316800, pairs_total=12671992
[2026-03-05 12:23:02,823] INFO:fitness.free_loss_fidelity: RL4CO free-loss step 60/200: score=9.118650 (avg=10.536369), loss=0.442136 (avg=0.420953), pairs_step=316800, pairs_total=19007988
[2026-03-05 12:23:09,478] INFO:fitness.free_loss_fidelity: RL4CO free-loss step 80/200: score=8.945589 (avg=10.160713), loss=0.430680 (avg=0.423520), pairs_step=316800, pairs_total=25343982
[2026-03-05 12:23:15,939] INFO:fitness.free_loss_fidelity: RL4CO free-loss step 100/200: score=8.864672 (avg=9.916689), loss=0.437618 (avg=0.425196), pairs_step=316800, pairs_total=31679978
[2026-03-05 12:23:22,343] INFO:fitness.free_loss_fidelity: RL4CO free-loss step 120/200: score=8.734826 (avg=9.737989), loss=0.432930 (avg=0.427486), pairs_step=316800, pairs_total=38015976
[2026-03-05 12:23:28,720] INFO:fitness.free_loss_fidelity: RL4CO free-loss step 140/200: score=8.763715 (avg=9.598584), loss=0.453956 (avg=0.430391), pairs_step=316800, pairs_total=44351972
[2026-03-05 12:23:35,120] INFO:fitness.free_loss_fidelity: RL4CO free-loss step 160/200: score=8.657227 (avg=9.481084), loss=0.449678 (avg=0.433056), pairs_step=316800, pairs_total=50687971
[2026-03-05 12:23:41,652] INFO:fitness.free_loss_fidelity: RL4CO free-loss step 180/200: score=8.560047 (avg=9.384001), loss=0.458581 (avg=0.435780), pairs_step=316799, pairs_total=57023967
[2026-03-05 12:23:48,368] INFO:fitness.free_loss_fidelity: RL4CO free-loss step 200/200: score=8.566726 (avg=9.301659), loss=0.456046 (avg=0.438076), pairs_step=316799, pairs_total=63359959
[2026-03-05 12:23:49,493] WARNING:fitness.free_loss_fidelity: weights_only checkpoint load failed (UnpicklingError); retrying weights_only=False for /data1/gushengda/eam-rl4co/baseline/epoch_135.ckpt
[2026-03-05 12:23:49,535] INFO:fitness.free_loss_fidelity: Loaded init checkpoint into policy: path=/data1/gushengda/eam-rl4co/baseline/epoch_135.ckpt prefix=policy. matched=97 missing=0 unexpected=0
[2026-03-05 12:23:49,540] INFO:fitness.free_loss_fidelity: RL4CO free-loss (step-mode): f1_steps=200, f2_steps=0, total_steps=200, train_problem_size=100, rollouts=100, batch_size=64, device=cuda:0, env=tsp
[2026-03-05 12:23:49,895] INFO:fitness.free_loss_fidelity: RL4CO free-loss step 1/200: score=7.803347 (avg=7.803347), loss=0.631580 (avg=0.631580), pairs_step=315697, pairs_total=315697
[2026-03-05 12:23:56,263] INFO:fitness.free_loss_fidelity: RL4CO free-loss step 20/200: score=7.777052 (avg=7.808884), loss=0.627423 (avg=0.627978), pairs_step=315793, pairs_total=6316492
[2026-03-05 12:24:02,996] INFO:fitness.free_loss_fidelity: RL4CO free-loss step 40/200: score=7.814283 (avg=7.802303), loss=0.627263 (avg=0.627303), pairs_step=315980, pairs_total=12630819
[2026-03-05 12:24:09,724] INFO:fitness.free_loss_fidelity: RL4CO free-loss step 60/200: score=7.814207 (avg=7.799262), loss=0.631174 (avg=0.627016), pairs_step=315672, pairs_total=18945551
[2026-03-05 12:24:16,417] INFO:fitness.free_loss_fidelity: RL4CO free-loss step 80/200: score=7.793276 (avg=7.797582), loss=0.616044 (avg=0.626060), pairs_step=315648, pairs_total=25261540
[2026-03-05 12:24:23,126] INFO:fitness.free_loss_fidelity: RL4CO free-loss step 100/200: score=7.760301 (avg=7.798163), loss=0.621194 (avg=0.625005), pairs_step=315874, pairs_total=31577959
[2026-03-05 12:24:29,937] INFO:fitness.free_loss_fidelity: RL4CO free-loss step 120/200: score=7.775860 (avg=7.799741), loss=0.620566 (avg=0.623869), pairs_step=315628, pairs_total=37892656
[2026-03-05 12:24:36,623] INFO:fitness.free_loss_fidelity: RL4CO free-loss step 140/200: score=7.832500 (avg=7.800720), loss=0.616001 (avg=0.622964), pairs_step=315538, pairs_total=44206720
[2026-03-05 12:24:43,279] INFO:fitness.free_loss_fidelity: RL4CO free-loss step 160/200: score=7.791861 (avg=7.799963), loss=0.609641 (avg=0.621096), pairs_step=315557, pairs_total=50520274
[2026-03-05 12:24:49,966] INFO:fitness.free_loss_fidelity: RL4CO free-loss step 180/200: score=7.786447 (avg=7.798926), loss=0.607813 (avg=0.619937), pairs_step=315718, pairs_total=56833996
[2026-03-05 12:24:56,651] INFO:fitness.free_loss_fidelity: RL4CO free-loss step 200/200: score=7.810411 (avg=7.797881), loss=0.585807 (avg=0.618599), pairs_step=315646, pairs_total=63146334
[2026-03-05 12:24:57,777] WARNING:fitness.free_loss_fidelity: weights_only checkpoint load failed (UnpicklingError); retrying weights_only=False for /data1/gushengda/eam-rl4co/baseline/epoch_409.ckpt
[2026-03-05 12:24:57,814] INFO:fitness.free_loss_fidelity: Loaded init checkpoint into policy: path=/data1/gushengda/eam-rl4co/baseline/epoch_409.ckpt prefix=policy. matched=97 missing=0 unexpected=0
[2026-03-05 12:24:57,819] INFO:fitness.free_loss_fidelity: RL4CO free-loss (step-mode): f1_steps=200, f2_steps=0, total_steps=200, train_problem_size=100, rollouts=100, batch_size=64, device=cuda:0, env=tsp
[2026-03-05 12:24:58,168] INFO:fitness.free_loss_fidelity: RL4CO free-loss step 1/200: score=7.807477 (avg=7.807477), loss=0.182704 (avg=0.182704), pairs_step=315750, pairs_total=315750
[2026-03-05 12:25:04,554] INFO:fitness.free_loss_fidelity: RL4CO free-loss step 20/200: score=7.781783 (avg=7.809425), loss=0.162680 (avg=0.169786), pairs_step=315882, pairs_total=6318406
[2026-03-05 12:25:11,250] INFO:fitness.free_loss_fidelity: RL4CO free-loss step 40/200: score=7.819877 (avg=7.802932), loss=0.169816 (avg=0.168513), pairs_step=316168, pairs_total=12636627
[2026-03-05 12:25:17,926] INFO:fitness.free_loss_fidelity: RL4CO free-loss step 60/200: score=7.812141 (avg=7.799229), loss=0.172003 (avg=0.168804), pairs_step=315584, pairs_total=18952513
[2026-03-05 12:25:24,652] INFO:fitness.free_loss_fidelity: RL4CO free-loss step 80/200: score=7.795413 (avg=7.797607), loss=0.177629 (avg=0.169983), pairs_step=315742, pairs_total=25267812
[2026-03-05 12:25:31,353] INFO:fitness.free_loss_fidelity: RL4CO free-loss step 100/200: score=7.754732 (avg=7.798254), loss=0.172657 (avg=0.170116), pairs_step=316007, pairs_total=31585122
[2026-03-05 12:25:38,064] INFO:fitness.free_loss_fidelity: RL4CO free-loss step 120/200: score=7.773498 (avg=7.799742), loss=0.165836 (avg=0.169822), pairs_step=315896, pairs_total=37901606
[2026-03-05 12:25:44,763] INFO:fitness.free_loss_fidelity: RL4CO free-loss step 140/200: score=7.822585 (avg=7.800506), loss=0.173198 (avg=0.170043), pairs_step=315514, pairs_total=44215152
[2026-03-05 12:25:51,464] INFO:fitness.free_loss_fidelity: RL4CO free-loss step 160/200: score=7.795861 (avg=7.799668), loss=0.173008 (avg=0.170535), pairs_step=315827, pairs_total=50528643
[2026-03-05 12:25:58,177] INFO:fitness.free_loss_fidelity: RL4CO free-loss step 180/200: score=7.783795 (avg=7.798524), loss=0.178570 (avg=0.170779), pairs_step=315326, pairs_total=56842612
[2026-03-05 12:26:05,035] INFO:fitness.free_loss_fidelity: RL4CO free-loss step 200/200: score=7.811285 (avg=7.797292), loss=0.176487 (avg=0.171639), pairs_step=315268, pairs_total=63152311
[2026-03-05 12:26:06,116] INFO:fitness.free_loss_fidelity: Stage3 offline mini-train DONE gen=5 pair_index=11 score=-0.008179982503255209 any_error=False
