[2026-03-05 10:19:13,697] INFO:fitness.free_loss_fidelity: Stage3 offline mini-train start gen=2 pair_index=5 K=1000 seed=12345 valid_sizes=[100] baseline_json=baseline/mini_eval/baseline_minitrain_tsp100_K1000.json
[2026-03-05 10:19:20,995] INFO:fitness.free_loss_fidelity: RL4CO free-loss (step-mode): f1_steps=1000, f2_steps=0, total_steps=1000, train_problem_size=100, rollouts=100, batch_size=64, device=cuda:0, env=tsp
[2026-03-05 10:19:22,343] INFO:fitness.free_loss_fidelity: RL4CO free-loss step 1/1000: score=36.122910 (avg=36.122910), loss=0.942688 (avg=0.942688), pairs_step=316800, pairs_total=316800
[2026-03-05 10:19:54,322] INFO:fitness.free_loss_fidelity: RL4CO free-loss step 100/1000: score=9.115691 (avg=10.174460), loss=0.522390 (avg=0.555972), pairs_step=316800, pairs_total=31679975
[2026-03-05 10:20:26,818] INFO:fitness.free_loss_fidelity: RL4CO free-loss step 200/1000: score=8.997345 (avg=9.623144), loss=0.531386 (avg=0.540465), pairs_step=316798, pairs_total=63359943
[2026-03-05 10:21:03,043] INFO:fitness.free_loss_fidelity: RL4CO free-loss step 300/1000: score=8.682129 (avg=9.356368), loss=0.530909 (avg=0.538083), pairs_step=316800, pairs_total=95039916
[2026-03-05 10:21:36,944] INFO:fitness.free_loss_fidelity: RL4CO free-loss step 400/1000: score=8.623964 (avg=9.178364), loss=0.539252 (avg=0.538257), pairs_step=316800, pairs_total=126719897
[2026-03-05 10:22:08,964] INFO:fitness.free_loss_fidelity: RL4CO free-loss step 500/1000: score=8.527626 (avg=9.053069), loss=0.538342 (avg=0.538294), pairs_step=316800, pairs_total=158399875
[2026-03-05 10:22:43,957] INFO:fitness.free_loss_fidelity: RL4CO free-loss step 600/1000: score=8.423815 (avg=8.960598), loss=0.543156 (avg=0.538463), pairs_step=316799, pairs_total=190079847
[2026-03-05 10:23:18,648] INFO:fitness.free_loss_fidelity: RL4CO free-loss step 700/1000: score=8.473377 (avg=8.889640), loss=0.539766 (avg=0.538586), pairs_step=316800, pairs_total=221759818
[2026-03-05 10:23:52,056] INFO:fitness.free_loss_fidelity: RL4CO free-loss step 800/1000: score=8.443239 (avg=8.832650), loss=0.541817 (avg=0.539024), pairs_step=316800, pairs_total=253439792
[2026-03-05 10:24:25,000] INFO:fitness.free_loss_fidelity: RL4CO free-loss step 900/1000: score=8.418040 (avg=8.784861), loss=0.547512 (avg=0.539412), pairs_step=316800, pairs_total=285119761
[2026-03-05 10:25:00,593] INFO:fitness.free_loss_fidelity: RL4CO free-loss step 1000/1000: score=8.411180 (avg=8.744445), loss=0.544316 (avg=0.539767), pairs_step=316800, pairs_total=316799721
[2026-03-05 10:25:01,710] WARNING:fitness.free_loss_fidelity: weights_only checkpoint load failed (UnpicklingError); retrying weights_only=False for /data1/gushengda/eam-rl4co/baseline/epoch_135.ckpt
[2026-03-05 10:25:01,949] INFO:fitness.free_loss_fidelity: Loaded init checkpoint into policy: path=/data1/gushengda/eam-rl4co/baseline/epoch_135.ckpt prefix=policy. matched=97 missing=0 unexpected=0
[2026-03-05 10:25:01,954] INFO:fitness.free_loss_fidelity: RL4CO free-loss (step-mode): f1_steps=1000, f2_steps=0, total_steps=1000, train_problem_size=100, rollouts=100, batch_size=64, device=cuda:0, env=tsp
[2026-03-05 10:25:02,300] INFO:fitness.free_loss_fidelity: RL4CO free-loss step 1/1000: score=7.803347 (avg=7.803347), loss=0.669376 (avg=0.669376), pairs_step=315697, pairs_total=315697
[2026-03-05 10:25:34,128] INFO:fitness.free_loss_fidelity: RL4CO free-loss step 100/1000: score=7.758582 (avg=7.798087), loss=0.644169 (avg=0.655116), pairs_step=316021, pairs_total=31596810
[2026-03-05 10:26:06,117] INFO:fitness.free_loss_fidelity: RL4CO free-loss step 200/1000: score=7.811600 (avg=7.797604), loss=0.604960 (avg=0.641164), pairs_step=315985, pairs_total=63205322
[2026-03-05 10:26:38,139] INFO:fitness.free_loss_fidelity: RL4CO free-loss step 300/1000: score=7.807259 (avg=7.798019), loss=0.560239 (avg=0.625515), pairs_step=315924, pairs_total=94818442
[2026-03-05 10:27:09,955] INFO:fitness.free_loss_fidelity: RL4CO free-loss step 400/1000: score=7.820536 (avg=7.797896), loss=0.437514 (avg=0.587863), pairs_step=315764, pairs_total=126436667
[2026-03-05 10:27:41,782] INFO:fitness.free_loss_fidelity: RL4CO free-loss step 500/1000: score=7.773299 (avg=7.796938), loss=0.400906 (avg=0.552758), pairs_step=315873, pairs_total=158053325
[2026-03-05 10:28:14,301] INFO:fitness.free_loss_fidelity: RL4CO free-loss step 600/1000: score=7.756183 (avg=7.796261), loss=0.391756 (avg=0.526712), pairs_step=316341, pairs_total=189672738
[2026-03-05 10:28:46,097] INFO:fitness.free_loss_fidelity: RL4CO free-loss step 700/1000: score=7.809711 (avg=7.796065), loss=0.402588 (avg=0.507951), pairs_step=316068, pairs_total=221287125
[2026-03-05 10:29:17,876] INFO:fitness.free_loss_fidelity: RL4CO free-loss step 800/1000: score=7.793369 (avg=7.795974), loss=0.392021 (avg=0.492885), pairs_step=316209, pairs_total=252904110
[2026-03-05 10:29:49,901] INFO:fitness.free_loss_fidelity: RL4CO free-loss step 900/1000: score=7.832218 (avg=7.795640), loss=0.380177 (avg=0.481187), pairs_step=316342, pairs_total=284519458
[2026-03-05 10:30:21,953] INFO:fitness.free_loss_fidelity: RL4CO free-loss step 1000/1000: score=7.827701 (avg=7.795228), loss=0.368579 (avg=0.471413), pairs_step=316125, pairs_total=316133473
[2026-03-05 10:30:23,064] WARNING:fitness.free_loss_fidelity: weights_only checkpoint load failed (UnpicklingError); retrying weights_only=False for /data1/gushengda/eam-rl4co/baseline/epoch_409.ckpt
[2026-03-05 10:30:23,102] INFO:fitness.free_loss_fidelity: Loaded init checkpoint into policy: path=/data1/gushengda/eam-rl4co/baseline/epoch_409.ckpt prefix=policy. matched=97 missing=0 unexpected=0
[2026-03-05 10:30:23,107] INFO:fitness.free_loss_fidelity: RL4CO free-loss (step-mode): f1_steps=1000, f2_steps=0, total_steps=1000, train_problem_size=100, rollouts=100, batch_size=64, device=cuda:0, env=tsp
[2026-03-05 10:30:23,430] INFO:fitness.free_loss_fidelity: RL4CO free-loss step 1/1000: score=7.807477 (avg=7.807477), loss=0.188473 (avg=0.188473), pairs_step=315750, pairs_total=315750
[2026-03-05 10:30:55,052] INFO:fitness.free_loss_fidelity: RL4CO free-loss step 100/1000: score=7.753516 (avg=7.797582), loss=0.177991 (avg=0.176840), pairs_step=315865, pairs_total=31603345
[2026-03-05 10:31:27,135] INFO:fitness.free_loss_fidelity: RL4CO free-loss step 200/1000: score=7.810544 (avg=7.796203), loss=0.176758 (avg=0.177570), pairs_step=315626, pairs_total=63202460
[2026-03-05 10:32:02,860] INFO:fitness.free_loss_fidelity: RL4CO free-loss step 300/1000: score=7.806261 (avg=7.796333), loss=0.176472 (avg=0.177368), pairs_step=316049, pairs_total=94796419
[2026-03-05 10:32:37,929] INFO:fitness.free_loss_fidelity: RL4CO free-loss step 400/1000: score=7.819829 (avg=7.795676), loss=0.182673 (avg=0.177147), pairs_step=315483, pairs_total=126382858
[2026-03-05 10:33:11,923] INFO:fitness.free_loss_fidelity: RL4CO free-loss step 500/1000: score=7.768509 (avg=7.794528), loss=0.175473 (avg=0.176794), pairs_step=316171, pairs_total=157967692
[2026-03-05 10:33:45,141] INFO:fitness.free_loss_fidelity: RL4CO free-loss step 600/1000: score=7.751798 (avg=7.793630), loss=0.173952 (avg=0.175805), pairs_step=315258, pairs_total=189545525
[2026-03-05 10:34:17,327] INFO:fitness.free_loss_fidelity: RL4CO free-loss step 700/1000: score=7.800111 (avg=7.793187), loss=0.175151 (avg=0.175873), pairs_step=315568, pairs_total=221115168
[2026-03-05 10:34:49,180] INFO:fitness.free_loss_fidelity: RL4CO free-loss step 800/1000: score=7.786847 (avg=7.792945), loss=0.170457 (avg=0.175491), pairs_step=315649, pairs_total=252682193
[2026-03-05 10:35:21,147] INFO:fitness.free_loss_fidelity: RL4CO free-loss step 900/1000: score=7.822350 (avg=7.792457), loss=0.164800 (avg=0.175005), pairs_step=315895, pairs_total=284238369
[2026-03-05 10:35:54,014] INFO:fitness.free_loss_fidelity: RL4CO free-loss step 1000/1000: score=7.816861 (avg=7.791773), loss=0.171610 (avg=0.174149), pairs_step=315654, pairs_total=315792012
[2026-03-05 10:35:55,261] INFO:fitness.free_loss_fidelity: Stage3 offline mini-train DONE gen=2 pair_index=5 score=0.0026674866676330566 any_error=False
