[2026-03-05 09:37:39,875] INFO:fitness.free_loss_fidelity: Stage3 offline mini-train start gen=1 pair_index=14 K=200 seed=12345 valid_sizes=[100] baseline_json=baseline/mini_eval/baseline_minitrain_tsp100_K200.json
[2026-03-05 09:37:46,722] INFO:fitness.free_loss_fidelity: RL4CO free-loss (step-mode): f1_steps=200, f2_steps=0, total_steps=200, train_problem_size=100, rollouts=100, batch_size=64, device=cuda:0, env=tsp
[2026-03-05 09:37:48,121] INFO:fitness.free_loss_fidelity: RL4CO free-loss step 1/200: score=36.122910 (avg=36.122910), loss=0.942688 (avg=0.942688), pairs_step=316800, pairs_total=316800
[2026-03-05 09:37:54,302] INFO:fitness.free_loss_fidelity: RL4CO free-loss step 20/200: score=10.068824 (avg=13.068676), loss=0.573704 (avg=0.618928), pairs_step=316800, pairs_total=6335998
[2026-03-05 09:38:00,575] INFO:fitness.free_loss_fidelity: RL4CO free-loss step 40/200: score=9.655546 (avg=11.436668), loss=0.563752 (avg=0.591165), pairs_step=316800, pairs_total=12671991
[2026-03-05 09:38:06,833] INFO:fitness.free_loss_fidelity: RL4CO free-loss step 60/200: score=9.473088 (avg=10.778237), loss=0.535373 (avg=0.577961), pairs_step=316800, pairs_total=19007987
[2026-03-05 09:38:13,098] INFO:fitness.free_loss_fidelity: RL4CO free-loss step 80/200: score=9.293918 (avg=10.418405), loss=0.519595 (avg=0.565089), pairs_step=316800, pairs_total=25343983
[2026-03-05 09:38:19,383] INFO:fitness.free_loss_fidelity: RL4CO free-loss step 100/200: score=9.193167 (avg=10.185462), loss=0.521475 (avg=0.556850), pairs_step=316800, pairs_total=31679972
[2026-03-05 09:38:25,659] INFO:fitness.free_loss_fidelity: RL4CO free-loss step 120/200: score=9.094929 (avg=10.020485), loss=0.524466 (avg=0.551237), pairs_step=316799, pairs_total=38015965
[2026-03-05 09:38:31,916] INFO:fitness.free_loss_fidelity: RL4CO free-loss step 140/200: score=9.174963 (avg=9.893806), loss=0.532933 (avg=0.547167), pairs_step=316800, pairs_total=44351962
[2026-03-05 09:38:38,189] INFO:fitness.free_loss_fidelity: RL4CO free-loss step 160/200: score=9.093369 (avg=9.792588), loss=0.524559 (avg=0.543990), pairs_step=316800, pairs_total=50687957
[2026-03-05 09:38:44,454] INFO:fitness.free_loss_fidelity: RL4CO free-loss step 180/200: score=8.980003 (avg=9.708403), loss=0.514414 (avg=0.541596), pairs_step=316800, pairs_total=57023953
[2026-03-05 09:38:50,712] INFO:fitness.free_loss_fidelity: RL4CO free-loss step 200/200: score=8.987128 (avg=9.634480), loss=0.526711 (avg=0.539990), pairs_step=316800, pairs_total=63359949
[2026-03-05 09:38:51,810] WARNING:fitness.free_loss_fidelity: weights_only checkpoint load failed (UnpicklingError); retrying weights_only=False for /data1/gushengda/eam-rl4co/baseline/epoch_135.ckpt
[2026-03-05 09:38:51,850] INFO:fitness.free_loss_fidelity: Loaded init checkpoint into policy: path=/data1/gushengda/eam-rl4co/baseline/epoch_135.ckpt prefix=policy. matched=97 missing=0 unexpected=0
[2026-03-05 09:38:51,855] INFO:fitness.free_loss_fidelity: RL4CO free-loss (step-mode): f1_steps=200, f2_steps=0, total_steps=200, train_problem_size=100, rollouts=100, batch_size=64, device=cuda:0, env=tsp
[2026-03-05 09:38:52,175] INFO:fitness.free_loss_fidelity: RL4CO free-loss step 1/200: score=7.803347 (avg=7.803347), loss=0.669376 (avg=0.669376), pairs_step=315697, pairs_total=315697
[2026-03-05 09:38:58,130] INFO:fitness.free_loss_fidelity: RL4CO free-loss step 20/200: score=7.788578 (avg=7.810763), loss=0.666214 (avg=0.666404), pairs_step=316025, pairs_total=6318366
[2026-03-05 09:39:04,401] INFO:fitness.free_loss_fidelity: RL4CO free-loss step 40/200: score=7.816036 (avg=7.803718), loss=0.660122 (avg=0.662856), pairs_step=315370, pairs_total=12634733
[2026-03-05 09:39:10,705] INFO:fitness.free_loss_fidelity: RL4CO free-loss step 60/200: score=7.814967 (avg=7.799534), loss=0.656990 (avg=0.659880), pairs_step=315688, pairs_total=18952359
[2026-03-05 09:39:16,970] INFO:fitness.free_loss_fidelity: RL4CO free-loss step 80/200: score=7.791465 (avg=7.797608), loss=0.647577 (avg=0.657502), pairs_step=316150, pairs_total=25273851
[2026-03-05 09:39:23,245] INFO:fitness.free_loss_fidelity: RL4CO free-loss step 100/200: score=7.755338 (avg=7.798304), loss=0.635244 (avg=0.654539), pairs_step=316108, pairs_total=31594318
[2026-03-05 09:39:29,503] INFO:fitness.free_loss_fidelity: RL4CO free-loss step 120/200: score=7.770472 (avg=7.799848), loss=0.629402 (avg=0.650968), pairs_step=316203, pairs_total=37916478
[2026-03-05 09:39:35,835] INFO:fitness.free_loss_fidelity: RL4CO free-loss step 140/200: score=7.825896 (avg=7.800840), loss=0.631452 (avg=0.648444), pairs_step=315820, pairs_total=44237799
[2026-03-05 09:39:42,133] INFO:fitness.free_loss_fidelity: RL4CO free-loss step 160/200: score=7.791748 (avg=7.800104), loss=0.623241 (avg=0.645745), pairs_step=315798, pairs_total=50557762
[2026-03-05 09:39:48,427] INFO:fitness.free_loss_fidelity: RL4CO free-loss step 180/200: score=7.784028 (avg=7.798939), loss=0.616271 (avg=0.642849), pairs_step=315995, pairs_total=56878791
[2026-03-05 09:39:54,724] INFO:fitness.free_loss_fidelity: RL4CO free-loss step 200/200: score=7.805572 (avg=7.797749), loss=0.599696 (avg=0.640015), pairs_step=316036, pairs_total=63200587
[2026-03-05 09:39:55,824] WARNING:fitness.free_loss_fidelity: weights_only checkpoint load failed (UnpicklingError); retrying weights_only=False for /data1/gushengda/eam-rl4co/baseline/epoch_409.ckpt
[2026-03-05 09:39:55,860] INFO:fitness.free_loss_fidelity: Loaded init checkpoint into policy: path=/data1/gushengda/eam-rl4co/baseline/epoch_409.ckpt prefix=policy. matched=97 missing=0 unexpected=0
[2026-03-05 09:39:55,866] INFO:fitness.free_loss_fidelity: RL4CO free-loss (step-mode): f1_steps=200, f2_steps=0, total_steps=200, train_problem_size=100, rollouts=100, batch_size=64, device=cuda:0, env=tsp
[2026-03-05 09:39:56,187] INFO:fitness.free_loss_fidelity: RL4CO free-loss step 1/200: score=7.807477 (avg=7.807477), loss=0.188473 (avg=0.188473), pairs_step=315750, pairs_total=315750
[2026-03-05 09:40:02,369] INFO:fitness.free_loss_fidelity: RL4CO free-loss step 20/200: score=7.783259 (avg=7.809672), loss=0.174852 (avg=0.180187), pairs_step=316031, pairs_total=6318539
[2026-03-05 09:40:08,657] INFO:fitness.free_loss_fidelity: RL4CO free-loss step 40/200: score=7.813620 (avg=7.803661), loss=0.171421 (avg=0.175166), pairs_step=316214, pairs_total=12639757
[2026-03-05 09:40:14,970] INFO:fitness.free_loss_fidelity: RL4CO free-loss step 60/200: score=7.815066 (avg=7.799659), loss=0.182590 (avg=0.175382), pairs_step=315733, pairs_total=18957940
[2026-03-05 09:40:21,365] INFO:fitness.free_loss_fidelity: RL4CO free-loss step 80/200: score=7.790850 (avg=7.797835), loss=0.182425 (avg=0.177042), pairs_step=316011, pairs_total=25277075
[2026-03-05 09:40:27,757] INFO:fitness.free_loss_fidelity: RL4CO free-loss step 100/200: score=7.755528 (avg=7.798049), loss=0.180446 (avg=0.177824), pairs_step=315842, pairs_total=31597735
[2026-03-05 09:40:34,524] INFO:fitness.free_loss_fidelity: RL4CO free-loss step 120/200: score=7.772809 (avg=7.799165), loss=0.172380 (avg=0.177485), pairs_step=316071, pairs_total=37919337
[2026-03-05 09:40:41,355] INFO:fitness.free_loss_fidelity: RL4CO free-loss step 140/200: score=7.827293 (avg=7.800198), loss=0.177731 (avg=0.177490), pairs_step=315739, pairs_total=44237788
[2026-03-05 09:40:48,199] INFO:fitness.free_loss_fidelity: RL4CO free-loss step 160/200: score=7.792892 (avg=7.799329), loss=0.183059 (avg=0.177789), pairs_step=316102, pairs_total=50556634
[2026-03-05 09:40:55,046] INFO:fitness.free_loss_fidelity: RL4CO free-loss step 180/200: score=7.781348 (avg=7.798014), loss=0.178672 (avg=0.178036), pairs_step=315644, pairs_total=56875538
[2026-03-05 09:41:01,879] INFO:fitness.free_loss_fidelity: RL4CO free-loss step 200/200: score=7.808937 (avg=7.796673), loss=0.175554 (avg=0.178205), pairs_step=316146, pairs_total=63196086
[2026-03-05 09:41:02,939] INFO:fitness.free_loss_fidelity: Stage3 offline mini-train DONE gen=1 pair_index=14 score=0.009673436482747396 any_error=False
