[2026-03-05 11:32:27,461] INFO:fitness.free_loss_fidelity: Stage3 offline mini-train start gen=4 pair_index=21 K=200 seed=12345 valid_sizes=[100] baseline_json=baseline/mini_eval/baseline_minitrain_tsp100_K200.json
[2026-03-05 11:32:34,524] INFO:fitness.free_loss_fidelity: RL4CO free-loss (step-mode): f1_steps=200, f2_steps=0, total_steps=200, train_problem_size=100, rollouts=100, batch_size=64, device=cuda:0, env=tsp
[2026-03-05 11:32:35,888] INFO:fitness.free_loss_fidelity: RL4CO free-loss step 1/200: score=36.122910 (avg=36.122910), loss=0.325956 (avg=0.325956), pairs_step=316800, pairs_total=316800
[2026-03-05 11:32:42,431] INFO:fitness.free_loss_fidelity: RL4CO free-loss step 20/200: score=9.924238 (avg=12.841180), loss=0.446345 (avg=0.389231), pairs_step=316800, pairs_total=6335998
[2026-03-05 11:32:49,083] INFO:fitness.free_loss_fidelity: RL4CO free-loss step 40/200: score=9.379288 (avg=11.179442), loss=0.435950 (avg=0.414864), pairs_step=316800, pairs_total=12671997
[2026-03-05 11:32:55,795] INFO:fitness.free_loss_fidelity: RL4CO free-loss step 60/200: score=9.091459 (avg=10.513777), loss=0.434305 (avg=0.422037), pairs_step=316800, pairs_total=19007992
[2026-03-05 11:33:02,559] INFO:fitness.free_loss_fidelity: RL4CO free-loss step 80/200: score=8.930768 (avg=10.138814), loss=0.429703 (avg=0.424451), pairs_step=316800, pairs_total=25343985
[2026-03-05 11:33:09,275] INFO:fitness.free_loss_fidelity: RL4CO free-loss step 100/200: score=8.809790 (avg=9.897203), loss=0.432343 (avg=0.426148), pairs_step=316800, pairs_total=31679979
[2026-03-05 11:33:15,967] INFO:fitness.free_loss_fidelity: RL4CO free-loss step 120/200: score=8.704986 (avg=9.717709), loss=0.443709 (avg=0.428714), pairs_step=316799, pairs_total=38015975
[2026-03-05 11:33:22,616] INFO:fitness.free_loss_fidelity: RL4CO free-loss step 140/200: score=8.743217 (avg=9.578095), loss=0.452044 (avg=0.431533), pairs_step=316800, pairs_total=44351973
[2026-03-05 11:33:28,955] INFO:fitness.free_loss_fidelity: RL4CO free-loss step 160/200: score=8.598076 (avg=9.461671), loss=0.450771 (avg=0.434238), pairs_step=316800, pairs_total=50687969
[2026-03-05 11:33:35,267] INFO:fitness.free_loss_fidelity: RL4CO free-loss step 180/200: score=8.539493 (avg=9.365845), loss=0.460517 (avg=0.436890), pairs_step=316800, pairs_total=57023960
[2026-03-05 11:33:41,582] INFO:fitness.free_loss_fidelity: RL4CO free-loss step 200/200: score=8.570152 (avg=9.284907), loss=0.464970 (avg=0.439355), pairs_step=316800, pairs_total=63359953
[2026-03-05 11:33:42,694] WARNING:fitness.free_loss_fidelity: weights_only checkpoint load failed (UnpicklingError); retrying weights_only=False for /data1/gushengda/eam-rl4co/baseline/epoch_135.ckpt
[2026-03-05 11:33:42,739] INFO:fitness.free_loss_fidelity: Loaded init checkpoint into policy: path=/data1/gushengda/eam-rl4co/baseline/epoch_135.ckpt prefix=policy. matched=97 missing=0 unexpected=0
[2026-03-05 11:33:42,744] INFO:fitness.free_loss_fidelity: RL4CO free-loss (step-mode): f1_steps=200, f2_steps=0, total_steps=200, train_problem_size=100, rollouts=100, batch_size=64, device=cuda:0, env=tsp
[2026-03-05 11:33:43,068] INFO:fitness.free_loss_fidelity: RL4CO free-loss step 1/200: score=7.803347 (avg=7.803347), loss=0.631580 (avg=0.631580), pairs_step=315697, pairs_total=315697
[2026-03-05 11:33:49,085] INFO:fitness.free_loss_fidelity: RL4CO free-loss step 20/200: score=7.780815 (avg=7.808565), loss=0.622560 (avg=0.628786), pairs_step=315826, pairs_total=6316239
[2026-03-05 11:33:55,413] INFO:fitness.free_loss_fidelity: RL4CO free-loss step 40/200: score=7.819254 (avg=7.802028), loss=0.628981 (avg=0.627882), pairs_step=315874, pairs_total=12631667
[2026-03-05 11:34:01,775] INFO:fitness.free_loss_fidelity: RL4CO free-loss step 60/200: score=7.812412 (avg=7.798198), loss=0.633255 (avg=0.628202), pairs_step=315869, pairs_total=18945764
[2026-03-05 11:34:08,173] INFO:fitness.free_loss_fidelity: RL4CO free-loss step 80/200: score=7.796610 (avg=7.797005), loss=0.624261 (avg=0.628226), pairs_step=315722, pairs_total=25259778
[2026-03-05 11:34:14,531] INFO:fitness.free_loss_fidelity: RL4CO free-loss step 100/200: score=7.755085 (avg=7.797926), loss=0.629241 (avg=0.628157), pairs_step=315689, pairs_total=31573979
[2026-03-05 11:34:20,852] INFO:fitness.free_loss_fidelity: RL4CO free-loss step 120/200: score=7.772261 (avg=7.799208), loss=0.629251 (avg=0.627583), pairs_step=315840, pairs_total=37887929
[2026-03-05 11:34:27,177] INFO:fitness.free_loss_fidelity: RL4CO free-loss step 140/200: score=7.828778 (avg=7.800313), loss=0.629665 (avg=0.627512), pairs_step=314840, pairs_total=44200119
[2026-03-05 11:34:33,559] INFO:fitness.free_loss_fidelity: RL4CO free-loss step 160/200: score=7.797785 (avg=7.799684), loss=0.620839 (avg=0.626745), pairs_step=315685, pairs_total=50512577
[2026-03-05 11:34:39,869] INFO:fitness.free_loss_fidelity: RL4CO free-loss step 180/200: score=7.784760 (avg=7.798511), loss=0.609547 (avg=0.625896), pairs_step=315379, pairs_total=56826053
[2026-03-05 11:34:46,190] INFO:fitness.free_loss_fidelity: RL4CO free-loss step 200/200: score=7.806819 (avg=7.797453), loss=0.608774 (avg=0.624936), pairs_step=315546, pairs_total=63138151
[2026-03-05 11:34:47,296] WARNING:fitness.free_loss_fidelity: weights_only checkpoint load failed (UnpicklingError); retrying weights_only=False for /data1/gushengda/eam-rl4co/baseline/epoch_409.ckpt
[2026-03-05 11:34:47,338] INFO:fitness.free_loss_fidelity: Loaded init checkpoint into policy: path=/data1/gushengda/eam-rl4co/baseline/epoch_409.ckpt prefix=policy. matched=97 missing=0 unexpected=0
[2026-03-05 11:34:47,344] INFO:fitness.free_loss_fidelity: RL4CO free-loss (step-mode): f1_steps=200, f2_steps=0, total_steps=200, train_problem_size=100, rollouts=100, batch_size=64, device=cuda:0, env=tsp
[2026-03-05 11:34:47,674] INFO:fitness.free_loss_fidelity: RL4CO free-loss step 1/200: score=7.807477 (avg=7.807477), loss=0.182704 (avg=0.182704), pairs_step=315750, pairs_total=315750
[2026-03-05 11:34:53,734] INFO:fitness.free_loss_fidelity: RL4CO free-loss step 20/200: score=7.781407 (avg=7.809231), loss=0.164302 (avg=0.171432), pairs_step=315850, pairs_total=6317939
[2026-03-05 11:35:00,113] INFO:fitness.free_loss_fidelity: RL4CO free-loss step 40/200: score=7.817476 (avg=7.803018), loss=0.165361 (avg=0.169204), pairs_step=316053, pairs_total=12635569
[2026-03-05 11:35:06,490] INFO:fitness.free_loss_fidelity: RL4CO free-loss step 60/200: score=7.816176 (avg=7.799496), loss=0.165852 (avg=0.167378), pairs_step=315621, pairs_total=18952680
[2026-03-05 11:35:12,857] INFO:fitness.free_loss_fidelity: RL4CO free-loss step 80/200: score=7.790730 (avg=7.797813), loss=0.163755 (avg=0.166962), pairs_step=315819, pairs_total=25270622
[2026-03-05 11:35:19,231] INFO:fitness.free_loss_fidelity: RL4CO free-loss step 100/200: score=7.752981 (avg=7.798344), loss=0.167621 (avg=0.166403), pairs_step=315667, pairs_total=31587324
[2026-03-05 11:35:25,604] INFO:fitness.free_loss_fidelity: RL4CO free-loss step 120/200: score=7.775833 (avg=7.799732), loss=0.160879 (avg=0.166122), pairs_step=315737, pairs_total=37902437
[2026-03-05 11:35:31,985] INFO:fitness.free_loss_fidelity: RL4CO free-loss step 140/200: score=7.826714 (avg=7.800497), loss=0.162516 (avg=0.165504), pairs_step=315524, pairs_total=44215930
[2026-03-05 11:35:38,657] INFO:fitness.free_loss_fidelity: RL4CO free-loss step 160/200: score=7.799851 (avg=7.799737), loss=0.164132 (avg=0.165298), pairs_step=315670, pairs_total=50530031
[2026-03-05 11:35:45,042] INFO:fitness.free_loss_fidelity: RL4CO free-loss step 180/200: score=7.788663 (avg=7.798880), loss=0.162861 (avg=0.164852), pairs_step=315150, pairs_total=56842953
[2026-03-05 11:35:51,419] INFO:fitness.free_loss_fidelity: RL4CO free-loss step 200/200: score=7.814861 (avg=7.797772), loss=0.155665 (avg=0.164410), pairs_step=315341, pairs_total=63155264
[2026-03-05 11:35:52,485] INFO:fitness.free_loss_fidelity: Stage3 offline mini-train DONE gen=4 pair_index=21 score=-0.013513505458831787 any_error=False
