[2026-03-05 14:06:32,044] INFO:fitness.free_loss_fidelity: Stage3 offline mini-train start gen=7 pair_index=18 K=200 seed=12345 valid_sizes=[100] baseline_json=baseline/mini_eval/baseline_minitrain_tsp100_K200.json
[2026-03-05 14:06:38,996] INFO:fitness.free_loss_fidelity: RL4CO free-loss (step-mode): f1_steps=200, f2_steps=0, total_steps=200, train_problem_size=100, rollouts=100, batch_size=64, device=cuda:0, env=tsp
[2026-03-05 14:06:40,358] INFO:fitness.free_loss_fidelity: RL4CO free-loss step 1/200: score=36.122910 (avg=36.122910), loss=6.046060 (avg=6.046060), pairs_step=316800, pairs_total=316800
[2026-03-05 14:06:47,022] INFO:fitness.free_loss_fidelity: RL4CO free-loss step 20/200: score=14.760103 (avg=15.428126), loss=1.243255 (avg=1.671793), pairs_step=316800, pairs_total=6335996
[2026-03-05 14:06:53,870] INFO:fitness.free_loss_fidelity: RL4CO free-loss step 40/200: score=12.273939 (avg=14.584632), loss=0.866404 (avg=1.403336), pairs_step=316800, pairs_total=12671992
[2026-03-05 14:07:00,721] INFO:fitness.free_loss_fidelity: RL4CO free-loss step 60/200: score=14.795481 (avg=14.291570), loss=0.682284 (avg=1.192574), pairs_step=316800, pairs_total=19007991
[2026-03-05 14:07:07,925] INFO:fitness.free_loss_fidelity: RL4CO free-loss step 80/200: score=17.877476 (avg=14.798078), loss=0.676309 (avg=1.056076), pairs_step=316799, pairs_total=25343989
[2026-03-05 14:07:15,262] INFO:fitness.free_loss_fidelity: RL4CO free-loss step 100/200: score=20.215950 (avg=15.660750), loss=0.770353 (avg=0.986329), pairs_step=316800, pairs_total=31679987
[2026-03-05 14:07:22,455] INFO:fitness.free_loss_fidelity: RL4CO free-loss step 120/200: score=21.915113 (avg=16.577313), loss=0.853665 (avg=0.955692), pairs_step=316800, pairs_total=38015982
[2026-03-05 14:07:29,586] INFO:fitness.free_loss_fidelity: RL4CO free-loss step 140/200: score=23.373446 (avg=17.455237), loss=0.925949 (avg=0.945172), pairs_step=316800, pairs_total=44351980
[2026-03-05 14:07:36,319] INFO:fitness.free_loss_fidelity: RL4CO free-loss step 160/200: score=24.836126 (avg=18.304219), loss=1.008000 (avg=0.949979), pairs_step=316800, pairs_total=50687980
[2026-03-05 14:07:43,880] INFO:fitness.free_loss_fidelity: RL4CO free-loss step 180/200: score=25.890472 (avg=19.092876), loss=1.033074 (avg=0.959056), pairs_step=316799, pairs_total=57023974
[2026-03-05 14:07:50,562] INFO:fitness.free_loss_fidelity: RL4CO free-loss step 200/200: score=26.921894 (avg=19.825377), loss=1.070103 (avg=0.970773), pairs_step=316800, pairs_total=63359969
[2026-03-05 14:07:51,679] WARNING:fitness.free_loss_fidelity: weights_only checkpoint load failed (UnpicklingError); retrying weights_only=False for /data1/gushengda/eam-rl4co/baseline/epoch_135.ckpt
[2026-03-05 14:07:51,719] INFO:fitness.free_loss_fidelity: Loaded init checkpoint into policy: path=/data1/gushengda/eam-rl4co/baseline/epoch_135.ckpt prefix=policy. matched=97 missing=0 unexpected=0
[2026-03-05 14:07:51,724] INFO:fitness.free_loss_fidelity: RL4CO free-loss (step-mode): f1_steps=200, f2_steps=0, total_steps=200, train_problem_size=100, rollouts=100, batch_size=64, device=cuda:0, env=tsp
[2026-03-05 14:07:52,078] INFO:fitness.free_loss_fidelity: RL4CO free-loss step 1/200: score=7.803347 (avg=7.803347), loss=1.304472 (avg=1.304472), pairs_step=315697, pairs_total=315697
[2026-03-05 14:07:58,682] INFO:fitness.free_loss_fidelity: RL4CO free-loss step 20/200: score=7.856596 (avg=7.825217), loss=0.212414 (avg=0.840776), pairs_step=316798, pairs_total=6327359
[2026-03-05 14:07:59,559] ERROR:fitness.free_loss_fidelity: Stage3 mini-train FAILED init=ckpt_135 g_id=g_ref f_id=f007_008_7ab3b20c device=cuda:0
Traceback (most recent call last):
  File "/data1/gushengda/eam-rl4co/PTP/ptp_discovery/pref_loss_coevo_loop.py", line 6498, in _evaluate_pair_worker
    fitness = evaluate_free_loss_candidate(compiled_f, free_cfg, pref_builder=adapter)
              ^^^^^^^^^^^^^^^^^^^^^^^^^^^^^^^^^^^^^^^^^^^^^^^^^^^^^^^^^^^^^^^^^^^^^^^^
  File "/data1/gushengda/eam-rl4co/PTP/fitness/free_loss_fidelity.py", line 1996, in evaluate_free_loss_candidate
    return _evaluate_free_loss_candidate_rl4co(
           ^^^^^^^^^^^^^^^^^^^^^^^^^^^^^^^^^^^^
  File "/data1/gushengda/eam-rl4co/PTP/fitness/free_loss_fidelity.py", line 1103, in _evaluate_free_loss_candidate_rl4co
    score, loss, pair_count = _train_one_batch_with_free_loss_rl4co(
                              ^^^^^^^^^^^^^^^^^^^^^^^^^^^^^^^^^^^^^^
  File "/data1/gushengda/eam-rl4co/PTP/fitness/free_loss_fidelity.py", line 971, in _train_one_batch_with_free_loss_rl4co
    raise RuntimeError("Non-finite loss encountered during mini-train")
RuntimeError: Non-finite loss encountered during mini-train
[2026-03-05 14:07:59,616] WARNING:fitness.free_loss_fidelity: weights_only checkpoint load failed (UnpicklingError); retrying weights_only=False for /data1/gushengda/eam-rl4co/baseline/epoch_409.ckpt
[2026-03-05 14:07:59,654] INFO:fitness.free_loss_fidelity: Loaded init checkpoint into policy: path=/data1/gushengda/eam-rl4co/baseline/epoch_409.ckpt prefix=policy. matched=97 missing=0 unexpected=0
[2026-03-05 14:07:59,659] INFO:fitness.free_loss_fidelity: RL4CO free-loss (step-mode): f1_steps=200, f2_steps=0, total_steps=200, train_problem_size=100, rollouts=100, batch_size=64, device=cuda:0, env=tsp
[2026-03-05 14:08:00,030] INFO:fitness.free_loss_fidelity: RL4CO free-loss step 1/200: score=7.807477 (avg=7.807477), loss=0.043245 (avg=0.043245), pairs_step=315750, pairs_total=315750
[2026-03-05 14:08:06,796] INFO:fitness.free_loss_fidelity: RL4CO free-loss step 20/200: score=7.795362 (avg=7.815375), loss=0.007791 (avg=0.022328), pairs_step=316618, pairs_total=6324695
[2026-03-05 14:08:11,056] ERROR:fitness.free_loss_fidelity: Stage3 mini-train FAILED init=ckpt_409 g_id=g_ref f_id=f007_008_7ab3b20c device=cuda:0
Traceback (most recent call last):
  File "/data1/gushengda/eam-rl4co/PTP/ptp_discovery/pref_loss_coevo_loop.py", line 6498, in _evaluate_pair_worker
    fitness = evaluate_free_loss_candidate(compiled_f, free_cfg, pref_builder=adapter)
              ^^^^^^^^^^^^^^^^^^^^^^^^^^^^^^^^^^^^^^^^^^^^^^^^^^^^^^^^^^^^^^^^^^^^^^^^
  File "/data1/gushengda/eam-rl4co/PTP/fitness/free_loss_fidelity.py", line 1996, in evaluate_free_loss_candidate
    return _evaluate_free_loss_candidate_rl4co(
           ^^^^^^^^^^^^^^^^^^^^^^^^^^^^^^^^^^^^
  File "/data1/gushengda/eam-rl4co/PTP/fitness/free_loss_fidelity.py", line 1103, in _evaluate_free_loss_candidate_rl4co
    score, loss, pair_count = _train_one_batch_with_free_loss_rl4co(
                              ^^^^^^^^^^^^^^^^^^^^^^^^^^^^^^^^^^^^^^
  File "/data1/gushengda/eam-rl4co/PTP/fitness/free_loss_fidelity.py", line 971, in _train_one_batch_with_free_loss_rl4co
    raise RuntimeError("Non-finite loss encountered during mini-train")
RuntimeError: Non-finite loss encountered during mini-train
[2026-03-05 14:08:11,063] INFO:fitness.free_loss_fidelity: Stage3 offline mini-train DONE gen=7 pair_index=18 score=inf any_error=True
