[2026-03-05 11:33:02,112] INFO:fitness.free_loss_fidelity: Stage3 offline mini-train start gen=4 pair_index=23 K=200 seed=12345 valid_sizes=[100] baseline_json=baseline/mini_eval/baseline_minitrain_tsp100_K200.json
[2026-03-05 11:33:08,942] INFO:fitness.free_loss_fidelity: RL4CO free-loss (step-mode): f1_steps=200, f2_steps=0, total_steps=200, train_problem_size=100, rollouts=100, batch_size=64, device=cuda:0, env=tsp
[2026-03-05 11:33:10,241] INFO:fitness.free_loss_fidelity: RL4CO free-loss step 1/200: score=36.122910 (avg=36.122910), loss=1.075226 (avg=1.075226), pairs_step=316800, pairs_total=316800
[2026-03-05 11:33:16,547] INFO:fitness.free_loss_fidelity: RL4CO free-loss step 20/200: score=9.871737 (avg=12.583536), loss=0.897782 (avg=0.910406), pairs_step=316800, pairs_total=6335996
[2026-03-05 11:33:23,242] INFO:fitness.free_loss_fidelity: RL4CO free-loss step 40/200: score=9.334444 (avg=11.029026), loss=0.917407 (avg=0.908928), pairs_step=316799, pairs_total=12671987
[2026-03-05 11:33:29,967] INFO:fitness.free_loss_fidelity: RL4CO free-loss step 60/200: score=9.155638 (avg=10.416498), loss=0.893746 (avg=0.906328), pairs_step=316800, pairs_total=19007981
[2026-03-05 11:33:36,734] INFO:fitness.free_loss_fidelity: RL4CO free-loss step 80/200: score=8.881265 (avg=10.062483), loss=0.890864 (avg=0.902498), pairs_step=316800, pairs_total=25343978
[2026-03-05 11:33:43,508] INFO:fitness.free_loss_fidelity: RL4CO free-loss step 100/200: score=8.794778 (avg=9.827007), loss=0.886936 (avg=0.899785), pairs_step=316800, pairs_total=31679975
[2026-03-05 11:33:50,251] INFO:fitness.free_loss_fidelity: RL4CO free-loss step 120/200: score=8.699578 (avg=9.655046), loss=0.888331 (avg=0.898226), pairs_step=316800, pairs_total=38015969
[2026-03-05 11:33:56,993] INFO:fitness.free_loss_fidelity: RL4CO free-loss step 140/200: score=8.694906 (avg=9.519389), loss=0.903059 (avg=0.897645), pairs_step=316800, pairs_total=44351966
[2026-03-05 11:34:03,762] INFO:fitness.free_loss_fidelity: RL4CO free-loss step 160/200: score=8.607952 (avg=9.406831), loss=0.903823 (avg=0.898500), pairs_step=316800, pairs_total=50687962
[2026-03-05 11:34:10,545] INFO:fitness.free_loss_fidelity: RL4CO free-loss step 180/200: score=8.516993 (avg=9.310766), loss=0.909973 (avg=0.899691), pairs_step=316800, pairs_total=57023957
[2026-03-05 11:34:17,350] INFO:fitness.free_loss_fidelity: RL4CO free-loss step 200/200: score=8.492903 (avg=9.229784), loss=0.912603 (avg=0.900782), pairs_step=316800, pairs_total=63359948
[2026-03-05 11:34:18,479] WARNING:fitness.free_loss_fidelity: weights_only checkpoint load failed (UnpicklingError); retrying weights_only=False for /data1/gushengda/eam-rl4co/baseline/epoch_135.ckpt
[2026-03-05 11:34:18,521] INFO:fitness.free_loss_fidelity: Loaded init checkpoint into policy: path=/data1/gushengda/eam-rl4co/baseline/epoch_135.ckpt prefix=policy. matched=97 missing=0 unexpected=0
[2026-03-05 11:34:18,526] INFO:fitness.free_loss_fidelity: RL4CO free-loss (step-mode): f1_steps=200, f2_steps=0, total_steps=200, train_problem_size=100, rollouts=100, batch_size=64, device=cuda:0, env=tsp
[2026-03-05 11:34:18,904] INFO:fitness.free_loss_fidelity: RL4CO free-loss step 1/200: score=7.803347 (avg=7.803347), loss=0.876060 (avg=0.876060), pairs_step=315697, pairs_total=315697
[2026-03-05 11:34:25,923] INFO:fitness.free_loss_fidelity: RL4CO free-loss step 20/200: score=7.778948 (avg=7.807460), loss=0.870062 (avg=0.877013), pairs_step=315809, pairs_total=6315777
[2026-03-05 11:34:33,224] INFO:fitness.free_loss_fidelity: RL4CO free-loss step 40/200: score=7.816795 (avg=7.801798), loss=0.913011 (avg=0.880223), pairs_step=315887, pairs_total=12630069
[2026-03-05 11:34:40,519] INFO:fitness.free_loss_fidelity: RL4CO free-loss step 60/200: score=7.813505 (avg=7.798823), loss=0.901074 (avg=0.883117), pairs_step=315751, pairs_total=18942546
[2026-03-05 11:34:47,887] INFO:fitness.free_loss_fidelity: RL4CO free-loss step 80/200: score=7.797835 (avg=7.797835), loss=0.893831 (avg=0.883449), pairs_step=315620, pairs_total=25256998
[2026-03-05 11:34:54,731] INFO:fitness.free_loss_fidelity: RL4CO free-loss step 100/200: score=7.758062 (avg=7.798979), loss=0.854542 (avg=0.885243), pairs_step=315656, pairs_total=31570645
[2026-03-05 11:35:01,566] INFO:fitness.free_loss_fidelity: RL4CO free-loss step 120/200: score=7.774095 (avg=7.800459), loss=0.908047 (avg=0.886121), pairs_step=315493, pairs_total=37884294
[2026-03-05 11:35:08,329] INFO:fitness.free_loss_fidelity: RL4CO free-loss step 140/200: score=7.832541 (avg=7.801627), loss=0.873972 (avg=0.887545), pairs_step=314990, pairs_total=44194412
[2026-03-05 11:35:15,131] INFO:fitness.free_loss_fidelity: RL4CO free-loss step 160/200: score=7.794990 (avg=7.800863), loss=0.889809 (avg=0.888484), pairs_step=315200, pairs_total=50505668
[2026-03-05 11:35:21,932] INFO:fitness.free_loss_fidelity: RL4CO free-loss step 180/200: score=7.782896 (avg=7.799604), loss=0.869788 (avg=0.887872), pairs_step=315211, pairs_total=56815301
[2026-03-05 11:35:28,720] INFO:fitness.free_loss_fidelity: RL4CO free-loss step 200/200: score=7.809130 (avg=7.798390), loss=0.863189 (avg=0.887400), pairs_step=315767, pairs_total=63125610
[2026-03-05 11:35:29,851] WARNING:fitness.free_loss_fidelity: weights_only checkpoint load failed (UnpicklingError); retrying weights_only=False for /data1/gushengda/eam-rl4co/baseline/epoch_409.ckpt
[2026-03-05 11:35:30,223] INFO:fitness.free_loss_fidelity: Loaded init checkpoint into policy: path=/data1/gushengda/eam-rl4co/baseline/epoch_409.ckpt prefix=policy. matched=97 missing=0 unexpected=0
[2026-03-05 11:35:30,230] INFO:fitness.free_loss_fidelity: RL4CO free-loss (step-mode): f1_steps=200, f2_steps=0, total_steps=200, train_problem_size=100, rollouts=100, batch_size=64, device=cuda:0, env=tsp
[2026-03-05 11:35:30,612] INFO:fitness.free_loss_fidelity: RL4CO free-loss step 1/200: score=7.807477 (avg=7.807477), loss=0.251833 (avg=0.251833), pairs_step=315750, pairs_total=315750
[2026-03-05 11:35:37,043] INFO:fitness.free_loss_fidelity: RL4CO free-loss step 20/200: score=7.782866 (avg=7.807572), loss=0.256680 (avg=0.257960), pairs_step=315898, pairs_total=6318516
[2026-03-05 11:35:43,832] INFO:fitness.free_loss_fidelity: RL4CO free-loss step 40/200: score=7.816972 (avg=7.802763), loss=0.218200 (avg=0.246109), pairs_step=315685, pairs_total=12635425
[2026-03-05 11:35:50,627] INFO:fitness.free_loss_fidelity: RL4CO free-loss step 60/200: score=7.811385 (avg=7.799131), loss=0.232673 (avg=0.237259), pairs_step=315940, pairs_total=18951903
[2026-03-05 11:35:57,394] INFO:fitness.free_loss_fidelity: RL4CO free-loss step 80/200: score=7.795518 (avg=7.797822), loss=0.296714 (avg=0.243135), pairs_step=315847, pairs_total=25269890
[2026-03-05 11:36:04,184] INFO:fitness.free_loss_fidelity: RL4CO free-loss step 100/200: score=7.756165 (avg=7.798362), loss=0.242660 (avg=0.251280), pairs_step=315831, pairs_total=31587348
[2026-03-05 11:36:10,985] INFO:fitness.free_loss_fidelity: RL4CO free-loss step 120/200: score=7.774427 (avg=7.799530), loss=0.201133 (avg=0.244855), pairs_step=315729, pairs_total=37904118
[2026-03-05 11:36:17,774] INFO:fitness.free_loss_fidelity: RL4CO free-loss step 140/200: score=7.822234 (avg=7.800371), loss=0.231789 (avg=0.240643), pairs_step=315250, pairs_total=44220093
[2026-03-05 11:36:24,570] INFO:fitness.free_loss_fidelity: RL4CO free-loss step 160/200: score=7.796646 (avg=7.799504), loss=0.303884 (avg=0.244009), pairs_step=315621, pairs_total=50535348
[2026-03-05 11:36:31,406] INFO:fitness.free_loss_fidelity: RL4CO free-loss step 180/200: score=7.778688 (avg=7.798210), loss=0.245362 (avg=0.248315), pairs_step=315878, pairs_total=56851059
[2026-03-05 11:36:38,251] INFO:fitness.free_loss_fidelity: RL4CO free-loss step 200/200: score=7.812519 (avg=7.796958), loss=0.211864 (avg=0.245887), pairs_step=315724, pairs_total=63165961
[2026-03-05 11:36:39,321] INFO:fitness.free_loss_fidelity: Stage3 offline mini-train DONE gen=4 pair_index=23 score=-0.009448150793711344 any_error=False
