[2026-03-05 13:55:54,257] INFO:fitness.free_loss_fidelity: Stage3 offline mini-train start gen=7 pair_index=1 K=200 seed=12345 valid_sizes=[100] baseline_json=baseline/mini_eval/baseline_minitrain_tsp100_K200.json
[2026-03-05 13:56:01,343] INFO:fitness.free_loss_fidelity: RL4CO free-loss (step-mode): f1_steps=200, f2_steps=0, total_steps=200, train_problem_size=100, rollouts=100, batch_size=64, device=cuda:0, env=tsp
[2026-03-05 13:56:02,762] INFO:fitness.free_loss_fidelity: RL4CO free-loss step 1/200: score=36.122910 (avg=36.122910), loss=4.859471 (avg=4.859471), pairs_step=316800, pairs_total=316800
[2026-03-05 13:56:08,959] INFO:fitness.free_loss_fidelity: RL4CO free-loss step 20/200: score=72.326042 (avg=69.896891), loss=1.230262 (avg=1.451166), pairs_step=316799, pairs_total=6335953
[2026-03-05 13:56:15,467] INFO:fitness.free_loss_fidelity: RL4CO free-loss step 40/200: score=72.410263 (avg=71.030575), loss=1.309645 (avg=1.352207), pairs_step=316795, pairs_total=12671900
[2026-03-05 13:56:21,979] INFO:fitness.free_loss_fidelity: RL4CO free-loss step 60/200: score=70.962540 (avg=71.081870), loss=1.214992 (avg=1.309073), pairs_step=316799, pairs_total=19007867
[2026-03-05 13:56:28,599] INFO:fitness.free_loss_fidelity: RL4CO free-loss step 80/200: score=70.353729 (avg=70.840981), loss=1.173654 (avg=1.287939), pairs_step=316798, pairs_total=25343839
[2026-03-05 13:56:35,176] INFO:fitness.free_loss_fidelity: RL4CO free-loss step 100/200: score=69.485992 (avg=70.599696), loss=1.000103 (avg=1.251441), pairs_step=316799, pairs_total=31679806
[2026-03-05 13:56:41,778] INFO:fitness.free_loss_fidelity: RL4CO free-loss step 120/200: score=68.658348 (avg=70.356546), loss=0.949634 (avg=1.207659), pairs_step=316799, pairs_total=38015780
[2026-03-05 13:56:48,386] INFO:fitness.free_loss_fidelity: RL4CO free-loss step 140/200: score=68.876350 (avg=70.170435), loss=0.878595 (avg=1.162250), pairs_step=316798, pairs_total=44351760
[2026-03-05 13:56:54,992] INFO:fitness.free_loss_fidelity: RL4CO free-loss step 160/200: score=68.790314 (avg=70.005905), loss=0.786949 (avg=1.118608), pairs_step=316800, pairs_total=50687725
[2026-03-05 13:57:01,621] INFO:fitness.free_loss_fidelity: RL4CO free-loss step 180/200: score=67.977386 (avg=69.844982), loss=0.810774 (avg=1.079688), pairs_step=316799, pairs_total=57023702
[2026-03-05 13:57:08,244] INFO:fitness.free_loss_fidelity: RL4CO free-loss step 200/200: score=67.430435 (avg=69.638300), loss=0.826640 (avg=1.051547), pairs_step=316799, pairs_total=63359672
[2026-03-05 13:57:09,371] WARNING:fitness.free_loss_fidelity: weights_only checkpoint load failed (UnpicklingError); retrying weights_only=False for /data1/gushengda/eam-rl4co/baseline/epoch_135.ckpt
[2026-03-05 13:57:09,414] INFO:fitness.free_loss_fidelity: Loaded init checkpoint into policy: path=/data1/gushengda/eam-rl4co/baseline/epoch_135.ckpt prefix=policy. matched=97 missing=0 unexpected=0
[2026-03-05 13:57:09,419] INFO:fitness.free_loss_fidelity: RL4CO free-loss (step-mode): f1_steps=200, f2_steps=0, total_steps=200, train_problem_size=100, rollouts=100, batch_size=64, device=cuda:0, env=tsp
[2026-03-05 13:57:09,800] INFO:fitness.free_loss_fidelity: RL4CO free-loss step 1/200: score=7.803347 (avg=7.803347), loss=0.915941 (avg=0.915941), pairs_step=315697, pairs_total=315697
[2026-03-05 13:57:16,167] INFO:fitness.free_loss_fidelity: RL4CO free-loss step 20/200: score=24.351044 (avg=10.633442), loss=11.280635 (avg=7.425542), pairs_step=316800, pairs_total=6331762
[2026-03-05 13:57:22,755] INFO:fitness.free_loss_fidelity: RL4CO free-loss step 40/200: score=65.792709 (avg=32.537843), loss=2.877116 (avg=6.672656), pairs_step=316799, pairs_total=12667746
[2026-03-05 13:57:29,370] INFO:fitness.free_loss_fidelity: RL4CO free-loss step 60/200: score=51.583576 (avg=40.427246), loss=1.943823 (avg=5.347478), pairs_step=316800, pairs_total=19003737
[2026-03-05 13:57:35,933] INFO:fitness.free_loss_fidelity: RL4CO free-loss step 80/200: score=49.521675 (avg=43.043407), loss=1.031960 (avg=4.366727), pairs_step=316800, pairs_total=25339733
[2026-03-05 13:57:42,505] INFO:fitness.free_loss_fidelity: RL4CO free-loss step 100/200: score=47.451355 (avg=44.032619), loss=1.148223 (avg=3.702400), pairs_step=316800, pairs_total=31675728
[2026-03-05 13:57:49,242] INFO:fitness.free_loss_fidelity: RL4CO free-loss step 120/200: score=49.259563 (avg=44.727322), loss=1.258416 (avg=3.283903), pairs_step=316800, pairs_total=38011728
[2026-03-05 13:57:55,837] INFO:fitness.free_loss_fidelity: RL4CO free-loss step 140/200: score=49.103951 (avg=45.397584), loss=1.004794 (avg=2.983204), pairs_step=316799, pairs_total=44347722
[2026-03-05 13:58:02,409] INFO:fitness.free_loss_fidelity: RL4CO free-loss step 160/200: score=46.667091 (avg=45.738889), loss=1.537285 (avg=2.765979), pairs_step=316800, pairs_total=50683719
[2026-03-05 13:58:08,964] INFO:fitness.free_loss_fidelity: RL4CO free-loss step 180/200: score=46.263130 (avg=45.832584), loss=0.827139 (avg=2.562989), pairs_step=316799, pairs_total=57019718
[2026-03-05 13:58:15,528] INFO:fitness.free_loss_fidelity: RL4CO free-loss step 200/200: score=46.914589 (avg=45.914308), loss=0.762175 (avg=2.386098), pairs_step=316800, pairs_total=63355714
[2026-03-05 13:58:16,648] WARNING:fitness.free_loss_fidelity: weights_only checkpoint load failed (UnpicklingError); retrying weights_only=False for /data1/gushengda/eam-rl4co/baseline/epoch_409.ckpt
[2026-03-05 13:58:16,685] INFO:fitness.free_loss_fidelity: Loaded init checkpoint into policy: path=/data1/gushengda/eam-rl4co/baseline/epoch_409.ckpt prefix=policy. matched=97 missing=0 unexpected=0
[2026-03-05 13:58:16,691] INFO:fitness.free_loss_fidelity: RL4CO free-loss (step-mode): f1_steps=200, f2_steps=0, total_steps=200, train_problem_size=100, rollouts=100, batch_size=64, device=cuda:0, env=tsp
[2026-03-05 13:58:17,027] INFO:fitness.free_loss_fidelity: RL4CO free-loss step 1/200: score=7.807477 (avg=7.807477), loss=13.445542 (avg=13.445542), pairs_step=315750, pairs_total=315750
[2026-03-05 13:58:23,312] INFO:fitness.free_loss_fidelity: RL4CO free-loss step 20/200: score=38.716221 (avg=14.952045), loss=11.563018 (avg=13.405998), pairs_step=316800, pairs_total=6330510
[2026-03-05 13:58:29,899] INFO:fitness.free_loss_fidelity: RL4CO free-loss step 40/200: score=54.704193 (avg=33.243767), loss=1.620141 (avg=8.481246), pairs_step=316800, pairs_total=12666506
[2026-03-05 13:58:36,487] INFO:fitness.free_loss_fidelity: RL4CO free-loss step 60/200: score=53.659103 (avg=40.742247), loss=1.250027 (avg=6.172838), pairs_step=316800, pairs_total=19002504
[2026-03-05 13:58:43,079] INFO:fitness.free_loss_fidelity: RL4CO free-loss step 80/200: score=49.168861 (avg=43.174522), loss=0.999778 (avg=4.875897), pairs_step=316800, pairs_total=25338501
[2026-03-05 13:58:49,686] INFO:fitness.free_loss_fidelity: RL4CO free-loss step 100/200: score=48.952457 (avg=44.329411), loss=0.903763 (avg=4.096880), pairs_step=316800, pairs_total=31674499
[2026-03-05 13:58:56,293] INFO:fitness.free_loss_fidelity: RL4CO free-loss step 120/200: score=48.112896 (avg=45.117688), loss=0.787119 (avg=3.568471), pairs_step=316800, pairs_total=38010496
[2026-03-05 13:59:02,893] INFO:fitness.free_loss_fidelity: RL4CO free-loss step 140/200: score=47.858444 (avg=45.568889), loss=0.613927 (avg=3.168236), pairs_step=316799, pairs_total=44346490
[2026-03-05 13:59:09,562] INFO:fitness.free_loss_fidelity: RL4CO free-loss step 160/200: score=48.075836 (avg=45.873049), loss=0.564095 (avg=2.846111), pairs_step=316800, pairs_total=50682489
[2026-03-05 13:59:16,209] INFO:fitness.free_loss_fidelity: RL4CO free-loss step 180/200: score=48.034828 (avg=46.123550), loss=0.537615 (avg=2.590492), pairs_step=316800, pairs_total=57018488
[2026-03-05 13:59:22,879] INFO:fitness.free_loss_fidelity: RL4CO free-loss step 200/200: score=48.789089 (avg=46.354593), loss=0.448969 (avg=2.379912), pairs_step=316800, pairs_total=63354484
[2026-03-05 13:59:23,961] INFO:fitness.free_loss_fidelity: Stage3 offline mini-train DONE gen=7 pair_index=1 score=46.99754466613134 any_error=False
