[2026-03-05 12:33:58,010] INFO:fitness.free_loss_fidelity: Stage3 offline mini-train start gen=5 pair_index=25 K=200 seed=12345 valid_sizes=[100] baseline_json=baseline/mini_eval/baseline_minitrain_tsp100_K200.json
[2026-03-05 12:34:04,707] INFO:fitness.free_loss_fidelity: RL4CO free-loss (step-mode): f1_steps=200, f2_steps=0, total_steps=200, train_problem_size=100, rollouts=100, batch_size=64, device=cuda:0, env=tsp
[2026-03-05 12:34:06,030] INFO:fitness.free_loss_fidelity: RL4CO free-loss step 1/200: score=36.122910 (avg=36.122910), loss=2.158939 (avg=2.158939), pairs_step=316800, pairs_total=316800
[2026-03-05 12:34:12,237] INFO:fitness.free_loss_fidelity: RL4CO free-loss step 20/200: score=9.919353 (avg=12.674472), loss=1.101526 (avg=1.289612), pairs_step=316799, pairs_total=6335992
[2026-03-05 12:34:18,903] INFO:fitness.free_loss_fidelity: RL4CO free-loss step 40/200: score=9.384312 (avg=11.093784), loss=1.099906 (avg=1.191952), pairs_step=316800, pairs_total=12671987
[2026-03-05 12:34:26,244] INFO:fitness.free_loss_fidelity: RL4CO free-loss step 60/200: score=9.152534 (avg=10.472666), loss=1.095402 (avg=1.157704), pairs_step=316800, pairs_total=19007986
[2026-03-05 12:34:33,609] INFO:fitness.free_loss_fidelity: RL4CO free-loss step 80/200: score=8.938343 (avg=10.116556), loss=1.090465 (avg=1.140436), pairs_step=316800, pairs_total=25343979
[2026-03-05 12:34:40,867] INFO:fitness.free_loss_fidelity: RL4CO free-loss step 100/200: score=8.884731 (avg=9.880258), loss=1.074289 (avg=1.130304), pairs_step=316800, pairs_total=31679976
[2026-03-05 12:34:48,132] INFO:fitness.free_loss_fidelity: RL4CO free-loss step 120/200: score=8.811375 (avg=9.711479), loss=1.082087 (avg=1.123209), pairs_step=316800, pairs_total=38015972
[2026-03-05 12:34:55,343] INFO:fitness.free_loss_fidelity: RL4CO free-loss step 140/200: score=8.769855 (avg=9.578942), loss=1.042115 (avg=1.116195), pairs_step=316800, pairs_total=44351969
[2026-03-05 12:35:02,551] INFO:fitness.free_loss_fidelity: RL4CO free-loss step 160/200: score=8.659047 (avg=9.469344), loss=1.055759 (avg=1.109091), pairs_step=316800, pairs_total=50687965
[2026-03-05 12:35:09,763] INFO:fitness.free_loss_fidelity: RL4CO free-loss step 180/200: score=8.594210 (avg=9.374203), loss=1.027906 (avg=1.102715), pairs_step=316800, pairs_total=57023960
[2026-03-05 12:35:16,979] INFO:fitness.free_loss_fidelity: RL4CO free-loss step 200/200: score=8.521670 (avg=9.293039), loss=1.081729 (avg=1.097152), pairs_step=316800, pairs_total=63359952
[2026-03-05 12:35:18,294] WARNING:fitness.free_loss_fidelity: weights_only checkpoint load failed (UnpicklingError); retrying weights_only=False for /data1/gushengda/eam-rl4co/baseline/epoch_135.ckpt
[2026-03-05 12:35:18,340] INFO:fitness.free_loss_fidelity: Loaded init checkpoint into policy: path=/data1/gushengda/eam-rl4co/baseline/epoch_135.ckpt prefix=policy. matched=97 missing=0 unexpected=0
[2026-03-05 12:35:18,346] INFO:fitness.free_loss_fidelity: RL4CO free-loss (step-mode): f1_steps=200, f2_steps=0, total_steps=200, train_problem_size=100, rollouts=100, batch_size=64, device=cuda:0, env=tsp
[2026-03-05 12:35:18,734] INFO:fitness.free_loss_fidelity: RL4CO free-loss step 1/200: score=7.803347 (avg=7.803347), loss=0.787287 (avg=0.787287), pairs_step=315697, pairs_total=315697
[2026-03-05 12:35:25,603] INFO:fitness.free_loss_fidelity: RL4CO free-loss step 20/200: score=7.779908 (avg=7.808418), loss=0.786763 (avg=0.787624), pairs_step=315883, pairs_total=6316807
[2026-03-05 12:35:32,855] INFO:fitness.free_loss_fidelity: RL4CO free-loss step 40/200: score=7.821070 (avg=7.802632), loss=0.780981 (avg=0.787000), pairs_step=315820, pairs_total=12630992
[2026-03-05 12:35:40,082] INFO:fitness.free_loss_fidelity: RL4CO free-loss step 60/200: score=7.818161 (avg=7.799234), loss=0.778051 (avg=0.785459), pairs_step=315560, pairs_total=18944010
[2026-03-05 12:35:47,317] INFO:fitness.free_loss_fidelity: RL4CO free-loss step 80/200: score=7.796206 (avg=7.798120), loss=0.792464 (avg=0.785419), pairs_step=315610, pairs_total=25255960
[2026-03-05 12:35:54,534] INFO:fitness.free_loss_fidelity: RL4CO free-loss step 100/200: score=7.756802 (avg=7.798742), loss=0.784199 (avg=0.785522), pairs_step=315636, pairs_total=31569511
[2026-03-05 12:36:01,750] INFO:fitness.free_loss_fidelity: RL4CO free-loss step 120/200: score=7.776023 (avg=7.800491), loss=0.787669 (avg=0.785911), pairs_step=315744, pairs_total=37880900
[2026-03-05 12:36:08,966] INFO:fitness.free_loss_fidelity: RL4CO free-loss step 140/200: score=7.828667 (avg=7.801757), loss=0.776569 (avg=0.786006), pairs_step=314988, pairs_total=44192120
[2026-03-05 12:36:16,192] INFO:fitness.free_loss_fidelity: RL4CO free-loss step 160/200: score=7.798969 (avg=7.801086), loss=0.786179 (avg=0.786172), pairs_step=315233, pairs_total=50502306
[2026-03-05 12:36:23,418] INFO:fitness.free_loss_fidelity: RL4CO free-loss step 180/200: score=7.779368 (avg=7.800169), loss=0.785845 (avg=0.785702), pairs_step=315175, pairs_total=56810157
[2026-03-05 12:36:30,654] INFO:fitness.free_loss_fidelity: RL4CO free-loss step 200/200: score=7.807202 (avg=7.799032), loss=0.796793 (avg=0.785356), pairs_step=315156, pairs_total=63118784
[2026-03-05 12:36:31,965] WARNING:fitness.free_loss_fidelity: weights_only checkpoint load failed (UnpicklingError); retrying weights_only=False for /data1/gushengda/eam-rl4co/baseline/epoch_409.ckpt
[2026-03-05 12:36:32,008] INFO:fitness.free_loss_fidelity: Loaded init checkpoint into policy: path=/data1/gushengda/eam-rl4co/baseline/epoch_409.ckpt prefix=policy. matched=97 missing=0 unexpected=0
[2026-03-05 12:36:32,014] INFO:fitness.free_loss_fidelity: RL4CO free-loss (step-mode): f1_steps=200, f2_steps=0, total_steps=200, train_problem_size=100, rollouts=100, batch_size=64, device=cuda:0, env=tsp
[2026-03-05 12:36:32,381] INFO:fitness.free_loss_fidelity: RL4CO free-loss step 1/200: score=7.807477 (avg=7.807477), loss=2.685683 (avg=2.685683), pairs_step=315750, pairs_total=315750
[2026-03-05 12:36:39,243] INFO:fitness.free_loss_fidelity: RL4CO free-loss step 20/200: score=7.780619 (avg=7.809030), loss=3.015970 (avg=2.841301), pairs_step=315290, pairs_total=6316648
[2026-03-05 12:36:46,456] INFO:fitness.free_loss_fidelity: RL4CO free-loss step 40/200: score=7.815993 (avg=7.802918), loss=2.965643 (avg=2.885478), pairs_step=315800, pairs_total=12633808
[2026-03-05 12:36:53,680] INFO:fitness.free_loss_fidelity: RL4CO free-loss step 60/200: score=7.811187 (avg=7.799042), loss=2.764303 (avg=2.934896), pairs_step=315645, pairs_total=18948737
[2026-03-05 12:37:00,976] INFO:fitness.free_loss_fidelity: RL4CO free-loss step 80/200: score=7.802306 (avg=7.797436), loss=2.577783 (avg=2.853031), pairs_step=315616, pairs_total=25264104
[2026-03-05 12:37:07,381] INFO:fitness.free_loss_fidelity: RL4CO free-loss step 100/200: score=7.755854 (avg=7.798289), loss=2.806785 (avg=2.830228), pairs_step=315760, pairs_total=31581013
[2026-03-05 12:37:13,800] INFO:fitness.free_loss_fidelity: RL4CO free-loss step 120/200: score=7.771952 (avg=7.799789), loss=2.840927 (avg=2.837434), pairs_step=315499, pairs_total=37897582
[2026-03-05 12:37:20,232] INFO:fitness.free_loss_fidelity: RL4CO free-loss step 140/200: score=7.823513 (avg=7.800601), loss=2.964694 (avg=2.833754), pairs_step=315873, pairs_total=44210021
[2026-03-05 12:37:26,644] INFO:fitness.free_loss_fidelity: RL4CO free-loss step 160/200: score=7.795557 (avg=7.799679), loss=2.618591 (avg=2.820464), pairs_step=315620, pairs_total=50523379
[2026-03-05 12:37:33,082] INFO:fitness.free_loss_fidelity: RL4CO free-loss step 180/200: score=7.778081 (avg=7.798512), loss=2.745866 (avg=2.809370), pairs_step=315101, pairs_total=56836259
[2026-03-05 12:37:39,490] INFO:fitness.free_loss_fidelity: RL4CO free-loss step 200/200: score=7.812741 (avg=7.797207), loss=2.535679 (avg=2.781770), pairs_step=315505, pairs_total=63150603
[2026-03-05 12:37:40,556] INFO:fitness.free_loss_fidelity: Stage3 offline mini-train DONE gen=5 pair_index=25 score=-0.008869568506876627 any_error=False
