[2026-03-05 12:26:32,299] INFO:fitness.free_loss_fidelity: Stage3 offline mini-train start gen=5 pair_index=17 K=200 seed=12345 valid_sizes=[100] baseline_json=baseline/mini_eval/baseline_minitrain_tsp100_K200.json
[2026-03-05 12:26:39,550] INFO:fitness.free_loss_fidelity: RL4CO free-loss (step-mode): f1_steps=200, f2_steps=0, total_steps=200, train_problem_size=100, rollouts=100, batch_size=64, device=cuda:0, env=tsp
[2026-03-05 12:26:40,947] INFO:fitness.free_loss_fidelity: RL4CO free-loss step 1/200: score=36.122910 (avg=36.122910), loss=0.942688 (avg=0.942688), pairs_step=316800, pairs_total=316800
[2026-03-05 12:26:47,316] INFO:fitness.free_loss_fidelity: RL4CO free-loss step 20/200: score=10.091455 (avg=13.066241), loss=0.572463 (avg=0.619061), pairs_step=316800, pairs_total=6335996
[2026-03-05 12:26:54,104] INFO:fitness.free_loss_fidelity: RL4CO free-loss step 40/200: score=9.569027 (avg=11.419590), loss=0.559615 (avg=0.590075), pairs_step=316800, pairs_total=12671995
[2026-03-05 12:27:01,161] INFO:fitness.free_loss_fidelity: RL4CO free-loss step 60/200: score=9.438713 (avg=10.765833), loss=0.526018 (avg=0.575391), pairs_step=316800, pairs_total=19007989
[2026-03-05 12:27:07,556] INFO:fitness.free_loss_fidelity: RL4CO free-loss step 80/200: score=9.288077 (avg=10.409276), loss=0.532682 (avg=0.563448), pairs_step=316800, pairs_total=25343986
[2026-03-05 12:27:13,999] INFO:fitness.free_loss_fidelity: RL4CO free-loss step 100/200: score=9.181084 (avg=10.176679), loss=0.520744 (avg=0.555109), pairs_step=316800, pairs_total=31679984
[2026-03-05 12:27:20,650] INFO:fitness.free_loss_fidelity: RL4CO free-loss step 120/200: score=9.126867 (avg=10.012130), loss=0.519611 (avg=0.549701), pairs_step=316799, pairs_total=38015978
[2026-03-05 12:27:27,097] INFO:fitness.free_loss_fidelity: RL4CO free-loss step 140/200: score=9.164936 (avg=9.885466), loss=0.521868 (avg=0.545776), pairs_step=316800, pairs_total=44351973
[2026-03-05 12:27:33,608] INFO:fitness.free_loss_fidelity: RL4CO free-loss step 160/200: score=9.038989 (avg=9.782200), loss=0.517388 (avg=0.543222), pairs_step=316800, pairs_total=50687971
[2026-03-05 12:27:40,183] INFO:fitness.free_loss_fidelity: RL4CO free-loss step 180/200: score=8.990229 (avg=9.696537), loss=0.528787 (avg=0.541279), pairs_step=316800, pairs_total=57023962
[2026-03-05 12:27:46,773] INFO:fitness.free_loss_fidelity: RL4CO free-loss step 200/200: score=8.976071 (avg=9.624676), loss=0.518391 (avg=0.539968), pairs_step=316800, pairs_total=63359958
[2026-03-05 12:27:47,896] WARNING:fitness.free_loss_fidelity: weights_only checkpoint load failed (UnpicklingError); retrying weights_only=False for /data1/gushengda/eam-rl4co/baseline/epoch_135.ckpt
[2026-03-05 12:27:47,937] INFO:fitness.free_loss_fidelity: Loaded init checkpoint into policy: path=/data1/gushengda/eam-rl4co/baseline/epoch_135.ckpt prefix=policy. matched=97 missing=0 unexpected=0
[2026-03-05 12:27:47,942] INFO:fitness.free_loss_fidelity: RL4CO free-loss (step-mode): f1_steps=200, f2_steps=0, total_steps=200, train_problem_size=100, rollouts=100, batch_size=64, device=cuda:0, env=tsp
[2026-03-05 12:27:48,291] INFO:fitness.free_loss_fidelity: RL4CO free-loss step 1/200: score=7.803347 (avg=7.803347), loss=0.669376 (avg=0.669376), pairs_step=315697, pairs_total=315697
[2026-03-05 12:27:54,705] INFO:fitness.free_loss_fidelity: RL4CO free-loss step 20/200: score=7.779093 (avg=7.809589), loss=0.664172 (avg=0.666818), pairs_step=316072, pairs_total=6317911
[2026-03-05 12:28:01,911] INFO:fitness.free_loss_fidelity: RL4CO free-loss step 40/200: score=7.816456 (avg=7.803483), loss=0.658396 (avg=0.663760), pairs_step=315938, pairs_total=12636767
[2026-03-05 12:28:09,272] INFO:fitness.free_loss_fidelity: RL4CO free-loss step 60/200: score=7.814771 (avg=7.799781), loss=0.651059 (avg=0.660425), pairs_step=316017, pairs_total=18957033
[2026-03-05 12:28:16,636] INFO:fitness.free_loss_fidelity: RL4CO free-loss step 80/200: score=7.793370 (avg=7.798457), loss=0.636412 (avg=0.657325), pairs_step=316079, pairs_total=25277848
[2026-03-05 12:28:23,986] INFO:fitness.free_loss_fidelity: RL4CO free-loss step 100/200: score=7.755521 (avg=7.798884), loss=0.647904 (avg=0.653969), pairs_step=316059, pairs_total=31599835
[2026-03-05 12:28:31,333] INFO:fitness.free_loss_fidelity: RL4CO free-loss step 120/200: score=7.775974 (avg=7.800189), loss=0.634357 (avg=0.651287), pairs_step=315897, pairs_total=37922105
[2026-03-05 12:28:38,627] INFO:fitness.free_loss_fidelity: RL4CO free-loss step 140/200: score=7.827262 (avg=7.801129), loss=0.630540 (avg=0.649029), pairs_step=316039, pairs_total=44243601
[2026-03-05 12:28:45,830] INFO:fitness.free_loss_fidelity: RL4CO free-loss step 160/200: score=7.792283 (avg=7.800270), loss=0.634692 (avg=0.646586), pairs_step=315771, pairs_total=50565582
[2026-03-05 12:28:53,058] INFO:fitness.free_loss_fidelity: RL4CO free-loss step 180/200: score=7.782375 (avg=7.799070), loss=0.621496 (avg=0.643810), pairs_step=315956, pairs_total=56886686
[2026-03-05 12:29:00,281] INFO:fitness.free_loss_fidelity: RL4CO free-loss step 200/200: score=7.811081 (avg=7.797868), loss=0.600246 (avg=0.641118), pairs_step=316230, pairs_total=63210011
[2026-03-05 12:29:01,572] WARNING:fitness.free_loss_fidelity: weights_only checkpoint load failed (UnpicklingError); retrying weights_only=False for /data1/gushengda/eam-rl4co/baseline/epoch_409.ckpt
[2026-03-05 12:29:01,622] INFO:fitness.free_loss_fidelity: Loaded init checkpoint into policy: path=/data1/gushengda/eam-rl4co/baseline/epoch_409.ckpt prefix=policy. matched=97 missing=0 unexpected=0
[2026-03-05 12:29:01,628] INFO:fitness.free_loss_fidelity: RL4CO free-loss (step-mode): f1_steps=200, f2_steps=0, total_steps=200, train_problem_size=100, rollouts=100, batch_size=64, device=cuda:0, env=tsp
[2026-03-05 12:29:01,992] INFO:fitness.free_loss_fidelity: RL4CO free-loss step 1/200: score=7.807477 (avg=7.807477), loss=0.188473 (avg=0.188473), pairs_step=315750, pairs_total=315750
[2026-03-05 12:29:08,866] INFO:fitness.free_loss_fidelity: RL4CO free-loss step 20/200: score=7.777418 (avg=7.810113), loss=0.177173 (avg=0.180340), pairs_step=316049, pairs_total=6318785
[2026-03-05 12:29:16,158] INFO:fitness.free_loss_fidelity: RL4CO free-loss step 40/200: score=7.814219 (avg=7.802752), loss=0.182447 (avg=0.180930), pairs_step=316071, pairs_total=12638254
[2026-03-05 12:29:23,382] INFO:fitness.free_loss_fidelity: RL4CO free-loss step 60/200: score=7.808823 (avg=7.798892), loss=0.180072 (avg=0.180625), pairs_step=315769, pairs_total=18957418
[2026-03-05 12:29:30,832] INFO:fitness.free_loss_fidelity: RL4CO free-loss step 80/200: score=7.792970 (avg=7.797092), loss=0.173082 (avg=0.179714), pairs_step=316084, pairs_total=25276499
[2026-03-05 12:29:38,109] INFO:fitness.free_loss_fidelity: RL4CO free-loss step 100/200: score=7.755805 (avg=7.797601), loss=0.175749 (avg=0.178421), pairs_step=316132, pairs_total=31598947
[2026-03-05 12:29:45,544] INFO:fitness.free_loss_fidelity: RL4CO free-loss step 120/200: score=7.769546 (avg=7.798888), loss=0.173926 (avg=0.177924), pairs_step=315935, pairs_total=37919434
[2026-03-05 12:29:52,262] INFO:fitness.free_loss_fidelity: RL4CO free-loss step 140/200: score=7.826693 (avg=7.799704), loss=0.179243 (avg=0.177801), pairs_step=315650, pairs_total=44238480
[2026-03-05 12:29:58,598] INFO:fitness.free_loss_fidelity: RL4CO free-loss step 160/200: score=7.789388 (avg=7.798718), loss=0.177983 (avg=0.177905), pairs_step=315912, pairs_total=50557874
[2026-03-05 12:30:04,988] INFO:fitness.free_loss_fidelity: RL4CO free-loss step 180/200: score=7.783327 (avg=7.797498), loss=0.177450 (avg=0.177719), pairs_step=315448, pairs_total=56874816
[2026-03-05 12:30:11,464] INFO:fitness.free_loss_fidelity: RL4CO free-loss step 200/200: score=7.814101 (avg=7.796283), loss=0.170254 (avg=0.177682), pairs_step=315981, pairs_total=63192960
[2026-03-05 12:30:12,530] INFO:fitness.free_loss_fidelity: Stage3 offline mini-train DONE gen=5 pair_index=17 score=0.004769086837768555 any_error=False
