[2026-03-05 13:17:39,270] INFO:fitness.free_loss_fidelity: Stage3 offline mini-train start gen=6 pair_index=1 K=200 seed=12345 valid_sizes=[100] baseline_json=baseline/mini_eval/baseline_minitrain_tsp100_K200.json
[2026-03-05 13:17:46,302] INFO:fitness.free_loss_fidelity: RL4CO free-loss (step-mode): f1_steps=200, f2_steps=0, total_steps=200, train_problem_size=100, rollouts=100, batch_size=64, device=cuda:0, env=tsp
[2026-03-05 13:17:47,630] INFO:fitness.free_loss_fidelity: RL4CO free-loss step 1/200: score=36.122910 (avg=36.122910), loss=4.859471 (avg=4.859471), pairs_step=316800, pairs_total=316800
[2026-03-05 13:17:53,739] INFO:fitness.free_loss_fidelity: RL4CO free-loss step 20/200: score=72.398232 (avg=69.914169), loss=1.194147 (avg=1.449333), pairs_step=316800, pairs_total=6335947
[2026-03-05 13:18:00,210] INFO:fitness.free_loss_fidelity: RL4CO free-loss step 40/200: score=72.401802 (avg=71.043858), loss=1.325526 (avg=1.346774), pairs_step=316798, pairs_total=12671899
[2026-03-05 13:18:06,993] INFO:fitness.free_loss_fidelity: RL4CO free-loss step 60/200: score=71.066177 (avg=71.101344), loss=1.233179 (avg=1.304871), pairs_step=316800, pairs_total=19007859
[2026-03-05 13:18:13,624] INFO:fitness.free_loss_fidelity: RL4CO free-loss step 80/200: score=70.354691 (avg=70.854900), loss=1.215693 (avg=1.287158), pairs_step=316800, pairs_total=25343828
[2026-03-05 13:18:20,272] INFO:fitness.free_loss_fidelity: RL4CO free-loss step 100/200: score=69.376167 (avg=70.603427), loss=1.057154 (avg=1.256307), pairs_step=316800, pairs_total=31679805
[2026-03-05 13:18:26,917] INFO:fitness.free_loss_fidelity: RL4CO free-loss step 120/200: score=68.666290 (avg=70.346636), loss=0.969347 (avg=1.213721), pairs_step=316799, pairs_total=38015779
[2026-03-05 13:18:33,582] INFO:fitness.free_loss_fidelity: RL4CO free-loss step 140/200: score=68.925018 (avg=70.164230), loss=0.875400 (avg=1.167890), pairs_step=316800, pairs_total=44351759
[2026-03-05 13:18:40,243] INFO:fitness.free_loss_fidelity: RL4CO free-loss step 160/200: score=68.556091 (avg=69.990560), loss=0.846744 (avg=1.125808), pairs_step=316799, pairs_total=50687745
[2026-03-05 13:18:46,911] INFO:fitness.free_loss_fidelity: RL4CO free-loss step 180/200: score=67.879768 (avg=69.816300), loss=0.806046 (avg=1.088431), pairs_step=316798, pairs_total=57023720
[2026-03-05 13:18:53,584] INFO:fitness.free_loss_fidelity: RL4CO free-loss step 200/200: score=65.481781 (avg=69.521850), loss=0.998614 (avg=1.065836), pairs_step=316798, pairs_total=63359704
[2026-03-05 13:18:54,692] WARNING:fitness.free_loss_fidelity: weights_only checkpoint load failed (UnpicklingError); retrying weights_only=False for /data1/gushengda/eam-rl4co/baseline/epoch_135.ckpt
[2026-03-05 13:18:54,735] INFO:fitness.free_loss_fidelity: Loaded init checkpoint into policy: path=/data1/gushengda/eam-rl4co/baseline/epoch_135.ckpt prefix=policy. matched=97 missing=0 unexpected=0
[2026-03-05 13:18:54,740] INFO:fitness.free_loss_fidelity: RL4CO free-loss (step-mode): f1_steps=200, f2_steps=0, total_steps=200, train_problem_size=100, rollouts=100, batch_size=64, device=cuda:0, env=tsp
[2026-03-05 13:18:55,087] INFO:fitness.free_loss_fidelity: RL4CO free-loss step 1/200: score=7.803347 (avg=7.803347), loss=0.915941 (avg=0.915941), pairs_step=315697, pairs_total=315697
[2026-03-05 13:19:01,372] INFO:fitness.free_loss_fidelity: RL4CO free-loss step 20/200: score=25.633059 (avg=10.615378), loss=8.960351 (avg=7.058354), pairs_step=316799, pairs_total=6331933
[2026-03-05 13:19:08,027] INFO:fitness.free_loss_fidelity: RL4CO free-loss step 40/200: score=58.776283 (avg=30.845035), loss=3.354343 (avg=6.100537), pairs_step=316799, pairs_total=12667926
[2026-03-05 13:19:14,661] INFO:fitness.free_loss_fidelity: RL4CO free-loss step 60/200: score=50.230507 (avg=38.095729), loss=1.541149 (avg=4.955521), pairs_step=316800, pairs_total=19003921
[2026-03-05 13:19:21,312] INFO:fitness.free_loss_fidelity: RL4CO free-loss step 80/200: score=47.253628 (avg=40.583546), loss=1.481853 (avg=4.025088), pairs_step=316800, pairs_total=25339920
[2026-03-05 13:19:27,955] INFO:fitness.free_loss_fidelity: RL4CO free-loss step 100/200: score=46.439976 (avg=41.873899), loss=1.935286 (avg=3.513084), pairs_step=316800, pairs_total=31675917
[2026-03-05 13:19:34,617] INFO:fitness.free_loss_fidelity: RL4CO free-loss step 120/200: score=46.412418 (avg=42.654208), loss=0.782466 (avg=3.105377), pairs_step=316799, pairs_total=38011913
[2026-03-05 13:19:41,270] INFO:fitness.free_loss_fidelity: RL4CO free-loss step 140/200: score=46.720787 (avg=43.215344), loss=0.855161 (avg=2.787978), pairs_step=316800, pairs_total=44347907
[2026-03-05 13:19:47,918] INFO:fitness.free_loss_fidelity: RL4CO free-loss step 160/200: score=46.750244 (avg=43.644887), loss=1.326667 (avg=2.639688), pairs_step=316800, pairs_total=50683904
[2026-03-05 13:19:54,566] INFO:fitness.free_loss_fidelity: RL4CO free-loss step 180/200: score=46.252872 (avg=43.971739), loss=0.823319 (avg=2.451676), pairs_step=316799, pairs_total=57019902
[2026-03-05 13:20:01,257] INFO:fitness.free_loss_fidelity: RL4CO free-loss step 200/200: score=46.893494 (avg=44.237638), loss=0.940405 (avg=2.289281), pairs_step=316800, pairs_total=63355897
[2026-03-05 13:20:02,361] WARNING:fitness.free_loss_fidelity: weights_only checkpoint load failed (UnpicklingError); retrying weights_only=False for /data1/gushengda/eam-rl4co/baseline/epoch_409.ckpt
[2026-03-05 13:20:02,399] INFO:fitness.free_loss_fidelity: Loaded init checkpoint into policy: path=/data1/gushengda/eam-rl4co/baseline/epoch_409.ckpt prefix=policy. matched=97 missing=0 unexpected=0
[2026-03-05 13:20:02,404] INFO:fitness.free_loss_fidelity: RL4CO free-loss (step-mode): f1_steps=200, f2_steps=0, total_steps=200, train_problem_size=100, rollouts=100, batch_size=64, device=cuda:0, env=tsp
[2026-03-05 13:20:02,794] INFO:fitness.free_loss_fidelity: RL4CO free-loss step 1/200: score=7.807477 (avg=7.807477), loss=13.445542 (avg=13.445542), pairs_step=315750, pairs_total=315750
[2026-03-05 13:20:09,094] INFO:fitness.free_loss_fidelity: RL4CO free-loss step 20/200: score=38.791821 (avg=15.050922), loss=11.210106 (avg=13.417401), pairs_step=316800, pairs_total=6330720
[2026-03-05 13:20:15,699] INFO:fitness.free_loss_fidelity: RL4CO free-loss step 40/200: score=54.272240 (avg=33.408686), loss=1.336456 (avg=8.351272), pairs_step=316800, pairs_total=12666713
[2026-03-05 13:20:22,326] INFO:fitness.free_loss_fidelity: RL4CO free-loss step 60/200: score=50.298698 (avg=39.838345), loss=1.185216 (avg=5.992793), pairs_step=316799, pairs_total=19002710
[2026-03-05 13:20:28,955] INFO:fitness.free_loss_fidelity: RL4CO free-loss step 80/200: score=48.768761 (avg=42.112802), loss=1.397970 (avg=4.822186), pairs_step=316800, pairs_total=25338707
[2026-03-05 13:20:35,621] INFO:fitness.free_loss_fidelity: RL4CO free-loss step 100/200: score=47.617989 (avg=43.291903), loss=0.977678 (avg=4.107915), pairs_step=316800, pairs_total=31674706
[2026-03-05 13:20:42,269] INFO:fitness.free_loss_fidelity: RL4CO free-loss step 120/200: score=47.341354 (avg=43.971952), loss=0.695349 (avg=3.562855), pairs_step=316799, pairs_total=38010701
[2026-03-05 13:20:48,922] INFO:fitness.free_loss_fidelity: RL4CO free-loss step 140/200: score=47.299118 (avg=44.458146), loss=0.843090 (avg=3.162159), pairs_step=316800, pairs_total=44346698
[2026-03-05 13:20:55,756] INFO:fitness.free_loss_fidelity: RL4CO free-loss step 160/200: score=47.229607 (avg=44.826387), loss=0.672652 (avg=2.865339), pairs_step=316800, pairs_total=50682694
[2026-03-05 13:21:02,399] INFO:fitness.free_loss_fidelity: RL4CO free-loss step 180/200: score=46.982651 (avg=45.132199), loss=0.690013 (avg=2.629666), pairs_step=316800, pairs_total=57018692
[2026-03-05 13:21:09,218] INFO:fitness.free_loss_fidelity: RL4CO free-loss step 200/200: score=47.659775 (avg=45.347383), loss=0.606806 (avg=2.435805), pairs_step=316800, pairs_total=63354689
[2026-03-05 13:21:10,288] INFO:fitness.free_loss_fidelity: Stage3 offline mini-train DONE gen=6 pair_index=1 score=43.35399315754572 any_error=False
