[2026-03-05 14:03:07,888] INFO:fitness.free_loss_fidelity: Stage3 offline mini-train start gen=7 pair_index=13 K=200 seed=12345 valid_sizes=[100] baseline_json=baseline/mini_eval/baseline_minitrain_tsp100_K200.json
[2026-03-05 14:03:14,997] INFO:fitness.free_loss_fidelity: RL4CO free-loss (step-mode): f1_steps=200, f2_steps=0, total_steps=200, train_problem_size=100, rollouts=100, batch_size=64, device=cuda:0, env=tsp
[2026-03-05 14:03:16,350] INFO:fitness.free_loss_fidelity: RL4CO free-loss step 1/200: score=36.122910 (avg=36.122910), loss=0.707730 (avg=0.707730), pairs_step=316800, pairs_total=316800
[2026-03-05 14:03:22,512] INFO:fitness.free_loss_fidelity: RL4CO free-loss step 20/200: score=9.929873 (avg=12.542791), loss=0.630414 (avg=0.632767), pairs_step=316800, pairs_total=6335995
[2026-03-05 14:03:29,014] INFO:fitness.free_loss_fidelity: RL4CO free-loss step 40/200: score=9.386106 (avg=11.015049), loss=0.633640 (avg=0.634105), pairs_step=316800, pairs_total=12671991
[2026-03-05 14:03:35,468] INFO:fitness.free_loss_fidelity: RL4CO free-loss step 60/200: score=9.144035 (avg=10.416191), loss=0.630444 (avg=0.634053), pairs_step=316800, pairs_total=19007987
[2026-03-05 14:03:41,756] INFO:fitness.free_loss_fidelity: RL4CO free-loss step 80/200: score=8.942341 (avg=10.071270), loss=0.628053 (avg=0.632559), pairs_step=316800, pairs_total=25343984
[2026-03-05 14:03:48,035] INFO:fitness.free_loss_fidelity: RL4CO free-loss step 100/200: score=8.780727 (avg=9.835947), loss=0.621867 (avg=0.631494), pairs_step=316800, pairs_total=31679980
[2026-03-05 14:03:54,319] INFO:fitness.free_loss_fidelity: RL4CO free-loss step 120/200: score=8.712137 (avg=9.663842), loss=0.627638 (avg=0.630726), pairs_step=316800, pairs_total=38015973
[2026-03-05 14:04:00,603] INFO:fitness.free_loss_fidelity: RL4CO free-loss step 140/200: score=8.683117 (avg=9.523915), loss=0.631533 (avg=0.630990), pairs_step=316800, pairs_total=44351966
[2026-03-05 14:04:06,886] INFO:fitness.free_loss_fidelity: RL4CO free-loss step 160/200: score=8.548021 (avg=9.405973), loss=0.635501 (avg=0.631628), pairs_step=316800, pairs_total=50687960
[2026-03-05 14:04:13,174] INFO:fitness.free_loss_fidelity: RL4CO free-loss step 180/200: score=8.477530 (avg=9.307133), loss=0.635348 (avg=0.632310), pairs_step=316799, pairs_total=57023955
[2026-03-05 14:04:19,463] INFO:fitness.free_loss_fidelity: RL4CO free-loss step 200/200: score=8.482426 (avg=9.223262), loss=0.644628 (avg=0.633106), pairs_step=316800, pairs_total=63359950
[2026-03-05 14:04:20,570] WARNING:fitness.free_loss_fidelity: weights_only checkpoint load failed (UnpicklingError); retrying weights_only=False for /data1/gushengda/eam-rl4co/baseline/epoch_135.ckpt
[2026-03-05 14:04:20,614] INFO:fitness.free_loss_fidelity: Loaded init checkpoint into policy: path=/data1/gushengda/eam-rl4co/baseline/epoch_135.ckpt prefix=policy. matched=97 missing=0 unexpected=0
[2026-03-05 14:04:20,620] INFO:fitness.free_loss_fidelity: RL4CO free-loss (step-mode): f1_steps=200, f2_steps=0, total_steps=200, train_problem_size=100, rollouts=100, batch_size=64, device=cuda:0, env=tsp
[2026-03-05 14:04:20,948] INFO:fitness.free_loss_fidelity: RL4CO free-loss step 1/200: score=7.803347 (avg=7.803347), loss=0.681089 (avg=0.681089), pairs_step=315697, pairs_total=315697
[2026-03-05 14:04:26,938] INFO:fitness.free_loss_fidelity: RL4CO free-loss step 20/200: score=7.778481 (avg=7.807365), loss=0.682266 (avg=0.681295), pairs_step=315718, pairs_total=6315499
[2026-03-05 14:04:33,237] INFO:fitness.free_loss_fidelity: RL4CO free-loss step 40/200: score=7.822009 (avg=7.802398), loss=0.683987 (avg=0.681648), pairs_step=316031, pairs_total=12630501
[2026-03-05 14:04:39,543] INFO:fitness.free_loss_fidelity: RL4CO free-loss step 60/200: score=7.810425 (avg=7.799279), loss=0.682417 (avg=0.681622), pairs_step=315620, pairs_total=18942617
[2026-03-05 14:04:45,845] INFO:fitness.free_loss_fidelity: RL4CO free-loss step 80/200: score=7.797163 (avg=7.797955), loss=0.681574 (avg=0.681656), pairs_step=315650, pairs_total=25256554
[2026-03-05 14:04:52,137] INFO:fitness.free_loss_fidelity: RL4CO free-loss step 100/200: score=7.762733 (avg=7.798856), loss=0.682279 (avg=0.681789), pairs_step=315677, pairs_total=31571811
[2026-03-05 14:04:58,444] INFO:fitness.free_loss_fidelity: RL4CO free-loss step 120/200: score=7.768869 (avg=7.800317), loss=0.682420 (avg=0.681856), pairs_step=315740, pairs_total=37885510
[2026-03-05 14:05:04,739] INFO:fitness.free_loss_fidelity: RL4CO free-loss step 140/200: score=7.832384 (avg=7.801381), loss=0.683152 (avg=0.681957), pairs_step=315576, pairs_total=44196366
[2026-03-05 14:05:11,044] INFO:fitness.free_loss_fidelity: RL4CO free-loss step 160/200: score=7.794901 (avg=7.800677), loss=0.682874 (avg=0.681991), pairs_step=315448, pairs_total=50507007
[2026-03-05 14:05:17,340] INFO:fitness.free_loss_fidelity: RL4CO free-loss step 180/200: score=7.785841 (avg=7.799721), loss=0.681904 (avg=0.682020), pairs_step=314942, pairs_total=56816649
[2026-03-05 14:05:23,642] INFO:fitness.free_loss_fidelity: RL4CO free-loss step 200/200: score=7.810452 (avg=7.798623), loss=0.681898 (avg=0.682043), pairs_step=315149, pairs_total=63127809
[2026-03-05 14:05:24,747] WARNING:fitness.free_loss_fidelity: weights_only checkpoint load failed (UnpicklingError); retrying weights_only=False for /data1/gushengda/eam-rl4co/baseline/epoch_409.ckpt
[2026-03-05 14:05:24,785] INFO:fitness.free_loss_fidelity: Loaded init checkpoint into policy: path=/data1/gushengda/eam-rl4co/baseline/epoch_409.ckpt prefix=policy. matched=97 missing=0 unexpected=0
[2026-03-05 14:05:24,790] INFO:fitness.free_loss_fidelity: RL4CO free-loss (step-mode): f1_steps=200, f2_steps=0, total_steps=200, train_problem_size=100, rollouts=100, batch_size=64, device=cuda:0, env=tsp
[2026-03-05 14:05:25,117] INFO:fitness.free_loss_fidelity: RL4CO free-loss step 1/200: score=7.807477 (avg=7.807477), loss=0.304167 (avg=0.304167), pairs_step=315750, pairs_total=315750
[2026-03-05 14:05:31,107] INFO:fitness.free_loss_fidelity: RL4CO free-loss step 20/200: score=7.787060 (avg=7.809352), loss=0.264809 (avg=0.287108), pairs_step=315888, pairs_total=6317245
[2026-03-05 14:05:37,412] INFO:fitness.free_loss_fidelity: RL4CO free-loss step 40/200: score=7.814802 (avg=7.803589), loss=0.352843 (avg=0.292977), pairs_step=315964, pairs_total=12632753
[2026-03-05 14:05:43,715] INFO:fitness.free_loss_fidelity: RL4CO free-loss step 60/200: score=7.813047 (avg=7.799878), loss=0.334990 (avg=0.313665), pairs_step=315343, pairs_total=18947290
[2026-03-05 14:05:50,022] INFO:fitness.free_loss_fidelity: RL4CO free-loss step 80/200: score=7.798442 (avg=7.798840), loss=0.305786 (avg=0.312949), pairs_step=315609, pairs_total=25261831
[2026-03-05 14:05:56,326] INFO:fitness.free_loss_fidelity: RL4CO free-loss step 100/200: score=7.760274 (avg=7.799449), loss=0.370586 (avg=0.316552), pairs_step=315673, pairs_total=31577289
[2026-03-05 14:06:02,626] INFO:fitness.free_loss_fidelity: RL4CO free-loss step 120/200: score=7.779213 (avg=7.801077), loss=0.299967 (avg=0.319692), pairs_step=315791, pairs_total=37889963
[2026-03-05 14:06:08,927] INFO:fitness.free_loss_fidelity: RL4CO free-loss step 140/200: score=7.825917 (avg=7.802164), loss=0.366709 (avg=0.322073), pairs_step=315546, pairs_total=44202342
[2026-03-05 14:06:15,221] INFO:fitness.free_loss_fidelity: RL4CO free-loss step 160/200: score=7.799618 (avg=7.801308), loss=0.280181 (avg=0.323596), pairs_step=315741, pairs_total=50513992
[2026-03-05 14:06:21,542] INFO:fitness.free_loss_fidelity: RL4CO free-loss step 180/200: score=7.784030 (avg=7.800136), loss=0.291704 (avg=0.317402), pairs_step=315000, pairs_total=56825311
[2026-03-05 14:06:28,126] INFO:fitness.free_loss_fidelity: RL4CO free-loss step 200/200: score=7.811854 (avg=7.798732), loss=0.371574 (avg=0.321769), pairs_step=315386, pairs_total=63134498
[2026-03-05 14:06:29,183] INFO:fitness.free_loss_fidelity: Stage3 offline mini-train DONE gen=7 pair_index=13 score=-0.0010072588920593262 any_error=False
