[2026-03-05 08:52:05,592] INFO:fitness.free_loss_fidelity: Stage3 offline mini-train start gen=0 pair_index=2 K=1000 seed=12345 valid_sizes=[100] baseline_json=baseline/mini_eval/baseline_minitrain_tsp100_K1000.json
[2026-03-05 08:52:12,994] INFO:fitness.free_loss_fidelity: RL4CO free-loss (step-mode): f1_steps=1000, f2_steps=0, total_steps=1000, train_problem_size=100, rollouts=100, batch_size=64, device=cuda:0, env=tsp
[2026-03-05 08:52:14,468] INFO:fitness.free_loss_fidelity: RL4CO free-loss step 1/1000: score=36.122910 (avg=36.122910), loss=0.769720 (avg=0.769720), pairs_step=316800, pairs_total=316800
[2026-03-05 08:52:48,620] INFO:fitness.free_loss_fidelity: RL4CO free-loss step 100/1000: score=8.714075 (avg=9.764151), loss=0.715166 (avg=0.717273), pairs_step=316800, pairs_total=31679978
[2026-03-05 08:53:22,064] INFO:fitness.free_loss_fidelity: RL4CO free-loss step 200/1000: score=8.387470 (avg=9.143186), loss=0.712600 (avg=0.715216), pairs_step=316799, pairs_total=63359943
[2026-03-05 08:53:55,382] INFO:fitness.free_loss_fidelity: RL4CO free-loss step 300/1000: score=8.275221 (avg=8.870341), loss=0.707641 (avg=0.713413), pairs_step=316799, pairs_total=95039917
[2026-03-05 08:54:29,528] INFO:fitness.free_loss_fidelity: RL4CO free-loss step 400/1000: score=8.244886 (avg=8.712422), loss=0.707183 (avg=0.712153), pairs_step=316800, pairs_total=126719882
[2026-03-05 08:55:05,927] INFO:fitness.free_loss_fidelity: RL4CO free-loss step 500/1000: score=8.158010 (avg=8.606391), loss=0.707564 (avg=0.711169), pairs_step=316800, pairs_total=158399847
[2026-03-05 08:55:42,042] INFO:fitness.free_loss_fidelity: RL4CO free-loss step 600/1000: score=8.137224 (avg=8.531444), loss=0.706347 (avg=0.710427), pairs_step=316800, pairs_total=190079798
[2026-03-05 08:56:18,121] INFO:fitness.free_loss_fidelity: RL4CO free-loss step 700/1000: score=8.138660 (avg=8.474670), loss=0.705831 (avg=0.709818), pairs_step=316800, pairs_total=221759764
[2026-03-05 08:56:54,183] INFO:fitness.free_loss_fidelity: RL4CO free-loss step 800/1000: score=8.102251 (avg=8.430679), loss=0.706134 (avg=0.709325), pairs_step=316800, pairs_total=253439727
[2026-03-05 08:57:30,199] INFO:fitness.free_loss_fidelity: RL4CO free-loss step 900/1000: score=8.128119 (avg=8.394467), loss=0.704608 (avg=0.708898), pairs_step=316800, pairs_total=285119683
[2026-03-05 08:58:06,247] INFO:fitness.free_loss_fidelity: RL4CO free-loss step 1000/1000: score=8.104887 (avg=8.364133), loss=0.704936 (avg=0.708516), pairs_step=316799, pairs_total=316799640
[2026-03-05 08:58:07,555] WARNING:fitness.free_loss_fidelity: weights_only checkpoint load failed (UnpicklingError); retrying weights_only=False for /data1/gushengda/eam-rl4co/baseline/epoch_135.ckpt
[2026-03-05 08:58:07,605] INFO:fitness.free_loss_fidelity: Loaded init checkpoint into policy: path=/data1/gushengda/eam-rl4co/baseline/epoch_135.ckpt prefix=policy. matched=97 missing=0 unexpected=0
[2026-03-05 08:58:07,610] INFO:fitness.free_loss_fidelity: RL4CO free-loss (step-mode): f1_steps=1000, f2_steps=0, total_steps=1000, train_problem_size=100, rollouts=100, batch_size=64, device=cuda:0, env=tsp
[2026-03-05 08:58:07,996] INFO:fitness.free_loss_fidelity: RL4CO free-loss step 1/1000: score=7.803347 (avg=7.803347), loss=0.693915 (avg=0.693915), pairs_step=315697, pairs_total=315697
[2026-03-05 08:58:43,689] INFO:fitness.free_loss_fidelity: RL4CO free-loss step 100/1000: score=7.760747 (avg=7.799901), loss=0.695063 (avg=0.694194), pairs_step=315437, pairs_total=31566713
[2026-03-05 08:59:19,900] INFO:fitness.free_loss_fidelity: RL4CO free-loss step 200/1000: score=7.808226 (avg=7.799469), loss=0.700688 (avg=0.695396), pairs_step=315200, pairs_total=63109492
[2026-03-05 08:59:55,987] INFO:fitness.free_loss_fidelity: RL4CO free-loss step 300/1000: score=7.806587 (avg=7.800233), loss=0.701985 (avg=0.696702), pairs_step=315194, pairs_total=94644282
[2026-03-05 09:00:32,059] INFO:fitness.free_loss_fidelity: RL4CO free-loss step 400/1000: score=7.821114 (avg=7.799990), loss=0.704471 (avg=0.698762), pairs_step=314665, pairs_total=126168694
[2026-03-05 09:01:08,150] INFO:fitness.free_loss_fidelity: RL4CO free-loss step 500/1000: score=7.777610 (avg=7.799194), loss=0.710893 (avg=0.700368), pairs_step=315133, pairs_total=157673205
[2026-03-05 09:01:44,221] INFO:fitness.free_loss_fidelity: RL4CO free-loss step 600/1000: score=7.766631 (avg=7.798644), loss=0.716533 (avg=0.702547), pairs_step=314965, pairs_total=189168956
[2026-03-05 09:02:20,282] INFO:fitness.free_loss_fidelity: RL4CO free-loss step 700/1000: score=7.807653 (avg=7.798484), loss=0.715126 (avg=0.704698), pairs_step=314398, pairs_total=220656921
[2026-03-05 09:02:56,311] INFO:fitness.free_loss_fidelity: RL4CO free-loss step 800/1000: score=7.795209 (avg=7.798407), loss=0.725570 (avg=0.706578), pairs_step=314496, pairs_total=252141190
[2026-03-05 09:03:32,520] INFO:fitness.free_loss_fidelity: RL4CO free-loss step 900/1000: score=7.829846 (avg=7.798254), loss=0.721689 (avg=0.708385), pairs_step=315136, pairs_total=283615999
[2026-03-05 09:04:08,552] INFO:fitness.free_loss_fidelity: RL4CO free-loss step 1000/1000: score=7.824784 (avg=7.797789), loss=0.735761 (avg=0.710550), pairs_step=315151, pairs_total=315076255
[2026-03-05 09:04:09,858] WARNING:fitness.free_loss_fidelity: weights_only checkpoint load failed (UnpicklingError); retrying weights_only=False for /data1/gushengda/eam-rl4co/baseline/epoch_409.ckpt
[2026-03-05 09:04:09,903] INFO:fitness.free_loss_fidelity: Loaded init checkpoint into policy: path=/data1/gushengda/eam-rl4co/baseline/epoch_409.ckpt prefix=policy. matched=97 missing=0 unexpected=0
[2026-03-05 09:04:09,908] INFO:fitness.free_loss_fidelity: RL4CO free-loss (step-mode): f1_steps=1000, f2_steps=0, total_steps=1000, train_problem_size=100, rollouts=100, batch_size=64, device=cuda:0, env=tsp
[2026-03-05 09:04:10,283] INFO:fitness.free_loss_fidelity: RL4CO free-loss step 1/1000: score=7.807477 (avg=7.807477), loss=0.787412 (avg=0.787412), pairs_step=315750, pairs_total=315750
[2026-03-05 09:04:46,010] INFO:fitness.free_loss_fidelity: RL4CO free-loss step 100/1000: score=7.759366 (avg=7.800075), loss=0.697626 (avg=0.707030), pairs_step=315662, pairs_total=31559759
[2026-03-05 09:05:22,115] INFO:fitness.free_loss_fidelity: RL4CO free-loss step 200/1000: score=7.811892 (avg=7.799328), loss=0.722720 (avg=0.707423), pairs_step=315256, pairs_total=63077119
[2026-03-05 09:05:58,166] INFO:fitness.free_loss_fidelity: RL4CO free-loss step 300/1000: score=7.810413 (avg=7.799926), loss=0.769591 (avg=0.720290), pairs_step=315016, pairs_total=94560418
[2026-03-05 09:06:34,206] INFO:fitness.free_loss_fidelity: RL4CO free-loss step 400/1000: score=7.820907 (avg=7.799480), loss=0.798496 (avg=0.736699), pairs_step=314547, pairs_total=126021566
[2026-03-05 09:07:10,480] INFO:fitness.free_loss_fidelity: RL4CO free-loss step 500/1000: score=7.773969 (avg=7.798342), loss=0.816329 (avg=0.748728), pairs_step=314384, pairs_total=157461804
[2026-03-05 09:07:46,568] INFO:fitness.free_loss_fidelity: RL4CO free-loss step 600/1000: score=7.757604 (avg=7.797589), loss=0.807490 (avg=0.759424), pairs_step=314191, pairs_total=188877239
[2026-03-05 09:08:22,645] INFO:fitness.free_loss_fidelity: RL4CO free-loss step 700/1000: score=7.809470 (avg=7.797329), loss=0.812284 (avg=0.766578), pairs_step=313705, pairs_total=220279458
[2026-03-05 09:08:58,682] INFO:fitness.free_loss_fidelity: RL4CO free-loss step 800/1000: score=7.793837 (avg=7.797073), loss=0.801809 (avg=0.770824), pairs_step=313284, pairs_total=251659066
[2026-03-05 09:09:33,082] INFO:fitness.free_loss_fidelity: RL4CO free-loss step 900/1000: score=7.830089 (avg=7.796580), loss=0.785471 (avg=0.773241), pairs_step=313811, pairs_total=282995474
[2026-03-05 09:10:04,957] INFO:fitness.free_loss_fidelity: RL4CO free-loss step 1000/1000: score=7.827697 (avg=7.796072), loss=0.786769 (avg=0.774961), pairs_step=313462, pairs_total=314308521
[2026-03-05 09:10:06,019] INFO:fitness.free_loss_fidelity: Stage3 offline mini-train DONE gen=0 pair_index=2 score=0.0035752058029174805 any_error=False
