[2026-03-05 10:08:38,361] INFO:fitness.free_loss_fidelity: Stage3 offline mini-train start gen=2 pair_index=12 K=200 seed=12345 valid_sizes=[100] baseline_json=baseline/mini_eval/baseline_minitrain_tsp100_K200.json
[2026-03-05 10:08:45,278] INFO:fitness.free_loss_fidelity: RL4CO free-loss (step-mode): f1_steps=200, f2_steps=0, total_steps=200, train_problem_size=100, rollouts=100, batch_size=64, device=cuda:0, env=tsp
[2026-03-05 10:08:46,617] INFO:fitness.free_loss_fidelity: RL4CO free-loss step 1/200: score=36.122910 (avg=36.122910), loss=2.158939 (avg=2.158939), pairs_step=316800, pairs_total=316800
[2026-03-05 10:08:53,100] INFO:fitness.free_loss_fidelity: RL4CO free-loss step 20/200: score=9.962023 (avg=12.691558), loss=1.110716 (avg=1.295770), pairs_step=316800, pairs_total=6335997
[2026-03-05 10:08:59,823] INFO:fitness.free_loss_fidelity: RL4CO free-loss step 40/200: score=9.392061 (avg=11.108648), loss=1.078994 (avg=1.196886), pairs_step=316799, pairs_total=12671991
[2026-03-05 10:09:06,992] INFO:fitness.free_loss_fidelity: RL4CO free-loss step 60/200: score=9.171730 (avg=10.481560), loss=1.107787 (avg=1.161799), pairs_step=316800, pairs_total=19007987
[2026-03-05 10:09:14,397] INFO:fitness.free_loss_fidelity: RL4CO free-loss step 80/200: score=8.983549 (avg=10.125078), loss=1.089074 (avg=1.144344), pairs_step=316800, pairs_total=25343981
[2026-03-05 10:09:21,061] INFO:fitness.free_loss_fidelity: RL4CO free-loss step 100/200: score=8.847678 (avg=9.888929), loss=1.073103 (avg=1.134163), pairs_step=316799, pairs_total=31679976
[2026-03-05 10:09:27,763] INFO:fitness.free_loss_fidelity: RL4CO free-loss step 120/200: score=8.782095 (avg=9.719537), loss=1.097781 (avg=1.125705), pairs_step=316800, pairs_total=38015973
[2026-03-05 10:09:34,358] INFO:fitness.free_loss_fidelity: RL4CO free-loss step 140/200: score=8.775192 (avg=9.585435), loss=1.091785 (avg=1.118794), pairs_step=316799, pairs_total=44351962
[2026-03-05 10:09:40,931] INFO:fitness.free_loss_fidelity: RL4CO free-loss step 160/200: score=8.644643 (avg=9.475426), loss=1.064884 (avg=1.112278), pairs_step=316800, pairs_total=50687953
[2026-03-05 10:09:47,497] INFO:fitness.free_loss_fidelity: RL4CO free-loss step 180/200: score=8.583506 (avg=9.379786), loss=1.031810 (avg=1.106516), pairs_step=316800, pairs_total=57023951
[2026-03-05 10:09:54,077] INFO:fitness.free_loss_fidelity: RL4CO free-loss step 200/200: score=8.557940 (avg=9.296447), loss=1.036651 (avg=1.100098), pairs_step=316800, pairs_total=63359949
[2026-03-05 10:09:55,190] WARNING:fitness.free_loss_fidelity: weights_only checkpoint load failed (UnpicklingError); retrying weights_only=False for /data1/gushengda/eam-rl4co/baseline/epoch_135.ckpt
[2026-03-05 10:09:55,232] INFO:fitness.free_loss_fidelity: Loaded init checkpoint into policy: path=/data1/gushengda/eam-rl4co/baseline/epoch_135.ckpt prefix=policy. matched=97 missing=0 unexpected=0
[2026-03-05 10:09:55,237] INFO:fitness.free_loss_fidelity: RL4CO free-loss (step-mode): f1_steps=200, f2_steps=0, total_steps=200, train_problem_size=100, rollouts=100, batch_size=64, device=cuda:0, env=tsp
[2026-03-05 10:09:55,596] INFO:fitness.free_loss_fidelity: RL4CO free-loss step 1/200: score=7.803347 (avg=7.803347), loss=0.787287 (avg=0.787287), pairs_step=315697, pairs_total=315697
[2026-03-05 10:10:01,858] INFO:fitness.free_loss_fidelity: RL4CO free-loss step 20/200: score=7.778676 (avg=7.810109), loss=0.798437 (avg=0.790116), pairs_step=315776, pairs_total=6316240
[2026-03-05 10:10:08,457] INFO:fitness.free_loss_fidelity: RL4CO free-loss step 40/200: score=7.813063 (avg=7.803229), loss=0.776915 (avg=0.789216), pairs_step=315853, pairs_total=12629531
[2026-03-05 10:10:15,167] INFO:fitness.free_loss_fidelity: RL4CO free-loss step 60/200: score=7.812853 (avg=7.799736), loss=0.769370 (avg=0.786351), pairs_step=315510, pairs_total=18940220
[2026-03-05 10:10:22,569] INFO:fitness.free_loss_fidelity: RL4CO free-loss step 80/200: score=7.795344 (avg=7.798149), loss=0.791723 (avg=0.786803), pairs_step=315826, pairs_total=25254148
[2026-03-05 10:10:29,310] INFO:fitness.free_loss_fidelity: RL4CO free-loss step 100/200: score=7.752884 (avg=7.798919), loss=0.784288 (avg=0.787126), pairs_step=315461, pairs_total=31568369
[2026-03-05 10:10:36,571] INFO:fitness.free_loss_fidelity: RL4CO free-loss step 120/200: score=7.770950 (avg=7.800474), loss=0.787430 (avg=0.786388), pairs_step=315430, pairs_total=37880462
[2026-03-05 10:10:44,005] INFO:fitness.free_loss_fidelity: RL4CO free-loss step 140/200: score=7.828028 (avg=7.801577), loss=0.780416 (avg=0.786640), pairs_step=315445, pairs_total=44192240
[2026-03-05 10:10:50,594] INFO:fitness.free_loss_fidelity: RL4CO free-loss step 160/200: score=7.791713 (avg=7.800727), loss=0.781789 (avg=0.786817), pairs_step=315147, pairs_total=50503372
[2026-03-05 10:10:57,022] INFO:fitness.free_loss_fidelity: RL4CO free-loss step 180/200: score=7.787626 (avg=7.799634), loss=0.779093 (avg=0.786468), pairs_step=315085, pairs_total=56813684
[2026-03-05 10:11:03,467] INFO:fitness.free_loss_fidelity: RL4CO free-loss step 200/200: score=7.811868 (avg=7.798576), loss=0.789451 (avg=0.785650), pairs_step=315729, pairs_total=63123447
[2026-03-05 10:11:04,578] WARNING:fitness.free_loss_fidelity: weights_only checkpoint load failed (UnpicklingError); retrying weights_only=False for /data1/gushengda/eam-rl4co/baseline/epoch_409.ckpt
[2026-03-05 10:11:04,616] INFO:fitness.free_loss_fidelity: Loaded init checkpoint into policy: path=/data1/gushengda/eam-rl4co/baseline/epoch_409.ckpt prefix=policy. matched=97 missing=0 unexpected=0
[2026-03-05 10:11:04,621] INFO:fitness.free_loss_fidelity: RL4CO free-loss (step-mode): f1_steps=200, f2_steps=0, total_steps=200, train_problem_size=100, rollouts=100, batch_size=64, device=cuda:0, env=tsp
[2026-03-05 10:11:04,952] INFO:fitness.free_loss_fidelity: RL4CO free-loss step 1/200: score=7.807477 (avg=7.807477), loss=2.685683 (avg=2.685683), pairs_step=315750, pairs_total=315750
[2026-03-05 10:11:11,080] INFO:fitness.free_loss_fidelity: RL4CO free-loss step 20/200: score=7.782252 (avg=7.808012), loss=3.065997 (avg=2.884639), pairs_step=315845, pairs_total=6316920
[2026-03-05 10:11:17,522] INFO:fitness.free_loss_fidelity: RL4CO free-loss step 40/200: score=7.814686 (avg=7.802462), loss=3.038737 (avg=2.898858), pairs_step=315947, pairs_total=12634426
[2026-03-05 10:11:24,180] INFO:fitness.free_loss_fidelity: RL4CO free-loss step 60/200: score=7.810338 (avg=7.798514), loss=2.640432 (avg=2.891744), pairs_step=315722, pairs_total=18952644
[2026-03-05 10:11:30,618] INFO:fitness.free_loss_fidelity: RL4CO free-loss step 80/200: score=7.799872 (avg=7.797364), loss=2.815178 (avg=2.832885), pairs_step=315802, pairs_total=25266704
[2026-03-05 10:11:37,058] INFO:fitness.free_loss_fidelity: RL4CO free-loss step 100/200: score=7.755106 (avg=7.798184), loss=2.880936 (avg=2.815743), pairs_step=315662, pairs_total=31583508
[2026-03-05 10:11:43,919] INFO:fitness.free_loss_fidelity: RL4CO free-loss step 120/200: score=7.774866 (avg=7.799707), loss=2.715299 (avg=2.809798), pairs_step=315746, pairs_total=37896659
[2026-03-05 10:11:50,761] INFO:fitness.free_loss_fidelity: RL4CO free-loss step 140/200: score=7.826375 (avg=7.800670), loss=2.865930 (avg=2.803184), pairs_step=315475, pairs_total=44210732
[2026-03-05 10:11:57,210] INFO:fitness.free_loss_fidelity: RL4CO free-loss step 160/200: score=7.790102 (avg=7.799810), loss=2.812532 (avg=2.811692), pairs_step=315947, pairs_total=50525580
[2026-03-05 10:12:03,801] INFO:fitness.free_loss_fidelity: RL4CO free-loss step 180/200: score=7.780476 (avg=7.798587), loss=2.977350 (avg=2.823008), pairs_step=315798, pairs_total=56839755
[2026-03-05 10:12:11,081] INFO:fitness.free_loss_fidelity: RL4CO free-loss step 200/200: score=7.810665 (avg=7.797356), loss=2.658043 (avg=2.822414), pairs_step=315789, pairs_total=63154988
[2026-03-05 10:12:12,171] INFO:fitness.free_loss_fidelity: Stage3 offline mini-train DONE gen=2 pair_index=12 score=-0.0022925734519958496 any_error=False
