[2026-02-27 09:03:17,517] INFO:fitness.free_loss_fidelity: HF start gen=4 pair_index=22 device=cuda:0 g_id=g000_000_dd4525c2 f_id=f004_004_bc7d8148
[2026-02-27 09:03:17,517] INFO:fitness.free_loss_fidelity: HF start gen=4 pair_index=22 device=cuda:0 g_id=g000_000_dd4525c2 f_id=f004_004_bc7d8148
[2026-02-27 09:03:23,290] INFO:fitness.free_loss_fidelity: RL4CO free-loss phase=scratch: epochs=5 steps_f1=7815 steps_f2=0 total_steps=7815 (ckpt=none, device=cuda:0, env=tsp)
[2026-02-27 09:03:23,290] INFO:fitness.free_loss_fidelity: RL4CO free-loss phase=scratch: epochs=5 steps_f1=7815 steps_f2=0 total_steps=7815 (ckpt=none, device=cuda:0, env=tsp)
[2026-02-27 09:03:24,175] INFO:fitness.free_loss_fidelity: RL4CO free-loss[scratch] step 1/7815: score=50.776741 (avg=50.776741), loss=0.615166 (avg=0.615166), pairs_step=16384, pairs_total=16384
[2026-02-27 09:03:24,175] INFO:fitness.free_loss_fidelity: RL4CO free-loss[scratch] step 1/7815: score=50.776741 (avg=50.776741), loss=0.615166 (avg=0.615166), pairs_step=16384, pairs_total=16384
[2026-02-27 09:07:30,954] INFO:fitness.free_loss_fidelity: RL4CO free-loss[scratch] step 781/7815: score=8.222304 (avg=8.658950), loss=0.463438 (avg=0.421102), pairs_step=16384, pairs_total=12795904
[2026-02-27 09:07:30,954] INFO:fitness.free_loss_fidelity: RL4CO free-loss[scratch] step 781/7815: score=8.222304 (avg=8.658950), loss=0.463438 (avg=0.421102), pairs_step=16384, pairs_total=12795904
[2026-02-27 09:11:37,539] INFO:fitness.free_loss_fidelity: RL4CO free-loss[scratch] step 1562/7815: score=8.138621 (avg=8.411982), loss=0.504045 (avg=0.451960), pairs_step=16384, pairs_total=25591808
[2026-02-27 09:11:37,539] INFO:fitness.free_loss_fidelity: RL4CO free-loss[scratch] step 1562/7815: score=8.138621 (avg=8.411982), loss=0.504045 (avg=0.451960), pairs_step=16384, pairs_total=25591808
[2026-02-27 09:11:58,476] INFO:fitness.free_loss_fidelity: RL4CO free-loss[scratch] epoch 1/5: validation_objective=8.055164
[2026-02-27 09:11:58,476] INFO:fitness.free_loss_fidelity: RL4CO free-loss[scratch] epoch 1/5: validation_objective=8.055164
[2026-02-27 09:16:00,660] INFO:fitness.free_loss_fidelity: RL4CO free-loss[scratch] step 2343/7815: score=8.143805 (avg=8.308417), loss=0.532856 (avg=0.473697), pairs_step=16384, pairs_total=38387712
[2026-02-27 09:16:00,660] INFO:fitness.free_loss_fidelity: RL4CO free-loss[scratch] step 2343/7815: score=8.143805 (avg=8.308417), loss=0.532856 (avg=0.473697), pairs_step=16384, pairs_total=38387712
[2026-02-27 09:20:03,184] INFO:fitness.free_loss_fidelity: RL4CO free-loss[scratch] step 3124/7815: score=8.041357 (avg=8.247123), loss=0.561469 (avg=0.492151), pairs_step=16384, pairs_total=51183616
[2026-02-27 09:20:03,184] INFO:fitness.free_loss_fidelity: RL4CO free-loss[scratch] step 3124/7815: score=8.041357 (avg=8.247123), loss=0.561469 (avg=0.492151), pairs_step=16384, pairs_total=51183616
[2026-02-27 09:20:24,488] INFO:fitness.free_loss_fidelity: RL4CO free-loss[scratch] epoch 2/5: validation_objective=8.029699
[2026-02-27 09:20:24,488] INFO:fitness.free_loss_fidelity: RL4CO free-loss[scratch] epoch 2/5: validation_objective=8.029699
[2026-02-27 09:24:26,335] INFO:fitness.free_loss_fidelity: RL4CO free-loss[scratch] step 3905/7815: score=8.046930 (avg=8.206432), loss=0.584600 (avg=0.508910), pairs_step=16384, pairs_total=63979520
[2026-02-27 09:24:26,335] INFO:fitness.free_loss_fidelity: RL4CO free-loss[scratch] step 3905/7815: score=8.046930 (avg=8.206432), loss=0.584600 (avg=0.508910), pairs_step=16384, pairs_total=63979520
[2026-02-27 09:28:28,749] INFO:fitness.free_loss_fidelity: RL4CO free-loss[scratch] step 4686/7815: score=7.951603 (avg=8.176791), loss=0.588641 (avg=0.522301), pairs_step=16384, pairs_total=76775424
[2026-02-27 09:28:28,749] INFO:fitness.free_loss_fidelity: RL4CO free-loss[scratch] step 4686/7815: score=7.951603 (avg=8.176791), loss=0.588641 (avg=0.522301), pairs_step=16384, pairs_total=76775424
[2026-02-27 09:28:50,378] INFO:fitness.free_loss_fidelity: RL4CO free-loss[scratch] epoch 3/5: validation_objective=8.024840
[2026-02-27 09:28:50,378] INFO:fitness.free_loss_fidelity: RL4CO free-loss[scratch] epoch 3/5: validation_objective=8.024840
[2026-02-27 09:32:51,903] INFO:fitness.free_loss_fidelity: RL4CO free-loss[scratch] step 5467/7815: score=8.019407 (avg=8.154266), loss=0.594268 (avg=0.532970), pairs_step=16384, pairs_total=89571328
[2026-02-27 09:32:51,903] INFO:fitness.free_loss_fidelity: RL4CO free-loss[scratch] step 5467/7815: score=8.019407 (avg=8.154266), loss=0.594268 (avg=0.532970), pairs_step=16384, pairs_total=89571328
[2026-02-27 09:36:54,224] INFO:fitness.free_loss_fidelity: RL4CO free-loss[scratch] step 6248/7815: score=7.994249 (avg=8.136754), loss=0.604326 (avg=0.541528), pairs_step=16384, pairs_total=102367232
[2026-02-27 09:36:54,224] INFO:fitness.free_loss_fidelity: RL4CO free-loss[scratch] step 6248/7815: score=7.994249 (avg=8.136754), loss=0.604326 (avg=0.541528), pairs_step=16384, pairs_total=102367232
[2026-02-27 09:37:16,174] INFO:fitness.free_loss_fidelity: RL4CO free-loss[scratch] epoch 4/5: validation_objective=8.004595
[2026-02-27 09:37:16,174] INFO:fitness.free_loss_fidelity: RL4CO free-loss[scratch] epoch 4/5: validation_objective=8.004595
[2026-02-27 09:41:17,404] INFO:fitness.free_loss_fidelity: RL4CO free-loss[scratch] step 7029/7815: score=7.956015 (avg=8.122264), loss=0.605254 (avg=0.548582), pairs_step=16384, pairs_total=115163136
[2026-02-27 09:41:17,404] INFO:fitness.free_loss_fidelity: RL4CO free-loss[scratch] step 7029/7815: score=7.956015 (avg=8.122264), loss=0.605254 (avg=0.548582), pairs_step=16384, pairs_total=115163136
[2026-02-27 09:45:19,845] INFO:fitness.free_loss_fidelity: RL4CO free-loss[scratch] step 7810/7815: score=7.977646 (avg=8.109908), loss=0.618997 (avg=0.554536), pairs_step=16384, pairs_total=127959040
[2026-02-27 09:45:19,845] INFO:fitness.free_loss_fidelity: RL4CO free-loss[scratch] step 7810/7815: score=7.977646 (avg=8.109908), loss=0.618997 (avg=0.554536), pairs_step=16384, pairs_total=127959040
[2026-02-27 09:45:42,090] INFO:fitness.free_loss_fidelity: RL4CO free-loss[scratch] epoch 5/5: validation_objective=7.992419
[2026-02-27 09:45:42,090] INFO:fitness.free_loss_fidelity: RL4CO free-loss[scratch] epoch 5/5: validation_objective=7.992419
[2026-02-27 09:46:03,060] WARNING:fitness.free_loss_fidelity: weights_only checkpoint load failed (UnpicklingError); retrying weights_only=False for /data1/gushengda/eam-rl4co/baseline/epoch_409.ckpt
[2026-02-27 09:46:03,060] WARNING:fitness.free_loss_fidelity: weights_only checkpoint load failed (UnpicklingError); retrying weights_only=False for /data1/gushengda/eam-rl4co/baseline/epoch_409.ckpt
[2026-02-27 09:46:03,106] INFO:fitness.free_loss_fidelity: Loaded init checkpoint into policy: path=/data1/gushengda/eam-rl4co/baseline/epoch_409.ckpt prefix=policy. matched=97 missing=0 unexpected=0
[2026-02-27 09:46:03,106] INFO:fitness.free_loss_fidelity: Loaded init checkpoint into policy: path=/data1/gushengda/eam-rl4co/baseline/epoch_409.ckpt prefix=policy. matched=97 missing=0 unexpected=0
[2026-02-27 09:46:03,111] INFO:fitness.free_loss_fidelity: RL4CO free-loss phase=warmstart: epochs=5 steps_f1=7815 steps_f2=0 total_steps=7815 (ckpt=/data1/gushengda/eam-rl4co/baseline/epoch_409.ckpt, device=cuda:0, env=tsp)
[2026-02-27 09:46:03,111] INFO:fitness.free_loss_fidelity: RL4CO free-loss phase=warmstart: epochs=5 steps_f1=7815 steps_f2=0 total_steps=7815 (ckpt=/data1/gushengda/eam-rl4co/baseline/epoch_409.ckpt, device=cuda:0, env=tsp)
[2026-02-27 09:46:03,513] INFO:fitness.free_loss_fidelity: RL4CO free-loss[warmstart] step 1/7815: score=7.827631 (avg=7.827631), loss=0.000084 (avg=0.000084), pairs_step=16384, pairs_total=16384
[2026-02-27 09:46:03,513] INFO:fitness.free_loss_fidelity: RL4CO free-loss[warmstart] step 1/7815: score=7.827631 (avg=7.827631), loss=0.000084 (avg=0.000084), pairs_step=16384, pairs_total=16384
[2026-02-27 09:50:25,645] INFO:fitness.free_loss_fidelity: RL4CO free-loss[warmstart] step 781/7815: score=7.849850 (avg=7.813993), loss=0.612570 (avg=0.554148), pairs_step=16384, pairs_total=12795904
[2026-02-27 09:50:25,645] INFO:fitness.free_loss_fidelity: RL4CO free-loss[warmstart] step 781/7815: score=7.849850 (avg=7.813993), loss=0.612570 (avg=0.554148), pairs_step=16384, pairs_total=12795904
[2026-02-27 09:54:26,269] INFO:fitness.free_loss_fidelity: RL4CO free-loss[warmstart] step 1562/7815: score=7.772679 (avg=7.812163), loss=0.617797 (avg=0.586954), pairs_step=16384, pairs_total=25591808
[2026-02-27 09:54:26,269] INFO:fitness.free_loss_fidelity: RL4CO free-loss[warmstart] step 1562/7815: score=7.772679 (avg=7.812163), loss=0.617797 (avg=0.586954), pairs_step=16384, pairs_total=25591808
[2026-02-27 09:54:47,199] INFO:fitness.free_loss_fidelity: RL4CO free-loss[warmstart] epoch 1/5: validation_objective=7.808766
[2026-02-27 09:54:47,199] INFO:fitness.free_loss_fidelity: RL4CO free-loss[warmstart] epoch 1/5: validation_objective=7.808766
[2026-02-27 09:58:47,848] INFO:fitness.free_loss_fidelity: RL4CO free-loss[warmstart] step 2343/7815: score=7.796739 (avg=7.810581), loss=0.617107 (avg=0.600152), pairs_step=16384, pairs_total=38387712
[2026-02-27 09:58:47,848] INFO:fitness.free_loss_fidelity: RL4CO free-loss[warmstart] step 2343/7815: score=7.796739 (avg=7.810581), loss=0.617107 (avg=0.600152), pairs_step=16384, pairs_total=38387712
[2026-02-27 10:02:49,219] INFO:fitness.free_loss_fidelity: RL4CO free-loss[warmstart] step 3124/7815: score=7.755669 (avg=7.810194), loss=0.635884 (avg=0.608089), pairs_step=16384, pairs_total=51183616
[2026-02-27 10:02:49,219] INFO:fitness.free_loss_fidelity: RL4CO free-loss[warmstart] step 3124/7815: score=7.755669 (avg=7.810194), loss=0.635884 (avg=0.608089), pairs_step=16384, pairs_total=51183616
[2026-02-27 10:03:10,514] INFO:fitness.free_loss_fidelity: RL4CO free-loss[warmstart] epoch 2/5: validation_objective=7.810006
[2026-02-27 10:03:10,514] INFO:fitness.free_loss_fidelity: RL4CO free-loss[warmstart] epoch 2/5: validation_objective=7.810006
[2026-02-27 10:07:11,229] INFO:fitness.free_loss_fidelity: RL4CO free-loss[warmstart] step 3905/7815: score=7.858588 (avg=7.809939), loss=0.639169 (avg=0.613398), pairs_step=16384, pairs_total=63979520
[2026-02-27 10:07:11,229] INFO:fitness.free_loss_fidelity: RL4CO free-loss[warmstart] step 3905/7815: score=7.858588 (avg=7.809939), loss=0.639169 (avg=0.613398), pairs_step=16384, pairs_total=63979520
[2026-02-27 10:11:12,341] INFO:fitness.free_loss_fidelity: RL4CO free-loss[warmstart] step 4686/7815: score=7.770234 (avg=7.809354), loss=0.628491 (avg=0.617433), pairs_step=16384, pairs_total=76775424
[2026-02-27 10:11:12,341] INFO:fitness.free_loss_fidelity: RL4CO free-loss[warmstart] step 4686/7815: score=7.770234 (avg=7.809354), loss=0.628491 (avg=0.617433), pairs_step=16384, pairs_total=76775424
[2026-02-27 10:11:33,895] INFO:fitness.free_loss_fidelity: RL4CO free-loss[warmstart] epoch 3/5: validation_objective=7.805229
[2026-02-27 10:11:33,895] INFO:fitness.free_loss_fidelity: RL4CO free-loss[warmstart] epoch 3/5: validation_objective=7.805229
[2026-02-27 10:15:33,677] INFO:fitness.free_loss_fidelity: RL4CO free-loss[warmstart] step 5467/7815: score=7.815646 (avg=7.809230), loss=0.632114 (avg=0.620410), pairs_step=16384, pairs_total=89571328
[2026-02-27 10:15:33,677] INFO:fitness.free_loss_fidelity: RL4CO free-loss[warmstart] step 5467/7815: score=7.815646 (avg=7.809230), loss=0.632114 (avg=0.620410), pairs_step=16384, pairs_total=89571328
[2026-02-27 10:19:34,748] INFO:fitness.free_loss_fidelity: RL4CO free-loss[warmstart] step 6248/7815: score=7.834453 (avg=7.808878), loss=0.639558 (avg=0.622820), pairs_step=16384, pairs_total=102367232
[2026-02-27 10:19:34,748] INFO:fitness.free_loss_fidelity: RL4CO free-loss[warmstart] step 6248/7815: score=7.834453 (avg=7.808878), loss=0.639558 (avg=0.622820), pairs_step=16384, pairs_total=102367232
[2026-02-27 10:19:56,612] INFO:fitness.free_loss_fidelity: RL4CO free-loss[warmstart] epoch 4/5: validation_objective=7.803654
[2026-02-27 10:19:56,612] INFO:fitness.free_loss_fidelity: RL4CO free-loss[warmstart] epoch 4/5: validation_objective=7.803654
[2026-02-27 10:23:56,339] INFO:fitness.free_loss_fidelity: RL4CO free-loss[warmstart] step 7029/7815: score=7.774328 (avg=7.808641), loss=0.640072 (avg=0.624840), pairs_step=16384, pairs_total=115163136
[2026-02-27 10:23:56,339] INFO:fitness.free_loss_fidelity: RL4CO free-loss[warmstart] step 7029/7815: score=7.774328 (avg=7.808641), loss=0.640072 (avg=0.624840), pairs_step=16384, pairs_total=115163136
[2026-02-27 10:27:57,112] INFO:fitness.free_loss_fidelity: RL4CO free-loss[warmstart] step 7810/7815: score=7.851170 (avg=7.808587), loss=0.644334 (avg=0.626582), pairs_step=16384, pairs_total=127959040
[2026-02-27 10:27:57,112] INFO:fitness.free_loss_fidelity: RL4CO free-loss[warmstart] step 7810/7815: score=7.851170 (avg=7.808587), loss=0.644334 (avg=0.626582), pairs_step=16384, pairs_total=127959040
[2026-02-27 10:28:19,327] INFO:fitness.free_loss_fidelity: RL4CO free-loss[warmstart] epoch 5/5: validation_objective=7.809844
[2026-02-27 10:28:19,327] INFO:fitness.free_loss_fidelity: RL4CO free-loss[warmstart] epoch 5/5: validation_objective=7.809844
