[2026-02-26 23:19:53,148] INFO:fitness.free_loss_fidelity: HF start gen=1 pair_index=3 device=cuda:1 g_id=g000_000_dd4525c2 f_id=f000_001_8b1638e0
[2026-02-26 23:19:53,148] INFO:fitness.free_loss_fidelity: HF start gen=1 pair_index=3 device=cuda:1 g_id=g000_000_dd4525c2 f_id=f000_001_8b1638e0
[2026-02-26 23:19:59,000] INFO:fitness.free_loss_fidelity: RL4CO free-loss phase=scratch: epochs=5 steps_f1=7815 steps_f2=0 total_steps=7815 (ckpt=none, device=cuda:1, env=tsp)
[2026-02-26 23:19:59,000] INFO:fitness.free_loss_fidelity: RL4CO free-loss phase=scratch: epochs=5 steps_f1=7815 steps_f2=0 total_steps=7815 (ckpt=none, device=cuda:1, env=tsp)
[2026-02-26 23:19:59,730] INFO:fitness.free_loss_fidelity: RL4CO free-loss[scratch] step 1/7815: score=50.776741 (avg=50.776741), loss=0.648989 (avg=0.648989), pairs_step=16384, pairs_total=16384
[2026-02-26 23:19:59,730] INFO:fitness.free_loss_fidelity: RL4CO free-loss[scratch] step 1/7815: score=50.776741 (avg=50.776741), loss=0.648989 (avg=0.648989), pairs_step=16384, pairs_total=16384
[2026-02-26 23:24:07,227] INFO:fitness.free_loss_fidelity: RL4CO free-loss[scratch] step 781/7815: score=8.225503 (avg=8.641927), loss=0.622310 (avg=0.614494), pairs_step=16384, pairs_total=12795904
[2026-02-26 23:24:07,227] INFO:fitness.free_loss_fidelity: RL4CO free-loss[scratch] step 781/7815: score=8.225503 (avg=8.641927), loss=0.622310 (avg=0.614494), pairs_step=16384, pairs_total=12795904
[2026-02-26 23:28:16,149] INFO:fitness.free_loss_fidelity: RL4CO free-loss[scratch] step 1562/7815: score=8.117670 (avg=8.391145), loss=0.633719 (avg=0.624576), pairs_step=16384, pairs_total=25591808
[2026-02-26 23:28:16,149] INFO:fitness.free_loss_fidelity: RL4CO free-loss[scratch] step 1562/7815: score=8.117670 (avg=8.391145), loss=0.633719 (avg=0.624576), pairs_step=16384, pairs_total=25591808
[2026-02-26 23:28:37,372] INFO:fitness.free_loss_fidelity: RL4CO free-loss[scratch] epoch 1/5: validation_objective=8.053174
[2026-02-26 23:28:37,372] INFO:fitness.free_loss_fidelity: RL4CO free-loss[scratch] epoch 1/5: validation_objective=8.053174
[2026-02-26 23:32:41,326] INFO:fitness.free_loss_fidelity: RL4CO free-loss[scratch] step 2343/7815: score=8.136798 (avg=8.287988), loss=0.652076 (avg=0.631924), pairs_step=16384, pairs_total=38387712
[2026-02-26 23:32:41,326] INFO:fitness.free_loss_fidelity: RL4CO free-loss[scratch] step 2343/7815: score=8.136798 (avg=8.287988), loss=0.652076 (avg=0.631924), pairs_step=16384, pairs_total=38387712
[2026-02-26 23:36:45,593] INFO:fitness.free_loss_fidelity: RL4CO free-loss[scratch] step 3124/7815: score=8.054045 (avg=8.228055), loss=0.664244 (avg=0.639068), pairs_step=16384, pairs_total=51183616
[2026-02-26 23:36:45,593] INFO:fitness.free_loss_fidelity: RL4CO free-loss[scratch] step 3124/7815: score=8.054045 (avg=8.228055), loss=0.664244 (avg=0.639068), pairs_step=16384, pairs_total=51183616
[2026-02-26 23:37:07,201] INFO:fitness.free_loss_fidelity: RL4CO free-loss[scratch] epoch 2/5: validation_objective=8.036751
[2026-02-26 23:37:07,201] INFO:fitness.free_loss_fidelity: RL4CO free-loss[scratch] epoch 2/5: validation_objective=8.036751
[2026-02-26 23:41:10,776] INFO:fitness.free_loss_fidelity: RL4CO free-loss[scratch] step 3905/7815: score=8.035446 (avg=8.189886), loss=0.666403 (avg=0.644627), pairs_step=16384, pairs_total=63979520
[2026-02-26 23:41:10,776] INFO:fitness.free_loss_fidelity: RL4CO free-loss[scratch] step 3905/7815: score=8.035446 (avg=8.189886), loss=0.666403 (avg=0.644627), pairs_step=16384, pairs_total=63979520
[2026-02-26 23:45:15,015] INFO:fitness.free_loss_fidelity: RL4CO free-loss[scratch] step 4686/7815: score=7.936712 (avg=8.162871), loss=0.671828 (avg=0.648827), pairs_step=16384, pairs_total=76775424
[2026-02-26 23:45:15,015] INFO:fitness.free_loss_fidelity: RL4CO free-loss[scratch] step 4686/7815: score=7.936712 (avg=8.162871), loss=0.671828 (avg=0.648827), pairs_step=16384, pairs_total=76775424
[2026-02-26 23:45:36,946] INFO:fitness.free_loss_fidelity: RL4CO free-loss[scratch] epoch 3/5: validation_objective=8.018577
[2026-02-26 23:45:36,946] INFO:fitness.free_loss_fidelity: RL4CO free-loss[scratch] epoch 3/5: validation_objective=8.018577
[2026-02-26 23:49:40,346] INFO:fitness.free_loss_fidelity: RL4CO free-loss[scratch] step 5467/7815: score=8.008530 (avg=8.142466), loss=0.672214 (avg=0.652096), pairs_step=16384, pairs_total=89571328
[2026-02-26 23:49:40,346] INFO:fitness.free_loss_fidelity: RL4CO free-loss[scratch] step 5467/7815: score=8.008530 (avg=8.142466), loss=0.672214 (avg=0.652096), pairs_step=16384, pairs_total=89571328
[2026-02-26 23:53:45,136] INFO:fitness.free_loss_fidelity: RL4CO free-loss[scratch] step 6248/7815: score=7.991006 (avg=8.126740), loss=0.669320 (avg=0.654734), pairs_step=16384, pairs_total=102367232
[2026-02-26 23:53:45,136] INFO:fitness.free_loss_fidelity: RL4CO free-loss[scratch] step 6248/7815: score=7.991006 (avg=8.126740), loss=0.669320 (avg=0.654734), pairs_step=16384, pairs_total=102367232
[2026-02-26 23:54:07,353] INFO:fitness.free_loss_fidelity: RL4CO free-loss[scratch] epoch 4/5: validation_objective=8.008240
[2026-02-26 23:54:07,353] INFO:fitness.free_loss_fidelity: RL4CO free-loss[scratch] epoch 4/5: validation_objective=8.008240
[2026-02-26 23:58:11,217] INFO:fitness.free_loss_fidelity: RL4CO free-loss[scratch] step 7029/7815: score=7.944723 (avg=8.113828), loss=0.673448 (avg=0.656874), pairs_step=16384, pairs_total=115163136
[2026-02-26 23:58:11,217] INFO:fitness.free_loss_fidelity: RL4CO free-loss[scratch] step 7029/7815: score=7.944723 (avg=8.113828), loss=0.673448 (avg=0.656874), pairs_step=16384, pairs_total=115163136
[2026-02-27 00:02:16,458] INFO:fitness.free_loss_fidelity: RL4CO free-loss[scratch] step 7810/7815: score=7.985845 (avg=8.103022), loss=0.674543 (avg=0.658668), pairs_step=16384, pairs_total=127959040
[2026-02-27 00:02:16,458] INFO:fitness.free_loss_fidelity: RL4CO free-loss[scratch] step 7810/7815: score=7.985845 (avg=8.103022), loss=0.674543 (avg=0.658668), pairs_step=16384, pairs_total=127959040
[2026-02-27 00:02:39,012] INFO:fitness.free_loss_fidelity: RL4CO free-loss[scratch] epoch 5/5: validation_objective=8.016406
[2026-02-27 00:02:39,012] INFO:fitness.free_loss_fidelity: RL4CO free-loss[scratch] epoch 5/5: validation_objective=8.016406
[2026-02-27 00:03:00,362] WARNING:fitness.free_loss_fidelity: weights_only checkpoint load failed (UnpicklingError); retrying weights_only=False for /data1/gushengda/eam-rl4co/baseline/epoch_409.ckpt
[2026-02-27 00:03:00,362] WARNING:fitness.free_loss_fidelity: weights_only checkpoint load failed (UnpicklingError); retrying weights_only=False for /data1/gushengda/eam-rl4co/baseline/epoch_409.ckpt
[2026-02-27 00:03:00,405] INFO:fitness.free_loss_fidelity: Loaded init checkpoint into policy: path=/data1/gushengda/eam-rl4co/baseline/epoch_409.ckpt prefix=policy. matched=97 missing=0 unexpected=0
[2026-02-27 00:03:00,405] INFO:fitness.free_loss_fidelity: Loaded init checkpoint into policy: path=/data1/gushengda/eam-rl4co/baseline/epoch_409.ckpt prefix=policy. matched=97 missing=0 unexpected=0
[2026-02-27 00:03:00,410] INFO:fitness.free_loss_fidelity: RL4CO free-loss phase=warmstart: epochs=5 steps_f1=7815 steps_f2=0 total_steps=7815 (ckpt=/data1/gushengda/eam-rl4co/baseline/epoch_409.ckpt, device=cuda:1, env=tsp)
[2026-02-27 00:03:00,410] INFO:fitness.free_loss_fidelity: RL4CO free-loss phase=warmstart: epochs=5 steps_f1=7815 steps_f2=0 total_steps=7815 (ckpt=/data1/gushengda/eam-rl4co/baseline/epoch_409.ckpt, device=cuda:1, env=tsp)
[2026-02-27 00:03:00,808] INFO:fitness.free_loss_fidelity: RL4CO free-loss[warmstart] step 1/7815: score=7.827631 (avg=7.827631), loss=0.055107 (avg=0.055107), pairs_step=16384, pairs_total=16384
[2026-02-27 00:03:00,808] INFO:fitness.free_loss_fidelity: RL4CO free-loss[warmstart] step 1/7815: score=7.827631 (avg=7.827631), loss=0.055107 (avg=0.055107), pairs_step=16384, pairs_total=16384
[2026-02-27 00:07:25,585] INFO:fitness.free_loss_fidelity: RL4CO free-loss[warmstart] step 781/7815: score=7.851330 (avg=7.813587), loss=0.672961 (avg=0.654353), pairs_step=16384, pairs_total=12795904
[2026-02-27 00:07:25,585] INFO:fitness.free_loss_fidelity: RL4CO free-loss[warmstart] step 781/7815: score=7.851330 (avg=7.813587), loss=0.672961 (avg=0.654353), pairs_step=16384, pairs_total=12795904
[2026-02-27 00:11:29,951] INFO:fitness.free_loss_fidelity: RL4CO free-loss[warmstart] step 1562/7815: score=7.772602 (avg=7.813038), loss=0.677451 (avg=0.664588), pairs_step=16384, pairs_total=25591808
[2026-02-27 00:11:29,951] INFO:fitness.free_loss_fidelity: RL4CO free-loss[warmstart] step 1562/7815: score=7.772602 (avg=7.813038), loss=0.677451 (avg=0.664588), pairs_step=16384, pairs_total=25591808
[2026-02-27 00:11:51,243] INFO:fitness.free_loss_fidelity: RL4CO free-loss[warmstart] epoch 1/5: validation_objective=7.810303
[2026-02-27 00:11:51,243] INFO:fitness.free_loss_fidelity: RL4CO free-loss[warmstart] epoch 1/5: validation_objective=7.810303
[2026-02-27 00:15:54,863] INFO:fitness.free_loss_fidelity: RL4CO free-loss[warmstart] step 2343/7815: score=7.806064 (avg=7.811972), loss=0.677598 (avg=0.668662), pairs_step=16384, pairs_total=38387712
[2026-02-27 00:15:54,863] INFO:fitness.free_loss_fidelity: RL4CO free-loss[warmstart] step 2343/7815: score=7.806064 (avg=7.811972), loss=0.677598 (avg=0.668662), pairs_step=16384, pairs_total=38387712
[2026-02-27 00:19:58,777] INFO:fitness.free_loss_fidelity: RL4CO free-loss[warmstart] step 3124/7815: score=7.755775 (avg=7.811786), loss=0.680283 (avg=0.670996), pairs_step=16384, pairs_total=51183616
[2026-02-27 00:19:58,777] INFO:fitness.free_loss_fidelity: RL4CO free-loss[warmstart] step 3124/7815: score=7.755775 (avg=7.811786), loss=0.680283 (avg=0.670996), pairs_step=16384, pairs_total=51183616
[2026-02-27 00:20:20,357] INFO:fitness.free_loss_fidelity: RL4CO free-loss[warmstart] epoch 2/5: validation_objective=7.814088
[2026-02-27 00:20:20,357] INFO:fitness.free_loss_fidelity: RL4CO free-loss[warmstart] epoch 2/5: validation_objective=7.814088
[2026-02-27 00:24:23,715] INFO:fitness.free_loss_fidelity: RL4CO free-loss[warmstart] step 3905/7815: score=7.867288 (avg=7.811702), loss=0.679862 (avg=0.672513), pairs_step=16384, pairs_total=63979520
[2026-02-27 00:24:23,715] INFO:fitness.free_loss_fidelity: RL4CO free-loss[warmstart] step 3905/7815: score=7.867288 (avg=7.811702), loss=0.679862 (avg=0.672513), pairs_step=16384, pairs_total=63979520
[2026-02-27 00:28:27,458] INFO:fitness.free_loss_fidelity: RL4CO free-loss[warmstart] step 4686/7815: score=7.775687 (avg=7.811174), loss=0.680067 (avg=0.673638), pairs_step=16384, pairs_total=76775424
[2026-02-27 00:28:27,458] INFO:fitness.free_loss_fidelity: RL4CO free-loss[warmstart] step 4686/7815: score=7.775687 (avg=7.811174), loss=0.680067 (avg=0.673638), pairs_step=16384, pairs_total=76775424
[2026-02-27 00:28:49,342] INFO:fitness.free_loss_fidelity: RL4CO free-loss[warmstart] epoch 3/5: validation_objective=7.811352
[2026-02-27 00:28:49,342] INFO:fitness.free_loss_fidelity: RL4CO free-loss[warmstart] epoch 3/5: validation_objective=7.811352
[2026-02-27 00:32:52,102] INFO:fitness.free_loss_fidelity: RL4CO free-loss[warmstart] step 5467/7815: score=7.804240 (avg=7.811160), loss=0.678219 (avg=0.674477), pairs_step=16384, pairs_total=89571328
[2026-02-27 00:32:52,102] INFO:fitness.free_loss_fidelity: RL4CO free-loss[warmstart] step 5467/7815: score=7.804240 (avg=7.811160), loss=0.678219 (avg=0.674477), pairs_step=16384, pairs_total=89571328
[2026-02-27 00:36:56,071] INFO:fitness.free_loss_fidelity: RL4CO free-loss[warmstart] step 6248/7815: score=7.835603 (avg=7.810994), loss=0.677885 (avg=0.675194), pairs_step=16384, pairs_total=102367232
[2026-02-27 00:36:56,071] INFO:fitness.free_loss_fidelity: RL4CO free-loss[warmstart] step 6248/7815: score=7.835603 (avg=7.810994), loss=0.677885 (avg=0.675194), pairs_step=16384, pairs_total=102367232
[2026-02-27 00:37:18,272] INFO:fitness.free_loss_fidelity: RL4CO free-loss[warmstart] epoch 4/5: validation_objective=7.806404
[2026-02-27 00:37:18,272] INFO:fitness.free_loss_fidelity: RL4CO free-loss[warmstart] epoch 4/5: validation_objective=7.806404
[2026-02-27 00:41:20,916] INFO:fitness.free_loss_fidelity: RL4CO free-loss[warmstart] step 7029/7815: score=7.772616 (avg=7.810848), loss=0.678920 (avg=0.675784), pairs_step=16384, pairs_total=115163136
[2026-02-27 00:41:20,916] INFO:fitness.free_loss_fidelity: RL4CO free-loss[warmstart] step 7029/7815: score=7.772616 (avg=7.810848), loss=0.678920 (avg=0.675784), pairs_step=16384, pairs_total=115163136
[2026-02-27 00:45:25,018] INFO:fitness.free_loss_fidelity: RL4CO free-loss[warmstart] step 7810/7815: score=7.859907 (avg=7.810823), loss=0.680652 (avg=0.676288), pairs_step=16384, pairs_total=127959040
[2026-02-27 00:45:25,018] INFO:fitness.free_loss_fidelity: RL4CO free-loss[warmstart] step 7810/7815: score=7.859907 (avg=7.810823), loss=0.680652 (avg=0.676288), pairs_step=16384, pairs_total=127959040
[2026-02-27 00:45:47,562] INFO:fitness.free_loss_fidelity: RL4CO free-loss[warmstart] epoch 5/5: validation_objective=7.814538
[2026-02-27 00:45:47,562] INFO:fitness.free_loss_fidelity: RL4CO free-loss[warmstart] epoch 5/5: validation_objective=7.814538
