[2026-02-27 12:18:56,546] INFO:fitness.free_loss_fidelity: HF start gen=5 pair_index=10 device=cuda:1 g_id=g000_000_dd4525c2 f_id=f005_005_0e55bbfe
[2026-02-27 12:18:56,546] INFO:fitness.free_loss_fidelity: HF start gen=5 pair_index=10 device=cuda:1 g_id=g000_000_dd4525c2 f_id=f005_005_0e55bbfe
[2026-02-27 12:19:02,511] INFO:fitness.free_loss_fidelity: RL4CO free-loss phase=scratch: epochs=5 steps_f1=7815 steps_f2=0 total_steps=7815 (ckpt=none, device=cuda:1, env=tsp)
[2026-02-27 12:19:02,511] INFO:fitness.free_loss_fidelity: RL4CO free-loss phase=scratch: epochs=5 steps_f1=7815 steps_f2=0 total_steps=7815 (ckpt=none, device=cuda:1, env=tsp)
[2026-02-27 12:19:03,285] INFO:fitness.free_loss_fidelity: RL4CO free-loss[scratch] step 1/7815: score=50.776741 (avg=50.776741), loss=0.811914 (avg=0.811914), pairs_step=16384, pairs_total=16384
[2026-02-27 12:19:03,285] INFO:fitness.free_loss_fidelity: RL4CO free-loss[scratch] step 1/7815: score=50.776741 (avg=50.776741), loss=0.811914 (avg=0.811914), pairs_step=16384, pairs_total=16384
[2026-02-27 12:23:15,699] INFO:fitness.free_loss_fidelity: RL4CO free-loss[scratch] step 781/7815: score=8.279583 (avg=8.717351), loss=0.432354 (avg=0.399880), pairs_step=16384, pairs_total=12795904
[2026-02-27 12:23:15,699] INFO:fitness.free_loss_fidelity: RL4CO free-loss[scratch] step 781/7815: score=8.279583 (avg=8.717351), loss=0.432354 (avg=0.399880), pairs_step=16384, pairs_total=12795904
[2026-02-27 12:27:31,250] INFO:fitness.free_loss_fidelity: RL4CO free-loss[scratch] step 1562/7815: score=8.145350 (avg=8.448056), loss=0.479877 (avg=0.425857), pairs_step=16384, pairs_total=25591808
[2026-02-27 12:27:31,250] INFO:fitness.free_loss_fidelity: RL4CO free-loss[scratch] step 1562/7815: score=8.145350 (avg=8.448056), loss=0.479877 (avg=0.425857), pairs_step=16384, pairs_total=25591808
[2026-02-27 12:27:56,342] INFO:fitness.free_loss_fidelity: RL4CO free-loss[scratch] epoch 1/5: validation_objective=8.046918
[2026-02-27 12:27:56,342] INFO:fitness.free_loss_fidelity: RL4CO free-loss[scratch] epoch 1/5: validation_objective=8.046918
[2026-02-27 12:32:16,447] INFO:fitness.free_loss_fidelity: RL4CO free-loss[scratch] step 2343/7815: score=8.135519 (avg=8.334416), loss=0.502852 (avg=0.447161), pairs_step=16384, pairs_total=38387712
[2026-02-27 12:32:16,447] INFO:fitness.free_loss_fidelity: RL4CO free-loss[scratch] step 2343/7815: score=8.135519 (avg=8.334416), loss=0.502852 (avg=0.447161), pairs_step=16384, pairs_total=38387712
[2026-02-27 12:36:26,504] INFO:fitness.free_loss_fidelity: RL4CO free-loss[scratch] step 3124/7815: score=8.040428 (avg=8.267088), loss=0.538777 (avg=0.465259), pairs_step=16384, pairs_total=51183616
[2026-02-27 12:36:26,504] INFO:fitness.free_loss_fidelity: RL4CO free-loss[scratch] step 3124/7815: score=8.040428 (avg=8.267088), loss=0.538777 (avg=0.465259), pairs_step=16384, pairs_total=51183616
[2026-02-27 12:36:48,552] INFO:fitness.free_loss_fidelity: RL4CO free-loss[scratch] epoch 2/5: validation_objective=8.009560
[2026-02-27 12:36:48,552] INFO:fitness.free_loss_fidelity: RL4CO free-loss[scratch] epoch 2/5: validation_objective=8.009560
[2026-02-27 12:41:07,895] INFO:fitness.free_loss_fidelity: RL4CO free-loss[scratch] step 3905/7815: score=8.047131 (avg=8.222005), loss=0.577397 (avg=0.482356), pairs_step=16384, pairs_total=63979520
[2026-02-27 12:41:07,895] INFO:fitness.free_loss_fidelity: RL4CO free-loss[scratch] step 3905/7815: score=8.047131 (avg=8.222005), loss=0.577397 (avg=0.482356), pairs_step=16384, pairs_total=63979520
[2026-02-27 12:45:28,226] INFO:fitness.free_loss_fidelity: RL4CO free-loss[scratch] step 4686/7815: score=7.925331 (avg=8.188979), loss=0.558754 (avg=0.497156), pairs_step=16384, pairs_total=76775424
[2026-02-27 12:45:28,226] INFO:fitness.free_loss_fidelity: RL4CO free-loss[scratch] step 4686/7815: score=7.925331 (avg=8.188979), loss=0.558754 (avg=0.497156), pairs_step=16384, pairs_total=76775424
[2026-02-27 12:45:50,360] INFO:fitness.free_loss_fidelity: RL4CO free-loss[scratch] epoch 3/5: validation_objective=8.017781
[2026-02-27 12:45:50,360] INFO:fitness.free_loss_fidelity: RL4CO free-loss[scratch] epoch 3/5: validation_objective=8.017781
[2026-02-27 12:50:09,606] INFO:fitness.free_loss_fidelity: RL4CO free-loss[scratch] step 5467/7815: score=7.994564 (avg=8.164093), loss=0.586742 (avg=0.509241), pairs_step=16384, pairs_total=89571328
[2026-02-27 12:50:09,606] INFO:fitness.free_loss_fidelity: RL4CO free-loss[scratch] step 5467/7815: score=7.994564 (avg=8.164093), loss=0.586742 (avg=0.509241), pairs_step=16384, pairs_total=89571328
[2026-02-27 12:54:29,954] INFO:fitness.free_loss_fidelity: RL4CO free-loss[scratch] step 6248/7815: score=7.990166 (avg=8.144539), loss=0.584474 (avg=0.519250), pairs_step=16384, pairs_total=102367232
[2026-02-27 12:54:29,954] INFO:fitness.free_loss_fidelity: RL4CO free-loss[scratch] step 6248/7815: score=7.990166 (avg=8.144539), loss=0.584474 (avg=0.519250), pairs_step=16384, pairs_total=102367232
[2026-02-27 12:54:52,430] INFO:fitness.free_loss_fidelity: RL4CO free-loss[scratch] epoch 4/5: validation_objective=7.991977
[2026-02-27 12:54:52,430] INFO:fitness.free_loss_fidelity: RL4CO free-loss[scratch] epoch 4/5: validation_objective=7.991977
[2026-02-27 12:59:10,660] INFO:fitness.free_loss_fidelity: RL4CO free-loss[scratch] step 7029/7815: score=7.943789 (avg=8.128578), loss=0.605352 (avg=0.527436), pairs_step=16384, pairs_total=115163136
[2026-02-27 12:59:10,660] INFO:fitness.free_loss_fidelity: RL4CO free-loss[scratch] step 7029/7815: score=7.943789 (avg=8.128578), loss=0.605352 (avg=0.527436), pairs_step=16384, pairs_total=115163136
[2026-02-27 13:03:29,701] INFO:fitness.free_loss_fidelity: RL4CO free-loss[scratch] step 7810/7815: score=7.976892 (avg=8.115146), loss=0.609190 (avg=0.534424), pairs_step=16384, pairs_total=127959040
[2026-02-27 13:03:29,701] INFO:fitness.free_loss_fidelity: RL4CO free-loss[scratch] step 7810/7815: score=7.976892 (avg=8.115146), loss=0.609190 (avg=0.534424), pairs_step=16384, pairs_total=127959040
[2026-02-27 13:03:52,465] INFO:fitness.free_loss_fidelity: RL4CO free-loss[scratch] epoch 5/5: validation_objective=7.979413
[2026-02-27 13:03:52,465] INFO:fitness.free_loss_fidelity: RL4CO free-loss[scratch] epoch 5/5: validation_objective=7.979413
[2026-02-27 13:04:13,958] WARNING:fitness.free_loss_fidelity: weights_only checkpoint load failed (UnpicklingError); retrying weights_only=False for /data1/gushengda/eam-rl4co/baseline/epoch_409.ckpt
[2026-02-27 13:04:13,958] WARNING:fitness.free_loss_fidelity: weights_only checkpoint load failed (UnpicklingError); retrying weights_only=False for /data1/gushengda/eam-rl4co/baseline/epoch_409.ckpt
[2026-02-27 13:04:14,009] INFO:fitness.free_loss_fidelity: Loaded init checkpoint into policy: path=/data1/gushengda/eam-rl4co/baseline/epoch_409.ckpt prefix=policy. matched=97 missing=0 unexpected=0
[2026-02-27 13:04:14,009] INFO:fitness.free_loss_fidelity: Loaded init checkpoint into policy: path=/data1/gushengda/eam-rl4co/baseline/epoch_409.ckpt prefix=policy. matched=97 missing=0 unexpected=0
[2026-02-27 13:04:14,015] INFO:fitness.free_loss_fidelity: RL4CO free-loss phase=warmstart: epochs=5 steps_f1=7815 steps_f2=0 total_steps=7815 (ckpt=/data1/gushengda/eam-rl4co/baseline/epoch_409.ckpt, device=cuda:1, env=tsp)
[2026-02-27 13:04:14,015] INFO:fitness.free_loss_fidelity: RL4CO free-loss phase=warmstart: epochs=5 steps_f1=7815 steps_f2=0 total_steps=7815 (ckpt=/data1/gushengda/eam-rl4co/baseline/epoch_409.ckpt, device=cuda:1, env=tsp)
[2026-02-27 13:04:14,527] INFO:fitness.free_loss_fidelity: RL4CO free-loss[warmstart] step 1/7815: score=7.827631 (avg=7.827631), loss=0.000233 (avg=0.000233), pairs_step=16384, pairs_total=16384
[2026-02-27 13:04:14,527] INFO:fitness.free_loss_fidelity: RL4CO free-loss[warmstart] step 1/7815: score=7.827631 (avg=7.827631), loss=0.000233 (avg=0.000233), pairs_step=16384, pairs_total=16384
[2026-02-27 13:08:54,761] INFO:fitness.free_loss_fidelity: RL4CO free-loss[warmstart] step 781/7815: score=7.844688 (avg=7.814433), loss=0.605499 (avg=0.523810), pairs_step=16384, pairs_total=12795904
[2026-02-27 13:08:54,761] INFO:fitness.free_loss_fidelity: RL4CO free-loss[warmstart] step 781/7815: score=7.844688 (avg=7.814433), loss=0.605499 (avg=0.523810), pairs_step=16384, pairs_total=12795904
[2026-02-27 13:13:14,384] INFO:fitness.free_loss_fidelity: RL4CO free-loss[warmstart] step 1562/7815: score=7.768778 (avg=7.812229), loss=0.615616 (avg=0.566970), pairs_step=16384, pairs_total=25591808
[2026-02-27 13:13:14,384] INFO:fitness.free_loss_fidelity: RL4CO free-loss[warmstart] step 1562/7815: score=7.768778 (avg=7.812229), loss=0.615616 (avg=0.566970), pairs_step=16384, pairs_total=25591808
[2026-02-27 13:13:35,829] INFO:fitness.free_loss_fidelity: RL4CO free-loss[warmstart] epoch 1/5: validation_objective=7.806095
[2026-02-27 13:13:35,829] INFO:fitness.free_loss_fidelity: RL4CO free-loss[warmstart] epoch 1/5: validation_objective=7.806095
[2026-02-27 13:17:54,857] INFO:fitness.free_loss_fidelity: RL4CO free-loss[warmstart] step 2343/7815: score=7.808956 (avg=7.810506), loss=0.633258 (avg=0.584377), pairs_step=16384, pairs_total=38387712
[2026-02-27 13:17:54,857] INFO:fitness.free_loss_fidelity: RL4CO free-loss[warmstart] step 2343/7815: score=7.808956 (avg=7.810506), loss=0.633258 (avg=0.584377), pairs_step=16384, pairs_total=38387712
[2026-02-27 13:22:04,556] INFO:fitness.free_loss_fidelity: RL4CO free-loss[warmstart] step 3124/7815: score=7.757288 (avg=7.809766), loss=0.631725 (avg=0.594584), pairs_step=16384, pairs_total=51183616
[2026-02-27 13:22:04,556] INFO:fitness.free_loss_fidelity: RL4CO free-loss[warmstart] step 3124/7815: score=7.757288 (avg=7.809766), loss=0.631725 (avg=0.594584), pairs_step=16384, pairs_total=51183616
[2026-02-27 13:22:26,300] INFO:fitness.free_loss_fidelity: RL4CO free-loss[warmstart] epoch 2/5: validation_objective=7.809427
[2026-02-27 13:22:26,300] INFO:fitness.free_loss_fidelity: RL4CO free-loss[warmstart] epoch 2/5: validation_objective=7.809427
[2026-02-27 13:26:32,721] INFO:fitness.free_loss_fidelity: RL4CO free-loss[warmstart] step 3905/7815: score=7.854830 (avg=7.809245), loss=0.629312 (avg=0.601414), pairs_step=16384, pairs_total=63979520
[2026-02-27 13:26:32,721] INFO:fitness.free_loss_fidelity: RL4CO free-loss[warmstart] step 3905/7815: score=7.854830 (avg=7.809245), loss=0.629312 (avg=0.601414), pairs_step=16384, pairs_total=63979520
[2026-02-27 13:30:40,189] INFO:fitness.free_loss_fidelity: RL4CO free-loss[warmstart] step 4686/7815: score=7.763866 (avg=7.808496), loss=0.627536 (avg=0.606338), pairs_step=16384, pairs_total=76775424
[2026-02-27 13:30:40,189] INFO:fitness.free_loss_fidelity: RL4CO free-loss[warmstart] step 4686/7815: score=7.763866 (avg=7.808496), loss=0.627536 (avg=0.606338), pairs_step=16384, pairs_total=76775424
[2026-02-27 13:31:02,322] INFO:fitness.free_loss_fidelity: RL4CO free-loss[warmstart] epoch 3/5: validation_objective=7.805689
[2026-02-27 13:31:02,322] INFO:fitness.free_loss_fidelity: RL4CO free-loss[warmstart] epoch 3/5: validation_objective=7.805689
[2026-02-27 13:35:08,415] INFO:fitness.free_loss_fidelity: RL4CO free-loss[warmstart] step 5467/7815: score=7.818232 (avg=7.808410), loss=0.635558 (avg=0.610254), pairs_step=16384, pairs_total=89571328
[2026-02-27 13:35:08,415] INFO:fitness.free_loss_fidelity: RL4CO free-loss[warmstart] step 5467/7815: score=7.818232 (avg=7.808410), loss=0.635558 (avg=0.610254), pairs_step=16384, pairs_total=89571328
[2026-02-27 13:39:15,691] INFO:fitness.free_loss_fidelity: RL4CO free-loss[warmstart] step 6248/7815: score=7.831206 (avg=7.808022), loss=0.645071 (avg=0.613439), pairs_step=16384, pairs_total=102367232
[2026-02-27 13:39:15,691] INFO:fitness.free_loss_fidelity: RL4CO free-loss[warmstart] step 6248/7815: score=7.831206 (avg=7.808022), loss=0.645071 (avg=0.613439), pairs_step=16384, pairs_total=102367232
[2026-02-27 13:39:38,066] INFO:fitness.free_loss_fidelity: RL4CO free-loss[warmstart] epoch 4/5: validation_objective=7.805569
[2026-02-27 13:39:38,066] INFO:fitness.free_loss_fidelity: RL4CO free-loss[warmstart] epoch 4/5: validation_objective=7.805569
[2026-02-27 13:43:43,646] INFO:fitness.free_loss_fidelity: RL4CO free-loss[warmstart] step 7029/7815: score=7.767379 (avg=7.807705), loss=0.638874 (avg=0.616039), pairs_step=16384, pairs_total=115163136
[2026-02-27 13:43:43,646] INFO:fitness.free_loss_fidelity: RL4CO free-loss[warmstart] step 7029/7815: score=7.767379 (avg=7.807705), loss=0.638874 (avg=0.616039), pairs_step=16384, pairs_total=115163136
[2026-02-27 13:47:50,540] INFO:fitness.free_loss_fidelity: RL4CO free-loss[warmstart] step 7810/7815: score=7.849707 (avg=7.807597), loss=0.649506 (avg=0.618320), pairs_step=16384, pairs_total=127959040
[2026-02-27 13:47:50,540] INFO:fitness.free_loss_fidelity: RL4CO free-loss[warmstart] step 7810/7815: score=7.849707 (avg=7.807597), loss=0.649506 (avg=0.618320), pairs_step=16384, pairs_total=127959040
[2026-02-27 13:48:13,259] INFO:fitness.free_loss_fidelity: RL4CO free-loss[warmstart] epoch 5/5: validation_objective=7.809301
[2026-02-27 13:48:13,259] INFO:fitness.free_loss_fidelity: RL4CO free-loss[warmstart] epoch 5/5: validation_objective=7.809301
