[2026-02-27 03:57:04,356] INFO:fitness.free_loss_fidelity: HF start gen=2 pair_index=6 device=cuda:3 g_id=g000_000_dd4525c2 f_id=f002_008_92880ff6
[2026-02-27 03:57:04,356] INFO:fitness.free_loss_fidelity: HF start gen=2 pair_index=6 device=cuda:3 g_id=g000_000_dd4525c2 f_id=f002_008_92880ff6
[2026-02-27 03:57:04,377] INFO:fitness.free_loss_fidelity: RL4CO free-loss phase=scratch: epochs=5 steps_f1=7815 steps_f2=0 total_steps=7815 (ckpt=none, device=cuda:3, env=tsp)
[2026-02-27 03:57:04,377] INFO:fitness.free_loss_fidelity: RL4CO free-loss phase=scratch: epochs=5 steps_f1=7815 steps_f2=0 total_steps=7815 (ckpt=none, device=cuda:3, env=tsp)
[2026-02-27 03:57:04,777] INFO:fitness.free_loss_fidelity: RL4CO free-loss[scratch] step 1/7815: score=50.776741 (avg=50.776741), loss=0.768595 (avg=0.768595), pairs_step=16384, pairs_total=16384
[2026-02-27 03:57:04,777] INFO:fitness.free_loss_fidelity: RL4CO free-loss[scratch] step 1/7815: score=50.776741 (avg=50.776741), loss=0.768595 (avg=0.768595), pairs_step=16384, pairs_total=16384
[2026-02-27 04:01:08,655] INFO:fitness.free_loss_fidelity: RL4CO free-loss[scratch] step 781/7815: score=8.219226 (avg=8.681269), loss=0.513306 (avg=0.469380), pairs_step=16384, pairs_total=12795904
[2026-02-27 04:01:08,655] INFO:fitness.free_loss_fidelity: RL4CO free-loss[scratch] step 781/7815: score=8.219226 (avg=8.681269), loss=0.513306 (avg=0.469380), pairs_step=16384, pairs_total=12795904
[2026-02-27 04:05:12,810] INFO:fitness.free_loss_fidelity: RL4CO free-loss[scratch] step 1562/7815: score=8.136326 (avg=8.419858), loss=0.534807 (avg=0.493214), pairs_step=16384, pairs_total=25591808
[2026-02-27 04:05:12,810] INFO:fitness.free_loss_fidelity: RL4CO free-loss[scratch] step 1562/7815: score=8.136326 (avg=8.419858), loss=0.534807 (avg=0.493214), pairs_step=16384, pairs_total=25591808
[2026-02-27 04:05:33,961] INFO:fitness.free_loss_fidelity: RL4CO free-loss[scratch] epoch 1/5: validation_objective=8.048081
[2026-02-27 04:05:33,961] INFO:fitness.free_loss_fidelity: RL4CO free-loss[scratch] epoch 1/5: validation_objective=8.048081
[2026-02-27 04:09:38,136] INFO:fitness.free_loss_fidelity: RL4CO free-loss[scratch] step 2343/7815: score=8.140855 (avg=8.311094), loss=0.548024 (avg=0.510981), pairs_step=16384, pairs_total=38387712
[2026-02-27 04:09:38,136] INFO:fitness.free_loss_fidelity: RL4CO free-loss[scratch] step 2343/7815: score=8.140855 (avg=8.311094), loss=0.548024 (avg=0.510981), pairs_step=16384, pairs_total=38387712
[2026-02-27 04:13:42,764] INFO:fitness.free_loss_fidelity: RL4CO free-loss[scratch] step 3124/7815: score=8.039349 (avg=8.247751), loss=0.598050 (avg=0.526916), pairs_step=16384, pairs_total=51183616
[2026-02-27 04:13:42,764] INFO:fitness.free_loss_fidelity: RL4CO free-loss[scratch] step 3124/7815: score=8.039349 (avg=8.247751), loss=0.598050 (avg=0.526916), pairs_step=16384, pairs_total=51183616
[2026-02-27 04:14:04,268] INFO:fitness.free_loss_fidelity: RL4CO free-loss[scratch] epoch 2/5: validation_objective=8.009647
[2026-02-27 04:14:04,268] INFO:fitness.free_loss_fidelity: RL4CO free-loss[scratch] epoch 2/5: validation_objective=8.009647
[2026-02-27 04:18:08,437] INFO:fitness.free_loss_fidelity: RL4CO free-loss[scratch] step 3905/7815: score=8.038839 (avg=8.205408), loss=0.607943 (avg=0.542135), pairs_step=16384, pairs_total=63979520
[2026-02-27 04:18:08,437] INFO:fitness.free_loss_fidelity: RL4CO free-loss[scratch] step 3905/7815: score=8.038839 (avg=8.205408), loss=0.607943 (avg=0.542135), pairs_step=16384, pairs_total=63979520
[2026-02-27 04:22:13,201] INFO:fitness.free_loss_fidelity: RL4CO free-loss[scratch] step 4686/7815: score=7.929329 (avg=8.174870), loss=0.619845 (avg=0.554844), pairs_step=16384, pairs_total=76775424
[2026-02-27 04:22:13,201] INFO:fitness.free_loss_fidelity: RL4CO free-loss[scratch] step 4686/7815: score=7.929329 (avg=8.174870), loss=0.619845 (avg=0.554844), pairs_step=16384, pairs_total=76775424
[2026-02-27 04:22:35,020] INFO:fitness.free_loss_fidelity: RL4CO free-loss[scratch] epoch 3/5: validation_objective=8.009807
[2026-02-27 04:22:35,020] INFO:fitness.free_loss_fidelity: RL4CO free-loss[scratch] epoch 3/5: validation_objective=8.009807
[2026-02-27 04:26:38,861] INFO:fitness.free_loss_fidelity: RL4CO free-loss[scratch] step 5467/7815: score=7.988387 (avg=8.152093), loss=0.633221 (avg=0.565041), pairs_step=16384, pairs_total=89571328
[2026-02-27 04:26:38,861] INFO:fitness.free_loss_fidelity: RL4CO free-loss[scratch] step 5467/7815: score=7.988387 (avg=8.152093), loss=0.633221 (avg=0.565041), pairs_step=16384, pairs_total=89571328
[2026-02-27 04:30:43,588] INFO:fitness.free_loss_fidelity: RL4CO free-loss[scratch] step 6248/7815: score=7.998752 (avg=8.134286), loss=0.631730 (avg=0.573351), pairs_step=16384, pairs_total=102367232
[2026-02-27 04:30:43,588] INFO:fitness.free_loss_fidelity: RL4CO free-loss[scratch] step 6248/7815: score=7.998752 (avg=8.134286), loss=0.631730 (avg=0.573351), pairs_step=16384, pairs_total=102367232
[2026-02-27 04:31:05,728] INFO:fitness.free_loss_fidelity: RL4CO free-loss[scratch] epoch 4/5: validation_objective=7.992355
[2026-02-27 04:31:05,728] INFO:fitness.free_loss_fidelity: RL4CO free-loss[scratch] epoch 4/5: validation_objective=7.992355
[2026-02-27 04:35:09,316] INFO:fitness.free_loss_fidelity: RL4CO free-loss[scratch] step 7029/7815: score=7.939137 (avg=8.119737), loss=0.633439 (avg=0.580334), pairs_step=16384, pairs_total=115163136
[2026-02-27 04:35:09,316] INFO:fitness.free_loss_fidelity: RL4CO free-loss[scratch] step 7029/7815: score=7.939137 (avg=8.119737), loss=0.633439 (avg=0.580334), pairs_step=16384, pairs_total=115163136
[2026-02-27 04:39:14,038] INFO:fitness.free_loss_fidelity: RL4CO free-loss[scratch] step 7810/7815: score=7.996493 (avg=8.107405), loss=0.643844 (avg=0.586215), pairs_step=16384, pairs_total=127959040
[2026-02-27 04:39:14,038] INFO:fitness.free_loss_fidelity: RL4CO free-loss[scratch] step 7810/7815: score=7.996493 (avg=8.107405), loss=0.643844 (avg=0.586215), pairs_step=16384, pairs_total=127959040
[2026-02-27 04:39:36,499] INFO:fitness.free_loss_fidelity: RL4CO free-loss[scratch] epoch 5/5: validation_objective=7.989890
[2026-02-27 04:39:36,499] INFO:fitness.free_loss_fidelity: RL4CO free-loss[scratch] epoch 5/5: validation_objective=7.989890
[2026-02-27 04:39:57,633] WARNING:fitness.free_loss_fidelity: weights_only checkpoint load failed (UnpicklingError); retrying weights_only=False for /data1/gushengda/eam-rl4co/baseline/epoch_409.ckpt
[2026-02-27 04:39:57,633] WARNING:fitness.free_loss_fidelity: weights_only checkpoint load failed (UnpicklingError); retrying weights_only=False for /data1/gushengda/eam-rl4co/baseline/epoch_409.ckpt
[2026-02-27 04:39:57,674] INFO:fitness.free_loss_fidelity: Loaded init checkpoint into policy: path=/data1/gushengda/eam-rl4co/baseline/epoch_409.ckpt prefix=policy. matched=97 missing=0 unexpected=0
[2026-02-27 04:39:57,674] INFO:fitness.free_loss_fidelity: Loaded init checkpoint into policy: path=/data1/gushengda/eam-rl4co/baseline/epoch_409.ckpt prefix=policy. matched=97 missing=0 unexpected=0
[2026-02-27 04:39:57,680] INFO:fitness.free_loss_fidelity: RL4CO free-loss phase=warmstart: epochs=5 steps_f1=7815 steps_f2=0 total_steps=7815 (ckpt=/data1/gushengda/eam-rl4co/baseline/epoch_409.ckpt, device=cuda:3, env=tsp)
[2026-02-27 04:39:57,680] INFO:fitness.free_loss_fidelity: RL4CO free-loss phase=warmstart: epochs=5 steps_f1=7815 steps_f2=0 total_steps=7815 (ckpt=/data1/gushengda/eam-rl4co/baseline/epoch_409.ckpt, device=cuda:3, env=tsp)
[2026-02-27 04:39:58,070] INFO:fitness.free_loss_fidelity: RL4CO free-loss[warmstart] step 1/7815: score=7.827631 (avg=7.827631), loss=0.000250 (avg=0.000250), pairs_step=16384, pairs_total=16384
[2026-02-27 04:39:58,070] INFO:fitness.free_loss_fidelity: RL4CO free-loss[warmstart] step 1/7815: score=7.827631 (avg=7.827631), loss=0.000250 (avg=0.000250), pairs_step=16384, pairs_total=16384
[2026-02-27 04:44:23,484] INFO:fitness.free_loss_fidelity: RL4CO free-loss[warmstart] step 781/7815: score=7.842577 (avg=7.812025), loss=0.633023 (avg=0.575519), pairs_step=16384, pairs_total=12795904
[2026-02-27 04:44:23,484] INFO:fitness.free_loss_fidelity: RL4CO free-loss[warmstart] step 781/7815: score=7.842577 (avg=7.812025), loss=0.633023 (avg=0.575519), pairs_step=16384, pairs_total=12795904
[2026-02-27 04:48:27,613] INFO:fitness.free_loss_fidelity: RL4CO free-loss[warmstart] step 1562/7815: score=7.776702 (avg=7.811154), loss=0.636839 (avg=0.605585), pairs_step=16384, pairs_total=25591808
[2026-02-27 04:48:27,613] INFO:fitness.free_loss_fidelity: RL4CO free-loss[warmstart] step 1562/7815: score=7.776702 (avg=7.811154), loss=0.636839 (avg=0.605585), pairs_step=16384, pairs_total=25591808
[2026-02-27 04:48:48,775] INFO:fitness.free_loss_fidelity: RL4CO free-loss[warmstart] epoch 1/5: validation_objective=7.808791
[2026-02-27 04:48:48,775] INFO:fitness.free_loss_fidelity: RL4CO free-loss[warmstart] epoch 1/5: validation_objective=7.808791
[2026-02-27 04:52:53,168] INFO:fitness.free_loss_fidelity: RL4CO free-loss[warmstart] step 2343/7815: score=7.800839 (avg=7.809951), loss=0.652825 (avg=0.617925), pairs_step=16384, pairs_total=38387712
[2026-02-27 04:52:53,168] INFO:fitness.free_loss_fidelity: RL4CO free-loss[warmstart] step 2343/7815: score=7.800839 (avg=7.809951), loss=0.652825 (avg=0.617925), pairs_step=16384, pairs_total=38387712
[2026-02-27 04:56:57,403] INFO:fitness.free_loss_fidelity: RL4CO free-loss[warmstart] step 3124/7815: score=7.755621 (avg=7.809640), loss=0.649713 (avg=0.625172), pairs_step=16384, pairs_total=51183616
[2026-02-27 04:56:57,403] INFO:fitness.free_loss_fidelity: RL4CO free-loss[warmstart] step 3124/7815: score=7.755621 (avg=7.809640), loss=0.649713 (avg=0.625172), pairs_step=16384, pairs_total=51183616
[2026-02-27 04:57:19,066] INFO:fitness.free_loss_fidelity: RL4CO free-loss[warmstart] epoch 2/5: validation_objective=7.807742
[2026-02-27 04:57:19,066] INFO:fitness.free_loss_fidelity: RL4CO free-loss[warmstart] epoch 2/5: validation_objective=7.807742
[2026-02-27 05:01:22,755] INFO:fitness.free_loss_fidelity: RL4CO free-loss[warmstart] step 3905/7815: score=7.848619 (avg=7.809204), loss=0.652039 (avg=0.629904), pairs_step=16384, pairs_total=63979520
[2026-02-27 05:01:22,755] INFO:fitness.free_loss_fidelity: RL4CO free-loss[warmstart] step 3905/7815: score=7.848619 (avg=7.809204), loss=0.652039 (avg=0.629904), pairs_step=16384, pairs_total=63979520
[2026-02-27 05:05:27,401] INFO:fitness.free_loss_fidelity: RL4CO free-loss[warmstart] step 4686/7815: score=7.766618 (avg=7.808691), loss=0.652611 (avg=0.633389), pairs_step=16384, pairs_total=76775424
[2026-02-27 05:05:27,401] INFO:fitness.free_loss_fidelity: RL4CO free-loss[warmstart] step 4686/7815: score=7.766618 (avg=7.808691), loss=0.652611 (avg=0.633389), pairs_step=16384, pairs_total=76775424
[2026-02-27 05:05:49,198] INFO:fitness.free_loss_fidelity: RL4CO free-loss[warmstart] epoch 3/5: validation_objective=7.808330
[2026-02-27 05:05:49,198] INFO:fitness.free_loss_fidelity: RL4CO free-loss[warmstart] epoch 3/5: validation_objective=7.808330
[2026-02-27 05:09:52,678] INFO:fitness.free_loss_fidelity: RL4CO free-loss[warmstart] step 5467/7815: score=7.810946 (avg=7.808681), loss=0.647500 (avg=0.636138), pairs_step=16384, pairs_total=89571328
[2026-02-27 05:09:52,678] INFO:fitness.free_loss_fidelity: RL4CO free-loss[warmstart] step 5467/7815: score=7.810946 (avg=7.808681), loss=0.647500 (avg=0.636138), pairs_step=16384, pairs_total=89571328
[2026-02-27 05:13:57,191] INFO:fitness.free_loss_fidelity: RL4CO free-loss[warmstart] step 6248/7815: score=7.832664 (avg=7.808431), loss=0.648820 (avg=0.638376), pairs_step=16384, pairs_total=102367232
[2026-02-27 05:13:57,191] INFO:fitness.free_loss_fidelity: RL4CO free-loss[warmstart] step 6248/7815: score=7.832664 (avg=7.808431), loss=0.648820 (avg=0.638376), pairs_step=16384, pairs_total=102367232
[2026-02-27 05:14:19,296] INFO:fitness.free_loss_fidelity: RL4CO free-loss[warmstart] epoch 4/5: validation_objective=7.804298
[2026-02-27 05:14:19,296] INFO:fitness.free_loss_fidelity: RL4CO free-loss[warmstart] epoch 4/5: validation_objective=7.804298
[2026-02-27 05:18:22,296] INFO:fitness.free_loss_fidelity: RL4CO free-loss[warmstart] step 7029/7815: score=7.773264 (avg=7.808218), loss=0.665967 (avg=0.640242), pairs_step=16384, pairs_total=115163136
[2026-02-27 05:18:22,296] INFO:fitness.free_loss_fidelity: RL4CO free-loss[warmstart] step 7029/7815: score=7.773264 (avg=7.808218), loss=0.665967 (avg=0.640242), pairs_step=16384, pairs_total=115163136
[2026-02-27 05:22:26,759] INFO:fitness.free_loss_fidelity: RL4CO free-loss[warmstart] step 7810/7815: score=7.851621 (avg=7.808277), loss=0.654728 (avg=0.641807), pairs_step=16384, pairs_total=127959040
[2026-02-27 05:22:26,759] INFO:fitness.free_loss_fidelity: RL4CO free-loss[warmstart] step 7810/7815: score=7.851621 (avg=7.808277), loss=0.654728 (avg=0.641807), pairs_step=16384, pairs_total=127959040
[2026-02-27 05:22:49,192] INFO:fitness.free_loss_fidelity: RL4CO free-loss[warmstart] epoch 5/5: validation_objective=7.813485
[2026-02-27 05:22:49,192] INFO:fitness.free_loss_fidelity: RL4CO free-loss[warmstart] epoch 5/5: validation_objective=7.813485
