[2026-02-27 09:03:17,505] INFO:fitness.free_loss_fidelity: HF start gen=4 pair_index=19 device=cuda:1 g_id=g000_000_dd4525c2 f_id=f004_005_14559119
[2026-02-27 09:03:17,505] INFO:fitness.free_loss_fidelity: HF start gen=4 pair_index=19 device=cuda:1 g_id=g000_000_dd4525c2 f_id=f004_005_14559119
[2026-02-27 09:03:23,522] INFO:fitness.free_loss_fidelity: RL4CO free-loss phase=scratch: epochs=5 steps_f1=7815 steps_f2=0 total_steps=7815 (ckpt=none, device=cuda:1, env=tsp)
[2026-02-27 09:03:23,522] INFO:fitness.free_loss_fidelity: RL4CO free-loss phase=scratch: epochs=5 steps_f1=7815 steps_f2=0 total_steps=7815 (ckpt=none, device=cuda:1, env=tsp)
[2026-02-27 09:03:24,356] INFO:fitness.free_loss_fidelity: RL4CO free-loss[scratch] step 1/7815: score=50.776741 (avg=50.776741), loss=0.687358 (avg=0.687358), pairs_step=16384, pairs_total=16384
[2026-02-27 09:03:24,356] INFO:fitness.free_loss_fidelity: RL4CO free-loss[scratch] step 1/7815: score=50.776741 (avg=50.776741), loss=0.687358 (avg=0.687358), pairs_step=16384, pairs_total=16384
[2026-02-27 09:07:29,003] INFO:fitness.free_loss_fidelity: RL4CO free-loss[scratch] step 781/7815: score=8.222801 (avg=8.650901), loss=0.492876 (avg=0.471777), pairs_step=16384, pairs_total=12795904
[2026-02-27 09:07:29,003] INFO:fitness.free_loss_fidelity: RL4CO free-loss[scratch] step 781/7815: score=8.222801 (avg=8.650901), loss=0.492876 (avg=0.471777), pairs_step=16384, pairs_total=12795904
[2026-02-27 09:11:34,293] INFO:fitness.free_loss_fidelity: RL4CO free-loss[scratch] step 1562/7815: score=8.152998 (avg=8.403959), loss=0.547407 (avg=0.502321), pairs_step=16384, pairs_total=25591808
[2026-02-27 09:11:34,293] INFO:fitness.free_loss_fidelity: RL4CO free-loss[scratch] step 1562/7815: score=8.152998 (avg=8.403959), loss=0.547407 (avg=0.502321), pairs_step=16384, pairs_total=25591808
[2026-02-27 09:11:55,543] INFO:fitness.free_loss_fidelity: RL4CO free-loss[scratch] epoch 1/5: validation_objective=8.054367
[2026-02-27 09:11:55,543] INFO:fitness.free_loss_fidelity: RL4CO free-loss[scratch] epoch 1/5: validation_objective=8.054367
[2026-02-27 09:16:00,570] INFO:fitness.free_loss_fidelity: RL4CO free-loss[scratch] step 2343/7815: score=8.133264 (avg=8.300258), loss=0.586201 (avg=0.523615), pairs_step=16384, pairs_total=38387712
[2026-02-27 09:16:00,570] INFO:fitness.free_loss_fidelity: RL4CO free-loss[scratch] step 2343/7815: score=8.133264 (avg=8.300258), loss=0.586201 (avg=0.523615), pairs_step=16384, pairs_total=38387712
[2026-02-27 09:20:06,092] INFO:fitness.free_loss_fidelity: RL4CO free-loss[scratch] step 3124/7815: score=8.050497 (avg=8.238819), loss=0.613810 (avg=0.542160), pairs_step=16384, pairs_total=51183616
[2026-02-27 09:20:06,092] INFO:fitness.free_loss_fidelity: RL4CO free-loss[scratch] step 3124/7815: score=8.050497 (avg=8.238819), loss=0.613810 (avg=0.542160), pairs_step=16384, pairs_total=51183616
[2026-02-27 09:20:27,740] INFO:fitness.free_loss_fidelity: RL4CO free-loss[scratch] epoch 2/5: validation_objective=8.019658
[2026-02-27 09:20:27,740] INFO:fitness.free_loss_fidelity: RL4CO free-loss[scratch] epoch 2/5: validation_objective=8.019658
[2026-02-27 09:24:32,561] INFO:fitness.free_loss_fidelity: RL4CO free-loss[scratch] step 3905/7815: score=8.033274 (avg=8.197966), loss=0.627273 (avg=0.559440), pairs_step=16384, pairs_total=63979520
[2026-02-27 09:24:32,561] INFO:fitness.free_loss_fidelity: RL4CO free-loss[scratch] step 3905/7815: score=8.033274 (avg=8.197966), loss=0.627273 (avg=0.559440), pairs_step=16384, pairs_total=63979520
[2026-02-27 09:28:37,869] INFO:fitness.free_loss_fidelity: RL4CO free-loss[scratch] step 4686/7815: score=7.937205 (avg=8.168364), loss=0.643445 (avg=0.573528), pairs_step=16384, pairs_total=76775424
[2026-02-27 09:28:37,869] INFO:fitness.free_loss_fidelity: RL4CO free-loss[scratch] step 4686/7815: score=7.937205 (avg=8.168364), loss=0.643445 (avg=0.573528), pairs_step=16384, pairs_total=76775424
[2026-02-27 09:28:59,799] INFO:fitness.free_loss_fidelity: RL4CO free-loss[scratch] epoch 3/5: validation_objective=8.005693
[2026-02-27 09:28:59,799] INFO:fitness.free_loss_fidelity: RL4CO free-loss[scratch] epoch 3/5: validation_objective=8.005693
[2026-02-27 09:33:03,351] INFO:fitness.free_loss_fidelity: RL4CO free-loss[scratch] step 5467/7815: score=7.994056 (avg=8.146117), loss=0.656198 (avg=0.584681), pairs_step=16384, pairs_total=89571328
[2026-02-27 09:33:03,351] INFO:fitness.free_loss_fidelity: RL4CO free-loss[scratch] step 5467/7815: score=7.994056 (avg=8.146117), loss=0.656198 (avg=0.584681), pairs_step=16384, pairs_total=89571328
[2026-02-27 09:37:10,384] INFO:fitness.free_loss_fidelity: RL4CO free-loss[scratch] step 6248/7815: score=7.992819 (avg=8.128877), loss=0.670331 (avg=0.593760), pairs_step=16384, pairs_total=102367232
[2026-02-27 09:37:10,384] INFO:fitness.free_loss_fidelity: RL4CO free-loss[scratch] step 6248/7815: score=7.992819 (avg=8.128877), loss=0.670331 (avg=0.593760), pairs_step=16384, pairs_total=102367232
[2026-02-27 09:37:32,733] INFO:fitness.free_loss_fidelity: RL4CO free-loss[scratch] epoch 4/5: validation_objective=7.995993
[2026-02-27 09:37:32,733] INFO:fitness.free_loss_fidelity: RL4CO free-loss[scratch] epoch 4/5: validation_objective=7.995993
[2026-02-27 09:41:38,524] INFO:fitness.free_loss_fidelity: RL4CO free-loss[scratch] step 7029/7815: score=7.944839 (avg=8.114765), loss=0.670829 (avg=0.601366), pairs_step=16384, pairs_total=115163136
[2026-02-27 09:41:38,524] INFO:fitness.free_loss_fidelity: RL4CO free-loss[scratch] step 7029/7815: score=7.944839 (avg=8.114765), loss=0.670829 (avg=0.601366), pairs_step=16384, pairs_total=115163136
[2026-02-27 09:45:45,606] INFO:fitness.free_loss_fidelity: RL4CO free-loss[scratch] step 7810/7815: score=7.974083 (avg=8.102802), loss=0.662245 (avg=0.607757), pairs_step=16384, pairs_total=127959040
[2026-02-27 09:45:45,606] INFO:fitness.free_loss_fidelity: RL4CO free-loss[scratch] step 7810/7815: score=7.974083 (avg=8.102802), loss=0.662245 (avg=0.607757), pairs_step=16384, pairs_total=127959040
[2026-02-27 09:46:08,266] INFO:fitness.free_loss_fidelity: RL4CO free-loss[scratch] epoch 5/5: validation_objective=7.989569
[2026-02-27 09:46:08,266] INFO:fitness.free_loss_fidelity: RL4CO free-loss[scratch] epoch 5/5: validation_objective=7.989569
[2026-02-27 09:46:29,746] WARNING:fitness.free_loss_fidelity: weights_only checkpoint load failed (UnpicklingError); retrying weights_only=False for /data1/gushengda/eam-rl4co/baseline/epoch_409.ckpt
[2026-02-27 09:46:29,746] WARNING:fitness.free_loss_fidelity: weights_only checkpoint load failed (UnpicklingError); retrying weights_only=False for /data1/gushengda/eam-rl4co/baseline/epoch_409.ckpt
[2026-02-27 09:46:29,796] INFO:fitness.free_loss_fidelity: Loaded init checkpoint into policy: path=/data1/gushengda/eam-rl4co/baseline/epoch_409.ckpt prefix=policy. matched=97 missing=0 unexpected=0
[2026-02-27 09:46:29,796] INFO:fitness.free_loss_fidelity: Loaded init checkpoint into policy: path=/data1/gushengda/eam-rl4co/baseline/epoch_409.ckpt prefix=policy. matched=97 missing=0 unexpected=0
[2026-02-27 09:46:29,801] INFO:fitness.free_loss_fidelity: RL4CO free-loss phase=warmstart: epochs=5 steps_f1=7815 steps_f2=0 total_steps=7815 (ckpt=/data1/gushengda/eam-rl4co/baseline/epoch_409.ckpt, device=cuda:1, env=tsp)
[2026-02-27 09:46:29,801] INFO:fitness.free_loss_fidelity: RL4CO free-loss phase=warmstart: epochs=5 steps_f1=7815 steps_f2=0 total_steps=7815 (ckpt=/data1/gushengda/eam-rl4co/baseline/epoch_409.ckpt, device=cuda:1, env=tsp)
[2026-02-27 09:46:30,210] INFO:fitness.free_loss_fidelity: RL4CO free-loss[warmstart] step 1/7815: score=7.827631 (avg=7.827631), loss=0.000132 (avg=0.000132), pairs_step=16384, pairs_total=16384
[2026-02-27 09:46:30,210] INFO:fitness.free_loss_fidelity: RL4CO free-loss[warmstart] step 1/7815: score=7.827631 (avg=7.827631), loss=0.000132 (avg=0.000132), pairs_step=16384, pairs_total=16384
[2026-02-27 09:50:57,348] INFO:fitness.free_loss_fidelity: RL4CO free-loss[warmstart] step 781/7815: score=7.838482 (avg=7.813096), loss=0.656050 (avg=0.603821), pairs_step=16384, pairs_total=12795904
[2026-02-27 09:50:57,348] INFO:fitness.free_loss_fidelity: RL4CO free-loss[warmstart] step 781/7815: score=7.838482 (avg=7.813096), loss=0.656050 (avg=0.603821), pairs_step=16384, pairs_total=12795904
[2026-02-27 09:55:02,696] INFO:fitness.free_loss_fidelity: RL4CO free-loss[warmstart] step 1562/7815: score=7.775241 (avg=7.812013), loss=0.678548 (avg=0.638169), pairs_step=16384, pairs_total=25591808
[2026-02-27 09:55:02,696] INFO:fitness.free_loss_fidelity: RL4CO free-loss[warmstart] step 1562/7815: score=7.775241 (avg=7.812013), loss=0.678548 (avg=0.638169), pairs_step=16384, pairs_total=25591808
[2026-02-27 09:55:24,021] INFO:fitness.free_loss_fidelity: RL4CO free-loss[warmstart] epoch 1/5: validation_objective=7.806988
[2026-02-27 09:55:24,021] INFO:fitness.free_loss_fidelity: RL4CO free-loss[warmstart] epoch 1/5: validation_objective=7.806988
[2026-02-27 09:59:29,266] INFO:fitness.free_loss_fidelity: RL4CO free-loss[warmstart] step 2343/7815: score=7.804104 (avg=7.810513), loss=0.676073 (avg=0.652436), pairs_step=16384, pairs_total=38387712
[2026-02-27 09:59:29,266] INFO:fitness.free_loss_fidelity: RL4CO free-loss[warmstart] step 2343/7815: score=7.804104 (avg=7.810513), loss=0.676073 (avg=0.652436), pairs_step=16384, pairs_total=38387712
[2026-02-27 10:03:35,448] INFO:fitness.free_loss_fidelity: RL4CO free-loss[warmstart] step 3124/7815: score=7.757105 (avg=7.809915), loss=0.685831 (avg=0.660593), pairs_step=16384, pairs_total=51183616
[2026-02-27 10:03:35,448] INFO:fitness.free_loss_fidelity: RL4CO free-loss[warmstart] step 3124/7815: score=7.757105 (avg=7.809915), loss=0.685831 (avg=0.660593), pairs_step=16384, pairs_total=51183616
[2026-02-27 10:03:57,100] INFO:fitness.free_loss_fidelity: RL4CO free-loss[warmstart] epoch 2/5: validation_objective=7.811058
[2026-02-27 10:03:57,100] INFO:fitness.free_loss_fidelity: RL4CO free-loss[warmstart] epoch 2/5: validation_objective=7.811058
[2026-02-27 10:08:02,221] INFO:fitness.free_loss_fidelity: RL4CO free-loss[warmstart] step 3905/7815: score=7.855518 (avg=7.809681), loss=0.695879 (avg=0.666163), pairs_step=16384, pairs_total=63979520
[2026-02-27 10:08:02,221] INFO:fitness.free_loss_fidelity: RL4CO free-loss[warmstart] step 3905/7815: score=7.855518 (avg=7.809681), loss=0.695879 (avg=0.666163), pairs_step=16384, pairs_total=63979520
[2026-02-27 10:12:07,749] INFO:fitness.free_loss_fidelity: RL4CO free-loss[warmstart] step 4686/7815: score=7.770939 (avg=7.809097), loss=0.688250 (avg=0.670202), pairs_step=16384, pairs_total=76775424
[2026-02-27 10:12:07,749] INFO:fitness.free_loss_fidelity: RL4CO free-loss[warmstart] step 4686/7815: score=7.770939 (avg=7.809097), loss=0.688250 (avg=0.670202), pairs_step=16384, pairs_total=76775424
[2026-02-27 10:12:29,711] INFO:fitness.free_loss_fidelity: RL4CO free-loss[warmstart] epoch 3/5: validation_objective=7.805262
[2026-02-27 10:12:29,711] INFO:fitness.free_loss_fidelity: RL4CO free-loss[warmstart] epoch 3/5: validation_objective=7.805262
[2026-02-27 10:16:34,257] INFO:fitness.free_loss_fidelity: RL4CO free-loss[warmstart] step 5467/7815: score=7.807490 (avg=7.809103), loss=0.694746 (avg=0.673278), pairs_step=16384, pairs_total=89571328
[2026-02-27 10:16:34,257] INFO:fitness.free_loss_fidelity: RL4CO free-loss[warmstart] step 5467/7815: score=7.807490 (avg=7.809103), loss=0.694746 (avg=0.673278), pairs_step=16384, pairs_total=89571328
[2026-02-27 10:20:39,925] INFO:fitness.free_loss_fidelity: RL4CO free-loss[warmstart] step 6248/7815: score=7.829423 (avg=7.808822), loss=0.692976 (avg=0.675810), pairs_step=16384, pairs_total=102367232
[2026-02-27 10:20:39,925] INFO:fitness.free_loss_fidelity: RL4CO free-loss[warmstart] step 6248/7815: score=7.829423 (avg=7.808822), loss=0.692976 (avg=0.675810), pairs_step=16384, pairs_total=102367232
[2026-02-27 10:21:02,196] INFO:fitness.free_loss_fidelity: RL4CO free-loss[warmstart] epoch 4/5: validation_objective=7.804406
[2026-02-27 10:21:02,196] INFO:fitness.free_loss_fidelity: RL4CO free-loss[warmstart] epoch 4/5: validation_objective=7.804406
[2026-02-27 10:25:06,666] INFO:fitness.free_loss_fidelity: RL4CO free-loss[warmstart] step 7029/7815: score=7.771929 (avg=7.808633), loss=0.701709 (avg=0.677943), pairs_step=16384, pairs_total=115163136
[2026-02-27 10:25:06,666] INFO:fitness.free_loss_fidelity: RL4CO free-loss[warmstart] step 7029/7815: score=7.771929 (avg=7.808633), loss=0.701709 (avg=0.677943), pairs_step=16384, pairs_total=115163136
[2026-02-27 10:29:12,308] INFO:fitness.free_loss_fidelity: RL4CO free-loss[warmstart] step 7810/7815: score=7.846879 (avg=7.808583), loss=0.698490 (avg=0.679728), pairs_step=16384, pairs_total=127959040
[2026-02-27 10:29:12,308] INFO:fitness.free_loss_fidelity: RL4CO free-loss[warmstart] step 7810/7815: score=7.846879 (avg=7.808583), loss=0.698490 (avg=0.679728), pairs_step=16384, pairs_total=127959040
[2026-02-27 10:29:34,892] INFO:fitness.free_loss_fidelity: RL4CO free-loss[warmstart] epoch 5/5: validation_objective=7.810555
[2026-02-27 10:29:34,892] INFO:fitness.free_loss_fidelity: RL4CO free-loss[warmstart] epoch 5/5: validation_objective=7.810555
