[2026-02-27 09:03:17,510] INFO:fitness.free_loss_fidelity: HF start gen=4 pair_index=21 device=cuda:2 g_id=g000_000_dd4525c2 f_id=f004_000_73b99107
[2026-02-27 09:03:17,510] INFO:fitness.free_loss_fidelity: HF start gen=4 pair_index=21 device=cuda:2 g_id=g000_000_dd4525c2 f_id=f004_000_73b99107
[2026-02-27 09:03:23,056] INFO:fitness.free_loss_fidelity: RL4CO free-loss phase=scratch: epochs=5 steps_f1=7815 steps_f2=0 total_steps=7815 (ckpt=none, device=cuda:2, env=tsp)
[2026-02-27 09:03:23,056] INFO:fitness.free_loss_fidelity: RL4CO free-loss phase=scratch: epochs=5 steps_f1=7815 steps_f2=0 total_steps=7815 (ckpt=none, device=cuda:2, env=tsp)
[2026-02-27 09:03:24,002] INFO:fitness.free_loss_fidelity: RL4CO free-loss[scratch] step 1/7815: score=50.776741 (avg=50.776741), loss=0.794097 (avg=0.794097), pairs_step=16384, pairs_total=16384
[2026-02-27 09:03:24,002] INFO:fitness.free_loss_fidelity: RL4CO free-loss[scratch] step 1/7815: score=50.776741 (avg=50.776741), loss=0.794097 (avg=0.794097), pairs_step=16384, pairs_total=16384
[2026-02-27 09:07:35,579] INFO:fitness.free_loss_fidelity: RL4CO free-loss[scratch] step 781/7815: score=8.222849 (avg=8.678913), loss=0.523795 (avg=0.500874), pairs_step=16384, pairs_total=12795904
[2026-02-27 09:07:35,579] INFO:fitness.free_loss_fidelity: RL4CO free-loss[scratch] step 781/7815: score=8.222849 (avg=8.678913), loss=0.523795 (avg=0.500874), pairs_step=16384, pairs_total=12795904
[2026-02-27 09:11:48,143] INFO:fitness.free_loss_fidelity: RL4CO free-loss[scratch] step 1562/7815: score=8.124473 (avg=8.421202), loss=0.558708 (avg=0.524278), pairs_step=16384, pairs_total=25591808
[2026-02-27 09:11:48,143] INFO:fitness.free_loss_fidelity: RL4CO free-loss[scratch] step 1562/7815: score=8.124473 (avg=8.421202), loss=0.558708 (avg=0.524278), pairs_step=16384, pairs_total=25591808
[2026-02-27 09:12:09,475] INFO:fitness.free_loss_fidelity: RL4CO free-loss[scratch] epoch 1/5: validation_objective=8.052980
[2026-02-27 09:12:09,475] INFO:fitness.free_loss_fidelity: RL4CO free-loss[scratch] epoch 1/5: validation_objective=8.052980
[2026-02-27 09:16:22,199] INFO:fitness.free_loss_fidelity: RL4CO free-loss[scratch] step 2343/7815: score=8.119569 (avg=8.312646), loss=0.585958 (avg=0.542611), pairs_step=16384, pairs_total=38387712
[2026-02-27 09:16:22,199] INFO:fitness.free_loss_fidelity: RL4CO free-loss[scratch] step 2343/7815: score=8.119569 (avg=8.312646), loss=0.585958 (avg=0.542611), pairs_step=16384, pairs_total=38387712
[2026-02-27 09:20:42,861] INFO:fitness.free_loss_fidelity: RL4CO free-loss[scratch] step 3124/7815: score=8.041174 (avg=8.248888), loss=0.620966 (avg=0.560179), pairs_step=16384, pairs_total=51183616
[2026-02-27 09:20:42,861] INFO:fitness.free_loss_fidelity: RL4CO free-loss[scratch] step 3124/7815: score=8.041174 (avg=8.248888), loss=0.620966 (avg=0.560179), pairs_step=16384, pairs_total=51183616
[2026-02-27 09:21:04,611] INFO:fitness.free_loss_fidelity: RL4CO free-loss[scratch] epoch 2/5: validation_objective=8.023509
[2026-02-27 09:21:04,611] INFO:fitness.free_loss_fidelity: RL4CO free-loss[scratch] epoch 2/5: validation_objective=8.023509
[2026-02-27 09:25:24,932] INFO:fitness.free_loss_fidelity: RL4CO free-loss[scratch] step 3905/7815: score=8.041553 (avg=8.206676), loss=0.640215 (avg=0.575838), pairs_step=16384, pairs_total=63979520
[2026-02-27 09:25:24,932] INFO:fitness.free_loss_fidelity: RL4CO free-loss[scratch] step 3905/7815: score=8.041553 (avg=8.206676), loss=0.640215 (avg=0.575838), pairs_step=16384, pairs_total=63979520
[2026-02-27 09:29:44,786] INFO:fitness.free_loss_fidelity: RL4CO free-loss[scratch] step 4686/7815: score=7.934093 (avg=8.176253), loss=0.646534 (avg=0.588144), pairs_step=16384, pairs_total=76775424
[2026-02-27 09:29:44,786] INFO:fitness.free_loss_fidelity: RL4CO free-loss[scratch] step 4686/7815: score=7.934093 (avg=8.176253), loss=0.646534 (avg=0.588144), pairs_step=16384, pairs_total=76775424
[2026-02-27 09:30:06,820] INFO:fitness.free_loss_fidelity: RL4CO free-loss[scratch] epoch 3/5: validation_objective=8.012882
[2026-02-27 09:30:06,820] INFO:fitness.free_loss_fidelity: RL4CO free-loss[scratch] epoch 3/5: validation_objective=8.012882
[2026-02-27 09:34:26,086] INFO:fitness.free_loss_fidelity: RL4CO free-loss[scratch] step 5467/7815: score=8.009672 (avg=8.153518), loss=0.655459 (avg=0.597984), pairs_step=16384, pairs_total=89571328
[2026-02-27 09:34:26,086] INFO:fitness.free_loss_fidelity: RL4CO free-loss[scratch] step 5467/7815: score=8.009672 (avg=8.153518), loss=0.655459 (avg=0.597984), pairs_step=16384, pairs_total=89571328
[2026-02-27 09:38:45,996] INFO:fitness.free_loss_fidelity: RL4CO free-loss[scratch] step 6248/7815: score=7.967789 (avg=8.135681), loss=0.658568 (avg=0.606104), pairs_step=16384, pairs_total=102367232
[2026-02-27 09:38:45,996] INFO:fitness.free_loss_fidelity: RL4CO free-loss[scratch] step 6248/7815: score=7.967789 (avg=8.135681), loss=0.658568 (avg=0.606104), pairs_step=16384, pairs_total=102367232
[2026-02-27 09:39:08,384] INFO:fitness.free_loss_fidelity: RL4CO free-loss[scratch] epoch 4/5: validation_objective=7.996283
[2026-02-27 09:39:08,384] INFO:fitness.free_loss_fidelity: RL4CO free-loss[scratch] epoch 4/5: validation_objective=7.996283
[2026-02-27 09:43:26,799] INFO:fitness.free_loss_fidelity: RL4CO free-loss[scratch] step 7029/7815: score=7.962529 (avg=8.121086), loss=0.664757 (avg=0.612758), pairs_step=16384, pairs_total=115163136
[2026-02-27 09:43:26,799] INFO:fitness.free_loss_fidelity: RL4CO free-loss[scratch] step 7029/7815: score=7.962529 (avg=8.121086), loss=0.664757 (avg=0.612758), pairs_step=16384, pairs_total=115163136
[2026-02-27 09:47:46,559] INFO:fitness.free_loss_fidelity: RL4CO free-loss[scratch] step 7810/7815: score=7.965879 (avg=8.108675), loss=0.667577 (avg=0.618376), pairs_step=16384, pairs_total=127959040
[2026-02-27 09:47:46,559] INFO:fitness.free_loss_fidelity: RL4CO free-loss[scratch] step 7810/7815: score=7.965879 (avg=8.108675), loss=0.667577 (avg=0.618376), pairs_step=16384, pairs_total=127959040
[2026-02-27 09:48:09,288] INFO:fitness.free_loss_fidelity: RL4CO free-loss[scratch] epoch 5/5: validation_objective=7.992152
[2026-02-27 09:48:09,288] INFO:fitness.free_loss_fidelity: RL4CO free-loss[scratch] epoch 5/5: validation_objective=7.992152
[2026-02-27 09:48:30,715] WARNING:fitness.free_loss_fidelity: weights_only checkpoint load failed (UnpicklingError); retrying weights_only=False for /data1/gushengda/eam-rl4co/baseline/epoch_409.ckpt
[2026-02-27 09:48:30,715] WARNING:fitness.free_loss_fidelity: weights_only checkpoint load failed (UnpicklingError); retrying weights_only=False for /data1/gushengda/eam-rl4co/baseline/epoch_409.ckpt
[2026-02-27 09:48:30,767] INFO:fitness.free_loss_fidelity: Loaded init checkpoint into policy: path=/data1/gushengda/eam-rl4co/baseline/epoch_409.ckpt prefix=policy. matched=97 missing=0 unexpected=0
[2026-02-27 09:48:30,767] INFO:fitness.free_loss_fidelity: Loaded init checkpoint into policy: path=/data1/gushengda/eam-rl4co/baseline/epoch_409.ckpt prefix=policy. matched=97 missing=0 unexpected=0
[2026-02-27 09:48:30,772] INFO:fitness.free_loss_fidelity: RL4CO free-loss phase=warmstart: epochs=5 steps_f1=7815 steps_f2=0 total_steps=7815 (ckpt=/data1/gushengda/eam-rl4co/baseline/epoch_409.ckpt, device=cuda:2, env=tsp)
[2026-02-27 09:48:30,772] INFO:fitness.free_loss_fidelity: RL4CO free-loss phase=warmstart: epochs=5 steps_f1=7815 steps_f2=0 total_steps=7815 (ckpt=/data1/gushengda/eam-rl4co/baseline/epoch_409.ckpt, device=cuda:2, env=tsp)
[2026-02-27 09:48:31,271] INFO:fitness.free_loss_fidelity: RL4CO free-loss[warmstart] step 1/7815: score=7.827631 (avg=7.827631), loss=0.000349 (avg=0.000349), pairs_step=16384, pairs_total=16384
[2026-02-27 09:48:31,271] INFO:fitness.free_loss_fidelity: RL4CO free-loss[warmstart] step 1/7815: score=7.827631 (avg=7.827631), loss=0.000349 (avg=0.000349), pairs_step=16384, pairs_total=16384
[2026-02-27 09:53:11,687] INFO:fitness.free_loss_fidelity: RL4CO free-loss[warmstart] step 781/7815: score=7.848531 (avg=7.812431), loss=0.669890 (avg=0.603999), pairs_step=16384, pairs_total=12795904
[2026-02-27 09:53:11,687] INFO:fitness.free_loss_fidelity: RL4CO free-loss[warmstart] step 781/7815: score=7.848531 (avg=7.812431), loss=0.669890 (avg=0.603999), pairs_step=16384, pairs_total=12795904
[2026-02-27 09:57:30,519] INFO:fitness.free_loss_fidelity: RL4CO free-loss[warmstart] step 1562/7815: score=7.775984 (avg=7.811722), loss=0.664840 (avg=0.634430), pairs_step=16384, pairs_total=25591808
[2026-02-27 09:57:30,519] INFO:fitness.free_loss_fidelity: RL4CO free-loss[warmstart] step 1562/7815: score=7.775984 (avg=7.811722), loss=0.664840 (avg=0.634430), pairs_step=16384, pairs_total=25591808
[2026-02-27 09:57:51,908] INFO:fitness.free_loss_fidelity: RL4CO free-loss[warmstart] epoch 1/5: validation_objective=7.810945
[2026-02-27 09:57:51,908] INFO:fitness.free_loss_fidelity: RL4CO free-loss[warmstart] epoch 1/5: validation_objective=7.810945
[2026-02-27 10:02:11,041] INFO:fitness.free_loss_fidelity: RL4CO free-loss[warmstart] step 2343/7815: score=7.800312 (avg=7.810749), loss=0.670402 (avg=0.646458), pairs_step=16384, pairs_total=38387712
[2026-02-27 10:02:11,041] INFO:fitness.free_loss_fidelity: RL4CO free-loss[warmstart] step 2343/7815: score=7.800312 (avg=7.810749), loss=0.670402 (avg=0.646458), pairs_step=16384, pairs_total=38387712
[2026-02-27 10:06:30,043] INFO:fitness.free_loss_fidelity: RL4CO free-loss[warmstart] step 3124/7815: score=7.760269 (avg=7.810169), loss=0.676881 (avg=0.653347), pairs_step=16384, pairs_total=51183616
[2026-02-27 10:06:30,043] INFO:fitness.free_loss_fidelity: RL4CO free-loss[warmstart] step 3124/7815: score=7.760269 (avg=7.810169), loss=0.676881 (avg=0.653347), pairs_step=16384, pairs_total=51183616
[2026-02-27 10:06:51,709] INFO:fitness.free_loss_fidelity: RL4CO free-loss[warmstart] epoch 2/5: validation_objective=7.814376
[2026-02-27 10:06:51,709] INFO:fitness.free_loss_fidelity: RL4CO free-loss[warmstart] epoch 2/5: validation_objective=7.814376
[2026-02-27 10:11:10,485] INFO:fitness.free_loss_fidelity: RL4CO free-loss[warmstart] step 3905/7815: score=7.863259 (avg=7.809840), loss=0.677630 (avg=0.657859), pairs_step=16384, pairs_total=63979520
[2026-02-27 10:11:10,485] INFO:fitness.free_loss_fidelity: RL4CO free-loss[warmstart] step 3905/7815: score=7.863259 (avg=7.809840), loss=0.677630 (avg=0.657859), pairs_step=16384, pairs_total=63979520
[2026-02-27 10:15:29,737] INFO:fitness.free_loss_fidelity: RL4CO free-loss[warmstart] step 4686/7815: score=7.770539 (avg=7.809195), loss=0.673032 (avg=0.661300), pairs_step=16384, pairs_total=76775424
[2026-02-27 10:15:29,737] INFO:fitness.free_loss_fidelity: RL4CO free-loss[warmstart] step 4686/7815: score=7.770539 (avg=7.809195), loss=0.673032 (avg=0.661300), pairs_step=16384, pairs_total=76775424
[2026-02-27 10:15:51,755] INFO:fitness.free_loss_fidelity: RL4CO free-loss[warmstart] epoch 3/5: validation_objective=7.805468
[2026-02-27 10:15:51,755] INFO:fitness.free_loss_fidelity: RL4CO free-loss[warmstart] epoch 3/5: validation_objective=7.805468
[2026-02-27 10:20:09,729] INFO:fitness.free_loss_fidelity: RL4CO free-loss[warmstart] step 5467/7815: score=7.818722 (avg=7.809217), loss=0.685396 (avg=0.663848), pairs_step=16384, pairs_total=89571328
[2026-02-27 10:20:09,729] INFO:fitness.free_loss_fidelity: RL4CO free-loss[warmstart] step 5467/7815: score=7.818722 (avg=7.809217), loss=0.685396 (avg=0.663848), pairs_step=16384, pairs_total=89571328
[2026-02-27 10:24:28,838] INFO:fitness.free_loss_fidelity: RL4CO free-loss[warmstart] step 6248/7815: score=7.830637 (avg=7.808986), loss=0.678424 (avg=0.666026), pairs_step=16384, pairs_total=102367232
[2026-02-27 10:24:28,838] INFO:fitness.free_loss_fidelity: RL4CO free-loss[warmstart] step 6248/7815: score=7.830637 (avg=7.808986), loss=0.678424 (avg=0.666026), pairs_step=16384, pairs_total=102367232
[2026-02-27 10:24:51,161] INFO:fitness.free_loss_fidelity: RL4CO free-loss[warmstart] epoch 4/5: validation_objective=7.807359
[2026-02-27 10:24:51,161] INFO:fitness.free_loss_fidelity: RL4CO free-loss[warmstart] epoch 4/5: validation_objective=7.807359
[2026-02-27 10:29:08,898] INFO:fitness.free_loss_fidelity: RL4CO free-loss[warmstart] step 7029/7815: score=7.766621 (avg=7.808800), loss=0.677830 (avg=0.667794), pairs_step=16384, pairs_total=115163136
[2026-02-27 10:29:08,898] INFO:fitness.free_loss_fidelity: RL4CO free-loss[warmstart] step 7029/7815: score=7.766621 (avg=7.808800), loss=0.677830 (avg=0.667794), pairs_step=16384, pairs_total=115163136
[2026-02-27 10:33:27,912] INFO:fitness.free_loss_fidelity: RL4CO free-loss[warmstart] step 7810/7815: score=7.858118 (avg=7.808720), loss=0.682594 (avg=0.669322), pairs_step=16384, pairs_total=127959040
[2026-02-27 10:33:27,912] INFO:fitness.free_loss_fidelity: RL4CO free-loss[warmstart] step 7810/7815: score=7.858118 (avg=7.808720), loss=0.682594 (avg=0.669322), pairs_step=16384, pairs_total=127959040
[2026-02-27 10:33:50,574] INFO:fitness.free_loss_fidelity: RL4CO free-loss[warmstart] epoch 5/5: validation_objective=7.809431
[2026-02-27 10:33:50,574] INFO:fitness.free_loss_fidelity: RL4CO free-loss[warmstart] epoch 5/5: validation_objective=7.809431
