[2026-02-27 07:16:22,112] INFO:fitness.free_loss_fidelity: HF start gen=3 pair_index=5 device=cuda:3 g_id=g000_000_dd4525c2 f_id=f003_003_4557c2cb
[2026-02-27 07:16:22,112] INFO:fitness.free_loss_fidelity: HF start gen=3 pair_index=5 device=cuda:3 g_id=g000_000_dd4525c2 f_id=f003_003_4557c2cb
[2026-02-27 07:16:22,134] INFO:fitness.free_loss_fidelity: RL4CO free-loss phase=scratch: epochs=5 steps_f1=7815 steps_f2=0 total_steps=7815 (ckpt=none, device=cuda:3, env=tsp)
[2026-02-27 07:16:22,134] INFO:fitness.free_loss_fidelity: RL4CO free-loss phase=scratch: epochs=5 steps_f1=7815 steps_f2=0 total_steps=7815 (ckpt=none, device=cuda:3, env=tsp)
[2026-02-27 07:16:22,526] INFO:fitness.free_loss_fidelity: RL4CO free-loss[scratch] step 1/7815: score=50.776741 (avg=50.776741), loss=0.689524 (avg=0.689524), pairs_step=16384, pairs_total=16384
[2026-02-27 07:16:22,526] INFO:fitness.free_loss_fidelity: RL4CO free-loss[scratch] step 1/7815: score=50.776741 (avg=50.776741), loss=0.689524 (avg=0.689524), pairs_step=16384, pairs_total=16384
[2026-02-27 07:20:25,295] INFO:fitness.free_loss_fidelity: RL4CO free-loss[scratch] step 781/7815: score=8.253102 (avg=8.663704), loss=0.478821 (avg=0.442846), pairs_step=16384, pairs_total=12795904
[2026-02-27 07:20:25,295] INFO:fitness.free_loss_fidelity: RL4CO free-loss[scratch] step 781/7815: score=8.253102 (avg=8.663704), loss=0.478821 (avg=0.442846), pairs_step=16384, pairs_total=12795904
[2026-02-27 07:24:28,441] INFO:fitness.free_loss_fidelity: RL4CO free-loss[scratch] step 1562/7815: score=8.170129 (avg=8.418200), loss=0.529096 (avg=0.477163), pairs_step=16384, pairs_total=25591808
[2026-02-27 07:24:28,441] INFO:fitness.free_loss_fidelity: RL4CO free-loss[scratch] step 1562/7815: score=8.170129 (avg=8.418200), loss=0.529096 (avg=0.477163), pairs_step=16384, pairs_total=25591808
[2026-02-27 07:24:49,594] INFO:fitness.free_loss_fidelity: RL4CO free-loss[scratch] epoch 1/5: validation_objective=8.065235
[2026-02-27 07:24:49,594] INFO:fitness.free_loss_fidelity: RL4CO free-loss[scratch] epoch 1/5: validation_objective=8.065235
[2026-02-27 07:28:52,400] INFO:fitness.free_loss_fidelity: RL4CO free-loss[scratch] step 2343/7815: score=8.145400 (avg=8.313527), loss=0.560138 (avg=0.501105), pairs_step=16384, pairs_total=38387712
[2026-02-27 07:28:52,400] INFO:fitness.free_loss_fidelity: RL4CO free-loss[scratch] step 2343/7815: score=8.145400 (avg=8.313527), loss=0.560138 (avg=0.501105), pairs_step=16384, pairs_total=38387712
[2026-02-27 07:32:55,556] INFO:fitness.free_loss_fidelity: RL4CO free-loss[scratch] step 3124/7815: score=8.055557 (avg=8.251733), loss=0.607968 (avg=0.520959), pairs_step=16384, pairs_total=51183616
[2026-02-27 07:32:55,556] INFO:fitness.free_loss_fidelity: RL4CO free-loss[scratch] step 3124/7815: score=8.055557 (avg=8.251733), loss=0.607968 (avg=0.520959), pairs_step=16384, pairs_total=51183616
[2026-02-27 07:33:17,004] INFO:fitness.free_loss_fidelity: RL4CO free-loss[scratch] epoch 2/5: validation_objective=8.019071
[2026-02-27 07:33:17,004] INFO:fitness.free_loss_fidelity: RL4CO free-loss[scratch] epoch 2/5: validation_objective=8.019071
[2026-02-27 07:37:19,545] INFO:fitness.free_loss_fidelity: RL4CO free-loss[scratch] step 3905/7815: score=8.048203 (avg=8.210326), loss=0.626178 (avg=0.539553), pairs_step=16384, pairs_total=63979520
[2026-02-27 07:37:19,545] INFO:fitness.free_loss_fidelity: RL4CO free-loss[scratch] step 3905/7815: score=8.048203 (avg=8.210326), loss=0.626178 (avg=0.539553), pairs_step=16384, pairs_total=63979520
[2026-02-27 07:41:22,682] INFO:fitness.free_loss_fidelity: RL4CO free-loss[scratch] step 4686/7815: score=7.952186 (avg=8.179984), loss=0.650141 (avg=0.555007), pairs_step=16384, pairs_total=76775424
[2026-02-27 07:41:22,682] INFO:fitness.free_loss_fidelity: RL4CO free-loss[scratch] step 4686/7815: score=7.952186 (avg=8.179984), loss=0.650141 (avg=0.555007), pairs_step=16384, pairs_total=76775424
[2026-02-27 07:41:44,455] INFO:fitness.free_loss_fidelity: RL4CO free-loss[scratch] epoch 3/5: validation_objective=8.010427
[2026-02-27 07:41:44,455] INFO:fitness.free_loss_fidelity: RL4CO free-loss[scratch] epoch 3/5: validation_objective=8.010427
[2026-02-27 07:45:46,662] INFO:fitness.free_loss_fidelity: RL4CO free-loss[scratch] step 5467/7815: score=8.007589 (avg=8.156884), loss=0.647034 (avg=0.567436), pairs_step=16384, pairs_total=89571328
[2026-02-27 07:45:46,662] INFO:fitness.free_loss_fidelity: RL4CO free-loss[scratch] step 5467/7815: score=8.007589 (avg=8.156884), loss=0.647034 (avg=0.567436), pairs_step=16384, pairs_total=89571328
[2026-02-27 07:49:49,776] INFO:fitness.free_loss_fidelity: RL4CO free-loss[scratch] step 6248/7815: score=7.988276 (avg=8.138735), loss=0.656662 (avg=0.577719), pairs_step=16384, pairs_total=102367232
[2026-02-27 07:49:49,776] INFO:fitness.free_loss_fidelity: RL4CO free-loss[scratch] step 6248/7815: score=7.988276 (avg=8.138735), loss=0.656662 (avg=0.577719), pairs_step=16384, pairs_total=102367232
[2026-02-27 07:50:11,872] INFO:fitness.free_loss_fidelity: RL4CO free-loss[scratch] epoch 4/5: validation_objective=8.004832
[2026-02-27 07:50:11,872] INFO:fitness.free_loss_fidelity: RL4CO free-loss[scratch] epoch 4/5: validation_objective=8.004832
[2026-02-27 07:54:13,815] INFO:fitness.free_loss_fidelity: RL4CO free-loss[scratch] step 7029/7815: score=7.951260 (avg=8.123878), loss=0.664865 (avg=0.586191), pairs_step=16384, pairs_total=115163136
[2026-02-27 07:54:13,815] INFO:fitness.free_loss_fidelity: RL4CO free-loss[scratch] step 7029/7815: score=7.951260 (avg=8.123878), loss=0.664865 (avg=0.586191), pairs_step=16384, pairs_total=115163136
[2026-02-27 07:58:16,983] INFO:fitness.free_loss_fidelity: RL4CO free-loss[scratch] step 7810/7815: score=7.996604 (avg=8.111273), loss=0.665703 (avg=0.593336), pairs_step=16384, pairs_total=127959040
[2026-02-27 07:58:16,983] INFO:fitness.free_loss_fidelity: RL4CO free-loss[scratch] step 7810/7815: score=7.996604 (avg=8.111273), loss=0.665703 (avg=0.593336), pairs_step=16384, pairs_total=127959040
[2026-02-27 07:58:39,363] INFO:fitness.free_loss_fidelity: RL4CO free-loss[scratch] epoch 5/5: validation_objective=7.996807
[2026-02-27 07:58:39,363] INFO:fitness.free_loss_fidelity: RL4CO free-loss[scratch] epoch 5/5: validation_objective=7.996807
[2026-02-27 07:59:00,481] WARNING:fitness.free_loss_fidelity: weights_only checkpoint load failed (UnpicklingError); retrying weights_only=False for /data1/gushengda/eam-rl4co/baseline/epoch_409.ckpt
[2026-02-27 07:59:00,481] WARNING:fitness.free_loss_fidelity: weights_only checkpoint load failed (UnpicklingError); retrying weights_only=False for /data1/gushengda/eam-rl4co/baseline/epoch_409.ckpt
[2026-02-27 07:59:00,537] INFO:fitness.free_loss_fidelity: Loaded init checkpoint into policy: path=/data1/gushengda/eam-rl4co/baseline/epoch_409.ckpt prefix=policy. matched=97 missing=0 unexpected=0
[2026-02-27 07:59:00,537] INFO:fitness.free_loss_fidelity: Loaded init checkpoint into policy: path=/data1/gushengda/eam-rl4co/baseline/epoch_409.ckpt prefix=policy. matched=97 missing=0 unexpected=0
[2026-02-27 07:59:00,544] INFO:fitness.free_loss_fidelity: RL4CO free-loss phase=warmstart: epochs=5 steps_f1=7815 steps_f2=0 total_steps=7815 (ckpt=/data1/gushengda/eam-rl4co/baseline/epoch_409.ckpt, device=cuda:3, env=tsp)
[2026-02-27 07:59:00,544] INFO:fitness.free_loss_fidelity: RL4CO free-loss phase=warmstart: epochs=5 steps_f1=7815 steps_f2=0 total_steps=7815 (ckpt=/data1/gushengda/eam-rl4co/baseline/epoch_409.ckpt, device=cuda:3, env=tsp)
[2026-02-27 07:59:00,999] INFO:fitness.free_loss_fidelity: RL4CO free-loss[warmstart] step 1/7815: score=7.827631 (avg=7.827631), loss=0.000059 (avg=0.000059), pairs_step=16384, pairs_total=16384
[2026-02-27 07:59:00,999] INFO:fitness.free_loss_fidelity: RL4CO free-loss[warmstart] step 1/7815: score=7.827631 (avg=7.827631), loss=0.000059 (avg=0.000059), pairs_step=16384, pairs_total=16384
[2026-02-27 08:04:00,706] INFO:fitness.free_loss_fidelity: RL4CO free-loss[warmstart] step 781/7815: score=7.843452 (avg=7.813012), loss=0.647697 (avg=0.584676), pairs_step=16384, pairs_total=12795904
[2026-02-27 08:04:00,706] INFO:fitness.free_loss_fidelity: RL4CO free-loss[warmstart] step 781/7815: score=7.843452 (avg=7.813012), loss=0.647697 (avg=0.584676), pairs_step=16384, pairs_total=12795904
[2026-02-27 08:08:12,220] INFO:fitness.free_loss_fidelity: RL4CO free-loss[warmstart] step 1562/7815: score=7.775476 (avg=7.811826), loss=0.657437 (avg=0.624236), pairs_step=16384, pairs_total=25591808
[2026-02-27 08:08:12,220] INFO:fitness.free_loss_fidelity: RL4CO free-loss[warmstart] step 1562/7815: score=7.775476 (avg=7.811826), loss=0.657437 (avg=0.624236), pairs_step=16384, pairs_total=25591808
[2026-02-27 08:08:33,440] INFO:fitness.free_loss_fidelity: RL4CO free-loss[warmstart] epoch 1/5: validation_objective=7.808119
[2026-02-27 08:08:33,440] INFO:fitness.free_loss_fidelity: RL4CO free-loss[warmstart] epoch 1/5: validation_objective=7.808119
[2026-02-27 08:12:37,654] INFO:fitness.free_loss_fidelity: RL4CO free-loss[warmstart] step 2343/7815: score=7.804783 (avg=7.810195), loss=0.676130 (avg=0.640028), pairs_step=16384, pairs_total=38387712
[2026-02-27 08:12:37,654] INFO:fitness.free_loss_fidelity: RL4CO free-loss[warmstart] step 2343/7815: score=7.804783 (avg=7.810195), loss=0.676130 (avg=0.640028), pairs_step=16384, pairs_total=38387712
[2026-02-27 08:16:41,926] INFO:fitness.free_loss_fidelity: RL4CO free-loss[warmstart] step 3124/7815: score=7.751286 (avg=7.809737), loss=0.678388 (avg=0.649347), pairs_step=16384, pairs_total=51183616
[2026-02-27 08:16:41,926] INFO:fitness.free_loss_fidelity: RL4CO free-loss[warmstart] step 3124/7815: score=7.751286 (avg=7.809737), loss=0.678388 (avg=0.649347), pairs_step=16384, pairs_total=51183616
[2026-02-27 08:17:03,627] INFO:fitness.free_loss_fidelity: RL4CO free-loss[warmstart] epoch 2/5: validation_objective=7.809272
[2026-02-27 08:17:03,627] INFO:fitness.free_loss_fidelity: RL4CO free-loss[warmstart] epoch 2/5: validation_objective=7.809272
[2026-02-27 08:21:07,477] INFO:fitness.free_loss_fidelity: RL4CO free-loss[warmstart] step 3905/7815: score=7.861732 (avg=7.809426), loss=0.674214 (avg=0.655525), pairs_step=16384, pairs_total=63979520
[2026-02-27 08:21:07,477] INFO:fitness.free_loss_fidelity: RL4CO free-loss[warmstart] step 3905/7815: score=7.861732 (avg=7.809426), loss=0.674214 (avg=0.655525), pairs_step=16384, pairs_total=63979520
[2026-02-27 08:25:11,967] INFO:fitness.free_loss_fidelity: RL4CO free-loss[warmstart] step 4686/7815: score=7.766381 (avg=7.808887), loss=0.680799 (avg=0.660079), pairs_step=16384, pairs_total=76775424
[2026-02-27 08:25:11,967] INFO:fitness.free_loss_fidelity: RL4CO free-loss[warmstart] step 4686/7815: score=7.766381 (avg=7.808887), loss=0.680799 (avg=0.660079), pairs_step=16384, pairs_total=76775424
[2026-02-27 08:25:33,786] INFO:fitness.free_loss_fidelity: RL4CO free-loss[warmstart] epoch 3/5: validation_objective=7.803928
[2026-02-27 08:25:33,786] INFO:fitness.free_loss_fidelity: RL4CO free-loss[warmstart] epoch 3/5: validation_objective=7.803928
[2026-02-27 08:29:37,156] INFO:fitness.free_loss_fidelity: RL4CO free-loss[warmstart] step 5467/7815: score=7.813813 (avg=7.808816), loss=0.685142 (avg=0.663742), pairs_step=16384, pairs_total=89571328
[2026-02-27 08:29:37,156] INFO:fitness.free_loss_fidelity: RL4CO free-loss[warmstart] step 5467/7815: score=7.813813 (avg=7.808816), loss=0.685142 (avg=0.663742), pairs_step=16384, pairs_total=89571328
[2026-02-27 08:33:41,474] INFO:fitness.free_loss_fidelity: RL4CO free-loss[warmstart] step 6248/7815: score=7.831740 (avg=7.808527), loss=0.689390 (avg=0.666691), pairs_step=16384, pairs_total=102367232
[2026-02-27 08:33:41,474] INFO:fitness.free_loss_fidelity: RL4CO free-loss[warmstart] step 6248/7815: score=7.831740 (avg=7.808527), loss=0.689390 (avg=0.666691), pairs_step=16384, pairs_total=102367232
[2026-02-27 08:34:03,622] INFO:fitness.free_loss_fidelity: RL4CO free-loss[warmstart] epoch 4/5: validation_objective=7.804160
[2026-02-27 08:34:03,622] INFO:fitness.free_loss_fidelity: RL4CO free-loss[warmstart] epoch 4/5: validation_objective=7.804160
[2026-02-27 08:38:06,627] INFO:fitness.free_loss_fidelity: RL4CO free-loss[warmstart] step 7029/7815: score=7.773017 (avg=7.808321), loss=0.682589 (avg=0.669100), pairs_step=16384, pairs_total=115163136
[2026-02-27 08:38:06,627] INFO:fitness.free_loss_fidelity: RL4CO free-loss[warmstart] step 7029/7815: score=7.773017 (avg=7.808321), loss=0.682589 (avg=0.669100), pairs_step=16384, pairs_total=115163136
[2026-02-27 08:42:11,266] INFO:fitness.free_loss_fidelity: RL4CO free-loss[warmstart] step 7810/7815: score=7.847822 (avg=7.808279), loss=0.689987 (avg=0.671127), pairs_step=16384, pairs_total=127959040
[2026-02-27 08:42:11,266] INFO:fitness.free_loss_fidelity: RL4CO free-loss[warmstart] step 7810/7815: score=7.847822 (avg=7.808279), loss=0.689987 (avg=0.671127), pairs_step=16384, pairs_total=127959040
[2026-02-27 08:42:33,695] INFO:fitness.free_loss_fidelity: RL4CO free-loss[warmstart] epoch 5/5: validation_objective=7.809226
[2026-02-27 08:42:33,695] INFO:fitness.free_loss_fidelity: RL4CO free-loss[warmstart] epoch 5/5: validation_objective=7.809226
