[2026-02-27 12:18:56,596] INFO:fitness.free_loss_fidelity: HF start gen=5 pair_index=3 device=cuda:2 g_id=g000_000_dd4525c2 f_id=f005_000_8b61cbfb
[2026-02-27 12:18:56,596] INFO:fitness.free_loss_fidelity: HF start gen=5 pair_index=3 device=cuda:2 g_id=g000_000_dd4525c2 f_id=f005_000_8b61cbfb
[2026-02-27 12:19:02,182] INFO:fitness.free_loss_fidelity: RL4CO free-loss phase=scratch: epochs=5 steps_f1=7815 steps_f2=0 total_steps=7815 (ckpt=none, device=cuda:2, env=tsp)
[2026-02-27 12:19:02,182] INFO:fitness.free_loss_fidelity: RL4CO free-loss phase=scratch: epochs=5 steps_f1=7815 steps_f2=0 total_steps=7815 (ckpt=none, device=cuda:2, env=tsp)
[2026-02-27 12:19:03,080] INFO:fitness.free_loss_fidelity: RL4CO free-loss[scratch] step 1/7815: score=50.776741 (avg=50.776741), loss=0.814996 (avg=0.814996), pairs_step=16384, pairs_total=16384
[2026-02-27 12:19:03,080] INFO:fitness.free_loss_fidelity: RL4CO free-loss[scratch] step 1/7815: score=50.776741 (avg=50.776741), loss=0.814996 (avg=0.814996), pairs_step=16384, pairs_total=16384
[2026-02-27 12:23:13,838] INFO:fitness.free_loss_fidelity: RL4CO free-loss[scratch] step 781/7815: score=8.239880 (avg=8.695452), loss=0.424876 (avg=0.395232), pairs_step=16384, pairs_total=12795904
[2026-02-27 12:23:13,838] INFO:fitness.free_loss_fidelity: RL4CO free-loss[scratch] step 781/7815: score=8.239880 (avg=8.695452), loss=0.424876 (avg=0.395232), pairs_step=16384, pairs_total=12795904
[2026-02-27 12:27:19,532] INFO:fitness.free_loss_fidelity: RL4CO free-loss[scratch] step 1562/7815: score=8.140550 (avg=8.438623), loss=0.487059 (avg=0.425215), pairs_step=16384, pairs_total=25591808
[2026-02-27 12:27:19,532] INFO:fitness.free_loss_fidelity: RL4CO free-loss[scratch] step 1562/7815: score=8.140550 (avg=8.438623), loss=0.487059 (avg=0.425215), pairs_step=16384, pairs_total=25591808
[2026-02-27 12:27:40,675] INFO:fitness.free_loss_fidelity: RL4CO free-loss[scratch] epoch 1/5: validation_objective=8.048148
[2026-02-27 12:27:40,675] INFO:fitness.free_loss_fidelity: RL4CO free-loss[scratch] epoch 1/5: validation_objective=8.048148
[2026-02-27 12:31:45,038] INFO:fitness.free_loss_fidelity: RL4CO free-loss[scratch] step 2343/7815: score=8.168781 (avg=8.329200), loss=0.499283 (avg=0.447491), pairs_step=16384, pairs_total=38387712
[2026-02-27 12:31:45,038] INFO:fitness.free_loss_fidelity: RL4CO free-loss[scratch] step 2343/7815: score=8.168781 (avg=8.329200), loss=0.499283 (avg=0.447491), pairs_step=16384, pairs_total=38387712
[2026-02-27 12:36:21,296] INFO:fitness.free_loss_fidelity: RL4CO free-loss[scratch] step 3124/7815: score=8.075837 (avg=8.265398), loss=0.540970 (avg=0.464967), pairs_step=16384, pairs_total=51183616
[2026-02-27 12:36:21,296] INFO:fitness.free_loss_fidelity: RL4CO free-loss[scratch] step 3124/7815: score=8.075837 (avg=8.265398), loss=0.540970 (avg=0.464967), pairs_step=16384, pairs_total=51183616
[2026-02-27 12:36:45,574] INFO:fitness.free_loss_fidelity: RL4CO free-loss[scratch] epoch 2/5: validation_objective=8.024001
[2026-02-27 12:36:45,574] INFO:fitness.free_loss_fidelity: RL4CO free-loss[scratch] epoch 2/5: validation_objective=8.024001
[2026-02-27 12:40:54,708] INFO:fitness.free_loss_fidelity: RL4CO free-loss[scratch] step 3905/7815: score=8.066019 (avg=8.221894), loss=0.568718 (avg=0.481716), pairs_step=16384, pairs_total=63979520
[2026-02-27 12:40:54,708] INFO:fitness.free_loss_fidelity: RL4CO free-loss[scratch] step 3905/7815: score=8.066019 (avg=8.221894), loss=0.568718 (avg=0.481716), pairs_step=16384, pairs_total=63979520
[2026-02-27 12:45:02,329] INFO:fitness.free_loss_fidelity: RL4CO free-loss[scratch] step 4686/7815: score=7.937608 (avg=8.189700), loss=0.577172 (avg=0.497033), pairs_step=16384, pairs_total=76775424
[2026-02-27 12:45:02,329] INFO:fitness.free_loss_fidelity: RL4CO free-loss[scratch] step 4686/7815: score=7.937608 (avg=8.189700), loss=0.577172 (avg=0.497033), pairs_step=16384, pairs_total=76775424
[2026-02-27 12:45:24,322] INFO:fitness.free_loss_fidelity: RL4CO free-loss[scratch] epoch 3/5: validation_objective=8.014898
[2026-02-27 12:45:24,322] INFO:fitness.free_loss_fidelity: RL4CO free-loss[scratch] epoch 3/5: validation_objective=8.014898
[2026-02-27 12:49:31,906] INFO:fitness.free_loss_fidelity: RL4CO free-loss[scratch] step 5467/7815: score=8.012484 (avg=8.165243), loss=0.572646 (avg=0.509625), pairs_step=16384, pairs_total=89571328
[2026-02-27 12:49:31,906] INFO:fitness.free_loss_fidelity: RL4CO free-loss[scratch] step 5467/7815: score=8.012484 (avg=8.165243), loss=0.572646 (avg=0.509625), pairs_step=16384, pairs_total=89571328
[2026-02-27 12:53:39,134] INFO:fitness.free_loss_fidelity: RL4CO free-loss[scratch] step 6248/7815: score=7.992796 (avg=8.145811), loss=0.598595 (avg=0.519865), pairs_step=16384, pairs_total=102367232
[2026-02-27 12:53:39,134] INFO:fitness.free_loss_fidelity: RL4CO free-loss[scratch] step 6248/7815: score=7.992796 (avg=8.145811), loss=0.598595 (avg=0.519865), pairs_step=16384, pairs_total=102367232
[2026-02-27 12:54:01,394] INFO:fitness.free_loss_fidelity: RL4CO free-loss[scratch] epoch 4/5: validation_objective=7.993264
[2026-02-27 12:54:01,394] INFO:fitness.free_loss_fidelity: RL4CO free-loss[scratch] epoch 4/5: validation_objective=7.993264
[2026-02-27 12:58:10,234] INFO:fitness.free_loss_fidelity: RL4CO free-loss[scratch] step 7029/7815: score=7.942511 (avg=8.129942), loss=0.608514 (avg=0.528424), pairs_step=16384, pairs_total=115163136
[2026-02-27 12:58:10,234] INFO:fitness.free_loss_fidelity: RL4CO free-loss[scratch] step 7029/7815: score=7.942511 (avg=8.129942), loss=0.608514 (avg=0.528424), pairs_step=16384, pairs_total=115163136
[2026-02-27 13:02:23,493] INFO:fitness.free_loss_fidelity: RL4CO free-loss[scratch] step 7810/7815: score=7.963261 (avg=8.116527), loss=0.599775 (avg=0.535591), pairs_step=16384, pairs_total=127959040
[2026-02-27 13:02:23,493] INFO:fitness.free_loss_fidelity: RL4CO free-loss[scratch] step 7810/7815: score=7.963261 (avg=8.116527), loss=0.599775 (avg=0.535591), pairs_step=16384, pairs_total=127959040
[2026-02-27 13:02:45,992] INFO:fitness.free_loss_fidelity: RL4CO free-loss[scratch] epoch 5/5: validation_objective=7.987475
[2026-02-27 13:02:45,992] INFO:fitness.free_loss_fidelity: RL4CO free-loss[scratch] epoch 5/5: validation_objective=7.987475
[2026-02-27 13:03:07,362] WARNING:fitness.free_loss_fidelity: weights_only checkpoint load failed (UnpicklingError); retrying weights_only=False for /data1/gushengda/eam-rl4co/baseline/epoch_409.ckpt
[2026-02-27 13:03:07,362] WARNING:fitness.free_loss_fidelity: weights_only checkpoint load failed (UnpicklingError); retrying weights_only=False for /data1/gushengda/eam-rl4co/baseline/epoch_409.ckpt
[2026-02-27 13:03:07,409] INFO:fitness.free_loss_fidelity: Loaded init checkpoint into policy: path=/data1/gushengda/eam-rl4co/baseline/epoch_409.ckpt prefix=policy. matched=97 missing=0 unexpected=0
[2026-02-27 13:03:07,409] INFO:fitness.free_loss_fidelity: Loaded init checkpoint into policy: path=/data1/gushengda/eam-rl4co/baseline/epoch_409.ckpt prefix=policy. matched=97 missing=0 unexpected=0
[2026-02-27 13:03:07,414] INFO:fitness.free_loss_fidelity: RL4CO free-loss phase=warmstart: epochs=5 steps_f1=7815 steps_f2=0 total_steps=7815 (ckpt=/data1/gushengda/eam-rl4co/baseline/epoch_409.ckpt, device=cuda:2, env=tsp)
[2026-02-27 13:03:07,414] INFO:fitness.free_loss_fidelity: RL4CO free-loss phase=warmstart: epochs=5 steps_f1=7815 steps_f2=0 total_steps=7815 (ckpt=/data1/gushengda/eam-rl4co/baseline/epoch_409.ckpt, device=cuda:2, env=tsp)
[2026-02-27 13:03:07,809] INFO:fitness.free_loss_fidelity: RL4CO free-loss[warmstart] step 1/7815: score=7.827631 (avg=7.827631), loss=0.000027 (avg=0.000027), pairs_step=16384, pairs_total=16384
[2026-02-27 13:03:07,809] INFO:fitness.free_loss_fidelity: RL4CO free-loss[warmstart] step 1/7815: score=7.827631 (avg=7.827631), loss=0.000027 (avg=0.000027), pairs_step=16384, pairs_total=16384
[2026-02-27 13:07:36,971] INFO:fitness.free_loss_fidelity: RL4CO free-loss[warmstart] step 781/7815: score=7.842828 (avg=7.813642), loss=0.599600 (avg=0.520509), pairs_step=16384, pairs_total=12795904
[2026-02-27 13:07:36,971] INFO:fitness.free_loss_fidelity: RL4CO free-loss[warmstart] step 781/7815: score=7.842828 (avg=7.813642), loss=0.599600 (avg=0.520509), pairs_step=16384, pairs_total=12795904
[2026-02-27 13:11:44,489] INFO:fitness.free_loss_fidelity: RL4CO free-loss[warmstart] step 1562/7815: score=7.771492 (avg=7.811934), loss=0.620519 (avg=0.566126), pairs_step=16384, pairs_total=25591808
[2026-02-27 13:11:44,489] INFO:fitness.free_loss_fidelity: RL4CO free-loss[warmstart] step 1562/7815: score=7.771492 (avg=7.811934), loss=0.620519 (avg=0.566126), pairs_step=16384, pairs_total=25591808
[2026-02-27 13:12:05,820] INFO:fitness.free_loss_fidelity: RL4CO free-loss[warmstart] epoch 1/5: validation_objective=7.808044
[2026-02-27 13:12:05,820] INFO:fitness.free_loss_fidelity: RL4CO free-loss[warmstart] epoch 1/5: validation_objective=7.808044
[2026-02-27 13:16:13,014] INFO:fitness.free_loss_fidelity: RL4CO free-loss[warmstart] step 2343/7815: score=7.801845 (avg=7.810398), loss=0.615889 (avg=0.584280), pairs_step=16384, pairs_total=38387712
[2026-02-27 13:16:13,014] INFO:fitness.free_loss_fidelity: RL4CO free-loss[warmstart] step 2343/7815: score=7.801845 (avg=7.810398), loss=0.615889 (avg=0.584280), pairs_step=16384, pairs_total=38387712
[2026-02-27 13:20:20,451] INFO:fitness.free_loss_fidelity: RL4CO free-loss[warmstart] step 3124/7815: score=7.754447 (avg=7.809594), loss=0.616639 (avg=0.594566), pairs_step=16384, pairs_total=51183616
[2026-02-27 13:20:20,451] INFO:fitness.free_loss_fidelity: RL4CO free-loss[warmstart] step 3124/7815: score=7.754447 (avg=7.809594), loss=0.616639 (avg=0.594566), pairs_step=16384, pairs_total=51183616
[2026-02-27 13:20:42,108] INFO:fitness.free_loss_fidelity: RL4CO free-loss[warmstart] epoch 2/5: validation_objective=7.807414
[2026-02-27 13:20:42,108] INFO:fitness.free_loss_fidelity: RL4CO free-loss[warmstart] epoch 2/5: validation_objective=7.807414
[2026-02-27 13:24:49,244] INFO:fitness.free_loss_fidelity: RL4CO free-loss[warmstart] step 3905/7815: score=7.850690 (avg=7.809223), loss=0.642814 (avg=0.601393), pairs_step=16384, pairs_total=63979520
[2026-02-27 13:24:49,244] INFO:fitness.free_loss_fidelity: RL4CO free-loss[warmstart] step 3905/7815: score=7.850690 (avg=7.809223), loss=0.642814 (avg=0.601393), pairs_step=16384, pairs_total=63979520
[2026-02-27 13:28:56,023] INFO:fitness.free_loss_fidelity: RL4CO free-loss[warmstart] step 4686/7815: score=7.770576 (avg=7.808558), loss=0.639988 (avg=0.606469), pairs_step=16384, pairs_total=76775424
[2026-02-27 13:28:56,023] INFO:fitness.free_loss_fidelity: RL4CO free-loss[warmstart] step 4686/7815: score=7.770576 (avg=7.808558), loss=0.639988 (avg=0.606469), pairs_step=16384, pairs_total=76775424
[2026-02-27 13:29:17,929] INFO:fitness.free_loss_fidelity: RL4CO free-loss[warmstart] epoch 3/5: validation_objective=7.805995
[2026-02-27 13:29:17,929] INFO:fitness.free_loss_fidelity: RL4CO free-loss[warmstart] epoch 3/5: validation_objective=7.805995
[2026-02-27 13:33:22,520] INFO:fitness.free_loss_fidelity: RL4CO free-loss[warmstart] step 5467/7815: score=7.809507 (avg=7.808489), loss=0.639966 (avg=0.610365), pairs_step=16384, pairs_total=89571328
[2026-02-27 13:33:22,520] INFO:fitness.free_loss_fidelity: RL4CO free-loss[warmstart] step 5467/7815: score=7.809507 (avg=7.808489), loss=0.639966 (avg=0.610365), pairs_step=16384, pairs_total=89571328
[2026-02-27 13:37:28,416] INFO:fitness.free_loss_fidelity: RL4CO free-loss[warmstart] step 6248/7815: score=7.832063 (avg=7.808221), loss=0.644212 (avg=0.613572), pairs_step=16384, pairs_total=102367232
[2026-02-27 13:37:28,416] INFO:fitness.free_loss_fidelity: RL4CO free-loss[warmstart] step 6248/7815: score=7.832063 (avg=7.808221), loss=0.644212 (avg=0.613572), pairs_step=16384, pairs_total=102367232
[2026-02-27 13:37:50,630] INFO:fitness.free_loss_fidelity: RL4CO free-loss[warmstart] epoch 4/5: validation_objective=7.804648
[2026-02-27 13:37:50,630] INFO:fitness.free_loss_fidelity: RL4CO free-loss[warmstart] epoch 4/5: validation_objective=7.804648
[2026-02-27 13:41:55,273] INFO:fitness.free_loss_fidelity: RL4CO free-loss[warmstart] step 7029/7815: score=7.769985 (avg=7.808012), loss=0.632465 (avg=0.616180), pairs_step=16384, pairs_total=115163136
[2026-02-27 13:41:55,273] INFO:fitness.free_loss_fidelity: RL4CO free-loss[warmstart] step 7029/7815: score=7.769985 (avg=7.808012), loss=0.632465 (avg=0.616180), pairs_step=16384, pairs_total=115163136
[2026-02-27 13:46:01,018] INFO:fitness.free_loss_fidelity: RL4CO free-loss[warmstart] step 7810/7815: score=7.847229 (avg=7.807934), loss=0.629761 (avg=0.618414), pairs_step=16384, pairs_total=127959040
[2026-02-27 13:46:01,018] INFO:fitness.free_loss_fidelity: RL4CO free-loss[warmstart] step 7810/7815: score=7.847229 (avg=7.807934), loss=0.629761 (avg=0.618414), pairs_step=16384, pairs_total=127959040
[2026-02-27 13:46:23,538] INFO:fitness.free_loss_fidelity: RL4CO free-loss[warmstart] epoch 5/5: validation_objective=7.807815
[2026-02-27 13:46:23,538] INFO:fitness.free_loss_fidelity: RL4CO free-loss[warmstart] epoch 5/5: validation_objective=7.807815
