[2026-02-26 23:19:53,045] INFO:fitness.free_loss_fidelity: HF start gen=1 pair_index=10 device=cuda:3 g_id=g000_000_dd4525c2 f_id=f001_007_4287296e
[2026-02-26 23:19:53,045] INFO:fitness.free_loss_fidelity: HF start gen=1 pair_index=10 device=cuda:3 g_id=g000_000_dd4525c2 f_id=f001_007_4287296e
[2026-02-26 23:19:58,677] INFO:fitness.free_loss_fidelity: RL4CO free-loss phase=scratch: epochs=5 steps_f1=7815 steps_f2=0 total_steps=7815 (ckpt=none, device=cuda:3, env=tsp)
[2026-02-26 23:19:58,677] INFO:fitness.free_loss_fidelity: RL4CO free-loss phase=scratch: epochs=5 steps_f1=7815 steps_f2=0 total_steps=7815 (ckpt=none, device=cuda:3, env=tsp)
[2026-02-26 23:19:59,518] INFO:fitness.free_loss_fidelity: RL4CO free-loss[scratch] step 1/7815: score=50.776741 (avg=50.776741), loss=0.665561 (avg=0.665561), pairs_step=16384, pairs_total=16384
[2026-02-26 23:19:59,518] INFO:fitness.free_loss_fidelity: RL4CO free-loss[scratch] step 1/7815: score=50.776741 (avg=50.776741), loss=0.665561 (avg=0.665561), pairs_step=16384, pairs_total=16384
[2026-02-26 23:24:34,986] INFO:fitness.free_loss_fidelity: RL4CO free-loss[scratch] step 781/7815: score=8.213932 (avg=8.638946), loss=0.657138 (avg=0.647888), pairs_step=16384, pairs_total=12795904
[2026-02-26 23:24:34,986] INFO:fitness.free_loss_fidelity: RL4CO free-loss[scratch] step 781/7815: score=8.213932 (avg=8.638946), loss=0.657138 (avg=0.647888), pairs_step=16384, pairs_total=12795904
[2026-02-26 23:29:11,062] INFO:fitness.free_loss_fidelity: RL4CO free-loss[scratch] step 1562/7815: score=8.138632 (avg=8.389700), loss=0.664324 (avg=0.653683), pairs_step=16384, pairs_total=25591808
[2026-02-26 23:29:11,062] INFO:fitness.free_loss_fidelity: RL4CO free-loss[scratch] step 1562/7815: score=8.138632 (avg=8.389700), loss=0.664324 (avg=0.653683), pairs_step=16384, pairs_total=25591808
[2026-02-26 23:29:36,079] INFO:fitness.free_loss_fidelity: RL4CO free-loss[scratch] epoch 1/5: validation_objective=8.055541
[2026-02-26 23:29:36,079] INFO:fitness.free_loss_fidelity: RL4CO free-loss[scratch] epoch 1/5: validation_objective=8.055541
[2026-02-26 23:34:11,785] INFO:fitness.free_loss_fidelity: RL4CO free-loss[scratch] step 2343/7815: score=8.110868 (avg=8.286087), loss=0.670408 (avg=0.658180), pairs_step=16384, pairs_total=38387712
[2026-02-26 23:34:11,785] INFO:fitness.free_loss_fidelity: RL4CO free-loss[scratch] step 2343/7815: score=8.110868 (avg=8.286087), loss=0.670408 (avg=0.658180), pairs_step=16384, pairs_total=38387712
[2026-02-26 23:38:47,751] INFO:fitness.free_loss_fidelity: RL4CO free-loss[scratch] step 3124/7815: score=8.028766 (avg=8.226565), loss=0.676645 (avg=0.662457), pairs_step=16384, pairs_total=51183616
[2026-02-26 23:38:47,751] INFO:fitness.free_loss_fidelity: RL4CO free-loss[scratch] step 3124/7815: score=8.028766 (avg=8.226565), loss=0.676645 (avg=0.662457), pairs_step=16384, pairs_total=51183616
[2026-02-26 23:39:13,106] INFO:fitness.free_loss_fidelity: RL4CO free-loss[scratch] epoch 2/5: validation_objective=8.035034
[2026-02-26 23:39:13,106] INFO:fitness.free_loss_fidelity: RL4CO free-loss[scratch] epoch 2/5: validation_objective=8.035034
[2026-02-26 23:43:48,278] INFO:fitness.free_loss_fidelity: RL4CO free-loss[scratch] step 3905/7815: score=8.041874 (avg=8.188758), loss=0.679165 (avg=0.665689), pairs_step=16384, pairs_total=63979520
[2026-02-26 23:43:48,278] INFO:fitness.free_loss_fidelity: RL4CO free-loss[scratch] step 3905/7815: score=8.041874 (avg=8.188758), loss=0.679165 (avg=0.665689), pairs_step=16384, pairs_total=63979520
[2026-02-26 23:48:24,084] INFO:fitness.free_loss_fidelity: RL4CO free-loss[scratch] step 4686/7815: score=7.937868 (avg=8.162003), loss=0.680730 (avg=0.668152), pairs_step=16384, pairs_total=76775424
[2026-02-26 23:48:24,084] INFO:fitness.free_loss_fidelity: RL4CO free-loss[scratch] step 4686/7815: score=7.937868 (avg=8.162003), loss=0.680730 (avg=0.668152), pairs_step=16384, pairs_total=76775424
[2026-02-26 23:48:49,795] INFO:fitness.free_loss_fidelity: RL4CO free-loss[scratch] epoch 3/5: validation_objective=8.032824
[2026-02-26 23:48:49,795] INFO:fitness.free_loss_fidelity: RL4CO free-loss[scratch] epoch 3/5: validation_objective=8.032824
[2026-02-26 23:53:24,539] INFO:fitness.free_loss_fidelity: RL4CO free-loss[scratch] step 5467/7815: score=7.998074 (avg=8.141975), loss=0.680941 (avg=0.670050), pairs_step=16384, pairs_total=89571328
[2026-02-26 23:53:24,539] INFO:fitness.free_loss_fidelity: RL4CO free-loss[scratch] step 5467/7815: score=7.998074 (avg=8.141975), loss=0.680941 (avg=0.670050), pairs_step=16384, pairs_total=89571328
[2026-02-26 23:58:00,276] INFO:fitness.free_loss_fidelity: RL4CO free-loss[scratch] step 6248/7815: score=7.992860 (avg=8.126521), loss=0.683288 (avg=0.671548), pairs_step=16384, pairs_total=102367232
[2026-02-26 23:58:00,276] INFO:fitness.free_loss_fidelity: RL4CO free-loss[scratch] step 6248/7815: score=7.992860 (avg=8.126521), loss=0.683288 (avg=0.671548), pairs_step=16384, pairs_total=102367232
[2026-02-26 23:58:26,309] INFO:fitness.free_loss_fidelity: RL4CO free-loss[scratch] epoch 4/5: validation_objective=8.006554
[2026-02-26 23:58:26,309] INFO:fitness.free_loss_fidelity: RL4CO free-loss[scratch] epoch 4/5: validation_objective=8.006554
[2026-02-27 00:03:00,912] INFO:fitness.free_loss_fidelity: RL4CO free-loss[scratch] step 7029/7815: score=7.952564 (avg=8.113955), loss=0.682656 (avg=0.672765), pairs_step=16384, pairs_total=115163136
[2026-02-27 00:03:00,912] INFO:fitness.free_loss_fidelity: RL4CO free-loss[scratch] step 7029/7815: score=7.952564 (avg=8.113955), loss=0.682656 (avg=0.672765), pairs_step=16384, pairs_total=115163136
[2026-02-27 00:07:36,696] INFO:fitness.free_loss_fidelity: RL4CO free-loss[scratch] step 7810/7815: score=7.985715 (avg=8.103437), loss=0.684202 (avg=0.673771), pairs_step=16384, pairs_total=127959040
[2026-02-27 00:07:36,696] INFO:fitness.free_loss_fidelity: RL4CO free-loss[scratch] step 7810/7815: score=7.985715 (avg=8.103437), loss=0.684202 (avg=0.673771), pairs_step=16384, pairs_total=127959040
[2026-02-27 00:08:03,120] INFO:fitness.free_loss_fidelity: RL4CO free-loss[scratch] epoch 5/5: validation_objective=8.003078
[2026-02-27 00:08:03,120] INFO:fitness.free_loss_fidelity: RL4CO free-loss[scratch] epoch 5/5: validation_objective=8.003078
[2026-02-27 00:08:28,144] WARNING:fitness.free_loss_fidelity: weights_only checkpoint load failed (UnpicklingError); retrying weights_only=False for /data1/gushengda/eam-rl4co/baseline/epoch_409.ckpt
[2026-02-27 00:08:28,144] WARNING:fitness.free_loss_fidelity: weights_only checkpoint load failed (UnpicklingError); retrying weights_only=False for /data1/gushengda/eam-rl4co/baseline/epoch_409.ckpt
[2026-02-27 00:08:28,215] INFO:fitness.free_loss_fidelity: Loaded init checkpoint into policy: path=/data1/gushengda/eam-rl4co/baseline/epoch_409.ckpt prefix=policy. matched=97 missing=0 unexpected=0
[2026-02-27 00:08:28,215] INFO:fitness.free_loss_fidelity: Loaded init checkpoint into policy: path=/data1/gushengda/eam-rl4co/baseline/epoch_409.ckpt prefix=policy. matched=97 missing=0 unexpected=0
[2026-02-27 00:08:28,224] INFO:fitness.free_loss_fidelity: RL4CO free-loss phase=warmstart: epochs=5 steps_f1=7815 steps_f2=0 total_steps=7815 (ckpt=/data1/gushengda/eam-rl4co/baseline/epoch_409.ckpt, device=cuda:3, env=tsp)
[2026-02-27 00:08:28,224] INFO:fitness.free_loss_fidelity: RL4CO free-loss phase=warmstart: epochs=5 steps_f1=7815 steps_f2=0 total_steps=7815 (ckpt=/data1/gushengda/eam-rl4co/baseline/epoch_409.ckpt, device=cuda:3, env=tsp)
[2026-02-27 00:08:28,719] INFO:fitness.free_loss_fidelity: RL4CO free-loss[warmstart] step 1/7815: score=7.827631 (avg=7.827631), loss=0.171566 (avg=0.171566), pairs_step=16384, pairs_total=16384
[2026-02-27 00:08:28,719] INFO:fitness.free_loss_fidelity: RL4CO free-loss[warmstart] step 1/7815: score=7.827631 (avg=7.827631), loss=0.171566 (avg=0.171566), pairs_step=16384, pairs_total=16384
[2026-02-27 00:13:28,942] INFO:fitness.free_loss_fidelity: RL4CO free-loss[warmstart] step 781/7815: score=7.852943 (avg=7.814243), loss=0.682446 (avg=0.670438), pairs_step=16384, pairs_total=12795904
[2026-02-27 00:13:28,942] INFO:fitness.free_loss_fidelity: RL4CO free-loss[warmstart] step 781/7815: score=7.852943 (avg=7.814243), loss=0.682446 (avg=0.670438), pairs_step=16384, pairs_total=12795904
[2026-02-27 00:18:04,341] INFO:fitness.free_loss_fidelity: RL4CO free-loss[warmstart] step 1562/7815: score=7.774977 (avg=7.813210), loss=0.681916 (avg=0.676600), pairs_step=16384, pairs_total=25591808
[2026-02-27 00:18:04,341] INFO:fitness.free_loss_fidelity: RL4CO free-loss[warmstart] step 1562/7815: score=7.774977 (avg=7.813210), loss=0.681916 (avg=0.676600), pairs_step=16384, pairs_total=25591808
[2026-02-27 00:18:29,431] INFO:fitness.free_loss_fidelity: RL4CO free-loss[warmstart] epoch 1/5: validation_objective=7.809284
[2026-02-27 00:18:29,431] INFO:fitness.free_loss_fidelity: RL4CO free-loss[warmstart] epoch 1/5: validation_objective=7.809284
[2026-02-27 00:23:04,686] INFO:fitness.free_loss_fidelity: RL4CO free-loss[warmstart] step 2343/7815: score=7.800635 (avg=7.812357), loss=0.684488 (avg=0.679036), pairs_step=16384, pairs_total=38387712
[2026-02-27 00:23:04,686] INFO:fitness.free_loss_fidelity: RL4CO free-loss[warmstart] step 2343/7815: score=7.800635 (avg=7.812357), loss=0.684488 (avg=0.679036), pairs_step=16384, pairs_total=38387712
[2026-02-27 00:27:29,383] INFO:fitness.free_loss_fidelity: RL4CO free-loss[warmstart] step 3124/7815: score=7.757411 (avg=7.811998), loss=0.685375 (avg=0.680405), pairs_step=16384, pairs_total=51183616
[2026-02-27 00:27:29,383] INFO:fitness.free_loss_fidelity: RL4CO free-loss[warmstart] step 3124/7815: score=7.757411 (avg=7.811998), loss=0.685375 (avg=0.680405), pairs_step=16384, pairs_total=51183616
[2026-02-27 00:27:50,893] INFO:fitness.free_loss_fidelity: RL4CO free-loss[warmstart] epoch 2/5: validation_objective=7.817412
[2026-02-27 00:27:50,893] INFO:fitness.free_loss_fidelity: RL4CO free-loss[warmstart] epoch 2/5: validation_objective=7.817412
[2026-02-27 00:31:54,180] INFO:fitness.free_loss_fidelity: RL4CO free-loss[warmstart] step 3905/7815: score=7.861827 (avg=7.811765), loss=0.685668 (avg=0.681316), pairs_step=16384, pairs_total=63979520
[2026-02-27 00:31:54,180] INFO:fitness.free_loss_fidelity: RL4CO free-loss[warmstart] step 3905/7815: score=7.861827 (avg=7.811765), loss=0.685668 (avg=0.681316), pairs_step=16384, pairs_total=63979520
[2026-02-27 00:35:56,963] INFO:fitness.free_loss_fidelity: RL4CO free-loss[warmstart] step 4686/7815: score=7.767289 (avg=7.811334), loss=0.685803 (avg=0.681984), pairs_step=16384, pairs_total=76775424
[2026-02-27 00:35:56,963] INFO:fitness.free_loss_fidelity: RL4CO free-loss[warmstart] step 4686/7815: score=7.767289 (avg=7.811334), loss=0.685803 (avg=0.681984), pairs_step=16384, pairs_total=76775424
[2026-02-27 00:36:18,632] INFO:fitness.free_loss_fidelity: RL4CO free-loss[warmstart] epoch 3/5: validation_objective=7.805470
[2026-02-27 00:36:18,632] INFO:fitness.free_loss_fidelity: RL4CO free-loss[warmstart] epoch 3/5: validation_objective=7.805470
[2026-02-27 00:40:20,430] INFO:fitness.free_loss_fidelity: RL4CO free-loss[warmstart] step 5467/7815: score=7.813247 (avg=7.811461), loss=0.687382 (avg=0.682487), pairs_step=16384, pairs_total=89571328
[2026-02-27 00:40:20,430] INFO:fitness.free_loss_fidelity: RL4CO free-loss[warmstart] step 5467/7815: score=7.813247 (avg=7.811461), loss=0.687382 (avg=0.682487), pairs_step=16384, pairs_total=89571328
[2026-02-27 00:44:23,795] INFO:fitness.free_loss_fidelity: RL4CO free-loss[warmstart] step 6248/7815: score=7.834297 (avg=7.811289), loss=0.686461 (avg=0.682902), pairs_step=16384, pairs_total=102367232
[2026-02-27 00:44:23,795] INFO:fitness.free_loss_fidelity: RL4CO free-loss[warmstart] step 6248/7815: score=7.834297 (avg=7.811289), loss=0.686461 (avg=0.682902), pairs_step=16384, pairs_total=102367232
[2026-02-27 00:44:45,828] INFO:fitness.free_loss_fidelity: RL4CO free-loss[warmstart] epoch 4/5: validation_objective=7.805197
[2026-02-27 00:44:45,828] INFO:fitness.free_loss_fidelity: RL4CO free-loss[warmstart] epoch 4/5: validation_objective=7.805197
[2026-02-27 00:48:47,677] INFO:fitness.free_loss_fidelity: RL4CO free-loss[warmstart] step 7029/7815: score=7.770897 (avg=7.811079), loss=0.684941 (avg=0.683237), pairs_step=16384, pairs_total=115163136
[2026-02-27 00:48:47,677] INFO:fitness.free_loss_fidelity: RL4CO free-loss[warmstart] step 7029/7815: score=7.770897 (avg=7.811079), loss=0.684941 (avg=0.683237), pairs_step=16384, pairs_total=115163136
[2026-02-27 00:52:50,835] INFO:fitness.free_loss_fidelity: RL4CO free-loss[warmstart] step 7810/7815: score=7.853786 (avg=7.811084), loss=0.686565 (avg=0.683520), pairs_step=16384, pairs_total=127959040
[2026-02-27 00:52:50,835] INFO:fitness.free_loss_fidelity: RL4CO free-loss[warmstart] step 7810/7815: score=7.853786 (avg=7.811084), loss=0.686565 (avg=0.683520), pairs_step=16384, pairs_total=127959040
[2026-02-27 00:53:13,203] INFO:fitness.free_loss_fidelity: RL4CO free-loss[warmstart] epoch 5/5: validation_objective=7.815575
[2026-02-27 00:53:13,203] INFO:fitness.free_loss_fidelity: RL4CO free-loss[warmstart] epoch 5/5: validation_objective=7.815575
