[2026-02-27 02:28:29,542] INFO:fitness.free_loss_fidelity: HF start gen=2 pair_index=13 device=cuda:0 g_id=g000_000_dd4525c2 f_id=f002_006_de7245b6
[2026-02-27 02:28:29,542] INFO:fitness.free_loss_fidelity: HF start gen=2 pair_index=13 device=cuda:0 g_id=g000_000_dd4525c2 f_id=f002_006_de7245b6
[2026-02-27 02:28:35,462] INFO:fitness.free_loss_fidelity: RL4CO free-loss phase=scratch: epochs=5 steps_f1=7815 steps_f2=0 total_steps=7815 (ckpt=none, device=cuda:0, env=tsp)
[2026-02-27 02:28:35,462] INFO:fitness.free_loss_fidelity: RL4CO free-loss phase=scratch: epochs=5 steps_f1=7815 steps_f2=0 total_steps=7815 (ckpt=none, device=cuda:0, env=tsp)
[2026-02-27 02:28:36,153] INFO:fitness.free_loss_fidelity: RL4CO free-loss[scratch] step 1/7815: score=50.776741 (avg=50.776741), loss=0.642384 (avg=0.642384), pairs_step=16384, pairs_total=16384
[2026-02-27 02:28:36,153] INFO:fitness.free_loss_fidelity: RL4CO free-loss[scratch] step 1/7815: score=50.776741 (avg=50.776741), loss=0.642384 (avg=0.642384), pairs_step=16384, pairs_total=16384
[2026-02-27 02:32:39,615] INFO:fitness.free_loss_fidelity: RL4CO free-loss[scratch] step 781/7815: score=8.237599 (avg=8.657884), loss=0.496531 (avg=0.455078), pairs_step=16384, pairs_total=12795904
[2026-02-27 02:32:39,615] INFO:fitness.free_loss_fidelity: RL4CO free-loss[scratch] step 781/7815: score=8.237599 (avg=8.657884), loss=0.496531 (avg=0.455078), pairs_step=16384, pairs_total=12795904
[2026-02-27 02:36:43,309] INFO:fitness.free_loss_fidelity: RL4CO free-loss[scratch] step 1562/7815: score=8.143570 (avg=8.408164), loss=0.529609 (avg=0.482033), pairs_step=16384, pairs_total=25591808
[2026-02-27 02:36:43,309] INFO:fitness.free_loss_fidelity: RL4CO free-loss[scratch] step 1562/7815: score=8.143570 (avg=8.408164), loss=0.529609 (avg=0.482033), pairs_step=16384, pairs_total=25591808
[2026-02-27 02:37:04,120] INFO:fitness.free_loss_fidelity: RL4CO free-loss[scratch] epoch 1/5: validation_objective=8.063830
[2026-02-27 02:37:04,120] INFO:fitness.free_loss_fidelity: RL4CO free-loss[scratch] epoch 1/5: validation_objective=8.063830
[2026-02-27 02:41:08,850] INFO:fitness.free_loss_fidelity: RL4CO free-loss[scratch] step 2343/7815: score=8.128355 (avg=8.303616), loss=0.552155 (avg=0.501015), pairs_step=16384, pairs_total=38387712
[2026-02-27 02:41:08,850] INFO:fitness.free_loss_fidelity: RL4CO free-loss[scratch] step 2343/7815: score=8.128355 (avg=8.303616), loss=0.552155 (avg=0.501015), pairs_step=16384, pairs_total=38387712
[2026-02-27 02:45:09,642] INFO:fitness.free_loss_fidelity: RL4CO free-loss[scratch] step 3124/7815: score=8.051305 (avg=8.241876), loss=0.582642 (avg=0.517785), pairs_step=16384, pairs_total=51183616
[2026-02-27 02:45:09,642] INFO:fitness.free_loss_fidelity: RL4CO free-loss[scratch] step 3124/7815: score=8.051305 (avg=8.241876), loss=0.582642 (avg=0.517785), pairs_step=16384, pairs_total=51183616
[2026-02-27 02:45:30,870] INFO:fitness.free_loss_fidelity: RL4CO free-loss[scratch] epoch 2/5: validation_objective=8.018825
[2026-02-27 02:45:30,870] INFO:fitness.free_loss_fidelity: RL4CO free-loss[scratch] epoch 2/5: validation_objective=8.018825
[2026-02-27 02:49:31,122] INFO:fitness.free_loss_fidelity: RL4CO free-loss[scratch] step 3905/7815: score=8.045172 (avg=8.200736), loss=0.606250 (avg=0.532975), pairs_step=16384, pairs_total=63979520
[2026-02-27 02:49:31,122] INFO:fitness.free_loss_fidelity: RL4CO free-loss[scratch] step 3905/7815: score=8.045172 (avg=8.200736), loss=0.606250 (avg=0.532975), pairs_step=16384, pairs_total=63979520
[2026-02-27 02:53:31,892] INFO:fitness.free_loss_fidelity: RL4CO free-loss[scratch] step 4686/7815: score=7.935644 (avg=8.171344), loss=0.616893 (avg=0.545324), pairs_step=16384, pairs_total=76775424
[2026-02-27 02:53:31,892] INFO:fitness.free_loss_fidelity: RL4CO free-loss[scratch] step 4686/7815: score=7.935644 (avg=8.171344), loss=0.616893 (avg=0.545324), pairs_step=16384, pairs_total=76775424
[2026-02-27 02:53:53,430] INFO:fitness.free_loss_fidelity: RL4CO free-loss[scratch] epoch 3/5: validation_objective=8.015821
[2026-02-27 02:53:53,430] INFO:fitness.free_loss_fidelity: RL4CO free-loss[scratch] epoch 3/5: validation_objective=8.015821
[2026-02-27 02:57:53,306] INFO:fitness.free_loss_fidelity: RL4CO free-loss[scratch] step 5467/7815: score=8.000157 (avg=8.149194), loss=0.615087 (avg=0.555126), pairs_step=16384, pairs_total=89571328
[2026-02-27 02:57:53,306] INFO:fitness.free_loss_fidelity: RL4CO free-loss[scratch] step 5467/7815: score=8.000157 (avg=8.149194), loss=0.615087 (avg=0.555126), pairs_step=16384, pairs_total=89571328
[2026-02-27 03:01:54,190] INFO:fitness.free_loss_fidelity: RL4CO free-loss[scratch] step 6248/7815: score=7.997608 (avg=8.131921), loss=0.635497 (avg=0.563093), pairs_step=16384, pairs_total=102367232
[2026-02-27 03:01:54,190] INFO:fitness.free_loss_fidelity: RL4CO free-loss[scratch] step 6248/7815: score=7.997608 (avg=8.131921), loss=0.635497 (avg=0.563093), pairs_step=16384, pairs_total=102367232
[2026-02-27 03:02:16,061] INFO:fitness.free_loss_fidelity: RL4CO free-loss[scratch] epoch 4/5: validation_objective=8.001589
[2026-02-27 03:02:16,061] INFO:fitness.free_loss_fidelity: RL4CO free-loss[scratch] epoch 4/5: validation_objective=8.001589
[2026-02-27 03:06:15,563] INFO:fitness.free_loss_fidelity: RL4CO free-loss[scratch] step 7029/7815: score=7.967477 (avg=8.117727), loss=0.618380 (avg=0.569675), pairs_step=16384, pairs_total=115163136
[2026-02-27 03:06:15,563] INFO:fitness.free_loss_fidelity: RL4CO free-loss[scratch] step 7029/7815: score=7.967477 (avg=8.117727), loss=0.618380 (avg=0.569675), pairs_step=16384, pairs_total=115163136
[2026-02-27 03:10:16,365] INFO:fitness.free_loss_fidelity: RL4CO free-loss[scratch] step 7810/7815: score=7.976076 (avg=8.105808), loss=0.628304 (avg=0.575200), pairs_step=16384, pairs_total=127959040
[2026-02-27 03:10:16,365] INFO:fitness.free_loss_fidelity: RL4CO free-loss[scratch] step 7810/7815: score=7.976076 (avg=8.105808), loss=0.628304 (avg=0.575200), pairs_step=16384, pairs_total=127959040
[2026-02-27 03:10:38,533] INFO:fitness.free_loss_fidelity: RL4CO free-loss[scratch] epoch 5/5: validation_objective=7.990715
[2026-02-27 03:10:38,533] INFO:fitness.free_loss_fidelity: RL4CO free-loss[scratch] epoch 5/5: validation_objective=7.990715
[2026-02-27 03:10:59,411] WARNING:fitness.free_loss_fidelity: weights_only checkpoint load failed (UnpicklingError); retrying weights_only=False for /data1/gushengda/eam-rl4co/baseline/epoch_409.ckpt
[2026-02-27 03:10:59,411] WARNING:fitness.free_loss_fidelity: weights_only checkpoint load failed (UnpicklingError); retrying weights_only=False for /data1/gushengda/eam-rl4co/baseline/epoch_409.ckpt
[2026-02-27 03:10:59,454] INFO:fitness.free_loss_fidelity: Loaded init checkpoint into policy: path=/data1/gushengda/eam-rl4co/baseline/epoch_409.ckpt prefix=policy. matched=97 missing=0 unexpected=0
[2026-02-27 03:10:59,454] INFO:fitness.free_loss_fidelity: Loaded init checkpoint into policy: path=/data1/gushengda/eam-rl4co/baseline/epoch_409.ckpt prefix=policy. matched=97 missing=0 unexpected=0
[2026-02-27 03:10:59,458] INFO:fitness.free_loss_fidelity: RL4CO free-loss phase=warmstart: epochs=5 steps_f1=7815 steps_f2=0 total_steps=7815 (ckpt=/data1/gushengda/eam-rl4co/baseline/epoch_409.ckpt, device=cuda:0, env=tsp)
[2026-02-27 03:10:59,458] INFO:fitness.free_loss_fidelity: RL4CO free-loss phase=warmstart: epochs=5 steps_f1=7815 steps_f2=0 total_steps=7815 (ckpt=/data1/gushengda/eam-rl4co/baseline/epoch_409.ckpt, device=cuda:0, env=tsp)
[2026-02-27 03:10:59,858] INFO:fitness.free_loss_fidelity: RL4CO free-loss[warmstart] step 1/7815: score=7.827631 (avg=7.827631), loss=0.000210 (avg=0.000210), pairs_step=16384, pairs_total=16384
[2026-02-27 03:10:59,858] INFO:fitness.free_loss_fidelity: RL4CO free-loss[warmstart] step 1/7815: score=7.827631 (avg=7.827631), loss=0.000210 (avg=0.000210), pairs_step=16384, pairs_total=16384
[2026-02-27 03:15:21,607] INFO:fitness.free_loss_fidelity: RL4CO free-loss[warmstart] step 781/7815: score=7.844872 (avg=7.813777), loss=0.631537 (avg=0.568419), pairs_step=16384, pairs_total=12795904
[2026-02-27 03:15:21,607] INFO:fitness.free_loss_fidelity: RL4CO free-loss[warmstart] step 781/7815: score=7.844872 (avg=7.813777), loss=0.631537 (avg=0.568419), pairs_step=16384, pairs_total=12795904
[2026-02-27 03:19:22,259] INFO:fitness.free_loss_fidelity: RL4CO free-loss[warmstart] step 1562/7815: score=7.777348 (avg=7.812713), loss=0.643983 (avg=0.599678), pairs_step=16384, pairs_total=25591808
[2026-02-27 03:19:22,259] INFO:fitness.free_loss_fidelity: RL4CO free-loss[warmstart] step 1562/7815: score=7.777348 (avg=7.812713), loss=0.643983 (avg=0.599678), pairs_step=16384, pairs_total=25591808
[2026-02-27 03:19:43,172] INFO:fitness.free_loss_fidelity: RL4CO free-loss[warmstart] epoch 1/5: validation_objective=7.809858
[2026-02-27 03:19:43,172] INFO:fitness.free_loss_fidelity: RL4CO free-loss[warmstart] epoch 1/5: validation_objective=7.809858
[2026-02-27 03:23:43,735] INFO:fitness.free_loss_fidelity: RL4CO free-loss[warmstart] step 2343/7815: score=7.806488 (avg=7.811288), loss=0.638339 (avg=0.612549), pairs_step=16384, pairs_total=38387712
[2026-02-27 03:23:43,735] INFO:fitness.free_loss_fidelity: RL4CO free-loss[warmstart] step 2343/7815: score=7.806488 (avg=7.811288), loss=0.638339 (avg=0.612549), pairs_step=16384, pairs_total=38387712
[2026-02-27 03:27:44,476] INFO:fitness.free_loss_fidelity: RL4CO free-loss[warmstart] step 3124/7815: score=7.757763 (avg=7.810545), loss=0.647493 (avg=0.619893), pairs_step=16384, pairs_total=51183616
[2026-02-27 03:27:44,476] INFO:fitness.free_loss_fidelity: RL4CO free-loss[warmstart] step 3124/7815: score=7.757763 (avg=7.810545), loss=0.647493 (avg=0.619893), pairs_step=16384, pairs_total=51183616
[2026-02-27 03:28:05,703] INFO:fitness.free_loss_fidelity: RL4CO free-loss[warmstart] epoch 2/5: validation_objective=7.811507
[2026-02-27 03:28:05,703] INFO:fitness.free_loss_fidelity: RL4CO free-loss[warmstart] epoch 2/5: validation_objective=7.811507
[2026-02-27 03:32:06,156] INFO:fitness.free_loss_fidelity: RL4CO free-loss[warmstart] step 3905/7815: score=7.863213 (avg=7.810165), loss=0.650430 (avg=0.624629), pairs_step=16384, pairs_total=63979520
[2026-02-27 03:32:06,156] INFO:fitness.free_loss_fidelity: RL4CO free-loss[warmstart] step 3905/7815: score=7.863213 (avg=7.810165), loss=0.650430 (avg=0.624629), pairs_step=16384, pairs_total=63979520
[2026-02-27 03:36:07,051] INFO:fitness.free_loss_fidelity: RL4CO free-loss[warmstart] step 4686/7815: score=7.770826 (avg=7.809520), loss=0.648242 (avg=0.628199), pairs_step=16384, pairs_total=76775424
[2026-02-27 03:36:07,051] INFO:fitness.free_loss_fidelity: RL4CO free-loss[warmstart] step 4686/7815: score=7.770826 (avg=7.809520), loss=0.648242 (avg=0.628199), pairs_step=16384, pairs_total=76775424
[2026-02-27 03:36:28,612] INFO:fitness.free_loss_fidelity: RL4CO free-loss[warmstart] epoch 3/5: validation_objective=7.806011
[2026-02-27 03:36:28,612] INFO:fitness.free_loss_fidelity: RL4CO free-loss[warmstart] epoch 3/5: validation_objective=7.806011
[2026-02-27 03:40:28,414] INFO:fitness.free_loss_fidelity: RL4CO free-loss[warmstart] step 5467/7815: score=7.815476 (avg=7.809510), loss=0.651374 (avg=0.630952), pairs_step=16384, pairs_total=89571328
[2026-02-27 03:40:28,414] INFO:fitness.free_loss_fidelity: RL4CO free-loss[warmstart] step 5467/7815: score=7.815476 (avg=7.809510), loss=0.651374 (avg=0.630952), pairs_step=16384, pairs_total=89571328
[2026-02-27 03:44:29,587] INFO:fitness.free_loss_fidelity: RL4CO free-loss[warmstart] step 6248/7815: score=7.833521 (avg=7.809173), loss=0.656922 (avg=0.633208), pairs_step=16384, pairs_total=102367232
[2026-02-27 03:44:29,587] INFO:fitness.free_loss_fidelity: RL4CO free-loss[warmstart] step 6248/7815: score=7.833521 (avg=7.809173), loss=0.656922 (avg=0.633208), pairs_step=16384, pairs_total=102367232
[2026-02-27 03:44:51,439] INFO:fitness.free_loss_fidelity: RL4CO free-loss[warmstart] epoch 4/5: validation_objective=7.804884
[2026-02-27 03:44:51,439] INFO:fitness.free_loss_fidelity: RL4CO free-loss[warmstart] epoch 4/5: validation_objective=7.804884
[2026-02-27 03:48:51,172] INFO:fitness.free_loss_fidelity: RL4CO free-loss[warmstart] step 7029/7815: score=7.776994 (avg=7.809005), loss=0.647805 (avg=0.635075), pairs_step=16384, pairs_total=115163136
[2026-02-27 03:48:51,172] INFO:fitness.free_loss_fidelity: RL4CO free-loss[warmstart] step 7029/7815: score=7.776994 (avg=7.809005), loss=0.647805 (avg=0.635075), pairs_step=16384, pairs_total=115163136
[2026-02-27 03:52:52,057] INFO:fitness.free_loss_fidelity: RL4CO free-loss[warmstart] step 7810/7815: score=7.851352 (avg=7.808974), loss=0.646558 (avg=0.636640), pairs_step=16384, pairs_total=127959040
[2026-02-27 03:52:52,057] INFO:fitness.free_loss_fidelity: RL4CO free-loss[warmstart] step 7810/7815: score=7.851352 (avg=7.808974), loss=0.646558 (avg=0.636640), pairs_step=16384, pairs_total=127959040
[2026-02-27 03:53:14,209] INFO:fitness.free_loss_fidelity: RL4CO free-loss[warmstart] epoch 5/5: validation_objective=7.809221
[2026-02-27 03:53:14,209] INFO:fitness.free_loss_fidelity: RL4CO free-loss[warmstart] epoch 5/5: validation_objective=7.809221
