[2026-03-01 00:21:09,762] INFO:fitness.free_loss_fidelity: Stage3 offline mini-train start gen=3 pair_index=6 K=200 seed=12345 valid_sizes=[100] baseline_json=baseline/mini_eval/baseline_minitrain_tsp100_K200.json
[2026-03-01 00:21:09,786] INFO:fitness.free_loss_fidelity: RL4CO free-loss (step-mode): f1_steps=200, f2_steps=0, total_steps=200, train_problem_size=100, rollouts=100, batch_size=64, device=cuda:0, env=tsp
[2026-03-01 00:21:10,091] INFO:fitness.free_loss_fidelity: RL4CO free-loss step 1/200: score=36.122910 (avg=36.122910), loss=0.830198 (avg=0.830198), pairs_step=316800, pairs_total=316800
[2026-03-01 00:21:15,906] INFO:fitness.free_loss_fidelity: RL4CO free-loss step 20/200: score=9.916054 (avg=12.751215), loss=0.620043 (avg=0.639131), pairs_step=316800, pairs_total=6335996
[2026-03-01 00:21:22,032] INFO:fitness.free_loss_fidelity: RL4CO free-loss step 40/200: score=9.416432 (avg=11.143739), loss=0.615182 (avg=0.627771), pairs_step=316800, pairs_total=12671992
[2026-03-01 00:21:28,159] INFO:fitness.free_loss_fidelity: RL4CO free-loss step 60/200: score=9.177861 (avg=10.502565), loss=0.612001 (avg=0.622369), pairs_step=316800, pairs_total=19007989
[2026-03-01 00:21:34,278] INFO:fitness.free_loss_fidelity: RL4CO free-loss step 80/200: score=8.971315 (avg=10.138682), loss=0.602295 (avg=0.617343), pairs_step=316800, pairs_total=25343984
[2026-03-01 00:21:40,403] INFO:fitness.free_loss_fidelity: RL4CO free-loss step 100/200: score=8.849098 (avg=9.899988), loss=0.605628 (avg=0.613930), pairs_step=316800, pairs_total=31679981
[2026-03-01 00:21:46,530] INFO:fitness.free_loss_fidelity: RL4CO free-loss step 120/200: score=8.808103 (avg=9.728943), loss=0.596067 (avg=0.611799), pairs_step=316800, pairs_total=38015973
[2026-03-01 00:21:52,655] INFO:fitness.free_loss_fidelity: RL4CO free-loss step 140/200: score=8.786701 (avg=9.595544), loss=0.617507 (avg=0.610928), pairs_step=316800, pairs_total=44351966
[2026-03-01 00:21:58,779] INFO:fitness.free_loss_fidelity: RL4CO free-loss step 160/200: score=8.661156 (avg=9.483722), loss=0.612641 (avg=0.610846), pairs_step=316800, pairs_total=50687960
[2026-03-01 00:22:04,919] INFO:fitness.free_loss_fidelity: RL4CO free-loss step 180/200: score=8.604406 (avg=9.388457), loss=0.612253 (avg=0.611004), pairs_step=316798, pairs_total=57023952
[2026-03-01 00:22:11,044] INFO:fitness.free_loss_fidelity: RL4CO free-loss step 200/200: score=8.569921 (avg=9.306951), loss=0.613367 (avg=0.611314), pairs_step=316799, pairs_total=63359949
[2026-03-01 00:22:12,139] WARNING:fitness.free_loss_fidelity: weights_only checkpoint load failed (UnpicklingError); retrying weights_only=False for /data1/gushengda/eam-rl4co/baseline/epoch_135.ckpt
[2026-03-01 00:22:12,178] INFO:fitness.free_loss_fidelity: Loaded init checkpoint into policy: path=/data1/gushengda/eam-rl4co/baseline/epoch_135.ckpt prefix=policy. matched=97 missing=0 unexpected=0
[2026-03-01 00:22:12,183] INFO:fitness.free_loss_fidelity: RL4CO free-loss (step-mode): f1_steps=200, f2_steps=0, total_steps=200, train_problem_size=100, rollouts=100, batch_size=64, device=cuda:0, env=tsp
[2026-03-01 00:22:12,501] INFO:fitness.free_loss_fidelity: RL4CO free-loss step 1/200: score=7.803347 (avg=7.803347), loss=0.678469 (avg=0.678469), pairs_step=315697, pairs_total=315697
[2026-03-01 00:22:18,316] INFO:fitness.free_loss_fidelity: RL4CO free-loss step 20/200: score=7.781230 (avg=7.808979), loss=0.676952 (avg=0.677557), pairs_step=316044, pairs_total=6316522
[2026-03-01 00:22:24,440] INFO:fitness.free_loss_fidelity: RL4CO free-loss step 40/200: score=7.815714 (avg=7.803231), loss=0.678676 (avg=0.678026), pairs_step=315754, pairs_total=12631145
[2026-03-01 00:22:30,567] INFO:fitness.free_loss_fidelity: RL4CO free-loss step 60/200: score=7.815164 (avg=7.799475), loss=0.679553 (avg=0.678062), pairs_step=315326, pairs_total=18944767
[2026-03-01 00:22:36,695] INFO:fitness.free_loss_fidelity: RL4CO free-loss step 80/200: score=7.797008 (avg=7.797879), loss=0.676880 (avg=0.677848), pairs_step=315600, pairs_total=25260549
[2026-03-01 00:22:42,814] INFO:fitness.free_loss_fidelity: RL4CO free-loss step 100/200: score=7.753448 (avg=7.798325), loss=0.677216 (avg=0.677846), pairs_step=315625, pairs_total=31574961
[2026-03-01 00:22:48,941] INFO:fitness.free_loss_fidelity: RL4CO free-loss step 120/200: score=7.774622 (avg=7.799791), loss=0.677504 (avg=0.677940), pairs_step=315890, pairs_total=37889311
[2026-03-01 00:22:55,068] INFO:fitness.free_loss_fidelity: RL4CO free-loss step 140/200: score=7.827112 (avg=7.800687), loss=0.675977 (avg=0.677938), pairs_step=315380, pairs_total=44202814
[2026-03-01 00:23:01,178] INFO:fitness.free_loss_fidelity: RL4CO free-loss step 160/200: score=7.800045 (avg=7.800142), loss=0.677343 (avg=0.677921), pairs_step=315427, pairs_total=50516382
[2026-03-01 00:23:07,290] INFO:fitness.free_loss_fidelity: RL4CO free-loss step 180/200: score=7.783685 (avg=7.799094), loss=0.678937 (avg=0.678006), pairs_step=315255, pairs_total=56827165
[2026-03-01 00:23:13,402] INFO:fitness.free_loss_fidelity: RL4CO free-loss step 200/200: score=7.808739 (avg=7.798031), loss=0.674356 (avg=0.677958), pairs_step=315760, pairs_total=63139878
[2026-03-01 00:23:14,499] WARNING:fitness.free_loss_fidelity: weights_only checkpoint load failed (UnpicklingError); retrying weights_only=False for /data1/gushengda/eam-rl4co/baseline/epoch_409.ckpt
[2026-03-01 00:23:14,535] INFO:fitness.free_loss_fidelity: Loaded init checkpoint into policy: path=/data1/gushengda/eam-rl4co/baseline/epoch_409.ckpt prefix=policy. matched=97 missing=0 unexpected=0
[2026-03-01 00:23:14,540] INFO:fitness.free_loss_fidelity: RL4CO free-loss (step-mode): f1_steps=200, f2_steps=0, total_steps=200, train_problem_size=100, rollouts=100, batch_size=64, device=cuda:0, env=tsp
[2026-03-01 00:23:14,858] INFO:fitness.free_loss_fidelity: RL4CO free-loss step 1/200: score=7.807477 (avg=7.807477), loss=0.218615 (avg=0.218615), pairs_step=315750, pairs_total=315750
[2026-03-01 00:23:20,864] INFO:fitness.free_loss_fidelity: RL4CO free-loss step 20/200: score=7.784086 (avg=7.809260), loss=0.218882 (avg=0.219799), pairs_step=315793, pairs_total=6318190
[2026-03-01 00:23:26,973] INFO:fitness.free_loss_fidelity: RL4CO free-loss step 40/200: score=7.817028 (avg=7.802601), loss=0.210858 (avg=0.216973), pairs_step=316228, pairs_total=12638236
[2026-03-01 00:23:33,084] INFO:fitness.free_loss_fidelity: RL4CO free-loss step 60/200: score=7.811176 (avg=7.798798), loss=0.210654 (avg=0.212884), pairs_step=315858, pairs_total=18956477
[2026-03-01 00:23:39,206] INFO:fitness.free_loss_fidelity: RL4CO free-loss step 80/200: score=7.793653 (avg=7.797051), loss=0.227786 (avg=0.213216), pairs_step=315974, pairs_total=25274296
[2026-03-01 00:23:45,323] INFO:fitness.free_loss_fidelity: RL4CO free-loss step 100/200: score=7.748892 (avg=7.797430), loss=0.250567 (avg=0.218386), pairs_step=315952, pairs_total=31590145
[2026-03-01 00:23:51,449] INFO:fitness.free_loss_fidelity: RL4CO free-loss step 120/200: score=7.779384 (avg=7.798921), loss=0.210762 (avg=0.220545), pairs_step=315860, pairs_total=37907111
[2026-03-01 00:23:57,566] INFO:fitness.free_loss_fidelity: RL4CO free-loss step 140/200: score=7.825247 (avg=7.799819), loss=0.205705 (avg=0.218255), pairs_step=315374, pairs_total=44222164
[2026-03-01 00:24:03,694] INFO:fitness.free_loss_fidelity: RL4CO free-loss step 160/200: score=7.792024 (avg=7.798972), loss=0.218857 (avg=0.217472), pairs_step=315810, pairs_total=50536391
[2026-03-01 00:24:09,821] INFO:fitness.free_loss_fidelity: RL4CO free-loss step 180/200: score=7.778678 (avg=7.797687), loss=0.236865 (avg=0.218659), pairs_step=315048, pairs_total=56851384
[2026-03-01 00:24:15,934] INFO:fitness.free_loss_fidelity: RL4CO free-loss step 200/200: score=7.810004 (avg=7.796346), loss=0.220696 (avg=0.219829), pairs_step=315429, pairs_total=63167666
