[2026-03-01 01:52:05,090] INFO:fitness.free_loss_fidelity: Stage3 offline mini-train start gen=7 pair_index=28 K=200 seed=12345 valid_sizes=[100] baseline_json=baseline/mini_eval/baseline_minitrain_tsp100_K200.json
[2026-03-01 01:52:05,109] INFO:fitness.free_loss_fidelity: RL4CO free-loss (step-mode): f1_steps=200, f2_steps=0, total_steps=200, train_problem_size=100, rollouts=100, batch_size=64, device=cuda:1, env=tsp
[2026-03-01 01:52:05,443] INFO:fitness.free_loss_fidelity: RL4CO free-loss step 1/200: score=36.122910 (avg=36.122910), loss=0.772382 (avg=0.772382), pairs_step=316800, pairs_total=316800
[2026-03-01 01:52:11,461] INFO:fitness.free_loss_fidelity: RL4CO free-loss step 20/200: score=9.842779 (avg=12.739044), loss=0.638731 (avg=0.650589), pairs_step=316800, pairs_total=6335997
[2026-03-01 01:52:17,798] INFO:fitness.free_loss_fidelity: RL4CO free-loss step 40/200: score=9.406779 (avg=11.120741), loss=0.643325 (avg=0.646320), pairs_step=316799, pairs_total=12671992
[2026-03-01 01:52:24,127] INFO:fitness.free_loss_fidelity: RL4CO free-loss step 60/200: score=9.163782 (avg=10.484678), loss=0.633609 (avg=0.643814), pairs_step=316800, pairs_total=19007982
[2026-03-01 01:52:30,463] INFO:fitness.free_loss_fidelity: RL4CO free-loss step 80/200: score=9.027294 (avg=10.124909), loss=0.627172 (avg=0.640846), pairs_step=316800, pairs_total=25343976
[2026-03-01 01:52:36,755] INFO:fitness.free_loss_fidelity: RL4CO free-loss step 100/200: score=8.869755 (avg=9.887712), loss=0.628986 (avg=0.639120), pairs_step=316800, pairs_total=31679971
[2026-03-01 01:52:43,037] INFO:fitness.free_loss_fidelity: RL4CO free-loss step 120/200: score=8.824334 (avg=9.718043), loss=0.633316 (avg=0.638071), pairs_step=316800, pairs_total=38015964
[2026-03-01 01:52:49,330] INFO:fitness.free_loss_fidelity: RL4CO free-loss step 140/200: score=8.737998 (avg=9.583432), loss=0.636239 (avg=0.637755), pairs_step=316800, pairs_total=44351961
[2026-03-01 01:52:55,613] INFO:fitness.free_loss_fidelity: RL4CO free-loss step 160/200: score=8.642738 (avg=9.471193), loss=0.636525 (avg=0.637910), pairs_step=316800, pairs_total=50687955
[2026-03-01 01:53:01,907] INFO:fitness.free_loss_fidelity: RL4CO free-loss step 180/200: score=8.572201 (avg=9.375284), loss=0.644158 (avg=0.638225), pairs_step=316800, pairs_total=57023949
[2026-03-01 01:53:08,202] INFO:fitness.free_loss_fidelity: RL4CO free-loss step 200/200: score=8.546522 (avg=9.294133), loss=0.648718 (avg=0.638982), pairs_step=316800, pairs_total=63359942
[2026-03-01 01:53:09,325] WARNING:fitness.free_loss_fidelity: weights_only checkpoint load failed (UnpicklingError); retrying weights_only=False for /data1/gushengda/eam-rl4co/baseline/epoch_135.ckpt
[2026-03-01 01:53:09,363] INFO:fitness.free_loss_fidelity: Loaded init checkpoint into policy: path=/data1/gushengda/eam-rl4co/baseline/epoch_135.ckpt prefix=policy. matched=97 missing=0 unexpected=0
[2026-03-01 01:53:09,369] INFO:fitness.free_loss_fidelity: RL4CO free-loss (step-mode): f1_steps=200, f2_steps=0, total_steps=200, train_problem_size=100, rollouts=100, batch_size=64, device=cuda:1, env=tsp
[2026-03-01 01:53:09,695] INFO:fitness.free_loss_fidelity: RL4CO free-loss step 1/200: score=7.803347 (avg=7.803347), loss=0.702176 (avg=0.702176), pairs_step=315697, pairs_total=315697
[2026-03-01 01:53:15,659] INFO:fitness.free_loss_fidelity: RL4CO free-loss step 20/200: score=7.780306 (avg=7.807612), loss=0.706278 (avg=0.702518), pairs_step=315878, pairs_total=6317160
[2026-03-01 01:53:21,943] INFO:fitness.free_loss_fidelity: RL4CO free-loss step 40/200: score=7.819196 (avg=7.802124), loss=0.695341 (avg=0.702613), pairs_step=315875, pairs_total=12632170
[2026-03-01 01:53:28,234] INFO:fitness.free_loss_fidelity: RL4CO free-loss step 60/200: score=7.810539 (avg=7.798676), loss=0.697113 (avg=0.702150), pairs_step=315401, pairs_total=18946419
[2026-03-01 01:53:34,519] INFO:fitness.free_loss_fidelity: RL4CO free-loss step 80/200: score=7.800301 (avg=7.797691), loss=0.695690 (avg=0.701685), pairs_step=315794, pairs_total=25261370
[2026-03-01 01:53:40,804] INFO:fitness.free_loss_fidelity: RL4CO free-loss step 100/200: score=7.756416 (avg=7.798553), loss=0.701275 (avg=0.701227), pairs_step=315876, pairs_total=31576962
[2026-03-01 01:53:47,092] INFO:fitness.free_loss_fidelity: RL4CO free-loss step 120/200: score=7.769669 (avg=7.800137), loss=0.698776 (avg=0.701303), pairs_step=315285, pairs_total=37891021
[2026-03-01 01:53:53,372] INFO:fitness.free_loss_fidelity: RL4CO free-loss step 140/200: score=7.824395 (avg=7.800900), loss=0.701283 (avg=0.700991), pairs_step=315060, pairs_total=44204549
[2026-03-01 01:53:59,663] INFO:fitness.free_loss_fidelity: RL4CO free-loss step 160/200: score=7.798299 (avg=7.800036), loss=0.700618 (avg=0.700934), pairs_step=315138, pairs_total=50515807
[2026-03-01 01:54:05,961] INFO:fitness.free_loss_fidelity: RL4CO free-loss step 180/200: score=7.782392 (avg=7.799028), loss=0.703137 (avg=0.701053), pairs_step=315503, pairs_total=56827204
[2026-03-01 01:54:12,242] INFO:fitness.free_loss_fidelity: RL4CO free-loss step 200/200: score=7.805826 (avg=7.797756), loss=0.703529 (avg=0.701029), pairs_step=315491, pairs_total=63139725
[2026-03-01 01:54:13,362] WARNING:fitness.free_loss_fidelity: weights_only checkpoint load failed (UnpicklingError); retrying weights_only=False for /data1/gushengda/eam-rl4co/baseline/epoch_409.ckpt
[2026-03-01 01:54:13,392] INFO:fitness.free_loss_fidelity: Loaded init checkpoint into policy: path=/data1/gushengda/eam-rl4co/baseline/epoch_409.ckpt prefix=policy. matched=97 missing=0 unexpected=0
[2026-03-01 01:54:13,397] INFO:fitness.free_loss_fidelity: RL4CO free-loss (step-mode): f1_steps=200, f2_steps=0, total_steps=200, train_problem_size=100, rollouts=100, batch_size=64, device=cuda:1, env=tsp
[2026-03-01 01:54:13,723] INFO:fitness.free_loss_fidelity: RL4CO free-loss step 1/200: score=7.807477 (avg=7.807477), loss=0.255943 (avg=0.255943), pairs_step=315750, pairs_total=315750
[2026-03-01 01:54:19,688] INFO:fitness.free_loss_fidelity: RL4CO free-loss step 20/200: score=7.787824 (avg=7.808812), loss=0.247479 (avg=0.250049), pairs_step=316063, pairs_total=6316740
[2026-03-01 01:54:25,973] INFO:fitness.free_loss_fidelity: RL4CO free-loss step 40/200: score=7.819565 (avg=7.803227), loss=0.248486 (avg=0.249197), pairs_step=316041, pairs_total=12633806
[2026-03-01 01:54:32,253] INFO:fitness.free_loss_fidelity: RL4CO free-loss step 60/200: score=7.812713 (avg=7.799504), loss=0.248717 (avg=0.247737), pairs_step=315710, pairs_total=18947927
[2026-03-01 01:54:38,540] INFO:fitness.free_loss_fidelity: RL4CO free-loss step 80/200: score=7.798940 (avg=7.797788), loss=0.259565 (avg=0.247804), pairs_step=315903, pairs_total=25263952
[2026-03-01 01:54:44,829] INFO:fitness.free_loss_fidelity: RL4CO free-loss step 100/200: score=7.754456 (avg=7.798114), loss=0.264143 (avg=0.251901), pairs_step=315812, pairs_total=31581372
[2026-03-01 01:54:51,112] INFO:fitness.free_loss_fidelity: RL4CO free-loss step 120/200: score=7.771090 (avg=7.799160), loss=0.236239 (avg=0.250459), pairs_step=315931, pairs_total=37898210
[2026-03-01 01:54:57,400] INFO:fitness.free_loss_fidelity: RL4CO free-loss step 140/200: score=7.826054 (avg=7.800136), loss=0.235168 (avg=0.247303), pairs_step=315602, pairs_total=44212295
[2026-03-01 01:55:03,690] INFO:fitness.free_loss_fidelity: RL4CO free-loss step 160/200: score=7.795511 (avg=7.799274), loss=0.260525 (avg=0.247158), pairs_step=315385, pairs_total=50525172
[2026-03-01 01:55:09,976] INFO:fitness.free_loss_fidelity: RL4CO free-loss step 180/200: score=7.780522 (avg=7.797918), loss=0.273249 (avg=0.249691), pairs_step=315076, pairs_total=56836355
[2026-03-01 01:55:16,256] INFO:fitness.free_loss_fidelity: RL4CO free-loss step 200/200: score=7.814028 (avg=7.796638), loss=0.239948 (avg=0.250420), pairs_step=315286, pairs_total=63149968
