[2026-03-01 02:13:51,829] INFO:fitness.free_loss_fidelity: Stage3 offline mini-train start gen=8 pair_index=25 K=200 seed=12345 valid_sizes=[100] baseline_json=baseline/mini_eval/baseline_minitrain_tsp100_K200.json
[2026-03-01 02:13:51,850] INFO:fitness.free_loss_fidelity: RL4CO free-loss (step-mode): f1_steps=200, f2_steps=0, total_steps=200, train_problem_size=100, rollouts=100, batch_size=64, device=cuda:3, env=tsp
[2026-03-01 02:13:52,172] INFO:fitness.free_loss_fidelity: RL4CO free-loss step 1/200: score=36.122910 (avg=36.122910), loss=0.751181 (avg=0.751181), pairs_step=316800, pairs_total=316800
[2026-03-01 02:13:58,148] INFO:fitness.free_loss_fidelity: RL4CO free-loss step 20/200: score=9.938864 (avg=12.778809), loss=0.576931 (avg=0.593827), pairs_step=316800, pairs_total=6335996
[2026-03-01 02:14:04,446] INFO:fitness.free_loss_fidelity: RL4CO free-loss step 40/200: score=9.437302 (avg=11.163975), loss=0.579811 (avg=0.589617), pairs_step=316800, pairs_total=12671995
[2026-03-01 02:14:10,766] INFO:fitness.free_loss_fidelity: RL4CO free-loss step 60/200: score=9.202367 (avg=10.521839), loss=0.574722 (avg=0.586240), pairs_step=316800, pairs_total=19007988
[2026-03-01 02:14:17,252] INFO:fitness.free_loss_fidelity: RL4CO free-loss step 80/200: score=8.965292 (avg=10.157527), loss=0.575314 (avg=0.582761), pairs_step=316797, pairs_total=25343979
[2026-03-01 02:14:23,566] INFO:fitness.free_loss_fidelity: RL4CO free-loss step 100/200: score=8.910331 (avg=9.916758), loss=0.567394 (avg=0.580283), pairs_step=316800, pairs_total=31679974
[2026-03-01 02:14:29,876] INFO:fitness.free_loss_fidelity: RL4CO free-loss step 120/200: score=8.798166 (avg=9.745788), loss=0.578601 (avg=0.579012), pairs_step=316800, pairs_total=38015968
[2026-03-01 02:14:36,189] INFO:fitness.free_loss_fidelity: RL4CO free-loss step 140/200: score=8.822824 (avg=9.611833), loss=0.569792 (avg=0.578085), pairs_step=316800, pairs_total=44351960
[2026-03-01 02:14:42,483] INFO:fitness.free_loss_fidelity: RL4CO free-loss step 160/200: score=8.672959 (avg=9.499943), loss=0.574436 (avg=0.577928), pairs_step=316800, pairs_total=50687954
[2026-03-01 02:14:48,782] INFO:fitness.free_loss_fidelity: RL4CO free-loss step 180/200: score=8.607644 (avg=9.403579), loss=0.582498 (avg=0.578312), pairs_step=316800, pairs_total=57023950
[2026-03-01 02:14:55,093] INFO:fitness.free_loss_fidelity: RL4CO free-loss step 200/200: score=8.565889 (avg=9.321504), loss=0.589006 (avg=0.579005), pairs_step=316800, pairs_total=63359938
[2026-03-01 02:14:56,205] WARNING:fitness.free_loss_fidelity: weights_only checkpoint load failed (UnpicklingError); retrying weights_only=False for /data1/gushengda/eam-rl4co/baseline/epoch_135.ckpt
[2026-03-01 02:14:56,244] INFO:fitness.free_loss_fidelity: Loaded init checkpoint into policy: path=/data1/gushengda/eam-rl4co/baseline/epoch_135.ckpt prefix=policy. matched=97 missing=0 unexpected=0
[2026-03-01 02:14:56,248] INFO:fitness.free_loss_fidelity: RL4CO free-loss (step-mode): f1_steps=200, f2_steps=0, total_steps=200, train_problem_size=100, rollouts=100, batch_size=64, device=cuda:3, env=tsp
[2026-03-01 02:14:56,575] INFO:fitness.free_loss_fidelity: RL4CO free-loss step 1/200: score=7.803347 (avg=7.803347), loss=0.667050 (avg=0.667050), pairs_step=315697, pairs_total=315697
[2026-03-01 02:15:02,564] INFO:fitness.free_loss_fidelity: RL4CO free-loss step 20/200: score=7.781911 (avg=7.809354), loss=0.664733 (avg=0.665301), pairs_step=316057, pairs_total=6317420
[2026-03-01 02:15:08,857] INFO:fitness.free_loss_fidelity: RL4CO free-loss step 40/200: score=7.823228 (avg=7.803754), loss=0.666629 (avg=0.664740), pairs_step=315890, pairs_total=12633251
[2026-03-01 02:15:15,173] INFO:fitness.free_loss_fidelity: RL4CO free-loss step 60/200: score=7.818630 (avg=7.800308), loss=0.664702 (avg=0.664058), pairs_step=315739, pairs_total=18948659
[2026-03-01 02:15:21,468] INFO:fitness.free_loss_fidelity: RL4CO free-loss step 80/200: score=7.794947 (avg=7.798729), loss=0.661165 (avg=0.663539), pairs_step=315839, pairs_total=25263873
[2026-03-01 02:15:27,787] INFO:fitness.free_loss_fidelity: RL4CO free-loss step 100/200: score=7.758926 (avg=7.799530), loss=0.660823 (avg=0.663063), pairs_step=315947, pairs_total=31581626
[2026-03-01 02:15:34,085] INFO:fitness.free_loss_fidelity: RL4CO free-loss step 120/200: score=7.777895 (avg=7.801140), loss=0.660687 (avg=0.662664), pairs_step=315691, pairs_total=37895487
[2026-03-01 02:15:40,407] INFO:fitness.free_loss_fidelity: RL4CO free-loss step 140/200: score=7.832562 (avg=7.802168), loss=0.666176 (avg=0.662536), pairs_step=315691, pairs_total=44209065
[2026-03-01 02:15:46,690] INFO:fitness.free_loss_fidelity: RL4CO free-loss step 160/200: score=7.799494 (avg=7.801505), loss=0.655710 (avg=0.661877), pairs_step=315322, pairs_total=50523447
[2026-03-01 02:15:52,974] INFO:fitness.free_loss_fidelity: RL4CO free-loss step 180/200: score=7.785133 (avg=7.800486), loss=0.657546 (avg=0.661352), pairs_step=315657, pairs_total=56838088
[2026-03-01 02:15:59,259] INFO:fitness.free_loss_fidelity: RL4CO free-loss step 200/200: score=7.811018 (avg=7.799225), loss=0.649716 (avg=0.660910), pairs_step=315696, pairs_total=63151518
[2026-03-01 02:16:00,367] WARNING:fitness.free_loss_fidelity: weights_only checkpoint load failed (UnpicklingError); retrying weights_only=False for /data1/gushengda/eam-rl4co/baseline/epoch_409.ckpt
[2026-03-01 02:16:00,397] INFO:fitness.free_loss_fidelity: Loaded init checkpoint into policy: path=/data1/gushengda/eam-rl4co/baseline/epoch_409.ckpt prefix=policy. matched=97 missing=0 unexpected=0
[2026-03-01 02:16:00,402] INFO:fitness.free_loss_fidelity: RL4CO free-loss (step-mode): f1_steps=200, f2_steps=0, total_steps=200, train_problem_size=100, rollouts=100, batch_size=64, device=cuda:3, env=tsp
[2026-03-01 02:16:00,722] INFO:fitness.free_loss_fidelity: RL4CO free-loss step 1/200: score=7.807477 (avg=7.807477), loss=0.240998 (avg=0.240998), pairs_step=315750, pairs_total=315750
[2026-03-01 02:16:06,699] INFO:fitness.free_loss_fidelity: RL4CO free-loss step 20/200: score=7.778323 (avg=7.806728), loss=0.247086 (avg=0.238291), pairs_step=315841, pairs_total=6317712
[2026-03-01 02:16:12,991] INFO:fitness.free_loss_fidelity: RL4CO free-loss step 40/200: score=7.820821 (avg=7.801653), loss=0.219056 (avg=0.236572), pairs_step=316041, pairs_total=12634793
[2026-03-01 02:16:19,270] INFO:fitness.free_loss_fidelity: RL4CO free-loss step 60/200: score=7.812057 (avg=7.798671), loss=0.226635 (avg=0.230142), pairs_step=315490, pairs_total=18950667
[2026-03-01 02:16:25,556] INFO:fitness.free_loss_fidelity: RL4CO free-loss step 80/200: score=7.793534 (avg=7.797240), loss=0.300811 (avg=0.239048), pairs_step=315709, pairs_total=25268111
[2026-03-01 02:16:31,879] INFO:fitness.free_loss_fidelity: RL4CO free-loss step 100/200: score=7.753010 (avg=7.797794), loss=0.268785 (avg=0.248171), pairs_step=315601, pairs_total=31584014
[2026-03-01 02:16:38,191] INFO:fitness.free_loss_fidelity: RL4CO free-loss step 120/200: score=7.776208 (avg=7.799431), loss=0.214098 (avg=0.246048), pairs_step=315664, pairs_total=37899514
[2026-03-01 02:16:44,481] INFO:fitness.free_loss_fidelity: RL4CO free-loss step 140/200: score=7.828714 (avg=7.800438), loss=0.239138 (avg=0.242687), pairs_step=315396, pairs_total=44212880
[2026-03-01 02:16:50,944] INFO:fitness.free_loss_fidelity: RL4CO free-loss step 160/200: score=7.795177 (avg=7.799672), loss=0.279779 (avg=0.246174), pairs_step=315822, pairs_total=50527376
[2026-03-01 02:16:57,234] INFO:fitness.free_loss_fidelity: RL4CO free-loss step 180/200: score=7.788881 (avg=7.798438), loss=0.227161 (avg=0.246488), pairs_step=315050, pairs_total=56835925
[2026-03-01 02:17:03,537] INFO:fitness.free_loss_fidelity: RL4CO free-loss step 200/200: score=7.816718 (avg=7.797312), loss=0.219156 (avg=0.244341), pairs_step=315266, pairs_total=63145977
