[2026-03-01 00:03:46,666] INFO:fitness.free_loss_fidelity: Stage3 offline mini-train start gen=2 pair_index=4 K=200 seed=12345 valid_sizes=[100] baseline_json=baseline/mini_eval/baseline_minitrain_tsp100_K200.json
[2026-03-01 00:03:53,648] INFO:fitness.free_loss_fidelity: RL4CO free-loss (step-mode): f1_steps=200, f2_steps=0, total_steps=200, train_problem_size=100, rollouts=100, batch_size=64, device=cuda:1, env=tsp
[2026-03-01 00:03:55,096] INFO:fitness.free_loss_fidelity: RL4CO free-loss step 1/200: score=36.122910 (avg=36.122910), loss=0.998205 (avg=0.998205), pairs_step=316800, pairs_total=316800
[2026-03-01 00:04:01,909] INFO:fitness.free_loss_fidelity: RL4CO free-loss step 20/200: score=10.223451 (avg=13.273450), loss=0.585501 (avg=0.592807), pairs_step=316800, pairs_total=6335996
[2026-03-01 00:04:08,580] INFO:fitness.free_loss_fidelity: RL4CO free-loss step 40/200: score=9.860258 (avg=11.615816), loss=0.497534 (avg=0.554586), pairs_step=316800, pairs_total=12671990
[2026-03-01 00:04:15,252] INFO:fitness.free_loss_fidelity: RL4CO free-loss step 60/200: score=9.677786 (avg=10.961201), loss=0.474360 (avg=0.534409), pairs_step=316800, pairs_total=19007985
[2026-03-01 00:04:21,885] INFO:fitness.free_loss_fidelity: RL4CO free-loss step 80/200: score=9.620140 (avg=10.617640), loss=0.461918 (avg=0.516338), pairs_step=316800, pairs_total=25343983
[2026-03-01 00:04:28,467] INFO:fitness.free_loss_fidelity: RL4CO free-loss step 100/200: score=9.381380 (avg=10.393066), loss=0.459226 (avg=0.505200), pairs_step=316800, pairs_total=31679979
[2026-03-01 00:04:35,112] INFO:fitness.free_loss_fidelity: RL4CO free-loss step 120/200: score=9.344488 (avg=10.231844), loss=0.464824 (avg=0.497522), pairs_step=316800, pairs_total=38015976
[2026-03-01 00:04:41,701] INFO:fitness.free_loss_fidelity: RL4CO free-loss step 140/200: score=9.393588 (avg=10.111678), loss=0.452260 (avg=0.491058), pairs_step=316800, pairs_total=44351971
[2026-03-01 00:04:48,245] INFO:fitness.free_loss_fidelity: RL4CO free-loss step 160/200: score=9.318130 (avg=10.015213), loss=0.464093 (avg=0.486797), pairs_step=316799, pairs_total=50687964
[2026-03-01 00:04:54,811] INFO:fitness.free_loss_fidelity: RL4CO free-loss step 180/200: score=9.263064 (avg=9.935067), loss=0.446111 (avg=0.483362), pairs_step=316800, pairs_total=57023961
[2026-03-01 00:05:01,470] INFO:fitness.free_loss_fidelity: RL4CO free-loss step 200/200: score=9.342291 (avg=9.869645), loss=0.456007 (avg=0.480677), pairs_step=316800, pairs_total=63359955
[2026-03-01 00:05:02,593] WARNING:fitness.free_loss_fidelity: weights_only checkpoint load failed (UnpicklingError); retrying weights_only=False for /data1/gushengda/eam-rl4co/baseline/epoch_135.ckpt
[2026-03-01 00:05:02,641] INFO:fitness.free_loss_fidelity: Loaded init checkpoint into policy: path=/data1/gushengda/eam-rl4co/baseline/epoch_135.ckpt prefix=policy. matched=97 missing=0 unexpected=0
[2026-03-01 00:05:02,646] INFO:fitness.free_loss_fidelity: RL4CO free-loss (step-mode): f1_steps=200, f2_steps=0, total_steps=200, train_problem_size=100, rollouts=100, batch_size=64, device=cuda:1, env=tsp
[2026-03-01 00:05:03,029] INFO:fitness.free_loss_fidelity: RL4CO free-loss step 1/200: score=7.803347 (avg=7.803347), loss=0.657546 (avg=0.657546), pairs_step=315697, pairs_total=315697
[2026-03-01 00:05:09,379] INFO:fitness.free_loss_fidelity: RL4CO free-loss step 20/200: score=7.779424 (avg=7.810557), loss=0.637221 (avg=0.649916), pairs_step=315921, pairs_total=6317657
[2026-03-01 00:05:16,048] INFO:fitness.free_loss_fidelity: RL4CO free-loss step 40/200: score=7.814810 (avg=7.803617), loss=0.626955 (avg=0.640903), pairs_step=316178, pairs_total=12639876
[2026-03-01 00:05:22,705] INFO:fitness.free_loss_fidelity: RL4CO free-loss step 60/200: score=7.813925 (avg=7.799550), loss=0.602737 (avg=0.631041), pairs_step=316113, pairs_total=18961177
[2026-03-01 00:05:29,366] INFO:fitness.free_loss_fidelity: RL4CO free-loss step 80/200: score=7.797012 (avg=7.797805), loss=0.607265 (avg=0.625612), pairs_step=316017, pairs_total=25281747
[2026-03-01 00:05:36,020] INFO:fitness.free_loss_fidelity: RL4CO free-loss step 100/200: score=7.754445 (avg=7.798429), loss=0.594679 (avg=0.619905), pairs_step=315957, pairs_total=31604631
[2026-03-01 00:05:42,609] INFO:fitness.free_loss_fidelity: RL4CO free-loss step 120/200: score=7.773766 (avg=7.799612), loss=0.596736 (avg=0.615878), pairs_step=315726, pairs_total=37926286
[2026-03-01 00:05:49,198] INFO:fitness.free_loss_fidelity: RL4CO free-loss step 140/200: score=7.828806 (avg=7.800632), loss=0.589068 (avg=0.612881), pairs_step=316023, pairs_total=44246533
[2026-03-01 00:05:55,808] INFO:fitness.free_loss_fidelity: RL4CO free-loss step 160/200: score=7.794724 (avg=7.799835), loss=0.548169 (avg=0.607119), pairs_step=315747, pairs_total=50568535
[2026-03-01 00:06:02,478] INFO:fitness.free_loss_fidelity: RL4CO free-loss step 180/200: score=7.784795 (avg=7.798578), loss=0.490170 (avg=0.598339), pairs_step=315868, pairs_total=56889225
[2026-03-01 00:06:09,139] INFO:fitness.free_loss_fidelity: RL4CO free-loss step 200/200: score=7.814848 (avg=7.797540), loss=0.479631 (avg=0.588310), pairs_step=315827, pairs_total=63209886
[2026-03-01 00:06:10,253] WARNING:fitness.free_loss_fidelity: weights_only checkpoint load failed (UnpicklingError); retrying weights_only=False for /data1/gushengda/eam-rl4co/baseline/epoch_409.ckpt
[2026-03-01 00:06:10,293] INFO:fitness.free_loss_fidelity: Loaded init checkpoint into policy: path=/data1/gushengda/eam-rl4co/baseline/epoch_409.ckpt prefix=policy. matched=97 missing=0 unexpected=0
[2026-03-01 00:06:10,298] INFO:fitness.free_loss_fidelity: RL4CO free-loss (step-mode): f1_steps=200, f2_steps=0, total_steps=200, train_problem_size=100, rollouts=100, batch_size=64, device=cuda:1, env=tsp
[2026-03-01 00:06:10,675] INFO:fitness.free_loss_fidelity: RL4CO free-loss step 1/200: score=7.807477 (avg=7.807477), loss=0.187642 (avg=0.187642), pairs_step=315750, pairs_total=315750
[2026-03-01 00:06:16,981] INFO:fitness.free_loss_fidelity: RL4CO free-loss step 20/200: score=7.779564 (avg=7.809101), loss=0.177093 (avg=0.178106), pairs_step=316150, pairs_total=6319270
[2026-03-01 00:06:23,571] INFO:fitness.free_loss_fidelity: RL4CO free-loss step 40/200: score=7.813832 (avg=7.803020), loss=0.184282 (avg=0.179509), pairs_step=316049, pairs_total=12639132
[2026-03-01 00:06:30,175] INFO:fitness.free_loss_fidelity: RL4CO free-loss step 60/200: score=7.813988 (avg=7.799352), loss=0.185530 (avg=0.180616), pairs_step=315736, pairs_total=18958093
[2026-03-01 00:06:36,807] INFO:fitness.free_loss_fidelity: RL4CO free-loss step 80/200: score=7.793560 (avg=7.797429), loss=0.184140 (avg=0.181504), pairs_step=315857, pairs_total=25276288
[2026-03-01 00:06:43,476] INFO:fitness.free_loss_fidelity: RL4CO free-loss step 100/200: score=7.749801 (avg=7.797554), loss=0.180083 (avg=0.180977), pairs_step=315874, pairs_total=31594955
[2026-03-01 00:06:50,143] INFO:fitness.free_loss_fidelity: RL4CO free-loss step 120/200: score=7.777349 (avg=7.798973), loss=0.173578 (avg=0.180461), pairs_step=315863, pairs_total=37912686
[2026-03-01 00:06:56,814] INFO:fitness.free_loss_fidelity: RL4CO free-loss step 140/200: score=7.828080 (avg=7.799912), loss=0.176162 (avg=0.179988), pairs_step=315760, pairs_total=44228839
[2026-03-01 00:07:03,682] INFO:fitness.free_loss_fidelity: RL4CO free-loss step 160/200: score=7.789135 (avg=7.798982), loss=0.170305 (avg=0.178954), pairs_step=315919, pairs_total=50545804
[2026-03-01 00:07:10,272] INFO:fitness.free_loss_fidelity: RL4CO free-loss step 180/200: score=7.781231 (avg=7.797784), loss=0.170609 (avg=0.177978), pairs_step=315137, pairs_total=56863117
[2026-03-01 00:07:16,891] INFO:fitness.free_loss_fidelity: RL4CO free-loss step 200/200: score=7.818231 (avg=7.796521), loss=0.166474 (avg=0.177129), pairs_step=315806, pairs_total=63180435
