[2026-03-01 00:17:52,855] INFO:fitness.free_loss_fidelity: Stage3 offline mini-train start gen=3 pair_index=5 K=200 seed=12345 valid_sizes=[100] baseline_json=baseline/mini_eval/baseline_minitrain_tsp100_K200.json
[2026-03-01 00:18:00,123] INFO:fitness.free_loss_fidelity: RL4CO free-loss (step-mode): f1_steps=200, f2_steps=0, total_steps=200, train_problem_size=100, rollouts=100, batch_size=64, device=cuda:3, env=tsp
[2026-03-01 00:18:01,550] INFO:fitness.free_loss_fidelity: RL4CO free-loss step 1/200: score=36.122910 (avg=36.122910), loss=0.407877 (avg=0.407877), pairs_step=316800, pairs_total=316800
[2026-03-01 00:18:08,146] INFO:fitness.free_loss_fidelity: RL4CO free-loss step 20/200: score=10.226912 (avg=13.287443), loss=0.248403 (avg=0.232973), pairs_step=316800, pairs_total=6335994
[2026-03-01 00:18:14,700] INFO:fitness.free_loss_fidelity: RL4CO free-loss step 40/200: score=9.994074 (avg=11.714500), loss=0.185473 (avg=0.210509), pairs_step=316800, pairs_total=12671989
[2026-03-01 00:18:21,254] INFO:fitness.free_loss_fidelity: RL4CO free-loss step 60/200: score=10.190389 (avg=11.161218), loss=0.155959 (avg=0.195181), pairs_step=316800, pairs_total=19007987
[2026-03-01 00:18:27,508] INFO:fitness.free_loss_fidelity: RL4CO free-loss step 80/200: score=10.543737 (avg=10.956921), loss=0.134055 (avg=0.182256), pairs_step=316800, pairs_total=25343985
[2026-03-01 00:18:33,700] INFO:fitness.free_loss_fidelity: RL4CO free-loss step 100/200: score=10.897778 (avg=10.938336), loss=0.148623 (avg=0.172698), pairs_step=316799, pairs_total=31679980
[2026-03-01 00:18:39,911] INFO:fitness.free_loss_fidelity: RL4CO free-loss step 120/200: score=10.370440 (avg=10.866049), loss=0.136203 (avg=0.167143), pairs_step=316800, pairs_total=38015974
[2026-03-01 00:18:46,121] INFO:fitness.free_loss_fidelity: RL4CO free-loss step 140/200: score=10.920719 (avg=10.836544), loss=0.121866 (avg=0.161358), pairs_step=316800, pairs_total=44351970
[2026-03-01 00:18:52,327] INFO:fitness.free_loss_fidelity: RL4CO free-loss step 160/200: score=11.040058 (avg=10.864005), loss=0.115963 (avg=0.156172), pairs_step=316800, pairs_total=50687965
[2026-03-01 00:18:58,542] INFO:fitness.free_loss_fidelity: RL4CO free-loss step 180/200: score=10.814709 (avg=10.878725), loss=0.122462 (avg=0.152076), pairs_step=316800, pairs_total=57023963
[2026-03-01 00:19:04,752] INFO:fitness.free_loss_fidelity: RL4CO free-loss step 200/200: score=10.881684 (avg=10.867849), loss=0.124177 (avg=0.148857), pairs_step=316800, pairs_total=63359961
[2026-03-01 00:19:05,860] WARNING:fitness.free_loss_fidelity: weights_only checkpoint load failed (UnpicklingError); retrying weights_only=False for /data1/gushengda/eam-rl4co/baseline/epoch_135.ckpt
[2026-03-01 00:19:05,907] INFO:fitness.free_loss_fidelity: Loaded init checkpoint into policy: path=/data1/gushengda/eam-rl4co/baseline/epoch_135.ckpt prefix=policy. matched=97 missing=0 unexpected=0
[2026-03-01 00:19:05,912] INFO:fitness.free_loss_fidelity: RL4CO free-loss (step-mode): f1_steps=200, f2_steps=0, total_steps=200, train_problem_size=100, rollouts=100, batch_size=64, device=cuda:3, env=tsp
[2026-03-01 00:19:06,256] INFO:fitness.free_loss_fidelity: RL4CO free-loss step 1/200: score=7.803347 (avg=7.803347), loss=0.347700 (avg=0.347700), pairs_step=315697, pairs_total=315697
[2026-03-01 00:19:12,200] INFO:fitness.free_loss_fidelity: RL4CO free-loss step 20/200: score=7.776333 (avg=7.807931), loss=0.345772 (avg=0.344408), pairs_step=315882, pairs_total=6316799
[2026-03-01 00:19:18,439] INFO:fitness.free_loss_fidelity: RL4CO free-loss step 40/200: score=7.817736 (avg=7.801990), loss=0.339446 (avg=0.343845), pairs_step=315970, pairs_total=12631696
[2026-03-01 00:19:24,700] INFO:fitness.free_loss_fidelity: RL4CO free-loss step 60/200: score=7.816843 (avg=7.798608), loss=0.346437 (avg=0.343980), pairs_step=315682, pairs_total=18948122
[2026-03-01 00:19:30,960] INFO:fitness.free_loss_fidelity: RL4CO free-loss step 80/200: score=7.794906 (avg=7.797238), loss=0.342006 (avg=0.343748), pairs_step=315877, pairs_total=25265551
[2026-03-01 00:19:37,214] INFO:fitness.free_loss_fidelity: RL4CO free-loss step 100/200: score=7.756670 (avg=7.798121), loss=0.352622 (avg=0.343218), pairs_step=315824, pairs_total=31581864
[2026-03-01 00:19:43,456] INFO:fitness.free_loss_fidelity: RL4CO free-loss step 120/200: score=7.772091 (avg=7.799975), loss=0.334719 (avg=0.342881), pairs_step=315926, pairs_total=37896413
[2026-03-01 00:19:49,698] INFO:fitness.free_loss_fidelity: RL4CO free-loss step 140/200: score=7.824835 (avg=7.800824), loss=0.341045 (avg=0.342987), pairs_step=315689, pairs_total=44211420
[2026-03-01 00:19:55,958] INFO:fitness.free_loss_fidelity: RL4CO free-loss step 160/200: score=7.792068 (avg=7.800143), loss=0.366203 (avg=0.343277), pairs_step=314923, pairs_total=50524596
[2026-03-01 00:20:02,202] INFO:fitness.free_loss_fidelity: RL4CO free-loss step 180/200: score=7.786236 (avg=7.799203), loss=0.332917 (avg=0.343200), pairs_step=315778, pairs_total=56839157
[2026-03-01 00:20:08,452] INFO:fitness.free_loss_fidelity: RL4CO free-loss step 200/200: score=7.813059 (avg=7.798158), loss=0.343556 (avg=0.342818), pairs_step=316021, pairs_total=63155507
[2026-03-01 00:20:09,561] WARNING:fitness.free_loss_fidelity: weights_only checkpoint load failed (UnpicklingError); retrying weights_only=False for /data1/gushengda/eam-rl4co/baseline/epoch_409.ckpt
[2026-03-01 00:20:09,601] INFO:fitness.free_loss_fidelity: Loaded init checkpoint into policy: path=/data1/gushengda/eam-rl4co/baseline/epoch_409.ckpt prefix=policy. matched=97 missing=0 unexpected=0
[2026-03-01 00:20:09,607] INFO:fitness.free_loss_fidelity: RL4CO free-loss (step-mode): f1_steps=200, f2_steps=0, total_steps=200, train_problem_size=100, rollouts=100, batch_size=64, device=cuda:3, env=tsp
[2026-03-01 00:20:09,931] INFO:fitness.free_loss_fidelity: RL4CO free-loss step 1/200: score=7.807477 (avg=7.807477), loss=78.639824 (avg=78.639824), pairs_step=315750, pairs_total=315750
[2026-03-01 00:20:15,863] INFO:fitness.free_loss_fidelity: RL4CO free-loss step 20/200: score=7.864422 (avg=7.841702), loss=1683.874756 (avg=1359.322999), pairs_step=316748, pairs_total=6328388
[2026-03-01 00:20:22,106] INFO:fitness.free_loss_fidelity: RL4CO free-loss step 40/200: score=8.139957 (avg=7.927706), loss=1065.240356 (avg=1234.386117), pairs_step=316800, pairs_total=12664183
[2026-03-01 00:20:28,349] INFO:fitness.free_loss_fidelity: RL4CO free-loss step 60/200: score=8.544509 (avg=8.037996), loss=667.697693 (avg=1058.155071), pairs_step=316800, pairs_total=19000178
[2026-03-01 00:20:34,593] INFO:fitness.free_loss_fidelity: RL4CO free-loss step 80/200: score=10.106919 (avg=8.324965), loss=245.765503 (avg=904.479747), pairs_step=316800, pairs_total=25336176
[2026-03-01 00:20:40,845] INFO:fitness.free_loss_fidelity: RL4CO free-loss step 100/200: score=9.890574 (avg=8.776584), loss=661.026978 (avg=793.330889), pairs_step=316800, pairs_total=31672176
[2026-03-01 00:20:47,096] INFO:fitness.free_loss_fidelity: RL4CO free-loss step 120/200: score=10.927681 (avg=9.027302), loss=31.072254 (avg=705.221245), pairs_step=316800, pairs_total=38008175
[2026-03-01 00:20:53,333] INFO:fitness.free_loss_fidelity: RL4CO free-loss step 140/200: score=15.030665 (avg=9.517162), loss=40.615700 (avg=613.366890), pairs_step=316800, pairs_total=44344173
[2026-03-01 00:20:59,834] INFO:fitness.free_loss_fidelity: RL4CO free-loss step 160/200: score=17.755566 (avg=10.565232), loss=76.377365 (avg=540.836350), pairs_step=316800, pairs_total=50680172
[2026-03-01 00:21:06,094] INFO:fitness.free_loss_fidelity: RL4CO free-loss step 180/200: score=13.483105 (avg=11.285803), loss=382.873901 (avg=503.746393), pairs_step=316800, pairs_total=57016170
[2026-03-01 00:21:12,311] INFO:fitness.free_loss_fidelity: RL4CO free-loss step 200/200: score=12.232729 (avg=11.407256), loss=247.924362 (avg=481.248348), pairs_step=316800, pairs_total=63352170
