[2026-03-01 01:17:40,556] INFO:fitness.free_loss_fidelity: Stage3 offline mini-train start gen=6 pair_index=1 K=200 seed=12345 valid_sizes=[100] baseline_json=baseline/mini_eval/baseline_minitrain_tsp100_K200.json
[2026-03-01 01:17:47,982] INFO:fitness.free_loss_fidelity: RL4CO free-loss (step-mode): f1_steps=200, f2_steps=0, total_steps=200, train_problem_size=100, rollouts=100, batch_size=64, device=cuda:0, env=tsp
[2026-03-01 01:17:49,320] INFO:fitness.free_loss_fidelity: RL4CO free-loss step 1/200: score=36.122910 (avg=36.122910), loss=0.809697 (avg=0.809697), pairs_step=316800, pairs_total=316800
[2026-03-01 01:17:56,158] INFO:fitness.free_loss_fidelity: RL4CO free-loss step 20/200: score=9.910212 (avg=12.943794), loss=0.552838 (avg=0.573232), pairs_step=316800, pairs_total=6335998
[2026-03-01 01:18:02,540] INFO:fitness.free_loss_fidelity: RL4CO free-loss step 40/200: score=9.479244 (avg=11.275866), loss=0.533667 (avg=0.561103), pairs_step=316799, pairs_total=12671996
[2026-03-01 01:18:08,855] INFO:fitness.free_loss_fidelity: RL4CO free-loss step 60/200: score=9.247353 (avg=10.619151), loss=0.529533 (avg=0.554307), pairs_step=316800, pairs_total=19007992
[2026-03-01 01:18:15,162] INFO:fitness.free_loss_fidelity: RL4CO free-loss step 80/200: score=9.067722 (avg=10.247758), loss=0.532555 (avg=0.548489), pairs_step=316800, pairs_total=25343988
[2026-03-01 01:18:21,486] INFO:fitness.free_loss_fidelity: RL4CO free-loss step 100/200: score=8.987591 (avg=10.007293), loss=0.531590 (avg=0.544532), pairs_step=316800, pairs_total=31679982
[2026-03-01 01:18:27,824] INFO:fitness.free_loss_fidelity: RL4CO free-loss step 120/200: score=8.886854 (avg=9.836635), loss=0.529821 (avg=0.541864), pairs_step=316800, pairs_total=38015981
[2026-03-01 01:18:34,170] INFO:fitness.free_loss_fidelity: RL4CO free-loss step 140/200: score=8.934198 (avg=9.706642), loss=0.534018 (avg=0.540162), pairs_step=316800, pairs_total=44351978
[2026-03-01 01:18:40,522] INFO:fitness.free_loss_fidelity: RL4CO free-loss step 160/200: score=8.823254 (avg=9.599306), loss=0.531389 (avg=0.539436), pairs_step=316800, pairs_total=50687975
[2026-03-01 01:18:46,864] INFO:fitness.free_loss_fidelity: RL4CO free-loss step 180/200: score=8.730165 (avg=9.507281), loss=0.540330 (avg=0.539285), pairs_step=316800, pairs_total=57023969
[2026-03-01 01:18:53,212] INFO:fitness.free_loss_fidelity: RL4CO free-loss step 200/200: score=8.686451 (avg=9.428508), loss=0.549347 (avg=0.539478), pairs_step=316799, pairs_total=63359964
[2026-03-01 01:18:54,316] WARNING:fitness.free_loss_fidelity: weights_only checkpoint load failed (UnpicklingError); retrying weights_only=False for /data1/gushengda/eam-rl4co/baseline/epoch_135.ckpt
[2026-03-01 01:18:54,363] INFO:fitness.free_loss_fidelity: Loaded init checkpoint into policy: path=/data1/gushengda/eam-rl4co/baseline/epoch_135.ckpt prefix=policy. matched=97 missing=0 unexpected=0
[2026-03-01 01:18:54,368] INFO:fitness.free_loss_fidelity: RL4CO free-loss (step-mode): f1_steps=200, f2_steps=0, total_steps=200, train_problem_size=100, rollouts=100, batch_size=64, device=cuda:0, env=tsp
[2026-03-01 01:18:54,724] INFO:fitness.free_loss_fidelity: RL4CO free-loss step 1/200: score=7.803347 (avg=7.803347), loss=0.662565 (avg=0.662565), pairs_step=315697, pairs_total=315697
[2026-03-01 01:19:00,629] INFO:fitness.free_loss_fidelity: RL4CO free-loss step 20/200: score=7.778088 (avg=7.808959), loss=0.656888 (avg=0.659562), pairs_step=315969, pairs_total=6317199
[2026-03-01 01:19:06,809] INFO:fitness.free_loss_fidelity: RL4CO free-loss step 40/200: score=7.824294 (avg=7.803092), loss=0.652221 (avg=0.656895), pairs_step=315848, pairs_total=12634108
[2026-03-01 01:19:12,987] INFO:fitness.free_loss_fidelity: RL4CO free-loss step 60/200: score=7.819404 (avg=7.799561), loss=0.660149 (avg=0.655731), pairs_step=315574, pairs_total=18950125
[2026-03-01 01:19:19,192] INFO:fitness.free_loss_fidelity: RL4CO free-loss step 80/200: score=7.796058 (avg=7.798483), loss=0.650915 (avg=0.654771), pairs_step=315955, pairs_total=25266711
[2026-03-01 01:19:25,382] INFO:fitness.free_loss_fidelity: RL4CO free-loss step 100/200: score=7.762640 (avg=7.799271), loss=0.652552 (avg=0.653865), pairs_step=315989, pairs_total=31584687
[2026-03-01 01:19:31,576] INFO:fitness.free_loss_fidelity: RL4CO free-loss step 120/200: score=7.774900 (avg=7.800539), loss=0.652347 (avg=0.653716), pairs_step=315691, pairs_total=37900664
[2026-03-01 01:19:37,769] INFO:fitness.free_loss_fidelity: RL4CO free-loss step 140/200: score=7.829532 (avg=7.801468), loss=0.655002 (avg=0.653594), pairs_step=315644, pairs_total=44214489
[2026-03-01 01:19:43,964] INFO:fitness.free_loss_fidelity: RL4CO free-loss step 160/200: score=7.799196 (avg=7.801010), loss=0.645645 (avg=0.652999), pairs_step=315668, pairs_total=50529395
[2026-03-01 01:19:50,156] INFO:fitness.free_loss_fidelity: RL4CO free-loss step 180/200: score=7.789475 (avg=7.799963), loss=0.648286 (avg=0.652397), pairs_step=314843, pairs_total=56842655
[2026-03-01 01:19:56,351] INFO:fitness.free_loss_fidelity: RL4CO free-loss step 200/200: score=7.810754 (avg=7.798710), loss=0.638092 (avg=0.651992), pairs_step=315518, pairs_total=63155356
[2026-03-01 01:19:57,457] WARNING:fitness.free_loss_fidelity: weights_only checkpoint load failed (UnpicklingError); retrying weights_only=False for /data1/gushengda/eam-rl4co/baseline/epoch_409.ckpt
[2026-03-01 01:19:57,495] INFO:fitness.free_loss_fidelity: Loaded init checkpoint into policy: path=/data1/gushengda/eam-rl4co/baseline/epoch_409.ckpt prefix=policy. matched=97 missing=0 unexpected=0
[2026-03-01 01:19:57,500] INFO:fitness.free_loss_fidelity: RL4CO free-loss (step-mode): f1_steps=200, f2_steps=0, total_steps=200, train_problem_size=100, rollouts=100, batch_size=64, device=cuda:0, env=tsp
[2026-03-01 01:19:57,823] INFO:fitness.free_loss_fidelity: RL4CO free-loss step 1/200: score=7.807477 (avg=7.807477), loss=0.217515 (avg=0.217515), pairs_step=315750, pairs_total=315750
[2026-03-01 01:20:03,710] INFO:fitness.free_loss_fidelity: RL4CO free-loss step 20/200: score=7.779644 (avg=7.808081), loss=0.221763 (avg=0.216218), pairs_step=316215, pairs_total=6318085
[2026-03-01 01:20:09,919] INFO:fitness.free_loss_fidelity: RL4CO free-loss step 40/200: score=7.816415 (avg=7.801870), loss=0.202726 (avg=0.214715), pairs_step=316261, pairs_total=12635873
[2026-03-01 01:20:16,138] INFO:fitness.free_loss_fidelity: RL4CO free-loss step 60/200: score=7.810628 (avg=7.798105), loss=0.214477 (avg=0.211711), pairs_step=315641, pairs_total=18952642
[2026-03-01 01:20:22,351] INFO:fitness.free_loss_fidelity: RL4CO free-loss step 80/200: score=7.793614 (avg=7.796910), loss=0.233112 (avg=0.214422), pairs_step=315494, pairs_total=25269108
[2026-03-01 01:20:28,608] INFO:fitness.free_loss_fidelity: RL4CO free-loss step 100/200: score=7.757050 (avg=7.797561), loss=0.232350 (avg=0.218228), pairs_step=316042, pairs_total=31587928
[2026-03-01 01:20:34,828] INFO:fitness.free_loss_fidelity: RL4CO free-loss step 120/200: score=7.776703 (avg=7.799118), loss=0.207324 (avg=0.217830), pairs_step=316029, pairs_total=37903915
[2026-03-01 01:20:41,040] INFO:fitness.free_loss_fidelity: RL4CO free-loss step 140/200: score=7.827238 (avg=7.800202), loss=0.215059 (avg=0.216968), pairs_step=315298, pairs_total=44216772
[2026-03-01 01:20:47,533] INFO:fitness.free_loss_fidelity: RL4CO free-loss step 160/200: score=7.797503 (avg=7.799597), loss=0.225307 (avg=0.217339), pairs_step=315826, pairs_total=50529159
[2026-03-01 01:20:53,749] INFO:fitness.free_loss_fidelity: RL4CO free-loss step 180/200: score=7.782871 (avg=7.798582), loss=0.229825 (avg=0.218820), pairs_step=315150, pairs_total=56841027
[2026-03-01 01:20:59,965] INFO:fitness.free_loss_fidelity: RL4CO free-loss step 200/200: score=7.810414 (avg=7.797389), loss=0.200409 (avg=0.218591), pairs_step=315075, pairs_total=63153614
