[2026-03-01 02:10:22,566] INFO:fitness.free_loss_fidelity: Stage3 offline mini-train start gen=8 pair_index=10 K=200 seed=12345 valid_sizes=[100] baseline_json=baseline/mini_eval/baseline_minitrain_tsp100_K200.json
[2026-03-01 02:10:22,587] INFO:fitness.free_loss_fidelity: RL4CO free-loss (step-mode): f1_steps=200, f2_steps=0, total_steps=200, train_problem_size=100, rollouts=100, batch_size=64, device=cuda:0, env=tsp
[2026-03-01 02:10:22,893] INFO:fitness.free_loss_fidelity: RL4CO free-loss step 1/200: score=36.122910 (avg=36.122910), loss=0.761342 (avg=0.761342), pairs_step=316800, pairs_total=316800
[2026-03-01 02:10:28,725] INFO:fitness.free_loss_fidelity: RL4CO free-loss step 20/200: score=9.985045 (avg=12.696761), loss=0.604535 (avg=0.618159), pairs_step=316800, pairs_total=6335996
[2026-03-01 02:10:34,864] INFO:fitness.free_loss_fidelity: RL4CO free-loss step 40/200: score=9.365054 (avg=11.103680), loss=0.609930 (avg=0.614647), pairs_step=316800, pairs_total=12671994
[2026-03-01 02:10:41,011] INFO:fitness.free_loss_fidelity: RL4CO free-loss step 60/200: score=9.143126 (avg=10.472304), loss=0.603978 (avg=0.611553), pairs_step=316800, pairs_total=19007992
[2026-03-01 02:10:47,166] INFO:fitness.free_loss_fidelity: RL4CO free-loss step 80/200: score=8.948220 (avg=10.108489), loss=0.599118 (avg=0.608798), pairs_step=316800, pairs_total=25343986
[2026-03-01 02:10:53,306] INFO:fitness.free_loss_fidelity: RL4CO free-loss step 100/200: score=8.858660 (avg=9.874061), loss=0.597394 (avg=0.606775), pairs_step=316800, pairs_total=31679977
[2026-03-01 02:10:59,457] INFO:fitness.free_loss_fidelity: RL4CO free-loss step 120/200: score=8.784539 (avg=9.702099), loss=0.597730 (avg=0.606034), pairs_step=316800, pairs_total=38015973
[2026-03-01 02:11:05,600] INFO:fitness.free_loss_fidelity: RL4CO free-loss step 140/200: score=8.747522 (avg=9.567019), loss=0.599018 (avg=0.605719), pairs_step=316799, pairs_total=44351969
[2026-03-01 02:11:11,753] INFO:fitness.free_loss_fidelity: RL4CO free-loss step 160/200: score=8.645396 (avg=9.454406), loss=0.605440 (avg=0.606015), pairs_step=316800, pairs_total=50687963
[2026-03-01 02:11:17,894] INFO:fitness.free_loss_fidelity: RL4CO free-loss step 180/200: score=8.526861 (avg=9.356453), loss=0.613317 (avg=0.606810), pairs_step=316799, pairs_total=57023957
[2026-03-01 02:11:24,041] INFO:fitness.free_loss_fidelity: RL4CO free-loss step 200/200: score=8.529423 (avg=9.273636), loss=0.619465 (avg=0.607620), pairs_step=316800, pairs_total=63359950
[2026-03-01 02:11:25,138] WARNING:fitness.free_loss_fidelity: weights_only checkpoint load failed (UnpicklingError); retrying weights_only=False for /data1/gushengda/eam-rl4co/baseline/epoch_135.ckpt
[2026-03-01 02:11:25,176] INFO:fitness.free_loss_fidelity: Loaded init checkpoint into policy: path=/data1/gushengda/eam-rl4co/baseline/epoch_135.ckpt prefix=policy. matched=97 missing=0 unexpected=0
[2026-03-01 02:11:25,181] INFO:fitness.free_loss_fidelity: RL4CO free-loss (step-mode): f1_steps=200, f2_steps=0, total_steps=200, train_problem_size=100, rollouts=100, batch_size=64, device=cuda:0, env=tsp
[2026-03-01 02:11:25,494] INFO:fitness.free_loss_fidelity: RL4CO free-loss step 1/200: score=7.803347 (avg=7.803347), loss=0.681813 (avg=0.681813), pairs_step=315697, pairs_total=315697
[2026-03-01 02:11:31,319] INFO:fitness.free_loss_fidelity: RL4CO free-loss step 20/200: score=7.777510 (avg=7.808172), loss=0.682538 (avg=0.681544), pairs_step=315775, pairs_total=6317630
[2026-03-01 02:11:37,451] INFO:fitness.free_loss_fidelity: RL4CO free-loss step 40/200: score=7.819753 (avg=7.802943), loss=0.684655 (avg=0.682510), pairs_step=316030, pairs_total=12631538
[2026-03-01 02:11:43,588] INFO:fitness.free_loss_fidelity: RL4CO free-loss step 60/200: score=7.813874 (avg=7.799494), loss=0.682467 (avg=0.683186), pairs_step=315553, pairs_total=18945505
[2026-03-01 02:11:49,721] INFO:fitness.free_loss_fidelity: RL4CO free-loss step 80/200: score=7.800944 (avg=7.798086), loss=0.682453 (avg=0.683063), pairs_step=316012, pairs_total=25260567
[2026-03-01 02:11:55,854] INFO:fitness.free_loss_fidelity: RL4CO free-loss step 100/200: score=7.755909 (avg=7.798683), loss=0.684030 (avg=0.683184), pairs_step=315761, pairs_total=31575600
[2026-03-01 02:12:01,989] INFO:fitness.free_loss_fidelity: RL4CO free-loss step 120/200: score=7.777418 (avg=7.800227), loss=0.683968 (avg=0.683167), pairs_step=315626, pairs_total=37888514
[2026-03-01 02:12:08,123] INFO:fitness.free_loss_fidelity: RL4CO free-loss step 140/200: score=7.829395 (avg=7.801218), loss=0.685658 (avg=0.683279), pairs_step=315355, pairs_total=44201420
[2026-03-01 02:12:14,288] INFO:fitness.free_loss_fidelity: RL4CO free-loss step 160/200: score=7.790228 (avg=7.800477), loss=0.682419 (avg=0.683250), pairs_step=315629, pairs_total=50515654
[2026-03-01 02:12:20,430] INFO:fitness.free_loss_fidelity: RL4CO free-loss step 180/200: score=7.782236 (avg=7.799269), loss=0.686030 (avg=0.683378), pairs_step=315301, pairs_total=56827036
[2026-03-01 02:12:26,571] INFO:fitness.free_loss_fidelity: RL4CO free-loss step 200/200: score=7.810278 (avg=7.798089), loss=0.681646 (avg=0.683485), pairs_step=315504, pairs_total=63138550
[2026-03-01 02:12:27,663] WARNING:fitness.free_loss_fidelity: weights_only checkpoint load failed (UnpicklingError); retrying weights_only=False for /data1/gushengda/eam-rl4co/baseline/epoch_409.ckpt
[2026-03-01 02:12:27,702] INFO:fitness.free_loss_fidelity: Loaded init checkpoint into policy: path=/data1/gushengda/eam-rl4co/baseline/epoch_409.ckpt prefix=policy. matched=97 missing=0 unexpected=0
[2026-03-01 02:12:27,713] INFO:fitness.free_loss_fidelity: RL4CO free-loss (step-mode): f1_steps=200, f2_steps=0, total_steps=200, train_problem_size=100, rollouts=100, batch_size=64, device=cuda:0, env=tsp
[2026-03-01 02:12:28,073] INFO:fitness.free_loss_fidelity: RL4CO free-loss step 1/200: score=7.807477 (avg=7.807477), loss=0.193993 (avg=0.193993), pairs_step=315750, pairs_total=315750
[2026-03-01 02:12:33,893] INFO:fitness.free_loss_fidelity: RL4CO free-loss step 20/200: score=7.784589 (avg=7.807333), loss=0.193578 (avg=0.196253), pairs_step=316083, pairs_total=6318001
[2026-03-01 02:12:40,030] INFO:fitness.free_loss_fidelity: RL4CO free-loss step 40/200: score=7.811748 (avg=7.801686), loss=0.184089 (avg=0.191391), pairs_step=316090, pairs_total=12637834
[2026-03-01 02:12:46,152] INFO:fitness.free_loss_fidelity: RL4CO free-loss step 60/200: score=7.813253 (avg=7.797986), loss=0.186251 (avg=0.188203), pairs_step=315678, pairs_total=18955179
[2026-03-01 02:12:52,282] INFO:fitness.free_loss_fidelity: RL4CO free-loss step 80/200: score=7.798909 (avg=7.796808), loss=0.206748 (avg=0.189733), pairs_step=315547, pairs_total=25271103
[2026-03-01 02:12:58,423] INFO:fitness.free_loss_fidelity: RL4CO free-loss step 100/200: score=7.752431 (avg=7.797179), loss=0.214590 (avg=0.194410), pairs_step=315824, pairs_total=31588205
[2026-03-01 02:13:04,537] INFO:fitness.free_loss_fidelity: RL4CO free-loss step 120/200: score=7.775340 (avg=7.798641), loss=0.184512 (avg=0.194949), pairs_step=315680, pairs_total=37905324
[2026-03-01 02:13:10,661] INFO:fitness.free_loss_fidelity: RL4CO free-loss step 140/200: score=7.819185 (avg=7.799559), loss=0.180921 (avg=0.192987), pairs_step=315373, pairs_total=44219368
[2026-03-01 02:13:16,775] INFO:fitness.free_loss_fidelity: RL4CO free-loss step 160/200: score=7.790965 (avg=7.798747), loss=0.197414 (avg=0.192166), pairs_step=315776, pairs_total=50534672
[2026-03-01 02:13:22,890] INFO:fitness.free_loss_fidelity: RL4CO free-loss step 180/200: score=7.781673 (avg=7.797453), loss=0.211266 (avg=0.193580), pairs_step=315336, pairs_total=56848788
[2026-03-01 02:13:29,022] INFO:fitness.free_loss_fidelity: RL4CO free-loss step 200/200: score=7.813623 (avg=7.796259), loss=0.191868 (avg=0.194684), pairs_step=315742, pairs_total=63163583
