[2026-03-01 02:29:24,620] INFO:fitness.free_loss_fidelity: Stage3 offline mini-train start gen=9 pair_index=2 K=200 seed=12345 valid_sizes=[100] baseline_json=baseline/mini_eval/baseline_minitrain_tsp100_K200.json
[2026-03-01 02:29:32,120] INFO:fitness.free_loss_fidelity: RL4CO free-loss (step-mode): f1_steps=200, f2_steps=0, total_steps=200, train_problem_size=100, rollouts=100, batch_size=64, device=cuda:2, env=tsp
[2026-03-01 02:29:33,493] INFO:fitness.free_loss_fidelity: RL4CO free-loss step 1/200: score=36.122910 (avg=36.122910), loss=0.751181 (avg=0.751181), pairs_step=316800, pairs_total=316800
[2026-03-01 02:29:40,278] INFO:fitness.free_loss_fidelity: RL4CO free-loss step 20/200: score=9.907431 (avg=12.774344), loss=0.571194 (avg=0.590946), pairs_step=316800, pairs_total=6335998
[2026-03-01 02:29:47,090] INFO:fitness.free_loss_fidelity: RL4CO free-loss step 40/200: score=9.404304 (avg=11.141358), loss=0.585840 (avg=0.587676), pairs_step=316800, pairs_total=12671998
[2026-03-01 02:29:53,587] INFO:fitness.free_loss_fidelity: RL4CO free-loss step 60/200: score=9.179360 (avg=10.503061), loss=0.576259 (avg=0.584408), pairs_step=316800, pairs_total=19007995
[2026-03-01 02:30:00,119] INFO:fitness.free_loss_fidelity: RL4CO free-loss step 80/200: score=8.983833 (avg=10.140729), loss=0.578910 (avg=0.581493), pairs_step=316800, pairs_total=25343992
[2026-03-01 02:30:06,664] INFO:fitness.free_loss_fidelity: RL4CO free-loss step 100/200: score=8.816121 (avg=9.899189), loss=0.570234 (avg=0.579439), pairs_step=316800, pairs_total=31679989
[2026-03-01 02:30:13,142] INFO:fitness.free_loss_fidelity: RL4CO free-loss step 120/200: score=8.782612 (avg=9.728581), loss=0.575438 (avg=0.578529), pairs_step=316800, pairs_total=38015984
[2026-03-01 02:30:19,654] INFO:fitness.free_loss_fidelity: RL4CO free-loss step 140/200: score=8.789658 (avg=9.594361), loss=0.576637 (avg=0.578139), pairs_step=316800, pairs_total=44351982
[2026-03-01 02:30:26,127] INFO:fitness.free_loss_fidelity: RL4CO free-loss step 160/200: score=8.647108 (avg=9.481286), loss=0.581558 (avg=0.578420), pairs_step=316800, pairs_total=50687974
[2026-03-01 02:30:32,634] INFO:fitness.free_loss_fidelity: RL4CO free-loss step 180/200: score=8.538970 (avg=9.383738), loss=0.588990 (avg=0.578977), pairs_step=316799, pairs_total=57023968
[2026-03-01 02:30:39,199] INFO:fitness.free_loss_fidelity: RL4CO free-loss step 200/200: score=8.559820 (avg=9.301900), loss=0.585071 (avg=0.579878), pairs_step=316800, pairs_total=63359966
[2026-03-01 02:30:40,311] WARNING:fitness.free_loss_fidelity: weights_only checkpoint load failed (UnpicklingError); retrying weights_only=False for /data1/gushengda/eam-rl4co/baseline/epoch_135.ckpt
[2026-03-01 02:30:40,358] INFO:fitness.free_loss_fidelity: Loaded init checkpoint into policy: path=/data1/gushengda/eam-rl4co/baseline/epoch_135.ckpt prefix=policy. matched=97 missing=0 unexpected=0
[2026-03-01 02:30:40,363] INFO:fitness.free_loss_fidelity: RL4CO free-loss (step-mode): f1_steps=200, f2_steps=0, total_steps=200, train_problem_size=100, rollouts=100, batch_size=64, device=cuda:2, env=tsp
[2026-03-01 02:30:40,706] INFO:fitness.free_loss_fidelity: RL4CO free-loss step 1/200: score=7.803347 (avg=7.803347), loss=0.667050 (avg=0.667050), pairs_step=315697, pairs_total=315697
[2026-03-01 02:30:46,922] INFO:fitness.free_loss_fidelity: RL4CO free-loss step 20/200: score=7.782314 (avg=7.810453), loss=0.661299 (avg=0.664469), pairs_step=315865, pairs_total=6317451
[2026-03-01 02:30:53,462] INFO:fitness.free_loss_fidelity: RL4CO free-loss step 40/200: score=7.820975 (avg=7.804277), loss=0.666937 (avg=0.663789), pairs_step=315800, pairs_total=12633411
[2026-03-01 02:30:59,981] INFO:fitness.free_loss_fidelity: RL4CO free-loss step 60/200: score=7.815794 (avg=7.800708), loss=0.661822 (avg=0.662821), pairs_step=315656, pairs_total=18947445
[2026-03-01 02:31:06,484] INFO:fitness.free_loss_fidelity: RL4CO free-loss step 80/200: score=7.794724 (avg=7.799198), loss=0.659762 (avg=0.662428), pairs_step=315868, pairs_total=25264380
[2026-03-01 02:31:13,006] INFO:fitness.free_loss_fidelity: RL4CO free-loss step 100/200: score=7.759062 (avg=7.799790), loss=0.661738 (avg=0.662135), pairs_step=315933, pairs_total=31582472
[2026-03-01 02:31:19,503] INFO:fitness.free_loss_fidelity: RL4CO free-loss step 120/200: score=7.774625 (avg=7.801237), loss=0.662883 (avg=0.662215), pairs_step=315722, pairs_total=37897287
[2026-03-01 02:31:26,030] INFO:fitness.free_loss_fidelity: RL4CO free-loss step 140/200: score=7.829186 (avg=7.802219), loss=0.659276 (avg=0.661978), pairs_step=315133, pairs_total=44209583
[2026-03-01 02:31:32,547] INFO:fitness.free_loss_fidelity: RL4CO free-loss step 160/200: score=7.800175 (avg=7.801777), loss=0.656934 (avg=0.661584), pairs_step=315221, pairs_total=50522804
[2026-03-01 02:31:39,053] INFO:fitness.free_loss_fidelity: RL4CO free-loss step 180/200: score=7.791260 (avg=7.800760), loss=0.653313 (avg=0.660937), pairs_step=315291, pairs_total=56834986
[2026-03-01 02:31:45,565] INFO:fitness.free_loss_fidelity: RL4CO free-loss step 200/200: score=7.807740 (avg=7.799573), loss=0.648852 (avg=0.660448), pairs_step=315710, pairs_total=63148391
[2026-03-01 02:31:46,676] WARNING:fitness.free_loss_fidelity: weights_only checkpoint load failed (UnpicklingError); retrying weights_only=False for /data1/gushengda/eam-rl4co/baseline/epoch_409.ckpt
[2026-03-01 02:31:46,716] INFO:fitness.free_loss_fidelity: Loaded init checkpoint into policy: path=/data1/gushengda/eam-rl4co/baseline/epoch_409.ckpt prefix=policy. matched=97 missing=0 unexpected=0
[2026-03-01 02:31:46,721] INFO:fitness.free_loss_fidelity: RL4CO free-loss (step-mode): f1_steps=200, f2_steps=0, total_steps=200, train_problem_size=100, rollouts=100, batch_size=64, device=cuda:2, env=tsp
[2026-03-01 02:31:47,069] INFO:fitness.free_loss_fidelity: RL4CO free-loss step 1/200: score=7.807477 (avg=7.807477), loss=0.240998 (avg=0.240998), pairs_step=315750, pairs_total=315750
[2026-03-01 02:31:53,248] INFO:fitness.free_loss_fidelity: RL4CO free-loss step 20/200: score=7.781497 (avg=7.807446), loss=0.242914 (avg=0.236180), pairs_step=315855, pairs_total=6318884
[2026-03-01 02:31:59,752] INFO:fitness.free_loss_fidelity: RL4CO free-loss step 40/200: score=7.815542 (avg=7.802573), loss=0.214152 (avg=0.232843), pairs_step=315889, pairs_total=12637247
[2026-03-01 02:32:06,293] INFO:fitness.free_loss_fidelity: RL4CO free-loss step 60/200: score=7.809776 (avg=7.799534), loss=0.247104 (avg=0.229511), pairs_step=315511, pairs_total=18953586
[2026-03-01 02:32:12,796] INFO:fitness.free_loss_fidelity: RL4CO free-loss step 80/200: score=7.797629 (avg=7.797700), loss=0.268540 (avg=0.239728), pairs_step=316010, pairs_total=25268069
[2026-03-01 02:32:19,316] INFO:fitness.free_loss_fidelity: RL4CO free-loss step 100/200: score=7.755509 (avg=7.798681), loss=0.222842 (avg=0.240571), pairs_step=315792, pairs_total=31584976
[2026-03-01 02:32:25,821] INFO:fitness.free_loss_fidelity: RL4CO free-loss step 120/200: score=7.772017 (avg=7.800175), loss=0.221436 (avg=0.236302), pairs_step=315467, pairs_total=37901732
[2026-03-01 02:32:32,346] INFO:fitness.free_loss_fidelity: RL4CO free-loss step 140/200: score=7.827494 (avg=7.801038), loss=0.272109 (avg=0.238784), pairs_step=315648, pairs_total=44215507
[2026-03-01 02:32:39,092] INFO:fitness.free_loss_fidelity: RL4CO free-loss step 160/200: score=7.796047 (avg=7.800353), loss=0.244895 (avg=0.241678), pairs_step=316027, pairs_total=50530409
[2026-03-01 02:32:45,603] INFO:fitness.free_loss_fidelity: RL4CO free-loss step 180/200: score=7.789748 (avg=7.799136), loss=0.219867 (avg=0.239422), pairs_step=315191, pairs_total=56843759
[2026-03-01 02:32:52,110] INFO:fitness.free_loss_fidelity: RL4CO free-loss step 200/200: score=7.812069 (avg=7.797835), loss=0.249705 (avg=0.239171), pairs_step=315936, pairs_total=63156569
