[2026-03-01 00:24:16,991] INFO:fitness.free_loss_fidelity: Stage3 offline mini-train start gen=3 pair_index=17 K=200 seed=12345 valid_sizes=[100] baseline_json=baseline/mini_eval/baseline_minitrain_tsp100_K200.json
[2026-03-01 00:24:17,009] INFO:fitness.free_loss_fidelity: RL4CO free-loss (step-mode): f1_steps=200, f2_steps=0, total_steps=200, train_problem_size=100, rollouts=100, batch_size=64, device=cuda:0, env=tsp
[2026-03-01 00:24:17,322] INFO:fitness.free_loss_fidelity: RL4CO free-loss step 1/200: score=36.122910 (avg=36.122910), loss=0.748141 (avg=0.748141), pairs_step=316800, pairs_total=316800
[2026-03-01 00:24:23,152] INFO:fitness.free_loss_fidelity: RL4CO free-loss step 20/200: score=9.863994 (avg=12.741264), loss=0.582495 (avg=0.596263), pairs_step=316800, pairs_total=6335999
[2026-03-01 00:24:29,275] INFO:fitness.free_loss_fidelity: RL4CO free-loss step 40/200: score=9.367414 (avg=11.114793), loss=0.589613 (avg=0.591538), pairs_step=316799, pairs_total=12671996
[2026-03-01 00:24:35,404] INFO:fitness.free_loss_fidelity: RL4CO free-loss step 60/200: score=9.129816 (avg=10.478060), loss=0.576829 (avg=0.588130), pairs_step=316800, pairs_total=19007989
[2026-03-01 00:24:41,529] INFO:fitness.free_loss_fidelity: RL4CO free-loss step 80/200: score=8.913759 (avg=10.112213), loss=0.575058 (avg=0.584897), pairs_step=316799, pairs_total=25343984
[2026-03-01 00:24:47,655] INFO:fitness.free_loss_fidelity: RL4CO free-loss step 100/200: score=8.879700 (avg=9.875715), loss=0.580705 (avg=0.582656), pairs_step=316800, pairs_total=31679978
[2026-03-01 00:24:53,770] INFO:fitness.free_loss_fidelity: RL4CO free-loss step 120/200: score=8.801386 (avg=9.704532), loss=0.586888 (avg=0.581749), pairs_step=316799, pairs_total=38015973
[2026-03-01 00:24:59,884] INFO:fitness.free_loss_fidelity: RL4CO free-loss step 140/200: score=8.757282 (avg=9.570591), loss=0.584087 (avg=0.581319), pairs_step=316800, pairs_total=44351969
[2026-03-01 00:25:06,001] INFO:fitness.free_loss_fidelity: RL4CO free-loss step 160/200: score=8.637480 (avg=9.457165), loss=0.590200 (avg=0.581909), pairs_step=316800, pairs_total=50687963
[2026-03-01 00:25:12,130] INFO:fitness.free_loss_fidelity: RL4CO free-loss step 180/200: score=8.558712 (avg=9.359948), loss=0.584373 (avg=0.582633), pairs_step=316800, pairs_total=57023954
[2026-03-01 00:25:18,252] INFO:fitness.free_loss_fidelity: RL4CO free-loss step 200/200: score=8.590458 (avg=9.279479), loss=0.598574 (avg=0.583530), pairs_step=316800, pairs_total=63359952
[2026-03-01 00:25:19,347] WARNING:fitness.free_loss_fidelity: weights_only checkpoint load failed (UnpicklingError); retrying weights_only=False for /data1/gushengda/eam-rl4co/baseline/epoch_135.ckpt
[2026-03-01 00:25:19,385] INFO:fitness.free_loss_fidelity: Loaded init checkpoint into policy: path=/data1/gushengda/eam-rl4co/baseline/epoch_135.ckpt prefix=policy. matched=97 missing=0 unexpected=0
[2026-03-01 00:25:19,389] INFO:fitness.free_loss_fidelity: RL4CO free-loss (step-mode): f1_steps=200, f2_steps=0, total_steps=200, train_problem_size=100, rollouts=100, batch_size=64, device=cuda:0, env=tsp
[2026-03-01 00:25:19,700] INFO:fitness.free_loss_fidelity: RL4CO free-loss step 1/200: score=7.803347 (avg=7.803347), loss=0.671868 (avg=0.671868), pairs_step=315697, pairs_total=315697
[2026-03-01 00:25:25,515] INFO:fitness.free_loss_fidelity: RL4CO free-loss step 20/200: score=7.775352 (avg=7.808875), loss=0.670898 (avg=0.671336), pairs_step=315778, pairs_total=6317044
[2026-03-01 00:25:31,650] INFO:fitness.free_loss_fidelity: RL4CO free-loss step 40/200: score=7.814481 (avg=7.802218), loss=0.672956 (avg=0.672040), pairs_step=315941, pairs_total=12630846
[2026-03-01 00:25:37,772] INFO:fitness.free_loss_fidelity: RL4CO free-loss step 60/200: score=7.813703 (avg=7.798963), loss=0.671004 (avg=0.671756), pairs_step=315582, pairs_total=18944464
[2026-03-01 00:25:43,886] INFO:fitness.free_loss_fidelity: RL4CO free-loss step 80/200: score=7.797049 (avg=7.798232), loss=0.669897 (avg=0.671330), pairs_step=315954, pairs_total=25260144
[2026-03-01 00:25:49,999] INFO:fitness.free_loss_fidelity: RL4CO free-loss step 100/200: score=7.756210 (avg=7.798647), loss=0.669301 (avg=0.671354), pairs_step=315856, pairs_total=31575304
[2026-03-01 00:25:56,120] INFO:fitness.free_loss_fidelity: RL4CO free-loss step 120/200: score=7.770357 (avg=7.799965), loss=0.669820 (avg=0.671389), pairs_step=315330, pairs_total=37888536
[2026-03-01 00:26:02,241] INFO:fitness.free_loss_fidelity: RL4CO free-loss step 140/200: score=7.828663 (avg=7.800872), loss=0.674496 (avg=0.671498), pairs_step=315129, pairs_total=44200294
[2026-03-01 00:26:08,367] INFO:fitness.free_loss_fidelity: RL4CO free-loss step 160/200: score=7.794269 (avg=7.800276), loss=0.673919 (avg=0.671461), pairs_step=315679, pairs_total=50513536
[2026-03-01 00:26:14,486] INFO:fitness.free_loss_fidelity: RL4CO free-loss step 180/200: score=7.782420 (avg=7.799140), loss=0.670795 (avg=0.671523), pairs_step=315594, pairs_total=56825438
[2026-03-01 00:26:20,619] INFO:fitness.free_loss_fidelity: RL4CO free-loss step 200/200: score=7.809863 (avg=7.798094), loss=0.670817 (avg=0.671560), pairs_step=315661, pairs_total=63138385
[2026-03-01 00:26:21,715] WARNING:fitness.free_loss_fidelity: weights_only checkpoint load failed (UnpicklingError); retrying weights_only=False for /data1/gushengda/eam-rl4co/baseline/epoch_409.ckpt
[2026-03-01 00:26:21,751] INFO:fitness.free_loss_fidelity: Loaded init checkpoint into policy: path=/data1/gushengda/eam-rl4co/baseline/epoch_409.ckpt prefix=policy. matched=97 missing=0 unexpected=0
[2026-03-01 00:26:21,756] INFO:fitness.free_loss_fidelity: RL4CO free-loss (step-mode): f1_steps=200, f2_steps=0, total_steps=200, train_problem_size=100, rollouts=100, batch_size=64, device=cuda:0, env=tsp
[2026-03-01 00:26:22,075] INFO:fitness.free_loss_fidelity: RL4CO free-loss step 1/200: score=7.807477 (avg=7.807477), loss=0.230774 (avg=0.230774), pairs_step=315750, pairs_total=315750
[2026-03-01 00:26:27,886] INFO:fitness.free_loss_fidelity: RL4CO free-loss step 20/200: score=7.780806 (avg=7.807571), loss=0.227981 (avg=0.225381), pairs_step=315877, pairs_total=6317643
[2026-03-01 00:26:34,007] INFO:fitness.free_loss_fidelity: RL4CO free-loss step 40/200: score=7.811150 (avg=7.802073), loss=0.207128 (avg=0.222456), pairs_step=316005, pairs_total=12635683
[2026-03-01 00:26:40,133] INFO:fitness.free_loss_fidelity: RL4CO free-loss step 60/200: score=7.813951 (avg=7.798532), loss=0.213845 (avg=0.217034), pairs_step=315982, pairs_total=18953236
[2026-03-01 00:26:46,255] INFO:fitness.free_loss_fidelity: RL4CO free-loss step 80/200: score=7.796693 (avg=7.797289), loss=0.246763 (avg=0.219619), pairs_step=315748, pairs_total=25272256
[2026-03-01 00:26:52,383] INFO:fitness.free_loss_fidelity: RL4CO free-loss step 100/200: score=7.757845 (avg=7.798010), loss=0.233449 (avg=0.225643), pairs_step=315718, pairs_total=31588552
[2026-03-01 00:26:58,507] INFO:fitness.free_loss_fidelity: RL4CO free-loss step 120/200: score=7.780316 (avg=7.799454), loss=0.193344 (avg=0.222296), pairs_step=315647, pairs_total=37904846
[2026-03-01 00:27:04,642] INFO:fitness.free_loss_fidelity: RL4CO free-loss step 140/200: score=7.825932 (avg=7.800510), loss=0.218304 (avg=0.219653), pairs_step=315382, pairs_total=44220987
[2026-03-01 00:27:10,766] INFO:fitness.free_loss_fidelity: RL4CO free-loss step 160/200: score=7.792264 (avg=7.799744), loss=0.248715 (avg=0.221652), pairs_step=315995, pairs_total=50536018
[2026-03-01 00:27:16,895] INFO:fitness.free_loss_fidelity: RL4CO free-loss step 180/200: score=7.783432 (avg=7.798553), loss=0.216164 (avg=0.223120), pairs_step=315720, pairs_total=56851007
[2026-03-01 00:27:23,008] INFO:fitness.free_loss_fidelity: RL4CO free-loss step 200/200: score=7.815013 (avg=7.797338), loss=0.199799 (avg=0.221452), pairs_step=315384, pairs_total=63163587
