[2026-03-01 00:03:46,678] INFO:fitness.free_loss_fidelity: Stage3 offline mini-train start gen=2 pair_index=11 K=200 seed=12345 valid_sizes=[100] baseline_json=baseline/mini_eval/baseline_minitrain_tsp100_K200.json
[2026-03-01 00:03:53,633] INFO:fitness.free_loss_fidelity: RL4CO free-loss (step-mode): f1_steps=200, f2_steps=0, total_steps=200, train_problem_size=100, rollouts=100, batch_size=64, device=cuda:3, env=tsp
[2026-03-01 00:03:54,963] INFO:fitness.free_loss_fidelity: RL4CO free-loss step 1/200: score=36.122910 (avg=36.122910), loss=0.809697 (avg=0.809697), pairs_step=316800, pairs_total=316800
[2026-03-01 00:04:01,093] INFO:fitness.free_loss_fidelity: RL4CO free-loss step 20/200: score=10.042897 (avg=12.962066), loss=0.548340 (avg=0.576419), pairs_step=316800, pairs_total=6335997
[2026-03-01 00:04:07,499] INFO:fitness.free_loss_fidelity: RL4CO free-loss step 40/200: score=9.451827 (avg=11.289121), loss=0.554254 (avg=0.562694), pairs_step=316800, pairs_total=12671993
[2026-03-01 00:04:13,892] INFO:fitness.free_loss_fidelity: RL4CO free-loss step 60/200: score=9.241770 (avg=10.633383), loss=0.538048 (avg=0.555168), pairs_step=316800, pairs_total=19007988
[2026-03-01 00:04:20,303] INFO:fitness.free_loss_fidelity: RL4CO free-loss step 80/200: score=9.097351 (avg=10.259620), loss=0.525010 (avg=0.549228), pairs_step=316800, pairs_total=25343984
[2026-03-01 00:04:26,848] INFO:fitness.free_loss_fidelity: RL4CO free-loss step 100/200: score=8.987772 (avg=10.019077), loss=0.536211 (avg=0.545311), pairs_step=316799, pairs_total=31679978
[2026-03-01 00:04:33,367] INFO:fitness.free_loss_fidelity: RL4CO free-loss step 120/200: score=8.934935 (avg=9.848330), loss=0.523229 (avg=0.542521), pairs_step=316799, pairs_total=38015972
[2026-03-01 00:04:39,885] INFO:fitness.free_loss_fidelity: RL4CO free-loss step 140/200: score=8.952011 (avg=9.717350), loss=0.528179 (avg=0.540666), pairs_step=316800, pairs_total=44351970
[2026-03-01 00:04:46,441] INFO:fitness.free_loss_fidelity: RL4CO free-loss step 160/200: score=8.846067 (avg=9.610331), loss=0.539910 (avg=0.539659), pairs_step=316800, pairs_total=50687966
[2026-03-01 00:04:52,981] INFO:fitness.free_loss_fidelity: RL4CO free-loss step 180/200: score=8.736488 (avg=9.518306), loss=0.533981 (avg=0.539306), pairs_step=316800, pairs_total=57023961
[2026-03-01 00:04:59,414] INFO:fitness.free_loss_fidelity: RL4CO free-loss step 200/200: score=8.726792 (avg=9.439743), loss=0.541148 (avg=0.539296), pairs_step=316800, pairs_total=63359955
[2026-03-01 00:05:00,540] WARNING:fitness.free_loss_fidelity: weights_only checkpoint load failed (UnpicklingError); retrying weights_only=False for /data1/gushengda/eam-rl4co/baseline/epoch_135.ckpt
[2026-03-01 00:05:00,586] INFO:fitness.free_loss_fidelity: Loaded init checkpoint into policy: path=/data1/gushengda/eam-rl4co/baseline/epoch_135.ckpt prefix=policy. matched=97 missing=0 unexpected=0
[2026-03-01 00:05:00,591] INFO:fitness.free_loss_fidelity: RL4CO free-loss (step-mode): f1_steps=200, f2_steps=0, total_steps=200, train_problem_size=100, rollouts=100, batch_size=64, device=cuda:3, env=tsp
[2026-03-01 00:05:00,937] INFO:fitness.free_loss_fidelity: RL4CO free-loss step 1/200: score=7.803347 (avg=7.803347), loss=0.662565 (avg=0.662565), pairs_step=315697, pairs_total=315697
[2026-03-01 00:05:07,029] INFO:fitness.free_loss_fidelity: RL4CO free-loss step 20/200: score=7.778309 (avg=7.809058), loss=0.655650 (avg=0.658706), pairs_step=315916, pairs_total=6316297
[2026-03-01 00:05:13,443] INFO:fitness.free_loss_fidelity: RL4CO free-loss step 40/200: score=7.820741 (avg=7.803762), loss=0.660838 (avg=0.657225), pairs_step=316127, pairs_total=12632088
[2026-03-01 00:05:20,489] INFO:fitness.free_loss_fidelity: RL4CO free-loss step 60/200: score=7.817636 (avg=7.800136), loss=0.658768 (avg=0.656582), pairs_step=315584, pairs_total=18948423
[2026-03-01 00:05:27,744] INFO:fitness.free_loss_fidelity: RL4CO free-loss step 80/200: score=7.792871 (avg=7.798619), loss=0.651453 (avg=0.655750), pairs_step=315893, pairs_total=25265114
[2026-03-01 00:05:35,001] INFO:fitness.free_loss_fidelity: RL4CO free-loss step 100/200: score=7.755851 (avg=7.799249), loss=0.653474 (avg=0.655043), pairs_step=315913, pairs_total=31583029
[2026-03-01 00:05:42,224] INFO:fitness.free_loss_fidelity: RL4CO free-loss step 120/200: score=7.776449 (avg=7.800747), loss=0.651841 (avg=0.654345), pairs_step=315738, pairs_total=37899333
[2026-03-01 00:05:49,454] INFO:fitness.free_loss_fidelity: RL4CO free-loss step 140/200: score=7.825439 (avg=7.801661), loss=0.649118 (avg=0.653496), pairs_step=315449, pairs_total=44213812
[2026-03-01 00:05:56,682] INFO:fitness.free_loss_fidelity: RL4CO free-loss step 160/200: score=7.797292 (avg=7.801085), loss=0.647319 (avg=0.652632), pairs_step=315763, pairs_total=50527550
[2026-03-01 00:06:03,090] INFO:fitness.free_loss_fidelity: RL4CO free-loss step 180/200: score=7.787619 (avg=7.799992), loss=0.647361 (avg=0.652096), pairs_step=315181, pairs_total=56838385
[2026-03-01 00:06:09,443] INFO:fitness.free_loss_fidelity: RL4CO free-loss step 200/200: score=7.810648 (avg=7.798901), loss=0.640721 (avg=0.651533), pairs_step=315739, pairs_total=63150618
[2026-03-01 00:06:10,568] WARNING:fitness.free_loss_fidelity: weights_only checkpoint load failed (UnpicklingError); retrying weights_only=False for /data1/gushengda/eam-rl4co/baseline/epoch_409.ckpt
[2026-03-01 00:06:10,608] INFO:fitness.free_loss_fidelity: Loaded init checkpoint into policy: path=/data1/gushengda/eam-rl4co/baseline/epoch_409.ckpt prefix=policy. matched=97 missing=0 unexpected=0
[2026-03-01 00:06:10,612] INFO:fitness.free_loss_fidelity: RL4CO free-loss (step-mode): f1_steps=200, f2_steps=0, total_steps=200, train_problem_size=100, rollouts=100, batch_size=64, device=cuda:3, env=tsp
[2026-03-01 00:06:10,962] INFO:fitness.free_loss_fidelity: RL4CO free-loss step 1/200: score=7.807477 (avg=7.807477), loss=0.217515 (avg=0.217515), pairs_step=315750, pairs_total=315750
[2026-03-01 00:06:16,986] INFO:fitness.free_loss_fidelity: RL4CO free-loss step 20/200: score=7.778334 (avg=7.807201), loss=0.216240 (avg=0.213573), pairs_step=315938, pairs_total=6317701
[2026-03-01 00:06:23,325] INFO:fitness.free_loss_fidelity: RL4CO free-loss step 40/200: score=7.813526 (avg=7.801985), loss=0.207058 (avg=0.213778), pairs_step=316072, pairs_total=12635049
[2026-03-01 00:06:29,668] INFO:fitness.free_loss_fidelity: RL4CO free-loss step 60/200: score=7.810061 (avg=7.798345), loss=0.207402 (avg=0.210872), pairs_step=315550, pairs_total=18949644
[2026-03-01 00:06:36,017] INFO:fitness.free_loss_fidelity: RL4CO free-loss step 80/200: score=7.795438 (avg=7.797011), loss=0.218243 (avg=0.210736), pairs_step=315599, pairs_total=25266166
[2026-03-01 00:06:42,363] INFO:fitness.free_loss_fidelity: RL4CO free-loss step 100/200: score=7.755266 (avg=7.797592), loss=0.226530 (avg=0.213521), pairs_step=315751, pairs_total=31582095
[2026-03-01 00:06:48,708] INFO:fitness.free_loss_fidelity: RL4CO free-loss step 120/200: score=7.772946 (avg=7.799230), loss=0.204586 (avg=0.213783), pairs_step=315957, pairs_total=37896298
[2026-03-01 00:06:55,050] INFO:fitness.free_loss_fidelity: RL4CO free-loss step 140/200: score=7.824684 (avg=7.800045), loss=0.206847 (avg=0.212436), pairs_step=315720, pairs_total=44211191
[2026-03-01 00:07:01,593] INFO:fitness.free_loss_fidelity: RL4CO free-loss step 160/200: score=7.792472 (avg=7.799299), loss=0.213215 (avg=0.211971), pairs_step=315833, pairs_total=50526719
[2026-03-01 00:07:08,155] INFO:fitness.free_loss_fidelity: RL4CO free-loss step 180/200: score=7.782537 (avg=7.797994), loss=0.215182 (avg=0.212328), pairs_step=315326, pairs_total=56838642
[2026-03-01 00:07:14,651] INFO:fitness.free_loss_fidelity: RL4CO free-loss step 200/200: score=7.812632 (avg=7.796792), loss=0.203464 (avg=0.212076), pairs_step=315432, pairs_total=63149726
