[2026-03-01 00:03:46,695] INFO:fitness.free_loss_fidelity: Stage3 offline mini-train start gen=2 pair_index=6 K=200 seed=12345 valid_sizes=[100] baseline_json=baseline/mini_eval/baseline_minitrain_tsp100_K200.json
[2026-03-01 00:03:53,799] INFO:fitness.free_loss_fidelity: RL4CO free-loss (step-mode): f1_steps=200, f2_steps=0, total_steps=200, train_problem_size=100, rollouts=100, batch_size=64, device=cuda:0, env=tsp
[2026-03-01 00:03:55,111] INFO:fitness.free_loss_fidelity: RL4CO free-loss step 1/200: score=36.122910 (avg=36.122910), loss=1.031149 (avg=1.031149), pairs_step=316800, pairs_total=316800
[2026-03-01 00:04:01,614] INFO:fitness.free_loss_fidelity: RL4CO free-loss step 20/200: score=9.814536 (avg=12.572091), loss=0.846082 (avg=0.862205), pairs_step=316800, pairs_total=6335996
[2026-03-01 00:04:08,404] INFO:fitness.free_loss_fidelity: RL4CO free-loss step 40/200: score=9.340978 (avg=11.015514), loss=0.863843 (avg=0.861700), pairs_step=316799, pairs_total=12671992
[2026-03-01 00:04:15,137] INFO:fitness.free_loss_fidelity: RL4CO free-loss step 60/200: score=9.179606 (avg=10.409645), loss=0.848752 (avg=0.858207), pairs_step=316800, pairs_total=19007988
[2026-03-01 00:04:21,498] INFO:fitness.free_loss_fidelity: RL4CO free-loss step 80/200: score=8.929647 (avg=10.061449), loss=0.834762 (avg=0.853306), pairs_step=316800, pairs_total=25343976
[2026-03-01 00:04:27,946] INFO:fitness.free_loss_fidelity: RL4CO free-loss step 100/200: score=8.773548 (avg=9.829304), loss=0.827582 (avg=0.849497), pairs_step=316800, pairs_total=31679970
[2026-03-01 00:04:34,168] INFO:fitness.free_loss_fidelity: RL4CO free-loss step 120/200: score=8.701880 (avg=9.656850), loss=0.843396 (avg=0.848517), pairs_step=316800, pairs_total=38015964
[2026-03-01 00:04:40,354] INFO:fitness.free_loss_fidelity: RL4CO free-loss step 140/200: score=8.689010 (avg=9.521382), loss=0.846373 (avg=0.848848), pairs_step=316799, pairs_total=44351956
[2026-03-01 00:04:46,545] INFO:fitness.free_loss_fidelity: RL4CO free-loss step 160/200: score=8.585717 (avg=9.408658), loss=0.860587 (avg=0.849971), pairs_step=316800, pairs_total=50687950
[2026-03-01 00:04:52,750] INFO:fitness.free_loss_fidelity: RL4CO free-loss step 180/200: score=8.506749 (avg=9.312704), loss=0.867407 (avg=0.851151), pairs_step=316800, pairs_total=57023948
[2026-03-01 00:04:58,960] INFO:fitness.free_loss_fidelity: RL4CO free-loss step 200/200: score=8.523469 (avg=9.231441), loss=0.874662 (avg=0.852512), pairs_step=316800, pairs_total=63359940
[2026-03-01 00:05:00,069] WARNING:fitness.free_loss_fidelity: weights_only checkpoint load failed (UnpicklingError); retrying weights_only=False for /data1/gushengda/eam-rl4co/baseline/epoch_135.ckpt
[2026-03-01 00:05:00,117] INFO:fitness.free_loss_fidelity: Loaded init checkpoint into policy: path=/data1/gushengda/eam-rl4co/baseline/epoch_135.ckpt prefix=policy. matched=97 missing=0 unexpected=0
[2026-03-01 00:05:00,123] INFO:fitness.free_loss_fidelity: RL4CO free-loss (step-mode): f1_steps=200, f2_steps=0, total_steps=200, train_problem_size=100, rollouts=100, batch_size=64, device=cuda:0, env=tsp
[2026-03-01 00:05:00,440] INFO:fitness.free_loss_fidelity: RL4CO free-loss step 1/200: score=7.803347 (avg=7.803347), loss=0.938334 (avg=0.938334), pairs_step=315697, pairs_total=315697
[2026-03-01 00:05:06,372] INFO:fitness.free_loss_fidelity: RL4CO free-loss step 20/200: score=7.780988 (avg=7.809047), loss=0.942503 (avg=0.940746), pairs_step=315980, pairs_total=6316764
[2026-03-01 00:05:12,589] INFO:fitness.free_loss_fidelity: RL4CO free-loss step 40/200: score=7.818460 (avg=7.804204), loss=0.947747 (avg=0.942532), pairs_step=315952, pairs_total=12630554
[2026-03-01 00:05:18,806] INFO:fitness.free_loss_fidelity: RL4CO free-loss step 60/200: score=7.814699 (avg=7.800730), loss=0.947107 (avg=0.943003), pairs_step=315334, pairs_total=18942142
[2026-03-01 00:05:25,028] INFO:fitness.free_loss_fidelity: RL4CO free-loss step 80/200: score=7.796940 (avg=7.799071), loss=0.946817 (avg=0.943329), pairs_step=315593, pairs_total=25254820
[2026-03-01 00:05:31,277] INFO:fitness.free_loss_fidelity: RL4CO free-loss step 100/200: score=7.757182 (avg=7.799941), loss=0.942497 (avg=0.943820), pairs_step=315479, pairs_total=31568250
[2026-03-01 00:05:37,493] INFO:fitness.free_loss_fidelity: RL4CO free-loss step 120/200: score=7.769850 (avg=7.801190), loss=0.950451 (avg=0.944109), pairs_step=315089, pairs_total=37879585
[2026-03-01 00:05:43,712] INFO:fitness.free_loss_fidelity: RL4CO free-loss step 140/200: score=7.832738 (avg=7.802176), loss=0.944972 (avg=0.944420), pairs_step=315323, pairs_total=44190713
[2026-03-01 00:05:49,930] INFO:fitness.free_loss_fidelity: RL4CO free-loss step 160/200: score=7.798261 (avg=7.801571), loss=0.945161 (avg=0.944757), pairs_step=315397, pairs_total=50501438
[2026-03-01 00:05:56,181] INFO:fitness.free_loss_fidelity: RL4CO free-loss step 180/200: score=7.790086 (avg=7.800327), loss=0.945116 (avg=0.944865), pairs_step=315405, pairs_total=56809958
[2026-03-01 00:06:02,399] INFO:fitness.free_loss_fidelity: RL4CO free-loss step 200/200: score=7.808828 (avg=7.799135), loss=0.940890 (avg=0.945047), pairs_step=315481, pairs_total=63119893
[2026-03-01 00:06:03,506] WARNING:fitness.free_loss_fidelity: weights_only checkpoint load failed (UnpicklingError); retrying weights_only=False for /data1/gushengda/eam-rl4co/baseline/epoch_409.ckpt
[2026-03-01 00:06:03,546] INFO:fitness.free_loss_fidelity: Loaded init checkpoint into policy: path=/data1/gushengda/eam-rl4co/baseline/epoch_409.ckpt prefix=policy. matched=97 missing=0 unexpected=0
[2026-03-01 00:06:03,551] INFO:fitness.free_loss_fidelity: RL4CO free-loss (step-mode): f1_steps=200, f2_steps=0, total_steps=200, train_problem_size=100, rollouts=100, batch_size=64, device=cuda:0, env=tsp
[2026-03-01 00:06:03,890] INFO:fitness.free_loss_fidelity: RL4CO free-loss step 1/200: score=7.807477 (avg=7.807477), loss=0.271315 (avg=0.271315), pairs_step=315750, pairs_total=315750
[2026-03-01 00:06:09,797] INFO:fitness.free_loss_fidelity: RL4CO free-loss step 20/200: score=7.781902 (avg=7.809062), loss=0.277907 (avg=0.280651), pairs_step=315597, pairs_total=6316725
[2026-03-01 00:06:16,008] INFO:fitness.free_loss_fidelity: RL4CO free-loss step 40/200: score=7.815787 (avg=7.802930), loss=0.263276 (avg=0.274607), pairs_step=316065, pairs_total=12634705
[2026-03-01 00:06:22,217] INFO:fitness.free_loss_fidelity: RL4CO free-loss step 60/200: score=7.813665 (avg=7.799423), loss=0.259848 (avg=0.268329), pairs_step=315458, pairs_total=18949509
[2026-03-01 00:06:28,438] INFO:fitness.free_loss_fidelity: RL4CO free-loss step 80/200: score=7.797288 (avg=7.797590), loss=0.292815 (avg=0.268702), pairs_step=315816, pairs_total=25264354
[2026-03-01 00:06:34,655] INFO:fitness.free_loss_fidelity: RL4CO free-loss step 100/200: score=7.756434 (avg=7.797752), loss=0.322792 (avg=0.277976), pairs_step=315402, pairs_total=31580082
[2026-03-01 00:06:41,000] INFO:fitness.free_loss_fidelity: RL4CO free-loss step 120/200: score=7.771770 (avg=7.799054), loss=0.254443 (avg=0.279694), pairs_step=315646, pairs_total=37894703
[2026-03-01 00:06:47,328] INFO:fitness.free_loss_fidelity: RL4CO free-loss step 140/200: score=7.825688 (avg=7.799941), loss=0.251892 (avg=0.276079), pairs_step=315016, pairs_total=44207575
[2026-03-01 00:06:53,877] INFO:fitness.free_loss_fidelity: RL4CO free-loss step 160/200: score=7.792917 (avg=7.799092), loss=0.277591 (avg=0.274365), pairs_step=315882, pairs_total=50520249
[2026-03-01 00:07:00,204] INFO:fitness.free_loss_fidelity: RL4CO free-loss step 180/200: score=7.781590 (avg=7.797865), loss=0.329248 (avg=0.277419), pairs_step=315421, pairs_total=56833339
[2026-03-01 00:07:06,521] INFO:fitness.free_loss_fidelity: RL4CO free-loss step 200/200: score=7.813094 (avg=7.796681), loss=0.290302 (avg=0.282115), pairs_step=315357, pairs_total=63145216
