[2026-02-28 23:56:16,846] INFO:fitness.free_loss_fidelity: Stage3 offline mini-train start gen=1 pair_index=8 K=200 seed=12345 valid_sizes=[100] baseline_json=baseline/mini_eval/baseline_minitrain_tsp100_K200.json
[2026-02-28 23:56:24,282] INFO:fitness.free_loss_fidelity: RL4CO free-loss (step-mode): f1_steps=200, f2_steps=0, total_steps=200, train_problem_size=100, rollouts=100, batch_size=64, device=cuda:0, env=tsp
[2026-02-28 23:56:25,621] INFO:fitness.free_loss_fidelity: RL4CO free-loss step 1/200: score=36.122910 (avg=36.122910), loss=298643.437500 (avg=298643.437500), pairs_step=316800, pairs_total=316800
[2026-02-28 23:56:31,681] INFO:fitness.free_loss_fidelity: RL4CO free-loss step 20/200: score=9.992558 (avg=13.070304), loss=179898.406250 (avg=196816.524219), pairs_step=316800, pairs_total=6335997
[2026-02-28 23:56:38,086] INFO:fitness.free_loss_fidelity: RL4CO free-loss step 40/200: score=9.597242 (avg=11.401858), loss=178586.562500 (avg=187551.446484), pairs_step=316800, pairs_total=12671993
[2026-02-28 23:56:44,683] INFO:fitness.free_loss_fidelity: RL4CO free-loss step 60/200: score=9.360526 (avg=10.752665), loss=170210.250000 (avg=182852.864323), pairs_step=316799, pairs_total=19007988
[2026-02-28 23:56:51,424] INFO:fitness.free_loss_fidelity: RL4CO free-loss step 80/200: score=9.302151 (avg=10.394991), loss=166789.156250 (avg=178975.960547), pairs_step=316799, pairs_total=25343985
[2026-02-28 23:56:58,141] INFO:fitness.free_loss_fidelity: RL4CO free-loss step 100/200: score=9.169577 (avg=10.166032), loss=165182.062500 (avg=176210.156406), pairs_step=316800, pairs_total=31679981
[2026-02-28 23:57:04,822] INFO:fitness.free_loss_fidelity: RL4CO free-loss step 120/200: score=9.142950 (avg=10.000938), loss=170295.906250 (avg=174651.905729), pairs_step=316800, pairs_total=38015977
[2026-02-28 23:57:11,533] INFO:fitness.free_loss_fidelity: RL4CO free-loss step 140/200: score=9.115379 (avg=9.875757), loss=167744.781250 (avg=173445.087946), pairs_step=316799, pairs_total=44351971
[2026-02-28 23:57:18,624] INFO:fitness.free_loss_fidelity: RL4CO free-loss step 160/200: score=9.035093 (avg=9.772957), loss=166531.125000 (avg=172510.099707), pairs_step=316800, pairs_total=50687966
[2026-02-28 23:57:25,653] INFO:fitness.free_loss_fidelity: RL4CO free-loss step 180/200: score=8.991125 (avg=9.688444), loss=164844.171875 (avg=171898.531424), pairs_step=316800, pairs_total=57023962
[2026-02-28 23:57:32,122] INFO:fitness.free_loss_fidelity: RL4CO free-loss step 200/200: score=8.968229 (avg=9.616866), loss=169272.593750 (avg=171485.290703), pairs_step=316800, pairs_total=63359955
[2026-02-28 23:57:33,258] WARNING:fitness.free_loss_fidelity: weights_only checkpoint load failed (UnpicklingError); retrying weights_only=False for /data1/gushengda/eam-rl4co/baseline/epoch_135.ckpt
[2026-02-28 23:57:33,332] INFO:fitness.free_loss_fidelity: Loaded init checkpoint into policy: path=/data1/gushengda/eam-rl4co/baseline/epoch_135.ckpt prefix=policy. matched=97 missing=0 unexpected=0
[2026-02-28 23:57:33,340] INFO:fitness.free_loss_fidelity: RL4CO free-loss (step-mode): f1_steps=200, f2_steps=0, total_steps=200, train_problem_size=100, rollouts=100, batch_size=64, device=cuda:0, env=tsp
[2026-02-28 23:57:33,746] INFO:fitness.free_loss_fidelity: RL4CO free-loss step 1/200: score=7.803347 (avg=7.803347), loss=211320.093750 (avg=211320.093750), pairs_step=315697, pairs_total=315697
[2026-02-28 23:57:40,511] INFO:fitness.free_loss_fidelity: RL4CO free-loss step 20/200: score=7.775365 (avg=7.809160), loss=208968.828125 (avg=210136.525781), pairs_step=315771, pairs_total=6317340
[2026-02-28 23:57:47,669] INFO:fitness.free_loss_fidelity: RL4CO free-loss step 40/200: score=7.817181 (avg=7.802974), loss=209137.296875 (avg=209453.503906), pairs_step=315934, pairs_total=12634510
[2026-02-28 23:57:54,767] INFO:fitness.free_loss_fidelity: RL4CO free-loss step 60/200: score=7.816905 (avg=7.799424), loss=208125.703125 (avg=209008.929427), pairs_step=315986, pairs_total=18952446
[2026-02-28 23:58:01,885] INFO:fitness.free_loss_fidelity: RL4CO free-loss step 80/200: score=7.798280 (avg=7.797743), loss=201461.468750 (avg=207813.556250), pairs_step=315961, pairs_total=25273053
[2026-02-28 23:58:09,003] INFO:fitness.free_loss_fidelity: RL4CO free-loss step 100/200: score=7.753852 (avg=7.798615), loss=203747.843750 (avg=206780.057812), pairs_step=315908, pairs_total=31595316
[2026-02-28 23:58:16,125] INFO:fitness.free_loss_fidelity: RL4CO free-loss step 120/200: score=7.773529 (avg=7.800054), loss=201307.906250 (avg=206073.942057), pairs_step=316170, pairs_total=37917470
[2026-02-28 23:58:23,224] INFO:fitness.free_loss_fidelity: RL4CO free-loss step 140/200: score=7.828498 (avg=7.801119), loss=200120.531250 (avg=205224.813951), pairs_step=315782, pairs_total=44238937
[2026-02-28 23:58:30,343] INFO:fitness.free_loss_fidelity: RL4CO free-loss step 160/200: score=7.797594 (avg=7.800377), loss=196625.656250 (avg=204185.196973), pairs_step=315934, pairs_total=50560357
[2026-02-28 23:58:37,445] INFO:fitness.free_loss_fidelity: RL4CO free-loss step 180/200: score=7.784029 (avg=7.799069), loss=194154.562500 (avg=203450.695486), pairs_step=315906, pairs_total=56881057
[2026-02-28 23:58:45,165] INFO:fitness.free_loss_fidelity: RL4CO free-loss step 200/200: score=7.811027 (avg=7.797892), loss=190110.656250 (avg=202537.196875), pairs_step=315546, pairs_total=63202534
[2026-02-28 23:58:46,482] WARNING:fitness.free_loss_fidelity: weights_only checkpoint load failed (UnpicklingError); retrying weights_only=False for /data1/gushengda/eam-rl4co/baseline/epoch_409.ckpt
[2026-02-28 23:58:46,533] INFO:fitness.free_loss_fidelity: Loaded init checkpoint into policy: path=/data1/gushengda/eam-rl4co/baseline/epoch_409.ckpt prefix=policy. matched=97 missing=0 unexpected=0
[2026-02-28 23:58:46,539] INFO:fitness.free_loss_fidelity: RL4CO free-loss (step-mode): f1_steps=200, f2_steps=0, total_steps=200, train_problem_size=100, rollouts=100, batch_size=64, device=cuda:0, env=tsp
[2026-02-28 23:58:46,949] INFO:fitness.free_loss_fidelity: RL4CO free-loss step 1/200: score=7.807477 (avg=7.807477), loss=59510.234375 (avg=59510.234375), pairs_step=315750, pairs_total=315750
[2026-02-28 23:58:54,431] INFO:fitness.free_loss_fidelity: RL4CO free-loss step 20/200: score=7.777769 (avg=7.808638), loss=55839.617188 (avg=56926.666406), pairs_step=315859, pairs_total=6319300
[2026-02-28 23:59:02,468] INFO:fitness.free_loss_fidelity: RL4CO free-loss step 40/200: score=7.813169 (avg=7.802283), loss=57995.894531 (avg=57287.572070), pairs_step=316225, pairs_total=12638967
[2026-02-28 23:59:10,493] INFO:fitness.free_loss_fidelity: RL4CO free-loss step 60/200: score=7.810748 (avg=7.798606), loss=57749.843750 (avg=57247.626497), pairs_step=315928, pairs_total=18958575
[2026-02-28 23:59:18,522] INFO:fitness.free_loss_fidelity: RL4CO free-loss step 80/200: score=7.794145 (avg=7.796863), loss=60232.984375 (avg=57561.730762), pairs_step=316025, pairs_total=25277674
[2026-02-28 23:59:26,549] INFO:fitness.free_loss_fidelity: RL4CO free-loss step 100/200: score=7.754730 (avg=7.797359), loss=60457.507812 (avg=58040.154844), pairs_step=315682, pairs_total=31596799
[2026-02-28 23:59:34,554] INFO:fitness.free_loss_fidelity: RL4CO free-loss step 120/200: score=7.775595 (avg=7.798575), loss=56658.125000 (avg=58206.953906), pairs_step=315845, pairs_total=37915947
[2026-02-28 23:59:42,165] INFO:fitness.free_loss_fidelity: RL4CO free-loss step 140/200: score=7.821138 (avg=7.799239), loss=57760.414062 (avg=58064.522154), pairs_step=315488, pairs_total=44233899
[2026-02-28 23:59:49,384] INFO:fitness.free_loss_fidelity: RL4CO free-loss step 160/200: score=7.787734 (avg=7.798396), loss=57469.398438 (avg=57925.892261), pairs_step=316002, pairs_total=50551801
[2026-02-28 23:59:56,404] INFO:fitness.free_loss_fidelity: RL4CO free-loss step 180/200: score=7.784494 (avg=7.797243), loss=58800.492188 (avg=57901.822352), pairs_step=315998, pairs_total=56869633
[2026-03-01 00:00:03,427] INFO:fitness.free_loss_fidelity: RL4CO free-loss step 200/200: score=7.807618 (avg=7.796001), loss=55052.226562 (avg=57902.284316), pairs_step=315848, pairs_total=63187847
