[2026-02-28 23:50:14,361] INFO:fitness.free_loss_fidelity: Stage3 offline mini-train start gen=0 pair_index=7 K=200 seed=12345 valid_sizes=[100] baseline_json=baseline/mini_eval/baseline_minitrain_tsp100_K200.json
[2026-02-28 23:50:21,492] INFO:fitness.free_loss_fidelity: RL4CO free-loss (step-mode): f1_steps=200, f2_steps=0, total_steps=200, train_problem_size=100, rollouts=100, batch_size=64, device=cuda:0, env=tsp
[2026-02-28 23:50:22,855] INFO:fitness.free_loss_fidelity: RL4CO free-loss step 1/200: score=36.122910 (avg=36.122910), loss=0.858542 (avg=0.858542), pairs_step=316800, pairs_total=316800
[2026-02-28 23:50:28,814] INFO:fitness.free_loss_fidelity: RL4CO free-loss step 20/200: score=10.022561 (avg=12.866660), loss=0.602162 (avg=0.630582), pairs_step=316799, pairs_total=6335996
[2026-02-28 23:50:35,084] INFO:fitness.free_loss_fidelity: RL4CO free-loss step 40/200: score=9.411552 (avg=11.220094), loss=0.600994 (avg=0.614848), pairs_step=316800, pairs_total=12671989
[2026-02-28 23:50:41,348] INFO:fitness.free_loss_fidelity: RL4CO free-loss step 60/200: score=9.228111 (avg=10.572151), loss=0.589989 (avg=0.606999), pairs_step=316800, pairs_total=19007980
[2026-02-28 23:50:47,634] INFO:fitness.free_loss_fidelity: RL4CO free-loss step 80/200: score=9.039165 (avg=10.201413), loss=0.572803 (avg=0.600197), pairs_step=316799, pairs_total=25343975
[2026-02-28 23:50:53,926] INFO:fitness.free_loss_fidelity: RL4CO free-loss step 100/200: score=8.942509 (avg=9.964172), loss=0.573128 (avg=0.596235), pairs_step=316800, pairs_total=31679972
[2026-02-28 23:51:00,239] INFO:fitness.free_loss_fidelity: RL4CO free-loss step 120/200: score=8.902887 (avg=9.797247), loss=0.574762 (avg=0.593260), pairs_step=316800, pairs_total=38015968
[2026-02-28 23:51:06,539] INFO:fitness.free_loss_fidelity: RL4CO free-loss step 140/200: score=8.837139 (avg=9.666400), loss=0.581988 (avg=0.591281), pairs_step=316800, pairs_total=44351966
[2026-02-28 23:51:12,845] INFO:fitness.free_loss_fidelity: RL4CO free-loss step 160/200: score=8.746239 (avg=9.556785), loss=0.578357 (avg=0.590092), pairs_step=316800, pairs_total=50687963
[2026-02-28 23:51:19,152] INFO:fitness.free_loss_fidelity: RL4CO free-loss step 180/200: score=8.692092 (avg=9.463655), loss=0.588513 (avg=0.589647), pairs_step=316799, pairs_total=57023961
[2026-02-28 23:51:25,462] INFO:fitness.free_loss_fidelity: RL4CO free-loss step 200/200: score=8.674023 (avg=9.384142), loss=0.590971 (avg=0.589636), pairs_step=316799, pairs_total=63359955
[2026-02-28 23:51:26,566] WARNING:fitness.free_loss_fidelity: weights_only checkpoint load failed (UnpicklingError); retrying weights_only=False for /data1/gushengda/eam-rl4co/baseline/epoch_135.ckpt
[2026-02-28 23:51:26,613] INFO:fitness.free_loss_fidelity: Loaded init checkpoint into policy: path=/data1/gushengda/eam-rl4co/baseline/epoch_135.ckpt prefix=policy. matched=97 missing=0 unexpected=0
[2026-02-28 23:51:26,618] INFO:fitness.free_loss_fidelity: RL4CO free-loss (step-mode): f1_steps=200, f2_steps=0, total_steps=200, train_problem_size=100, rollouts=100, batch_size=64, device=cuda:0, env=tsp
[2026-02-28 23:51:26,948] INFO:fitness.free_loss_fidelity: RL4CO free-loss step 1/200: score=7.803347 (avg=7.803347), loss=0.675242 (avg=0.675242), pairs_step=315697, pairs_total=315697
[2026-02-28 23:51:32,973] INFO:fitness.free_loss_fidelity: RL4CO free-loss step 20/200: score=7.777447 (avg=7.809056), loss=0.676472 (avg=0.674735), pairs_step=315662, pairs_total=6316876
[2026-02-28 23:51:39,300] INFO:fitness.free_loss_fidelity: RL4CO free-loss step 40/200: score=7.817217 (avg=7.802686), loss=0.671240 (avg=0.673592), pairs_step=316061, pairs_total=12632871
[2026-02-28 23:51:45,628] INFO:fitness.free_loss_fidelity: RL4CO free-loss step 60/200: score=7.818685 (avg=7.799230), loss=0.673897 (avg=0.673458), pairs_step=315549, pairs_total=18948008
[2026-02-28 23:51:51,953] INFO:fitness.free_loss_fidelity: RL4CO free-loss step 80/200: score=7.795325 (avg=7.797772), loss=0.671751 (avg=0.673322), pairs_step=315872, pairs_total=25262766
[2026-02-28 23:51:58,293] INFO:fitness.free_loss_fidelity: RL4CO free-loss step 100/200: score=7.758124 (avg=7.798479), loss=0.673744 (avg=0.673303), pairs_step=315863, pairs_total=31578673
[2026-02-28 23:52:04,623] INFO:fitness.free_loss_fidelity: RL4CO free-loss step 120/200: score=7.775095 (avg=7.800049), loss=0.672822 (avg=0.673083), pairs_step=315599, pairs_total=37892958
[2026-02-28 23:52:10,943] INFO:fitness.free_loss_fidelity: RL4CO free-loss step 140/200: score=7.831114 (avg=7.801110), loss=0.676206 (avg=0.673161), pairs_step=315476, pairs_total=44207591
[2026-02-28 23:52:17,275] INFO:fitness.free_loss_fidelity: RL4CO free-loss step 160/200: score=7.794938 (avg=7.800398), loss=0.673119 (avg=0.673101), pairs_step=315470, pairs_total=50521217
[2026-02-28 23:52:23,606] INFO:fitness.free_loss_fidelity: RL4CO free-loss step 180/200: score=7.784671 (avg=7.799356), loss=0.672225 (avg=0.673052), pairs_step=315659, pairs_total=56834225
[2026-02-28 23:52:29,948] INFO:fitness.free_loss_fidelity: RL4CO free-loss step 200/200: score=7.811058 (avg=7.798201), loss=0.669100 (avg=0.673006), pairs_step=315542, pairs_total=63147501
[2026-02-28 23:52:31,057] WARNING:fitness.free_loss_fidelity: weights_only checkpoint load failed (UnpicklingError); retrying weights_only=False for /data1/gushengda/eam-rl4co/baseline/epoch_409.ckpt
[2026-02-28 23:52:31,098] INFO:fitness.free_loss_fidelity: Loaded init checkpoint into policy: path=/data1/gushengda/eam-rl4co/baseline/epoch_409.ckpt prefix=policy. matched=97 missing=0 unexpected=0
[2026-02-28 23:52:31,103] INFO:fitness.free_loss_fidelity: RL4CO free-loss (step-mode): f1_steps=200, f2_steps=0, total_steps=200, train_problem_size=100, rollouts=100, batch_size=64, device=cuda:0, env=tsp
[2026-02-28 23:52:31,428] INFO:fitness.free_loss_fidelity: RL4CO free-loss step 1/200: score=7.807477 (avg=7.807477), loss=0.204960 (avg=0.204960), pairs_step=315750, pairs_total=315750
[2026-02-28 23:52:37,438] INFO:fitness.free_loss_fidelity: RL4CO free-loss step 20/200: score=7.780829 (avg=7.807374), loss=0.192285 (avg=0.197376), pairs_step=315829, pairs_total=6318853
[2026-02-28 23:52:43,768] INFO:fitness.free_loss_fidelity: RL4CO free-loss step 40/200: score=7.816692 (avg=7.801814), loss=0.198779 (avg=0.197827), pairs_step=316107, pairs_total=12636033
[2026-02-28 23:52:50,093] INFO:fitness.free_loss_fidelity: RL4CO free-loss step 60/200: score=7.811427 (avg=7.798279), loss=0.195960 (avg=0.196393), pairs_step=315857, pairs_total=18954214
[2026-02-28 23:52:56,426] INFO:fitness.free_loss_fidelity: RL4CO free-loss step 80/200: score=7.790680 (avg=7.796605), loss=0.203181 (avg=0.196555), pairs_step=315798, pairs_total=25273405
[2026-02-28 23:53:02,737] INFO:fitness.free_loss_fidelity: RL4CO free-loss step 100/200: score=7.752611 (avg=7.796887), loss=0.204711 (avg=0.197665), pairs_step=315394, pairs_total=31591676
[2026-02-28 23:53:09,075] INFO:fitness.free_loss_fidelity: RL4CO free-loss step 120/200: score=7.773421 (avg=7.798510), loss=0.199458 (avg=0.198720), pairs_step=315779, pairs_total=37909789
[2026-02-28 23:53:15,422] INFO:fitness.free_loss_fidelity: RL4CO free-loss step 140/200: score=7.823490 (avg=7.799426), loss=0.197514 (avg=0.199044), pairs_step=315806, pairs_total=44225349
[2026-02-28 23:53:21,947] INFO:fitness.free_loss_fidelity: RL4CO free-loss step 160/200: score=7.795686 (avg=7.798669), loss=0.195851 (avg=0.198330), pairs_step=315889, pairs_total=50541472
[2026-02-28 23:53:28,286] INFO:fitness.free_loss_fidelity: RL4CO free-loss step 180/200: score=7.784837 (avg=7.797618), loss=0.212272 (avg=0.198748), pairs_step=315282, pairs_total=56855426
[2026-02-28 23:53:34,613] INFO:fitness.free_loss_fidelity: RL4CO free-loss step 200/200: score=7.810249 (avg=7.796295), loss=0.202873 (avg=0.199834), pairs_step=315774, pairs_total=63170276
