[2026-03-01 02:10:33,053] INFO:fitness.free_loss_fidelity: Stage3 offline mini-train start gen=8 pair_index=17 K=200 seed=12345 valid_sizes=[100] baseline_json=baseline/mini_eval/baseline_minitrain_tsp100_K200.json
[2026-03-01 02:10:33,071] INFO:fitness.free_loss_fidelity: RL4CO free-loss (step-mode): f1_steps=200, f2_steps=0, total_steps=200, train_problem_size=100, rollouts=100, batch_size=64, device=cuda:2, env=tsp
[2026-03-01 02:10:33,405] INFO:fitness.free_loss_fidelity: RL4CO free-loss step 1/200: score=36.122910 (avg=36.122910), loss=0.756649 (avg=0.756649), pairs_step=316800, pairs_total=316800
[2026-03-01 02:10:39,437] INFO:fitness.free_loss_fidelity: RL4CO free-loss step 20/200: score=9.983208 (avg=12.737443), loss=0.607396 (avg=0.621277), pairs_step=316800, pairs_total=6335998
[2026-03-01 02:10:45,783] INFO:fitness.free_loss_fidelity: RL4CO free-loss step 40/200: score=9.375597 (avg=11.134851), loss=0.610918 (avg=0.617275), pairs_step=316800, pairs_total=12671993
[2026-03-01 02:10:52,134] INFO:fitness.free_loss_fidelity: RL4CO free-loss step 60/200: score=9.183949 (avg=10.496918), loss=0.602651 (avg=0.614636), pairs_step=316799, pairs_total=19007990
[2026-03-01 02:10:58,463] INFO:fitness.free_loss_fidelity: RL4CO free-loss step 80/200: score=8.966615 (avg=10.131713), loss=0.610339 (avg=0.611295), pairs_step=316800, pairs_total=25343989
[2026-03-01 02:11:04,790] INFO:fitness.free_loss_fidelity: RL4CO free-loss step 100/200: score=8.800423 (avg=9.891614), loss=0.601894 (avg=0.609306), pairs_step=316800, pairs_total=31679982
[2026-03-01 02:11:11,113] INFO:fitness.free_loss_fidelity: RL4CO free-loss step 120/200: score=8.781391 (avg=9.719311), loss=0.604895 (avg=0.607970), pairs_step=316800, pairs_total=38015969
[2026-03-01 02:11:17,431] INFO:fitness.free_loss_fidelity: RL4CO free-loss step 140/200: score=8.740591 (avg=9.582554), loss=0.609265 (avg=0.607628), pairs_step=316800, pairs_total=44351965
[2026-03-01 02:11:23,763] INFO:fitness.free_loss_fidelity: RL4CO free-loss step 160/200: score=8.655880 (avg=9.470084), loss=0.613732 (avg=0.607722), pairs_step=316799, pairs_total=50687961
[2026-03-01 02:11:30,081] INFO:fitness.free_loss_fidelity: RL4CO free-loss step 180/200: score=8.611240 (avg=9.376623), loss=0.613006 (avg=0.608353), pairs_step=316800, pairs_total=57023955
[2026-03-01 02:11:36,407] INFO:fitness.free_loss_fidelity: RL4CO free-loss step 200/200: score=8.551506 (avg=9.295348), loss=0.618244 (avg=0.609185), pairs_step=316800, pairs_total=63359949
[2026-03-01 02:11:37,524] WARNING:fitness.free_loss_fidelity: weights_only checkpoint load failed (UnpicklingError); retrying weights_only=False for /data1/gushengda/eam-rl4co/baseline/epoch_135.ckpt
[2026-03-01 02:11:37,561] INFO:fitness.free_loss_fidelity: Loaded init checkpoint into policy: path=/data1/gushengda/eam-rl4co/baseline/epoch_135.ckpt prefix=policy. matched=97 missing=0 unexpected=0
[2026-03-01 02:11:37,566] INFO:fitness.free_loss_fidelity: RL4CO free-loss (step-mode): f1_steps=200, f2_steps=0, total_steps=200, train_problem_size=100, rollouts=100, batch_size=64, device=cuda:2, env=tsp
[2026-03-01 02:11:37,907] INFO:fitness.free_loss_fidelity: RL4CO free-loss step 1/200: score=7.803347 (avg=7.803347), loss=0.686365 (avg=0.686365), pairs_step=315697, pairs_total=315697
[2026-03-01 02:11:43,911] INFO:fitness.free_loss_fidelity: RL4CO free-loss step 20/200: score=7.777318 (avg=7.807942), loss=0.685655 (avg=0.685353), pairs_step=315827, pairs_total=6316373
[2026-03-01 02:11:50,230] INFO:fitness.free_loss_fidelity: RL4CO free-loss step 40/200: score=7.821514 (avg=7.802203), loss=0.688429 (avg=0.685869), pairs_step=315756, pairs_total=12629989
[2026-03-01 02:11:56,555] INFO:fitness.free_loss_fidelity: RL4CO free-loss step 60/200: score=7.813452 (avg=7.799371), loss=0.688379 (avg=0.686057), pairs_step=315563, pairs_total=18942275
[2026-03-01 02:12:02,891] INFO:fitness.free_loss_fidelity: RL4CO free-loss step 80/200: score=7.796645 (avg=7.797814), loss=0.685916 (avg=0.685944), pairs_step=315621, pairs_total=25257665
[2026-03-01 02:12:09,229] INFO:fitness.free_loss_fidelity: RL4CO free-loss step 100/200: score=7.756775 (avg=7.798379), loss=0.685553 (avg=0.685927), pairs_step=315673, pairs_total=31573684
[2026-03-01 02:12:15,581] INFO:fitness.free_loss_fidelity: RL4CO free-loss step 120/200: score=7.772889 (avg=7.799779), loss=0.682974 (avg=0.685929), pairs_step=315582, pairs_total=37886479
[2026-03-01 02:12:21,917] INFO:fitness.free_loss_fidelity: RL4CO free-loss step 140/200: score=7.833694 (avg=7.800948), loss=0.685892 (avg=0.686050), pairs_step=315593, pairs_total=44198357
[2026-03-01 02:12:28,253] INFO:fitness.free_loss_fidelity: RL4CO free-loss step 160/200: score=7.793319 (avg=7.800359), loss=0.686887 (avg=0.686058), pairs_step=315832, pairs_total=50511000
[2026-03-01 02:12:34,598] INFO:fitness.free_loss_fidelity: RL4CO free-loss step 180/200: score=7.787675 (avg=7.799390), loss=0.685740 (avg=0.686018), pairs_step=315684, pairs_total=56824213
[2026-03-01 02:12:40,942] INFO:fitness.free_loss_fidelity: RL4CO free-loss step 200/200: score=7.808013 (avg=7.798234), loss=0.683760 (avg=0.686052), pairs_step=315228, pairs_total=63134799
[2026-03-01 02:12:42,058] WARNING:fitness.free_loss_fidelity: weights_only checkpoint load failed (UnpicklingError); retrying weights_only=False for /data1/gushengda/eam-rl4co/baseline/epoch_409.ckpt
[2026-03-01 02:12:42,088] INFO:fitness.free_loss_fidelity: Loaded init checkpoint into policy: path=/data1/gushengda/eam-rl4co/baseline/epoch_409.ckpt prefix=policy. matched=97 missing=0 unexpected=0
[2026-03-01 02:12:42,093] INFO:fitness.free_loss_fidelity: RL4CO free-loss (step-mode): f1_steps=200, f2_steps=0, total_steps=200, train_problem_size=100, rollouts=100, batch_size=64, device=cuda:2, env=tsp
[2026-03-01 02:12:42,438] INFO:fitness.free_loss_fidelity: RL4CO free-loss step 1/200: score=7.807477 (avg=7.807477), loss=0.221387 (avg=0.221387), pairs_step=315750, pairs_total=315750
[2026-03-01 02:12:48,462] INFO:fitness.free_loss_fidelity: RL4CO free-loss step 20/200: score=7.789470 (avg=7.809990), loss=0.217892 (avg=0.217234), pairs_step=315868, pairs_total=6316408
[2026-03-01 02:12:54,792] INFO:fitness.free_loss_fidelity: RL4CO free-loss step 40/200: score=7.814991 (avg=7.803143), loss=0.207885 (avg=0.215852), pairs_step=315971, pairs_total=12634087
[2026-03-01 02:13:01,116] INFO:fitness.free_loss_fidelity: RL4CO free-loss step 60/200: score=7.814659 (avg=7.799448), loss=0.205869 (avg=0.212251), pairs_step=315263, pairs_total=18948069
[2026-03-01 02:13:07,456] INFO:fitness.free_loss_fidelity: RL4CO free-loss step 80/200: score=7.801276 (avg=7.797540), loss=0.216500 (avg=0.210831), pairs_step=315852, pairs_total=25265398
[2026-03-01 02:13:13,783] INFO:fitness.free_loss_fidelity: RL4CO free-loss step 100/200: score=7.756139 (avg=7.797884), loss=0.236233 (avg=0.213813), pairs_step=315587, pairs_total=31581913
[2026-03-01 02:13:20,139] INFO:fitness.free_loss_fidelity: RL4CO free-loss step 120/200: score=7.774465 (avg=7.799227), loss=0.217245 (avg=0.217002), pairs_step=315609, pairs_total=37897385
[2026-03-01 02:13:26,490] INFO:fitness.free_loss_fidelity: RL4CO free-loss step 140/200: score=7.822399 (avg=7.800036), loss=0.207724 (avg=0.216007), pairs_step=315578, pairs_total=44210405
[2026-03-01 02:13:32,830] INFO:fitness.free_loss_fidelity: RL4CO free-loss step 160/200: score=7.790832 (avg=7.799488), loss=0.206405 (avg=0.214207), pairs_step=315676, pairs_total=50525195
[2026-03-01 02:13:39,193] INFO:fitness.free_loss_fidelity: RL4CO free-loss step 180/200: score=7.783271 (avg=7.798312), loss=0.221441 (avg=0.214321), pairs_step=315063, pairs_total=56838165
[2026-03-01 02:13:45,552] INFO:fitness.free_loss_fidelity: RL4CO free-loss step 200/200: score=7.809503 (avg=7.797120), loss=0.210380 (avg=0.214566), pairs_step=315800, pairs_total=63152877
