[2026-03-01 01:30:31,553] INFO:fitness.free_loss_fidelity: Stage3 offline mini-train start gen=6 pair_index=30 K=200 seed=12345 valid_sizes=[100] baseline_json=baseline/mini_eval/baseline_minitrain_tsp100_K200.json
[2026-03-01 01:30:31,575] INFO:fitness.free_loss_fidelity: RL4CO free-loss (step-mode): f1_steps=200, f2_steps=0, total_steps=200, train_problem_size=100, rollouts=100, batch_size=64, device=cuda:0, env=tsp
[2026-03-01 01:30:31,891] INFO:fitness.free_loss_fidelity: RL4CO free-loss step 1/200: score=36.122910 (avg=36.122910), loss=298643.437500 (avg=298643.437500), pairs_step=316800, pairs_total=316800
[2026-03-01 01:30:37,789] INFO:fitness.free_loss_fidelity: RL4CO free-loss step 20/200: score=10.091930 (avg=13.058209), loss=180683.203125 (avg=195709.349219), pairs_step=316800, pairs_total=6335998
[2026-03-01 01:30:43,994] INFO:fitness.free_loss_fidelity: RL4CO free-loss step 40/200: score=9.597201 (avg=11.406967), loss=175885.468750 (avg=186628.527734), pairs_step=316800, pairs_total=12671994
[2026-03-01 01:30:50,204] INFO:fitness.free_loss_fidelity: RL4CO free-loss step 60/200: score=9.432245 (avg=10.755894), loss=168141.343750 (avg=182409.514063), pairs_step=316800, pairs_total=19007989
[2026-03-01 01:30:56,436] INFO:fitness.free_loss_fidelity: RL4CO free-loss step 80/200: score=9.216245 (avg=10.396176), loss=163371.171875 (avg=178619.912695), pairs_step=316800, pairs_total=25343985
[2026-03-01 01:31:02,644] INFO:fitness.free_loss_fidelity: RL4CO free-loss step 100/200: score=9.240438 (avg=10.169117), loss=163894.812500 (avg=176022.643906), pairs_step=316798, pairs_total=31679981
[2026-03-01 01:31:08,845] INFO:fitness.free_loss_fidelity: RL4CO free-loss step 120/200: score=9.098127 (avg=10.005578), loss=167048.281250 (avg=174203.294401), pairs_step=316800, pairs_total=38015977
[2026-03-01 01:31:15,050] INFO:fitness.free_loss_fidelity: RL4CO free-loss step 140/200: score=9.164398 (avg=9.881615), loss=169101.546875 (avg=172946.893862), pairs_step=316799, pairs_total=44351974
[2026-03-01 01:31:21,256] INFO:fitness.free_loss_fidelity: RL4CO free-loss step 160/200: score=9.073827 (avg=9.781176), loss=163270.687500 (avg=172107.997363), pairs_step=316800, pairs_total=50687969
[2026-03-01 01:31:27,473] INFO:fitness.free_loss_fidelity: RL4CO free-loss step 180/200: score=8.976427 (avg=9.697845), loss=164418.000000 (avg=171398.104253), pairs_step=316797, pairs_total=57023962
[2026-03-01 01:31:33,685] INFO:fitness.free_loss_fidelity: RL4CO free-loss step 200/200: score=8.992184 (avg=9.626836), loss=168764.265625 (avg=170975.039141), pairs_step=316800, pairs_total=63359956
[2026-03-01 01:31:34,785] WARNING:fitness.free_loss_fidelity: weights_only checkpoint load failed (UnpicklingError); retrying weights_only=False for /data1/gushengda/eam-rl4co/baseline/epoch_135.ckpt
[2026-03-01 01:31:34,822] INFO:fitness.free_loss_fidelity: Loaded init checkpoint into policy: path=/data1/gushengda/eam-rl4co/baseline/epoch_135.ckpt prefix=policy. matched=97 missing=0 unexpected=0
[2026-03-01 01:31:34,827] INFO:fitness.free_loss_fidelity: RL4CO free-loss (step-mode): f1_steps=200, f2_steps=0, total_steps=200, train_problem_size=100, rollouts=100, batch_size=64, device=cuda:0, env=tsp
[2026-03-01 01:31:35,150] INFO:fitness.free_loss_fidelity: RL4CO free-loss step 1/200: score=7.803347 (avg=7.803347), loss=211320.093750 (avg=211320.093750), pairs_step=315697, pairs_total=315697
[2026-03-01 01:31:41,056] INFO:fitness.free_loss_fidelity: RL4CO free-loss step 20/200: score=7.776855 (avg=7.809179), loss=209291.156250 (avg=210425.219531), pairs_step=315602, pairs_total=6318009
[2026-03-01 01:31:47,263] INFO:fitness.free_loss_fidelity: RL4CO free-loss step 40/200: score=7.814719 (avg=7.803007), loss=210440.375000 (avg=209741.411328), pairs_step=315836, pairs_total=12633637
[2026-03-01 01:31:53,507] INFO:fitness.free_loss_fidelity: RL4CO free-loss step 60/200: score=7.816463 (avg=7.799504), loss=203415.593750 (avg=208451.111458), pairs_step=315804, pairs_total=18952119
[2026-03-01 01:31:59,731] INFO:fitness.free_loss_fidelity: RL4CO free-loss step 80/200: score=7.799798 (avg=7.797802), loss=205482.250000 (avg=207224.931641), pairs_step=316177, pairs_total=25273614
[2026-03-01 01:32:05,948] INFO:fitness.free_loss_fidelity: RL4CO free-loss step 100/200: score=7.753325 (avg=7.798489), loss=201034.406250 (avg=206464.786719), pairs_step=315950, pairs_total=31595327
[2026-03-01 01:32:12,175] INFO:fitness.free_loss_fidelity: RL4CO free-loss step 120/200: score=7.770529 (avg=7.799719), loss=200997.125000 (avg=205642.007682), pairs_step=316194, pairs_total=37917530
[2026-03-01 01:32:18,385] INFO:fitness.free_loss_fidelity: RL4CO free-loss step 140/200: score=7.825543 (avg=7.800543), loss=198656.265625 (avg=204727.102121), pairs_step=315984, pairs_total=44239039
[2026-03-01 01:32:24,591] INFO:fitness.free_loss_fidelity: RL4CO free-loss step 160/200: score=7.795568 (avg=7.799780), loss=198761.468750 (avg=203884.215918), pairs_step=315824, pairs_total=50559872
[2026-03-01 01:32:30,811] INFO:fitness.free_loss_fidelity: RL4CO free-loss step 180/200: score=7.785325 (avg=7.798577), loss=195053.062500 (avg=203192.884462), pairs_step=316139, pairs_total=56880366
[2026-03-01 01:32:37,034] INFO:fitness.free_loss_fidelity: RL4CO free-loss step 200/200: score=7.808062 (avg=7.797410), loss=189830.187500 (avg=202317.775703), pairs_step=316155, pairs_total=63202846
[2026-03-01 01:32:38,135] WARNING:fitness.free_loss_fidelity: weights_only checkpoint load failed (UnpicklingError); retrying weights_only=False for /data1/gushengda/eam-rl4co/baseline/epoch_409.ckpt
[2026-03-01 01:32:38,173] INFO:fitness.free_loss_fidelity: Loaded init checkpoint into policy: path=/data1/gushengda/eam-rl4co/baseline/epoch_409.ckpt prefix=policy. matched=97 missing=0 unexpected=0
[2026-03-01 01:32:38,178] INFO:fitness.free_loss_fidelity: RL4CO free-loss (step-mode): f1_steps=200, f2_steps=0, total_steps=200, train_problem_size=100, rollouts=100, batch_size=64, device=cuda:0, env=tsp
[2026-03-01 01:32:38,522] INFO:fitness.free_loss_fidelity: RL4CO free-loss step 1/200: score=7.807477 (avg=7.807477), loss=59510.234375 (avg=59510.234375), pairs_step=315750, pairs_total=315750
[2026-03-01 01:32:44,436] INFO:fitness.free_loss_fidelity: RL4CO free-loss step 20/200: score=7.787746 (avg=7.808766), loss=55397.406250 (avg=56086.547266), pairs_step=316151, pairs_total=6320790
[2026-03-01 01:32:50,654] INFO:fitness.free_loss_fidelity: RL4CO free-loss step 40/200: score=7.809012 (avg=7.802212), loss=56131.242188 (avg=55976.472363), pairs_step=316087, pairs_total=12641618
[2026-03-01 01:32:56,857] INFO:fitness.free_loss_fidelity: RL4CO free-loss step 60/200: score=7.807277 (avg=7.798138), loss=57552.921875 (avg=55995.897266), pairs_step=315842, pairs_total=18961146
[2026-03-01 01:33:03,068] INFO:fitness.free_loss_fidelity: RL4CO free-loss step 80/200: score=7.792279 (avg=7.796605), loss=59310.242188 (avg=56505.026172), pairs_step=316084, pairs_total=25280949
[2026-03-01 01:33:09,286] INFO:fitness.free_loss_fidelity: RL4CO free-loss step 100/200: score=7.755003 (avg=7.797077), loss=57357.023438 (avg=56718.494336), pairs_step=315928, pairs_total=31600531
[2026-03-01 01:33:15,508] INFO:fitness.free_loss_fidelity: RL4CO free-loss step 120/200: score=7.772062 (avg=7.798299), loss=53146.074219 (avg=56506.906673), pairs_step=316022, pairs_total=37921029
[2026-03-01 01:33:21,710] INFO:fitness.free_loss_fidelity: RL4CO free-loss step 140/200: score=7.823227 (avg=7.799065), loss=54644.679688 (avg=56176.381501), pairs_step=315794, pairs_total=44242047
[2026-03-01 01:33:27,913] INFO:fitness.free_loss_fidelity: RL4CO free-loss step 160/200: score=7.789854 (avg=7.798125), loss=54664.281250 (avg=55897.326758), pairs_step=316186, pairs_total=50564049
[2026-03-01 01:33:34,119] INFO:fitness.free_loss_fidelity: RL4CO free-loss step 180/200: score=7.780671 (avg=7.796927), loss=52694.457031 (avg=55692.252257), pairs_step=315851, pairs_total=56883702
[2026-03-01 01:33:40,329] INFO:fitness.free_loss_fidelity: RL4CO free-loss step 200/200: score=7.808637 (avg=7.795606), loss=53529.218750 (avg=55485.942812), pairs_step=315619, pairs_total=63202674
