[2026-03-01 01:24:27,055] INFO:fitness.free_loss_fidelity: Stage3 offline mini-train start gen=6 pair_index=16 K=200 seed=12345 valid_sizes=[100] baseline_json=baseline/mini_eval/baseline_minitrain_tsp100_K200.json
[2026-03-01 01:24:27,073] INFO:fitness.free_loss_fidelity: RL4CO free-loss (step-mode): f1_steps=200, f2_steps=0, total_steps=200, train_problem_size=100, rollouts=100, batch_size=64, device=cuda:1, env=tsp
[2026-03-01 01:24:27,395] INFO:fitness.free_loss_fidelity: RL4CO free-loss step 1/200: score=36.122910 (avg=36.122910), loss=0.748141 (avg=0.748141), pairs_step=316800, pairs_total=316800
[2026-03-01 01:24:33,663] INFO:fitness.free_loss_fidelity: RL4CO free-loss step 20/200: score=9.921961 (avg=12.735232), loss=0.581854 (avg=0.594513), pairs_step=316800, pairs_total=6336000
[2026-03-01 01:24:40,249] INFO:fitness.free_loss_fidelity: RL4CO free-loss step 40/200: score=9.341829 (avg=11.122325), loss=0.596062 (avg=0.592251), pairs_step=316800, pairs_total=12671997
[2026-03-01 01:24:46,682] INFO:fitness.free_loss_fidelity: RL4CO free-loss step 60/200: score=9.127600 (avg=10.487223), loss=0.581458 (avg=0.589343), pairs_step=316800, pairs_total=19007994
[2026-03-01 01:24:53,345] INFO:fitness.free_loss_fidelity: RL4CO free-loss step 80/200: score=8.974283 (avg=10.122392), loss=0.570204 (avg=0.586087), pairs_step=316800, pairs_total=25343987
[2026-03-01 01:25:00,032] INFO:fitness.free_loss_fidelity: RL4CO free-loss step 100/200: score=8.803419 (avg=9.885918), loss=0.568063 (avg=0.583723), pairs_step=316800, pairs_total=31679985
[2026-03-01 01:25:06,757] INFO:fitness.free_loss_fidelity: RL4CO free-loss step 120/200: score=8.766713 (avg=9.713873), loss=0.586410 (avg=0.582755), pairs_step=316800, pairs_total=38015976
[2026-03-01 01:25:13,466] INFO:fitness.free_loss_fidelity: RL4CO free-loss step 140/200: score=8.745379 (avg=9.578494), loss=0.585695 (avg=0.582363), pairs_step=316800, pairs_total=44351972
[2026-03-01 01:25:20,202] INFO:fitness.free_loss_fidelity: RL4CO free-loss step 160/200: score=8.615945 (avg=9.463870), loss=0.583276 (avg=0.582620), pairs_step=316799, pairs_total=50687965
[2026-03-01 01:25:26,896] INFO:fitness.free_loss_fidelity: RL4CO free-loss step 180/200: score=8.593715 (avg=9.368342), loss=0.586483 (avg=0.583152), pairs_step=316799, pairs_total=57023958
[2026-03-01 01:25:33,583] INFO:fitness.free_loss_fidelity: RL4CO free-loss step 200/200: score=8.565387 (avg=9.286939), loss=0.596452 (avg=0.584056), pairs_step=316800, pairs_total=63359949
[2026-03-01 01:25:34,723] WARNING:fitness.free_loss_fidelity: weights_only checkpoint load failed (UnpicklingError); retrying weights_only=False for /data1/gushengda/eam-rl4co/baseline/epoch_135.ckpt
[2026-03-01 01:25:34,765] INFO:fitness.free_loss_fidelity: Loaded init checkpoint into policy: path=/data1/gushengda/eam-rl4co/baseline/epoch_135.ckpt prefix=policy. matched=97 missing=0 unexpected=0
[2026-03-01 01:25:34,771] INFO:fitness.free_loss_fidelity: RL4CO free-loss (step-mode): f1_steps=200, f2_steps=0, total_steps=200, train_problem_size=100, rollouts=100, batch_size=64, device=cuda:1, env=tsp
[2026-03-01 01:25:35,124] INFO:fitness.free_loss_fidelity: RL4CO free-loss step 1/200: score=7.803347 (avg=7.803347), loss=0.671868 (avg=0.671868), pairs_step=315697, pairs_total=315697
[2026-03-01 01:25:41,483] INFO:fitness.free_loss_fidelity: RL4CO free-loss step 20/200: score=7.780714 (avg=7.807974), loss=0.669635 (avg=0.670530), pairs_step=315772, pairs_total=6316422
[2026-03-01 01:25:48,216] INFO:fitness.free_loss_fidelity: RL4CO free-loss step 40/200: score=7.824080 (avg=7.803226), loss=0.675123 (avg=0.670631), pairs_step=315876, pairs_total=12630741
[2026-03-01 01:25:54,920] INFO:fitness.free_loss_fidelity: RL4CO free-loss step 60/200: score=7.815950 (avg=7.799417), loss=0.674607 (avg=0.670816), pairs_step=315525, pairs_total=18944619
[2026-03-01 01:26:01,615] INFO:fitness.free_loss_fidelity: RL4CO free-loss step 80/200: score=7.797751 (avg=7.797663), loss=0.672832 (avg=0.670923), pairs_step=315809, pairs_total=25259523
[2026-03-01 01:26:08,325] INFO:fitness.free_loss_fidelity: RL4CO free-loss step 100/200: score=7.756344 (avg=7.798528), loss=0.673410 (avg=0.670937), pairs_step=315917, pairs_total=31573081
[2026-03-01 01:26:15,026] INFO:fitness.free_loss_fidelity: RL4CO free-loss step 120/200: score=7.775677 (avg=7.799932), loss=0.671284 (avg=0.671000), pairs_step=315736, pairs_total=37887430
[2026-03-01 01:26:21,748] INFO:fitness.free_loss_fidelity: RL4CO free-loss step 140/200: score=7.832897 (avg=7.800923), loss=0.673255 (avg=0.670972), pairs_step=315598, pairs_total=44200944
[2026-03-01 01:26:28,447] INFO:fitness.free_loss_fidelity: RL4CO free-loss step 160/200: score=7.799510 (avg=7.800500), loss=0.670830 (avg=0.671027), pairs_step=315316, pairs_total=50512948
[2026-03-01 01:26:35,179] INFO:fitness.free_loss_fidelity: RL4CO free-loss step 180/200: score=7.786093 (avg=7.799455), loss=0.672451 (avg=0.671058), pairs_step=315323, pairs_total=56824501
[2026-03-01 01:26:41,896] INFO:fitness.free_loss_fidelity: RL4CO free-loss step 200/200: score=7.811216 (avg=7.798367), loss=0.668807 (avg=0.671114), pairs_step=315786, pairs_total=63136538
[2026-03-01 01:26:43,029] WARNING:fitness.free_loss_fidelity: weights_only checkpoint load failed (UnpicklingError); retrying weights_only=False for /data1/gushengda/eam-rl4co/baseline/epoch_409.ckpt
[2026-03-01 01:26:43,067] INFO:fitness.free_loss_fidelity: Loaded init checkpoint into policy: path=/data1/gushengda/eam-rl4co/baseline/epoch_409.ckpt prefix=policy. matched=97 missing=0 unexpected=0
[2026-03-01 01:26:43,072] INFO:fitness.free_loss_fidelity: RL4CO free-loss (step-mode): f1_steps=200, f2_steps=0, total_steps=200, train_problem_size=100, rollouts=100, batch_size=64, device=cuda:1, env=tsp
[2026-03-01 01:26:43,465] INFO:fitness.free_loss_fidelity: RL4CO free-loss step 1/200: score=7.807477 (avg=7.807477), loss=0.230774 (avg=0.230774), pairs_step=315750, pairs_total=315750
[2026-03-01 01:26:49,806] INFO:fitness.free_loss_fidelity: RL4CO free-loss step 20/200: score=7.784591 (avg=7.807860), loss=0.227407 (avg=0.226766), pairs_step=316135, pairs_total=6319757
[2026-03-01 01:26:56,490] INFO:fitness.free_loss_fidelity: RL4CO free-loss step 40/200: score=7.811319 (avg=7.801628), loss=0.210086 (avg=0.222666), pairs_step=316168, pairs_total=12638781
[2026-03-01 01:27:03,156] INFO:fitness.free_loss_fidelity: RL4CO free-loss step 60/200: score=7.811065 (avg=7.798402), loss=0.224892 (avg=0.218738), pairs_step=315844, pairs_total=18953784
[2026-03-01 01:27:09,817] INFO:fitness.free_loss_fidelity: RL4CO free-loss step 80/200: score=7.790808 (avg=7.796794), loss=0.266766 (avg=0.225188), pairs_step=315840, pairs_total=25269113
[2026-03-01 01:27:16,407] INFO:fitness.free_loss_fidelity: RL4CO free-loss step 100/200: score=7.753675 (avg=7.797596), loss=0.230161 (avg=0.230773), pairs_step=315808, pairs_total=31584971
[2026-03-01 01:27:22,792] INFO:fitness.free_loss_fidelity: RL4CO free-loss step 120/200: score=7.769553 (avg=7.799122), loss=0.197703 (avg=0.226968), pairs_step=315851, pairs_total=37901720
[2026-03-01 01:27:29,179] INFO:fitness.free_loss_fidelity: RL4CO free-loss step 140/200: score=7.827823 (avg=7.799965), loss=0.213936 (avg=0.223682), pairs_step=315855, pairs_total=44218248
[2026-03-01 01:27:35,588] INFO:fitness.free_loss_fidelity: RL4CO free-loss step 160/200: score=7.790603 (avg=7.799091), loss=0.266971 (avg=0.225971), pairs_step=315882, pairs_total=50533131
[2026-03-01 01:27:41,962] INFO:fitness.free_loss_fidelity: RL4CO free-loss step 180/200: score=7.780029 (avg=7.797955), loss=0.221216 (avg=0.228702), pairs_step=314616, pairs_total=56845978
[2026-03-01 01:27:48,340] INFO:fitness.free_loss_fidelity: RL4CO free-loss step 200/200: score=7.811889 (avg=7.796624), loss=0.199138 (avg=0.226566), pairs_step=315651, pairs_total=63160264
