[2026-02-28 23:50:14,236] INFO:fitness.free_loss_fidelity: Stage3 offline mini-train start gen=0 pair_index=6 K=200 seed=12345 valid_sizes=[100] baseline_json=baseline/mini_eval/baseline_minitrain_tsp100_K200.json
[2026-02-28 23:50:21,603] INFO:fitness.free_loss_fidelity: RL4CO free-loss (step-mode): f1_steps=200, f2_steps=0, total_steps=200, train_problem_size=100, rollouts=100, batch_size=64, device=cuda:3, env=tsp
[2026-02-28 23:50:22,983] INFO:fitness.free_loss_fidelity: RL4CO free-loss step 1/200: score=36.122910 (avg=36.122910), loss=0.830198 (avg=0.830198), pairs_step=316800, pairs_total=316800
[2026-02-28 23:50:29,624] INFO:fitness.free_loss_fidelity: RL4CO free-loss step 20/200: score=9.895755 (avg=12.738884), loss=0.620633 (avg=0.636993), pairs_step=316799, pairs_total=6335995
[2026-02-28 23:50:36,645] INFO:fitness.free_loss_fidelity: RL4CO free-loss step 40/200: score=9.386541 (avg=11.132702), loss=0.613612 (avg=0.626243), pairs_step=316800, pairs_total=12671993
[2026-02-28 23:50:43,654] INFO:fitness.free_loss_fidelity: RL4CO free-loss step 60/200: score=9.164022 (avg=10.495748), loss=0.605175 (avg=0.621049), pairs_step=316800, pairs_total=19007990
[2026-02-28 23:50:50,645] INFO:fitness.free_loss_fidelity: RL4CO free-loss step 80/200: score=8.980457 (avg=10.130443), loss=0.603758 (avg=0.616424), pairs_step=316800, pairs_total=25343985
[2026-02-28 23:50:57,644] INFO:fitness.free_loss_fidelity: RL4CO free-loss step 100/200: score=8.866947 (avg=9.897101), loss=0.603316 (avg=0.613376), pairs_step=316800, pairs_total=31679978
[2026-02-28 23:51:04,658] INFO:fitness.free_loss_fidelity: RL4CO free-loss step 120/200: score=8.795322 (avg=9.725431), loss=0.608109 (avg=0.611692), pairs_step=316800, pairs_total=38015973
[2026-02-28 23:51:11,669] INFO:fitness.free_loss_fidelity: RL4CO free-loss step 140/200: score=8.795527 (avg=9.592486), loss=0.605329 (avg=0.610916), pairs_step=316800, pairs_total=44351970
[2026-02-28 23:51:18,675] INFO:fitness.free_loss_fidelity: RL4CO free-loss step 160/200: score=8.638853 (avg=9.480075), loss=0.612302 (avg=0.610525), pairs_step=316800, pairs_total=50687965
[2026-02-28 23:51:25,700] INFO:fitness.free_loss_fidelity: RL4CO free-loss step 180/200: score=8.563119 (avg=9.384790), loss=0.613083 (avg=0.610774), pairs_step=316799, pairs_total=57023957
[2026-02-28 23:51:32,733] INFO:fitness.free_loss_fidelity: RL4CO free-loss step 200/200: score=8.609108 (avg=9.304247), loss=0.616002 (avg=0.611094), pairs_step=316800, pairs_total=63359955
[2026-02-28 23:51:34,051] WARNING:fitness.free_loss_fidelity: weights_only checkpoint load failed (UnpicklingError); retrying weights_only=False for /data1/gushengda/eam-rl4co/baseline/epoch_135.ckpt
[2026-02-28 23:51:34,102] INFO:fitness.free_loss_fidelity: Loaded init checkpoint into policy: path=/data1/gushengda/eam-rl4co/baseline/epoch_135.ckpt prefix=policy. matched=97 missing=0 unexpected=0
[2026-02-28 23:51:34,108] INFO:fitness.free_loss_fidelity: RL4CO free-loss (step-mode): f1_steps=200, f2_steps=0, total_steps=200, train_problem_size=100, rollouts=100, batch_size=64, device=cuda:3, env=tsp
[2026-02-28 23:51:34,467] INFO:fitness.free_loss_fidelity: RL4CO free-loss step 1/200: score=7.803347 (avg=7.803347), loss=0.678469 (avg=0.678469), pairs_step=315697, pairs_total=315697
[2026-02-28 23:51:41,161] INFO:fitness.free_loss_fidelity: RL4CO free-loss step 20/200: score=7.780122 (avg=7.808361), loss=0.677204 (avg=0.677950), pairs_step=316027, pairs_total=6316464
[2026-02-28 23:51:48,209] INFO:fitness.free_loss_fidelity: RL4CO free-loss step 40/200: score=7.822500 (avg=7.802051), loss=0.679525 (avg=0.677819), pairs_step=315658, pairs_total=12631986
[2026-02-28 23:51:55,269] INFO:fitness.free_loss_fidelity: RL4CO free-loss step 60/200: score=7.815962 (avg=7.799080), loss=0.680025 (avg=0.678228), pairs_step=315720, pairs_total=18947429
[2026-02-28 23:52:02,311] INFO:fitness.free_loss_fidelity: RL4CO free-loss step 80/200: score=7.798857 (avg=7.797860), loss=0.676187 (avg=0.678303), pairs_step=315759, pairs_total=25262020
[2026-02-28 23:52:09,365] INFO:fitness.free_loss_fidelity: RL4CO free-loss step 100/200: score=7.758793 (avg=7.798657), loss=0.676358 (avg=0.678216), pairs_step=315909, pairs_total=31576382
[2026-02-28 23:52:16,411] INFO:fitness.free_loss_fidelity: RL4CO free-loss step 120/200: score=7.770324 (avg=7.800104), loss=0.675517 (avg=0.678238), pairs_step=315829, pairs_total=37889003
[2026-02-28 23:52:23,458] INFO:fitness.free_loss_fidelity: RL4CO free-loss step 140/200: score=7.826691 (avg=7.801014), loss=0.678095 (avg=0.678226), pairs_step=315214, pairs_total=44201465
[2026-02-28 23:52:30,516] INFO:fitness.free_loss_fidelity: RL4CO free-loss step 160/200: score=7.794535 (avg=7.800479), loss=0.678163 (avg=0.678149), pairs_step=315315, pairs_total=50512092
[2026-02-28 23:52:37,567] INFO:fitness.free_loss_fidelity: RL4CO free-loss step 180/200: score=7.781837 (avg=7.799464), loss=0.678088 (avg=0.678064), pairs_step=315171, pairs_total=56822236
[2026-02-28 23:52:44,621] INFO:fitness.free_loss_fidelity: RL4CO free-loss step 200/200: score=7.811295 (avg=7.798448), loss=0.675773 (avg=0.678031), pairs_step=315395, pairs_total=63132473
[2026-02-28 23:52:45,935] WARNING:fitness.free_loss_fidelity: weights_only checkpoint load failed (UnpicklingError); retrying weights_only=False for /data1/gushengda/eam-rl4co/baseline/epoch_409.ckpt
[2026-02-28 23:52:45,979] INFO:fitness.free_loss_fidelity: Loaded init checkpoint into policy: path=/data1/gushengda/eam-rl4co/baseline/epoch_409.ckpt prefix=policy. matched=97 missing=0 unexpected=0
[2026-02-28 23:52:45,985] INFO:fitness.free_loss_fidelity: RL4CO free-loss (step-mode): f1_steps=200, f2_steps=0, total_steps=200, train_problem_size=100, rollouts=100, batch_size=64, device=cuda:3, env=tsp
[2026-02-28 23:52:46,343] INFO:fitness.free_loss_fidelity: RL4CO free-loss step 1/200: score=7.807477 (avg=7.807477), loss=0.218615 (avg=0.218615), pairs_step=315750, pairs_total=315750
[2026-02-28 23:52:53,047] INFO:fitness.free_loss_fidelity: RL4CO free-loss step 20/200: score=7.782641 (avg=7.808192), loss=0.210510 (avg=0.215541), pairs_step=316069, pairs_total=6320422
[2026-02-28 23:53:00,096] INFO:fitness.free_loss_fidelity: RL4CO free-loss step 40/200: score=7.814795 (avg=7.802066), loss=0.208727 (avg=0.212088), pairs_step=316082, pairs_total=12637262
[2026-02-28 23:53:07,147] INFO:fitness.free_loss_fidelity: RL4CO free-loss step 60/200: score=7.812924 (avg=7.798927), loss=0.213494 (avg=0.212015), pairs_step=315624, pairs_total=18953191
[2026-02-28 23:53:14,201] INFO:fitness.free_loss_fidelity: RL4CO free-loss step 80/200: score=7.793798 (avg=7.797287), loss=0.224077 (avg=0.212506), pairs_step=316047, pairs_total=25270242
[2026-02-28 23:53:21,256] INFO:fitness.free_loss_fidelity: RL4CO free-loss step 100/200: score=7.756181 (avg=7.797870), loss=0.228477 (avg=0.215672), pairs_step=315763, pairs_total=31586153
[2026-02-28 23:53:28,319] INFO:fitness.free_loss_fidelity: RL4CO free-loss step 120/200: score=7.773979 (avg=7.799394), loss=0.201690 (avg=0.216189), pairs_step=315908, pairs_total=37903156
[2026-02-28 23:53:35,375] INFO:fitness.free_loss_fidelity: RL4CO free-loss step 140/200: score=7.824910 (avg=7.800081), loss=0.202954 (avg=0.214155), pairs_step=315446, pairs_total=44217623
[2026-02-28 23:53:42,663] INFO:fitness.free_loss_fidelity: RL4CO free-loss step 160/200: score=7.797088 (avg=7.799263), loss=0.216950 (avg=0.213433), pairs_step=316054, pairs_total=50532849
[2026-02-28 23:53:49,732] INFO:fitness.free_loss_fidelity: RL4CO free-loss step 180/200: score=7.781615 (avg=7.798149), loss=0.228613 (avg=0.214397), pairs_step=315250, pairs_total=56846014
[2026-02-28 23:53:56,796] INFO:fitness.free_loss_fidelity: RL4CO free-loss step 200/200: score=7.808735 (avg=7.796916), loss=0.213336 (avg=0.215578), pairs_step=315199, pairs_total=63159028
