[2026-03-01 01:21:13,771] INFO:fitness.free_loss_fidelity: Stage3 offline mini-train start gen=6 pair_index=11 K=200 seed=12345 valid_sizes=[100] baseline_json=baseline/mini_eval/baseline_minitrain_tsp100_K200.json
[2026-03-01 01:21:13,789] INFO:fitness.free_loss_fidelity: RL4CO free-loss (step-mode): f1_steps=200, f2_steps=0, total_steps=200, train_problem_size=100, rollouts=100, batch_size=64, device=cuda:2, env=tsp
[2026-03-01 01:21:14,133] INFO:fitness.free_loss_fidelity: RL4CO free-loss step 1/200: score=36.122910 (avg=36.122910), loss=0.288772 (avg=0.288772), pairs_step=316800, pairs_total=316800
[2026-03-01 01:21:20,512] INFO:fitness.free_loss_fidelity: RL4CO free-loss step 20/200: score=9.792144 (avg=12.454588), loss=0.231648 (avg=0.232336), pairs_step=316800, pairs_total=6335995
[2026-03-01 01:21:27,216] INFO:fitness.free_loss_fidelity: RL4CO free-loss step 40/200: score=9.353000 (avg=10.953856), loss=0.240228 (avg=0.235450), pairs_step=316799, pairs_total=12671986
[2026-03-01 01:21:33,919] INFO:fitness.free_loss_fidelity: RL4CO free-loss step 60/200: score=9.135368 (avg=10.372277), loss=0.238396 (avg=0.236077), pairs_step=316800, pairs_total=19007983
[2026-03-01 01:21:40,627] INFO:fitness.free_loss_fidelity: RL4CO free-loss step 80/200: score=8.940819 (avg=10.034093), loss=0.229473 (avg=0.234993), pairs_step=316799, pairs_total=25343981
[2026-03-01 01:21:47,348] INFO:fitness.free_loss_fidelity: RL4CO free-loss step 100/200: score=8.781982 (avg=9.803146), loss=0.224858 (avg=0.233718), pairs_step=316800, pairs_total=31679973
[2026-03-01 01:21:54,066] INFO:fitness.free_loss_fidelity: RL4CO free-loss step 120/200: score=8.646641 (avg=9.631314), loss=0.234725 (avg=0.233303), pairs_step=316800, pairs_total=38015967
[2026-03-01 01:22:00,781] INFO:fitness.free_loss_fidelity: RL4CO free-loss step 140/200: score=8.630274 (avg=9.490916), loss=0.235169 (avg=0.233432), pairs_step=316800, pairs_total=44351960
[2026-03-01 01:22:07,507] INFO:fitness.free_loss_fidelity: RL4CO free-loss step 160/200: score=8.521427 (avg=9.375867), loss=0.238338 (avg=0.234126), pairs_step=316800, pairs_total=50687954
[2026-03-01 01:22:14,225] INFO:fitness.free_loss_fidelity: RL4CO free-loss step 180/200: score=8.459461 (avg=9.278648), loss=0.244354 (avg=0.234882), pairs_step=316800, pairs_total=57023951
[2026-03-01 01:22:20,955] INFO:fitness.free_loss_fidelity: RL4CO free-loss step 200/200: score=8.448917 (avg=9.196691), loss=0.242870 (avg=0.235770), pairs_step=316799, pairs_total=63359943
[2026-03-01 01:22:22,073] WARNING:fitness.free_loss_fidelity: weights_only checkpoint load failed (UnpicklingError); retrying weights_only=False for /data1/gushengda/eam-rl4co/baseline/epoch_135.ckpt
[2026-03-01 01:22:22,113] INFO:fitness.free_loss_fidelity: Loaded init checkpoint into policy: path=/data1/gushengda/eam-rl4co/baseline/epoch_135.ckpt prefix=policy. matched=97 missing=0 unexpected=0
[2026-03-01 01:22:22,118] INFO:fitness.free_loss_fidelity: RL4CO free-loss (step-mode): f1_steps=200, f2_steps=0, total_steps=200, train_problem_size=100, rollouts=100, batch_size=64, device=cuda:2, env=tsp
[2026-03-01 01:22:22,469] INFO:fitness.free_loss_fidelity: RL4CO free-loss step 1/200: score=7.803347 (avg=7.803347), loss=0.284741 (avg=0.284741), pairs_step=315697, pairs_total=315697
[2026-03-01 01:22:28,873] INFO:fitness.free_loss_fidelity: RL4CO free-loss step 20/200: score=7.783433 (avg=7.808726), loss=0.284272 (avg=0.284865), pairs_step=315568, pairs_total=6316210
[2026-03-01 01:22:35,609] INFO:fitness.free_loss_fidelity: RL4CO free-loss step 40/200: score=7.818792 (avg=7.802976), loss=0.284641 (avg=0.284890), pairs_step=315367, pairs_total=12628279
[2026-03-01 01:22:42,432] INFO:fitness.free_loss_fidelity: RL4CO free-loss step 60/200: score=7.815136 (avg=7.799808), loss=0.283495 (avg=0.285020), pairs_step=315423, pairs_total=18939798
[2026-03-01 01:22:49,192] INFO:fitness.free_loss_fidelity: RL4CO free-loss step 80/200: score=7.797044 (avg=7.798238), loss=0.284341 (avg=0.285090), pairs_step=315694, pairs_total=25252532
[2026-03-01 01:22:55,895] INFO:fitness.free_loss_fidelity: RL4CO free-loss step 100/200: score=7.757935 (avg=7.798880), loss=0.286462 (avg=0.285084), pairs_step=315583, pairs_total=31565053
[2026-03-01 01:23:02,616] INFO:fitness.free_loss_fidelity: RL4CO free-loss step 120/200: score=7.775398 (avg=7.800346), loss=0.286752 (avg=0.285086), pairs_step=315298, pairs_total=37876509
[2026-03-01 01:23:09,334] INFO:fitness.free_loss_fidelity: RL4CO free-loss step 140/200: score=7.831297 (avg=7.801488), loss=0.286343 (avg=0.285161), pairs_step=314997, pairs_total=44184772
[2026-03-01 01:23:16,050] INFO:fitness.free_loss_fidelity: RL4CO free-loss step 160/200: score=7.795934 (avg=7.800928), loss=0.287588 (avg=0.285214), pairs_step=315200, pairs_total=50493622
[2026-03-01 01:23:22,763] INFO:fitness.free_loss_fidelity: RL4CO free-loss step 180/200: score=7.781230 (avg=7.799626), loss=0.286168 (avg=0.285266), pairs_step=315186, pairs_total=56801639
[2026-03-01 01:23:29,480] INFO:fitness.free_loss_fidelity: RL4CO free-loss step 200/200: score=7.811038 (avg=7.798462), loss=0.284844 (avg=0.285298), pairs_step=315419, pairs_total=63109385
[2026-03-01 01:23:30,599] WARNING:fitness.free_loss_fidelity: weights_only checkpoint load failed (UnpicklingError); retrying weights_only=False for /data1/gushengda/eam-rl4co/baseline/epoch_409.ckpt
[2026-03-01 01:23:30,637] INFO:fitness.free_loss_fidelity: Loaded init checkpoint into policy: path=/data1/gushengda/eam-rl4co/baseline/epoch_409.ckpt prefix=policy. matched=97 missing=0 unexpected=0
[2026-03-01 01:23:30,642] INFO:fitness.free_loss_fidelity: RL4CO free-loss (step-mode): f1_steps=200, f2_steps=0, total_steps=200, train_problem_size=100, rollouts=100, batch_size=64, device=cuda:2, env=tsp
[2026-03-01 01:23:30,993] INFO:fitness.free_loss_fidelity: RL4CO free-loss step 1/200: score=7.807477 (avg=7.807477), loss=0.123975 (avg=0.123975), pairs_step=315750, pairs_total=315750
[2026-03-01 01:23:37,618] INFO:fitness.free_loss_fidelity: RL4CO free-loss step 20/200: score=7.786997 (avg=7.809901), loss=0.106290 (avg=0.109447), pairs_step=316010, pairs_total=6318224
[2026-03-01 01:23:44,345] INFO:fitness.free_loss_fidelity: RL4CO free-loss step 40/200: score=7.816117 (avg=7.803845), loss=0.104061 (avg=0.108204), pairs_step=316020, pairs_total=12636494
[2026-03-01 01:23:51,067] INFO:fitness.free_loss_fidelity: RL4CO free-loss step 60/200: score=7.811038 (avg=7.800327), loss=0.102153 (avg=0.107138), pairs_step=315724, pairs_total=18952545
[2026-03-01 01:23:57,764] INFO:fitness.free_loss_fidelity: RL4CO free-loss step 80/200: score=7.802621 (avg=7.798693), loss=0.102566 (avg=0.105960), pairs_step=315848, pairs_total=25270908
[2026-03-01 01:24:04,476] INFO:fitness.free_loss_fidelity: RL4CO free-loss step 100/200: score=7.757685 (avg=7.799390), loss=0.100788 (avg=0.105157), pairs_step=316014, pairs_total=31591445
[2026-03-01 01:24:11,209] INFO:fitness.free_loss_fidelity: RL4CO free-loss step 120/200: score=7.776009 (avg=7.801096), loss=0.100699 (avg=0.104442), pairs_step=316038, pairs_total=37913286
[2026-03-01 01:24:17,915] INFO:fitness.free_loss_fidelity: RL4CO free-loss step 140/200: score=7.827336 (avg=7.802106), loss=0.101069 (avg=0.103990), pairs_step=316003, pairs_total=44235739
[2026-03-01 01:24:24,621] INFO:fitness.free_loss_fidelity: RL4CO free-loss step 160/200: score=7.798175 (avg=7.801457), loss=0.107472 (avg=0.104116), pairs_step=316412, pairs_total=50560563
[2026-03-01 01:24:31,338] INFO:fitness.free_loss_fidelity: RL4CO free-loss step 180/200: score=7.788052 (avg=7.800478), loss=0.114777 (avg=0.104835), pairs_step=316206, pairs_total=56887069
[2026-03-01 01:24:38,067] INFO:fitness.free_loss_fidelity: RL4CO free-loss step 200/200: score=7.818632 (avg=7.799364), loss=0.129801 (avg=0.106611), pairs_step=316449, pairs_total=63216103
