[2026-03-01 01:49:08,431] INFO:fitness.free_loss_fidelity: Stage3 offline mini-train start gen=7 pair_index=24 K=200 seed=12345 valid_sizes=[100] baseline_json=baseline/mini_eval/baseline_minitrain_tsp100_K200.json
[2026-03-01 01:49:08,449] INFO:fitness.free_loss_fidelity: RL4CO free-loss (step-mode): f1_steps=200, f2_steps=0, total_steps=200, train_problem_size=100, rollouts=100, batch_size=64, device=cuda:3, env=tsp
[2026-03-01 01:49:08,765] INFO:fitness.free_loss_fidelity: RL4CO free-loss step 1/200: score=36.122910 (avg=36.122910), loss=0.809697 (avg=0.809697), pairs_step=316800, pairs_total=316800
[2026-03-01 01:49:14,637] INFO:fitness.free_loss_fidelity: RL4CO free-loss step 20/200: score=10.030173 (avg=12.954271), loss=0.545482 (avg=0.575695), pairs_step=316800, pairs_total=6335998
[2026-03-01 01:49:20,828] INFO:fitness.free_loss_fidelity: RL4CO free-loss step 40/200: score=9.470831 (avg=11.279035), loss=0.542479 (avg=0.560741), pairs_step=316800, pairs_total=12671994
[2026-03-01 01:49:27,009] INFO:fitness.free_loss_fidelity: RL4CO free-loss step 60/200: score=9.238070 (avg=10.618702), loss=0.527571 (avg=0.554354), pairs_step=316800, pairs_total=19007990
[2026-03-01 01:49:33,389] INFO:fitness.free_loss_fidelity: RL4CO free-loss step 80/200: score=9.040072 (avg=10.246153), loss=0.533243 (avg=0.548424), pairs_step=316800, pairs_total=25343985
[2026-03-01 01:49:39,579] INFO:fitness.free_loss_fidelity: RL4CO free-loss step 100/200: score=8.956072 (avg=10.005098), loss=0.533697 (avg=0.544338), pairs_step=316800, pairs_total=31679981
[2026-03-01 01:49:45,763] INFO:fitness.free_loss_fidelity: RL4CO free-loss step 120/200: score=8.911295 (avg=9.835793), loss=0.523881 (avg=0.541966), pairs_step=316800, pairs_total=38015977
[2026-03-01 01:49:51,946] INFO:fitness.free_loss_fidelity: RL4CO free-loss step 140/200: score=8.912517 (avg=9.704466), loss=0.526952 (avg=0.540206), pairs_step=316800, pairs_total=44351972
[2026-03-01 01:49:58,129] INFO:fitness.free_loss_fidelity: RL4CO free-loss step 160/200: score=8.826565 (avg=9.598484), loss=0.530327 (avg=0.539694), pairs_step=316800, pairs_total=50687965
[2026-03-01 01:50:04,311] INFO:fitness.free_loss_fidelity: RL4CO free-loss step 180/200: score=8.730974 (avg=9.506680), loss=0.540360 (avg=0.539661), pairs_step=316800, pairs_total=57023956
[2026-03-01 01:50:10,488] INFO:fitness.free_loss_fidelity: RL4CO free-loss step 200/200: score=8.700663 (avg=9.427327), loss=0.545232 (avg=0.539746), pairs_step=316799, pairs_total=63359950
[2026-03-01 01:50:11,588] WARNING:fitness.free_loss_fidelity: weights_only checkpoint load failed (UnpicklingError); retrying weights_only=False for /data1/gushengda/eam-rl4co/baseline/epoch_135.ckpt
[2026-03-01 01:50:11,627] INFO:fitness.free_loss_fidelity: Loaded init checkpoint into policy: path=/data1/gushengda/eam-rl4co/baseline/epoch_135.ckpt prefix=policy. matched=97 missing=0 unexpected=0
[2026-03-01 01:50:11,632] INFO:fitness.free_loss_fidelity: RL4CO free-loss (step-mode): f1_steps=200, f2_steps=0, total_steps=200, train_problem_size=100, rollouts=100, batch_size=64, device=cuda:3, env=tsp
[2026-03-01 01:50:11,946] INFO:fitness.free_loss_fidelity: RL4CO free-loss step 1/200: score=7.803347 (avg=7.803347), loss=0.662565 (avg=0.662565), pairs_step=315697, pairs_total=315697
[2026-03-01 01:50:17,808] INFO:fitness.free_loss_fidelity: RL4CO free-loss step 20/200: score=7.778241 (avg=7.810166), loss=0.655155 (avg=0.659292), pairs_step=315989, pairs_total=6316594
[2026-03-01 01:50:23,980] INFO:fitness.free_loss_fidelity: RL4CO free-loss step 40/200: score=7.818559 (avg=7.804343), loss=0.655984 (avg=0.657597), pairs_step=315833, pairs_total=12629765
[2026-03-01 01:50:30,152] INFO:fitness.free_loss_fidelity: RL4CO free-loss step 60/200: score=7.820070 (avg=7.801142), loss=0.656955 (avg=0.657244), pairs_step=315917, pairs_total=18944527
[2026-03-01 01:50:36,324] INFO:fitness.free_loss_fidelity: RL4CO free-loss step 80/200: score=7.798259 (avg=7.799868), loss=0.653359 (avg=0.656309), pairs_step=315954, pairs_total=25259364
[2026-03-01 01:50:42,501] INFO:fitness.free_loss_fidelity: RL4CO free-loss step 100/200: score=7.759976 (avg=7.800580), loss=0.653177 (avg=0.655543), pairs_step=316000, pairs_total=31576636
[2026-03-01 01:50:48,681] INFO:fitness.free_loss_fidelity: RL4CO free-loss step 120/200: score=7.773054 (avg=7.802000), loss=0.647737 (avg=0.654984), pairs_step=315465, pairs_total=37891603
[2026-03-01 01:50:54,861] INFO:fitness.free_loss_fidelity: RL4CO free-loss step 140/200: score=7.831125 (avg=7.802786), loss=0.649674 (avg=0.654330), pairs_step=315680, pairs_total=44205953
[2026-03-01 01:51:01,061] INFO:fitness.free_loss_fidelity: RL4CO free-loss step 160/200: score=7.792784 (avg=7.801880), loss=0.649999 (avg=0.653646), pairs_step=315727, pairs_total=50521899
[2026-03-01 01:51:07,248] INFO:fitness.free_loss_fidelity: RL4CO free-loss step 180/200: score=7.788132 (avg=7.800619), loss=0.647779 (avg=0.653171), pairs_step=315267, pairs_total=56833674
[2026-03-01 01:51:13,439] INFO:fitness.free_loss_fidelity: RL4CO free-loss step 200/200: score=7.806859 (avg=7.799321), loss=0.643769 (avg=0.652258), pairs_step=315700, pairs_total=63148797
[2026-03-01 01:51:14,538] WARNING:fitness.free_loss_fidelity: weights_only checkpoint load failed (UnpicklingError); retrying weights_only=False for /data1/gushengda/eam-rl4co/baseline/epoch_409.ckpt
[2026-03-01 01:51:14,574] INFO:fitness.free_loss_fidelity: Loaded init checkpoint into policy: path=/data1/gushengda/eam-rl4co/baseline/epoch_409.ckpt prefix=policy. matched=97 missing=0 unexpected=0
[2026-03-01 01:51:14,579] INFO:fitness.free_loss_fidelity: RL4CO free-loss (step-mode): f1_steps=200, f2_steps=0, total_steps=200, train_problem_size=100, rollouts=100, batch_size=64, device=cuda:3, env=tsp
[2026-03-01 01:51:14,901] INFO:fitness.free_loss_fidelity: RL4CO free-loss step 1/200: score=7.807477 (avg=7.807477), loss=0.217515 (avg=0.217515), pairs_step=315750, pairs_total=315750
[2026-03-01 01:51:20,782] INFO:fitness.free_loss_fidelity: RL4CO free-loss step 20/200: score=7.778197 (avg=7.807530), loss=0.219592 (avg=0.214936), pairs_step=316014, pairs_total=6317755
[2026-03-01 01:51:26,966] INFO:fitness.free_loss_fidelity: RL4CO free-loss step 40/200: score=7.818073 (avg=7.801927), loss=0.204996 (avg=0.212392), pairs_step=316140, pairs_total=12635924
[2026-03-01 01:51:33,150] INFO:fitness.free_loss_fidelity: RL4CO free-loss step 60/200: score=7.811357 (avg=7.798462), loss=0.212746 (avg=0.210663), pairs_step=315558, pairs_total=18950244
[2026-03-01 01:51:39,321] INFO:fitness.free_loss_fidelity: RL4CO free-loss step 80/200: score=7.794897 (avg=7.796655), loss=0.225149 (avg=0.212532), pairs_step=315936, pairs_total=25265622
[2026-03-01 01:51:45,499] INFO:fitness.free_loss_fidelity: RL4CO free-loss step 100/200: score=7.756486 (avg=7.797403), loss=0.223773 (avg=0.215308), pairs_step=315470, pairs_total=31580375
[2026-03-01 01:51:51,675] INFO:fitness.free_loss_fidelity: RL4CO free-loss step 120/200: score=7.770123 (avg=7.798947), loss=0.198370 (avg=0.214081), pairs_step=315632, pairs_total=37896362
[2026-03-01 01:51:57,850] INFO:fitness.free_loss_fidelity: RL4CO free-loss step 140/200: score=7.825879 (avg=7.800043), loss=0.212274 (avg=0.212621), pairs_step=315478, pairs_total=44208724
[2026-03-01 01:52:04,218] INFO:fitness.free_loss_fidelity: RL4CO free-loss step 160/200: score=7.796053 (avg=7.799513), loss=0.227933 (avg=0.213469), pairs_step=315579, pairs_total=50520532
[2026-03-01 01:52:10,385] INFO:fitness.free_loss_fidelity: RL4CO free-loss step 180/200: score=7.786879 (avg=7.798436), loss=0.220094 (avg=0.214728), pairs_step=314963, pairs_total=56833580
[2026-03-01 01:52:16,555] INFO:fitness.free_loss_fidelity: RL4CO free-loss step 200/200: score=7.813565 (avg=7.797178), loss=0.199797 (avg=0.214174), pairs_step=315509, pairs_total=63147869
