[2026-03-01 02:36:10,477] INFO:fitness.free_loss_fidelity: Stage3 offline mini-train start gen=9 pair_index=10 K=200 seed=12345 valid_sizes=[100] baseline_json=baseline/mini_eval/baseline_minitrain_tsp100_K200.json
[2026-03-01 02:36:10,499] INFO:fitness.free_loss_fidelity: RL4CO free-loss (step-mode): f1_steps=200, f2_steps=0, total_steps=200, train_problem_size=100, rollouts=100, batch_size=64, device=cuda:2, env=tsp
[2026-03-01 02:36:10,819] INFO:fitness.free_loss_fidelity: RL4CO free-loss step 1/200: score=36.122910 (avg=36.122910), loss=0.737423 (avg=0.737423), pairs_step=316800, pairs_total=316800
[2026-03-01 02:36:16,758] INFO:fitness.free_loss_fidelity: RL4CO free-loss step 20/200: score=9.753147 (avg=12.649034), loss=0.585150 (avg=0.596223), pairs_step=316799, pairs_total=6335997
[2026-03-01 02:36:23,034] INFO:fitness.free_loss_fidelity: RL4CO free-loss step 40/200: score=9.310226 (avg=11.046523), loss=0.594585 (avg=0.593754), pairs_step=316800, pairs_total=12671993
[2026-03-01 02:36:29,300] INFO:fitness.free_loss_fidelity: RL4CO free-loss step 60/200: score=9.105534 (avg=10.424085), loss=0.577138 (avg=0.590538), pairs_step=316799, pairs_total=19007988
[2026-03-01 02:36:35,579] INFO:fitness.free_loss_fidelity: RL4CO free-loss step 80/200: score=8.908659 (avg=10.069371), loss=0.579772 (avg=0.587236), pairs_step=316800, pairs_total=25343986
[2026-03-01 02:36:41,860] INFO:fitness.free_loss_fidelity: RL4CO free-loss step 100/200: score=8.794659 (avg=9.834869), loss=0.579215 (avg=0.585138), pairs_step=316798, pairs_total=31679983
[2026-03-01 02:36:48,180] INFO:fitness.free_loss_fidelity: RL4CO free-loss step 120/200: score=8.724092 (avg=9.665242), loss=0.582131 (avg=0.584089), pairs_step=316800, pairs_total=38015980
[2026-03-01 02:36:54,469] INFO:fitness.free_loss_fidelity: RL4CO free-loss step 140/200: score=8.706631 (avg=9.531578), loss=0.585976 (avg=0.583680), pairs_step=316800, pairs_total=44351975
[2026-03-01 02:37:00,738] INFO:fitness.free_loss_fidelity: RL4CO free-loss step 160/200: score=8.575607 (avg=9.419164), loss=0.591446 (avg=0.584201), pairs_step=316800, pairs_total=50687970
[2026-03-01 02:37:07,024] INFO:fitness.free_loss_fidelity: RL4CO free-loss step 180/200: score=8.552607 (avg=9.325210), loss=0.587097 (avg=0.584999), pairs_step=316799, pairs_total=57023963
[2026-03-01 02:37:13,251] INFO:fitness.free_loss_fidelity: RL4CO free-loss step 200/200: score=8.552958 (avg=9.246472), loss=0.595887 (avg=0.585964), pairs_step=316800, pairs_total=63359962
[2026-03-01 02:37:14,357] WARNING:fitness.free_loss_fidelity: weights_only checkpoint load failed (UnpicklingError); retrying weights_only=False for /data1/gushengda/eam-rl4co/baseline/epoch_135.ckpt
[2026-03-01 02:37:14,395] INFO:fitness.free_loss_fidelity: Loaded init checkpoint into policy: path=/data1/gushengda/eam-rl4co/baseline/epoch_135.ckpt prefix=policy. matched=97 missing=0 unexpected=0
[2026-03-01 02:37:14,400] INFO:fitness.free_loss_fidelity: RL4CO free-loss (step-mode): f1_steps=200, f2_steps=0, total_steps=200, train_problem_size=100, rollouts=100, batch_size=64, device=cuda:2, env=tsp
[2026-03-01 02:37:14,734] INFO:fitness.free_loss_fidelity: RL4CO free-loss step 1/200: score=7.803347 (avg=7.803347), loss=0.658771 (avg=0.658771), pairs_step=315697, pairs_total=315697
[2026-03-01 02:37:20,625] INFO:fitness.free_loss_fidelity: RL4CO free-loss step 20/200: score=7.781433 (avg=7.808217), loss=0.657442 (avg=0.657580), pairs_step=315949, pairs_total=6316258
[2026-03-01 02:37:26,827] INFO:fitness.free_loss_fidelity: RL4CO free-loss step 40/200: score=7.816535 (avg=7.802138), loss=0.662778 (avg=0.657796), pairs_step=315709, pairs_total=12631298
[2026-03-01 02:37:33,021] INFO:fitness.free_loss_fidelity: RL4CO free-loss step 60/200: score=7.813385 (avg=7.798940), loss=0.657890 (avg=0.658355), pairs_step=315594, pairs_total=18944006
[2026-03-01 02:37:39,224] INFO:fitness.free_loss_fidelity: RL4CO free-loss step 80/200: score=7.795659 (avg=7.797526), loss=0.660651 (avg=0.658567), pairs_step=315804, pairs_total=25258496
[2026-03-01 02:37:45,425] INFO:fitness.free_loss_fidelity: RL4CO free-loss step 100/200: score=7.755485 (avg=7.798512), loss=0.663483 (avg=0.658774), pairs_step=315950, pairs_total=31571294
[2026-03-01 02:37:51,646] INFO:fitness.free_loss_fidelity: RL4CO free-loss step 120/200: score=7.775969 (avg=7.799821), loss=0.660933 (avg=0.658943), pairs_step=315616, pairs_total=37884062
[2026-03-01 02:37:57,850] INFO:fitness.free_loss_fidelity: RL4CO free-loss step 140/200: score=7.829556 (avg=7.800884), loss=0.662001 (avg=0.659055), pairs_step=315704, pairs_total=44196336
[2026-03-01 02:38:04,054] INFO:fitness.free_loss_fidelity: RL4CO free-loss step 160/200: score=7.797304 (avg=7.800261), loss=0.659886 (avg=0.659313), pairs_step=315223, pairs_total=50507532
[2026-03-01 02:38:10,252] INFO:fitness.free_loss_fidelity: RL4CO free-loss step 180/200: score=7.785717 (avg=7.799198), loss=0.657347 (avg=0.659396), pairs_step=314871, pairs_total=56818644
[2026-03-01 02:38:16,447] INFO:fitness.free_loss_fidelity: RL4CO free-loss step 200/200: score=7.812069 (avg=7.798150), loss=0.658360 (avg=0.659423), pairs_step=315372, pairs_total=63127706
[2026-03-01 02:38:17,555] WARNING:fitness.free_loss_fidelity: weights_only checkpoint load failed (UnpicklingError); retrying weights_only=False for /data1/gushengda/eam-rl4co/baseline/epoch_409.ckpt
[2026-03-01 02:38:17,592] INFO:fitness.free_loss_fidelity: Loaded init checkpoint into policy: path=/data1/gushengda/eam-rl4co/baseline/epoch_409.ckpt prefix=policy. matched=97 missing=0 unexpected=0
[2026-03-01 02:38:17,597] INFO:fitness.free_loss_fidelity: RL4CO free-loss (step-mode): f1_steps=200, f2_steps=0, total_steps=200, train_problem_size=100, rollouts=100, batch_size=64, device=cuda:2, env=tsp
[2026-03-01 02:38:17,913] INFO:fitness.free_loss_fidelity: RL4CO free-loss step 1/200: score=7.807477 (avg=7.807477), loss=0.194067 (avg=0.194067), pairs_step=315750, pairs_total=315750
[2026-03-01 02:38:23,799] INFO:fitness.free_loss_fidelity: RL4CO free-loss step 20/200: score=7.780623 (avg=7.808835), loss=0.195922 (avg=0.193848), pairs_step=315810, pairs_total=6318277
[2026-03-01 02:38:30,005] INFO:fitness.free_loss_fidelity: RL4CO free-loss step 40/200: score=7.818458 (avg=7.803352), loss=0.193774 (avg=0.192747), pairs_step=315934, pairs_total=12634296
[2026-03-01 02:38:36,219] INFO:fitness.free_loss_fidelity: RL4CO free-loss step 60/200: score=7.812174 (avg=7.799552), loss=0.191575 (avg=0.191374), pairs_step=315381, pairs_total=18948621
[2026-03-01 02:38:42,440] INFO:fitness.free_loss_fidelity: RL4CO free-loss step 80/200: score=7.791049 (avg=7.797660), loss=0.205648 (avg=0.193936), pairs_step=315750, pairs_total=25263140
[2026-03-01 02:38:48,647] INFO:fitness.free_loss_fidelity: RL4CO free-loss step 100/200: score=7.755755 (avg=7.798364), loss=0.207837 (avg=0.196868), pairs_step=315607, pairs_total=31578040
[2026-03-01 02:38:54,864] INFO:fitness.free_loss_fidelity: RL4CO free-loss step 120/200: score=7.781102 (avg=7.799640), loss=0.192510 (avg=0.197141), pairs_step=315487, pairs_total=37892766
[2026-03-01 02:39:01,049] INFO:fitness.free_loss_fidelity: RL4CO free-loss step 140/200: score=7.831211 (avg=7.800409), loss=0.191371 (avg=0.196593), pairs_step=315286, pairs_total=44206144
[2026-03-01 02:39:07,253] INFO:fitness.free_loss_fidelity: RL4CO free-loss step 160/200: score=7.793223 (avg=7.799622), loss=0.201213 (avg=0.196768), pairs_step=315844, pairs_total=50522084
[2026-03-01 02:39:13,493] INFO:fitness.free_loss_fidelity: RL4CO free-loss step 180/200: score=7.785846 (avg=7.798526), loss=0.194221 (avg=0.196711), pairs_step=314932, pairs_total=56833841
[2026-03-01 02:39:19,752] INFO:fitness.free_loss_fidelity: RL4CO free-loss step 200/200: score=7.810578 (avg=7.797297), loss=0.193598 (avg=0.196259), pairs_step=315186, pairs_total=63146634
