[2026-03-01 01:28:04,065] INFO:fitness.free_loss_fidelity: Stage3 offline mini-train start gen=6 pair_index=28 K=200 seed=12345 valid_sizes=[100] baseline_json=baseline/mini_eval/baseline_minitrain_tsp100_K200.json
[2026-03-01 01:28:04,086] INFO:fitness.free_loss_fidelity: RL4CO free-loss (step-mode): f1_steps=200, f2_steps=0, total_steps=200, train_problem_size=100, rollouts=100, batch_size=64, device=cuda:2, env=tsp
[2026-03-01 01:28:04,420] INFO:fitness.free_loss_fidelity: RL4CO free-loss step 1/200: score=36.122910 (avg=36.122910), loss=1.031149 (avg=1.031149), pairs_step=316800, pairs_total=316800
[2026-03-01 01:28:10,818] INFO:fitness.free_loss_fidelity: RL4CO free-loss step 20/200: score=9.845519 (avg=12.572183), loss=0.852733 (avg=0.861914), pairs_step=316800, pairs_total=6335995
[2026-03-01 01:28:17,544] INFO:fitness.free_loss_fidelity: RL4CO free-loss step 40/200: score=9.318749 (avg=11.022222), loss=0.864673 (avg=0.861736), pairs_step=316800, pairs_total=12671988
[2026-03-01 01:28:24,250] INFO:fitness.free_loss_fidelity: RL4CO free-loss step 60/200: score=9.151274 (avg=10.414242), loss=0.852280 (avg=0.859892), pairs_step=316800, pairs_total=19007984
[2026-03-01 01:28:31,158] INFO:fitness.free_loss_fidelity: RL4CO free-loss step 80/200: score=8.930089 (avg=10.059602), loss=0.847649 (avg=0.855709), pairs_step=316800, pairs_total=25343978
[2026-03-01 01:28:37,893] INFO:fitness.free_loss_fidelity: RL4CO free-loss step 100/200: score=8.766305 (avg=9.824201), loss=0.850401 (avg=0.853112), pairs_step=316800, pairs_total=31679974
[2026-03-01 01:28:44,585] INFO:fitness.free_loss_fidelity: RL4CO free-loss step 120/200: score=8.709347 (avg=9.656746), loss=0.852091 (avg=0.851735), pairs_step=316798, pairs_total=38015967
[2026-03-01 01:28:51,308] INFO:fitness.free_loss_fidelity: RL4CO free-loss step 140/200: score=8.700691 (avg=9.520056), loss=0.845280 (avg=0.851768), pairs_step=316800, pairs_total=44351962
[2026-03-01 01:28:58,034] INFO:fitness.free_loss_fidelity: RL4CO free-loss step 160/200: score=8.556124 (avg=9.405801), loss=0.861157 (avg=0.852850), pairs_step=316799, pairs_total=50687958
[2026-03-01 01:29:04,757] INFO:fitness.free_loss_fidelity: RL4CO free-loss step 180/200: score=8.500592 (avg=9.308891), loss=0.872202 (avg=0.854330), pairs_step=316800, pairs_total=57023952
[2026-03-01 01:29:11,464] INFO:fitness.free_loss_fidelity: RL4CO free-loss step 200/200: score=8.517128 (avg=9.226949), loss=0.872806 (avg=0.855647), pairs_step=316800, pairs_total=63359946
[2026-03-01 01:29:12,583] WARNING:fitness.free_loss_fidelity: weights_only checkpoint load failed (UnpicklingError); retrying weights_only=False for /data1/gushengda/eam-rl4co/baseline/epoch_135.ckpt
[2026-03-01 01:29:12,623] INFO:fitness.free_loss_fidelity: Loaded init checkpoint into policy: path=/data1/gushengda/eam-rl4co/baseline/epoch_135.ckpt prefix=policy. matched=97 missing=0 unexpected=0
[2026-03-01 01:29:12,628] INFO:fitness.free_loss_fidelity: RL4CO free-loss (step-mode): f1_steps=200, f2_steps=0, total_steps=200, train_problem_size=100, rollouts=100, batch_size=64, device=cuda:2, env=tsp
[2026-03-01 01:29:13,013] INFO:fitness.free_loss_fidelity: RL4CO free-loss step 1/200: score=7.803347 (avg=7.803347), loss=0.938334 (avg=0.938334), pairs_step=315697, pairs_total=315697
[2026-03-01 01:29:19,394] INFO:fitness.free_loss_fidelity: RL4CO free-loss step 20/200: score=7.783967 (avg=7.809324), loss=0.941932 (avg=0.940724), pairs_step=315889, pairs_total=6316540
[2026-03-01 01:29:26,105] INFO:fitness.free_loss_fidelity: RL4CO free-loss step 40/200: score=7.815569 (avg=7.802183), loss=0.939546 (avg=0.942060), pairs_step=315669, pairs_total=12631958
[2026-03-01 01:29:32,821] INFO:fitness.free_loss_fidelity: RL4CO free-loss step 60/200: score=7.818398 (avg=7.798538), loss=0.950863 (avg=0.942791), pairs_step=315552, pairs_total=18945533
[2026-03-01 01:29:39,592] INFO:fitness.free_loss_fidelity: RL4CO free-loss step 80/200: score=7.798479 (avg=7.797355), loss=0.944353 (avg=0.943034), pairs_step=315981, pairs_total=25259613
[2026-03-01 01:29:46,303] INFO:fitness.free_loss_fidelity: RL4CO free-loss step 100/200: score=7.759271 (avg=7.798173), loss=0.946883 (avg=0.943223), pairs_step=315627, pairs_total=31573961
[2026-03-01 01:29:53,024] INFO:fitness.free_loss_fidelity: RL4CO free-loss step 120/200: score=7.773692 (avg=7.799931), loss=0.939039 (avg=0.943404), pairs_step=315070, pairs_total=37885983
[2026-03-01 01:29:59,734] INFO:fitness.free_loss_fidelity: RL4CO free-loss step 140/200: score=7.827509 (avg=7.801029), loss=0.946500 (avg=0.943938), pairs_step=315735, pairs_total=44197171
[2026-03-01 01:30:06,426] INFO:fitness.free_loss_fidelity: RL4CO free-loss step 160/200: score=7.795564 (avg=7.800520), loss=0.947717 (avg=0.944215), pairs_step=315201, pairs_total=50508089
[2026-03-01 01:30:13,151] INFO:fitness.free_loss_fidelity: RL4CO free-loss step 180/200: score=7.786545 (avg=7.799441), loss=0.945892 (avg=0.944406), pairs_step=315531, pairs_total=56821385
[2026-03-01 01:30:19,866] INFO:fitness.free_loss_fidelity: RL4CO free-loss step 200/200: score=7.814527 (avg=7.798427), loss=0.945095 (avg=0.944740), pairs_step=315596, pairs_total=63131761
[2026-03-01 01:30:20,982] WARNING:fitness.free_loss_fidelity: weights_only checkpoint load failed (UnpicklingError); retrying weights_only=False for /data1/gushengda/eam-rl4co/baseline/epoch_409.ckpt
[2026-03-01 01:30:21,012] INFO:fitness.free_loss_fidelity: Loaded init checkpoint into policy: path=/data1/gushengda/eam-rl4co/baseline/epoch_409.ckpt prefix=policy. matched=97 missing=0 unexpected=0
[2026-03-01 01:30:21,017] INFO:fitness.free_loss_fidelity: RL4CO free-loss (step-mode): f1_steps=200, f2_steps=0, total_steps=200, train_problem_size=100, rollouts=100, batch_size=64, device=cuda:2, env=tsp
[2026-03-01 01:30:21,359] INFO:fitness.free_loss_fidelity: RL4CO free-loss step 1/200: score=7.807477 (avg=7.807477), loss=0.271315 (avg=0.271315), pairs_step=315750, pairs_total=315750
[2026-03-01 01:30:27,754] INFO:fitness.free_loss_fidelity: RL4CO free-loss step 20/200: score=7.774625 (avg=7.809508), loss=0.280218 (avg=0.279671), pairs_step=315953, pairs_total=6317642
[2026-03-01 01:30:34,466] INFO:fitness.free_loss_fidelity: RL4CO free-loss step 40/200: score=7.813496 (avg=7.803212), loss=0.254566 (avg=0.272991), pairs_step=315812, pairs_total=12634016
[2026-03-01 01:30:41,184] INFO:fitness.free_loss_fidelity: RL4CO free-loss step 60/200: score=7.814191 (avg=7.799203), loss=0.262971 (avg=0.267568), pairs_step=315561, pairs_total=18947514
[2026-03-01 01:30:47,921] INFO:fitness.free_loss_fidelity: RL4CO free-loss step 80/200: score=7.794603 (avg=7.797665), loss=0.300301 (avg=0.269523), pairs_step=315701, pairs_total=25261718
[2026-03-01 01:30:54,605] INFO:fitness.free_loss_fidelity: RL4CO free-loss step 100/200: score=7.759672 (avg=7.798558), loss=0.313769 (avg=0.277429), pairs_step=315367, pairs_total=31574954
[2026-03-01 01:31:01,261] INFO:fitness.free_loss_fidelity: RL4CO free-loss step 120/200: score=7.771211 (avg=7.799892), loss=0.253652 (avg=0.277433), pairs_step=315874, pairs_total=37890986
[2026-03-01 01:31:07,951] INFO:fitness.free_loss_fidelity: RL4CO free-loss step 140/200: score=7.827693 (avg=7.800694), loss=0.251731 (avg=0.273644), pairs_step=315098, pairs_total=44204384
[2026-03-01 01:31:14,867] INFO:fitness.free_loss_fidelity: RL4CO free-loss step 160/200: score=7.794454 (avg=7.800017), loss=0.280492 (avg=0.272418), pairs_step=315729, pairs_total=50517314
[2026-03-01 01:31:21,520] INFO:fitness.free_loss_fidelity: RL4CO free-loss step 180/200: score=7.786154 (avg=7.798741), loss=0.337820 (avg=0.276873), pairs_step=314703, pairs_total=56828792
[2026-03-01 01:31:28,203] INFO:fitness.free_loss_fidelity: RL4CO free-loss step 200/200: score=7.808874 (avg=7.797505), loss=0.276310 (avg=0.280272), pairs_step=315641, pairs_total=63140510
