[2026-03-01 01:06:31,242] INFO:fitness.free_loss_fidelity: Stage3 offline mini-train start gen=5 pair_index=22 K=200 seed=12345 valid_sizes=[100] baseline_json=baseline/mini_eval/baseline_minitrain_tsp100_K200.json
[2026-03-01 01:06:31,266] INFO:fitness.free_loss_fidelity: RL4CO free-loss (step-mode): f1_steps=200, f2_steps=0, total_steps=200, train_problem_size=100, rollouts=100, batch_size=64, device=cuda:3, env=tsp
[2026-03-01 01:06:31,582] INFO:fitness.free_loss_fidelity: RL4CO free-loss step 1/200: score=36.122910 (avg=36.122910), loss=298643.437500 (avg=298643.437500), pairs_step=316800, pairs_total=316800
[2026-03-01 01:06:37,483] INFO:fitness.free_loss_fidelity: RL4CO free-loss step 20/200: score=9.966815 (avg=13.063766), loss=179923.406250 (avg=197157.044531), pairs_step=316798, pairs_total=6335992
[2026-03-01 01:06:43,681] INFO:fitness.free_loss_fidelity: RL4CO free-loss step 40/200: score=9.620178 (avg=11.424806), loss=173483.578125 (avg=187101.010156), pairs_step=316800, pairs_total=12671987
[2026-03-01 01:06:49,873] INFO:fitness.free_loss_fidelity: RL4CO free-loss step 60/200: score=9.437864 (avg=10.768951), loss=169011.640625 (avg=182179.350781), pairs_step=316800, pairs_total=19007985
[2026-03-01 01:06:56,278] INFO:fitness.free_loss_fidelity: RL4CO free-loss step 80/200: score=9.301603 (avg=10.412203), loss=164453.000000 (avg=178217.991992), pairs_step=316800, pairs_total=25343981
[2026-03-01 01:07:02,477] INFO:fitness.free_loss_fidelity: RL4CO free-loss step 100/200: score=9.165413 (avg=10.179903), loss=162624.656250 (avg=175585.915156), pairs_step=316800, pairs_total=31679975
[2026-03-01 01:07:08,686] INFO:fitness.free_loss_fidelity: RL4CO free-loss step 120/200: score=9.141367 (avg=10.014553), loss=164549.156250 (avg=173867.289974), pairs_step=316800, pairs_total=38015972
[2026-03-01 01:07:14,896] INFO:fitness.free_loss_fidelity: RL4CO free-loss step 140/200: score=9.135088 (avg=9.888425), loss=157984.250000 (avg=172741.630804), pairs_step=316800, pairs_total=44351964
[2026-03-01 01:07:21,103] INFO:fitness.free_loss_fidelity: RL4CO free-loss step 160/200: score=9.073331 (avg=9.786792), loss=165331.937500 (avg=171853.959082), pairs_step=316800, pairs_total=50687960
[2026-03-01 01:07:27,312] INFO:fitness.free_loss_fidelity: RL4CO free-loss step 180/200: score=9.009186 (avg=9.700723), loss=164635.750000 (avg=171274.178299), pairs_step=316800, pairs_total=57023956
[2026-03-01 01:07:33,514] INFO:fitness.free_loss_fidelity: RL4CO free-loss step 200/200: score=8.980741 (avg=9.628087), loss=168183.750000 (avg=170840.583359), pairs_step=316800, pairs_total=63359951
[2026-03-01 01:07:34,618] WARNING:fitness.free_loss_fidelity: weights_only checkpoint load failed (UnpicklingError); retrying weights_only=False for /data1/gushengda/eam-rl4co/baseline/epoch_135.ckpt
[2026-03-01 01:07:34,657] INFO:fitness.free_loss_fidelity: Loaded init checkpoint into policy: path=/data1/gushengda/eam-rl4co/baseline/epoch_135.ckpt prefix=policy. matched=97 missing=0 unexpected=0
[2026-03-01 01:07:34,662] INFO:fitness.free_loss_fidelity: RL4CO free-loss (step-mode): f1_steps=200, f2_steps=0, total_steps=200, train_problem_size=100, rollouts=100, batch_size=64, device=cuda:3, env=tsp
[2026-03-01 01:07:34,995] INFO:fitness.free_loss_fidelity: RL4CO free-loss step 1/200: score=7.803347 (avg=7.803347), loss=211320.093750 (avg=211320.093750), pairs_step=315697, pairs_total=315697
[2026-03-01 01:07:40,891] INFO:fitness.free_loss_fidelity: RL4CO free-loss step 20/200: score=7.779283 (avg=7.809762), loss=208975.218750 (avg=210390.114063), pairs_step=315922, pairs_total=6318919
[2026-03-01 01:07:47,082] INFO:fitness.free_loss_fidelity: RL4CO free-loss step 40/200: score=7.821321 (avg=7.803751), loss=208998.625000 (avg=209331.555469), pairs_step=316061, pairs_total=12637045
[2026-03-01 01:07:53,270] INFO:fitness.free_loss_fidelity: RL4CO free-loss step 60/200: score=7.812511 (avg=7.799672), loss=209140.750000 (avg=208954.140104), pairs_step=316091, pairs_total=18954403
[2026-03-01 01:07:59,463] INFO:fitness.free_loss_fidelity: RL4CO free-loss step 80/200: score=7.794504 (avg=7.797904), loss=203793.312500 (avg=207817.283398), pairs_step=316251, pairs_total=25275231
[2026-03-01 01:08:05,653] INFO:fitness.free_loss_fidelity: RL4CO free-loss step 100/200: score=7.759010 (avg=7.798723), loss=204219.562500 (avg=207125.120312), pairs_step=316026, pairs_total=31596709
[2026-03-01 01:08:11,856] INFO:fitness.free_loss_fidelity: RL4CO free-loss step 120/200: score=7.772016 (avg=7.799917), loss=198892.531250 (avg=206168.313542), pairs_step=316113, pairs_total=37918647
[2026-03-01 01:08:18,066] INFO:fitness.free_loss_fidelity: RL4CO free-loss step 140/200: score=7.830713 (avg=7.800971), loss=199517.218750 (avg=205140.307812), pairs_step=315703, pairs_total=44239225
[2026-03-01 01:08:24,270] INFO:fitness.free_loss_fidelity: RL4CO free-loss step 160/200: score=7.791818 (avg=7.800293), loss=198214.968750 (avg=204218.759473), pairs_step=316093, pairs_total=50561089
[2026-03-01 01:08:30,457] INFO:fitness.free_loss_fidelity: RL4CO free-loss step 180/200: score=7.782021 (avg=7.798972), loss=195587.750000 (avg=203352.649132), pairs_step=315812, pairs_total=56881939
[2026-03-01 01:08:36,671] INFO:fitness.free_loss_fidelity: RL4CO free-loss step 200/200: score=7.808442 (avg=7.797673), loss=186213.234375 (avg=202276.160859), pairs_step=315943, pairs_total=63203000
[2026-03-01 01:08:37,769] WARNING:fitness.free_loss_fidelity: weights_only checkpoint load failed (UnpicklingError); retrying weights_only=False for /data1/gushengda/eam-rl4co/baseline/epoch_409.ckpt
[2026-03-01 01:08:37,807] INFO:fitness.free_loss_fidelity: Loaded init checkpoint into policy: path=/data1/gushengda/eam-rl4co/baseline/epoch_409.ckpt prefix=policy. matched=97 missing=0 unexpected=0
[2026-03-01 01:08:37,812] INFO:fitness.free_loss_fidelity: RL4CO free-loss (step-mode): f1_steps=200, f2_steps=0, total_steps=200, train_problem_size=100, rollouts=100, batch_size=64, device=cuda:3, env=tsp
[2026-03-01 01:08:38,125] INFO:fitness.free_loss_fidelity: RL4CO free-loss step 1/200: score=7.807477 (avg=7.807477), loss=59510.234375 (avg=59510.234375), pairs_step=315750, pairs_total=315750
[2026-03-01 01:08:43,976] INFO:fitness.free_loss_fidelity: RL4CO free-loss step 20/200: score=7.785177 (avg=7.808979), loss=55001.820312 (avg=56675.419141), pairs_step=315922, pairs_total=6319442
[2026-03-01 01:08:50,138] INFO:fitness.free_loss_fidelity: RL4CO free-loss step 40/200: score=7.818116 (avg=7.802555), loss=55962.515625 (avg=56484.054492), pairs_step=316242, pairs_total=12639800
[2026-03-01 01:08:56,293] INFO:fitness.free_loss_fidelity: RL4CO free-loss step 60/200: score=7.814216 (avg=7.798530), loss=58002.996094 (avg=56776.724740), pairs_step=315937, pairs_total=18958018
[2026-03-01 01:09:02,442] INFO:fitness.free_loss_fidelity: RL4CO free-loss step 80/200: score=7.796462 (avg=7.796893), loss=58103.414062 (avg=56950.628564), pairs_step=315719, pairs_total=25276225
[2026-03-01 01:09:08,593] INFO:fitness.free_loss_fidelity: RL4CO free-loss step 100/200: score=7.748710 (avg=7.797333), loss=59294.300781 (avg=57330.870273), pairs_step=316118, pairs_total=31596336
[2026-03-01 01:09:14,727] INFO:fitness.free_loss_fidelity: RL4CO free-loss step 120/200: score=7.776809 (avg=7.798657), loss=58191.417969 (avg=57546.327832), pairs_step=315832, pairs_total=37916911
[2026-03-01 01:09:20,870] INFO:fitness.free_loss_fidelity: RL4CO free-loss step 140/200: score=7.824684 (avg=7.799593), loss=56966.375000 (avg=57537.747963), pairs_step=315676, pairs_total=44235908
[2026-03-01 01:09:27,185] INFO:fitness.free_loss_fidelity: RL4CO free-loss step 160/200: score=7.794019 (avg=7.798756), loss=58930.414062 (avg=57539.428198), pairs_step=316226, pairs_total=50554150
[2026-03-01 01:09:33,318] INFO:fitness.free_loss_fidelity: RL4CO free-loss step 180/200: score=7.781435 (avg=7.797495), loss=58904.914062 (avg=57574.523438), pairs_step=315635, pairs_total=56871132
[2026-03-01 01:09:39,456] INFO:fitness.free_loss_fidelity: RL4CO free-loss step 200/200: score=7.809913 (avg=7.796144), loss=55829.218750 (avg=57636.292598), pairs_step=315609, pairs_total=63188828
