[2026-03-01 01:55:17,343] INFO:fitness.free_loss_fidelity: Stage3 offline mini-train start gen=7 pair_index=34 K=200 seed=12345 valid_sizes=[100] baseline_json=baseline/mini_eval/baseline_minitrain_tsp100_K200.json
[2026-03-01 01:55:17,365] INFO:fitness.free_loss_fidelity: RL4CO free-loss (step-mode): f1_steps=200, f2_steps=0, total_steps=200, train_problem_size=100, rollouts=100, batch_size=64, device=cuda:1, env=tsp
[2026-03-01 01:55:17,684] INFO:fitness.free_loss_fidelity: RL4CO free-loss step 1/200: score=36.122910 (avg=36.122910), loss=0.942688 (avg=0.942688), pairs_step=316800, pairs_total=316800
[2026-03-01 01:55:23,653] INFO:fitness.free_loss_fidelity: RL4CO free-loss step 20/200: score=10.026968 (avg=13.085475), loss=0.572251 (avg=0.618231), pairs_step=316800, pairs_total=6335997
[2026-03-01 01:55:29,941] INFO:fitness.free_loss_fidelity: RL4CO free-loss step 40/200: score=9.645944 (avg=11.418447), loss=0.548765 (avg=0.589763), pairs_step=316800, pairs_total=12671992
[2026-03-01 01:55:36,233] INFO:fitness.free_loss_fidelity: RL4CO free-loss step 60/200: score=9.421257 (avg=10.768216), loss=0.542055 (avg=0.574794), pairs_step=316800, pairs_total=19007985
[2026-03-01 01:55:42,523] INFO:fitness.free_loss_fidelity: RL4CO free-loss step 80/200: score=9.288670 (avg=10.412459), loss=0.524776 (avg=0.562384), pairs_step=316800, pairs_total=25343983
[2026-03-01 01:55:48,816] INFO:fitness.free_loss_fidelity: RL4CO free-loss step 100/200: score=9.150482 (avg=10.180631), loss=0.524327 (avg=0.554473), pairs_step=316799, pairs_total=31679980
[2026-03-01 01:55:55,114] INFO:fitness.free_loss_fidelity: RL4CO free-loss step 120/200: score=9.074705 (avg=10.016885), loss=0.523866 (avg=0.548927), pairs_step=316800, pairs_total=38015975
[2026-03-01 01:56:01,410] INFO:fitness.free_loss_fidelity: RL4CO free-loss step 140/200: score=9.215484 (avg=9.891443), loss=0.533062 (avg=0.545535), pairs_step=316800, pairs_total=44351967
[2026-03-01 01:56:07,689] INFO:fitness.free_loss_fidelity: RL4CO free-loss step 160/200: score=9.034161 (avg=9.790254), loss=0.517592 (avg=0.542726), pairs_step=316800, pairs_total=50687965
[2026-03-01 01:56:14,150] INFO:fitness.free_loss_fidelity: RL4CO free-loss step 180/200: score=8.982304 (avg=9.704358), loss=0.533132 (avg=0.540966), pairs_step=316798, pairs_total=57023960
[2026-03-01 01:56:20,434] INFO:fitness.free_loss_fidelity: RL4CO free-loss step 200/200: score=8.928821 (avg=9.630288), loss=0.536048 (avg=0.539917), pairs_step=316800, pairs_total=63359951
[2026-03-01 01:56:21,553] WARNING:fitness.free_loss_fidelity: weights_only checkpoint load failed (UnpicklingError); retrying weights_only=False for /data1/gushengda/eam-rl4co/baseline/epoch_135.ckpt
[2026-03-01 01:56:21,593] INFO:fitness.free_loss_fidelity: Loaded init checkpoint into policy: path=/data1/gushengda/eam-rl4co/baseline/epoch_135.ckpt prefix=policy. matched=97 missing=0 unexpected=0
[2026-03-01 01:56:21,599] INFO:fitness.free_loss_fidelity: RL4CO free-loss (step-mode): f1_steps=200, f2_steps=0, total_steps=200, train_problem_size=100, rollouts=100, batch_size=64, device=cuda:1, env=tsp
[2026-03-01 01:56:21,917] INFO:fitness.free_loss_fidelity: RL4CO free-loss step 1/200: score=7.803347 (avg=7.803347), loss=0.669376 (avg=0.669376), pairs_step=315697, pairs_total=315697
[2026-03-01 01:56:27,884] INFO:fitness.free_loss_fidelity: RL4CO free-loss step 20/200: score=7.777893 (avg=7.808892), loss=0.662047 (avg=0.666636), pairs_step=316018, pairs_total=6317754
[2026-03-01 01:56:34,161] INFO:fitness.free_loss_fidelity: RL4CO free-loss step 40/200: score=7.818715 (avg=7.803496), loss=0.661605 (avg=0.663043), pairs_step=315951, pairs_total=12636249
[2026-03-01 01:56:40,436] INFO:fitness.free_loss_fidelity: RL4CO free-loss step 60/200: score=7.812671 (avg=7.799357), loss=0.651594 (avg=0.659889), pairs_step=315854, pairs_total=18955771
[2026-03-01 01:56:46,697] INFO:fitness.free_loss_fidelity: RL4CO free-loss step 80/200: score=7.796292 (avg=7.797631), loss=0.643637 (avg=0.657136), pairs_step=316209, pairs_total=25277470
[2026-03-01 01:56:52,963] INFO:fitness.free_loss_fidelity: RL4CO free-loss step 100/200: score=7.756914 (avg=7.798183), loss=0.638723 (avg=0.654201), pairs_step=316215, pairs_total=31599329
[2026-03-01 01:56:59,231] INFO:fitness.free_loss_fidelity: RL4CO free-loss step 120/200: score=7.774921 (avg=7.799461), loss=0.637797 (avg=0.651958), pairs_step=316046, pairs_total=37921588
[2026-03-01 01:57:05,503] INFO:fitness.free_loss_fidelity: RL4CO free-loss step 140/200: score=7.828646 (avg=7.800621), loss=0.630693 (avg=0.649258), pairs_step=315943, pairs_total=44242954
[2026-03-01 01:57:11,784] INFO:fitness.free_loss_fidelity: RL4CO free-loss step 160/200: score=7.792232 (avg=7.799806), loss=0.631707 (avg=0.647065), pairs_step=315882, pairs_total=50565505
[2026-03-01 01:57:18,044] INFO:fitness.free_loss_fidelity: RL4CO free-loss step 180/200: score=7.783754 (avg=7.798607), loss=0.626264 (avg=0.644752), pairs_step=315820, pairs_total=56887160
[2026-03-01 01:57:24,313] INFO:fitness.free_loss_fidelity: RL4CO free-loss step 200/200: score=7.809645 (avg=7.797357), loss=0.608006 (avg=0.642377), pairs_step=316038, pairs_total=63209137
[2026-03-01 01:57:25,429] WARNING:fitness.free_loss_fidelity: weights_only checkpoint load failed (UnpicklingError); retrying weights_only=False for /data1/gushengda/eam-rl4co/baseline/epoch_409.ckpt
[2026-03-01 01:57:25,469] INFO:fitness.free_loss_fidelity: Loaded init checkpoint into policy: path=/data1/gushengda/eam-rl4co/baseline/epoch_409.ckpt prefix=policy. matched=97 missing=0 unexpected=0
[2026-03-01 01:57:25,474] INFO:fitness.free_loss_fidelity: RL4CO free-loss (step-mode): f1_steps=200, f2_steps=0, total_steps=200, train_problem_size=100, rollouts=100, batch_size=64, device=cuda:1, env=tsp
[2026-03-01 01:57:25,800] INFO:fitness.free_loss_fidelity: RL4CO free-loss step 1/200: score=7.807477 (avg=7.807477), loss=0.188473 (avg=0.188473), pairs_step=315750, pairs_total=315750
[2026-03-01 01:57:31,756] INFO:fitness.free_loss_fidelity: RL4CO free-loss step 20/200: score=7.779229 (avg=7.808270), loss=0.180456 (avg=0.181160), pairs_step=316185, pairs_total=6318841
[2026-03-01 01:57:38,015] INFO:fitness.free_loss_fidelity: RL4CO free-loss step 40/200: score=7.815413 (avg=7.802238), loss=0.180426 (avg=0.180925), pairs_step=316097, pairs_total=12637886
[2026-03-01 01:57:44,275] INFO:fitness.free_loss_fidelity: RL4CO free-loss step 60/200: score=7.810631 (avg=7.798862), loss=0.185244 (avg=0.181188), pairs_step=315578, pairs_total=18955003
[2026-03-01 01:57:50,536] INFO:fitness.free_loss_fidelity: RL4CO free-loss step 80/200: score=7.791427 (avg=7.797029), loss=0.181732 (avg=0.181323), pairs_step=315963, pairs_total=25274686
[2026-03-01 01:57:56,795] INFO:fitness.free_loss_fidelity: RL4CO free-loss step 100/200: score=7.753318 (avg=7.797507), loss=0.181386 (avg=0.180746), pairs_step=315890, pairs_total=31596765
[2026-03-01 01:58:03,048] INFO:fitness.free_loss_fidelity: RL4CO free-loss step 120/200: score=7.773098 (avg=7.798766), loss=0.174512 (avg=0.180173), pairs_step=316086, pairs_total=37917372
[2026-03-01 01:58:09,315] INFO:fitness.free_loss_fidelity: RL4CO free-loss step 140/200: score=7.818828 (avg=7.799466), loss=0.171154 (avg=0.179493), pairs_step=315585, pairs_total=44235747
[2026-03-01 01:58:15,574] INFO:fitness.free_loss_fidelity: RL4CO free-loss step 160/200: score=7.793559 (avg=7.798662), loss=0.179237 (avg=0.178916), pairs_step=315995, pairs_total=50554096
[2026-03-01 01:58:21,827] INFO:fitness.free_loss_fidelity: RL4CO free-loss step 180/200: score=7.780733 (avg=7.797403), loss=0.182995 (avg=0.178963), pairs_step=315597, pairs_total=56872891
[2026-03-01 01:58:28,088] INFO:fitness.free_loss_fidelity: RL4CO free-loss step 200/200: score=7.812473 (avg=7.796055), loss=0.178400 (avg=0.179542), pairs_step=315840, pairs_total=63190589
