[2026-03-01 02:32:51,824] INFO:fitness.free_loss_fidelity: Stage3 offline mini-train start gen=9 pair_index=5 K=200 seed=12345 valid_sizes=[100] baseline_json=baseline/mini_eval/baseline_minitrain_tsp100_K200.json
[2026-03-01 02:32:51,846] INFO:fitness.free_loss_fidelity: RL4CO free-loss (step-mode): f1_steps=200, f2_steps=0, total_steps=200, train_problem_size=100, rollouts=100, batch_size=64, device=cuda:0, env=tsp
[2026-03-01 02:32:52,166] INFO:fitness.free_loss_fidelity: RL4CO free-loss step 1/200: score=36.122910 (avg=36.122910), loss=0.748141 (avg=0.748141), pairs_step=316800, pairs_total=316800
[2026-03-01 02:32:58,085] INFO:fitness.free_loss_fidelity: RL4CO free-loss step 20/200: score=9.902966 (avg=12.719436), loss=0.579545 (avg=0.594784), pairs_step=316800, pairs_total=6335997
[2026-03-01 02:33:04,310] INFO:fitness.free_loss_fidelity: RL4CO free-loss step 40/200: score=9.371758 (avg=11.108689), loss=0.585363 (avg=0.590931), pairs_step=316800, pairs_total=12671993
[2026-03-01 02:33:10,538] INFO:fitness.free_loss_fidelity: RL4CO free-loss step 60/200: score=9.092154 (avg=10.474503), loss=0.574525 (avg=0.587905), pairs_step=316800, pairs_total=19007990
[2026-03-01 02:33:16,781] INFO:fitness.free_loss_fidelity: RL4CO free-loss step 80/200: score=8.911885 (avg=10.110239), loss=0.584234 (avg=0.584983), pairs_step=316800, pairs_total=25343986
[2026-03-01 02:33:23,006] INFO:fitness.free_loss_fidelity: RL4CO free-loss step 100/200: score=8.860172 (avg=9.870606), loss=0.569597 (avg=0.582999), pairs_step=316799, pairs_total=31679979
[2026-03-01 02:33:29,234] INFO:fitness.free_loss_fidelity: RL4CO free-loss step 120/200: score=8.747461 (avg=9.698817), loss=0.576535 (avg=0.582066), pairs_step=316800, pairs_total=38015976
[2026-03-01 02:33:35,476] INFO:fitness.free_loss_fidelity: RL4CO free-loss step 140/200: score=8.739145 (avg=9.563441), loss=0.586565 (avg=0.582076), pairs_step=316799, pairs_total=44351973
[2026-03-01 02:33:41,717] INFO:fitness.free_loss_fidelity: RL4CO free-loss step 160/200: score=8.608488 (avg=9.450810), loss=0.588683 (avg=0.582476), pairs_step=316800, pairs_total=50687971
[2026-03-01 02:33:47,950] INFO:fitness.free_loss_fidelity: RL4CO free-loss step 180/200: score=8.572989 (avg=9.355097), loss=0.592019 (avg=0.583165), pairs_step=316799, pairs_total=57023964
[2026-03-01 02:33:54,192] INFO:fitness.free_loss_fidelity: RL4CO free-loss step 200/200: score=8.580462 (avg=9.273954), loss=0.591611 (avg=0.584202), pairs_step=316800, pairs_total=63359960
[2026-03-01 02:33:55,299] WARNING:fitness.free_loss_fidelity: weights_only checkpoint load failed (UnpicklingError); retrying weights_only=False for /data1/gushengda/eam-rl4co/baseline/epoch_135.ckpt
[2026-03-01 02:33:55,343] INFO:fitness.free_loss_fidelity: Loaded init checkpoint into policy: path=/data1/gushengda/eam-rl4co/baseline/epoch_135.ckpt prefix=policy. matched=97 missing=0 unexpected=0
[2026-03-01 02:33:55,348] INFO:fitness.free_loss_fidelity: RL4CO free-loss (step-mode): f1_steps=200, f2_steps=0, total_steps=200, train_problem_size=100, rollouts=100, batch_size=64, device=cuda:0, env=tsp
[2026-03-01 02:33:55,665] INFO:fitness.free_loss_fidelity: RL4CO free-loss step 1/200: score=7.803347 (avg=7.803347), loss=0.671868 (avg=0.671868), pairs_step=315697, pairs_total=315697
[2026-03-01 02:34:01,582] INFO:fitness.free_loss_fidelity: RL4CO free-loss step 20/200: score=7.782496 (avg=7.808546), loss=0.672006 (avg=0.671321), pairs_step=315758, pairs_total=6316435
[2026-03-01 02:34:07,864] INFO:fitness.free_loss_fidelity: RL4CO free-loss step 40/200: score=7.819509 (avg=7.803017), loss=0.673991 (avg=0.671187), pairs_step=315897, pairs_total=12631304
[2026-03-01 02:34:14,181] INFO:fitness.free_loss_fidelity: RL4CO free-loss step 60/200: score=7.812215 (avg=7.799385), loss=0.672363 (avg=0.671432), pairs_step=315395, pairs_total=18944759
[2026-03-01 02:34:20,472] INFO:fitness.free_loss_fidelity: RL4CO free-loss step 80/200: score=7.791512 (avg=7.797569), loss=0.668443 (avg=0.671333), pairs_step=315838, pairs_total=25259997
[2026-03-01 02:34:26,762] INFO:fitness.free_loss_fidelity: RL4CO free-loss step 100/200: score=7.762165 (avg=7.798599), loss=0.671689 (avg=0.671473), pairs_step=315439, pairs_total=31574241
[2026-03-01 02:34:33,060] INFO:fitness.free_loss_fidelity: RL4CO free-loss step 120/200: score=7.781722 (avg=7.800317), loss=0.671782 (avg=0.671541), pairs_step=315900, pairs_total=37889347
[2026-03-01 02:34:39,337] INFO:fitness.free_loss_fidelity: RL4CO free-loss step 140/200: score=7.828738 (avg=7.801313), loss=0.670596 (avg=0.671484), pairs_step=315876, pairs_total=44203411
[2026-03-01 02:34:45,621] INFO:fitness.free_loss_fidelity: RL4CO free-loss step 160/200: score=7.793846 (avg=7.800597), loss=0.671311 (avg=0.671275), pairs_step=315287, pairs_total=50516668
[2026-03-01 02:34:51,923] INFO:fitness.free_loss_fidelity: RL4CO free-loss step 180/200: score=7.784048 (avg=7.799361), loss=0.669665 (avg=0.671214), pairs_step=315197, pairs_total=56826524
[2026-03-01 02:34:58,214] INFO:fitness.free_loss_fidelity: RL4CO free-loss step 200/200: score=7.809840 (avg=7.798203), loss=0.665840 (avg=0.671115), pairs_step=315774, pairs_total=63137471
[2026-03-01 02:34:59,331] WARNING:fitness.free_loss_fidelity: weights_only checkpoint load failed (UnpicklingError); retrying weights_only=False for /data1/gushengda/eam-rl4co/baseline/epoch_409.ckpt
[2026-03-01 02:34:59,370] INFO:fitness.free_loss_fidelity: Loaded init checkpoint into policy: path=/data1/gushengda/eam-rl4co/baseline/epoch_409.ckpt prefix=policy. matched=97 missing=0 unexpected=0
[2026-03-01 02:34:59,375] INFO:fitness.free_loss_fidelity: RL4CO free-loss (step-mode): f1_steps=200, f2_steps=0, total_steps=200, train_problem_size=100, rollouts=100, batch_size=64, device=cuda:0, env=tsp
[2026-03-01 02:34:59,695] INFO:fitness.free_loss_fidelity: RL4CO free-loss step 1/200: score=7.807477 (avg=7.807477), loss=0.230774 (avg=0.230774), pairs_step=315750, pairs_total=315750
[2026-03-01 02:35:05,937] INFO:fitness.free_loss_fidelity: RL4CO free-loss step 20/200: score=7.782402 (avg=7.807830), loss=0.223432 (avg=0.224486), pairs_step=316166, pairs_total=6319364
[2026-03-01 02:35:12,273] INFO:fitness.free_loss_fidelity: RL4CO free-loss step 40/200: score=7.813871 (avg=7.801863), loss=0.208939 (avg=0.221041), pairs_step=316000, pairs_total=12637267
[2026-03-01 02:35:18,576] INFO:fitness.free_loss_fidelity: RL4CO free-loss step 60/200: score=7.811248 (avg=7.799027), loss=0.214028 (avg=0.216373), pairs_step=315093, pairs_total=18951355
[2026-03-01 02:35:24,899] INFO:fitness.free_loss_fidelity: RL4CO free-loss step 80/200: score=7.800617 (avg=7.797354), loss=0.250934 (avg=0.219818), pairs_step=315843, pairs_total=25268337
[2026-03-01 02:35:31,211] INFO:fitness.free_loss_fidelity: RL4CO free-loss step 100/200: score=7.755868 (avg=7.798030), loss=0.245937 (avg=0.226601), pairs_step=315851, pairs_total=31585097
[2026-03-01 02:35:37,556] INFO:fitness.free_loss_fidelity: RL4CO free-loss step 120/200: score=7.774195 (avg=7.799605), loss=0.206449 (avg=0.225874), pairs_step=315189, pairs_total=37900213
[2026-03-01 02:35:43,853] INFO:fitness.free_loss_fidelity: RL4CO free-loss step 140/200: score=7.826843 (avg=7.800648), loss=0.215162 (avg=0.223612), pairs_step=315553, pairs_total=44213221
[2026-03-01 02:35:50,134] INFO:fitness.free_loss_fidelity: RL4CO free-loss step 160/200: score=7.795357 (avg=7.799829), loss=0.242241 (avg=0.224425), pairs_step=315506, pairs_total=50525611
[2026-03-01 02:35:56,418] INFO:fitness.free_loss_fidelity: RL4CO free-loss step 180/200: score=7.783904 (avg=7.798599), loss=0.227334 (avg=0.225767), pairs_step=315119, pairs_total=56836322
[2026-03-01 02:36:02,701] INFO:fitness.free_loss_fidelity: RL4CO free-loss step 200/200: score=7.813179 (avg=7.797413), loss=0.202316 (avg=0.224714), pairs_step=315726, pairs_total=63150597
