[2026-03-01 02:36:03,786] INFO:fitness.free_loss_fidelity: Stage3 offline mini-train start gen=9 pair_index=9 K=200 seed=12345 valid_sizes=[100] baseline_json=baseline/mini_eval/baseline_minitrain_tsp100_K200.json
[2026-03-01 02:36:03,811] INFO:fitness.free_loss_fidelity: RL4CO free-loss (step-mode): f1_steps=200, f2_steps=0, total_steps=200, train_problem_size=100, rollouts=100, batch_size=64, device=cuda:0, env=tsp
[2026-03-01 02:36:04,154] INFO:fitness.free_loss_fidelity: RL4CO free-loss step 1/200: score=36.122910 (avg=36.122910), loss=263006.875000 (avg=263006.875000), pairs_step=316800, pairs_total=316800
[2026-03-01 02:36:10,118] INFO:fitness.free_loss_fidelity: RL4CO free-loss step 20/200: score=9.934521 (avg=12.749866), loss=194339.218750 (avg=202284.789844), pairs_step=316800, pairs_total=6335997
[2026-03-01 02:36:16,925] INFO:fitness.free_loss_fidelity: RL4CO free-loss step 40/200: score=9.390789 (avg=11.127501), loss=194764.078125 (avg=198781.773438), pairs_step=316800, pairs_total=12671992
[2026-03-01 02:36:23,894] INFO:fitness.free_loss_fidelity: RL4CO free-loss step 60/200: score=9.119611 (avg=10.484994), loss=191700.062500 (avg=196868.879688), pairs_step=316800, pairs_total=19007987
[2026-03-01 02:36:30,791] INFO:fitness.free_loss_fidelity: RL4CO free-loss step 80/200: score=8.992798 (avg=10.119577), loss=190485.968750 (avg=195325.506445), pairs_step=316800, pairs_total=25343985
[2026-03-01 02:36:37,542] INFO:fitness.free_loss_fidelity: RL4CO free-loss step 100/200: score=8.835147 (avg=9.882221), loss=191232.125000 (avg=194313.238594), pairs_step=316800, pairs_total=31679983
[2026-03-01 02:36:44,353] INFO:fitness.free_loss_fidelity: RL4CO free-loss step 120/200: score=8.777067 (avg=9.712171), loss=191344.937500 (avg=193699.749219), pairs_step=316800, pairs_total=38015981
[2026-03-01 02:36:51,074] INFO:fitness.free_loss_fidelity: RL4CO free-loss step 140/200: score=8.756674 (avg=9.578588), loss=192996.281250 (avg=193458.158482), pairs_step=316800, pairs_total=44351970
[2026-03-01 02:36:57,871] INFO:fitness.free_loss_fidelity: RL4CO free-loss step 160/200: score=8.675390 (avg=9.467108), loss=194375.515625 (avg=193510.093457), pairs_step=316800, pairs_total=50687964
[2026-03-01 02:37:04,582] INFO:fitness.free_loss_fidelity: RL4CO free-loss step 180/200: score=8.560190 (avg=9.372703), loss=193568.250000 (avg=193632.816753), pairs_step=316800, pairs_total=57023955
[2026-03-01 02:37:11,210] INFO:fitness.free_loss_fidelity: RL4CO free-loss step 200/200: score=8.555895 (avg=9.291859), loss=195905.875000 (avg=193747.568750), pairs_step=316800, pairs_total=63359948
[2026-03-01 02:37:12,326] WARNING:fitness.free_loss_fidelity: weights_only checkpoint load failed (UnpicklingError); retrying weights_only=False for /data1/gushengda/eam-rl4co/baseline/epoch_135.ckpt
[2026-03-01 02:37:12,386] INFO:fitness.free_loss_fidelity: Loaded init checkpoint into policy: path=/data1/gushengda/eam-rl4co/baseline/epoch_135.ckpt prefix=policy. matched=97 missing=0 unexpected=0
[2026-03-01 02:37:12,394] INFO:fitness.free_loss_fidelity: RL4CO free-loss (step-mode): f1_steps=200, f2_steps=0, total_steps=200, train_problem_size=100, rollouts=100, batch_size=64, device=cuda:0, env=tsp
[2026-03-01 02:37:12,719] INFO:fitness.free_loss_fidelity: RL4CO free-loss step 1/200: score=7.803347 (avg=7.803347), loss=214190.484375 (avg=214190.484375), pairs_step=315697, pairs_total=315697
[2026-03-01 02:37:18,820] INFO:fitness.free_loss_fidelity: RL4CO free-loss step 20/200: score=7.777543 (avg=7.808466), loss=214145.218750 (avg=214174.085156), pairs_step=315948, pairs_total=6316632
[2026-03-01 02:37:25,231] INFO:fitness.free_loss_fidelity: RL4CO free-loss step 40/200: score=7.823580 (avg=7.802588), loss=215478.187500 (avg=214159.538281), pairs_step=316115, pairs_total=12631857
[2026-03-01 02:37:31,642] INFO:fitness.free_loss_fidelity: RL4CO free-loss step 60/200: score=7.815647 (avg=7.799520), loss=213753.218750 (avg=214104.998177), pairs_step=315524, pairs_total=18944299
[2026-03-01 02:37:38,055] INFO:fitness.free_loss_fidelity: RL4CO free-loss step 80/200: score=7.800813 (avg=7.797765), loss=214502.843750 (avg=214015.070703), pairs_step=316043, pairs_total=25260882
[2026-03-01 02:37:44,468] INFO:fitness.free_loss_fidelity: RL4CO free-loss step 100/200: score=7.754994 (avg=7.798584), loss=213526.156250 (avg=214025.205937), pairs_step=315607, pairs_total=31575087
[2026-03-01 02:37:50,868] INFO:fitness.free_loss_fidelity: RL4CO free-loss step 120/200: score=7.777311 (avg=7.800288), loss=214020.156250 (avg=214023.091536), pairs_step=315377, pairs_total=37888163
[2026-03-01 02:37:57,258] INFO:fitness.free_loss_fidelity: RL4CO free-loss step 140/200: score=7.834085 (avg=7.801366), loss=213708.000000 (avg=213999.346429), pairs_step=315436, pairs_total=44199979
[2026-03-01 02:38:03,570] INFO:fitness.free_loss_fidelity: RL4CO free-loss step 160/200: score=7.798391 (avg=7.800606), loss=214268.437500 (avg=213987.357324), pairs_step=315301, pairs_total=50512539
[2026-03-01 02:38:09,899] INFO:fitness.free_loss_fidelity: RL4CO free-loss step 180/200: score=7.783624 (avg=7.799399), loss=213627.109375 (avg=213973.391840), pairs_step=315476, pairs_total=56823263
[2026-03-01 02:38:16,224] INFO:fitness.free_loss_fidelity: RL4CO free-loss step 200/200: score=7.807844 (avg=7.798258), loss=213514.843750 (avg=213986.268359), pairs_step=315708, pairs_total=63134557
[2026-03-01 02:38:17,337] WARNING:fitness.free_loss_fidelity: weights_only checkpoint load failed (UnpicklingError); retrying weights_only=False for /data1/gushengda/eam-rl4co/baseline/epoch_409.ckpt
[2026-03-01 02:38:17,375] INFO:fitness.free_loss_fidelity: Loaded init checkpoint into policy: path=/data1/gushengda/eam-rl4co/baseline/epoch_409.ckpt prefix=policy. matched=97 missing=0 unexpected=0
[2026-03-01 02:38:17,380] INFO:fitness.free_loss_fidelity: RL4CO free-loss (step-mode): f1_steps=200, f2_steps=0, total_steps=200, train_problem_size=100, rollouts=100, batch_size=64, device=cuda:0, env=tsp
[2026-03-01 02:38:17,730] INFO:fitness.free_loss_fidelity: RL4CO free-loss step 1/200: score=7.807477 (avg=7.807477), loss=69027.679688 (avg=69027.679688), pairs_step=315750, pairs_total=315750
[2026-03-01 02:38:23,751] INFO:fitness.free_loss_fidelity: RL4CO free-loss step 20/200: score=7.777866 (avg=7.809089), loss=68345.437500 (avg=69184.448047), pairs_step=315750, pairs_total=6317615
[2026-03-01 02:38:30,091] INFO:fitness.free_loss_fidelity: RL4CO free-loss step 40/200: score=7.820119 (avg=7.801722), loss=65809.281250 (avg=68268.242969), pairs_step=316104, pairs_total=12635951
[2026-03-01 02:38:36,447] INFO:fitness.free_loss_fidelity: RL4CO free-loss step 60/200: score=7.810254 (avg=7.798000), loss=66140.812500 (avg=67108.294922), pairs_step=315907, pairs_total=18954013
[2026-03-01 02:38:42,782] INFO:fitness.free_loss_fidelity: RL4CO free-loss step 80/200: score=7.794077 (avg=7.796340), loss=69091.578125 (avg=67023.803857), pairs_step=315553, pairs_total=25270164
[2026-03-01 02:38:49,143] INFO:fitness.free_loss_fidelity: RL4CO free-loss step 100/200: score=7.755322 (avg=7.797006), loss=72598.609375 (avg=67930.166836), pairs_step=315916, pairs_total=31588894
[2026-03-01 02:38:55,479] INFO:fitness.free_loss_fidelity: RL4CO free-loss step 120/200: score=7.775624 (avg=7.798355), loss=65255.812500 (avg=68101.204655), pairs_step=315815, pairs_total=37904913
[2026-03-01 02:39:01,812] INFO:fitness.free_loss_fidelity: RL4CO free-loss step 140/200: score=7.828807 (avg=7.799367), loss=63381.335938 (avg=67590.356529), pairs_step=315312, pairs_total=44220827
[2026-03-01 02:39:08,161] INFO:fitness.free_loss_fidelity: RL4CO free-loss step 160/200: score=7.797446 (avg=7.798660), loss=67285.960938 (avg=67257.158032), pairs_step=316099, pairs_total=50537053
[2026-03-01 02:39:14,493] INFO:fitness.free_loss_fidelity: RL4CO free-loss step 180/200: score=7.781795 (avg=7.797701), loss=71096.562500 (avg=67435.991515), pairs_step=315106, pairs_total=56850051
[2026-03-01 02:39:20,835] INFO:fitness.free_loss_fidelity: RL4CO free-loss step 200/200: score=7.811090 (avg=7.796600), loss=66331.109375 (avg=67752.095762), pairs_step=315239, pairs_total=63162971
