[2026-03-01 01:31:04,109] INFO:fitness.free_loss_fidelity: Stage3 offline mini-train start gen=6 pair_index=32 K=200 seed=12345 valid_sizes=[100] baseline_json=baseline/mini_eval/baseline_minitrain_tsp100_K200.json
[2026-03-01 01:31:04,126] INFO:fitness.free_loss_fidelity: RL4CO free-loss (step-mode): f1_steps=200, f2_steps=0, total_steps=200, train_problem_size=100, rollouts=100, batch_size=64, device=cuda:1, env=tsp
[2026-03-01 01:31:04,442] INFO:fitness.free_loss_fidelity: RL4CO free-loss step 1/200: score=36.122910 (avg=36.122910), loss=0.761342 (avg=0.761342), pairs_step=316800, pairs_total=316800
[2026-03-01 01:31:10,465] INFO:fitness.free_loss_fidelity: RL4CO free-loss step 20/200: score=9.872939 (avg=12.681641), loss=0.606763 (avg=0.617114), pairs_step=316800, pairs_total=6335998
[2026-03-01 01:31:16,815] INFO:fitness.free_loss_fidelity: RL4CO free-loss step 40/200: score=9.374777 (avg=11.073673), loss=0.613257 (avg=0.614591), pairs_step=316800, pairs_total=12671993
[2026-03-01 01:31:23,152] INFO:fitness.free_loss_fidelity: RL4CO free-loss step 60/200: score=9.113621 (avg=10.449567), loss=0.600538 (avg=0.612083), pairs_step=316800, pairs_total=19007988
[2026-03-01 01:31:29,479] INFO:fitness.free_loss_fidelity: RL4CO free-loss step 80/200: score=8.940186 (avg=10.091792), loss=0.598405 (avg=0.608621), pairs_step=316800, pairs_total=25343985
[2026-03-01 01:31:35,826] INFO:fitness.free_loss_fidelity: RL4CO free-loss step 100/200: score=8.817422 (avg=9.855360), loss=0.597929 (avg=0.606652), pairs_step=316800, pairs_total=31679978
[2026-03-01 01:31:42,153] INFO:fitness.free_loss_fidelity: RL4CO free-loss step 120/200: score=8.778502 (avg=9.687139), loss=0.598406 (avg=0.605515), pairs_step=316800, pairs_total=38015976
[2026-03-01 01:31:48,502] INFO:fitness.free_loss_fidelity: RL4CO free-loss step 140/200: score=8.740522 (avg=9.554007), loss=0.605518 (avg=0.605147), pairs_step=316799, pairs_total=44351972
[2026-03-01 01:31:54,857] INFO:fitness.free_loss_fidelity: RL4CO free-loss step 160/200: score=8.620756 (avg=9.442024), loss=0.611553 (avg=0.605738), pairs_step=316800, pairs_total=50687969
[2026-03-01 01:32:01,186] INFO:fitness.free_loss_fidelity: RL4CO free-loss step 180/200: score=8.532579 (avg=9.345978), loss=0.609779 (avg=0.606471), pairs_step=316800, pairs_total=57023959
[2026-03-01 01:32:07,508] INFO:fitness.free_loss_fidelity: RL4CO free-loss step 200/200: score=8.565826 (avg=9.264375), loss=0.615867 (avg=0.607271), pairs_step=316800, pairs_total=63359951
[2026-03-01 01:32:08,636] WARNING:fitness.free_loss_fidelity: weights_only checkpoint load failed (UnpicklingError); retrying weights_only=False for /data1/gushengda/eam-rl4co/baseline/epoch_135.ckpt
[2026-03-01 01:32:08,675] INFO:fitness.free_loss_fidelity: Loaded init checkpoint into policy: path=/data1/gushengda/eam-rl4co/baseline/epoch_135.ckpt prefix=policy. matched=97 missing=0 unexpected=0
[2026-03-01 01:32:08,680] INFO:fitness.free_loss_fidelity: RL4CO free-loss (step-mode): f1_steps=200, f2_steps=0, total_steps=200, train_problem_size=100, rollouts=100, batch_size=64, device=cuda:1, env=tsp
[2026-03-01 01:32:09,001] INFO:fitness.free_loss_fidelity: RL4CO free-loss step 1/200: score=7.803347 (avg=7.803347), loss=0.681813 (avg=0.681813), pairs_step=315697, pairs_total=315697
[2026-03-01 01:32:15,011] INFO:fitness.free_loss_fidelity: RL4CO free-loss step 20/200: score=7.778907 (avg=7.808973), loss=0.679526 (avg=0.680823), pairs_step=315959, pairs_total=6314955
[2026-03-01 01:32:21,317] INFO:fitness.free_loss_fidelity: RL4CO free-loss step 40/200: score=7.820404 (avg=7.803152), loss=0.685269 (avg=0.681290), pairs_step=315896, pairs_total=12630943
[2026-03-01 01:32:27,643] INFO:fitness.free_loss_fidelity: RL4CO free-loss step 60/200: score=7.819283 (avg=7.799491), loss=0.686014 (avg=0.681335), pairs_step=315345, pairs_total=18944771
[2026-03-01 01:32:33,958] INFO:fitness.free_loss_fidelity: RL4CO free-loss step 80/200: score=7.797272 (avg=7.797984), loss=0.682874 (avg=0.681601), pairs_step=316025, pairs_total=25260784
[2026-03-01 01:32:40,286] INFO:fitness.free_loss_fidelity: RL4CO free-loss step 100/200: score=7.758360 (avg=7.798957), loss=0.683989 (avg=0.681901), pairs_step=315524, pairs_total=31574678
[2026-03-01 01:32:46,603] INFO:fitness.free_loss_fidelity: RL4CO free-loss step 120/200: score=7.771530 (avg=7.800647), loss=0.684100 (avg=0.682277), pairs_step=315577, pairs_total=37887462
[2026-03-01 01:32:52,923] INFO:fitness.free_loss_fidelity: RL4CO free-loss step 140/200: score=7.828677 (avg=7.801674), loss=0.685617 (avg=0.682409), pairs_step=315230, pairs_total=44200454
[2026-03-01 01:32:59,251] INFO:fitness.free_loss_fidelity: RL4CO free-loss step 160/200: score=7.801801 (avg=7.800941), loss=0.686603 (avg=0.682606), pairs_step=315684, pairs_total=50512441
[2026-03-01 01:33:05,572] INFO:fitness.free_loss_fidelity: RL4CO free-loss step 180/200: score=7.789510 (avg=7.800077), loss=0.681354 (avg=0.682746), pairs_step=315297, pairs_total=56823150
[2026-03-01 01:33:11,887] INFO:fitness.free_loss_fidelity: RL4CO free-loss step 200/200: score=7.812192 (avg=7.798895), loss=0.679399 (avg=0.682849), pairs_step=315711, pairs_total=63134173
[2026-03-01 01:33:13,012] WARNING:fitness.free_loss_fidelity: weights_only checkpoint load failed (UnpicklingError); retrying weights_only=False for /data1/gushengda/eam-rl4co/baseline/epoch_409.ckpt
[2026-03-01 01:33:13,049] INFO:fitness.free_loss_fidelity: Loaded init checkpoint into policy: path=/data1/gushengda/eam-rl4co/baseline/epoch_409.ckpt prefix=policy. matched=97 missing=0 unexpected=0
[2026-03-01 01:33:13,054] INFO:fitness.free_loss_fidelity: RL4CO free-loss (step-mode): f1_steps=200, f2_steps=0, total_steps=200, train_problem_size=100, rollouts=100, batch_size=64, device=cuda:1, env=tsp
[2026-03-01 01:33:13,398] INFO:fitness.free_loss_fidelity: RL4CO free-loss step 1/200: score=7.807477 (avg=7.807477), loss=0.193993 (avg=0.193993), pairs_step=315750, pairs_total=315750
[2026-03-01 01:33:19,404] INFO:fitness.free_loss_fidelity: RL4CO free-loss step 20/200: score=7.784780 (avg=7.808159), loss=0.203868 (avg=0.199407), pairs_step=315867, pairs_total=6319246
[2026-03-01 01:33:25,719] INFO:fitness.free_loss_fidelity: RL4CO free-loss step 40/200: score=7.813910 (avg=7.802327), loss=0.185226 (avg=0.196566), pairs_step=315826, pairs_total=12638075
[2026-03-01 01:33:32,039] INFO:fitness.free_loss_fidelity: RL4CO free-loss step 60/200: score=7.812822 (avg=7.798974), loss=0.187529 (avg=0.192206), pairs_step=315600, pairs_total=18955795
[2026-03-01 01:33:38,360] INFO:fitness.free_loss_fidelity: RL4CO free-loss step 80/200: score=7.791583 (avg=7.797455), loss=0.200399 (avg=0.192083), pairs_step=315765, pairs_total=25273345
[2026-03-01 01:33:44,688] INFO:fitness.free_loss_fidelity: RL4CO free-loss step 100/200: score=7.750807 (avg=7.797689), loss=0.221679 (avg=0.195792), pairs_step=315654, pairs_total=31589718
[2026-03-01 01:33:51,010] INFO:fitness.free_loss_fidelity: RL4CO free-loss step 120/200: score=7.775577 (avg=7.799011), loss=0.185021 (avg=0.197511), pairs_step=315963, pairs_total=37906180
[2026-03-01 01:33:57,318] INFO:fitness.free_loss_fidelity: RL4CO free-loss step 140/200: score=7.821492 (avg=7.799800), loss=0.182760 (avg=0.195077), pairs_step=315775, pairs_total=44222607
[2026-03-01 01:34:03,638] INFO:fitness.free_loss_fidelity: RL4CO free-loss step 160/200: score=7.798348 (avg=7.799059), loss=0.193964 (avg=0.193841), pairs_step=315620, pairs_total=50537039
[2026-03-01 01:34:09,941] INFO:fitness.free_loss_fidelity: RL4CO free-loss step 180/200: score=7.785793 (avg=7.798023), loss=0.211505 (avg=0.194859), pairs_step=315157, pairs_total=56849669
[2026-03-01 01:34:16,257] INFO:fitness.free_loss_fidelity: RL4CO free-loss step 200/200: score=7.811318 (avg=7.796827), loss=0.200866 (avg=0.196619), pairs_step=315630, pairs_total=63163037
