[2026-03-01 02:13:46,633] INFO:fitness.free_loss_fidelity: Stage3 offline mini-train start gen=8 pair_index=24 K=200 seed=12345 valid_sizes=[100] baseline_json=baseline/mini_eval/baseline_minitrain_tsp100_K200.json
[2026-03-01 02:13:46,651] INFO:fitness.free_loss_fidelity: RL4CO free-loss (step-mode): f1_steps=200, f2_steps=0, total_steps=200, train_problem_size=100, rollouts=100, batch_size=64, device=cuda:2, env=tsp
[2026-03-01 02:13:46,987] INFO:fitness.free_loss_fidelity: RL4CO free-loss step 1/200: score=36.122910 (avg=36.122910), loss=0.809697 (avg=0.809697), pairs_step=316800, pairs_total=316800
[2026-03-01 02:13:53,023] INFO:fitness.free_loss_fidelity: RL4CO free-loss step 20/200: score=9.955948 (avg=12.955697), loss=0.552411 (avg=0.575624), pairs_step=316799, pairs_total=6335993
[2026-03-01 02:13:59,390] INFO:fitness.free_loss_fidelity: RL4CO free-loss step 40/200: score=9.489814 (avg=11.288305), loss=0.553312 (avg=0.561468), pairs_step=316798, pairs_total=12671989
[2026-03-01 02:14:05,753] INFO:fitness.free_loss_fidelity: RL4CO free-loss step 60/200: score=9.255852 (avg=10.627552), loss=0.532242 (avg=0.553847), pairs_step=316800, pairs_total=19007986
[2026-03-01 02:14:12,302] INFO:fitness.free_loss_fidelity: RL4CO free-loss step 80/200: score=9.043615 (avg=10.251818), loss=0.534908 (avg=0.548078), pairs_step=316800, pairs_total=25343976
[2026-03-01 02:14:18,647] INFO:fitness.free_loss_fidelity: RL4CO free-loss step 100/200: score=8.979368 (avg=10.010542), loss=0.524536 (avg=0.543954), pairs_step=316799, pairs_total=31679969
[2026-03-01 02:14:24,994] INFO:fitness.free_loss_fidelity: RL4CO free-loss step 120/200: score=8.894434 (avg=9.839119), loss=0.536123 (avg=0.541574), pairs_step=316800, pairs_total=38015968
[2026-03-01 02:14:31,338] INFO:fitness.free_loss_fidelity: RL4CO free-loss step 140/200: score=8.934199 (avg=9.709620), loss=0.537893 (avg=0.540360), pairs_step=316800, pairs_total=44351964
[2026-03-01 02:14:37,684] INFO:fitness.free_loss_fidelity: RL4CO free-loss step 160/200: score=8.827282 (avg=9.600939), loss=0.533579 (avg=0.539425), pairs_step=316798, pairs_total=50687960
[2026-03-01 02:14:44,024] INFO:fitness.free_loss_fidelity: RL4CO free-loss step 180/200: score=8.737423 (avg=9.508010), loss=0.532223 (avg=0.539010), pairs_step=316800, pairs_total=57023957
[2026-03-01 02:14:50,375] INFO:fitness.free_loss_fidelity: RL4CO free-loss step 200/200: score=8.742516 (avg=9.428078), loss=0.546233 (avg=0.539150), pairs_step=316800, pairs_total=63359953
[2026-03-01 02:14:51,494] WARNING:fitness.free_loss_fidelity: weights_only checkpoint load failed (UnpicklingError); retrying weights_only=False for /data1/gushengda/eam-rl4co/baseline/epoch_135.ckpt
[2026-03-01 02:14:51,532] INFO:fitness.free_loss_fidelity: Loaded init checkpoint into policy: path=/data1/gushengda/eam-rl4co/baseline/epoch_135.ckpt prefix=policy. matched=97 missing=0 unexpected=0
[2026-03-01 02:14:51,536] INFO:fitness.free_loss_fidelity: RL4CO free-loss (step-mode): f1_steps=200, f2_steps=0, total_steps=200, train_problem_size=100, rollouts=100, batch_size=64, device=cuda:2, env=tsp
[2026-03-01 02:14:51,859] INFO:fitness.free_loss_fidelity: RL4CO free-loss step 1/200: score=7.803347 (avg=7.803347), loss=0.662565 (avg=0.662565), pairs_step=315697, pairs_total=315697
[2026-03-01 02:14:57,878] INFO:fitness.free_loss_fidelity: RL4CO free-loss step 20/200: score=7.778354 (avg=7.808833), loss=0.656022 (avg=0.658567), pairs_step=316034, pairs_total=6315902
[2026-03-01 02:15:04,223] INFO:fitness.free_loss_fidelity: RL4CO free-loss step 40/200: score=7.820480 (avg=7.803399), loss=0.656178 (avg=0.656850), pairs_step=316055, pairs_total=12632336
[2026-03-01 02:15:10,582] INFO:fitness.free_loss_fidelity: RL4CO free-loss step 60/200: score=7.818549 (avg=7.799683), loss=0.654215 (avg=0.655835), pairs_step=315711, pairs_total=18948972
[2026-03-01 02:15:16,911] INFO:fitness.free_loss_fidelity: RL4CO free-loss step 80/200: score=7.799282 (avg=7.798681), loss=0.646291 (avg=0.654817), pairs_step=315987, pairs_total=25265689
[2026-03-01 02:15:23,252] INFO:fitness.free_loss_fidelity: RL4CO free-loss step 100/200: score=7.752413 (avg=7.799632), loss=0.648218 (avg=0.653747), pairs_step=316079, pairs_total=31582785
[2026-03-01 02:15:29,598] INFO:fitness.free_loss_fidelity: RL4CO free-loss step 120/200: score=7.771498 (avg=7.800703), loss=0.648257 (avg=0.652925), pairs_step=315717, pairs_total=37898804
[2026-03-01 02:15:35,948] INFO:fitness.free_loss_fidelity: RL4CO free-loss step 140/200: score=7.827059 (avg=7.801692), loss=0.646807 (avg=0.652620), pairs_step=315366, pairs_total=44213138
[2026-03-01 02:15:42,274] INFO:fitness.free_loss_fidelity: RL4CO free-loss step 160/200: score=7.800089 (avg=7.801045), loss=0.640606 (avg=0.651565), pairs_step=315585, pairs_total=50527424
[2026-03-01 02:15:48,610] INFO:fitness.free_loss_fidelity: RL4CO free-loss step 180/200: score=7.783905 (avg=7.799790), loss=0.636977 (avg=0.650517), pairs_step=314968, pairs_total=56840548
[2026-03-01 02:15:54,935] INFO:fitness.free_loss_fidelity: RL4CO free-loss step 200/200: score=7.809839 (avg=7.798526), loss=0.639598 (avg=0.649424), pairs_step=315276, pairs_total=63154547
[2026-03-01 02:15:56,050] WARNING:fitness.free_loss_fidelity: weights_only checkpoint load failed (UnpicklingError); retrying weights_only=False for /data1/gushengda/eam-rl4co/baseline/epoch_409.ckpt
[2026-03-01 02:15:56,079] INFO:fitness.free_loss_fidelity: Loaded init checkpoint into policy: path=/data1/gushengda/eam-rl4co/baseline/epoch_409.ckpt prefix=policy. matched=97 missing=0 unexpected=0
[2026-03-01 02:15:56,084] INFO:fitness.free_loss_fidelity: RL4CO free-loss (step-mode): f1_steps=200, f2_steps=0, total_steps=200, train_problem_size=100, rollouts=100, batch_size=64, device=cuda:2, env=tsp
[2026-03-01 02:15:56,414] INFO:fitness.free_loss_fidelity: RL4CO free-loss step 1/200: score=7.807477 (avg=7.807477), loss=0.217515 (avg=0.217515), pairs_step=315750, pairs_total=315750
[2026-03-01 02:16:02,433] INFO:fitness.free_loss_fidelity: RL4CO free-loss step 20/200: score=7.779754 (avg=7.808322), loss=0.214595 (avg=0.213992), pairs_step=316093, pairs_total=6318174
[2026-03-01 02:16:08,801] INFO:fitness.free_loss_fidelity: RL4CO free-loss step 40/200: score=7.813110 (avg=7.802434), loss=0.205547 (avg=0.213180), pairs_step=316055, pairs_total=12635060
[2026-03-01 02:16:15,140] INFO:fitness.free_loss_fidelity: RL4CO free-loss step 60/200: score=7.817129 (avg=7.799221), loss=0.205383 (avg=0.209712), pairs_step=315637, pairs_total=18949071
[2026-03-01 02:16:21,487] INFO:fitness.free_loss_fidelity: RL4CO free-loss step 80/200: score=7.795790 (avg=7.797874), loss=0.242268 (avg=0.212200), pairs_step=315696, pairs_total=25264315
[2026-03-01 02:16:27,831] INFO:fitness.free_loss_fidelity: RL4CO free-loss step 100/200: score=7.755371 (avg=7.797973), loss=0.246747 (avg=0.219189), pairs_step=315509, pairs_total=31580529
[2026-03-01 02:16:34,171] INFO:fitness.free_loss_fidelity: RL4CO free-loss step 120/200: score=7.771188 (avg=7.799199), loss=0.211234 (avg=0.221264), pairs_step=315786, pairs_total=37895913
[2026-03-01 02:16:40,522] INFO:fitness.free_loss_fidelity: RL4CO free-loss step 140/200: score=7.826780 (avg=7.799889), loss=0.212305 (avg=0.219267), pairs_step=315509, pairs_total=44210054
[2026-03-01 02:16:47,031] INFO:fitness.free_loss_fidelity: RL4CO free-loss step 160/200: score=7.798647 (avg=7.798973), loss=0.220319 (avg=0.218516), pairs_step=315749, pairs_total=50524684
[2026-03-01 02:16:53,350] INFO:fitness.free_loss_fidelity: RL4CO free-loss step 180/200: score=7.783155 (avg=7.797930), loss=0.252415 (avg=0.220913), pairs_step=315542, pairs_total=56835619
[2026-03-01 02:16:59,677] INFO:fitness.free_loss_fidelity: RL4CO free-loss step 200/200: score=7.807048 (avg=7.796674), loss=0.226006 (avg=0.222944), pairs_step=315515, pairs_total=63146044
