[2026-03-01 00:41:59,200] INFO:fitness.free_loss_fidelity: Stage3 offline mini-train start gen=4 pair_index=15 K=200 seed=12345 valid_sizes=[100] baseline_json=baseline/mini_eval/baseline_minitrain_tsp100_K200.json
[2026-03-01 00:41:59,224] INFO:fitness.free_loss_fidelity: RL4CO free-loss (step-mode): f1_steps=200, f2_steps=0, total_steps=200, train_problem_size=100, rollouts=100, batch_size=64, device=cuda:3, env=tsp
[2026-03-01 00:41:59,604] INFO:fitness.free_loss_fidelity: RL4CO free-loss step 1/200: score=36.122910 (avg=36.122910), loss=0.830198 (avg=0.830198), pairs_step=316800, pairs_total=316800
[2026-03-01 00:42:05,986] INFO:fitness.free_loss_fidelity: RL4CO free-loss step 20/200: score=9.885323 (avg=12.710675), loss=0.611861 (avg=0.635833), pairs_step=316799, pairs_total=6335997
[2026-03-01 00:42:12,743] INFO:fitness.free_loss_fidelity: RL4CO free-loss step 40/200: score=9.371950 (avg=11.111200), loss=0.620250 (avg=0.625639), pairs_step=316800, pairs_total=12671995
[2026-03-01 00:42:19,465] INFO:fitness.free_loss_fidelity: RL4CO free-loss step 60/200: score=9.181067 (avg=10.479622), loss=0.603834 (avg=0.621005), pairs_step=316799, pairs_total=19007990
[2026-03-01 00:42:26,162] INFO:fitness.free_loss_fidelity: RL4CO free-loss step 80/200: score=9.002941 (avg=10.116745), loss=0.598916 (avg=0.616997), pairs_step=316799, pairs_total=25343983
[2026-03-01 00:42:32,889] INFO:fitness.free_loss_fidelity: RL4CO free-loss step 100/200: score=8.922239 (avg=9.885159), loss=0.599390 (avg=0.614162), pairs_step=316800, pairs_total=31679978
[2026-03-01 00:42:39,669] INFO:fitness.free_loss_fidelity: RL4CO free-loss step 120/200: score=8.792021 (avg=9.718182), loss=0.603013 (avg=0.612891), pairs_step=316800, pairs_total=38015971
[2026-03-01 00:42:46,379] INFO:fitness.free_loss_fidelity: RL4CO free-loss step 140/200: score=8.775288 (avg=9.586197), loss=0.608465 (avg=0.611951), pairs_step=316800, pairs_total=44351967
[2026-03-01 00:42:53,117] INFO:fitness.free_loss_fidelity: RL4CO free-loss step 160/200: score=8.664543 (avg=9.477564), loss=0.610575 (avg=0.611788), pairs_step=316800, pairs_total=50687960
[2026-03-01 00:42:59,833] INFO:fitness.free_loss_fidelity: RL4CO free-loss step 180/200: score=8.608820 (avg=9.383600), loss=0.610482 (avg=0.611776), pairs_step=316800, pairs_total=57023956
[2026-03-01 00:43:06,544] INFO:fitness.free_loss_fidelity: RL4CO free-loss step 200/200: score=8.545562 (avg=9.303167), loss=0.619857 (avg=0.612064), pairs_step=316799, pairs_total=63359953
[2026-03-01 00:43:07,666] WARNING:fitness.free_loss_fidelity: weights_only checkpoint load failed (UnpicklingError); retrying weights_only=False for /data1/gushengda/eam-rl4co/baseline/epoch_135.ckpt
[2026-03-01 00:43:07,709] INFO:fitness.free_loss_fidelity: Loaded init checkpoint into policy: path=/data1/gushengda/eam-rl4co/baseline/epoch_135.ckpt prefix=policy. matched=97 missing=0 unexpected=0
[2026-03-01 00:43:07,714] INFO:fitness.free_loss_fidelity: RL4CO free-loss (step-mode): f1_steps=200, f2_steps=0, total_steps=200, train_problem_size=100, rollouts=100, batch_size=64, device=cuda:3, env=tsp
[2026-03-01 00:43:08,072] INFO:fitness.free_loss_fidelity: RL4CO free-loss step 1/200: score=7.803347 (avg=7.803347), loss=0.678469 (avg=0.678469), pairs_step=315697, pairs_total=315697
[2026-03-01 00:43:14,448] INFO:fitness.free_loss_fidelity: RL4CO free-loss step 20/200: score=7.778190 (avg=7.808040), loss=0.678069 (avg=0.677762), pairs_step=315973, pairs_total=6315861
[2026-03-01 00:43:21,166] INFO:fitness.free_loss_fidelity: RL4CO free-loss step 40/200: score=7.814999 (avg=7.801762), loss=0.678443 (avg=0.677479), pairs_step=315845, pairs_total=12632013
[2026-03-01 00:43:27,870] INFO:fitness.free_loss_fidelity: RL4CO free-loss step 60/200: score=7.811700 (avg=7.798099), loss=0.678486 (avg=0.677718), pairs_step=315738, pairs_total=18947244
[2026-03-01 00:43:34,582] INFO:fitness.free_loss_fidelity: RL4CO free-loss step 80/200: score=7.796667 (avg=7.796916), loss=0.677364 (avg=0.677746), pairs_step=316000, pairs_total=25263359
[2026-03-01 00:43:41,296] INFO:fitness.free_loss_fidelity: RL4CO free-loss step 100/200: score=7.755144 (avg=7.797905), loss=0.681118 (avg=0.677961), pairs_step=315772, pairs_total=31577554
[2026-03-01 00:43:48,077] INFO:fitness.free_loss_fidelity: RL4CO free-loss step 120/200: score=7.771401 (avg=7.799644), loss=0.677237 (avg=0.677982), pairs_step=315783, pairs_total=37891748
[2026-03-01 00:43:54,843] INFO:fitness.free_loss_fidelity: RL4CO free-loss step 140/200: score=7.827338 (avg=7.800804), loss=0.678783 (avg=0.677993), pairs_step=315514, pairs_total=44204151
[2026-03-01 00:44:01,548] INFO:fitness.free_loss_fidelity: RL4CO free-loss step 160/200: score=7.795149 (avg=7.800187), loss=0.677533 (avg=0.677987), pairs_step=315788, pairs_total=50517529
[2026-03-01 00:44:08,290] INFO:fitness.free_loss_fidelity: RL4CO free-loss step 180/200: score=7.787057 (avg=7.799143), loss=0.678381 (avg=0.677996), pairs_step=315443, pairs_total=56828291
[2026-03-01 00:44:15,054] INFO:fitness.free_loss_fidelity: RL4CO free-loss step 200/200: score=7.809460 (avg=7.797959), loss=0.675366 (avg=0.678000), pairs_step=315179, pairs_total=63138768
[2026-03-01 00:44:16,173] WARNING:fitness.free_loss_fidelity: weights_only checkpoint load failed (UnpicklingError); retrying weights_only=False for /data1/gushengda/eam-rl4co/baseline/epoch_409.ckpt
[2026-03-01 00:44:16,211] INFO:fitness.free_loss_fidelity: Loaded init checkpoint into policy: path=/data1/gushengda/eam-rl4co/baseline/epoch_409.ckpt prefix=policy. matched=97 missing=0 unexpected=0
[2026-03-01 00:44:16,217] INFO:fitness.free_loss_fidelity: RL4CO free-loss (step-mode): f1_steps=200, f2_steps=0, total_steps=200, train_problem_size=100, rollouts=100, batch_size=64, device=cuda:3, env=tsp
[2026-03-01 00:44:16,568] INFO:fitness.free_loss_fidelity: RL4CO free-loss step 1/200: score=7.807477 (avg=7.807477), loss=0.218615 (avg=0.218615), pairs_step=315750, pairs_total=315750
[2026-03-01 00:44:22,962] INFO:fitness.free_loss_fidelity: RL4CO free-loss step 20/200: score=7.775748 (avg=7.807628), loss=0.220337 (avg=0.218482), pairs_step=315873, pairs_total=6319276
[2026-03-01 00:44:29,687] INFO:fitness.free_loss_fidelity: RL4CO free-loss step 40/200: score=7.816040 (avg=7.802908), loss=0.212996 (avg=0.216330), pairs_step=316085, pairs_total=12637559
[2026-03-01 00:44:36,433] INFO:fitness.free_loss_fidelity: RL4CO free-loss step 60/200: score=7.815121 (avg=7.799285), loss=0.204256 (avg=0.213323), pairs_step=315817, pairs_total=18955054
[2026-03-01 00:44:43,134] INFO:fitness.free_loss_fidelity: RL4CO free-loss step 80/200: score=7.796375 (avg=7.797804), loss=0.221633 (avg=0.212919), pairs_step=315743, pairs_total=25272277
[2026-03-01 00:44:49,836] INFO:fitness.free_loss_fidelity: RL4CO free-loss step 100/200: score=7.751237 (avg=7.798225), loss=0.230728 (avg=0.215744), pairs_step=315539, pairs_total=31589271
[2026-03-01 00:44:56,549] INFO:fitness.free_loss_fidelity: RL4CO free-loss step 120/200: score=7.775694 (avg=7.799602), loss=0.214552 (avg=0.216952), pairs_step=315402, pairs_total=37905376
[2026-03-01 00:45:03,275] INFO:fitness.free_loss_fidelity: RL4CO free-loss step 140/200: score=7.824525 (avg=7.800352), loss=0.213372 (avg=0.215855), pairs_step=315622, pairs_total=44219621
[2026-03-01 00:45:09,995] INFO:fitness.free_loss_fidelity: RL4CO free-loss step 160/200: score=7.792825 (avg=7.799518), loss=0.226352 (avg=0.216330), pairs_step=315760, pairs_total=50533038
[2026-03-01 00:45:16,738] INFO:fitness.free_loss_fidelity: RL4CO free-loss step 180/200: score=7.781350 (avg=7.798254), loss=0.228902 (avg=0.217919), pairs_step=314905, pairs_total=56845909
[2026-03-01 00:45:23,475] INFO:fitness.free_loss_fidelity: RL4CO free-loss step 200/200: score=7.813904 (avg=7.797013), loss=0.206835 (avg=0.218026), pairs_step=315821, pairs_total=63159689
