[2026-03-01 02:17:00,768] INFO:fitness.free_loss_fidelity: Stage3 offline mini-train start gen=8 pair_index=30 K=200 seed=12345 valid_sizes=[100] baseline_json=baseline/mini_eval/baseline_minitrain_tsp100_K200.json
[2026-03-01 02:17:00,792] INFO:fitness.free_loss_fidelity: RL4CO free-loss (step-mode): f1_steps=200, f2_steps=0, total_steps=200, train_problem_size=100, rollouts=100, batch_size=64, device=cuda:2, env=tsp
[2026-03-01 02:17:01,108] INFO:fitness.free_loss_fidelity: RL4CO free-loss step 1/200: score=36.122910 (avg=36.122910), loss=0.751488 (avg=0.751488), pairs_step=316800, pairs_total=316800
[2026-03-01 02:17:07,141] INFO:fitness.free_loss_fidelity: RL4CO free-loss step 20/200: score=9.927929 (avg=12.730125), loss=0.581564 (avg=0.594467), pairs_step=316800, pairs_total=6335997
[2026-03-01 02:17:13,478] INFO:fitness.free_loss_fidelity: RL4CO free-loss step 40/200: score=9.394629 (avg=11.112549), loss=0.587959 (avg=0.590160), pairs_step=316798, pairs_total=12671992
[2026-03-01 02:17:19,819] INFO:fitness.free_loss_fidelity: RL4CO free-loss step 60/200: score=9.159464 (avg=10.477395), loss=0.575290 (avg=0.587252), pairs_step=316798, pairs_total=19007987
[2026-03-01 02:17:26,156] INFO:fitness.free_loss_fidelity: RL4CO free-loss step 80/200: score=8.971830 (avg=10.117744), loss=0.570533 (avg=0.583318), pairs_step=316800, pairs_total=25343983
[2026-03-01 02:17:32,498] INFO:fitness.free_loss_fidelity: RL4CO free-loss step 100/200: score=8.814028 (avg=9.881929), loss=0.567630 (avg=0.580871), pairs_step=316800, pairs_total=31679979
[2026-03-01 02:17:38,841] INFO:fitness.free_loss_fidelity: RL4CO free-loss step 120/200: score=8.766372 (avg=9.711796), loss=0.569882 (avg=0.579417), pairs_step=316800, pairs_total=38015978
[2026-03-01 02:17:45,186] INFO:fitness.free_loss_fidelity: RL4CO free-loss step 140/200: score=8.779662 (avg=9.578086), loss=0.578658 (avg=0.578885), pairs_step=316800, pairs_total=44351973
[2026-03-01 02:17:51,532] INFO:fitness.free_loss_fidelity: RL4CO free-loss step 160/200: score=8.670282 (avg=9.465479), loss=0.584934 (avg=0.578975), pairs_step=316800, pairs_total=50687972
[2026-03-01 02:17:57,875] INFO:fitness.free_loss_fidelity: RL4CO free-loss step 180/200: score=8.588159 (avg=9.371182), loss=0.589023 (avg=0.579758), pairs_step=316800, pairs_total=57023968
[2026-03-01 02:18:04,226] INFO:fitness.free_loss_fidelity: RL4CO free-loss step 200/200: score=8.586349 (avg=9.290153), loss=0.591852 (avg=0.580611), pairs_step=316799, pairs_total=63359965
[2026-03-01 02:18:05,355] WARNING:fitness.free_loss_fidelity: weights_only checkpoint load failed (UnpicklingError); retrying weights_only=False for /data1/gushengda/eam-rl4co/baseline/epoch_135.ckpt
[2026-03-01 02:18:05,394] INFO:fitness.free_loss_fidelity: Loaded init checkpoint into policy: path=/data1/gushengda/eam-rl4co/baseline/epoch_135.ckpt prefix=policy. matched=97 missing=0 unexpected=0
[2026-03-01 02:18:05,398] INFO:fitness.free_loss_fidelity: RL4CO free-loss (step-mode): f1_steps=200, f2_steps=0, total_steps=200, train_problem_size=100, rollouts=100, batch_size=64, device=cuda:2, env=tsp
[2026-03-01 02:18:05,744] INFO:fitness.free_loss_fidelity: RL4CO free-loss step 1/200: score=7.803347 (avg=7.803347), loss=0.670425 (avg=0.670425), pairs_step=315697, pairs_total=315697
[2026-03-01 02:18:11,777] INFO:fitness.free_loss_fidelity: RL4CO free-loss step 20/200: score=7.786235 (avg=7.811189), loss=0.671396 (avg=0.670468), pairs_step=315934, pairs_total=6316404
[2026-03-01 02:18:18,130] INFO:fitness.free_loss_fidelity: RL4CO free-loss step 40/200: score=7.815550 (avg=7.804491), loss=0.675889 (avg=0.670822), pairs_step=315715, pairs_total=12632335
[2026-03-01 02:18:24,495] INFO:fitness.free_loss_fidelity: RL4CO free-loss step 60/200: score=7.817101 (avg=7.800510), loss=0.670214 (avg=0.670731), pairs_step=315703, pairs_total=18947538
[2026-03-01 02:18:30,845] INFO:fitness.free_loss_fidelity: RL4CO free-loss step 80/200: score=7.800705 (avg=7.799187), loss=0.668277 (avg=0.670494), pairs_step=315805, pairs_total=25263351
[2026-03-01 02:18:37,183] INFO:fitness.free_loss_fidelity: RL4CO free-loss step 100/200: score=7.753451 (avg=7.799801), loss=0.671995 (avg=0.670401), pairs_step=315865, pairs_total=31579563
[2026-03-01 02:18:43,525] INFO:fitness.free_loss_fidelity: RL4CO free-loss step 120/200: score=7.772433 (avg=7.801281), loss=0.667637 (avg=0.670364), pairs_step=315681, pairs_total=37893926
[2026-03-01 02:18:49,864] INFO:fitness.free_loss_fidelity: RL4CO free-loss step 140/200: score=7.827051 (avg=7.802151), loss=0.670040 (avg=0.670410), pairs_step=315647, pairs_total=44206926
[2026-03-01 02:18:56,211] INFO:fitness.free_loss_fidelity: RL4CO free-loss step 160/200: score=7.798250 (avg=7.801266), loss=0.673911 (avg=0.670409), pairs_step=315611, pairs_total=50520003
[2026-03-01 02:19:02,556] INFO:fitness.free_loss_fidelity: RL4CO free-loss step 180/200: score=7.784995 (avg=7.799930), loss=0.672098 (avg=0.670482), pairs_step=315534, pairs_total=56832970
[2026-03-01 02:19:08,920] INFO:fitness.free_loss_fidelity: RL4CO free-loss step 200/200: score=7.809696 (avg=7.798607), loss=0.669473 (avg=0.670545), pairs_step=315236, pairs_total=63145151
[2026-03-01 02:19:10,041] WARNING:fitness.free_loss_fidelity: weights_only checkpoint load failed (UnpicklingError); retrying weights_only=False for /data1/gushengda/eam-rl4co/baseline/epoch_409.ckpt
[2026-03-01 02:19:10,078] INFO:fitness.free_loss_fidelity: Loaded init checkpoint into policy: path=/data1/gushengda/eam-rl4co/baseline/epoch_409.ckpt prefix=policy. matched=97 missing=0 unexpected=0
[2026-03-01 02:19:10,083] INFO:fitness.free_loss_fidelity: RL4CO free-loss (step-mode): f1_steps=200, f2_steps=0, total_steps=200, train_problem_size=100, rollouts=100, batch_size=64, device=cuda:2, env=tsp
[2026-03-01 02:19:10,405] INFO:fitness.free_loss_fidelity: RL4CO free-loss step 1/200: score=7.807477 (avg=7.807477), loss=0.216234 (avg=0.216234), pairs_step=315750, pairs_total=315750
[2026-03-01 02:19:16,426] INFO:fitness.free_loss_fidelity: RL4CO free-loss step 20/200: score=7.783618 (avg=7.807818), loss=0.213225 (avg=0.213403), pairs_step=315592, pairs_total=6318498
[2026-03-01 02:19:22,778] INFO:fitness.free_loss_fidelity: RL4CO free-loss step 40/200: score=7.816752 (avg=7.802595), loss=0.203923 (avg=0.210960), pairs_step=315923, pairs_total=12636393
[2026-03-01 02:19:29,126] INFO:fitness.free_loss_fidelity: RL4CO free-loss step 60/200: score=7.813822 (avg=7.799260), loss=0.203141 (avg=0.207372), pairs_step=315480, pairs_total=18953177
[2026-03-01 02:19:35,469] INFO:fitness.free_loss_fidelity: RL4CO free-loss step 80/200: score=7.799850 (avg=7.797816), loss=0.218094 (avg=0.207789), pairs_step=315742, pairs_total=25268210
[2026-03-01 02:19:41,811] INFO:fitness.free_loss_fidelity: RL4CO free-loss step 100/200: score=7.754137 (avg=7.798410), loss=0.217237 (avg=0.210431), pairs_step=315656, pairs_total=31584390
[2026-03-01 02:19:48,148] INFO:fitness.free_loss_fidelity: RL4CO free-loss step 120/200: score=7.778199 (avg=7.799641), loss=0.191123 (avg=0.208892), pairs_step=315571, pairs_total=37900225
[2026-03-01 02:19:54,483] INFO:fitness.free_loss_fidelity: RL4CO free-loss step 140/200: score=7.821809 (avg=7.800441), loss=0.204975 (avg=0.207094), pairs_step=315649, pairs_total=44216002
[2026-03-01 02:20:00,817] INFO:fitness.free_loss_fidelity: RL4CO free-loss step 160/200: score=7.793993 (avg=7.799464), loss=0.222772 (avg=0.208277), pairs_step=315847, pairs_total=50531653
[2026-03-01 02:20:07,160] INFO:fitness.free_loss_fidelity: RL4CO free-loss step 180/200: score=7.787024 (avg=7.798170), loss=0.210332 (avg=0.209379), pairs_step=315427, pairs_total=56845988
[2026-03-01 02:20:13,504] INFO:fitness.free_loss_fidelity: RL4CO free-loss step 200/200: score=7.815624 (avg=7.797005), loss=0.199324 (avg=0.208871), pairs_step=315099, pairs_total=63160097
