[2026-03-01 02:03:53,177] INFO:fitness.free_loss_fidelity: Stage3 offline mini-train start gen=8 pair_index=3 K=200 seed=12345 valid_sizes=[100] baseline_json=baseline/mini_eval/baseline_minitrain_tsp100_K200.json
[2026-03-01 02:04:00,549] INFO:fitness.free_loss_fidelity: RL4CO free-loss (step-mode): f1_steps=200, f2_steps=0, total_steps=200, train_problem_size=100, rollouts=100, batch_size=64, device=cuda:1, env=tsp
[2026-03-01 02:04:01,928] INFO:fitness.free_loss_fidelity: RL4CO free-loss step 1/200: score=36.122910 (avg=36.122910), loss=0.288772 (avg=0.288772), pairs_step=316800, pairs_total=316800
[2026-03-01 02:04:09,231] INFO:fitness.free_loss_fidelity: RL4CO free-loss step 20/200: score=9.935858 (avg=12.504379), loss=0.228635 (avg=0.232055), pairs_step=316800, pairs_total=6335994
[2026-03-01 02:04:15,802] INFO:fitness.free_loss_fidelity: RL4CO free-loss step 40/200: score=9.370965 (avg=11.013799), loss=0.241726 (avg=0.234608), pairs_step=316800, pairs_total=12671989
[2026-03-01 02:04:22,406] INFO:fitness.free_loss_fidelity: RL4CO free-loss step 60/200: score=9.185004 (avg=10.419675), loss=0.233218 (avg=0.235160), pairs_step=316800, pairs_total=19007983
[2026-03-01 02:04:29,015] INFO:fitness.free_loss_fidelity: RL4CO free-loss step 80/200: score=8.992045 (avg=10.077666), loss=0.227821 (avg=0.233875), pairs_step=316800, pairs_total=25343978
[2026-03-01 02:04:35,618] INFO:fitness.free_loss_fidelity: RL4CO free-loss step 100/200: score=8.783720 (avg=9.844170), loss=0.227191 (avg=0.232829), pairs_step=316799, pairs_total=31679969
[2026-03-01 02:04:42,185] INFO:fitness.free_loss_fidelity: RL4CO free-loss step 120/200: score=8.680577 (avg=9.668286), loss=0.230178 (avg=0.232728), pairs_step=316800, pairs_total=38015965
[2026-03-01 02:04:48,762] INFO:fitness.free_loss_fidelity: RL4CO free-loss step 140/200: score=8.641253 (avg=9.525616), loss=0.235925 (avg=0.233163), pairs_step=316800, pairs_total=44351960
[2026-03-01 02:04:55,345] INFO:fitness.free_loss_fidelity: RL4CO free-loss step 160/200: score=8.525772 (avg=9.406554), loss=0.239354 (avg=0.233894), pairs_step=316800, pairs_total=50687955
[2026-03-01 02:05:01,819] INFO:fitness.free_loss_fidelity: RL4CO free-loss step 180/200: score=8.435949 (avg=9.305892), loss=0.242400 (avg=0.234783), pairs_step=316799, pairs_total=57023947
[2026-03-01 02:05:08,072] INFO:fitness.free_loss_fidelity: RL4CO free-loss step 200/200: score=8.468421 (avg=9.221480), loss=0.249178 (avg=0.235684), pairs_step=316800, pairs_total=63359942
[2026-03-01 02:05:09,191] WARNING:fitness.free_loss_fidelity: weights_only checkpoint load failed (UnpicklingError); retrying weights_only=False for /data1/gushengda/eam-rl4co/baseline/epoch_135.ckpt
[2026-03-01 02:05:09,236] INFO:fitness.free_loss_fidelity: Loaded init checkpoint into policy: path=/data1/gushengda/eam-rl4co/baseline/epoch_135.ckpt prefix=policy. matched=97 missing=0 unexpected=0
[2026-03-01 02:05:09,242] INFO:fitness.free_loss_fidelity: RL4CO free-loss (step-mode): f1_steps=200, f2_steps=0, total_steps=200, train_problem_size=100, rollouts=100, batch_size=64, device=cuda:1, env=tsp
[2026-03-01 02:05:09,567] INFO:fitness.free_loss_fidelity: RL4CO free-loss step 1/200: score=7.803347 (avg=7.803347), loss=0.284741 (avg=0.284741), pairs_step=315697, pairs_total=315697
[2026-03-01 02:05:15,510] INFO:fitness.free_loss_fidelity: RL4CO free-loss step 20/200: score=7.780403 (avg=7.808913), loss=0.286639 (avg=0.284404), pairs_step=315764, pairs_total=6316239
[2026-03-01 02:05:21,768] INFO:fitness.free_loss_fidelity: RL4CO free-loss step 40/200: score=7.818995 (avg=7.803646), loss=0.284156 (avg=0.284688), pairs_step=315584, pairs_total=12629692
[2026-03-01 02:05:28,042] INFO:fitness.free_loss_fidelity: RL4CO free-loss step 60/200: score=7.818818 (avg=7.800040), loss=0.284153 (avg=0.284888), pairs_step=315281, pairs_total=18941172
[2026-03-01 02:05:34,263] INFO:fitness.free_loss_fidelity: RL4CO free-loss step 80/200: score=7.787815 (avg=7.798515), loss=0.285590 (avg=0.285004), pairs_step=315844, pairs_total=25254240
[2026-03-01 02:05:40,480] INFO:fitness.free_loss_fidelity: RL4CO free-loss step 100/200: score=7.759279 (avg=7.799098), loss=0.287063 (avg=0.284954), pairs_step=315631, pairs_total=31566254
[2026-03-01 02:05:46,693] INFO:fitness.free_loss_fidelity: RL4CO free-loss step 120/200: score=7.774727 (avg=7.800774), loss=0.284146 (avg=0.284995), pairs_step=315503, pairs_total=37877537
[2026-03-01 02:05:52,906] INFO:fitness.free_loss_fidelity: RL4CO free-loss step 140/200: score=7.830452 (avg=7.801719), loss=0.285378 (avg=0.285059), pairs_step=314802, pairs_total=44184728
[2026-03-01 02:05:59,116] INFO:fitness.free_loss_fidelity: RL4CO free-loss step 160/200: score=7.797191 (avg=7.801159), loss=0.288027 (avg=0.285104), pairs_step=314866, pairs_total=50492471
[2026-03-01 02:06:05,334] INFO:fitness.free_loss_fidelity: RL4CO free-loss step 180/200: score=7.786404 (avg=7.800142), loss=0.286788 (avg=0.285184), pairs_step=314886, pairs_total=56799089
[2026-03-01 02:06:11,564] INFO:fitness.free_loss_fidelity: RL4CO free-loss step 200/200: score=7.807919 (avg=7.799059), loss=0.287353 (avg=0.285273), pairs_step=315531, pairs_total=63107778
[2026-03-01 02:06:12,680] WARNING:fitness.free_loss_fidelity: weights_only checkpoint load failed (UnpicklingError); retrying weights_only=False for /data1/gushengda/eam-rl4co/baseline/epoch_409.ckpt
[2026-03-01 02:06:12,719] INFO:fitness.free_loss_fidelity: Loaded init checkpoint into policy: path=/data1/gushengda/eam-rl4co/baseline/epoch_409.ckpt prefix=policy. matched=97 missing=0 unexpected=0
[2026-03-01 02:06:12,725] INFO:fitness.free_loss_fidelity: RL4CO free-loss (step-mode): f1_steps=200, f2_steps=0, total_steps=200, train_problem_size=100, rollouts=100, batch_size=64, device=cuda:1, env=tsp
[2026-03-01 02:06:13,042] INFO:fitness.free_loss_fidelity: RL4CO free-loss step 1/200: score=7.807477 (avg=7.807477), loss=0.123975 (avg=0.123975), pairs_step=315750, pairs_total=315750
[2026-03-01 02:06:18,995] INFO:fitness.free_loss_fidelity: RL4CO free-loss step 20/200: score=7.778803 (avg=7.807990), loss=0.107979 (avg=0.109685), pairs_step=315999, pairs_total=6318162
[2026-03-01 02:06:25,225] INFO:fitness.free_loss_fidelity: RL4CO free-loss step 40/200: score=7.820696 (avg=7.803214), loss=0.104910 (avg=0.107712), pairs_step=316161, pairs_total=12637200
[2026-03-01 02:06:31,463] INFO:fitness.free_loss_fidelity: RL4CO free-loss step 60/200: score=7.816316 (avg=7.800368), loss=0.106833 (avg=0.106860), pairs_step=315858, pairs_total=18956694
[2026-03-01 02:06:37,703] INFO:fitness.free_loss_fidelity: RL4CO free-loss step 80/200: score=7.802288 (avg=7.799122), loss=0.106111 (avg=0.106436), pairs_step=315885, pairs_total=25277382
[2026-03-01 02:06:43,944] INFO:fitness.free_loss_fidelity: RL4CO free-loss step 100/200: score=7.755475 (avg=7.799708), loss=0.112212 (avg=0.107003), pairs_step=316084, pairs_total=31600668
[2026-03-01 02:06:50,193] INFO:fitness.free_loss_fidelity: RL4CO free-loss step 120/200: score=7.784619 (avg=7.801330), loss=0.121996 (avg=0.108340), pairs_step=316059, pairs_total=37924489
[2026-03-01 02:06:56,436] INFO:fitness.free_loss_fidelity: RL4CO free-loss step 140/200: score=7.834513 (avg=7.802334), loss=0.119435 (avg=0.109343), pairs_step=316024, pairs_total=44246581
[2026-03-01 02:07:02,943] INFO:fitness.free_loss_fidelity: RL4CO free-loss step 160/200: score=7.799995 (avg=7.801681), loss=0.114564 (avg=0.111037), pairs_step=316243, pairs_total=50571241
[2026-03-01 02:07:09,178] INFO:fitness.free_loss_fidelity: RL4CO free-loss step 180/200: score=7.784476 (avg=7.800477), loss=0.132796 (avg=0.112405), pairs_step=316218, pairs_total=56897313
[2026-03-01 02:07:15,433] INFO:fitness.free_loss_fidelity: RL4CO free-loss step 200/200: score=7.817743 (avg=7.799321), loss=0.118882 (avg=0.113051), pairs_step=316223, pairs_total=63223556
