[2026-03-01 02:32:53,190] INFO:fitness.free_loss_fidelity: Stage3 offline mini-train start gen=9 pair_index=6 K=200 seed=12345 valid_sizes=[100] baseline_json=baseline/mini_eval/baseline_minitrain_tsp100_K200.json
[2026-03-01 02:32:53,213] INFO:fitness.free_loss_fidelity: RL4CO free-loss (step-mode): f1_steps=200, f2_steps=0, total_steps=200, train_problem_size=100, rollouts=100, batch_size=64, device=cuda:2, env=tsp
[2026-03-01 02:32:53,545] INFO:fitness.free_loss_fidelity: RL4CO free-loss step 1/200: score=36.122910 (avg=36.122910), loss=0.942688 (avg=0.942688), pairs_step=316800, pairs_total=316800
[2026-03-01 02:32:59,735] INFO:fitness.free_loss_fidelity: RL4CO free-loss step 20/200: score=10.014842 (avg=13.038199), loss=0.568321 (avg=0.618314), pairs_step=316800, pairs_total=6335998
[2026-03-01 02:33:06,230] INFO:fitness.free_loss_fidelity: RL4CO free-loss step 40/200: score=9.608269 (avg=11.388071), loss=0.556079 (avg=0.588541), pairs_step=316800, pairs_total=12671994
[2026-03-01 02:33:12,736] INFO:fitness.free_loss_fidelity: RL4CO free-loss step 60/200: score=9.414913 (avg=10.747662), loss=0.526607 (avg=0.572927), pairs_step=316800, pairs_total=19007991
[2026-03-01 02:33:19,242] INFO:fitness.free_loss_fidelity: RL4CO free-loss step 80/200: score=9.304497 (avg=10.397198), loss=0.516420 (avg=0.560979), pairs_step=316799, pairs_total=25343987
[2026-03-01 02:33:25,742] INFO:fitness.free_loss_fidelity: RL4CO free-loss step 100/200: score=9.141790 (avg=10.166513), loss=0.516672 (avg=0.552758), pairs_step=316800, pairs_total=31679984
[2026-03-01 02:33:32,263] INFO:fitness.free_loss_fidelity: RL4CO free-loss step 120/200: score=9.135496 (avg=10.002241), loss=0.519534 (avg=0.547360), pairs_step=316800, pairs_total=38015978
[2026-03-01 02:33:38,772] INFO:fitness.free_loss_fidelity: RL4CO free-loss step 140/200: score=9.135925 (avg=9.876708), loss=0.506519 (avg=0.543783), pairs_step=316800, pairs_total=44351973
[2026-03-01 02:33:45,161] INFO:fitness.free_loss_fidelity: RL4CO free-loss step 160/200: score=9.026894 (avg=9.776233), loss=0.528875 (avg=0.541504), pairs_step=316800, pairs_total=50687971
[2026-03-01 02:33:51,423] INFO:fitness.free_loss_fidelity: RL4CO free-loss step 180/200: score=8.961887 (avg=9.692984), loss=0.525835 (avg=0.539752), pairs_step=316799, pairs_total=57023966
[2026-03-01 02:33:57,666] INFO:fitness.free_loss_fidelity: RL4CO free-loss step 200/200: score=8.999952 (avg=9.621703), loss=0.536665 (avg=0.538752), pairs_step=316800, pairs_total=63359963
[2026-03-01 02:33:58,777] WARNING:fitness.free_loss_fidelity: weights_only checkpoint load failed (UnpicklingError); retrying weights_only=False for /data1/gushengda/eam-rl4co/baseline/epoch_135.ckpt
[2026-03-01 02:33:58,819] INFO:fitness.free_loss_fidelity: Loaded init checkpoint into policy: path=/data1/gushengda/eam-rl4co/baseline/epoch_135.ckpt prefix=policy. matched=97 missing=0 unexpected=0
[2026-03-01 02:33:58,824] INFO:fitness.free_loss_fidelity: RL4CO free-loss (step-mode): f1_steps=200, f2_steps=0, total_steps=200, train_problem_size=100, rollouts=100, batch_size=64, device=cuda:2, env=tsp
[2026-03-01 02:33:59,141] INFO:fitness.free_loss_fidelity: RL4CO free-loss step 1/200: score=7.803347 (avg=7.803347), loss=0.669376 (avg=0.669376), pairs_step=315697, pairs_total=315697
[2026-03-01 02:34:05,071] INFO:fitness.free_loss_fidelity: RL4CO free-loss step 20/200: score=7.780746 (avg=7.809011), loss=0.661628 (avg=0.665729), pairs_step=315814, pairs_total=6317577
[2026-03-01 02:34:11,341] INFO:fitness.free_loss_fidelity: RL4CO free-loss step 40/200: score=7.819584 (avg=7.803528), loss=0.659178 (avg=0.660813), pairs_step=315997, pairs_total=12635607
[2026-03-01 02:34:17,591] INFO:fitness.free_loss_fidelity: RL4CO free-loss step 60/200: score=7.814906 (avg=7.799981), loss=0.653600 (avg=0.658017), pairs_step=315662, pairs_total=18953828
[2026-03-01 02:34:23,835] INFO:fitness.free_loss_fidelity: RL4CO free-loss step 80/200: score=7.800712 (avg=7.798627), loss=0.637535 (avg=0.654018), pairs_step=316320, pairs_total=25275557
[2026-03-01 02:34:30,339] INFO:fitness.free_loss_fidelity: RL4CO free-loss step 100/200: score=7.754118 (avg=7.799109), loss=0.631276 (avg=0.650316), pairs_step=316179, pairs_total=31597435
[2026-03-01 02:34:36,885] INFO:fitness.free_loss_fidelity: RL4CO free-loss step 120/200: score=7.772777 (avg=7.800406), loss=0.634899 (avg=0.647865), pairs_step=316077, pairs_total=37918469
[2026-03-01 02:34:43,392] INFO:fitness.free_loss_fidelity: RL4CO free-loss step 140/200: score=7.827757 (avg=7.801207), loss=0.621343 (avg=0.645004), pairs_step=315703, pairs_total=44239963
[2026-03-01 02:34:49,889] INFO:fitness.free_loss_fidelity: RL4CO free-loss step 160/200: score=7.792995 (avg=7.800436), loss=0.606868 (avg=0.640823), pairs_step=315861, pairs_total=50563159
[2026-03-01 02:34:56,395] INFO:fitness.free_loss_fidelity: RL4CO free-loss step 180/200: score=7.782767 (avg=7.799214), loss=0.590872 (avg=0.635700), pairs_step=316149, pairs_total=56885688
[2026-03-01 02:35:02,903] INFO:fitness.free_loss_fidelity: RL4CO free-loss step 200/200: score=7.807942 (avg=7.797910), loss=0.577044 (avg=0.632076), pairs_step=316301, pairs_total=63207669
[2026-03-01 02:35:04,016] WARNING:fitness.free_loss_fidelity: weights_only checkpoint load failed (UnpicklingError); retrying weights_only=False for /data1/gushengda/eam-rl4co/baseline/epoch_409.ckpt
[2026-03-01 02:35:04,052] INFO:fitness.free_loss_fidelity: Loaded init checkpoint into policy: path=/data1/gushengda/eam-rl4co/baseline/epoch_409.ckpt prefix=policy. matched=97 missing=0 unexpected=0
[2026-03-01 02:35:04,058] INFO:fitness.free_loss_fidelity: RL4CO free-loss (step-mode): f1_steps=200, f2_steps=0, total_steps=200, train_problem_size=100, rollouts=100, batch_size=64, device=cuda:2, env=tsp
[2026-03-01 02:35:04,391] INFO:fitness.free_loss_fidelity: RL4CO free-loss step 1/200: score=7.807477 (avg=7.807477), loss=0.188473 (avg=0.188473), pairs_step=315750, pairs_total=315750
[2026-03-01 02:35:10,812] INFO:fitness.free_loss_fidelity: RL4CO free-loss step 20/200: score=7.778124 (avg=7.809105), loss=0.174501 (avg=0.178852), pairs_step=316127, pairs_total=6319054
[2026-03-01 02:35:17,322] INFO:fitness.free_loss_fidelity: RL4CO free-loss step 40/200: score=7.818769 (avg=7.802400), loss=0.184142 (avg=0.178402), pairs_step=316205, pairs_total=12639183
[2026-03-01 02:35:23,845] INFO:fitness.free_loss_fidelity: RL4CO free-loss step 60/200: score=7.809229 (avg=7.798386), loss=0.187418 (avg=0.180332), pairs_step=315457, pairs_total=18955951
[2026-03-01 02:35:30,408] INFO:fitness.free_loss_fidelity: RL4CO free-loss step 80/200: score=7.794497 (avg=7.796718), loss=0.185603 (avg=0.181566), pairs_step=315873, pairs_total=25274499
[2026-03-01 02:35:36,924] INFO:fitness.free_loss_fidelity: RL4CO free-loss step 100/200: score=7.752009 (avg=7.796991), loss=0.188041 (avg=0.182361), pairs_step=315997, pairs_total=31594212
[2026-03-01 02:35:43,456] INFO:fitness.free_loss_fidelity: RL4CO free-loss step 120/200: score=7.772943 (avg=7.798377), loss=0.181435 (avg=0.182832), pairs_step=316070, pairs_total=37914618
[2026-03-01 02:35:49,953] INFO:fitness.free_loss_fidelity: RL4CO free-loss step 140/200: score=7.822483 (avg=7.799015), loss=0.180077 (avg=0.182687), pairs_step=315815, pairs_total=44231871
[2026-03-01 02:35:56,491] INFO:fitness.free_loss_fidelity: RL4CO free-loss step 160/200: score=7.792140 (avg=7.798188), loss=0.180846 (avg=0.182394), pairs_step=315794, pairs_total=50549884
[2026-03-01 02:36:03,032] INFO:fitness.free_loss_fidelity: RL4CO free-loss step 180/200: score=7.780749 (avg=7.796992), loss=0.184025 (avg=0.182205), pairs_step=315624, pairs_total=56868259
[2026-03-01 02:36:09,404] INFO:fitness.free_loss_fidelity: RL4CO free-loss step 200/200: score=7.815869 (avg=7.795687), loss=0.172857 (avg=0.182050), pairs_step=315572, pairs_total=63186054
