[2026-03-01 00:21:24,941] INFO:fitness.free_loss_fidelity: Stage3 offline mini-train start gen=3 pair_index=15 K=200 seed=12345 valid_sizes=[100] baseline_json=baseline/mini_eval/baseline_minitrain_tsp100_K200.json
[2026-03-01 00:21:24,970] INFO:fitness.free_loss_fidelity: RL4CO free-loss (step-mode): f1_steps=200, f2_steps=0, total_steps=200, train_problem_size=100, rollouts=100, batch_size=64, device=cuda:2, env=tsp
[2026-03-01 00:21:25,357] INFO:fitness.free_loss_fidelity: RL4CO free-loss step 1/200: score=36.122910 (avg=36.122910), loss=1.031149 (avg=1.031149), pairs_step=316800, pairs_total=316800
[2026-03-01 00:21:31,768] INFO:fitness.free_loss_fidelity: RL4CO free-loss step 20/200: score=9.815940 (avg=12.577206), loss=0.846764 (avg=0.861539), pairs_step=316799, pairs_total=6335993
[2026-03-01 00:21:38,354] INFO:fitness.free_loss_fidelity: RL4CO free-loss step 40/200: score=9.310665 (avg=11.018024), loss=0.868829 (avg=0.860939), pairs_step=316800, pairs_total=12671989
[2026-03-01 00:21:44,905] INFO:fitness.free_loss_fidelity: RL4CO free-loss step 60/200: score=9.166862 (avg=10.415295), loss=0.833134 (avg=0.857831), pairs_step=316798, pairs_total=19007982
[2026-03-01 00:21:51,463] INFO:fitness.free_loss_fidelity: RL4CO free-loss step 80/200: score=8.965693 (avg=10.065448), loss=0.842981 (avg=0.853542), pairs_step=316800, pairs_total=25343978
[2026-03-01 00:21:58,010] INFO:fitness.free_loss_fidelity: RL4CO free-loss step 100/200: score=8.802731 (avg=9.830199), loss=0.839243 (avg=0.850834), pairs_step=316800, pairs_total=31679970
[2026-03-01 00:22:04,518] INFO:fitness.free_loss_fidelity: RL4CO free-loss step 120/200: score=8.687683 (avg=9.658327), loss=0.843078 (avg=0.849549), pairs_step=316799, pairs_total=38015962
[2026-03-01 00:22:11,011] INFO:fitness.free_loss_fidelity: RL4CO free-loss step 140/200: score=8.639116 (avg=9.521087), loss=0.861231 (avg=0.849848), pairs_step=316800, pairs_total=44351957
[2026-03-01 00:22:17,515] INFO:fitness.free_loss_fidelity: RL4CO free-loss step 160/200: score=8.627311 (avg=9.409126), loss=0.863626 (avg=0.850909), pairs_step=316800, pairs_total=50687952
[2026-03-01 00:22:24,022] INFO:fitness.free_loss_fidelity: RL4CO free-loss step 180/200: score=8.490705 (avg=9.314299), loss=0.868134 (avg=0.852386), pairs_step=316800, pairs_total=57023944
[2026-03-01 00:22:30,623] INFO:fitness.free_loss_fidelity: RL4CO free-loss step 200/200: score=8.505838 (avg=9.232934), loss=0.872393 (avg=0.853760), pairs_step=316799, pairs_total=63359939
[2026-03-01 00:22:31,754] WARNING:fitness.free_loss_fidelity: weights_only checkpoint load failed (UnpicklingError); retrying weights_only=False for /data1/gushengda/eam-rl4co/baseline/epoch_135.ckpt
[2026-03-01 00:22:31,802] INFO:fitness.free_loss_fidelity: Loaded init checkpoint into policy: path=/data1/gushengda/eam-rl4co/baseline/epoch_135.ckpt prefix=policy. matched=97 missing=0 unexpected=0
[2026-03-01 00:22:31,808] INFO:fitness.free_loss_fidelity: RL4CO free-loss (step-mode): f1_steps=200, f2_steps=0, total_steps=200, train_problem_size=100, rollouts=100, batch_size=64, device=cuda:2, env=tsp
[2026-03-01 00:22:32,178] INFO:fitness.free_loss_fidelity: RL4CO free-loss step 1/200: score=7.803347 (avg=7.803347), loss=0.938334 (avg=0.938334), pairs_step=315697, pairs_total=315697
[2026-03-01 00:22:38,395] INFO:fitness.free_loss_fidelity: RL4CO free-loss step 20/200: score=7.781437 (avg=7.808894), loss=0.940064 (avg=0.940840), pairs_step=315979, pairs_total=6317373
[2026-03-01 00:22:44,935] INFO:fitness.free_loss_fidelity: RL4CO free-loss step 40/200: score=7.817997 (avg=7.803677), loss=0.948104 (avg=0.942250), pairs_step=315851, pairs_total=12632049
[2026-03-01 00:22:51,479] INFO:fitness.free_loss_fidelity: RL4CO free-loss step 60/200: score=7.811009 (avg=7.800376), loss=0.946794 (avg=0.943435), pairs_step=315446, pairs_total=18944874
[2026-03-01 00:22:58,020] INFO:fitness.free_loss_fidelity: RL4CO free-loss step 80/200: score=7.802376 (avg=7.798832), loss=0.947545 (avg=0.943652), pairs_step=315856, pairs_total=25260056
[2026-03-01 00:23:04,547] INFO:fitness.free_loss_fidelity: RL4CO free-loss step 100/200: score=7.754602 (avg=7.799519), loss=0.945792 (avg=0.944247), pairs_step=315692, pairs_total=31574059
[2026-03-01 00:23:11,099] INFO:fitness.free_loss_fidelity: RL4CO free-loss step 120/200: score=7.773730 (avg=7.801101), loss=0.943416 (avg=0.944636), pairs_step=315611, pairs_total=37886305
[2026-03-01 00:23:17,644] INFO:fitness.free_loss_fidelity: RL4CO free-loss step 140/200: score=7.831682 (avg=7.802283), loss=0.950798 (avg=0.944797), pairs_step=315077, pairs_total=44198254
[2026-03-01 00:23:24,195] INFO:fitness.free_loss_fidelity: RL4CO free-loss step 160/200: score=7.802711 (avg=7.801524), loss=0.948650 (avg=0.944991), pairs_step=315248, pairs_total=50509529
[2026-03-01 00:23:30,728] INFO:fitness.free_loss_fidelity: RL4CO free-loss step 180/200: score=7.784529 (avg=7.800511), loss=0.946142 (avg=0.945189), pairs_step=314768, pairs_total=56818090
[2026-03-01 00:23:37,292] INFO:fitness.free_loss_fidelity: RL4CO free-loss step 200/200: score=7.809610 (avg=7.799333), loss=0.940336 (avg=0.945274), pairs_step=315080, pairs_total=63128337
[2026-03-01 00:23:38,428] WARNING:fitness.free_loss_fidelity: weights_only checkpoint load failed (UnpicklingError); retrying weights_only=False for /data1/gushengda/eam-rl4co/baseline/epoch_409.ckpt
[2026-03-01 00:23:38,481] INFO:fitness.free_loss_fidelity: Loaded init checkpoint into policy: path=/data1/gushengda/eam-rl4co/baseline/epoch_409.ckpt prefix=policy. matched=97 missing=0 unexpected=0
[2026-03-01 00:23:38,486] INFO:fitness.free_loss_fidelity: RL4CO free-loss (step-mode): f1_steps=200, f2_steps=0, total_steps=200, train_problem_size=100, rollouts=100, batch_size=64, device=cuda:2, env=tsp
[2026-03-01 00:23:38,846] INFO:fitness.free_loss_fidelity: RL4CO free-loss step 1/200: score=7.807477 (avg=7.807477), loss=0.271315 (avg=0.271315), pairs_step=315750, pairs_total=315750
[2026-03-01 00:23:45,294] INFO:fitness.free_loss_fidelity: RL4CO free-loss step 20/200: score=7.784230 (avg=7.808007), loss=0.282829 (avg=0.283624), pairs_step=316071, pairs_total=6317706
[2026-03-01 00:23:51,834] INFO:fitness.free_loss_fidelity: RL4CO free-loss step 40/200: score=7.821317 (avg=7.802869), loss=0.266069 (avg=0.278466), pairs_step=316037, pairs_total=12634923
[2026-03-01 00:23:58,361] INFO:fitness.free_loss_fidelity: RL4CO free-loss step 60/200: score=7.810641 (avg=7.799336), loss=0.255555 (avg=0.270739), pairs_step=315692, pairs_total=18952963
[2026-03-01 00:24:04,901] INFO:fitness.free_loss_fidelity: RL4CO free-loss step 80/200: score=7.800899 (avg=7.797851), loss=0.280326 (avg=0.269447), pairs_step=315647, pairs_total=25269285
[2026-03-01 00:24:11,451] INFO:fitness.free_loss_fidelity: RL4CO free-loss step 100/200: score=7.753035 (avg=7.798299), loss=0.329697 (avg=0.278087), pairs_step=315769, pairs_total=31585131
[2026-03-01 00:24:17,987] INFO:fitness.free_loss_fidelity: RL4CO free-loss step 120/200: score=7.775559 (avg=7.799609), loss=0.250378 (avg=0.279965), pairs_step=315889, pairs_total=37901435
[2026-03-01 00:24:24,537] INFO:fitness.free_loss_fidelity: RL4CO free-loss step 140/200: score=7.826315 (avg=7.800289), loss=0.255371 (avg=0.275558), pairs_step=315752, pairs_total=44216759
[2026-03-01 00:24:31,059] INFO:fitness.free_loss_fidelity: RL4CO free-loss step 160/200: score=7.789487 (avg=7.799238), loss=0.301150 (avg=0.275082), pairs_step=315611, pairs_total=50532776
[2026-03-01 00:24:37,600] INFO:fitness.free_loss_fidelity: RL4CO free-loss step 180/200: score=7.781399 (avg=7.798077), loss=0.315606 (avg=0.280051), pairs_step=315723, pairs_total=56847463
[2026-03-01 00:24:44,133] INFO:fitness.free_loss_fidelity: RL4CO free-loss step 200/200: score=7.813225 (avg=7.796945), loss=0.247798 (avg=0.279701), pairs_step=315771, pairs_total=63162228
