[2026-03-01 01:42:39,901] INFO:fitness.free_loss_fidelity: Stage3 offline mini-train start gen=7 pair_index=9 K=200 seed=12345 valid_sizes=[100] baseline_json=baseline/mini_eval/baseline_minitrain_tsp100_K200.json
[2026-03-01 01:42:39,922] INFO:fitness.free_loss_fidelity: RL4CO free-loss (step-mode): f1_steps=200, f2_steps=0, total_steps=200, train_problem_size=100, rollouts=100, batch_size=64, device=cuda:3, env=tsp
[2026-03-01 01:42:40,290] INFO:fitness.free_loss_fidelity: RL4CO free-loss step 1/200: score=36.122910 (avg=36.122910), loss=0.751181 (avg=0.751181), pairs_step=316800, pairs_total=316800
[2026-03-01 01:42:46,930] INFO:fitness.free_loss_fidelity: RL4CO free-loss step 20/200: score=9.915844 (avg=12.781297), loss=0.581133 (avg=0.592985), pairs_step=316799, pairs_total=6335996
[2026-03-01 01:42:53,923] INFO:fitness.free_loss_fidelity: RL4CO free-loss step 40/200: score=9.431925 (avg=11.148484), loss=0.585357 (avg=0.589056), pairs_step=316800, pairs_total=12671993
[2026-03-01 01:43:00,913] INFO:fitness.free_loss_fidelity: RL4CO free-loss step 60/200: score=9.201465 (avg=10.510749), loss=0.567415 (avg=0.585558), pairs_step=316800, pairs_total=19007987
[2026-03-01 01:43:07,902] INFO:fitness.free_loss_fidelity: RL4CO free-loss step 80/200: score=8.996618 (avg=10.147368), loss=0.568717 (avg=0.582367), pairs_step=316800, pairs_total=25343979
[2026-03-01 01:43:14,884] INFO:fitness.free_loss_fidelity: RL4CO free-loss step 100/200: score=8.871206 (avg=9.906593), loss=0.569584 (avg=0.579790), pairs_step=316800, pairs_total=31679978
[2026-03-01 01:43:21,874] INFO:fitness.free_loss_fidelity: RL4CO free-loss step 120/200: score=8.773563 (avg=9.733751), loss=0.572924 (avg=0.578255), pairs_step=316800, pairs_total=38015973
[2026-03-01 01:43:28,868] INFO:fitness.free_loss_fidelity: RL4CO free-loss step 140/200: score=8.766575 (avg=9.598281), loss=0.579591 (avg=0.578004), pairs_step=316800, pairs_total=44351966
[2026-03-01 01:43:35,855] INFO:fitness.free_loss_fidelity: RL4CO free-loss step 160/200: score=8.676675 (avg=9.486343), loss=0.575402 (avg=0.578163), pairs_step=316800, pairs_total=50687956
[2026-03-01 01:43:42,834] INFO:fitness.free_loss_fidelity: RL4CO free-loss step 180/200: score=8.584317 (avg=9.389792), loss=0.582872 (avg=0.578603), pairs_step=316800, pairs_total=57023951
[2026-03-01 01:43:49,830] INFO:fitness.free_loss_fidelity: RL4CO free-loss step 200/200: score=8.547923 (avg=9.307255), loss=0.587690 (avg=0.579205), pairs_step=316800, pairs_total=63359947
[2026-03-01 01:43:51,118] WARNING:fitness.free_loss_fidelity: weights_only checkpoint load failed (UnpicklingError); retrying weights_only=False for /data1/gushengda/eam-rl4co/baseline/epoch_135.ckpt
[2026-03-01 01:43:51,161] INFO:fitness.free_loss_fidelity: Loaded init checkpoint into policy: path=/data1/gushengda/eam-rl4co/baseline/epoch_135.ckpt prefix=policy. matched=97 missing=0 unexpected=0
[2026-03-01 01:43:51,168] INFO:fitness.free_loss_fidelity: RL4CO free-loss (step-mode): f1_steps=200, f2_steps=0, total_steps=200, train_problem_size=100, rollouts=100, batch_size=64, device=cuda:3, env=tsp
[2026-03-01 01:43:51,540] INFO:fitness.free_loss_fidelity: RL4CO free-loss step 1/200: score=7.803347 (avg=7.803347), loss=0.667050 (avg=0.667050), pairs_step=315697, pairs_total=315697
[2026-03-01 01:43:58,164] INFO:fitness.free_loss_fidelity: RL4CO free-loss step 20/200: score=7.783858 (avg=7.811274), loss=0.662852 (avg=0.665205), pairs_step=315878, pairs_total=6316265
[2026-03-01 01:44:05,146] INFO:fitness.free_loss_fidelity: RL4CO free-loss step 40/200: score=7.819258 (avg=7.804301), loss=0.662132 (avg=0.663562), pairs_step=315813, pairs_total=12632262
[2026-03-01 01:44:12,094] INFO:fitness.free_loss_fidelity: RL4CO free-loss step 60/200: score=7.816123 (avg=7.801549), loss=0.665848 (avg=0.663495), pairs_step=315687, pairs_total=18945041
[2026-03-01 01:44:18,265] INFO:fitness.free_loss_fidelity: RL4CO free-loss step 80/200: score=7.798232 (avg=7.799908), loss=0.664495 (avg=0.663125), pairs_step=315411, pairs_total=25259919
[2026-03-01 01:44:24,444] INFO:fitness.free_loss_fidelity: RL4CO free-loss step 100/200: score=7.759183 (avg=7.800523), loss=0.656408 (avg=0.662584), pairs_step=316035, pairs_total=31576171
[2026-03-01 01:44:30,616] INFO:fitness.free_loss_fidelity: RL4CO free-loss step 120/200: score=7.773775 (avg=7.801910), loss=0.662297 (avg=0.662025), pairs_step=315705, pairs_total=37890843
[2026-03-01 01:44:36,797] INFO:fitness.free_loss_fidelity: RL4CO free-loss step 140/200: score=7.835688 (avg=7.802774), loss=0.661409 (avg=0.662048), pairs_step=315593, pairs_total=44202562
[2026-03-01 01:44:42,969] INFO:fitness.free_loss_fidelity: RL4CO free-loss step 160/200: score=7.798543 (avg=7.802164), loss=0.660127 (avg=0.661831), pairs_step=315625, pairs_total=50516516
[2026-03-01 01:44:49,149] INFO:fitness.free_loss_fidelity: RL4CO free-loss step 180/200: score=7.786641 (avg=7.801028), loss=0.654385 (avg=0.661186), pairs_step=315707, pairs_total=56829887
[2026-03-01 01:44:55,318] INFO:fitness.free_loss_fidelity: RL4CO free-loss step 200/200: score=7.811082 (avg=7.799921), loss=0.644675 (avg=0.660513), pairs_step=315652, pairs_total=63144794
[2026-03-01 01:44:56,412] WARNING:fitness.free_loss_fidelity: weights_only checkpoint load failed (UnpicklingError); retrying weights_only=False for /data1/gushengda/eam-rl4co/baseline/epoch_409.ckpt
[2026-03-01 01:44:56,442] INFO:fitness.free_loss_fidelity: Loaded init checkpoint into policy: path=/data1/gushengda/eam-rl4co/baseline/epoch_409.ckpt prefix=policy. matched=97 missing=0 unexpected=0
[2026-03-01 01:44:56,447] INFO:fitness.free_loss_fidelity: RL4CO free-loss (step-mode): f1_steps=200, f2_steps=0, total_steps=200, train_problem_size=100, rollouts=100, batch_size=64, device=cuda:3, env=tsp
[2026-03-01 01:44:56,769] INFO:fitness.free_loss_fidelity: RL4CO free-loss step 1/200: score=7.807477 (avg=7.807477), loss=0.240998 (avg=0.240998), pairs_step=315750, pairs_total=315750
[2026-03-01 01:45:02,836] INFO:fitness.free_loss_fidelity: RL4CO free-loss step 20/200: score=7.783834 (avg=7.808728), loss=0.248065 (avg=0.238810), pairs_step=315851, pairs_total=6317078
[2026-03-01 01:45:09,016] INFO:fitness.free_loss_fidelity: RL4CO free-loss step 40/200: score=7.816453 (avg=7.802860), loss=0.214506 (avg=0.235867), pairs_step=315985, pairs_total=12635143
[2026-03-01 01:45:15,192] INFO:fitness.free_loss_fidelity: RL4CO free-loss step 60/200: score=7.810044 (avg=7.799161), loss=0.226064 (avg=0.228121), pairs_step=315631, pairs_total=18949451
[2026-03-01 01:45:21,383] INFO:fitness.free_loss_fidelity: RL4CO free-loss step 80/200: score=7.795412 (avg=7.797743), loss=0.288465 (avg=0.237790), pairs_step=315346, pairs_total=25264145
[2026-03-01 01:45:27,569] INFO:fitness.free_loss_fidelity: RL4CO free-loss step 100/200: score=7.754272 (avg=7.798266), loss=0.255869 (avg=0.244182), pairs_step=315575, pairs_total=31580486
[2026-03-01 01:45:33,745] INFO:fitness.free_loss_fidelity: RL4CO free-loss step 120/200: score=7.776194 (avg=7.799696), loss=0.211219 (avg=0.241068), pairs_step=315826, pairs_total=37897599
[2026-03-01 01:45:39,923] INFO:fitness.free_loss_fidelity: RL4CO free-loss step 140/200: score=7.821929 (avg=7.800761), loss=0.267771 (avg=0.240298), pairs_step=315416, pairs_total=44210697
[2026-03-01 01:45:46,091] INFO:fitness.free_loss_fidelity: RL4CO free-loss step 160/200: score=7.792649 (avg=7.800093), loss=0.275436 (avg=0.245699), pairs_step=315564, pairs_total=50520934
[2026-03-01 01:45:52,258] INFO:fitness.free_loss_fidelity: RL4CO free-loss step 180/200: score=7.789474 (avg=7.799041), loss=0.222814 (avg=0.246060), pairs_step=315955, pairs_total=56834985
[2026-03-01 01:45:58,426] INFO:fitness.free_loss_fidelity: RL4CO free-loss step 200/200: score=7.812530 (avg=7.797698), loss=0.218842 (avg=0.243520), pairs_step=315675, pairs_total=63148561
