[2026-03-01 00:38:52,437] INFO:fitness.free_loss_fidelity: Stage3 offline mini-train start gen=4 pair_index=12 K=200 seed=12345 valid_sizes=[100] baseline_json=baseline/mini_eval/baseline_minitrain_tsp100_K200.json
[2026-03-01 00:38:52,461] INFO:fitness.free_loss_fidelity: RL4CO free-loss (step-mode): f1_steps=200, f2_steps=0, total_steps=200, train_problem_size=100, rollouts=100, batch_size=64, device=cuda:1, env=tsp
[2026-03-01 00:38:52,820] INFO:fitness.free_loss_fidelity: RL4CO free-loss step 1/200: score=36.122910 (avg=36.122910), loss=0.942688 (avg=0.942688), pairs_step=316800, pairs_total=316800
[2026-03-01 00:38:58,778] INFO:fitness.free_loss_fidelity: RL4CO free-loss step 20/200: score=10.054580 (avg=13.097742), loss=0.584776 (avg=0.620397), pairs_step=316800, pairs_total=6335998
[2026-03-01 00:39:05,101] INFO:fitness.free_loss_fidelity: RL4CO free-loss step 40/200: score=9.651676 (avg=11.442074), loss=0.557491 (avg=0.590979), pairs_step=316800, pairs_total=12671994
[2026-03-01 00:39:11,363] INFO:fitness.free_loss_fidelity: RL4CO free-loss step 60/200: score=9.415039 (avg=10.783648), loss=0.527173 (avg=0.575168), pairs_step=316800, pairs_total=19007988
[2026-03-01 00:39:17,638] INFO:fitness.free_loss_fidelity: RL4CO free-loss step 80/200: score=9.295042 (avg=10.419409), loss=0.517368 (avg=0.563041), pairs_step=316800, pairs_total=25343983
[2026-03-01 00:39:23,908] INFO:fitness.free_loss_fidelity: RL4CO free-loss step 100/200: score=9.136940 (avg=10.183838), loss=0.529397 (avg=0.554995), pairs_step=316800, pairs_total=31679979
[2026-03-01 00:39:30,175] INFO:fitness.free_loss_fidelity: RL4CO free-loss step 120/200: score=9.110842 (avg=10.018186), loss=0.512802 (avg=0.549256), pairs_step=316800, pairs_total=38015975
[2026-03-01 00:39:36,469] INFO:fitness.free_loss_fidelity: RL4CO free-loss step 140/200: score=9.120166 (avg=9.891935), loss=0.516038 (avg=0.545713), pairs_step=316800, pairs_total=44351968
[2026-03-01 00:39:42,730] INFO:fitness.free_loss_fidelity: RL4CO free-loss step 160/200: score=9.088090 (avg=9.788510), loss=0.526279 (avg=0.543048), pairs_step=316798, pairs_total=50687960
[2026-03-01 00:39:49,018] INFO:fitness.free_loss_fidelity: RL4CO free-loss step 180/200: score=8.932429 (avg=9.701949), loss=0.541092 (avg=0.541395), pairs_step=316800, pairs_total=57023957
[2026-03-01 00:39:55,340] INFO:fitness.free_loss_fidelity: RL4CO free-loss step 200/200: score=8.946772 (avg=9.628468), loss=0.536528 (avg=0.540158), pairs_step=316800, pairs_total=63359950
[2026-03-01 00:39:56,457] WARNING:fitness.free_loss_fidelity: weights_only checkpoint load failed (UnpicklingError); retrying weights_only=False for /data1/gushengda/eam-rl4co/baseline/epoch_135.ckpt
[2026-03-01 00:39:56,517] INFO:fitness.free_loss_fidelity: Loaded init checkpoint into policy: path=/data1/gushengda/eam-rl4co/baseline/epoch_135.ckpt prefix=policy. matched=97 missing=0 unexpected=0
[2026-03-01 00:39:56,524] INFO:fitness.free_loss_fidelity: RL4CO free-loss (step-mode): f1_steps=200, f2_steps=0, total_steps=200, train_problem_size=100, rollouts=100, batch_size=64, device=cuda:1, env=tsp
[2026-03-01 00:39:56,869] INFO:fitness.free_loss_fidelity: RL4CO free-loss step 1/200: score=7.803347 (avg=7.803347), loss=0.669376 (avg=0.669376), pairs_step=315697, pairs_total=315697
[2026-03-01 00:40:02,960] INFO:fitness.free_loss_fidelity: RL4CO free-loss step 20/200: score=7.775867 (avg=7.808324), loss=0.663442 (avg=0.665570), pairs_step=315976, pairs_total=6318418
[2026-03-01 00:40:09,312] INFO:fitness.free_loss_fidelity: RL4CO free-loss step 40/200: score=7.815715 (avg=7.802417), loss=0.657952 (avg=0.662585), pairs_step=316050, pairs_total=12635691
[2026-03-01 00:40:15,680] INFO:fitness.free_loss_fidelity: RL4CO free-loss step 60/200: score=7.815686 (avg=7.798946), loss=0.647990 (avg=0.659019), pairs_step=315815, pairs_total=18955162
[2026-03-01 00:40:22,038] INFO:fitness.free_loss_fidelity: RL4CO free-loss step 80/200: score=7.793930 (avg=7.797343), loss=0.644954 (avg=0.655079), pairs_step=316235, pairs_total=25276252
[2026-03-01 00:40:28,632] INFO:fitness.free_loss_fidelity: RL4CO free-loss step 100/200: score=7.760505 (avg=7.798221), loss=0.643274 (avg=0.652707), pairs_step=316057, pairs_total=31598945
[2026-03-01 00:40:35,279] INFO:fitness.free_loss_fidelity: RL4CO free-loss step 120/200: score=7.769916 (avg=7.799589), loss=0.630019 (avg=0.650306), pairs_step=316257, pairs_total=37920498
[2026-03-01 00:40:41,963] INFO:fitness.free_loss_fidelity: RL4CO free-loss step 140/200: score=7.827584 (avg=7.800636), loss=0.629473 (avg=0.648271), pairs_step=315997, pairs_total=44243564
[2026-03-01 00:40:48,573] INFO:fitness.free_loss_fidelity: RL4CO free-loss step 160/200: score=7.793404 (avg=7.800087), loss=0.624615 (avg=0.645800), pairs_step=316023, pairs_total=50565956
[2026-03-01 00:40:55,137] INFO:fitness.free_loss_fidelity: RL4CO free-loss step 180/200: score=7.788504 (avg=7.798863), loss=0.601203 (avg=0.642618), pairs_step=316078, pairs_total=56888467
[2026-03-01 00:41:01,680] INFO:fitness.free_loss_fidelity: RL4CO free-loss step 200/200: score=7.812475 (avg=7.797627), loss=0.597765 (avg=0.639281), pairs_step=315963, pairs_total=63210066
[2026-03-01 00:41:02,795] WARNING:fitness.free_loss_fidelity: weights_only checkpoint load failed (UnpicklingError); retrying weights_only=False for /data1/gushengda/eam-rl4co/baseline/epoch_409.ckpt
[2026-03-01 00:41:02,836] INFO:fitness.free_loss_fidelity: Loaded init checkpoint into policy: path=/data1/gushengda/eam-rl4co/baseline/epoch_409.ckpt prefix=policy. matched=97 missing=0 unexpected=0
[2026-03-01 00:41:02,841] INFO:fitness.free_loss_fidelity: RL4CO free-loss (step-mode): f1_steps=200, f2_steps=0, total_steps=200, train_problem_size=100, rollouts=100, batch_size=64, device=cuda:1, env=tsp
[2026-03-01 00:41:03,237] INFO:fitness.free_loss_fidelity: RL4CO free-loss step 1/200: score=7.807477 (avg=7.807477), loss=0.188473 (avg=0.188473), pairs_step=315750, pairs_total=315750
[2026-03-01 00:41:09,655] INFO:fitness.free_loss_fidelity: RL4CO free-loss step 20/200: score=7.782813 (avg=7.809254), loss=0.183625 (avg=0.182210), pairs_step=315734, pairs_total=6319052
[2026-03-01 00:41:16,247] INFO:fitness.free_loss_fidelity: RL4CO free-loss step 40/200: score=7.812698 (avg=7.802723), loss=0.180346 (avg=0.181772), pairs_step=316196, pairs_total=12639650
[2026-03-01 00:41:22,964] INFO:fitness.free_loss_fidelity: RL4CO free-loss step 60/200: score=7.812619 (avg=7.799196), loss=0.188363 (avg=0.181622), pairs_step=315898, pairs_total=18957389
[2026-03-01 00:41:29,742] INFO:fitness.free_loss_fidelity: RL4CO free-loss step 80/200: score=7.795827 (avg=7.797100), loss=0.182062 (avg=0.182215), pairs_step=315940, pairs_total=25277130
[2026-03-01 00:41:36,254] INFO:fitness.free_loss_fidelity: RL4CO free-loss step 100/200: score=7.751108 (avg=7.797293), loss=0.185872 (avg=0.182023), pairs_step=316066, pairs_total=31597284
[2026-03-01 00:41:42,788] INFO:fitness.free_loss_fidelity: RL4CO free-loss step 120/200: score=7.773719 (avg=7.798356), loss=0.179312 (avg=0.182073), pairs_step=315862, pairs_total=37916751
[2026-03-01 00:41:49,259] INFO:fitness.free_loss_fidelity: RL4CO free-loss step 140/200: score=7.828816 (avg=7.799340), loss=0.178731 (avg=0.181977), pairs_step=315771, pairs_total=44234769
[2026-03-01 00:41:55,743] INFO:fitness.free_loss_fidelity: RL4CO free-loss step 160/200: score=7.793931 (avg=7.798579), loss=0.173322 (avg=0.181036), pairs_step=316119, pairs_total=50555265
[2026-03-01 00:42:02,204] INFO:fitness.free_loss_fidelity: RL4CO free-loss step 180/200: score=7.781332 (avg=7.797431), loss=0.175761 (avg=0.180103), pairs_step=315719, pairs_total=56872933
[2026-03-01 00:42:08,713] INFO:fitness.free_loss_fidelity: RL4CO free-loss step 200/200: score=7.809261 (avg=7.796223), loss=0.176519 (avg=0.180088), pairs_step=315964, pairs_total=63190417
