[2026-03-01 01:42:24,958] INFO:fitness.free_loss_fidelity: Stage3 offline mini-train start gen=7 pair_index=7 K=200 seed=12345 valid_sizes=[100] baseline_json=baseline/mini_eval/baseline_minitrain_tsp100_K200.json
[2026-03-01 01:42:24,984] INFO:fitness.free_loss_fidelity: RL4CO free-loss (step-mode): f1_steps=200, f2_steps=0, total_steps=200, train_problem_size=100, rollouts=100, batch_size=64, device=cuda:1, env=tsp
[2026-03-01 01:42:25,314] INFO:fitness.free_loss_fidelity: RL4CO free-loss step 1/200: score=36.122910 (avg=36.122910), loss=298643.437500 (avg=298643.437500), pairs_step=316800, pairs_total=316800
[2026-03-01 01:42:31,295] INFO:fitness.free_loss_fidelity: RL4CO free-loss step 20/200: score=10.016295 (avg=13.087880), loss=181754.734375 (avg=196304.686719), pairs_step=316800, pairs_total=6335995
[2026-03-01 01:42:37,592] INFO:fitness.free_loss_fidelity: RL4CO free-loss step 40/200: score=9.632189 (avg=11.425419), loss=176134.906250 (avg=186591.034766), pairs_step=316800, pairs_total=12671993
[2026-03-01 01:42:43,900] INFO:fitness.free_loss_fidelity: RL4CO free-loss step 60/200: score=9.466455 (avg=10.773442), loss=169166.343750 (avg=181901.231771), pairs_step=316799, pairs_total=19007985
[2026-03-01 01:42:50,218] INFO:fitness.free_loss_fidelity: RL4CO free-loss step 80/200: score=9.274461 (avg=10.408605), loss=162988.156250 (avg=177898.298633), pairs_step=316799, pairs_total=25343976
[2026-03-01 01:42:56,526] INFO:fitness.free_loss_fidelity: RL4CO free-loss step 100/200: score=9.200706 (avg=10.174842), loss=164017.640625 (avg=175481.863594), pairs_step=316800, pairs_total=31679972
[2026-03-01 01:43:02,841] INFO:fitness.free_loss_fidelity: RL4CO free-loss step 120/200: score=9.074624 (avg=10.011326), loss=168212.437500 (avg=173855.230469), pairs_step=316800, pairs_total=38015965
[2026-03-01 01:43:09,172] INFO:fitness.free_loss_fidelity: RL4CO free-loss step 140/200: score=9.097654 (avg=9.883056), loss=170341.156250 (avg=172941.084710), pairs_step=316800, pairs_total=44351960
[2026-03-01 01:43:15,488] INFO:fitness.free_loss_fidelity: RL4CO free-loss step 160/200: score=9.002171 (avg=9.779917), loss=164459.109375 (avg=172195.527539), pairs_step=316800, pairs_total=50687958
[2026-03-01 01:43:21,806] INFO:fitness.free_loss_fidelity: RL4CO free-loss step 180/200: score=9.018688 (avg=9.694674), loss=167652.515625 (avg=171576.652344), pairs_step=316800, pairs_total=57023951
[2026-03-01 01:43:28,119] INFO:fitness.free_loss_fidelity: RL4CO free-loss step 200/200: score=8.966600 (avg=9.621547), loss=168328.656250 (avg=171147.857813), pairs_step=316800, pairs_total=63359940
[2026-03-01 01:43:29,235] WARNING:fitness.free_loss_fidelity: weights_only checkpoint load failed (UnpicklingError); retrying weights_only=False for /data1/gushengda/eam-rl4co/baseline/epoch_135.ckpt
[2026-03-01 01:43:29,274] INFO:fitness.free_loss_fidelity: Loaded init checkpoint into policy: path=/data1/gushengda/eam-rl4co/baseline/epoch_135.ckpt prefix=policy. matched=97 missing=0 unexpected=0
[2026-03-01 01:43:29,279] INFO:fitness.free_loss_fidelity: RL4CO free-loss (step-mode): f1_steps=200, f2_steps=0, total_steps=200, train_problem_size=100, rollouts=100, batch_size=64, device=cuda:1, env=tsp
[2026-03-01 01:43:29,621] INFO:fitness.free_loss_fidelity: RL4CO free-loss step 1/200: score=7.803347 (avg=7.803347), loss=211320.093750 (avg=211320.093750), pairs_step=315697, pairs_total=315697
[2026-03-01 01:43:35,617] INFO:fitness.free_loss_fidelity: RL4CO free-loss step 20/200: score=7.784079 (avg=7.809617), loss=208987.437500 (avg=210171.483594), pairs_step=315909, pairs_total=6317456
[2026-03-01 01:43:41,925] INFO:fitness.free_loss_fidelity: RL4CO free-loss step 40/200: score=7.815898 (avg=7.803110), loss=210112.437500 (avg=209498.189453), pairs_step=316123, pairs_total=12634586
[2026-03-01 01:43:48,238] INFO:fitness.free_loss_fidelity: RL4CO free-loss step 60/200: score=7.813568 (avg=7.799244), loss=206262.953125 (avg=208705.010677), pairs_step=315818, pairs_total=18953680
[2026-03-01 01:43:54,557] INFO:fitness.free_loss_fidelity: RL4CO free-loss step 80/200: score=7.796649 (avg=7.797575), loss=204100.937500 (avg=207574.719531), pairs_step=316137, pairs_total=25274763
[2026-03-01 01:44:00,864] INFO:fitness.free_loss_fidelity: RL4CO free-loss step 100/200: score=7.758759 (avg=7.798201), loss=202399.828125 (avg=206630.364844), pairs_step=316061, pairs_total=31597377
[2026-03-01 01:44:07,181] INFO:fitness.free_loss_fidelity: RL4CO free-loss step 120/200: score=7.769023 (avg=7.799489), loss=202719.906250 (avg=205947.433203), pairs_step=316099, pairs_total=37918444
[2026-03-01 01:44:13,489] INFO:fitness.free_loss_fidelity: RL4CO free-loss step 140/200: score=7.825747 (avg=7.800432), loss=197891.031250 (avg=205102.297098), pairs_step=315624, pairs_total=44239080
[2026-03-01 01:44:19,810] INFO:fitness.free_loss_fidelity: RL4CO free-loss step 160/200: score=7.791972 (avg=7.799880), loss=197768.984375 (avg=204339.586230), pairs_step=315926, pairs_total=50560435
[2026-03-01 01:44:26,127] INFO:fitness.free_loss_fidelity: RL4CO free-loss step 180/200: score=7.785234 (avg=7.798629), loss=195409.359375 (avg=203596.879340), pairs_step=316011, pairs_total=56881276
[2026-03-01 01:44:32,448] INFO:fitness.free_loss_fidelity: RL4CO free-loss step 200/200: score=7.806897 (avg=7.797505), loss=191720.968750 (avg=202776.571719), pairs_step=316082, pairs_total=63203255
[2026-03-01 01:44:33,567] WARNING:fitness.free_loss_fidelity: weights_only checkpoint load failed (UnpicklingError); retrying weights_only=False for /data1/gushengda/eam-rl4co/baseline/epoch_409.ckpt
[2026-03-01 01:44:33,603] INFO:fitness.free_loss_fidelity: Loaded init checkpoint into policy: path=/data1/gushengda/eam-rl4co/baseline/epoch_409.ckpt prefix=policy. matched=97 missing=0 unexpected=0
[2026-03-01 01:44:33,609] INFO:fitness.free_loss_fidelity: RL4CO free-loss (step-mode): f1_steps=200, f2_steps=0, total_steps=200, train_problem_size=100, rollouts=100, batch_size=64, device=cuda:1, env=tsp
[2026-03-01 01:44:33,948] INFO:fitness.free_loss_fidelity: RL4CO free-loss step 1/200: score=7.807477 (avg=7.807477), loss=59510.234375 (avg=59510.234375), pairs_step=315750, pairs_total=315750
[2026-03-01 01:44:40,137] INFO:fitness.free_loss_fidelity: RL4CO free-loss step 20/200: score=7.780661 (avg=7.808825), loss=54077.449219 (avg=55631.549219), pairs_step=316207, pairs_total=6320663
[2026-03-01 01:44:46,443] INFO:fitness.free_loss_fidelity: RL4CO free-loss step 40/200: score=7.815163 (avg=7.802843), loss=56808.519531 (avg=55838.805371), pairs_step=316172, pairs_total=12640976
[2026-03-01 01:44:52,771] INFO:fitness.free_loss_fidelity: RL4CO free-loss step 60/200: score=7.814276 (avg=7.799505), loss=59479.468750 (avg=56401.153320), pairs_step=315744, pairs_total=18959126
[2026-03-01 01:44:59,090] INFO:fitness.free_loss_fidelity: RL4CO free-loss step 80/200: score=7.796436 (avg=7.798027), loss=58489.367188 (avg=56808.641406), pairs_step=315821, pairs_total=25277013
[2026-03-01 01:45:05,416] INFO:fitness.free_loss_fidelity: RL4CO free-loss step 100/200: score=7.756771 (avg=7.798238), loss=57325.222656 (avg=56966.653242), pairs_step=315820, pairs_total=31597803
[2026-03-01 01:45:11,772] INFO:fitness.free_loss_fidelity: RL4CO free-loss step 120/200: score=7.771192 (avg=7.799361), loss=55131.980469 (avg=56913.158887), pairs_step=315678, pairs_total=37917091
[2026-03-01 01:45:18,084] INFO:fitness.free_loss_fidelity: RL4CO free-loss step 140/200: score=7.824080 (avg=7.799957), loss=55838.195312 (avg=56829.994838), pairs_step=315964, pairs_total=44236605
[2026-03-01 01:45:24,409] INFO:fitness.free_loss_fidelity: RL4CO free-loss step 160/200: score=7.797366 (avg=7.799201), loss=56987.257812 (avg=56807.403516), pairs_step=316042, pairs_total=50555185
[2026-03-01 01:45:30,727] INFO:fitness.free_loss_fidelity: RL4CO free-loss step 180/200: score=7.778316 (avg=7.797854), loss=53229.843750 (avg=56559.540603), pairs_step=315750, pairs_total=56873866
[2026-03-01 01:45:37,070] INFO:fitness.free_loss_fidelity: RL4CO free-loss step 200/200: score=7.809784 (avg=7.796507), loss=52638.195312 (avg=56271.489141), pairs_step=315726, pairs_total=63192851
