[2026-03-01 01:17:40,551] INFO:fitness.free_loss_fidelity: Stage3 offline mini-train start gen=6 pair_index=2 K=200 seed=12345 valid_sizes=[100] baseline_json=baseline/mini_eval/baseline_minitrain_tsp100_K200.json
[2026-03-01 01:17:47,778] INFO:fitness.free_loss_fidelity: RL4CO free-loss (step-mode): f1_steps=200, f2_steps=0, total_steps=200, train_problem_size=100, rollouts=100, batch_size=64, device=cuda:1, env=tsp
[2026-03-01 01:17:49,140] INFO:fitness.free_loss_fidelity: RL4CO free-loss step 1/200: score=36.122910 (avg=36.122910), loss=1.030629 (avg=1.030629), pairs_step=316800, pairs_total=316800
[2026-03-01 01:17:55,565] INFO:fitness.free_loss_fidelity: RL4CO free-loss step 20/200: score=9.809852 (avg=12.614233), loss=0.855369 (avg=0.864314), pairs_step=316800, pairs_total=6335999
[2026-03-01 01:18:02,492] INFO:fitness.free_loss_fidelity: RL4CO free-loss step 40/200: score=9.331955 (avg=11.038908), loss=0.866324 (avg=0.863173), pairs_step=316800, pairs_total=12671995
[2026-03-01 01:18:09,148] INFO:fitness.free_loss_fidelity: RL4CO free-loss step 60/200: score=9.133224 (avg=10.428074), loss=0.853757 (avg=0.860663), pairs_step=316800, pairs_total=19007990
[2026-03-01 01:18:15,825] INFO:fitness.free_loss_fidelity: RL4CO free-loss step 80/200: score=8.936567 (avg=10.076467), loss=0.842862 (avg=0.856289), pairs_step=316800, pairs_total=25343988
[2026-03-01 01:18:22,477] INFO:fitness.free_loss_fidelity: RL4CO free-loss step 100/200: score=8.822156 (avg=9.841636), loss=0.841045 (avg=0.853004), pairs_step=316800, pairs_total=31679985
[2026-03-01 01:18:29,183] INFO:fitness.free_loss_fidelity: RL4CO free-loss step 120/200: score=8.709993 (avg=9.669330), loss=0.851519 (avg=0.851553), pairs_step=316800, pairs_total=38015979
[2026-03-01 01:18:35,819] INFO:fitness.free_loss_fidelity: RL4CO free-loss step 140/200: score=8.701468 (avg=9.531867), loss=0.856680 (avg=0.851226), pairs_step=316800, pairs_total=44351977
[2026-03-01 01:18:42,454] INFO:fitness.free_loss_fidelity: RL4CO free-loss step 160/200: score=8.574453 (avg=9.417936), loss=0.858724 (avg=0.851834), pairs_step=316800, pairs_total=50687974
[2026-03-01 01:18:49,168] INFO:fitness.free_loss_fidelity: RL4CO free-loss step 180/200: score=8.493208 (avg=9.321262), loss=0.870530 (avg=0.853304), pairs_step=316800, pairs_total=57023970
[2026-03-01 01:18:55,792] INFO:fitness.free_loss_fidelity: RL4CO free-loss step 200/200: score=8.505207 (avg=9.238321), loss=0.876183 (avg=0.854665), pairs_step=316800, pairs_total=63359967
[2026-03-01 01:18:56,909] WARNING:fitness.free_loss_fidelity: weights_only checkpoint load failed (UnpicklingError); retrying weights_only=False for /data1/gushengda/eam-rl4co/baseline/epoch_135.ckpt
[2026-03-01 01:18:56,954] INFO:fitness.free_loss_fidelity: Loaded init checkpoint into policy: path=/data1/gushengda/eam-rl4co/baseline/epoch_135.ckpt prefix=policy. matched=97 missing=0 unexpected=0
[2026-03-01 01:18:56,960] INFO:fitness.free_loss_fidelity: RL4CO free-loss (step-mode): f1_steps=200, f2_steps=0, total_steps=200, train_problem_size=100, rollouts=100, batch_size=64, device=cuda:1, env=tsp
[2026-03-01 01:18:57,344] INFO:fitness.free_loss_fidelity: RL4CO free-loss step 1/200: score=7.803347 (avg=7.803347), loss=0.932789 (avg=0.932789), pairs_step=315697, pairs_total=315697
[2026-03-01 01:19:03,644] INFO:fitness.free_loss_fidelity: RL4CO free-loss step 20/200: score=7.778746 (avg=7.809877), loss=0.934282 (avg=0.934748), pairs_step=315988, pairs_total=6316035
[2026-03-01 01:19:10,304] INFO:fitness.free_loss_fidelity: RL4CO free-loss step 40/200: score=7.815870 (avg=7.802845), loss=0.941311 (avg=0.936384), pairs_step=315542, pairs_total=12631149
[2026-03-01 01:19:16,902] INFO:fitness.free_loss_fidelity: RL4CO free-loss step 60/200: score=7.814003 (avg=7.799406), loss=0.935439 (avg=0.937468), pairs_step=315376, pairs_total=18943718
[2026-03-01 01:19:23,510] INFO:fitness.free_loss_fidelity: RL4CO free-loss step 80/200: score=7.794052 (avg=7.797911), loss=0.941664 (avg=0.937847), pairs_step=315901, pairs_total=25259684
[2026-03-01 01:19:30,106] INFO:fitness.free_loss_fidelity: RL4CO free-loss step 100/200: score=7.755394 (avg=7.798964), loss=0.942761 (avg=0.938621), pairs_step=315581, pairs_total=31572403
[2026-03-01 01:19:36,726] INFO:fitness.free_loss_fidelity: RL4CO free-loss step 120/200: score=7.771806 (avg=7.800085), loss=0.935902 (avg=0.938653), pairs_step=315641, pairs_total=37885207
[2026-03-01 01:19:43,362] INFO:fitness.free_loss_fidelity: RL4CO free-loss step 140/200: score=7.832086 (avg=7.801265), loss=0.942170 (avg=0.938791), pairs_step=314836, pairs_total=44194782
[2026-03-01 01:19:49,957] INFO:fitness.free_loss_fidelity: RL4CO free-loss step 160/200: score=7.796377 (avg=7.800661), loss=0.941013 (avg=0.938960), pairs_step=315467, pairs_total=50505344
[2026-03-01 01:19:56,557] INFO:fitness.free_loss_fidelity: RL4CO free-loss step 180/200: score=7.784048 (avg=7.799589), loss=0.941057 (avg=0.938961), pairs_step=315191, pairs_total=56815379
[2026-03-01 01:20:03,185] INFO:fitness.free_loss_fidelity: RL4CO free-loss step 200/200: score=7.812319 (avg=7.798490), loss=0.938785 (avg=0.939011), pairs_step=315320, pairs_total=63125279
[2026-03-01 01:20:04,303] WARNING:fitness.free_loss_fidelity: weights_only checkpoint load failed (UnpicklingError); retrying weights_only=False for /data1/gushengda/eam-rl4co/baseline/epoch_409.ckpt
[2026-03-01 01:20:04,341] INFO:fitness.free_loss_fidelity: Loaded init checkpoint into policy: path=/data1/gushengda/eam-rl4co/baseline/epoch_409.ckpt prefix=policy. matched=97 missing=0 unexpected=0
[2026-03-01 01:20:04,346] INFO:fitness.free_loss_fidelity: RL4CO free-loss (step-mode): f1_steps=200, f2_steps=0, total_steps=200, train_problem_size=100, rollouts=100, batch_size=64, device=cuda:1, env=tsp
[2026-03-01 01:20:04,684] INFO:fitness.free_loss_fidelity: RL4CO free-loss step 1/200: score=7.807477 (avg=7.807477), loss=0.271384 (avg=0.271384), pairs_step=315750, pairs_total=315750
[2026-03-01 01:20:10,969] INFO:fitness.free_loss_fidelity: RL4CO free-loss step 20/200: score=7.783732 (avg=7.807703), loss=0.271600 (avg=0.278730), pairs_step=315888, pairs_total=6317619
[2026-03-01 01:20:17,560] INFO:fitness.free_loss_fidelity: RL4CO free-loss step 40/200: score=7.815367 (avg=7.801798), loss=0.266503 (avg=0.272410), pairs_step=315968, pairs_total=12635970
[2026-03-01 01:20:24,170] INFO:fitness.free_loss_fidelity: RL4CO free-loss step 60/200: score=7.815411 (avg=7.798231), loss=0.257384 (avg=0.267548), pairs_step=315820, pairs_total=18951536
[2026-03-01 01:20:30,784] INFO:fitness.free_loss_fidelity: RL4CO free-loss step 80/200: score=7.797522 (avg=7.796713), loss=0.297943 (avg=0.269526), pairs_step=315838, pairs_total=25268314
[2026-03-01 01:20:37,399] INFO:fitness.free_loss_fidelity: RL4CO free-loss step 100/200: score=7.752585 (avg=7.797486), loss=0.362034 (avg=0.284234), pairs_step=315720, pairs_total=31585481
[2026-03-01 01:20:44,023] INFO:fitness.free_loss_fidelity: RL4CO free-loss step 120/200: score=7.779071 (avg=7.799140), loss=0.269963 (avg=0.289933), pairs_step=315642, pairs_total=37901509
[2026-03-01 01:20:50,616] INFO:fitness.free_loss_fidelity: RL4CO free-loss step 140/200: score=7.823690 (avg=7.800033), loss=0.252852 (avg=0.284959), pairs_step=315731, pairs_total=44214883
[2026-03-01 01:20:57,451] INFO:fitness.free_loss_fidelity: RL4CO free-loss step 160/200: score=7.791777 (avg=7.799221), loss=0.269785 (avg=0.281554), pairs_step=315693, pairs_total=50529946
[2026-03-01 01:21:04,077] INFO:fitness.free_loss_fidelity: RL4CO free-loss step 180/200: score=7.779480 (avg=7.797832), loss=0.305734 (avg=0.281835), pairs_step=315729, pairs_total=56843681
[2026-03-01 01:21:10,678] INFO:fitness.free_loss_fidelity: RL4CO free-loss step 200/200: score=7.808999 (avg=7.796528), loss=0.284716 (avg=0.284341), pairs_step=315460, pairs_total=63157345
