[2026-03-01 01:48:48,060] INFO:fitness.free_loss_fidelity: Stage3 offline mini-train start gen=7 pair_index=16 K=200 seed=12345 valid_sizes=[100] baseline_json=baseline/mini_eval/baseline_minitrain_tsp100_K200.json
[2026-03-01 01:48:48,093] INFO:fitness.free_loss_fidelity: RL4CO free-loss (step-mode): f1_steps=200, f2_steps=0, total_steps=200, train_problem_size=100, rollouts=100, batch_size=64, device=cuda:2, env=tsp
[2026-03-01 01:48:48,453] INFO:fitness.free_loss_fidelity: RL4CO free-loss step 1/200: score=36.122910 (avg=36.122910), loss=0.687910 (avg=0.687910), pairs_step=316800, pairs_total=316800
[2026-03-01 01:48:54,597] INFO:fitness.free_loss_fidelity: RL4CO free-loss step 20/200: score=9.788739 (avg=12.416689), loss=0.674084 (avg=0.674457), pairs_step=316800, pairs_total=6335997
[2026-03-01 01:49:01,008] INFO:fitness.free_loss_fidelity: RL4CO free-loss step 40/200: score=9.365875 (avg=10.937458), loss=0.671988 (avg=0.674119), pairs_step=316800, pairs_total=12671993
[2026-03-01 01:49:07,441] INFO:fitness.free_loss_fidelity: RL4CO free-loss step 60/200: score=9.210636 (avg=10.369510), loss=0.673242 (avg=0.673570), pairs_step=316800, pairs_total=19007988
[2026-03-01 01:49:14,007] INFO:fitness.free_loss_fidelity: RL4CO free-loss step 80/200: score=8.995482 (avg=10.045416), loss=0.671739 (avg=0.673302), pairs_step=316800, pairs_total=25343984
[2026-03-01 01:49:20,385] INFO:fitness.free_loss_fidelity: RL4CO free-loss step 100/200: score=8.771400 (avg=9.817056), loss=0.670694 (avg=0.672913), pairs_step=316800, pairs_total=31679975
[2026-03-01 01:49:26,763] INFO:fitness.free_loss_fidelity: RL4CO free-loss step 120/200: score=8.670828 (avg=9.644767), loss=0.670096 (avg=0.672638), pairs_step=316800, pairs_total=38015970
[2026-03-01 01:49:33,143] INFO:fitness.free_loss_fidelity: RL4CO free-loss step 140/200: score=8.656579 (avg=9.506777), loss=0.670699 (avg=0.672382), pairs_step=316800, pairs_total=44351967
[2026-03-01 01:49:39,581] INFO:fitness.free_loss_fidelity: RL4CO free-loss step 160/200: score=8.573572 (avg=9.390550), loss=0.671477 (avg=0.672249), pairs_step=316799, pairs_total=50687961
[2026-03-01 01:49:45,953] INFO:fitness.free_loss_fidelity: RL4CO free-loss step 180/200: score=8.479239 (avg=9.292832), loss=0.671555 (avg=0.672119), pairs_step=316800, pairs_total=57023954
[2026-03-01 01:49:52,336] INFO:fitness.free_loss_fidelity: RL4CO free-loss step 200/200: score=8.470243 (avg=9.208637), loss=0.671119 (avg=0.672022), pairs_step=316800, pairs_total=63359949
[2026-03-01 01:49:53,463] WARNING:fitness.free_loss_fidelity: weights_only checkpoint load failed (UnpicklingError); retrying weights_only=False for /data1/gushengda/eam-rl4co/baseline/epoch_135.ckpt
[2026-03-01 01:49:53,501] INFO:fitness.free_loss_fidelity: Loaded init checkpoint into policy: path=/data1/gushengda/eam-rl4co/baseline/epoch_135.ckpt prefix=policy. matched=97 missing=0 unexpected=0
[2026-03-01 01:49:53,507] INFO:fitness.free_loss_fidelity: RL4CO free-loss (step-mode): f1_steps=200, f2_steps=0, total_steps=200, train_problem_size=100, rollouts=100, batch_size=64, device=cuda:2, env=tsp
[2026-03-01 01:49:53,838] INFO:fitness.free_loss_fidelity: RL4CO free-loss step 1/200: score=7.803347 (avg=7.803347), loss=0.669808 (avg=0.669808), pairs_step=315697, pairs_total=315697
[2026-03-01 01:49:59,933] INFO:fitness.free_loss_fidelity: RL4CO free-loss step 20/200: score=7.780770 (avg=7.809052), loss=0.670968 (avg=0.669892), pairs_step=315469, pairs_total=6315949
[2026-03-01 01:50:06,308] INFO:fitness.free_loss_fidelity: RL4CO free-loss step 40/200: score=7.820445 (avg=7.802871), loss=0.670575 (avg=0.669969), pairs_step=315809, pairs_total=12629555
[2026-03-01 01:50:12,682] INFO:fitness.free_loss_fidelity: RL4CO free-loss step 60/200: score=7.815102 (avg=7.799700), loss=0.671780 (avg=0.670207), pairs_step=315628, pairs_total=18941701
[2026-03-01 01:50:19,046] INFO:fitness.free_loss_fidelity: RL4CO free-loss step 80/200: score=7.802211 (avg=7.798574), loss=0.669096 (avg=0.670065), pairs_step=315652, pairs_total=25255635
[2026-03-01 01:50:25,405] INFO:fitness.free_loss_fidelity: RL4CO free-loss step 100/200: score=7.757658 (avg=7.799414), loss=0.669816 (avg=0.670039), pairs_step=315565, pairs_total=31568864
[2026-03-01 01:50:31,768] INFO:fitness.free_loss_fidelity: RL4CO free-loss step 120/200: score=7.772061 (avg=7.800936), loss=0.673828 (avg=0.670084), pairs_step=315727, pairs_total=37881821
[2026-03-01 01:50:38,142] INFO:fitness.free_loss_fidelity: RL4CO free-loss step 140/200: score=7.830911 (avg=7.801670), loss=0.670956 (avg=0.670317), pairs_step=314973, pairs_total=44190006
[2026-03-01 01:50:44,519] INFO:fitness.free_loss_fidelity: RL4CO free-loss step 160/200: score=7.792901 (avg=7.800774), loss=0.669314 (avg=0.670224), pairs_step=315103, pairs_total=50500325
[2026-03-01 01:50:50,908] INFO:fitness.free_loss_fidelity: RL4CO free-loss step 180/200: score=7.785046 (avg=7.799721), loss=0.668921 (avg=0.670252), pairs_step=315698, pairs_total=56807820
[2026-03-01 01:50:57,282] INFO:fitness.free_loss_fidelity: RL4CO free-loss step 200/200: score=7.809846 (avg=7.798623), loss=0.668730 (avg=0.670294), pairs_step=315415, pairs_total=63115283
[2026-03-01 01:50:58,415] WARNING:fitness.free_loss_fidelity: weights_only checkpoint load failed (UnpicklingError); retrying weights_only=False for /data1/gushengda/eam-rl4co/baseline/epoch_409.ckpt
[2026-03-01 01:50:58,452] INFO:fitness.free_loss_fidelity: Loaded init checkpoint into policy: path=/data1/gushengda/eam-rl4co/baseline/epoch_409.ckpt prefix=policy. matched=97 missing=0 unexpected=0
[2026-03-01 01:50:58,457] INFO:fitness.free_loss_fidelity: RL4CO free-loss (step-mode): f1_steps=200, f2_steps=0, total_steps=200, train_problem_size=100, rollouts=100, batch_size=64, device=cuda:2, env=tsp
[2026-03-01 01:50:58,813] INFO:fitness.free_loss_fidelity: RL4CO free-loss step 1/200: score=7.807477 (avg=7.807477), loss=0.645495 (avg=0.645495), pairs_step=315750, pairs_total=315750
[2026-03-01 01:51:04,943] INFO:fitness.free_loss_fidelity: RL4CO free-loss step 20/200: score=7.787306 (avg=7.812435), loss=0.651887 (avg=0.651314), pairs_step=316007, pairs_total=6316376
[2026-03-01 01:51:11,351] INFO:fitness.free_loss_fidelity: RL4CO free-loss step 40/200: score=7.815793 (avg=7.805504), loss=0.654314 (avg=0.652420), pairs_step=315841, pairs_total=12633406
[2026-03-01 01:51:17,729] INFO:fitness.free_loss_fidelity: RL4CO free-loss step 60/200: score=7.815155 (avg=7.801603), loss=0.655971 (avg=0.653526), pairs_step=315584, pairs_total=18948647
[2026-03-01 01:51:24,136] INFO:fitness.free_loss_fidelity: RL4CO free-loss step 80/200: score=7.798678 (avg=7.799710), loss=0.658612 (avg=0.654742), pairs_step=315650, pairs_total=25261112
[2026-03-01 01:51:30,457] INFO:fitness.free_loss_fidelity: RL4CO free-loss step 100/200: score=7.759170 (avg=7.800119), loss=0.658447 (avg=0.655704), pairs_step=315585, pairs_total=31573037
[2026-03-01 01:51:36,765] INFO:fitness.free_loss_fidelity: RL4CO free-loss step 120/200: score=7.778697 (avg=7.801606), loss=0.662506 (avg=0.656425), pairs_step=314959, pairs_total=37882271
[2026-03-01 01:51:43,071] INFO:fitness.free_loss_fidelity: RL4CO free-loss step 140/200: score=7.825154 (avg=7.802289), loss=0.661807 (avg=0.657047), pairs_step=315028, pairs_total=44186991
[2026-03-01 01:51:49,562] INFO:fitness.free_loss_fidelity: RL4CO free-loss step 160/200: score=7.805118 (avg=7.801587), loss=0.662274 (avg=0.657562), pairs_step=314572, pairs_total=50488702
[2026-03-01 01:51:55,878] INFO:fitness.free_loss_fidelity: RL4CO free-loss step 180/200: score=7.787918 (avg=7.800427), loss=0.660713 (avg=0.658117), pairs_step=314609, pairs_total=56787223
[2026-03-01 01:52:02,184] INFO:fitness.free_loss_fidelity: RL4CO free-loss step 200/200: score=7.808693 (avg=7.799104), loss=0.662279 (avg=0.658493), pairs_step=314807, pairs_total=63085843
