[2026-02-26 08:41:13,989] INFO:fitness.free_loss_fidelity: HF start gen=8 pair_index=38 device=cuda:2 g_id=g008_002_533814b2 f_id=f003_008_9d517350
[2026-02-26 08:41:13,989] INFO:fitness.free_loss_fidelity: HF start gen=8 pair_index=38 device=cuda:2 g_id=g008_002_533814b2 f_id=f003_008_9d517350
[2026-02-26 08:41:20,162] INFO:fitness.free_loss_fidelity: RL4CO free-loss phase=scratch: epochs=5 steps_f1=7815 steps_f2=0 total_steps=7815 (ckpt=none, device=cuda:2, env=tsp)
[2026-02-26 08:41:20,162] INFO:fitness.free_loss_fidelity: RL4CO free-loss phase=scratch: epochs=5 steps_f1=7815 steps_f2=0 total_steps=7815 (ckpt=none, device=cuda:2, env=tsp)
[2026-02-26 08:41:20,925] INFO:fitness.free_loss_fidelity: RL4CO free-loss[scratch] step 1/7815: score=50.776741 (avg=50.776741), loss=0.666846 (avg=0.666846), pairs_step=512, pairs_total=512
[2026-02-26 08:41:20,925] INFO:fitness.free_loss_fidelity: RL4CO free-loss[scratch] step 1/7815: score=50.776741 (avg=50.776741), loss=0.666846 (avg=0.666846), pairs_step=512, pairs_total=512
[2026-02-26 08:45:38,359] INFO:fitness.free_loss_fidelity: RL4CO free-loss[scratch] step 781/7815: score=9.031168 (avg=9.860564), loss=0.430784 (avg=0.568787), pairs_step=512, pairs_total=399872
[2026-02-26 08:45:38,359] INFO:fitness.free_loss_fidelity: RL4CO free-loss[scratch] step 781/7815: score=9.031168 (avg=9.860564), loss=0.430784 (avg=0.568787), pairs_step=512, pairs_total=399872
[2026-02-26 08:50:02,012] INFO:fitness.free_loss_fidelity: RL4CO free-loss[scratch] step 1562/7815: score=8.695035 (avg=9.351235), loss=0.616811 (avg=0.584130), pairs_step=512, pairs_total=799744
[2026-02-26 08:50:02,012] INFO:fitness.free_loss_fidelity: RL4CO free-loss[scratch] step 1562/7815: score=8.695035 (avg=9.351235), loss=0.616811 (avg=0.584130), pairs_step=512, pairs_total=799744
[2026-02-26 08:50:26,188] INFO:fitness.free_loss_fidelity: RL4CO free-loss[scratch] epoch 1/5: validation_objective=8.585443
[2026-02-26 08:50:26,188] INFO:fitness.free_loss_fidelity: RL4CO free-loss[scratch] epoch 1/5: validation_objective=8.585443
[2026-02-26 08:54:44,053] INFO:fitness.free_loss_fidelity: RL4CO free-loss[scratch] step 2343/7815: score=8.625719 (avg=9.119292), loss=0.560304 (avg=0.570369), pairs_step=512, pairs_total=1199616
[2026-02-26 08:54:44,053] INFO:fitness.free_loss_fidelity: RL4CO free-loss[scratch] step 2343/7815: score=8.625719 (avg=9.119292), loss=0.560304 (avg=0.570369), pairs_step=512, pairs_total=1199616
[2026-02-26 08:59:05,269] INFO:fitness.free_loss_fidelity: RL4CO free-loss[scratch] step 3124/7815: score=8.598581 (avg=8.984437), loss=0.507132 (avg=0.565700), pairs_step=512, pairs_total=1599488
[2026-02-26 08:59:05,269] INFO:fitness.free_loss_fidelity: RL4CO free-loss[scratch] step 3124/7815: score=8.598581 (avg=8.984437), loss=0.507132 (avg=0.565700), pairs_step=512, pairs_total=1599488
[2026-02-26 08:59:26,777] INFO:fitness.free_loss_fidelity: RL4CO free-loss[scratch] epoch 2/5: validation_objective=8.534432
[2026-02-26 08:59:26,777] INFO:fitness.free_loss_fidelity: RL4CO free-loss[scratch] epoch 2/5: validation_objective=8.534432
[2026-02-26 09:03:49,489] INFO:fitness.free_loss_fidelity: RL4CO free-loss[scratch] step 3905/7815: score=8.415771 (avg=8.877421), loss=0.013229 (avg=0.471213), pairs_step=512, pairs_total=1999360
[2026-02-26 09:03:49,489] INFO:fitness.free_loss_fidelity: RL4CO free-loss[scratch] step 3905/7815: score=8.415771 (avg=8.877421), loss=0.013229 (avg=0.471213), pairs_step=512, pairs_total=1999360
[2026-02-26 09:08:12,736] INFO:fitness.free_loss_fidelity: RL4CO free-loss[scratch] step 4686/7815: score=8.257843 (avg=8.806976), loss=0.104771 (avg=0.396863), pairs_step=512, pairs_total=2399232
[2026-02-26 09:08:12,736] INFO:fitness.free_loss_fidelity: RL4CO free-loss[scratch] step 4686/7815: score=8.257843 (avg=8.806976), loss=0.104771 (avg=0.396863), pairs_step=512, pairs_total=2399232
[2026-02-26 09:08:34,601] INFO:fitness.free_loss_fidelity: RL4CO free-loss[scratch] epoch 3/5: validation_objective=8.321053
[2026-02-26 09:08:34,601] INFO:fitness.free_loss_fidelity: RL4CO free-loss[scratch] epoch 3/5: validation_objective=8.321053
[2026-02-26 09:12:56,604] INFO:fitness.free_loss_fidelity: RL4CO free-loss[scratch] step 5467/7815: score=8.308063 (avg=8.779181), loss=0.026285 (avg=0.343262), pairs_step=512, pairs_total=2799104
[2026-02-26 09:12:56,604] INFO:fitness.free_loss_fidelity: RL4CO free-loss[scratch] step 5467/7815: score=8.308063 (avg=8.779181), loss=0.026285 (avg=0.343262), pairs_step=512, pairs_total=2799104
[2026-02-26 09:17:19,656] INFO:fitness.free_loss_fidelity: RL4CO free-loss[scratch] step 6248/7815: score=8.532660 (avg=8.844416), loss=0.023800 (avg=0.323640), pairs_step=512, pairs_total=3198976
[2026-02-26 09:17:19,656] INFO:fitness.free_loss_fidelity: RL4CO free-loss[scratch] step 6248/7815: score=8.532660 (avg=8.844416), loss=0.023800 (avg=0.323640), pairs_step=512, pairs_total=3198976
[2026-02-26 09:17:41,845] INFO:fitness.free_loss_fidelity: RL4CO free-loss[scratch] epoch 4/5: validation_objective=8.551961
[2026-02-26 09:17:41,845] INFO:fitness.free_loss_fidelity: RL4CO free-loss[scratch] epoch 4/5: validation_objective=8.551961
[2026-02-26 09:22:03,923] INFO:fitness.free_loss_fidelity: RL4CO free-loss[scratch] step 7029/7815: score=8.678551 (avg=8.920844), loss=0.109561 (avg=0.292420), pairs_step=512, pairs_total=3598848
[2026-02-26 09:22:03,923] INFO:fitness.free_loss_fidelity: RL4CO free-loss[scratch] step 7029/7815: score=8.678551 (avg=8.920844), loss=0.109561 (avg=0.292420), pairs_step=512, pairs_total=3598848
[2026-02-26 09:26:27,356] INFO:fitness.free_loss_fidelity: RL4CO free-loss[scratch] step 7810/7815: score=8.601260 (avg=8.976153), loss=0.067441 (avg=0.273703), pairs_step=512, pairs_total=3998720
[2026-02-26 09:26:27,356] INFO:fitness.free_loss_fidelity: RL4CO free-loss[scratch] step 7810/7815: score=8.601260 (avg=8.976153), loss=0.067441 (avg=0.273703), pairs_step=512, pairs_total=3998720
[2026-02-26 09:26:49,872] INFO:fitness.free_loss_fidelity: RL4CO free-loss[scratch] epoch 5/5: validation_objective=8.394200
[2026-02-26 09:26:49,872] INFO:fitness.free_loss_fidelity: RL4CO free-loss[scratch] epoch 5/5: validation_objective=8.394200
[2026-02-26 09:27:11,108] WARNING:fitness.free_loss_fidelity: weights_only checkpoint load failed (UnpicklingError); retrying weights_only=False for /data1/gushengda/eam-rl4co/baseline/epoch_409.ckpt
[2026-02-26 09:27:11,108] WARNING:fitness.free_loss_fidelity: weights_only checkpoint load failed (UnpicklingError); retrying weights_only=False for /data1/gushengda/eam-rl4co/baseline/epoch_409.ckpt
[2026-02-26 09:27:11,151] INFO:fitness.free_loss_fidelity: Loaded init checkpoint into policy: path=/data1/gushengda/eam-rl4co/baseline/epoch_409.ckpt prefix=policy. matched=97 missing=0 unexpected=0
[2026-02-26 09:27:11,151] INFO:fitness.free_loss_fidelity: Loaded init checkpoint into policy: path=/data1/gushengda/eam-rl4co/baseline/epoch_409.ckpt prefix=policy. matched=97 missing=0 unexpected=0
[2026-02-26 09:27:11,156] INFO:fitness.free_loss_fidelity: RL4CO free-loss phase=warmstart: epochs=5 steps_f1=7815 steps_f2=0 total_steps=7815 (ckpt=/data1/gushengda/eam-rl4co/baseline/epoch_409.ckpt, device=cuda:2, env=tsp)
[2026-02-26 09:27:11,156] INFO:fitness.free_loss_fidelity: RL4CO free-loss phase=warmstart: epochs=5 steps_f1=7815 steps_f2=0 total_steps=7815 (ckpt=/data1/gushengda/eam-rl4co/baseline/epoch_409.ckpt, device=cuda:2, env=tsp)
[2026-02-26 09:27:11,623] INFO:fitness.free_loss_fidelity: RL4CO free-loss[warmstart] step 1/7815: score=7.827631 (avg=7.827631), loss=0.698723 (avg=0.698723), pairs_step=512, pairs_total=512
[2026-02-26 09:27:11,623] INFO:fitness.free_loss_fidelity: RL4CO free-loss[warmstart] step 1/7815: score=7.827631 (avg=7.827631), loss=0.698723 (avg=0.698723), pairs_step=512, pairs_total=512
[2026-02-26 09:31:55,221] INFO:fitness.free_loss_fidelity: RL4CO free-loss[warmstart] step 781/7815: score=7.843249 (avg=7.843062), loss=0.686198 (avg=0.686397), pairs_step=512, pairs_total=399872
[2026-02-26 09:31:55,221] INFO:fitness.free_loss_fidelity: RL4CO free-loss[warmstart] step 781/7815: score=7.843249 (avg=7.843062), loss=0.686198 (avg=0.686397), pairs_step=512, pairs_total=399872
[2026-02-26 09:36:18,049] INFO:fitness.free_loss_fidelity: RL4CO free-loss[warmstart] step 1562/7815: score=7.897862 (avg=7.846499), loss=0.677327 (avg=0.680919), pairs_step=512, pairs_total=799744
[2026-02-26 09:36:18,049] INFO:fitness.free_loss_fidelity: RL4CO free-loss[warmstart] step 1562/7815: score=7.897862 (avg=7.846499), loss=0.677327 (avg=0.680919), pairs_step=512, pairs_total=799744
[2026-02-26 09:36:39,194] INFO:fitness.free_loss_fidelity: RL4CO free-loss[warmstart] epoch 1/5: validation_objective=7.834590
[2026-02-26 09:36:39,194] INFO:fitness.free_loss_fidelity: RL4CO free-loss[warmstart] epoch 1/5: validation_objective=7.834590
[2026-02-26 09:41:02,189] INFO:fitness.free_loss_fidelity: RL4CO free-loss[warmstart] step 2343/7815: score=7.862250 (avg=7.850553), loss=0.681546 (avg=0.675385), pairs_step=512, pairs_total=1199616
[2026-02-26 09:41:02,189] INFO:fitness.free_loss_fidelity: RL4CO free-loss[warmstart] step 2343/7815: score=7.862250 (avg=7.850553), loss=0.681546 (avg=0.675385), pairs_step=512, pairs_total=1199616
[2026-02-26 09:45:25,020] INFO:fitness.free_loss_fidelity: RL4CO free-loss[warmstart] step 3124/7815: score=7.893334 (avg=7.853022), loss=0.667560 (avg=0.671405), pairs_step=512, pairs_total=1599488
[2026-02-26 09:45:25,020] INFO:fitness.free_loss_fidelity: RL4CO free-loss[warmstart] step 3124/7815: score=7.893334 (avg=7.853022), loss=0.667560 (avg=0.671405), pairs_step=512, pairs_total=1599488
[2026-02-26 09:45:46,506] INFO:fitness.free_loss_fidelity: RL4CO free-loss[warmstart] epoch 2/5: validation_objective=7.848411
[2026-02-26 09:45:46,506] INFO:fitness.free_loss_fidelity: RL4CO free-loss[warmstart] epoch 2/5: validation_objective=7.848411
[2026-02-26 09:50:09,187] INFO:fitness.free_loss_fidelity: RL4CO free-loss[warmstart] step 3905/7815: score=7.855004 (avg=7.855636), loss=0.649479 (avg=0.667652), pairs_step=512, pairs_total=1999360
[2026-02-26 09:50:09,187] INFO:fitness.free_loss_fidelity: RL4CO free-loss[warmstart] step 3905/7815: score=7.855004 (avg=7.855636), loss=0.649479 (avg=0.667652), pairs_step=512, pairs_total=1999360
