[2026-02-25 02:45:13,234] INFO:fitness.free_loss_fidelity: HF start gen=3 pair_index=92 device=cuda:3 g_id=g003_007_27d6474a f_id=f000_010_c6588fc0
[2026-02-25 02:45:13,234] INFO:fitness.free_loss_fidelity: HF start gen=3 pair_index=92 device=cuda:3 g_id=g003_007_27d6474a f_id=f000_010_c6588fc0
[2026-02-25 02:45:19,450] INFO:fitness.free_loss_fidelity: RL4CO free-loss phase=scratch: epochs=5 steps_f1=7815 steps_f2=0 total_steps=7815 (ckpt=none, device=cuda:3, env=tsp)
[2026-02-25 02:45:19,450] INFO:fitness.free_loss_fidelity: RL4CO free-loss phase=scratch: epochs=5 steps_f1=7815 steps_f2=0 total_steps=7815 (ckpt=none, device=cuda:3, env=tsp)
[2026-02-25 02:45:20,211] INFO:fitness.free_loss_fidelity: RL4CO free-loss[scratch] step 1/7815: score=50.776741 (avg=50.776741), loss=0.624569 (avg=0.624569), pairs_step=316800, pairs_total=316800
[2026-02-25 02:45:20,211] INFO:fitness.free_loss_fidelity: RL4CO free-loss[scratch] step 1/7815: score=50.776741 (avg=50.776741), loss=0.624569 (avg=0.624569), pairs_step=316800, pairs_total=316800
[2026-02-25 02:49:59,815] INFO:fitness.free_loss_fidelity: RL4CO free-loss[scratch] step 781/7815: score=8.235256 (avg=8.662724), loss=0.173405 (avg=0.209162), pairs_step=316800, pairs_total=247420536
[2026-02-25 02:49:59,815] INFO:fitness.free_loss_fidelity: RL4CO free-loss[scratch] step 781/7815: score=8.235256 (avg=8.662724), loss=0.173405 (avg=0.209162), pairs_step=316800, pairs_total=247420536
[2026-02-25 02:54:42,752] INFO:fitness.free_loss_fidelity: RL4CO free-loss[scratch] step 1562/7815: score=8.124750 (avg=8.407528), loss=0.159823 (avg=0.188475), pairs_step=316800, pairs_total=494841020
[2026-02-25 02:54:42,752] INFO:fitness.free_loss_fidelity: RL4CO free-loss[scratch] step 1562/7815: score=8.124750 (avg=8.407528), loss=0.159823 (avg=0.188475), pairs_step=316800, pairs_total=494841020
[2026-02-25 02:55:05,231] INFO:fitness.free_loss_fidelity: RL4CO free-loss[scratch] epoch 1/5: validation_objective=8.026350
[2026-02-25 02:55:05,231] INFO:fitness.free_loss_fidelity: RL4CO free-loss[scratch] epoch 1/5: validation_objective=8.026350
[2026-02-25 02:59:13,916] INFO:fitness.free_loss_fidelity: RL4CO free-loss[scratch] step 2343/7815: score=8.129120 (avg=8.302003), loss=0.158351 (avg=0.178312), pairs_step=316800, pairs_total=742261486
[2026-02-25 02:59:13,916] INFO:fitness.free_loss_fidelity: RL4CO free-loss[scratch] step 2343/7815: score=8.129120 (avg=8.302003), loss=0.158351 (avg=0.178312), pairs_step=316800, pairs_total=742261486
[2026-02-25 03:03:18,404] INFO:fitness.free_loss_fidelity: RL4CO free-loss[scratch] step 3124/7815: score=8.053622 (avg=8.240888), loss=0.149149 (avg=0.171715), pairs_step=316800, pairs_total=989681935
[2026-02-25 03:03:18,404] INFO:fitness.free_loss_fidelity: RL4CO free-loss[scratch] step 3124/7815: score=8.053622 (avg=8.240888), loss=0.149149 (avg=0.171715), pairs_step=316800, pairs_total=989681935
[2026-02-25 03:03:39,743] INFO:fitness.free_loss_fidelity: RL4CO free-loss[scratch] epoch 2/5: validation_objective=7.999318
[2026-02-25 03:03:39,743] INFO:fitness.free_loss_fidelity: RL4CO free-loss[scratch] epoch 2/5: validation_objective=7.999318
[2026-02-25 03:07:43,668] INFO:fitness.free_loss_fidelity: RL4CO free-loss[scratch] step 3905/7815: score=8.042265 (avg=8.199957), loss=0.146148 (avg=0.166973), pairs_step=316800, pairs_total=1237102362
[2026-02-25 03:07:43,668] INFO:fitness.free_loss_fidelity: RL4CO free-loss[scratch] step 3905/7815: score=8.042265 (avg=8.199957), loss=0.146148 (avg=0.166973), pairs_step=316800, pairs_total=1237102362
[2026-02-25 03:11:48,224] INFO:fitness.free_loss_fidelity: RL4CO free-loss[scratch] step 4686/7815: score=7.919359 (avg=8.169303), loss=0.144642 (avg=0.163258), pairs_step=316799, pairs_total=1484522753
[2026-02-25 03:11:48,224] INFO:fitness.free_loss_fidelity: RL4CO free-loss[scratch] step 4686/7815: score=7.919359 (avg=8.169303), loss=0.144642 (avg=0.163258), pairs_step=316799, pairs_total=1484522753
[2026-02-25 03:12:09,870] INFO:fitness.free_loss_fidelity: RL4CO free-loss[scratch] epoch 3/5: validation_objective=7.989006
[2026-02-25 03:12:09,870] INFO:fitness.free_loss_fidelity: RL4CO free-loss[scratch] epoch 3/5: validation_objective=7.989006
[2026-02-25 03:16:13,401] INFO:fitness.free_loss_fidelity: RL4CO free-loss[scratch] step 5467/7815: score=7.987318 (avg=8.145744), loss=0.141422 (avg=0.160211), pairs_step=316799, pairs_total=1731943145
[2026-02-25 03:16:13,401] INFO:fitness.free_loss_fidelity: RL4CO free-loss[scratch] step 5467/7815: score=7.987318 (avg=8.145744), loss=0.141422 (avg=0.160211), pairs_step=316799, pairs_total=1731943145
[2026-02-25 03:20:17,795] INFO:fitness.free_loss_fidelity: RL4CO free-loss[scratch] step 6248/7815: score=7.961955 (avg=8.127053), loss=0.141830 (avg=0.157638), pairs_step=316800, pairs_total=1979363467
[2026-02-25 03:20:17,795] INFO:fitness.free_loss_fidelity: RL4CO free-loss[scratch] step 6248/7815: score=7.961955 (avg=8.127053), loss=0.141830 (avg=0.157638), pairs_step=316800, pairs_total=1979363467
[2026-02-25 03:20:39,750] INFO:fitness.free_loss_fidelity: RL4CO free-loss[scratch] epoch 4/5: validation_objective=7.982173
[2026-02-25 03:20:39,750] INFO:fitness.free_loss_fidelity: RL4CO free-loss[scratch] epoch 4/5: validation_objective=7.982173
[2026-02-25 03:24:42,946] INFO:fitness.free_loss_fidelity: RL4CO free-loss[scratch] step 7029/7815: score=7.926262 (avg=8.111509), loss=0.136668 (avg=0.155412), pairs_step=316799, pairs_total=2226783708
[2026-02-25 03:24:42,946] INFO:fitness.free_loss_fidelity: RL4CO free-loss[scratch] step 7029/7815: score=7.926262 (avg=8.111509), loss=0.136668 (avg=0.155412), pairs_step=316799, pairs_total=2226783708
[2026-02-25 03:28:47,386] INFO:fitness.free_loss_fidelity: RL4CO free-loss[scratch] step 7810/7815: score=7.962386 (avg=8.098312), loss=0.133838 (avg=0.153475), pairs_step=316798, pairs_total=2474203914
[2026-02-25 03:28:47,386] INFO:fitness.free_loss_fidelity: RL4CO free-loss[scratch] step 7810/7815: score=7.962386 (avg=8.098312), loss=0.133838 (avg=0.153475), pairs_step=316798, pairs_total=2474203914
[2026-02-25 03:29:09,646] INFO:fitness.free_loss_fidelity: RL4CO free-loss[scratch] epoch 5/5: validation_objective=7.965647
[2026-02-25 03:29:09,646] INFO:fitness.free_loss_fidelity: RL4CO free-loss[scratch] epoch 5/5: validation_objective=7.965647
[2026-02-25 03:29:30,714] WARNING:fitness.free_loss_fidelity: weights_only checkpoint load failed (UnpicklingError); retrying weights_only=False for /data1/gushengda/eam-rl4co/baseline/epoch_409.ckpt
[2026-02-25 03:29:30,714] WARNING:fitness.free_loss_fidelity: weights_only checkpoint load failed (UnpicklingError); retrying weights_only=False for /data1/gushengda/eam-rl4co/baseline/epoch_409.ckpt
[2026-02-25 03:29:30,758] INFO:fitness.free_loss_fidelity: Loaded init checkpoint into policy: path=/data1/gushengda/eam-rl4co/baseline/epoch_409.ckpt prefix=policy. matched=97 missing=0 unexpected=0
[2026-02-25 03:29:30,758] INFO:fitness.free_loss_fidelity: Loaded init checkpoint into policy: path=/data1/gushengda/eam-rl4co/baseline/epoch_409.ckpt prefix=policy. matched=97 missing=0 unexpected=0
[2026-02-25 03:29:30,764] INFO:fitness.free_loss_fidelity: RL4CO free-loss phase=warmstart: epochs=5 steps_f1=7815 steps_f2=0 total_steps=7815 (ckpt=/data1/gushengda/eam-rl4co/baseline/epoch_409.ckpt, device=cuda:3, env=tsp)
[2026-02-25 03:29:30,764] INFO:fitness.free_loss_fidelity: RL4CO free-loss phase=warmstart: epochs=5 steps_f1=7815 steps_f2=0 total_steps=7815 (ckpt=/data1/gushengda/eam-rl4co/baseline/epoch_409.ckpt, device=cuda:3, env=tsp)
[2026-02-25 03:29:31,174] INFO:fitness.free_loss_fidelity: RL4CO free-loss[warmstart] step 1/7815: score=7.827631 (avg=7.827631), loss=0.051302 (avg=0.051302), pairs_step=315941, pairs_total=315941
[2026-02-25 03:29:31,174] INFO:fitness.free_loss_fidelity: RL4CO free-loss[warmstart] step 1/7815: score=7.827631 (avg=7.827631), loss=0.051302 (avg=0.051302), pairs_step=315941, pairs_total=315941
[2026-02-25 03:33:55,914] INFO:fitness.free_loss_fidelity: RL4CO free-loss[warmstart] step 781/7815: score=7.788552 (avg=7.799346), loss=0.043977 (avg=0.046992), pairs_step=315999, pairs_total=246952768
[2026-02-25 03:33:55,914] INFO:fitness.free_loss_fidelity: RL4CO free-loss[warmstart] step 781/7815: score=7.788552 (avg=7.799346), loss=0.043977 (avg=0.046992), pairs_step=315999, pairs_total=246952768
[2026-02-25 03:37:59,644] INFO:fitness.free_loss_fidelity: RL4CO free-loss[warmstart] step 1562/7815: score=7.867439 (avg=7.798465), loss=0.043739 (avg=0.044828), pairs_step=316457, pairs_total=493942243
[2026-02-25 03:37:59,644] INFO:fitness.free_loss_fidelity: RL4CO free-loss[warmstart] step 1562/7815: score=7.867439 (avg=7.798465), loss=0.043739 (avg=0.044828), pairs_step=316457, pairs_total=493942243
[2026-02-25 03:38:20,635] INFO:fitness.free_loss_fidelity: RL4CO free-loss[warmstart] epoch 1/5: validation_objective=7.794231
[2026-02-25 03:38:20,635] INFO:fitness.free_loss_fidelity: RL4CO free-loss[warmstart] epoch 1/5: validation_objective=7.794231
[2026-02-25 03:42:24,542] INFO:fitness.free_loss_fidelity: RL4CO free-loss[warmstart] step 2343/7815: score=7.817041 (avg=7.798184), loss=0.040152 (avg=0.043706), pairs_step=316265, pairs_total=740878647
[2026-02-25 03:42:24,542] INFO:fitness.free_loss_fidelity: RL4CO free-loss[warmstart] step 2343/7815: score=7.817041 (avg=7.798184), loss=0.040152 (avg=0.043706), pairs_step=316265, pairs_total=740878647
[2026-02-25 03:46:28,492] INFO:fitness.free_loss_fidelity: RL4CO free-loss[warmstart] step 3124/7815: score=7.835093 (avg=7.797850), loss=0.038586 (avg=0.042802), pairs_step=316240, pairs_total=987823232
[2026-02-25 03:46:28,492] INFO:fitness.free_loss_fidelity: RL4CO free-loss[warmstart] step 3124/7815: score=7.835093 (avg=7.797850), loss=0.038586 (avg=0.042802), pairs_step=316240, pairs_total=987823232
[2026-02-25 03:46:49,806] INFO:fitness.free_loss_fidelity: RL4CO free-loss[warmstart] epoch 2/5: validation_objective=7.799584
[2026-02-25 03:46:49,806] INFO:fitness.free_loss_fidelity: RL4CO free-loss[warmstart] epoch 2/5: validation_objective=7.799584
[2026-02-25 03:50:52,855] INFO:fitness.free_loss_fidelity: RL4CO free-loss[warmstart] step 3905/7815: score=7.795533 (avg=7.797962), loss=0.037160 (avg=0.041925), pairs_step=315856, pairs_total=1234784284
[2026-02-25 03:50:52,855] INFO:fitness.free_loss_fidelity: RL4CO free-loss[warmstart] step 3905/7815: score=7.795533 (avg=7.797962), loss=0.037160 (avg=0.041925), pairs_step=315856, pairs_total=1234784284
[2026-02-25 03:54:54,625] INFO:fitness.free_loss_fidelity: RL4CO free-loss[warmstart] step 4686/7815: score=7.810312 (avg=7.798041), loss=0.040119 (avg=0.041122), pairs_step=316417, pairs_total=1481691075
[2026-02-25 03:54:54,625] INFO:fitness.free_loss_fidelity: RL4CO free-loss[warmstart] step 4686/7815: score=7.810312 (avg=7.798041), loss=0.040119 (avg=0.041122), pairs_step=316417, pairs_total=1481691075
[2026-02-25 03:55:16,147] INFO:fitness.free_loss_fidelity: RL4CO free-loss[warmstart] epoch 3/5: validation_objective=7.802265
[2026-02-25 03:55:16,147] INFO:fitness.free_loss_fidelity: RL4CO free-loss[warmstart] epoch 3/5: validation_objective=7.802265
[2026-02-25 03:59:17,251] INFO:fitness.free_loss_fidelity: RL4CO free-loss[warmstart] step 5467/7815: score=7.805631 (avg=7.797772), loss=0.036007 (avg=0.040677), pairs_step=315836, pairs_total=1728598344
[2026-02-25 03:59:17,251] INFO:fitness.free_loss_fidelity: RL4CO free-loss[warmstart] step 5467/7815: score=7.805631 (avg=7.797772), loss=0.036007 (avg=0.040677), pairs_step=315836, pairs_total=1728598344
[2026-02-25 04:03:19,707] INFO:fitness.free_loss_fidelity: RL4CO free-loss[warmstart] step 6248/7815: score=7.825723 (avg=7.797906), loss=0.037138 (avg=0.040334), pairs_step=316166, pairs_total=1975489378
[2026-02-25 04:03:19,707] INFO:fitness.free_loss_fidelity: RL4CO free-loss[warmstart] step 6248/7815: score=7.825723 (avg=7.797906), loss=0.037138 (avg=0.040334), pairs_step=316166, pairs_total=1975489378
[2026-02-25 04:03:41,542] INFO:fitness.free_loss_fidelity: RL4CO free-loss[warmstart] epoch 4/5: validation_objective=7.794759
[2026-02-25 04:03:41,542] INFO:fitness.free_loss_fidelity: RL4CO free-loss[warmstart] epoch 4/5: validation_objective=7.794759
[2026-02-25 04:07:42,303] INFO:fitness.free_loss_fidelity: RL4CO free-loss[warmstart] step 7029/7815: score=7.810287 (avg=7.797905), loss=0.041993 (avg=0.040019), pairs_step=316360, pairs_total=2222380249
[2026-02-25 04:07:42,303] INFO:fitness.free_loss_fidelity: RL4CO free-loss[warmstart] step 7029/7815: score=7.810287 (avg=7.797905), loss=0.041993 (avg=0.040019), pairs_step=316360, pairs_total=2222380249
[2026-02-25 04:11:44,334] INFO:fitness.free_loss_fidelity: RL4CO free-loss[warmstart] step 7810/7815: score=7.753711 (avg=7.797884), loss=0.038382 (avg=0.039749), pairs_step=315987, pairs_total=2469215704
[2026-02-25 04:11:44,334] INFO:fitness.free_loss_fidelity: RL4CO free-loss[warmstart] step 7810/7815: score=7.753711 (avg=7.797884), loss=0.038382 (avg=0.039749), pairs_step=315987, pairs_total=2469215704
[2026-02-25 04:12:06,492] INFO:fitness.free_loss_fidelity: RL4CO free-loss[warmstart] epoch 5/5: validation_objective=7.798851
[2026-02-25 04:12:06,492] INFO:fitness.free_loss_fidelity: RL4CO free-loss[warmstart] epoch 5/5: validation_objective=7.798851
