[2026-02-26 00:33:42,570] INFO:fitness.free_loss_fidelity: HF start gen=6 pair_index=76 device=cuda:1 g_id=g006_006_9fb5e15e f_id=f006_002_875b10b3
[2026-02-26 00:33:42,570] INFO:fitness.free_loss_fidelity: HF start gen=6 pair_index=76 device=cuda:1 g_id=g006_006_9fb5e15e f_id=f006_002_875b10b3
[2026-02-26 00:33:48,366] INFO:fitness.free_loss_fidelity: RL4CO free-loss phase=scratch: epochs=5 steps_f1=7815 steps_f2=0 total_steps=7815 (ckpt=none, device=cuda:1, env=tsp)
[2026-02-26 00:33:48,366] INFO:fitness.free_loss_fidelity: RL4CO free-loss phase=scratch: epochs=5 steps_f1=7815 steps_f2=0 total_steps=7815 (ckpt=none, device=cuda:1, env=tsp)
[2026-02-26 00:33:49,293] INFO:fitness.free_loss_fidelity: RL4CO free-loss[scratch] step 1/7815: score=50.776741 (avg=50.776741), loss=0.713433 (avg=0.713433), pairs_step=384, pairs_total=384
[2026-02-26 00:33:49,293] INFO:fitness.free_loss_fidelity: RL4CO free-loss[scratch] step 1/7815: score=50.776741 (avg=50.776741), loss=0.713433 (avg=0.713433), pairs_step=384, pairs_total=384
[2026-02-26 00:38:34,801] INFO:fitness.free_loss_fidelity: RL4CO free-loss[scratch] step 781/7815: score=37.216343 (avg=31.482923), loss=0.684245 (avg=0.685461), pairs_step=384, pairs_total=299904
[2026-02-26 00:38:34,801] INFO:fitness.free_loss_fidelity: RL4CO free-loss[scratch] step 781/7815: score=37.216343 (avg=31.482923), loss=0.684245 (avg=0.685461), pairs_step=384, pairs_total=299904
[2026-02-26 00:43:00,521] INFO:fitness.free_loss_fidelity: RL4CO free-loss[scratch] step 1562/7815: score=40.852543 (avg=36.797363), loss=0.683172 (avg=0.684751), pairs_step=384, pairs_total=599808
[2026-02-26 00:43:00,521] INFO:fitness.free_loss_fidelity: RL4CO free-loss[scratch] step 1562/7815: score=40.852543 (avg=36.797363), loss=0.683172 (avg=0.684751), pairs_step=384, pairs_total=599808
[2026-02-26 00:43:21,811] INFO:fitness.free_loss_fidelity: RL4CO free-loss[scratch] epoch 1/5: validation_objective=44.160357
[2026-02-26 00:43:21,811] INFO:fitness.free_loss_fidelity: RL4CO free-loss[scratch] epoch 1/5: validation_objective=44.160357
[2026-02-26 00:47:45,607] INFO:fitness.free_loss_fidelity: RL4CO free-loss[scratch] step 2343/7815: score=43.154915 (avg=38.442532), loss=0.683319 (avg=0.684391), pairs_step=384, pairs_total=899712
[2026-02-26 00:47:45,607] INFO:fitness.free_loss_fidelity: RL4CO free-loss[scratch] step 2343/7815: score=43.154915 (avg=38.442532), loss=0.683319 (avg=0.684391), pairs_step=384, pairs_total=899712
[2026-02-26 00:52:11,001] INFO:fitness.free_loss_fidelity: RL4CO free-loss[scratch] step 3124/7815: score=36.582436 (avg=38.590788), loss=0.683982 (avg=0.684221), pairs_step=384, pairs_total=1199616
[2026-02-26 00:52:11,001] INFO:fitness.free_loss_fidelity: RL4CO free-loss[scratch] step 3124/7815: score=36.582436 (avg=38.590788), loss=0.683982 (avg=0.684221), pairs_step=384, pairs_total=1199616
[2026-02-26 00:52:32,611] INFO:fitness.free_loss_fidelity: RL4CO free-loss[scratch] epoch 2/5: validation_objective=39.634441
[2026-02-26 00:52:32,611] INFO:fitness.free_loss_fidelity: RL4CO free-loss[scratch] epoch 2/5: validation_objective=39.634441
[2026-02-26 00:57:30,988] INFO:fitness.free_loss_fidelity: RL4CO free-loss[scratch] step 3905/7815: score=37.063164 (avg=38.274821), loss=0.683771 (avg=0.684127), pairs_step=384, pairs_total=1499520
[2026-02-26 00:57:30,988] INFO:fitness.free_loss_fidelity: RL4CO free-loss[scratch] step 3905/7815: score=37.063164 (avg=38.274821), loss=0.683771 (avg=0.684127), pairs_step=384, pairs_total=1499520
[2026-02-26 01:02:21,818] INFO:fitness.free_loss_fidelity: RL4CO free-loss[scratch] step 4686/7815: score=37.586159 (avg=38.004509), loss=0.684322 (avg=0.684060), pairs_step=384, pairs_total=1799424
[2026-02-26 01:02:21,818] INFO:fitness.free_loss_fidelity: RL4CO free-loss[scratch] step 4686/7815: score=37.586159 (avg=38.004509), loss=0.684322 (avg=0.684060), pairs_step=384, pairs_total=1799424
[2026-02-26 01:02:43,786] INFO:fitness.free_loss_fidelity: RL4CO free-loss[scratch] epoch 3/5: validation_objective=39.494382
[2026-02-26 01:02:43,786] INFO:fitness.free_loss_fidelity: RL4CO free-loss[scratch] epoch 3/5: validation_objective=39.494382
[2026-02-26 01:07:10,935] INFO:fitness.free_loss_fidelity: RL4CO free-loss[scratch] step 5467/7815: score=37.093262 (avg=37.949215), loss=0.683382 (avg=0.683997), pairs_step=384, pairs_total=2099328
[2026-02-26 01:07:10,935] INFO:fitness.free_loss_fidelity: RL4CO free-loss[scratch] step 5467/7815: score=37.093262 (avg=37.949215), loss=0.683382 (avg=0.683997), pairs_step=384, pairs_total=2099328
[2026-02-26 01:11:41,566] INFO:fitness.free_loss_fidelity: RL4CO free-loss[scratch] step 6248/7815: score=37.187325 (avg=37.842135), loss=0.682927 (avg=0.683960), pairs_step=384, pairs_total=2399232
[2026-02-26 01:11:41,566] INFO:fitness.free_loss_fidelity: RL4CO free-loss[scratch] step 6248/7815: score=37.187325 (avg=37.842135), loss=0.682927 (avg=0.683960), pairs_step=384, pairs_total=2399232
[2026-02-26 01:12:04,045] INFO:fitness.free_loss_fidelity: RL4CO free-loss[scratch] epoch 4/5: validation_objective=39.315088
[2026-02-26 01:12:04,045] INFO:fitness.free_loss_fidelity: RL4CO free-loss[scratch] epoch 4/5: validation_objective=39.315088
[2026-02-26 01:16:31,408] INFO:fitness.free_loss_fidelity: RL4CO free-loss[scratch] step 7029/7815: score=36.595421 (avg=37.796361), loss=0.683970 (avg=0.683932), pairs_step=384, pairs_total=2699136
[2026-02-26 01:16:31,408] INFO:fitness.free_loss_fidelity: RL4CO free-loss[scratch] step 7029/7815: score=36.595421 (avg=37.796361), loss=0.683970 (avg=0.683932), pairs_step=384, pairs_total=2699136
[2026-02-26 01:21:13,412] INFO:fitness.free_loss_fidelity: RL4CO free-loss[scratch] step 7810/7815: score=42.663906 (avg=37.935800), loss=0.683981 (avg=0.683913), pairs_step=384, pairs_total=2999040
[2026-02-26 01:21:13,412] INFO:fitness.free_loss_fidelity: RL4CO free-loss[scratch] step 7810/7815: score=42.663906 (avg=37.935800), loss=0.683981 (avg=0.683913), pairs_step=384, pairs_total=2999040
[2026-02-26 01:21:36,139] INFO:fitness.free_loss_fidelity: RL4CO free-loss[scratch] epoch 5/5: validation_objective=41.045959
[2026-02-26 01:21:36,139] INFO:fitness.free_loss_fidelity: RL4CO free-loss[scratch] epoch 5/5: validation_objective=41.045959
[2026-02-26 01:21:57,483] WARNING:fitness.free_loss_fidelity: weights_only checkpoint load failed (UnpicklingError); retrying weights_only=False for /data1/gushengda/eam-rl4co/baseline/epoch_409.ckpt
[2026-02-26 01:21:57,483] WARNING:fitness.free_loss_fidelity: weights_only checkpoint load failed (UnpicklingError); retrying weights_only=False for /data1/gushengda/eam-rl4co/baseline/epoch_409.ckpt
[2026-02-26 01:21:57,545] INFO:fitness.free_loss_fidelity: Loaded init checkpoint into policy: path=/data1/gushengda/eam-rl4co/baseline/epoch_409.ckpt prefix=policy. matched=97 missing=0 unexpected=0
[2026-02-26 01:21:57,545] INFO:fitness.free_loss_fidelity: Loaded init checkpoint into policy: path=/data1/gushengda/eam-rl4co/baseline/epoch_409.ckpt prefix=policy. matched=97 missing=0 unexpected=0
[2026-02-26 01:21:57,551] INFO:fitness.free_loss_fidelity: RL4CO free-loss phase=warmstart: epochs=5 steps_f1=7815 steps_f2=0 total_steps=7815 (ckpt=/data1/gushengda/eam-rl4co/baseline/epoch_409.ckpt, device=cuda:1, env=tsp)
[2026-02-26 01:21:57,551] INFO:fitness.free_loss_fidelity: RL4CO free-loss phase=warmstart: epochs=5 steps_f1=7815 steps_f2=0 total_steps=7815 (ckpt=/data1/gushengda/eam-rl4co/baseline/epoch_409.ckpt, device=cuda:1, env=tsp)
[2026-02-26 01:21:58,096] INFO:fitness.free_loss_fidelity: RL4CO free-loss[warmstart] step 1/7815: score=7.827631 (avg=7.827631), loss=0.633989 (avg=0.633989), pairs_step=384, pairs_total=384
[2026-02-26 01:21:58,096] INFO:fitness.free_loss_fidelity: RL4CO free-loss[warmstart] step 1/7815: score=7.827631 (avg=7.827631), loss=0.633989 (avg=0.633989), pairs_step=384, pairs_total=384
[2026-02-26 01:26:52,509] INFO:fitness.free_loss_fidelity: RL4CO free-loss[warmstart] step 781/7815: score=8.109070 (avg=8.017744), loss=0.704872 (avg=0.702957), pairs_step=384, pairs_total=299904
[2026-02-26 01:26:52,509] INFO:fitness.free_loss_fidelity: RL4CO free-loss[warmstart] step 781/7815: score=8.109070 (avg=8.017744), loss=0.704872 (avg=0.702957), pairs_step=384, pairs_total=299904
[2026-02-26 01:31:21,206] INFO:fitness.free_loss_fidelity: RL4CO free-loss[warmstart] step 1562/7815: score=8.171726 (avg=8.051263), loss=0.699511 (avg=0.702913), pairs_step=384, pairs_total=599808
[2026-02-26 01:31:21,206] INFO:fitness.free_loss_fidelity: RL4CO free-loss[warmstart] step 1562/7815: score=8.171726 (avg=8.051263), loss=0.699511 (avg=0.702913), pairs_step=384, pairs_total=599808
[2026-02-26 01:31:42,577] INFO:fitness.free_loss_fidelity: RL4CO free-loss[warmstart] epoch 1/5: validation_objective=8.016373
[2026-02-26 01:31:42,577] INFO:fitness.free_loss_fidelity: RL4CO free-loss[warmstart] epoch 1/5: validation_objective=8.016373
[2026-02-26 01:36:10,651] INFO:fitness.free_loss_fidelity: RL4CO free-loss[warmstart] step 2343/7815: score=8.040560 (avg=8.048673), loss=0.673958 (avg=0.700624), pairs_step=384, pairs_total=899712
[2026-02-26 01:36:10,651] INFO:fitness.free_loss_fidelity: RL4CO free-loss[warmstart] step 2343/7815: score=8.040560 (avg=8.048673), loss=0.673958 (avg=0.700624), pairs_step=384, pairs_total=899712
[2026-02-26 01:40:43,563] INFO:fitness.free_loss_fidelity: RL4CO free-loss[warmstart] step 3124/7815: score=8.149096 (avg=8.061985), loss=0.701477 (avg=0.699086), pairs_step=384, pairs_total=1199616
[2026-02-26 01:40:43,563] INFO:fitness.free_loss_fidelity: RL4CO free-loss[warmstart] step 3124/7815: score=8.149096 (avg=8.061985), loss=0.701477 (avg=0.699086), pairs_step=384, pairs_total=1199616
[2026-02-26 01:41:05,277] INFO:fitness.free_loss_fidelity: RL4CO free-loss[warmstart] epoch 2/5: validation_objective=8.004203
[2026-02-26 01:41:05,277] INFO:fitness.free_loss_fidelity: RL4CO free-loss[warmstart] epoch 2/5: validation_objective=8.004203
[2026-02-26 01:45:37,507] INFO:fitness.free_loss_fidelity: RL4CO free-loss[warmstart] step 3905/7815: score=8.045753 (avg=8.062315), loss=0.680581 (avg=0.697106), pairs_step=384, pairs_total=1499520
[2026-02-26 01:45:37,507] INFO:fitness.free_loss_fidelity: RL4CO free-loss[warmstart] step 3905/7815: score=8.045753 (avg=8.062315), loss=0.680581 (avg=0.697106), pairs_step=384, pairs_total=1499520
[2026-02-26 01:50:04,759] INFO:fitness.free_loss_fidelity: RL4CO free-loss[warmstart] step 4686/7815: score=8.113005 (avg=8.063555), loss=0.712183 (avg=0.695827), pairs_step=384, pairs_total=1799424
[2026-02-26 01:50:04,759] INFO:fitness.free_loss_fidelity: RL4CO free-loss[warmstart] step 4686/7815: score=8.113005 (avg=8.063555), loss=0.712183 (avg=0.695827), pairs_step=384, pairs_total=1799424
[2026-02-26 01:50:26,751] INFO:fitness.free_loss_fidelity: RL4CO free-loss[warmstart] epoch 3/5: validation_objective=8.008137
[2026-02-26 01:50:26,751] INFO:fitness.free_loss_fidelity: RL4CO free-loss[warmstart] epoch 3/5: validation_objective=8.008137
[2026-02-26 01:54:53,883] INFO:fitness.free_loss_fidelity: RL4CO free-loss[warmstart] step 5467/7815: score=8.076099 (avg=8.065522), loss=0.693019 (avg=0.695308), pairs_step=384, pairs_total=2099328
[2026-02-26 01:54:53,883] INFO:fitness.free_loss_fidelity: RL4CO free-loss[warmstart] step 5467/7815: score=8.076099 (avg=8.065522), loss=0.693019 (avg=0.695308), pairs_step=384, pairs_total=2099328
[2026-02-26 01:59:31,388] INFO:fitness.free_loss_fidelity: RL4CO free-loss[warmstart] step 6248/7815: score=8.133681 (avg=8.071390), loss=0.672837 (avg=0.694586), pairs_step=384, pairs_total=2399232
[2026-02-26 01:59:31,388] INFO:fitness.free_loss_fidelity: RL4CO free-loss[warmstart] step 6248/7815: score=8.133681 (avg=8.071390), loss=0.672837 (avg=0.694586), pairs_step=384, pairs_total=2399232
[2026-02-26 01:59:53,771] INFO:fitness.free_loss_fidelity: RL4CO free-loss[warmstart] epoch 4/5: validation_objective=7.985181
[2026-02-26 01:59:53,771] INFO:fitness.free_loss_fidelity: RL4CO free-loss[warmstart] epoch 4/5: validation_objective=7.985181
[2026-02-26 02:04:30,756] INFO:fitness.free_loss_fidelity: RL4CO free-loss[warmstart] step 7029/7815: score=8.087051 (avg=8.074059), loss=0.686862 (avg=0.693893), pairs_step=384, pairs_total=2699136
[2026-02-26 02:04:30,756] INFO:fitness.free_loss_fidelity: RL4CO free-loss[warmstart] step 7029/7815: score=8.087051 (avg=8.074059), loss=0.686862 (avg=0.693893), pairs_step=384, pairs_total=2699136
[2026-02-26 02:09:00,000] INFO:fitness.free_loss_fidelity: RL4CO free-loss[warmstart] step 7810/7815: score=8.031351 (avg=8.077230), loss=0.673600 (avg=0.693088), pairs_step=384, pairs_total=2999040
[2026-02-26 02:09:00,000] INFO:fitness.free_loss_fidelity: RL4CO free-loss[warmstart] step 7810/7815: score=8.031351 (avg=8.077230), loss=0.673600 (avg=0.693088), pairs_step=384, pairs_total=2999040
[2026-02-26 02:09:22,604] INFO:fitness.free_loss_fidelity: RL4CO free-loss[warmstart] epoch 5/5: validation_objective=7.977619
[2026-02-26 02:09:22,604] INFO:fitness.free_loss_fidelity: RL4CO free-loss[warmstart] epoch 5/5: validation_objective=7.977619
