[2026-02-25 00:36:13,967] INFO:fitness.free_loss_fidelity: HF start gen=2 pair_index=95 device=cuda:1 g_id=g002_008_408b2e7c f_id=f002_001_f2bd27bc
[2026-02-25 00:36:13,967] INFO:fitness.free_loss_fidelity: HF start gen=2 pair_index=95 device=cuda:1 g_id=g002_008_408b2e7c f_id=f002_001_f2bd27bc
[2026-02-25 00:36:20,106] INFO:fitness.free_loss_fidelity: RL4CO free-loss phase=scratch: epochs=5 steps_f1=7815 steps_f2=0 total_steps=7815 (ckpt=none, device=cuda:1, env=tsp)
[2026-02-25 00:36:20,106] INFO:fitness.free_loss_fidelity: RL4CO free-loss phase=scratch: epochs=5 steps_f1=7815 steps_f2=0 total_steps=7815 (ckpt=none, device=cuda:1, env=tsp)
[2026-02-25 00:36:20,884] INFO:fitness.free_loss_fidelity: RL4CO free-loss[scratch] step 1/7815: score=50.776741 (avg=50.776741), loss=2.088755 (avg=2.088755), pairs_step=6336, pairs_total=6336
[2026-02-25 00:36:20,884] INFO:fitness.free_loss_fidelity: RL4CO free-loss[scratch] step 1/7815: score=50.776741 (avg=50.776741), loss=2.088755 (avg=2.088755), pairs_step=6336, pairs_total=6336
[2026-02-25 00:40:54,455] INFO:fitness.free_loss_fidelity: RL4CO free-loss[scratch] step 781/7815: score=8.299398 (avg=8.763401), loss=0.461486 (avg=0.508260), pairs_step=6336, pairs_total=4948416
[2026-02-25 00:40:54,455] INFO:fitness.free_loss_fidelity: RL4CO free-loss[scratch] step 781/7815: score=8.299398 (avg=8.763401), loss=0.461486 (avg=0.508260), pairs_step=6336, pairs_total=4948416
[2026-02-25 00:45:29,505] INFO:fitness.free_loss_fidelity: RL4CO free-loss[scratch] step 1562/7815: score=8.227814 (avg=8.504273), loss=0.380491 (avg=0.462976), pairs_step=6336, pairs_total=9896832
[2026-02-25 00:45:29,505] INFO:fitness.free_loss_fidelity: RL4CO free-loss[scratch] step 1562/7815: score=8.227814 (avg=8.504273), loss=0.380491 (avg=0.462976), pairs_step=6336, pairs_total=9896832
[2026-02-25 00:45:54,168] INFO:fitness.free_loss_fidelity: RL4CO free-loss[scratch] epoch 1/5: validation_objective=8.106085
[2026-02-25 00:45:54,168] INFO:fitness.free_loss_fidelity: RL4CO free-loss[scratch] epoch 1/5: validation_objective=8.106085
[2026-02-25 00:50:29,113] INFO:fitness.free_loss_fidelity: RL4CO free-loss[scratch] step 2343/7815: score=8.173953 (avg=8.394312), loss=0.375486 (avg=0.437991), pairs_step=6336, pairs_total=14845248
[2026-02-25 00:50:29,113] INFO:fitness.free_loss_fidelity: RL4CO free-loss[scratch] step 2343/7815: score=8.173953 (avg=8.394312), loss=0.375486 (avg=0.437991), pairs_step=6336, pairs_total=14845248
[2026-02-25 00:55:04,179] INFO:fitness.free_loss_fidelity: RL4CO free-loss[scratch] step 3124/7815: score=8.128832 (avg=8.329125), loss=0.372943 (avg=0.422386), pairs_step=6336, pairs_total=19793663
[2026-02-25 00:55:04,179] INFO:fitness.free_loss_fidelity: RL4CO free-loss[scratch] step 3124/7815: score=8.128832 (avg=8.329125), loss=0.372943 (avg=0.422386), pairs_step=6336, pairs_total=19793663
[2026-02-25 00:55:29,185] INFO:fitness.free_loss_fidelity: RL4CO free-loss[scratch] epoch 2/5: validation_objective=8.068925
[2026-02-25 00:55:29,185] INFO:fitness.free_loss_fidelity: RL4CO free-loss[scratch] epoch 2/5: validation_objective=8.068925
[2026-02-25 01:00:03,594] INFO:fitness.free_loss_fidelity: RL4CO free-loss[scratch] step 3905/7815: score=8.120695 (avg=8.286240), loss=0.381568 (avg=0.411143), pairs_step=6336, pairs_total=24742078
[2026-02-25 01:00:03,594] INFO:fitness.free_loss_fidelity: RL4CO free-loss[scratch] step 3905/7815: score=8.120695 (avg=8.286240), loss=0.381568 (avg=0.411143), pairs_step=6336, pairs_total=24742078
[2026-02-25 01:04:38,725] INFO:fitness.free_loss_fidelity: RL4CO free-loss[scratch] step 4686/7815: score=8.003420 (avg=8.254314), loss=0.363376 (avg=0.403070), pairs_step=6336, pairs_total=29690492
[2026-02-25 01:04:38,725] INFO:fitness.free_loss_fidelity: RL4CO free-loss[scratch] step 4686/7815: score=8.003420 (avg=8.254314), loss=0.363376 (avg=0.403070), pairs_step=6336, pairs_total=29690492
[2026-02-25 01:05:04,088] INFO:fitness.free_loss_fidelity: RL4CO free-loss[scratch] epoch 3/5: validation_objective=8.054824
[2026-02-25 01:05:04,088] INFO:fitness.free_loss_fidelity: RL4CO free-loss[scratch] epoch 3/5: validation_objective=8.054824
[2026-02-25 01:09:38,138] INFO:fitness.free_loss_fidelity: RL4CO free-loss[scratch] step 5467/7815: score=8.066773 (avg=8.229964), loss=0.351976 (avg=0.397227), pairs_step=6336, pairs_total=34638908
[2026-02-25 01:09:38,138] INFO:fitness.free_loss_fidelity: RL4CO free-loss[scratch] step 5467/7815: score=8.066773 (avg=8.229964), loss=0.351976 (avg=0.397227), pairs_step=6336, pairs_total=34638908
[2026-02-25 01:14:13,454] INFO:fitness.free_loss_fidelity: RL4CO free-loss[scratch] step 6248/7815: score=8.069351 (avg=8.211017), loss=0.358632 (avg=0.393468), pairs_step=6336, pairs_total=39587323
[2026-02-25 01:14:13,454] INFO:fitness.free_loss_fidelity: RL4CO free-loss[scratch] step 6248/7815: score=8.069351 (avg=8.211017), loss=0.358632 (avg=0.393468), pairs_step=6336, pairs_total=39587323
[2026-02-25 01:14:39,204] INFO:fitness.free_loss_fidelity: RL4CO free-loss[scratch] epoch 4/5: validation_objective=8.061237
[2026-02-25 01:14:39,204] INFO:fitness.free_loss_fidelity: RL4CO free-loss[scratch] epoch 4/5: validation_objective=8.061237
[2026-02-25 01:19:13,483] INFO:fitness.free_loss_fidelity: RL4CO free-loss[scratch] step 7029/7815: score=7.989467 (avg=8.195852), loss=0.363898 (avg=0.391013), pairs_step=6336, pairs_total=44535731
[2026-02-25 01:19:13,483] INFO:fitness.free_loss_fidelity: RL4CO free-loss[scratch] step 7029/7815: score=7.989467 (avg=8.195852), loss=0.363898 (avg=0.391013), pairs_step=6336, pairs_total=44535731
[2026-02-25 01:23:49,189] INFO:fitness.free_loss_fidelity: RL4CO free-loss[scratch] step 7810/7815: score=8.039806 (avg=8.182415), loss=0.382102 (avg=0.388525), pairs_step=6336, pairs_total=49484137
[2026-02-25 01:23:49,189] INFO:fitness.free_loss_fidelity: RL4CO free-loss[scratch] step 7810/7815: score=8.039806 (avg=8.182415), loss=0.382102 (avg=0.388525), pairs_step=6336, pairs_total=49484137
[2026-02-25 01:24:15,272] INFO:fitness.free_loss_fidelity: RL4CO free-loss[scratch] epoch 5/5: validation_objective=8.066294
[2026-02-25 01:24:15,272] INFO:fitness.free_loss_fidelity: RL4CO free-loss[scratch] epoch 5/5: validation_objective=8.066294
[2026-02-25 01:24:39,963] WARNING:fitness.free_loss_fidelity: weights_only checkpoint load failed (UnpicklingError); retrying weights_only=False for /data1/gushengda/eam-rl4co/baseline/epoch_409.ckpt
[2026-02-25 01:24:39,963] WARNING:fitness.free_loss_fidelity: weights_only checkpoint load failed (UnpicklingError); retrying weights_only=False for /data1/gushengda/eam-rl4co/baseline/epoch_409.ckpt
[2026-02-25 01:24:40,011] INFO:fitness.free_loss_fidelity: Loaded init checkpoint into policy: path=/data1/gushengda/eam-rl4co/baseline/epoch_409.ckpt prefix=policy. matched=97 missing=0 unexpected=0
[2026-02-25 01:24:40,011] INFO:fitness.free_loss_fidelity: Loaded init checkpoint into policy: path=/data1/gushengda/eam-rl4co/baseline/epoch_409.ckpt prefix=policy. matched=97 missing=0 unexpected=0
[2026-02-25 01:24:40,017] INFO:fitness.free_loss_fidelity: RL4CO free-loss phase=warmstart: epochs=5 steps_f1=7815 steps_f2=0 total_steps=7815 (ckpt=/data1/gushengda/eam-rl4co/baseline/epoch_409.ckpt, device=cuda:1, env=tsp)
[2026-02-25 01:24:40,017] INFO:fitness.free_loss_fidelity: RL4CO free-loss phase=warmstart: epochs=5 steps_f1=7815 steps_f2=0 total_steps=7815 (ckpt=/data1/gushengda/eam-rl4co/baseline/epoch_409.ckpt, device=cuda:1, env=tsp)
[2026-02-25 01:24:40,462] INFO:fitness.free_loss_fidelity: RL4CO free-loss[warmstart] step 1/7815: score=7.827631 (avg=7.827631), loss=0.042966 (avg=0.042966), pairs_step=6321, pairs_total=6321
[2026-02-25 01:24:40,462] INFO:fitness.free_loss_fidelity: RL4CO free-loss[warmstart] step 1/7815: score=7.827631 (avg=7.827631), loss=0.042966 (avg=0.042966), pairs_step=6321, pairs_total=6321
[2026-02-25 01:29:40,010] INFO:fitness.free_loss_fidelity: RL4CO free-loss[warmstart] step 781/7815: score=7.797072 (avg=7.800950), loss=0.030100 (avg=0.030929), pairs_step=6307, pairs_total=4936942
[2026-02-25 01:29:40,010] INFO:fitness.free_loss_fidelity: RL4CO free-loss[warmstart] step 781/7815: score=7.797072 (avg=7.800950), loss=0.030100 (avg=0.030929), pairs_step=6307, pairs_total=4936942
[2026-02-25 01:34:14,671] INFO:fitness.free_loss_fidelity: RL4CO free-loss[warmstart] step 1562/7815: score=7.867332 (avg=7.802255), loss=0.024948 (avg=0.029714), pairs_step=6326, pairs_total=9874899
[2026-02-25 01:34:14,671] INFO:fitness.free_loss_fidelity: RL4CO free-loss[warmstart] step 1562/7815: score=7.867332 (avg=7.802255), loss=0.024948 (avg=0.029714), pairs_step=6326, pairs_total=9874899
[2026-02-25 01:34:39,421] INFO:fitness.free_loss_fidelity: RL4CO free-loss[warmstart] epoch 1/5: validation_objective=7.800413
[2026-02-25 01:34:39,421] INFO:fitness.free_loss_fidelity: RL4CO free-loss[warmstart] epoch 1/5: validation_objective=7.800413
[2026-02-25 01:39:14,251] INFO:fitness.free_loss_fidelity: RL4CO free-loss[warmstart] step 2343/7815: score=7.827105 (avg=7.803019), loss=0.021701 (avg=0.028377), pairs_step=6323, pairs_total=14813731
[2026-02-25 01:39:14,251] INFO:fitness.free_loss_fidelity: RL4CO free-loss[warmstart] step 2343/7815: score=7.827105 (avg=7.803019), loss=0.021701 (avg=0.028377), pairs_step=6323, pairs_total=14813731
[2026-02-25 01:43:49,518] INFO:fitness.free_loss_fidelity: RL4CO free-loss[warmstart] step 3124/7815: score=7.841089 (avg=7.803322), loss=0.021380 (avg=0.027005), pairs_step=6319, pairs_total=19753166
[2026-02-25 01:43:49,518] INFO:fitness.free_loss_fidelity: RL4CO free-loss[warmstart] step 3124/7815: score=7.841089 (avg=7.803322), loss=0.021380 (avg=0.027005), pairs_step=6319, pairs_total=19753166
[2026-02-25 01:44:14,261] INFO:fitness.free_loss_fidelity: RL4CO free-loss[warmstart] epoch 2/5: validation_objective=7.804835
[2026-02-25 01:44:14,261] INFO:fitness.free_loss_fidelity: RL4CO free-loss[warmstart] epoch 2/5: validation_objective=7.804835
[2026-02-25 01:48:18,095] INFO:fitness.free_loss_fidelity: RL4CO free-loss[warmstart] step 3905/7815: score=7.809013 (avg=7.804305), loss=0.023229 (avg=0.025990), pairs_step=6323, pairs_total=24693184
[2026-02-25 01:48:18,095] INFO:fitness.free_loss_fidelity: RL4CO free-loss[warmstart] step 3905/7815: score=7.809013 (avg=7.804305), loss=0.023229 (avg=0.025990), pairs_step=6323, pairs_total=24693184
[2026-02-25 01:52:22,345] INFO:fitness.free_loss_fidelity: RL4CO free-loss[warmstart] step 4686/7815: score=7.823329 (avg=7.805138), loss=0.022247 (avg=0.025557), pairs_step=6324, pairs_total=29633116
[2026-02-25 01:52:22,345] INFO:fitness.free_loss_fidelity: RL4CO free-loss[warmstart] step 4686/7815: score=7.823329 (avg=7.805138), loss=0.022247 (avg=0.025557), pairs_step=6324, pairs_total=29633116
[2026-02-25 01:52:44,124] INFO:fitness.free_loss_fidelity: RL4CO free-loss[warmstart] epoch 3/5: validation_objective=7.808992
[2026-02-25 01:52:44,124] INFO:fitness.free_loss_fidelity: RL4CO free-loss[warmstart] epoch 3/5: validation_objective=7.808992
[2026-02-25 01:56:47,054] INFO:fitness.free_loss_fidelity: RL4CO free-loss[warmstart] step 5467/7815: score=7.818042 (avg=7.805328), loss=0.025937 (avg=0.025102), pairs_step=6328, pairs_total=34573009
[2026-02-25 01:56:47,054] INFO:fitness.free_loss_fidelity: RL4CO free-loss[warmstart] step 5467/7815: score=7.818042 (avg=7.805328), loss=0.025937 (avg=0.025102), pairs_step=6328, pairs_total=34573009
[2026-02-25 02:00:51,859] INFO:fitness.free_loss_fidelity: RL4CO free-loss[warmstart] step 6248/7815: score=7.835057 (avg=7.806047), loss=0.020270 (avg=0.024670), pairs_step=6334, pairs_total=39513220
[2026-02-25 02:00:51,859] INFO:fitness.free_loss_fidelity: RL4CO free-loss[warmstart] step 6248/7815: score=7.835057 (avg=7.806047), loss=0.020270 (avg=0.024670), pairs_step=6334, pairs_total=39513220
[2026-02-25 02:01:13,939] INFO:fitness.free_loss_fidelity: RL4CO free-loss[warmstart] epoch 4/5: validation_objective=7.805804
[2026-02-25 02:01:13,939] INFO:fitness.free_loss_fidelity: RL4CO free-loss[warmstart] epoch 4/5: validation_objective=7.805804
[2026-02-25 02:05:17,076] INFO:fitness.free_loss_fidelity: RL4CO free-loss[warmstart] step 7029/7815: score=7.822573 (avg=7.806478), loss=0.019913 (avg=0.024077), pairs_step=6330, pairs_total=44454121
[2026-02-25 02:05:17,076] INFO:fitness.free_loss_fidelity: RL4CO free-loss[warmstart] step 7029/7815: score=7.822573 (avg=7.806478), loss=0.019913 (avg=0.024077), pairs_step=6330, pairs_total=44454121
[2026-02-25 02:09:21,126] INFO:fitness.free_loss_fidelity: RL4CO free-loss[warmstart] step 7810/7815: score=7.773488 (avg=7.806947), loss=0.020022 (avg=0.023676), pairs_step=6334, pairs_total=49395413
[2026-02-25 02:09:21,126] INFO:fitness.free_loss_fidelity: RL4CO free-loss[warmstart] step 7810/7815: score=7.773488 (avg=7.806947), loss=0.020022 (avg=0.023676), pairs_step=6334, pairs_total=49395413
[2026-02-25 02:09:43,511] INFO:fitness.free_loss_fidelity: RL4CO free-loss[warmstart] epoch 5/5: validation_objective=7.811757
[2026-02-25 02:09:43,511] INFO:fitness.free_loss_fidelity: RL4CO free-loss[warmstart] epoch 5/5: validation_objective=7.811757
