[2026-02-26 02:06:40,218] INFO:fitness.free_loss_fidelity: HF start gen=6 pair_index=70 device=cuda:0 g_id=g006_006_9fb5e15e f_id=f006_000_18eae9d8
[2026-02-26 02:06:40,218] INFO:fitness.free_loss_fidelity: HF start gen=6 pair_index=70 device=cuda:0 g_id=g006_006_9fb5e15e f_id=f006_000_18eae9d8
[2026-02-26 02:06:40,240] INFO:fitness.free_loss_fidelity: RL4CO free-loss phase=scratch: epochs=5 steps_f1=7815 steps_f2=0 total_steps=7815 (ckpt=none, device=cuda:0, env=tsp)
[2026-02-26 02:06:40,240] INFO:fitness.free_loss_fidelity: RL4CO free-loss phase=scratch: epochs=5 steps_f1=7815 steps_f2=0 total_steps=7815 (ckpt=none, device=cuda:0, env=tsp)
[2026-02-26 02:06:40,671] INFO:fitness.free_loss_fidelity: RL4CO free-loss[scratch] step 1/7815: score=50.776741 (avg=50.776741), loss=0.725672 (avg=0.725672), pairs_step=384, pairs_total=384
[2026-02-26 02:06:40,671] INFO:fitness.free_loss_fidelity: RL4CO free-loss[scratch] step 1/7815: score=50.776741 (avg=50.776741), loss=0.725672 (avg=0.725672), pairs_step=384, pairs_total=384
[2026-02-26 02:11:05,337] INFO:fitness.free_loss_fidelity: RL4CO free-loss[scratch] step 781/7815: score=37.269096 (avg=32.089920), loss=0.697493 (avg=0.698803), pairs_step=384, pairs_total=299904
[2026-02-26 02:11:05,337] INFO:fitness.free_loss_fidelity: RL4CO free-loss[scratch] step 781/7815: score=37.269096 (avg=32.089920), loss=0.697493 (avg=0.698803), pairs_step=384, pairs_total=299904
[2026-02-26 02:15:29,027] INFO:fitness.free_loss_fidelity: RL4CO free-loss[scratch] step 1562/7815: score=37.041557 (avg=34.803440), loss=0.697114 (avg=0.697836), pairs_step=384, pairs_total=599808
[2026-02-26 02:15:29,027] INFO:fitness.free_loss_fidelity: RL4CO free-loss[scratch] step 1562/7815: score=37.041557 (avg=34.803440), loss=0.697114 (avg=0.697836), pairs_step=384, pairs_total=599808
[2026-02-26 02:15:50,059] INFO:fitness.free_loss_fidelity: RL4CO free-loss[scratch] epoch 1/5: validation_objective=37.446436
[2026-02-26 02:15:50,059] INFO:fitness.free_loss_fidelity: RL4CO free-loss[scratch] epoch 1/5: validation_objective=37.446436
[2026-02-26 02:20:12,607] INFO:fitness.free_loss_fidelity: RL4CO free-loss[scratch] step 2343/7815: score=36.973610 (avg=35.628726), loss=0.695387 (avg=0.697093), pairs_step=384, pairs_total=899712
[2026-02-26 02:20:12,607] INFO:fitness.free_loss_fidelity: RL4CO free-loss[scratch] step 2343/7815: score=36.973610 (avg=35.628726), loss=0.695387 (avg=0.697093), pairs_step=384, pairs_total=899712
[2026-02-26 02:24:36,098] INFO:fitness.free_loss_fidelity: RL4CO free-loss[scratch] step 3124/7815: score=36.828979 (avg=35.855707), loss=0.695030 (avg=0.696711), pairs_step=384, pairs_total=1199616
[2026-02-26 02:24:36,098] INFO:fitness.free_loss_fidelity: RL4CO free-loss[scratch] step 3124/7815: score=36.828979 (avg=35.855707), loss=0.695030 (avg=0.696711), pairs_step=384, pairs_total=1199616
[2026-02-26 02:24:57,510] INFO:fitness.free_loss_fidelity: RL4CO free-loss[scratch] epoch 2/5: validation_objective=35.271521
[2026-02-26 02:24:57,510] INFO:fitness.free_loss_fidelity: RL4CO free-loss[scratch] epoch 2/5: validation_objective=35.271521
[2026-02-26 02:29:20,078] INFO:fitness.free_loss_fidelity: RL4CO free-loss[scratch] step 3905/7815: score=36.789360 (avg=36.054112), loss=0.695517 (avg=0.696486), pairs_step=384, pairs_total=1499520
[2026-02-26 02:29:20,078] INFO:fitness.free_loss_fidelity: RL4CO free-loss[scratch] step 3905/7815: score=36.789360 (avg=36.054112), loss=0.695517 (avg=0.696486), pairs_step=384, pairs_total=1499520
[2026-02-26 02:33:43,472] INFO:fitness.free_loss_fidelity: RL4CO free-loss[scratch] step 4686/7815: score=37.451981 (avg=36.257279), loss=0.695117 (avg=0.696335), pairs_step=384, pairs_total=1799424
[2026-02-26 02:33:43,472] INFO:fitness.free_loss_fidelity: RL4CO free-loss[scratch] step 4686/7815: score=37.451981 (avg=36.257279), loss=0.695117 (avg=0.696335), pairs_step=384, pairs_total=1799424
[2026-02-26 02:34:05,207] INFO:fitness.free_loss_fidelity: RL4CO free-loss[scratch] epoch 3/5: validation_objective=39.772433
[2026-02-26 02:34:05,207] INFO:fitness.free_loss_fidelity: RL4CO free-loss[scratch] epoch 3/5: validation_objective=39.772433
[2026-02-26 02:38:27,381] INFO:fitness.free_loss_fidelity: RL4CO free-loss[scratch] step 5467/7815: score=36.477802 (avg=36.316243), loss=0.695656 (avg=0.696226), pairs_step=384, pairs_total=2099328
[2026-02-26 02:38:27,381] INFO:fitness.free_loss_fidelity: RL4CO free-loss[scratch] step 5467/7815: score=36.477802 (avg=36.316243), loss=0.695656 (avg=0.696226), pairs_step=384, pairs_total=2099328
[2026-02-26 02:42:51,125] INFO:fitness.free_loss_fidelity: RL4CO free-loss[scratch] step 6248/7815: score=36.968094 (avg=36.366143), loss=0.695264 (avg=0.696142), pairs_step=384, pairs_total=2399232
[2026-02-26 02:42:51,125] INFO:fitness.free_loss_fidelity: RL4CO free-loss[scratch] step 6248/7815: score=36.968094 (avg=36.366143), loss=0.695264 (avg=0.696142), pairs_step=384, pairs_total=2399232
[2026-02-26 02:43:13,197] INFO:fitness.free_loss_fidelity: RL4CO free-loss[scratch] epoch 4/5: validation_objective=39.956130
[2026-02-26 02:43:13,197] INFO:fitness.free_loss_fidelity: RL4CO free-loss[scratch] epoch 4/5: validation_objective=39.956130
[2026-02-26 02:47:35,191] INFO:fitness.free_loss_fidelity: RL4CO free-loss[scratch] step 7029/7815: score=36.990753 (avg=36.418615), loss=0.695853 (avg=0.696080), pairs_step=384, pairs_total=2699136
[2026-02-26 02:47:35,191] INFO:fitness.free_loss_fidelity: RL4CO free-loss[scratch] step 7029/7815: score=36.990753 (avg=36.418615), loss=0.695853 (avg=0.696080), pairs_step=384, pairs_total=2699136
[2026-02-26 02:51:59,220] INFO:fitness.free_loss_fidelity: RL4CO free-loss[scratch] step 7810/7815: score=36.674377 (avg=36.454571), loss=0.696153 (avg=0.696027), pairs_step=384, pairs_total=2999040
[2026-02-26 02:51:59,220] INFO:fitness.free_loss_fidelity: RL4CO free-loss[scratch] step 7810/7815: score=36.674377 (avg=36.454571), loss=0.696153 (avg=0.696027), pairs_step=384, pairs_total=2999040
[2026-02-26 02:52:21,638] INFO:fitness.free_loss_fidelity: RL4CO free-loss[scratch] epoch 5/5: validation_objective=39.791730
[2026-02-26 02:52:21,638] INFO:fitness.free_loss_fidelity: RL4CO free-loss[scratch] epoch 5/5: validation_objective=39.791730
[2026-02-26 02:52:42,622] WARNING:fitness.free_loss_fidelity: weights_only checkpoint load failed (UnpicklingError); retrying weights_only=False for /data1/gushengda/eam-rl4co/baseline/epoch_409.ckpt
[2026-02-26 02:52:42,622] WARNING:fitness.free_loss_fidelity: weights_only checkpoint load failed (UnpicklingError); retrying weights_only=False for /data1/gushengda/eam-rl4co/baseline/epoch_409.ckpt
[2026-02-26 02:52:42,659] INFO:fitness.free_loss_fidelity: Loaded init checkpoint into policy: path=/data1/gushengda/eam-rl4co/baseline/epoch_409.ckpt prefix=policy. matched=97 missing=0 unexpected=0
[2026-02-26 02:52:42,659] INFO:fitness.free_loss_fidelity: Loaded init checkpoint into policy: path=/data1/gushengda/eam-rl4co/baseline/epoch_409.ckpt prefix=policy. matched=97 missing=0 unexpected=0
[2026-02-26 02:52:42,664] INFO:fitness.free_loss_fidelity: RL4CO free-loss phase=warmstart: epochs=5 steps_f1=7815 steps_f2=0 total_steps=7815 (ckpt=/data1/gushengda/eam-rl4co/baseline/epoch_409.ckpt, device=cuda:0, env=tsp)
[2026-02-26 02:52:42,664] INFO:fitness.free_loss_fidelity: RL4CO free-loss phase=warmstart: epochs=5 steps_f1=7815 steps_f2=0 total_steps=7815 (ckpt=/data1/gushengda/eam-rl4co/baseline/epoch_409.ckpt, device=cuda:0, env=tsp)
[2026-02-26 02:52:43,080] INFO:fitness.free_loss_fidelity: RL4CO free-loss[warmstart] step 1/7815: score=7.827631 (avg=7.827631), loss=0.642661 (avg=0.642661), pairs_step=384, pairs_total=384
[2026-02-26 02:52:43,080] INFO:fitness.free_loss_fidelity: RL4CO free-loss[warmstart] step 1/7815: score=7.827631 (avg=7.827631), loss=0.642661 (avg=0.642661), pairs_step=384, pairs_total=384
[2026-02-26 02:57:28,029] INFO:fitness.free_loss_fidelity: RL4CO free-loss[warmstart] step 781/7815: score=8.099919 (avg=7.993271), loss=0.710119 (avg=0.713365), pairs_step=384, pairs_total=299904
[2026-02-26 02:57:28,029] INFO:fitness.free_loss_fidelity: RL4CO free-loss[warmstart] step 781/7815: score=8.099919 (avg=7.993271), loss=0.710119 (avg=0.713365), pairs_step=384, pairs_total=299904
[2026-02-26 03:01:52,519] INFO:fitness.free_loss_fidelity: RL4CO free-loss[warmstart] step 1562/7815: score=8.144211 (avg=8.024675), loss=0.731437 (avg=0.713917), pairs_step=384, pairs_total=599808
[2026-02-26 03:01:52,519] INFO:fitness.free_loss_fidelity: RL4CO free-loss[warmstart] step 1562/7815: score=8.144211 (avg=8.024675), loss=0.731437 (avg=0.713917), pairs_step=384, pairs_total=599808
[2026-02-26 03:02:13,544] INFO:fitness.free_loss_fidelity: RL4CO free-loss[warmstart] epoch 1/5: validation_objective=8.011861
[2026-02-26 03:02:13,544] INFO:fitness.free_loss_fidelity: RL4CO free-loss[warmstart] epoch 1/5: validation_objective=8.011861
[2026-02-26 03:06:37,761] INFO:fitness.free_loss_fidelity: RL4CO free-loss[warmstart] step 2343/7815: score=8.117175 (avg=8.032156), loss=0.708448 (avg=0.710571), pairs_step=384, pairs_total=899712
[2026-02-26 03:06:37,761] INFO:fitness.free_loss_fidelity: RL4CO free-loss[warmstart] step 2343/7815: score=8.117175 (avg=8.032156), loss=0.708448 (avg=0.710571), pairs_step=384, pairs_total=899712
[2026-02-26 03:11:02,475] INFO:fitness.free_loss_fidelity: RL4CO free-loss[warmstart] step 3124/7815: score=8.065090 (avg=8.038575), loss=0.688014 (avg=0.707029), pairs_step=384, pairs_total=1199616
[2026-02-26 03:11:02,475] INFO:fitness.free_loss_fidelity: RL4CO free-loss[warmstart] step 3124/7815: score=8.065090 (avg=8.038575), loss=0.688014 (avg=0.707029), pairs_step=384, pairs_total=1199616
[2026-02-26 03:11:23,906] INFO:fitness.free_loss_fidelity: RL4CO free-loss[warmstart] epoch 2/5: validation_objective=7.950239
[2026-02-26 03:11:23,906] INFO:fitness.free_loss_fidelity: RL4CO free-loss[warmstart] epoch 2/5: validation_objective=7.950239
[2026-02-26 03:15:49,352] INFO:fitness.free_loss_fidelity: RL4CO free-loss[warmstart] step 3905/7815: score=7.996741 (avg=8.040434), loss=0.712132 (avg=0.704836), pairs_step=384, pairs_total=1499520
[2026-02-26 03:15:49,352] INFO:fitness.free_loss_fidelity: RL4CO free-loss[warmstart] step 3905/7815: score=7.996741 (avg=8.040434), loss=0.712132 (avg=0.704836), pairs_step=384, pairs_total=1499520
[2026-02-26 03:20:16,254] INFO:fitness.free_loss_fidelity: RL4CO free-loss[warmstart] step 4686/7815: score=8.090354 (avg=8.045210), loss=0.698691 (avg=0.702928), pairs_step=384, pairs_total=1799424
[2026-02-26 03:20:16,254] INFO:fitness.free_loss_fidelity: RL4CO free-loss[warmstart] step 4686/7815: score=8.090354 (avg=8.045210), loss=0.698691 (avg=0.702928), pairs_step=384, pairs_total=1799424
[2026-02-26 03:20:38,090] INFO:fitness.free_loss_fidelity: RL4CO free-loss[warmstart] epoch 3/5: validation_objective=7.952478
[2026-02-26 03:20:38,090] INFO:fitness.free_loss_fidelity: RL4CO free-loss[warmstart] epoch 3/5: validation_objective=7.952478
[2026-02-26 03:25:03,699] INFO:fitness.free_loss_fidelity: RL4CO free-loss[warmstart] step 5467/7815: score=8.072552 (avg=8.050370), loss=0.692739 (avg=0.701016), pairs_step=384, pairs_total=2099328
[2026-02-26 03:25:03,699] INFO:fitness.free_loss_fidelity: RL4CO free-loss[warmstart] step 5467/7815: score=8.072552 (avg=8.050370), loss=0.692739 (avg=0.701016), pairs_step=384, pairs_total=2099328
[2026-02-26 03:29:30,799] INFO:fitness.free_loss_fidelity: RL4CO free-loss[warmstart] step 6248/7815: score=8.132815 (avg=8.054934), loss=0.694927 (avg=0.699763), pairs_step=384, pairs_total=2399232
[2026-02-26 03:29:30,799] INFO:fitness.free_loss_fidelity: RL4CO free-loss[warmstart] step 6248/7815: score=8.132815 (avg=8.054934), loss=0.694927 (avg=0.699763), pairs_step=384, pairs_total=2399232
[2026-02-26 03:29:52,981] INFO:fitness.free_loss_fidelity: RL4CO free-loss[warmstart] epoch 4/5: validation_objective=7.946994
[2026-02-26 03:29:52,981] INFO:fitness.free_loss_fidelity: RL4CO free-loss[warmstart] epoch 4/5: validation_objective=7.946994
[2026-02-26 03:34:18,147] INFO:fitness.free_loss_fidelity: RL4CO free-loss[warmstart] step 7029/7815: score=8.141079 (avg=8.057796), loss=0.726868 (avg=0.698484), pairs_step=384, pairs_total=2699136
[2026-02-26 03:34:18,147] INFO:fitness.free_loss_fidelity: RL4CO free-loss[warmstart] step 7029/7815: score=8.141079 (avg=8.057796), loss=0.726868 (avg=0.698484), pairs_step=384, pairs_total=2699136
[2026-02-26 03:38:45,123] INFO:fitness.free_loss_fidelity: RL4CO free-loss[warmstart] step 7810/7815: score=8.058105 (avg=8.061853), loss=0.723067 (avg=0.697645), pairs_step=384, pairs_total=2999040
[2026-02-26 03:38:45,123] INFO:fitness.free_loss_fidelity: RL4CO free-loss[warmstart] step 7810/7815: score=8.058105 (avg=8.061853), loss=0.723067 (avg=0.697645), pairs_step=384, pairs_total=2999040
[2026-02-26 03:39:07,642] INFO:fitness.free_loss_fidelity: RL4CO free-loss[warmstart] epoch 5/5: validation_objective=7.947558
[2026-02-26 03:39:07,642] INFO:fitness.free_loss_fidelity: RL4CO free-loss[warmstart] epoch 5/5: validation_objective=7.947558
