[2026-02-26 08:41:13,994] INFO:fitness.free_loss_fidelity: HF start gen=8 pair_index=40 device=cuda:1 g_id=g008_002_533814b2 f_id=f008_000_91a5e5c5
[2026-02-26 08:41:13,994] INFO:fitness.free_loss_fidelity: HF start gen=8 pair_index=40 device=cuda:1 g_id=g008_002_533814b2 f_id=f008_000_91a5e5c5
[2026-02-26 08:41:19,663] INFO:fitness.free_loss_fidelity: RL4CO free-loss phase=scratch: epochs=5 steps_f1=7815 steps_f2=0 total_steps=7815 (ckpt=none, device=cuda:1, env=tsp)
[2026-02-26 08:41:19,663] INFO:fitness.free_loss_fidelity: RL4CO free-loss phase=scratch: epochs=5 steps_f1=7815 steps_f2=0 total_steps=7815 (ckpt=none, device=cuda:1, env=tsp)
[2026-02-26 08:41:20,526] INFO:fitness.free_loss_fidelity: RL4CO free-loss[scratch] step 1/7815: score=50.776741 (avg=50.776741), loss=0.667890 (avg=0.667890), pairs_step=512, pairs_total=512
[2026-02-26 08:41:20,526] INFO:fitness.free_loss_fidelity: RL4CO free-loss[scratch] step 1/7815: score=50.776741 (avg=50.776741), loss=0.667890 (avg=0.667890), pairs_step=512, pairs_total=512
[2026-02-26 08:45:46,317] INFO:fitness.free_loss_fidelity: RL4CO free-loss[scratch] step 781/7815: score=9.718019 (avg=10.175833), loss=0.246751 (avg=0.505104), pairs_step=512, pairs_total=399872
[2026-02-26 08:45:46,317] INFO:fitness.free_loss_fidelity: RL4CO free-loss[scratch] step 781/7815: score=9.718019 (avg=10.175833), loss=0.246751 (avg=0.505104), pairs_step=512, pairs_total=399872
[2026-02-26 08:50:08,331] INFO:fitness.free_loss_fidelity: RL4CO free-loss[scratch] step 1562/7815: score=9.015341 (avg=10.086876), loss=0.258639 (avg=0.449327), pairs_step=512, pairs_total=799744
[2026-02-26 08:50:08,331] INFO:fitness.free_loss_fidelity: RL4CO free-loss[scratch] step 1562/7815: score=9.015341 (avg=10.086876), loss=0.258639 (avg=0.449327), pairs_step=512, pairs_total=799744
[2026-02-26 08:50:29,829] INFO:fitness.free_loss_fidelity: RL4CO free-loss[scratch] epoch 1/5: validation_objective=10.015595
[2026-02-26 08:50:29,829] INFO:fitness.free_loss_fidelity: RL4CO free-loss[scratch] epoch 1/5: validation_objective=10.015595
[2026-02-26 08:54:57,932] INFO:fitness.free_loss_fidelity: RL4CO free-loss[scratch] step 2343/7815: score=9.973369 (avg=10.181622), loss=0.270139 (avg=0.397449), pairs_step=512, pairs_total=1199616
[2026-02-26 08:54:57,932] INFO:fitness.free_loss_fidelity: RL4CO free-loss[scratch] step 2343/7815: score=9.973369 (avg=10.181622), loss=0.270139 (avg=0.397449), pairs_step=512, pairs_total=1199616
[2026-02-26 08:59:27,147] INFO:fitness.free_loss_fidelity: RL4CO free-loss[scratch] step 3124/7815: score=9.144688 (avg=9.946232), loss=0.143244 (avg=0.371484), pairs_step=512, pairs_total=1599488
[2026-02-26 08:59:27,147] INFO:fitness.free_loss_fidelity: RL4CO free-loss[scratch] step 3124/7815: score=9.144688 (avg=9.946232), loss=0.143244 (avg=0.371484), pairs_step=512, pairs_total=1599488
[2026-02-26 08:59:49,064] INFO:fitness.free_loss_fidelity: RL4CO free-loss[scratch] epoch 2/5: validation_objective=9.712216
[2026-02-26 08:59:49,064] INFO:fitness.free_loss_fidelity: RL4CO free-loss[scratch] epoch 2/5: validation_objective=9.712216
[2026-02-26 09:04:30,674] INFO:fitness.free_loss_fidelity: RL4CO free-loss[scratch] step 3905/7815: score=9.037821 (avg=9.920114), loss=0.316381 (avg=0.363084), pairs_step=512, pairs_total=1999360
[2026-02-26 09:04:30,674] INFO:fitness.free_loss_fidelity: RL4CO free-loss[scratch] step 3905/7815: score=9.037821 (avg=9.920114), loss=0.316381 (avg=0.363084), pairs_step=512, pairs_total=1999360
[2026-02-26 09:09:01,211] INFO:fitness.free_loss_fidelity: RL4CO free-loss[scratch] step 4686/7815: score=8.715874 (avg=9.829382), loss=0.608294 (avg=0.346731), pairs_step=512, pairs_total=2399232
[2026-02-26 09:09:01,211] INFO:fitness.free_loss_fidelity: RL4CO free-loss[scratch] step 4686/7815: score=8.715874 (avg=9.829382), loss=0.608294 (avg=0.346731), pairs_step=512, pairs_total=2399232
[2026-02-26 09:09:23,415] INFO:fitness.free_loss_fidelity: RL4CO free-loss[scratch] epoch 3/5: validation_objective=8.676995
[2026-02-26 09:09:23,415] INFO:fitness.free_loss_fidelity: RL4CO free-loss[scratch] epoch 3/5: validation_objective=8.676995
[2026-02-26 09:14:03,909] INFO:fitness.free_loss_fidelity: RL4CO free-loss[scratch] step 5467/7815: score=8.838258 (avg=9.747160), loss=0.260725 (avg=0.334717), pairs_step=512, pairs_total=2799104
[2026-02-26 09:14:03,909] INFO:fitness.free_loss_fidelity: RL4CO free-loss[scratch] step 5467/7815: score=8.838258 (avg=9.747160), loss=0.260725 (avg=0.334717), pairs_step=512, pairs_total=2799104
[2026-02-26 09:18:31,574] INFO:fitness.free_loss_fidelity: RL4CO free-loss[scratch] step 6248/7815: score=10.962291 (avg=9.717379), loss=0.171200 (avg=0.322128), pairs_step=512, pairs_total=3198976
[2026-02-26 09:18:31,574] INFO:fitness.free_loss_fidelity: RL4CO free-loss[scratch] step 6248/7815: score=10.962291 (avg=9.717379), loss=0.171200 (avg=0.322128), pairs_step=512, pairs_total=3198976
[2026-02-26 09:18:54,029] INFO:fitness.free_loss_fidelity: RL4CO free-loss[scratch] epoch 4/5: validation_objective=10.513700
[2026-02-26 09:18:54,029] INFO:fitness.free_loss_fidelity: RL4CO free-loss[scratch] epoch 4/5: validation_objective=10.513700
[2026-02-26 09:23:13,487] INFO:fitness.free_loss_fidelity: RL4CO free-loss[scratch] step 7029/7815: score=9.333219 (avg=9.713664), loss=0.127026 (avg=0.314594), pairs_step=512, pairs_total=3598848
[2026-02-26 09:23:13,487] INFO:fitness.free_loss_fidelity: RL4CO free-loss[scratch] step 7029/7815: score=9.333219 (avg=9.713664), loss=0.127026 (avg=0.314594), pairs_step=512, pairs_total=3598848
[2026-02-26 09:27:35,543] INFO:fitness.free_loss_fidelity: RL4CO free-loss[scratch] step 7810/7815: score=9.023544 (avg=9.659321), loss=0.114920 (avg=0.305910), pairs_step=512, pairs_total=3998720
[2026-02-26 09:27:35,543] INFO:fitness.free_loss_fidelity: RL4CO free-loss[scratch] step 7810/7815: score=9.023544 (avg=9.659321), loss=0.114920 (avg=0.305910), pairs_step=512, pairs_total=3998720
[2026-02-26 09:27:58,417] INFO:fitness.free_loss_fidelity: RL4CO free-loss[scratch] epoch 5/5: validation_objective=8.725815
[2026-02-26 09:27:58,417] INFO:fitness.free_loss_fidelity: RL4CO free-loss[scratch] epoch 5/5: validation_objective=8.725815
[2026-02-26 09:28:20,028] WARNING:fitness.free_loss_fidelity: weights_only checkpoint load failed (UnpicklingError); retrying weights_only=False for /data1/gushengda/eam-rl4co/baseline/epoch_409.ckpt
[2026-02-26 09:28:20,028] WARNING:fitness.free_loss_fidelity: weights_only checkpoint load failed (UnpicklingError); retrying weights_only=False for /data1/gushengda/eam-rl4co/baseline/epoch_409.ckpt
[2026-02-26 09:28:20,072] INFO:fitness.free_loss_fidelity: Loaded init checkpoint into policy: path=/data1/gushengda/eam-rl4co/baseline/epoch_409.ckpt prefix=policy. matched=97 missing=0 unexpected=0
[2026-02-26 09:28:20,072] INFO:fitness.free_loss_fidelity: Loaded init checkpoint into policy: path=/data1/gushengda/eam-rl4co/baseline/epoch_409.ckpt prefix=policy. matched=97 missing=0 unexpected=0
[2026-02-26 09:28:20,077] INFO:fitness.free_loss_fidelity: RL4CO free-loss phase=warmstart: epochs=5 steps_f1=7815 steps_f2=0 total_steps=7815 (ckpt=/data1/gushengda/eam-rl4co/baseline/epoch_409.ckpt, device=cuda:1, env=tsp)
[2026-02-26 09:28:20,077] INFO:fitness.free_loss_fidelity: RL4CO free-loss phase=warmstart: epochs=5 steps_f1=7815 steps_f2=0 total_steps=7815 (ckpt=/data1/gushengda/eam-rl4co/baseline/epoch_409.ckpt, device=cuda:1, env=tsp)
[2026-02-26 09:28:20,501] INFO:fitness.free_loss_fidelity: RL4CO free-loss[warmstart] step 1/7815: score=7.827631 (avg=7.827631), loss=0.700917 (avg=0.700917), pairs_step=512, pairs_total=512
[2026-02-26 09:28:20,501] INFO:fitness.free_loss_fidelity: RL4CO free-loss[warmstart] step 1/7815: score=7.827631 (avg=7.827631), loss=0.700917 (avg=0.700917), pairs_step=512, pairs_total=512
[2026-02-26 09:33:08,690] INFO:fitness.free_loss_fidelity: RL4CO free-loss[warmstart] step 781/7815: score=7.833511 (avg=7.833685), loss=0.698593 (avg=0.688488), pairs_step=512, pairs_total=399872
[2026-02-26 09:33:08,690] INFO:fitness.free_loss_fidelity: RL4CO free-loss[warmstart] step 781/7815: score=7.833511 (avg=7.833685), loss=0.698593 (avg=0.688488), pairs_step=512, pairs_total=399872
[2026-02-26 09:37:41,678] INFO:fitness.free_loss_fidelity: RL4CO free-loss[warmstart] step 1562/7815: score=7.920068 (avg=7.841026), loss=0.659819 (avg=0.682561), pairs_step=512, pairs_total=799744
[2026-02-26 09:37:41,678] INFO:fitness.free_loss_fidelity: RL4CO free-loss[warmstart] step 1562/7815: score=7.920068 (avg=7.841026), loss=0.659819 (avg=0.682561), pairs_step=512, pairs_total=799744
[2026-02-26 09:38:03,064] INFO:fitness.free_loss_fidelity: RL4CO free-loss[warmstart] epoch 1/5: validation_objective=7.840738
[2026-02-26 09:38:03,064] INFO:fitness.free_loss_fidelity: RL4CO free-loss[warmstart] epoch 1/5: validation_objective=7.840738
[2026-02-26 09:42:23,383] INFO:fitness.free_loss_fidelity: RL4CO free-loss[warmstart] step 2343/7815: score=7.878555 (avg=7.845148), loss=0.654304 (avg=0.678131), pairs_step=512, pairs_total=1199616
[2026-02-26 09:42:23,383] INFO:fitness.free_loss_fidelity: RL4CO free-loss[warmstart] step 2343/7815: score=7.878555 (avg=7.845148), loss=0.654304 (avg=0.678131), pairs_step=512, pairs_total=1199616
[2026-02-26 09:46:45,467] INFO:fitness.free_loss_fidelity: RL4CO free-loss[warmstart] step 3124/7815: score=7.890054 (avg=7.848639), loss=0.652023 (avg=0.675204), pairs_step=512, pairs_total=1599488
[2026-02-26 09:46:45,467] INFO:fitness.free_loss_fidelity: RL4CO free-loss[warmstart] step 3124/7815: score=7.890054 (avg=7.848639), loss=0.652023 (avg=0.675204), pairs_step=512, pairs_total=1599488
[2026-02-26 09:47:07,379] INFO:fitness.free_loss_fidelity: RL4CO free-loss[warmstart] epoch 2/5: validation_objective=7.859897
[2026-02-26 09:47:07,379] INFO:fitness.free_loss_fidelity: RL4CO free-loss[warmstart] epoch 2/5: validation_objective=7.859897
