[2026-02-26 08:41:13,999] INFO:fitness.free_loss_fidelity: HF start gen=8 pair_index=61 device=cuda:3 g_id=g008_010_37df40e6 f_id=f003_006_108914af
[2026-02-26 08:41:13,999] INFO:fitness.free_loss_fidelity: HF start gen=8 pair_index=61 device=cuda:3 g_id=g008_010_37df40e6 f_id=f003_006_108914af
[2026-02-26 08:41:20,121] INFO:fitness.free_loss_fidelity: RL4CO free-loss phase=scratch: epochs=5 steps_f1=7815 steps_f2=0 total_steps=7815 (ckpt=none, device=cuda:3, env=tsp)
[2026-02-26 08:41:20,121] INFO:fitness.free_loss_fidelity: RL4CO free-loss phase=scratch: epochs=5 steps_f1=7815 steps_f2=0 total_steps=7815 (ckpt=none, device=cuda:3, env=tsp)
[2026-02-26 08:41:20,801] INFO:fitness.free_loss_fidelity: RL4CO free-loss[scratch] step 1/7815: score=50.776741 (avg=50.776741), loss=0.720674 (avg=0.720674), pairs_step=500, pairs_total=500
[2026-02-26 08:41:20,801] INFO:fitness.free_loss_fidelity: RL4CO free-loss[scratch] step 1/7815: score=50.776741 (avg=50.776741), loss=0.720674 (avg=0.720674), pairs_step=500, pairs_total=500
[2026-02-26 08:45:28,551] INFO:fitness.free_loss_fidelity: RL4CO free-loss[scratch] step 781/7815: score=8.469361 (avg=8.985456), loss=0.638119 (avg=0.610525), pairs_step=500, pairs_total=390500
[2026-02-26 08:45:28,551] INFO:fitness.free_loss_fidelity: RL4CO free-loss[scratch] step 781/7815: score=8.469361 (avg=8.985456), loss=0.638119 (avg=0.610525), pairs_step=500, pairs_total=390500
[2026-02-26 08:49:44,911] INFO:fitness.free_loss_fidelity: RL4CO free-loss[scratch] step 1562/7815: score=8.371390 (avg=8.700621), loss=0.628321 (avg=0.616493), pairs_step=500, pairs_total=781000
[2026-02-26 08:49:44,911] INFO:fitness.free_loss_fidelity: RL4CO free-loss[scratch] step 1562/7815: score=8.371390 (avg=8.700621), loss=0.628321 (avg=0.616493), pairs_step=500, pairs_total=781000
[2026-02-26 08:50:05,993] INFO:fitness.free_loss_fidelity: RL4CO free-loss[scratch] epoch 1/5: validation_objective=8.167096
[2026-02-26 08:50:05,993] INFO:fitness.free_loss_fidelity: RL4CO free-loss[scratch] epoch 1/5: validation_objective=8.167096
[2026-02-26 08:54:22,064] INFO:fitness.free_loss_fidelity: RL4CO free-loss[scratch] step 2343/7815: score=8.376469 (avg=8.578231), loss=0.625355 (avg=0.620102), pairs_step=500, pairs_total=1171500
[2026-02-26 08:54:22,064] INFO:fitness.free_loss_fidelity: RL4CO free-loss[scratch] step 2343/7815: score=8.376469 (avg=8.578231), loss=0.625355 (avg=0.620102), pairs_step=500, pairs_total=1171500
[2026-02-26 08:58:31,935] INFO:fitness.free_loss_fidelity: RL4CO free-loss[scratch] step 3124/7815: score=8.272230 (avg=8.503492), loss=0.627170 (avg=0.622968), pairs_step=500, pairs_total=1562000
[2026-02-26 08:58:31,935] INFO:fitness.free_loss_fidelity: RL4CO free-loss[scratch] step 3124/7815: score=8.272230 (avg=8.503492), loss=0.627170 (avg=0.622968), pairs_step=500, pairs_total=1562000
[2026-02-26 08:58:53,307] INFO:fitness.free_loss_fidelity: RL4CO free-loss[scratch] epoch 2/5: validation_objective=8.152270
[2026-02-26 08:58:53,307] INFO:fitness.free_loss_fidelity: RL4CO free-loss[scratch] epoch 2/5: validation_objective=8.152270
[2026-02-26 09:02:56,257] INFO:fitness.free_loss_fidelity: RL4CO free-loss[scratch] step 3905/7815: score=8.272433 (avg=8.452880), loss=0.615533 (avg=0.625273), pairs_step=500, pairs_total=1952500
[2026-02-26 09:02:56,257] INFO:fitness.free_loss_fidelity: RL4CO free-loss[scratch] step 3905/7815: score=8.272433 (avg=8.452880), loss=0.615533 (avg=0.625273), pairs_step=500, pairs_total=1952500
[2026-02-26 09:06:59,884] INFO:fitness.free_loss_fidelity: RL4CO free-loss[scratch] step 4686/7815: score=8.159426 (avg=8.416041), loss=0.631302 (avg=0.627289), pairs_step=500, pairs_total=2343000
[2026-02-26 09:06:59,884] INFO:fitness.free_loss_fidelity: RL4CO free-loss[scratch] step 4686/7815: score=8.159426 (avg=8.416041), loss=0.631302 (avg=0.627289), pairs_step=500, pairs_total=2343000
[2026-02-26 09:07:21,540] INFO:fitness.free_loss_fidelity: RL4CO free-loss[scratch] epoch 3/5: validation_objective=8.125006
[2026-02-26 09:07:21,540] INFO:fitness.free_loss_fidelity: RL4CO free-loss[scratch] epoch 3/5: validation_objective=8.125006
[2026-02-26 09:11:24,132] INFO:fitness.free_loss_fidelity: RL4CO free-loss[scratch] step 5467/7815: score=8.192920 (avg=8.386469), loss=0.640392 (avg=0.629117), pairs_step=500, pairs_total=2733500
[2026-02-26 09:11:24,132] INFO:fitness.free_loss_fidelity: RL4CO free-loss[scratch] step 5467/7815: score=8.192920 (avg=8.386469), loss=0.640392 (avg=0.629117), pairs_step=500, pairs_total=2733500
[2026-02-26 09:15:27,617] INFO:fitness.free_loss_fidelity: RL4CO free-loss[scratch] step 6248/7815: score=8.171463 (avg=8.361463), loss=0.642835 (avg=0.630888), pairs_step=500, pairs_total=3124000
[2026-02-26 09:15:27,617] INFO:fitness.free_loss_fidelity: RL4CO free-loss[scratch] step 6248/7815: score=8.171463 (avg=8.361463), loss=0.642835 (avg=0.630888), pairs_step=500, pairs_total=3124000
[2026-02-26 09:15:49,619] INFO:fitness.free_loss_fidelity: RL4CO free-loss[scratch] epoch 4/5: validation_objective=8.097344
[2026-02-26 09:15:49,619] INFO:fitness.free_loss_fidelity: RL4CO free-loss[scratch] epoch 4/5: validation_objective=8.097344
[2026-02-26 09:19:51,859] INFO:fitness.free_loss_fidelity: RL4CO free-loss[scratch] step 7029/7815: score=8.092886 (avg=8.340269), loss=0.645258 (avg=0.632571), pairs_step=500, pairs_total=3514500
[2026-02-26 09:19:51,859] INFO:fitness.free_loss_fidelity: RL4CO free-loss[scratch] step 7029/7815: score=8.092886 (avg=8.340269), loss=0.645258 (avg=0.632571), pairs_step=500, pairs_total=3514500
[2026-02-26 09:23:55,213] INFO:fitness.free_loss_fidelity: RL4CO free-loss[scratch] step 7810/7815: score=8.142337 (avg=8.322456), loss=0.646247 (avg=0.634263), pairs_step=500, pairs_total=3905000
[2026-02-26 09:23:55,213] INFO:fitness.free_loss_fidelity: RL4CO free-loss[scratch] step 7810/7815: score=8.142337 (avg=8.322456), loss=0.646247 (avg=0.634263), pairs_step=500, pairs_total=3905000
[2026-02-26 09:24:17,524] INFO:fitness.free_loss_fidelity: RL4CO free-loss[scratch] epoch 5/5: validation_objective=8.105961
[2026-02-26 09:24:17,524] INFO:fitness.free_loss_fidelity: RL4CO free-loss[scratch] epoch 5/5: validation_objective=8.105961
[2026-02-26 09:24:38,636] WARNING:fitness.free_loss_fidelity: weights_only checkpoint load failed (UnpicklingError); retrying weights_only=False for /data1/gushengda/eam-rl4co/baseline/epoch_409.ckpt
[2026-02-26 09:24:38,636] WARNING:fitness.free_loss_fidelity: weights_only checkpoint load failed (UnpicklingError); retrying weights_only=False for /data1/gushengda/eam-rl4co/baseline/epoch_409.ckpt
[2026-02-26 09:24:38,683] INFO:fitness.free_loss_fidelity: Loaded init checkpoint into policy: path=/data1/gushengda/eam-rl4co/baseline/epoch_409.ckpt prefix=policy. matched=97 missing=0 unexpected=0
[2026-02-26 09:24:38,683] INFO:fitness.free_loss_fidelity: Loaded init checkpoint into policy: path=/data1/gushengda/eam-rl4co/baseline/epoch_409.ckpt prefix=policy. matched=97 missing=0 unexpected=0
[2026-02-26 09:24:38,687] INFO:fitness.free_loss_fidelity: RL4CO free-loss phase=warmstart: epochs=5 steps_f1=7815 steps_f2=0 total_steps=7815 (ckpt=/data1/gushengda/eam-rl4co/baseline/epoch_409.ckpt, device=cuda:3, env=tsp)
[2026-02-26 09:24:38,687] INFO:fitness.free_loss_fidelity: RL4CO free-loss phase=warmstart: epochs=5 steps_f1=7815 steps_f2=0 total_steps=7815 (ckpt=/data1/gushengda/eam-rl4co/baseline/epoch_409.ckpt, device=cuda:3, env=tsp)
[2026-02-26 09:24:39,081] INFO:fitness.free_loss_fidelity: RL4CO free-loss[warmstart] step 1/7815: score=7.827631 (avg=7.827631), loss=0.212150 (avg=0.212150), pairs_step=500, pairs_total=500
[2026-02-26 09:24:39,081] INFO:fitness.free_loss_fidelity: RL4CO free-loss[warmstart] step 1/7815: score=7.827631 (avg=7.827631), loss=0.212150 (avg=0.212150), pairs_step=500, pairs_total=500
[2026-02-26 09:29:02,962] INFO:fitness.free_loss_fidelity: RL4CO free-loss[warmstart] step 781/7815: score=7.885096 (avg=7.859937), loss=0.239506 (avg=0.216848), pairs_step=500, pairs_total=390500
[2026-02-26 09:29:02,962] INFO:fitness.free_loss_fidelity: RL4CO free-loss[warmstart] step 781/7815: score=7.885096 (avg=7.859937), loss=0.239506 (avg=0.216848), pairs_step=500, pairs_total=390500
[2026-02-26 09:33:05,874] INFO:fitness.free_loss_fidelity: RL4CO free-loss[warmstart] step 1562/7815: score=7.934654 (avg=7.864358), loss=0.199125 (avg=0.222328), pairs_step=500, pairs_total=781000
[2026-02-26 09:33:05,874] INFO:fitness.free_loss_fidelity: RL4CO free-loss[warmstart] step 1562/7815: score=7.934654 (avg=7.864358), loss=0.199125 (avg=0.222328), pairs_step=500, pairs_total=781000
[2026-02-26 09:33:26,960] INFO:fitness.free_loss_fidelity: RL4CO free-loss[warmstart] epoch 1/5: validation_objective=7.853656
[2026-02-26 09:33:26,960] INFO:fitness.free_loss_fidelity: RL4CO free-loss[warmstart] epoch 1/5: validation_objective=7.853656
[2026-02-26 09:37:29,787] INFO:fitness.free_loss_fidelity: RL4CO free-loss[warmstart] step 2343/7815: score=7.885596 (avg=7.866170), loss=0.217148 (avg=0.220386), pairs_step=500, pairs_total=1171500
[2026-02-26 09:37:29,787] INFO:fitness.free_loss_fidelity: RL4CO free-loss[warmstart] step 2343/7815: score=7.885596 (avg=7.866170), loss=0.217148 (avg=0.220386), pairs_step=500, pairs_total=1171500
[2026-02-26 09:41:32,901] INFO:fitness.free_loss_fidelity: RL4CO free-loss[warmstart] step 3124/7815: score=7.923852 (avg=7.868734), loss=0.205893 (avg=0.217880), pairs_step=500, pairs_total=1562000
[2026-02-26 09:41:32,901] INFO:fitness.free_loss_fidelity: RL4CO free-loss[warmstart] step 3124/7815: score=7.923852 (avg=7.868734), loss=0.205893 (avg=0.217880), pairs_step=500, pairs_total=1562000
[2026-02-26 09:41:54,289] INFO:fitness.free_loss_fidelity: RL4CO free-loss[warmstart] epoch 2/5: validation_objective=7.890147
[2026-02-26 09:41:54,289] INFO:fitness.free_loss_fidelity: RL4CO free-loss[warmstart] epoch 2/5: validation_objective=7.890147
[2026-02-26 09:45:57,314] INFO:fitness.free_loss_fidelity: RL4CO free-loss[warmstart] step 3905/7815: score=7.861180 (avg=7.870332), loss=0.240211 (avg=0.219625), pairs_step=500, pairs_total=1952500
[2026-02-26 09:45:57,314] INFO:fitness.free_loss_fidelity: RL4CO free-loss[warmstart] step 3905/7815: score=7.861180 (avg=7.870332), loss=0.240211 (avg=0.219625), pairs_step=500, pairs_total=1952500
[2026-02-26 09:50:02,265] INFO:fitness.free_loss_fidelity: RL4CO free-loss[warmstart] step 4686/7815: score=7.903379 (avg=7.869838), loss=0.229643 (avg=0.221252), pairs_step=500, pairs_total=2343000
[2026-02-26 09:50:02,265] INFO:fitness.free_loss_fidelity: RL4CO free-loss[warmstart] step 4686/7815: score=7.903379 (avg=7.869838), loss=0.229643 (avg=0.221252), pairs_step=500, pairs_total=2343000
[2026-02-26 09:50:24,083] INFO:fitness.free_loss_fidelity: RL4CO free-loss[warmstart] epoch 3/5: validation_objective=7.889056
[2026-02-26 09:50:24,083] INFO:fitness.free_loss_fidelity: RL4CO free-loss[warmstart] epoch 3/5: validation_objective=7.889056
