[2026-02-25 12:32:01,234] INFO:fitness.free_loss_fidelity: HF start gen=4 pair_index=99 device=cuda:3 g_id=g004_008_574fa673 f_id=f004_007_4aa37e84
[2026-02-25 12:32:01,234] INFO:fitness.free_loss_fidelity: HF start gen=4 pair_index=99 device=cuda:3 g_id=g004_008_574fa673 f_id=f004_007_4aa37e84
[2026-02-25 12:32:07,323] INFO:fitness.free_loss_fidelity: RL4CO free-loss phase=scratch: epochs=5 steps_f1=7815 steps_f2=0 total_steps=7815 (ckpt=none, device=cuda:3, env=tsp)
[2026-02-25 12:32:07,323] INFO:fitness.free_loss_fidelity: RL4CO free-loss phase=scratch: epochs=5 steps_f1=7815 steps_f2=0 total_steps=7815 (ckpt=none, device=cuda:3, env=tsp)
[2026-02-25 12:32:08,134] INFO:fitness.free_loss_fidelity: RL4CO free-loss[scratch] step 1/7815: score=50.776741 (avg=50.776741), loss=0.597447 (avg=0.597447), pairs_step=6336, pairs_total=6336
[2026-02-25 12:32:08,134] INFO:fitness.free_loss_fidelity: RL4CO free-loss[scratch] step 1/7815: score=50.776741 (avg=50.776741), loss=0.597447 (avg=0.597447), pairs_step=6336, pairs_total=6336
[2026-02-25 12:36:27,052] INFO:fitness.free_loss_fidelity: RL4CO free-loss[scratch] step 781/7815: score=8.414841 (avg=8.839187), loss=0.219551 (avg=0.355499), pairs_step=6336, pairs_total=4948416
[2026-02-25 12:36:27,052] INFO:fitness.free_loss_fidelity: RL4CO free-loss[scratch] step 781/7815: score=8.414841 (avg=8.839187), loss=0.219551 (avg=0.355499), pairs_step=6336, pairs_total=4948416
[2026-02-25 12:40:42,610] INFO:fitness.free_loss_fidelity: RL4CO free-loss[scratch] step 1562/7815: score=8.274712 (avg=8.579593), loss=0.106235 (avg=0.252324), pairs_step=6336, pairs_total=9896832
[2026-02-25 12:40:42,610] INFO:fitness.free_loss_fidelity: RL4CO free-loss[scratch] step 1562/7815: score=8.274712 (avg=8.579593), loss=0.106235 (avg=0.252324), pairs_step=6336, pairs_total=9896832
[2026-02-25 12:41:03,947] INFO:fitness.free_loss_fidelity: RL4CO free-loss[scratch] epoch 1/5: validation_objective=8.182254
[2026-02-25 12:41:03,947] INFO:fitness.free_loss_fidelity: RL4CO free-loss[scratch] epoch 1/5: validation_objective=8.182254
[2026-02-25 12:45:39,366] INFO:fitness.free_loss_fidelity: RL4CO free-loss[scratch] step 2343/7815: score=8.290509 (avg=8.479298), loss=0.078441 (avg=0.191315), pairs_step=6336, pairs_total=14845248
[2026-02-25 12:45:39,366] INFO:fitness.free_loss_fidelity: RL4CO free-loss[scratch] step 2343/7815: score=8.290509 (avg=8.479298), loss=0.078441 (avg=0.191315), pairs_step=6336, pairs_total=14845248
[2026-02-25 12:50:11,262] INFO:fitness.free_loss_fidelity: RL4CO free-loss[scratch] step 3124/7815: score=8.257020 (avg=8.428676), loss=0.031767 (avg=0.156205), pairs_step=6336, pairs_total=19793664
[2026-02-25 12:50:11,262] INFO:fitness.free_loss_fidelity: RL4CO free-loss[scratch] step 3124/7815: score=8.257020 (avg=8.428676), loss=0.031767 (avg=0.156205), pairs_step=6336, pairs_total=19793664
[2026-02-25 12:50:33,262] INFO:fitness.free_loss_fidelity: RL4CO free-loss[scratch] epoch 2/5: validation_objective=8.238251
[2026-02-25 12:50:33,262] INFO:fitness.free_loss_fidelity: RL4CO free-loss[scratch] epoch 2/5: validation_objective=8.238251
[2026-02-25 12:54:40,636] INFO:fitness.free_loss_fidelity: RL4CO free-loss[scratch] step 3905/7815: score=8.285073 (avg=8.402245), loss=0.051589 (avg=0.132292), pairs_step=6336, pairs_total=24742080
[2026-02-25 12:54:40,636] INFO:fitness.free_loss_fidelity: RL4CO free-loss[scratch] step 3905/7815: score=8.285073 (avg=8.402245), loss=0.051589 (avg=0.132292), pairs_step=6336, pairs_total=24742080
[2026-02-25 12:58:47,383] INFO:fitness.free_loss_fidelity: RL4CO free-loss[scratch] step 4686/7815: score=8.217234 (avg=8.387538), loss=0.022421 (avg=0.115139), pairs_step=6336, pairs_total=29690496
[2026-02-25 12:58:47,383] INFO:fitness.free_loss_fidelity: RL4CO free-loss[scratch] step 4686/7815: score=8.217234 (avg=8.387538), loss=0.022421 (avg=0.115139), pairs_step=6336, pairs_total=29690496
[2026-02-25 12:59:09,297] INFO:fitness.free_loss_fidelity: RL4CO free-loss[scratch] epoch 3/5: validation_objective=8.272888
[2026-02-25 12:59:09,297] INFO:fitness.free_loss_fidelity: RL4CO free-loss[scratch] epoch 3/5: validation_objective=8.272888
[2026-02-25 13:03:15,057] INFO:fitness.free_loss_fidelity: RL4CO free-loss[scratch] step 5467/7815: score=8.395495 (avg=8.387936), loss=0.015426 (avg=0.101888), pairs_step=6336, pairs_total=34638912
[2026-02-25 13:03:15,057] INFO:fitness.free_loss_fidelity: RL4CO free-loss[scratch] step 5467/7815: score=8.395495 (avg=8.387936), loss=0.015426 (avg=0.101888), pairs_step=6336, pairs_total=34638912
[2026-02-25 13:07:21,727] INFO:fitness.free_loss_fidelity: RL4CO free-loss[scratch] step 6248/7815: score=8.721837 (avg=8.393749), loss=0.017131 (avg=0.091738), pairs_step=6336, pairs_total=39587328
[2026-02-25 13:07:21,727] INFO:fitness.free_loss_fidelity: RL4CO free-loss[scratch] step 6248/7815: score=8.721837 (avg=8.393749), loss=0.017131 (avg=0.091738), pairs_step=6336, pairs_total=39587328
[2026-02-25 13:07:43,994] INFO:fitness.free_loss_fidelity: RL4CO free-loss[scratch] epoch 4/5: validation_objective=8.516939
[2026-02-25 13:07:43,994] INFO:fitness.free_loss_fidelity: RL4CO free-loss[scratch] epoch 4/5: validation_objective=8.516939
[2026-02-25 13:11:49,505] INFO:fitness.free_loss_fidelity: RL4CO free-loss[scratch] step 7029/7815: score=8.801829 (avg=8.406000), loss=0.018817 (avg=0.083850), pairs_step=6336, pairs_total=44535744
[2026-02-25 13:11:49,505] INFO:fitness.free_loss_fidelity: RL4CO free-loss[scratch] step 7029/7815: score=8.801829 (avg=8.406000), loss=0.018817 (avg=0.083850), pairs_step=6336, pairs_total=44535744
[2026-02-25 13:15:56,236] INFO:fitness.free_loss_fidelity: RL4CO free-loss[scratch] step 7810/7815: score=8.611589 (avg=8.415561), loss=0.011763 (avg=0.077253), pairs_step=6336, pairs_total=49484160
[2026-02-25 13:15:56,236] INFO:fitness.free_loss_fidelity: RL4CO free-loss[scratch] step 7810/7815: score=8.611589 (avg=8.415561), loss=0.011763 (avg=0.077253), pairs_step=6336, pairs_total=49484160
[2026-02-25 13:16:18,826] INFO:fitness.free_loss_fidelity: RL4CO free-loss[scratch] epoch 5/5: validation_objective=8.403517
[2026-02-25 13:16:18,826] INFO:fitness.free_loss_fidelity: RL4CO free-loss[scratch] epoch 5/5: validation_objective=8.403517
[2026-02-25 13:16:40,209] WARNING:fitness.free_loss_fidelity: weights_only checkpoint load failed (UnpicklingError); retrying weights_only=False for /data1/gushengda/eam-rl4co/baseline/epoch_409.ckpt
[2026-02-25 13:16:40,209] WARNING:fitness.free_loss_fidelity: weights_only checkpoint load failed (UnpicklingError); retrying weights_only=False for /data1/gushengda/eam-rl4co/baseline/epoch_409.ckpt
[2026-02-25 13:16:40,258] INFO:fitness.free_loss_fidelity: Loaded init checkpoint into policy: path=/data1/gushengda/eam-rl4co/baseline/epoch_409.ckpt prefix=policy. matched=97 missing=0 unexpected=0
[2026-02-25 13:16:40,258] INFO:fitness.free_loss_fidelity: Loaded init checkpoint into policy: path=/data1/gushengda/eam-rl4co/baseline/epoch_409.ckpt prefix=policy. matched=97 missing=0 unexpected=0
[2026-02-25 13:16:40,263] INFO:fitness.free_loss_fidelity: RL4CO free-loss phase=warmstart: epochs=5 steps_f1=7815 steps_f2=0 total_steps=7815 (ckpt=/data1/gushengda/eam-rl4co/baseline/epoch_409.ckpt, device=cuda:3, env=tsp)
[2026-02-25 13:16:40,263] INFO:fitness.free_loss_fidelity: RL4CO free-loss phase=warmstart: epochs=5 steps_f1=7815 steps_f2=0 total_steps=7815 (ckpt=/data1/gushengda/eam-rl4co/baseline/epoch_409.ckpt, device=cuda:3, env=tsp)
[2026-02-25 13:16:40,699] INFO:fitness.free_loss_fidelity: RL4CO free-loss[warmstart] step 1/7815: score=7.827631 (avg=7.827631), loss=0.293088 (avg=0.293088), pairs_step=6336, pairs_total=6336
[2026-02-25 13:16:40,699] INFO:fitness.free_loss_fidelity: RL4CO free-loss[warmstart] step 1/7815: score=7.827631 (avg=7.827631), loss=0.293088 (avg=0.293088), pairs_step=6336, pairs_total=6336
[2026-02-25 13:21:06,215] INFO:fitness.free_loss_fidelity: RL4CO free-loss[warmstart] step 781/7815: score=7.795577 (avg=7.800834), loss=0.183472 (avg=0.204132), pairs_step=6336, pairs_total=4948416
[2026-02-25 13:21:06,215] INFO:fitness.free_loss_fidelity: RL4CO free-loss[warmstart] step 781/7815: score=7.795577 (avg=7.800834), loss=0.183472 (avg=0.204132), pairs_step=6336, pairs_total=4948416
[2026-02-25 13:25:10,453] INFO:fitness.free_loss_fidelity: RL4CO free-loss[warmstart] step 1562/7815: score=7.869837 (avg=7.801848), loss=0.163394 (avg=0.191944), pairs_step=6336, pairs_total=9896832
[2026-02-25 13:25:10,453] INFO:fitness.free_loss_fidelity: RL4CO free-loss[warmstart] step 1562/7815: score=7.869837 (avg=7.801848), loss=0.163394 (avg=0.191944), pairs_step=6336, pairs_total=9896832
[2026-02-25 13:25:31,601] INFO:fitness.free_loss_fidelity: RL4CO free-loss[warmstart] epoch 1/5: validation_objective=7.796510
[2026-02-25 13:25:31,601] INFO:fitness.free_loss_fidelity: RL4CO free-loss[warmstart] epoch 1/5: validation_objective=7.796510
[2026-02-25 13:29:35,994] INFO:fitness.free_loss_fidelity: RL4CO free-loss[warmstart] step 2343/7815: score=7.823353 (avg=7.802112), loss=0.154532 (avg=0.180444), pairs_step=6336, pairs_total=14845248
[2026-02-25 13:29:35,994] INFO:fitness.free_loss_fidelity: RL4CO free-loss[warmstart] step 2343/7815: score=7.823353 (avg=7.802112), loss=0.154532 (avg=0.180444), pairs_step=6336, pairs_total=14845248
[2026-02-25 13:33:41,697] INFO:fitness.free_loss_fidelity: RL4CO free-loss[warmstart] step 3124/7815: score=7.828917 (avg=7.802051), loss=0.144181 (avg=0.173299), pairs_step=6336, pairs_total=19793664
[2026-02-25 13:33:41,697] INFO:fitness.free_loss_fidelity: RL4CO free-loss[warmstart] step 3124/7815: score=7.828917 (avg=7.802051), loss=0.144181 (avg=0.173299), pairs_step=6336, pairs_total=19793664
[2026-02-25 13:34:03,253] INFO:fitness.free_loss_fidelity: RL4CO free-loss[warmstart] epoch 2/5: validation_objective=7.802090
[2026-02-25 13:34:03,253] INFO:fitness.free_loss_fidelity: RL4CO free-loss[warmstart] epoch 2/5: validation_objective=7.802090
[2026-02-25 13:38:08,583] INFO:fitness.free_loss_fidelity: RL4CO free-loss[warmstart] step 3905/7815: score=7.800536 (avg=7.802380), loss=0.151087 (avg=0.168601), pairs_step=6336, pairs_total=24742080
[2026-02-25 13:38:08,583] INFO:fitness.free_loss_fidelity: RL4CO free-loss[warmstart] step 3905/7815: score=7.800536 (avg=7.802380), loss=0.151087 (avg=0.168601), pairs_step=6336, pairs_total=24742080
[2026-02-25 13:42:14,335] INFO:fitness.free_loss_fidelity: RL4CO free-loss[warmstart] step 4686/7815: score=7.819056 (avg=7.802793), loss=0.106298 (avg=0.163703), pairs_step=6336, pairs_total=29690496
[2026-02-25 13:42:14,335] INFO:fitness.free_loss_fidelity: RL4CO free-loss[warmstart] step 4686/7815: score=7.819056 (avg=7.802793), loss=0.106298 (avg=0.163703), pairs_step=6336, pairs_total=29690496
[2026-02-25 13:42:36,208] INFO:fitness.free_loss_fidelity: RL4CO free-loss[warmstart] epoch 3/5: validation_objective=7.808319
[2026-02-25 13:42:36,208] INFO:fitness.free_loss_fidelity: RL4CO free-loss[warmstart] epoch 3/5: validation_objective=7.808319
[2026-02-25 13:46:41,146] INFO:fitness.free_loss_fidelity: RL4CO free-loss[warmstart] step 5467/7815: score=7.817180 (avg=7.802579), loss=0.128925 (avg=0.156362), pairs_step=6336, pairs_total=34638912
[2026-02-25 13:46:41,146] INFO:fitness.free_loss_fidelity: RL4CO free-loss[warmstart] step 5467/7815: score=7.817180 (avg=7.802579), loss=0.128925 (avg=0.156362), pairs_step=6336, pairs_total=34638912
[2026-02-25 13:50:47,323] INFO:fitness.free_loss_fidelity: RL4CO free-loss[warmstart] step 6248/7815: score=7.829908 (avg=7.803091), loss=0.098327 (avg=0.151011), pairs_step=6336, pairs_total=39587328
[2026-02-25 13:50:47,323] INFO:fitness.free_loss_fidelity: RL4CO free-loss[warmstart] step 6248/7815: score=7.829908 (avg=7.803091), loss=0.098327 (avg=0.151011), pairs_step=6336, pairs_total=39587328
[2026-02-25 13:51:09,497] INFO:fitness.free_loss_fidelity: RL4CO free-loss[warmstart] epoch 4/5: validation_objective=7.798534
[2026-02-25 13:51:09,497] INFO:fitness.free_loss_fidelity: RL4CO free-loss[warmstart] epoch 4/5: validation_objective=7.798534
[2026-02-25 13:55:14,224] INFO:fitness.free_loss_fidelity: RL4CO free-loss[warmstart] step 7029/7815: score=7.815838 (avg=7.803199), loss=0.114043 (avg=0.145478), pairs_step=6336, pairs_total=44535744
[2026-02-25 13:55:14,224] INFO:fitness.free_loss_fidelity: RL4CO free-loss[warmstart] step 7029/7815: score=7.815838 (avg=7.803199), loss=0.114043 (avg=0.145478), pairs_step=6336, pairs_total=44535744
[2026-02-25 13:59:20,003] INFO:fitness.free_loss_fidelity: RL4CO free-loss[warmstart] step 7810/7815: score=7.771833 (avg=7.803501), loss=0.108056 (avg=0.142058), pairs_step=6336, pairs_total=49484160
[2026-02-25 13:59:20,003] INFO:fitness.free_loss_fidelity: RL4CO free-loss[warmstart] step 7810/7815: score=7.771833 (avg=7.803501), loss=0.108056 (avg=0.142058), pairs_step=6336, pairs_total=49484160
[2026-02-25 13:59:42,472] INFO:fitness.free_loss_fidelity: RL4CO free-loss[warmstart] epoch 5/5: validation_objective=7.802101
[2026-02-25 13:59:42,472] INFO:fitness.free_loss_fidelity: RL4CO free-loss[warmstart] epoch 5/5: validation_objective=7.802101
