[2026-07-29 03:37:40,823] INFO:fitness.free_loss_fidelity: Stage3 offline mini-train start gen=18 pair_index=0 scenarios=['tsp100']
[2026-07-29 03:37:40,875] INFO:fitness.free_loss_fidelity: Stage3 scenario start gen=18 pair_index=0 scenario=tsp100 K=200 seed=1234 valid_sizes=[100] baseline_json=/data1/gushengda/eam-rl4co_runs/tsp100-joint-matched-init-hf1-r5-20260728-1802/baseline_cache/baseline_minitrain_tsp100_ckpt135_epoch1_inst100000.json
[2026-07-29 03:37:45,965] WARNING:fitness.free_loss_fidelity: weights_only checkpoint load failed (UnpicklingError); retrying weights_only=False for /data1/gushengda/eam-rl4co/baseline/tsp100_epoch_135.ckpt
[2026-07-29 03:37:46,190] INFO:fitness.free_loss_fidelity: Loaded init checkpoint into policy: path=/data1/gushengda/eam-rl4co/baseline/tsp100_epoch_135.ckpt prefix=policy. matched=97 missing=0 unexpected=0
[2026-07-29 03:37:46,590] WARNING:fitness.free_loss_fidelity: weights_only checkpoint load failed (UnpicklingError); retrying weights_only=False for /data1/gushengda/eam-rl4co/baseline/tsp100_epoch_135.ckpt
[2026-07-29 03:37:46,640] INFO:fitness.free_loss_fidelity: Loaded init checkpoint into policy: path=/data1/gushengda/eam-rl4co/baseline/tsp100_epoch_135.ckpt prefix=policy. matched=97 missing=0 unexpected=0
[2026-07-29 03:37:46,652] INFO:fitness.free_loss_fidelity: RL4CO free-loss phase=warmstart: epochs=1 steps_f1=1563 steps_f2=0 total_steps=1563 (ckpt=/data1/gushengda/eam-rl4co/baseline/tsp100_epoch_135.ckpt, device=cuda:0, env=tsp)
[2026-07-29 03:37:47,551] INFO:fitness.free_loss_fidelity: RL4CO free-loss[warmstart] step 1/1563: score=7.751812 (avg=7.751812), loss=1.201225 (avg=1.201225), pairs_step=315787, pairs_total=315787
[2026-07-29 03:39:25,349] INFO:fitness.free_loss_fidelity: RL4CO free-loss[warmstart] step 156/1563: score=8.429447 (avg=7.987569), loss=0.045624 (avg=0.159425), pairs_step=316800, pairs_total=49410953
[2026-07-29 03:41:04,394] INFO:fitness.free_loss_fidelity: RL4CO free-loss[warmstart] step 312/1563: score=29.749779 (avg=10.114544), loss=0.100368 (avg=0.105817), pairs_step=316800, pairs_total=98831747
[2026-07-29 03:42:43,509] INFO:fitness.free_loss_fidelity: RL4CO free-loss[warmstart] step 468/1563: score=35.129715 (avg=18.936823), loss=0.087731 (avg=0.124332), pairs_step=316800, pairs_total=148252517
[2026-07-29 03:44:22,537] INFO:fitness.free_loss_fidelity: RL4CO free-loss[warmstart] step 624/1563: score=32.692074 (avg=22.573714), loss=0.051968 (avg=0.109039), pairs_step=316800, pairs_total=197673281
[2026-07-29 03:46:01,586] INFO:fitness.free_loss_fidelity: RL4CO free-loss[warmstart] step 780/1563: score=28.382999 (avg=24.162830), loss=0.039882 (avg=0.096389), pairs_step=316800, pairs_total=247094056
[2026-07-29 03:47:40,451] INFO:fitness.free_loss_fidelity: RL4CO free-loss[warmstart] step 936/1563: score=26.265808 (avg=24.674004), loss=0.034249 (avg=0.086677), pairs_step=316800, pairs_total=296514833
[2026-07-29 03:49:19,255] INFO:fitness.free_loss_fidelity: RL4CO free-loss[warmstart] step 1092/1563: score=25.247505 (avg=24.827207), loss=0.032179 (avg=0.079175), pairs_step=316800, pairs_total=345935617
[2026-07-29 03:50:57,827] INFO:fitness.free_loss_fidelity: RL4CO free-loss[warmstart] step 1248/1563: score=24.268215 (avg=24.816749), loss=0.031313 (avg=0.073224), pairs_step=316800, pairs_total=395356391
[2026-07-29 03:52:36,528] INFO:fitness.free_loss_fidelity: RL4CO free-loss[warmstart] step 1404/1563: score=23.946486 (avg=24.739091), loss=0.029249 (avg=0.068389), pairs_step=316800, pairs_total=444777171
[2026-07-29 03:54:15,245] INFO:fitness.free_loss_fidelity: RL4CO free-loss[warmstart] step 1560/1563: score=23.467417 (avg=24.621553), loss=0.027192 (avg=0.064395), pairs_step=316800, pairs_total=494197949
[2026-07-29 03:54:55,496] INFO:fitness.free_loss_fidelity: RL4CO free-loss[warmstart] epoch 1/1: validation_objective=8.375828
[2026-07-29 03:55:33,089] INFO:fitness.free_loss_fidelity: Stage3 offline mini-train DONE gen=18 pair_index=0 score=0.5782611587524409 any_error=False
