[2026-07-28 23:48:17,498] INFO:fitness.free_loss_fidelity: Stage3 offline mini-train start gen=14 pair_index=0 scenarios=['tsp100']
[2026-07-28 23:48:17,576] INFO:fitness.free_loss_fidelity: Stage3 scenario start gen=14 pair_index=0 scenario=tsp100 K=200 seed=1234 valid_sizes=[100] baseline_json=/data1/gushengda/eam-rl4co_runs/tsp100-joint-matched-init-hf1-r5-20260728-1802/baseline_cache/baseline_minitrain_tsp100_ckpt135_epoch1_inst100000.json
[2026-07-28 23:48:22,897] WARNING:fitness.free_loss_fidelity: weights_only checkpoint load failed (UnpicklingError); retrying weights_only=False for /data1/gushengda/eam-rl4co/baseline/tsp100_epoch_135.ckpt
[2026-07-28 23:48:23,186] INFO:fitness.free_loss_fidelity: Loaded init checkpoint into policy: path=/data1/gushengda/eam-rl4co/baseline/tsp100_epoch_135.ckpt prefix=policy. matched=97 missing=0 unexpected=0
[2026-07-28 23:48:23,594] WARNING:fitness.free_loss_fidelity: weights_only checkpoint load failed (UnpicklingError); retrying weights_only=False for /data1/gushengda/eam-rl4co/baseline/tsp100_epoch_135.ckpt
[2026-07-28 23:48:23,639] INFO:fitness.free_loss_fidelity: Loaded init checkpoint into policy: path=/data1/gushengda/eam-rl4co/baseline/tsp100_epoch_135.ckpt prefix=policy. matched=97 missing=0 unexpected=0
[2026-07-28 23:48:23,653] INFO:fitness.free_loss_fidelity: RL4CO free-loss phase=warmstart: epochs=1 steps_f1=1563 steps_f2=0 total_steps=1563 (ckpt=/data1/gushengda/eam-rl4co/baseline/tsp100_epoch_135.ckpt, device=cuda:0, env=tsp)
[2026-07-28 23:48:24,453] INFO:fitness.free_loss_fidelity: RL4CO free-loss[warmstart] step 1/1563: score=7.751812 (avg=7.751812), loss=1.201225 (avg=1.201225), pairs_step=315787, pairs_total=315787
[2026-07-28 23:50:02,173] INFO:fitness.free_loss_fidelity: RL4CO free-loss[warmstart] step 156/1563: score=8.207020 (avg=7.959094), loss=0.043052 (avg=0.163852), pairs_step=316800, pairs_total=49410746
[2026-07-28 23:51:41,031] INFO:fitness.free_loss_fidelity: RL4CO free-loss[warmstart] step 312/1563: score=11.824700 (avg=8.948693), loss=0.053550 (avg=0.106576), pairs_step=316800, pairs_total=98831542
[2026-07-28 23:53:19,959] INFO:fitness.free_loss_fidelity: RL4CO free-loss[warmstart] step 468/1563: score=39.808296 (avg=13.466829), loss=0.229993 (avg=0.095974), pairs_step=316800, pairs_total=148252335
[2026-07-28 23:54:58,704] INFO:fitness.free_loss_fidelity: RL4CO free-loss[warmstart] step 624/1563: score=34.734474 (avg=19.013186), loss=0.086847 (avg=0.101423), pairs_step=316799, pairs_total=197673097
[2026-07-28 23:56:37,396] INFO:fitness.free_loss_fidelity: RL4CO free-loss[warmstart] step 780/1563: score=28.905571 (avg=21.445821), loss=0.043423 (avg=0.092627), pairs_step=316800, pairs_total=247093865
[2026-07-28 23:58:16,061] INFO:fitness.free_loss_fidelity: RL4CO free-loss[warmstart] step 936/1563: score=27.731571 (avg=22.691324), loss=0.039938 (avg=0.085076), pairs_step=316800, pairs_total=296514630
[2026-07-28 23:59:54,773] INFO:fitness.free_loss_fidelity: RL4CO free-loss[warmstart] step 1092/1563: score=26.586075 (avg=23.315575), loss=0.036949 (avg=0.078549), pairs_step=316800, pairs_total=345935398
[2026-07-29 00:01:33,607] INFO:fitness.free_loss_fidelity: RL4CO free-loss[warmstart] step 1248/1563: score=25.486387 (avg=23.628077), loss=0.033986 (avg=0.073007), pairs_step=316800, pairs_total=395356180
[2026-07-29 00:03:12,537] INFO:fitness.free_loss_fidelity: RL4CO free-loss[warmstart] step 1404/1563: score=24.492292 (avg=23.791323), loss=0.030986 (avg=0.068425), pairs_step=316800, pairs_total=444776963
[2026-07-29 00:04:51,329] INFO:fitness.free_loss_fidelity: RL4CO free-loss[warmstart] step 1560/1563: score=24.446697 (avg=23.853284), loss=0.028787 (avg=0.064594), pairs_step=316798, pairs_total=494197742
[2026-07-29 00:05:31,031] INFO:fitness.free_loss_fidelity: RL4CO free-loss[warmstart] epoch 1/1: validation_objective=8.436094
[2026-07-29 00:06:08,607] INFO:fitness.free_loss_fidelity: Stage3 offline mini-train DONE gen=14 pair_index=0 score=0.6391137496948245 any_error=False
