[2026-07-28 20:33:42,963] INFO:fitness.free_loss_fidelity: Stage3 offline mini-train start gen=10 pair_index=15 scenarios=['tsp100']
[2026-07-28 20:33:43,040] INFO:fitness.free_loss_fidelity: Stage3 scenario start gen=10 pair_index=15 scenario=tsp100 K=200 seed=1234 valid_sizes=[100] baseline_json=/data1/gushengda/eam-rl4co_runs/tsp100-joint-matched-init-hf1-r5-20260728-1802/baseline_cache/baseline_minitrain_tsp100_ckpt135_epoch1_inst100000.json
[2026-07-28 20:33:47,963] WARNING:fitness.free_loss_fidelity: weights_only checkpoint load failed (UnpicklingError); retrying weights_only=False for /data1/gushengda/eam-rl4co/baseline/tsp100_epoch_135.ckpt
[2026-07-28 20:33:48,183] INFO:fitness.free_loss_fidelity: Loaded init checkpoint into policy: path=/data1/gushengda/eam-rl4co/baseline/tsp100_epoch_135.ckpt prefix=policy. matched=97 missing=0 unexpected=0
[2026-07-28 20:33:48,578] WARNING:fitness.free_loss_fidelity: weights_only checkpoint load failed (UnpicklingError); retrying weights_only=False for /data1/gushengda/eam-rl4co/baseline/tsp100_epoch_135.ckpt
[2026-07-28 20:33:48,621] INFO:fitness.free_loss_fidelity: Loaded init checkpoint into policy: path=/data1/gushengda/eam-rl4co/baseline/tsp100_epoch_135.ckpt prefix=policy. matched=97 missing=0 unexpected=0
[2026-07-28 20:33:48,625] INFO:fitness.free_loss_fidelity: RL4CO free-loss phase=warmstart: epochs=1 steps_f1=1563 steps_f2=0 total_steps=1563 (ckpt=/data1/gushengda/eam-rl4co/baseline/tsp100_epoch_135.ckpt, device=cuda:0, env=tsp)
[2026-07-28 20:33:49,481] INFO:fitness.free_loss_fidelity: RL4CO free-loss[warmstart] step 1/1563: score=7.751812 (avg=7.751812), loss=1.200711 (avg=1.200711), pairs_step=315787, pairs_total=315787
[2026-07-28 20:35:22,511] INFO:fitness.free_loss_fidelity: RL4CO free-loss[warmstart] step 156/1563: score=42.294174 (avg=33.188593), loss=0.982086 (avg=1.103408), pairs_step=316800, pairs_total=49411418
[2026-07-28 20:36:56,556] INFO:fitness.free_loss_fidelity: RL4CO free-loss[warmstart] step 312/1563: score=39.664284 (avg=32.442675), loss=0.760349 (avg=0.862154), pairs_step=316799, pairs_total=98832186
[2026-07-28 20:38:30,780] INFO:fitness.free_loss_fidelity: RL4CO free-loss[warmstart] step 468/1563: score=41.819157 (avg=35.540914), loss=0.789035 (avg=0.864539), pairs_step=316800, pairs_total=148252958
[2026-07-28 20:40:04,849] INFO:fitness.free_loss_fidelity: RL4CO free-loss[warmstart] step 624/1563: score=35.638344 (avg=36.024734), loss=0.478631 (avg=0.788969), pairs_step=316800, pairs_total=197673729
[2026-07-28 20:41:38,904] INFO:fitness.free_loss_fidelity: RL4CO free-loss[warmstart] step 780/1563: score=32.731682 (avg=35.765968), loss=0.422179 (avg=0.721979), pairs_step=316800, pairs_total=247094500
[2026-07-28 20:43:12,977] INFO:fitness.free_loss_fidelity: RL4CO free-loss[warmstart] step 936/1563: score=34.929676 (avg=35.775902), loss=0.506339 (avg=0.686310), pairs_step=316800, pairs_total=296515271
[2026-07-28 20:44:47,050] INFO:fitness.free_loss_fidelity: RL4CO free-loss[warmstart] step 1092/1563: score=32.641022 (avg=35.417350), loss=0.392297 (avg=0.648520), pairs_step=316800, pairs_total=345936040
[2026-07-28 20:46:21,105] INFO:fitness.free_loss_fidelity: RL4CO free-loss[warmstart] step 1248/1563: score=33.361137 (avg=35.079537), loss=0.387068 (avg=0.615368), pairs_step=316800, pairs_total=395356805
[2026-07-28 20:47:55,338] INFO:fitness.free_loss_fidelity: RL4CO free-loss[warmstart] step 1404/1563: score=31.859770 (avg=34.772539), loss=0.354308 (avg=0.588467), pairs_step=316800, pairs_total=444777573
[2026-07-28 20:49:29,391] INFO:fitness.free_loss_fidelity: RL4CO free-loss[warmstart] step 1560/1563: score=31.658798 (avg=34.514816), loss=0.397931 (avg=0.567790), pairs_step=316800, pairs_total=494198342
[2026-07-28 20:50:08,545] INFO:fitness.free_loss_fidelity: RL4CO free-loss[warmstart] epoch 1/1: validation_objective=9.336938
[2026-07-28 20:50:45,634] INFO:fitness.free_loss_fidelity: Stage3 offline mini-train DONE gen=10 pair_index=15 score=1.5391225753784186 any_error=False
