[2026-07-28 15:39:07,401] INFO:fitness.free_loss_fidelity: Stage3 offline mini-train start gen=5 pair_index=14 scenarios=['tsp100']
[2026-07-28 15:39:07,487] INFO:fitness.free_loss_fidelity: Stage3 scenario start gen=5 pair_index=14 scenario=tsp100 K=200 seed=1234 valid_sizes=[100] baseline_json=/data1/gushengda/eam-rl4co_runs/tsp100-joint-matched-init-hf1-r5-20260728-1802/baseline_cache/baseline_minitrain_tsp100_ckpt135_epoch1_inst100000.json
[2026-07-28 15:39:12,319] WARNING:fitness.free_loss_fidelity: weights_only checkpoint load failed (UnpicklingError); retrying weights_only=False for /data1/gushengda/eam-rl4co/baseline/tsp100_epoch_135.ckpt
[2026-07-28 15:39:12,365] INFO:fitness.free_loss_fidelity: Loaded init checkpoint into policy: path=/data1/gushengda/eam-rl4co/baseline/tsp100_epoch_135.ckpt prefix=policy. matched=97 missing=0 unexpected=0
[2026-07-28 15:39:12,732] WARNING:fitness.free_loss_fidelity: weights_only checkpoint load failed (UnpicklingError); retrying weights_only=False for /data1/gushengda/eam-rl4co/baseline/tsp100_epoch_135.ckpt
[2026-07-28 15:39:12,776] INFO:fitness.free_loss_fidelity: Loaded init checkpoint into policy: path=/data1/gushengda/eam-rl4co/baseline/tsp100_epoch_135.ckpt prefix=policy. matched=97 missing=0 unexpected=0
[2026-07-28 15:39:12,781] INFO:fitness.free_loss_fidelity: RL4CO free-loss phase=warmstart: epochs=1 steps_f1=1563 steps_f2=0 total_steps=1563 (ckpt=/data1/gushengda/eam-rl4co/baseline/tsp100_epoch_135.ckpt, device=cuda:0, env=tsp)
[2026-07-28 15:39:13,375] INFO:fitness.free_loss_fidelity: RL4CO free-loss[warmstart] step 1/1563: score=7.751812 (avg=7.751812), loss=1.106500 (avg=1.106500), pairs_step=315787, pairs_total=315787
[2026-07-28 15:40:05,160] INFO:fitness.free_loss_fidelity: RL4CO free-loss[warmstart] step 156/1563: score=43.238201 (avg=28.833987), loss=0.817557 (avg=0.886391), pairs_step=316800, pairs_total=49412724
[2026-07-28 15:40:56,650] INFO:fitness.free_loss_fidelity: RL4CO free-loss[warmstart] step 312/1563: score=43.719200 (avg=36.111523), loss=0.740034 (avg=0.829398), pairs_step=316800, pairs_total=98833497
[2026-07-28 15:41:48,240] INFO:fitness.free_loss_fidelity: RL4CO free-loss[warmstart] step 468/1563: score=37.950993 (avg=37.457402), loss=0.381256 (avg=0.724575), pairs_step=316800, pairs_total=148254266
[2026-07-28 15:42:39,581] INFO:fitness.free_loss_fidelity: RL4CO free-loss[warmstart] step 624/1563: score=35.258202 (avg=37.164618), loss=0.376887 (avg=0.633513), pairs_step=316800, pairs_total=197675039
[2026-07-28 15:43:30,931] INFO:fitness.free_loss_fidelity: RL4CO free-loss[warmstart] step 780/1563: score=35.812920 (avg=36.862974), loss=0.336512 (avg=0.574557), pairs_step=316799, pairs_total=247095805
[2026-07-28 15:44:22,313] INFO:fitness.free_loss_fidelity: RL4CO free-loss[warmstart] step 936/1563: score=33.844368 (avg=36.540531), loss=0.293461 (avg=0.533405), pairs_step=316800, pairs_total=296516571
[2026-07-28 15:45:13,699] INFO:fitness.free_loss_fidelity: RL4CO free-loss[warmstart] step 1092/1563: score=32.717484 (avg=36.101427), loss=0.275718 (avg=0.498525), pairs_step=316800, pairs_total=345937347
[2026-07-28 15:46:05,226] INFO:fitness.free_loss_fidelity: RL4CO free-loss[warmstart] step 1248/1563: score=32.387405 (avg=35.647139), loss=0.269785 (avg=0.469731), pairs_step=316800, pairs_total=395358123
[2026-07-28 15:46:56,992] INFO:fitness.free_loss_fidelity: RL4CO free-loss[warmstart] step 1404/1563: score=31.487974 (avg=35.234300), loss=0.261135 (avg=0.447056), pairs_step=316800, pairs_total=444778887
[2026-07-28 15:47:48,950] INFO:fitness.free_loss_fidelity: RL4CO free-loss[warmstart] step 1560/1563: score=31.115444 (avg=34.890116), loss=0.243364 (avg=0.428963), pairs_step=316800, pairs_total=494199651
[2026-07-28 15:48:10,578] INFO:fitness.free_loss_fidelity: RL4CO free-loss[warmstart] epoch 1/1: validation_objective=8.958279
[2026-07-28 15:48:31,175] INFO:fitness.free_loss_fidelity: Stage3 offline mini-train DONE gen=5 pair_index=14 score=1.1550164627075192 any_error=False
