[2026-07-28 20:36:03,757] INFO:fitness.free_loss_fidelity: Stage3 offline mini-train start gen=10 pair_index=13 scenarios=['tsp100']
[2026-07-28 20:36:03,832] INFO:fitness.free_loss_fidelity: Stage3 scenario start gen=10 pair_index=13 scenario=tsp100 K=200 seed=1234 valid_sizes=[100] baseline_json=/data1/gushengda/eam-rl4co_runs/tsp100-joint-matched-init-hf1-r5-20260728-1802/baseline_cache/baseline_minitrain_tsp100_ckpt135_epoch1_inst100000.json
[2026-07-28 20:36:08,664] WARNING:fitness.free_loss_fidelity: weights_only checkpoint load failed (UnpicklingError); retrying weights_only=False for /data1/gushengda/eam-rl4co/baseline/tsp100_epoch_135.ckpt
[2026-07-28 20:36:08,714] INFO:fitness.free_loss_fidelity: Loaded init checkpoint into policy: path=/data1/gushengda/eam-rl4co/baseline/tsp100_epoch_135.ckpt prefix=policy. matched=97 missing=0 unexpected=0
[2026-07-28 20:36:09,087] WARNING:fitness.free_loss_fidelity: weights_only checkpoint load failed (UnpicklingError); retrying weights_only=False for /data1/gushengda/eam-rl4co/baseline/tsp100_epoch_135.ckpt
[2026-07-28 20:36:09,135] INFO:fitness.free_loss_fidelity: Loaded init checkpoint into policy: path=/data1/gushengda/eam-rl4co/baseline/tsp100_epoch_135.ckpt prefix=policy. matched=97 missing=0 unexpected=0
[2026-07-28 20:36:09,140] INFO:fitness.free_loss_fidelity: RL4CO free-loss phase=warmstart: epochs=1 steps_f1=1563 steps_f2=0 total_steps=1563 (ckpt=/data1/gushengda/eam-rl4co/baseline/tsp100_epoch_135.ckpt, device=cuda:0, env=tsp)
[2026-07-28 20:36:09,758] INFO:fitness.free_loss_fidelity: RL4CO free-loss[warmstart] step 1/1563: score=7.751812 (avg=7.751812), loss=1.084380 (avg=1.084380), pairs_step=315787, pairs_total=315787
[2026-07-28 20:37:02,629] INFO:fitness.free_loss_fidelity: RL4CO free-loss[warmstart] step 156/1563: score=12.595301 (avg=13.475415), loss=0.491519 (avg=0.698285), pairs_step=316800, pairs_total=49411990
[2026-07-28 20:37:55,863] INFO:fitness.free_loss_fidelity: RL4CO free-loss[warmstart] step 312/1563: score=36.175873 (avg=24.000114), loss=0.310044 (avg=0.534861), pairs_step=316800, pairs_total=98832770
[2026-07-28 20:38:49,312] INFO:fitness.free_loss_fidelity: RL4CO free-loss[warmstart] step 468/1563: score=33.760330 (avg=27.960934), loss=0.278219 (avg=0.463433), pairs_step=316800, pairs_total=148253548
[2026-07-28 20:39:42,510] INFO:fitness.free_loss_fidelity: RL4CO free-loss[warmstart] step 624/1563: score=31.392458 (avg=29.076213), loss=0.250453 (avg=0.414331), pairs_step=316799, pairs_total=197674320
[2026-07-28 20:40:35,716] INFO:fitness.free_loss_fidelity: RL4CO free-loss[warmstart] step 780/1563: score=29.252333 (avg=29.269557), loss=0.236309 (avg=0.379559), pairs_step=316799, pairs_total=247095088
[2026-07-28 20:41:28,900] INFO:fitness.free_loss_fidelity: RL4CO free-loss[warmstart] step 936/1563: score=30.059925 (avg=29.269462), loss=0.230165 (avg=0.355942), pairs_step=316800, pairs_total=296515863
[2026-07-28 20:42:22,075] INFO:fitness.free_loss_fidelity: RL4CO free-loss[warmstart] step 1092/1563: score=27.554602 (avg=29.131503), loss=0.214645 (avg=0.336866), pairs_step=316800, pairs_total=345936644
[2026-07-28 20:43:15,269] INFO:fitness.free_loss_fidelity: RL4CO free-loss[warmstart] step 1248/1563: score=26.757887 (avg=28.873540), loss=0.210939 (avg=0.321742), pairs_step=316800, pairs_total=395357420
[2026-07-28 20:44:08,701] INFO:fitness.free_loss_fidelity: RL4CO free-loss[warmstart] step 1404/1563: score=27.191853 (avg=28.653702), loss=0.210550 (avg=0.309667), pairs_step=316800, pairs_total=444778189
[2026-07-28 20:45:01,912] INFO:fitness.free_loss_fidelity: RL4CO free-loss[warmstart] step 1560/1563: score=26.341640 (avg=28.443108), loss=0.201118 (avg=0.299745), pairs_step=316800, pairs_total=494198965
[2026-07-28 20:45:23,744] INFO:fitness.free_loss_fidelity: RL4CO free-loss[warmstart] epoch 1/1: validation_objective=8.485379
[2026-07-28 20:45:44,491] INFO:fitness.free_loss_fidelity: Stage3 offline mini-train DONE gen=10 pair_index=13 score=0.6857721237182615 any_error=False
