[2026-07-29 02:11:38,616] INFO:fitness.free_loss_fidelity: Stage3 offline mini-train start gen=16 pair_index=15 scenarios=['tsp100']
[2026-07-29 02:11:38,702] INFO:fitness.free_loss_fidelity: Stage3 scenario start gen=16 pair_index=15 scenario=tsp100 K=200 seed=1234 valid_sizes=[100] baseline_json=/data1/gushengda/eam-rl4co_runs/tsp100-joint-matched-init-hf1-r5-20260728-1802/baseline_cache/baseline_minitrain_tsp100_ckpt135_epoch1_inst100000.json
[2026-07-29 02:11:43,529] WARNING:fitness.free_loss_fidelity: weights_only checkpoint load failed (UnpicklingError); retrying weights_only=False for /data1/gushengda/eam-rl4co/baseline/tsp100_epoch_135.ckpt
[2026-07-29 02:11:43,583] INFO:fitness.free_loss_fidelity: Loaded init checkpoint into policy: path=/data1/gushengda/eam-rl4co/baseline/tsp100_epoch_135.ckpt prefix=policy. matched=97 missing=0 unexpected=0
[2026-07-29 02:11:43,952] WARNING:fitness.free_loss_fidelity: weights_only checkpoint load failed (UnpicklingError); retrying weights_only=False for /data1/gushengda/eam-rl4co/baseline/tsp100_epoch_135.ckpt
[2026-07-29 02:11:43,995] INFO:fitness.free_loss_fidelity: Loaded init checkpoint into policy: path=/data1/gushengda/eam-rl4co/baseline/tsp100_epoch_135.ckpt prefix=policy. matched=97 missing=0 unexpected=0
[2026-07-29 02:11:44,000] INFO:fitness.free_loss_fidelity: RL4CO free-loss phase=warmstart: epochs=1 steps_f1=1563 steps_f2=0 total_steps=1563 (ckpt=/data1/gushengda/eam-rl4co/baseline/tsp100_epoch_135.ckpt, device=cuda:0, env=tsp)
[2026-07-29 02:11:44,592] INFO:fitness.free_loss_fidelity: RL4CO free-loss[warmstart] step 1/1563: score=7.751812 (avg=7.751812), loss=1.238124 (avg=1.238124), pairs_step=315787, pairs_total=315787
[2026-07-29 02:12:36,162] INFO:fitness.free_loss_fidelity: RL4CO free-loss[warmstart] step 156/1563: score=40.870361 (avg=19.066706), loss=0.737146 (avg=0.517200), pairs_step=316800, pairs_total=49413523
[2026-07-29 02:13:27,974] INFO:fitness.free_loss_fidelity: RL4CO free-loss[warmstart] step 312/1563: score=45.192986 (avg=30.762606), loss=0.975458 (avg=0.616907), pairs_step=316800, pairs_total=98834300
[2026-07-29 02:14:20,049] INFO:fitness.free_loss_fidelity: RL4CO free-loss[warmstart] step 468/1563: score=39.578373 (avg=34.744804), loss=0.293279 (avg=0.607564), pairs_step=316798, pairs_total=148255069
[2026-07-29 02:15:11,914] INFO:fitness.free_loss_fidelity: RL4CO free-loss[warmstart] step 624/1563: score=35.647804 (avg=35.436509), loss=0.167558 (avg=0.508583), pairs_step=316800, pairs_total=197675846
[2026-07-29 02:16:03,711] INFO:fitness.free_loss_fidelity: RL4CO free-loss[warmstart] step 780/1563: score=34.839432 (avg=35.383857), loss=0.132323 (avg=0.436538), pairs_step=316800, pairs_total=247096621
[2026-07-29 02:16:55,448] INFO:fitness.free_loss_fidelity: RL4CO free-loss[warmstart] step 936/1563: score=34.249268 (avg=35.183480), loss=0.129690 (avg=0.385606), pairs_step=316800, pairs_total=296517392
[2026-07-29 02:17:47,146] INFO:fitness.free_loss_fidelity: RL4CO free-loss[warmstart] step 1092/1563: score=34.066353 (avg=34.999009), loss=0.125557 (avg=0.348598), pairs_step=316800, pairs_total=345938169
[2026-07-29 02:18:38,673] INFO:fitness.free_loss_fidelity: RL4CO free-loss[warmstart] step 1248/1563: score=33.181702 (avg=34.788514), loss=0.128005 (avg=0.319774), pairs_step=316799, pairs_total=395358942
[2026-07-29 02:19:30,860] INFO:fitness.free_loss_fidelity: RL4CO free-loss[warmstart] step 1404/1563: score=33.013859 (avg=34.607185), loss=0.120049 (avg=0.297224), pairs_step=316800, pairs_total=444779720
[2026-07-29 02:20:23,247] INFO:fitness.free_loss_fidelity: RL4CO free-loss[warmstart] step 1560/1563: score=33.731449 (avg=34.565907), loss=0.116323 (avg=0.281616), pairs_step=316799, pairs_total=494200494
[2026-07-29 02:20:44,840] INFO:fitness.free_loss_fidelity: RL4CO free-loss[warmstart] epoch 1/1: validation_objective=9.281684
[2026-07-29 02:21:05,382] INFO:fitness.free_loss_fidelity: Stage3 offline mini-train DONE gen=16 pair_index=15 score=1.4866105834960939 any_error=False
