[2026-07-28 21:50:58,529] INFO:fitness.free_loss_fidelity: Stage3 offline mini-train start gen=12 pair_index=2 scenarios=['tsp100']
[2026-07-28 21:50:58,620] INFO:fitness.free_loss_fidelity: Stage3 scenario start gen=12 pair_index=2 scenario=tsp100 K=200 seed=1234 valid_sizes=[100] baseline_json=/data1/gushengda/eam-rl4co_runs/tsp100-joint-matched-init-hf1-r5-20260728-1802/baseline_cache/baseline_minitrain_tsp100_ckpt135_epoch1_inst100000.json
[2026-07-28 21:51:03,804] WARNING:fitness.free_loss_fidelity: weights_only checkpoint load failed (UnpicklingError); retrying weights_only=False for /data1/gushengda/eam-rl4co/baseline/tsp100_epoch_135.ckpt
[2026-07-28 21:51:03,853] INFO:fitness.free_loss_fidelity: Loaded init checkpoint into policy: path=/data1/gushengda/eam-rl4co/baseline/tsp100_epoch_135.ckpt prefix=policy. matched=97 missing=0 unexpected=0
[2026-07-28 21:51:04,235] WARNING:fitness.free_loss_fidelity: weights_only checkpoint load failed (UnpicklingError); retrying weights_only=False for /data1/gushengda/eam-rl4co/baseline/tsp100_epoch_135.ckpt
[2026-07-28 21:51:04,278] INFO:fitness.free_loss_fidelity: Loaded init checkpoint into policy: path=/data1/gushengda/eam-rl4co/baseline/tsp100_epoch_135.ckpt prefix=policy. matched=97 missing=0 unexpected=0
[2026-07-28 21:51:04,284] INFO:fitness.free_loss_fidelity: RL4CO free-loss phase=warmstart: epochs=1 steps_f1=1563 steps_f2=0 total_steps=1563 (ckpt=/data1/gushengda/eam-rl4co/baseline/tsp100_epoch_135.ckpt, device=cuda:0, env=tsp)
[2026-07-28 21:51:04,948] INFO:fitness.free_loss_fidelity: RL4CO free-loss[warmstart] step 1/1563: score=7.751812 (avg=7.751812), loss=1.213241 (avg=1.213241), pairs_step=315787, pairs_total=315787
[2026-07-28 21:51:54,612] INFO:fitness.free_loss_fidelity: RL4CO free-loss[warmstart] step 156/1563: score=7.984191 (avg=7.924408), loss=0.054610 (avg=0.174566), pairs_step=316800, pairs_total=49411624
[2026-07-28 21:52:44,591] INFO:fitness.free_loss_fidelity: RL4CO free-loss[warmstart] step 312/1563: score=8.733062 (avg=8.090802), loss=0.044315 (avg=0.110233), pairs_step=316800, pairs_total=98832418
[2026-07-28 21:53:34,913] INFO:fitness.free_loss_fidelity: RL4CO free-loss[warmstart] step 468/1563: score=25.211790 (avg=9.427287), loss=0.137742 (avg=0.089157), pairs_step=316800, pairs_total=148253206
[2026-07-28 21:54:25,069] INFO:fitness.free_loss_fidelity: RL4CO free-loss[warmstart] step 624/1563: score=24.147249 (avg=13.078306), loss=0.056652 (avg=0.092924), pairs_step=316800, pairs_total=197673977
[2026-07-28 21:55:15,240] INFO:fitness.free_loss_fidelity: RL4CO free-loss[warmstart] step 780/1563: score=17.368057 (avg=14.662205), loss=0.052284 (avg=0.089194), pairs_step=316800, pairs_total=247094752
[2026-07-28 21:56:05,394] INFO:fitness.free_loss_fidelity: RL4CO free-loss[warmstart] step 936/1563: score=15.514771 (avg=15.505503), loss=0.046365 (avg=0.082782), pairs_step=316800, pairs_total=296515521
[2026-07-28 21:56:55,560] INFO:fitness.free_loss_fidelity: RL4CO free-loss[warmstart] step 1092/1563: score=21.290348 (avg=15.889023), loss=0.039664 (avg=0.077200), pairs_step=316800, pairs_total=345936304
[2026-07-28 21:57:45,731] INFO:fitness.free_loss_fidelity: RL4CO free-loss[warmstart] step 1248/1563: score=12.708604 (avg=15.808709), loss=0.033261 (avg=0.072767), pairs_step=316800, pairs_total=395357078
[2026-07-28 21:58:36,133] INFO:fitness.free_loss_fidelity: RL4CO free-loss[warmstart] step 1404/1563: score=10.944483 (avg=15.439285), loss=0.031633 (avg=0.068252), pairs_step=316800, pairs_total=444777861
[2026-07-28 21:59:27,254] INFO:fitness.free_loss_fidelity: RL4CO free-loss[warmstart] step 1560/1563: score=28.590691 (avg=15.674929), loss=0.054921 (avg=0.067112), pairs_step=316800, pairs_total=494198645
[2026-07-28 21:59:48,883] INFO:fitness.free_loss_fidelity: RL4CO free-loss[warmstart] epoch 1/1: validation_objective=8.661546
[2026-07-28 22:00:09,482] INFO:fitness.free_loss_fidelity: Stage3 offline mini-train DONE gen=12 pair_index=2 score=0.8600014831542966 any_error=False
