[2026-07-28 13:37:12,117] INFO:fitness.free_loss_fidelity: Stage3 offline mini-train start gen=3 pair_index=10 scenarios=['tsp100']
[2026-07-28 13:37:12,203] INFO:fitness.free_loss_fidelity: Stage3 scenario start gen=3 pair_index=10 scenario=tsp100 K=200 seed=1234 valid_sizes=[100] baseline_json=/data1/gushengda/eam-rl4co_runs/tsp100-joint-matched-init-hf1-r5-20260728-1802/baseline_cache/baseline_minitrain_tsp100_ckpt135_epoch1_inst100000.json
[2026-07-28 13:37:17,037] WARNING:fitness.free_loss_fidelity: weights_only checkpoint load failed (UnpicklingError); retrying weights_only=False for /data1/gushengda/eam-rl4co/baseline/tsp100_epoch_135.ckpt
[2026-07-28 13:37:17,088] INFO:fitness.free_loss_fidelity: Loaded init checkpoint into policy: path=/data1/gushengda/eam-rl4co/baseline/tsp100_epoch_135.ckpt prefix=policy. matched=97 missing=0 unexpected=0
[2026-07-28 13:37:17,459] WARNING:fitness.free_loss_fidelity: weights_only checkpoint load failed (UnpicklingError); retrying weights_only=False for /data1/gushengda/eam-rl4co/baseline/tsp100_epoch_135.ckpt
[2026-07-28 13:37:17,501] INFO:fitness.free_loss_fidelity: Loaded init checkpoint into policy: path=/data1/gushengda/eam-rl4co/baseline/tsp100_epoch_135.ckpt prefix=policy. matched=97 missing=0 unexpected=0
[2026-07-28 13:37:17,506] INFO:fitness.free_loss_fidelity: RL4CO free-loss phase=warmstart: epochs=1 steps_f1=1563 steps_f2=0 total_steps=1563 (ckpt=/data1/gushengda/eam-rl4co/baseline/tsp100_epoch_135.ckpt, device=cuda:0, env=tsp)
[2026-07-28 13:37:18,103] INFO:fitness.free_loss_fidelity: RL4CO free-loss[warmstart] step 1/1563: score=7.751812 (avg=7.751812), loss=1.191163 (avg=1.191163), pairs_step=315787, pairs_total=315787
[2026-07-28 13:38:10,084] INFO:fitness.free_loss_fidelity: RL4CO free-loss[warmstart] step 156/1563: score=8.374378 (avg=8.112644), loss=0.068412 (avg=0.190396), pairs_step=316800, pairs_total=49411159
[2026-07-28 13:39:02,360] INFO:fitness.free_loss_fidelity: RL4CO free-loss[warmstart] step 312/1563: score=24.645851 (avg=9.911257), loss=0.142205 (avg=0.139045), pairs_step=316800, pairs_total=98831946
[2026-07-28 13:39:54,857] INFO:fitness.free_loss_fidelity: RL4CO free-loss[warmstart] step 468/1563: score=15.044185 (avg=14.104884), loss=0.127768 (avg=0.126008), pairs_step=316800, pairs_total=148252724
[2026-07-28 13:40:47,151] INFO:fitness.free_loss_fidelity: RL4CO free-loss[warmstart] step 624/1563: score=19.053953 (avg=14.971202), loss=0.056392 (avg=0.111995), pairs_step=316800, pairs_total=197673498
[2026-07-28 13:41:39,492] INFO:fitness.free_loss_fidelity: RL4CO free-loss[warmstart] step 780/1563: score=13.305472 (avg=15.746370), loss=0.065944 (avg=0.101740), pairs_step=316800, pairs_total=247094273
[2026-07-28 13:42:31,794] INFO:fitness.free_loss_fidelity: RL4CO free-loss[warmstart] step 936/1563: score=19.916031 (avg=15.990731), loss=0.043366 (avg=0.092654), pairs_step=316800, pairs_total=296515054
[2026-07-28 13:43:24,068] INFO:fitness.free_loss_fidelity: RL4CO free-loss[warmstart] step 1092/1563: score=15.839151 (avg=16.190895), loss=0.035911 (avg=0.085463), pairs_step=316800, pairs_total=345935824
[2026-07-28 13:44:16,324] INFO:fitness.free_loss_fidelity: RL4CO free-loss[warmstart] step 1248/1563: score=13.734564 (avg=16.364204), loss=0.038566 (avg=0.079849), pairs_step=316800, pairs_total=395356601
[2026-07-28 13:45:08,801] INFO:fitness.free_loss_fidelity: RL4CO free-loss[warmstart] step 1404/1563: score=19.363535 (avg=16.402344), loss=0.032903 (avg=0.074623), pairs_step=316800, pairs_total=444777389
[2026-07-28 13:46:01,039] INFO:fitness.free_loss_fidelity: RL4CO free-loss[warmstart] step 1560/1563: score=16.943857 (avg=16.408136), loss=0.103178 (avg=0.071000), pairs_step=316800, pairs_total=494198174
[2026-07-28 13:46:22,668] INFO:fitness.free_loss_fidelity: RL4CO free-loss[warmstart] epoch 1/1: validation_objective=8.594058
[2026-07-28 13:46:43,252] INFO:fitness.free_loss_fidelity: Stage3 offline mini-train DONE gen=3 pair_index=10 score=0.7967569137573234 any_error=False
