[2026-07-28 12:00:16,772] INFO:fitness.free_loss_fidelity: Stage3 offline mini-train start gen=1 pair_index=13 scenarios=['tsp100']
[2026-07-28 12:00:16,824] INFO:fitness.free_loss_fidelity: Stage3 scenario start gen=1 pair_index=13 scenario=tsp100 K=200 seed=1234 valid_sizes=[100] baseline_json=/data1/gushengda/eam-rl4co_runs/tsp100-joint-matched-init-hf1-r5-20260728-1802/baseline_cache/baseline_minitrain_tsp100_ckpt135_epoch1_inst100000.json
[2026-07-28 12:00:22,306] WARNING:fitness.free_loss_fidelity: weights_only checkpoint load failed (UnpicklingError); retrying weights_only=False for /data1/gushengda/eam-rl4co/baseline/tsp100_epoch_135.ckpt
[2026-07-28 12:00:22,366] INFO:fitness.free_loss_fidelity: Loaded init checkpoint into policy: path=/data1/gushengda/eam-rl4co/baseline/tsp100_epoch_135.ckpt prefix=policy. matched=97 missing=0 unexpected=0
[2026-07-28 12:00:22,901] WARNING:fitness.free_loss_fidelity: weights_only checkpoint load failed (UnpicklingError); retrying weights_only=False for /data1/gushengda/eam-rl4co/baseline/tsp100_epoch_135.ckpt
[2026-07-28 12:00:22,948] INFO:fitness.free_loss_fidelity: Loaded init checkpoint into policy: path=/data1/gushengda/eam-rl4co/baseline/tsp100_epoch_135.ckpt prefix=policy. matched=97 missing=0 unexpected=0
[2026-07-28 12:00:22,980] INFO:fitness.free_loss_fidelity: RL4CO free-loss phase=warmstart: epochs=1 steps_f1=1563 steps_f2=0 total_steps=1563 (ckpt=/data1/gushengda/eam-rl4co/baseline/tsp100_epoch_135.ckpt, device=cuda:0, env=tsp)
[2026-07-28 12:00:23,911] INFO:fitness.free_loss_fidelity: RL4CO free-loss[warmstart] step 1/1563: score=7.751812 (avg=7.751812), loss=1.201225 (avg=1.201225), pairs_step=315787, pairs_total=315787
[2026-07-28 12:02:01,484] INFO:fitness.free_loss_fidelity: RL4CO free-loss[warmstart] step 156/1563: score=8.110641 (avg=7.927850), loss=0.044692 (avg=0.166199), pairs_step=316800, pairs_total=49411136
[2026-07-28 12:03:39,667] INFO:fitness.free_loss_fidelity: RL4CO free-loss[warmstart] step 312/1563: score=11.535238 (avg=8.560804), loss=0.056883 (avg=0.106829), pairs_step=316800, pairs_total=98831929
[2026-07-28 12:05:17,896] INFO:fitness.free_loss_fidelity: RL4CO free-loss[warmstart] step 468/1563: score=38.612968 (avg=13.412965), loss=0.205638 (avg=0.097309), pairs_step=316800, pairs_total=148252713
[2026-07-28 12:06:56,105] INFO:fitness.free_loss_fidelity: RL4CO free-loss[warmstart] step 624/1563: score=33.044579 (avg=18.945498), loss=0.079164 (avg=0.102065), pairs_step=316800, pairs_total=197673481
[2026-07-28 12:08:34,239] INFO:fitness.free_loss_fidelity: RL4CO free-loss[warmstart] step 780/1563: score=30.564398 (avg=21.473169), loss=0.052928 (avg=0.095226), pairs_step=316800, pairs_total=247094258
[2026-07-28 12:10:12,361] INFO:fitness.free_loss_fidelity: RL4CO free-loss[warmstart] step 936/1563: score=28.806845 (avg=22.931949), loss=0.048361 (avg=0.088770), pairs_step=316800, pairs_total=296515032
[2026-07-28 12:11:50,516] INFO:fitness.free_loss_fidelity: RL4CO free-loss[warmstart] step 1092/1563: score=28.523140 (avg=23.746285), loss=0.041833 (avg=0.082610), pairs_step=316800, pairs_total=345935804
[2026-07-28 12:13:28,739] INFO:fitness.free_loss_fidelity: RL4CO free-loss[warmstart] step 1248/1563: score=25.158642 (avg=24.110099), loss=0.031075 (avg=0.076904), pairs_step=316800, pairs_total=395356583
[2026-07-28 12:15:06,905] INFO:fitness.free_loss_fidelity: RL4CO free-loss[warmstart] step 1404/1563: score=24.865578 (avg=24.269965), loss=0.031081 (avg=0.072447), pairs_step=316800, pairs_total=444777368
[2026-07-28 12:16:45,037] INFO:fitness.free_loss_fidelity: RL4CO free-loss[warmstart] step 1560/1563: score=24.786253 (avg=24.318535), loss=0.031128 (avg=0.068433), pairs_step=316800, pairs_total=494198156
[2026-07-28 12:17:23,655] INFO:fitness.free_loss_fidelity: RL4CO free-loss[warmstart] epoch 1/1: validation_objective=8.501646
[2026-07-28 12:18:00,564] INFO:fitness.free_loss_fidelity: Stage3 offline mini-train DONE gen=1 pair_index=13 score=0.7028824676513663 any_error=False
