[2026-07-28 18:39:43,756] INFO:fitness.free_loss_fidelity: Stage3 offline mini-train start gen=8 pair_index=9 scenarios=['tsp100']
[2026-07-28 18:39:43,838] INFO:fitness.free_loss_fidelity: Stage3 scenario start gen=8 pair_index=9 scenario=tsp100 K=200 seed=1234 valid_sizes=[100] baseline_json=/data1/gushengda/eam-rl4co_runs/tsp100-joint-matched-init-hf1-r5-20260728-1802/baseline_cache/baseline_minitrain_tsp100_ckpt135_epoch1_inst100000.json
[2026-07-28 18:39:48,674] WARNING:fitness.free_loss_fidelity: weights_only checkpoint load failed (UnpicklingError); retrying weights_only=False for /data1/gushengda/eam-rl4co/baseline/tsp100_epoch_135.ckpt
[2026-07-28 18:39:48,720] INFO:fitness.free_loss_fidelity: Loaded init checkpoint into policy: path=/data1/gushengda/eam-rl4co/baseline/tsp100_epoch_135.ckpt prefix=policy. matched=97 missing=0 unexpected=0
[2026-07-28 18:39:49,088] WARNING:fitness.free_loss_fidelity: weights_only checkpoint load failed (UnpicklingError); retrying weights_only=False for /data1/gushengda/eam-rl4co/baseline/tsp100_epoch_135.ckpt
[2026-07-28 18:39:49,132] INFO:fitness.free_loss_fidelity: Loaded init checkpoint into policy: path=/data1/gushengda/eam-rl4co/baseline/tsp100_epoch_135.ckpt prefix=policy. matched=97 missing=0 unexpected=0
[2026-07-28 18:39:49,137] INFO:fitness.free_loss_fidelity: RL4CO free-loss phase=warmstart: epochs=1 steps_f1=1563 steps_f2=0 total_steps=1563 (ckpt=/data1/gushengda/eam-rl4co/baseline/tsp100_epoch_135.ckpt, device=cuda:0, env=tsp)
[2026-07-28 18:39:49,751] INFO:fitness.free_loss_fidelity: RL4CO free-loss[warmstart] step 1/1563: score=7.751812 (avg=7.751812), loss=1.084380 (avg=1.084380), pairs_step=315787, pairs_total=315787
[2026-07-28 18:40:48,390] INFO:fitness.free_loss_fidelity: RL4CO free-loss[warmstart] step 156/1563: score=28.396149 (avg=26.446860), loss=0.746972 (avg=0.934076), pairs_step=316800, pairs_total=49412133
[2026-07-28 18:42:26,933] INFO:fitness.free_loss_fidelity: RL4CO free-loss[warmstart] step 312/1563: score=44.880821 (avg=34.854754), loss=0.839527 (avg=0.884126), pairs_step=316800, pairs_total=98832902
[2026-07-28 18:44:05,814] INFO:fitness.free_loss_fidelity: RL4CO free-loss[warmstart] step 468/1563: score=41.654644 (avg=37.421527), loss=0.585632 (avg=0.826172), pairs_step=316800, pairs_total=148253669
[2026-07-28 18:45:44,287] INFO:fitness.free_loss_fidelity: RL4CO free-loss[warmstart] step 624/1563: score=41.192364 (avg=38.611156), loss=0.600016 (avg=0.790261), pairs_step=316800, pairs_total=197674445
[2026-07-28 18:47:23,035] INFO:fitness.free_loss_fidelity: RL4CO free-loss[warmstart] step 780/1563: score=37.704445 (avg=38.948328), loss=0.447934 (avg=0.740050), pairs_step=316800, pairs_total=247095217
[2026-07-28 18:49:01,669] INFO:fitness.free_loss_fidelity: RL4CO free-loss[warmstart] step 936/1563: score=36.006645 (avg=38.555814), loss=0.352872 (avg=0.681862), pairs_step=316800, pairs_total=296515992
[2026-07-28 18:50:40,367] INFO:fitness.free_loss_fidelity: RL4CO free-loss[warmstart] step 1092/1563: score=33.302574 (avg=38.138258), loss=0.395832 (avg=0.637282), pairs_step=316800, pairs_total=345936757
[2026-07-28 18:52:19,003] INFO:fitness.free_loss_fidelity: RL4CO free-loss[warmstart] step 1248/1563: score=33.144127 (avg=37.606284), loss=0.306383 (avg=0.598775), pairs_step=316800, pairs_total=395357519
[2026-07-28 18:53:57,608] INFO:fitness.free_loss_fidelity: RL4CO free-loss[warmstart] step 1404/1563: score=34.540936 (avg=37.218846), loss=0.342852 (avg=0.568422), pairs_step=316800, pairs_total=444778299
[2026-07-28 18:55:36,173] INFO:fitness.free_loss_fidelity: RL4CO free-loss[warmstart] step 1560/1563: score=33.125145 (avg=36.853197), loss=0.319424 (avg=0.544948), pairs_step=316800, pairs_total=494199070
[2026-07-28 18:56:29,341] INFO:fitness.free_loss_fidelity: RL4CO free-loss[warmstart] epoch 1/1: validation_objective=9.396209
[2026-07-28 18:57:10,400] INFO:fitness.free_loss_fidelity: Stage3 offline mini-train DONE gen=8 pair_index=9 score=1.597161561584472 any_error=False
