[2026-07-28 16:17:29,111] INFO:fitness.free_loss_fidelity: Stage3 offline mini-train start gen=6 pair_index=7 scenarios=['tsp100']
[2026-07-28 16:17:29,158] INFO:fitness.free_loss_fidelity: Stage3 scenario start gen=6 pair_index=7 scenario=tsp100 K=200 seed=1234 valid_sizes=[100] baseline_json=/data1/gushengda/eam-rl4co_runs/tsp100-joint-matched-init-hf1-r5-20260728-1802/baseline_cache/baseline_minitrain_tsp100_ckpt135_epoch1_inst100000.json
[2026-07-28 16:17:33,982] WARNING:fitness.free_loss_fidelity: weights_only checkpoint load failed (UnpicklingError); retrying weights_only=False for /data1/gushengda/eam-rl4co/baseline/tsp100_epoch_135.ckpt
[2026-07-28 16:17:34,054] INFO:fitness.free_loss_fidelity: Loaded init checkpoint into policy: path=/data1/gushengda/eam-rl4co/baseline/tsp100_epoch_135.ckpt prefix=policy. matched=97 missing=0 unexpected=0
[2026-07-28 16:17:34,435] WARNING:fitness.free_loss_fidelity: weights_only checkpoint load failed (UnpicklingError); retrying weights_only=False for /data1/gushengda/eam-rl4co/baseline/tsp100_epoch_135.ckpt
[2026-07-28 16:17:34,492] INFO:fitness.free_loss_fidelity: Loaded init checkpoint into policy: path=/data1/gushengda/eam-rl4co/baseline/tsp100_epoch_135.ckpt prefix=policy. matched=97 missing=0 unexpected=0
[2026-07-28 16:17:34,497] INFO:fitness.free_loss_fidelity: RL4CO free-loss phase=warmstart: epochs=1 steps_f1=1563 steps_f2=0 total_steps=1563 (ckpt=/data1/gushengda/eam-rl4co/baseline/tsp100_epoch_135.ckpt, device=cuda:0, env=tsp)
[2026-07-28 16:17:35,109] INFO:fitness.free_loss_fidelity: RL4CO free-loss[warmstart] step 1/1563: score=7.751812 (avg=7.751812), loss=1.084380 (avg=1.084380), pairs_step=315787, pairs_total=315787
[2026-07-28 16:18:27,470] INFO:fitness.free_loss_fidelity: RL4CO free-loss[warmstart] step 156/1563: score=40.905430 (avg=30.666586), loss=0.658777 (avg=0.953957), pairs_step=316800, pairs_total=49412701
[2026-07-28 16:19:20,105] INFO:fitness.free_loss_fidelity: RL4CO free-loss[warmstart] step 312/1563: score=38.036861 (avg=35.217051), loss=0.459819 (avg=0.740204), pairs_step=316800, pairs_total=98833469
[2026-07-28 16:20:12,942] INFO:fitness.free_loss_fidelity: RL4CO free-loss[warmstart] step 468/1563: score=32.548573 (avg=35.273654), loss=0.290500 (avg=0.607185), pairs_step=316800, pairs_total=148254241
[2026-07-28 16:21:05,687] INFO:fitness.free_loss_fidelity: RL4CO free-loss[warmstart] step 624/1563: score=30.474751 (avg=34.312239), loss=0.260575 (avg=0.523779), pairs_step=316799, pairs_total=197675010
[2026-07-28 16:21:58,377] INFO:fitness.free_loss_fidelity: RL4CO free-loss[warmstart] step 780/1563: score=29.018538 (avg=33.410987), loss=0.239197 (avg=0.469626), pairs_step=316800, pairs_total=247095773
[2026-07-28 16:22:51,055] INFO:fitness.free_loss_fidelity: RL4CO free-loss[warmstart] step 936/1563: score=28.045532 (avg=32.587152), loss=0.231201 (avg=0.431135), pairs_step=316800, pairs_total=296516543
[2026-07-28 16:23:43,721] INFO:fitness.free_loss_fidelity: RL4CO free-loss[warmstart] step 1092/1563: score=27.483767 (avg=31.864768), loss=0.228703 (avg=0.402416), pairs_step=316800, pairs_total=345937320
[2026-07-28 16:24:36,352] INFO:fitness.free_loss_fidelity: RL4CO free-loss[warmstart] step 1248/1563: score=26.515820 (avg=31.218623), loss=0.215518 (avg=0.379866), pairs_step=316800, pairs_total=395358102
[2026-07-28 16:25:29,053] INFO:fitness.free_loss_fidelity: RL4CO free-loss[warmstart] step 1404/1563: score=25.624313 (avg=30.652139), loss=0.210124 (avg=0.361812), pairs_step=316800, pairs_total=444778881
[2026-07-28 16:26:22,507] INFO:fitness.free_loss_fidelity: RL4CO free-loss[warmstart] step 1560/1563: score=25.290737 (avg=30.154445), loss=0.208225 (avg=0.346839), pairs_step=316800, pairs_total=494199665
[2026-07-28 16:26:44,190] INFO:fitness.free_loss_fidelity: RL4CO free-loss[warmstart] epoch 1/1: validation_objective=8.378541
[2026-07-28 16:27:04,812] INFO:fitness.free_loss_fidelity: Stage3 offline mini-train DONE gen=6 pair_index=7 score=0.5821625518798834 any_error=False
