[2026-07-29 00:07:27,192] INFO:fitness.free_loss_fidelity: Stage3 offline mini-train start gen=14 pair_index=8 scenarios=['tsp100']
[2026-07-29 00:07:27,240] INFO:fitness.free_loss_fidelity: Stage3 scenario start gen=14 pair_index=8 scenario=tsp100 K=200 seed=1234 valid_sizes=[100] baseline_json=/data1/gushengda/eam-rl4co_runs/tsp100-joint-matched-init-hf1-r5-20260728-1802/baseline_cache/baseline_minitrain_tsp100_ckpt135_epoch1_inst100000.json
[2026-07-29 00:07:32,107] WARNING:fitness.free_loss_fidelity: weights_only checkpoint load failed (UnpicklingError); retrying weights_only=False for /data1/gushengda/eam-rl4co/baseline/tsp100_epoch_135.ckpt
[2026-07-29 00:07:32,151] INFO:fitness.free_loss_fidelity: Loaded init checkpoint into policy: path=/data1/gushengda/eam-rl4co/baseline/tsp100_epoch_135.ckpt prefix=policy. matched=97 missing=0 unexpected=0
[2026-07-29 00:07:32,526] WARNING:fitness.free_loss_fidelity: weights_only checkpoint load failed (UnpicklingError); retrying weights_only=False for /data1/gushengda/eam-rl4co/baseline/tsp100_epoch_135.ckpt
[2026-07-29 00:07:32,576] INFO:fitness.free_loss_fidelity: Loaded init checkpoint into policy: path=/data1/gushengda/eam-rl4co/baseline/tsp100_epoch_135.ckpt prefix=policy. matched=97 missing=0 unexpected=0
[2026-07-29 00:07:32,582] INFO:fitness.free_loss_fidelity: RL4CO free-loss phase=warmstart: epochs=1 steps_f1=1563 steps_f2=0 total_steps=1563 (ckpt=/data1/gushengda/eam-rl4co/baseline/tsp100_epoch_135.ckpt, device=cuda:0, env=tsp)
[2026-07-29 00:07:33,198] INFO:fitness.free_loss_fidelity: RL4CO free-loss[warmstart] step 1/1563: score=7.751812 (avg=7.751812), loss=1.106500 (avg=1.106500), pairs_step=315787, pairs_total=315787
[2026-07-29 00:08:24,344] INFO:fitness.free_loss_fidelity: RL4CO free-loss[warmstart] step 156/1563: score=18.220646 (avg=21.294596), loss=0.418865 (avg=0.739874), pairs_step=316800, pairs_total=49412412
[2026-07-29 00:09:15,012] INFO:fitness.free_loss_fidelity: RL4CO free-loss[warmstart] step 312/1563: score=43.137798 (avg=29.286884), loss=0.735086 (avg=0.713749), pairs_step=316800, pairs_total=98833188
[2026-07-29 00:10:05,922] INFO:fitness.free_loss_fidelity: RL4CO free-loss[warmstart] step 468/1563: score=36.558994 (avg=33.095756), loss=0.372488 (avg=0.664037), pairs_step=316800, pairs_total=148253957
[2026-07-29 00:10:56,611] INFO:fitness.free_loss_fidelity: RL4CO free-loss[warmstart] step 624/1563: score=34.493011 (avg=33.966480), loss=0.306107 (avg=0.587970), pairs_step=316800, pairs_total=197674715
[2026-07-29 00:11:47,305] INFO:fitness.free_loss_fidelity: RL4CO free-loss[warmstart] step 780/1563: score=34.076942 (avg=34.108256), loss=0.291031 (avg=0.530553), pairs_step=316799, pairs_total=247095475
[2026-07-29 00:12:38,003] INFO:fitness.free_loss_fidelity: RL4CO free-loss[warmstart] step 936/1563: score=32.685371 (avg=34.034473), loss=0.264815 (avg=0.489093), pairs_step=316800, pairs_total=296516246
[2026-07-29 00:13:28,798] INFO:fitness.free_loss_fidelity: RL4CO free-loss[warmstart] step 1092/1563: score=34.208374 (avg=33.868112), loss=0.364320 (avg=0.457963), pairs_step=316800, pairs_total=345937014
[2026-07-29 00:14:19,595] INFO:fitness.free_loss_fidelity: RL4CO free-loss[warmstart] step 1248/1563: score=32.984715 (avg=33.935865), loss=0.260015 (avg=0.442983), pairs_step=316800, pairs_total=395357785
[2026-07-29 00:15:10,636] INFO:fitness.free_loss_fidelity: RL4CO free-loss[warmstart] step 1404/1563: score=32.282036 (avg=33.785343), loss=0.257821 (avg=0.422591), pairs_step=316800, pairs_total=444778559
[2026-07-29 00:16:01,488] INFO:fitness.free_loss_fidelity: RL4CO free-loss[warmstart] step 1560/1563: score=31.423771 (avg=33.633464), loss=0.238994 (avg=0.405817), pairs_step=316800, pairs_total=494199322
[2026-07-29 00:16:23,318] INFO:fitness.free_loss_fidelity: RL4CO free-loss[warmstart] epoch 1/1: validation_objective=8.860628
[2026-07-29 00:16:44,111] INFO:fitness.free_loss_fidelity: Stage3 offline mini-train DONE gen=14 pair_index=8 score=1.0618392593383783 any_error=False
