[2026-07-28 23:17:28,508] INFO:fitness.free_loss_fidelity: Stage3 offline mini-train start gen=13 pair_index=14 scenarios=['tsp100']
[2026-07-28 23:17:28,557] INFO:fitness.free_loss_fidelity: Stage3 scenario start gen=13 pair_index=14 scenario=tsp100 K=200 seed=1234 valid_sizes=[100] baseline_json=/data1/gushengda/eam-rl4co_runs/tsp100-joint-matched-init-hf1-r5-20260728-1802/baseline_cache/baseline_minitrain_tsp100_ckpt135_epoch1_inst100000.json
[2026-07-28 23:17:33,391] WARNING:fitness.free_loss_fidelity: weights_only checkpoint load failed (UnpicklingError); retrying weights_only=False for /data1/gushengda/eam-rl4co/baseline/tsp100_epoch_135.ckpt
[2026-07-28 23:17:33,448] INFO:fitness.free_loss_fidelity: Loaded init checkpoint into policy: path=/data1/gushengda/eam-rl4co/baseline/tsp100_epoch_135.ckpt prefix=policy. matched=97 missing=0 unexpected=0
[2026-07-28 23:17:33,820] WARNING:fitness.free_loss_fidelity: weights_only checkpoint load failed (UnpicklingError); retrying weights_only=False for /data1/gushengda/eam-rl4co/baseline/tsp100_epoch_135.ckpt
[2026-07-28 23:17:33,863] INFO:fitness.free_loss_fidelity: Loaded init checkpoint into policy: path=/data1/gushengda/eam-rl4co/baseline/tsp100_epoch_135.ckpt prefix=policy. matched=97 missing=0 unexpected=0
[2026-07-28 23:17:33,868] INFO:fitness.free_loss_fidelity: RL4CO free-loss phase=warmstart: epochs=1 steps_f1=1563 steps_f2=0 total_steps=1563 (ckpt=/data1/gushengda/eam-rl4co/baseline/tsp100_epoch_135.ckpt, device=cuda:0, env=tsp)
[2026-07-28 23:17:34,442] INFO:fitness.free_loss_fidelity: RL4CO free-loss[warmstart] step 1/1563: score=7.751812 (avg=7.751812), loss=1.201225 (avg=1.201225), pairs_step=315787, pairs_total=315787
[2026-07-28 23:18:26,307] INFO:fitness.free_loss_fidelity: RL4CO free-loss[warmstart] step 156/1563: score=8.130356 (avg=7.938039), loss=0.043555 (avg=0.167752), pairs_step=316800, pairs_total=49410707
[2026-07-28 23:19:18,460] INFO:fitness.free_loss_fidelity: RL4CO free-loss[warmstart] step 312/1563: score=12.970406 (avg=8.795836), loss=0.054947 (avg=0.109934), pairs_step=316800, pairs_total=98831501
[2026-07-28 23:20:10,808] INFO:fitness.free_loss_fidelity: RL4CO free-loss[warmstart] step 468/1563: score=38.175964 (avg=15.861621), loss=0.167286 (avg=0.118615), pairs_step=316800, pairs_total=148252289
[2026-07-28 23:21:02,923] INFO:fitness.free_loss_fidelity: RL4CO free-loss[warmstart] step 624/1563: score=32.649460 (avg=20.371510), loss=0.110287 (avg=0.113996), pairs_step=316800, pairs_total=197673059
[2026-07-28 23:21:55,027] INFO:fitness.free_loss_fidelity: RL4CO free-loss[warmstart] step 780/1563: score=28.938046 (avg=22.541649), loss=0.045840 (avg=0.103563), pairs_step=316800, pairs_total=247093839
[2026-07-28 23:22:47,139] INFO:fitness.free_loss_fidelity: RL4CO free-loss[warmstart] step 936/1563: score=28.200586 (avg=23.566910), loss=0.039959 (avg=0.093999), pairs_step=316800, pairs_total=296514617
[2026-07-28 23:23:39,173] INFO:fitness.free_loss_fidelity: RL4CO free-loss[warmstart] step 1092/1563: score=27.351746 (avg=24.139749), loss=0.042832 (avg=0.086618), pairs_step=316800, pairs_total=345935388
[2026-07-28 23:24:31,359] INFO:fitness.free_loss_fidelity: RL4CO free-loss[warmstart] step 1248/1563: score=25.842142 (avg=24.550775), loss=0.036549 (avg=0.080992), pairs_step=316799, pairs_total=395356163
[2026-07-28 23:25:23,870] INFO:fitness.free_loss_fidelity: RL4CO free-loss[warmstart] step 1404/1563: score=24.887985 (avg=24.671118), loss=0.031568 (avg=0.075737), pairs_step=316800, pairs_total=444776939
[2026-07-28 23:26:16,124] INFO:fitness.free_loss_fidelity: RL4CO free-loss[warmstart] step 1560/1563: score=25.480637 (avg=24.706652), loss=0.046032 (avg=0.071591), pairs_step=316800, pairs_total=494197722
[2026-07-28 23:26:37,764] INFO:fitness.free_loss_fidelity: RL4CO free-loss[warmstart] epoch 1/1: validation_objective=8.706836
[2026-07-28 23:26:58,351] INFO:fitness.free_loss_fidelity: Stage3 offline mini-train DONE gen=13 pair_index=14 score=0.9048412460327144 any_error=False
