[2026-07-28 18:37:37,515] INFO:fitness.free_loss_fidelity: Stage3 offline mini-train start gen=8 pair_index=11 scenarios=['tsp100']
[2026-07-28 18:37:37,563] INFO:fitness.free_loss_fidelity: Stage3 scenario start gen=8 pair_index=11 scenario=tsp100 K=200 seed=1234 valid_sizes=[100] baseline_json=/data1/gushengda/eam-rl4co_runs/tsp100-joint-matched-init-hf1-r5-20260728-1802/baseline_cache/baseline_minitrain_tsp100_ckpt135_epoch1_inst100000.json
[2026-07-28 18:37:42,439] WARNING:fitness.free_loss_fidelity: weights_only checkpoint load failed (UnpicklingError); retrying weights_only=False for /data1/gushengda/eam-rl4co/baseline/tsp100_epoch_135.ckpt
[2026-07-28 18:37:42,519] INFO:fitness.free_loss_fidelity: Loaded init checkpoint into policy: path=/data1/gushengda/eam-rl4co/baseline/tsp100_epoch_135.ckpt prefix=policy. matched=97 missing=0 unexpected=0
[2026-07-28 18:37:42,903] WARNING:fitness.free_loss_fidelity: weights_only checkpoint load failed (UnpicklingError); retrying weights_only=False for /data1/gushengda/eam-rl4co/baseline/tsp100_epoch_135.ckpt
[2026-07-28 18:37:42,945] INFO:fitness.free_loss_fidelity: Loaded init checkpoint into policy: path=/data1/gushengda/eam-rl4co/baseline/tsp100_epoch_135.ckpt prefix=policy. matched=97 missing=0 unexpected=0
[2026-07-28 18:37:42,967] INFO:fitness.free_loss_fidelity: RL4CO free-loss phase=warmstart: epochs=1 steps_f1=1563 steps_f2=0 total_steps=1563 (ckpt=/data1/gushengda/eam-rl4co/baseline/tsp100_epoch_135.ckpt, device=cuda:0, env=tsp)
[2026-07-28 18:37:43,754] INFO:fitness.free_loss_fidelity: RL4CO free-loss[warmstart] step 1/1563: score=7.751812 (avg=7.751812), loss=1.084380 (avg=1.084380), pairs_step=315787, pairs_total=315787
[2026-07-28 18:39:16,650] INFO:fitness.free_loss_fidelity: RL4CO free-loss[warmstart] step 156/1563: score=15.491003 (avg=13.976949), loss=0.336847 (avg=0.665472), pairs_step=316800, pairs_total=49413007
[2026-07-28 18:40:50,654] INFO:fitness.free_loss_fidelity: RL4CO free-loss[warmstart] step 312/1563: score=36.727356 (avg=24.092887), loss=0.356894 (avg=0.537207), pairs_step=316799, pairs_total=98833778
[2026-07-28 18:42:24,960] INFO:fitness.free_loss_fidelity: RL4CO free-loss[warmstart] step 468/1563: score=32.759331 (avg=27.783889), loss=0.280592 (avg=0.465617), pairs_step=316800, pairs_total=148254554
[2026-07-28 18:43:59,090] INFO:fitness.free_loss_fidelity: RL4CO free-loss[warmstart] step 624/1563: score=29.655201 (avg=28.597625), loss=0.257804 (avg=0.415188), pairs_step=316800, pairs_total=197675335
[2026-07-28 18:45:33,207] INFO:fitness.free_loss_fidelity: RL4CO free-loss[warmstart] step 780/1563: score=28.374573 (avg=28.677159), loss=0.239831 (avg=0.381045), pairs_step=316800, pairs_total=247096105
[2026-07-28 18:47:07,315] INFO:fitness.free_loss_fidelity: RL4CO free-loss[warmstart] step 936/1563: score=27.552002 (avg=28.581181), loss=0.229733 (avg=0.356784), pairs_step=316800, pairs_total=296516872
[2026-07-28 18:48:41,403] INFO:fitness.free_loss_fidelity: RL4CO free-loss[warmstart] step 1092/1563: score=26.776642 (avg=28.334742), loss=0.220167 (avg=0.337903), pairs_step=316800, pairs_total=345937648
[2026-07-28 18:50:15,519] INFO:fitness.free_loss_fidelity: RL4CO free-loss[warmstart] step 1248/1563: score=25.718784 (avg=28.072316), loss=0.214168 (avg=0.323049), pairs_step=316799, pairs_total=395358425
[2026-07-28 18:51:49,851] INFO:fitness.free_loss_fidelity: RL4CO free-loss[warmstart] step 1404/1563: score=25.572674 (avg=27.830577), loss=0.210880 (avg=0.311226), pairs_step=316800, pairs_total=444779203
[2026-07-28 18:53:23,980] INFO:fitness.free_loss_fidelity: RL4CO free-loss[warmstart] step 1560/1563: score=24.941603 (avg=27.575849), loss=0.208231 (avg=0.301251), pairs_step=316800, pairs_total=494199986
[2026-07-28 18:54:03,199] INFO:fitness.free_loss_fidelity: RL4CO free-loss[warmstart] epoch 1/1: validation_objective=8.422955
[2026-07-28 18:54:40,440] INFO:fitness.free_loss_fidelity: Stage3 offline mini-train DONE gen=8 pair_index=11 score=0.6229667861938468 any_error=False
