[2026-07-28 11:40:03,099] INFO:fitness.free_loss_fidelity: Stage3 offline mini-train start gen=1 pair_index=5 scenarios=['tsp100']
[2026-07-28 11:40:03,185] INFO:fitness.free_loss_fidelity: Stage3 scenario start gen=1 pair_index=5 scenario=tsp100 K=200 seed=1234 valid_sizes=[100] baseline_json=/data1/gushengda/eam-rl4co_runs/tsp100-joint-matched-init-hf1-r5-20260728-1802/baseline_cache/baseline_minitrain_tsp100_ckpt135_epoch1_inst100000.json
[2026-07-28 11:40:08,125] WARNING:fitness.free_loss_fidelity: weights_only checkpoint load failed (UnpicklingError); retrying weights_only=False for /data1/gushengda/eam-rl4co/baseline/tsp100_epoch_135.ckpt
[2026-07-28 11:40:08,215] INFO:fitness.free_loss_fidelity: Loaded init checkpoint into policy: path=/data1/gushengda/eam-rl4co/baseline/tsp100_epoch_135.ckpt prefix=policy. matched=97 missing=0 unexpected=0
[2026-07-28 11:40:08,622] WARNING:fitness.free_loss_fidelity: weights_only checkpoint load failed (UnpicklingError); retrying weights_only=False for /data1/gushengda/eam-rl4co/baseline/tsp100_epoch_135.ckpt
[2026-07-28 11:40:08,672] INFO:fitness.free_loss_fidelity: Loaded init checkpoint into policy: path=/data1/gushengda/eam-rl4co/baseline/tsp100_epoch_135.ckpt prefix=policy. matched=97 missing=0 unexpected=0
[2026-07-28 11:40:08,694] INFO:fitness.free_loss_fidelity: RL4CO free-loss phase=warmstart: epochs=1 steps_f1=1563 steps_f2=0 total_steps=1563 (ckpt=/data1/gushengda/eam-rl4co/baseline/tsp100_epoch_135.ckpt, device=cuda:0, env=tsp)
[2026-07-28 11:40:09,530] INFO:fitness.free_loss_fidelity: RL4CO free-loss[warmstart] step 1/1563: score=7.751812 (avg=7.751812), loss=1.238124 (avg=1.238124), pairs_step=315787, pairs_total=315787
[2026-07-28 11:41:47,341] INFO:fitness.free_loss_fidelity: RL4CO free-loss[warmstart] step 156/1563: score=29.380335 (avg=17.186302), loss=0.385729 (avg=0.526891), pairs_step=316800, pairs_total=49413351
[2026-07-28 11:43:26,022] INFO:fitness.free_loss_fidelity: RL4CO free-loss[warmstart] step 312/1563: score=27.287373 (avg=22.009494), loss=0.160417 (avg=0.379294), pairs_step=316800, pairs_total=98834127
[2026-07-28 11:45:04,839] INFO:fitness.free_loss_fidelity: RL4CO free-loss[warmstart] step 468/1563: score=17.547113 (avg=21.564213), loss=0.151286 (avg=0.310085), pairs_step=316800, pairs_total=148254904
[2026-07-28 11:46:43,452] INFO:fitness.free_loss_fidelity: RL4CO free-loss[warmstart] step 624/1563: score=20.706800 (avg=21.542434), loss=0.098495 (avg=0.260769), pairs_step=316800, pairs_total=197675686
[2026-07-28 11:48:22,235] INFO:fitness.free_loss_fidelity: RL4CO free-loss[warmstart] step 780/1563: score=20.122854 (avg=21.445182), loss=0.084548 (avg=0.227454), pairs_step=316800, pairs_total=247096465
[2026-07-28 11:50:00,955] INFO:fitness.free_loss_fidelity: RL4CO free-loss[warmstart] step 936/1563: score=20.266153 (avg=21.277795), loss=0.079089 (avg=0.203292), pairs_step=316800, pairs_total=296517240
[2026-07-28 11:51:39,575] INFO:fitness.free_loss_fidelity: RL4CO free-loss[warmstart] step 1092/1563: score=30.577854 (avg=22.054801), loss=0.092080 (avg=0.190565), pairs_step=316800, pairs_total=345938020
[2026-07-28 11:53:18,135] INFO:fitness.free_loss_fidelity: RL4CO free-loss[warmstart] step 1248/1563: score=28.657963 (avg=22.979782), loss=0.080090 (avg=0.177391), pairs_step=316800, pairs_total=395358802
[2026-07-28 11:54:56,742] INFO:fitness.free_loss_fidelity: RL4CO free-loss[warmstart] step 1404/1563: score=27.313583 (avg=23.538693), loss=0.075235 (avg=0.166364), pairs_step=316800, pairs_total=444779580
[2026-07-28 11:56:35,471] INFO:fitness.free_loss_fidelity: RL4CO free-loss[warmstart] step 1560/1563: score=26.901142 (avg=23.895867), loss=0.074896 (avg=0.157123), pairs_step=316800, pairs_total=494200358
[2026-07-28 11:57:14,823] INFO:fitness.free_loss_fidelity: RL4CO free-loss[warmstart] epoch 1/1: validation_objective=8.444810
[2026-07-28 11:57:52,187] INFO:fitness.free_loss_fidelity: Stage3 offline mini-train DONE gen=1 pair_index=5 score=0.6466714447021475 any_error=False
