[2026-07-28 17:24:40,180] INFO:fitness.free_loss_fidelity: Stage3 offline mini-train start gen=7 pair_index=12 scenarios=['tsp100']
[2026-07-28 17:24:40,256] INFO:fitness.free_loss_fidelity: Stage3 scenario start gen=7 pair_index=12 scenario=tsp100 K=200 seed=1234 valid_sizes=[100] baseline_json=/data1/gushengda/eam-rl4co_runs/tsp100-joint-matched-init-hf1-r5-20260728-1802/baseline_cache/baseline_minitrain_tsp100_ckpt135_epoch1_inst100000.json
[2026-07-28 17:24:45,125] WARNING:fitness.free_loss_fidelity: weights_only checkpoint load failed (UnpicklingError); retrying weights_only=False for /data1/gushengda/eam-rl4co/baseline/tsp100_epoch_135.ckpt
[2026-07-28 17:24:45,180] INFO:fitness.free_loss_fidelity: Loaded init checkpoint into policy: path=/data1/gushengda/eam-rl4co/baseline/tsp100_epoch_135.ckpt prefix=policy. matched=97 missing=0 unexpected=0
[2026-07-28 17:24:45,818] WARNING:fitness.free_loss_fidelity: weights_only checkpoint load failed (UnpicklingError); retrying weights_only=False for /data1/gushengda/eam-rl4co/baseline/tsp100_epoch_135.ckpt
[2026-07-28 17:24:45,860] INFO:fitness.free_loss_fidelity: Loaded init checkpoint into policy: path=/data1/gushengda/eam-rl4co/baseline/tsp100_epoch_135.ckpt prefix=policy. matched=97 missing=0 unexpected=0
[2026-07-28 17:24:45,993] INFO:fitness.free_loss_fidelity: RL4CO free-loss phase=warmstart: epochs=1 steps_f1=1563 steps_f2=0 total_steps=1563 (ckpt=/data1/gushengda/eam-rl4co/baseline/tsp100_epoch_135.ckpt, device=cuda:0, env=tsp)
[2026-07-28 17:24:46,718] INFO:fitness.free_loss_fidelity: RL4CO free-loss[warmstart] step 1/1563: score=7.751812 (avg=7.751812), loss=0.962256 (avg=0.962256), pairs_step=315787, pairs_total=315787
[2026-07-28 17:26:24,884] INFO:fitness.free_loss_fidelity: RL4CO free-loss[warmstart] step 156/1563: score=42.394684 (avg=21.065415), loss=0.597122 (avg=0.638296), pairs_step=316800, pairs_total=49412650
[2026-07-28 17:28:03,697] INFO:fitness.free_loss_fidelity: RL4CO free-loss[warmstart] step 312/1563: score=34.198792 (avg=26.401175), loss=0.369832 (avg=0.543128), pairs_step=316800, pairs_total=98833421
[2026-07-28 17:29:42,923] INFO:fitness.free_loss_fidelity: RL4CO free-loss[warmstart] step 468/1563: score=29.908995 (avg=27.880217), loss=0.249603 (avg=0.465618), pairs_step=316800, pairs_total=148254201
[2026-07-28 17:31:21,726] INFO:fitness.free_loss_fidelity: RL4CO free-loss[warmstart] step 624/1563: score=27.556643 (avg=28.332624), loss=0.206239 (avg=0.406915), pairs_step=316800, pairs_total=197674986
[2026-07-28 17:33:00,461] INFO:fitness.free_loss_fidelity: RL4CO free-loss[warmstart] step 780/1563: score=28.375366 (avg=28.252984), loss=0.202954 (avg=0.366668), pairs_step=316800, pairs_total=247095770
[2026-07-28 17:34:39,328] INFO:fitness.free_loss_fidelity: RL4CO free-loss[warmstart] step 936/1563: score=33.863838 (avg=27.823467), loss=0.377107 (avg=0.342310), pairs_step=316800, pairs_total=296516548
[2026-07-28 17:36:16,944] INFO:fitness.free_loss_fidelity: RL4CO free-loss[warmstart] step 1092/1563: score=39.255028 (avg=29.170159), loss=0.372426 (avg=0.340525), pairs_step=316800, pairs_total=345937313
[2026-07-28 17:37:33,350] INFO:fitness.free_loss_fidelity: RL4CO free-loss[warmstart] step 1248/1563: score=36.074997 (avg=30.107106), loss=0.300968 (avg=0.336082), pairs_step=316800, pairs_total=395358088
[2026-07-28 17:38:33,345] INFO:fitness.free_loss_fidelity: RL4CO free-loss[warmstart] step 1404/1563: score=35.322639 (avg=30.725853), loss=0.279850 (avg=0.330002), pairs_step=316800, pairs_total=444778858
[2026-07-28 17:39:26,555] INFO:fitness.free_loss_fidelity: RL4CO free-loss[warmstart] step 1560/1563: score=33.646641 (avg=31.078059), loss=0.240974 (avg=0.322668), pairs_step=316800, pairs_total=494199626
[2026-07-28 17:39:48,442] INFO:fitness.free_loss_fidelity: RL4CO free-loss[warmstart] epoch 1/1: validation_objective=9.066569
[2026-07-28 17:40:09,266] INFO:fitness.free_loss_fidelity: Stage3 offline mini-train DONE gen=7 pair_index=12 score=1.269828129577637 any_error=False
