[2026-07-29 03:47:18,111] INFO:fitness.free_loss_fidelity: Stage3 offline mini-train start gen=18 pair_index=7 scenarios=['tsp100']
[2026-07-29 03:47:18,201] INFO:fitness.free_loss_fidelity: Stage3 scenario start gen=18 pair_index=7 scenario=tsp100 K=200 seed=1234 valid_sizes=[100] baseline_json=/data1/gushengda/eam-rl4co_runs/tsp100-joint-matched-init-hf1-r5-20260728-1802/baseline_cache/baseline_minitrain_tsp100_ckpt135_epoch1_inst100000.json
[2026-07-29 03:47:23,280] WARNING:fitness.free_loss_fidelity: weights_only checkpoint load failed (UnpicklingError); retrying weights_only=False for /data1/gushengda/eam-rl4co/baseline/tsp100_epoch_135.ckpt
[2026-07-29 03:47:23,332] INFO:fitness.free_loss_fidelity: Loaded init checkpoint into policy: path=/data1/gushengda/eam-rl4co/baseline/tsp100_epoch_135.ckpt prefix=policy. matched=97 missing=0 unexpected=0
[2026-07-29 03:47:23,702] WARNING:fitness.free_loss_fidelity: weights_only checkpoint load failed (UnpicklingError); retrying weights_only=False for /data1/gushengda/eam-rl4co/baseline/tsp100_epoch_135.ckpt
[2026-07-29 03:47:23,748] INFO:fitness.free_loss_fidelity: Loaded init checkpoint into policy: path=/data1/gushengda/eam-rl4co/baseline/tsp100_epoch_135.ckpt prefix=policy. matched=97 missing=0 unexpected=0
[2026-07-29 03:47:23,754] INFO:fitness.free_loss_fidelity: RL4CO free-loss phase=warmstart: epochs=1 steps_f1=1563 steps_f2=0 total_steps=1563 (ckpt=/data1/gushengda/eam-rl4co/baseline/tsp100_epoch_135.ckpt, device=cuda:0, env=tsp)
[2026-07-29 03:47:24,325] INFO:fitness.free_loss_fidelity: RL4CO free-loss[warmstart] step 1/1563: score=7.751812 (avg=7.751812), loss=1.084380 (avg=1.084380), pairs_step=315787, pairs_total=315787
[2026-07-29 03:48:15,934] INFO:fitness.free_loss_fidelity: RL4CO free-loss[warmstart] step 156/1563: score=41.626144 (avg=30.465539), loss=0.656646 (avg=0.907834), pairs_step=316800, pairs_total=49412169
[2026-07-29 03:49:07,803] INFO:fitness.free_loss_fidelity: RL4CO free-loss[warmstart] step 312/1563: score=37.208412 (avg=35.212692), loss=0.389213 (avg=0.709524), pairs_step=316800, pairs_total=98832944
[2026-07-29 03:49:59,898] INFO:fitness.free_loss_fidelity: RL4CO free-loss[warmstart] step 468/1563: score=35.794800 (avg=35.599428), loss=0.335225 (avg=0.598230), pairs_step=316800, pairs_total=148253720
[2026-07-29 03:50:51,784] INFO:fitness.free_loss_fidelity: RL4CO free-loss[warmstart] step 624/1563: score=31.126951 (avg=34.984426), loss=0.267591 (avg=0.521735), pairs_step=316799, pairs_total=197674492
[2026-07-29 03:51:43,687] INFO:fitness.free_loss_fidelity: RL4CO free-loss[warmstart] step 780/1563: score=29.379208 (avg=34.060971), loss=0.241513 (avg=0.468606), pairs_step=316800, pairs_total=247095257
[2026-07-29 03:52:35,538] INFO:fitness.free_loss_fidelity: RL4CO free-loss[warmstart] step 936/1563: score=28.134026 (avg=33.187545), loss=0.230462 (avg=0.430394), pairs_step=316800, pairs_total=296516034
[2026-07-29 03:53:27,401] INFO:fitness.free_loss_fidelity: RL4CO free-loss[warmstart] step 1092/1563: score=27.137154 (avg=32.393357), loss=0.218058 (avg=0.401402), pairs_step=316800, pairs_total=345936810
[2026-07-29 03:54:19,247] INFO:fitness.free_loss_fidelity: RL4CO free-loss[warmstart] step 1248/1563: score=26.010944 (avg=31.692095), loss=0.212975 (avg=0.378721), pairs_step=316800, pairs_total=395357594
[2026-07-29 03:55:11,135] INFO:fitness.free_loss_fidelity: RL4CO free-loss[warmstart] step 1404/1563: score=25.910017 (avg=31.081867), loss=0.210751 (avg=0.360499), pairs_step=316799, pairs_total=444778367
[2026-07-29 03:56:02,913] INFO:fitness.free_loss_fidelity: RL4CO free-loss[warmstart] step 1560/1563: score=25.630455 (avg=30.546214), loss=0.208186 (avg=0.345478), pairs_step=316800, pairs_total=494199155
[2026-07-29 03:56:24,565] INFO:fitness.free_loss_fidelity: RL4CO free-loss[warmstart] epoch 1/1: validation_objective=8.377755
[2026-07-29 03:56:45,179] INFO:fitness.free_loss_fidelity: Stage3 offline mini-train DONE gen=18 pair_index=7 score=0.5817224014282223 any_error=False
