[2026-07-29 03:37:40,841] INFO:fitness.free_loss_fidelity: Stage3 offline mini-train start gen=18 pair_index=4 scenarios=['tsp100']
[2026-07-29 03:37:40,894] INFO:fitness.free_loss_fidelity: Stage3 scenario start gen=18 pair_index=4 scenario=tsp100 K=200 seed=1234 valid_sizes=[100] baseline_json=/data1/gushengda/eam-rl4co_runs/tsp100-joint-matched-init-hf1-r5-20260728-1802/baseline_cache/baseline_minitrain_tsp100_ckpt135_epoch1_inst100000.json
[2026-07-29 03:37:45,960] WARNING:fitness.free_loss_fidelity: weights_only checkpoint load failed (UnpicklingError); retrying weights_only=False for /data1/gushengda/eam-rl4co/baseline/tsp100_epoch_135.ckpt
[2026-07-29 03:37:46,172] INFO:fitness.free_loss_fidelity: Loaded init checkpoint into policy: path=/data1/gushengda/eam-rl4co/baseline/tsp100_epoch_135.ckpt prefix=policy. matched=97 missing=0 unexpected=0
[2026-07-29 03:37:46,573] WARNING:fitness.free_loss_fidelity: weights_only checkpoint load failed (UnpicklingError); retrying weights_only=False for /data1/gushengda/eam-rl4co/baseline/tsp100_epoch_135.ckpt
[2026-07-29 03:37:46,620] INFO:fitness.free_loss_fidelity: Loaded init checkpoint into policy: path=/data1/gushengda/eam-rl4co/baseline/tsp100_epoch_135.ckpt prefix=policy. matched=97 missing=0 unexpected=0
[2026-07-29 03:37:46,625] INFO:fitness.free_loss_fidelity: RL4CO free-loss phase=warmstart: epochs=1 steps_f1=1563 steps_f2=0 total_steps=1563 (ckpt=/data1/gushengda/eam-rl4co/baseline/tsp100_epoch_135.ckpt, device=cuda:0, env=tsp)
[2026-07-29 03:37:47,561] INFO:fitness.free_loss_fidelity: RL4CO free-loss[warmstart] step 1/1563: score=7.751812 (avg=7.751812), loss=1.106500 (avg=1.106500), pairs_step=315787, pairs_total=315787
[2026-07-29 03:39:25,583] INFO:fitness.free_loss_fidelity: RL4CO free-loss[warmstart] step 156/1563: score=40.239494 (avg=27.802721), loss=0.489420 (avg=0.799192), pairs_step=316800, pairs_total=49412621
[2026-07-29 03:41:04,629] INFO:fitness.free_loss_fidelity: RL4CO free-loss[warmstart] step 312/1563: score=37.115524 (avg=33.319399), loss=0.345123 (avg=0.607033), pairs_step=316799, pairs_total=98833389
[2026-07-29 03:42:43,746] INFO:fitness.free_loss_fidelity: RL4CO free-loss[warmstart] step 468/1563: score=34.301247 (avg=34.354186), loss=0.253340 (avg=0.506070), pairs_step=316800, pairs_total=148254159
[2026-07-29 03:44:22,774] INFO:fitness.free_loss_fidelity: RL4CO free-loss[warmstart] step 624/1563: score=31.731510 (avg=34.086171), loss=0.225996 (avg=0.442288), pairs_step=316800, pairs_total=197674928
[2026-07-29 03:46:01,821] INFO:fitness.free_loss_fidelity: RL4CO free-loss[warmstart] step 780/1563: score=29.796532 (avg=33.349379), loss=0.202572 (avg=0.397183), pairs_step=316800, pairs_total=247095699
[2026-07-29 03:47:40,694] INFO:fitness.free_loss_fidelity: RL4CO free-loss[warmstart] step 936/1563: score=27.850946 (avg=32.567681), loss=0.200945 (avg=0.364828), pairs_step=316800, pairs_total=296516469
[2026-07-29 03:49:19,844] INFO:fitness.free_loss_fidelity: RL4CO free-loss[warmstart] step 1092/1563: score=26.923569 (avg=31.839984), loss=0.187999 (avg=0.340433), pairs_step=316800, pairs_total=345937250
[2026-07-29 03:50:58,970] INFO:fitness.free_loss_fidelity: RL4CO free-loss[warmstart] step 1248/1563: score=26.117592 (avg=31.192492), loss=0.186662 (avg=0.321326), pairs_step=316800, pairs_total=395358024
[2026-07-29 03:52:38,323] INFO:fitness.free_loss_fidelity: RL4CO free-loss[warmstart] step 1404/1563: score=25.989252 (avg=30.625654), loss=0.178846 (avg=0.306036), pairs_step=316800, pairs_total=444778808
[2026-07-29 03:54:17,563] INFO:fitness.free_loss_fidelity: RL4CO free-loss[warmstart] step 1560/1563: score=25.478010 (avg=30.121175), loss=0.176109 (avg=0.293332), pairs_step=316800, pairs_total=494199585
[2026-07-29 03:54:56,592] INFO:fitness.free_loss_fidelity: RL4CO free-loss[warmstart] epoch 1/1: validation_objective=8.338221
[2026-07-29 03:55:33,821] INFO:fitness.free_loss_fidelity: Stage3 offline mini-train DONE gen=18 pair_index=4 score=0.5415155944824219 any_error=False
