[2026-07-28 17:13:52,309] INFO:fitness.free_loss_fidelity: Stage3 offline mini-train start gen=7 pair_index=7 scenarios=['tsp100']
[2026-07-28 17:13:52,357] INFO:fitness.free_loss_fidelity: Stage3 scenario start gen=7 pair_index=7 scenario=tsp100 K=200 seed=1234 valid_sizes=[100] baseline_json=/data1/gushengda/eam-rl4co_runs/tsp100-joint-matched-init-hf1-r5-20260728-1802/baseline_cache/baseline_minitrain_tsp100_ckpt135_epoch1_inst100000.json
[2026-07-28 17:13:57,200] WARNING:fitness.free_loss_fidelity: weights_only checkpoint load failed (UnpicklingError); retrying weights_only=False for /data1/gushengda/eam-rl4co/baseline/tsp100_epoch_135.ckpt
[2026-07-28 17:13:57,248] INFO:fitness.free_loss_fidelity: Loaded init checkpoint into policy: path=/data1/gushengda/eam-rl4co/baseline/tsp100_epoch_135.ckpt prefix=policy. matched=97 missing=0 unexpected=0
[2026-07-28 17:13:57,617] WARNING:fitness.free_loss_fidelity: weights_only checkpoint load failed (UnpicklingError); retrying weights_only=False for /data1/gushengda/eam-rl4co/baseline/tsp100_epoch_135.ckpt
[2026-07-28 17:13:57,660] INFO:fitness.free_loss_fidelity: Loaded init checkpoint into policy: path=/data1/gushengda/eam-rl4co/baseline/tsp100_epoch_135.ckpt prefix=policy. matched=97 missing=0 unexpected=0
[2026-07-28 17:13:57,665] INFO:fitness.free_loss_fidelity: RL4CO free-loss phase=warmstart: epochs=1 steps_f1=1563 steps_f2=0 total_steps=1563 (ckpt=/data1/gushengda/eam-rl4co/baseline/tsp100_epoch_135.ckpt, device=cuda:0, env=tsp)
[2026-07-28 17:13:58,258] INFO:fitness.free_loss_fidelity: RL4CO free-loss[warmstart] step 1/1563: score=7.751812 (avg=7.751812), loss=1.238124 (avg=1.238124), pairs_step=315787, pairs_total=315787
[2026-07-28 17:14:49,947] INFO:fitness.free_loss_fidelity: RL4CO free-loss[warmstart] step 156/1563: score=29.314419 (avg=16.416333), loss=0.618864 (avg=0.505164), pairs_step=316800, pairs_total=49413472
[2026-07-28 17:15:41,903] INFO:fitness.free_loss_fidelity: RL4CO free-loss[warmstart] step 312/1563: score=42.997635 (avg=28.581828), loss=0.564077 (avg=0.528315), pairs_step=316800, pairs_total=98834241
[2026-07-28 17:16:34,160] INFO:fitness.free_loss_fidelity: RL4CO free-loss[warmstart] step 468/1563: score=38.927284 (avg=32.982256), loss=0.274561 (avg=0.509910), pairs_step=316799, pairs_total=148255018
[2026-07-28 17:17:26,161] INFO:fitness.free_loss_fidelity: RL4CO free-loss[warmstart] step 624/1563: score=36.708244 (avg=34.053197), loss=0.182105 (avg=0.434386), pairs_step=316800, pairs_total=197675792
[2026-07-28 17:18:18,166] INFO:fitness.free_loss_fidelity: RL4CO free-loss[warmstart] step 780/1563: score=36.791084 (avg=34.466998), loss=0.178491 (avg=0.381591), pairs_step=316799, pairs_total=247096565
[2026-07-28 17:19:10,179] INFO:fitness.free_loss_fidelity: RL4CO free-loss[warmstart] step 936/1563: score=35.348335 (avg=34.632610), loss=0.137137 (avg=0.343680), pairs_step=316799, pairs_total=296517340
[2026-07-28 17:20:02,210] INFO:fitness.free_loss_fidelity: RL4CO free-loss[warmstart] step 1092/1563: score=34.297756 (avg=34.633450), loss=0.144740 (avg=0.314669), pairs_step=316800, pairs_total=345938105
[2026-07-28 17:20:54,191] INFO:fitness.free_loss_fidelity: RL4CO free-loss[warmstart] step 1248/1563: score=33.400429 (avg=34.620005), loss=0.131542 (avg=0.292452), pairs_step=316800, pairs_total=395358867
[2026-07-28 17:21:46,294] INFO:fitness.free_loss_fidelity: RL4CO free-loss[warmstart] step 1404/1563: score=33.206451 (avg=34.528177), loss=0.115183 (avg=0.274128), pairs_step=316800, pairs_total=444779636
[2026-07-28 17:22:38,444] INFO:fitness.free_loss_fidelity: RL4CO free-loss[warmstart] step 1560/1563: score=34.087532 (avg=34.424612), loss=0.126159 (avg=0.258736), pairs_step=316800, pairs_total=494200411
[2026-07-28 17:23:00,094] INFO:fitness.free_loss_fidelity: RL4CO free-loss[warmstart] epoch 1/1: validation_objective=9.415761
[2026-07-28 17:23:20,712] INFO:fitness.free_loss_fidelity: Stage3 offline mini-train DONE gen=7 pair_index=7 score=1.6176275039672854 any_error=False
