[2026-07-28 23:57:56,293] INFO:fitness.free_loss_fidelity: Stage3 offline mini-train start gen=14 pair_index=7 scenarios=['tsp100']
[2026-07-28 23:57:56,367] INFO:fitness.free_loss_fidelity: Stage3 scenario start gen=14 pair_index=7 scenario=tsp100 K=200 seed=1234 valid_sizes=[100] baseline_json=/data1/gushengda/eam-rl4co_runs/tsp100-joint-matched-init-hf1-r5-20260728-1802/baseline_cache/baseline_minitrain_tsp100_ckpt135_epoch1_inst100000.json
[2026-07-28 23:58:01,198] WARNING:fitness.free_loss_fidelity: weights_only checkpoint load failed (UnpicklingError); retrying weights_only=False for /data1/gushengda/eam-rl4co/baseline/tsp100_epoch_135.ckpt
[2026-07-28 23:58:01,243] INFO:fitness.free_loss_fidelity: Loaded init checkpoint into policy: path=/data1/gushengda/eam-rl4co/baseline/tsp100_epoch_135.ckpt prefix=policy. matched=97 missing=0 unexpected=0
[2026-07-28 23:58:01,619] WARNING:fitness.free_loss_fidelity: weights_only checkpoint load failed (UnpicklingError); retrying weights_only=False for /data1/gushengda/eam-rl4co/baseline/tsp100_epoch_135.ckpt
[2026-07-28 23:58:01,661] INFO:fitness.free_loss_fidelity: Loaded init checkpoint into policy: path=/data1/gushengda/eam-rl4co/baseline/tsp100_epoch_135.ckpt prefix=policy. matched=97 missing=0 unexpected=0
[2026-07-28 23:58:01,666] INFO:fitness.free_loss_fidelity: RL4CO free-loss phase=warmstart: epochs=1 steps_f1=1563 steps_f2=0 total_steps=1563 (ckpt=/data1/gushengda/eam-rl4co/baseline/tsp100_epoch_135.ckpt, device=cuda:0, env=tsp)
[2026-07-28 23:58:02,277] INFO:fitness.free_loss_fidelity: RL4CO free-loss[warmstart] step 1/1563: score=7.751812 (avg=7.751812), loss=1.106500 (avg=1.106500), pairs_step=315787, pairs_total=315787
[2026-07-28 23:58:53,772] INFO:fitness.free_loss_fidelity: RL4CO free-loss[warmstart] step 156/1563: score=41.682457 (avg=30.798489), loss=0.637039 (avg=0.870265), pairs_step=316799, pairs_total=49412714
[2026-07-28 23:59:45,537] INFO:fitness.free_loss_fidelity: RL4CO free-loss[warmstart] step 312/1563: score=38.830940 (avg=34.136057), loss=0.601309 (avg=0.759400), pairs_step=316800, pairs_total=98833495
[2026-07-29 00:00:37,523] INFO:fitness.free_loss_fidelity: RL4CO free-loss[warmstart] step 468/1563: score=45.309677 (avg=37.149965), loss=0.963989 (avg=0.763140), pairs_step=316798, pairs_total=148254264
[2026-07-29 00:01:29,297] INFO:fitness.free_loss_fidelity: RL4CO free-loss[warmstart] step 624/1563: score=38.779434 (avg=38.395693), loss=0.430876 (avg=0.737666), pairs_step=316800, pairs_total=197675034
[2026-07-29 00:02:21,063] INFO:fitness.free_loss_fidelity: RL4CO free-loss[warmstart] step 780/1563: score=37.181538 (avg=38.303302), loss=0.368247 (avg=0.671671), pairs_step=316800, pairs_total=247095813
[2026-07-29 00:03:12,816] INFO:fitness.free_loss_fidelity: RL4CO free-loss[warmstart] step 936/1563: score=35.482685 (avg=37.994626), loss=0.319819 (avg=0.619085), pairs_step=316800, pairs_total=296516589
[2026-07-29 00:04:04,579] INFO:fitness.free_loss_fidelity: RL4CO free-loss[warmstart] step 1092/1563: score=34.784363 (avg=37.667471), loss=0.302686 (avg=0.580499), pairs_step=316799, pairs_total=345937361
[2026-07-29 00:04:56,372] INFO:fitness.free_loss_fidelity: RL4CO free-loss[warmstart] step 1248/1563: score=32.971153 (avg=37.212007), loss=0.283013 (avg=0.543337), pairs_step=316799, pairs_total=395358125
[2026-07-29 00:05:48,118] INFO:fitness.free_loss_fidelity: RL4CO free-loss[warmstart] step 1404/1563: score=34.620777 (avg=36.819462), loss=0.288375 (avg=0.513657), pairs_step=316800, pairs_total=444778902
[2026-07-29 00:06:40,085] INFO:fitness.free_loss_fidelity: RL4CO free-loss[warmstart] step 1560/1563: score=32.347961 (avg=36.519621), loss=0.260641 (avg=0.490889), pairs_step=316800, pairs_total=494199670
[2026-07-29 00:07:01,702] INFO:fitness.free_loss_fidelity: RL4CO free-loss[warmstart] epoch 1/1: validation_objective=9.012600
[2026-07-29 00:07:22,256] INFO:fitness.free_loss_fidelity: Stage3 offline mini-train DONE gen=14 pair_index=7 score=1.2109921890258795 any_error=False
