[2026-07-28 18:01:51,316] INFO:fitness.free_loss_fidelity: Stage3 offline mini-train start gen=8 pair_index=2 scenarios=['tsp100']
[2026-07-28 18:01:51,367] INFO:fitness.free_loss_fidelity: Stage3 scenario start gen=8 pair_index=2 scenario=tsp100 K=200 seed=1234 valid_sizes=[100] baseline_json=/data1/gushengda/eam-rl4co_runs/tsp100-joint-matched-init-hf1-r5-20260728-1802/baseline_cache/baseline_minitrain_tsp100_ckpt135_epoch1_inst100000.json
[2026-07-28 18:01:56,777] WARNING:fitness.free_loss_fidelity: weights_only checkpoint load failed (UnpicklingError); retrying weights_only=False for /data1/gushengda/eam-rl4co/baseline/tsp100_epoch_135.ckpt
[2026-07-28 18:01:56,824] INFO:fitness.free_loss_fidelity: Loaded init checkpoint into policy: path=/data1/gushengda/eam-rl4co/baseline/tsp100_epoch_135.ckpt prefix=policy. matched=97 missing=0 unexpected=0
[2026-07-28 18:01:57,281] WARNING:fitness.free_loss_fidelity: weights_only checkpoint load failed (UnpicklingError); retrying weights_only=False for /data1/gushengda/eam-rl4co/baseline/tsp100_epoch_135.ckpt
[2026-07-28 18:01:57,522] INFO:fitness.free_loss_fidelity: Loaded init checkpoint into policy: path=/data1/gushengda/eam-rl4co/baseline/tsp100_epoch_135.ckpt prefix=policy. matched=97 missing=0 unexpected=0
[2026-07-28 18:01:57,528] INFO:fitness.free_loss_fidelity: RL4CO free-loss phase=warmstart: epochs=1 steps_f1=1563 steps_f2=0 total_steps=1563 (ckpt=/data1/gushengda/eam-rl4co/baseline/tsp100_epoch_135.ckpt, device=cuda:0, env=tsp)
[2026-07-28 18:01:58,224] INFO:fitness.free_loss_fidelity: RL4CO free-loss[warmstart] step 1/1563: score=7.751812 (avg=7.751812), loss=1.213241 (avg=1.213241), pairs_step=315787, pairs_total=315787
[2026-07-28 18:02:50,386] INFO:fitness.free_loss_fidelity: RL4CO free-loss[warmstart] step 156/1563: score=7.934223 (avg=7.895765), loss=0.059425 (avg=0.179602), pairs_step=316800, pairs_total=49410729
[2026-07-28 18:03:42,351] INFO:fitness.free_loss_fidelity: RL4CO free-loss[warmstart] step 312/1563: score=8.868628 (avg=8.100944), loss=0.048276 (avg=0.116100), pairs_step=316800, pairs_total=98831523
[2026-07-28 18:04:34,548] INFO:fitness.free_loss_fidelity: RL4CO free-loss[warmstart] step 468/1563: score=12.180813 (avg=8.831908), loss=0.033366 (avg=0.091929), pairs_step=316800, pairs_total=148252312
[2026-07-28 18:05:26,439] INFO:fitness.free_loss_fidelity: RL4CO free-loss[warmstart] step 624/1563: score=30.884583 (avg=12.456289), loss=0.075882 (avg=0.085289), pairs_step=316800, pairs_total=197673091
[2026-07-28 18:06:18,370] INFO:fitness.free_loss_fidelity: RL4CO free-loss[warmstart] step 780/1563: score=26.544437 (avg=15.637067), loss=0.048380 (avg=0.079699), pairs_step=316800, pairs_total=247093869
[2026-07-28 18:07:10,586] INFO:fitness.free_loss_fidelity: RL4CO free-loss[warmstart] step 936/1563: score=24.677729 (avg=17.292190), loss=0.039882 (avg=0.074001), pairs_step=316800, pairs_total=296514650
[2026-07-28 18:08:02,496] INFO:fitness.free_loss_fidelity: RL4CO free-loss[warmstart] step 1092/1563: score=23.518400 (avg=18.229151), loss=0.039314 (avg=0.069207), pairs_step=316800, pairs_total=345935438
[2026-07-28 18:08:54,389] INFO:fitness.free_loss_fidelity: RL4CO free-loss[warmstart] step 1248/1563: score=22.127670 (avg=18.794065), loss=0.036648 (avg=0.065215), pairs_step=316800, pairs_total=395356216
[2026-07-28 18:09:46,371] INFO:fitness.free_loss_fidelity: RL4CO free-loss[warmstart] step 1404/1563: score=21.610226 (avg=19.144741), loss=0.032068 (avg=0.061883), pairs_step=316800, pairs_total=444776997
[2026-07-28 18:10:38,378] INFO:fitness.free_loss_fidelity: RL4CO free-loss[warmstart] step 1560/1563: score=21.161747 (avg=19.365559), loss=0.032345 (avg=0.059060), pairs_step=316800, pairs_total=494197782
[2026-07-28 18:11:00,068] INFO:fitness.free_loss_fidelity: RL4CO free-loss[warmstart] epoch 1/1: validation_objective=8.324112
[2026-07-28 18:11:20,698] INFO:fitness.free_loss_fidelity: Stage3 offline mini-train DONE gen=8 pair_index=2 score=0.5260779495239261 any_error=False
