[2026-07-28 17:04:04,078] INFO:fitness.free_loss_fidelity: Stage3 offline mini-train start gen=7 pair_index=2 scenarios=['tsp100']
[2026-07-28 17:04:04,167] INFO:fitness.free_loss_fidelity: Stage3 scenario start gen=7 pair_index=2 scenario=tsp100 K=200 seed=1234 valid_sizes=[100] baseline_json=/data1/gushengda/eam-rl4co_runs/tsp100-joint-matched-init-hf1-r5-20260728-1802/baseline_cache/baseline_minitrain_tsp100_ckpt135_epoch1_inst100000.json
[2026-07-28 17:04:09,601] WARNING:fitness.free_loss_fidelity: weights_only checkpoint load failed (UnpicklingError); retrying weights_only=False for /data1/gushengda/eam-rl4co/baseline/tsp100_epoch_135.ckpt
[2026-07-28 17:04:09,648] INFO:fitness.free_loss_fidelity: Loaded init checkpoint into policy: path=/data1/gushengda/eam-rl4co/baseline/tsp100_epoch_135.ckpt prefix=policy. matched=97 missing=0 unexpected=0
[2026-07-28 17:04:10,040] WARNING:fitness.free_loss_fidelity: weights_only checkpoint load failed (UnpicklingError); retrying weights_only=False for /data1/gushengda/eam-rl4co/baseline/tsp100_epoch_135.ckpt
[2026-07-28 17:04:10,083] INFO:fitness.free_loss_fidelity: Loaded init checkpoint into policy: path=/data1/gushengda/eam-rl4co/baseline/tsp100_epoch_135.ckpt prefix=policy. matched=97 missing=0 unexpected=0
[2026-07-28 17:04:10,088] INFO:fitness.free_loss_fidelity: RL4CO free-loss phase=warmstart: epochs=1 steps_f1=1563 steps_f2=0 total_steps=1563 (ckpt=/data1/gushengda/eam-rl4co/baseline/tsp100_epoch_135.ckpt, device=cuda:0, env=tsp)
[2026-07-28 17:04:10,719] INFO:fitness.free_loss_fidelity: RL4CO free-loss[warmstart] step 1/1563: score=7.751812 (avg=7.751812), loss=1.213241 (avg=1.213241), pairs_step=315787, pairs_total=315787
[2026-07-28 17:05:03,821] INFO:fitness.free_loss_fidelity: RL4CO free-loss[warmstart] step 156/1563: score=7.941536 (avg=7.896542), loss=0.051923 (avg=0.174551), pairs_step=316800, pairs_total=49411696
[2026-07-28 17:05:57,170] INFO:fitness.free_loss_fidelity: RL4CO free-loss[warmstart] step 312/1563: score=9.867907 (avg=8.151688), loss=0.052291 (avg=0.112122), pairs_step=316800, pairs_total=98832487
[2026-07-28 17:06:50,733] INFO:fitness.free_loss_fidelity: RL4CO free-loss[warmstart] step 468/1563: score=16.846167 (avg=9.779394), loss=0.127588 (avg=0.095376), pairs_step=316800, pairs_total=148253272
[2026-07-28 17:07:44,053] INFO:fitness.free_loss_fidelity: RL4CO free-loss[warmstart] step 624/1563: score=14.857815 (avg=12.779869), loss=0.098618 (avg=0.094794), pairs_step=316800, pairs_total=197674051
[2026-07-28 17:08:37,391] INFO:fitness.free_loss_fidelity: RL4CO free-loss[warmstart] step 780/1563: score=22.408237 (avg=14.415016), loss=0.046742 (avg=0.087494), pairs_step=316800, pairs_total=247094816
[2026-07-28 17:09:30,744] INFO:fitness.free_loss_fidelity: RL4CO free-loss[warmstart] step 936/1563: score=21.223160 (avg=15.603170), loss=0.050715 (avg=0.080933), pairs_step=316800, pairs_total=296515596
[2026-07-28 17:10:24,094] INFO:fitness.free_loss_fidelity: RL4CO free-loss[warmstart] step 1092/1563: score=21.306126 (avg=16.432891), loss=0.032031 (avg=0.075494), pairs_step=316800, pairs_total=345936372
[2026-07-28 17:11:17,455] INFO:fitness.free_loss_fidelity: RL4CO free-loss[warmstart] step 1248/1563: score=21.043655 (avg=17.023112), loss=0.031502 (avg=0.070617), pairs_step=316800, pairs_total=395357153
[2026-07-28 17:12:11,004] INFO:fitness.free_loss_fidelity: RL4CO free-loss[warmstart] step 1404/1563: score=18.313017 (avg=17.359723), loss=0.031397 (avg=0.066248), pairs_step=316800, pairs_total=444777938
[2026-07-28 17:13:04,282] INFO:fitness.free_loss_fidelity: RL4CO free-loss[warmstart] step 1560/1563: score=19.324337 (avg=17.570298), loss=0.029856 (avg=0.062631), pairs_step=316800, pairs_total=494198729
[2026-07-28 17:13:26,126] INFO:fitness.free_loss_fidelity: RL4CO free-loss[warmstart] epoch 1/1: validation_objective=8.440382
[2026-07-28 17:13:46,919] INFO:fitness.free_loss_fidelity: Stage3 offline mini-train DONE gen=7 pair_index=2 score=0.6457880691528315 any_error=False
