[2026-07-28 15:10:48,702] INFO:fitness.free_loss_fidelity: Stage3 offline mini-train start gen=5 pair_index=2 scenarios=['tsp100']
[2026-07-28 15:10:48,751] INFO:fitness.free_loss_fidelity: Stage3 scenario start gen=5 pair_index=2 scenario=tsp100 K=200 seed=1234 valid_sizes=[100] baseline_json=/data1/gushengda/eam-rl4co_runs/tsp100-joint-matched-init-hf1-r5-20260728-1802/baseline_cache/baseline_minitrain_tsp100_ckpt135_epoch1_inst100000.json
[2026-07-28 15:10:54,107] WARNING:fitness.free_loss_fidelity: weights_only checkpoint load failed (UnpicklingError); retrying weights_only=False for /data1/gushengda/eam-rl4co/baseline/tsp100_epoch_135.ckpt
[2026-07-28 15:10:54,152] INFO:fitness.free_loss_fidelity: Loaded init checkpoint into policy: path=/data1/gushengda/eam-rl4co/baseline/tsp100_epoch_135.ckpt prefix=policy. matched=97 missing=0 unexpected=0
[2026-07-28 15:10:54,531] WARNING:fitness.free_loss_fidelity: weights_only checkpoint load failed (UnpicklingError); retrying weights_only=False for /data1/gushengda/eam-rl4co/baseline/tsp100_epoch_135.ckpt
[2026-07-28 15:10:54,574] INFO:fitness.free_loss_fidelity: Loaded init checkpoint into policy: path=/data1/gushengda/eam-rl4co/baseline/tsp100_epoch_135.ckpt prefix=policy. matched=97 missing=0 unexpected=0
[2026-07-28 15:10:54,580] INFO:fitness.free_loss_fidelity: RL4CO free-loss phase=warmstart: epochs=1 steps_f1=1563 steps_f2=0 total_steps=1563 (ckpt=/data1/gushengda/eam-rl4co/baseline/tsp100_epoch_135.ckpt, device=cuda:0, env=tsp)
[2026-07-28 15:10:55,202] INFO:fitness.free_loss_fidelity: RL4CO free-loss[warmstart] step 1/1563: score=7.751812 (avg=7.751812), loss=1.213241 (avg=1.213241), pairs_step=315787, pairs_total=315787
[2026-07-28 15:11:47,659] INFO:fitness.free_loss_fidelity: RL4CO free-loss[warmstart] step 156/1563: score=7.896463 (avg=7.892379), loss=0.052759 (avg=0.181652), pairs_step=316800, pairs_total=49411648
[2026-07-28 15:12:40,353] INFO:fitness.free_loss_fidelity: RL4CO free-loss[warmstart] step 312/1563: score=8.732874 (avg=8.018335), loss=0.053389 (avg=0.116264), pairs_step=316800, pairs_total=98832435
[2026-07-28 15:13:33,182] INFO:fitness.free_loss_fidelity: RL4CO free-loss[warmstart] step 468/1563: score=18.796513 (avg=9.884426), loss=0.036230 (avg=0.093073), pairs_step=316800, pairs_total=148253226
[2026-07-28 15:14:25,753] INFO:fitness.free_loss_fidelity: RL4CO free-loss[warmstart] step 624/1563: score=31.237637 (avg=14.344788), loss=0.067956 (avg=0.087233), pairs_step=316800, pairs_total=197674010
[2026-07-28 15:15:18,289] INFO:fitness.free_loss_fidelity: RL4CO free-loss[warmstart] step 780/1563: score=27.264555 (avg=17.245663), loss=0.049779 (avg=0.081629), pairs_step=316800, pairs_total=247094777
[2026-07-28 15:16:10,504] INFO:fitness.free_loss_fidelity: RL4CO free-loss[warmstart] step 936/1563: score=25.426851 (avg=18.741795), loss=0.045845 (avg=0.076056), pairs_step=316800, pairs_total=296515560
[2026-07-28 15:17:02,140] INFO:fitness.free_loss_fidelity: RL4CO free-loss[warmstart] step 1092/1563: score=23.785503 (avg=19.581755), loss=0.043099 (avg=0.071304), pairs_step=316800, pairs_total=345936338
[2026-07-28 15:17:53,737] INFO:fitness.free_loss_fidelity: RL4CO free-loss[warmstart] step 1248/1563: score=23.027868 (avg=20.071534), loss=0.037892 (avg=0.067326), pairs_step=316798, pairs_total=395357118
[2026-07-28 15:18:45,570] INFO:fitness.free_loss_fidelity: RL4CO free-loss[warmstart] step 1404/1563: score=22.441715 (avg=20.364562), loss=0.034669 (avg=0.063941), pairs_step=316800, pairs_total=444777900
[2026-07-28 15:19:37,118] INFO:fitness.free_loss_fidelity: RL4CO free-loss[warmstart] step 1560/1563: score=22.245594 (avg=20.540035), loss=0.033011 (avg=0.061085), pairs_step=316799, pairs_total=494198673
[2026-07-28 15:19:58,775] INFO:fitness.free_loss_fidelity: RL4CO free-loss[warmstart] epoch 1/1: validation_objective=8.363519
[2026-07-28 15:20:19,404] INFO:fitness.free_loss_fidelity: Stage3 offline mini-train DONE gen=5 pair_index=2 score=0.5683761764526372 any_error=False
