[2026-07-29 05:03:41,041] INFO:fitness.free_loss_fidelity: Stage3 offline mini-train start gen=19 pair_index=14 scenarios=['tsp100']
[2026-07-29 05:03:41,092] INFO:fitness.free_loss_fidelity: Stage3 scenario start gen=19 pair_index=14 scenario=tsp100 K=200 seed=1234 valid_sizes=[100] baseline_json=/data1/gushengda/eam-rl4co_runs/tsp100-joint-matched-init-hf1-r5-20260728-1802/baseline_cache/baseline_minitrain_tsp100_ckpt135_epoch1_inst100000.json
[2026-07-29 05:03:46,244] WARNING:fitness.free_loss_fidelity: weights_only checkpoint load failed (UnpicklingError); retrying weights_only=False for /data1/gushengda/eam-rl4co/baseline/tsp100_epoch_135.ckpt
[2026-07-29 05:03:46,300] INFO:fitness.free_loss_fidelity: Loaded init checkpoint into policy: path=/data1/gushengda/eam-rl4co/baseline/tsp100_epoch_135.ckpt prefix=policy. matched=97 missing=0 unexpected=0
[2026-07-29 05:03:46,676] WARNING:fitness.free_loss_fidelity: weights_only checkpoint load failed (UnpicklingError); retrying weights_only=False for /data1/gushengda/eam-rl4co/baseline/tsp100_epoch_135.ckpt
[2026-07-29 05:03:46,720] INFO:fitness.free_loss_fidelity: Loaded init checkpoint into policy: path=/data1/gushengda/eam-rl4co/baseline/tsp100_epoch_135.ckpt prefix=policy. matched=97 missing=0 unexpected=0
[2026-07-29 05:03:46,725] INFO:fitness.free_loss_fidelity: RL4CO free-loss phase=warmstart: epochs=1 steps_f1=1563 steps_f2=0 total_steps=1563 (ckpt=/data1/gushengda/eam-rl4co/baseline/tsp100_epoch_135.ckpt, device=cuda:0, env=tsp)
[2026-07-29 05:03:47,289] INFO:fitness.free_loss_fidelity: RL4CO free-loss[warmstart] step 1/1563: score=7.751812 (avg=7.751812), loss=1.201225 (avg=1.201225), pairs_step=315787, pairs_total=315787
[2026-07-29 05:04:39,462] INFO:fitness.free_loss_fidelity: RL4CO free-loss[warmstart] step 156/1563: score=8.856472 (avg=8.087501), loss=0.056698 (avg=0.157079), pairs_step=316800, pairs_total=49411116
[2026-07-29 05:05:31,932] INFO:fitness.free_loss_fidelity: RL4CO free-loss[warmstart] step 312/1563: score=30.281458 (avg=11.832981), loss=0.099258 (avg=0.107902), pairs_step=316800, pairs_total=98831903
[2026-07-29 05:06:24,609] INFO:fitness.free_loss_fidelity: RL4CO free-loss[warmstart] step 468/1563: score=37.433918 (avg=20.236509), loss=0.105100 (avg=0.114932), pairs_step=316800, pairs_total=148252683
[2026-07-29 05:07:17,038] INFO:fitness.free_loss_fidelity: RL4CO free-loss[warmstart] step 624/1563: score=33.031422 (avg=23.923504), loss=0.080355 (avg=0.106006), pairs_step=316800, pairs_total=197673462
[2026-07-29 05:08:09,448] INFO:fitness.free_loss_fidelity: RL4CO free-loss[warmstart] step 780/1563: score=30.535395 (avg=25.445434), loss=0.050941 (avg=0.096451), pairs_step=316800, pairs_total=247094234
[2026-07-29 05:09:01,862] INFO:fitness.free_loss_fidelity: RL4CO free-loss[warmstart] step 936/1563: score=28.305265 (avg=26.151386), loss=0.041967 (avg=0.088476), pairs_step=316800, pairs_total=296514992
[2026-07-29 05:09:54,109] INFO:fitness.free_loss_fidelity: RL4CO free-loss[warmstart] step 1092/1563: score=27.583645 (avg=26.563918), loss=0.035578 (avg=0.082439), pairs_step=316800, pairs_total=345935762
[2026-07-29 05:10:45,897] INFO:fitness.free_loss_fidelity: RL4CO free-loss[warmstart] step 1248/1563: score=24.991646 (avg=26.526892), loss=0.031069 (avg=0.076337), pairs_step=316800, pairs_total=395356545
[2026-07-29 05:11:36,050] INFO:fitness.free_loss_fidelity: RL4CO free-loss[warmstart] step 1404/1563: score=25.639647 (avg=26.379663), loss=0.029465 (avg=0.071290), pairs_step=316800, pairs_total=444777329
[2026-07-29 05:12:26,018] INFO:fitness.free_loss_fidelity: RL4CO free-loss[warmstart] step 1560/1563: score=24.799919 (avg=26.290846), loss=0.026288 (avg=0.067064), pairs_step=316800, pairs_total=494198112
[2026-07-29 05:12:47,622] INFO:fitness.free_loss_fidelity: RL4CO free-loss[warmstart] epoch 1/1: validation_objective=8.388574
[2026-07-29 05:13:08,239] INFO:fitness.free_loss_fidelity: Stage3 offline mini-train DONE gen=19 pair_index=14 score=0.5917907821655275 any_error=False
