[2026-07-28 12:41:19,419] INFO:fitness.free_loss_fidelity: Stage3 offline mini-train start gen=2 pair_index=10 scenarios=['tsp100']
[2026-07-28 12:41:19,506] INFO:fitness.free_loss_fidelity: Stage3 scenario start gen=2 pair_index=10 scenario=tsp100 K=200 seed=1234 valid_sizes=[100] baseline_json=/data1/gushengda/eam-rl4co_runs/tsp100-joint-matched-init-hf1-r5-20260728-1802/baseline_cache/baseline_minitrain_tsp100_ckpt135_epoch1_inst100000.json
[2026-07-28 12:41:24,353] WARNING:fitness.free_loss_fidelity: weights_only checkpoint load failed (UnpicklingError); retrying weights_only=False for /data1/gushengda/eam-rl4co/baseline/tsp100_epoch_135.ckpt
[2026-07-28 12:41:24,423] INFO:fitness.free_loss_fidelity: Loaded init checkpoint into policy: path=/data1/gushengda/eam-rl4co/baseline/tsp100_epoch_135.ckpt prefix=policy. matched=97 missing=0 unexpected=0
[2026-07-28 12:41:24,797] WARNING:fitness.free_loss_fidelity: weights_only checkpoint load failed (UnpicklingError); retrying weights_only=False for /data1/gushengda/eam-rl4co/baseline/tsp100_epoch_135.ckpt
[2026-07-28 12:41:24,840] INFO:fitness.free_loss_fidelity: Loaded init checkpoint into policy: path=/data1/gushengda/eam-rl4co/baseline/tsp100_epoch_135.ckpt prefix=policy. matched=97 missing=0 unexpected=0
[2026-07-28 12:41:24,845] INFO:fitness.free_loss_fidelity: RL4CO free-loss phase=warmstart: epochs=1 steps_f1=1563 steps_f2=0 total_steps=1563 (ckpt=/data1/gushengda/eam-rl4co/baseline/tsp100_epoch_135.ckpt, device=cuda:0, env=tsp)
[2026-07-28 12:41:25,443] INFO:fitness.free_loss_fidelity: RL4CO free-loss[warmstart] step 1/1563: score=7.751812 (avg=7.751812), loss=1.201225 (avg=1.201225), pairs_step=315787, pairs_total=315787
[2026-07-28 12:42:17,329] INFO:fitness.free_loss_fidelity: RL4CO free-loss[warmstart] step 156/1563: score=8.313993 (avg=7.950571), loss=0.045210 (avg=0.158380), pairs_step=316800, pairs_total=49411183
[2026-07-28 12:43:09,572] INFO:fitness.free_loss_fidelity: RL4CO free-loss[warmstart] step 312/1563: score=23.410061 (avg=10.864417), loss=0.069833 (avg=0.109398), pairs_step=316800, pairs_total=98831975
[2026-07-28 12:44:02,116] INFO:fitness.free_loss_fidelity: RL4CO free-loss[warmstart] step 468/1563: score=35.722683 (avg=19.149694), loss=0.088450 (avg=0.121535), pairs_step=316800, pairs_total=148252755
[2026-07-28 12:44:54,359] INFO:fitness.free_loss_fidelity: RL4CO free-loss[warmstart] step 624/1563: score=31.279238 (avg=22.945388), loss=0.063803 (avg=0.109721), pairs_step=316800, pairs_total=197673530
[2026-07-28 12:45:46,605] INFO:fitness.free_loss_fidelity: RL4CO free-loss[warmstart] step 780/1563: score=27.264761 (avg=24.151632), loss=0.038576 (avg=0.096988), pairs_step=316800, pairs_total=247094305
[2026-07-28 12:46:38,883] INFO:fitness.free_loss_fidelity: RL4CO free-loss[warmstart] step 936/1563: score=26.510246 (avg=24.643748), loss=0.036671 (avg=0.087353), pairs_step=316800, pairs_total=296515078
[2026-07-28 12:47:31,296] INFO:fitness.free_loss_fidelity: RL4CO free-loss[warmstart] step 1092/1563: score=25.407703 (avg=24.788223), loss=0.031631 (avg=0.079761), pairs_step=316800, pairs_total=345935855
[2026-07-28 12:48:23,646] INFO:fitness.free_loss_fidelity: RL4CO free-loss[warmstart] step 1248/1563: score=25.415031 (avg=24.822309), loss=0.031892 (avg=0.073928), pairs_step=316800, pairs_total=395356637
[2026-07-28 12:49:16,247] INFO:fitness.free_loss_fidelity: RL4CO free-loss[warmstart] step 1404/1563: score=24.432413 (avg=24.787494), loss=0.029326 (avg=0.069106), pairs_step=316800, pairs_total=444777412
[2026-07-28 12:50:08,566] INFO:fitness.free_loss_fidelity: RL4CO free-loss[warmstart] step 1560/1563: score=23.468513 (avg=24.679300), loss=0.026689 (avg=0.065069), pairs_step=316800, pairs_total=494198192
[2026-07-28 12:50:30,425] INFO:fitness.free_loss_fidelity: RL4CO free-loss[warmstart] epoch 1/1: validation_objective=8.392601
[2026-07-28 12:50:51,085] INFO:fitness.free_loss_fidelity: Stage3 offline mini-train DONE gen=2 pair_index=10 score=0.5957969757080077 any_error=False
