[2026-07-28 11:41:14,342] INFO:fitness.free_loss_fidelity: Stage3 offline mini-train start gen=1 pair_index=10 scenarios=['tsp100']
[2026-07-28 11:41:14,428] INFO:fitness.free_loss_fidelity: Stage3 scenario start gen=1 pair_index=10 scenario=tsp100 K=200 seed=1234 valid_sizes=[100] baseline_json=/data1/gushengda/eam-rl4co_runs/tsp100-joint-matched-init-hf1-r5-20260728-1802/baseline_cache/baseline_minitrain_tsp100_ckpt135_epoch1_inst100000.json
[2026-07-28 11:41:19,254] WARNING:fitness.free_loss_fidelity: weights_only checkpoint load failed (UnpicklingError); retrying weights_only=False for /data1/gushengda/eam-rl4co/baseline/tsp100_epoch_135.ckpt
[2026-07-28 11:41:19,301] INFO:fitness.free_loss_fidelity: Loaded init checkpoint into policy: path=/data1/gushengda/eam-rl4co/baseline/tsp100_epoch_135.ckpt prefix=policy. matched=97 missing=0 unexpected=0
[2026-07-28 11:41:19,666] WARNING:fitness.free_loss_fidelity: weights_only checkpoint load failed (UnpicklingError); retrying weights_only=False for /data1/gushengda/eam-rl4co/baseline/tsp100_epoch_135.ckpt
[2026-07-28 11:41:19,708] INFO:fitness.free_loss_fidelity: Loaded init checkpoint into policy: path=/data1/gushengda/eam-rl4co/baseline/tsp100_epoch_135.ckpt prefix=policy. matched=97 missing=0 unexpected=0
[2026-07-28 11:41:19,713] INFO:fitness.free_loss_fidelity: RL4CO free-loss phase=warmstart: epochs=1 steps_f1=1563 steps_f2=0 total_steps=1563 (ckpt=/data1/gushengda/eam-rl4co/baseline/tsp100_epoch_135.ckpt, device=cuda:0, env=tsp)
[2026-07-28 11:41:20,307] INFO:fitness.free_loss_fidelity: RL4CO free-loss[warmstart] step 1/1563: score=7.751812 (avg=7.751812), loss=1.191163 (avg=1.191163), pairs_step=315787, pairs_total=315787
[2026-07-28 11:42:11,061] INFO:fitness.free_loss_fidelity: RL4CO free-loss[warmstart] step 156/1563: score=11.854580 (avg=8.801439), loss=0.083699 (avg=0.194225), pairs_step=316800, pairs_total=49411694
[2026-07-28 11:43:01,100] INFO:fitness.free_loss_fidelity: RL4CO free-loss[warmstart] step 312/1563: score=37.990185 (avg=17.196537), loss=0.190300 (avg=0.172483), pairs_step=316800, pairs_total=98832472
[2026-07-28 11:43:51,378] INFO:fitness.free_loss_fidelity: RL4CO free-loss[warmstart] step 468/1563: score=32.144577 (avg=23.262407), loss=0.093508 (avg=0.155353), pairs_step=316799, pairs_total=148253242
[2026-07-28 11:44:41,476] INFO:fitness.free_loss_fidelity: RL4CO free-loss[warmstart] step 624/1563: score=29.276485 (avg=25.345620), loss=0.062423 (avg=0.138336), pairs_step=316799, pairs_total=197674016
[2026-07-28 11:45:31,575] INFO:fitness.free_loss_fidelity: RL4CO free-loss[warmstart] step 780/1563: score=27.373291 (avg=25.939718), loss=0.051968 (avg=0.122256), pairs_step=316800, pairs_total=247094789
[2026-07-28 11:46:21,666] INFO:fitness.free_loss_fidelity: RL4CO free-loss[warmstart] step 936/1563: score=25.927731 (avg=26.053541), loss=0.043711 (avg=0.110226), pairs_step=316799, pairs_total=296515572
[2026-07-28 11:47:11,778] INFO:fitness.free_loss_fidelity: RL4CO free-loss[warmstart] step 1092/1563: score=25.021389 (avg=25.975454), loss=0.043167 (avg=0.101109), pairs_step=316800, pairs_total=345936351
[2026-07-28 11:48:01,880] INFO:fitness.free_loss_fidelity: RL4CO free-loss[warmstart] step 1248/1563: score=23.816597 (avg=25.799094), loss=0.040748 (avg=0.093795), pairs_step=316800, pairs_total=395357132
[2026-07-28 11:48:52,199] INFO:fitness.free_loss_fidelity: RL4CO free-loss[warmstart] step 1404/1563: score=23.663479 (avg=25.576931), loss=0.038503 (avg=0.087854), pairs_step=316800, pairs_total=444777906
[2026-07-28 11:49:42,254] INFO:fitness.free_loss_fidelity: RL4CO free-loss[warmstart] step 1560/1563: score=23.504627 (avg=25.366588), loss=0.035615 (avg=0.083028), pairs_step=316800, pairs_total=494198691
[2026-07-28 11:50:03,930] INFO:fitness.free_loss_fidelity: RL4CO free-loss[warmstart] epoch 1/1: validation_objective=8.340887
[2026-07-28 11:50:24,600] INFO:fitness.free_loss_fidelity: Stage3 offline mini-train DONE gen=1 pair_index=10 score=0.5406327499389638 any_error=False
