[2026-07-28 23:24:17,984] INFO:fitness.free_loss_fidelity: Stage3 offline mini-train start gen=13 pair_index=11 scenarios=['tsp100']
[2026-07-28 23:24:18,071] INFO:fitness.free_loss_fidelity: Stage3 scenario start gen=13 pair_index=11 scenario=tsp100 K=200 seed=1234 valid_sizes=[100] baseline_json=/data1/gushengda/eam-rl4co_runs/tsp100-joint-matched-init-hf1-r5-20260728-1802/baseline_cache/baseline_minitrain_tsp100_ckpt135_epoch1_inst100000.json
[2026-07-28 23:24:23,021] WARNING:fitness.free_loss_fidelity: weights_only checkpoint load failed (UnpicklingError); retrying weights_only=False for /data1/gushengda/eam-rl4co/baseline/tsp100_epoch_135.ckpt
[2026-07-28 23:24:23,079] INFO:fitness.free_loss_fidelity: Loaded init checkpoint into policy: path=/data1/gushengda/eam-rl4co/baseline/tsp100_epoch_135.ckpt prefix=policy. matched=97 missing=0 unexpected=0
[2026-07-28 23:24:23,472] WARNING:fitness.free_loss_fidelity: weights_only checkpoint load failed (UnpicklingError); retrying weights_only=False for /data1/gushengda/eam-rl4co/baseline/tsp100_epoch_135.ckpt
[2026-07-28 23:24:23,525] INFO:fitness.free_loss_fidelity: Loaded init checkpoint into policy: path=/data1/gushengda/eam-rl4co/baseline/tsp100_epoch_135.ckpt prefix=policy. matched=97 missing=0 unexpected=0
[2026-07-28 23:24:23,545] INFO:fitness.free_loss_fidelity: RL4CO free-loss phase=warmstart: epochs=1 steps_f1=1563 steps_f2=0 total_steps=1563 (ckpt=/data1/gushengda/eam-rl4co/baseline/tsp100_epoch_135.ckpt, device=cuda:0, env=tsp)
[2026-07-28 23:24:24,325] INFO:fitness.free_loss_fidelity: RL4CO free-loss[warmstart] step 1/1563: score=7.751812 (avg=7.751812), loss=1.106500 (avg=1.106500), pairs_step=315787, pairs_total=315787
[2026-07-28 23:25:57,621] INFO:fitness.free_loss_fidelity: RL4CO free-loss[warmstart] step 156/1563: score=40.886826 (avg=28.499981), loss=0.826512 (avg=0.846858), pairs_step=316800, pairs_total=49412321
[2026-07-28 23:27:32,013] INFO:fitness.free_loss_fidelity: RL4CO free-loss[warmstart] step 312/1563: score=41.366463 (avg=35.412851), loss=0.556112 (avg=0.748195), pairs_step=316800, pairs_total=98833090
[2026-07-28 23:29:06,675] INFO:fitness.free_loss_fidelity: RL4CO free-loss[warmstart] step 468/1563: score=37.834198 (avg=36.876795), loss=0.366338 (avg=0.654175), pairs_step=316800, pairs_total=148253863
[2026-07-28 23:30:41,189] INFO:fitness.free_loss_fidelity: RL4CO free-loss[warmstart] step 624/1563: score=32.888962 (avg=36.241894), loss=0.276612 (avg=0.568240), pairs_step=316800, pairs_total=197674636
[2026-07-28 23:32:15,630] INFO:fitness.free_loss_fidelity: RL4CO free-loss[warmstart] step 780/1563: score=33.670273 (avg=35.580403), loss=0.291316 (avg=0.509842), pairs_step=316800, pairs_total=247095412
[2026-07-28 23:33:50,161] INFO:fitness.free_loss_fidelity: RL4CO free-loss[warmstart] step 936/1563: score=31.960449 (avg=34.982475), loss=0.245031 (avg=0.467822), pairs_step=316800, pairs_total=296516189
[2026-07-28 23:35:24,512] INFO:fitness.free_loss_fidelity: RL4CO free-loss[warmstart] step 1092/1563: score=30.099918 (avg=34.439893), loss=0.259317 (avg=0.435880), pairs_step=316799, pairs_total=345936956
[2026-07-28 23:36:59,043] INFO:fitness.free_loss_fidelity: RL4CO free-loss[warmstart] step 1248/1563: score=30.707500 (avg=33.988928), loss=0.276385 (avg=0.411270), pairs_step=316800, pairs_total=395357732
[2026-07-28 23:38:33,699] INFO:fitness.free_loss_fidelity: RL4CO free-loss[warmstart] step 1404/1563: score=30.004913 (avg=33.622227), loss=0.219492 (avg=0.392155), pairs_step=316800, pairs_total=444778490
[2026-07-28 23:40:06,660] INFO:fitness.free_loss_fidelity: RL4CO free-loss[warmstart] step 1560/1563: score=29.580780 (avg=33.265876), loss=0.215041 (avg=0.376086), pairs_step=316800, pairs_total=494199263
[2026-07-28 23:40:45,070] INFO:fitness.free_loss_fidelity: RL4CO free-loss[warmstart] epoch 1/1: validation_objective=8.710901
[2026-07-28 23:41:19,910] INFO:fitness.free_loss_fidelity: Stage3 offline mini-train DONE gen=13 pair_index=11 score=0.9154302352905264 any_error=False
