[2026-07-28 11:41:06,413] INFO:fitness.free_loss_fidelity: Stage3 offline mini-train start gen=1 pair_index=8 scenarios=['tsp100']
[2026-07-28 11:41:06,486] INFO:fitness.free_loss_fidelity: Stage3 scenario start gen=1 pair_index=8 scenario=tsp100 K=200 seed=1234 valid_sizes=[100] baseline_json=/data1/gushengda/eam-rl4co_runs/tsp100-joint-matched-init-hf1-r5-20260728-1802/baseline_cache/baseline_minitrain_tsp100_ckpt135_epoch1_inst100000.json
[2026-07-28 11:41:11,353] WARNING:fitness.free_loss_fidelity: weights_only checkpoint load failed (UnpicklingError); retrying weights_only=False for /data1/gushengda/eam-rl4co/baseline/tsp100_epoch_135.ckpt
[2026-07-28 11:41:11,403] INFO:fitness.free_loss_fidelity: Loaded init checkpoint into policy: path=/data1/gushengda/eam-rl4co/baseline/tsp100_epoch_135.ckpt prefix=policy. matched=97 missing=0 unexpected=0
[2026-07-28 11:41:11,788] WARNING:fitness.free_loss_fidelity: weights_only checkpoint load failed (UnpicklingError); retrying weights_only=False for /data1/gushengda/eam-rl4co/baseline/tsp100_epoch_135.ckpt
[2026-07-28 11:41:11,832] INFO:fitness.free_loss_fidelity: Loaded init checkpoint into policy: path=/data1/gushengda/eam-rl4co/baseline/tsp100_epoch_135.ckpt prefix=policy. matched=97 missing=0 unexpected=0
[2026-07-28 11:41:11,837] INFO:fitness.free_loss_fidelity: RL4CO free-loss phase=warmstart: epochs=1 steps_f1=1563 steps_f2=0 total_steps=1563 (ckpt=/data1/gushengda/eam-rl4co/baseline/tsp100_epoch_135.ckpt, device=cuda:0, env=tsp)
[2026-07-28 11:41:12,433] INFO:fitness.free_loss_fidelity: RL4CO free-loss[warmstart] step 1/1563: score=7.751812 (avg=7.751812), loss=1.210280 (avg=1.210280), pairs_step=315787, pairs_total=315787
[2026-07-28 11:42:05,350] INFO:fitness.free_loss_fidelity: RL4CO free-loss[warmstart] step 156/1563: score=8.142605 (avg=7.944768), loss=0.041764 (avg=0.158010), pairs_step=316800, pairs_total=49411066
[2026-07-28 11:42:57,800] INFO:fitness.free_loss_fidelity: RL4CO free-loss[warmstart] step 312/1563: score=10.537685 (avg=8.386702), loss=0.044689 (avg=0.100334), pairs_step=316799, pairs_total=98831855
[2026-07-28 11:43:50,149] INFO:fitness.free_loss_fidelity: RL4CO free-loss[warmstart] step 468/1563: score=39.234749 (avg=13.557295), loss=0.223540 (avg=0.102179), pairs_step=316800, pairs_total=148252644
[2026-07-28 11:44:42,214] INFO:fitness.free_loss_fidelity: RL4CO free-loss[warmstart] step 624/1563: score=35.568840 (avg=19.375896), loss=0.090870 (avg=0.113804), pairs_step=316800, pairs_total=197673419
[2026-07-28 11:45:34,299] INFO:fitness.free_loss_fidelity: RL4CO free-loss[warmstart] step 780/1563: score=30.100956 (avg=21.949525), loss=0.054662 (avg=0.105206), pairs_step=316800, pairs_total=247094200
[2026-07-28 11:46:27,021] INFO:fitness.free_loss_fidelity: RL4CO free-loss[warmstart] step 936/1563: score=27.104694 (avg=23.031908), loss=0.045592 (avg=0.096165), pairs_step=316800, pairs_total=296514972
[2026-07-28 11:47:19,979] INFO:fitness.free_loss_fidelity: RL4CO free-loss[warmstart] step 1092/1563: score=26.256948 (avg=23.523342), loss=0.041359 (avg=0.088756), pairs_step=316800, pairs_total=345935753
[2026-07-28 11:48:12,950] INFO:fitness.free_loss_fidelity: RL4CO free-loss[warmstart] step 1248/1563: score=24.415421 (avg=23.724454), loss=0.039883 (avg=0.082618), pairs_step=316800, pairs_total=395356541
[2026-07-28 11:49:06,130] INFO:fitness.free_loss_fidelity: RL4CO free-loss[warmstart] step 1404/1563: score=23.584274 (avg=23.768626), loss=0.035081 (avg=0.077540), pairs_step=316800, pairs_total=444777330
[2026-07-28 11:49:59,079] INFO:fitness.free_loss_fidelity: RL4CO free-loss[warmstart] step 1560/1563: score=22.973938 (avg=23.721512), loss=0.034968 (avg=0.073276), pairs_step=316800, pairs_total=494198110
[2026-07-28 11:50:20,917] INFO:fitness.free_loss_fidelity: RL4CO free-loss[warmstart] epoch 1/1: validation_objective=8.440753
[2026-07-28 11:50:50,899] INFO:fitness.free_loss_fidelity: Stage3 offline mini-train DONE gen=1 pair_index=8 score=0.6403161453247064 any_error=False
