[2026-07-28 18:40:28,850] INFO:fitness.free_loss_fidelity: Stage3 offline mini-train start gen=8 pair_index=13 scenarios=['tsp100']
[2026-07-28 18:40:28,899] INFO:fitness.free_loss_fidelity: Stage3 scenario start gen=8 pair_index=13 scenario=tsp100 K=200 seed=1234 valid_sizes=[100] baseline_json=/data1/gushengda/eam-rl4co_runs/tsp100-joint-matched-init-hf1-r5-20260728-1802/baseline_cache/baseline_minitrain_tsp100_ckpt135_epoch1_inst100000.json
[2026-07-28 18:40:33,785] WARNING:fitness.free_loss_fidelity: weights_only checkpoint load failed (UnpicklingError); retrying weights_only=False for /data1/gushengda/eam-rl4co/baseline/tsp100_epoch_135.ckpt
[2026-07-28 18:40:33,832] INFO:fitness.free_loss_fidelity: Loaded init checkpoint into policy: path=/data1/gushengda/eam-rl4co/baseline/tsp100_epoch_135.ckpt prefix=policy. matched=97 missing=0 unexpected=0
[2026-07-28 18:40:34,511] WARNING:fitness.free_loss_fidelity: weights_only checkpoint load failed (UnpicklingError); retrying weights_only=False for /data1/gushengda/eam-rl4co/baseline/tsp100_epoch_135.ckpt
[2026-07-28 18:40:34,555] INFO:fitness.free_loss_fidelity: Loaded init checkpoint into policy: path=/data1/gushengda/eam-rl4co/baseline/tsp100_epoch_135.ckpt prefix=policy. matched=97 missing=0 unexpected=0
[2026-07-28 18:40:34,693] INFO:fitness.free_loss_fidelity: RL4CO free-loss phase=warmstart: epochs=1 steps_f1=1563 steps_f2=0 total_steps=1563 (ckpt=/data1/gushengda/eam-rl4co/baseline/tsp100_epoch_135.ckpt, device=cuda:0, env=tsp)
[2026-07-28 18:40:35,393] INFO:fitness.free_loss_fidelity: RL4CO free-loss[warmstart] step 1/1563: score=7.751812 (avg=7.751812), loss=1.238124 (avg=1.238124), pairs_step=315787, pairs_total=315787
[2026-07-28 18:42:13,270] INFO:fitness.free_loss_fidelity: RL4CO free-loss[warmstart] step 156/1563: score=22.469872 (avg=13.426923), loss=0.334473 (avg=0.475295), pairs_step=316800, pairs_total=49413207
[2026-07-28 18:43:51,531] INFO:fitness.free_loss_fidelity: RL4CO free-loss[warmstart] step 312/1563: score=34.681084 (avg=18.530601), loss=0.303940 (avg=0.448488), pairs_step=316800, pairs_total=98833995
[2026-07-28 18:45:30,141] INFO:fitness.free_loss_fidelity: RL4CO free-loss[warmstart] step 468/1563: score=37.397133 (avg=23.132787), loss=0.280685 (avg=0.374157), pairs_step=316800, pairs_total=148254769
[2026-07-28 18:47:08,872] INFO:fitness.free_loss_fidelity: RL4CO free-loss[warmstart] step 624/1563: score=36.324738 (avg=26.570782), loss=0.173632 (avg=0.333803), pairs_step=316800, pairs_total=197675542
[2026-07-28 18:48:47,549] INFO:fitness.free_loss_fidelity: RL4CO free-loss[warmstart] step 780/1563: score=34.592636 (avg=28.395911), loss=0.182957 (avg=0.308619), pairs_step=316799, pairs_total=247096317
[2026-07-28 18:50:26,212] INFO:fitness.free_loss_fidelity: RL4CO free-loss[warmstart] step 936/1563: score=34.193855 (avg=29.350563), loss=0.123106 (avg=0.281057), pairs_step=316800, pairs_total=296517100
[2026-07-28 18:52:04,840] INFO:fitness.free_loss_fidelity: RL4CO free-loss[warmstart] step 1092/1563: score=32.636517 (avg=29.880224), loss=0.110770 (avg=0.257860), pairs_step=316800, pairs_total=345937871
[2026-07-28 18:53:43,303] INFO:fitness.free_loss_fidelity: RL4CO free-loss[warmstart] step 1248/1563: score=32.161057 (avg=30.257705), loss=0.106288 (avg=0.240106), pairs_step=316800, pairs_total=395358650
[2026-07-28 18:55:22,020] INFO:fitness.free_loss_fidelity: RL4CO free-loss[warmstart] step 1404/1563: score=32.072578 (avg=30.440967), loss=0.105082 (avg=0.225299), pairs_step=316800, pairs_total=444779431
[2026-07-28 18:56:41,654] INFO:fitness.free_loss_fidelity: RL4CO free-loss[warmstart] step 1560/1563: score=31.251442 (avg=30.531909), loss=0.099056 (avg=0.213051), pairs_step=316800, pairs_total=494200197
[2026-07-28 18:57:15,961] INFO:fitness.free_loss_fidelity: RL4CO free-loss[warmstart] epoch 1/1: validation_objective=9.220047
[2026-07-28 18:57:36,736] INFO:fitness.free_loss_fidelity: Stage3 offline mini-train DONE gen=8 pair_index=13 score=1.4187767562866211 any_error=False
