[2026-07-28 10:34:37,576] INFO:fitness.free_loss_fidelity: Stage3 offline mini-train start gen=0 pair_index=3 scenarios=['tsp100']
[2026-07-28 10:34:37,649] INFO:fitness.free_loss_fidelity: Stage3 scenario start gen=0 pair_index=3 scenario=tsp100 K=200 seed=1234 valid_sizes=[100] baseline_json=/data1/gushengda/eam-rl4co_runs/tsp100-joint-matched-init-hf1-r5-20260728-1802/baseline_cache/baseline_minitrain_tsp100_ckpt135_epoch1_inst100000.json
[2026-07-28 10:34:42,377] WARNING:fitness.free_loss_fidelity: weights_only checkpoint load failed (UnpicklingError); retrying weights_only=False for /data1/gushengda/eam-rl4co/baseline/tsp100_epoch_135.ckpt
[2026-07-28 10:34:42,420] INFO:fitness.free_loss_fidelity: Loaded init checkpoint into policy: path=/data1/gushengda/eam-rl4co/baseline/tsp100_epoch_135.ckpt prefix=policy. matched=97 missing=0 unexpected=0
[2026-07-28 10:34:42,784] WARNING:fitness.free_loss_fidelity: weights_only checkpoint load failed (UnpicklingError); retrying weights_only=False for /data1/gushengda/eam-rl4co/baseline/tsp100_epoch_135.ckpt
[2026-07-28 10:34:42,826] INFO:fitness.free_loss_fidelity: Loaded init checkpoint into policy: path=/data1/gushengda/eam-rl4co/baseline/tsp100_epoch_135.ckpt prefix=policy. matched=97 missing=0 unexpected=0
[2026-07-28 10:34:42,832] INFO:fitness.free_loss_fidelity: RL4CO free-loss phase=warmstart: epochs=1 steps_f1=1563 steps_f2=0 total_steps=1563 (ckpt=/data1/gushengda/eam-rl4co/baseline/tsp100_epoch_135.ckpt, device=cuda:0, env=tsp)
[2026-07-28 10:34:43,424] INFO:fitness.free_loss_fidelity: RL4CO free-loss[warmstart] step 1/1563: score=7.751812 (avg=7.751812), loss=-1.949050 (avg=-1.949050), pairs_step=316800, pairs_total=316800
[2026-07-28 10:35:35,264] INFO:fitness.free_loss_fidelity: RL4CO free-loss[warmstart] step 156/1563: score=7.765175 (avg=7.803907), loss=-1.632614 (avg=-1.711288), pairs_step=316800, pairs_total=49420800
[2026-07-28 10:36:27,466] INFO:fitness.free_loss_fidelity: RL4CO free-loss[warmstart] step 312/1563: score=7.802852 (avg=7.808787), loss=-1.562605 (avg=-1.642484), pairs_step=316800, pairs_total=98841600
[2026-07-28 10:37:19,619] INFO:fitness.free_loss_fidelity: RL4CO free-loss[warmstart] step 468/1563: score=7.854879 (avg=7.809957), loss=-1.435041 (avg=-1.602260), pairs_step=316800, pairs_total=148262400
[2026-07-28 10:38:11,999] INFO:fitness.free_loss_fidelity: RL4CO free-loss[warmstart] step 624/1563: score=7.804152 (avg=7.809993), loss=-1.488244 (avg=-1.574506), pairs_step=316800, pairs_total=197683200
[2026-07-28 10:39:04,120] INFO:fitness.free_loss_fidelity: RL4CO free-loss[warmstart] step 780/1563: score=7.861176 (avg=7.811263), loss=-1.435843 (avg=-1.554925), pairs_step=316800, pairs_total=247104000
[2026-07-28 10:39:56,248] INFO:fitness.free_loss_fidelity: RL4CO free-loss[warmstart] step 936/1563: score=7.799385 (avg=7.811798), loss=-1.428071 (avg=-1.538217), pairs_step=316800, pairs_total=296524800
[2026-07-28 10:40:48,375] INFO:fitness.free_loss_fidelity: RL4CO free-loss[warmstart] step 1092/1563: score=7.821440 (avg=7.811981), loss=-1.399557 (avg=-1.525078), pairs_step=316800, pairs_total=345945600
[2026-07-28 10:41:40,799] INFO:fitness.free_loss_fidelity: RL4CO free-loss[warmstart] step 1248/1563: score=7.812164 (avg=7.812883), loss=-1.400648 (avg=-1.512511), pairs_step=316800, pairs_total=395366400
[2026-07-28 10:42:32,752] INFO:fitness.free_loss_fidelity: RL4CO free-loss[warmstart] step 1404/1563: score=7.834155 (avg=7.812654), loss=-1.397835 (avg=-1.502136), pairs_step=316800, pairs_total=444787200
[2026-07-28 10:43:25,513] INFO:fitness.free_loss_fidelity: RL4CO free-loss[warmstart] step 1560/1563: score=7.845809 (avg=7.813109), loss=-1.448115 (avg=-1.492623), pairs_step=316800, pairs_total=494208000
[2026-07-28 10:43:47,258] INFO:fitness.free_loss_fidelity: RL4CO free-loss[warmstart] epoch 1/1: validation_objective=7.817210
[2026-07-28 10:44:08,144] INFO:fitness.free_loss_fidelity: Stage3 offline mini-train DONE gen=0 pair_index=3 score=0.017992042541504105 any_error=False
