[2026-07-28 15:39:41,373] INFO:fitness.free_loss_fidelity: Stage3 offline mini-train start gen=5 pair_index=15 scenarios=['tsp100']
[2026-07-28 15:39:41,448] INFO:fitness.free_loss_fidelity: Stage3 scenario start gen=5 pair_index=15 scenario=tsp100 K=200 seed=1234 valid_sizes=[100] baseline_json=/data1/gushengda/eam-rl4co_runs/tsp100-joint-matched-init-hf1-r5-20260728-1802/baseline_cache/baseline_minitrain_tsp100_ckpt135_epoch1_inst100000.json
[2026-07-28 15:39:46,262] WARNING:fitness.free_loss_fidelity: weights_only checkpoint load failed (UnpicklingError); retrying weights_only=False for /data1/gushengda/eam-rl4co/baseline/tsp100_epoch_135.ckpt
[2026-07-28 15:39:46,305] INFO:fitness.free_loss_fidelity: Loaded init checkpoint into policy: path=/data1/gushengda/eam-rl4co/baseline/tsp100_epoch_135.ckpt prefix=policy. matched=97 missing=0 unexpected=0
[2026-07-28 15:39:46,674] WARNING:fitness.free_loss_fidelity: weights_only checkpoint load failed (UnpicklingError); retrying weights_only=False for /data1/gushengda/eam-rl4co/baseline/tsp100_epoch_135.ckpt
[2026-07-28 15:39:46,716] INFO:fitness.free_loss_fidelity: Loaded init checkpoint into policy: path=/data1/gushengda/eam-rl4co/baseline/tsp100_epoch_135.ckpt prefix=policy. matched=97 missing=0 unexpected=0
[2026-07-28 15:39:46,722] INFO:fitness.free_loss_fidelity: RL4CO free-loss phase=warmstart: epochs=1 steps_f1=1563 steps_f2=0 total_steps=1563 (ckpt=/data1/gushengda/eam-rl4co/baseline/tsp100_epoch_135.ckpt, device=cuda:0, env=tsp)
[2026-07-28 15:39:47,309] INFO:fitness.free_loss_fidelity: RL4CO free-loss[warmstart] step 1/1563: score=7.751812 (avg=7.751812), loss=1.238124 (avg=1.238124), pairs_step=315787, pairs_total=315787
[2026-07-28 15:40:37,307] INFO:fitness.free_loss_fidelity: RL4CO free-loss[warmstart] step 156/1563: score=16.486877 (avg=11.886296), loss=0.133192 (avg=0.358761), pairs_step=316800, pairs_total=49413441
[2026-07-28 15:41:27,677] INFO:fitness.free_loss_fidelity: RL4CO free-loss[warmstart] step 312/1563: score=38.356789 (avg=21.845705), loss=0.183441 (avg=0.279411), pairs_step=316799, pairs_total=98834231
[2026-07-28 15:42:18,288] INFO:fitness.free_loss_fidelity: RL4CO free-loss[warmstart] step 468/1563: score=35.883171 (avg=26.750443), loss=0.134083 (avg=0.236171), pairs_step=316800, pairs_total=148255013
[2026-07-28 15:43:08,676] INFO:fitness.free_loss_fidelity: RL4CO free-loss[warmstart] step 624/1563: score=32.047050 (avg=28.445870), loss=0.115821 (avg=0.205039), pairs_step=316800, pairs_total=197675773
[2026-07-28 15:43:59,089] INFO:fitness.free_loss_fidelity: RL4CO free-loss[warmstart] step 780/1563: score=30.242435 (avg=29.025073), loss=0.088590 (avg=0.183465), pairs_step=316800, pairs_total=247096542
[2026-07-28 15:44:49,492] INFO:fitness.free_loss_fidelity: RL4CO free-loss[warmstart] step 936/1563: score=30.259874 (avg=29.312597), loss=0.090200 (avg=0.169092), pairs_step=316800, pairs_total=296517311
[2026-07-28 15:45:39,822] INFO:fitness.free_loss_fidelity: RL4CO free-loss[warmstart] step 1092/1563: score=28.135508 (avg=29.254229), loss=0.085082 (avg=0.156789), pairs_step=316800, pairs_total=345938075
[2026-07-28 15:46:30,118] INFO:fitness.free_loss_fidelity: RL4CO free-loss[warmstart] step 1248/1563: score=27.116745 (avg=29.061912), loss=0.073736 (avg=0.146890), pairs_step=316800, pairs_total=395358855
[2026-07-28 15:47:21,934] INFO:fitness.free_loss_fidelity: RL4CO free-loss[warmstart] step 1404/1563: score=26.870716 (avg=28.829845), loss=0.074358 (avg=0.138888), pairs_step=316800, pairs_total=444779633
[2026-07-28 15:48:14,499] INFO:fitness.free_loss_fidelity: RL4CO free-loss[warmstart] step 1560/1563: score=26.529648 (avg=28.598653), loss=0.071620 (avg=0.132297), pairs_step=316800, pairs_total=494200409
[2026-07-28 15:48:36,280] INFO:fitness.free_loss_fidelity: RL4CO free-loss[warmstart] epoch 1/1: validation_objective=8.462114
[2026-07-28 15:48:57,099] INFO:fitness.free_loss_fidelity: Stage3 offline mini-train DONE gen=5 pair_index=15 score=0.663019508361816 any_error=False
