[2026-07-28 12:21:59,488] INFO:fitness.free_loss_fidelity: Stage3 offline mini-train start gen=2 pair_index=4 scenarios=['tsp100']
[2026-07-28 12:21:59,540] INFO:fitness.free_loss_fidelity: Stage3 scenario start gen=2 pair_index=4 scenario=tsp100 K=200 seed=1234 valid_sizes=[100] baseline_json=/data1/gushengda/eam-rl4co_runs/tsp100-joint-matched-init-hf1-r5-20260728-1802/baseline_cache/baseline_minitrain_tsp100_ckpt135_epoch1_inst100000.json
[2026-07-28 12:22:04,556] WARNING:fitness.free_loss_fidelity: weights_only checkpoint load failed (UnpicklingError); retrying weights_only=False for /data1/gushengda/eam-rl4co/baseline/tsp100_epoch_135.ckpt
[2026-07-28 12:22:04,605] INFO:fitness.free_loss_fidelity: Loaded init checkpoint into policy: path=/data1/gushengda/eam-rl4co/baseline/tsp100_epoch_135.ckpt prefix=policy. matched=97 missing=0 unexpected=0
[2026-07-28 12:22:05,045] WARNING:fitness.free_loss_fidelity: weights_only checkpoint load failed (UnpicklingError); retrying weights_only=False for /data1/gushengda/eam-rl4co/baseline/tsp100_epoch_135.ckpt
[2026-07-28 12:22:05,094] INFO:fitness.free_loss_fidelity: Loaded init checkpoint into policy: path=/data1/gushengda/eam-rl4co/baseline/tsp100_epoch_135.ckpt prefix=policy. matched=97 missing=0 unexpected=0
[2026-07-28 12:22:05,117] INFO:fitness.free_loss_fidelity: RL4CO free-loss phase=warmstart: epochs=1 steps_f1=1563 steps_f2=0 total_steps=1563 (ckpt=/data1/gushengda/eam-rl4co/baseline/tsp100_epoch_135.ckpt, device=cuda:0, env=tsp)
[2026-07-28 12:22:05,875] INFO:fitness.free_loss_fidelity: RL4CO free-loss[warmstart] step 1/1563: score=7.751812 (avg=7.751812), loss=1.106500 (avg=1.106500), pairs_step=315787, pairs_total=315787
[2026-07-28 12:23:43,851] INFO:fitness.free_loss_fidelity: RL4CO free-loss[warmstart] step 156/1563: score=34.557400 (avg=20.617374), loss=0.597378 (avg=0.714903), pairs_step=316800, pairs_total=49412010
[2026-07-28 12:25:22,891] INFO:fitness.free_loss_fidelity: RL4CO free-loss[warmstart] step 312/1563: score=43.053703 (avg=31.478256), loss=0.667885 (avg=0.717182), pairs_step=316800, pairs_total=98832778
[2026-07-28 12:27:01,991] INFO:fitness.free_loss_fidelity: RL4CO free-loss[warmstart] step 468/1563: score=40.117226 (avg=34.705334), loss=0.467711 (avg=0.663570), pairs_step=316800, pairs_total=148253556
[2026-07-28 12:28:40,862] INFO:fitness.free_loss_fidelity: RL4CO free-loss[warmstart] step 624/1563: score=37.446865 (avg=35.543799), loss=0.392293 (avg=0.600133), pairs_step=316800, pairs_total=197674318
[2026-07-28 12:30:19,794] INFO:fitness.free_loss_fidelity: RL4CO free-loss[warmstart] step 780/1563: score=35.129047 (avg=35.613175), loss=0.305770 (avg=0.548677), pairs_step=316800, pairs_total=247095088
[2026-07-28 12:31:58,705] INFO:fitness.free_loss_fidelity: RL4CO free-loss[warmstart] step 936/1563: score=33.219551 (avg=35.419010), loss=0.279426 (avg=0.508639), pairs_step=316800, pairs_total=296515851
[2026-07-28 12:33:37,690] INFO:fitness.free_loss_fidelity: RL4CO free-loss[warmstart] step 1092/1563: score=33.741890 (avg=35.310396), loss=0.299356 (avg=0.478782), pairs_step=316800, pairs_total=345936631
[2026-07-28 12:35:16,679] INFO:fitness.free_loss_fidelity: RL4CO free-loss[warmstart] step 1248/1563: score=35.006218 (avg=35.262688), loss=0.307145 (avg=0.456971), pairs_step=316800, pairs_total=395357401
[2026-07-28 12:36:55,730] INFO:fitness.free_loss_fidelity: RL4CO free-loss[warmstart] step 1404/1563: score=34.254128 (avg=35.212478), loss=0.286871 (avg=0.439290), pairs_step=316800, pairs_total=444778177
[2026-07-28 12:38:34,670] INFO:fitness.free_loss_fidelity: RL4CO free-loss[warmstart] step 1560/1563: score=33.356060 (avg=35.082043), loss=0.257477 (avg=0.423708), pairs_step=316800, pairs_total=494198947
[2026-07-28 12:39:14,317] INFO:fitness.free_loss_fidelity: RL4CO free-loss[warmstart] epoch 1/1: validation_objective=9.202204
[2026-07-28 12:39:51,966] INFO:fitness.free_loss_fidelity: Stage3 offline mini-train DONE gen=2 pair_index=4 score=1.4106320205688467 any_error=False
