[2026-07-29 04:05:39,184] INFO:fitness.free_loss_fidelity: Stage3 offline mini-train start gen=18 pair_index=14 scenarios=['tsp100']
[2026-07-29 04:05:39,249] INFO:fitness.free_loss_fidelity: Stage3 scenario start gen=18 pair_index=14 scenario=tsp100 K=200 seed=1234 valid_sizes=[100] baseline_json=/data1/gushengda/eam-rl4co_runs/tsp100-joint-matched-init-hf1-r5-20260728-1802/baseline_cache/baseline_minitrain_tsp100_ckpt135_epoch1_inst100000.json
[2026-07-29 04:05:44,075] WARNING:fitness.free_loss_fidelity: weights_only checkpoint load failed (UnpicklingError); retrying weights_only=False for /data1/gushengda/eam-rl4co/baseline/tsp100_epoch_135.ckpt
[2026-07-29 04:05:44,148] INFO:fitness.free_loss_fidelity: Loaded init checkpoint into policy: path=/data1/gushengda/eam-rl4co/baseline/tsp100_epoch_135.ckpt prefix=policy. matched=97 missing=0 unexpected=0
[2026-07-29 04:05:44,518] WARNING:fitness.free_loss_fidelity: weights_only checkpoint load failed (UnpicklingError); retrying weights_only=False for /data1/gushengda/eam-rl4co/baseline/tsp100_epoch_135.ckpt
[2026-07-29 04:05:44,559] INFO:fitness.free_loss_fidelity: Loaded init checkpoint into policy: path=/data1/gushengda/eam-rl4co/baseline/tsp100_epoch_135.ckpt prefix=policy. matched=97 missing=0 unexpected=0
[2026-07-29 04:05:44,564] INFO:fitness.free_loss_fidelity: RL4CO free-loss phase=warmstart: epochs=1 steps_f1=1563 steps_f2=0 total_steps=1563 (ckpt=/data1/gushengda/eam-rl4co/baseline/tsp100_epoch_135.ckpt, device=cuda:0, env=tsp)
[2026-07-29 04:05:45,131] INFO:fitness.free_loss_fidelity: RL4CO free-loss[warmstart] step 1/1563: score=7.751812 (avg=7.751812), loss=1.106500 (avg=1.106500), pairs_step=315787, pairs_total=315787
[2026-07-29 04:06:36,242] INFO:fitness.free_loss_fidelity: RL4CO free-loss[warmstart] step 156/1563: score=31.807629 (avg=18.850063), loss=0.412192 (avg=0.651172), pairs_step=316800, pairs_total=49412489
[2026-07-29 04:07:26,641] INFO:fitness.free_loss_fidelity: RL4CO free-loss[warmstart] step 312/1563: score=27.334599 (avg=24.039282), loss=0.467289 (avg=0.494050), pairs_step=316800, pairs_total=98833270
[2026-07-29 04:08:17,378] INFO:fitness.free_loss_fidelity: RL4CO free-loss[warmstart] step 468/1563: score=30.563469 (avg=24.247253), loss=0.310565 (avg=0.507748), pairs_step=316800, pairs_total=148254057
[2026-07-29 04:09:07,865] INFO:fitness.free_loss_fidelity: RL4CO free-loss[warmstart] step 624/1563: score=33.923424 (avg=26.576440), loss=0.309793 (avg=0.484514), pairs_step=316800, pairs_total=197674826
[2026-07-29 04:09:58,344] INFO:fitness.free_loss_fidelity: RL4CO free-loss[warmstart] step 780/1563: score=32.253105 (avg=27.837124), loss=0.276858 (avg=0.444851), pairs_step=316800, pairs_total=247095594
[2026-07-29 04:10:48,816] INFO:fitness.free_loss_fidelity: RL4CO free-loss[warmstart] step 936/1563: score=31.396639 (avg=28.525249), loss=0.244981 (avg=0.415836), pairs_step=316800, pairs_total=296516366
[2026-07-29 04:11:39,251] INFO:fitness.free_loss_fidelity: RL4CO free-loss[warmstart] step 1092/1563: score=30.561739 (avg=28.864723), loss=0.239133 (avg=0.392402), pairs_step=316800, pairs_total=345937147
[2026-07-29 04:12:29,663] INFO:fitness.free_loss_fidelity: RL4CO free-loss[warmstart] step 1248/1563: score=29.656267 (avg=29.061693), loss=0.230228 (avg=0.373498), pairs_step=316800, pairs_total=395357919
[2026-07-29 04:13:20,198] INFO:fitness.free_loss_fidelity: RL4CO free-loss[warmstart] step 1404/1563: score=29.405926 (avg=29.142937), loss=0.214578 (avg=0.357286), pairs_step=316799, pairs_total=444778693
[2026-07-29 04:14:10,707] INFO:fitness.free_loss_fidelity: RL4CO free-loss[warmstart] step 1560/1563: score=29.539007 (avg=29.179703), loss=0.214150 (avg=0.344330), pairs_step=316800, pairs_total=494199465
[2026-07-29 04:14:32,435] INFO:fitness.free_loss_fidelity: RL4CO free-loss[warmstart] epoch 1/1: validation_objective=8.712878
[2026-07-29 04:14:53,134] INFO:fitness.free_loss_fidelity: Stage3 offline mini-train DONE gen=18 pair_index=14 score=0.9187664566040032 any_error=False
