[2026-07-29 05:03:38,964] INFO:fitness.free_loss_fidelity: Stage3 offline mini-train start gen=19 pair_index=12 scenarios=['tsp100']
[2026-07-29 05:03:39,039] INFO:fitness.free_loss_fidelity: Stage3 scenario start gen=19 pair_index=12 scenario=tsp100 K=200 seed=1234 valid_sizes=[100] baseline_json=/data1/gushengda/eam-rl4co_runs/tsp100-joint-matched-init-hf1-r5-20260728-1802/baseline_cache/baseline_minitrain_tsp100_ckpt135_epoch1_inst100000.json
[2026-07-29 05:03:43,902] WARNING:fitness.free_loss_fidelity: weights_only checkpoint load failed (UnpicklingError); retrying weights_only=False for /data1/gushengda/eam-rl4co/baseline/tsp100_epoch_135.ckpt
[2026-07-29 05:03:43,948] INFO:fitness.free_loss_fidelity: Loaded init checkpoint into policy: path=/data1/gushengda/eam-rl4co/baseline/tsp100_epoch_135.ckpt prefix=policy. matched=97 missing=0 unexpected=0
[2026-07-29 05:03:44,322] WARNING:fitness.free_loss_fidelity: weights_only checkpoint load failed (UnpicklingError); retrying weights_only=False for /data1/gushengda/eam-rl4co/baseline/tsp100_epoch_135.ckpt
[2026-07-29 05:03:44,365] INFO:fitness.free_loss_fidelity: Loaded init checkpoint into policy: path=/data1/gushengda/eam-rl4co/baseline/tsp100_epoch_135.ckpt prefix=policy. matched=97 missing=0 unexpected=0
[2026-07-29 05:03:44,370] INFO:fitness.free_loss_fidelity: RL4CO free-loss phase=warmstart: epochs=1 steps_f1=1563 steps_f2=0 total_steps=1563 (ckpt=/data1/gushengda/eam-rl4co/baseline/tsp100_epoch_135.ckpt, device=cuda:0, env=tsp)
[2026-07-29 05:03:44,979] INFO:fitness.free_loss_fidelity: RL4CO free-loss[warmstart] step 1/1563: score=7.751812 (avg=7.751812), loss=1.084380 (avg=1.084380), pairs_step=315787, pairs_total=315787
[2026-07-29 05:04:37,301] INFO:fitness.free_loss_fidelity: RL4CO free-loss[warmstart] step 156/1563: score=38.447952 (avg=28.944033), loss=0.910231 (avg=0.970117), pairs_step=316800, pairs_total=49412149
[2026-07-29 05:05:29,875] INFO:fitness.free_loss_fidelity: RL4CO free-loss[warmstart] step 312/1563: score=45.442112 (avg=36.439767), loss=0.931378 (avg=0.897380), pairs_step=316800, pairs_total=98832924
[2026-07-29 05:06:22,638] INFO:fitness.free_loss_fidelity: RL4CO free-loss[warmstart] step 468/1563: score=39.812271 (avg=38.612834), loss=0.518679 (avg=0.837443), pairs_step=316800, pairs_total=148253692
[2026-07-29 05:07:15,183] INFO:fitness.free_loss_fidelity: RL4CO free-loss[warmstart] step 624/1563: score=37.144554 (avg=38.361346), loss=0.391304 (avg=0.734119), pairs_step=316800, pairs_total=197674460
[2026-07-29 05:08:07,734] INFO:fitness.free_loss_fidelity: RL4CO free-loss[warmstart] step 780/1563: score=34.044098 (avg=37.802907), loss=0.323397 (avg=0.660028), pairs_step=316800, pairs_total=247095239
[2026-07-29 05:09:00,269] INFO:fitness.free_loss_fidelity: RL4CO free-loss[warmstart] step 936/1563: score=33.848335 (avg=37.080460), loss=0.305051 (avg=0.602623), pairs_step=316800, pairs_total=296516014
[2026-07-29 05:09:52,653] INFO:fitness.free_loss_fidelity: RL4CO free-loss[warmstart] step 1092/1563: score=35.555691 (avg=36.878389), loss=0.371458 (avg=0.569603), pairs_step=316800, pairs_total=345936789
[2026-07-29 05:10:45,510] INFO:fitness.free_loss_fidelity: RL4CO free-loss[warmstart] step 1248/1563: score=34.189362 (avg=36.570805), loss=0.324043 (avg=0.541719), pairs_step=316800, pairs_total=395357568
[2026-07-29 05:11:39,365] INFO:fitness.free_loss_fidelity: RL4CO free-loss[warmstart] step 1404/1563: score=32.754120 (avg=36.202488), loss=0.314156 (avg=0.516439), pairs_step=316800, pairs_total=444778341
[2026-07-29 05:12:32,987] INFO:fitness.free_loss_fidelity: RL4CO free-loss[warmstart] step 1560/1563: score=32.676975 (avg=35.875139), loss=0.291407 (avg=0.495943), pairs_step=316800, pairs_total=494199115
[2026-07-29 05:12:54,924] INFO:fitness.free_loss_fidelity: RL4CO free-loss[warmstart] epoch 1/1: validation_objective=9.433255
[2026-07-29 05:13:15,804] INFO:fitness.free_loss_fidelity: Stage3 offline mini-train DONE gen=19 pair_index=12 score=1.6354570724487294 any_error=False
