[2026-07-28 23:07:49,380] INFO:fitness.free_loss_fidelity: Stage3 offline mini-train start gen=13 pair_index=10 scenarios=['tsp100']
[2026-07-28 23:07:49,468] INFO:fitness.free_loss_fidelity: Stage3 scenario start gen=13 pair_index=10 scenario=tsp100 K=200 seed=1234 valid_sizes=[100] baseline_json=/data1/gushengda/eam-rl4co_runs/tsp100-joint-matched-init-hf1-r5-20260728-1802/baseline_cache/baseline_minitrain_tsp100_ckpt135_epoch1_inst100000.json
[2026-07-28 23:07:54,317] WARNING:fitness.free_loss_fidelity: weights_only checkpoint load failed (UnpicklingError); retrying weights_only=False for /data1/gushengda/eam-rl4co/baseline/tsp100_epoch_135.ckpt
[2026-07-28 23:07:54,372] INFO:fitness.free_loss_fidelity: Loaded init checkpoint into policy: path=/data1/gushengda/eam-rl4co/baseline/tsp100_epoch_135.ckpt prefix=policy. matched=97 missing=0 unexpected=0
[2026-07-28 23:07:54,741] WARNING:fitness.free_loss_fidelity: weights_only checkpoint load failed (UnpicklingError); retrying weights_only=False for /data1/gushengda/eam-rl4co/baseline/tsp100_epoch_135.ckpt
[2026-07-28 23:07:54,784] INFO:fitness.free_loss_fidelity: Loaded init checkpoint into policy: path=/data1/gushengda/eam-rl4co/baseline/tsp100_epoch_135.ckpt prefix=policy. matched=97 missing=0 unexpected=0
[2026-07-28 23:07:54,789] INFO:fitness.free_loss_fidelity: RL4CO free-loss phase=warmstart: epochs=1 steps_f1=1563 steps_f2=0 total_steps=1563 (ckpt=/data1/gushengda/eam-rl4co/baseline/tsp100_epoch_135.ckpt, device=cuda:0, env=tsp)
[2026-07-28 23:07:55,373] INFO:fitness.free_loss_fidelity: RL4CO free-loss[warmstart] step 1/1563: score=7.751812 (avg=7.751812), loss=1.238124 (avg=1.238124), pairs_step=315787, pairs_total=315787
[2026-07-28 23:08:47,537] INFO:fitness.free_loss_fidelity: RL4CO free-loss[warmstart] step 156/1563: score=19.366217 (avg=15.594438), loss=0.516821 (avg=0.529786), pairs_step=316800, pairs_total=49413251
[2026-07-28 23:09:39,979] INFO:fitness.free_loss_fidelity: RL4CO free-loss[warmstart] step 312/1563: score=40.983414 (avg=22.479752), loss=0.389117 (avg=0.434844), pairs_step=316800, pairs_total=98834036
[2026-07-28 23:10:32,584] INFO:fitness.free_loss_fidelity: RL4CO free-loss[warmstart] step 468/1563: score=35.691200 (avg=27.366209), loss=0.151847 (avg=0.359308), pairs_step=316800, pairs_total=148254817
[2026-07-28 23:11:24,985] INFO:fitness.free_loss_fidelity: RL4CO free-loss[warmstart] step 624/1563: score=33.960030 (avg=29.499434), loss=0.152774 (avg=0.316227), pairs_step=316800, pairs_total=197675586
[2026-07-28 23:12:17,370] INFO:fitness.free_loss_fidelity: RL4CO free-loss[warmstart] step 780/1563: score=33.272453 (avg=30.213515), loss=0.115469 (avg=0.281341), pairs_step=316800, pairs_total=247096357
[2026-07-28 23:13:09,860] INFO:fitness.free_loss_fidelity: RL4CO free-loss[warmstart] step 936/1563: score=32.729019 (avg=30.698260), loss=0.120188 (avg=0.254088), pairs_step=316800, pairs_total=296517125
[2026-07-28 23:14:02,250] INFO:fitness.free_loss_fidelity: RL4CO free-loss[warmstart] step 1092/1563: score=33.761482 (avg=31.060373), loss=0.118916 (avg=0.235430), pairs_step=316800, pairs_total=345937902
[2026-07-28 23:14:54,675] INFO:fitness.free_loss_fidelity: RL4CO free-loss[warmstart] step 1248/1563: score=32.596146 (avg=31.367462), loss=0.116394 (avg=0.221256), pairs_step=316799, pairs_total=395358669
[2026-07-28 23:15:47,302] INFO:fitness.free_loss_fidelity: RL4CO free-loss[warmstart] step 1404/1563: score=31.786522 (avg=31.487709), loss=0.101623 (avg=0.209070), pairs_step=316800, pairs_total=444779438
[2026-07-28 23:16:39,741] INFO:fitness.free_loss_fidelity: RL4CO free-loss[warmstart] step 1560/1563: score=31.168789 (avg=31.489687), loss=0.100316 (avg=0.198441), pairs_step=316800, pairs_total=494200202
[2026-07-28 23:17:01,396] INFO:fitness.free_loss_fidelity: RL4CO free-loss[warmstart] epoch 1/1: validation_objective=8.805634
[2026-07-28 23:17:21,986] INFO:fitness.free_loss_fidelity: Stage3 offline mini-train DONE gen=13 pair_index=10 score=1.0075565109252933 any_error=False
