[2026-07-28 16:43:30,792] INFO:fitness.free_loss_fidelity: Stage3 offline mini-train start gen=6 pair_index=15 scenarios=['tsp100']
[2026-07-28 16:43:30,881] INFO:fitness.free_loss_fidelity: Stage3 scenario start gen=6 pair_index=15 scenario=tsp100 K=200 seed=1234 valid_sizes=[100] baseline_json=/data1/gushengda/eam-rl4co_runs/tsp100-joint-matched-init-hf1-r5-20260728-1802/baseline_cache/baseline_minitrain_tsp100_ckpt135_epoch1_inst100000.json
[2026-07-28 16:43:36,110] WARNING:fitness.free_loss_fidelity: weights_only checkpoint load failed (UnpicklingError); retrying weights_only=False for /data1/gushengda/eam-rl4co/baseline/tsp100_epoch_135.ckpt
[2026-07-28 16:43:36,160] INFO:fitness.free_loss_fidelity: Loaded init checkpoint into policy: path=/data1/gushengda/eam-rl4co/baseline/tsp100_epoch_135.ckpt prefix=policy. matched=97 missing=0 unexpected=0
[2026-07-28 16:43:36,578] WARNING:fitness.free_loss_fidelity: weights_only checkpoint load failed (UnpicklingError); retrying weights_only=False for /data1/gushengda/eam-rl4co/baseline/tsp100_epoch_135.ckpt
[2026-07-28 16:43:36,627] INFO:fitness.free_loss_fidelity: Loaded init checkpoint into policy: path=/data1/gushengda/eam-rl4co/baseline/tsp100_epoch_135.ckpt prefix=policy. matched=97 missing=0 unexpected=0
[2026-07-28 16:43:36,661] INFO:fitness.free_loss_fidelity: RL4CO free-loss phase=warmstart: epochs=1 steps_f1=1563 steps_f2=0 total_steps=1563 (ckpt=/data1/gushengda/eam-rl4co/baseline/tsp100_epoch_135.ckpt, device=cuda:0, env=tsp)
[2026-07-28 16:43:37,475] INFO:fitness.free_loss_fidelity: RL4CO free-loss[warmstart] step 1/1563: score=7.751812 (avg=7.751812), loss=1.084380 (avg=1.084380), pairs_step=315787, pairs_total=315787
[2026-07-28 16:45:10,489] INFO:fitness.free_loss_fidelity: RL4CO free-loss[warmstart] step 156/1563: score=12.778065 (avg=18.086893), loss=0.490277 (avg=0.751195), pairs_step=316799, pairs_total=49411961
[2026-07-28 16:46:44,455] INFO:fitness.free_loss_fidelity: RL4CO free-loss[warmstart] step 312/1563: score=13.673239 (avg=15.275765), loss=0.214982 (avg=0.506302), pairs_step=316800, pairs_total=98832742
[2026-07-28 16:48:18,433] INFO:fitness.free_loss_fidelity: RL4CO free-loss[warmstart] step 468/1563: score=13.675652 (avg=14.645132), loss=0.189488 (avg=0.404571), pairs_step=316800, pairs_total=148253516
[2026-07-28 16:49:52,104] INFO:fitness.free_loss_fidelity: RL4CO free-loss[warmstart] step 624/1563: score=13.404478 (avg=14.249160), loss=0.183191 (avg=0.349652), pairs_step=316800, pairs_total=197674292
[2026-07-28 16:51:25,770] INFO:fitness.free_loss_fidelity: RL4CO free-loss[warmstart] step 780/1563: score=12.683854 (avg=13.947440), loss=0.165579 (avg=0.314622), pairs_step=316800, pairs_total=247095066
[2026-07-28 16:52:59,425] INFO:fitness.free_loss_fidelity: RL4CO free-loss[warmstart] step 936/1563: score=29.440229 (avg=13.752700), loss=0.318731 (avg=0.293589), pairs_step=316800, pairs_total=296515851
[2026-07-28 16:54:33,138] INFO:fitness.free_loss_fidelity: RL4CO free-loss[warmstart] step 1092/1563: score=28.122227 (avg=16.203992), loss=0.229436 (avg=0.289865), pairs_step=316800, pairs_total=345936625
[2026-07-28 16:56:06,842] INFO:fitness.free_loss_fidelity: RL4CO free-loss[warmstart] step 1248/1563: score=26.501827 (avg=17.586397), loss=0.214890 (avg=0.281904), pairs_step=316800, pairs_total=395357392
[2026-07-28 16:57:40,807] INFO:fitness.free_loss_fidelity: RL4CO free-loss[warmstart] step 1404/1563: score=25.215599 (avg=18.500633), loss=0.215389 (avg=0.274649), pairs_step=316800, pairs_total=444778181
[2026-07-28 16:59:14,440] INFO:fitness.free_loss_fidelity: RL4CO free-loss[warmstart] step 1560/1563: score=24.813107 (avg=19.160215), loss=0.207200 (avg=0.268311), pairs_step=316800, pairs_total=494198957
[2026-07-28 16:59:52,835] INFO:fitness.free_loss_fidelity: RL4CO free-loss[warmstart] epoch 1/1: validation_objective=8.365597
[2026-07-28 17:00:29,449] INFO:fitness.free_loss_fidelity: Stage3 offline mini-train DONE gen=6 pair_index=15 score=0.5694878433227535 any_error=False
