[2026-07-28 11:22:02,645] INFO:fitness.free_loss_fidelity: Stage3 offline mini-train start gen=1 pair_index=2 scenarios=['tsp100']
[2026-07-28 11:22:02,695] INFO:fitness.free_loss_fidelity: Stage3 scenario start gen=1 pair_index=2 scenario=tsp100 K=200 seed=1234 valid_sizes=[100] baseline_json=/data1/gushengda/eam-rl4co_runs/tsp100-joint-matched-init-hf1-r5-20260728-1802/baseline_cache/baseline_minitrain_tsp100_ckpt135_epoch1_inst100000.json
[2026-07-28 11:22:08,055] WARNING:fitness.free_loss_fidelity: weights_only checkpoint load failed (UnpicklingError); retrying weights_only=False for /data1/gushengda/eam-rl4co/baseline/tsp100_epoch_135.ckpt
[2026-07-28 11:22:08,121] INFO:fitness.free_loss_fidelity: Loaded init checkpoint into policy: path=/data1/gushengda/eam-rl4co/baseline/tsp100_epoch_135.ckpt prefix=policy. matched=97 missing=0 unexpected=0
[2026-07-28 11:22:08,522] WARNING:fitness.free_loss_fidelity: weights_only checkpoint load failed (UnpicklingError); retrying weights_only=False for /data1/gushengda/eam-rl4co/baseline/tsp100_epoch_135.ckpt
[2026-07-28 11:22:08,777] INFO:fitness.free_loss_fidelity: Loaded init checkpoint into policy: path=/data1/gushengda/eam-rl4co/baseline/tsp100_epoch_135.ckpt prefix=policy. matched=97 missing=0 unexpected=0
[2026-07-28 11:22:08,783] INFO:fitness.free_loss_fidelity: RL4CO free-loss phase=warmstart: epochs=1 steps_f1=1563 steps_f2=0 total_steps=1563 (ckpt=/data1/gushengda/eam-rl4co/baseline/tsp100_epoch_135.ckpt, device=cuda:0, env=tsp)
[2026-07-28 11:22:09,392] INFO:fitness.free_loss_fidelity: RL4CO free-loss[warmstart] step 1/1563: score=7.751812 (avg=7.751812), loss=1.213241 (avg=1.213241), pairs_step=315787, pairs_total=315787
[2026-07-28 11:23:01,736] INFO:fitness.free_loss_fidelity: RL4CO free-loss[warmstart] step 156/1563: score=8.010928 (avg=7.923598), loss=0.051947 (avg=0.171781), pairs_step=316800, pairs_total=49411385
[2026-07-28 11:23:54,294] INFO:fitness.free_loss_fidelity: RL4CO free-loss[warmstart] step 312/1563: score=14.972081 (avg=9.456061), loss=0.051426 (avg=0.113585), pairs_step=316799, pairs_total=98832173
[2026-07-28 11:24:47,101] INFO:fitness.free_loss_fidelity: RL4CO free-loss[warmstart] step 468/1563: score=18.799690 (avg=13.981068), loss=0.085383 (avg=0.117437), pairs_step=316800, pairs_total=148252952
[2026-07-28 11:25:39,650] INFO:fitness.free_loss_fidelity: RL4CO free-loss[warmstart] step 624/1563: score=21.139244 (avg=15.658821), loss=0.053668 (avg=0.107943), pairs_step=316800, pairs_total=197673730
[2026-07-28 11:26:32,225] INFO:fitness.free_loss_fidelity: RL4CO free-loss[warmstart] step 780/1563: score=22.126743 (avg=16.163678), loss=0.052291 (avg=0.100021), pairs_step=316800, pairs_total=247094505
[2026-07-28 11:27:24,785] INFO:fitness.free_loss_fidelity: RL4CO free-loss[warmstart] step 936/1563: score=17.127668 (avg=16.654765), loss=0.043994 (avg=0.091222), pairs_step=316799, pairs_total=296515274
[2026-07-28 11:28:17,327] INFO:fitness.free_loss_fidelity: RL4CO free-loss[warmstart] step 1092/1563: score=11.103255 (avg=16.635117), loss=0.037318 (avg=0.083970), pairs_step=316800, pairs_total=345936058
[2026-07-28 11:29:09,836] INFO:fitness.free_loss_fidelity: RL4CO free-loss[warmstart] step 1248/1563: score=13.888687 (avg=16.089441), loss=0.025374 (avg=0.083715), pairs_step=316800, pairs_total=395356846
[2026-07-28 11:30:02,584] INFO:fitness.free_loss_fidelity: RL4CO free-loss[warmstart] step 1404/1563: score=19.393227 (avg=16.379579), loss=0.028294 (avg=0.077436), pairs_step=316800, pairs_total=444777638
[2026-07-28 11:30:55,064] INFO:fitness.free_loss_fidelity: RL4CO free-loss[warmstart] step 1560/1563: score=19.574217 (avg=16.686242), loss=0.026509 (avg=0.072395), pairs_step=316800, pairs_total=494198423
[2026-07-28 11:31:16,742] INFO:fitness.free_loss_fidelity: RL4CO free-loss[warmstart] epoch 1/1: validation_objective=8.421281
[2026-07-28 11:31:37,383] INFO:fitness.free_loss_fidelity: Stage3 offline mini-train DONE gen=1 pair_index=2 score=0.6248595138549797 any_error=False
