[2026-07-28 11:31:42,565] INFO:fitness.free_loss_fidelity: Stage3 offline mini-train start gen=1 pair_index=7 scenarios=['tsp100']
[2026-07-28 11:31:42,651] INFO:fitness.free_loss_fidelity: Stage3 scenario start gen=1 pair_index=7 scenario=tsp100 K=200 seed=1234 valid_sizes=[100] baseline_json=/data1/gushengda/eam-rl4co_runs/tsp100-joint-matched-init-hf1-r5-20260728-1802/baseline_cache/baseline_minitrain_tsp100_ckpt135_epoch1_inst100000.json
[2026-07-28 11:31:47,460] WARNING:fitness.free_loss_fidelity: weights_only checkpoint load failed (UnpicklingError); retrying weights_only=False for /data1/gushengda/eam-rl4co/baseline/tsp100_epoch_135.ckpt
[2026-07-28 11:31:47,515] INFO:fitness.free_loss_fidelity: Loaded init checkpoint into policy: path=/data1/gushengda/eam-rl4co/baseline/tsp100_epoch_135.ckpt prefix=policy. matched=97 missing=0 unexpected=0
[2026-07-28 11:31:47,881] WARNING:fitness.free_loss_fidelity: weights_only checkpoint load failed (UnpicklingError); retrying weights_only=False for /data1/gushengda/eam-rl4co/baseline/tsp100_epoch_135.ckpt
[2026-07-28 11:31:47,923] INFO:fitness.free_loss_fidelity: Loaded init checkpoint into policy: path=/data1/gushengda/eam-rl4co/baseline/tsp100_epoch_135.ckpt prefix=policy. matched=97 missing=0 unexpected=0
[2026-07-28 11:31:47,928] INFO:fitness.free_loss_fidelity: RL4CO free-loss phase=warmstart: epochs=1 steps_f1=1563 steps_f2=0 total_steps=1563 (ckpt=/data1/gushengda/eam-rl4co/baseline/tsp100_epoch_135.ckpt, device=cuda:0, env=tsp)
[2026-07-28 11:31:48,516] INFO:fitness.free_loss_fidelity: RL4CO free-loss[warmstart] step 1/1563: score=7.751812 (avg=7.751812), loss=1.213241 (avg=1.213241), pairs_step=315787, pairs_total=315787
[2026-07-28 11:32:39,946] INFO:fitness.free_loss_fidelity: RL4CO free-loss[warmstart] step 156/1563: score=8.119234 (avg=7.956422), loss=0.053253 (avg=0.174829), pairs_step=316800, pairs_total=49410579
[2026-07-28 11:33:31,716] INFO:fitness.free_loss_fidelity: RL4CO free-loss[warmstart] step 312/1563: score=9.839162 (avg=8.350199), loss=0.047375 (avg=0.112503), pairs_step=316800, pairs_total=98831374
[2026-07-28 11:34:23,700] INFO:fitness.free_loss_fidelity: RL4CO free-loss[warmstart] step 468/1563: score=26.793375 (avg=11.116481), loss=0.104754 (avg=0.107489), pairs_step=316799, pairs_total=148252159
[2026-07-28 11:35:15,450] INFO:fitness.free_loss_fidelity: RL4CO free-loss[warmstart] step 624/1563: score=23.024792 (avg=14.124290), loss=0.081036 (avg=0.104481), pairs_step=316800, pairs_total=197672931
[2026-07-28 11:36:07,192] INFO:fitness.free_loss_fidelity: RL4CO free-loss[warmstart] step 780/1563: score=16.217304 (avg=14.693688), loss=0.044488 (avg=0.096501), pairs_step=316800, pairs_total=247093710
[2026-07-28 11:36:58,950] INFO:fitness.free_loss_fidelity: RL4CO free-loss[warmstart] step 936/1563: score=14.237235 (avg=14.627702), loss=0.036802 (avg=0.087749), pairs_step=316800, pairs_total=296514488
[2026-07-28 11:37:50,722] INFO:fitness.free_loss_fidelity: RL4CO free-loss[warmstart] step 1092/1563: score=12.975001 (avg=14.560361), loss=0.063657 (avg=0.081515), pairs_step=316800, pairs_total=345935274
[2026-07-28 11:38:42,519] INFO:fitness.free_loss_fidelity: RL4CO free-loss[warmstart] step 1248/1563: score=15.531287 (avg=14.511731), loss=0.033376 (avg=0.077211), pairs_step=316799, pairs_total=395356061
[2026-07-28 11:39:34,297] INFO:fitness.free_loss_fidelity: RL4CO free-loss[warmstart] step 1404/1563: score=15.279789 (avg=14.581654), loss=0.026416 (avg=0.071789), pairs_step=316800, pairs_total=444776840
[2026-07-28 11:40:26,676] INFO:fitness.free_loss_fidelity: RL4CO free-loss[warmstart] step 1560/1563: score=15.567026 (avg=14.655029), loss=0.024566 (avg=0.067107), pairs_step=316800, pairs_total=494197624
[2026-07-28 11:40:48,383] INFO:fitness.free_loss_fidelity: RL4CO free-loss[warmstart] epoch 1/1: validation_objective=8.216039
[2026-07-28 11:41:09,032] INFO:fitness.free_loss_fidelity: Stage3 offline mini-train DONE gen=1 pair_index=7 score=0.4166288833618159 any_error=False
