[2026-07-28 14:14:31,732] INFO:fitness.free_loss_fidelity: Stage3 offline mini-train start gen=4 pair_index=2 scenarios=['tsp100']
[2026-07-28 14:14:31,821] INFO:fitness.free_loss_fidelity: Stage3 scenario start gen=4 pair_index=2 scenario=tsp100 K=200 seed=1234 valid_sizes=[100] baseline_json=/data1/gushengda/eam-rl4co_runs/tsp100-joint-matched-init-hf1-r5-20260728-1802/baseline_cache/baseline_minitrain_tsp100_ckpt135_epoch1_inst100000.json
[2026-07-28 14:14:37,185] WARNING:fitness.free_loss_fidelity: weights_only checkpoint load failed (UnpicklingError); retrying weights_only=False for /data1/gushengda/eam-rl4co/baseline/tsp100_epoch_135.ckpt
[2026-07-28 14:14:37,247] INFO:fitness.free_loss_fidelity: Loaded init checkpoint into policy: path=/data1/gushengda/eam-rl4co/baseline/tsp100_epoch_135.ckpt prefix=policy. matched=97 missing=0 unexpected=0
[2026-07-28 14:14:37,625] WARNING:fitness.free_loss_fidelity: weights_only checkpoint load failed (UnpicklingError); retrying weights_only=False for /data1/gushengda/eam-rl4co/baseline/tsp100_epoch_135.ckpt
[2026-07-28 14:14:37,687] INFO:fitness.free_loss_fidelity: Loaded init checkpoint into policy: path=/data1/gushengda/eam-rl4co/baseline/tsp100_epoch_135.ckpt prefix=policy. matched=97 missing=0 unexpected=0
[2026-07-28 14:14:37,693] INFO:fitness.free_loss_fidelity: RL4CO free-loss phase=warmstart: epochs=1 steps_f1=1563 steps_f2=0 total_steps=1563 (ckpt=/data1/gushengda/eam-rl4co/baseline/tsp100_epoch_135.ckpt, device=cuda:0, env=tsp)
[2026-07-28 14:14:38,294] INFO:fitness.free_loss_fidelity: RL4CO free-loss[warmstart] step 1/1563: score=7.751812 (avg=7.751812), loss=1.213241 (avg=1.213241), pairs_step=315787, pairs_total=315787
[2026-07-28 14:15:30,508] INFO:fitness.free_loss_fidelity: RL4CO free-loss[warmstart] step 156/1563: score=8.173166 (avg=7.979880), loss=0.051629 (avg=0.175008), pairs_step=316800, pairs_total=49411086
[2026-07-28 14:16:22,981] INFO:fitness.free_loss_fidelity: RL4CO free-loss[warmstart] step 312/1563: score=10.002928 (avg=8.309979), loss=0.046347 (avg=0.111556), pairs_step=316800, pairs_total=98831877
[2026-07-28 14:17:15,689] INFO:fitness.free_loss_fidelity: RL4CO free-loss[warmstart] step 468/1563: score=23.361803 (avg=10.372220), loss=0.126049 (avg=0.097829), pairs_step=316800, pairs_total=148252667
[2026-07-28 14:18:08,176] INFO:fitness.free_loss_fidelity: RL4CO free-loss[warmstart] step 624/1563: score=20.571968 (avg=13.647037), loss=0.122386 (avg=0.094281), pairs_step=316799, pairs_total=197673441
[2026-07-28 14:19:00,638] INFO:fitness.free_loss_fidelity: RL4CO free-loss[warmstart] step 780/1563: score=23.215849 (avg=15.193266), loss=0.058208 (avg=0.088065), pairs_step=316800, pairs_total=247094216
[2026-07-28 14:19:53,106] INFO:fitness.free_loss_fidelity: RL4CO free-loss[warmstart] step 936/1563: score=18.664433 (avg=16.289258), loss=0.038872 (avg=0.081189), pairs_step=316799, pairs_total=296514987
[2026-07-28 14:20:45,580] INFO:fitness.free_loss_fidelity: RL4CO free-loss[warmstart] step 1092/1563: score=20.537184 (avg=17.013453), loss=0.035291 (avg=0.075610), pairs_step=316800, pairs_total=345935772
[2026-07-28 14:21:38,064] INFO:fitness.free_loss_fidelity: RL4CO free-loss[warmstart] step 1248/1563: score=19.491066 (avg=17.452509), loss=0.031496 (avg=0.070289), pairs_step=316800, pairs_total=395356564
[2026-07-28 14:22:30,750] INFO:fitness.free_loss_fidelity: RL4CO free-loss[warmstart] step 1404/1563: score=19.540445 (avg=17.732489), loss=0.029878 (avg=0.066029), pairs_step=316800, pairs_total=444777339
[2026-07-28 14:23:23,219] INFO:fitness.free_loss_fidelity: RL4CO free-loss[warmstart] step 1560/1563: score=19.440083 (avg=17.828577), loss=0.037874 (avg=0.062775), pairs_step=316799, pairs_total=494198118
[2026-07-28 14:23:44,881] INFO:fitness.free_loss_fidelity: RL4CO free-loss[warmstart] epoch 1/1: validation_objective=8.806513
[2026-07-28 14:24:05,498] INFO:fitness.free_loss_fidelity: Stage3 offline mini-train DONE gen=4 pair_index=2 score=1.0122352142333986 any_error=False
