[2026-07-28 22:48:30,996] INFO:fitness.free_loss_fidelity: Stage3 offline mini-train start gen=13 pair_index=2 scenarios=['tsp100']
[2026-07-28 22:48:31,085] INFO:fitness.free_loss_fidelity: Stage3 scenario start gen=13 pair_index=2 scenario=tsp100 K=200 seed=1234 valid_sizes=[100] baseline_json=/data1/gushengda/eam-rl4co_runs/tsp100-joint-matched-init-hf1-r5-20260728-1802/baseline_cache/baseline_minitrain_tsp100_ckpt135_epoch1_inst100000.json
[2026-07-28 22:48:36,153] WARNING:fitness.free_loss_fidelity: weights_only checkpoint load failed (UnpicklingError); retrying weights_only=False for /data1/gushengda/eam-rl4co/baseline/tsp100_epoch_135.ckpt
[2026-07-28 22:48:36,289] INFO:fitness.free_loss_fidelity: Loaded init checkpoint into policy: path=/data1/gushengda/eam-rl4co/baseline/tsp100_epoch_135.ckpt prefix=policy. matched=97 missing=0 unexpected=0
[2026-07-28 22:48:36,670] WARNING:fitness.free_loss_fidelity: weights_only checkpoint load failed (UnpicklingError); retrying weights_only=False for /data1/gushengda/eam-rl4co/baseline/tsp100_epoch_135.ckpt
[2026-07-28 22:48:36,719] INFO:fitness.free_loss_fidelity: Loaded init checkpoint into policy: path=/data1/gushengda/eam-rl4co/baseline/tsp100_epoch_135.ckpt prefix=policy. matched=97 missing=0 unexpected=0
[2026-07-28 22:48:36,725] INFO:fitness.free_loss_fidelity: RL4CO free-loss phase=warmstart: epochs=1 steps_f1=1563 steps_f2=0 total_steps=1563 (ckpt=/data1/gushengda/eam-rl4co/baseline/tsp100_epoch_135.ckpt, device=cuda:0, env=tsp)
[2026-07-28 22:48:37,335] INFO:fitness.free_loss_fidelity: RL4CO free-loss[warmstart] step 1/1563: score=7.751812 (avg=7.751812), loss=1.213241 (avg=1.213241), pairs_step=315787, pairs_total=315787
[2026-07-28 22:49:29,236] INFO:fitness.free_loss_fidelity: RL4CO free-loss[warmstart] step 156/1563: score=8.110630 (avg=7.940523), loss=0.055968 (avg=0.178853), pairs_step=316800, pairs_total=49411152
[2026-07-28 22:50:21,437] INFO:fitness.free_loss_fidelity: RL4CO free-loss[warmstart] step 312/1563: score=18.670307 (avg=10.978652), loss=0.053798 (avg=0.120883), pairs_step=316800, pairs_total=98831946
[2026-07-28 22:51:13,886] INFO:fitness.free_loss_fidelity: RL4CO free-loss[warmstart] step 468/1563: score=36.164974 (avg=18.326135), loss=0.128376 (avg=0.128812), pairs_step=316800, pairs_total=148252722
[2026-07-28 22:52:06,078] INFO:fitness.free_loss_fidelity: RL4CO free-loss[warmstart] step 624/1563: score=33.397911 (avg=21.846179), loss=0.117764 (avg=0.118985), pairs_step=316800, pairs_total=197673491
[2026-07-28 22:52:58,290] INFO:fitness.free_loss_fidelity: RL4CO free-loss[warmstart] step 780/1563: score=28.144882 (avg=23.443549), loss=0.053309 (avg=0.107826), pairs_step=316800, pairs_total=247094257
[2026-07-28 22:53:50,493] INFO:fitness.free_loss_fidelity: RL4CO free-loss[warmstart] step 936/1563: score=25.938313 (avg=23.998590), loss=0.043885 (avg=0.098060), pairs_step=316800, pairs_total=296515032
[2026-07-28 22:54:42,667] INFO:fitness.free_loss_fidelity: RL4CO free-loss[warmstart] step 1092/1563: score=24.964256 (avg=24.190649), loss=0.043068 (avg=0.090319), pairs_step=316800, pairs_total=345935811
[2026-07-28 22:55:34,869] INFO:fitness.free_loss_fidelity: RL4CO free-loss[warmstart] step 1248/1563: score=23.493141 (avg=24.211766), loss=0.039489 (avg=0.084123), pairs_step=316800, pairs_total=395356590
[2026-07-28 22:56:27,279] INFO:fitness.free_loss_fidelity: RL4CO free-loss[warmstart] step 1404/1563: score=23.438885 (avg=24.152098), loss=0.036593 (avg=0.079041), pairs_step=316800, pairs_total=444777374
[2026-07-28 22:57:19,455] INFO:fitness.free_loss_fidelity: RL4CO free-loss[warmstart] step 1560/1563: score=22.749081 (avg=24.041140), loss=0.034453 (avg=0.074751), pairs_step=316800, pairs_total=494198155
[2026-07-28 22:57:41,037] INFO:fitness.free_loss_fidelity: RL4CO free-loss[warmstart] epoch 1/1: validation_objective=8.360735
[2026-07-28 22:58:01,586] INFO:fitness.free_loss_fidelity: Stage3 offline mini-train DONE gen=13 pair_index=2 score=0.56409056854248 any_error=False
