[2026-07-29 02:50:02,665] INFO:fitness.free_loss_fidelity: Stage3 offline mini-train start gen=17 pair_index=6 scenarios=['tsp100']
[2026-07-29 02:50:02,754] INFO:fitness.free_loss_fidelity: Stage3 scenario start gen=17 pair_index=6 scenario=tsp100 K=200 seed=1234 valid_sizes=[100] baseline_json=/data1/gushengda/eam-rl4co_runs/tsp100-joint-matched-init-hf1-r5-20260728-1802/baseline_cache/baseline_minitrain_tsp100_ckpt135_epoch1_inst100000.json
[2026-07-29 02:50:07,755] WARNING:fitness.free_loss_fidelity: weights_only checkpoint load failed (UnpicklingError); retrying weights_only=False for /data1/gushengda/eam-rl4co/baseline/tsp100_epoch_135.ckpt
[2026-07-29 02:50:07,815] INFO:fitness.free_loss_fidelity: Loaded init checkpoint into policy: path=/data1/gushengda/eam-rl4co/baseline/tsp100_epoch_135.ckpt prefix=policy. matched=97 missing=0 unexpected=0
[2026-07-29 02:50:08,187] WARNING:fitness.free_loss_fidelity: weights_only checkpoint load failed (UnpicklingError); retrying weights_only=False for /data1/gushengda/eam-rl4co/baseline/tsp100_epoch_135.ckpt
[2026-07-29 02:50:08,233] INFO:fitness.free_loss_fidelity: Loaded init checkpoint into policy: path=/data1/gushengda/eam-rl4co/baseline/tsp100_epoch_135.ckpt prefix=policy. matched=97 missing=0 unexpected=0
[2026-07-29 02:50:08,238] INFO:fitness.free_loss_fidelity: RL4CO free-loss phase=warmstart: epochs=1 steps_f1=1563 steps_f2=0 total_steps=1563 (ckpt=/data1/gushengda/eam-rl4co/baseline/tsp100_epoch_135.ckpt, device=cuda:0, env=tsp)
[2026-07-29 02:50:08,834] INFO:fitness.free_loss_fidelity: RL4CO free-loss[warmstart] step 1/1563: score=7.751812 (avg=7.751812), loss=1.106500 (avg=1.106500), pairs_step=315787, pairs_total=315787
[2026-07-29 02:51:01,244] INFO:fitness.free_loss_fidelity: RL4CO free-loss[warmstart] step 156/1563: score=41.303268 (avg=29.545346), loss=0.732922 (avg=0.837338), pairs_step=316799, pairs_total=49412187
[2026-07-29 02:51:54,023] INFO:fitness.free_loss_fidelity: RL4CO free-loss[warmstart] step 312/1563: score=39.848091 (avg=35.344687), loss=0.500910 (avg=0.712969), pairs_step=316800, pairs_total=98832960
[2026-07-29 02:52:46,962] INFO:fitness.free_loss_fidelity: RL4CO free-loss[warmstart] step 468/1563: score=37.269615 (avg=36.617293), loss=0.368254 (avg=0.621385), pairs_step=316799, pairs_total=148253732
[2026-07-29 02:53:39,674] INFO:fitness.free_loss_fidelity: RL4CO free-loss[warmstart] step 624/1563: score=33.733303 (avg=36.035021), loss=0.356348 (avg=0.565065), pairs_step=316799, pairs_total=197674503
[2026-07-29 02:54:32,424] INFO:fitness.free_loss_fidelity: RL4CO free-loss[warmstart] step 780/1563: score=32.926933 (avg=35.579428), loss=0.264232 (avg=0.509408), pairs_step=316799, pairs_total=247095265
[2026-07-29 02:55:25,392] INFO:fitness.free_loss_fidelity: RL4CO free-loss[warmstart] step 936/1563: score=31.381325 (avg=35.078214), loss=0.244668 (avg=0.467677), pairs_step=316800, pairs_total=296516033
[2026-07-29 02:56:18,121] INFO:fitness.free_loss_fidelity: RL4CO free-loss[warmstart] step 1092/1563: score=31.765387 (avg=34.527048), loss=0.231273 (avg=0.435192), pairs_step=316800, pairs_total=345936809
[2026-07-29 02:57:10,810] INFO:fitness.free_loss_fidelity: RL4CO free-loss[warmstart] step 1248/1563: score=31.077347 (avg=34.076000), loss=0.229680 (avg=0.409764), pairs_step=316800, pairs_total=395357577
[2026-07-29 02:58:03,328] INFO:fitness.free_loss_fidelity: RL4CO free-loss[warmstart] step 1404/1563: score=32.198143 (avg=33.965210), loss=0.250539 (avg=0.394141), pairs_step=316800, pairs_total=444778342
[2026-07-29 02:59:16,621] INFO:fitness.free_loss_fidelity: RL4CO free-loss[warmstart] step 1560/1563: score=32.033020 (avg=33.848411), loss=0.251679 (avg=0.381437), pairs_step=316800, pairs_total=494199107
[2026-07-29 03:00:08,561] INFO:fitness.free_loss_fidelity: RL4CO free-loss[warmstart] epoch 1/1: validation_objective=9.024508
[2026-07-29 03:00:58,507] INFO:fitness.free_loss_fidelity: Stage3 offline mini-train DONE gen=17 pair_index=6 score=1.2255349121093753 any_error=False
