[2026-07-28 21:12:04,960] INFO:fitness.free_loss_fidelity: Stage3 offline mini-train start gen=11 pair_index=5 scenarios=['tsp100']
[2026-07-28 21:12:05,049] INFO:fitness.free_loss_fidelity: Stage3 scenario start gen=11 pair_index=5 scenario=tsp100 K=200 seed=1234 valid_sizes=[100] baseline_json=/data1/gushengda/eam-rl4co_runs/tsp100-joint-matched-init-hf1-r5-20260728-1802/baseline_cache/baseline_minitrain_tsp100_ckpt135_epoch1_inst100000.json
[2026-07-28 21:12:10,137] WARNING:fitness.free_loss_fidelity: weights_only checkpoint load failed (UnpicklingError); retrying weights_only=False for /data1/gushengda/eam-rl4co/baseline/tsp100_epoch_135.ckpt
[2026-07-28 21:12:10,192] INFO:fitness.free_loss_fidelity: Loaded init checkpoint into policy: path=/data1/gushengda/eam-rl4co/baseline/tsp100_epoch_135.ckpt prefix=policy. matched=97 missing=0 unexpected=0
[2026-07-28 21:12:10,612] WARNING:fitness.free_loss_fidelity: weights_only checkpoint load failed (UnpicklingError); retrying weights_only=False for /data1/gushengda/eam-rl4co/baseline/tsp100_epoch_135.ckpt
[2026-07-28 21:12:10,656] INFO:fitness.free_loss_fidelity: Loaded init checkpoint into policy: path=/data1/gushengda/eam-rl4co/baseline/tsp100_epoch_135.ckpt prefix=policy. matched=97 missing=0 unexpected=0
[2026-07-28 21:12:10,681] INFO:fitness.free_loss_fidelity: RL4CO free-loss phase=warmstart: epochs=1 steps_f1=1563 steps_f2=0 total_steps=1563 (ckpt=/data1/gushengda/eam-rl4co/baseline/tsp100_epoch_135.ckpt, device=cuda:0, env=tsp)
[2026-07-28 21:12:11,559] INFO:fitness.free_loss_fidelity: RL4CO free-loss[warmstart] step 1/1563: score=7.751812 (avg=7.751812), loss=1.238124 (avg=1.238124), pairs_step=315787, pairs_total=315787
[2026-07-28 21:13:49,193] INFO:fitness.free_loss_fidelity: RL4CO free-loss[warmstart] step 156/1563: score=25.046289 (avg=22.531561), loss=0.874080 (avg=0.604911), pairs_step=316800, pairs_total=49413449
[2026-07-28 21:15:27,693] INFO:fitness.free_loss_fidelity: RL4CO free-loss[warmstart] step 312/1563: score=40.083023 (avg=30.660124), loss=0.343795 (avg=0.497863), pairs_step=316800, pairs_total=98834229
[2026-07-28 21:17:06,172] INFO:fitness.free_loss_fidelity: RL4CO free-loss[warmstart] step 468/1563: score=41.705944 (avg=33.994460), loss=0.382325 (avg=0.454596), pairs_step=316800, pairs_total=148255004
[2026-07-28 21:18:44,652] INFO:fitness.free_loss_fidelity: RL4CO free-loss[warmstart] step 624/1563: score=34.817310 (avg=34.882463), loss=0.141462 (avg=0.394414), pairs_step=316800, pairs_total=197675781
[2026-07-28 21:20:23,163] INFO:fitness.free_loss_fidelity: RL4CO free-loss[warmstart] step 780/1563: score=33.319324 (avg=34.754337), loss=0.125748 (avg=0.342304), pairs_step=316800, pairs_total=247096551
[2026-07-28 21:22:01,684] INFO:fitness.free_loss_fidelity: RL4CO free-loss[warmstart] step 936/1563: score=33.688614 (avg=34.742551), loss=0.130782 (avg=0.308565), pairs_step=316800, pairs_total=296517324
[2026-07-28 21:23:40,287] INFO:fitness.free_loss_fidelity: RL4CO free-loss[warmstart] step 1092/1563: score=32.914299 (avg=34.528208), loss=0.114333 (avg=0.282018), pairs_step=316800, pairs_total=345938090
[2026-07-28 21:25:18,818] INFO:fitness.free_loss_fidelity: RL4CO free-loss[warmstart] step 1248/1563: score=32.465801 (avg=34.269428), loss=0.109355 (avg=0.260924), pairs_step=316800, pairs_total=395358860
[2026-07-28 21:26:57,363] INFO:fitness.free_loss_fidelity: RL4CO free-loss[warmstart] step 1404/1563: score=35.913807 (avg=34.212346), loss=0.161198 (avg=0.248042), pairs_step=316800, pairs_total=444779634
[2026-07-28 21:28:35,854] INFO:fitness.free_loss_fidelity: RL4CO free-loss[warmstart] step 1560/1563: score=35.866470 (avg=34.271978), loss=0.145884 (avg=0.238518), pairs_step=316800, pairs_total=494200405
[2026-07-28 21:29:15,112] INFO:fitness.free_loss_fidelity: RL4CO free-loss[warmstart] epoch 1/1: validation_objective=9.593827
[2026-07-28 21:29:52,417] INFO:fitness.free_loss_fidelity: Stage3 offline mini-train DONE gen=11 pair_index=5 score=1.7902978118896486 any_error=False
