[2026-07-29 02:40:26,477] INFO:fitness.free_loss_fidelity: Stage3 offline mini-train start gen=17 pair_index=0 scenarios=['tsp100']
[2026-07-29 02:40:26,526] INFO:fitness.free_loss_fidelity: Stage3 scenario start gen=17 pair_index=0 scenario=tsp100 K=200 seed=1234 valid_sizes=[100] baseline_json=/data1/gushengda/eam-rl4co_runs/tsp100-joint-matched-init-hf1-r5-20260728-1802/baseline_cache/baseline_minitrain_tsp100_ckpt135_epoch1_inst100000.json
[2026-07-29 02:40:31,637] WARNING:fitness.free_loss_fidelity: weights_only checkpoint load failed (UnpicklingError); retrying weights_only=False for /data1/gushengda/eam-rl4co/baseline/tsp100_epoch_135.ckpt
[2026-07-29 02:40:31,939] INFO:fitness.free_loss_fidelity: Loaded init checkpoint into policy: path=/data1/gushengda/eam-rl4co/baseline/tsp100_epoch_135.ckpt prefix=policy. matched=97 missing=0 unexpected=0
[2026-07-29 02:40:32,354] WARNING:fitness.free_loss_fidelity: weights_only checkpoint load failed (UnpicklingError); retrying weights_only=False for /data1/gushengda/eam-rl4co/baseline/tsp100_epoch_135.ckpt
[2026-07-29 02:40:32,401] INFO:fitness.free_loss_fidelity: Loaded init checkpoint into policy: path=/data1/gushengda/eam-rl4co/baseline/tsp100_epoch_135.ckpt prefix=policy. matched=97 missing=0 unexpected=0
[2026-07-29 02:40:32,419] INFO:fitness.free_loss_fidelity: RL4CO free-loss phase=warmstart: epochs=1 steps_f1=1563 steps_f2=0 total_steps=1563 (ckpt=/data1/gushengda/eam-rl4co/baseline/tsp100_epoch_135.ckpt, device=cuda:0, env=tsp)
[2026-07-29 02:40:33,274] INFO:fitness.free_loss_fidelity: RL4CO free-loss[warmstart] step 1/1563: score=7.751812 (avg=7.751812), loss=1.201225 (avg=1.201225), pairs_step=315787, pairs_total=315787
[2026-07-29 02:42:11,107] INFO:fitness.free_loss_fidelity: RL4CO free-loss[warmstart] step 156/1563: score=8.122614 (avg=7.925926), loss=0.044599 (avg=0.159024), pairs_step=316800, pairs_total=49411048
[2026-07-29 02:43:49,894] INFO:fitness.free_loss_fidelity: RL4CO free-loss[warmstart] step 312/1563: score=10.808344 (avg=8.480260), loss=0.050985 (avg=0.103564), pairs_step=316800, pairs_total=98831843
[2026-07-29 02:45:28,799] INFO:fitness.free_loss_fidelity: RL4CO free-loss[warmstart] step 468/1563: score=38.413383 (avg=14.108285), loss=0.160140 (avg=0.102463), pairs_step=316800, pairs_total=148252626
[2026-07-29 02:47:07,604] INFO:fitness.free_loss_fidelity: RL4CO free-loss[warmstart] step 624/1563: score=33.323975 (avg=19.584082), loss=0.056458 (avg=0.099946), pairs_step=316800, pairs_total=197673399
[2026-07-29 02:48:46,315] INFO:fitness.free_loss_fidelity: RL4CO free-loss[warmstart] step 780/1563: score=30.771172 (avg=22.034978), loss=0.037868 (avg=0.089464), pairs_step=316800, pairs_total=247094169
[2026-07-29 02:50:25,254] INFO:fitness.free_loss_fidelity: RL4CO free-loss[warmstart] step 936/1563: score=29.003933 (avg=23.321204), loss=0.035890 (avg=0.081023), pairs_step=316800, pairs_total=296514942
[2026-07-29 02:52:04,104] INFO:fitness.free_loss_fidelity: RL4CO free-loss[warmstart] step 1092/1563: score=29.998219 (avg=24.043236), loss=0.035834 (avg=0.074628), pairs_step=316800, pairs_total=345935725
[2026-07-29 02:53:42,766] INFO:fitness.free_loss_fidelity: RL4CO free-loss[warmstart] step 1248/1563: score=27.314608 (avg=24.471524), loss=0.033877 (avg=0.069408), pairs_step=316800, pairs_total=395356502
[2026-07-29 02:55:21,618] INFO:fitness.free_loss_fidelity: RL4CO free-loss[warmstart] step 1404/1563: score=26.141968 (avg=24.763823), loss=0.027980 (avg=0.065183), pairs_step=316800, pairs_total=444777277
[2026-07-29 02:57:00,471] INFO:fitness.free_loss_fidelity: RL4CO free-loss[warmstart] step 1560/1563: score=25.043798 (avg=24.823460), loss=0.027556 (avg=0.061491), pairs_step=316800, pairs_total=494198063
[2026-07-29 02:57:40,614] INFO:fitness.free_loss_fidelity: RL4CO free-loss[warmstart] epoch 1/1: validation_objective=8.516779
[2026-07-29 02:58:18,130] INFO:fitness.free_loss_fidelity: Stage3 offline mini-train DONE gen=17 pair_index=0 score=0.7187944305419913 any_error=False
