[2026-07-29 04:52:38,812] INFO:fitness.free_loss_fidelity: Stage3 offline mini-train start gen=19 pair_index=1 scenarios=['tsp100']
[2026-07-29 04:52:38,900] INFO:fitness.free_loss_fidelity: Stage3 scenario start gen=19 pair_index=1 scenario=tsp100 K=200 seed=1234 valid_sizes=[100] baseline_json=/data1/gushengda/eam-rl4co_runs/tsp100-joint-matched-init-hf1-r5-20260728-1802/baseline_cache/baseline_minitrain_tsp100_ckpt135_epoch1_inst100000.json
[2026-07-29 04:52:43,826] WARNING:fitness.free_loss_fidelity: weights_only checkpoint load failed (UnpicklingError); retrying weights_only=False for /data1/gushengda/eam-rl4co/baseline/tsp100_epoch_135.ckpt
[2026-07-29 04:52:43,951] INFO:fitness.free_loss_fidelity: Loaded init checkpoint into policy: path=/data1/gushengda/eam-rl4co/baseline/tsp100_epoch_135.ckpt prefix=policy. matched=97 missing=0 unexpected=0
[2026-07-29 04:52:44,344] WARNING:fitness.free_loss_fidelity: weights_only checkpoint load failed (UnpicklingError); retrying weights_only=False for /data1/gushengda/eam-rl4co/baseline/tsp100_epoch_135.ckpt
[2026-07-29 04:52:44,498] INFO:fitness.free_loss_fidelity: Loaded init checkpoint into policy: path=/data1/gushengda/eam-rl4co/baseline/tsp100_epoch_135.ckpt prefix=policy. matched=97 missing=0 unexpected=0
[2026-07-29 04:52:44,520] INFO:fitness.free_loss_fidelity: RL4CO free-loss phase=warmstart: epochs=1 steps_f1=1563 steps_f2=0 total_steps=1563 (ckpt=/data1/gushengda/eam-rl4co/baseline/tsp100_epoch_135.ckpt, device=cuda:0, env=tsp)
[2026-07-29 04:52:45,376] INFO:fitness.free_loss_fidelity: RL4CO free-loss[warmstart] step 1/1563: score=7.751812 (avg=7.751812), loss=1.191163 (avg=1.191163), pairs_step=315787, pairs_total=315787
[2026-07-29 04:54:22,520] INFO:fitness.free_loss_fidelity: RL4CO free-loss[warmstart] step 156/1563: score=8.269489 (avg=8.064004), loss=0.058936 (avg=0.189864), pairs_step=316800, pairs_total=49411478
[2026-07-29 04:56:00,912] INFO:fitness.free_loss_fidelity: RL4CO free-loss[warmstart] step 312/1563: score=13.937220 (avg=9.085386), loss=0.184355 (avg=0.123313), pairs_step=316800, pairs_total=98832275
[2026-07-29 04:57:39,226] INFO:fitness.free_loss_fidelity: RL4CO free-loss[warmstart] step 468/1563: score=22.892635 (avg=13.000075), loss=0.114636 (avg=0.124234), pairs_step=316800, pairs_total=148253049
[2026-07-29 04:59:17,517] INFO:fitness.free_loss_fidelity: RL4CO free-loss[warmstart] step 624/1563: score=20.305466 (avg=15.186636), loss=0.143117 (avg=0.114372), pairs_step=316800, pairs_total=197673820
[2026-07-29 05:00:55,733] INFO:fitness.free_loss_fidelity: RL4CO free-loss[warmstart] step 780/1563: score=21.524612 (avg=16.994079), loss=0.061097 (avg=0.107430), pairs_step=316800, pairs_total=247094598
[2026-07-29 05:02:33,861] INFO:fitness.free_loss_fidelity: RL4CO free-loss[warmstart] step 936/1563: score=14.518405 (avg=17.309923), loss=0.109092 (avg=0.114055), pairs_step=316800, pairs_total=296515365
[2026-07-29 05:04:12,046] INFO:fitness.free_loss_fidelity: RL4CO free-loss[warmstart] step 1092/1563: score=12.403234 (avg=16.754581), loss=0.033713 (avg=0.103846), pairs_step=316800, pairs_total=345936147
[2026-07-29 05:05:50,258] INFO:fitness.free_loss_fidelity: RL4CO free-loss[warmstart] step 1248/1563: score=12.217209 (avg=16.178990), loss=0.029631 (avg=0.094891), pairs_step=316800, pairs_total=395356932
[2026-07-29 05:07:28,458] INFO:fitness.free_loss_fidelity: RL4CO free-loss[warmstart] step 1404/1563: score=11.709342 (avg=15.701780), loss=0.026837 (avg=0.087590), pairs_step=316800, pairs_total=444777723
[2026-07-29 05:09:06,669] INFO:fitness.free_loss_fidelity: RL4CO free-loss[warmstart] step 1560/1563: score=11.169037 (avg=15.292138), loss=0.027092 (avg=0.081678), pairs_step=316800, pairs_total=494198517
[2026-07-29 05:09:46,206] INFO:fitness.free_loss_fidelity: RL4CO free-loss[warmstart] epoch 1/1: validation_objective=8.305324
[2026-07-29 05:10:23,523] INFO:fitness.free_loss_fidelity: Stage3 offline mini-train DONE gen=19 pair_index=1 score=0.5096449966430656 any_error=False
