[2026-07-28 12:31:42,710] INFO:fitness.free_loss_fidelity: Stage3 offline mini-train start gen=2 pair_index=7 scenarios=['tsp100']
[2026-07-28 12:31:42,758] INFO:fitness.free_loss_fidelity: Stage3 scenario start gen=2 pair_index=7 scenario=tsp100 K=200 seed=1234 valid_sizes=[100] baseline_json=/data1/gushengda/eam-rl4co_runs/tsp100-joint-matched-init-hf1-r5-20260728-1802/baseline_cache/baseline_minitrain_tsp100_ckpt135_epoch1_inst100000.json
[2026-07-28 12:31:47,599] WARNING:fitness.free_loss_fidelity: weights_only checkpoint load failed (UnpicklingError); retrying weights_only=False for /data1/gushengda/eam-rl4co/baseline/tsp100_epoch_135.ckpt
[2026-07-28 12:31:47,644] INFO:fitness.free_loss_fidelity: Loaded init checkpoint into policy: path=/data1/gushengda/eam-rl4co/baseline/tsp100_epoch_135.ckpt prefix=policy. matched=97 missing=0 unexpected=0
[2026-07-28 12:31:48,014] WARNING:fitness.free_loss_fidelity: weights_only checkpoint load failed (UnpicklingError); retrying weights_only=False for /data1/gushengda/eam-rl4co/baseline/tsp100_epoch_135.ckpt
[2026-07-28 12:31:48,060] INFO:fitness.free_loss_fidelity: Loaded init checkpoint into policy: path=/data1/gushengda/eam-rl4co/baseline/tsp100_epoch_135.ckpt prefix=policy. matched=97 missing=0 unexpected=0
[2026-07-28 12:31:48,065] INFO:fitness.free_loss_fidelity: RL4CO free-loss phase=warmstart: epochs=1 steps_f1=1563 steps_f2=0 total_steps=1563 (ckpt=/data1/gushengda/eam-rl4co/baseline/tsp100_epoch_135.ckpt, device=cuda:0, env=tsp)
[2026-07-28 12:31:48,658] INFO:fitness.free_loss_fidelity: RL4CO free-loss[warmstart] step 1/1563: score=7.751812 (avg=7.751812), loss=1.201225 (avg=1.201225), pairs_step=315787, pairs_total=315787
[2026-07-28 12:32:40,764] INFO:fitness.free_loss_fidelity: RL4CO free-loss[warmstart] step 156/1563: score=8.249656 (avg=7.958004), loss=0.043769 (avg=0.157222), pairs_step=316800, pairs_total=49411486
[2026-07-28 12:33:33,174] INFO:fitness.free_loss_fidelity: RL4CO free-loss[warmstart] step 312/1563: score=30.290375 (avg=10.429355), loss=0.099333 (avg=0.107563), pairs_step=316800, pairs_total=98832277
[2026-07-28 12:34:25,803] INFO:fitness.free_loss_fidelity: RL4CO free-loss[warmstart] step 468/1563: score=35.100521 (avg=18.828487), loss=0.094249 (avg=0.119483), pairs_step=316800, pairs_total=148253059
[2026-07-28 12:35:18,247] INFO:fitness.free_loss_fidelity: RL4CO free-loss[warmstart] step 624/1563: score=33.449417 (avg=22.813152), loss=0.062889 (avg=0.108782), pairs_step=316800, pairs_total=197673834
[2026-07-28 12:36:10,682] INFO:fitness.free_loss_fidelity: RL4CO free-loss[warmstart] step 780/1563: score=29.712452 (avg=24.639569), loss=0.051488 (avg=0.099187), pairs_step=316800, pairs_total=247094608
[2026-07-28 12:37:03,141] INFO:fitness.free_loss_fidelity: RL4CO free-loss[warmstart] step 936/1563: score=27.431244 (avg=25.355364), loss=0.036446 (avg=0.090534), pairs_step=316800, pairs_total=296515385
[2026-07-28 12:37:55,571] INFO:fitness.free_loss_fidelity: RL4CO free-loss[warmstart] step 1092/1563: score=26.310858 (avg=25.523577), loss=0.033167 (avg=0.082840), pairs_step=316800, pairs_total=345936167
[2026-07-28 12:38:47,969] INFO:fitness.free_loss_fidelity: RL4CO free-loss[warmstart] step 1248/1563: score=25.102962 (avg=25.508115), loss=0.031638 (avg=0.076618), pairs_step=316800, pairs_total=395356949
[2026-07-28 12:39:40,475] INFO:fitness.free_loss_fidelity: RL4CO free-loss[warmstart] step 1404/1563: score=24.457039 (avg=25.460485), loss=0.030707 (avg=0.071700), pairs_step=316800, pairs_total=444777732
[2026-07-28 12:40:31,823] INFO:fitness.free_loss_fidelity: RL4CO free-loss[warmstart] step 1560/1563: score=24.117657 (avg=25.319752), loss=0.029146 (avg=0.067405), pairs_step=316800, pairs_total=494198511
[2026-07-28 12:40:53,434] INFO:fitness.free_loss_fidelity: RL4CO free-loss[warmstart] epoch 1/1: validation_objective=8.407768
[2026-07-28 12:41:14,072] INFO:fitness.free_loss_fidelity: Stage3 offline mini-train DONE gen=2 pair_index=7 score=0.608832991027831 any_error=False
