[2026-07-28 19:58:00,560] INFO:fitness.free_loss_fidelity: Stage3 offline mini-train start gen=10 pair_index=2 scenarios=['tsp100']
[2026-07-28 19:58:00,648] INFO:fitness.free_loss_fidelity: Stage3 scenario start gen=10 pair_index=2 scenario=tsp100 K=200 seed=1234 valid_sizes=[100] baseline_json=/data1/gushengda/eam-rl4co_runs/tsp100-joint-matched-init-hf1-r5-20260728-1802/baseline_cache/baseline_minitrain_tsp100_ckpt135_epoch1_inst100000.json
[2026-07-28 19:58:06,137] WARNING:fitness.free_loss_fidelity: weights_only checkpoint load failed (UnpicklingError); retrying weights_only=False for /data1/gushengda/eam-rl4co/baseline/tsp100_epoch_135.ckpt
[2026-07-28 19:58:06,184] INFO:fitness.free_loss_fidelity: Loaded init checkpoint into policy: path=/data1/gushengda/eam-rl4co/baseline/tsp100_epoch_135.ckpt prefix=policy. matched=97 missing=0 unexpected=0
[2026-07-28 19:58:06,562] WARNING:fitness.free_loss_fidelity: weights_only checkpoint load failed (UnpicklingError); retrying weights_only=False for /data1/gushengda/eam-rl4co/baseline/tsp100_epoch_135.ckpt
[2026-07-28 19:58:06,604] INFO:fitness.free_loss_fidelity: Loaded init checkpoint into policy: path=/data1/gushengda/eam-rl4co/baseline/tsp100_epoch_135.ckpt prefix=policy. matched=97 missing=0 unexpected=0
[2026-07-28 19:58:06,610] INFO:fitness.free_loss_fidelity: RL4CO free-loss phase=warmstart: epochs=1 steps_f1=1563 steps_f2=0 total_steps=1563 (ckpt=/data1/gushengda/eam-rl4co/baseline/tsp100_epoch_135.ckpt, device=cuda:0, env=tsp)
[2026-07-28 19:58:07,238] INFO:fitness.free_loss_fidelity: RL4CO free-loss[warmstart] step 1/1563: score=7.751812 (avg=7.751812), loss=1.213241 (avg=1.213241), pairs_step=315787, pairs_total=315787
[2026-07-28 19:58:58,662] INFO:fitness.free_loss_fidelity: RL4CO free-loss[warmstart] step 156/1563: score=7.982374 (avg=7.945576), loss=0.050224 (avg=0.177307), pairs_step=316800, pairs_total=49411286
[2026-07-28 19:59:50,320] INFO:fitness.free_loss_fidelity: RL4CO free-loss[warmstart] step 312/1563: score=9.445587 (avg=8.160008), loss=0.046804 (avg=0.112057), pairs_step=316800, pairs_total=98832076
[2026-07-28 20:00:42,175] INFO:fitness.free_loss_fidelity: RL4CO free-loss[warmstart] step 468/1563: score=27.976274 (avg=10.734660), loss=0.105601 (avg=0.104952), pairs_step=316800, pairs_total=148252861
[2026-07-28 20:01:33,789] INFO:fitness.free_loss_fidelity: RL4CO free-loss[warmstart] step 624/1563: score=20.389553 (avg=13.785162), loss=0.051933 (avg=0.097899), pairs_step=316800, pairs_total=197673631
[2026-07-28 20:02:25,421] INFO:fitness.free_loss_fidelity: RL4CO free-loss[warmstart] step 780/1563: score=20.494301 (avg=15.329307), loss=0.040972 (avg=0.087394), pairs_step=316800, pairs_total=247094410
[2026-07-28 20:03:17,065] INFO:fitness.free_loss_fidelity: RL4CO free-loss[warmstart] step 936/1563: score=21.005737 (avg=16.204569), loss=0.033649 (avg=0.080023), pairs_step=316800, pairs_total=296515178
[2026-07-28 20:04:08,691] INFO:fitness.free_loss_fidelity: RL4CO free-loss[warmstart] step 1092/1563: score=21.177732 (avg=16.853008), loss=0.034174 (avg=0.073788), pairs_step=316799, pairs_total=345935963
[2026-07-28 20:05:00,332] INFO:fitness.free_loss_fidelity: RL4CO free-loss[warmstart] step 1248/1563: score=19.420258 (avg=17.215909), loss=0.038477 (avg=0.068545), pairs_step=316800, pairs_total=395356746
[2026-07-28 20:05:52,202] INFO:fitness.free_loss_fidelity: RL4CO free-loss[warmstart] step 1404/1563: score=19.438423 (avg=17.499784), loss=0.027333 (avg=0.064498), pairs_step=316800, pairs_total=444777534
[2026-07-28 20:06:43,843] INFO:fitness.free_loss_fidelity: RL4CO free-loss[warmstart] step 1560/1563: score=18.381481 (avg=17.623689), loss=0.027607 (avg=0.060867), pairs_step=316800, pairs_total=494198321
[2026-07-28 20:07:05,487] INFO:fitness.free_loss_fidelity: RL4CO free-loss[warmstart] epoch 1/1: validation_objective=8.393437
[2026-07-28 20:07:26,105] INFO:fitness.free_loss_fidelity: Stage3 offline mini-train DONE gen=10 pair_index=2 score=0.5970820327758792 any_error=False
