[2026-07-28 16:17:24,648] INFO:fitness.free_loss_fidelity: Stage3 offline mini-train start gen=6 pair_index=6 scenarios=['tsp100']
[2026-07-28 16:17:24,724] INFO:fitness.free_loss_fidelity: Stage3 scenario start gen=6 pair_index=6 scenario=tsp100 K=200 seed=1234 valid_sizes=[100] baseline_json=/data1/gushengda/eam-rl4co_runs/tsp100-joint-matched-init-hf1-r5-20260728-1802/baseline_cache/baseline_minitrain_tsp100_ckpt135_epoch1_inst100000.json
[2026-07-28 16:17:29,586] WARNING:fitness.free_loss_fidelity: weights_only checkpoint load failed (UnpicklingError); retrying weights_only=False for /data1/gushengda/eam-rl4co/baseline/tsp100_epoch_135.ckpt
[2026-07-28 16:17:29,637] INFO:fitness.free_loss_fidelity: Loaded init checkpoint into policy: path=/data1/gushengda/eam-rl4co/baseline/tsp100_epoch_135.ckpt prefix=policy. matched=97 missing=0 unexpected=0
[2026-07-28 16:17:30,014] WARNING:fitness.free_loss_fidelity: weights_only checkpoint load failed (UnpicklingError); retrying weights_only=False for /data1/gushengda/eam-rl4co/baseline/tsp100_epoch_135.ckpt
[2026-07-28 16:17:30,060] INFO:fitness.free_loss_fidelity: Loaded init checkpoint into policy: path=/data1/gushengda/eam-rl4co/baseline/tsp100_epoch_135.ckpt prefix=policy. matched=97 missing=0 unexpected=0
[2026-07-28 16:17:30,065] INFO:fitness.free_loss_fidelity: RL4CO free-loss phase=warmstart: epochs=1 steps_f1=1563 steps_f2=0 total_steps=1563 (ckpt=/data1/gushengda/eam-rl4co/baseline/tsp100_epoch_135.ckpt, device=cuda:0, env=tsp)
[2026-07-28 16:17:30,630] INFO:fitness.free_loss_fidelity: RL4CO free-loss[warmstart] step 1/1563: score=7.751812 (avg=7.751812), loss=1.238124 (avg=1.238124), pairs_step=315787, pairs_total=315787
[2026-07-28 16:18:23,344] INFO:fitness.free_loss_fidelity: RL4CO free-loss[warmstart] step 156/1563: score=39.792480 (avg=21.162521), loss=0.533139 (avg=0.538306), pairs_step=316800, pairs_total=49413452
[2026-07-28 16:19:15,648] INFO:fitness.free_loss_fidelity: RL4CO free-loss[warmstart] step 312/1563: score=38.235096 (avg=30.147216), loss=0.217377 (avg=0.414082), pairs_step=316800, pairs_total=98834223
[2026-07-28 16:20:08,037] INFO:fitness.free_loss_fidelity: RL4CO free-loss[warmstart] step 468/1563: score=34.363960 (avg=32.247638), loss=0.125983 (avg=0.329868), pairs_step=316799, pairs_total=148254997
[2026-07-28 16:21:00,248] INFO:fitness.free_loss_fidelity: RL4CO free-loss[warmstart] step 624/1563: score=32.296944 (avg=32.503345), loss=0.108097 (avg=0.275958), pairs_step=316800, pairs_total=197675780
[2026-07-28 16:21:52,295] INFO:fitness.free_loss_fidelity: RL4CO free-loss[warmstart] step 780/1563: score=31.163885 (avg=32.334079), loss=0.094311 (avg=0.241022), pairs_step=316800, pairs_total=247096553
[2026-07-28 16:22:44,318] INFO:fitness.free_loss_fidelity: RL4CO free-loss[warmstart] step 936/1563: score=30.182198 (avg=32.065988), loss=0.091061 (avg=0.216879), pairs_step=316800, pairs_total=296517330
[2026-07-28 16:23:36,343] INFO:fitness.free_loss_fidelity: RL4CO free-loss[warmstart] step 1092/1563: score=29.327717 (avg=31.704876), loss=0.085456 (avg=0.198384), pairs_step=316800, pairs_total=345938107
[2026-07-28 16:24:28,362] INFO:fitness.free_loss_fidelity: RL4CO free-loss[warmstart] step 1248/1563: score=27.943245 (avg=31.324950), loss=0.080478 (avg=0.183919), pairs_step=316800, pairs_total=395358888
[2026-07-28 16:25:20,519] INFO:fitness.free_loss_fidelity: RL4CO free-loss[warmstart] step 1404/1563: score=27.667263 (avg=30.954490), loss=0.075356 (avg=0.172304), pairs_step=316800, pairs_total=444779666
[2026-07-28 16:26:12,666] INFO:fitness.free_loss_fidelity: RL4CO free-loss[warmstart] step 1560/1563: score=26.988579 (avg=30.590373), loss=0.076649 (avg=0.162695), pairs_step=316799, pairs_total=494200442
[2026-07-28 16:26:34,398] INFO:fitness.free_loss_fidelity: RL4CO free-loss[warmstart] epoch 1/1: validation_objective=8.432620
[2026-07-28 16:26:55,070] INFO:fitness.free_loss_fidelity: Stage3 offline mini-train DONE gen=6 pair_index=6 score=0.6409562652587892 any_error=False
