[2026-07-28 15:10:48,695] INFO:fitness.free_loss_fidelity: Stage3 offline mini-train start gen=5 pair_index=4 scenarios=['tsp100']
[2026-07-28 15:10:48,743] INFO:fitness.free_loss_fidelity: Stage3 scenario start gen=5 pair_index=4 scenario=tsp100 K=200 seed=1234 valid_sizes=[100] baseline_json=/data1/gushengda/eam-rl4co_runs/tsp100-joint-matched-init-hf1-r5-20260728-1802/baseline_cache/baseline_minitrain_tsp100_ckpt135_epoch1_inst100000.json
[2026-07-28 15:10:54,109] WARNING:fitness.free_loss_fidelity: weights_only checkpoint load failed (UnpicklingError); retrying weights_only=False for /data1/gushengda/eam-rl4co/baseline/tsp100_epoch_135.ckpt
[2026-07-28 15:10:54,162] INFO:fitness.free_loss_fidelity: Loaded init checkpoint into policy: path=/data1/gushengda/eam-rl4co/baseline/tsp100_epoch_135.ckpt prefix=policy. matched=97 missing=0 unexpected=0
[2026-07-28 15:10:54,676] WARNING:fitness.free_loss_fidelity: weights_only checkpoint load failed (UnpicklingError); retrying weights_only=False for /data1/gushengda/eam-rl4co/baseline/tsp100_epoch_135.ckpt
[2026-07-28 15:10:54,719] INFO:fitness.free_loss_fidelity: Loaded init checkpoint into policy: path=/data1/gushengda/eam-rl4co/baseline/tsp100_epoch_135.ckpt prefix=policy. matched=97 missing=0 unexpected=0
[2026-07-28 15:10:54,753] INFO:fitness.free_loss_fidelity: RL4CO free-loss phase=warmstart: epochs=1 steps_f1=1563 steps_f2=0 total_steps=1563 (ckpt=/data1/gushengda/eam-rl4co/baseline/tsp100_epoch_135.ckpt, device=cuda:0, env=tsp)
[2026-07-28 15:10:55,706] INFO:fitness.free_loss_fidelity: RL4CO free-loss[warmstart] step 1/1563: score=7.751812 (avg=7.751812), loss=1.106500 (avg=1.106500), pairs_step=315787, pairs_total=315787
[2026-07-28 15:12:33,324] INFO:fitness.free_loss_fidelity: RL4CO free-loss[warmstart] step 156/1563: score=41.544434 (avg=21.389156), loss=0.954964 (avg=0.798089), pairs_step=316800, pairs_total=49412069
[2026-07-28 15:14:12,189] INFO:fitness.free_loss_fidelity: RL4CO free-loss[warmstart] step 312/1563: score=27.929482 (avg=25.418983), loss=0.335889 (avg=0.646057), pairs_step=316800, pairs_total=98832842
[2026-07-28 15:15:51,619] INFO:fitness.free_loss_fidelity: RL4CO free-loss[warmstart] step 468/1563: score=22.140991 (avg=25.564516), loss=0.305180 (avg=0.537331), pairs_step=316800, pairs_total=148253621
[2026-07-28 15:17:30,563] INFO:fitness.free_loss_fidelity: RL4CO free-loss[warmstart] step 624/1563: score=22.892262 (avg=25.797378), loss=0.228408 (avg=0.469444), pairs_step=316800, pairs_total=197674398
[2026-07-28 15:19:09,699] INFO:fitness.free_loss_fidelity: RL4CO free-loss[warmstart] step 780/1563: score=27.451712 (avg=25.920125), loss=0.215759 (avg=0.425768), pairs_step=316800, pairs_total=247095173
[2026-07-28 15:20:48,441] INFO:fitness.free_loss_fidelity: RL4CO free-loss[warmstart] step 936/1563: score=24.155399 (avg=25.718360), loss=0.249550 (avg=0.395403), pairs_step=316800, pairs_total=296515948
[2026-07-28 15:22:27,060] INFO:fitness.free_loss_fidelity: RL4CO free-loss[warmstart] step 1092/1563: score=25.938829 (avg=25.463564), loss=0.208672 (avg=0.368852), pairs_step=316800, pairs_total=345936722
[2026-07-28 15:24:05,791] INFO:fitness.free_loss_fidelity: RL4CO free-loss[warmstart] step 1248/1563: score=27.626961 (avg=25.675996), loss=0.201174 (avg=0.348732), pairs_step=316800, pairs_total=395357498
[2026-07-28 15:25:44,511] INFO:fitness.free_loss_fidelity: RL4CO free-loss[warmstart] step 1404/1563: score=26.270309 (avg=25.815484), loss=0.186003 (avg=0.331763), pairs_step=316800, pairs_total=444778271
[2026-07-28 15:27:22,686] INFO:fitness.free_loss_fidelity: RL4CO free-loss[warmstart] step 1560/1563: score=25.520912 (avg=25.814293), loss=0.178186 (avg=0.317093), pairs_step=316800, pairs_total=494199051
[2026-07-28 15:28:01,572] INFO:fitness.free_loss_fidelity: RL4CO free-loss[warmstart] epoch 1/1: validation_objective=8.918510
[2026-07-28 15:28:37,995] INFO:fitness.free_loss_fidelity: Stage3 offline mini-train DONE gen=5 pair_index=4 score=1.1174990585327143 any_error=False
