[2026-07-28 23:27:12,195] INFO:fitness.free_loss_fidelity: Stage3 offline mini-train start gen=13 pair_index=9 scenarios=['tsp100']
[2026-07-28 23:27:12,246] INFO:fitness.free_loss_fidelity: Stage3 scenario start gen=13 pair_index=9 scenario=tsp100 K=200 seed=1234 valid_sizes=[100] baseline_json=/data1/gushengda/eam-rl4co_runs/tsp100-joint-matched-init-hf1-r5-20260728-1802/baseline_cache/baseline_minitrain_tsp100_ckpt135_epoch1_inst100000.json
[2026-07-28 23:27:17,158] WARNING:fitness.free_loss_fidelity: weights_only checkpoint load failed (UnpicklingError); retrying weights_only=False for /data1/gushengda/eam-rl4co/baseline/tsp100_epoch_135.ckpt
[2026-07-28 23:27:17,214] INFO:fitness.free_loss_fidelity: Loaded init checkpoint into policy: path=/data1/gushengda/eam-rl4co/baseline/tsp100_epoch_135.ckpt prefix=policy. matched=97 missing=0 unexpected=0
[2026-07-28 23:27:17,607] WARNING:fitness.free_loss_fidelity: weights_only checkpoint load failed (UnpicklingError); retrying weights_only=False for /data1/gushengda/eam-rl4co/baseline/tsp100_epoch_135.ckpt
[2026-07-28 23:27:17,652] INFO:fitness.free_loss_fidelity: Loaded init checkpoint into policy: path=/data1/gushengda/eam-rl4co/baseline/tsp100_epoch_135.ckpt prefix=policy. matched=97 missing=0 unexpected=0
[2026-07-28 23:27:17,673] INFO:fitness.free_loss_fidelity: RL4CO free-loss phase=warmstart: epochs=1 steps_f1=1563 steps_f2=0 total_steps=1563 (ckpt=/data1/gushengda/eam-rl4co/baseline/tsp100_epoch_135.ckpt, device=cuda:0, env=tsp)
[2026-07-28 23:27:18,533] INFO:fitness.free_loss_fidelity: RL4CO free-loss[warmstart] step 1/1563: score=7.751812 (avg=7.751812), loss=1.238124 (avg=1.238124), pairs_step=315787, pairs_total=315787
[2026-07-28 23:28:56,323] INFO:fitness.free_loss_fidelity: RL4CO free-loss[warmstart] step 156/1563: score=41.002811 (avg=19.704728), loss=0.457055 (avg=0.511785), pairs_step=316800, pairs_total=49413468
[2026-07-28 23:30:34,798] INFO:fitness.free_loss_fidelity: RL4CO free-loss[warmstart] step 312/1563: score=38.979149 (avg=30.196814), loss=0.280705 (avg=0.448469), pairs_step=316800, pairs_total=98834240
[2026-07-28 23:32:13,310] INFO:fitness.free_loss_fidelity: RL4CO free-loss[warmstart] step 468/1563: score=39.163040 (avg=33.309568), loss=0.249326 (avg=0.397929), pairs_step=316800, pairs_total=148255010
[2026-07-28 23:33:51,600] INFO:fitness.free_loss_fidelity: RL4CO free-loss[warmstart] step 624/1563: score=41.856079 (avg=34.878650), loss=0.455373 (avg=0.372918), pairs_step=316800, pairs_total=197675786
[2026-07-28 23:35:29,801] INFO:fitness.free_loss_fidelity: RL4CO free-loss[warmstart] step 780/1563: score=36.323479 (avg=35.378474), loss=0.172869 (avg=0.342140), pairs_step=316799, pairs_total=247096550
[2026-07-28 23:37:08,041] INFO:fitness.free_loss_fidelity: RL4CO free-loss[warmstart] step 936/1563: score=34.991699 (avg=35.243990), loss=0.135304 (avg=0.309192), pairs_step=316800, pairs_total=296517326
[2026-07-28 23:38:46,285] INFO:fitness.free_loss_fidelity: RL4CO free-loss[warmstart] step 1092/1563: score=33.393177 (avg=34.966485), loss=0.128930 (avg=0.283122), pairs_step=316800, pairs_total=345938102
[2026-07-28 23:40:24,556] INFO:fitness.free_loss_fidelity: RL4CO free-loss[warmstart] step 1248/1563: score=31.733683 (avg=34.699937), loss=0.124315 (avg=0.262918), pairs_step=316800, pairs_total=395358877
[2026-07-28 23:42:02,932] INFO:fitness.free_loss_fidelity: RL4CO free-loss[warmstart] step 1404/1563: score=32.547173 (avg=34.455254), loss=0.114270 (avg=0.247031), pairs_step=316800, pairs_total=444779646
[2026-07-28 23:43:41,181] INFO:fitness.free_loss_fidelity: RL4CO free-loss[warmstart] step 1560/1563: score=36.690529 (avg=34.306178), loss=0.170384 (avg=0.234901), pairs_step=316800, pairs_total=494200420
[2026-07-28 23:44:20,526] INFO:fitness.free_loss_fidelity: RL4CO free-loss[warmstart] epoch 1/1: validation_objective=11.449088
[2026-07-28 23:44:57,861] INFO:fitness.free_loss_fidelity: Stage3 offline mini-train DONE gen=13 pair_index=9 score=3.654377511596679 any_error=False
