[2026-07-28 13:36:59,635] INFO:fitness.free_loss_fidelity: Stage3 offline mini-train start gen=3 pair_index=8 scenarios=['tsp100']
[2026-07-28 13:36:59,722] INFO:fitness.free_loss_fidelity: Stage3 scenario start gen=3 pair_index=8 scenario=tsp100 K=200 seed=1234 valid_sizes=[100] baseline_json=/data1/gushengda/eam-rl4co_runs/tsp100-joint-matched-init-hf1-r5-20260728-1802/baseline_cache/baseline_minitrain_tsp100_ckpt135_epoch1_inst100000.json
[2026-07-28 13:37:04,545] WARNING:fitness.free_loss_fidelity: weights_only checkpoint load failed (UnpicklingError); retrying weights_only=False for /data1/gushengda/eam-rl4co/baseline/tsp100_epoch_135.ckpt
[2026-07-28 13:37:04,629] INFO:fitness.free_loss_fidelity: Loaded init checkpoint into policy: path=/data1/gushengda/eam-rl4co/baseline/tsp100_epoch_135.ckpt prefix=policy. matched=97 missing=0 unexpected=0
[2026-07-28 13:37:04,999] WARNING:fitness.free_loss_fidelity: weights_only checkpoint load failed (UnpicklingError); retrying weights_only=False for /data1/gushengda/eam-rl4co/baseline/tsp100_epoch_135.ckpt
[2026-07-28 13:37:05,044] INFO:fitness.free_loss_fidelity: Loaded init checkpoint into policy: path=/data1/gushengda/eam-rl4co/baseline/tsp100_epoch_135.ckpt prefix=policy. matched=97 missing=0 unexpected=0
[2026-07-28 13:37:05,049] INFO:fitness.free_loss_fidelity: RL4CO free-loss phase=warmstart: epochs=1 steps_f1=1563 steps_f2=0 total_steps=1563 (ckpt=/data1/gushengda/eam-rl4co/baseline/tsp100_epoch_135.ckpt, device=cuda:0, env=tsp)
[2026-07-28 13:37:05,639] INFO:fitness.free_loss_fidelity: RL4CO free-loss[warmstart] step 1/1563: score=7.751812 (avg=7.751812), loss=1.238124 (avg=1.238124), pairs_step=315787, pairs_total=315787
[2026-07-28 13:37:56,290] INFO:fitness.free_loss_fidelity: RL4CO free-loss[warmstart] step 156/1563: score=38.180962 (avg=20.856549), loss=0.378585 (avg=0.559759), pairs_step=316800, pairs_total=49413251
[2026-07-28 13:38:46,999] INFO:fitness.free_loss_fidelity: RL4CO free-loss[warmstart] step 312/1563: score=36.630905 (avg=29.595963), loss=0.160412 (avg=0.403621), pairs_step=316800, pairs_total=98834025
[2026-07-28 13:39:38,003] INFO:fitness.free_loss_fidelity: RL4CO free-loss[warmstart] step 468/1563: score=33.031891 (avg=31.190501), loss=0.113318 (avg=0.312964), pairs_step=316800, pairs_total=148254797
[2026-07-28 13:40:28,813] INFO:fitness.free_loss_fidelity: RL4CO free-loss[warmstart] step 624/1563: score=31.400570 (avg=31.476557), loss=0.099423 (avg=0.262085), pairs_step=316799, pairs_total=197675568
[2026-07-28 13:41:19,632] INFO:fitness.free_loss_fidelity: RL4CO free-loss[warmstart] step 780/1563: score=30.330692 (avg=31.353285), loss=0.091723 (avg=0.228962), pairs_step=316800, pairs_total=247096342
[2026-07-28 13:42:10,442] INFO:fitness.free_loss_fidelity: RL4CO free-loss[warmstart] step 936/1563: score=29.447649 (avg=31.166708), loss=0.085928 (avg=0.206313), pairs_step=316800, pairs_total=296517109
[2026-07-28 13:43:01,237] INFO:fitness.free_loss_fidelity: RL4CO free-loss[warmstart] step 1092/1563: score=28.283821 (avg=30.858110), loss=0.081684 (avg=0.189028), pairs_step=316800, pairs_total=345937882
[2026-07-28 13:43:52,028] INFO:fitness.free_loss_fidelity: RL4CO free-loss[warmstart] step 1248/1563: score=27.598782 (avg=30.527708), loss=0.078077 (avg=0.175455), pairs_step=316800, pairs_total=395358657
[2026-07-28 13:44:43,028] INFO:fitness.free_loss_fidelity: RL4CO free-loss[warmstart] step 1404/1563: score=27.277252 (avg=30.199839), loss=0.076147 (avg=0.164590), pairs_step=316800, pairs_total=444779430
[2026-07-28 13:45:33,836] INFO:fitness.free_loss_fidelity: RL4CO free-loss[warmstart] step 1560/1563: score=26.628330 (avg=29.884888), loss=0.073583 (avg=0.155631), pairs_step=316799, pairs_total=494200207
[2026-07-28 13:45:55,656] INFO:fitness.free_loss_fidelity: RL4CO free-loss[warmstart] epoch 1/1: validation_objective=8.387818
[2026-07-28 13:46:16,478] INFO:fitness.free_loss_fidelity: Stage3 offline mini-train DONE gen=3 pair_index=8 score=0.5912840698242183 any_error=False
