[2026-07-28 11:22:02,763] INFO:fitness.free_loss_fidelity: Stage3 offline mini-train start gen=1 pair_index=0 scenarios=['tsp100']
[2026-07-28 11:22:02,817] INFO:fitness.free_loss_fidelity: Stage3 scenario start gen=1 pair_index=0 scenario=tsp100 K=200 seed=1234 valid_sizes=[100] baseline_json=/data1/gushengda/eam-rl4co_runs/tsp100-joint-matched-init-hf1-r5-20260728-1802/baseline_cache/baseline_minitrain_tsp100_ckpt135_epoch1_inst100000.json
[2026-07-28 11:22:07,941] WARNING:fitness.free_loss_fidelity: weights_only checkpoint load failed (UnpicklingError); retrying weights_only=False for /data1/gushengda/eam-rl4co/baseline/tsp100_epoch_135.ckpt
[2026-07-28 11:22:08,074] INFO:fitness.free_loss_fidelity: Loaded init checkpoint into policy: path=/data1/gushengda/eam-rl4co/baseline/tsp100_epoch_135.ckpt prefix=policy. matched=97 missing=0 unexpected=0
[2026-07-28 11:22:08,482] WARNING:fitness.free_loss_fidelity: weights_only checkpoint load failed (UnpicklingError); retrying weights_only=False for /data1/gushengda/eam-rl4co/baseline/tsp100_epoch_135.ckpt
[2026-07-28 11:22:08,529] INFO:fitness.free_loss_fidelity: Loaded init checkpoint into policy: path=/data1/gushengda/eam-rl4co/baseline/tsp100_epoch_135.ckpt prefix=policy. matched=97 missing=0 unexpected=0
[2026-07-28 11:22:08,534] INFO:fitness.free_loss_fidelity: RL4CO free-loss phase=warmstart: epochs=1 steps_f1=1563 steps_f2=0 total_steps=1563 (ckpt=/data1/gushengda/eam-rl4co/baseline/tsp100_epoch_135.ckpt, device=cuda:0, env=tsp)
[2026-07-28 11:22:09,246] INFO:fitness.free_loss_fidelity: RL4CO free-loss[warmstart] step 1/1563: score=7.751812 (avg=7.751812), loss=1.201225 (avg=1.201225), pairs_step=315787, pairs_total=315787
[2026-07-28 11:23:47,021] INFO:fitness.free_loss_fidelity: RL4CO free-loss[warmstart] step 156/1563: score=8.643765 (avg=8.065649), loss=0.050443 (avg=0.156307), pairs_step=316800, pairs_total=49411177
[2026-07-28 11:25:25,645] INFO:fitness.free_loss_fidelity: RL4CO free-loss[warmstart] step 312/1563: score=32.840878 (avg=10.914044), loss=0.123561 (avg=0.106069), pairs_step=316800, pairs_total=98831973
[2026-07-28 11:27:04,611] INFO:fitness.free_loss_fidelity: RL4CO free-loss[warmstart] step 468/1563: score=35.816666 (avg=19.578757), loss=0.079712 (avg=0.122104), pairs_step=316800, pairs_total=148252747
[2026-07-28 11:28:44,078] INFO:fitness.free_loss_fidelity: RL4CO free-loss[warmstart] step 624/1563: score=34.323372 (avg=23.255675), loss=0.062475 (avg=0.108403), pairs_step=316799, pairs_total=197673505
[2026-07-28 11:30:23,506] INFO:fitness.free_loss_fidelity: RL4CO free-loss[warmstart] step 780/1563: score=32.578072 (avg=25.235118), loss=0.045366 (avg=0.096967), pairs_step=316800, pairs_total=247094272
[2026-07-28 11:32:02,846] INFO:fitness.free_loss_fidelity: RL4CO free-loss[warmstart] step 936/1563: score=28.630304 (avg=25.994124), loss=0.041615 (avg=0.087682), pairs_step=316800, pairs_total=296515049
[2026-07-28 11:33:42,055] INFO:fitness.free_loss_fidelity: RL4CO free-loss[warmstart] step 1092/1563: score=25.554041 (avg=26.091921), loss=0.033985 (avg=0.080339), pairs_step=316800, pairs_total=345935833
[2026-07-28 11:35:21,326] INFO:fitness.free_loss_fidelity: RL4CO free-loss[warmstart] step 1248/1563: score=24.605925 (avg=26.003160), loss=0.033707 (avg=0.074484), pairs_step=316800, pairs_total=395356618
[2026-07-28 11:37:00,609] INFO:fitness.free_loss_fidelity: RL4CO free-loss[warmstart] step 1404/1563: score=24.705299 (avg=25.858236), loss=0.031308 (avg=0.069701), pairs_step=316800, pairs_total=444777403
[2026-07-28 11:38:39,971] INFO:fitness.free_loss_fidelity: RL4CO free-loss[warmstart] step 1560/1563: score=23.933758 (avg=25.730435), loss=0.029289 (avg=0.065881), pairs_step=316799, pairs_total=494198183
[2026-07-28 11:39:19,898] INFO:fitness.free_loss_fidelity: RL4CO free-loss[warmstart] epoch 1/1: validation_objective=8.417082
[2026-07-28 11:39:57,631] INFO:fitness.free_loss_fidelity: Stage3 offline mini-train DONE gen=1 pair_index=0 score=0.6179659835815423 any_error=False
