[2026-07-29 00:07:33,718] INFO:fitness.free_loss_fidelity: Stage3 offline mini-train start gen=14 pair_index=10 scenarios=['tsp100']
[2026-07-29 00:07:33,792] INFO:fitness.free_loss_fidelity: Stage3 scenario start gen=14 pair_index=10 scenario=tsp100 K=200 seed=1234 valid_sizes=[100] baseline_json=/data1/gushengda/eam-rl4co_runs/tsp100-joint-matched-init-hf1-r5-20260728-1802/baseline_cache/baseline_minitrain_tsp100_ckpt135_epoch1_inst100000.json
[2026-07-29 00:07:38,597] WARNING:fitness.free_loss_fidelity: weights_only checkpoint load failed (UnpicklingError); retrying weights_only=False for /data1/gushengda/eam-rl4co/baseline/tsp100_epoch_135.ckpt
[2026-07-29 00:07:38,641] INFO:fitness.free_loss_fidelity: Loaded init checkpoint into policy: path=/data1/gushengda/eam-rl4co/baseline/tsp100_epoch_135.ckpt prefix=policy. matched=97 missing=0 unexpected=0
[2026-07-29 00:07:39,009] WARNING:fitness.free_loss_fidelity: weights_only checkpoint load failed (UnpicklingError); retrying weights_only=False for /data1/gushengda/eam-rl4co/baseline/tsp100_epoch_135.ckpt
[2026-07-29 00:07:39,052] INFO:fitness.free_loss_fidelity: Loaded init checkpoint into policy: path=/data1/gushengda/eam-rl4co/baseline/tsp100_epoch_135.ckpt prefix=policy. matched=97 missing=0 unexpected=0
[2026-07-29 00:07:39,057] INFO:fitness.free_loss_fidelity: RL4CO free-loss phase=warmstart: epochs=1 steps_f1=1563 steps_f2=0 total_steps=1563 (ckpt=/data1/gushengda/eam-rl4co/baseline/tsp100_epoch_135.ckpt, device=cuda:0, env=tsp)
[2026-07-29 00:07:39,661] INFO:fitness.free_loss_fidelity: RL4CO free-loss[warmstart] step 1/1563: score=7.751812 (avg=7.751812), loss=1.106500 (avg=1.106500), pairs_step=315787, pairs_total=315787
[2026-07-29 00:08:31,575] INFO:fitness.free_loss_fidelity: RL4CO free-loss[warmstart] step 156/1563: score=18.725410 (avg=20.430572), loss=0.414644 (avg=0.710860), pairs_step=316800, pairs_total=49412453
[2026-07-29 00:09:23,790] INFO:fitness.free_loss_fidelity: RL4CO free-loss[warmstart] step 312/1563: score=16.863419 (avg=23.583841), loss=0.278744 (avg=0.602483), pairs_step=316800, pairs_total=98833228
[2026-07-29 00:10:16,227] INFO:fitness.free_loss_fidelity: RL4CO free-loss[warmstart] step 468/1563: score=18.421333 (avg=22.374646), loss=0.196759 (avg=0.479096), pairs_step=316800, pairs_total=148254002
[2026-07-29 00:11:08,452] INFO:fitness.free_loss_fidelity: RL4CO free-loss[warmstart] step 624/1563: score=17.315250 (avg=21.535330), loss=0.178094 (avg=0.406811), pairs_step=316800, pairs_total=197674772
[2026-07-29 00:12:00,674] INFO:fitness.free_loss_fidelity: RL4CO free-loss[warmstart] step 780/1563: score=18.210751 (avg=20.994202), loss=0.159604 (avg=0.360157), pairs_step=316800, pairs_total=247095551
[2026-07-29 00:12:52,932] INFO:fitness.free_loss_fidelity: RL4CO free-loss[warmstart] step 936/1563: score=20.168867 (avg=20.578283), loss=0.163999 (avg=0.327237), pairs_step=316799, pairs_total=296516334
[2026-07-29 00:13:45,302] INFO:fitness.free_loss_fidelity: RL4CO free-loss[warmstart] step 1092/1563: score=18.992807 (avg=20.294452), loss=0.154772 (avg=0.303310), pairs_step=316800, pairs_total=345937112
[2026-07-29 00:14:37,686] INFO:fitness.free_loss_fidelity: RL4CO free-loss[warmstart] step 1248/1563: score=17.257923 (avg=20.098367), loss=0.142998 (avg=0.284273), pairs_step=316798, pairs_total=395357891
[2026-07-29 00:15:30,315] INFO:fitness.free_loss_fidelity: RL4CO free-loss[warmstart] step 1404/1563: score=19.624493 (avg=19.891380), loss=0.145921 (avg=0.268852), pairs_step=316800, pairs_total=444778668
[2026-07-29 00:16:22,664] INFO:fitness.free_loss_fidelity: RL4CO free-loss[warmstart] step 1560/1563: score=19.661331 (avg=19.682553), loss=0.140865 (avg=0.255958), pairs_step=316800, pairs_total=494199445
[2026-07-29 00:16:44,289] INFO:fitness.free_loss_fidelity: RL4CO free-loss[warmstart] epoch 1/1: validation_objective=8.578263
[2026-07-29 00:17:04,990] INFO:fitness.free_loss_fidelity: Stage3 offline mini-train DONE gen=14 pair_index=10 score=0.7820492660522467 any_error=False
