[2026-07-28 16:36:48,365] INFO:fitness.free_loss_fidelity: Stage3 offline mini-train start gen=6 pair_index=14 scenarios=['tsp100']
[2026-07-28 16:36:48,452] INFO:fitness.free_loss_fidelity: Stage3 scenario start gen=6 pair_index=14 scenario=tsp100 K=200 seed=1234 valid_sizes=[100] baseline_json=/data1/gushengda/eam-rl4co_runs/tsp100-joint-matched-init-hf1-r5-20260728-1802/baseline_cache/baseline_minitrain_tsp100_ckpt135_epoch1_inst100000.json
[2026-07-28 16:36:53,279] WARNING:fitness.free_loss_fidelity: weights_only checkpoint load failed (UnpicklingError); retrying weights_only=False for /data1/gushengda/eam-rl4co/baseline/tsp100_epoch_135.ckpt
[2026-07-28 16:36:53,355] INFO:fitness.free_loss_fidelity: Loaded init checkpoint into policy: path=/data1/gushengda/eam-rl4co/baseline/tsp100_epoch_135.ckpt prefix=policy. matched=97 missing=0 unexpected=0
[2026-07-28 16:36:53,721] WARNING:fitness.free_loss_fidelity: weights_only checkpoint load failed (UnpicklingError); retrying weights_only=False for /data1/gushengda/eam-rl4co/baseline/tsp100_epoch_135.ckpt
[2026-07-28 16:36:53,764] INFO:fitness.free_loss_fidelity: Loaded init checkpoint into policy: path=/data1/gushengda/eam-rl4co/baseline/tsp100_epoch_135.ckpt prefix=policy. matched=97 missing=0 unexpected=0
[2026-07-28 16:36:53,770] INFO:fitness.free_loss_fidelity: RL4CO free-loss phase=warmstart: epochs=1 steps_f1=1563 steps_f2=0 total_steps=1563 (ckpt=/data1/gushengda/eam-rl4co/baseline/tsp100_epoch_135.ckpt, device=cuda:0, env=tsp)
[2026-07-28 16:36:54,367] INFO:fitness.free_loss_fidelity: RL4CO free-loss[warmstart] step 1/1563: score=7.751812 (avg=7.751812), loss=1.084380 (avg=1.084380), pairs_step=315787, pairs_total=315787
[2026-07-28 16:37:46,371] INFO:fitness.free_loss_fidelity: RL4CO free-loss[warmstart] step 156/1563: score=41.424065 (avg=31.132081), loss=0.710093 (avg=0.954645), pairs_step=316800, pairs_total=49412173
[2026-07-28 16:38:38,685] INFO:fitness.free_loss_fidelity: RL4CO free-loss[warmstart] step 312/1563: score=42.769333 (avg=37.082978), loss=0.676358 (avg=0.856992), pairs_step=316800, pairs_total=98832946
[2026-07-28 16:39:31,192] INFO:fitness.free_loss_fidelity: RL4CO free-loss[warmstart] step 468/1563: score=39.961380 (avg=38.244810), loss=0.490350 (avg=0.761583), pairs_step=316800, pairs_total=148253717
[2026-07-28 16:40:23,473] INFO:fitness.free_loss_fidelity: RL4CO free-loss[warmstart] step 624/1563: score=38.996605 (avg=38.545788), loss=0.456061 (avg=0.698346), pairs_step=316800, pairs_total=197674494
[2026-07-28 16:41:15,735] INFO:fitness.free_loss_fidelity: RL4CO free-loss[warmstart] step 780/1563: score=41.322426 (avg=38.647443), loss=0.597940 (avg=0.672672), pairs_step=316800, pairs_total=247095267
[2026-07-28 16:42:08,023] INFO:fitness.free_loss_fidelity: RL4CO free-loss[warmstart] step 936/1563: score=39.074173 (avg=38.799592), loss=0.484453 (avg=0.644461), pairs_step=316799, pairs_total=296516036
[2026-07-28 16:43:00,236] INFO:fitness.free_loss_fidelity: RL4CO free-loss[warmstart] step 1092/1563: score=35.114609 (avg=38.547175), loss=0.363678 (avg=0.610710), pairs_step=316800, pairs_total=345936813
[2026-07-28 16:43:52,584] INFO:fitness.free_loss_fidelity: RL4CO free-loss[warmstart] step 1248/1563: score=33.851082 (avg=38.104999), loss=0.358482 (avg=0.576981), pairs_step=316800, pairs_total=395357585
[2026-07-28 16:44:45,266] INFO:fitness.free_loss_fidelity: RL4CO free-loss[warmstart] step 1404/1563: score=34.403740 (avg=37.783650), loss=0.330957 (avg=0.552376), pairs_step=316800, pairs_total=444778346
[2026-07-28 16:45:37,726] INFO:fitness.free_loss_fidelity: RL4CO free-loss[warmstart] step 1560/1563: score=38.587898 (avg=37.513898), loss=0.441181 (avg=0.533238), pairs_step=316800, pairs_total=494199120
[2026-07-28 16:45:59,354] INFO:fitness.free_loss_fidelity: RL4CO free-loss[warmstart] epoch 1/1: validation_objective=10.991324
[2026-07-28 16:46:19,913] INFO:fitness.free_loss_fidelity: Stage3 offline mini-train DONE gen=6 pair_index=14 score=3.1879402481079095 any_error=False
