[2026-07-28 17:04:04,107] INFO:fitness.free_loss_fidelity: Stage3 offline mini-train start gen=7 pair_index=0 scenarios=['tsp100']
[2026-07-28 17:04:04,195] INFO:fitness.free_loss_fidelity: Stage3 scenario start gen=7 pair_index=0 scenario=tsp100 K=200 seed=1234 valid_sizes=[100] baseline_json=/data1/gushengda/eam-rl4co_runs/tsp100-joint-matched-init-hf1-r5-20260728-1802/baseline_cache/baseline_minitrain_tsp100_ckpt135_epoch1_inst100000.json
[2026-07-28 17:04:09,146] WARNING:fitness.free_loss_fidelity: weights_only checkpoint load failed (UnpicklingError); retrying weights_only=False for /data1/gushengda/eam-rl4co/baseline/tsp100_epoch_135.ckpt
[2026-07-28 17:04:09,335] INFO:fitness.free_loss_fidelity: Loaded init checkpoint into policy: path=/data1/gushengda/eam-rl4co/baseline/tsp100_epoch_135.ckpt prefix=policy. matched=97 missing=0 unexpected=0
[2026-07-28 17:04:09,771] WARNING:fitness.free_loss_fidelity: weights_only checkpoint load failed (UnpicklingError); retrying weights_only=False for /data1/gushengda/eam-rl4co/baseline/tsp100_epoch_135.ckpt
[2026-07-28 17:04:09,816] INFO:fitness.free_loss_fidelity: Loaded init checkpoint into policy: path=/data1/gushengda/eam-rl4co/baseline/tsp100_epoch_135.ckpt prefix=policy. matched=97 missing=0 unexpected=0
[2026-07-28 17:04:09,821] INFO:fitness.free_loss_fidelity: RL4CO free-loss phase=warmstart: epochs=1 steps_f1=1563 steps_f2=0 total_steps=1563 (ckpt=/data1/gushengda/eam-rl4co/baseline/tsp100_epoch_135.ckpt, device=cuda:0, env=tsp)
[2026-07-28 17:04:10,516] INFO:fitness.free_loss_fidelity: RL4CO free-loss[warmstart] step 1/1563: score=7.751812 (avg=7.751812), loss=1.201225 (avg=1.201225), pairs_step=315787, pairs_total=315787
[2026-07-28 17:05:47,954] INFO:fitness.free_loss_fidelity: RL4CO free-loss[warmstart] step 156/1563: score=8.327936 (avg=8.022007), loss=0.047385 (avg=0.159756), pairs_step=316800, pairs_total=49411387
[2026-07-28 17:07:26,621] INFO:fitness.free_loss_fidelity: RL4CO free-loss[warmstart] step 312/1563: score=18.278389 (avg=9.431963), loss=0.064993 (avg=0.105109), pairs_step=316800, pairs_total=98832181
[2026-07-28 17:09:05,326] INFO:fitness.free_loss_fidelity: RL4CO free-loss[warmstart] step 468/1563: score=36.619251 (avg=16.641754), loss=0.158951 (avg=0.124073), pairs_step=316800, pairs_total=148252964
[2026-07-28 17:10:43,973] INFO:fitness.free_loss_fidelity: RL4CO free-loss[warmstart] step 624/1563: score=33.552189 (avg=20.808429), loss=0.077171 (avg=0.128086), pairs_step=316800, pairs_total=197673743
[2026-07-28 17:12:22,679] INFO:fitness.free_loss_fidelity: RL4CO free-loss[warmstart] step 780/1563: score=28.211040 (avg=22.608263), loss=0.040903 (avg=0.112771), pairs_step=316800, pairs_total=247094515
[2026-07-28 17:14:01,355] INFO:fitness.free_loss_fidelity: RL4CO free-loss[warmstart] step 936/1563: score=27.034836 (avg=23.409955), loss=0.036630 (avg=0.100717), pairs_step=316800, pairs_total=296515299
[2026-07-28 17:15:39,799] INFO:fitness.free_loss_fidelity: RL4CO free-loss[warmstart] step 1092/1563: score=25.521236 (avg=23.802707), loss=0.034536 (avg=0.091456), pairs_step=316800, pairs_total=345936087
[2026-07-28 17:17:18,420] INFO:fitness.free_loss_fidelity: RL4CO free-loss[warmstart] step 1248/1563: score=24.396091 (avg=23.973279), loss=0.031900 (avg=0.084152), pairs_step=316800, pairs_total=395356870
[2026-07-28 17:18:57,017] INFO:fitness.free_loss_fidelity: RL4CO free-loss[warmstart] step 1404/1563: score=24.061970 (avg=24.025376), loss=0.030151 (avg=0.078280), pairs_step=316800, pairs_total=444777652
[2026-07-28 17:20:35,742] INFO:fitness.free_loss_fidelity: RL4CO free-loss[warmstart] step 1560/1563: score=23.631313 (avg=24.005589), loss=0.028546 (avg=0.073420), pairs_step=316800, pairs_total=494198438
[2026-07-28 17:21:15,619] INFO:fitness.free_loss_fidelity: RL4CO free-loss[warmstart] epoch 1/1: validation_objective=8.518127
[2026-07-28 17:21:53,080] INFO:fitness.free_loss_fidelity: Stage3 offline mini-train DONE gen=7 pair_index=0 score=0.7202092468261716 any_error=False
