[2026-07-28 13:00:29,602] INFO:fitness.free_loss_fidelity: Stage3 offline mini-train start gen=2 pair_index=13 scenarios=['tsp100']
[2026-07-28 13:00:29,688] INFO:fitness.free_loss_fidelity: Stage3 scenario start gen=2 pair_index=13 scenario=tsp100 K=200 seed=1234 valid_sizes=[100] baseline_json=/data1/gushengda/eam-rl4co_runs/tsp100-joint-matched-init-hf1-r5-20260728-1802/baseline_cache/baseline_minitrain_tsp100_ckpt135_epoch1_inst100000.json
[2026-07-28 13:00:34,507] WARNING:fitness.free_loss_fidelity: weights_only checkpoint load failed (UnpicklingError); retrying weights_only=False for /data1/gushengda/eam-rl4co/baseline/tsp100_epoch_135.ckpt
[2026-07-28 13:00:34,556] INFO:fitness.free_loss_fidelity: Loaded init checkpoint into policy: path=/data1/gushengda/eam-rl4co/baseline/tsp100_epoch_135.ckpt prefix=policy. matched=97 missing=0 unexpected=0
[2026-07-28 13:00:34,926] WARNING:fitness.free_loss_fidelity: weights_only checkpoint load failed (UnpicklingError); retrying weights_only=False for /data1/gushengda/eam-rl4co/baseline/tsp100_epoch_135.ckpt
[2026-07-28 13:00:34,972] INFO:fitness.free_loss_fidelity: Loaded init checkpoint into policy: path=/data1/gushengda/eam-rl4co/baseline/tsp100_epoch_135.ckpt prefix=policy. matched=97 missing=0 unexpected=0
[2026-07-28 13:00:34,977] INFO:fitness.free_loss_fidelity: RL4CO free-loss phase=warmstart: epochs=1 steps_f1=1563 steps_f2=0 total_steps=1563 (ckpt=/data1/gushengda/eam-rl4co/baseline/tsp100_epoch_135.ckpt, device=cuda:0, env=tsp)
[2026-07-28 13:00:35,592] INFO:fitness.free_loss_fidelity: RL4CO free-loss[warmstart] step 1/1563: score=7.751812 (avg=7.751812), loss=1.084380 (avg=1.084380), pairs_step=315787, pairs_total=315787
[2026-07-28 13:01:28,261] INFO:fitness.free_loss_fidelity: RL4CO free-loss[warmstart] step 156/1563: score=39.787910 (avg=30.521147), loss=0.575653 (avg=0.890210), pairs_step=316800, pairs_total=49412305
[2026-07-28 13:02:21,268] INFO:fitness.free_loss_fidelity: RL4CO free-loss[warmstart] step 312/1563: score=40.473778 (avg=35.424169), loss=0.554673 (avg=0.724311), pairs_step=316800, pairs_total=98833072
[2026-07-28 13:03:14,496] INFO:fitness.free_loss_fidelity: RL4CO free-loss[warmstart] step 468/1563: score=41.480011 (avg=37.418412), loss=0.579912 (avg=0.683851), pairs_step=316799, pairs_total=148253843
[2026-07-28 13:04:07,468] INFO:fitness.free_loss_fidelity: RL4CO free-loss[warmstart] step 624/1563: score=41.684196 (avg=38.452225), loss=0.665720 (avg=0.667110), pairs_step=316800, pairs_total=197674614
[2026-07-28 13:05:00,450] INFO:fitness.free_loss_fidelity: RL4CO free-loss[warmstart] step 780/1563: score=41.401653 (avg=39.267347), loss=0.572227 (avg=0.669879), pairs_step=316799, pairs_total=247095383
[2026-07-28 13:05:53,446] INFO:fitness.free_loss_fidelity: RL4CO free-loss[warmstart] step 936/1563: score=40.749023 (avg=39.660368), loss=0.583094 (avg=0.660083), pairs_step=316800, pairs_total=296516160
[2026-07-28 13:06:45,242] INFO:fitness.free_loss_fidelity: RL4CO free-loss[warmstart] step 1092/1563: score=42.325462 (avg=40.092117), loss=0.746915 (avg=0.668324), pairs_step=316800, pairs_total=345936931
[2026-07-28 13:07:35,733] INFO:fitness.free_loss_fidelity: RL4CO free-loss[warmstart] step 1248/1563: score=40.680855 (avg=40.396502), loss=0.560957 (avg=0.668956), pairs_step=316800, pairs_total=395357706
[2026-07-28 13:08:26,440] INFO:fitness.free_loss_fidelity: RL4CO free-loss[warmstart] step 1404/1563: score=40.991341 (avg=40.459012), loss=0.558306 (avg=0.655875), pairs_step=316800, pairs_total=444778475
[2026-07-28 13:09:16,925] INFO:fitness.free_loss_fidelity: RL4CO free-loss[warmstart] step 1560/1563: score=39.670898 (avg=40.470848), loss=0.465792 (avg=0.643530), pairs_step=316800, pairs_total=494199245
[2026-07-28 13:09:38,704] INFO:fitness.free_loss_fidelity: RL4CO free-loss[warmstart] epoch 1/1: validation_objective=10.650184
[2026-07-28 13:09:59,459] INFO:fitness.free_loss_fidelity: Stage3 offline mini-train DONE gen=2 pair_index=13 score=2.85543646697998 any_error=False
