[2026-07-28 18:20:53,461] INFO:fitness.free_loss_fidelity: Stage3 offline mini-train start gen=8 pair_index=8 scenarios=['tsp100']
[2026-07-28 18:20:53,511] INFO:fitness.free_loss_fidelity: Stage3 scenario start gen=8 pair_index=8 scenario=tsp100 K=200 seed=1234 valid_sizes=[100] baseline_json=/data1/gushengda/eam-rl4co_runs/tsp100-joint-matched-init-hf1-r5-20260728-1802/baseline_cache/baseline_minitrain_tsp100_ckpt135_epoch1_inst100000.json
[2026-07-28 18:20:58,335] WARNING:fitness.free_loss_fidelity: weights_only checkpoint load failed (UnpicklingError); retrying weights_only=False for /data1/gushengda/eam-rl4co/baseline/tsp100_epoch_135.ckpt
[2026-07-28 18:20:58,419] INFO:fitness.free_loss_fidelity: Loaded init checkpoint into policy: path=/data1/gushengda/eam-rl4co/baseline/tsp100_epoch_135.ckpt prefix=policy. matched=97 missing=0 unexpected=0
[2026-07-28 18:20:58,791] WARNING:fitness.free_loss_fidelity: weights_only checkpoint load failed (UnpicklingError); retrying weights_only=False for /data1/gushengda/eam-rl4co/baseline/tsp100_epoch_135.ckpt
[2026-07-28 18:20:58,836] INFO:fitness.free_loss_fidelity: Loaded init checkpoint into policy: path=/data1/gushengda/eam-rl4co/baseline/tsp100_epoch_135.ckpt prefix=policy. matched=97 missing=0 unexpected=0
[2026-07-28 18:20:58,842] INFO:fitness.free_loss_fidelity: RL4CO free-loss phase=warmstart: epochs=1 steps_f1=1563 steps_f2=0 total_steps=1563 (ckpt=/data1/gushengda/eam-rl4co/baseline/tsp100_epoch_135.ckpt, device=cuda:0, env=tsp)
[2026-07-28 18:20:59,426] INFO:fitness.free_loss_fidelity: RL4CO free-loss[warmstart] step 1/1563: score=7.751812 (avg=7.751812), loss=1.238124 (avg=1.238124), pairs_step=315787, pairs_total=315787
[2026-07-28 18:21:51,799] INFO:fitness.free_loss_fidelity: RL4CO free-loss[warmstart] step 156/1563: score=22.374329 (avg=18.947176), loss=0.731441 (avg=0.520334), pairs_step=316800, pairs_total=49413284
[2026-07-28 18:22:44,444] INFO:fitness.free_loss_fidelity: RL4CO free-loss[warmstart] step 312/1563: score=39.826744 (avg=26.737806), loss=0.358431 (avg=0.510814), pairs_step=316800, pairs_total=98834071
[2026-07-28 18:23:37,360] INFO:fitness.free_loss_fidelity: RL4CO free-loss[warmstart] step 468/1563: score=38.773636 (avg=30.983991), loss=0.216352 (avg=0.433751), pairs_step=316799, pairs_total=148254847
[2026-07-28 18:24:30,012] INFO:fitness.free_loss_fidelity: RL4CO free-loss[warmstart] step 624/1563: score=33.142845 (avg=32.048100), loss=0.149682 (avg=0.364610), pairs_step=316799, pairs_total=197675618
[2026-07-28 18:25:22,656] INFO:fitness.free_loss_fidelity: RL4CO free-loss[warmstart] step 780/1563: score=37.419212 (avg=33.433708), loss=0.197060 (avg=0.354750), pairs_step=316799, pairs_total=247096385
[2026-07-28 18:26:15,292] INFO:fitness.free_loss_fidelity: RL4CO free-loss[warmstart] step 936/1563: score=34.064102 (avg=33.676086), loss=0.142628 (avg=0.322025), pairs_step=316800, pairs_total=296517152
[2026-07-28 18:27:07,945] INFO:fitness.free_loss_fidelity: RL4CO free-loss[warmstart] step 1092/1563: score=35.098011 (avg=33.722892), loss=0.142702 (avg=0.294615), pairs_step=316800, pairs_total=345937925
[2026-07-28 18:28:00,628] INFO:fitness.free_loss_fidelity: RL4CO free-loss[warmstart] step 1248/1563: score=31.346836 (avg=33.644568), loss=0.128700 (avg=0.273263), pairs_step=316800, pairs_total=395358695
[2026-07-28 18:28:53,526] INFO:fitness.free_loss_fidelity: RL4CO free-loss[warmstart] step 1404/1563: score=32.667755 (avg=33.539149), loss=0.125318 (avg=0.255787), pairs_step=316800, pairs_total=444779466
[2026-07-28 18:29:46,145] INFO:fitness.free_loss_fidelity: RL4CO free-loss[warmstart] step 1560/1563: score=31.242422 (avg=33.408233), loss=0.101720 (avg=0.241282), pairs_step=316799, pairs_total=494200239
[2026-07-28 18:30:07,923] INFO:fitness.free_loss_fidelity: RL4CO free-loss[warmstart] epoch 1/1: validation_objective=8.933693
[2026-07-28 18:30:42,959] INFO:fitness.free_loss_fidelity: Stage3 offline mini-train DONE gen=8 pair_index=8 score=1.1382016510009771 any_error=False
