[2026-07-28 16:07:46,891] INFO:fitness.free_loss_fidelity: Stage3 offline mini-train start gen=6 pair_index=3 scenarios=['tsp100']
[2026-07-28 16:07:46,940] INFO:fitness.free_loss_fidelity: Stage3 scenario start gen=6 pair_index=3 scenario=tsp100 K=200 seed=1234 valid_sizes=[100] baseline_json=/data1/gushengda/eam-rl4co_runs/tsp100-joint-matched-init-hf1-r5-20260728-1802/baseline_cache/baseline_minitrain_tsp100_ckpt135_epoch1_inst100000.json
[2026-07-28 16:07:51,917] WARNING:fitness.free_loss_fidelity: weights_only checkpoint load failed (UnpicklingError); retrying weights_only=False for /data1/gushengda/eam-rl4co/baseline/tsp100_epoch_135.ckpt
[2026-07-28 16:07:51,960] INFO:fitness.free_loss_fidelity: Loaded init checkpoint into policy: path=/data1/gushengda/eam-rl4co/baseline/tsp100_epoch_135.ckpt prefix=policy. matched=97 missing=0 unexpected=0
[2026-07-28 16:07:52,412] WARNING:fitness.free_loss_fidelity: weights_only checkpoint load failed (UnpicklingError); retrying weights_only=False for /data1/gushengda/eam-rl4co/baseline/tsp100_epoch_135.ckpt
[2026-07-28 16:07:52,454] INFO:fitness.free_loss_fidelity: Loaded init checkpoint into policy: path=/data1/gushengda/eam-rl4co/baseline/tsp100_epoch_135.ckpt prefix=policy. matched=97 missing=0 unexpected=0
[2026-07-28 16:07:52,459] INFO:fitness.free_loss_fidelity: RL4CO free-loss phase=warmstart: epochs=1 steps_f1=1563 steps_f2=0 total_steps=1563 (ckpt=/data1/gushengda/eam-rl4co/baseline/tsp100_epoch_135.ckpt, device=cuda:0, env=tsp)
[2026-07-28 16:07:53,067] INFO:fitness.free_loss_fidelity: RL4CO free-loss[warmstart] step 1/1563: score=7.751812 (avg=7.751812), loss=1.084380 (avg=1.084380), pairs_step=315787, pairs_total=315787
[2026-07-28 16:08:45,703] INFO:fitness.free_loss_fidelity: RL4CO free-loss[warmstart] step 156/1563: score=40.729759 (avg=31.105843), loss=0.548132 (avg=0.893786), pairs_step=316800, pairs_total=49412540
[2026-07-28 16:09:38,597] INFO:fitness.free_loss_fidelity: RL4CO free-loss[warmstart] step 312/1563: score=37.177738 (avg=35.027770), loss=0.383136 (avg=0.673829), pairs_step=316800, pairs_total=98833315
[2026-07-28 16:10:31,728] INFO:fitness.free_loss_fidelity: RL4CO free-loss[warmstart] step 468/1563: score=36.296196 (avg=35.597212), loss=0.354089 (avg=0.575191), pairs_step=316800, pairs_total=148254090
[2026-07-28 16:11:24,602] INFO:fitness.free_loss_fidelity: RL4CO free-loss[warmstart] step 624/1563: score=34.280128 (avg=35.593617), loss=0.304424 (avg=0.514122), pairs_step=316800, pairs_total=197674861
[2026-07-28 16:12:17,440] INFO:fitness.free_loss_fidelity: RL4CO free-loss[warmstart] step 780/1563: score=30.736967 (avg=35.272571), loss=0.254743 (avg=0.471454), pairs_step=316799, pairs_total=247095629
[2026-07-28 16:13:10,283] INFO:fitness.free_loss_fidelity: RL4CO free-loss[warmstart] step 936/1563: score=28.626568 (avg=34.343482), loss=0.235952 (avg=0.433922), pairs_step=316800, pairs_total=296516394
[2026-07-28 16:14:03,116] INFO:fitness.free_loss_fidelity: RL4CO free-loss[warmstart] step 1092/1563: score=27.304688 (avg=33.491329), loss=0.233721 (avg=0.405559), pairs_step=316800, pairs_total=345937157
[2026-07-28 16:14:55,958] INFO:fitness.free_loss_fidelity: RL4CO free-loss[warmstart] step 1248/1563: score=26.586143 (avg=32.671508), loss=0.215363 (avg=0.382647), pairs_step=316800, pairs_total=395357935
[2026-07-28 16:15:49,016] INFO:fitness.free_loss_fidelity: RL4CO free-loss[warmstart] step 1404/1563: score=26.538271 (avg=31.956634), loss=0.212507 (avg=0.364229), pairs_step=316800, pairs_total=444778723
[2026-07-28 16:16:41,747] INFO:fitness.free_loss_fidelity: RL4CO free-loss[warmstart] step 1560/1563: score=25.688730 (avg=31.339855), loss=0.206990 (avg=0.349049), pairs_step=316800, pairs_total=494199506
[2026-07-28 16:17:03,412] INFO:fitness.free_loss_fidelity: RL4CO free-loss[warmstart] epoch 1/1: validation_objective=8.392060
[2026-07-28 16:17:24,031] INFO:fitness.free_loss_fidelity: Stage3 offline mini-train DONE gen=6 pair_index=3 score=0.5964395858764648 any_error=False
