[2026-07-28 19:01:11,033] INFO:fitness.free_loss_fidelity: Stage3 offline mini-train start gen=9 pair_index=3 scenarios=['tsp100']
[2026-07-28 19:01:11,084] INFO:fitness.free_loss_fidelity: Stage3 scenario start gen=9 pair_index=3 scenario=tsp100 K=200 seed=1234 valid_sizes=[100] baseline_json=/data1/gushengda/eam-rl4co_runs/tsp100-joint-matched-init-hf1-r5-20260728-1802/baseline_cache/baseline_minitrain_tsp100_ckpt135_epoch1_inst100000.json
[2026-07-28 19:01:16,140] WARNING:fitness.free_loss_fidelity: weights_only checkpoint load failed (UnpicklingError); retrying weights_only=False for /data1/gushengda/eam-rl4co/baseline/tsp100_epoch_135.ckpt
[2026-07-28 19:01:16,184] INFO:fitness.free_loss_fidelity: Loaded init checkpoint into policy: path=/data1/gushengda/eam-rl4co/baseline/tsp100_epoch_135.ckpt prefix=policy. matched=97 missing=0 unexpected=0
[2026-07-28 19:01:16,719] WARNING:fitness.free_loss_fidelity: weights_only checkpoint load failed (UnpicklingError); retrying weights_only=False for /data1/gushengda/eam-rl4co/baseline/tsp100_epoch_135.ckpt
[2026-07-28 19:01:16,773] INFO:fitness.free_loss_fidelity: Loaded init checkpoint into policy: path=/data1/gushengda/eam-rl4co/baseline/tsp100_epoch_135.ckpt prefix=policy. matched=97 missing=0 unexpected=0
[2026-07-28 19:01:16,781] INFO:fitness.free_loss_fidelity: RL4CO free-loss phase=warmstart: epochs=1 steps_f1=1563 steps_f2=0 total_steps=1563 (ckpt=/data1/gushengda/eam-rl4co/baseline/tsp100_epoch_135.ckpt, device=cuda:0, env=tsp)
[2026-07-28 19:01:17,427] INFO:fitness.free_loss_fidelity: RL4CO free-loss[warmstart] step 1/1563: score=7.751812 (avg=7.751812), loss=1.084380 (avg=1.084380), pairs_step=315787, pairs_total=315787
[2026-07-28 19:02:09,080] INFO:fitness.free_loss_fidelity: RL4CO free-loss[warmstart] step 156/1563: score=30.408680 (avg=24.091545), loss=1.054909 (avg=0.972103), pairs_step=316799, pairs_total=49412419
[2026-07-28 19:03:00,551] INFO:fitness.free_loss_fidelity: RL4CO free-loss[warmstart] step 312/1563: score=44.097366 (avg=33.590302), loss=0.795431 (avg=0.944726), pairs_step=316800, pairs_total=98833187
[2026-07-28 19:03:52,143] INFO:fitness.free_loss_fidelity: RL4CO free-loss[warmstart] step 468/1563: score=40.839928 (avg=36.605825), loss=0.565238 (avg=0.861115), pairs_step=316799, pairs_total=148253964
[2026-07-28 19:04:43,498] INFO:fitness.free_loss_fidelity: RL4CO free-loss[warmstart] step 624/1563: score=38.953686 (avg=37.399172), loss=0.484041 (avg=0.775674), pairs_step=316800, pairs_total=197674750
[2026-07-28 19:05:34,874] INFO:fitness.free_loss_fidelity: RL4CO free-loss[warmstart] step 780/1563: score=36.589752 (avg=37.543726), loss=0.379285 (avg=0.712796), pairs_step=316800, pairs_total=247095528
[2026-07-28 19:06:26,198] INFO:fitness.free_loss_fidelity: RL4CO free-loss[warmstart] step 936/1563: score=36.919670 (avg=37.264808), loss=0.406895 (avg=0.657065), pairs_step=316800, pairs_total=296516298
[2026-07-28 19:07:17,512] INFO:fitness.free_loss_fidelity: RL4CO free-loss[warmstart] step 1092/1563: score=36.446918 (avg=37.075957), loss=0.615975 (avg=0.619935), pairs_step=316800, pairs_total=345937070
[2026-07-28 19:08:08,813] INFO:fitness.free_loss_fidelity: RL4CO free-loss[warmstart] step 1248/1563: score=40.119133 (avg=37.236794), loss=0.513342 (avg=0.604910), pairs_step=316800, pairs_total=395357843
[2026-07-28 19:09:00,349] INFO:fitness.free_loss_fidelity: RL4CO free-loss[warmstart] step 1404/1563: score=34.699051 (avg=37.129708), loss=0.338171 (avg=0.580097), pairs_step=316800, pairs_total=444778609
[2026-07-28 19:09:51,663] INFO:fitness.free_loss_fidelity: RL4CO free-loss[warmstart] step 1560/1563: score=33.854729 (avg=36.859864), loss=0.307448 (avg=0.554712), pairs_step=316800, pairs_total=494199381
[2026-07-28 19:10:13,243] INFO:fitness.free_loss_fidelity: RL4CO free-loss[warmstart] epoch 1/1: validation_objective=10.359925
[2026-07-28 19:10:33,788] INFO:fitness.free_loss_fidelity: Stage3 offline mini-train DONE gen=9 pair_index=3 score=2.5594633621215825 any_error=False
