[2026-07-29 00:24:03,932] INFO:fitness.free_loss_fidelity: Stage3 offline mini-train start gen=14 pair_index=15 scenarios=['tsp100']
[2026-07-29 00:24:04,020] INFO:fitness.free_loss_fidelity: Stage3 scenario start gen=14 pair_index=15 scenario=tsp100 K=200 seed=1234 valid_sizes=[100] baseline_json=/data1/gushengda/eam-rl4co_runs/tsp100-joint-matched-init-hf1-r5-20260728-1802/baseline_cache/baseline_minitrain_tsp100_ckpt135_epoch1_inst100000.json
[2026-07-29 00:24:08,853] WARNING:fitness.free_loss_fidelity: weights_only checkpoint load failed (UnpicklingError); retrying weights_only=False for /data1/gushengda/eam-rl4co/baseline/tsp100_epoch_135.ckpt
[2026-07-29 00:24:08,902] INFO:fitness.free_loss_fidelity: Loaded init checkpoint into policy: path=/data1/gushengda/eam-rl4co/baseline/tsp100_epoch_135.ckpt prefix=policy. matched=97 missing=0 unexpected=0
[2026-07-29 00:24:09,296] WARNING:fitness.free_loss_fidelity: weights_only checkpoint load failed (UnpicklingError); retrying weights_only=False for /data1/gushengda/eam-rl4co/baseline/tsp100_epoch_135.ckpt
[2026-07-29 00:24:09,338] INFO:fitness.free_loss_fidelity: Loaded init checkpoint into policy: path=/data1/gushengda/eam-rl4co/baseline/tsp100_epoch_135.ckpt prefix=policy. matched=97 missing=0 unexpected=0
[2026-07-29 00:24:09,356] INFO:fitness.free_loss_fidelity: RL4CO free-loss phase=warmstart: epochs=1 steps_f1=1563 steps_f2=0 total_steps=1563 (ckpt=/data1/gushengda/eam-rl4co/baseline/tsp100_epoch_135.ckpt, device=cuda:0, env=tsp)
[2026-07-29 00:24:10,015] INFO:fitness.free_loss_fidelity: RL4CO free-loss[warmstart] step 1/1563: score=7.751812 (avg=7.751812), loss=1.106500 (avg=1.106500), pairs_step=315787, pairs_total=315787
[2026-07-29 00:25:42,767] INFO:fitness.free_loss_fidelity: RL4CO free-loss[warmstart] step 156/1563: score=41.151245 (avg=31.285120), loss=0.578879 (avg=0.870043), pairs_step=316800, pairs_total=49412650
[2026-07-29 00:27:16,575] INFO:fitness.free_loss_fidelity: RL4CO free-loss[warmstart] step 312/1563: score=42.359264 (avg=36.105035), loss=0.656681 (avg=0.730677), pairs_step=316800, pairs_total=98833429
[2026-07-29 00:28:50,431] INFO:fitness.free_loss_fidelity: RL4CO free-loss[warmstart] step 468/1563: score=39.167755 (avg=37.657691), loss=0.441034 (avg=0.664599), pairs_step=316800, pairs_total=148254198
[2026-07-29 00:30:24,274] INFO:fitness.free_loss_fidelity: RL4CO free-loss[warmstart] step 624/1563: score=35.454155 (avg=37.645464), loss=0.337569 (avg=0.595684), pairs_step=316800, pairs_total=197674978
[2026-07-29 00:31:58,116] INFO:fitness.free_loss_fidelity: RL4CO free-loss[warmstart] step 780/1563: score=34.690033 (avg=37.159548), loss=0.303134 (avg=0.540009), pairs_step=316799, pairs_total=247095753
[2026-07-29 00:33:31,963] INFO:fitness.free_loss_fidelity: RL4CO free-loss[warmstart] step 936/1563: score=32.740646 (avg=36.569159), loss=0.268605 (avg=0.498119), pairs_step=316799, pairs_total=296516523
[2026-07-29 00:35:05,833] INFO:fitness.free_loss_fidelity: RL4CO free-loss[warmstart] step 1092/1563: score=32.740376 (avg=36.043156), loss=0.275940 (avg=0.466266), pairs_step=316799, pairs_total=345937303
[2026-07-29 00:36:39,372] INFO:fitness.free_loss_fidelity: RL4CO free-loss[warmstart] step 1248/1563: score=31.810852 (avg=35.523686), loss=0.252934 (avg=0.439745), pairs_step=316800, pairs_total=395358077
[2026-07-29 00:38:13,329] INFO:fitness.free_loss_fidelity: RL4CO free-loss[warmstart] step 1404/1563: score=31.234690 (avg=35.078573), loss=0.236628 (avg=0.418033), pairs_step=316800, pairs_total=444778848
[2026-07-29 00:39:47,230] INFO:fitness.free_loss_fidelity: RL4CO free-loss[warmstart] step 1560/1563: score=31.050316 (avg=34.668725), loss=0.224977 (avg=0.400450), pairs_step=316800, pairs_total=494199612
[2026-07-29 00:40:26,509] INFO:fitness.free_loss_fidelity: RL4CO free-loss[warmstart] epoch 1/1: validation_objective=8.867674
[2026-07-29 00:41:03,548] INFO:fitness.free_loss_fidelity: Stage3 offline mini-train DONE gen=14 pair_index=15 score=1.0713078018188478 any_error=False
