[2026-02-21 16:42:56,586] INFO:ptp_discovery.pref_loss_coevo: Run directory: /data1/gushengda/eam-rl4co/runs/pref_loss_coevo_strong/20260221-164256
[2026-02-21 16:42:56,704] INFO:ptp_discovery.pref_loss_coevo: External baseline loaded for HF comparisons: metrics=/data1/gushengda/eam-rl4co/baseline/metrics.csv epoch_start=410 epochs=20 val_column=val/reward
[2026-02-21 16:42:56,704] INFO:ptp_discovery.pref_loss_coevo: === coevo generation 0/9 ===
[2026-02-21 16:43:04,551] INFO:ptp_discovery.pref_loss_coevo: Anchor filter gen=0: eliminated_g=2 eliminated_f=16 (anchor_max_score=10.000)
[2026-02-21 16:43:04,664] INFO:ptp_discovery.pref_loss_coevo: HF selection gen=0: eligible=0 selected=0 (top_m=16)
[2026-02-21 16:43:04,665] INFO:ptp_discovery.pref_loss_coevo: Gen 0 summary: g_pool=0 f_pool=0 pairs=18 ok=0 stages={'cheap_recheck': 4, 'anchor': 14} top_reasons=[('cheap_proxy_gate_failed', 18)]
[2026-02-21 16:43:04,665] WARNING:ptp_discovery.pref_loss_coevo: Gen 0 produced no core cheap evaluations (stage='cheap'). This usually means candidate pools collapsed or pairing_budget_per_gen is too small after anchors.
[2026-02-21 16:43:04,665] WARNING:ptp_discovery.pref_loss_coevo: Gen 0 produced no high-fidelity evaluations (stage='high_fidelity'). Check proxy gates/thresholds: if all pairs are pair_ok=False, HF won't run.
[2026-02-21 16:43:04,667] INFO:ptp_discovery.pref_loss_coevo: === coevo generation 1/9 ===
[2026-02-21 16:43:04,727] INFO:ptp_discovery.pref_loss_coevo: Anchor filter gen=1: eliminated_g=0 eliminated_f=16 (anchor_max_score=10.000)
[2026-02-21 16:43:04,735] INFO:ptp_discovery.pref_loss_coevo: HF selection gen=1: eligible=0 selected=0 (top_m=16)
[2026-02-21 16:43:04,735] INFO:ptp_discovery.pref_loss_coevo: Gen 1 summary: g_pool=0 f_pool=0 pairs=16 ok=0 stages={'cheap_recheck': 4, 'anchor': 12} top_reasons=[('cheap_proxy_gate_failed', 16)]
[2026-02-21 16:43:04,735] WARNING:ptp_discovery.pref_loss_coevo: Gen 1 produced no core cheap evaluations (stage='cheap'). This usually means candidate pools collapsed or pairing_budget_per_gen is too small after anchors.
[2026-02-21 16:43:04,736] WARNING:ptp_discovery.pref_loss_coevo: Gen 1 produced no high-fidelity evaluations (stage='high_fidelity'). Check proxy gates/thresholds: if all pairs are pair_ok=False, HF won't run.
[2026-02-21 16:43:04,737] INFO:ptp_discovery.pref_loss_coevo: === coevo generation 2/9 ===
[2026-02-21 16:43:04,797] INFO:ptp_discovery.pref_loss_coevo: Anchor filter gen=2: eliminated_g=0 eliminated_f=16 (anchor_max_score=10.000)
[2026-02-21 16:43:04,805] INFO:ptp_discovery.pref_loss_coevo: HF selection gen=2: eligible=0 selected=0 (top_m=16)
[2026-02-21 16:43:04,805] INFO:ptp_discovery.pref_loss_coevo: Gen 2 summary: g_pool=0 f_pool=0 pairs=16 ok=0 stages={'cheap_recheck': 4, 'anchor': 12} top_reasons=[('cheap_proxy_gate_failed', 16)]
[2026-02-21 16:43:04,805] WARNING:ptp_discovery.pref_loss_coevo: Gen 2 produced no core cheap evaluations (stage='cheap'). This usually means candidate pools collapsed or pairing_budget_per_gen is too small after anchors.
[2026-02-21 16:43:04,805] WARNING:ptp_discovery.pref_loss_coevo: Gen 2 produced no high-fidelity evaluations (stage='high_fidelity'). Check proxy gates/thresholds: if all pairs are pair_ok=False, HF won't run.
[2026-02-21 16:43:04,807] INFO:ptp_discovery.pref_loss_coevo: === coevo generation 3/9 ===
[2026-02-21 16:43:04,867] INFO:ptp_discovery.pref_loss_coevo: Anchor filter gen=3: eliminated_g=0 eliminated_f=16 (anchor_max_score=10.000)
[2026-02-21 16:43:04,875] INFO:ptp_discovery.pref_loss_coevo: HF selection gen=3: eligible=0 selected=0 (top_m=16)
[2026-02-21 16:43:04,876] INFO:ptp_discovery.pref_loss_coevo: Gen 3 summary: g_pool=0 f_pool=0 pairs=16 ok=0 stages={'cheap_recheck': 4, 'anchor': 12} top_reasons=[('cheap_proxy_gate_failed', 16)]
[2026-02-21 16:43:04,876] WARNING:ptp_discovery.pref_loss_coevo: Gen 3 produced no core cheap evaluations (stage='cheap'). This usually means candidate pools collapsed or pairing_budget_per_gen is too small after anchors.
[2026-02-21 16:43:04,876] WARNING:ptp_discovery.pref_loss_coevo: Gen 3 produced no high-fidelity evaluations (stage='high_fidelity'). Check proxy gates/thresholds: if all pairs are pair_ok=False, HF won't run.
[2026-02-21 16:43:04,877] INFO:ptp_discovery.pref_loss_coevo: === coevo generation 4/9 ===
[2026-02-21 16:43:04,938] INFO:ptp_discovery.pref_loss_coevo: Anchor filter gen=4: eliminated_g=0 eliminated_f=16 (anchor_max_score=10.000)
[2026-02-21 16:43:04,946] INFO:ptp_discovery.pref_loss_coevo: HF selection gen=4: eligible=0 selected=0 (top_m=16)
[2026-02-21 16:43:04,946] INFO:ptp_discovery.pref_loss_coevo: Gen 4 summary: g_pool=0 f_pool=0 pairs=16 ok=0 stages={'cheap_recheck': 4, 'anchor': 12} top_reasons=[('cheap_proxy_gate_failed', 16)]
[2026-02-21 16:43:04,946] WARNING:ptp_discovery.pref_loss_coevo: Gen 4 produced no core cheap evaluations (stage='cheap'). This usually means candidate pools collapsed or pairing_budget_per_gen is too small after anchors.
[2026-02-21 16:43:04,946] WARNING:ptp_discovery.pref_loss_coevo: Gen 4 produced no high-fidelity evaluations (stage='high_fidelity'). Check proxy gates/thresholds: if all pairs are pair_ok=False, HF won't run.
[2026-02-21 16:43:04,948] INFO:ptp_discovery.pref_loss_coevo: === coevo generation 5/9 ===
[2026-02-21 16:43:05,007] INFO:ptp_discovery.pref_loss_coevo: Anchor filter gen=5: eliminated_g=0 eliminated_f=16 (anchor_max_score=10.000)
[2026-02-21 16:43:05,015] INFO:ptp_discovery.pref_loss_coevo: HF selection gen=5: eligible=0 selected=0 (top_m=16)
[2026-02-21 16:43:05,015] INFO:ptp_discovery.pref_loss_coevo: Gen 5 summary: g_pool=0 f_pool=0 pairs=16 ok=0 stages={'cheap_recheck': 4, 'anchor': 12} top_reasons=[('cheap_proxy_gate_failed', 16)]
[2026-02-21 16:43:05,015] WARNING:ptp_discovery.pref_loss_coevo: Gen 5 produced no core cheap evaluations (stage='cheap'). This usually means candidate pools collapsed or pairing_budget_per_gen is too small after anchors.
[2026-02-21 16:43:05,015] WARNING:ptp_discovery.pref_loss_coevo: Gen 5 produced no high-fidelity evaluations (stage='high_fidelity'). Check proxy gates/thresholds: if all pairs are pair_ok=False, HF won't run.
[2026-02-21 16:43:05,017] INFO:ptp_discovery.pref_loss_coevo: === coevo generation 6/9 ===
[2026-02-21 16:43:05,076] INFO:ptp_discovery.pref_loss_coevo: Anchor filter gen=6: eliminated_g=0 eliminated_f=16 (anchor_max_score=10.000)
[2026-02-21 16:43:05,084] INFO:ptp_discovery.pref_loss_coevo: HF selection gen=6: eligible=0 selected=0 (top_m=16)
[2026-02-21 16:43:05,084] INFO:ptp_discovery.pref_loss_coevo: Gen 6 summary: g_pool=0 f_pool=0 pairs=16 ok=0 stages={'cheap_recheck': 4, 'anchor': 12} top_reasons=[('cheap_proxy_gate_failed', 16)]
[2026-02-21 16:43:05,084] WARNING:ptp_discovery.pref_loss_coevo: Gen 6 produced no core cheap evaluations (stage='cheap'). This usually means candidate pools collapsed or pairing_budget_per_gen is too small after anchors.
[2026-02-21 16:43:05,084] WARNING:ptp_discovery.pref_loss_coevo: Gen 6 produced no high-fidelity evaluations (stage='high_fidelity'). Check proxy gates/thresholds: if all pairs are pair_ok=False, HF won't run.
[2026-02-21 16:43:05,085] INFO:ptp_discovery.pref_loss_coevo: === coevo generation 7/9 ===
[2026-02-21 16:43:05,144] INFO:ptp_discovery.pref_loss_coevo: Anchor filter gen=7: eliminated_g=0 eliminated_f=16 (anchor_max_score=10.000)
[2026-02-21 16:43:05,152] INFO:ptp_discovery.pref_loss_coevo: HF selection gen=7: eligible=0 selected=0 (top_m=16)
[2026-02-21 16:43:05,152] INFO:ptp_discovery.pref_loss_coevo: Gen 7 summary: g_pool=0 f_pool=0 pairs=16 ok=0 stages={'cheap_recheck': 4, 'anchor': 12} top_reasons=[('cheap_proxy_gate_failed', 16)]
[2026-02-21 16:43:05,152] WARNING:ptp_discovery.pref_loss_coevo: Gen 7 produced no core cheap evaluations (stage='cheap'). This usually means candidate pools collapsed or pairing_budget_per_gen is too small after anchors.
[2026-02-21 16:43:05,152] WARNING:ptp_discovery.pref_loss_coevo: Gen 7 produced no high-fidelity evaluations (stage='high_fidelity'). Check proxy gates/thresholds: if all pairs are pair_ok=False, HF won't run.
[2026-02-21 16:43:05,154] INFO:ptp_discovery.pref_loss_coevo: === coevo generation 8/9 ===
[2026-02-21 16:43:05,211] INFO:ptp_discovery.pref_loss_coevo: Anchor filter gen=8: eliminated_g=0 eliminated_f=16 (anchor_max_score=10.000)
[2026-02-21 16:43:05,217] INFO:ptp_discovery.pref_loss_coevo: HF selection gen=8: eligible=0 selected=0 (top_m=16)
[2026-02-21 16:43:05,217] INFO:ptp_discovery.pref_loss_coevo: Gen 8 summary: g_pool=0 f_pool=0 pairs=16 ok=0 stages={'cheap_recheck': 4, 'anchor': 12} top_reasons=[('cheap_proxy_gate_failed', 16)]
[2026-02-21 16:43:05,217] WARNING:ptp_discovery.pref_loss_coevo: Gen 8 produced no core cheap evaluations (stage='cheap'). This usually means candidate pools collapsed or pairing_budget_per_gen is too small after anchors.
[2026-02-21 16:43:05,217] WARNING:ptp_discovery.pref_loss_coevo: Gen 8 produced no high-fidelity evaluations (stage='high_fidelity'). Check proxy gates/thresholds: if all pairs are pair_ok=False, HF won't run.
[2026-02-21 16:43:05,218] INFO:ptp_discovery.pref_loss_coevo: === coevo generation 9/9 ===
[2026-02-21 16:43:05,269] INFO:ptp_discovery.pref_loss_coevo: Anchor filter gen=9: eliminated_g=0 eliminated_f=16 (anchor_max_score=10.000)
[2026-02-21 16:43:05,275] INFO:ptp_discovery.pref_loss_coevo: HF selection gen=9: eligible=0 selected=0 (top_m=16)
[2026-02-21 16:43:05,275] INFO:ptp_discovery.pref_loss_coevo: Gen 9 summary: g_pool=0 f_pool=0 pairs=16 ok=0 stages={'cheap_recheck': 4, 'anchor': 12} top_reasons=[('cheap_proxy_gate_failed', 16)]
[2026-02-21 16:43:05,275] WARNING:ptp_discovery.pref_loss_coevo: Gen 9 produced no core cheap evaluations (stage='cheap'). This usually means candidate pools collapsed or pairing_budget_per_gen is too small after anchors.
[2026-02-21 16:43:05,275] WARNING:ptp_discovery.pref_loss_coevo: Gen 9 produced no high-fidelity evaluations (stage='high_fidelity'). Check proxy gates/thresholds: if all pairs are pair_ok=False, HF won't run.
[2026-02-21 16:43:05,277] INFO:ptp_discovery.pref_loss_coevo: Co-evolution complete. Artifacts saved under: /data1/gushengda/eam-rl4co/runs/pref_loss_coevo_strong/20260221-164256
