[2026-07-28 15:20:33,120] INFO:fitness.free_loss_fidelity: Stage3 offline mini-train start gen=0 pair_index=0 scenarios=['tsp100']
[2026-07-28 15:20:33,172] INFO:fitness.free_loss_fidelity: Stage3 scenario start gen=0 pair_index=0 scenario=tsp100 K=200 seed=1234 valid_sizes=[100] baseline_json=/data1/gushengda/eam-rl4co_runs/tsp100-main-record-hf1-replay-r3-20260728-2135/baseline_cache/baseline_minitrain_tsp100_epoch1_inst100000.json
[2026-07-28 15:20:36,097] INFO:fitness.free_loss_fidelity: RL4CO free-loss phase=single: epochs=1 steps_f1=1563 steps_f2=0 total_steps=1563 (ckpt=none, device=cuda:0, env=tsp)
[2026-07-28 15:20:36,916] INFO:fitness.free_loss_fidelity: RL4CO free-loss[single] step 1/1563: score=50.776741 (avg=50.776741), loss=0.811185 (avg=0.811185), pairs_step=316800, pairs_total=316800
[2026-07-28 15:21:24,795] INFO:fitness.free_loss_fidelity: RL4CO free-loss[single] step 156/1563: score=9.112530 (avg=10.046625), loss=0.509089 (avg=0.533721), pairs_step=316800, pairs_total=49420759
[2026-07-28 15:22:12,808] INFO:fitness.free_loss_fidelity: RL4CO free-loss[single] step 312/1563: score=8.767651 (avg=9.492390), loss=0.519338 (avg=0.523595), pairs_step=316800, pairs_total=98841524
[2026-07-28 15:23:01,017] INFO:fitness.free_loss_fidelity: RL4CO free-loss[single] step 468/1563: score=8.533723 (avg=9.211002), loss=0.529787 (avg=0.523752), pairs_step=316800, pairs_total=148262279
[2026-07-28 15:23:49,064] INFO:fitness.free_loss_fidelity: RL4CO free-loss[single] step 624/1563: score=8.472899 (avg=9.038986), loss=0.519562 (avg=0.524438), pairs_step=316800, pairs_total=197683031
[2026-07-28 15:24:37,100] INFO:fitness.free_loss_fidelity: RL4CO free-loss[single] step 780/1563: score=8.453372 (avg=8.923975), loss=0.535326 (avg=0.525116), pairs_step=316800, pairs_total=247103794
[2026-07-28 15:25:25,569] INFO:fitness.free_loss_fidelity: RL4CO free-loss[single] step 936/1563: score=8.381772 (avg=8.838627), loss=0.527764 (avg=0.525977), pairs_step=316799, pairs_total=296524540
[2026-07-28 15:26:13,845] INFO:fitness.free_loss_fidelity: RL4CO free-loss[single] step 1092/1563: score=8.365754 (avg=8.773744), loss=0.527158 (avg=0.526760), pairs_step=316800, pairs_total=345945286
[2026-07-28 15:27:02,147] INFO:fitness.free_loss_fidelity: RL4CO free-loss[single] step 1248/1563: score=8.370184 (avg=8.721735), loss=0.532210 (avg=0.527596), pairs_step=316800, pairs_total=395366046
[2026-07-28 15:27:50,432] INFO:fitness.free_loss_fidelity: RL4CO free-loss[single] step 1404/1563: score=8.298894 (avg=8.679077), loss=0.536318 (avg=0.528360), pairs_step=316799, pairs_total=444786794
[2026-07-28 15:28:38,711] INFO:fitness.free_loss_fidelity: RL4CO free-loss[single] step 1560/1563: score=8.259952 (avg=8.642630), loss=0.530721 (avg=0.529115), pairs_step=316798, pairs_total=494207540
[2026-07-28 15:28:59,700] INFO:fitness.free_loss_fidelity: RL4CO free-loss[single] epoch 1/1: validation_objective=8.022687
[2026-07-28 15:29:20,048] WARNING:fitness.free_loss_fidelity: weights_only checkpoint load failed (UnpicklingError); retrying weights_only=False for /data1/gushengda/codex_worktrees/tsp100-main-record-hf1-replay-src/baseline/tsp100_epoch_135.ckpt
[2026-07-28 15:29:20,097] INFO:fitness.free_loss_fidelity: Loaded init checkpoint into policy: path=/data1/gushengda/codex_worktrees/tsp100-main-record-hf1-replay-src/baseline/tsp100_epoch_135.ckpt prefix=policy. matched=97 missing=0 unexpected=0
[2026-07-28 15:29:20,102] INFO:fitness.free_loss_fidelity: RL4CO free-loss phase=single: epochs=1 steps_f1=1563 steps_f2=0 total_steps=1563 (ckpt=/data1/gushengda/codex_worktrees/tsp100-main-record-hf1-replay-src/baseline/tsp100_epoch_135.ckpt, device=cuda:0, env=tsp)
[2026-07-28 15:29:20,497] INFO:fitness.free_loss_fidelity: RL4CO free-loss[single] step 1/1563: score=7.751812 (avg=7.751812), loss=0.664834 (avg=0.664834), pairs_step=315787, pairs_total=315787
[2026-07-28 15:30:08,680] INFO:fitness.free_loss_fidelity: RL4CO free-loss[single] step 156/1563: score=7.750898 (avg=7.796030), loss=0.589193 (avg=0.633456), pairs_step=316223, pairs_total=49301079
[2026-07-28 15:30:56,962] INFO:fitness.free_loss_fidelity: RL4CO free-loss[single] step 312/1563: score=7.782501 (avg=7.798896), loss=0.442622 (avg=0.575968), pairs_step=316068, pairs_total=98640660
[2026-07-28 15:31:45,303] INFO:fitness.free_loss_fidelity: RL4CO free-loss[single] step 468/1563: score=7.838834 (avg=7.798754), loss=0.386089 (avg=0.519300), pairs_step=316494, pairs_total=147989986
[2026-07-28 15:32:33,899] INFO:fitness.free_loss_fidelity: RL4CO free-loss[single] step 624/1563: score=7.783802 (avg=7.797714), loss=0.371715 (avg=0.486671), pairs_step=316525, pairs_total=197347413
[2026-07-28 15:33:22,292] INFO:fitness.free_loss_fidelity: RL4CO free-loss[single] step 780/1563: score=7.838567 (avg=7.798376), loss=0.387589 (avg=0.466853), pairs_step=316595, pairs_total=246714154
[2026-07-28 15:34:10,636] INFO:fitness.free_loss_fidelity: RL4CO free-loss[single] step 936/1563: score=7.786070 (avg=7.798283), loss=0.377909 (avg=0.453252), pairs_step=316483, pairs_total=296086133
[2026-07-28 15:34:58,873] INFO:fitness.free_loss_fidelity: RL4CO free-loss[single] step 1092/1563: score=7.806317 (avg=7.797828), loss=0.372648 (avg=0.443707), pairs_step=316546, pairs_total=345464635
[2026-07-28 15:35:47,245] INFO:fitness.free_loss_fidelity: RL4CO free-loss[single] step 1248/1563: score=7.792145 (avg=7.798213), loss=0.385568 (avg=0.436042), pairs_step=316634, pairs_total=394849369
[2026-07-28 15:36:35,582] INFO:fitness.free_loss_fidelity: RL4CO free-loss[single] step 1404/1563: score=7.822238 (avg=7.797827), loss=0.389141 (avg=0.430760), pairs_step=316564, pairs_total=444234941
[2026-07-28 15:37:23,870] INFO:fitness.free_loss_fidelity: RL4CO free-loss[single] step 1560/1563: score=7.829125 (avg=7.797931), loss=0.383732 (avg=0.426290), pairs_step=316585, pairs_total=493623284
[2026-07-28 15:37:44,983] INFO:fitness.free_loss_fidelity: RL4CO free-loss[single] epoch 1/1: validation_objective=7.798673
[2026-07-28 15:38:05,343] INFO:fitness.free_loss_fidelity: Stage3 offline mini-train DONE gen=0 pair_index=0 score=-0.0002904186248775531 any_error=False
