[2026-03-01 17:33:12,946] INFO:fitness.free_loss_fidelity: Stage3 offline mini-train start gen=18 pair_index=20 K=200 seed=12345 valid_sizes=[100] baseline_json=baseline/mini_eval/baseline_minitrain_tsp100_K200.json
[2026-03-01 17:33:12,964] INFO:fitness.free_loss_fidelity: RL4CO free-loss (step-mode): f1_steps=200, f2_steps=0, total_steps=200, train_problem_size=100, rollouts=100, batch_size=64, device=cuda:0, env=tsp
[2026-03-01 17:33:13,288] INFO:fitness.free_loss_fidelity: RL4CO free-loss step 1/200: score=36.122910 (avg=36.122910), loss=0.742808 (avg=0.742808), pairs_step=64000, pairs_total=64000
[2026-03-01 17:33:19,402] INFO:fitness.free_loss_fidelity: RL4CO free-loss step 20/200: score=9.986528 (avg=12.653254), loss=0.470743 (avg=0.486566), pairs_step=64002, pairs_total=1280002
[2026-03-01 17:33:25,621] INFO:fitness.free_loss_fidelity: RL4CO free-loss step 40/200: score=9.406395 (avg=11.091879), loss=0.490933 (avg=0.488942), pairs_step=64000, pairs_total=2560003
[2026-03-01 17:33:31,828] INFO:fitness.free_loss_fidelity: RL4CO free-loss step 60/200: score=9.148867 (avg=10.468847), loss=0.487440 (avg=0.488011), pairs_step=64000, pairs_total=3840005
[2026-03-01 17:33:38,048] INFO:fitness.free_loss_fidelity: RL4CO free-loss step 80/200: score=8.952374 (avg=10.112628), loss=0.462240 (avg=0.483544), pairs_step=64000, pairs_total=5120007
[2026-03-01 17:33:44,274] INFO:fitness.free_loss_fidelity: RL4CO free-loss step 100/200: score=8.805270 (avg=9.870519), loss=0.460740 (avg=0.479920), pairs_step=64000, pairs_total=6400007
[2026-03-01 17:33:50,512] INFO:fitness.free_loss_fidelity: RL4CO free-loss step 120/200: score=8.721952 (avg=9.695221), loss=0.474859 (avg=0.478230), pairs_step=64001, pairs_total=7680008
[2026-03-01 17:33:56,733] INFO:fitness.free_loss_fidelity: RL4CO free-loss step 140/200: score=8.691075 (avg=9.556932), loss=0.482772 (avg=0.478132), pairs_step=64000, pairs_total=8960009
[2026-03-01 17:34:02,962] INFO:fitness.free_loss_fidelity: RL4CO free-loss step 160/200: score=8.589590 (avg=9.440218), loss=0.490845 (avg=0.479271), pairs_step=64000, pairs_total=10240011
[2026-03-01 17:34:09,185] INFO:fitness.free_loss_fidelity: RL4CO free-loss step 180/200: score=8.510966 (avg=9.340524), loss=0.499026 (avg=0.480709), pairs_step=64000, pairs_total=11520016
[2026-03-01 17:34:15,402] INFO:fitness.free_loss_fidelity: RL4CO free-loss step 200/200: score=8.534570 (avg=9.255590), loss=0.508729 (avg=0.482851), pairs_step=64000, pairs_total=12800016
[2026-03-01 17:34:16,506] WARNING:fitness.free_loss_fidelity: weights_only checkpoint load failed (UnpicklingError); retrying weights_only=False for /data1/gushengda/eam-rl4co/baseline/epoch_135.ckpt
[2026-03-01 17:34:16,544] INFO:fitness.free_loss_fidelity: Loaded init checkpoint into policy: path=/data1/gushengda/eam-rl4co/baseline/epoch_135.ckpt prefix=policy. matched=97 missing=0 unexpected=0
[2026-03-01 17:34:16,549] INFO:fitness.free_loss_fidelity: RL4CO free-loss (step-mode): f1_steps=200, f2_steps=0, total_steps=200, train_problem_size=100, rollouts=100, batch_size=64, device=cuda:0, env=tsp
[2026-03-01 17:34:16,871] INFO:fitness.free_loss_fidelity: RL4CO free-loss step 1/200: score=7.803347 (avg=7.803347), loss=0.642222 (avg=0.642222), pairs_step=64019, pairs_total=64019
[2026-03-01 17:34:22,773] INFO:fitness.free_loss_fidelity: RL4CO free-loss step 20/200: score=7.780111 (avg=7.809295), loss=0.645670 (avg=0.641756), pairs_step=64043, pairs_total=1280460
[2026-03-01 17:34:28,996] INFO:fitness.free_loss_fidelity: RL4CO free-loss step 40/200: score=7.816632 (avg=7.802571), loss=0.642283 (avg=0.643739), pairs_step=64014, pairs_total=2560782
[2026-03-01 17:34:35,210] INFO:fitness.free_loss_fidelity: RL4CO free-loss step 60/200: score=7.817376 (avg=7.799345), loss=0.648801 (avg=0.644243), pairs_step=64020, pairs_total=3841283
[2026-03-01 17:34:41,427] INFO:fitness.free_loss_fidelity: RL4CO free-loss step 80/200: score=7.798354 (avg=7.798635), loss=0.648412 (avg=0.644742), pairs_step=64020, pairs_total=5121772
[2026-03-01 17:34:47,637] INFO:fitness.free_loss_fidelity: RL4CO free-loss step 100/200: score=7.759784 (avg=7.799453), loss=0.645043 (avg=0.645016), pairs_step=64024, pairs_total=6402158
[2026-03-01 17:34:53,864] INFO:fitness.free_loss_fidelity: RL4CO free-loss step 120/200: score=7.770866 (avg=7.800919), loss=0.645547 (avg=0.645422), pairs_step=64035, pairs_total=7682746
[2026-03-01 17:35:00,124] INFO:fitness.free_loss_fidelity: RL4CO free-loss step 140/200: score=7.834408 (avg=7.801998), loss=0.648431 (avg=0.645765), pairs_step=64025, pairs_total=8963176
[2026-03-01 17:35:06,343] INFO:fitness.free_loss_fidelity: RL4CO free-loss step 160/200: score=7.793240 (avg=7.801494), loss=0.645182 (avg=0.646119), pairs_step=64011, pairs_total=10243775
[2026-03-01 17:35:12,576] INFO:fitness.free_loss_fidelity: RL4CO free-loss step 180/200: score=7.786088 (avg=7.800546), loss=0.646228 (avg=0.646291), pairs_step=64034, pairs_total=11524385
[2026-03-01 17:35:18,793] INFO:fitness.free_loss_fidelity: RL4CO free-loss step 200/200: score=7.814479 (avg=7.799484), loss=0.639616 (avg=0.646538), pairs_step=64051, pairs_total=12804975
[2026-03-01 17:35:19,902] WARNING:fitness.free_loss_fidelity: weights_only checkpoint load failed (UnpicklingError); retrying weights_only=False for /data1/gushengda/eam-rl4co/baseline/epoch_409.ckpt
[2026-03-01 17:35:19,943] INFO:fitness.free_loss_fidelity: Loaded init checkpoint into policy: path=/data1/gushengda/eam-rl4co/baseline/epoch_409.ckpt prefix=policy. matched=97 missing=0 unexpected=0
[2026-03-01 17:35:19,948] INFO:fitness.free_loss_fidelity: RL4CO free-loss (step-mode): f1_steps=200, f2_steps=0, total_steps=200, train_problem_size=100, rollouts=100, batch_size=64, device=cuda:0, env=tsp
[2026-03-01 17:35:20,282] INFO:fitness.free_loss_fidelity: RL4CO free-loss step 1/200: score=7.807477 (avg=7.807477), loss=0.001262 (avg=0.001262), pairs_step=64034, pairs_total=64034
