[2026-03-01 14:30:53,318] INFO:fitness.free_loss_fidelity: Stage3 offline mini-train start gen=14 pair_index=0 K=200 seed=12345 valid_sizes=[100] baseline_json=baseline/mini_eval/baseline_minitrain_tsp100_K200.json
[2026-03-01 14:31:00,466] INFO:fitness.free_loss_fidelity: RL4CO free-loss (step-mode): f1_steps=200, f2_steps=0, total_steps=200, train_problem_size=100, rollouts=100, batch_size=64, device=cuda:0, env=tsp
[2026-03-01 14:31:01,886] INFO:fitness.free_loss_fidelity: RL4CO free-loss step 1/200: score=36.122910 (avg=36.122910), loss=0.748214 (avg=0.748214), pairs_step=159213, pairs_total=159213
[2026-03-01 14:31:07,973] INFO:fitness.free_loss_fidelity: RL4CO free-loss step 20/200: score=9.941050 (avg=12.633852), loss=0.504746 (avg=0.522773), pairs_step=157442, pairs_total=3166481
[2026-03-01 14:31:14,297] INFO:fitness.free_loss_fidelity: RL4CO free-loss step 40/200: score=9.401976 (avg=11.086572), loss=0.518165 (avg=0.524062), pairs_step=158000, pairs_total=6343164
[2026-03-01 14:31:20,589] INFO:fitness.free_loss_fidelity: RL4CO free-loss step 60/200: score=9.168620 (avg=10.464167), loss=0.513726 (avg=0.522280), pairs_step=156861, pairs_total=9506753
[2026-03-01 14:31:26,768] INFO:fitness.free_loss_fidelity: RL4CO free-loss step 80/200: score=9.006160 (avg=10.112260), loss=0.502478 (avg=0.518463), pairs_step=158312, pairs_total=12673487
[2026-03-01 14:31:32,966] INFO:fitness.free_loss_fidelity: RL4CO free-loss step 100/200: score=8.855106 (avg=9.874834), loss=0.505868 (avg=0.515560), pairs_step=158877, pairs_total=15850476
[2026-03-01 14:31:39,156] INFO:fitness.free_loss_fidelity: RL4CO free-loss step 120/200: score=8.767097 (avg=9.702510), loss=0.517701 (avg=0.514362), pairs_step=160508, pairs_total=19020476
[2026-03-01 14:31:45,383] INFO:fitness.free_loss_fidelity: RL4CO free-loss step 140/200: score=8.727195 (avg=9.564385), loss=0.512374 (avg=0.514220), pairs_step=158160, pairs_total=22185369
[2026-03-01 14:31:51,585] INFO:fitness.free_loss_fidelity: RL4CO free-loss step 160/200: score=8.649126 (avg=9.450121), loss=0.515597 (avg=0.514951), pairs_step=155505, pairs_total=25336401
[2026-03-01 14:31:57,786] INFO:fitness.free_loss_fidelity: RL4CO free-loss step 180/200: score=8.529625 (avg=9.351579), loss=0.526366 (avg=0.516219), pairs_step=159422, pairs_total=28515138
[2026-03-01 14:32:04,012] INFO:fitness.free_loss_fidelity: RL4CO free-loss step 200/200: score=8.560858 (avg=9.267108), loss=0.521359 (avg=0.518003), pairs_step=159692, pairs_total=31685575
[2026-03-01 14:32:05,109] WARNING:fitness.free_loss_fidelity: weights_only checkpoint load failed (UnpicklingError); retrying weights_only=False for /data1/gushengda/eam-rl4co/baseline/epoch_135.ckpt
[2026-03-01 14:32:05,151] INFO:fitness.free_loss_fidelity: Loaded init checkpoint into policy: path=/data1/gushengda/eam-rl4co/baseline/epoch_135.ckpt prefix=policy. matched=97 missing=0 unexpected=0
[2026-03-01 14:32:05,156] INFO:fitness.free_loss_fidelity: RL4CO free-loss (step-mode): f1_steps=200, f2_steps=0, total_steps=200, train_problem_size=100, rollouts=100, batch_size=64, device=cuda:0, env=tsp
[2026-03-01 14:32:05,493] INFO:fitness.free_loss_fidelity: RL4CO free-loss step 1/200: score=7.803347 (avg=7.803347), loss=0.610466 (avg=0.610466), pairs_step=157875, pairs_total=157875
[2026-03-01 14:32:11,427] INFO:fitness.free_loss_fidelity: RL4CO free-loss step 20/200: score=7.783855 (avg=7.812738), loss=0.624314 (avg=0.629798), pairs_step=158774, pairs_total=3158575
[2026-03-01 14:32:17,670] INFO:fitness.free_loss_fidelity: RL4CO free-loss step 40/200: score=7.820753 (avg=7.807957), loss=0.653860 (avg=0.634599), pairs_step=156922, pairs_total=6316896
[2026-03-01 14:32:23,883] INFO:fitness.free_loss_fidelity: RL4CO free-loss step 60/200: score=7.817978 (avg=7.805212), loss=0.633487 (avg=0.638422), pairs_step=157558, pairs_total=9468129
[2026-03-01 14:32:30,109] INFO:fitness.free_loss_fidelity: RL4CO free-loss step 80/200: score=7.802536 (avg=7.803637), loss=0.650003 (avg=0.640941), pairs_step=157510, pairs_total=12621937
[2026-03-01 14:32:36,350] INFO:fitness.free_loss_fidelity: RL4CO free-loss step 100/200: score=7.763053 (avg=7.804266), loss=0.644813 (avg=0.642464), pairs_step=156657, pairs_total=15775526
[2026-03-01 14:32:42,581] INFO:fitness.free_loss_fidelity: RL4CO free-loss step 120/200: score=7.779294 (avg=7.806101), loss=0.639438 (avg=0.643016), pairs_step=157167, pairs_total=18935919
[2026-03-01 14:32:48,810] INFO:fitness.free_loss_fidelity: RL4CO free-loss step 140/200: score=7.832704 (avg=7.807034), loss=0.652994 (avg=0.643929), pairs_step=160713, pairs_total=22091409
[2026-03-01 14:32:55,044] INFO:fitness.free_loss_fidelity: RL4CO free-loss step 160/200: score=7.797138 (avg=7.806343), loss=0.643951 (avg=0.644384), pairs_step=158707, pairs_total=25240374
[2026-03-01 14:33:01,285] INFO:fitness.free_loss_fidelity: RL4CO free-loss step 180/200: score=7.792296 (avg=7.805252), loss=0.648994 (avg=0.644961), pairs_step=158189, pairs_total=28396505
[2026-03-01 14:33:07,514] INFO:fitness.free_loss_fidelity: RL4CO free-loss step 200/200: score=7.825091 (avg=7.804334), loss=0.642727 (avg=0.645233), pairs_step=158918, pairs_total=31557597
[2026-03-01 14:33:08,615] WARNING:fitness.free_loss_fidelity: weights_only checkpoint load failed (UnpicklingError); retrying weights_only=False for /data1/gushengda/eam-rl4co/baseline/epoch_409.ckpt
[2026-03-01 14:33:08,652] INFO:fitness.free_loss_fidelity: Loaded init checkpoint into policy: path=/data1/gushengda/eam-rl4co/baseline/epoch_409.ckpt prefix=policy. matched=97 missing=0 unexpected=0
[2026-03-01 14:33:08,657] INFO:fitness.free_loss_fidelity: RL4CO free-loss (step-mode): f1_steps=200, f2_steps=0, total_steps=200, train_problem_size=100, rollouts=100, batch_size=64, device=cuda:0, env=tsp
[2026-03-01 14:33:08,994] INFO:fitness.free_loss_fidelity: RL4CO free-loss step 1/200: score=7.807477 (avg=7.807477), loss=0.012388 (avg=0.012388), pairs_step=158679, pairs_total=158679
[2026-03-01 14:33:14,925] INFO:fitness.free_loss_fidelity: RL4CO free-loss step 20/200: score=7.786256 (avg=7.811517), loss=0.010144 (avg=0.013006), pairs_step=160953, pairs_total=3167554
[2026-03-01 14:33:21,136] INFO:fitness.free_loss_fidelity: RL4CO free-loss step 40/200: score=7.822381 (avg=7.806995), loss=0.007596 (avg=0.010618), pairs_step=158662, pairs_total=6323698
[2026-03-01 14:33:27,321] INFO:fitness.free_loss_fidelity: RL4CO free-loss step 60/200: score=7.816751 (avg=7.803456), loss=0.010588 (avg=0.010036), pairs_step=158202, pairs_total=9488079
[2026-03-01 14:33:33,516] INFO:fitness.free_loss_fidelity: RL4CO free-loss step 80/200: score=7.807585 (avg=7.803342), loss=0.007642 (avg=0.009654), pairs_step=160047, pairs_total=12649628
[2026-03-01 14:33:39,716] INFO:fitness.free_loss_fidelity: RL4CO free-loss step 100/200: score=7.765562 (avg=7.804791), loss=0.021587 (avg=0.010691), pairs_step=161663, pairs_total=15816994
[2026-03-01 14:33:45,913] INFO:fitness.free_loss_fidelity: RL4CO free-loss step 120/200: score=7.788597 (avg=7.806968), loss=0.004447 (avg=0.010774), pairs_step=156370, pairs_total=18978901
[2026-03-01 14:33:52,125] INFO:fitness.free_loss_fidelity: RL4CO free-loss step 140/200: score=7.833628 (avg=7.808261), loss=0.011727 (avg=0.010035), pairs_step=157842, pairs_total=22148100
[2026-03-01 14:33:58,522] INFO:fitness.free_loss_fidelity: RL4CO free-loss step 160/200: score=7.808773 (avg=7.807515), loss=0.010226 (avg=0.011676), pairs_step=159545, pairs_total=25311746
[2026-03-01 14:34:04,731] INFO:fitness.free_loss_fidelity: RL4CO free-loss step 180/200: score=7.804245 (avg=7.807592), loss=0.004837 (avg=0.010953), pairs_step=157300, pairs_total=28479991
[2026-03-01 14:34:10,936] INFO:fitness.free_loss_fidelity: RL4CO free-loss step 200/200: score=7.819491 (avg=7.806717), loss=0.022299 (avg=0.010916), pairs_step=156981, pairs_total=31646544
