[2026-03-01 10:42:46,786] INFO:fitness.free_loss_fidelity: Stage3 offline mini-train start gen=6 pair_index=5 K=200 seed=12345 valid_sizes=[100] baseline_json=baseline/mini_eval/baseline_minitrain_tsp100_K200.json
[2026-03-01 10:42:54,080] INFO:fitness.free_loss_fidelity: RL4CO free-loss (step-mode): f1_steps=200, f2_steps=0, total_steps=200, train_problem_size=100, rollouts=100, batch_size=64, device=cuda:2, env=tsp
[2026-03-01 10:42:55,406] INFO:fitness.free_loss_fidelity: RL4CO free-loss step 1/200: score=36.122910 (avg=36.122910), loss=0.962591 (avg=0.962591), pairs_step=316800, pairs_total=316800
[2026-03-01 10:43:02,332] INFO:fitness.free_loss_fidelity: RL4CO free-loss step 20/200: score=9.921111 (avg=12.609323), loss=0.774234 (avg=0.795653), pairs_step=316800, pairs_total=6335996
[2026-03-01 10:43:08,991] INFO:fitness.free_loss_fidelity: RL4CO free-loss step 40/200: score=9.360779 (avg=11.046457), loss=0.794697 (avg=0.796613), pairs_step=316800, pairs_total=12671992
[2026-03-01 10:43:15,520] INFO:fitness.free_loss_fidelity: RL4CO free-loss step 60/200: score=9.140175 (avg=10.433851), loss=0.785291 (avg=0.794094), pairs_step=316800, pairs_total=19007989
[2026-03-01 10:43:21,997] INFO:fitness.free_loss_fidelity: RL4CO free-loss step 80/200: score=8.935244 (avg=10.079847), loss=0.781709 (avg=0.789839), pairs_step=316800, pairs_total=25343981
[2026-03-01 10:43:28,473] INFO:fitness.free_loss_fidelity: RL4CO free-loss step 100/200: score=8.795975 (avg=9.841463), loss=0.774284 (avg=0.787567), pairs_step=316800, pairs_total=31679973
[2026-03-01 10:43:34,973] INFO:fitness.free_loss_fidelity: RL4CO free-loss step 120/200: score=8.711798 (avg=9.667996), loss=0.783530 (avg=0.787225), pairs_step=316800, pairs_total=38015966
[2026-03-01 10:43:41,450] INFO:fitness.free_loss_fidelity: RL4CO free-loss step 140/200: score=8.657660 (avg=9.529922), loss=0.798408 (avg=0.787984), pairs_step=316799, pairs_total=44351961
[2026-03-01 10:43:47,935] INFO:fitness.free_loss_fidelity: RL4CO free-loss step 160/200: score=8.569648 (avg=9.415023), loss=0.799291 (avg=0.788897), pairs_step=316800, pairs_total=50687953
[2026-03-01 10:43:54,425] INFO:fitness.free_loss_fidelity: RL4CO free-loss step 180/200: score=8.513714 (avg=9.317417), loss=0.802647 (avg=0.790109), pairs_step=316800, pairs_total=57023945
[2026-03-01 10:44:00,928] INFO:fitness.free_loss_fidelity: RL4CO free-loss step 200/200: score=8.523436 (avg=9.236196), loss=0.811878 (avg=0.791661), pairs_step=316800, pairs_total=63359938
[2026-03-01 10:44:02,037] WARNING:fitness.free_loss_fidelity: weights_only checkpoint load failed (UnpicklingError); retrying weights_only=False for /data1/gushengda/eam-rl4co/baseline/epoch_135.ckpt
[2026-03-01 10:44:02,080] INFO:fitness.free_loss_fidelity: Loaded init checkpoint into policy: path=/data1/gushengda/eam-rl4co/baseline/epoch_135.ckpt prefix=policy. matched=97 missing=0 unexpected=0
[2026-03-01 10:44:02,086] INFO:fitness.free_loss_fidelity: RL4CO free-loss (step-mode): f1_steps=200, f2_steps=0, total_steps=200, train_problem_size=100, rollouts=100, batch_size=64, device=cuda:2, env=tsp
[2026-03-01 10:44:02,426] INFO:fitness.free_loss_fidelity: RL4CO free-loss step 1/200: score=7.803347 (avg=7.803347), loss=0.897498 (avg=0.897498), pairs_step=315697, pairs_total=315697
[2026-03-01 10:44:08,648] INFO:fitness.free_loss_fidelity: RL4CO free-loss step 20/200: score=7.778080 (avg=7.808060), loss=0.894912 (avg=0.897052), pairs_step=315744, pairs_total=6316225
[2026-03-01 10:44:15,149] INFO:fitness.free_loss_fidelity: RL4CO free-loss step 40/200: score=7.817005 (avg=7.802278), loss=0.897596 (avg=0.896918), pairs_step=315558, pairs_total=12630207
[2026-03-01 10:44:21,651] INFO:fitness.free_loss_fidelity: RL4CO free-loss step 60/200: score=7.818633 (avg=7.798886), loss=0.897938 (avg=0.897260), pairs_step=315539, pairs_total=18942805
[2026-03-01 10:44:28,160] INFO:fitness.free_loss_fidelity: RL4CO free-loss step 80/200: score=7.794405 (avg=7.797376), loss=0.897353 (avg=0.897511), pairs_step=316020, pairs_total=25256876
[2026-03-01 10:44:34,653] INFO:fitness.free_loss_fidelity: RL4CO free-loss step 100/200: score=7.755179 (avg=7.798181), loss=0.897650 (avg=0.897730), pairs_step=315580, pairs_total=31568645
[2026-03-01 10:44:41,164] INFO:fitness.free_loss_fidelity: RL4CO free-loss step 120/200: score=7.775622 (avg=7.799844), loss=0.899272 (avg=0.898030), pairs_step=315414, pairs_total=37879605
[2026-03-01 10:44:47,689] INFO:fitness.free_loss_fidelity: RL4CO free-loss step 140/200: score=7.828067 (avg=7.800777), loss=0.902704 (avg=0.898262), pairs_step=315117, pairs_total=44190555
[2026-03-01 10:44:54,173] INFO:fitness.free_loss_fidelity: RL4CO free-loss step 160/200: score=7.803491 (avg=7.800258), loss=0.901585 (avg=0.898289), pairs_step=315138, pairs_total=50501311
[2026-03-01 10:45:00,677] INFO:fitness.free_loss_fidelity: RL4CO free-loss step 180/200: score=7.786351 (avg=7.799306), loss=0.900537 (avg=0.898499), pairs_step=315323, pairs_total=56808794
[2026-03-01 10:45:07,209] INFO:fitness.free_loss_fidelity: RL4CO free-loss step 200/200: score=7.810192 (avg=7.798302), loss=0.897376 (avg=0.898547), pairs_step=315518, pairs_total=63118648
[2026-03-01 10:45:08,328] WARNING:fitness.free_loss_fidelity: weights_only checkpoint load failed (UnpicklingError); retrying weights_only=False for /data1/gushengda/eam-rl4co/baseline/epoch_409.ckpt
[2026-03-01 10:45:08,367] INFO:fitness.free_loss_fidelity: Loaded init checkpoint into policy: path=/data1/gushengda/eam-rl4co/baseline/epoch_409.ckpt prefix=policy. matched=97 missing=0 unexpected=0
[2026-03-01 10:45:08,372] INFO:fitness.free_loss_fidelity: RL4CO free-loss (step-mode): f1_steps=200, f2_steps=0, total_steps=200, train_problem_size=100, rollouts=100, batch_size=64, device=cuda:2, env=tsp
[2026-03-01 10:45:08,703] INFO:fitness.free_loss_fidelity: RL4CO free-loss step 1/200: score=7.807477 (avg=7.807477), loss=0.287899 (avg=0.287899), pairs_step=315750, pairs_total=315750
[2026-03-01 10:45:14,874] INFO:fitness.free_loss_fidelity: RL4CO free-loss step 20/200: score=7.788082 (avg=7.809097), loss=0.327264 (avg=0.305434), pairs_step=316027, pairs_total=6318283
[2026-03-01 10:45:21,378] INFO:fitness.free_loss_fidelity: RL4CO free-loss step 40/200: score=7.815776 (avg=7.803309), loss=0.270764 (avg=0.300466), pairs_step=316179, pairs_total=12635675
[2026-03-01 10:45:27,877] INFO:fitness.free_loss_fidelity: RL4CO free-loss step 60/200: score=7.809912 (avg=7.799707), loss=0.267083 (avg=0.289246), pairs_step=315502, pairs_total=18952066
[2026-03-01 10:45:34,386] INFO:fitness.free_loss_fidelity: RL4CO free-loss step 80/200: score=7.794538 (avg=7.798203), loss=0.274511 (avg=0.283227), pairs_step=315907, pairs_total=25268319
[2026-03-01 10:45:40,848] INFO:fitness.free_loss_fidelity: RL4CO free-loss step 100/200: score=7.762692 (avg=7.798856), loss=0.285506 (avg=0.282806), pairs_step=315763, pairs_total=31582164
[2026-03-01 10:45:47,318] INFO:fitness.free_loss_fidelity: RL4CO free-loss step 120/200: score=7.771484 (avg=7.800240), loss=0.279116 (avg=0.283554), pairs_step=315650, pairs_total=37896674
[2026-03-01 10:45:53,767] INFO:fitness.free_loss_fidelity: RL4CO free-loss step 140/200: score=7.825858 (avg=7.800786), loss=0.267764 (avg=0.282090), pairs_step=315744, pairs_total=44210551
[2026-03-01 10:46:00,508] INFO:fitness.free_loss_fidelity: RL4CO free-loss step 160/200: score=7.793534 (avg=7.799948), loss=0.266345 (avg=0.279909), pairs_step=315649, pairs_total=50523989
[2026-03-01 10:46:06,986] INFO:fitness.free_loss_fidelity: RL4CO free-loss step 180/200: score=7.786836 (avg=7.798692), loss=0.274294 (avg=0.278753), pairs_step=315321, pairs_total=56836148
[2026-03-01 10:46:13,511] INFO:fitness.free_loss_fidelity: RL4CO free-loss step 200/200: score=7.808904 (avg=7.797248), loss=0.287584 (avg=0.279069), pairs_step=315276, pairs_total=63148414
