[2026-03-01 12:05:53,634] INFO:fitness.free_loss_fidelity: Stage3 offline mini-train start gen=9 pair_index=15 K=200 seed=12345 valid_sizes=[100] baseline_json=baseline/mini_eval/baseline_minitrain_tsp100_K200.json
[2026-03-01 12:05:53,656] INFO:fitness.free_loss_fidelity: RL4CO free-loss (step-mode): f1_steps=200, f2_steps=0, total_steps=200, train_problem_size=100, rollouts=100, batch_size=64, device=cuda:3, env=tsp
[2026-03-01 12:05:53,969] INFO:fitness.free_loss_fidelity: RL4CO free-loss step 1/200: score=36.122910 (avg=36.122910), loss=0.994583 (avg=0.994583), pairs_step=316800, pairs_total=316800
[2026-03-01 12:05:59,960] INFO:fitness.free_loss_fidelity: RL4CO free-loss step 20/200: score=9.863295 (avg=12.592096), loss=0.815653 (avg=0.829807), pairs_step=316800, pairs_total=6335998
[2026-03-01 12:06:06,254] INFO:fitness.free_loss_fidelity: RL4CO free-loss step 40/200: score=9.368910 (avg=11.034245), loss=0.829061 (avg=0.829456), pairs_step=316800, pairs_total=12671994
[2026-03-01 12:06:12,570] INFO:fitness.free_loss_fidelity: RL4CO free-loss step 60/200: score=9.167971 (avg=10.430717), loss=0.816534 (avg=0.827558), pairs_step=316800, pairs_total=19007991
[2026-03-01 12:06:19,053] INFO:fitness.free_loss_fidelity: RL4CO free-loss step 80/200: score=8.922956 (avg=10.080443), loss=0.807050 (avg=0.823036), pairs_step=316800, pairs_total=25343989
[2026-03-01 12:06:25,346] INFO:fitness.free_loss_fidelity: RL4CO free-loss step 100/200: score=8.830873 (avg=9.843903), loss=0.806878 (avg=0.820329), pairs_step=316799, pairs_total=31679983
[2026-03-01 12:06:31,653] INFO:fitness.free_loss_fidelity: RL4CO free-loss step 120/200: score=8.709208 (avg=9.670408), loss=0.814421 (avg=0.818847), pairs_step=316800, pairs_total=38015980
[2026-03-01 12:06:37,948] INFO:fitness.free_loss_fidelity: RL4CO free-loss step 140/200: score=8.668653 (avg=9.532104), loss=0.826680 (avg=0.818878), pairs_step=316800, pairs_total=44351970
[2026-03-01 12:06:44,255] INFO:fitness.free_loss_fidelity: RL4CO free-loss step 160/200: score=8.601852 (avg=9.416240), loss=0.822216 (avg=0.820014), pairs_step=316800, pairs_total=50687963
[2026-03-01 12:06:50,553] INFO:fitness.free_loss_fidelity: RL4CO free-loss step 180/200: score=8.529265 (avg=9.319520), loss=0.833850 (avg=0.821366), pairs_step=316800, pairs_total=57023958
[2026-03-01 12:06:56,881] INFO:fitness.free_loss_fidelity: RL4CO free-loss step 200/200: score=8.496052 (avg=9.236279), loss=0.845801 (avg=0.822589), pairs_step=316799, pairs_total=63359954
[2026-03-01 12:06:57,993] WARNING:fitness.free_loss_fidelity: weights_only checkpoint load failed (UnpicklingError); retrying weights_only=False for /data1/gushengda/eam-rl4co/baseline/epoch_135.ckpt
[2026-03-01 12:06:58,031] INFO:fitness.free_loss_fidelity: Loaded init checkpoint into policy: path=/data1/gushengda/eam-rl4co/baseline/epoch_135.ckpt prefix=policy. matched=97 missing=0 unexpected=0
[2026-03-01 12:06:58,036] INFO:fitness.free_loss_fidelity: RL4CO free-loss (step-mode): f1_steps=200, f2_steps=0, total_steps=200, train_problem_size=100, rollouts=100, batch_size=64, device=cuda:3, env=tsp
[2026-03-01 12:06:58,356] INFO:fitness.free_loss_fidelity: RL4CO free-loss step 1/200: score=7.803347 (avg=7.803347), loss=0.886840 (avg=0.886840), pairs_step=315697, pairs_total=315697
[2026-03-01 12:07:04,336] INFO:fitness.free_loss_fidelity: RL4CO free-loss step 20/200: score=7.780370 (avg=7.808323), loss=0.898306 (avg=0.896542), pairs_step=315677, pairs_total=6316459
[2026-03-01 12:07:10,624] INFO:fitness.free_loss_fidelity: RL4CO free-loss step 40/200: score=7.820848 (avg=7.802130), loss=0.900041 (avg=0.899146), pairs_step=315928, pairs_total=12631793
[2026-03-01 12:07:16,922] INFO:fitness.free_loss_fidelity: RL4CO free-loss step 60/200: score=7.815057 (avg=7.799104), loss=0.904640 (avg=0.899826), pairs_step=315390, pairs_total=18945172
[2026-03-01 12:07:23,215] INFO:fitness.free_loss_fidelity: RL4CO free-loss step 80/200: score=7.798275 (avg=7.797838), loss=0.908673 (avg=0.900439), pairs_step=315758, pairs_total=25259768
[2026-03-01 12:07:29,519] INFO:fitness.free_loss_fidelity: RL4CO free-loss step 100/200: score=7.762845 (avg=7.798383), loss=0.894761 (avg=0.901409), pairs_step=315733, pairs_total=31574564
[2026-03-01 12:07:35,807] INFO:fitness.free_loss_fidelity: RL4CO free-loss step 120/200: score=7.772368 (avg=7.799771), loss=0.904769 (avg=0.901622), pairs_step=315907, pairs_total=37888376
[2026-03-01 12:07:42,103] INFO:fitness.free_loss_fidelity: RL4CO free-loss step 140/200: score=7.827682 (avg=7.800753), loss=0.907230 (avg=0.902246), pairs_step=315346, pairs_total=44200653
[2026-03-01 12:07:48,391] INFO:fitness.free_loss_fidelity: RL4CO free-loss step 160/200: score=7.794666 (avg=7.800112), loss=0.899323 (avg=0.902183), pairs_step=315399, pairs_total=50510910
[2026-03-01 12:07:54,682] INFO:fitness.free_loss_fidelity: RL4CO free-loss step 180/200: score=7.785053 (avg=7.799058), loss=0.894266 (avg=0.902343), pairs_step=315417, pairs_total=56822649
[2026-03-01 12:08:00,970] INFO:fitness.free_loss_fidelity: RL4CO free-loss step 200/200: score=7.811720 (avg=7.797891), loss=0.898029 (avg=0.902035), pairs_step=315615, pairs_total=63135495
[2026-03-01 12:08:02,076] WARNING:fitness.free_loss_fidelity: weights_only checkpoint load failed (UnpicklingError); retrying weights_only=False for /data1/gushengda/eam-rl4co/baseline/epoch_409.ckpt
[2026-03-01 12:08:02,107] INFO:fitness.free_loss_fidelity: Loaded init checkpoint into policy: path=/data1/gushengda/eam-rl4co/baseline/epoch_409.ckpt prefix=policy. matched=97 missing=0 unexpected=0
[2026-03-01 12:08:02,112] INFO:fitness.free_loss_fidelity: RL4CO free-loss (step-mode): f1_steps=200, f2_steps=0, total_steps=200, train_problem_size=100, rollouts=100, batch_size=64, device=cuda:3, env=tsp
[2026-03-01 12:08:02,430] INFO:fitness.free_loss_fidelity: RL4CO free-loss step 1/200: score=7.807477 (avg=7.807477), loss=0.257347 (avg=0.257347), pairs_step=315750, pairs_total=315750
[2026-03-01 12:08:08,369] INFO:fitness.free_loss_fidelity: RL4CO free-loss step 20/200: score=7.782760 (avg=7.808160), loss=0.267485 (avg=0.265260), pairs_step=315951, pairs_total=6317709
[2026-03-01 12:08:14,614] INFO:fitness.free_loss_fidelity: RL4CO free-loss step 40/200: score=7.819557 (avg=7.802331), loss=0.245777 (avg=0.260444), pairs_step=315716, pairs_total=12634443
[2026-03-01 12:08:20,874] INFO:fitness.free_loss_fidelity: RL4CO free-loss step 60/200: score=7.810987 (avg=7.798602), loss=0.251452 (avg=0.255162), pairs_step=315648, pairs_total=18950170
[2026-03-01 12:08:27,120] INFO:fitness.free_loss_fidelity: RL4CO free-loss step 80/200: score=7.800992 (avg=7.797402), loss=0.280592 (avg=0.257187), pairs_step=315747, pairs_total=25265557
[2026-03-01 12:08:33,371] INFO:fitness.free_loss_fidelity: RL4CO free-loss step 100/200: score=7.753129 (avg=7.797966), loss=0.294564 (avg=0.264116), pairs_step=315567, pairs_total=31580945
[2026-03-01 12:08:39,632] INFO:fitness.free_loss_fidelity: RL4CO free-loss step 120/200: score=7.775695 (avg=7.799370), loss=0.246283 (avg=0.265031), pairs_step=315366, pairs_total=37895136
[2026-03-01 12:08:45,876] INFO:fitness.free_loss_fidelity: RL4CO free-loss step 140/200: score=7.823839 (avg=7.800306), loss=0.240407 (avg=0.261299), pairs_step=315373, pairs_total=44208899
[2026-03-01 12:08:52,313] INFO:fitness.free_loss_fidelity: RL4CO free-loss step 160/200: score=7.795154 (avg=7.799533), loss=0.263899 (avg=0.259704), pairs_step=315499, pairs_total=50523197
[2026-03-01 12:08:58,557] INFO:fitness.free_loss_fidelity: RL4CO free-loss step 180/200: score=7.784117 (avg=7.798343), loss=0.305546 (avg=0.262662), pairs_step=315565, pairs_total=56834976
[2026-03-01 12:09:04,810] INFO:fitness.free_loss_fidelity: RL4CO free-loss step 200/200: score=7.814506 (avg=7.797138), loss=0.239749 (avg=0.263997), pairs_step=315127, pairs_total=63146704
