[2026-03-01 09:42:04,275] INFO:fitness.free_loss_fidelity: Stage3 offline mini-train start gen=3 pair_index=12 K=200 seed=12345 valid_sizes=[100] baseline_json=baseline/mini_eval/baseline_minitrain_tsp100_K200.json
[2026-03-01 09:42:04,293] INFO:fitness.free_loss_fidelity: RL4CO free-loss (step-mode): f1_steps=200, f2_steps=0, total_steps=200, train_problem_size=100, rollouts=100, batch_size=64, device=cuda:3, env=tsp
[2026-03-01 09:42:04,667] INFO:fitness.free_loss_fidelity: RL4CO free-loss step 1/200: score=36.122910 (avg=36.122910), loss=5.675796 (avg=5.675796), pairs_step=316800, pairs_total=316800
[2026-03-01 09:42:10,820] INFO:fitness.free_loss_fidelity: RL4CO free-loss step 20/200: score=19.209436 (avg=17.056513), loss=2.082731 (avg=2.344893), pairs_step=316800, pairs_total=6335998
[2026-03-01 09:42:17,305] INFO:fitness.free_loss_fidelity: RL4CO free-loss step 40/200: score=22.746286 (avg=19.022500), loss=1.540363 (avg=2.075523), pairs_step=316800, pairs_total=12671994
[2026-03-01 09:42:23,788] INFO:fitness.free_loss_fidelity: RL4CO free-loss step 60/200: score=26.198704 (avg=20.963663), loss=1.506248 (avg=1.892283), pairs_step=316800, pairs_total=19007991
[2026-03-01 09:42:30,277] INFO:fitness.free_loss_fidelity: RL4CO free-loss step 80/200: score=27.916164 (avg=22.500254), loss=1.476431 (avg=1.789736), pairs_step=316800, pairs_total=25343988
[2026-03-01 09:42:36,771] INFO:fitness.free_loss_fidelity: RL4CO free-loss step 100/200: score=28.726185 (avg=23.683979), loss=1.461302 (avg=1.725725), pairs_step=316800, pairs_total=31679985
[2026-03-01 09:42:43,263] INFO:fitness.free_loss_fidelity: RL4CO free-loss step 120/200: score=29.575808 (avg=24.597698), loss=1.436496 (avg=1.678180), pairs_step=316800, pairs_total=38015980
[2026-03-01 09:42:49,737] INFO:fitness.free_loss_fidelity: RL4CO free-loss step 140/200: score=31.570976 (avg=25.448550), loss=1.483450 (avg=1.645707), pairs_step=316800, pairs_total=44351976
[2026-03-01 09:42:56,229] INFO:fitness.free_loss_fidelity: RL4CO free-loss step 160/200: score=33.226028 (avg=26.315515), loss=1.463735 (avg=1.624633), pairs_step=316800, pairs_total=50687970
[2026-03-01 09:43:02,705] INFO:fitness.free_loss_fidelity: RL4CO free-loss step 180/200: score=34.027390 (avg=27.131667), loss=1.393625 (avg=1.601285), pairs_step=316800, pairs_total=57023965
[2026-03-01 09:43:09,190] INFO:fitness.free_loss_fidelity: RL4CO free-loss step 200/200: score=34.607052 (avg=27.875662), loss=1.333965 (avg=1.573169), pairs_step=316800, pairs_total=63359961
[2026-03-01 09:43:10,300] WARNING:fitness.free_loss_fidelity: weights_only checkpoint load failed (UnpicklingError); retrying weights_only=False for /data1/gushengda/eam-rl4co/baseline/epoch_135.ckpt
[2026-03-01 09:43:10,339] INFO:fitness.free_loss_fidelity: Loaded init checkpoint into policy: path=/data1/gushengda/eam-rl4co/baseline/epoch_135.ckpt prefix=policy. matched=97 missing=0 unexpected=0
[2026-03-01 09:43:10,345] INFO:fitness.free_loss_fidelity: RL4CO free-loss (step-mode): f1_steps=200, f2_steps=0, total_steps=200, train_problem_size=100, rollouts=100, batch_size=64, device=cuda:3, env=tsp
[2026-03-01 09:43:10,732] INFO:fitness.free_loss_fidelity: RL4CO free-loss step 1/200: score=7.803347 (avg=7.803347), loss=1.308792 (avg=1.308792), pairs_step=315697, pairs_total=315697
[2026-03-01 09:43:16,892] INFO:fitness.free_loss_fidelity: RL4CO free-loss step 20/200: score=7.839810 (avg=7.828738), loss=0.582214 (avg=0.953502), pairs_step=316798, pairs_total=6329422
[2026-03-01 09:43:23,372] INFO:fitness.free_loss_fidelity: RL4CO free-loss step 40/200: score=10.493365 (avg=8.308897), loss=0.753645 (avg=0.834637), pairs_step=316800, pairs_total=12665421
[2026-03-01 09:43:29,858] INFO:fitness.free_loss_fidelity: RL4CO free-loss step 60/200: score=12.218164 (avg=9.402744), loss=0.642304 (avg=0.789472), pairs_step=316800, pairs_total=19001420
[2026-03-01 09:43:36,340] INFO:fitness.free_loss_fidelity: RL4CO free-loss step 80/200: score=19.788240 (avg=11.163863), loss=0.823102 (avg=0.781052), pairs_step=316800, pairs_total=25337420
[2026-03-01 09:43:42,814] INFO:fitness.free_loss_fidelity: RL4CO free-loss step 100/200: score=24.842484 (avg=13.433720), loss=0.741374 (avg=0.780697), pairs_step=316800, pairs_total=31673419
[2026-03-01 09:43:49,297] INFO:fitness.free_loss_fidelity: RL4CO free-loss step 120/200: score=31.911943 (avg=15.708464), loss=0.791825 (avg=0.783328), pairs_step=316800, pairs_total=38009418
[2026-03-01 09:43:55,782] INFO:fitness.free_loss_fidelity: RL4CO free-loss step 140/200: score=43.328117 (avg=18.743047), loss=0.834139 (avg=0.795518), pairs_step=316800, pairs_total=44345414
[2026-03-01 09:44:02,261] INFO:fitness.free_loss_fidelity: RL4CO free-loss step 160/200: score=44.528091 (avg=21.950235), loss=0.701300 (avg=0.786468), pairs_step=316799, pairs_total=50681413
[2026-03-01 09:44:08,743] INFO:fitness.free_loss_fidelity: RL4CO free-loss step 180/200: score=43.722168 (avg=24.398120), loss=0.723042 (avg=0.781638), pairs_step=316800, pairs_total=57017408
[2026-03-01 09:44:15,230] INFO:fitness.free_loss_fidelity: RL4CO free-loss step 200/200: score=45.516273 (avg=26.427279), loss=0.755539 (avg=0.772405), pairs_step=316800, pairs_total=63353404
[2026-03-01 09:44:16,335] WARNING:fitness.free_loss_fidelity: weights_only checkpoint load failed (UnpicklingError); retrying weights_only=False for /data1/gushengda/eam-rl4co/baseline/epoch_409.ckpt
[2026-03-01 09:44:16,375] INFO:fitness.free_loss_fidelity: Loaded init checkpoint into policy: path=/data1/gushengda/eam-rl4co/baseline/epoch_409.ckpt prefix=policy. matched=97 missing=0 unexpected=0
[2026-03-01 09:44:16,380] INFO:fitness.free_loss_fidelity: RL4CO free-loss (step-mode): f1_steps=200, f2_steps=0, total_steps=200, train_problem_size=100, rollouts=100, batch_size=64, device=cuda:3, env=tsp
[2026-03-01 09:44:16,720] INFO:fitness.free_loss_fidelity: RL4CO free-loss step 1/200: score=7.807477 (avg=7.807477), loss=0.326384 (avg=0.326384), pairs_step=315750, pairs_total=315750
[2026-03-01 09:44:22,884] INFO:fitness.free_loss_fidelity: RL4CO free-loss step 20/200: score=7.787315 (avg=7.809470), loss=0.340355 (avg=0.324950), pairs_step=316652, pairs_total=6325350
[2026-03-01 09:44:29,367] INFO:fitness.free_loss_fidelity: RL4CO free-loss step 40/200: score=7.925571 (avg=7.838617), loss=0.516022 (avg=0.543075), pairs_step=316800, pairs_total=12661183
[2026-03-01 09:44:35,866] INFO:fitness.free_loss_fidelity: RL4CO free-loss step 60/200: score=8.228254 (avg=7.905236), loss=0.656260 (avg=0.558160), pairs_step=316800, pairs_total=18997181
[2026-03-01 09:44:42,341] INFO:fitness.free_loss_fidelity: RL4CO free-loss step 80/200: score=8.447344 (avg=7.997462), loss=0.449889 (avg=0.528638), pairs_step=316800, pairs_total=25333180
[2026-03-01 09:44:48,831] INFO:fitness.free_loss_fidelity: RL4CO free-loss step 100/200: score=15.752329 (avg=8.508981), loss=0.585027 (avg=0.541675), pairs_step=316800, pairs_total=31669178
[2026-03-01 09:44:55,321] INFO:fitness.free_loss_fidelity: RL4CO free-loss step 120/200: score=35.964874 (avg=12.179890), loss=0.195586 (avg=0.499531), pairs_step=316800, pairs_total=38005175
[2026-03-01 09:45:01,804] INFO:fitness.free_loss_fidelity: RL4CO free-loss step 140/200: score=38.095093 (avg=15.795250), loss=0.148032 (avg=0.451531), pairs_step=316800, pairs_total=44341171
[2026-03-01 09:45:08,298] INFO:fitness.free_loss_fidelity: RL4CO free-loss step 160/200: score=38.336334 (avg=18.611128), loss=0.138304 (avg=0.412773), pairs_step=316800, pairs_total=50677167
[2026-03-01 09:45:14,780] INFO:fitness.free_loss_fidelity: RL4CO free-loss step 180/200: score=38.008659 (avg=20.776527), loss=0.126978 (avg=0.381558), pairs_step=316800, pairs_total=57013161
[2026-03-01 09:45:21,267] INFO:fitness.free_loss_fidelity: RL4CO free-loss step 200/200: score=37.831226 (avg=22.470284), loss=0.123694 (avg=0.355788), pairs_step=316800, pairs_total=63349160
