[2026-03-01 12:06:28,478] INFO:fitness.free_loss_fidelity: Stage3 offline mini-train start gen=9 pair_index=19 K=200 seed=12345 valid_sizes=[100] baseline_json=baseline/mini_eval/baseline_minitrain_tsp100_K200.json
[2026-03-01 12:06:28,501] INFO:fitness.free_loss_fidelity: RL4CO free-loss (step-mode): f1_steps=200, f2_steps=0, total_steps=200, train_problem_size=100, rollouts=100, batch_size=64, device=cuda:0, env=tsp
[2026-03-01 12:06:28,875] INFO:fitness.free_loss_fidelity: RL4CO free-loss step 1/200: score=36.122910 (avg=36.122910), loss=0.532484 (avg=0.532484), pairs_step=316800, pairs_total=316800
[2026-03-01 12:06:35,567] INFO:fitness.free_loss_fidelity: RL4CO free-loss step 20/200: score=9.829666 (avg=12.608564), loss=0.446257 (avg=0.449067), pairs_step=316800, pairs_total=6335997
[2026-03-01 12:06:42,649] INFO:fitness.free_loss_fidelity: RL4CO free-loss step 40/200: score=9.355356 (avg=11.035551), loss=0.451947 (avg=0.449845), pairs_step=316798, pairs_total=12671989
[2026-03-01 12:06:49,696] INFO:fitness.free_loss_fidelity: RL4CO free-loss step 60/200: score=9.129726 (avg=10.422620), loss=0.442921 (avg=0.449158), pairs_step=316799, pairs_total=19007982
[2026-03-01 12:06:56,927] INFO:fitness.free_loss_fidelity: RL4CO free-loss step 80/200: score=8.900921 (avg=10.069894), loss=0.439278 (avg=0.446983), pairs_step=316800, pairs_total=25343976
[2026-03-01 12:07:03,969] INFO:fitness.free_loss_fidelity: RL4CO free-loss step 100/200: score=8.786802 (avg=9.833048), loss=0.437735 (avg=0.445578), pairs_step=316800, pairs_total=31679972
[2026-03-01 12:07:11,001] INFO:fitness.free_loss_fidelity: RL4CO free-loss step 120/200: score=8.692701 (avg=9.661011), loss=0.441976 (avg=0.444816), pairs_step=316799, pairs_total=38015963
[2026-03-01 12:07:18,049] INFO:fitness.free_loss_fidelity: RL4CO free-loss step 140/200: score=8.666666 (avg=9.523942), loss=0.450307 (avg=0.444738), pairs_step=316800, pairs_total=44351957
[2026-03-01 12:07:25,092] INFO:fitness.free_loss_fidelity: RL4CO free-loss step 160/200: score=8.577463 (avg=9.407866), loss=0.448844 (avg=0.444980), pairs_step=316799, pairs_total=50687949
[2026-03-01 12:07:32,133] INFO:fitness.free_loss_fidelity: RL4CO free-loss step 180/200: score=8.479486 (avg=9.309606), loss=0.450525 (avg=0.445550), pairs_step=316800, pairs_total=57023944
[2026-03-01 12:07:39,165] INFO:fitness.free_loss_fidelity: RL4CO free-loss step 200/200: score=8.504816 (avg=9.225995), loss=0.450868 (avg=0.446237), pairs_step=316800, pairs_total=63359937
[2026-03-01 12:07:40,467] WARNING:fitness.free_loss_fidelity: weights_only checkpoint load failed (UnpicklingError); retrying weights_only=False for /data1/gushengda/eam-rl4co/baseline/epoch_135.ckpt
[2026-03-01 12:07:40,507] INFO:fitness.free_loss_fidelity: Loaded init checkpoint into policy: path=/data1/gushengda/eam-rl4co/baseline/epoch_135.ckpt prefix=policy. matched=97 missing=0 unexpected=0
[2026-03-01 12:07:40,512] INFO:fitness.free_loss_fidelity: RL4CO free-loss (step-mode): f1_steps=200, f2_steps=0, total_steps=200, train_problem_size=100, rollouts=100, batch_size=64, device=cuda:0, env=tsp
[2026-03-01 12:07:40,892] INFO:fitness.free_loss_fidelity: RL4CO free-loss step 1/200: score=7.803347 (avg=7.803347), loss=0.497665 (avg=0.497665), pairs_step=315697, pairs_total=315697
[2026-03-01 12:07:47,567] INFO:fitness.free_loss_fidelity: RL4CO free-loss step 20/200: score=7.776936 (avg=7.809351), loss=0.497266 (avg=0.497003), pairs_step=315888, pairs_total=6316465
[2026-03-01 12:07:54,600] INFO:fitness.free_loss_fidelity: RL4CO free-loss step 40/200: score=7.818204 (avg=7.803481), loss=0.499456 (avg=0.497131), pairs_step=315872, pairs_total=12630902
[2026-03-01 12:08:01,632] INFO:fitness.free_loss_fidelity: RL4CO free-loss step 60/200: score=7.818709 (avg=7.799967), loss=0.498450 (avg=0.497493), pairs_step=315483, pairs_total=18941548
[2026-03-01 12:08:08,666] INFO:fitness.free_loss_fidelity: RL4CO free-loss step 80/200: score=7.794460 (avg=7.798561), loss=0.496393 (avg=0.497619), pairs_step=315538, pairs_total=25252449
[2026-03-01 12:08:15,684] INFO:fitness.free_loss_fidelity: RL4CO free-loss step 100/200: score=7.752210 (avg=7.799223), loss=0.498211 (avg=0.497720), pairs_step=315494, pairs_total=31565094
[2026-03-01 12:08:22,731] INFO:fitness.free_loss_fidelity: RL4CO free-loss step 120/200: score=7.773523 (avg=7.800493), loss=0.498230 (avg=0.497714), pairs_step=315166, pairs_total=37876208
[2026-03-01 12:08:29,779] INFO:fitness.free_loss_fidelity: RL4CO free-loss step 140/200: score=7.830093 (avg=7.801632), loss=0.498728 (avg=0.497858), pairs_step=315374, pairs_total=44185879
[2026-03-01 12:08:36,927] INFO:fitness.free_loss_fidelity: RL4CO free-loss step 160/200: score=7.797688 (avg=7.800789), loss=0.498589 (avg=0.497823), pairs_step=315363, pairs_total=50495436
[2026-03-01 12:08:43,975] INFO:fitness.free_loss_fidelity: RL4CO free-loss step 180/200: score=7.787423 (avg=7.799588), loss=0.497905 (avg=0.497923), pairs_step=314817, pairs_total=56803370
[2026-03-01 12:08:51,013] INFO:fitness.free_loss_fidelity: RL4CO free-loss step 200/200: score=7.804852 (avg=7.798419), loss=0.498066 (avg=0.497979), pairs_step=315364, pairs_total=63114549
[2026-03-01 12:08:52,317] WARNING:fitness.free_loss_fidelity: weights_only checkpoint load failed (UnpicklingError); retrying weights_only=False for /data1/gushengda/eam-rl4co/baseline/epoch_409.ckpt
[2026-03-01 12:08:52,358] INFO:fitness.free_loss_fidelity: Loaded init checkpoint into policy: path=/data1/gushengda/eam-rl4co/baseline/epoch_409.ckpt prefix=policy. matched=97 missing=0 unexpected=0
[2026-03-01 12:08:52,363] INFO:fitness.free_loss_fidelity: RL4CO free-loss (step-mode): f1_steps=200, f2_steps=0, total_steps=200, train_problem_size=100, rollouts=100, batch_size=64, device=cuda:0, env=tsp
[2026-03-01 12:08:52,744] INFO:fitness.free_loss_fidelity: RL4CO free-loss step 1/200: score=7.807477 (avg=7.807477), loss=0.160291 (avg=0.160291), pairs_step=315750, pairs_total=315750
[2026-03-01 12:08:59,439] INFO:fitness.free_loss_fidelity: RL4CO free-loss step 20/200: score=7.779253 (avg=7.809170), loss=0.176528 (avg=0.167664), pairs_step=315840, pairs_total=6316410
[2026-03-01 12:09:06,498] INFO:fitness.free_loss_fidelity: RL4CO free-loss step 40/200: score=7.813483 (avg=7.802132), loss=0.142961 (avg=0.163680), pairs_step=316095, pairs_total=12632990
[2026-03-01 12:09:13,551] INFO:fitness.free_loss_fidelity: RL4CO free-loss step 60/200: score=7.808961 (avg=7.798460), loss=0.145102 (avg=0.156382), pairs_step=315519, pairs_total=18946779
[2026-03-01 12:09:20,687] INFO:fitness.free_loss_fidelity: RL4CO free-loss step 80/200: score=7.795233 (avg=7.797144), loss=0.153220 (avg=0.154036), pairs_step=315676, pairs_total=25262654
[2026-03-01 12:09:27,432] INFO:fitness.free_loss_fidelity: RL4CO free-loss step 100/200: score=7.759297 (avg=7.797800), loss=0.160226 (avg=0.155120), pairs_step=315956, pairs_total=31578535
[2026-03-01 12:09:34,143] INFO:fitness.free_loss_fidelity: RL4CO free-loss step 120/200: score=7.779043 (avg=7.798973), loss=0.146186 (avg=0.154722), pairs_step=315485, pairs_total=37892374
[2026-03-01 12:09:40,824] INFO:fitness.free_loss_fidelity: RL4CO free-loss step 140/200: score=7.823021 (avg=7.799873), loss=0.151838 (avg=0.153835), pairs_step=315561, pairs_total=44205701
[2026-03-01 12:09:47,756] INFO:fitness.free_loss_fidelity: RL4CO free-loss step 160/200: score=7.794605 (avg=7.799292), loss=0.162389 (avg=0.154594), pairs_step=315669, pairs_total=50519256
[2026-03-01 12:09:54,435] INFO:fitness.free_loss_fidelity: RL4CO free-loss step 180/200: score=7.788598 (avg=7.798254), loss=0.156686 (avg=0.155523), pairs_step=314866, pairs_total=56826649
[2026-03-01 12:10:01,100] INFO:fitness.free_loss_fidelity: RL4CO free-loss step 200/200: score=7.810799 (avg=7.796943), loss=0.152603 (avg=0.155416), pairs_step=314858, pairs_total=63138078
