[2026-03-01 16:40:25,539] INFO:fitness.free_loss_fidelity: Stage3 offline mini-train start gen=17 pair_index=4 K=200 seed=12345 valid_sizes=[100] baseline_json=baseline/mini_eval/baseline_minitrain_tsp100_K200.json
[2026-03-01 16:40:25,562] INFO:fitness.free_loss_fidelity: RL4CO free-loss (step-mode): f1_steps=200, f2_steps=0, total_steps=200, train_problem_size=100, rollouts=100, batch_size=64, device=cuda:0, env=tsp
[2026-03-01 16:40:25,912] INFO:fitness.free_loss_fidelity: RL4CO free-loss step 1/200: score=36.122910 (avg=36.122910), loss=0.738993 (avg=0.738993), pairs_step=48896, pairs_total=48896
[2026-03-01 16:40:32,556] INFO:fitness.free_loss_fidelity: RL4CO free-loss step 20/200: score=10.099541 (avg=12.807816), loss=0.485546 (avg=0.496298), pairs_step=48896, pairs_total=977919
[2026-03-01 16:40:38,968] INFO:fitness.free_loss_fidelity: RL4CO free-loss step 40/200: score=9.403620 (avg=11.214579), loss=0.517273 (avg=0.500489), pairs_step=48896, pairs_total=1955839
[2026-03-01 16:40:45,179] INFO:fitness.free_loss_fidelity: RL4CO free-loss step 60/200: score=9.275745 (avg=10.586080), loss=0.505090 (avg=0.500707), pairs_step=48896, pairs_total=2933759
[2026-03-01 16:40:52,195] INFO:fitness.free_loss_fidelity: RL4CO free-loss step 80/200: score=9.153505 (avg=10.238833), loss=0.477182 (avg=0.497213), pairs_step=48896, pairs_total=3911679
[2026-03-01 16:40:59,199] INFO:fitness.free_loss_fidelity: RL4CO free-loss step 100/200: score=8.981560 (avg=10.004045), loss=0.467779 (avg=0.492382), pairs_step=48896, pairs_total=4889599
[2026-03-01 16:41:06,330] INFO:fitness.free_loss_fidelity: RL4CO free-loss step 120/200: score=8.925933 (avg=9.832928), loss=0.480402 (avg=0.490070), pairs_step=48896, pairs_total=5867519
[2026-03-01 16:41:13,420] INFO:fitness.free_loss_fidelity: RL4CO free-loss step 140/200: score=8.878126 (avg=9.699940), loss=0.478613 (avg=0.489181), pairs_step=48896, pairs_total=6845439
[2026-03-01 16:41:20,505] INFO:fitness.free_loss_fidelity: RL4CO free-loss step 160/200: score=8.750981 (avg=9.586700), loss=0.498433 (avg=0.488325), pairs_step=48896, pairs_total=7823359
[2026-03-01 16:41:26,920] INFO:fitness.free_loss_fidelity: RL4CO free-loss step 180/200: score=8.692730 (avg=9.487672), loss=0.506410 (avg=0.489374), pairs_step=48896, pairs_total=8801279
[2026-03-01 16:41:33,254] INFO:fitness.free_loss_fidelity: RL4CO free-loss step 200/200: score=8.672720 (avg=9.402547), loss=0.504813 (avg=0.491163), pairs_step=48896, pairs_total=9779199
[2026-03-01 16:41:34,356] WARNING:fitness.free_loss_fidelity: weights_only checkpoint load failed (UnpicklingError); retrying weights_only=False for /data1/gushengda/eam-rl4co/baseline/epoch_135.ckpt
[2026-03-01 16:41:34,395] INFO:fitness.free_loss_fidelity: Loaded init checkpoint into policy: path=/data1/gushengda/eam-rl4co/baseline/epoch_135.ckpt prefix=policy. matched=97 missing=0 unexpected=0
[2026-03-01 16:41:34,400] INFO:fitness.free_loss_fidelity: RL4CO free-loss (step-mode): f1_steps=200, f2_steps=0, total_steps=200, train_problem_size=100, rollouts=100, batch_size=64, device=cuda:0, env=tsp
[2026-03-01 16:41:34,731] INFO:fitness.free_loss_fidelity: RL4CO free-loss step 1/200: score=7.803347 (avg=7.803347), loss=0.631308 (avg=0.631308), pairs_step=48893, pairs_total=48893
[2026-03-01 16:41:40,786] INFO:fitness.free_loss_fidelity: RL4CO free-loss step 20/200: score=7.792976 (avg=7.817883), loss=0.642171 (avg=0.635612), pairs_step=48894, pairs_total=977852
[2026-03-01 16:41:47,169] INFO:fitness.free_loss_fidelity: RL4CO free-loss step 40/200: score=7.832848 (avg=7.812875), loss=0.651013 (avg=0.638323), pairs_step=48895, pairs_total=1955675
[2026-03-01 16:41:53,542] INFO:fitness.free_loss_fidelity: RL4CO free-loss step 60/200: score=7.823199 (avg=7.809748), loss=0.647714 (avg=0.639978), pairs_step=48890, pairs_total=2933508
[2026-03-01 16:41:59,903] INFO:fitness.free_loss_fidelity: RL4CO free-loss step 80/200: score=7.802830 (avg=7.808440), loss=0.633576 (avg=0.639709), pairs_step=48893, pairs_total=3911337
[2026-03-01 16:42:06,292] INFO:fitness.free_loss_fidelity: RL4CO free-loss step 100/200: score=7.766806 (avg=7.809950), loss=0.642013 (avg=0.639467), pairs_step=48894, pairs_total=4889195
[2026-03-01 16:42:12,631] INFO:fitness.free_loss_fidelity: RL4CO free-loss step 120/200: score=7.784732 (avg=7.811897), loss=0.646361 (avg=0.639626), pairs_step=48882, pairs_total=5867017
[2026-03-01 16:42:18,997] INFO:fitness.free_loss_fidelity: RL4CO free-loss step 140/200: score=7.840532 (avg=7.813475), loss=0.645446 (avg=0.639803), pairs_step=48892, pairs_total=6844869
[2026-03-01 16:42:25,387] INFO:fitness.free_loss_fidelity: RL4CO free-loss step 160/200: score=7.814798 (avg=7.812885), loss=0.640965 (avg=0.640233), pairs_step=48889, pairs_total=7822705
[2026-03-01 16:42:32,143] INFO:fitness.free_loss_fidelity: RL4CO free-loss step 180/200: score=7.799866 (avg=7.812166), loss=0.648507 (avg=0.640601), pairs_step=48890, pairs_total=8800543
[2026-03-01 16:42:39,241] INFO:fitness.free_loss_fidelity: RL4CO free-loss step 200/200: score=7.824450 (avg=7.811270), loss=0.640263 (avg=0.640913), pairs_step=48896, pairs_total=9778379
[2026-03-01 16:42:40,344] WARNING:fitness.free_loss_fidelity: weights_only checkpoint load failed (UnpicklingError); retrying weights_only=False for /data1/gushengda/eam-rl4co/baseline/epoch_409.ckpt
[2026-03-01 16:42:40,387] INFO:fitness.free_loss_fidelity: Loaded init checkpoint into policy: path=/data1/gushengda/eam-rl4co/baseline/epoch_409.ckpt prefix=policy. matched=97 missing=0 unexpected=0
[2026-03-01 16:42:40,392] INFO:fitness.free_loss_fidelity: RL4CO free-loss (step-mode): f1_steps=200, f2_steps=0, total_steps=200, train_problem_size=100, rollouts=100, batch_size=64, device=cuda:0, env=tsp
[2026-03-01 16:42:40,756] INFO:fitness.free_loss_fidelity: RL4CO free-loss step 1/200: score=7.807477 (avg=7.807477), loss=0.013622 (avg=0.013622), pairs_step=48896, pairs_total=48896
[2026-03-01 16:42:47,683] INFO:fitness.free_loss_fidelity: RL4CO free-loss step 20/200: score=7.806850 (avg=7.824572), loss=0.307852 (avg=0.170641), pairs_step=48896, pairs_total=977920
[2026-03-01 16:42:54,771] INFO:fitness.free_loss_fidelity: RL4CO free-loss step 40/200: score=7.841214 (avg=7.822665), loss=0.444501 (avg=0.277659), pairs_step=48896, pairs_total=1955840
[2026-03-01 16:43:01,857] INFO:fitness.free_loss_fidelity: RL4CO free-loss step 60/200: score=7.830574 (avg=7.817520), loss=0.507453 (avg=0.344642), pairs_step=48896, pairs_total=2933760
[2026-03-01 16:43:08,902] INFO:fitness.free_loss_fidelity: RL4CO free-loss step 80/200: score=7.811895 (avg=7.815257), loss=0.525668 (avg=0.388767), pairs_step=48896, pairs_total=3911679
[2026-03-01 16:43:16,085] INFO:fitness.free_loss_fidelity: RL4CO free-loss step 100/200: score=7.765368 (avg=7.815150), loss=0.564564 (avg=0.420895), pairs_step=48896, pairs_total=4889595
[2026-03-01 16:43:22,601] INFO:fitness.free_loss_fidelity: RL4CO free-loss step 120/200: score=7.782127 (avg=7.816687), loss=0.581583 (avg=0.447595), pairs_step=48896, pairs_total=5867508
[2026-03-01 16:43:28,968] INFO:fitness.free_loss_fidelity: RL4CO free-loss step 140/200: score=7.849214 (avg=7.817714), loss=0.589408 (avg=0.467361), pairs_step=48896, pairs_total=6845420
[2026-03-01 16:43:35,300] INFO:fitness.free_loss_fidelity: RL4CO free-loss step 160/200: score=7.809900 (avg=7.817127), loss=0.610326 (avg=0.483714), pairs_step=48895, pairs_total=7823334
[2026-03-01 16:43:41,642] INFO:fitness.free_loss_fidelity: RL4CO free-loss step 180/200: score=7.797269 (avg=7.815368), loss=0.606009 (avg=0.496979), pairs_step=48896, pairs_total=8801247
[2026-03-01 16:43:48,002] INFO:fitness.free_loss_fidelity: RL4CO free-loss step 200/200: score=7.827531 (avg=7.813972), loss=0.597225 (avg=0.507594), pairs_step=48896, pairs_total=9779163
