[2026-03-01 11:13:21,251] INFO:fitness.free_loss_fidelity: Stage3 offline mini-train start gen=7 pair_index=18 K=200 seed=12345 valid_sizes=[100] baseline_json=baseline/mini_eval/baseline_minitrain_tsp100_K200.json
[2026-03-01 11:13:21,268] INFO:fitness.free_loss_fidelity: RL4CO free-loss (step-mode): f1_steps=200, f2_steps=0, total_steps=200, train_problem_size=100, rollouts=100, batch_size=64, device=cuda:1, env=tsp
[2026-03-01 11:13:21,597] INFO:fitness.free_loss_fidelity: RL4CO free-loss step 1/200: score=36.122910 (avg=36.122910), loss=5.675796 (avg=5.675796), pairs_step=316800, pairs_total=316800
[2026-03-01 11:13:27,875] INFO:fitness.free_loss_fidelity: RL4CO free-loss step 20/200: score=19.310173 (avg=17.074086), loss=2.075258 (avg=2.342341), pairs_step=316800, pairs_total=6336000
[2026-03-01 11:13:34,526] INFO:fitness.free_loss_fidelity: RL4CO free-loss step 40/200: score=22.684406 (avg=18.999801), loss=1.529687 (avg=2.073856), pairs_step=316800, pairs_total=12671999
[2026-03-01 11:13:41,195] INFO:fitness.free_loss_fidelity: RL4CO free-loss step 60/200: score=26.137857 (avg=20.942346), loss=1.520611 (avg=1.890534), pairs_step=316800, pairs_total=19007996
[2026-03-01 11:13:47,836] INFO:fitness.free_loss_fidelity: RL4CO free-loss step 80/200: score=27.920197 (avg=22.480622), loss=1.482644 (avg=1.792255), pairs_step=316799, pairs_total=25343992
[2026-03-01 11:13:54,464] INFO:fitness.free_loss_fidelity: RL4CO free-loss step 100/200: score=28.910057 (avg=23.664327), loss=1.434592 (avg=1.728275), pairs_step=316800, pairs_total=31679990
[2026-03-01 11:14:00,943] INFO:fitness.free_loss_fidelity: RL4CO free-loss step 120/200: score=29.468998 (avg=24.572246), loss=1.438457 (avg=1.681718), pairs_step=316800, pairs_total=38015983
[2026-03-01 11:14:07,232] INFO:fitness.free_loss_fidelity: RL4CO free-loss step 140/200: score=30.540554 (avg=25.356017), loss=1.420247 (avg=1.645021), pairs_step=316800, pairs_total=44351976
[2026-03-01 11:14:13,527] INFO:fitness.free_loss_fidelity: RL4CO free-loss step 160/200: score=32.796478 (avg=26.166087), loss=1.440014 (avg=1.620634), pairs_step=316800, pairs_total=50687973
[2026-03-01 11:14:19,825] INFO:fitness.free_loss_fidelity: RL4CO free-loss step 180/200: score=33.976059 (avg=26.967660), loss=1.389235 (avg=1.598344), pairs_step=316799, pairs_total=57023968
[2026-03-01 11:14:26,101] INFO:fitness.free_loss_fidelity: RL4CO free-loss step 200/200: score=35.442604 (avg=27.758074), loss=1.279673 (avg=1.569316), pairs_step=316800, pairs_total=63359963
[2026-03-01 11:14:27,221] WARNING:fitness.free_loss_fidelity: weights_only checkpoint load failed (UnpicklingError); retrying weights_only=False for /data1/gushengda/eam-rl4co/baseline/epoch_135.ckpt
[2026-03-01 11:14:27,263] INFO:fitness.free_loss_fidelity: Loaded init checkpoint into policy: path=/data1/gushengda/eam-rl4co/baseline/epoch_135.ckpt prefix=policy. matched=97 missing=0 unexpected=0
[2026-03-01 11:14:27,269] INFO:fitness.free_loss_fidelity: RL4CO free-loss (step-mode): f1_steps=200, f2_steps=0, total_steps=200, train_problem_size=100, rollouts=100, batch_size=64, device=cuda:1, env=tsp
[2026-03-01 11:14:27,589] INFO:fitness.free_loss_fidelity: RL4CO free-loss step 1/200: score=7.803347 (avg=7.803347), loss=1.308792 (avg=1.308792), pairs_step=315697, pairs_total=315697
[2026-03-01 11:14:33,558] INFO:fitness.free_loss_fidelity: RL4CO free-loss step 20/200: score=7.851816 (avg=7.833308), loss=0.584452 (avg=0.967388), pairs_step=316799, pairs_total=6329585
[2026-03-01 11:14:39,852] INFO:fitness.free_loss_fidelity: RL4CO free-loss step 40/200: score=9.587158 (avg=8.136481), loss=0.629832 (avg=0.756222), pairs_step=316800, pairs_total=12665581
[2026-03-01 11:14:46,133] INFO:fitness.free_loss_fidelity: RL4CO free-loss step 60/200: score=11.541179 (avg=9.042199), loss=0.580791 (avg=0.703277), pairs_step=316800, pairs_total=19001581
[2026-03-01 11:14:52,425] INFO:fitness.free_loss_fidelity: RL4CO free-loss step 80/200: score=20.061384 (avg=10.680343), loss=0.813746 (avg=0.700187), pairs_step=316800, pairs_total=25337581
[2026-03-01 11:14:58,707] INFO:fitness.free_loss_fidelity: RL4CO free-loss step 100/200: score=25.367966 (avg=13.084267), loss=0.790902 (avg=0.710822), pairs_step=316800, pairs_total=31673581
[2026-03-01 11:15:04,996] INFO:fitness.free_loss_fidelity: RL4CO free-loss step 120/200: score=37.394218 (avg=16.083776), loss=1.002196 (avg=0.748085), pairs_step=316800, pairs_total=38009578
[2026-03-01 11:15:11,285] INFO:fitness.free_loss_fidelity: RL4CO free-loss step 140/200: score=41.302383 (avg=19.515681), loss=0.935766 (avg=0.773727), pairs_step=316799, pairs_total=44345573
[2026-03-01 11:15:17,574] INFO:fitness.free_loss_fidelity: RL4CO free-loss step 160/200: score=45.316738 (avg=22.532355), loss=0.604180 (avg=0.775516), pairs_step=316800, pairs_total=50681569
[2026-03-01 11:15:23,894] INFO:fitness.free_loss_fidelity: RL4CO free-loss step 180/200: score=44.545212 (avg=25.025091), loss=0.575648 (avg=0.754718), pairs_step=316800, pairs_total=57017567
[2026-03-01 11:15:30,174] INFO:fitness.free_loss_fidelity: RL4CO free-loss step 200/200: score=45.233692 (avg=27.022362), loss=0.587200 (avg=0.735465), pairs_step=316800, pairs_total=63353564
[2026-03-01 11:15:31,293] WARNING:fitness.free_loss_fidelity: weights_only checkpoint load failed (UnpicklingError); retrying weights_only=False for /data1/gushengda/eam-rl4co/baseline/epoch_409.ckpt
[2026-03-01 11:15:31,329] INFO:fitness.free_loss_fidelity: Loaded init checkpoint into policy: path=/data1/gushengda/eam-rl4co/baseline/epoch_409.ckpt prefix=policy. matched=97 missing=0 unexpected=0
[2026-03-01 11:15:31,334] INFO:fitness.free_loss_fidelity: RL4CO free-loss (step-mode): f1_steps=200, f2_steps=0, total_steps=200, train_problem_size=100, rollouts=100, batch_size=64, device=cuda:1, env=tsp
[2026-03-01 11:15:31,652] INFO:fitness.free_loss_fidelity: RL4CO free-loss step 1/200: score=7.807477 (avg=7.807477), loss=0.326384 (avg=0.326384), pairs_step=315750, pairs_total=315750
[2026-03-01 11:15:37,638] INFO:fitness.free_loss_fidelity: RL4CO free-loss step 20/200: score=7.787924 (avg=7.810631), loss=0.345524 (avg=0.330658), pairs_step=316689, pairs_total=6325516
[2026-03-01 11:15:43,924] INFO:fitness.free_loss_fidelity: RL4CO free-loss step 40/200: score=7.932997 (avg=7.844578), loss=0.550662 (avg=0.573898), pairs_step=316800, pairs_total=12661405
[2026-03-01 11:15:50,208] INFO:fitness.free_loss_fidelity: RL4CO free-loss step 60/200: score=8.356309 (avg=7.929345), loss=0.694153 (avg=0.599480), pairs_step=316800, pairs_total=18997403
[2026-03-01 11:15:56,508] INFO:fitness.free_loss_fidelity: RL4CO free-loss step 80/200: score=8.877534 (avg=8.059326), loss=0.533476 (avg=0.567214), pairs_step=316800, pairs_total=25333400
[2026-03-01 11:16:02,790] INFO:fitness.free_loss_fidelity: RL4CO free-loss step 100/200: score=9.356133 (avg=8.356865), loss=0.302232 (avg=0.547564), pairs_step=316800, pairs_total=31669397
[2026-03-01 11:16:09,083] INFO:fitness.free_loss_fidelity: RL4CO free-loss step 120/200: score=11.030882 (avg=8.640252), loss=0.448587 (avg=0.518729), pairs_step=316800, pairs_total=38005396
[2026-03-01 11:16:15,363] INFO:fitness.free_loss_fidelity: RL4CO free-loss step 140/200: score=18.951136 (avg=9.477586), loss=0.277770 (avg=0.498416), pairs_step=316800, pairs_total=44341394
[2026-03-01 11:16:21,648] INFO:fitness.free_loss_fidelity: RL4CO free-loss step 160/200: score=29.945719 (avg=11.445125), loss=0.172897 (avg=0.463188), pairs_step=316800, pairs_total=50677385
[2026-03-01 11:16:27,936] INFO:fitness.free_loss_fidelity: RL4CO free-loss step 180/200: score=34.760864 (avg=13.836594), loss=0.134034 (avg=0.427953), pairs_step=316799, pairs_total=57013381
[2026-03-01 11:16:34,215] INFO:fitness.free_loss_fidelity: RL4CO free-loss step 200/200: score=36.041996 (avg=16.013556), loss=0.123101 (avg=0.397637), pairs_step=316800, pairs_total=63349379
