[2026-03-01 10:27:50,967] INFO:fitness.free_loss_fidelity: Stage3 offline mini-train start gen=5 pair_index=12 K=200 seed=12345 valid_sizes=[100] baseline_json=baseline/mini_eval/baseline_minitrain_tsp100_K200.json
[2026-03-01 10:27:50,991] INFO:fitness.free_loss_fidelity: RL4CO free-loss (step-mode): f1_steps=200, f2_steps=0, total_steps=200, train_problem_size=100, rollouts=100, batch_size=64, device=cuda:0, env=tsp
[2026-03-01 10:27:51,323] INFO:fitness.free_loss_fidelity: RL4CO free-loss step 1/200: score=36.122910 (avg=36.122910), loss=1.292758 (avg=1.292758), pairs_step=316800, pairs_total=316800
[2026-03-01 10:27:57,216] INFO:fitness.free_loss_fidelity: RL4CO free-loss step 20/200: score=10.083216 (avg=12.786163), loss=0.923440 (avg=0.979933), pairs_step=316800, pairs_total=6335997
[2026-03-01 10:28:03,406] INFO:fitness.free_loss_fidelity: RL4CO free-loss step 40/200: score=9.447720 (avg=11.182139), loss=0.956418 (avg=0.971639), pairs_step=316799, pairs_total=12671992
[2026-03-01 10:28:09,600] INFO:fitness.free_loss_fidelity: RL4CO free-loss step 60/200: score=9.159126 (avg=10.536191), loss=0.957779 (avg=0.964652), pairs_step=316799, pairs_total=19007984
[2026-03-01 10:28:15,802] INFO:fitness.free_loss_fidelity: RL4CO free-loss step 80/200: score=9.055758 (avg=10.171505), loss=0.917648 (avg=0.956931), pairs_step=316800, pairs_total=25343981
[2026-03-01 10:28:21,999] INFO:fitness.free_loss_fidelity: RL4CO free-loss step 100/200: score=8.885521 (avg=9.929443), loss=0.921355 (avg=0.952160), pairs_step=316800, pairs_total=31679976
[2026-03-01 10:28:28,190] INFO:fitness.free_loss_fidelity: RL4CO free-loss step 120/200: score=8.774199 (avg=9.755033), loss=0.937509 (avg=0.950024), pairs_step=316800, pairs_total=38015973
[2026-03-01 10:28:34,396] INFO:fitness.free_loss_fidelity: RL4CO free-loss step 140/200: score=8.748133 (avg=9.617050), loss=0.948157 (avg=0.949642), pairs_step=316799, pairs_total=44351965
[2026-03-01 10:28:40,596] INFO:fitness.free_loss_fidelity: RL4CO free-loss step 160/200: score=8.658211 (avg=9.502277), loss=0.962277 (avg=0.950669), pairs_step=316800, pairs_total=50687961
[2026-03-01 10:28:46,979] INFO:fitness.free_loss_fidelity: RL4CO free-loss step 180/200: score=8.550526 (avg=9.404460), loss=0.969318 (avg=0.952550), pairs_step=316800, pairs_total=57023958
[2026-03-01 10:28:53,187] INFO:fitness.free_loss_fidelity: RL4CO free-loss step 200/200: score=8.521120 (avg=9.321238), loss=0.980705 (avg=0.954770), pairs_step=316799, pairs_total=63359954
[2026-03-01 10:28:54,286] WARNING:fitness.free_loss_fidelity: weights_only checkpoint load failed (UnpicklingError); retrying weights_only=False for /data1/gushengda/eam-rl4co/baseline/epoch_135.ckpt
[2026-03-01 10:28:54,323] INFO:fitness.free_loss_fidelity: Loaded init checkpoint into policy: path=/data1/gushengda/eam-rl4co/baseline/epoch_135.ckpt prefix=policy. matched=97 missing=0 unexpected=0
[2026-03-01 10:28:54,328] INFO:fitness.free_loss_fidelity: RL4CO free-loss (step-mode): f1_steps=200, f2_steps=0, total_steps=200, train_problem_size=100, rollouts=100, batch_size=64, device=cuda:0, env=tsp
[2026-03-01 10:28:54,662] INFO:fitness.free_loss_fidelity: RL4CO free-loss step 1/200: score=7.803347 (avg=7.803347), loss=1.230733 (avg=1.230733), pairs_step=315697, pairs_total=315697
[2026-03-01 10:29:00,560] INFO:fitness.free_loss_fidelity: RL4CO free-loss step 20/200: score=7.786606 (avg=7.811018), loss=1.225175 (avg=1.222289), pairs_step=315820, pairs_total=6315954
[2026-03-01 10:29:06,756] INFO:fitness.free_loss_fidelity: RL4CO free-loss step 40/200: score=7.816938 (avg=7.804317), loss=1.213807 (avg=1.220188), pairs_step=315673, pairs_total=12630277
[2026-03-01 10:29:12,953] INFO:fitness.free_loss_fidelity: RL4CO free-loss step 60/200: score=7.819715 (avg=7.800960), loss=1.212853 (avg=1.222507), pairs_step=315529, pairs_total=18942626
[2026-03-01 10:29:19,143] INFO:fitness.free_loss_fidelity: RL4CO free-loss step 80/200: score=7.800705 (avg=7.799700), loss=1.208005 (avg=1.222073), pairs_step=315941, pairs_total=25257576
[2026-03-01 10:29:25,333] INFO:fitness.free_loss_fidelity: RL4CO free-loss step 100/200: score=7.756389 (avg=7.800613), loss=1.219908 (avg=1.222297), pairs_step=315853, pairs_total=31572348
[2026-03-01 10:29:31,535] INFO:fitness.free_loss_fidelity: RL4CO free-loss step 120/200: score=7.772689 (avg=7.802183), loss=1.210073 (avg=1.221460), pairs_step=315507, pairs_total=37886968
[2026-03-01 10:29:37,733] INFO:fitness.free_loss_fidelity: RL4CO free-loss step 140/200: score=7.831081 (avg=7.803169), loss=1.226078 (avg=1.222007), pairs_step=315487, pairs_total=44199669
[2026-03-01 10:29:43,937] INFO:fitness.free_loss_fidelity: RL4CO free-loss step 160/200: score=7.798854 (avg=7.802485), loss=1.244006 (avg=1.222271), pairs_step=315699, pairs_total=50512966
[2026-03-01 10:29:50,133] INFO:fitness.free_loss_fidelity: RL4CO free-loss step 180/200: score=7.788361 (avg=7.801361), loss=1.239889 (avg=1.222723), pairs_step=315314, pairs_total=56825017
[2026-03-01 10:29:56,329] INFO:fitness.free_loss_fidelity: RL4CO free-loss step 200/200: score=7.810809 (avg=7.800242), loss=1.230288 (avg=1.222868), pairs_step=315715, pairs_total=63138106
[2026-03-01 10:29:57,430] WARNING:fitness.free_loss_fidelity: weights_only checkpoint load failed (UnpicklingError); retrying weights_only=False for /data1/gushengda/eam-rl4co/baseline/epoch_409.ckpt
[2026-03-01 10:29:57,468] INFO:fitness.free_loss_fidelity: Loaded init checkpoint into policy: path=/data1/gushengda/eam-rl4co/baseline/epoch_409.ckpt prefix=policy. matched=97 missing=0 unexpected=0
[2026-03-01 10:29:57,473] INFO:fitness.free_loss_fidelity: RL4CO free-loss (step-mode): f1_steps=200, f2_steps=0, total_steps=200, train_problem_size=100, rollouts=100, batch_size=64, device=cuda:0, env=tsp
[2026-03-01 10:29:57,786] INFO:fitness.free_loss_fidelity: RL4CO free-loss step 1/200: score=7.807477 (avg=7.807477), loss=0.247920 (avg=0.247920), pairs_step=315750, pairs_total=315750
[2026-03-01 10:30:03,668] INFO:fitness.free_loss_fidelity: RL4CO free-loss step 20/200: score=7.781262 (avg=7.808344), loss=0.252824 (avg=0.244253), pairs_step=316032, pairs_total=6318709
[2026-03-01 10:30:09,856] INFO:fitness.free_loss_fidelity: RL4CO free-loss step 40/200: score=7.812972 (avg=7.801894), loss=0.235554 (avg=0.243369), pairs_step=315946, pairs_total=12636830
[2026-03-01 10:30:16,052] INFO:fitness.free_loss_fidelity: RL4CO free-loss step 60/200: score=7.809634 (avg=7.798010), loss=0.262396 (avg=0.244389), pairs_step=315876, pairs_total=18953722
[2026-03-01 10:30:22,243] INFO:fitness.free_loss_fidelity: RL4CO free-loss step 80/200: score=7.795652 (avg=7.796563), loss=0.278507 (avg=0.252224), pairs_step=316092, pairs_total=25271131
[2026-03-01 10:30:28,450] INFO:fitness.free_loss_fidelity: RL4CO free-loss step 100/200: score=7.754083 (avg=7.797008), loss=0.255157 (avg=0.253243), pairs_step=315840, pairs_total=31588017
[2026-03-01 10:30:34,641] INFO:fitness.free_loss_fidelity: RL4CO free-loss step 120/200: score=7.773430 (avg=7.798389), loss=0.245166 (avg=0.251599), pairs_step=315626, pairs_total=37905982
[2026-03-01 10:30:40,841] INFO:fitness.free_loss_fidelity: RL4CO free-loss step 140/200: score=7.826519 (avg=7.799461), loss=0.296378 (avg=0.254174), pairs_step=315292, pairs_total=44221129
[2026-03-01 10:30:47,034] INFO:fitness.free_loss_fidelity: RL4CO free-loss step 160/200: score=7.795551 (avg=7.798850), loss=0.280937 (avg=0.260144), pairs_step=315813, pairs_total=50537137
[2026-03-01 10:30:53,235] INFO:fitness.free_loss_fidelity: RL4CO free-loss step 180/200: score=7.783994 (avg=7.797740), loss=0.260451 (avg=0.259860), pairs_step=315665, pairs_total=56853076
[2026-03-01 10:30:59,428] INFO:fitness.free_loss_fidelity: RL4CO free-loss step 200/200: score=7.809670 (avg=7.796436), loss=0.265326 (avg=0.260577), pairs_step=315791, pairs_total=63169066
