[2026-03-01 14:30:53,267] INFO:fitness.free_loss_fidelity: Stage3 offline mini-train start gen=14 pair_index=1 K=200 seed=12345 valid_sizes=[100] baseline_json=baseline/mini_eval/baseline_minitrain_tsp100_K200.json
[2026-03-01 14:31:00,540] INFO:fitness.free_loss_fidelity: RL4CO free-loss (step-mode): f1_steps=200, f2_steps=0, total_steps=200, train_problem_size=100, rollouts=100, batch_size=64, device=cuda:1, env=tsp
[2026-03-01 14:31:01,963] INFO:fitness.free_loss_fidelity: RL4CO free-loss step 1/200: score=36.122910 (avg=36.122910), loss=0.742793 (avg=0.742793), pairs_step=65536, pairs_total=65536
[2026-03-01 14:31:09,016] INFO:fitness.free_loss_fidelity: RL4CO free-loss step 20/200: score=9.806702 (avg=12.603171), loss=0.472374 (avg=0.480848), pairs_step=65536, pairs_total=1310720
[2026-03-01 14:31:15,840] INFO:fitness.free_loss_fidelity: RL4CO free-loss step 40/200: score=9.339233 (avg=11.041238), loss=0.499279 (avg=0.485769), pairs_step=65536, pairs_total=2621440
[2026-03-01 14:31:22,108] INFO:fitness.free_loss_fidelity: RL4CO free-loss step 60/200: score=9.166110 (avg=10.436050), loss=0.462271 (avg=0.483101), pairs_step=65536, pairs_total=3932160
[2026-03-01 14:31:28,398] INFO:fitness.free_loss_fidelity: RL4CO free-loss step 80/200: score=8.996494 (avg=10.092601), loss=0.458281 (avg=0.477505), pairs_step=65536, pairs_total=5242880
[2026-03-01 14:31:34,712] INFO:fitness.free_loss_fidelity: RL4CO free-loss step 100/200: score=8.771797 (avg=9.858046), loss=0.442493 (avg=0.473967), pairs_step=65536, pairs_total=6553600
[2026-03-01 14:31:41,033] INFO:fitness.free_loss_fidelity: RL4CO free-loss step 120/200: score=8.738951 (avg=9.685597), loss=0.479854 (avg=0.472921), pairs_step=65536, pairs_total=7864320
[2026-03-01 14:31:47,317] INFO:fitness.free_loss_fidelity: RL4CO free-loss step 140/200: score=8.693140 (avg=9.548167), loss=0.476884 (avg=0.473985), pairs_step=65536, pairs_total=9175040
[2026-03-01 14:31:53,624] INFO:fitness.free_loss_fidelity: RL4CO free-loss step 160/200: score=8.609612 (avg=9.433844), loss=0.486324 (avg=0.475440), pairs_step=65536, pairs_total=10485760
[2026-03-01 14:31:59,925] INFO:fitness.free_loss_fidelity: RL4CO free-loss step 180/200: score=8.511312 (avg=9.336638), loss=0.500045 (avg=0.477853), pairs_step=65536, pairs_total=11796480
[2026-03-01 14:32:06,235] INFO:fitness.free_loss_fidelity: RL4CO free-loss step 200/200: score=8.509374 (avg=9.253219), loss=0.507470 (avg=0.480086), pairs_step=65536, pairs_total=13107200
[2026-03-01 14:32:07,340] WARNING:fitness.free_loss_fidelity: weights_only checkpoint load failed (UnpicklingError); retrying weights_only=False for /data1/gushengda/eam-rl4co/baseline/epoch_135.ckpt
[2026-03-01 14:32:07,384] INFO:fitness.free_loss_fidelity: Loaded init checkpoint into policy: path=/data1/gushengda/eam-rl4co/baseline/epoch_135.ckpt prefix=policy. matched=97 missing=0 unexpected=0
[2026-03-01 14:32:07,390] INFO:fitness.free_loss_fidelity: RL4CO free-loss (step-mode): f1_steps=200, f2_steps=0, total_steps=200, train_problem_size=100, rollouts=100, batch_size=64, device=cuda:1, env=tsp
[2026-03-01 14:32:07,721] INFO:fitness.free_loss_fidelity: RL4CO free-loss step 1/200: score=7.803347 (avg=7.803347), loss=0.642639 (avg=0.642639), pairs_step=65536, pairs_total=65536
[2026-03-01 14:32:13,746] INFO:fitness.free_loss_fidelity: RL4CO free-loss step 20/200: score=7.776383 (avg=7.810380), loss=0.640355 (avg=0.642373), pairs_step=65536, pairs_total=1310720
[2026-03-01 14:32:20,070] INFO:fitness.free_loss_fidelity: RL4CO free-loss step 40/200: score=7.823087 (avg=7.804000), loss=0.646095 (avg=0.643045), pairs_step=65536, pairs_total=2621440
[2026-03-01 14:32:26,394] INFO:fitness.free_loss_fidelity: RL4CO free-loss step 60/200: score=7.815041 (avg=7.800684), loss=0.650464 (avg=0.644523), pairs_step=65536, pairs_total=3932160
[2026-03-01 14:32:32,726] INFO:fitness.free_loss_fidelity: RL4CO free-loss step 80/200: score=7.798485 (avg=7.799010), loss=0.642413 (avg=0.644753), pairs_step=65536, pairs_total=5242880
[2026-03-01 14:32:39,048] INFO:fitness.free_loss_fidelity: RL4CO free-loss step 100/200: score=7.761286 (avg=7.799959), loss=0.643366 (avg=0.644960), pairs_step=65536, pairs_total=6553600
[2026-03-01 14:32:45,381] INFO:fitness.free_loss_fidelity: RL4CO free-loss step 120/200: score=7.775410 (avg=7.801798), loss=0.648912 (avg=0.645509), pairs_step=65536, pairs_total=7864320
[2026-03-01 14:32:51,714] INFO:fitness.free_loss_fidelity: RL4CO free-loss step 140/200: score=7.833102 (avg=7.802662), loss=0.650764 (avg=0.645787), pairs_step=65536, pairs_total=9175040
[2026-03-01 14:32:58,037] INFO:fitness.free_loss_fidelity: RL4CO free-loss step 160/200: score=7.803312 (avg=7.802214), loss=0.649412 (avg=0.646150), pairs_step=65536, pairs_total=10485760
[2026-03-01 14:33:04,379] INFO:fitness.free_loss_fidelity: RL4CO free-loss step 180/200: score=7.786885 (avg=7.801264), loss=0.647931 (avg=0.646391), pairs_step=65536, pairs_total=11796480
[2026-03-01 14:33:10,707] INFO:fitness.free_loss_fidelity: RL4CO free-loss step 200/200: score=7.813575 (avg=7.800179), loss=0.640470 (avg=0.646565), pairs_step=65536, pairs_total=13107200
[2026-03-01 14:33:11,817] WARNING:fitness.free_loss_fidelity: weights_only checkpoint load failed (UnpicklingError); retrying weights_only=False for /data1/gushengda/eam-rl4co/baseline/epoch_409.ckpt
[2026-03-01 14:33:11,856] INFO:fitness.free_loss_fidelity: Loaded init checkpoint into policy: path=/data1/gushengda/eam-rl4co/baseline/epoch_409.ckpt prefix=policy. matched=97 missing=0 unexpected=0
[2026-03-01 14:33:11,862] INFO:fitness.free_loss_fidelity: RL4CO free-loss (step-mode): f1_steps=200, f2_steps=0, total_steps=200, train_problem_size=100, rollouts=100, batch_size=64, device=cuda:1, env=tsp
[2026-03-01 14:33:12,182] INFO:fitness.free_loss_fidelity: RL4CO free-loss step 1/200: score=7.807477 (avg=7.807477), loss=0.001305 (avg=0.001305), pairs_step=65536, pairs_total=65536
[2026-03-01 14:33:18,216] INFO:fitness.free_loss_fidelity: RL4CO free-loss step 20/200: score=7.798922 (avg=7.815848), loss=0.023471 (avg=0.025493), pairs_step=65536, pairs_total=1310720
[2026-03-01 14:33:24,544] INFO:fitness.free_loss_fidelity: RL4CO free-loss step 40/200: score=7.850799 (avg=7.817817), loss=0.038075 (avg=0.031563), pairs_step=65536, pairs_total=2621440
[2026-03-01 14:33:30,880] INFO:fitness.free_loss_fidelity: RL4CO free-loss step 60/200: score=7.837895 (avg=7.818628), loss=0.019348 (avg=0.030657), pairs_step=65536, pairs_total=3932160
[2026-03-01 14:33:37,223] INFO:fitness.free_loss_fidelity: RL4CO free-loss step 80/200: score=7.835880 (avg=7.821045), loss=0.003507 (avg=0.025690), pairs_step=65536, pairs_total=5242880
[2026-03-01 14:33:43,569] INFO:fitness.free_loss_fidelity: RL4CO free-loss step 100/200: score=7.804392 (avg=7.826050), loss=0.000820 (avg=0.020745), pairs_step=65536, pairs_total=6553600
[2026-03-01 14:33:49,932] INFO:fitness.free_loss_fidelity: RL4CO free-loss step 120/200: score=7.831589 (avg=7.830951), loss=0.000778 (avg=0.017424), pairs_step=65536, pairs_total=7864320
[2026-03-01 14:33:56,286] INFO:fitness.free_loss_fidelity: RL4CO free-loss step 140/200: score=7.873621 (avg=7.834815), loss=0.000702 (avg=0.015112), pairs_step=65536, pairs_total=9175040
[2026-03-01 14:34:02,890] INFO:fitness.free_loss_fidelity: RL4CO free-loss step 160/200: score=7.844136 (avg=7.836336), loss=0.000340 (avg=0.013350), pairs_step=65536, pairs_total=10485760
[2026-03-01 14:34:09,247] INFO:fitness.free_loss_fidelity: RL4CO free-loss step 180/200: score=7.844555 (avg=7.836527), loss=0.001740 (avg=0.011905), pairs_step=65536, pairs_total=11796480
[2026-03-01 14:34:15,596] INFO:fitness.free_loss_fidelity: RL4CO free-loss step 200/200: score=7.866331 (avg=7.836837), loss=0.000499 (avg=0.010747), pairs_step=65536, pairs_total=13107200
