[2026-03-01 13:41:38,207] INFO:fitness.free_loss_fidelity: Stage3 offline mini-train start gen=12 pair_index=15 K=200 seed=12345 valid_sizes=[100] baseline_json=baseline/mini_eval/baseline_minitrain_tsp100_K200.json
[2026-03-01 13:41:38,225] INFO:fitness.free_loss_fidelity: RL4CO free-loss (step-mode): f1_steps=200, f2_steps=0, total_steps=200, train_problem_size=100, rollouts=100, batch_size=64, device=cuda:0, env=tsp
[2026-03-01 13:41:38,562] INFO:fitness.free_loss_fidelity: RL4CO free-loss step 1/200: score=36.122910 (avg=36.122910), loss=0.664708 (avg=0.664708), pairs_step=6336, pairs_total=6336
[2026-03-01 13:41:44,831] INFO:fitness.free_loss_fidelity: RL4CO free-loss step 20/200: score=10.121202 (avg=12.716440), loss=0.458200 (avg=0.474139), pairs_step=6336, pairs_total=126720
[2026-03-01 13:41:51,446] INFO:fitness.free_loss_fidelity: RL4CO free-loss step 40/200: score=9.498346 (avg=11.247958), loss=0.496030 (avg=0.475615), pairs_step=6336, pairs_total=253440
[2026-03-01 13:41:58,066] INFO:fitness.free_loss_fidelity: RL4CO free-loss step 60/200: score=9.399444 (avg=10.637409), loss=0.478425 (avg=0.479007), pairs_step=6336, pairs_total=380160
[2026-03-01 13:42:04,643] INFO:fitness.free_loss_fidelity: RL4CO free-loss step 80/200: score=9.153473 (avg=10.286552), loss=0.443467 (avg=0.473570), pairs_step=6336, pairs_total=506880
[2026-03-01 13:42:11,218] INFO:fitness.free_loss_fidelity: RL4CO free-loss step 100/200: score=8.937996 (avg=10.045156), loss=0.406083 (avg=0.466851), pairs_step=6336, pairs_total=633600
[2026-03-01 13:42:17,821] INFO:fitness.free_loss_fidelity: RL4CO free-loss step 120/200: score=8.916243 (avg=9.872295), loss=0.404715 (avg=0.456554), pairs_step=6336, pairs_total=760320
[2026-03-01 13:42:24,418] INFO:fitness.free_loss_fidelity: RL4CO free-loss step 140/200: score=8.841364 (avg=9.734422), loss=0.406945 (avg=0.446900), pairs_step=6336, pairs_total=887040
[2026-03-01 13:42:30,986] INFO:fitness.free_loss_fidelity: RL4CO free-loss step 160/200: score=8.772959 (avg=9.622115), loss=0.387882 (avg=0.439637), pairs_step=6336, pairs_total=1013760
[2026-03-01 13:42:37,575] INFO:fitness.free_loss_fidelity: RL4CO free-loss step 180/200: score=8.728544 (avg=9.527253), loss=0.427452 (avg=0.435729), pairs_step=6336, pairs_total=1140480
[2026-03-01 13:42:44,206] INFO:fitness.free_loss_fidelity: RL4CO free-loss step 200/200: score=8.734564 (avg=9.446345), loss=0.401639 (avg=0.433849), pairs_step=6336, pairs_total=1267200
[2026-03-01 13:42:45,307] WARNING:fitness.free_loss_fidelity: weights_only checkpoint load failed (UnpicklingError); retrying weights_only=False for /data1/gushengda/eam-rl4co/baseline/epoch_135.ckpt
[2026-03-01 13:42:45,343] INFO:fitness.free_loss_fidelity: Loaded init checkpoint into policy: path=/data1/gushengda/eam-rl4co/baseline/epoch_135.ckpt prefix=policy. matched=97 missing=0 unexpected=0
[2026-03-01 13:42:45,348] INFO:fitness.free_loss_fidelity: RL4CO free-loss (step-mode): f1_steps=200, f2_steps=0, total_steps=200, train_problem_size=100, rollouts=100, batch_size=64, device=cuda:0, env=tsp
[2026-03-01 13:42:45,727] INFO:fitness.free_loss_fidelity: RL4CO free-loss step 1/200: score=7.803347 (avg=7.803347), loss=0.663239 (avg=0.663239), pairs_step=6309, pairs_total=6309
[2026-03-01 13:42:51,981] INFO:fitness.free_loss_fidelity: RL4CO free-loss step 20/200: score=7.790290 (avg=7.816700), loss=0.644075 (avg=0.656604), pairs_step=6325, pairs_total=126473
[2026-03-01 13:42:58,556] INFO:fitness.free_loss_fidelity: RL4CO free-loss step 40/200: score=7.827130 (avg=7.811694), loss=0.647831 (avg=0.653183), pairs_step=6330, pairs_total=252971
[2026-03-01 13:43:05,171] INFO:fitness.free_loss_fidelity: RL4CO free-loss step 60/200: score=7.823319 (avg=7.807296), loss=0.644308 (avg=0.652719), pairs_step=6322, pairs_total=379483
[2026-03-01 13:43:11,992] INFO:fitness.free_loss_fidelity: RL4CO free-loss step 80/200: score=7.799496 (avg=7.805372), loss=0.655134 (avg=0.652373), pairs_step=6322, pairs_total=506025
[2026-03-01 13:43:18,577] INFO:fitness.free_loss_fidelity: RL4CO free-loss step 100/200: score=7.762246 (avg=7.806178), loss=0.639998 (avg=0.651472), pairs_step=6326, pairs_total=632522
[2026-03-01 13:43:25,165] INFO:fitness.free_loss_fidelity: RL4CO free-loss step 120/200: score=7.778458 (avg=7.807521), loss=0.642282 (avg=0.651061), pairs_step=6321, pairs_total=759017
[2026-03-01 13:43:31,771] INFO:fitness.free_loss_fidelity: RL4CO free-loss step 140/200: score=7.836352 (avg=7.808706), loss=0.656147 (avg=0.651343), pairs_step=6327, pairs_total=885538
[2026-03-01 13:43:38,330] INFO:fitness.free_loss_fidelity: RL4CO free-loss step 160/200: score=7.798145 (avg=7.807992), loss=0.640019 (avg=0.651265), pairs_step=6326, pairs_total=1012019
[2026-03-01 13:43:44,956] INFO:fitness.free_loss_fidelity: RL4CO free-loss step 180/200: score=7.802795 (avg=7.807151), loss=0.651157 (avg=0.651333), pairs_step=6324, pairs_total=1138585
[2026-03-01 13:43:51,549] INFO:fitness.free_loss_fidelity: RL4CO free-loss step 200/200: score=7.820702 (avg=7.806316), loss=0.650715 (avg=0.651536), pairs_step=6327, pairs_total=1265122
[2026-03-01 13:43:52,653] WARNING:fitness.free_loss_fidelity: weights_only checkpoint load failed (UnpicklingError); retrying weights_only=False for /data1/gushengda/eam-rl4co/baseline/epoch_409.ckpt
[2026-03-01 13:43:52,690] INFO:fitness.free_loss_fidelity: Loaded init checkpoint into policy: path=/data1/gushengda/eam-rl4co/baseline/epoch_409.ckpt prefix=policy. matched=97 missing=0 unexpected=0
[2026-03-01 13:43:52,695] INFO:fitness.free_loss_fidelity: RL4CO free-loss (step-mode): f1_steps=200, f2_steps=0, total_steps=200, train_problem_size=100, rollouts=100, batch_size=64, device=cuda:0, env=tsp
[2026-03-01 13:43:53,074] INFO:fitness.free_loss_fidelity: RL4CO free-loss step 1/200: score=7.807477 (avg=7.807477), loss=0.155254 (avg=0.155254), pairs_step=6319, pairs_total=6319
[2026-03-01 13:43:59,308] INFO:fitness.free_loss_fidelity: RL4CO free-loss step 20/200: score=7.784543 (avg=7.808230), loss=0.132320 (avg=0.139611), pairs_step=6315, pairs_total=126313
[2026-03-01 13:44:05,905] INFO:fitness.free_loss_fidelity: RL4CO free-loss step 40/200: score=7.820360 (avg=7.802775), loss=0.132130 (avg=0.137478), pairs_step=6328, pairs_total=252728
[2026-03-01 13:44:12,497] INFO:fitness.free_loss_fidelity: RL4CO free-loss step 60/200: score=7.820232 (avg=7.799254), loss=0.140174 (avg=0.136383), pairs_step=6323, pairs_total=379141
[2026-03-01 13:44:19,080] INFO:fitness.free_loss_fidelity: RL4CO free-loss step 80/200: score=7.791741 (avg=7.797778), loss=0.141804 (avg=0.137471), pairs_step=6320, pairs_total=505498
[2026-03-01 13:44:25,653] INFO:fitness.free_loss_fidelity: RL4CO free-loss step 100/200: score=7.755592 (avg=7.798678), loss=0.135984 (avg=0.137028), pairs_step=6318, pairs_total=631902
[2026-03-01 13:44:32,234] INFO:fitness.free_loss_fidelity: RL4CO free-loss step 120/200: score=7.773486 (avg=7.799978), loss=0.132854 (avg=0.136535), pairs_step=6321, pairs_total=758264
[2026-03-01 13:44:38,819] INFO:fitness.free_loss_fidelity: RL4CO free-loss step 140/200: score=7.823142 (avg=7.800786), loss=0.132862 (avg=0.136437), pairs_step=6301, pairs_total=884564
[2026-03-01 13:44:45,408] INFO:fitness.free_loss_fidelity: RL4CO free-loss step 160/200: score=7.799632 (avg=7.800230), loss=0.134095 (avg=0.136282), pairs_step=6323, pairs_total=1010942
[2026-03-01 13:44:51,971] INFO:fitness.free_loss_fidelity: RL4CO free-loss step 180/200: score=7.782516 (avg=7.799267), loss=0.140290 (avg=0.136685), pairs_step=6309, pairs_total=1137348
[2026-03-01 13:44:58,518] INFO:fitness.free_loss_fidelity: RL4CO free-loss step 200/200: score=7.811342 (avg=7.798007), loss=0.134383 (avg=0.136754), pairs_step=6326, pairs_total=1263787
