[2026-03-01 16:47:10,139] INFO:fitness.free_loss_fidelity: Stage3 offline mini-train start gen=17 pair_index=14 K=200 seed=12345 valid_sizes=[100] baseline_json=baseline/mini_eval/baseline_minitrain_tsp100_K200.json
[2026-03-01 16:47:10,161] INFO:fitness.free_loss_fidelity: RL4CO free-loss (step-mode): f1_steps=200, f2_steps=0, total_steps=200, train_problem_size=100, rollouts=100, batch_size=64, device=cuda:0, env=tsp
[2026-03-01 16:47:10,509] INFO:fitness.free_loss_fidelity: RL4CO free-loss step 1/200: score=36.122910 (avg=36.122910), loss=0.738993 (avg=0.738993), pairs_step=48896, pairs_total=48896
[2026-03-01 16:47:16,616] INFO:fitness.free_loss_fidelity: RL4CO free-loss step 20/200: score=10.071920 (avg=12.814040), loss=0.477273 (avg=0.501352), pairs_step=48896, pairs_total=977920
[2026-03-01 16:47:23,489] INFO:fitness.free_loss_fidelity: RL4CO free-loss step 40/200: score=9.476284 (avg=11.206308), loss=0.509196 (avg=0.501571), pairs_step=48896, pairs_total=1955840
[2026-03-01 16:47:30,586] INFO:fitness.free_loss_fidelity: RL4CO free-loss step 60/200: score=9.254313 (avg=10.581893), loss=0.490795 (avg=0.500273), pairs_step=48896, pairs_total=2933760
[2026-03-01 16:47:37,887] INFO:fitness.free_loss_fidelity: RL4CO free-loss step 80/200: score=9.099082 (avg=10.225625), loss=0.478835 (avg=0.496574), pairs_step=48896, pairs_total=3911680
[2026-03-01 16:47:44,975] INFO:fitness.free_loss_fidelity: RL4CO free-loss step 100/200: score=8.925287 (avg=9.991975), loss=0.465782 (avg=0.492213), pairs_step=48896, pairs_total=4889600
[2026-03-01 16:47:52,068] INFO:fitness.free_loss_fidelity: RL4CO free-loss step 120/200: score=8.858389 (avg=9.820561), loss=0.490526 (avg=0.490697), pairs_step=48896, pairs_total=5867520
[2026-03-01 16:47:59,150] INFO:fitness.free_loss_fidelity: RL4CO free-loss step 140/200: score=8.852425 (avg=9.683095), loss=0.480508 (avg=0.489479), pairs_step=48896, pairs_total=6845440
[2026-03-01 16:48:06,234] INFO:fitness.free_loss_fidelity: RL4CO free-loss step 160/200: score=8.710960 (avg=9.568573), loss=0.505477 (avg=0.489888), pairs_step=48896, pairs_total=7823360
[2026-03-01 16:48:13,325] INFO:fitness.free_loss_fidelity: RL4CO free-loss step 180/200: score=8.653734 (avg=9.469628), loss=0.504209 (avg=0.491206), pairs_step=48896, pairs_total=8801279
[2026-03-01 16:48:20,429] INFO:fitness.free_loss_fidelity: RL4CO free-loss step 200/200: score=8.674034 (avg=9.384676), loss=0.519964 (avg=0.492834), pairs_step=48896, pairs_total=9779199
[2026-03-01 16:48:21,528] WARNING:fitness.free_loss_fidelity: weights_only checkpoint load failed (UnpicklingError); retrying weights_only=False for /data1/gushengda/eam-rl4co/baseline/epoch_135.ckpt
[2026-03-01 16:48:21,566] INFO:fitness.free_loss_fidelity: Loaded init checkpoint into policy: path=/data1/gushengda/eam-rl4co/baseline/epoch_135.ckpt prefix=policy. matched=97 missing=0 unexpected=0
[2026-03-01 16:48:21,571] INFO:fitness.free_loss_fidelity: RL4CO free-loss (step-mode): f1_steps=200, f2_steps=0, total_steps=200, train_problem_size=100, rollouts=100, batch_size=64, device=cuda:0, env=tsp
[2026-03-01 16:48:21,930] INFO:fitness.free_loss_fidelity: RL4CO free-loss step 1/200: score=7.803347 (avg=7.803347), loss=0.631308 (avg=0.631308), pairs_step=48893, pairs_total=48893
[2026-03-01 16:48:28,644] INFO:fitness.free_loss_fidelity: RL4CO free-loss step 20/200: score=7.792461 (avg=7.818399), loss=0.642656 (avg=0.636034), pairs_step=48894, pairs_total=977852
[2026-03-01 16:48:35,726] INFO:fitness.free_loss_fidelity: RL4CO free-loss step 40/200: score=7.829227 (avg=7.812119), loss=0.646301 (avg=0.638258), pairs_step=48890, pairs_total=1955677
[2026-03-01 16:48:42,803] INFO:fitness.free_loss_fidelity: RL4CO free-loss step 60/200: score=7.821469 (avg=7.809252), loss=0.644915 (avg=0.639707), pairs_step=48894, pairs_total=2933533
[2026-03-01 16:48:49,864] INFO:fitness.free_loss_fidelity: RL4CO free-loss step 80/200: score=7.808558 (avg=7.808178), loss=0.641781 (avg=0.640622), pairs_step=48894, pairs_total=3911348
[2026-03-01 16:48:56,796] INFO:fitness.free_loss_fidelity: RL4CO free-loss step 100/200: score=7.762848 (avg=7.809199), loss=0.649941 (avg=0.641032), pairs_step=48892, pairs_total=4889194
[2026-03-01 16:49:03,887] INFO:fitness.free_loss_fidelity: RL4CO free-loss step 120/200: score=7.781428 (avg=7.811295), loss=0.640287 (avg=0.641862), pairs_step=48891, pairs_total=5867021
[2026-03-01 16:49:10,936] INFO:fitness.free_loss_fidelity: RL4CO free-loss step 140/200: score=7.835272 (avg=7.812610), loss=0.640027 (avg=0.641519), pairs_step=48892, pairs_total=6844859
[2026-03-01 16:49:18,017] INFO:fitness.free_loss_fidelity: RL4CO free-loss step 160/200: score=7.807069 (avg=7.812031), loss=0.647860 (avg=0.641761), pairs_step=48882, pairs_total=7822707
[2026-03-01 16:49:25,125] INFO:fitness.free_loss_fidelity: RL4CO free-loss step 180/200: score=7.799807 (avg=7.811511), loss=0.643683 (avg=0.642405), pairs_step=48893, pairs_total=8800559
[2026-03-01 16:49:32,205] INFO:fitness.free_loss_fidelity: RL4CO free-loss step 200/200: score=7.828114 (avg=7.810571), loss=0.648889 (avg=0.643053), pairs_step=48894, pairs_total=9778399
[2026-03-01 16:49:33,306] WARNING:fitness.free_loss_fidelity: weights_only checkpoint load failed (UnpicklingError); retrying weights_only=False for /data1/gushengda/eam-rl4co/baseline/epoch_409.ckpt
[2026-03-01 16:49:33,343] INFO:fitness.free_loss_fidelity: Loaded init checkpoint into policy: path=/data1/gushengda/eam-rl4co/baseline/epoch_409.ckpt prefix=policy. matched=97 missing=0 unexpected=0
[2026-03-01 16:49:33,349] INFO:fitness.free_loss_fidelity: RL4CO free-loss (step-mode): f1_steps=200, f2_steps=0, total_steps=200, train_problem_size=100, rollouts=100, batch_size=64, device=cuda:0, env=tsp
[2026-03-01 16:49:33,709] INFO:fitness.free_loss_fidelity: RL4CO free-loss step 1/200: score=7.807477 (avg=7.807477), loss=0.013622 (avg=0.013622), pairs_step=48896, pairs_total=48896
[2026-03-01 16:49:40,451] INFO:fitness.free_loss_fidelity: RL4CO free-loss step 20/200: score=7.801666 (avg=7.821764), loss=0.296985 (avg=0.159380), pairs_step=48896, pairs_total=977920
[2026-03-01 16:49:46,921] INFO:fitness.free_loss_fidelity: RL4CO free-loss step 40/200: score=7.837869 (avg=7.820978), loss=0.444141 (avg=0.272308), pairs_step=48896, pairs_total=1955839
[2026-03-01 16:49:53,260] INFO:fitness.free_loss_fidelity: RL4CO free-loss step 60/200: score=7.820537 (avg=7.817661), loss=0.506760 (avg=0.340768), pairs_step=48896, pairs_total=2933757
[2026-03-01 16:49:59,640] INFO:fitness.free_loss_fidelity: RL4CO free-loss step 80/200: score=7.808092 (avg=7.814767), loss=0.538657 (avg=0.387533), pairs_step=48896, pairs_total=3911677
[2026-03-01 16:50:05,990] INFO:fitness.free_loss_fidelity: RL4CO free-loss step 100/200: score=7.768491 (avg=7.814704), loss=0.571962 (avg=0.421288), pairs_step=48896, pairs_total=4889595
[2026-03-01 16:50:12,357] INFO:fitness.free_loss_fidelity: RL4CO free-loss step 120/200: score=7.786442 (avg=7.815452), loss=0.577786 (avg=0.447412), pairs_step=48896, pairs_total=5867508
[2026-03-01 16:50:18,707] INFO:fitness.free_loss_fidelity: RL4CO free-loss step 140/200: score=7.842986 (avg=7.816459), loss=0.599488 (avg=0.467283), pairs_step=48896, pairs_total=6845422
[2026-03-01 16:50:25,349] INFO:fitness.free_loss_fidelity: RL4CO free-loss step 160/200: score=7.813089 (avg=7.815829), loss=0.593446 (avg=0.483331), pairs_step=48895, pairs_total=7823330
[2026-03-01 16:50:32,445] INFO:fitness.free_loss_fidelity: RL4CO free-loss step 180/200: score=7.805337 (avg=7.814609), loss=0.594379 (avg=0.496183), pairs_step=48896, pairs_total=8801242
[2026-03-01 16:50:39,528] INFO:fitness.free_loss_fidelity: RL4CO free-loss step 200/200: score=7.828506 (avg=7.813649), loss=0.618602 (avg=0.507431), pairs_step=48896, pairs_total=9779149
