[2026-03-01 11:34:31,202] INFO:fitness.free_loss_fidelity: Stage3 offline mini-train start gen=8 pair_index=11 K=200 seed=12345 valid_sizes=[100] baseline_json=baseline/mini_eval/baseline_minitrain_tsp100_K200.json
[2026-03-01 11:34:31,224] INFO:fitness.free_loss_fidelity: RL4CO free-loss (step-mode): f1_steps=200, f2_steps=0, total_steps=200, train_problem_size=100, rollouts=100, batch_size=64, device=cuda:3, env=tsp
[2026-03-01 11:34:31,560] INFO:fitness.free_loss_fidelity: RL4CO free-loss step 1/200: score=36.122910 (avg=36.122910), loss=11.285210 (avg=11.285210), pairs_step=316800, pairs_total=316800
[2026-03-01 11:34:37,514] INFO:fitness.free_loss_fidelity: RL4CO free-loss step 20/200: score=17.545307 (avg=16.297546), loss=3.172376 (avg=3.787756), pairs_step=316800, pairs_total=6335998
[2026-03-01 11:34:43,785] INFO:fitness.free_loss_fidelity: RL4CO free-loss step 40/200: score=19.761532 (avg=17.579198), loss=2.315043 (avg=3.359891), pairs_step=316800, pairs_total=12671987
[2026-03-01 11:34:50,054] INFO:fitness.free_loss_fidelity: RL4CO free-loss step 60/200: score=24.161110 (avg=19.180564), loss=2.348869 (avg=3.016071), pairs_step=316800, pairs_total=19007984
[2026-03-01 11:34:56,328] INFO:fitness.free_loss_fidelity: RL4CO free-loss step 80/200: score=26.136963 (avg=20.662518), loss=2.380816 (avg=2.853322), pairs_step=316800, pairs_total=25343982
[2026-03-01 11:35:02,589] INFO:fitness.free_loss_fidelity: RL4CO free-loss step 100/200: score=27.296104 (avg=21.888585), loss=2.466686 (avg=2.764286), pairs_step=316800, pairs_total=31679976
[2026-03-01 11:35:08,872] INFO:fitness.free_loss_fidelity: RL4CO free-loss step 120/200: score=28.237274 (avg=22.881493), loss=2.368620 (avg=2.703776), pairs_step=316800, pairs_total=38015974
[2026-03-01 11:35:15,136] INFO:fitness.free_loss_fidelity: RL4CO free-loss step 140/200: score=28.983871 (avg=23.694199), loss=2.416290 (avg=2.659959), pairs_step=316800, pairs_total=44351970
[2026-03-01 11:35:21,404] INFO:fitness.free_loss_fidelity: RL4CO free-loss step 160/200: score=29.786797 (avg=24.388171), loss=2.397543 (avg=2.626429), pairs_step=316800, pairs_total=50687964
[2026-03-01 11:35:27,670] INFO:fitness.free_loss_fidelity: RL4CO free-loss step 180/200: score=31.170460 (avg=25.043744), loss=2.343175 (avg=2.599432), pairs_step=316800, pairs_total=57023957
[2026-03-01 11:35:33,939] INFO:fitness.free_loss_fidelity: RL4CO free-loss step 200/200: score=32.865131 (avg=25.743895), loss=2.419689 (avg=2.582562), pairs_step=316800, pairs_total=63359954
[2026-03-01 11:35:35,051] WARNING:fitness.free_loss_fidelity: weights_only checkpoint load failed (UnpicklingError); retrying weights_only=False for /data1/gushengda/eam-rl4co/baseline/epoch_135.ckpt
[2026-03-01 11:35:35,086] INFO:fitness.free_loss_fidelity: Loaded init checkpoint into policy: path=/data1/gushengda/eam-rl4co/baseline/epoch_135.ckpt prefix=policy. matched=97 missing=0 unexpected=0
[2026-03-01 11:35:35,092] INFO:fitness.free_loss_fidelity: RL4CO free-loss (step-mode): f1_steps=200, f2_steps=0, total_steps=200, train_problem_size=100, rollouts=100, batch_size=64, device=cuda:3, env=tsp
[2026-03-01 11:35:35,418] INFO:fitness.free_loss_fidelity: RL4CO free-loss step 1/200: score=7.803347 (avg=7.803347), loss=2.344216 (avg=2.344216), pairs_step=315697, pairs_total=315697
[2026-03-01 11:35:41,364] INFO:fitness.free_loss_fidelity: RL4CO free-loss step 20/200: score=7.855833 (avg=7.831021), loss=0.741152 (avg=1.560097), pairs_step=316799, pairs_total=6328774
[2026-03-01 11:35:47,633] INFO:fitness.free_loss_fidelity: RL4CO free-loss step 40/200: score=8.519204 (avg=7.970003), loss=0.578515 (avg=1.057961), pairs_step=316800, pairs_total=12664771
[2026-03-01 11:35:53,893] INFO:fitness.free_loss_fidelity: RL4CO free-loss step 60/200: score=10.000803 (avg=8.339733), loss=0.634310 (avg=0.908567), pairs_step=316800, pairs_total=19000770
[2026-03-01 11:36:00,165] INFO:fitness.free_loss_fidelity: RL4CO free-loss step 80/200: score=11.405267 (avg=8.904131), loss=0.592486 (avg=0.834431), pairs_step=316800, pairs_total=25336770
[2026-03-01 11:36:06,434] INFO:fitness.free_loss_fidelity: RL4CO free-loss step 100/200: score=18.006521 (avg=10.035564), loss=1.011961 (avg=0.815679), pairs_step=316800, pairs_total=31672770
[2026-03-01 11:36:12,687] INFO:fitness.free_loss_fidelity: RL4CO free-loss step 120/200: score=24.160397 (avg=12.041984), loss=0.908556 (avg=0.841488), pairs_step=316800, pairs_total=38008770
[2026-03-01 11:36:18,944] INFO:fitness.free_loss_fidelity: RL4CO free-loss step 140/200: score=28.543056 (avg=14.108774), loss=1.328249 (avg=0.876510), pairs_step=316800, pairs_total=44344769
[2026-03-01 11:36:25,209] INFO:fitness.free_loss_fidelity: RL4CO free-loss step 160/200: score=40.056541 (avg=16.587186), loss=1.255901 (avg=0.930556), pairs_step=316799, pairs_total=50680766
[2026-03-01 11:36:31,465] INFO:fitness.free_loss_fidelity: RL4CO free-loss step 180/200: score=40.195839 (avg=19.234283), loss=0.910719 (avg=0.963006), pairs_step=316800, pairs_total=57016763
[2026-03-01 11:36:37,728] INFO:fitness.free_loss_fidelity: RL4CO free-loss step 200/200: score=41.994637 (avg=21.434907), loss=0.873264 (avg=0.948572), pairs_step=316800, pairs_total=63352757
[2026-03-01 11:36:38,835] WARNING:fitness.free_loss_fidelity: weights_only checkpoint load failed (UnpicklingError); retrying weights_only=False for /data1/gushengda/eam-rl4co/baseline/epoch_409.ckpt
[2026-03-01 11:36:38,865] INFO:fitness.free_loss_fidelity: Loaded init checkpoint into policy: path=/data1/gushengda/eam-rl4co/baseline/epoch_409.ckpt prefix=policy. matched=97 missing=0 unexpected=0
[2026-03-01 11:36:38,870] INFO:fitness.free_loss_fidelity: RL4CO free-loss (step-mode): f1_steps=200, f2_steps=0, total_steps=200, train_problem_size=100, rollouts=100, batch_size=64, device=cuda:3, env=tsp
[2026-03-01 11:36:39,195] INFO:fitness.free_loss_fidelity: RL4CO free-loss step 1/200: score=7.807477 (avg=7.807477), loss=0.319937 (avg=0.319937), pairs_step=315750, pairs_total=315750
[2026-03-01 11:36:45,162] INFO:fitness.free_loss_fidelity: RL4CO free-loss step 20/200: score=7.788954 (avg=7.810360), loss=0.463004 (avg=0.334395), pairs_step=316705, pairs_total=6323874
[2026-03-01 11:36:51,407] INFO:fitness.free_loss_fidelity: RL4CO free-loss step 40/200: score=7.914337 (avg=7.837123), loss=0.451924 (avg=0.561276), pairs_step=316800, pairs_total=12659744
[2026-03-01 11:36:57,662] INFO:fitness.free_loss_fidelity: RL4CO free-loss step 60/200: score=8.294991 (avg=7.915360), loss=0.620128 (avg=0.586691), pairs_step=316800, pairs_total=18995740
[2026-03-01 11:37:03,932] INFO:fitness.free_loss_fidelity: RL4CO free-loss step 80/200: score=8.847830 (avg=8.042932), loss=0.582206 (avg=0.566784), pairs_step=316800, pairs_total=25331738
[2026-03-01 11:37:10,187] INFO:fitness.free_loss_fidelity: RL4CO free-loss step 100/200: score=9.147320 (avg=8.243076), loss=0.390412 (avg=0.537224), pairs_step=316800, pairs_total=31667735
[2026-03-01 11:37:16,452] INFO:fitness.free_loss_fidelity: RL4CO free-loss step 120/200: score=9.903029 (avg=8.553851), loss=0.242228 (avg=0.514623), pairs_step=316800, pairs_total=38003732
[2026-03-01 11:37:22,721] INFO:fitness.free_loss_fidelity: RL4CO free-loss step 140/200: score=10.720669 (avg=8.793047), loss=0.407482 (avg=0.483806), pairs_step=316800, pairs_total=44339730
[2026-03-01 11:37:28,973] INFO:fitness.free_loss_fidelity: RL4CO free-loss step 160/200: score=14.878443 (avg=9.289083), loss=0.319299 (avg=0.469877), pairs_step=316800, pairs_total=50675730
[2026-03-01 11:37:35,227] INFO:fitness.free_loss_fidelity: RL4CO free-loss step 180/200: score=20.653185 (avg=10.210845), loss=0.233113 (avg=0.448641), pairs_step=316800, pairs_total=57011728
[2026-03-01 11:37:41,494] INFO:fitness.free_loss_fidelity: RL4CO free-loss step 200/200: score=26.536625 (avg=11.638473), loss=0.171766 (avg=0.423184), pairs_step=316800, pairs_total=63347727
