[2026-03-01 08:55:21,113] INFO:fitness.free_loss_fidelity: Stage3 offline mini-train start gen=0 pair_index=10 K=200 seed=12345 valid_sizes=[100] baseline_json=baseline/mini_eval/baseline_minitrain_tsp100_K200.json
[2026-03-01 08:55:21,133] INFO:fitness.free_loss_fidelity: RL4CO free-loss (step-mode): f1_steps=200, f2_steps=0, total_steps=200, train_problem_size=100, rollouts=100, batch_size=64, device=cuda:1, env=tsp
[2026-03-01 08:55:21,492] INFO:fitness.free_loss_fidelity: RL4CO free-loss step 1/200: score=36.122910 (avg=36.122910), loss=0.942688 (avg=0.942688), pairs_step=316800, pairs_total=316800
[2026-03-01 08:55:28,248] INFO:fitness.free_loss_fidelity: RL4CO free-loss step 20/200: score=9.972242 (avg=13.084073), loss=0.576886 (avg=0.617201), pairs_step=316800, pairs_total=6335997
[2026-03-01 08:55:35,413] INFO:fitness.free_loss_fidelity: RL4CO free-loss step 40/200: score=9.617091 (avg=11.428409), loss=0.553463 (avg=0.588076), pairs_step=316800, pairs_total=12671994
[2026-03-01 08:55:42,536] INFO:fitness.free_loss_fidelity: RL4CO free-loss step 60/200: score=9.439917 (avg=10.768161), loss=0.535451 (avg=0.573342), pairs_step=316800, pairs_total=19007990
[2026-03-01 08:55:49,674] INFO:fitness.free_loss_fidelity: RL4CO free-loss step 80/200: score=9.336929 (avg=10.411415), loss=0.519097 (avg=0.561570), pairs_step=316800, pairs_total=25343985
[2026-03-01 08:55:56,801] INFO:fitness.free_loss_fidelity: RL4CO free-loss step 100/200: score=9.175203 (avg=10.182937), loss=0.523692 (avg=0.552861), pairs_step=316799, pairs_total=31679980
[2026-03-01 08:56:03,935] INFO:fitness.free_loss_fidelity: RL4CO free-loss step 120/200: score=9.150969 (avg=10.018016), loss=0.524989 (avg=0.548062), pairs_step=316800, pairs_total=38015975
[2026-03-01 08:56:11,069] INFO:fitness.free_loss_fidelity: RL4CO free-loss step 140/200: score=9.121144 (avg=9.890138), loss=0.516914 (avg=0.544491), pairs_step=316799, pairs_total=44351972
[2026-03-01 08:56:18,189] INFO:fitness.free_loss_fidelity: RL4CO free-loss step 160/200: score=9.049364 (avg=9.786931), loss=0.513133 (avg=0.542154), pairs_step=316800, pairs_total=50687969
[2026-03-01 08:56:25,328] INFO:fitness.free_loss_fidelity: RL4CO free-loss step 180/200: score=8.995987 (avg=9.701258), loss=0.530549 (avg=0.540341), pairs_step=316799, pairs_total=57023964
[2026-03-01 08:56:32,469] INFO:fitness.free_loss_fidelity: RL4CO free-loss step 200/200: score=8.983049 (avg=9.629379), loss=0.532943 (avg=0.539114), pairs_step=316799, pairs_total=63359959
[2026-03-01 08:56:33,776] WARNING:fitness.free_loss_fidelity: weights_only checkpoint load failed (UnpicklingError); retrying weights_only=False for /data1/gushengda/eam-rl4co/baseline/epoch_135.ckpt
[2026-03-01 08:56:33,818] INFO:fitness.free_loss_fidelity: Loaded init checkpoint into policy: path=/data1/gushengda/eam-rl4co/baseline/epoch_135.ckpt prefix=policy. matched=97 missing=0 unexpected=0
[2026-03-01 08:56:33,823] INFO:fitness.free_loss_fidelity: RL4CO free-loss (step-mode): f1_steps=200, f2_steps=0, total_steps=200, train_problem_size=100, rollouts=100, batch_size=64, device=cuda:1, env=tsp
[2026-03-01 08:56:34,209] INFO:fitness.free_loss_fidelity: RL4CO free-loss step 1/200: score=7.803347 (avg=7.803347), loss=0.669376 (avg=0.669376), pairs_step=315697, pairs_total=315697
[2026-03-01 08:56:40,989] INFO:fitness.free_loss_fidelity: RL4CO free-loss step 20/200: score=7.777782 (avg=7.809121), loss=0.664333 (avg=0.666495), pairs_step=315929, pairs_total=6317444
[2026-03-01 08:56:48,124] INFO:fitness.free_loss_fidelity: RL4CO free-loss step 40/200: score=7.817985 (avg=7.802940), loss=0.658774 (avg=0.662667), pairs_step=315874, pairs_total=12634375
[2026-03-01 08:56:55,245] INFO:fitness.free_loss_fidelity: RL4CO free-loss step 60/200: score=7.818377 (avg=7.799221), loss=0.651046 (avg=0.659672), pairs_step=315891, pairs_total=18952433
[2026-03-01 08:57:02,374] INFO:fitness.free_loss_fidelity: RL4CO free-loss step 80/200: score=7.797584 (avg=7.797945), loss=0.645131 (avg=0.656101), pairs_step=316180, pairs_total=25273144
[2026-03-01 08:57:09,485] INFO:fitness.free_loss_fidelity: RL4CO free-loss step 100/200: score=7.753827 (avg=7.798422), loss=0.634672 (avg=0.652205), pairs_step=316182, pairs_total=31595525
[2026-03-01 08:57:16,606] INFO:fitness.free_loss_fidelity: RL4CO free-loss step 120/200: score=7.777592 (avg=7.799670), loss=0.637935 (avg=0.649339), pairs_step=316149, pairs_total=37917234
[2026-03-01 08:57:23,734] INFO:fitness.free_loss_fidelity: RL4CO free-loss step 140/200: score=7.825592 (avg=7.800671), loss=0.632140 (avg=0.647384), pairs_step=315840, pairs_total=44236567
[2026-03-01 08:57:30,835] INFO:fitness.free_loss_fidelity: RL4CO free-loss step 160/200: score=7.795108 (avg=7.800040), loss=0.625412 (avg=0.644651), pairs_step=315949, pairs_total=50557642
[2026-03-01 08:57:37,974] INFO:fitness.free_loss_fidelity: RL4CO free-loss step 180/200: score=7.781458 (avg=7.798788), loss=0.595432 (avg=0.641257), pairs_step=315852, pairs_total=56878581
[2026-03-01 08:57:45,096] INFO:fitness.free_loss_fidelity: RL4CO free-loss step 200/200: score=7.806076 (avg=7.797677), loss=0.579669 (avg=0.636091), pairs_step=315904, pairs_total=63201655
[2026-03-01 08:57:46,404] WARNING:fitness.free_loss_fidelity: weights_only checkpoint load failed (UnpicklingError); retrying weights_only=False for /data1/gushengda/eam-rl4co/baseline/epoch_409.ckpt
[2026-03-01 08:57:46,444] INFO:fitness.free_loss_fidelity: Loaded init checkpoint into policy: path=/data1/gushengda/eam-rl4co/baseline/epoch_409.ckpt prefix=policy. matched=97 missing=0 unexpected=0
[2026-03-01 08:57:46,451] INFO:fitness.free_loss_fidelity: RL4CO free-loss (step-mode): f1_steps=200, f2_steps=0, total_steps=200, train_problem_size=100, rollouts=100, batch_size=64, device=cuda:1, env=tsp
[2026-03-01 08:57:46,833] INFO:fitness.free_loss_fidelity: RL4CO free-loss step 1/200: score=7.807477 (avg=7.807477), loss=0.188473 (avg=0.188473), pairs_step=315750, pairs_total=315750
[2026-03-01 08:57:53,833] INFO:fitness.free_loss_fidelity: RL4CO free-loss step 20/200: score=7.782889 (avg=7.808922), loss=0.176915 (avg=0.181062), pairs_step=315940, pairs_total=6319408
[2026-03-01 08:58:00,947] INFO:fitness.free_loss_fidelity: RL4CO free-loss step 40/200: score=7.815631 (avg=7.802684), loss=0.179979 (avg=0.180736), pairs_step=316201, pairs_total=12639070
[2026-03-01 08:58:08,057] INFO:fitness.free_loss_fidelity: RL4CO free-loss step 60/200: score=7.812604 (avg=7.798979), loss=0.186863 (avg=0.181343), pairs_step=315865, pairs_total=18955896
[2026-03-01 08:58:15,152] INFO:fitness.free_loss_fidelity: RL4CO free-loss step 80/200: score=7.796543 (avg=7.797068), loss=0.184568 (avg=0.181881), pairs_step=315966, pairs_total=25276050
[2026-03-01 08:58:22,272] INFO:fitness.free_loss_fidelity: RL4CO free-loss step 100/200: score=7.754907 (avg=7.797648), loss=0.185246 (avg=0.182130), pairs_step=316064, pairs_total=31595218
[2026-03-01 08:58:29,393] INFO:fitness.free_loss_fidelity: RL4CO free-loss step 120/200: score=7.768369 (avg=7.799000), loss=0.172602 (avg=0.181463), pairs_step=315801, pairs_total=37916069
[2026-03-01 08:58:36,500] INFO:fitness.free_loss_fidelity: RL4CO free-loss step 140/200: score=7.823774 (avg=7.799882), loss=0.178202 (avg=0.180810), pairs_step=315572, pairs_total=44234564
[2026-03-01 08:58:43,610] INFO:fitness.free_loss_fidelity: RL4CO free-loss step 160/200: score=7.792314 (avg=7.799050), loss=0.182427 (avg=0.180731), pairs_step=315973, pairs_total=50552183
[2026-03-01 08:58:50,729] INFO:fitness.free_loss_fidelity: RL4CO free-loss step 180/200: score=7.781055 (avg=7.797713), loss=0.179758 (avg=0.180529), pairs_step=315766, pairs_total=56869537
[2026-03-01 08:58:57,798] INFO:fitness.free_loss_fidelity: RL4CO free-loss step 200/200: score=7.809285 (avg=7.796427), loss=0.179432 (avg=0.180413), pairs_step=316165, pairs_total=63187872
