[2026-03-01 17:17:09,699] INFO:fitness.free_loss_fidelity: Stage3 offline mini-train start gen=18 pair_index=0 K=200 seed=12345 valid_sizes=[100] baseline_json=baseline/mini_eval/baseline_minitrain_tsp100_K200.json
[2026-03-01 17:17:16,950] INFO:fitness.free_loss_fidelity: RL4CO free-loss (step-mode): f1_steps=200, f2_steps=0, total_steps=200, train_problem_size=100, rollouts=100, batch_size=64, device=cuda:0, env=tsp
[2026-03-01 17:17:18,351] INFO:fitness.free_loss_fidelity: RL4CO free-loss step 1/200: score=36.122910 (avg=36.122910), loss=0.652579 (avg=0.652579), pairs_step=64, pairs_total=64
[2026-03-01 17:17:24,560] INFO:fitness.free_loss_fidelity: RL4CO free-loss step 20/200: score=10.114087 (avg=12.982375), loss=0.342347 (avg=0.339135), pairs_step=64, pairs_total=1280
[2026-03-01 17:17:31,019] INFO:fitness.free_loss_fidelity: RL4CO free-loss step 40/200: score=9.595541 (avg=11.385663), loss=0.379222 (avg=0.345370), pairs_step=64, pairs_total=2560
[2026-03-01 17:17:37,470] INFO:fitness.free_loss_fidelity: RL4CO free-loss step 60/200: score=9.515210 (avg=10.762017), loss=0.315052 (avg=0.347935), pairs_step=64, pairs_total=3840
[2026-03-01 17:17:43,766] INFO:fitness.free_loss_fidelity: RL4CO free-loss step 80/200: score=9.329819 (avg=10.413285), loss=0.329067 (avg=0.348390), pairs_step=64, pairs_total=5120
[2026-03-01 17:17:50,259] INFO:fitness.free_loss_fidelity: RL4CO free-loss step 100/200: score=9.166576 (avg=10.185959), loss=0.321902 (avg=0.349491), pairs_step=64, pairs_total=6400
[2026-03-01 17:17:56,662] INFO:fitness.free_loss_fidelity: RL4CO free-loss step 120/200: score=9.086272 (avg=10.019426), loss=0.330088 (avg=0.345572), pairs_step=64, pairs_total=7680
[2026-03-01 17:18:03,546] INFO:fitness.free_loss_fidelity: RL4CO free-loss step 140/200: score=9.034096 (avg=9.882974), loss=0.321823 (avg=0.342752), pairs_step=64, pairs_total=8960
[2026-03-01 17:18:10,057] INFO:fitness.free_loss_fidelity: RL4CO free-loss step 160/200: score=8.882655 (avg=9.767695), loss=0.372599 (avg=0.342382), pairs_step=64, pairs_total=10240
[2026-03-01 17:18:17,371] INFO:fitness.free_loss_fidelity: RL4CO free-loss step 180/200: score=8.901510 (avg=9.672878), loss=0.377843 (avg=0.342748), pairs_step=64, pairs_total=11520
[2026-03-01 17:18:24,376] INFO:fitness.free_loss_fidelity: RL4CO free-loss step 200/200: score=8.803438 (avg=9.593018), loss=0.350811 (avg=0.342271), pairs_step=64, pairs_total=12800
[2026-03-01 17:18:25,667] WARNING:fitness.free_loss_fidelity: weights_only checkpoint load failed (UnpicklingError); retrying weights_only=False for /data1/gushengda/eam-rl4co/baseline/epoch_135.ckpt
[2026-03-01 17:18:25,716] INFO:fitness.free_loss_fidelity: Loaded init checkpoint into policy: path=/data1/gushengda/eam-rl4co/baseline/epoch_135.ckpt prefix=policy. matched=97 missing=0 unexpected=0
[2026-03-01 17:18:25,722] INFO:fitness.free_loss_fidelity: RL4CO free-loss (step-mode): f1_steps=200, f2_steps=0, total_steps=200, train_problem_size=100, rollouts=100, batch_size=64, device=cuda:0, env=tsp
[2026-03-01 17:18:26,078] INFO:fitness.free_loss_fidelity: RL4CO free-loss step 1/200: score=7.803347 (avg=7.803347), loss=0.454750 (avg=0.454750), pairs_step=64, pairs_total=64
[2026-03-01 17:18:32,422] INFO:fitness.free_loss_fidelity: RL4CO free-loss step 20/200: score=7.798366 (avg=7.824355), loss=0.564392 (avg=0.524849), pairs_step=64, pairs_total=1280
[2026-03-01 17:18:38,585] INFO:fitness.free_loss_fidelity: RL4CO free-loss step 40/200: score=7.842513 (avg=7.822787), loss=0.578283 (avg=0.554503), pairs_step=64, pairs_total=2560
[2026-03-01 17:18:44,740] INFO:fitness.free_loss_fidelity: RL4CO free-loss step 60/200: score=7.840966 (avg=7.819886), loss=0.581528 (avg=0.566074), pairs_step=64, pairs_total=3840
[2026-03-01 17:18:50,876] INFO:fitness.free_loss_fidelity: RL4CO free-loss step 80/200: score=7.819024 (avg=7.819124), loss=0.583187 (avg=0.569638), pairs_step=64, pairs_total=5120
[2026-03-01 17:18:57,018] INFO:fitness.free_loss_fidelity: RL4CO free-loss step 100/200: score=7.774883 (avg=7.819578), loss=0.618403 (avg=0.575419), pairs_step=64, pairs_total=6400
[2026-03-01 17:19:03,181] INFO:fitness.free_loss_fidelity: RL4CO free-loss step 120/200: score=7.807150 (avg=7.820949), loss=0.598796 (avg=0.578613), pairs_step=64, pairs_total=7680
[2026-03-01 17:19:09,382] INFO:fitness.free_loss_fidelity: RL4CO free-loss step 140/200: score=7.857450 (avg=7.823229), loss=0.594030 (avg=0.580487), pairs_step=64, pairs_total=8960
[2026-03-01 17:19:15,546] INFO:fitness.free_loss_fidelity: RL4CO free-loss step 160/200: score=7.821293 (avg=7.823364), loss=0.611628 (avg=0.581298), pairs_step=64, pairs_total=10240
[2026-03-01 17:19:21,701] INFO:fitness.free_loss_fidelity: RL4CO free-loss step 180/200: score=7.820192 (avg=7.822944), loss=0.606976 (avg=0.581706), pairs_step=64, pairs_total=11520
[2026-03-01 17:19:27,858] INFO:fitness.free_loss_fidelity: RL4CO free-loss step 200/200: score=7.839146 (avg=7.822339), loss=0.595016 (avg=0.583219), pairs_step=64, pairs_total=12800
[2026-03-01 17:19:28,959] WARNING:fitness.free_loss_fidelity: weights_only checkpoint load failed (UnpicklingError); retrying weights_only=False for /data1/gushengda/eam-rl4co/baseline/epoch_409.ckpt
[2026-03-01 17:19:28,996] INFO:fitness.free_loss_fidelity: Loaded init checkpoint into policy: path=/data1/gushengda/eam-rl4co/baseline/epoch_409.ckpt prefix=policy. matched=97 missing=0 unexpected=0
[2026-03-01 17:19:29,001] INFO:fitness.free_loss_fidelity: RL4CO free-loss (step-mode): f1_steps=200, f2_steps=0, total_steps=200, train_problem_size=100, rollouts=100, batch_size=64, device=cuda:0, env=tsp
[2026-03-01 17:19:29,312] INFO:fitness.free_loss_fidelity: RL4CO free-loss step 1/200: score=7.807477 (avg=7.807477), loss=0.000066 (avg=0.000066), pairs_step=64, pairs_total=64
[2026-03-01 17:19:35,163] INFO:fitness.free_loss_fidelity: RL4CO free-loss step 20/200: score=7.784804 (avg=7.811417), loss=0.150909 (avg=0.055764), pairs_step=64, pairs_total=1280
[2026-03-01 17:19:41,581] INFO:fitness.free_loss_fidelity: RL4CO free-loss step 40/200: score=7.831630 (avg=7.810490), loss=0.192320 (avg=0.119710), pairs_step=64, pairs_total=2560
[2026-03-01 17:19:48,062] INFO:fitness.free_loss_fidelity: RL4CO free-loss step 60/200: score=7.828613 (avg=7.808984), loss=0.251542 (avg=0.158440), pairs_step=64, pairs_total=3840
[2026-03-01 17:19:54,503] INFO:fitness.free_loss_fidelity: RL4CO free-loss step 80/200: score=7.816649 (avg=7.809637), loss=0.314959 (avg=0.188699), pairs_step=64, pairs_total=5120
[2026-03-01 17:20:00,673] INFO:fitness.free_loss_fidelity: RL4CO free-loss step 100/200: score=7.782993 (avg=7.811598), loss=0.321283 (avg=0.212506), pairs_step=64, pairs_total=6400
[2026-03-01 17:20:06,837] INFO:fitness.free_loss_fidelity: RL4CO free-loss step 120/200: score=7.791508 (avg=7.813276), loss=0.342766 (avg=0.232296), pairs_step=64, pairs_total=7680
[2026-03-01 17:20:12,997] INFO:fitness.free_loss_fidelity: RL4CO free-loss step 140/200: score=7.847574 (avg=7.814781), loss=0.385068 (avg=0.251011), pairs_step=64, pairs_total=8960
[2026-03-01 17:20:19,349] INFO:fitness.free_loss_fidelity: RL4CO free-loss step 160/200: score=7.809624 (avg=7.814418), loss=0.377499 (avg=0.268950), pairs_step=64, pairs_total=10240
[2026-03-01 17:20:25,548] INFO:fitness.free_loss_fidelity: RL4CO free-loss step 180/200: score=7.805606 (avg=7.813450), loss=0.397944 (avg=0.283681), pairs_step=64, pairs_total=11520
[2026-03-01 17:20:31,756] INFO:fitness.free_loss_fidelity: RL4CO free-loss step 200/200: score=7.828604 (avg=7.812415), loss=0.411643 (avg=0.296290), pairs_step=64, pairs_total=12800
