[2026-03-01 10:02:04,078] INFO:fitness.free_loss_fidelity: Stage3 offline mini-train start gen=4 pair_index=6 K=200 seed=12345 valid_sizes=[100] baseline_json=baseline/mini_eval/baseline_minitrain_tsp100_K200.json
[2026-03-01 10:02:04,103] INFO:fitness.free_loss_fidelity: RL4CO free-loss (step-mode): f1_steps=200, f2_steps=0, total_steps=200, train_problem_size=100, rollouts=100, batch_size=64, device=cuda:0, env=tsp
[2026-03-01 10:02:04,441] INFO:fitness.free_loss_fidelity: RL4CO free-loss step 1/200: score=36.122910 (avg=36.122910), loss=5.675796 (avg=5.675796), pairs_step=316800, pairs_total=316800
[2026-03-01 10:02:10,714] INFO:fitness.free_loss_fidelity: RL4CO free-loss step 20/200: score=19.468639 (avg=17.092395), loss=2.065209 (avg=2.352968), pairs_step=316800, pairs_total=6335997
[2026-03-01 10:02:17,348] INFO:fitness.free_loss_fidelity: RL4CO free-loss step 40/200: score=22.819366 (avg=19.173003), loss=1.507272 (avg=2.086397), pairs_step=316800, pairs_total=12671996
[2026-03-01 10:02:24,007] INFO:fitness.free_loss_fidelity: RL4CO free-loss step 60/200: score=26.232452 (avg=21.098011), loss=1.517632 (avg=1.896036), pairs_step=316800, pairs_total=19007993
[2026-03-01 10:02:30,664] INFO:fitness.free_loss_fidelity: RL4CO free-loss step 80/200: score=27.809982 (avg=22.601144), loss=1.497826 (avg=1.795801), pairs_step=316800, pairs_total=25343991
[2026-03-01 10:02:37,314] INFO:fitness.free_loss_fidelity: RL4CO free-loss step 100/200: score=28.785965 (avg=23.764204), loss=1.417300 (avg=1.730867), pairs_step=316799, pairs_total=31679984
[2026-03-01 10:02:43,967] INFO:fitness.free_loss_fidelity: RL4CO free-loss step 120/200: score=29.506458 (avg=24.664926), loss=1.435421 (avg=1.683955), pairs_step=316800, pairs_total=38015982
[2026-03-01 10:02:50,609] INFO:fitness.free_loss_fidelity: RL4CO free-loss step 140/200: score=30.836025 (avg=25.433496), loss=1.403565 (avg=1.649191), pairs_step=316800, pairs_total=44351975
[2026-03-01 10:02:57,225] INFO:fitness.free_loss_fidelity: RL4CO free-loss step 160/200: score=32.815723 (avg=26.234925), loss=1.445948 (avg=1.626649), pairs_step=316800, pairs_total=50687970
[2026-03-01 10:03:03,826] INFO:fitness.free_loss_fidelity: RL4CO free-loss step 180/200: score=34.046875 (avg=27.040503), loss=1.344852 (avg=1.603016), pairs_step=316800, pairs_total=57023965
[2026-03-01 10:03:10,414] INFO:fitness.free_loss_fidelity: RL4CO free-loss step 200/200: score=35.198631 (avg=27.774191), loss=1.272360 (avg=1.580809), pairs_step=316800, pairs_total=63359963
[2026-03-01 10:03:11,516] WARNING:fitness.free_loss_fidelity: weights_only checkpoint load failed (UnpicklingError); retrying weights_only=False for /data1/gushengda/eam-rl4co/baseline/epoch_135.ckpt
[2026-03-01 10:03:11,553] INFO:fitness.free_loss_fidelity: Loaded init checkpoint into policy: path=/data1/gushengda/eam-rl4co/baseline/epoch_135.ckpt prefix=policy. matched=97 missing=0 unexpected=0
[2026-03-01 10:03:11,559] INFO:fitness.free_loss_fidelity: RL4CO free-loss (step-mode): f1_steps=200, f2_steps=0, total_steps=200, train_problem_size=100, rollouts=100, batch_size=64, device=cuda:0, env=tsp
[2026-03-01 10:03:11,893] INFO:fitness.free_loss_fidelity: RL4CO free-loss step 1/200: score=7.803347 (avg=7.803347), loss=1.308792 (avg=1.308792), pairs_step=315697, pairs_total=315697
[2026-03-01 10:03:18,208] INFO:fitness.free_loss_fidelity: RL4CO free-loss step 20/200: score=7.862008 (avg=7.831506), loss=0.622832 (avg=0.968345), pairs_step=316797, pairs_total=6329314
[2026-03-01 10:03:24,803] INFO:fitness.free_loss_fidelity: RL4CO free-loss step 40/200: score=10.332371 (avg=8.304391), loss=0.696262 (avg=0.811228), pairs_step=316800, pairs_total=12665312
[2026-03-01 10:03:31,392] INFO:fitness.free_loss_fidelity: RL4CO free-loss step 60/200: score=12.227704 (avg=9.265181), loss=0.595774 (avg=0.751873), pairs_step=316800, pairs_total=19001312
[2026-03-01 10:03:38,000] INFO:fitness.free_loss_fidelity: RL4CO free-loss step 80/200: score=19.359070 (avg=10.954503), loss=0.775868 (avg=0.730482), pairs_step=316800, pairs_total=25337312
[2026-03-01 10:03:44,661] INFO:fitness.free_loss_fidelity: RL4CO free-loss step 100/200: score=25.829208 (avg=13.267088), loss=0.738449 (avg=0.729455), pairs_step=316800, pairs_total=31673311
[2026-03-01 10:03:51,293] INFO:fitness.free_loss_fidelity: RL4CO free-loss step 120/200: score=38.578568 (avg=16.364327), loss=0.957489 (avg=0.756994), pairs_step=316800, pairs_total=38009308
[2026-03-01 10:03:57,977] INFO:fitness.free_loss_fidelity: RL4CO free-loss step 140/200: score=44.660263 (avg=20.182356), loss=0.879799 (avg=0.778245), pairs_step=316800, pairs_total=44345305
[2026-03-01 10:04:04,642] INFO:fitness.free_loss_fidelity: RL4CO free-loss step 160/200: score=45.082298 (avg=23.275845), loss=0.708376 (avg=0.772895), pairs_step=316800, pairs_total=50681301
[2026-03-01 10:04:11,277] INFO:fitness.free_loss_fidelity: RL4CO free-loss step 180/200: score=44.013752 (avg=25.669811), loss=0.747846 (avg=0.769079), pairs_step=316800, pairs_total=57017298
[2026-03-01 10:04:17,895] INFO:fitness.free_loss_fidelity: RL4CO free-loss step 200/200: score=45.856010 (avg=27.604127), loss=0.728862 (avg=0.767748), pairs_step=316800, pairs_total=63353296
[2026-03-01 10:04:18,995] WARNING:fitness.free_loss_fidelity: weights_only checkpoint load failed (UnpicklingError); retrying weights_only=False for /data1/gushengda/eam-rl4co/baseline/epoch_409.ckpt
[2026-03-01 10:04:19,031] INFO:fitness.free_loss_fidelity: Loaded init checkpoint into policy: path=/data1/gushengda/eam-rl4co/baseline/epoch_409.ckpt prefix=policy. matched=97 missing=0 unexpected=0
[2026-03-01 10:04:19,037] INFO:fitness.free_loss_fidelity: RL4CO free-loss (step-mode): f1_steps=200, f2_steps=0, total_steps=200, train_problem_size=100, rollouts=100, batch_size=64, device=cuda:0, env=tsp
[2026-03-01 10:04:19,379] INFO:fitness.free_loss_fidelity: RL4CO free-loss step 1/200: score=7.807477 (avg=7.807477), loss=0.326384 (avg=0.326384), pairs_step=315750, pairs_total=315750
[2026-03-01 10:04:25,837] INFO:fitness.free_loss_fidelity: RL4CO free-loss step 20/200: score=7.786169 (avg=7.811212), loss=0.328204 (avg=0.324512), pairs_step=316667, pairs_total=6325760
[2026-03-01 10:04:32,428] INFO:fitness.free_loss_fidelity: RL4CO free-loss step 40/200: score=7.927523 (avg=7.838898), loss=0.582822 (avg=0.552856), pairs_step=316800, pairs_total=12661549
[2026-03-01 10:04:39,006] INFO:fitness.free_loss_fidelity: RL4CO free-loss step 60/200: score=8.293856 (avg=7.899730), loss=0.637908 (avg=0.555256), pairs_step=316800, pairs_total=18997549
[2026-03-01 10:04:45,649] INFO:fitness.free_loss_fidelity: RL4CO free-loss step 80/200: score=8.523365 (avg=8.010384), loss=0.397376 (avg=0.527212), pairs_step=316800, pairs_total=25333545
[2026-03-01 10:04:52,275] INFO:fitness.free_loss_fidelity: RL4CO free-loss step 100/200: score=20.227671 (avg=8.795561), loss=0.203036 (avg=0.511154), pairs_step=316800, pairs_total=31669543
[2026-03-01 10:04:58,894] INFO:fitness.free_loss_fidelity: RL4CO free-loss step 120/200: score=35.474270 (avg=12.593362), loss=0.196626 (avg=0.463573), pairs_step=316799, pairs_total=38005540
[2026-03-01 10:05:05,506] INFO:fitness.free_loss_fidelity: RL4CO free-loss step 140/200: score=38.352535 (avg=16.153698), loss=0.150554 (avg=0.420967), pairs_step=316800, pairs_total=44341536
[2026-03-01 10:05:12,116] INFO:fitness.free_loss_fidelity: RL4CO free-loss step 160/200: score=38.260452 (avg=18.942204), loss=0.134748 (avg=0.386070), pairs_step=316800, pairs_total=50677528
[2026-03-01 10:05:18,704] INFO:fitness.free_loss_fidelity: RL4CO free-loss step 180/200: score=38.051834 (avg=21.079003), loss=0.128285 (avg=0.357786), pairs_step=316800, pairs_total=57013523
[2026-03-01 10:05:25,326] INFO:fitness.free_loss_fidelity: RL4CO free-loss step 200/200: score=38.009377 (avg=22.761163), loss=0.123796 (avg=0.334440), pairs_step=316800, pairs_total=63349520
