[2026-03-01 17:17:09,832] INFO:fitness.free_loss_fidelity: Stage3 offline mini-train start gen=18 pair_index=1 K=200 seed=12345 valid_sizes=[100] baseline_json=baseline/mini_eval/baseline_minitrain_tsp100_K200.json
[2026-03-01 17:17:16,891] INFO:fitness.free_loss_fidelity: RL4CO free-loss (step-mode): f1_steps=200, f2_steps=0, total_steps=200, train_problem_size=100, rollouts=100, batch_size=64, device=cuda:3, env=tsp
[2026-03-01 17:17:18,276] INFO:fitness.free_loss_fidelity: RL4CO free-loss step 1/200: score=36.122910 (avg=36.122910), loss=0.748179 (avg=0.748179), pairs_step=159213, pairs_total=159213
[2026-03-01 17:17:25,288] INFO:fitness.free_loss_fidelity: RL4CO free-loss step 20/200: score=9.866941 (avg=12.644622), loss=0.549205 (avg=0.562310), pairs_step=159888, pairs_total=3167955
[2026-03-01 17:17:32,639] INFO:fitness.free_loss_fidelity: RL4CO free-loss step 40/200: score=9.358006 (avg=11.058632), loss=0.572340 (avg=0.561941), pairs_step=158952, pairs_total=6331606
[2026-03-01 17:17:39,978] INFO:fitness.free_loss_fidelity: RL4CO free-loss step 60/200: score=9.143438 (avg=10.439774), loss=0.550935 (avg=0.560730), pairs_step=158289, pairs_total=9503997
[2026-03-01 17:17:47,056] INFO:fitness.free_loss_fidelity: RL4CO free-loss step 80/200: score=8.937376 (avg=10.090875), loss=0.541572 (avg=0.555705), pairs_step=157958, pairs_total=12670352
[2026-03-01 17:17:53,649] INFO:fitness.free_loss_fidelity: RL4CO free-loss step 100/200: score=8.827059 (avg=9.855397), loss=0.526885 (avg=0.551837), pairs_step=156956, pairs_total=15850875
[2026-03-01 17:18:00,234] INFO:fitness.free_loss_fidelity: RL4CO free-loss step 120/200: score=8.769155 (avg=9.687617), loss=0.553611 (avg=0.550025), pairs_step=160182, pairs_total=19019772
[2026-03-01 17:18:06,809] INFO:fitness.free_loss_fidelity: RL4CO free-loss step 140/200: score=8.758194 (avg=9.553897), loss=0.547938 (avg=0.549892), pairs_step=159814, pairs_total=22188930
[2026-03-01 17:18:13,427] INFO:fitness.free_loss_fidelity: RL4CO free-loss step 160/200: score=8.618448 (avg=9.440848), loss=0.562541 (avg=0.550860), pairs_step=157936, pairs_total=25352647
[2026-03-01 17:18:20,015] INFO:fitness.free_loss_fidelity: RL4CO free-loss step 180/200: score=8.613630 (avg=9.347417), loss=0.559692 (avg=0.551736), pairs_step=158050, pairs_total=28509657
[2026-03-01 17:18:26,583] INFO:fitness.free_loss_fidelity: RL4CO free-loss step 200/200: score=8.605261 (avg=9.269439), loss=0.569939 (avg=0.553152), pairs_step=158704, pairs_total=31674967
[2026-03-01 17:18:27,692] WARNING:fitness.free_loss_fidelity: weights_only checkpoint load failed (UnpicklingError); retrying weights_only=False for /data1/gushengda/eam-rl4co/baseline/epoch_135.ckpt
[2026-03-01 17:18:27,735] INFO:fitness.free_loss_fidelity: Loaded init checkpoint into policy: path=/data1/gushengda/eam-rl4co/baseline/epoch_135.ckpt prefix=policy. matched=97 missing=0 unexpected=0
[2026-03-01 17:18:27,740] INFO:fitness.free_loss_fidelity: RL4CO free-loss (step-mode): f1_steps=200, f2_steps=0, total_steps=200, train_problem_size=100, rollouts=100, batch_size=64, device=cuda:3, env=tsp
[2026-03-01 17:18:28,125] INFO:fitness.free_loss_fidelity: RL4CO free-loss step 1/200: score=7.803347 (avg=7.803347), loss=0.663759 (avg=0.663759), pairs_step=157875, pairs_total=157875
[2026-03-01 17:18:34,400] INFO:fitness.free_loss_fidelity: RL4CO free-loss step 20/200: score=7.782100 (avg=7.810050), loss=0.664870 (avg=0.663407), pairs_step=158883, pairs_total=3158708
[2026-03-01 17:18:41,006] INFO:fitness.free_loss_fidelity: RL4CO free-loss step 40/200: score=7.823360 (avg=7.803850), loss=0.663912 (avg=0.663805), pairs_step=157537, pairs_total=6311503
[2026-03-01 17:18:47,598] INFO:fitness.free_loss_fidelity: RL4CO free-loss step 60/200: score=7.815583 (avg=7.800854), loss=0.667262 (avg=0.664376), pairs_step=159962, pairs_total=9467721
[2026-03-01 17:18:54,209] INFO:fitness.free_loss_fidelity: RL4CO free-loss step 80/200: score=7.802623 (avg=7.799493), loss=0.664242 (avg=0.664469), pairs_step=157827, pairs_total=12624428
[2026-03-01 17:19:00,826] INFO:fitness.free_loss_fidelity: RL4CO free-loss step 100/200: score=7.753923 (avg=7.800261), loss=0.669817 (avg=0.664665), pairs_step=158673, pairs_total=15774595
[2026-03-01 17:19:07,450] INFO:fitness.free_loss_fidelity: RL4CO free-loss step 120/200: score=7.772449 (avg=7.801641), loss=0.663257 (avg=0.664717), pairs_step=156599, pairs_total=18923526
[2026-03-01 17:19:14,050] INFO:fitness.free_loss_fidelity: RL4CO free-loss step 140/200: score=7.833035 (avg=7.802676), loss=0.665167 (avg=0.664727), pairs_step=154531, pairs_total=22071359
[2026-03-01 17:19:20,650] INFO:fitness.free_loss_fidelity: RL4CO free-loss step 160/200: score=7.799753 (avg=7.802102), loss=0.664317 (avg=0.664726), pairs_step=157005, pairs_total=25229094
[2026-03-01 17:19:27,236] INFO:fitness.free_loss_fidelity: RL4CO free-loss step 180/200: score=7.790331 (avg=7.800949), loss=0.661150 (avg=0.664794), pairs_step=157597, pairs_total=28378839
[2026-03-01 17:19:33,845] INFO:fitness.free_loss_fidelity: RL4CO free-loss step 200/200: score=7.816543 (avg=7.799958), loss=0.662994 (avg=0.664869), pairs_step=157311, pairs_total=31538684
[2026-03-01 17:19:34,955] WARNING:fitness.free_loss_fidelity: weights_only checkpoint load failed (UnpicklingError); retrying weights_only=False for /data1/gushengda/eam-rl4co/baseline/epoch_409.ckpt
[2026-03-01 17:19:34,994] INFO:fitness.free_loss_fidelity: Loaded init checkpoint into policy: path=/data1/gushengda/eam-rl4co/baseline/epoch_409.ckpt prefix=policy. matched=97 missing=0 unexpected=0
[2026-03-01 17:19:34,999] INFO:fitness.free_loss_fidelity: RL4CO free-loss (step-mode): f1_steps=200, f2_steps=0, total_steps=200, train_problem_size=100, rollouts=100, batch_size=64, device=cuda:3, env=tsp
[2026-03-01 17:19:35,336] INFO:fitness.free_loss_fidelity: RL4CO free-loss step 1/200: score=7.807477 (avg=7.807477), loss=0.107652 (avg=0.107652), pairs_step=158679, pairs_total=158679
[2026-03-01 17:19:41,586] INFO:fitness.free_loss_fidelity: RL4CO free-loss step 20/200: score=7.782416 (avg=7.808759), loss=0.099170 (avg=0.101753), pairs_step=160040, pairs_total=3169820
[2026-03-01 17:19:48,194] INFO:fitness.free_loss_fidelity: RL4CO free-loss step 40/200: score=7.811011 (avg=7.802728), loss=0.107530 (avg=0.103360), pairs_step=158194, pairs_total=6322375
[2026-03-01 17:19:55,009] INFO:fitness.free_loss_fidelity: RL4CO free-loss step 60/200: score=7.811792 (avg=7.799066), loss=0.103409 (avg=0.103149), pairs_step=156543, pairs_total=9478036
[2026-03-01 17:20:01,599] INFO:fitness.free_loss_fidelity: RL4CO free-loss step 80/200: score=7.801247 (avg=7.797918), loss=0.101588 (avg=0.102466), pairs_step=159009, pairs_total=12635382
[2026-03-01 17:20:08,223] INFO:fitness.free_loss_fidelity: RL4CO free-loss step 100/200: score=7.755882 (avg=7.798732), loss=0.102614 (avg=0.102059), pairs_step=161060, pairs_total=15794920
[2026-03-01 17:20:14,833] INFO:fitness.free_loss_fidelity: RL4CO free-loss step 120/200: score=7.774269 (avg=7.799961), loss=0.099967 (avg=0.102196), pairs_step=155270, pairs_total=18950098
[2026-03-01 17:20:21,476] INFO:fitness.free_loss_fidelity: RL4CO free-loss step 140/200: score=7.827049 (avg=7.801017), loss=0.104769 (avg=0.101856), pairs_step=156368, pairs_total=22114107
[2026-03-01 17:20:27,877] INFO:fitness.free_loss_fidelity: RL4CO free-loss step 160/200: score=7.798505 (avg=7.800564), loss=0.100418 (avg=0.101795), pairs_step=159796, pairs_total=25270354
[2026-03-01 17:20:34,129] INFO:fitness.free_loss_fidelity: RL4CO free-loss step 180/200: score=7.787549 (avg=7.799505), loss=0.095351 (avg=0.101210), pairs_step=157077, pairs_total=28432189
[2026-03-01 17:20:40,384] INFO:fitness.free_loss_fidelity: RL4CO free-loss step 200/200: score=7.816367 (avg=7.798313), loss=0.099452 (avg=0.100963), pairs_step=156742, pairs_total=31587818
