[2026-03-01 12:09:24,517] INFO:fitness.free_loss_fidelity: Stage3 offline mini-train start gen=9 pair_index=21 K=200 seed=12345 valid_sizes=[100] baseline_json=baseline/mini_eval/baseline_minitrain_tsp100_K200.json
[2026-03-01 12:09:24,537] INFO:fitness.free_loss_fidelity: RL4CO free-loss (step-mode): f1_steps=200, f2_steps=0, total_steps=200, train_problem_size=100, rollouts=100, batch_size=64, device=cuda:2, env=tsp
[2026-03-01 12:09:24,851] INFO:fitness.free_loss_fidelity: RL4CO free-loss step 1/200: score=36.122910 (avg=36.122910), loss=0.968091 (avg=0.968091), pairs_step=316800, pairs_total=316800
[2026-03-01 12:09:30,811] INFO:fitness.free_loss_fidelity: RL4CO free-loss step 20/200: score=10.021425 (avg=12.587747), loss=0.679291 (avg=0.712962), pairs_step=316799, pairs_total=6335996
[2026-03-01 12:09:37,103] INFO:fitness.free_loss_fidelity: RL4CO free-loss step 40/200: score=9.358698 (avg=11.054602), loss=0.704310 (avg=0.711000), pairs_step=316800, pairs_total=12671993
[2026-03-01 12:09:43,377] INFO:fitness.free_loss_fidelity: RL4CO free-loss step 60/200: score=9.180451 (avg=10.436965), loss=0.685808 (avg=0.707440), pairs_step=316800, pairs_total=19007989
[2026-03-01 12:09:49,675] INFO:fitness.free_loss_fidelity: RL4CO free-loss step 80/200: score=8.912625 (avg=10.083316), loss=0.672677 (avg=0.699805), pairs_step=316799, pairs_total=25343977
[2026-03-01 12:09:55,949] INFO:fitness.free_loss_fidelity: RL4CO free-loss step 100/200: score=8.832012 (avg=9.847761), loss=0.670740 (avg=0.694644), pairs_step=316799, pairs_total=31679973
[2026-03-01 12:10:02,232] INFO:fitness.free_loss_fidelity: RL4CO free-loss step 120/200: score=8.707256 (avg=9.677951), loss=0.689825 (avg=0.692287), pairs_step=316800, pairs_total=38015967
[2026-03-01 12:10:08,512] INFO:fitness.free_loss_fidelity: RL4CO free-loss step 140/200: score=8.730316 (avg=9.542909), loss=0.682176 (avg=0.691909), pairs_step=316800, pairs_total=44351961
[2026-03-01 12:10:14,782] INFO:fitness.free_loss_fidelity: RL4CO free-loss step 160/200: score=8.581255 (avg=9.429926), loss=0.700712 (avg=0.693225), pairs_step=316800, pairs_total=50687953
[2026-03-01 12:10:21,071] INFO:fitness.free_loss_fidelity: RL4CO free-loss step 180/200: score=8.517252 (avg=9.333223), loss=0.714825 (avg=0.695228), pairs_step=316799, pairs_total=57023948
[2026-03-01 12:10:27,343] INFO:fitness.free_loss_fidelity: RL4CO free-loss step 200/200: score=8.501390 (avg=9.249990), loss=0.724279 (avg=0.697313), pairs_step=316799, pairs_total=63359942
[2026-03-01 12:10:28,456] WARNING:fitness.free_loss_fidelity: weights_only checkpoint load failed (UnpicklingError); retrying weights_only=False for /data1/gushengda/eam-rl4co/baseline/epoch_135.ckpt
[2026-03-01 12:10:28,492] INFO:fitness.free_loss_fidelity: Loaded init checkpoint into policy: path=/data1/gushengda/eam-rl4co/baseline/epoch_135.ckpt prefix=policy. matched=97 missing=0 unexpected=0
[2026-03-01 12:10:28,497] INFO:fitness.free_loss_fidelity: RL4CO free-loss (step-mode): f1_steps=200, f2_steps=0, total_steps=200, train_problem_size=100, rollouts=100, batch_size=64, device=cuda:2, env=tsp
[2026-03-01 12:10:28,816] INFO:fitness.free_loss_fidelity: RL4CO free-loss step 1/200: score=7.803347 (avg=7.803347), loss=0.864579 (avg=0.864579), pairs_step=315697, pairs_total=315697
[2026-03-01 12:10:34,763] INFO:fitness.free_loss_fidelity: RL4CO free-loss step 20/200: score=7.773750 (avg=7.807456), loss=0.865181 (avg=0.864172), pairs_step=315435, pairs_total=6315096
[2026-03-01 12:10:41,044] INFO:fitness.free_loss_fidelity: RL4CO free-loss step 40/200: score=7.814878 (avg=7.802243), loss=0.869376 (avg=0.865935), pairs_step=315610, pairs_total=12629302
[2026-03-01 12:10:47,312] INFO:fitness.free_loss_fidelity: RL4CO free-loss step 60/200: score=7.814736 (avg=7.799078), loss=0.870257 (avg=0.867001), pairs_step=315287, pairs_total=18940444
[2026-03-01 12:10:53,564] INFO:fitness.free_loss_fidelity: RL4CO free-loss step 80/200: score=7.801973 (avg=7.797851), loss=0.869714 (avg=0.867339), pairs_step=315736, pairs_total=25253166
[2026-03-01 12:10:59,832] INFO:fitness.free_loss_fidelity: RL4CO free-loss step 100/200: score=7.762292 (avg=7.799025), loss=0.871039 (avg=0.867678), pairs_step=315354, pairs_total=31564094
[2026-03-01 12:11:06,084] INFO:fitness.free_loss_fidelity: RL4CO free-loss step 120/200: score=7.773303 (avg=7.800267), loss=0.863002 (avg=0.867728), pairs_step=315648, pairs_total=37874413
[2026-03-01 12:11:12,345] INFO:fitness.free_loss_fidelity: RL4CO free-loss step 140/200: score=7.832380 (avg=7.801459), loss=0.870687 (avg=0.867961), pairs_step=315155, pairs_total=44185128
[2026-03-01 12:11:18,763] INFO:fitness.free_loss_fidelity: RL4CO free-loss step 160/200: score=7.796956 (avg=7.800902), loss=0.867339 (avg=0.868127), pairs_step=315090, pairs_total=50494756
[2026-03-01 12:11:25,268] INFO:fitness.free_loss_fidelity: RL4CO free-loss step 180/200: score=7.787377 (avg=7.799921), loss=0.869824 (avg=0.868435), pairs_step=315213, pairs_total=56803345
[2026-03-01 12:11:31,789] INFO:fitness.free_loss_fidelity: RL4CO free-loss step 200/200: score=7.810775 (avg=7.798842), loss=0.865886 (avg=0.868480), pairs_step=315574, pairs_total=63113224
[2026-03-01 12:11:32,918] WARNING:fitness.free_loss_fidelity: weights_only checkpoint load failed (UnpicklingError); retrying weights_only=False for /data1/gushengda/eam-rl4co/baseline/epoch_409.ckpt
[2026-03-01 12:11:32,963] INFO:fitness.free_loss_fidelity: Loaded init checkpoint into policy: path=/data1/gushengda/eam-rl4co/baseline/epoch_409.ckpt prefix=policy. matched=97 missing=0 unexpected=0
[2026-03-01 12:11:32,967] INFO:fitness.free_loss_fidelity: RL4CO free-loss (step-mode): f1_steps=200, f2_steps=0, total_steps=200, train_problem_size=100, rollouts=100, batch_size=64, device=cuda:2, env=tsp
[2026-03-01 12:11:33,300] INFO:fitness.free_loss_fidelity: RL4CO free-loss step 1/200: score=7.807477 (avg=7.807477), loss=0.092905 (avg=0.092905), pairs_step=315750, pairs_total=315750
[2026-03-01 12:11:39,494] INFO:fitness.free_loss_fidelity: RL4CO free-loss step 20/200: score=7.776612 (avg=7.810707), loss=0.080089 (avg=0.083819), pairs_step=316058, pairs_total=6320578
[2026-03-01 12:11:45,952] INFO:fitness.free_loss_fidelity: RL4CO free-loss step 40/200: score=7.816890 (avg=7.804718), loss=0.086054 (avg=0.083528), pairs_step=316005, pairs_total=12638143
[2026-03-01 12:11:52,882] INFO:fitness.free_loss_fidelity: RL4CO free-loss step 60/200: score=7.812657 (avg=7.800133), loss=0.087063 (avg=0.084574), pairs_step=315689, pairs_total=18954200
[2026-03-01 12:12:00,021] INFO:fitness.free_loss_fidelity: RL4CO free-loss step 80/200: score=7.795974 (avg=7.798112), loss=0.089855 (avg=0.085116), pairs_step=315604, pairs_total=25270248
[2026-03-01 12:12:07,167] INFO:fitness.free_loss_fidelity: RL4CO free-loss step 100/200: score=7.754232 (avg=7.798309), loss=0.089712 (avg=0.085248), pairs_step=315939, pairs_total=31587108
[2026-03-01 12:12:14,311] INFO:fitness.free_loss_fidelity: RL4CO free-loss step 120/200: score=7.774064 (avg=7.799891), loss=0.084908 (avg=0.085788), pairs_step=315509, pairs_total=37903369
[2026-03-01 12:12:21,437] INFO:fitness.free_loss_fidelity: RL4CO free-loss step 140/200: score=7.822211 (avg=7.800779), loss=0.080932 (avg=0.085295), pairs_step=315831, pairs_total=44219845
[2026-03-01 12:12:28,584] INFO:fitness.free_loss_fidelity: RL4CO free-loss step 160/200: score=7.789306 (avg=7.799932), loss=0.078227 (avg=0.084372), pairs_step=316040, pairs_total=50538326
[2026-03-01 12:12:35,697] INFO:fitness.free_loss_fidelity: RL4CO free-loss step 180/200: score=7.784885 (avg=7.798714), loss=0.080923 (avg=0.083856), pairs_step=315348, pairs_total=56854290
[2026-03-01 12:12:42,970] INFO:fitness.free_loss_fidelity: RL4CO free-loss step 200/200: score=7.811195 (avg=7.797279), loss=0.076536 (avg=0.083380), pairs_step=315616, pairs_total=63171776
