[2026-03-01 10:24:45,910] INFO:fitness.free_loss_fidelity: Stage3 offline mini-train start gen=5 pair_index=7 K=200 seed=12345 valid_sizes=[100] baseline_json=baseline/mini_eval/baseline_minitrain_tsp100_K200.json
[2026-03-01 10:24:45,935] INFO:fitness.free_loss_fidelity: RL4CO free-loss (step-mode): f1_steps=200, f2_steps=0, total_steps=200, train_problem_size=100, rollouts=100, batch_size=64, device=cuda:2, env=tsp
[2026-03-01 10:24:46,248] INFO:fitness.free_loss_fidelity: RL4CO free-loss step 1/200: score=36.122910 (avg=36.122910), loss=0.744344 (avg=0.744344), pairs_step=316800, pairs_total=316800
[2026-03-01 10:24:52,207] INFO:fitness.free_loss_fidelity: RL4CO free-loss step 20/200: score=9.940159 (avg=12.647298), loss=0.553535 (avg=0.564440), pairs_step=316800, pairs_total=6335998
[2026-03-01 10:24:58,467] INFO:fitness.free_loss_fidelity: RL4CO free-loss step 40/200: score=9.426182 (avg=11.072564), loss=0.564338 (avg=0.564713), pairs_step=316800, pairs_total=12671990
[2026-03-01 10:25:04,740] INFO:fitness.free_loss_fidelity: RL4CO free-loss step 60/200: score=9.181208 (avg=10.453163), loss=0.545608 (avg=0.562748), pairs_step=316800, pairs_total=19007988
[2026-03-01 10:25:10,995] INFO:fitness.free_loss_fidelity: RL4CO free-loss step 80/200: score=8.977724 (avg=10.099850), loss=0.551203 (avg=0.558002), pairs_step=316799, pairs_total=25343983
[2026-03-01 10:25:17,254] INFO:fitness.free_loss_fidelity: RL4CO free-loss step 100/200: score=8.815516 (avg=9.858941), loss=0.544262 (avg=0.555651), pairs_step=316800, pairs_total=31679978
[2026-03-01 10:25:23,534] INFO:fitness.free_loss_fidelity: RL4CO free-loss step 120/200: score=8.731585 (avg=9.685634), loss=0.555985 (avg=0.554146), pairs_step=316800, pairs_total=38015973
[2026-03-01 10:25:29,791] INFO:fitness.free_loss_fidelity: RL4CO free-loss step 140/200: score=8.691357 (avg=9.547938), loss=0.550574 (avg=0.553742), pairs_step=316798, pairs_total=44351968
[2026-03-01 10:25:36,060] INFO:fitness.free_loss_fidelity: RL4CO free-loss step 160/200: score=8.602791 (avg=9.433245), loss=0.559209 (avg=0.554597), pairs_step=316800, pairs_total=50687964
[2026-03-01 10:25:42,328] INFO:fitness.free_loss_fidelity: RL4CO free-loss step 180/200: score=8.537611 (avg=9.336737), loss=0.564274 (avg=0.555637), pairs_step=316800, pairs_total=57023954
[2026-03-01 10:25:48,585] INFO:fitness.free_loss_fidelity: RL4CO free-loss step 200/200: score=8.510896 (avg=9.253631), loss=0.570785 (avg=0.557228), pairs_step=316800, pairs_total=63359945
[2026-03-01 10:25:49,698] WARNING:fitness.free_loss_fidelity: weights_only checkpoint load failed (UnpicklingError); retrying weights_only=False for /data1/gushengda/eam-rl4co/baseline/epoch_135.ckpt
[2026-03-01 10:25:49,735] INFO:fitness.free_loss_fidelity: Loaded init checkpoint into policy: path=/data1/gushengda/eam-rl4co/baseline/epoch_135.ckpt prefix=policy. matched=97 missing=0 unexpected=0
[2026-03-01 10:25:49,740] INFO:fitness.free_loss_fidelity: RL4CO free-loss (step-mode): f1_steps=200, f2_steps=0, total_steps=200, train_problem_size=100, rollouts=100, batch_size=64, device=cuda:2, env=tsp
[2026-03-01 10:25:50,057] INFO:fitness.free_loss_fidelity: RL4CO free-loss step 1/200: score=7.803347 (avg=7.803347), loss=0.664683 (avg=0.664683), pairs_step=315697, pairs_total=315697
[2026-03-01 10:25:55,995] INFO:fitness.free_loss_fidelity: RL4CO free-loss step 20/200: score=7.781637 (avg=7.809714), loss=0.663772 (avg=0.664504), pairs_step=315688, pairs_total=6316153
[2026-03-01 10:26:02,263] INFO:fitness.free_loss_fidelity: RL4CO free-loss step 40/200: score=7.817475 (avg=7.802996), loss=0.665118 (avg=0.664686), pairs_step=315937, pairs_total=12631293
[2026-03-01 10:26:08,524] INFO:fitness.free_loss_fidelity: RL4CO free-loss step 60/200: score=7.814466 (avg=7.799390), loss=0.666975 (avg=0.665061), pairs_step=315062, pairs_total=18942700
[2026-03-01 10:26:14,772] INFO:fitness.free_loss_fidelity: RL4CO free-loss step 80/200: score=7.792573 (avg=7.797869), loss=0.661095 (avg=0.664754), pairs_step=315657, pairs_total=25256723
[2026-03-01 10:26:21,045] INFO:fitness.free_loss_fidelity: RL4CO free-loss step 100/200: score=7.757864 (avg=7.798710), loss=0.669230 (avg=0.665035), pairs_step=315796, pairs_total=31571078
[2026-03-01 10:26:27,306] INFO:fitness.free_loss_fidelity: RL4CO free-loss step 120/200: score=7.771035 (avg=7.800249), loss=0.663342 (avg=0.664961), pairs_step=315665, pairs_total=37884240
[2026-03-01 10:26:33,556] INFO:fitness.free_loss_fidelity: RL4CO free-loss step 140/200: score=7.827243 (avg=7.801334), loss=0.663674 (avg=0.665107), pairs_step=315533, pairs_total=44194363
[2026-03-01 10:26:39,825] INFO:fitness.free_loss_fidelity: RL4CO free-loss step 160/200: score=7.800237 (avg=7.800620), loss=0.667925 (avg=0.665186), pairs_step=315290, pairs_total=50505227
[2026-03-01 10:26:46,075] INFO:fitness.free_loss_fidelity: RL4CO free-loss step 180/200: score=7.785388 (avg=7.799641), loss=0.666270 (avg=0.665315), pairs_step=315548, pairs_total=56814829
[2026-03-01 10:26:52,335] INFO:fitness.free_loss_fidelity: RL4CO free-loss step 200/200: score=7.811708 (avg=7.798584), loss=0.665919 (avg=0.665387), pairs_step=315561, pairs_total=63126109
[2026-03-01 10:26:53,448] WARNING:fitness.free_loss_fidelity: weights_only checkpoint load failed (UnpicklingError); retrying weights_only=False for /data1/gushengda/eam-rl4co/baseline/epoch_409.ckpt
[2026-03-01 10:26:53,484] INFO:fitness.free_loss_fidelity: Loaded init checkpoint into policy: path=/data1/gushengda/eam-rl4co/baseline/epoch_409.ckpt prefix=policy. matched=97 missing=0 unexpected=0
[2026-03-01 10:26:53,490] INFO:fitness.free_loss_fidelity: RL4CO free-loss (step-mode): f1_steps=200, f2_steps=0, total_steps=200, train_problem_size=100, rollouts=100, batch_size=64, device=cuda:2, env=tsp
[2026-03-01 10:26:53,806] INFO:fitness.free_loss_fidelity: RL4CO free-loss step 1/200: score=7.807477 (avg=7.807477), loss=0.108407 (avg=0.108407), pairs_step=315750, pairs_total=315750
[2026-03-01 10:26:59,929] INFO:fitness.free_loss_fidelity: RL4CO free-loss step 20/200: score=7.783489 (avg=7.808777), loss=0.106871 (avg=0.103723), pairs_step=315983, pairs_total=6318268
[2026-03-01 10:27:06,186] INFO:fitness.free_loss_fidelity: RL4CO free-loss step 40/200: score=7.819786 (avg=7.802653), loss=0.100583 (avg=0.104185), pairs_step=316151, pairs_total=12635102
[2026-03-01 10:27:12,457] INFO:fitness.free_loss_fidelity: RL4CO free-loss step 60/200: score=7.809446 (avg=7.799373), loss=0.097981 (avg=0.102020), pairs_step=315634, pairs_total=18949501
[2026-03-01 10:27:18,704] INFO:fitness.free_loss_fidelity: RL4CO free-loss step 80/200: score=7.793938 (avg=7.797604), loss=0.100321 (avg=0.101089), pairs_step=315940, pairs_total=25265732
[2026-03-01 10:27:24,939] INFO:fitness.free_loss_fidelity: RL4CO free-loss step 100/200: score=7.751138 (avg=7.797608), loss=0.102646 (avg=0.100626), pairs_step=315385, pairs_total=31582245
[2026-03-01 10:27:31,193] INFO:fitness.free_loss_fidelity: RL4CO free-loss step 120/200: score=7.770239 (avg=7.798944), loss=0.096214 (avg=0.100560), pairs_step=315584, pairs_total=37897214
[2026-03-01 10:27:37,455] INFO:fitness.free_loss_fidelity: RL4CO free-loss step 140/200: score=7.820715 (avg=7.800122), loss=0.095832 (avg=0.099928), pairs_step=315740, pairs_total=44210929
[2026-03-01 10:27:43,718] INFO:fitness.free_loss_fidelity: RL4CO free-loss step 160/200: score=7.792545 (avg=7.799243), loss=0.093693 (avg=0.099156), pairs_step=315860, pairs_total=50524430
[2026-03-01 10:27:49,981] INFO:fitness.free_loss_fidelity: RL4CO free-loss step 180/200: score=7.777628 (avg=7.798061), loss=0.101619 (avg=0.098928), pairs_step=315083, pairs_total=56835431
[2026-03-01 10:27:56,249] INFO:fitness.free_loss_fidelity: RL4CO free-loss step 200/200: score=7.809882 (avg=7.796712), loss=0.098215 (avg=0.099072), pairs_step=315513, pairs_total=63145904
