[2026-03-01 11:06:25,376] INFO:fitness.free_loss_fidelity: Stage3 offline mini-train start gen=7 pair_index=2 K=200 seed=12345 valid_sizes=[100] baseline_json=baseline/mini_eval/baseline_minitrain_tsp100_K200.json
[2026-03-01 11:06:32,823] INFO:fitness.free_loss_fidelity: RL4CO free-loss (step-mode): f1_steps=200, f2_steps=0, total_steps=200, train_problem_size=100, rollouts=100, batch_size=64, device=cuda:3, env=tsp
[2026-03-01 11:06:34,296] INFO:fitness.free_loss_fidelity: RL4CO free-loss step 1/200: score=36.122910 (avg=36.122910), loss=0.970598 (avg=0.970598), pairs_step=316800, pairs_total=316800
[2026-03-01 11:06:40,586] INFO:fitness.free_loss_fidelity: RL4CO free-loss step 20/200: score=9.970375 (avg=12.643042), loss=0.800027 (avg=0.811262), pairs_step=316800, pairs_total=6335996
[2026-03-01 11:06:47,001] INFO:fitness.free_loss_fidelity: RL4CO free-loss step 40/200: score=9.353539 (avg=11.071141), loss=0.806307 (avg=0.808775), pairs_step=316800, pairs_total=12671991
[2026-03-01 11:06:53,421] INFO:fitness.free_loss_fidelity: RL4CO free-loss step 60/200: score=9.156053 (avg=10.454775), loss=0.797294 (avg=0.806758), pairs_step=316800, pairs_total=19007984
[2026-03-01 11:06:59,826] INFO:fitness.free_loss_fidelity: RL4CO free-loss step 80/200: score=8.937901 (avg=10.097151), loss=0.779480 (avg=0.801595), pairs_step=316799, pairs_total=25343975
[2026-03-01 11:07:06,209] INFO:fitness.free_loss_fidelity: RL4CO free-loss step 100/200: score=8.796786 (avg=9.856847), loss=0.779320 (avg=0.797542), pairs_step=316799, pairs_total=31679970
[2026-03-01 11:07:12,608] INFO:fitness.free_loss_fidelity: RL4CO free-loss step 120/200: score=8.693939 (avg=9.681460), loss=0.784399 (avg=0.795116), pairs_step=316800, pairs_total=38015964
[2026-03-01 11:07:19,002] INFO:fitness.free_loss_fidelity: RL4CO free-loss step 140/200: score=8.695196 (avg=9.542714), loss=0.796164 (avg=0.794716), pairs_step=316800, pairs_total=44351959
[2026-03-01 11:07:25,409] INFO:fitness.free_loss_fidelity: RL4CO free-loss step 160/200: score=8.572268 (avg=9.426598), loss=0.800507 (avg=0.795393), pairs_step=316800, pairs_total=50687956
[2026-03-01 11:07:31,786] INFO:fitness.free_loss_fidelity: RL4CO free-loss step 180/200: score=8.535746 (avg=9.327389), loss=0.806336 (avg=0.796430), pairs_step=316800, pairs_total=57023943
[2026-03-01 11:07:38,180] INFO:fitness.free_loss_fidelity: RL4CO free-loss step 200/200: score=8.550985 (avg=9.246805), loss=0.803053 (avg=0.797435), pairs_step=316800, pairs_total=63359941
[2026-03-01 11:07:39,280] WARNING:fitness.free_loss_fidelity: weights_only checkpoint load failed (UnpicklingError); retrying weights_only=False for /data1/gushengda/eam-rl4co/baseline/epoch_135.ckpt
[2026-03-01 11:07:39,323] INFO:fitness.free_loss_fidelity: Loaded init checkpoint into policy: path=/data1/gushengda/eam-rl4co/baseline/epoch_135.ckpt prefix=policy. matched=97 missing=0 unexpected=0
[2026-03-01 11:07:39,328] INFO:fitness.free_loss_fidelity: RL4CO free-loss (step-mode): f1_steps=200, f2_steps=0, total_steps=200, train_problem_size=100, rollouts=100, batch_size=64, device=cuda:3, env=tsp
[2026-03-01 11:07:39,655] INFO:fitness.free_loss_fidelity: RL4CO free-loss step 1/200: score=7.803347 (avg=7.803347), loss=0.862089 (avg=0.862089), pairs_step=315697, pairs_total=315697
[2026-03-01 11:07:45,768] INFO:fitness.free_loss_fidelity: RL4CO free-loss step 20/200: score=7.781023 (avg=7.809928), loss=0.869964 (avg=0.865439), pairs_step=315893, pairs_total=6316056
[2026-03-01 11:07:52,190] INFO:fitness.free_loss_fidelity: RL4CO free-loss step 40/200: score=7.817364 (avg=7.802714), loss=0.866386 (avg=0.866103), pairs_step=315635, pairs_total=12629999
[2026-03-01 11:07:58,591] INFO:fitness.free_loss_fidelity: RL4CO free-loss step 60/200: score=7.818587 (avg=7.799372), loss=0.875113 (avg=0.867372), pairs_step=315492, pairs_total=18942424
[2026-03-01 11:08:05,021] INFO:fitness.free_loss_fidelity: RL4CO free-loss step 80/200: score=7.797061 (avg=7.798111), loss=0.865838 (avg=0.867579), pairs_step=315744, pairs_total=25256982
[2026-03-01 11:08:11,437] INFO:fitness.free_loss_fidelity: RL4CO free-loss step 100/200: score=7.759916 (avg=7.798857), loss=0.870261 (avg=0.868015), pairs_step=315920, pairs_total=31571295
[2026-03-01 11:08:17,844] INFO:fitness.free_loss_fidelity: RL4CO free-loss step 120/200: score=7.768127 (avg=7.800259), loss=0.869327 (avg=0.868387), pairs_step=315684, pairs_total=37884249
[2026-03-01 11:08:24,016] INFO:fitness.free_loss_fidelity: RL4CO free-loss step 140/200: score=7.829004 (avg=7.801169), loss=0.872736 (avg=0.868353), pairs_step=315314, pairs_total=44195613
[2026-03-01 11:08:30,164] INFO:fitness.free_loss_fidelity: RL4CO free-loss step 160/200: score=7.796655 (avg=7.800763), loss=0.868798 (avg=0.868440), pairs_step=315267, pairs_total=50507014
[2026-03-01 11:08:36,325] INFO:fitness.free_loss_fidelity: RL4CO free-loss step 180/200: score=7.781299 (avg=7.799613), loss=0.860693 (avg=0.868244), pairs_step=315310, pairs_total=56816752
[2026-03-01 11:08:42,485] INFO:fitness.free_loss_fidelity: RL4CO free-loss step 200/200: score=7.816444 (avg=7.798655), loss=0.867012 (avg=0.868456), pairs_step=315493, pairs_total=63127438
[2026-03-01 11:08:43,587] WARNING:fitness.free_loss_fidelity: weights_only checkpoint load failed (UnpicklingError); retrying weights_only=False for /data1/gushengda/eam-rl4co/baseline/epoch_409.ckpt
[2026-03-01 11:08:43,626] INFO:fitness.free_loss_fidelity: Loaded init checkpoint into policy: path=/data1/gushengda/eam-rl4co/baseline/epoch_409.ckpt prefix=policy. matched=97 missing=0 unexpected=0
[2026-03-01 11:08:43,631] INFO:fitness.free_loss_fidelity: RL4CO free-loss (step-mode): f1_steps=200, f2_steps=0, total_steps=200, train_problem_size=100, rollouts=100, batch_size=64, device=cuda:3, env=tsp
[2026-03-01 11:08:43,963] INFO:fitness.free_loss_fidelity: RL4CO free-loss step 1/200: score=7.807477 (avg=7.807477), loss=0.265922 (avg=0.265922), pairs_step=315750, pairs_total=315750
[2026-03-01 11:08:49,801] INFO:fitness.free_loss_fidelity: RL4CO free-loss step 20/200: score=7.782443 (avg=7.809083), loss=0.259869 (avg=0.267501), pairs_step=316222, pairs_total=6318147
[2026-03-01 11:08:55,957] INFO:fitness.free_loss_fidelity: RL4CO free-loss step 40/200: score=7.813789 (avg=7.803470), loss=0.248006 (avg=0.260861), pairs_step=316155, pairs_total=12635738
[2026-03-01 11:09:02,101] INFO:fitness.free_loss_fidelity: RL4CO free-loss step 60/200: score=7.808961 (avg=7.799664), loss=0.252446 (avg=0.255797), pairs_step=315403, pairs_total=18951463
[2026-03-01 11:09:08,271] INFO:fitness.free_loss_fidelity: RL4CO free-loss step 80/200: score=7.791002 (avg=7.798076), loss=0.277807 (avg=0.258451), pairs_step=315923, pairs_total=25267819
[2026-03-01 11:09:14,417] INFO:fitness.free_loss_fidelity: RL4CO free-loss step 100/200: score=7.749309 (avg=7.798129), loss=0.286811 (avg=0.263976), pairs_step=315503, pairs_total=31584221
[2026-03-01 11:09:20,571] INFO:fitness.free_loss_fidelity: RL4CO free-loss step 120/200: score=7.776244 (avg=7.799289), loss=0.258404 (avg=0.265234), pairs_step=315644, pairs_total=37897384
[2026-03-01 11:09:26,733] INFO:fitness.free_loss_fidelity: RL4CO free-loss step 140/200: score=7.824866 (avg=7.800131), loss=0.253116 (avg=0.263579), pairs_step=315458, pairs_total=44210706
[2026-03-01 11:09:33,135] INFO:fitness.free_loss_fidelity: RL4CO free-loss step 160/200: score=7.791687 (avg=7.799371), loss=0.271818 (avg=0.263347), pairs_step=315728, pairs_total=50524803
[2026-03-01 11:09:39,310] INFO:fitness.free_loss_fidelity: RL4CO free-loss step 180/200: score=7.785990 (avg=7.798186), loss=0.313529 (avg=0.267039), pairs_step=315056, pairs_total=56838450
[2026-03-01 11:09:45,462] INFO:fitness.free_loss_fidelity: RL4CO free-loss step 200/200: score=7.806481 (avg=7.796925), loss=0.268679 (avg=0.268661), pairs_step=315529, pairs_total=63151172
