[2026-03-01 11:37:42,569] INFO:fitness.free_loss_fidelity: Stage3 offline mini-train start gen=8 pair_index=15 K=200 seed=12345 valid_sizes=[100] baseline_json=baseline/mini_eval/baseline_minitrain_tsp100_K200.json
[2026-03-01 11:37:42,587] INFO:fitness.free_loss_fidelity: RL4CO free-loss (step-mode): f1_steps=200, f2_steps=0, total_steps=200, train_problem_size=100, rollouts=100, batch_size=64, device=cuda:3, env=tsp
[2026-03-01 11:37:42,910] INFO:fitness.free_loss_fidelity: RL4CO free-loss step 1/200: score=36.122910 (avg=36.122910), loss=0.718452 (avg=0.718452), pairs_step=316800, pairs_total=316800
[2026-03-01 11:37:48,877] INFO:fitness.free_loss_fidelity: RL4CO free-loss step 20/200: score=9.844206 (avg=12.629320), loss=0.557358 (avg=0.567142), pairs_step=316800, pairs_total=6335997
[2026-03-01 11:37:55,143] INFO:fitness.free_loss_fidelity: RL4CO free-loss step 40/200: score=9.319685 (avg=11.046064), loss=0.571576 (avg=0.564843), pairs_step=316799, pairs_total=12671991
[2026-03-01 11:38:01,418] INFO:fitness.free_loss_fidelity: RL4CO free-loss step 60/200: score=9.146119 (avg=10.427359), loss=0.550825 (avg=0.561456), pairs_step=316800, pairs_total=19007989
[2026-03-01 11:38:07,887] INFO:fitness.free_loss_fidelity: RL4CO free-loss step 80/200: score=8.929544 (avg=10.070649), loss=0.550203 (avg=0.558529), pairs_step=316800, pairs_total=25343987
[2026-03-01 11:38:14,155] INFO:fitness.free_loss_fidelity: RL4CO free-loss step 100/200: score=8.819878 (avg=9.835881), loss=0.545937 (avg=0.556358), pairs_step=316800, pairs_total=31679984
[2026-03-01 11:38:20,427] INFO:fitness.free_loss_fidelity: RL4CO free-loss step 120/200: score=8.735388 (avg=9.666262), loss=0.553470 (avg=0.555457), pairs_step=316799, pairs_total=38015979
[2026-03-01 11:38:26,702] INFO:fitness.free_loss_fidelity: RL4CO free-loss step 140/200: score=8.703997 (avg=9.530129), loss=0.552379 (avg=0.555457), pairs_step=316799, pairs_total=44351972
[2026-03-01 11:38:32,977] INFO:fitness.free_loss_fidelity: RL4CO free-loss step 160/200: score=8.641182 (avg=9.416914), loss=0.552928 (avg=0.555949), pairs_step=316799, pairs_total=50687965
[2026-03-01 11:38:39,256] INFO:fitness.free_loss_fidelity: RL4CO free-loss step 180/200: score=8.501780 (avg=9.321511), loss=0.567864 (avg=0.556860), pairs_step=316799, pairs_total=57023959
[2026-03-01 11:38:45,533] INFO:fitness.free_loss_fidelity: RL4CO free-loss step 200/200: score=8.534290 (avg=9.240117), loss=0.568337 (avg=0.557734), pairs_step=316800, pairs_total=63359952
[2026-03-01 11:38:46,640] WARNING:fitness.free_loss_fidelity: weights_only checkpoint load failed (UnpicklingError); retrying weights_only=False for /data1/gushengda/eam-rl4co/baseline/epoch_135.ckpt
[2026-03-01 11:38:46,676] INFO:fitness.free_loss_fidelity: Loaded init checkpoint into policy: path=/data1/gushengda/eam-rl4co/baseline/epoch_135.ckpt prefix=policy. matched=97 missing=0 unexpected=0
[2026-03-01 11:38:46,681] INFO:fitness.free_loss_fidelity: RL4CO free-loss (step-mode): f1_steps=200, f2_steps=0, total_steps=200, train_problem_size=100, rollouts=100, batch_size=64, device=cuda:3, env=tsp
[2026-03-01 11:38:47,007] INFO:fitness.free_loss_fidelity: RL4CO free-loss step 1/200: score=7.803347 (avg=7.803347), loss=0.641878 (avg=0.641878), pairs_step=315697, pairs_total=315697
[2026-03-01 11:38:52,963] INFO:fitness.free_loss_fidelity: RL4CO free-loss step 20/200: score=7.781216 (avg=7.809265), loss=0.634722 (avg=0.642686), pairs_step=315812, pairs_total=6317144
[2026-03-01 11:38:59,227] INFO:fitness.free_loss_fidelity: RL4CO free-loss step 40/200: score=7.815310 (avg=7.802928), loss=0.647157 (avg=0.642234), pairs_step=315973, pairs_total=12632030
[2026-03-01 11:39:05,502] INFO:fitness.free_loss_fidelity: RL4CO free-loss step 60/200: score=7.812908 (avg=7.799471), loss=0.639206 (avg=0.642154), pairs_step=315371, pairs_total=18945623
[2026-03-01 11:39:11,765] INFO:fitness.free_loss_fidelity: RL4CO free-loss step 80/200: score=7.803143 (avg=7.798258), loss=0.640675 (avg=0.642070), pairs_step=315793, pairs_total=25259407
[2026-03-01 11:39:18,036] INFO:fitness.free_loss_fidelity: RL4CO free-loss step 100/200: score=7.756657 (avg=7.799229), loss=0.644007 (avg=0.642151), pairs_step=315828, pairs_total=31570746
[2026-03-01 11:39:24,301] INFO:fitness.free_loss_fidelity: RL4CO free-loss step 120/200: score=7.772075 (avg=7.800475), loss=0.639531 (avg=0.642258), pairs_step=315522, pairs_total=37883575
[2026-03-01 11:39:30,558] INFO:fitness.free_loss_fidelity: RL4CO free-loss step 140/200: score=7.833241 (avg=7.801609), loss=0.642498 (avg=0.642507), pairs_step=315464, pairs_total=44195030
[2026-03-01 11:39:36,833] INFO:fitness.free_loss_fidelity: RL4CO free-loss step 160/200: score=7.798376 (avg=7.801154), loss=0.640904 (avg=0.642466), pairs_step=315551, pairs_total=50506435
[2026-03-01 11:39:43,092] INFO:fitness.free_loss_fidelity: RL4CO free-loss step 180/200: score=7.785010 (avg=7.800001), loss=0.644664 (avg=0.642527), pairs_step=315375, pairs_total=56817988
[2026-03-01 11:39:49,354] INFO:fitness.free_loss_fidelity: RL4CO free-loss step 200/200: score=7.814372 (avg=7.798904), loss=0.636068 (avg=0.642687), pairs_step=315274, pairs_total=63127887
[2026-03-01 11:39:50,464] WARNING:fitness.free_loss_fidelity: weights_only checkpoint load failed (UnpicklingError); retrying weights_only=False for /data1/gushengda/eam-rl4co/baseline/epoch_409.ckpt
[2026-03-01 11:39:50,500] INFO:fitness.free_loss_fidelity: Loaded init checkpoint into policy: path=/data1/gushengda/eam-rl4co/baseline/epoch_409.ckpt prefix=policy. matched=97 missing=0 unexpected=0
[2026-03-01 11:39:50,506] INFO:fitness.free_loss_fidelity: RL4CO free-loss (step-mode): f1_steps=200, f2_steps=0, total_steps=200, train_problem_size=100, rollouts=100, batch_size=64, device=cuda:3, env=tsp
[2026-03-01 11:39:50,831] INFO:fitness.free_loss_fidelity: RL4CO free-loss step 1/200: score=7.807477 (avg=7.807477), loss=0.174104 (avg=0.174104), pairs_step=315750, pairs_total=315750
[2026-03-01 11:39:56,785] INFO:fitness.free_loss_fidelity: RL4CO free-loss step 20/200: score=7.773829 (avg=7.808263), loss=0.177282 (avg=0.173505), pairs_step=315975, pairs_total=6319035
[2026-03-01 11:40:03,052] INFO:fitness.free_loss_fidelity: RL4CO free-loss step 40/200: score=7.815374 (avg=7.802395), loss=0.160764 (avg=0.169727), pairs_step=316149, pairs_total=12638111
[2026-03-01 11:40:09,318] INFO:fitness.free_loss_fidelity: RL4CO free-loss step 60/200: score=7.811772 (avg=7.799245), loss=0.168862 (avg=0.168356), pairs_step=315593, pairs_total=18956163
[2026-03-01 11:40:15,594] INFO:fitness.free_loss_fidelity: RL4CO free-loss step 80/200: score=7.798020 (avg=7.797565), loss=0.171844 (avg=0.169514), pairs_step=316003, pairs_total=25271303
[2026-03-01 11:40:21,855] INFO:fitness.free_loss_fidelity: RL4CO free-loss step 100/200: score=7.751760 (avg=7.797678), loss=0.187743 (avg=0.171172), pairs_step=315893, pairs_total=31589019
[2026-03-01 11:40:28,124] INFO:fitness.free_loss_fidelity: RL4CO free-loss step 120/200: score=7.774689 (avg=7.799123), loss=0.180082 (avg=0.173219), pairs_step=315829, pairs_total=37904136
[2026-03-01 11:40:34,401] INFO:fitness.free_loss_fidelity: RL4CO free-loss step 140/200: score=7.824529 (avg=7.799995), loss=0.174422 (avg=0.173362), pairs_step=314997, pairs_total=44217029
[2026-03-01 11:40:40,855] INFO:fitness.free_loss_fidelity: RL4CO free-loss step 160/200: score=7.791101 (avg=7.799135), loss=0.166500 (avg=0.172430), pairs_step=315758, pairs_total=50533076
[2026-03-01 11:40:47,114] INFO:fitness.free_loss_fidelity: RL4CO free-loss step 180/200: score=7.781717 (avg=7.797934), loss=0.183557 (avg=0.172890), pairs_step=315137, pairs_total=56845935
[2026-03-01 11:40:53,381] INFO:fitness.free_loss_fidelity: RL4CO free-loss step 200/200: score=7.808415 (avg=7.796685), loss=0.196806 (avg=0.175081), pairs_step=315354, pairs_total=63157685
