[2026-03-01 17:20:32,838] INFO:fitness.free_loss_fidelity: Stage3 offline mini-train start gen=18 pair_index=4 K=200 seed=12345 valid_sizes=[100] baseline_json=baseline/mini_eval/baseline_minitrain_tsp100_K200.json
[2026-03-01 17:20:32,863] INFO:fitness.free_loss_fidelity: RL4CO free-loss (step-mode): f1_steps=200, f2_steps=0, total_steps=200, train_problem_size=100, rollouts=100, batch_size=64, device=cuda:0, env=tsp
[2026-03-01 17:20:33,189] INFO:fitness.free_loss_fidelity: RL4CO free-loss step 1/200: score=36.122910 (avg=36.122910), loss=0.748179 (avg=0.748179), pairs_step=159213, pairs_total=159213
[2026-03-01 17:20:39,050] INFO:fitness.free_loss_fidelity: RL4CO free-loss step 20/200: score=9.864868 (avg=12.646355), loss=0.545699 (avg=0.563642), pairs_step=157401, pairs_total=3159879
[2026-03-01 17:20:45,233] INFO:fitness.free_loss_fidelity: RL4CO free-loss step 40/200: score=9.363113 (avg=11.072393), loss=0.562243 (avg=0.562574), pairs_step=157157, pairs_total=6323538
[2026-03-01 17:20:51,411] INFO:fitness.free_loss_fidelity: RL4CO free-loss step 60/200: score=9.160860 (avg=10.455556), loss=0.556679 (avg=0.560905), pairs_step=157841, pairs_total=9487149
[2026-03-01 17:20:57,598] INFO:fitness.free_loss_fidelity: RL4CO free-loss step 80/200: score=8.998645 (avg=10.105054), loss=0.545902 (avg=0.556592), pairs_step=158055, pairs_total=12653735
[2026-03-01 17:21:03,757] INFO:fitness.free_loss_fidelity: RL4CO free-loss step 100/200: score=8.815357 (avg=9.870771), loss=0.531601 (avg=0.552886), pairs_step=158919, pairs_total=15825355
[2026-03-01 17:21:09,935] INFO:fitness.free_loss_fidelity: RL4CO free-loss step 120/200: score=8.832100 (avg=9.703424), loss=0.531761 (avg=0.550761), pairs_step=157936, pairs_total=18996092
[2026-03-01 17:21:16,105] INFO:fitness.free_loss_fidelity: RL4CO free-loss step 140/200: score=8.734800 (avg=9.569393), loss=0.557434 (avg=0.550259), pairs_step=159896, pairs_total=22162247
[2026-03-01 17:21:22,268] INFO:fitness.free_loss_fidelity: RL4CO free-loss step 160/200: score=8.614733 (avg=9.455207), loss=0.563466 (avg=0.551131), pairs_step=156848, pairs_total=25337544
[2026-03-01 17:21:28,451] INFO:fitness.free_loss_fidelity: RL4CO free-loss step 180/200: score=8.551534 (avg=9.357892), loss=0.556489 (avg=0.552412), pairs_step=158421, pairs_total=28508203
[2026-03-01 17:21:34,640] INFO:fitness.free_loss_fidelity: RL4CO free-loss step 200/200: score=8.570304 (avg=9.275450), loss=0.570844 (avg=0.553974), pairs_step=156601, pairs_total=31670823
[2026-03-01 17:21:35,747] WARNING:fitness.free_loss_fidelity: weights_only checkpoint load failed (UnpicklingError); retrying weights_only=False for /data1/gushengda/eam-rl4co/baseline/epoch_135.ckpt
[2026-03-01 17:21:35,800] INFO:fitness.free_loss_fidelity: Loaded init checkpoint into policy: path=/data1/gushengda/eam-rl4co/baseline/epoch_135.ckpt prefix=policy. matched=97 missing=0 unexpected=0
[2026-03-01 17:21:35,806] INFO:fitness.free_loss_fidelity: RL4CO free-loss (step-mode): f1_steps=200, f2_steps=0, total_steps=200, train_problem_size=100, rollouts=100, batch_size=64, device=cuda:0, env=tsp
[2026-03-01 17:21:36,146] INFO:fitness.free_loss_fidelity: RL4CO free-loss step 1/200: score=7.803347 (avg=7.803347), loss=0.663759 (avg=0.663759), pairs_step=157875, pairs_total=157875
[2026-03-01 17:21:42,020] INFO:fitness.free_loss_fidelity: RL4CO free-loss step 20/200: score=7.777371 (avg=7.808442), loss=0.662940 (avg=0.662997), pairs_step=156264, pairs_total=3159138
[2026-03-01 17:21:48,242] INFO:fitness.free_loss_fidelity: RL4CO free-loss step 40/200: score=7.824907 (avg=7.804098), loss=0.668280 (avg=0.664027), pairs_step=157617, pairs_total=6315332
[2026-03-01 17:21:54,424] INFO:fitness.free_loss_fidelity: RL4CO free-loss step 60/200: score=7.816280 (avg=7.801437), loss=0.665741 (avg=0.664006), pairs_step=158458, pairs_total=9465592
[2026-03-01 17:22:00,609] INFO:fitness.free_loss_fidelity: RL4CO free-loss step 80/200: score=7.803668 (avg=7.799564), loss=0.663681 (avg=0.664047), pairs_step=156995, pairs_total=12625548
[2026-03-01 17:22:06,788] INFO:fitness.free_loss_fidelity: RL4CO free-loss step 100/200: score=7.756622 (avg=7.800190), loss=0.663771 (avg=0.663896), pairs_step=155755, pairs_total=15775621
[2026-03-01 17:22:12,995] INFO:fitness.free_loss_fidelity: RL4CO free-loss step 120/200: score=7.773085 (avg=7.801588), loss=0.663823 (avg=0.664072), pairs_step=157171, pairs_total=18931361
[2026-03-01 17:22:19,181] INFO:fitness.free_loss_fidelity: RL4CO free-loss step 140/200: score=7.834209 (avg=7.802679), loss=0.662761 (avg=0.664304), pairs_step=155909, pairs_total=22080607
[2026-03-01 17:22:25,373] INFO:fitness.free_loss_fidelity: RL4CO free-loss step 160/200: score=7.797372 (avg=7.802063), loss=0.664104 (avg=0.664462), pairs_step=159205, pairs_total=25230811
[2026-03-01 17:22:31,585] INFO:fitness.free_loss_fidelity: RL4CO free-loss step 180/200: score=7.787129 (avg=7.800973), loss=0.665157 (avg=0.664446), pairs_step=158257, pairs_total=28389292
[2026-03-01 17:22:37,839] INFO:fitness.free_loss_fidelity: RL4CO free-loss step 200/200: score=7.811677 (avg=7.799824), loss=0.660179 (avg=0.664432), pairs_step=158320, pairs_total=31552636
[2026-03-01 17:22:38,948] WARNING:fitness.free_loss_fidelity: weights_only checkpoint load failed (UnpicklingError); retrying weights_only=False for /data1/gushengda/eam-rl4co/baseline/epoch_409.ckpt
[2026-03-01 17:22:38,987] INFO:fitness.free_loss_fidelity: Loaded init checkpoint into policy: path=/data1/gushengda/eam-rl4co/baseline/epoch_409.ckpt prefix=policy. matched=97 missing=0 unexpected=0
[2026-03-01 17:22:38,992] INFO:fitness.free_loss_fidelity: RL4CO free-loss (step-mode): f1_steps=200, f2_steps=0, total_steps=200, train_problem_size=100, rollouts=100, batch_size=64, device=cuda:0, env=tsp
[2026-03-01 17:22:39,306] INFO:fitness.free_loss_fidelity: RL4CO free-loss step 1/200: score=7.807477 (avg=7.807477), loss=0.107652 (avg=0.107652), pairs_step=158679, pairs_total=158679
[2026-03-01 17:22:45,230] INFO:fitness.free_loss_fidelity: RL4CO free-loss step 20/200: score=7.784855 (avg=7.809387), loss=0.097102 (avg=0.099639), pairs_step=158877, pairs_total=3162683
[2026-03-01 17:22:51,628] INFO:fitness.free_loss_fidelity: RL4CO free-loss step 40/200: score=7.811998 (avg=7.803209), loss=0.096373 (avg=0.100311), pairs_step=157730, pairs_total=6315840
[2026-03-01 17:22:57,859] INFO:fitness.free_loss_fidelity: RL4CO free-loss step 60/200: score=7.810232 (avg=7.799827), loss=0.088869 (avg=0.096803), pairs_step=156683, pairs_total=9472043
[2026-03-01 17:23:04,074] INFO:fitness.free_loss_fidelity: RL4CO free-loss step 80/200: score=7.799539 (avg=7.798681), loss=0.081159 (avg=0.093185), pairs_step=159370, pairs_total=12636319
[2026-03-01 17:23:10,292] INFO:fitness.free_loss_fidelity: RL4CO free-loss step 100/200: score=7.753936 (avg=7.799368), loss=0.097970 (avg=0.092812), pairs_step=159800, pairs_total=15798519
[2026-03-01 17:23:16,506] INFO:fitness.free_loss_fidelity: RL4CO free-loss step 120/200: score=7.777815 (avg=7.800697), loss=0.099463 (avg=0.094258), pairs_step=156278, pairs_total=18953753
[2026-03-01 17:23:22,731] INFO:fitness.free_loss_fidelity: RL4CO free-loss step 140/200: score=7.822251 (avg=7.801597), loss=0.098297 (avg=0.094857), pairs_step=156358, pairs_total=22116588
[2026-03-01 17:23:28,943] INFO:fitness.free_loss_fidelity: RL4CO free-loss step 160/200: score=7.795796 (avg=7.800786), loss=0.092217 (avg=0.094719), pairs_step=159791, pairs_total=25274683
[2026-03-01 17:23:35,174] INFO:fitness.free_loss_fidelity: RL4CO free-loss step 180/200: score=7.793067 (avg=7.799892), loss=0.089686 (avg=0.094283), pairs_step=157201, pairs_total=28433984
[2026-03-01 17:23:41,429] INFO:fitness.free_loss_fidelity: RL4CO free-loss step 200/200: score=7.813153 (avg=7.798735), loss=0.090872 (avg=0.094111), pairs_step=157272, pairs_total=31593590
