[2026-03-01 17:20:49,866] INFO:fitness.free_loss_fidelity: Stage3 offline mini-train start gen=18 pair_index=7 K=200 seed=12345 valid_sizes=[100] baseline_json=baseline/mini_eval/baseline_minitrain_tsp100_K200.json
[2026-03-01 17:20:49,884] INFO:fitness.free_loss_fidelity: RL4CO free-loss (step-mode): f1_steps=200, f2_steps=0, total_steps=200, train_problem_size=100, rollouts=100, batch_size=64, device=cuda:1, env=tsp
[2026-03-01 17:20:50,254] INFO:fitness.free_loss_fidelity: RL4CO free-loss step 1/200: score=36.122910 (avg=36.122910), loss=0.738993 (avg=0.738993), pairs_step=48896, pairs_total=48896
[2026-03-01 17:20:56,994] INFO:fitness.free_loss_fidelity: RL4CO free-loss step 20/200: score=10.030453 (avg=12.787867), loss=0.486811 (avg=0.495940), pairs_step=48896, pairs_total=977919
[2026-03-01 17:21:04,081] INFO:fitness.free_loss_fidelity: RL4CO free-loss step 40/200: score=9.396549 (avg=11.183579), loss=0.496631 (avg=0.497171), pairs_step=48896, pairs_total=1955839
[2026-03-01 17:21:11,159] INFO:fitness.free_loss_fidelity: RL4CO free-loss step 60/200: score=9.241409 (avg=10.564629), loss=0.490819 (avg=0.497506), pairs_step=48896, pairs_total=2933759
[2026-03-01 17:21:18,235] INFO:fitness.free_loss_fidelity: RL4CO free-loss step 80/200: score=9.135076 (avg=10.215992), loss=0.474980 (avg=0.494269), pairs_step=48896, pairs_total=3911679
[2026-03-01 17:21:25,318] INFO:fitness.free_loss_fidelity: RL4CO free-loss step 100/200: score=8.988595 (avg=9.981572), loss=0.464172 (avg=0.490661), pairs_step=48896, pairs_total=4889599
[2026-03-01 17:21:32,416] INFO:fitness.free_loss_fidelity: RL4CO free-loss step 120/200: score=8.881546 (avg=9.813644), loss=0.481506 (avg=0.489290), pairs_step=48896, pairs_total=5867519
[2026-03-01 17:21:39,498] INFO:fitness.free_loss_fidelity: RL4CO free-loss step 140/200: score=8.846686 (avg=9.677772), loss=0.487979 (avg=0.488834), pairs_step=48896, pairs_total=6845439
[2026-03-01 17:21:46,585] INFO:fitness.free_loss_fidelity: RL4CO free-loss step 160/200: score=8.749973 (avg=9.562431), loss=0.497353 (avg=0.489186), pairs_step=48896, pairs_total=7823359
[2026-03-01 17:21:53,663] INFO:fitness.free_loss_fidelity: RL4CO free-loss step 180/200: score=8.670412 (avg=9.466992), loss=0.497431 (avg=0.490966), pairs_step=48896, pairs_total=8801279
[2026-03-01 17:22:00,756] INFO:fitness.free_loss_fidelity: RL4CO free-loss step 200/200: score=8.634779 (avg=9.385332), loss=0.513698 (avg=0.492499), pairs_step=48896, pairs_total=9779199
[2026-03-01 17:22:02,055] WARNING:fitness.free_loss_fidelity: weights_only checkpoint load failed (UnpicklingError); retrying weights_only=False for /data1/gushengda/eam-rl4co/baseline/epoch_135.ckpt
[2026-03-01 17:22:02,097] INFO:fitness.free_loss_fidelity: Loaded init checkpoint into policy: path=/data1/gushengda/eam-rl4co/baseline/epoch_135.ckpt prefix=policy. matched=97 missing=0 unexpected=0
[2026-03-01 17:22:02,102] INFO:fitness.free_loss_fidelity: RL4CO free-loss (step-mode): f1_steps=200, f2_steps=0, total_steps=200, train_problem_size=100, rollouts=100, batch_size=64, device=cuda:1, env=tsp
[2026-03-01 17:22:02,463] INFO:fitness.free_loss_fidelity: RL4CO free-loss step 1/200: score=7.803347 (avg=7.803347), loss=0.631308 (avg=0.631308), pairs_step=48893, pairs_total=48893
[2026-03-01 17:22:09,212] INFO:fitness.free_loss_fidelity: RL4CO free-loss step 20/200: score=7.791833 (avg=7.815913), loss=0.642828 (avg=0.636234), pairs_step=48891, pairs_total=977833
[2026-03-01 17:22:16,293] INFO:fitness.free_loss_fidelity: RL4CO free-loss step 40/200: score=7.830231 (avg=7.812405), loss=0.646224 (avg=0.637410), pairs_step=48894, pairs_total=1955697
[2026-03-01 17:22:23,388] INFO:fitness.free_loss_fidelity: RL4CO free-loss step 60/200: score=7.825447 (avg=7.809679), loss=0.640735 (avg=0.638833), pairs_step=48891, pairs_total=2933537
[2026-03-01 17:22:30,478] INFO:fitness.free_loss_fidelity: RL4CO free-loss step 80/200: score=7.814416 (avg=7.808960), loss=0.646818 (avg=0.639510), pairs_step=48892, pairs_total=3911408
[2026-03-01 17:22:37,559] INFO:fitness.free_loss_fidelity: RL4CO free-loss step 100/200: score=7.773966 (avg=7.809918), loss=0.652518 (avg=0.640174), pairs_step=48882, pairs_total=4889257
[2026-03-01 17:22:44,647] INFO:fitness.free_loss_fidelity: RL4CO free-loss step 120/200: score=7.785799 (avg=7.811543), loss=0.642465 (avg=0.640842), pairs_step=48894, pairs_total=5867098
[2026-03-01 17:22:51,741] INFO:fitness.free_loss_fidelity: RL4CO free-loss step 140/200: score=7.841404 (avg=7.812919), loss=0.643923 (avg=0.641337), pairs_step=48891, pairs_total=6844940
[2026-03-01 17:22:58,822] INFO:fitness.free_loss_fidelity: RL4CO free-loss step 160/200: score=7.811701 (avg=7.812665), loss=0.640681 (avg=0.641695), pairs_step=48894, pairs_total=7822790
[2026-03-01 17:23:05,901] INFO:fitness.free_loss_fidelity: RL4CO free-loss step 180/200: score=7.796901 (avg=7.811347), loss=0.639136 (avg=0.642082), pairs_step=48890, pairs_total=8800620
[2026-03-01 17:23:12,980] INFO:fitness.free_loss_fidelity: RL4CO free-loss step 200/200: score=7.822824 (avg=7.810360), loss=0.641810 (avg=0.642492), pairs_step=48896, pairs_total=9778440
[2026-03-01 17:23:14,288] WARNING:fitness.free_loss_fidelity: weights_only checkpoint load failed (UnpicklingError); retrying weights_only=False for /data1/gushengda/eam-rl4co/baseline/epoch_409.ckpt
[2026-03-01 17:23:14,328] INFO:fitness.free_loss_fidelity: Loaded init checkpoint into policy: path=/data1/gushengda/eam-rl4co/baseline/epoch_409.ckpt prefix=policy. matched=97 missing=0 unexpected=0
[2026-03-01 17:23:14,334] INFO:fitness.free_loss_fidelity: RL4CO free-loss (step-mode): f1_steps=200, f2_steps=0, total_steps=200, train_problem_size=100, rollouts=100, batch_size=64, device=cuda:1, env=tsp
[2026-03-01 17:23:14,711] INFO:fitness.free_loss_fidelity: RL4CO free-loss step 1/200: score=7.807477 (avg=7.807477), loss=0.013622 (avg=0.013622), pairs_step=48896, pairs_total=48896
[2026-03-01 17:23:21,710] INFO:fitness.free_loss_fidelity: RL4CO free-loss step 20/200: score=7.816297 (avg=7.823697), loss=0.310796 (avg=0.170904), pairs_step=48896, pairs_total=977920
[2026-03-01 17:23:28,799] INFO:fitness.free_loss_fidelity: RL4CO free-loss step 40/200: score=7.839186 (avg=7.821210), loss=0.456199 (avg=0.281236), pairs_step=48896, pairs_total=1955840
[2026-03-01 17:23:35,884] INFO:fitness.free_loss_fidelity: RL4CO free-loss step 60/200: score=7.828116 (avg=7.818717), loss=0.506629 (avg=0.349026), pairs_step=48896, pairs_total=2933759
[2026-03-01 17:23:42,957] INFO:fitness.free_loss_fidelity: RL4CO free-loss step 80/200: score=7.817240 (avg=7.816987), loss=0.539860 (avg=0.393995), pairs_step=48896, pairs_total=3911674
[2026-03-01 17:23:50,035] INFO:fitness.free_loss_fidelity: RL4CO free-loss step 100/200: score=7.774372 (avg=7.816889), loss=0.560101 (avg=0.427158), pairs_step=48896, pairs_total=4889591
[2026-03-01 17:23:57,139] INFO:fitness.free_loss_fidelity: RL4CO free-loss step 120/200: score=7.785267 (avg=7.818328), loss=0.569720 (avg=0.450039), pairs_step=48896, pairs_total=5867506
[2026-03-01 17:24:04,239] INFO:fitness.free_loss_fidelity: RL4CO free-loss step 140/200: score=7.849728 (avg=7.819382), loss=0.583326 (avg=0.468952), pairs_step=48896, pairs_total=6845425
[2026-03-01 17:24:11,339] INFO:fitness.free_loss_fidelity: RL4CO free-loss step 160/200: score=7.811982 (avg=7.818643), loss=0.602961 (avg=0.484596), pairs_step=48896, pairs_total=7823341
[2026-03-01 17:24:18,437] INFO:fitness.free_loss_fidelity: RL4CO free-loss step 180/200: score=7.811487 (avg=7.817439), loss=0.609394 (avg=0.497711), pairs_step=48895, pairs_total=8801251
[2026-03-01 17:24:25,537] INFO:fitness.free_loss_fidelity: RL4CO free-loss step 200/200: score=7.829964 (avg=7.815960), loss=0.613842 (avg=0.508798), pairs_step=48896, pairs_total=9779164
