[2026-03-01 14:34:16,671] INFO:fitness.free_loss_fidelity: Stage3 offline mini-train start gen=14 pair_index=5 K=200 seed=12345 valid_sizes=[100] baseline_json=baseline/mini_eval/baseline_minitrain_tsp100_K200.json
[2026-03-01 14:34:16,693] INFO:fitness.free_loss_fidelity: RL4CO free-loss (step-mode): f1_steps=200, f2_steps=0, total_steps=200, train_problem_size=100, rollouts=100, batch_size=64, device=cuda:1, env=tsp
[2026-03-01 14:34:17,036] INFO:fitness.free_loss_fidelity: RL4CO free-loss step 1/200: score=36.122910 (avg=36.122910), loss=0.742808 (avg=0.742808), pairs_step=64000, pairs_total=64000
[2026-03-01 14:34:23,084] INFO:fitness.free_loss_fidelity: RL4CO free-loss step 20/200: score=9.876955 (avg=12.625019), loss=0.471959 (avg=0.485238), pairs_step=64000, pairs_total=1280002
[2026-03-01 14:34:29,454] INFO:fitness.free_loss_fidelity: RL4CO free-loss step 40/200: score=9.364435 (avg=11.055683), loss=0.499368 (avg=0.488243), pairs_step=64000, pairs_total=2560002
[2026-03-01 14:34:35,828] INFO:fitness.free_loss_fidelity: RL4CO free-loss step 60/200: score=9.132702 (avg=10.446929), loss=0.478343 (avg=0.487592), pairs_step=64000, pairs_total=3840005
[2026-03-01 14:34:42,199] INFO:fitness.free_loss_fidelity: RL4CO free-loss step 80/200: score=8.969430 (avg=10.096119), loss=0.463815 (avg=0.482079), pairs_step=64000, pairs_total=5120006
[2026-03-01 14:34:48,570] INFO:fitness.free_loss_fidelity: RL4CO free-loss step 100/200: score=8.828350 (avg=9.856205), loss=0.452187 (avg=0.477745), pairs_step=64000, pairs_total=6400007
[2026-03-01 14:34:54,954] INFO:fitness.free_loss_fidelity: RL4CO free-loss step 120/200: score=8.747110 (avg=9.683890), loss=0.470711 (avg=0.475949), pairs_step=64000, pairs_total=7680009
[2026-03-01 14:35:01,334] INFO:fitness.free_loss_fidelity: RL4CO free-loss step 140/200: score=8.689526 (avg=9.543302), loss=0.473329 (avg=0.475904), pairs_step=64000, pairs_total=8960009
[2026-03-01 14:35:07,727] INFO:fitness.free_loss_fidelity: RL4CO free-loss step 160/200: score=8.561197 (avg=9.425390), loss=0.482555 (avg=0.477446), pairs_step=64000, pairs_total=10240013
[2026-03-01 14:35:14,099] INFO:fitness.free_loss_fidelity: RL4CO free-loss step 180/200: score=8.513681 (avg=9.327214), loss=0.503161 (avg=0.479670), pairs_step=64000, pairs_total=11520018
[2026-03-01 14:35:20,477] INFO:fitness.free_loss_fidelity: RL4CO free-loss step 200/200: score=8.504436 (avg=9.242435), loss=0.500193 (avg=0.482010), pairs_step=64000, pairs_total=12800020
[2026-03-01 14:35:21,591] WARNING:fitness.free_loss_fidelity: weights_only checkpoint load failed (UnpicklingError); retrying weights_only=False for /data1/gushengda/eam-rl4co/baseline/epoch_135.ckpt
[2026-03-01 14:35:21,629] INFO:fitness.free_loss_fidelity: Loaded init checkpoint into policy: path=/data1/gushengda/eam-rl4co/baseline/epoch_135.ckpt prefix=policy. matched=97 missing=0 unexpected=0
[2026-03-01 14:35:21,635] INFO:fitness.free_loss_fidelity: RL4CO free-loss (step-mode): f1_steps=200, f2_steps=0, total_steps=200, train_problem_size=100, rollouts=100, batch_size=64, device=cuda:1, env=tsp
[2026-03-01 14:35:21,965] INFO:fitness.free_loss_fidelity: RL4CO free-loss step 1/200: score=7.803347 (avg=7.803347), loss=0.642222 (avg=0.642222), pairs_step=64019, pairs_total=64019
[2026-03-01 14:35:28,021] INFO:fitness.free_loss_fidelity: RL4CO free-loss step 20/200: score=7.784274 (avg=7.810693), loss=0.641830 (avg=0.642197), pairs_step=64032, pairs_total=1280459
[2026-03-01 14:35:34,388] INFO:fitness.free_loss_fidelity: RL4CO free-loss step 40/200: score=7.818274 (avg=7.803867), loss=0.656327 (avg=0.644348), pairs_step=64024, pairs_total=2560908
[2026-03-01 14:35:40,777] INFO:fitness.free_loss_fidelity: RL4CO free-loss step 60/200: score=7.811649 (avg=7.800400), loss=0.653070 (avg=0.644876), pairs_step=64015, pairs_total=3841386
[2026-03-01 14:35:47,165] INFO:fitness.free_loss_fidelity: RL4CO free-loss step 80/200: score=7.797464 (avg=7.799228), loss=0.643793 (avg=0.645019), pairs_step=64011, pairs_total=5121816
[2026-03-01 14:35:53,551] INFO:fitness.free_loss_fidelity: RL4CO free-loss step 100/200: score=7.764253 (avg=7.800141), loss=0.650312 (avg=0.645625), pairs_step=64039, pairs_total=6402353
[2026-03-01 14:35:59,936] INFO:fitness.free_loss_fidelity: RL4CO free-loss step 120/200: score=7.778450 (avg=7.801792), loss=0.643552 (avg=0.646235), pairs_step=64010, pairs_total=7682849
[2026-03-01 14:36:06,326] INFO:fitness.free_loss_fidelity: RL4CO free-loss step 140/200: score=7.833620 (avg=7.802910), loss=0.640816 (avg=0.646369), pairs_step=64036, pairs_total=8963414
[2026-03-01 14:36:12,729] INFO:fitness.free_loss_fidelity: RL4CO free-loss step 160/200: score=7.794327 (avg=7.802079), loss=0.648532 (avg=0.646460), pairs_step=64046, pairs_total=10243912
[2026-03-01 14:36:19,110] INFO:fitness.free_loss_fidelity: RL4CO free-loss step 180/200: score=7.789640 (avg=7.800835), loss=0.651667 (avg=0.646780), pairs_step=64038, pairs_total=11524435
[2026-03-01 14:36:25,661] INFO:fitness.free_loss_fidelity: RL4CO free-loss step 200/200: score=7.812065 (avg=7.799705), loss=0.644923 (avg=0.647077), pairs_step=64028, pairs_total=12804942
[2026-03-01 14:36:26,772] WARNING:fitness.free_loss_fidelity: weights_only checkpoint load failed (UnpicklingError); retrying weights_only=False for /data1/gushengda/eam-rl4co/baseline/epoch_409.ckpt
[2026-03-01 14:36:26,802] INFO:fitness.free_loss_fidelity: Loaded init checkpoint into policy: path=/data1/gushengda/eam-rl4co/baseline/epoch_409.ckpt prefix=policy. matched=97 missing=0 unexpected=0
[2026-03-01 14:36:26,808] INFO:fitness.free_loss_fidelity: RL4CO free-loss (step-mode): f1_steps=200, f2_steps=0, total_steps=200, train_problem_size=100, rollouts=100, batch_size=64, device=cuda:1, env=tsp
[2026-03-01 14:36:27,154] INFO:fitness.free_loss_fidelity: RL4CO free-loss step 1/200: score=7.807477 (avg=7.807477), loss=0.001262 (avg=0.001262), pairs_step=64034, pairs_total=64034
[2026-03-01 14:36:33,368] INFO:fitness.free_loss_fidelity: RL4CO free-loss step 20/200: score=7.796117 (avg=7.813691), loss=0.028992 (avg=0.030047), pairs_step=64004, pairs_total=1280341
[2026-03-01 14:36:39,785] INFO:fitness.free_loss_fidelity: RL4CO free-loss step 40/200: score=7.849393 (avg=7.817153), loss=0.002573 (avg=0.020710), pairs_step=64013, pairs_total=2560480
[2026-03-01 14:36:46,170] INFO:fitness.free_loss_fidelity: RL4CO free-loss step 60/200: score=7.851411 (avg=7.821998), loss=0.000226 (avg=0.014166), pairs_step=64000, pairs_total=3840535
[2026-03-01 14:36:52,560] INFO:fitness.free_loss_fidelity: RL4CO free-loss step 80/200: score=7.855053 (avg=7.830251), loss=0.000143 (avg=0.010676), pairs_step=64002, pairs_total=5120579
[2026-03-01 14:36:58,952] INFO:fitness.free_loss_fidelity: RL4CO free-loss step 100/200: score=7.828350 (avg=7.837924), loss=0.000245 (avg=0.008572), pairs_step=64001, pairs_total=6400604
[2026-03-01 14:37:05,345] INFO:fitness.free_loss_fidelity: RL4CO free-loss step 120/200: score=7.833272 (avg=7.843803), loss=0.000297 (avg=0.007185), pairs_step=64003, pairs_total=7680634
[2026-03-01 14:37:11,800] INFO:fitness.free_loss_fidelity: RL4CO free-loss step 140/200: score=7.888827 (avg=7.848277), loss=0.000435 (avg=0.006225), pairs_step=64003, pairs_total=8960666
[2026-03-01 14:37:18,351] INFO:fitness.free_loss_fidelity: RL4CO free-loss step 160/200: score=7.853546 (avg=7.849329), loss=0.000683 (avg=0.005522), pairs_step=64000, pairs_total=10240709
[2026-03-01 14:37:24,846] INFO:fitness.free_loss_fidelity: RL4CO free-loss step 180/200: score=7.842315 (avg=7.849559), loss=0.000899 (avg=0.005003), pairs_step=64004, pairs_total=11520756
[2026-03-01 14:37:31,379] INFO:fitness.free_loss_fidelity: RL4CO free-loss step 200/200: score=7.870742 (avg=7.848780), loss=0.001201 (avg=0.004622), pairs_step=64002, pairs_total=12800797
