[2026-03-01 12:06:08,414] INFO:fitness.free_loss_fidelity: Stage3 offline mini-train start gen=9 pair_index=16 K=200 seed=12345 valid_sizes=[100] baseline_json=baseline/mini_eval/baseline_minitrain_tsp100_K200.json
[2026-03-01 12:06:08,436] INFO:fitness.free_loss_fidelity: RL4CO free-loss (step-mode): f1_steps=200, f2_steps=0, total_steps=200, train_problem_size=100, rollouts=100, batch_size=64, device=cuda:2, env=tsp
[2026-03-01 12:06:08,757] INFO:fitness.free_loss_fidelity: RL4CO free-loss step 1/200: score=36.122910 (avg=36.122910), loss=0.743561 (avg=0.743561), pairs_step=316800, pairs_total=316800
[2026-03-01 12:06:14,912] INFO:fitness.free_loss_fidelity: RL4CO free-loss step 20/200: score=9.839165 (avg=12.642048), loss=0.562812 (avg=0.575722), pairs_step=316799, pairs_total=6335997
[2026-03-01 12:06:21,367] INFO:fitness.free_loss_fidelity: RL4CO free-loss step 40/200: score=9.301882 (avg=11.062491), loss=0.571510 (avg=0.573708), pairs_step=316799, pairs_total=12671990
[2026-03-01 12:06:27,821] INFO:fitness.free_loss_fidelity: RL4CO free-loss step 60/200: score=9.118805 (avg=10.442126), loss=0.563446 (avg=0.571887), pairs_step=316800, pairs_total=19007987
[2026-03-01 12:06:34,466] INFO:fitness.free_loss_fidelity: RL4CO free-loss step 80/200: score=8.909336 (avg=10.088898), loss=0.553747 (avg=0.567429), pairs_step=316798, pairs_total=25343981
[2026-03-01 12:06:40,962] INFO:fitness.free_loss_fidelity: RL4CO free-loss step 100/200: score=8.787753 (avg=9.853629), loss=0.551226 (avg=0.565102), pairs_step=316800, pairs_total=31679980
[2026-03-01 12:06:47,457] INFO:fitness.free_loss_fidelity: RL4CO free-loss step 120/200: score=8.740147 (avg=9.682645), loss=0.561814 (avg=0.563984), pairs_step=316800, pairs_total=38015977
[2026-03-01 12:06:53,904] INFO:fitness.free_loss_fidelity: RL4CO free-loss step 140/200: score=8.766033 (avg=9.548358), loss=0.556379 (avg=0.563974), pairs_step=316799, pairs_total=44351970
[2026-03-01 12:07:00,358] INFO:fitness.free_loss_fidelity: RL4CO free-loss step 160/200: score=8.622553 (avg=9.433865), loss=0.567863 (avg=0.564685), pairs_step=316800, pairs_total=50687966
[2026-03-01 12:07:06,819] INFO:fitness.free_loss_fidelity: RL4CO free-loss step 180/200: score=8.523566 (avg=9.336853), loss=0.572661 (avg=0.565694), pairs_step=316800, pairs_total=57023960
[2026-03-01 12:07:13,263] INFO:fitness.free_loss_fidelity: RL4CO free-loss step 200/200: score=8.525009 (avg=9.255126), loss=0.577698 (avg=0.566873), pairs_step=316800, pairs_total=63359953
[2026-03-01 12:07:14,380] WARNING:fitness.free_loss_fidelity: weights_only checkpoint load failed (UnpicklingError); retrying weights_only=False for /data1/gushengda/eam-rl4co/baseline/epoch_135.ckpt
[2026-03-01 12:07:14,418] INFO:fitness.free_loss_fidelity: Loaded init checkpoint into policy: path=/data1/gushengda/eam-rl4co/baseline/epoch_135.ckpt prefix=policy. matched=97 missing=0 unexpected=0
[2026-03-01 12:07:14,423] INFO:fitness.free_loss_fidelity: RL4CO free-loss (step-mode): f1_steps=200, f2_steps=0, total_steps=200, train_problem_size=100, rollouts=100, batch_size=64, device=cuda:2, env=tsp
[2026-03-01 12:07:14,748] INFO:fitness.free_loss_fidelity: RL4CO free-loss step 1/200: score=7.803347 (avg=7.803347), loss=0.668782 (avg=0.668782), pairs_step=315697, pairs_total=315697
[2026-03-01 12:07:20,867] INFO:fitness.free_loss_fidelity: RL4CO free-loss step 20/200: score=7.779584 (avg=7.810167), loss=0.670107 (avg=0.668375), pairs_step=315851, pairs_total=6315489
[2026-03-01 12:07:27,305] INFO:fitness.free_loss_fidelity: RL4CO free-loss step 40/200: score=7.814484 (avg=7.803613), loss=0.671874 (avg=0.669022), pairs_step=315719, pairs_total=12629152
[2026-03-01 12:07:33,749] INFO:fitness.free_loss_fidelity: RL4CO free-loss step 60/200: score=7.815912 (avg=7.800001), loss=0.670850 (avg=0.669397), pairs_step=315438, pairs_total=18942197
[2026-03-01 12:07:40,184] INFO:fitness.free_loss_fidelity: RL4CO free-loss step 80/200: score=7.797184 (avg=7.798373), loss=0.672363 (avg=0.669439), pairs_step=315998, pairs_total=25257983
[2026-03-01 12:07:46,631] INFO:fitness.free_loss_fidelity: RL4CO free-loss step 100/200: score=7.754378 (avg=7.799243), loss=0.673062 (avg=0.669706), pairs_step=315863, pairs_total=31571667
[2026-03-01 12:07:53,073] INFO:fitness.free_loss_fidelity: RL4CO free-loss step 120/200: score=7.770080 (avg=7.800481), loss=0.670861 (avg=0.669693), pairs_step=315667, pairs_total=37883191
[2026-03-01 12:07:59,511] INFO:fitness.free_loss_fidelity: RL4CO free-loss step 140/200: score=7.829636 (avg=7.801561), loss=0.673411 (avg=0.669867), pairs_step=315214, pairs_total=44195655
[2026-03-01 12:08:05,948] INFO:fitness.free_loss_fidelity: RL4CO free-loss step 160/200: score=7.796140 (avg=7.801230), loss=0.670501 (avg=0.670040), pairs_step=315278, pairs_total=50508364
[2026-03-01 12:08:12,396] INFO:fitness.free_loss_fidelity: RL4CO free-loss step 180/200: score=7.790345 (avg=7.800106), loss=0.671851 (avg=0.670079), pairs_step=315655, pairs_total=56822057
[2026-03-01 12:08:18,835] INFO:fitness.free_loss_fidelity: RL4CO free-loss step 200/200: score=7.814240 (avg=7.799164), loss=0.665886 (avg=0.670143), pairs_step=315579, pairs_total=63134423
[2026-03-01 12:08:19,956] WARNING:fitness.free_loss_fidelity: weights_only checkpoint load failed (UnpicklingError); retrying weights_only=False for /data1/gushengda/eam-rl4co/baseline/epoch_409.ckpt
[2026-03-01 12:08:19,993] INFO:fitness.free_loss_fidelity: Loaded init checkpoint into policy: path=/data1/gushengda/eam-rl4co/baseline/epoch_409.ckpt prefix=policy. matched=97 missing=0 unexpected=0
[2026-03-01 12:08:19,999] INFO:fitness.free_loss_fidelity: RL4CO free-loss (step-mode): f1_steps=200, f2_steps=0, total_steps=200, train_problem_size=100, rollouts=100, batch_size=64, device=cuda:2, env=tsp
[2026-03-01 12:08:20,324] INFO:fitness.free_loss_fidelity: RL4CO free-loss step 1/200: score=7.807477 (avg=7.807477), loss=0.163043 (avg=0.163043), pairs_step=315750, pairs_total=315750
[2026-03-01 12:08:26,445] INFO:fitness.free_loss_fidelity: RL4CO free-loss step 20/200: score=7.774966 (avg=7.807262), loss=0.163971 (avg=0.166749), pairs_step=315896, pairs_total=6318399
[2026-03-01 12:08:32,973] INFO:fitness.free_loss_fidelity: RL4CO free-loss step 40/200: score=7.812652 (avg=7.801934), loss=0.146203 (avg=0.161893), pairs_step=315979, pairs_total=12635759
[2026-03-01 12:08:39,245] INFO:fitness.free_loss_fidelity: RL4CO free-loss step 60/200: score=7.812072 (avg=7.798590), loss=0.166560 (avg=0.158106), pairs_step=315718, pairs_total=18952668
[2026-03-01 12:08:45,507] INFO:fitness.free_loss_fidelity: RL4CO free-loss step 80/200: score=7.798578 (avg=7.797138), loss=0.197341 (avg=0.160613), pairs_step=315649, pairs_total=25269672
[2026-03-01 12:08:51,780] INFO:fitness.free_loss_fidelity: RL4CO free-loss step 100/200: score=7.759438 (avg=7.797844), loss=0.190210 (avg=0.166661), pairs_step=315788, pairs_total=31585742
[2026-03-01 12:08:58,054] INFO:fitness.free_loss_fidelity: RL4CO free-loss step 120/200: score=7.776680 (avg=7.799229), loss=0.150232 (avg=0.166965), pairs_step=315642, pairs_total=37901605
[2026-03-01 12:09:04,318] INFO:fitness.free_loss_fidelity: RL4CO free-loss step 140/200: score=7.825379 (avg=7.800187), loss=0.162561 (avg=0.165484), pairs_step=315781, pairs_total=44215381
[2026-03-01 12:09:10,782] INFO:fitness.free_loss_fidelity: RL4CO free-loss step 160/200: score=7.793326 (avg=7.799622), loss=0.162762 (avg=0.164235), pairs_step=316154, pairs_total=50531152
[2026-03-01 12:09:17,064] INFO:fitness.free_loss_fidelity: RL4CO free-loss step 180/200: score=7.783073 (avg=7.798438), loss=0.166702 (avg=0.163840), pairs_step=315390, pairs_total=56845523
[2026-03-01 12:09:23,442] INFO:fitness.free_loss_fidelity: RL4CO free-loss step 200/200: score=7.812638 (avg=7.797107), loss=0.175072 (avg=0.164789), pairs_step=315558, pairs_total=63158482
