[2026-03-01 12:12:51,053] INFO:fitness.free_loss_fidelity: Stage3 offline mini-train start gen=9 pair_index=30 K=200 seed=12345 valid_sizes=[100] baseline_json=baseline/mini_eval/baseline_minitrain_tsp100_K200.json
[2026-03-01 12:12:51,074] INFO:fitness.free_loss_fidelity: RL4CO free-loss (step-mode): f1_steps=200, f2_steps=0, total_steps=200, train_problem_size=100, rollouts=100, batch_size=64, device=cuda:1, env=tsp
[2026-03-01 12:12:51,460] INFO:fitness.free_loss_fidelity: RL4CO free-loss step 1/200: score=36.122910 (avg=36.122910), loss=5.675796 (avg=5.675796), pairs_step=316800, pairs_total=316800
[2026-03-01 12:12:57,627] INFO:fitness.free_loss_fidelity: RL4CO free-loss step 20/200: score=19.248661 (avg=17.028379), loss=2.050243 (avg=2.352778), pairs_step=316799, pairs_total=6335992
[2026-03-01 12:13:04,112] INFO:fitness.free_loss_fidelity: RL4CO free-loss step 40/200: score=22.595348 (avg=19.069578), loss=1.548905 (avg=2.083994), pairs_step=316800, pairs_total=12671989
[2026-03-01 12:13:10,608] INFO:fitness.free_loss_fidelity: RL4CO free-loss step 60/200: score=26.230474 (avg=20.993997), loss=1.519315 (avg=1.900389), pairs_step=316799, pairs_total=19007984
[2026-03-01 12:13:17,075] INFO:fitness.free_loss_fidelity: RL4CO free-loss step 80/200: score=27.931498 (avg=22.528504), loss=1.496919 (avg=1.800233), pairs_step=316800, pairs_total=25343983
[2026-03-01 12:13:23,576] INFO:fitness.free_loss_fidelity: RL4CO free-loss step 100/200: score=28.756966 (avg=23.708052), loss=1.500102 (avg=1.736544), pairs_step=316800, pairs_total=31679977
[2026-03-01 12:13:30,068] INFO:fitness.free_loss_fidelity: RL4CO free-loss step 120/200: score=29.463367 (avg=24.619261), loss=1.461528 (avg=1.689026), pairs_step=316800, pairs_total=38015974
[2026-03-01 12:13:36,583] INFO:fitness.free_loss_fidelity: RL4CO free-loss step 140/200: score=30.691875 (avg=25.391137), loss=1.446543 (avg=1.650744), pairs_step=316800, pairs_total=44351971
[2026-03-01 12:13:43,071] INFO:fitness.free_loss_fidelity: RL4CO free-loss step 160/200: score=32.730522 (avg=26.177585), loss=1.443352 (avg=1.625384), pairs_step=316800, pairs_total=50687966
[2026-03-01 12:13:49,555] INFO:fitness.free_loss_fidelity: RL4CO free-loss step 180/200: score=34.210766 (avg=26.974525), loss=1.400258 (avg=1.603282), pairs_step=316800, pairs_total=57023959
[2026-03-01 12:13:56,032] INFO:fitness.free_loss_fidelity: RL4CO free-loss step 200/200: score=34.698048 (avg=27.712466), loss=1.344134 (avg=1.578523), pairs_step=316800, pairs_total=63359954
[2026-03-01 12:13:57,147] WARNING:fitness.free_loss_fidelity: weights_only checkpoint load failed (UnpicklingError); retrying weights_only=False for /data1/gushengda/eam-rl4co/baseline/epoch_135.ckpt
[2026-03-01 12:13:57,183] INFO:fitness.free_loss_fidelity: Loaded init checkpoint into policy: path=/data1/gushengda/eam-rl4co/baseline/epoch_135.ckpt prefix=policy. matched=97 missing=0 unexpected=0
[2026-03-01 12:13:57,188] INFO:fitness.free_loss_fidelity: RL4CO free-loss (step-mode): f1_steps=200, f2_steps=0, total_steps=200, train_problem_size=100, rollouts=100, batch_size=64, device=cuda:1, env=tsp
[2026-03-01 12:13:57,528] INFO:fitness.free_loss_fidelity: RL4CO free-loss step 1/200: score=7.803347 (avg=7.803347), loss=1.308792 (avg=1.308792), pairs_step=315697, pairs_total=315697
[2026-03-01 12:14:03,696] INFO:fitness.free_loss_fidelity: RL4CO free-loss step 20/200: score=7.842000 (avg=7.829938), loss=0.556160 (avg=0.963859), pairs_step=316799, pairs_total=6329216
[2026-03-01 12:14:10,207] INFO:fitness.free_loss_fidelity: RL4CO free-loss step 40/200: score=9.892352 (avg=8.183291), loss=0.721079 (avg=0.797024), pairs_step=316800, pairs_total=12665216
[2026-03-01 12:14:16,687] INFO:fitness.free_loss_fidelity: RL4CO free-loss step 60/200: score=12.179651 (avg=9.262959), loss=0.600252 (avg=0.750704), pairs_step=316800, pairs_total=19001216
[2026-03-01 12:14:23,170] INFO:fitness.free_loss_fidelity: RL4CO free-loss step 80/200: score=19.594303 (avg=10.871210), loss=0.859320 (avg=0.744332), pairs_step=316800, pairs_total=25337214
[2026-03-01 12:14:29,656] INFO:fitness.free_loss_fidelity: RL4CO free-loss step 100/200: score=27.014725 (avg=13.450159), loss=0.963936 (avg=0.782570), pairs_step=316800, pairs_total=31673214
[2026-03-01 12:14:36,139] INFO:fitness.free_loss_fidelity: RL4CO free-loss step 120/200: score=31.825565 (avg=15.747775), loss=0.982521 (avg=0.816792), pairs_step=316800, pairs_total=38009208
[2026-03-01 12:14:42,638] INFO:fitness.free_loss_fidelity: RL4CO free-loss step 140/200: score=36.243668 (avg=18.605106), loss=0.836896 (avg=0.834506), pairs_step=316800, pairs_total=44345204
[2026-03-01 12:14:49,136] INFO:fitness.free_loss_fidelity: RL4CO free-loss step 160/200: score=42.569366 (avg=21.285878), loss=0.672605 (avg=0.817659), pairs_step=316799, pairs_total=50681199
[2026-03-01 12:14:55,832] INFO:fitness.free_loss_fidelity: RL4CO free-loss step 180/200: score=43.278351 (avg=23.735340), loss=0.609519 (avg=0.802541), pairs_step=316800, pairs_total=57017194
[2026-03-01 12:15:02,331] INFO:fitness.free_loss_fidelity: RL4CO free-loss step 200/200: score=42.615021 (avg=25.679535), loss=0.773983 (avg=0.784245), pairs_step=316800, pairs_total=63353192
[2026-03-01 12:15:03,449] WARNING:fitness.free_loss_fidelity: weights_only checkpoint load failed (UnpicklingError); retrying weights_only=False for /data1/gushengda/eam-rl4co/baseline/epoch_409.ckpt
[2026-03-01 12:15:03,486] INFO:fitness.free_loss_fidelity: Loaded init checkpoint into policy: path=/data1/gushengda/eam-rl4co/baseline/epoch_409.ckpt prefix=policy. matched=97 missing=0 unexpected=0
[2026-03-01 12:15:03,491] INFO:fitness.free_loss_fidelity: RL4CO free-loss (step-mode): f1_steps=200, f2_steps=0, total_steps=200, train_problem_size=100, rollouts=100, batch_size=64, device=cuda:1, env=tsp
[2026-03-01 12:15:03,822] INFO:fitness.free_loss_fidelity: RL4CO free-loss step 1/200: score=7.807477 (avg=7.807477), loss=0.326384 (avg=0.326384), pairs_step=315750, pairs_total=315750
[2026-03-01 12:15:09,986] INFO:fitness.free_loss_fidelity: RL4CO free-loss step 20/200: score=7.788008 (avg=7.809554), loss=0.321737 (avg=0.326258), pairs_step=316678, pairs_total=6325327
[2026-03-01 12:15:16,464] INFO:fitness.free_loss_fidelity: RL4CO free-loss step 40/200: score=7.920814 (avg=7.839665), loss=0.527825 (avg=0.550162), pairs_step=316800, pairs_total=12661167
[2026-03-01 12:15:22,955] INFO:fitness.free_loss_fidelity: RL4CO free-loss step 60/200: score=8.457779 (avg=7.915375), loss=0.824692 (avg=0.568179), pairs_step=316800, pairs_total=18997167
[2026-03-01 12:15:29,449] INFO:fitness.free_loss_fidelity: RL4CO free-loss step 80/200: score=8.966521 (avg=8.088202), loss=0.388860 (avg=0.558111), pairs_step=316800, pairs_total=25333166
[2026-03-01 12:15:35,943] INFO:fitness.free_loss_fidelity: RL4CO free-loss step 100/200: score=9.915340 (avg=8.322612), loss=0.458605 (avg=0.528050), pairs_step=316800, pairs_total=31669164
[2026-03-01 12:15:42,414] INFO:fitness.free_loss_fidelity: RL4CO free-loss step 120/200: score=34.929928 (avg=10.497015), loss=0.259396 (avg=0.501459), pairs_step=316800, pairs_total=38005163
[2026-03-01 12:15:48,914] INFO:fitness.free_loss_fidelity: RL4CO free-loss step 140/200: score=38.241234 (avg=14.312850), loss=0.155944 (avg=0.456733), pairs_step=316800, pairs_total=44341159
[2026-03-01 12:15:55,382] INFO:fitness.free_loss_fidelity: RL4CO free-loss step 160/200: score=38.369133 (avg=17.341047), loss=0.138796 (avg=0.417898), pairs_step=316800, pairs_total=50677159
[2026-03-01 12:16:01,866] INFO:fitness.free_loss_fidelity: RL4CO free-loss step 180/200: score=38.104027 (avg=19.656819), loss=0.131347 (avg=0.386406), pairs_step=316800, pairs_total=57013154
[2026-03-01 12:16:08,405] INFO:fitness.free_loss_fidelity: RL4CO free-loss step 200/200: score=37.976265 (avg=21.474452), loss=0.126013 (avg=0.360368), pairs_step=316800, pairs_total=63349150
