[2026-03-01 18:14:11,384] INFO:fitness.free_loss_fidelity: Stage3 offline mini-train start gen=19 pair_index=8 K=200 seed=12345 valid_sizes=[100] baseline_json=baseline/mini_eval/baseline_minitrain_tsp100_K200.json
[2026-03-01 18:14:11,404] INFO:fitness.free_loss_fidelity: RL4CO free-loss (step-mode): f1_steps=200, f2_steps=0, total_steps=200, train_problem_size=100, rollouts=100, batch_size=64, device=cuda:2, env=tsp
[2026-03-01 18:14:11,726] INFO:fitness.free_loss_fidelity: RL4CO free-loss step 1/200: score=36.122910 (avg=36.122910), loss=0.747953 (avg=0.747953), pairs_step=159341, pairs_total=159341
[2026-03-01 18:14:17,736] INFO:fitness.free_loss_fidelity: RL4CO free-loss step 20/200: score=9.822633 (avg=12.645428), loss=0.553597 (avg=0.564199), pairs_step=158578, pairs_total=3164597
[2026-03-01 18:14:24,076] INFO:fitness.free_loss_fidelity: RL4CO free-loss step 40/200: score=9.389214 (avg=11.067477), loss=0.570061 (avg=0.566040), pairs_step=157664, pairs_total=6327940
[2026-03-01 18:14:30,603] INFO:fitness.free_loss_fidelity: RL4CO free-loss step 60/200: score=9.157534 (avg=10.452804), loss=0.556248 (avg=0.564981), pairs_step=156432, pairs_total=9488611
[2026-03-01 18:14:36,925] INFO:fitness.free_loss_fidelity: RL4CO free-loss step 80/200: score=8.925832 (avg=10.100129), loss=0.545199 (avg=0.560130), pairs_step=156383, pairs_total=12658957
[2026-03-01 18:14:43,256] INFO:fitness.free_loss_fidelity: RL4CO free-loss step 100/200: score=8.841789 (avg=9.863416), loss=0.547083 (avg=0.556821), pairs_step=157855, pairs_total=15826951
[2026-03-01 18:14:49,615] INFO:fitness.free_loss_fidelity: RL4CO free-loss step 120/200: score=8.735996 (avg=9.692856), loss=0.545577 (avg=0.554864), pairs_step=160541, pairs_total=18994154
[2026-03-01 18:14:55,894] INFO:fitness.free_loss_fidelity: RL4CO free-loss step 140/200: score=8.736799 (avg=9.559310), loss=0.557503 (avg=0.554415), pairs_step=159870, pairs_total=22164277
[2026-03-01 18:15:02,229] INFO:fitness.free_loss_fidelity: RL4CO free-loss step 160/200: score=8.636997 (avg=9.447012), loss=0.554926 (avg=0.554842), pairs_step=156850, pairs_total=25329648
[2026-03-01 18:15:08,570] INFO:fitness.free_loss_fidelity: RL4CO free-loss step 180/200: score=8.536372 (avg=9.351978), loss=0.561925 (avg=0.555296), pairs_step=158721, pairs_total=28505822
[2026-03-01 18:15:14,915] INFO:fitness.free_loss_fidelity: RL4CO free-loss step 200/200: score=8.528652 (avg=9.269143), loss=0.573102 (avg=0.556321), pairs_step=158268, pairs_total=31674998
[2026-03-01 18:15:16,027] WARNING:fitness.free_loss_fidelity: weights_only checkpoint load failed (UnpicklingError); retrying weights_only=False for /data1/gushengda/eam-rl4co/baseline/epoch_135.ckpt
[2026-03-01 18:15:16,063] INFO:fitness.free_loss_fidelity: Loaded init checkpoint into policy: path=/data1/gushengda/eam-rl4co/baseline/epoch_135.ckpt prefix=policy. matched=97 missing=0 unexpected=0
[2026-03-01 18:15:16,069] INFO:fitness.free_loss_fidelity: RL4CO free-loss (step-mode): f1_steps=200, f2_steps=0, total_steps=200, train_problem_size=100, rollouts=100, batch_size=64, device=cuda:2, env=tsp
[2026-03-01 18:15:16,413] INFO:fitness.free_loss_fidelity: RL4CO free-loss step 1/200: score=7.803347 (avg=7.803347), loss=0.663496 (avg=0.663496), pairs_step=158003, pairs_total=158003
[2026-03-01 18:15:22,392] INFO:fitness.free_loss_fidelity: RL4CO free-loss step 20/200: score=7.779261 (avg=7.808851), loss=0.661415 (avg=0.664200), pairs_step=158622, pairs_total=3161210
[2026-03-01 18:15:28,722] INFO:fitness.free_loss_fidelity: RL4CO free-loss step 40/200: score=7.822016 (avg=7.803761), loss=0.671643 (avg=0.664397), pairs_step=158042, pairs_total=6313812
[2026-03-01 18:15:35,019] INFO:fitness.free_loss_fidelity: RL4CO free-loss step 60/200: score=7.814265 (avg=7.800671), loss=0.667445 (avg=0.664211), pairs_step=158097, pairs_total=9473356
[2026-03-01 18:15:41,347] INFO:fitness.free_loss_fidelity: RL4CO free-loss step 80/200: score=7.796183 (avg=7.799109), loss=0.666820 (avg=0.664501), pairs_step=156478, pairs_total=12626466
[2026-03-01 18:15:47,670] INFO:fitness.free_loss_fidelity: RL4CO free-loss step 100/200: score=7.755932 (avg=7.800094), loss=0.669551 (avg=0.664935), pairs_step=158965, pairs_total=15786835
[2026-03-01 18:15:53,986] INFO:fitness.free_loss_fidelity: RL4CO free-loss step 120/200: score=7.774503 (avg=7.801600), loss=0.665369 (avg=0.665057), pairs_step=155902, pairs_total=18930727
[2026-03-01 18:16:00,299] INFO:fitness.free_loss_fidelity: RL4CO free-loss step 140/200: score=7.827862 (avg=7.802633), loss=0.669012 (avg=0.665292), pairs_step=158854, pairs_total=22085937
[2026-03-01 18:16:06,921] INFO:fitness.free_loss_fidelity: RL4CO free-loss step 160/200: score=7.790505 (avg=7.801941), loss=0.666813 (avg=0.665217), pairs_step=158553, pairs_total=25237550
[2026-03-01 18:16:13,686] INFO:fitness.free_loss_fidelity: RL4CO free-loss step 180/200: score=7.789695 (avg=7.801190), loss=0.667022 (avg=0.665212), pairs_step=158482, pairs_total=28406074
[2026-03-01 18:16:19,988] INFO:fitness.free_loss_fidelity: RL4CO free-loss step 200/200: score=7.809428 (avg=7.799965), loss=0.661300 (avg=0.665337), pairs_step=160039, pairs_total=31570365
[2026-03-01 18:16:21,096] WARNING:fitness.free_loss_fidelity: weights_only checkpoint load failed (UnpicklingError); retrying weights_only=False for /data1/gushengda/eam-rl4co/baseline/epoch_409.ckpt
[2026-03-01 18:16:21,127] INFO:fitness.free_loss_fidelity: Loaded init checkpoint into policy: path=/data1/gushengda/eam-rl4co/baseline/epoch_409.ckpt prefix=policy. matched=97 missing=0 unexpected=0
[2026-03-01 18:16:21,133] INFO:fitness.free_loss_fidelity: RL4CO free-loss (step-mode): f1_steps=200, f2_steps=0, total_steps=200, train_problem_size=100, rollouts=100, batch_size=64, device=cuda:2, env=tsp
[2026-03-01 18:16:21,478] INFO:fitness.free_loss_fidelity: RL4CO free-loss step 1/200: score=7.807477 (avg=7.807477), loss=0.107523 (avg=0.107523), pairs_step=158807, pairs_total=158807
[2026-03-01 18:16:27,485] INFO:fitness.free_loss_fidelity: RL4CO free-loss step 20/200: score=7.781410 (avg=7.809460), loss=0.098535 (avg=0.102726), pairs_step=161157, pairs_total=3172462
[2026-03-01 18:16:33,806] INFO:fitness.free_loss_fidelity: RL4CO free-loss step 40/200: score=7.816992 (avg=7.803718), loss=0.104728 (avg=0.101974), pairs_step=157308, pairs_total=6331498
[2026-03-01 18:16:40,143] INFO:fitness.free_loss_fidelity: RL4CO free-loss step 60/200: score=7.810918 (avg=7.800317), loss=0.095922 (avg=0.100953), pairs_step=157450, pairs_total=9490416
[2026-03-01 18:16:46,469] INFO:fitness.free_loss_fidelity: RL4CO free-loss step 80/200: score=7.804410 (avg=7.798625), loss=0.098867 (avg=0.100322), pairs_step=160104, pairs_total=12661582
[2026-03-01 18:16:52,794] INFO:fitness.free_loss_fidelity: RL4CO free-loss step 100/200: score=7.756518 (avg=7.799557), loss=0.100755 (avg=0.100026), pairs_step=160754, pairs_total=15827061
[2026-03-01 18:16:59,126] INFO:fitness.free_loss_fidelity: RL4CO free-loss step 120/200: score=7.778644 (avg=7.801113), loss=0.096377 (avg=0.099379), pairs_step=157377, pairs_total=18986716
[2026-03-01 18:17:05,430] INFO:fitness.free_loss_fidelity: RL4CO free-loss step 140/200: score=7.825352 (avg=7.801842), loss=0.091964 (avg=0.098539), pairs_step=156043, pairs_total=22149764
[2026-03-01 18:17:11,757] INFO:fitness.free_loss_fidelity: RL4CO free-loss step 160/200: score=7.794682 (avg=7.800783), loss=0.088133 (avg=0.097148), pairs_step=159144, pairs_total=25307743
[2026-03-01 18:17:18,068] INFO:fitness.free_loss_fidelity: RL4CO free-loss step 180/200: score=7.796472 (avg=7.799637), loss=0.091492 (avg=0.096423), pairs_step=157105, pairs_total=28474082
[2026-03-01 18:17:24,406] INFO:fitness.free_loss_fidelity: RL4CO free-loss step 200/200: score=7.815374 (avg=7.798472), loss=0.091410 (avg=0.096137), pairs_step=157924, pairs_total=31632979
