[2026-03-01 12:42:45,729] INFO:fitness.free_loss_fidelity: Stage3 offline mini-train start gen=10 pair_index=8 K=200 seed=12345 valid_sizes=[100] baseline_json=baseline/mini_eval/baseline_minitrain_tsp100_K200.json
[2026-03-01 12:42:45,754] INFO:fitness.free_loss_fidelity: RL4CO free-loss (step-mode): f1_steps=200, f2_steps=0, total_steps=200, train_problem_size=100, rollouts=100, batch_size=64, device=cuda:1, env=tsp
[2026-03-01 12:42:46,129] INFO:fitness.free_loss_fidelity: RL4CO free-loss step 1/200: score=36.122910 (avg=36.122910), loss=0.738993 (avg=0.738993), pairs_step=48896, pairs_total=48896
[2026-03-01 12:42:52,308] INFO:fitness.free_loss_fidelity: RL4CO free-loss step 20/200: score=10.009698 (avg=12.797595), loss=0.481198 (avg=0.492972), pairs_step=48896, pairs_total=977920
[2026-03-01 12:42:58,837] INFO:fitness.free_loss_fidelity: RL4CO free-loss step 40/200: score=9.472417 (avg=11.183024), loss=0.503408 (avg=0.494685), pairs_step=48896, pairs_total=1955840
[2026-03-01 12:43:05,360] INFO:fitness.free_loss_fidelity: RL4CO free-loss step 60/200: score=9.294648 (avg=10.563980), loss=0.484212 (avg=0.495111), pairs_step=48896, pairs_total=2933760
[2026-03-01 12:43:11,902] INFO:fitness.free_loss_fidelity: RL4CO free-loss step 80/200: score=9.093852 (avg=10.213355), loss=0.467657 (avg=0.492575), pairs_step=48896, pairs_total=3911680
[2026-03-01 12:43:18,424] INFO:fitness.free_loss_fidelity: RL4CO free-loss step 100/200: score=8.964061 (avg=9.978200), loss=0.476919 (avg=0.489577), pairs_step=48896, pairs_total=4889599
[2026-03-01 12:43:24,948] INFO:fitness.free_loss_fidelity: RL4CO free-loss step 120/200: score=8.857828 (avg=9.806607), loss=0.476683 (avg=0.487606), pairs_step=48896, pairs_total=5867519
[2026-03-01 12:43:31,485] INFO:fitness.free_loss_fidelity: RL4CO free-loss step 140/200: score=8.924088 (avg=9.674082), loss=0.468562 (avg=0.487928), pairs_step=48896, pairs_total=6845439
[2026-03-01 12:43:38,001] INFO:fitness.free_loss_fidelity: RL4CO free-loss step 160/200: score=8.714796 (avg=9.560686), loss=0.498232 (avg=0.489045), pairs_step=48896, pairs_total=7823358
[2026-03-01 12:43:44,560] INFO:fitness.free_loss_fidelity: RL4CO free-loss step 180/200: score=8.612106 (avg=9.462266), loss=0.510591 (avg=0.490514), pairs_step=48896, pairs_total=8801278
[2026-03-01 12:43:51,073] INFO:fitness.free_loss_fidelity: RL4CO free-loss step 200/200: score=8.629974 (avg=9.380685), loss=0.504657 (avg=0.492256), pairs_step=48896, pairs_total=9779198
[2026-03-01 12:43:52,195] WARNING:fitness.free_loss_fidelity: weights_only checkpoint load failed (UnpicklingError); retrying weights_only=False for /data1/gushengda/eam-rl4co/baseline/epoch_135.ckpt
[2026-03-01 12:43:52,234] INFO:fitness.free_loss_fidelity: Loaded init checkpoint into policy: path=/data1/gushengda/eam-rl4co/baseline/epoch_135.ckpt prefix=policy. matched=97 missing=0 unexpected=0
[2026-03-01 12:43:52,240] INFO:fitness.free_loss_fidelity: RL4CO free-loss (step-mode): f1_steps=200, f2_steps=0, total_steps=200, train_problem_size=100, rollouts=100, batch_size=64, device=cuda:1, env=tsp
[2026-03-01 12:43:52,582] INFO:fitness.free_loss_fidelity: RL4CO free-loss step 1/200: score=7.803347 (avg=7.803347), loss=0.631308 (avg=0.631308), pairs_step=48893, pairs_total=48893
[2026-03-01 12:43:58,785] INFO:fitness.free_loss_fidelity: RL4CO free-loss step 20/200: score=7.783026 (avg=7.818264), loss=0.642524 (avg=0.636728), pairs_step=48892, pairs_total=977842
[2026-03-01 12:44:05,295] INFO:fitness.free_loss_fidelity: RL4CO free-loss step 40/200: score=7.826386 (avg=7.813355), loss=0.639710 (avg=0.637689), pairs_step=48886, pairs_total=1955694
[2026-03-01 12:44:11,823] INFO:fitness.free_loss_fidelity: RL4CO free-loss step 60/200: score=7.827627 (avg=7.809913), loss=0.641661 (avg=0.639499), pairs_step=48893, pairs_total=2933551
[2026-03-01 12:44:18,329] INFO:fitness.free_loss_fidelity: RL4CO free-loss step 80/200: score=7.804434 (avg=7.808652), loss=0.639379 (avg=0.640660), pairs_step=48891, pairs_total=3911394
[2026-03-01 12:44:24,863] INFO:fitness.free_loss_fidelity: RL4CO free-loss step 100/200: score=7.769463 (avg=7.809574), loss=0.648182 (avg=0.641431), pairs_step=48885, pairs_total=4889220
[2026-03-01 12:44:31,377] INFO:fitness.free_loss_fidelity: RL4CO free-loss step 120/200: score=7.788271 (avg=7.811028), loss=0.652683 (avg=0.642056), pairs_step=48890, pairs_total=5867057
[2026-03-01 12:44:37,901] INFO:fitness.free_loss_fidelity: RL4CO free-loss step 140/200: score=7.849710 (avg=7.812776), loss=0.648714 (avg=0.642899), pairs_step=48888, pairs_total=6844907
[2026-03-01 12:44:44,421] INFO:fitness.free_loss_fidelity: RL4CO free-loss step 160/200: score=7.815590 (avg=7.812747), loss=0.646352 (avg=0.643545), pairs_step=48894, pairs_total=7822764
[2026-03-01 12:44:50,932] INFO:fitness.free_loss_fidelity: RL4CO free-loss step 180/200: score=7.803895 (avg=7.812097), loss=0.639425 (avg=0.643607), pairs_step=48895, pairs_total=8800608
[2026-03-01 12:44:57,464] INFO:fitness.free_loss_fidelity: RL4CO free-loss step 200/200: score=7.822920 (avg=7.811197), loss=0.639818 (avg=0.643658), pairs_step=48891, pairs_total=9778437
[2026-03-01 12:44:58,582] WARNING:fitness.free_loss_fidelity: weights_only checkpoint load failed (UnpicklingError); retrying weights_only=False for /data1/gushengda/eam-rl4co/baseline/epoch_409.ckpt
[2026-03-01 12:44:58,614] INFO:fitness.free_loss_fidelity: Loaded init checkpoint into policy: path=/data1/gushengda/eam-rl4co/baseline/epoch_409.ckpt prefix=policy. matched=97 missing=0 unexpected=0
[2026-03-01 12:44:58,619] INFO:fitness.free_loss_fidelity: RL4CO free-loss (step-mode): f1_steps=200, f2_steps=0, total_steps=200, train_problem_size=100, rollouts=100, batch_size=64, device=cuda:1, env=tsp
[2026-03-01 12:44:58,962] INFO:fitness.free_loss_fidelity: RL4CO free-loss step 1/200: score=7.807477 (avg=7.807477), loss=0.013622 (avg=0.013622), pairs_step=48896, pairs_total=48896
[2026-03-01 12:45:05,175] INFO:fitness.free_loss_fidelity: RL4CO free-loss step 20/200: score=7.798190 (avg=7.817847), loss=0.313305 (avg=0.171236), pairs_step=48896, pairs_total=977920
[2026-03-01 12:45:11,687] INFO:fitness.free_loss_fidelity: RL4CO free-loss step 40/200: score=7.837337 (avg=7.818298), loss=0.437790 (avg=0.280499), pairs_step=48896, pairs_total=1955840
[2026-03-01 12:45:18,212] INFO:fitness.free_loss_fidelity: RL4CO free-loss step 60/200: score=7.828741 (avg=7.814868), loss=0.490938 (avg=0.345787), pairs_step=48896, pairs_total=2933758
[2026-03-01 12:45:24,742] INFO:fitness.free_loss_fidelity: RL4CO free-loss step 80/200: score=7.812724 (avg=7.813529), loss=0.527609 (avg=0.388388), pairs_step=48896, pairs_total=3911676
[2026-03-01 12:45:31,264] INFO:fitness.free_loss_fidelity: RL4CO free-loss step 100/200: score=7.770088 (avg=7.814518), loss=0.571373 (avg=0.422494), pairs_step=48896, pairs_total=4889595
[2026-03-01 12:45:37,807] INFO:fitness.free_loss_fidelity: RL4CO free-loss step 120/200: score=7.789108 (avg=7.815354), loss=0.583434 (avg=0.448082), pairs_step=48895, pairs_total=5867514
[2026-03-01 12:45:44,326] INFO:fitness.free_loss_fidelity: RL4CO free-loss step 140/200: score=7.847177 (avg=7.816344), loss=0.596295 (avg=0.468804), pairs_step=48896, pairs_total=6845430
[2026-03-01 12:45:50,847] INFO:fitness.free_loss_fidelity: RL4CO free-loss step 160/200: score=7.807460 (avg=7.815945), loss=0.587867 (avg=0.485046), pairs_step=48895, pairs_total=7823346
[2026-03-01 12:45:57,365] INFO:fitness.free_loss_fidelity: RL4CO free-loss step 180/200: score=7.801793 (avg=7.814872), loss=0.614964 (avg=0.498572), pairs_step=48896, pairs_total=8801251
[2026-03-01 12:46:03,905] INFO:fitness.free_loss_fidelity: RL4CO free-loss step 200/200: score=7.826673 (avg=7.813532), loss=0.609698 (avg=0.510393), pairs_step=48893, pairs_total=9779156
