[2026-03-01 16:37:08,640] INFO:fitness.free_loss_fidelity: Stage3 offline mini-train start gen=17 pair_index=1 K=200 seed=12345 valid_sizes=[100] baseline_json=baseline/mini_eval/baseline_minitrain_tsp100_K200.json
[2026-03-01 16:37:15,688] INFO:fitness.free_loss_fidelity: RL4CO free-loss (step-mode): f1_steps=200, f2_steps=0, total_steps=200, train_problem_size=100, rollouts=100, batch_size=64, device=cuda:3, env=tsp
[2026-03-01 16:37:17,082] INFO:fitness.free_loss_fidelity: RL4CO free-loss step 1/200: score=36.122910 (avg=36.122910), loss=0.748179 (avg=0.748179), pairs_step=159213, pairs_total=159213
[2026-03-01 16:37:23,820] INFO:fitness.free_loss_fidelity: RL4CO free-loss step 20/200: score=9.929044 (avg=12.665245), loss=0.554544 (avg=0.564897), pairs_step=158087, pairs_total=3164533
[2026-03-01 16:37:30,227] INFO:fitness.free_loss_fidelity: RL4CO free-loss step 40/200: score=9.429953 (avg=11.089935), loss=0.564368 (avg=0.564018), pairs_step=159011, pairs_total=6334139
[2026-03-01 16:37:36,516] INFO:fitness.free_loss_fidelity: RL4CO free-loss step 60/200: score=9.158368 (avg=10.471349), loss=0.560404 (avg=0.562183), pairs_step=157398, pairs_total=9509548
[2026-03-01 16:37:42,802] INFO:fitness.free_loss_fidelity: RL4CO free-loss step 80/200: score=8.971884 (avg=10.115429), loss=0.545273 (avg=0.558286), pairs_step=158479, pairs_total=12682891
[2026-03-01 16:37:49,109] INFO:fitness.free_loss_fidelity: RL4CO free-loss step 100/200: score=8.821961 (avg=9.875208), loss=0.547950 (avg=0.555610), pairs_step=159014, pairs_total=15856283
[2026-03-01 16:37:55,405] INFO:fitness.free_loss_fidelity: RL4CO free-loss step 120/200: score=8.808920 (avg=9.703110), loss=0.539293 (avg=0.554204), pairs_step=157947, pairs_total=19028043
[2026-03-01 16:38:01,702] INFO:fitness.free_loss_fidelity: RL4CO free-loss step 140/200: score=8.781852 (avg=9.568860), loss=0.549409 (avg=0.554085), pairs_step=159543, pairs_total=22202784
[2026-03-01 16:38:08,001] INFO:fitness.free_loss_fidelity: RL4CO free-loss step 160/200: score=8.643847 (avg=9.458253), loss=0.554980 (avg=0.554087), pairs_step=158253, pairs_total=25369753
[2026-03-01 16:38:14,305] INFO:fitness.free_loss_fidelity: RL4CO free-loss step 180/200: score=8.573772 (avg=9.361003), loss=0.562333 (avg=0.555059), pairs_step=156924, pairs_total=28538233
[2026-03-01 16:38:20,630] INFO:fitness.free_loss_fidelity: RL4CO free-loss step 200/200: score=8.548997 (avg=9.279831), loss=0.565951 (avg=0.556271), pairs_step=158478, pairs_total=31706157
[2026-03-01 16:38:21,745] WARNING:fitness.free_loss_fidelity: weights_only checkpoint load failed (UnpicklingError); retrying weights_only=False for /data1/gushengda/eam-rl4co/baseline/epoch_135.ckpt
[2026-03-01 16:38:21,785] INFO:fitness.free_loss_fidelity: Loaded init checkpoint into policy: path=/data1/gushengda/eam-rl4co/baseline/epoch_135.ckpt prefix=policy. matched=97 missing=0 unexpected=0
[2026-03-01 16:38:21,791] INFO:fitness.free_loss_fidelity: RL4CO free-loss (step-mode): f1_steps=200, f2_steps=0, total_steps=200, train_problem_size=100, rollouts=100, batch_size=64, device=cuda:3, env=tsp
[2026-03-01 16:38:22,119] INFO:fitness.free_loss_fidelity: RL4CO free-loss step 1/200: score=7.803347 (avg=7.803347), loss=0.663759 (avg=0.663759), pairs_step=157875, pairs_total=157875
[2026-03-01 16:38:28,139] INFO:fitness.free_loss_fidelity: RL4CO free-loss step 20/200: score=7.778950 (avg=7.809610), loss=0.665385 (avg=0.663586), pairs_step=159202, pairs_total=3160568
[2026-03-01 16:38:34,462] INFO:fitness.free_loss_fidelity: RL4CO free-loss step 40/200: score=7.820557 (avg=7.804080), loss=0.668044 (avg=0.664992), pairs_step=153294, pairs_total=6317746
[2026-03-01 16:38:40,823] INFO:fitness.free_loss_fidelity: RL4CO free-loss step 60/200: score=7.817895 (avg=7.800732), loss=0.662295 (avg=0.664924), pairs_step=158127, pairs_total=9473189
[2026-03-01 16:38:47,153] INFO:fitness.free_loss_fidelity: RL4CO free-loss step 80/200: score=7.798606 (avg=7.799354), loss=0.659611 (avg=0.664635), pairs_step=156832, pairs_total=12624829
[2026-03-01 16:38:53,515] INFO:fitness.free_loss_fidelity: RL4CO free-loss step 100/200: score=7.760887 (avg=7.800566), loss=0.663458 (avg=0.664698), pairs_step=156809, pairs_total=15776151
[2026-03-01 16:38:59,890] INFO:fitness.free_loss_fidelity: RL4CO free-loss step 120/200: score=7.778506 (avg=7.802114), loss=0.663598 (avg=0.664713), pairs_step=157792, pairs_total=18931758
[2026-03-01 16:39:06,233] INFO:fitness.free_loss_fidelity: RL4CO free-loss step 140/200: score=7.837762 (avg=7.803229), loss=0.665284 (avg=0.664753), pairs_step=158094, pairs_total=22084737
[2026-03-01 16:39:12,591] INFO:fitness.free_loss_fidelity: RL4CO free-loss step 160/200: score=7.799452 (avg=7.802611), loss=0.668554 (avg=0.664800), pairs_step=158683, pairs_total=25251590
[2026-03-01 16:39:18,930] INFO:fitness.free_loss_fidelity: RL4CO free-loss step 180/200: score=7.786952 (avg=7.801599), loss=0.665323 (avg=0.664934), pairs_step=158290, pairs_total=28414049
[2026-03-01 16:39:25,274] INFO:fitness.free_loss_fidelity: RL4CO free-loss step 200/200: score=7.810757 (avg=7.800274), loss=0.657730 (avg=0.664836), pairs_step=156647, pairs_total=31577157
[2026-03-01 16:39:26,390] WARNING:fitness.free_loss_fidelity: weights_only checkpoint load failed (UnpicklingError); retrying weights_only=False for /data1/gushengda/eam-rl4co/baseline/epoch_409.ckpt
[2026-03-01 16:39:26,427] INFO:fitness.free_loss_fidelity: Loaded init checkpoint into policy: path=/data1/gushengda/eam-rl4co/baseline/epoch_409.ckpt prefix=policy. matched=97 missing=0 unexpected=0
[2026-03-01 16:39:26,432] INFO:fitness.free_loss_fidelity: RL4CO free-loss (step-mode): f1_steps=200, f2_steps=0, total_steps=200, train_problem_size=100, rollouts=100, batch_size=64, device=cuda:3, env=tsp
[2026-03-01 16:39:26,781] INFO:fitness.free_loss_fidelity: RL4CO free-loss step 1/200: score=7.807477 (avg=7.807477), loss=0.107652 (avg=0.107652), pairs_step=158679, pairs_total=158679
[2026-03-01 16:39:32,827] INFO:fitness.free_loss_fidelity: RL4CO free-loss step 20/200: score=7.785978 (avg=7.809643), loss=0.101229 (avg=0.100838), pairs_step=160746, pairs_total=3165944
[2026-03-01 16:39:39,171] INFO:fitness.free_loss_fidelity: RL4CO free-loss step 40/200: score=7.814239 (avg=7.803598), loss=0.098384 (avg=0.102105), pairs_step=158381, pairs_total=6320354
[2026-03-01 16:39:45,737] INFO:fitness.free_loss_fidelity: RL4CO free-loss step 60/200: score=7.813927 (avg=7.799477), loss=0.098534 (avg=0.100242), pairs_step=157295, pairs_total=9482467
[2026-03-01 16:39:52,070] INFO:fitness.free_loss_fidelity: RL4CO free-loss step 80/200: score=7.794306 (avg=7.798022), loss=0.095267 (avg=0.098875), pairs_step=158813, pairs_total=12642541
[2026-03-01 16:39:58,434] INFO:fitness.free_loss_fidelity: RL4CO free-loss step 100/200: score=7.753546 (avg=7.799016), loss=0.093766 (avg=0.098043), pairs_step=160807, pairs_total=15809825
[2026-03-01 16:40:04,775] INFO:fitness.free_loss_fidelity: RL4CO free-loss step 120/200: score=7.780878 (avg=7.800591), loss=0.093350 (avg=0.097106), pairs_step=157080, pairs_total=18960158
[2026-03-01 16:40:11,120] INFO:fitness.free_loss_fidelity: RL4CO free-loss step 140/200: score=7.826303 (avg=7.801379), loss=0.095014 (avg=0.096628), pairs_step=156002, pairs_total=22118691
[2026-03-01 16:40:18,114] INFO:fitness.free_loss_fidelity: RL4CO free-loss step 160/200: score=7.788810 (avg=7.800544), loss=0.089909 (avg=0.095792), pairs_step=160032, pairs_total=25274907
[2026-03-01 16:40:25,170] INFO:fitness.free_loss_fidelity: RL4CO free-loss step 180/200: score=7.785339 (avg=7.799343), loss=0.093115 (avg=0.095196), pairs_step=157211, pairs_total=28435419
[2026-03-01 16:40:31,603] INFO:fitness.free_loss_fidelity: RL4CO free-loss step 200/200: score=7.813995 (avg=7.798162), loss=0.091918 (avg=0.094865), pairs_step=158411, pairs_total=31598223
