[2026-03-01 10:42:46,768] INFO:fitness.free_loss_fidelity: Stage3 offline mini-train start gen=6 pair_index=2 K=200 seed=12345 valid_sizes=[100] baseline_json=baseline/mini_eval/baseline_minitrain_tsp100_K200.json
[2026-03-01 10:42:53,727] INFO:fitness.free_loss_fidelity: RL4CO free-loss (step-mode): f1_steps=200, f2_steps=0, total_steps=200, train_problem_size=100, rollouts=100, batch_size=64, device=cuda:3, env=tsp
[2026-03-01 10:42:55,047] INFO:fitness.free_loss_fidelity: RL4CO free-loss step 1/200: score=36.122910 (avg=36.122910), loss=0.970598 (avg=0.970598), pairs_step=316800, pairs_total=316800
[2026-03-01 10:43:01,122] INFO:fitness.free_loss_fidelity: RL4CO free-loss step 20/200: score=9.831461 (avg=12.606555), loss=0.798054 (avg=0.806477), pairs_step=316800, pairs_total=6336000
[2026-03-01 10:43:07,616] INFO:fitness.free_loss_fidelity: RL4CO free-loss step 40/200: score=9.359100 (avg=11.040457), loss=0.809278 (avg=0.805623), pairs_step=316800, pairs_total=12671999
[2026-03-01 10:43:13,839] INFO:fitness.free_loss_fidelity: RL4CO free-loss step 60/200: score=9.144051 (avg=10.432331), loss=0.797751 (avg=0.802880), pairs_step=316800, pairs_total=19007993
[2026-03-01 10:43:20,076] INFO:fitness.free_loss_fidelity: RL4CO free-loss step 80/200: score=8.914618 (avg=10.083263), loss=0.783761 (avg=0.799179), pairs_step=316800, pairs_total=25343992
[2026-03-01 10:43:26,291] INFO:fitness.free_loss_fidelity: RL4CO free-loss step 100/200: score=8.843127 (avg=9.846250), loss=0.781789 (avg=0.796829), pairs_step=316800, pairs_total=31679988
[2026-03-01 10:43:32,523] INFO:fitness.free_loss_fidelity: RL4CO free-loss step 120/200: score=8.748760 (avg=9.677248), loss=0.789240 (avg=0.794962), pairs_step=316800, pairs_total=38015981
[2026-03-01 10:43:38,767] INFO:fitness.free_loss_fidelity: RL4CO free-loss step 140/200: score=8.694304 (avg=9.541444), loss=0.794891 (avg=0.794727), pairs_step=316800, pairs_total=44351977
[2026-03-01 10:43:44,997] INFO:fitness.free_loss_fidelity: RL4CO free-loss step 160/200: score=8.592949 (avg=9.425713), loss=0.794118 (avg=0.794944), pairs_step=316800, pairs_total=50687972
[2026-03-01 10:43:51,213] INFO:fitness.free_loss_fidelity: RL4CO free-loss step 180/200: score=8.524416 (avg=9.328541), loss=0.805854 (avg=0.795776), pairs_step=316800, pairs_total=57023965
[2026-03-01 10:43:57,467] INFO:fitness.free_loss_fidelity: RL4CO free-loss step 200/200: score=8.520418 (avg=9.245681), loss=0.811197 (avg=0.797112), pairs_step=316800, pairs_total=63359957
[2026-03-01 10:43:58,570] WARNING:fitness.free_loss_fidelity: weights_only checkpoint load failed (UnpicklingError); retrying weights_only=False for /data1/gushengda/eam-rl4co/baseline/epoch_135.ckpt
[2026-03-01 10:43:58,624] INFO:fitness.free_loss_fidelity: Loaded init checkpoint into policy: path=/data1/gushengda/eam-rl4co/baseline/epoch_135.ckpt prefix=policy. matched=97 missing=0 unexpected=0
[2026-03-01 10:43:58,632] INFO:fitness.free_loss_fidelity: RL4CO free-loss (step-mode): f1_steps=200, f2_steps=0, total_steps=200, train_problem_size=100, rollouts=100, batch_size=64, device=cuda:3, env=tsp
[2026-03-01 10:43:58,972] INFO:fitness.free_loss_fidelity: RL4CO free-loss step 1/200: score=7.803347 (avg=7.803347), loss=0.862089 (avg=0.862089), pairs_step=315697, pairs_total=315697
[2026-03-01 10:44:04,917] INFO:fitness.free_loss_fidelity: RL4CO free-loss step 20/200: score=7.777533 (avg=7.810026), loss=0.859450 (avg=0.864970), pairs_step=315709, pairs_total=6315854
[2026-03-01 10:44:11,193] INFO:fitness.free_loss_fidelity: RL4CO free-loss step 40/200: score=7.818398 (avg=7.802561), loss=0.870167 (avg=0.865621), pairs_step=315652, pairs_total=12630630
[2026-03-01 10:44:17,480] INFO:fitness.free_loss_fidelity: RL4CO free-loss step 60/200: score=7.815084 (avg=7.799261), loss=0.874013 (avg=0.866688), pairs_step=315611, pairs_total=18942745
[2026-03-01 10:44:23,760] INFO:fitness.free_loss_fidelity: RL4CO free-loss step 80/200: score=7.803461 (avg=7.797849), loss=0.862533 (avg=0.866915), pairs_step=315757, pairs_total=25258120
[2026-03-01 10:44:30,024] INFO:fitness.free_loss_fidelity: RL4CO free-loss step 100/200: score=7.759266 (avg=7.798370), loss=0.866586 (avg=0.867632), pairs_step=315559, pairs_total=31571103
[2026-03-01 10:44:36,265] INFO:fitness.free_loss_fidelity: RL4CO free-loss step 120/200: score=7.775454 (avg=7.799912), loss=0.867265 (avg=0.867875), pairs_step=316047, pairs_total=37884105
[2026-03-01 10:44:42,517] INFO:fitness.free_loss_fidelity: RL4CO free-loss step 140/200: score=7.831069 (avg=7.801270), loss=0.871962 (avg=0.868144), pairs_step=315383, pairs_total=44197672
[2026-03-01 10:44:48,762] INFO:fitness.free_loss_fidelity: RL4CO free-loss step 160/200: score=7.796626 (avg=7.800772), loss=0.870196 (avg=0.868414), pairs_step=315131, pairs_total=50508953
[2026-03-01 10:44:54,984] INFO:fitness.free_loss_fidelity: RL4CO free-loss step 180/200: score=7.786401 (avg=7.799587), loss=0.871992 (avg=0.868636), pairs_step=315163, pairs_total=56820581
[2026-03-01 10:45:01,209] INFO:fitness.free_loss_fidelity: RL4CO free-loss step 200/200: score=7.806148 (avg=7.798415), loss=0.861947 (avg=0.868811), pairs_step=315136, pairs_total=63131945
[2026-03-01 10:45:02,316] WARNING:fitness.free_loss_fidelity: weights_only checkpoint load failed (UnpicklingError); retrying weights_only=False for /data1/gushengda/eam-rl4co/baseline/epoch_409.ckpt
[2026-03-01 10:45:02,359] INFO:fitness.free_loss_fidelity: Loaded init checkpoint into policy: path=/data1/gushengda/eam-rl4co/baseline/epoch_409.ckpt prefix=policy. matched=97 missing=0 unexpected=0
[2026-03-01 10:45:02,364] INFO:fitness.free_loss_fidelity: RL4CO free-loss (step-mode): f1_steps=200, f2_steps=0, total_steps=200, train_problem_size=100, rollouts=100, batch_size=64, device=cuda:3, env=tsp
[2026-03-01 10:45:02,703] INFO:fitness.free_loss_fidelity: RL4CO free-loss step 1/200: score=7.807477 (avg=7.807477), loss=0.265922 (avg=0.265922), pairs_step=315750, pairs_total=315750
[2026-03-01 10:45:08,620] INFO:fitness.free_loss_fidelity: RL4CO free-loss step 20/200: score=7.780860 (avg=7.809311), loss=0.265753 (avg=0.270091), pairs_step=316078, pairs_total=6319580
[2026-03-01 10:45:14,858] INFO:fitness.free_loss_fidelity: RL4CO free-loss step 40/200: score=7.818562 (avg=7.803173), loss=0.241617 (avg=0.262402), pairs_step=315971, pairs_total=12638773
[2026-03-01 10:45:21,107] INFO:fitness.free_loss_fidelity: RL4CO free-loss step 60/200: score=7.811053 (avg=7.799716), loss=0.250474 (avg=0.255944), pairs_step=315516, pairs_total=18953797
[2026-03-01 10:45:27,333] INFO:fitness.free_loss_fidelity: RL4CO free-loss step 80/200: score=7.797509 (avg=7.798396), loss=0.284534 (avg=0.258949), pairs_step=315730, pairs_total=25269765
[2026-03-01 10:45:33,564] INFO:fitness.free_loss_fidelity: RL4CO free-loss step 100/200: score=7.760730 (avg=7.798654), loss=0.301894 (avg=0.266832), pairs_step=315667, pairs_total=31586116
[2026-03-01 10:45:39,812] INFO:fitness.free_loss_fidelity: RL4CO free-loss step 120/200: score=7.777486 (avg=7.799952), loss=0.235820 (avg=0.265694), pairs_step=315777, pairs_total=37901906
[2026-03-01 10:45:46,043] INFO:fitness.free_loss_fidelity: RL4CO free-loss step 140/200: score=7.822448 (avg=7.800492), loss=0.239760 (avg=0.261030), pairs_step=315627, pairs_total=44218291
[2026-03-01 10:45:52,471] INFO:fitness.free_loss_fidelity: RL4CO free-loss step 160/200: score=7.795529 (avg=7.799710), loss=0.278934 (avg=0.260590), pairs_step=315882, pairs_total=50533721
[2026-03-01 10:45:58,711] INFO:fitness.free_loss_fidelity: RL4CO free-loss step 180/200: score=7.784810 (avg=7.798542), loss=0.306272 (avg=0.264683), pairs_step=315251, pairs_total=56846409
[2026-03-01 10:46:05,014] INFO:fitness.free_loss_fidelity: RL4CO free-loss step 200/200: score=7.814758 (avg=7.797349), loss=0.239762 (avg=0.265484), pairs_step=315413, pairs_total=63160575
