[2026-03-01 16:47:48,361] INFO:fitness.free_loss_fidelity: Stage3 offline mini-train start gen=17 pair_index=15 K=200 seed=12345 valid_sizes=[100] baseline_json=baseline/mini_eval/baseline_minitrain_tsp100_K200.json
[2026-03-01 16:47:48,393] INFO:fitness.free_loss_fidelity: RL4CO free-loss (step-mode): f1_steps=200, f2_steps=0, total_steps=200, train_problem_size=100, rollouts=100, batch_size=64, device=cuda:1, env=tsp
[2026-03-01 16:47:48,760] INFO:fitness.free_loss_fidelity: RL4CO free-loss step 1/200: score=36.122910 (avg=36.122910), loss=0.748179 (avg=0.748179), pairs_step=159213, pairs_total=159213
[2026-03-01 16:47:55,479] INFO:fitness.free_loss_fidelity: RL4CO free-loss step 20/200: score=9.892767 (avg=12.695829), loss=0.555828 (avg=0.565710), pairs_step=158191, pairs_total=3162962
[2026-03-01 16:48:02,555] INFO:fitness.free_loss_fidelity: RL4CO free-loss step 40/200: score=9.381299 (avg=11.092244), loss=0.563385 (avg=0.564163), pairs_step=159008, pairs_total=6330690
[2026-03-01 16:48:09,625] INFO:fitness.free_loss_fidelity: RL4CO free-loss step 60/200: score=9.156599 (avg=10.467889), loss=0.555932 (avg=0.562072), pairs_step=156391, pairs_total=9495985
[2026-03-01 16:48:16,701] INFO:fitness.free_loss_fidelity: RL4CO free-loss step 80/200: score=8.993196 (avg=10.115261), loss=0.535290 (avg=0.557452), pairs_step=157398, pairs_total=12662735
[2026-03-01 16:48:23,762] INFO:fitness.free_loss_fidelity: RL4CO free-loss step 100/200: score=8.866240 (avg=9.881422), loss=0.536837 (avg=0.554586), pairs_step=157382, pairs_total=15837688
[2026-03-01 16:48:30,835] INFO:fitness.free_loss_fidelity: RL4CO free-loss step 120/200: score=8.789295 (avg=9.710743), loss=0.545902 (avg=0.552764), pairs_step=157991, pairs_total=19010507
[2026-03-01 16:48:37,906] INFO:fitness.free_loss_fidelity: RL4CO free-loss step 140/200: score=8.717896 (avg=9.576322), loss=0.551285 (avg=0.551849), pairs_step=158217, pairs_total=22180773
[2026-03-01 16:48:44,964] INFO:fitness.free_loss_fidelity: RL4CO free-loss step 160/200: score=8.632688 (avg=9.463812), loss=0.559752 (avg=0.552186), pairs_step=160347, pairs_total=25339955
[2026-03-01 16:48:52,027] INFO:fitness.free_loss_fidelity: RL4CO free-loss step 180/200: score=8.571494 (avg=9.368112), loss=0.564195 (avg=0.553400), pairs_step=158489, pairs_total=28505129
[2026-03-01 16:48:59,108] INFO:fitness.free_loss_fidelity: RL4CO free-loss step 200/200: score=8.550261 (avg=9.286382), loss=0.571519 (avg=0.554545), pairs_step=156903, pairs_total=31674944
[2026-03-01 16:49:00,409] WARNING:fitness.free_loss_fidelity: weights_only checkpoint load failed (UnpicklingError); retrying weights_only=False for /data1/gushengda/eam-rl4co/baseline/epoch_135.ckpt
[2026-03-01 16:49:00,629] INFO:fitness.free_loss_fidelity: Loaded init checkpoint into policy: path=/data1/gushengda/eam-rl4co/baseline/epoch_135.ckpt prefix=policy. matched=97 missing=0 unexpected=0
[2026-03-01 16:49:00,635] INFO:fitness.free_loss_fidelity: RL4CO free-loss (step-mode): f1_steps=200, f2_steps=0, total_steps=200, train_problem_size=100, rollouts=100, batch_size=64, device=cuda:1, env=tsp
[2026-03-01 16:49:01,002] INFO:fitness.free_loss_fidelity: RL4CO free-loss step 1/200: score=7.803347 (avg=7.803347), loss=0.663759 (avg=0.663759), pairs_step=157875, pairs_total=157875
[2026-03-01 16:49:07,753] INFO:fitness.free_loss_fidelity: RL4CO free-loss step 20/200: score=7.781956 (avg=7.809923), loss=0.669662 (avg=0.664602), pairs_step=159357, pairs_total=3161148
[2026-03-01 16:49:14,822] INFO:fitness.free_loss_fidelity: RL4CO free-loss step 40/200: score=7.827663 (avg=7.804118), loss=0.666768 (avg=0.664513), pairs_step=155972, pairs_total=6302390
[2026-03-01 16:49:21,901] INFO:fitness.free_loss_fidelity: RL4CO free-loss step 60/200: score=7.815211 (avg=7.801071), loss=0.663428 (avg=0.664719), pairs_step=157131, pairs_total=9462347
[2026-03-01 16:49:28,943] INFO:fitness.free_loss_fidelity: RL4CO free-loss step 80/200: score=7.803593 (avg=7.799552), loss=0.663167 (avg=0.664584), pairs_step=160549, pairs_total=12618620
[2026-03-01 16:49:36,022] INFO:fitness.free_loss_fidelity: RL4CO free-loss step 100/200: score=7.762416 (avg=7.800227), loss=0.669072 (avg=0.664676), pairs_step=159246, pairs_total=15775142
[2026-03-01 16:49:43,091] INFO:fitness.free_loss_fidelity: RL4CO free-loss step 120/200: score=7.780184 (avg=7.801730), loss=0.664213 (avg=0.664659), pairs_step=159412, pairs_total=18927958
[2026-03-01 16:49:50,176] INFO:fitness.free_loss_fidelity: RL4CO free-loss step 140/200: score=7.827621 (avg=7.802674), loss=0.668883 (avg=0.664738), pairs_step=156789, pairs_total=22078783
[2026-03-01 16:49:57,247] INFO:fitness.free_loss_fidelity: RL4CO free-loss step 160/200: score=7.802035 (avg=7.802086), loss=0.663807 (avg=0.664649), pairs_step=159893, pairs_total=25243728
[2026-03-01 16:50:04,311] INFO:fitness.free_loss_fidelity: RL4CO free-loss step 180/200: score=7.791137 (avg=7.801066), loss=0.668394 (avg=0.664684), pairs_step=156468, pairs_total=28400374
[2026-03-01 16:50:11,375] INFO:fitness.free_loss_fidelity: RL4CO free-loss step 200/200: score=7.812122 (avg=7.800083), loss=0.661637 (avg=0.664820), pairs_step=159076, pairs_total=31562418
[2026-03-01 16:50:12,676] WARNING:fitness.free_loss_fidelity: weights_only checkpoint load failed (UnpicklingError); retrying weights_only=False for /data1/gushengda/eam-rl4co/baseline/epoch_409.ckpt
[2026-03-01 16:50:12,717] INFO:fitness.free_loss_fidelity: Loaded init checkpoint into policy: path=/data1/gushengda/eam-rl4co/baseline/epoch_409.ckpt prefix=policy. matched=97 missing=0 unexpected=0
[2026-03-01 16:50:12,722] INFO:fitness.free_loss_fidelity: RL4CO free-loss (step-mode): f1_steps=200, f2_steps=0, total_steps=200, train_problem_size=100, rollouts=100, batch_size=64, device=cuda:1, env=tsp
[2026-03-01 16:50:13,086] INFO:fitness.free_loss_fidelity: RL4CO free-loss step 1/200: score=7.807477 (avg=7.807477), loss=0.107652 (avg=0.107652), pairs_step=158679, pairs_total=158679
[2026-03-01 16:50:19,829] INFO:fitness.free_loss_fidelity: RL4CO free-loss step 20/200: score=7.786777 (avg=7.809467), loss=0.097912 (avg=0.102497), pairs_step=159140, pairs_total=3166700
[2026-03-01 16:50:26,897] INFO:fitness.free_loss_fidelity: RL4CO free-loss step 40/200: score=7.817226 (avg=7.803836), loss=0.097421 (avg=0.100480), pairs_step=157535, pairs_total=6321244
[2026-03-01 16:50:33,959] INFO:fitness.free_loss_fidelity: RL4CO free-loss step 60/200: score=7.815497 (avg=7.800382), loss=0.094522 (avg=0.097869), pairs_step=156432, pairs_total=9478992
[2026-03-01 16:50:41,032] INFO:fitness.free_loss_fidelity: RL4CO free-loss step 80/200: score=7.800745 (avg=7.798669), loss=0.089238 (avg=0.095919), pairs_step=159347, pairs_total=12639193
[2026-03-01 16:50:48,097] INFO:fitness.free_loss_fidelity: RL4CO free-loss step 100/200: score=7.756901 (avg=7.799202), loss=0.092948 (avg=0.094961), pairs_step=160053, pairs_total=15799483
[2026-03-01 16:50:55,160] INFO:fitness.free_loss_fidelity: RL4CO free-loss step 120/200: score=7.777015 (avg=7.800587), loss=0.092627 (avg=0.094697), pairs_step=155124, pairs_total=18953416
[2026-03-01 16:51:02,228] INFO:fitness.free_loss_fidelity: RL4CO free-loss step 140/200: score=7.823201 (avg=7.801547), loss=0.095651 (avg=0.094788), pairs_step=156171, pairs_total=22112317
[2026-03-01 16:51:09,288] INFO:fitness.free_loss_fidelity: RL4CO free-loss step 160/200: score=7.797016 (avg=7.800778), loss=0.090849 (avg=0.094741), pairs_step=160113, pairs_total=25268047
[2026-03-01 16:51:16,342] INFO:fitness.free_loss_fidelity: RL4CO free-loss step 180/200: score=7.786311 (avg=7.799735), loss=0.090238 (avg=0.094112), pairs_step=157229, pairs_total=28428676
[2026-03-01 16:51:23,408] INFO:fitness.free_loss_fidelity: RL4CO free-loss step 200/200: score=7.811670 (avg=7.798516), loss=0.089828 (avg=0.093961), pairs_step=156894, pairs_total=31587623
