[2026-03-01 14:47:46,804] INFO:fitness.free_loss_fidelity: Stage3 offline mini-train start gen=14 pair_index=23 K=200 seed=12345 valid_sizes=[100] baseline_json=baseline/mini_eval/baseline_minitrain_tsp100_K200.json
[2026-03-01 14:47:46,826] INFO:fitness.free_loss_fidelity: RL4CO free-loss (step-mode): f1_steps=200, f2_steps=0, total_steps=200, train_problem_size=100, rollouts=100, batch_size=64, device=cuda:3, env=tsp
[2026-03-01 14:47:47,147] INFO:fitness.free_loss_fidelity: RL4CO free-loss step 1/200: score=36.122910 (avg=36.122910), loss=0.748179 (avg=0.748179), pairs_step=159213, pairs_total=159213
[2026-03-01 14:47:53,240] INFO:fitness.free_loss_fidelity: RL4CO free-loss step 20/200: score=10.016345 (avg=12.702385), loss=0.546944 (avg=0.564206), pairs_step=158075, pairs_total=3165868
[2026-03-01 14:47:59,658] INFO:fitness.free_loss_fidelity: RL4CO free-loss step 40/200: score=9.419579 (avg=11.126435), loss=0.555890 (avg=0.562875), pairs_step=158409, pairs_total=6334436
[2026-03-01 14:48:06,080] INFO:fitness.free_loss_fidelity: RL4CO free-loss step 60/200: score=9.168016 (avg=10.493971), loss=0.541735 (avg=0.559625), pairs_step=159584, pairs_total=9516867
[2026-03-01 14:48:12,510] INFO:fitness.free_loss_fidelity: RL4CO free-loss step 80/200: score=8.967327 (avg=10.136158), loss=0.541713 (avg=0.555829), pairs_step=156476, pairs_total=12682342
[2026-03-01 14:48:18,927] INFO:fitness.free_loss_fidelity: RL4CO free-loss step 100/200: score=8.853830 (avg=9.897989), loss=0.535047 (avg=0.551666), pairs_step=158186, pairs_total=15844795
[2026-03-01 14:48:25,341] INFO:fitness.free_loss_fidelity: RL4CO free-loss step 120/200: score=8.775314 (avg=9.723812), loss=0.537530 (avg=0.549603), pairs_step=157087, pairs_total=19012749
[2026-03-01 14:48:31,778] INFO:fitness.free_loss_fidelity: RL4CO free-loss step 140/200: score=8.799158 (avg=9.585376), loss=0.541487 (avg=0.549483), pairs_step=158444, pairs_total=22181087
[2026-03-01 14:48:38,193] INFO:fitness.free_loss_fidelity: RL4CO free-loss step 160/200: score=8.704161 (avg=9.474810), loss=0.551312 (avg=0.549888), pairs_step=156720, pairs_total=25348030
[2026-03-01 14:48:44,622] INFO:fitness.free_loss_fidelity: RL4CO free-loss step 180/200: score=8.559362 (avg=9.380204), loss=0.561731 (avg=0.551039), pairs_step=159411, pairs_total=28510055
[2026-03-01 14:48:51,239] INFO:fitness.free_loss_fidelity: RL4CO free-loss step 200/200: score=8.560822 (avg=9.297795), loss=0.575210 (avg=0.552453), pairs_step=158104, pairs_total=31676014
[2026-03-01 14:48:52,346] WARNING:fitness.free_loss_fidelity: weights_only checkpoint load failed (UnpicklingError); retrying weights_only=False for /data1/gushengda/eam-rl4co/baseline/epoch_135.ckpt
[2026-03-01 14:48:52,384] INFO:fitness.free_loss_fidelity: Loaded init checkpoint into policy: path=/data1/gushengda/eam-rl4co/baseline/epoch_135.ckpt prefix=policy. matched=97 missing=0 unexpected=0
[2026-03-01 14:48:52,390] INFO:fitness.free_loss_fidelity: RL4CO free-loss (step-mode): f1_steps=200, f2_steps=0, total_steps=200, train_problem_size=100, rollouts=100, batch_size=64, device=cuda:3, env=tsp
[2026-03-01 14:48:52,723] INFO:fitness.free_loss_fidelity: RL4CO free-loss step 1/200: score=7.803347 (avg=7.803347), loss=0.663759 (avg=0.663759), pairs_step=157875, pairs_total=157875
[2026-03-01 14:48:58,817] INFO:fitness.free_loss_fidelity: RL4CO free-loss step 20/200: score=7.783481 (avg=7.809336), loss=0.664972 (avg=0.663440), pairs_step=159070, pairs_total=3162170
[2026-03-01 14:49:05,225] INFO:fitness.free_loss_fidelity: RL4CO free-loss step 40/200: score=7.818877 (avg=7.804063), loss=0.669429 (avg=0.664266), pairs_step=156912, pairs_total=6319192
[2026-03-01 14:49:11,635] INFO:fitness.free_loss_fidelity: RL4CO free-loss step 60/200: score=7.813902 (avg=7.800771), loss=0.668220 (avg=0.664868), pairs_step=158995, pairs_total=9468246
[2026-03-01 14:49:18,050] INFO:fitness.free_loss_fidelity: RL4CO free-loss step 80/200: score=7.799569 (avg=7.799533), loss=0.661649 (avg=0.665059), pairs_step=159537, pairs_total=12625432
[2026-03-01 14:49:24,467] INFO:fitness.free_loss_fidelity: RL4CO free-loss step 100/200: score=7.757377 (avg=7.800221), loss=0.667062 (avg=0.665005), pairs_step=154935, pairs_total=15762559
[2026-03-01 14:49:30,881] INFO:fitness.free_loss_fidelity: RL4CO free-loss step 120/200: score=7.776125 (avg=7.801768), loss=0.665681 (avg=0.665079), pairs_step=156549, pairs_total=18920597
[2026-03-01 14:49:37,233] INFO:fitness.free_loss_fidelity: RL4CO free-loss step 140/200: score=7.832995 (avg=7.803129), loss=0.667766 (avg=0.665158), pairs_step=159374, pairs_total=22069241
[2026-03-01 14:49:44,163] INFO:fitness.free_loss_fidelity: RL4CO free-loss step 160/200: score=7.795765 (avg=7.802319), loss=0.664073 (avg=0.665167), pairs_step=158727, pairs_total=25228018
[2026-03-01 14:49:51,352] INFO:fitness.free_loss_fidelity: RL4CO free-loss step 180/200: score=7.781627 (avg=7.801245), loss=0.662763 (avg=0.665014), pairs_step=155832, pairs_total=28377540
[2026-03-01 14:49:58,557] INFO:fitness.free_loss_fidelity: RL4CO free-loss step 200/200: score=7.810769 (avg=7.800035), loss=0.660257 (avg=0.664951), pairs_step=158433, pairs_total=31537581
[2026-03-01 14:49:59,666] WARNING:fitness.free_loss_fidelity: weights_only checkpoint load failed (UnpicklingError); retrying weights_only=False for /data1/gushengda/eam-rl4co/baseline/epoch_409.ckpt
[2026-03-01 14:49:59,705] INFO:fitness.free_loss_fidelity: Loaded init checkpoint into policy: path=/data1/gushengda/eam-rl4co/baseline/epoch_409.ckpt prefix=policy. matched=97 missing=0 unexpected=0
[2026-03-01 14:49:59,711] INFO:fitness.free_loss_fidelity: RL4CO free-loss (step-mode): f1_steps=200, f2_steps=0, total_steps=200, train_problem_size=100, rollouts=100, batch_size=64, device=cuda:3, env=tsp
[2026-03-01 14:50:00,078] INFO:fitness.free_loss_fidelity: RL4CO free-loss step 1/200: score=7.807477 (avg=7.807477), loss=0.107652 (avg=0.107652), pairs_step=158679, pairs_total=158679
[2026-03-01 14:50:06,315] INFO:fitness.free_loss_fidelity: RL4CO free-loss step 20/200: score=7.780876 (avg=7.809659), loss=0.104242 (avg=0.102557), pairs_step=160437, pairs_total=3166097
[2026-03-01 14:50:12,789] INFO:fitness.free_loss_fidelity: RL4CO free-loss step 40/200: score=7.817757 (avg=7.804380), loss=0.106617 (avg=0.104393), pairs_step=158375, pairs_total=6318397
[2026-03-01 14:50:19,107] INFO:fitness.free_loss_fidelity: RL4CO free-loss step 60/200: score=7.813951 (avg=7.800899), loss=0.097594 (avg=0.102617), pairs_step=156536, pairs_total=9479609
[2026-03-01 14:50:25,410] INFO:fitness.free_loss_fidelity: RL4CO free-loss step 80/200: score=7.800772 (avg=7.799486), loss=0.096118 (avg=0.100344), pairs_step=159690, pairs_total=12637929
[2026-03-01 14:50:31,712] INFO:fitness.free_loss_fidelity: RL4CO free-loss step 100/200: score=7.761720 (avg=7.800162), loss=0.098510 (avg=0.099797), pairs_step=160438, pairs_total=15798985
[2026-03-01 14:50:38,017] INFO:fitness.free_loss_fidelity: RL4CO free-loss step 120/200: score=7.776123 (avg=7.801524), loss=0.099449 (avg=0.100122), pairs_step=156714, pairs_total=18952934
[2026-03-01 14:50:44,327] INFO:fitness.free_loss_fidelity: RL4CO free-loss step 140/200: score=7.829392 (avg=7.802535), loss=0.108826 (avg=0.100829), pairs_step=157073, pairs_total=22115698
[2026-03-01 14:50:50,737] INFO:fitness.free_loss_fidelity: RL4CO free-loss step 160/200: score=7.801420 (avg=7.801756), loss=0.105278 (avg=0.101368), pairs_step=159552, pairs_total=25274054
[2026-03-01 14:50:57,121] INFO:fitness.free_loss_fidelity: RL4CO free-loss step 180/200: score=7.786814 (avg=7.800667), loss=0.107707 (avg=0.101960), pairs_step=156949, pairs_total=28432150
[2026-03-01 14:51:03,517] INFO:fitness.free_loss_fidelity: RL4CO free-loss step 200/200: score=7.818604 (avg=7.799657), loss=0.102935 (avg=0.102520), pairs_step=157787, pairs_total=31584336
