[2026-03-01 09:02:42,679] INFO:fitness.free_loss_fidelity: Stage3 offline mini-train start gen=1 pair_index=1 K=200 seed=12345 valid_sizes=[100] baseline_json=baseline/mini_eval/baseline_minitrain_tsp100_K200.json
[2026-03-01 09:02:50,075] INFO:fitness.free_loss_fidelity: RL4CO free-loss (step-mode): f1_steps=200, f2_steps=0, total_steps=200, train_problem_size=100, rollouts=100, batch_size=64, device=cuda:1, env=tsp
[2026-03-01 09:02:51,570] INFO:fitness.free_loss_fidelity: RL4CO free-loss step 1/200: score=36.122910 (avg=36.122910), loss=0.858542 (avg=0.858542), pairs_step=316800, pairs_total=316800
[2026-03-01 09:02:59,040] INFO:fitness.free_loss_fidelity: RL4CO free-loss step 20/200: score=10.004092 (avg=12.851885), loss=0.602114 (avg=0.627762), pairs_step=316800, pairs_total=6335998
[2026-03-01 09:03:06,167] INFO:fitness.free_loss_fidelity: RL4CO free-loss step 40/200: score=9.426263 (avg=11.224802), loss=0.595241 (avg=0.613444), pairs_step=316798, pairs_total=12671991
[2026-03-01 09:03:13,174] INFO:fitness.free_loss_fidelity: RL4CO free-loss step 60/200: score=9.249144 (avg=10.578957), loss=0.579860 (avg=0.606058), pairs_step=316800, pairs_total=19007989
[2026-03-01 09:03:20,181] INFO:fitness.free_loss_fidelity: RL4CO free-loss step 80/200: score=9.049254 (avg=10.207119), loss=0.583413 (avg=0.599721), pairs_step=316800, pairs_total=25343986
[2026-03-01 09:03:27,181] INFO:fitness.free_loss_fidelity: RL4CO free-loss step 100/200: score=8.928362 (avg=9.969387), loss=0.572491 (avg=0.594929), pairs_step=316800, pairs_total=31679984
[2026-03-01 09:03:34,198] INFO:fitness.free_loss_fidelity: RL4CO free-loss step 120/200: score=8.849768 (avg=9.798905), loss=0.582889 (avg=0.592282), pairs_step=316800, pairs_total=38015979
[2026-03-01 09:03:41,207] INFO:fitness.free_loss_fidelity: RL4CO free-loss step 140/200: score=8.880623 (avg=9.667844), loss=0.576646 (avg=0.590424), pairs_step=316800, pairs_total=44351976
[2026-03-01 09:03:48,231] INFO:fitness.free_loss_fidelity: RL4CO free-loss step 160/200: score=8.730296 (avg=9.559819), loss=0.579099 (avg=0.589314), pairs_step=316800, pairs_total=50687970
[2026-03-01 09:03:55,255] INFO:fitness.free_loss_fidelity: RL4CO free-loss step 180/200: score=8.686514 (avg=9.465670), loss=0.587250 (avg=0.589245), pairs_step=316799, pairs_total=57023965
[2026-03-01 09:04:02,306] INFO:fitness.free_loss_fidelity: RL4CO free-loss step 200/200: score=8.668238 (avg=9.385284), loss=0.595913 (avg=0.589338), pairs_step=316800, pairs_total=63359961
[2026-03-01 09:04:03,617] WARNING:fitness.free_loss_fidelity: weights_only checkpoint load failed (UnpicklingError); retrying weights_only=False for /data1/gushengda/eam-rl4co/baseline/epoch_135.ckpt
[2026-03-01 09:04:03,668] INFO:fitness.free_loss_fidelity: Loaded init checkpoint into policy: path=/data1/gushengda/eam-rl4co/baseline/epoch_135.ckpt prefix=policy. matched=97 missing=0 unexpected=0
[2026-03-01 09:04:03,674] INFO:fitness.free_loss_fidelity: RL4CO free-loss (step-mode): f1_steps=200, f2_steps=0, total_steps=200, train_problem_size=100, rollouts=100, batch_size=64, device=cuda:1, env=tsp
[2026-03-01 09:04:04,057] INFO:fitness.free_loss_fidelity: RL4CO free-loss step 1/200: score=7.803347 (avg=7.803347), loss=0.675242 (avg=0.675242), pairs_step=315697, pairs_total=315697
[2026-03-01 09:04:10,770] INFO:fitness.free_loss_fidelity: RL4CO free-loss step 20/200: score=7.777056 (avg=7.809681), loss=0.674169 (avg=0.675077), pairs_step=315581, pairs_total=6316098
[2026-03-01 09:04:17,817] INFO:fitness.free_loss_fidelity: RL4CO free-loss step 40/200: score=7.821513 (avg=7.803662), loss=0.677001 (avg=0.674752), pairs_step=315838, pairs_total=12631311
[2026-03-01 09:04:24,878] INFO:fitness.free_loss_fidelity: RL4CO free-loss step 60/200: score=7.814414 (avg=7.800395), loss=0.674911 (avg=0.674561), pairs_step=315577, pairs_total=18946693
[2026-03-01 09:04:31,912] INFO:fitness.free_loss_fidelity: RL4CO free-loss step 80/200: score=7.797946 (avg=7.798474), loss=0.674492 (avg=0.674441), pairs_step=315823, pairs_total=25261871
[2026-03-01 09:04:38,955] INFO:fitness.free_loss_fidelity: RL4CO free-loss step 100/200: score=7.750352 (avg=7.799032), loss=0.672818 (avg=0.674212), pairs_step=315819, pairs_total=31576570
[2026-03-01 09:04:46,003] INFO:fitness.free_loss_fidelity: RL4CO free-loss step 120/200: score=7.772962 (avg=7.800284), loss=0.671103 (avg=0.673870), pairs_step=315301, pairs_total=37889580
[2026-03-01 09:04:53,051] INFO:fitness.free_loss_fidelity: RL4CO free-loss step 140/200: score=7.829176 (avg=7.801169), loss=0.672439 (avg=0.673794), pairs_step=315059, pairs_total=44202078
[2026-03-01 09:05:00,123] INFO:fitness.free_loss_fidelity: RL4CO free-loss step 160/200: score=7.794818 (avg=7.800589), loss=0.670375 (avg=0.673683), pairs_step=315141, pairs_total=50515365
[2026-03-01 09:05:07,183] INFO:fitness.free_loss_fidelity: RL4CO free-loss step 180/200: score=7.789035 (avg=7.799591), loss=0.673594 (avg=0.673607), pairs_step=315214, pairs_total=56828782
[2026-03-01 09:05:14,254] INFO:fitness.free_loss_fidelity: RL4CO free-loss step 200/200: score=7.805788 (avg=7.798335), loss=0.673282 (avg=0.673512), pairs_step=315823, pairs_total=63141947
[2026-03-01 09:05:15,564] WARNING:fitness.free_loss_fidelity: weights_only checkpoint load failed (UnpicklingError); retrying weights_only=False for /data1/gushengda/eam-rl4co/baseline/epoch_409.ckpt
[2026-03-01 09:05:15,609] INFO:fitness.free_loss_fidelity: Loaded init checkpoint into policy: path=/data1/gushengda/eam-rl4co/baseline/epoch_409.ckpt prefix=policy. matched=97 missing=0 unexpected=0
[2026-03-01 09:05:15,615] INFO:fitness.free_loss_fidelity: RL4CO free-loss (step-mode): f1_steps=200, f2_steps=0, total_steps=200, train_problem_size=100, rollouts=100, batch_size=64, device=cuda:1, env=tsp
[2026-03-01 09:05:15,999] INFO:fitness.free_loss_fidelity: RL4CO free-loss step 1/200: score=7.807477 (avg=7.807477), loss=0.204960 (avg=0.204960), pairs_step=315750, pairs_total=315750
[2026-03-01 09:05:22,715] INFO:fitness.free_loss_fidelity: RL4CO free-loss step 20/200: score=7.781687 (avg=7.807869), loss=0.190304 (avg=0.196618), pairs_step=315934, pairs_total=6318511
[2026-03-01 09:05:29,767] INFO:fitness.free_loss_fidelity: RL4CO free-loss step 40/200: score=7.816874 (avg=7.801257), loss=0.193086 (avg=0.195107), pairs_step=316103, pairs_total=12637489
[2026-03-01 09:05:36,846] INFO:fitness.free_loss_fidelity: RL4CO free-loss step 60/200: score=7.814188 (avg=7.797450), loss=0.206860 (avg=0.196572), pairs_step=315763, pairs_total=18956682
[2026-03-01 09:05:43,909] INFO:fitness.free_loss_fidelity: RL4CO free-loss step 80/200: score=7.795876 (avg=7.796430), loss=0.214152 (avg=0.199750), pairs_step=315693, pairs_total=25274125
[2026-03-01 09:05:50,983] INFO:fitness.free_loss_fidelity: RL4CO free-loss step 100/200: score=7.760635 (avg=7.797297), loss=0.200705 (avg=0.200936), pairs_step=315596, pairs_total=31592587
[2026-03-01 09:05:58,034] INFO:fitness.free_loss_fidelity: RL4CO free-loss step 120/200: score=7.772806 (avg=7.798599), loss=0.185970 (avg=0.199728), pairs_step=315775, pairs_total=37911609
[2026-03-01 09:06:05,127] INFO:fitness.free_loss_fidelity: RL4CO free-loss step 140/200: score=7.826663 (avg=7.799543), loss=0.193464 (avg=0.198168), pairs_step=315584, pairs_total=44227015
[2026-03-01 09:06:12,485] INFO:fitness.free_loss_fidelity: RL4CO free-loss step 160/200: score=7.793190 (avg=7.798838), loss=0.198842 (avg=0.197676), pairs_step=316012, pairs_total=50543513
[2026-03-01 09:06:19,553] INFO:fitness.free_loss_fidelity: RL4CO free-loss step 180/200: score=7.780856 (avg=7.797592), loss=0.199607 (avg=0.198153), pairs_step=315345, pairs_total=56858926
[2026-03-01 09:06:26,621] INFO:fitness.free_loss_fidelity: RL4CO free-loss step 200/200: score=7.811219 (avg=7.796398), loss=0.196957 (avg=0.198462), pairs_step=315738, pairs_total=63173991
