[2026-03-01 11:37:51,577] INFO:fitness.free_loss_fidelity: Stage3 offline mini-train start gen=8 pair_index=16 K=200 seed=12345 valid_sizes=[100] baseline_json=baseline/mini_eval/baseline_minitrain_tsp100_K200.json
[2026-03-01 11:37:51,595] INFO:fitness.free_loss_fidelity: RL4CO free-loss (step-mode): f1_steps=200, f2_steps=0, total_steps=200, train_problem_size=100, rollouts=100, batch_size=64, device=cuda:1, env=tsp
[2026-03-01 11:37:51,929] INFO:fitness.free_loss_fidelity: RL4CO free-loss step 1/200: score=36.122910 (avg=36.122910), loss=0.994583 (avg=0.994583), pairs_step=316800, pairs_total=316800
[2026-03-01 11:37:58,105] INFO:fitness.free_loss_fidelity: RL4CO free-loss step 20/200: score=9.839007 (avg=12.599706), loss=0.813968 (avg=0.825495), pairs_step=316799, pairs_total=6335997
[2026-03-01 11:38:04,613] INFO:fitness.free_loss_fidelity: RL4CO free-loss step 40/200: score=9.329442 (avg=11.032729), loss=0.823852 (avg=0.825945), pairs_step=316800, pairs_total=12671994
[2026-03-01 11:38:11,145] INFO:fitness.free_loss_fidelity: RL4CO free-loss step 60/200: score=9.110076 (avg=10.418038), loss=0.813942 (avg=0.823745), pairs_step=316800, pairs_total=19007991
[2026-03-01 11:38:17,822] INFO:fitness.free_loss_fidelity: RL4CO free-loss step 80/200: score=8.923752 (avg=10.066560), loss=0.808239 (avg=0.820292), pairs_step=316800, pairs_total=25343986
[2026-03-01 11:38:24,321] INFO:fitness.free_loss_fidelity: RL4CO free-loss step 100/200: score=8.814401 (avg=9.832497), loss=0.807214 (avg=0.817831), pairs_step=316800, pairs_total=31679983
[2026-03-01 11:38:30,811] INFO:fitness.free_loss_fidelity: RL4CO free-loss step 120/200: score=8.702030 (avg=9.661196), loss=0.816951 (avg=0.816912), pairs_step=316800, pairs_total=38015980
[2026-03-01 11:38:37,307] INFO:fitness.free_loss_fidelity: RL4CO free-loss step 140/200: score=8.694782 (avg=9.527556), loss=0.814475 (avg=0.816788), pairs_step=316799, pairs_total=44351973
[2026-03-01 11:38:43,801] INFO:fitness.free_loss_fidelity: RL4CO free-loss step 160/200: score=8.569095 (avg=9.413774), loss=0.825911 (avg=0.817574), pairs_step=316799, pairs_total=50687969
[2026-03-01 11:38:50,306] INFO:fitness.free_loss_fidelity: RL4CO free-loss step 180/200: score=8.504196 (avg=9.317008), loss=0.830231 (avg=0.818727), pairs_step=316799, pairs_total=57023961
[2026-03-01 11:38:56,820] INFO:fitness.free_loss_fidelity: RL4CO free-loss step 200/200: score=8.496630 (avg=9.234141), loss=0.830642 (avg=0.820157), pairs_step=316800, pairs_total=63359959
[2026-03-01 11:38:57,938] WARNING:fitness.free_loss_fidelity: weights_only checkpoint load failed (UnpicklingError); retrying weights_only=False for /data1/gushengda/eam-rl4co/baseline/epoch_135.ckpt
[2026-03-01 11:38:57,983] INFO:fitness.free_loss_fidelity: Loaded init checkpoint into policy: path=/data1/gushengda/eam-rl4co/baseline/epoch_135.ckpt prefix=policy. matched=97 missing=0 unexpected=0
[2026-03-01 11:38:57,988] INFO:fitness.free_loss_fidelity: RL4CO free-loss (step-mode): f1_steps=200, f2_steps=0, total_steps=200, train_problem_size=100, rollouts=100, batch_size=64, device=cuda:1, env=tsp
[2026-03-01 11:38:58,327] INFO:fitness.free_loss_fidelity: RL4CO free-loss step 1/200: score=7.803347 (avg=7.803347), loss=0.886840 (avg=0.886840), pairs_step=315697, pairs_total=315697
[2026-03-01 11:39:04,506] INFO:fitness.free_loss_fidelity: RL4CO free-loss step 20/200: score=7.783071 (avg=7.808214), loss=0.899724 (avg=0.896868), pairs_step=315797, pairs_total=6316045
[2026-03-01 11:39:10,816] INFO:fitness.free_loss_fidelity: RL4CO free-loss step 40/200: score=7.817763 (avg=7.803004), loss=0.896367 (avg=0.899952), pairs_step=315789, pairs_total=12631037
[2026-03-01 11:39:17,086] INFO:fitness.free_loss_fidelity: RL4CO free-loss step 60/200: score=7.817616 (avg=7.799913), loss=0.905942 (avg=0.900668), pairs_step=315405, pairs_total=18941960
[2026-03-01 11:39:23,351] INFO:fitness.free_loss_fidelity: RL4CO free-loss step 80/200: score=7.798095 (avg=7.798543), loss=0.898147 (avg=0.900873), pairs_step=315919, pairs_total=25257765
[2026-03-01 11:39:29,779] INFO:fitness.free_loss_fidelity: RL4CO free-loss step 100/200: score=7.763266 (avg=7.799513), loss=0.912025 (avg=0.901510), pairs_step=315697, pairs_total=31571512
[2026-03-01 11:39:36,285] INFO:fitness.free_loss_fidelity: RL4CO free-loss step 120/200: score=7.773011 (avg=7.800820), loss=0.896773 (avg=0.901700), pairs_step=315491, pairs_total=37883448
[2026-03-01 11:39:42,788] INFO:fitness.free_loss_fidelity: RL4CO free-loss step 140/200: score=7.829844 (avg=7.801866), loss=0.903592 (avg=0.901802), pairs_step=315123, pairs_total=44194456
[2026-03-01 11:39:49,295] INFO:fitness.free_loss_fidelity: RL4CO free-loss step 160/200: score=7.799630 (avg=7.801389), loss=0.904762 (avg=0.902031), pairs_step=315240, pairs_total=50505043
[2026-03-01 11:39:55,814] INFO:fitness.free_loss_fidelity: RL4CO free-loss step 180/200: score=7.786658 (avg=7.800257), loss=0.901025 (avg=0.902602), pairs_step=315158, pairs_total=56814581
[2026-03-01 11:40:02,319] INFO:fitness.free_loss_fidelity: RL4CO free-loss step 200/200: score=7.812383 (avg=7.799211), loss=0.892629 (avg=0.902600), pairs_step=315469, pairs_total=63126121
[2026-03-01 11:40:03,438] WARNING:fitness.free_loss_fidelity: weights_only checkpoint load failed (UnpicklingError); retrying weights_only=False for /data1/gushengda/eam-rl4co/baseline/epoch_409.ckpt
[2026-03-01 11:40:03,475] INFO:fitness.free_loss_fidelity: Loaded init checkpoint into policy: path=/data1/gushengda/eam-rl4co/baseline/epoch_409.ckpt prefix=policy. matched=97 missing=0 unexpected=0
[2026-03-01 11:40:03,481] INFO:fitness.free_loss_fidelity: RL4CO free-loss (step-mode): f1_steps=200, f2_steps=0, total_steps=200, train_problem_size=100, rollouts=100, batch_size=64, device=cuda:1, env=tsp
[2026-03-01 11:40:03,829] INFO:fitness.free_loss_fidelity: RL4CO free-loss step 1/200: score=7.807477 (avg=7.807477), loss=0.257347 (avg=0.257347), pairs_step=315750, pairs_total=315750
[2026-03-01 11:40:10,078] INFO:fitness.free_loss_fidelity: RL4CO free-loss step 20/200: score=7.779962 (avg=7.808557), loss=0.256535 (avg=0.263998), pairs_step=315748, pairs_total=6316382
[2026-03-01 11:40:16,576] INFO:fitness.free_loss_fidelity: RL4CO free-loss step 40/200: score=7.809747 (avg=7.801846), loss=0.241958 (avg=0.255443), pairs_step=316019, pairs_total=12632927
[2026-03-01 11:40:23,067] INFO:fitness.free_loss_fidelity: RL4CO free-loss step 60/200: score=7.808948 (avg=7.798360), loss=0.245857 (avg=0.249709), pairs_step=315442, pairs_total=18947404
[2026-03-01 11:40:29,557] INFO:fitness.free_loss_fidelity: RL4CO free-loss step 80/200: score=7.797443 (avg=7.796973), loss=0.308168 (avg=0.253859), pairs_step=315934, pairs_total=25262851
[2026-03-01 11:40:36,049] INFO:fitness.free_loss_fidelity: RL4CO free-loss step 100/200: score=7.750805 (avg=7.797552), loss=0.346512 (avg=0.271714), pairs_step=315675, pairs_total=31579524
[2026-03-01 11:40:42,543] INFO:fitness.free_loss_fidelity: RL4CO free-loss step 120/200: score=7.780802 (avg=7.799001), loss=0.238125 (avg=0.274164), pairs_step=315746, pairs_total=37896535
[2026-03-01 11:40:49,032] INFO:fitness.free_loss_fidelity: RL4CO free-loss step 140/200: score=7.822234 (avg=7.799917), loss=0.240119 (avg=0.268540), pairs_step=315878, pairs_total=44213736
[2026-03-01 11:40:55,722] INFO:fitness.free_loss_fidelity: RL4CO free-loss step 160/200: score=7.788088 (avg=7.799098), loss=0.259224 (avg=0.265890), pairs_step=315874, pairs_total=50528278
[2026-03-01 11:41:02,219] INFO:fitness.free_loss_fidelity: RL4CO free-loss step 180/200: score=7.776386 (avg=7.797865), loss=0.275944 (avg=0.266173), pairs_step=315535, pairs_total=56840677
[2026-03-01 11:41:08,769] INFO:fitness.free_loss_fidelity: RL4CO free-loss step 200/200: score=7.813140 (avg=7.796661), loss=0.259644 (avg=0.267008), pairs_step=315345, pairs_total=63154110
