[2026-03-01 16:43:49,068] INFO:fitness.free_loss_fidelity: Stage3 offline mini-train start gen=17 pair_index=10 K=200 seed=12345 valid_sizes=[100] baseline_json=baseline/mini_eval/baseline_minitrain_tsp100_K200.json
[2026-03-01 16:43:49,087] INFO:fitness.free_loss_fidelity: RL4CO free-loss (step-mode): f1_steps=200, f2_steps=0, total_steps=200, train_problem_size=100, rollouts=100, batch_size=64, device=cuda:0, env=tsp
[2026-03-01 16:43:49,427] INFO:fitness.free_loss_fidelity: RL4CO free-loss step 1/200: score=36.122910 (avg=36.122910), loss=0.748179 (avg=0.748179), pairs_step=159213, pairs_total=159213
[2026-03-01 16:43:55,537] INFO:fitness.free_loss_fidelity: RL4CO free-loss step 20/200: score=9.880704 (avg=12.656466), loss=0.558241 (avg=0.563816), pairs_step=160670, pairs_total=3167076
[2026-03-01 16:44:01,902] INFO:fitness.free_loss_fidelity: RL4CO free-loss step 40/200: score=9.382779 (avg=11.072664), loss=0.565324 (avg=0.564091), pairs_step=157070, pairs_total=6331517
[2026-03-01 16:44:08,230] INFO:fitness.free_loss_fidelity: RL4CO free-loss step 60/200: score=9.159408 (avg=10.451278), loss=0.551006 (avg=0.562586), pairs_step=156721, pairs_total=9504721
[2026-03-01 16:44:14,560] INFO:fitness.free_loss_fidelity: RL4CO free-loss step 80/200: score=8.975215 (avg=10.096062), loss=0.546426 (avg=0.558416), pairs_step=159034, pairs_total=12668941
[2026-03-01 16:44:20,898] INFO:fitness.free_loss_fidelity: RL4CO free-loss step 100/200: score=8.849266 (avg=9.863232), loss=0.550692 (avg=0.556058), pairs_step=156916, pairs_total=15838360
[2026-03-01 16:44:27,238] INFO:fitness.free_loss_fidelity: RL4CO free-loss step 120/200: score=8.712301 (avg=9.691364), loss=0.555593 (avg=0.554888), pairs_step=160035, pairs_total=19008501
[2026-03-01 16:44:33,741] INFO:fitness.free_loss_fidelity: RL4CO free-loss step 140/200: score=8.735537 (avg=9.556583), loss=0.551617 (avg=0.554330), pairs_step=156066, pairs_total=22172675
[2026-03-01 16:44:40,849] INFO:fitness.free_loss_fidelity: RL4CO free-loss step 160/200: score=8.653238 (avg=9.444092), loss=0.555085 (avg=0.554994), pairs_step=158993, pairs_total=25337229
[2026-03-01 16:44:47,925] INFO:fitness.free_loss_fidelity: RL4CO free-loss step 180/200: score=8.543971 (avg=9.348019), loss=0.567787 (avg=0.555964), pairs_step=158289, pairs_total=28509679
[2026-03-01 16:44:54,980] INFO:fitness.free_loss_fidelity: RL4CO free-loss step 200/200: score=8.549309 (avg=9.266312), loss=0.570732 (avg=0.557316), pairs_step=160675, pairs_total=31683239
[2026-03-01 16:44:56,082] WARNING:fitness.free_loss_fidelity: weights_only checkpoint load failed (UnpicklingError); retrying weights_only=False for /data1/gushengda/eam-rl4co/baseline/epoch_135.ckpt
[2026-03-01 16:44:56,119] INFO:fitness.free_loss_fidelity: Loaded init checkpoint into policy: path=/data1/gushengda/eam-rl4co/baseline/epoch_135.ckpt prefix=policy. matched=97 missing=0 unexpected=0
[2026-03-01 16:44:56,124] INFO:fitness.free_loss_fidelity: RL4CO free-loss (step-mode): f1_steps=200, f2_steps=0, total_steps=200, train_problem_size=100, rollouts=100, batch_size=64, device=cuda:0, env=tsp
[2026-03-01 16:44:56,482] INFO:fitness.free_loss_fidelity: RL4CO free-loss step 1/200: score=7.803347 (avg=7.803347), loss=0.663759 (avg=0.663759), pairs_step=157875, pairs_total=157875
[2026-03-01 16:45:03,187] INFO:fitness.free_loss_fidelity: RL4CO free-loss step 20/200: score=7.779692 (avg=7.809156), loss=0.668127 (avg=0.663542), pairs_step=160561, pairs_total=3162262
[2026-03-01 16:45:10,240] INFO:fitness.free_loss_fidelity: RL4CO free-loss step 40/200: score=7.824368 (avg=7.803495), loss=0.667778 (avg=0.663856), pairs_step=157010, pairs_total=6321676
[2026-03-01 16:45:17,298] INFO:fitness.free_loss_fidelity: RL4CO free-loss step 60/200: score=7.819104 (avg=7.800336), loss=0.661558 (avg=0.663807), pairs_step=160045, pairs_total=9481820
[2026-03-01 16:45:24,349] INFO:fitness.free_loss_fidelity: RL4CO free-loss step 80/200: score=7.795043 (avg=7.799308), loss=0.658739 (avg=0.663948), pairs_step=157186, pairs_total=12641173
[2026-03-01 16:45:31,381] INFO:fitness.free_loss_fidelity: RL4CO free-loss step 100/200: score=7.759862 (avg=7.800178), loss=0.671289 (avg=0.664040), pairs_step=157787, pairs_total=15791741
[2026-03-01 16:45:38,446] INFO:fitness.free_loss_fidelity: RL4CO free-loss step 120/200: score=7.778139 (avg=7.801770), loss=0.666391 (avg=0.664210), pairs_step=158127, pairs_total=18949633
[2026-03-01 16:45:44,905] INFO:fitness.free_loss_fidelity: RL4CO free-loss step 140/200: score=7.829601 (avg=7.802757), loss=0.667938 (avg=0.664482), pairs_step=157233, pairs_total=22097715
[2026-03-01 16:45:51,279] INFO:fitness.free_loss_fidelity: RL4CO free-loss step 160/200: score=7.795788 (avg=7.801915), loss=0.666062 (avg=0.664623), pairs_step=158533, pairs_total=25254389
[2026-03-01 16:45:57,665] INFO:fitness.free_loss_fidelity: RL4CO free-loss step 180/200: score=7.783998 (avg=7.800875), loss=0.664026 (avg=0.664643), pairs_step=156213, pairs_total=28403350
[2026-03-01 16:46:04,043] INFO:fitness.free_loss_fidelity: RL4CO free-loss step 200/200: score=7.815784 (avg=7.799843), loss=0.663045 (avg=0.664626), pairs_step=158359, pairs_total=31565781
[2026-03-01 16:46:05,143] WARNING:fitness.free_loss_fidelity: weights_only checkpoint load failed (UnpicklingError); retrying weights_only=False for /data1/gushengda/eam-rl4co/baseline/epoch_409.ckpt
[2026-03-01 16:46:05,181] INFO:fitness.free_loss_fidelity: Loaded init checkpoint into policy: path=/data1/gushengda/eam-rl4co/baseline/epoch_409.ckpt prefix=policy. matched=97 missing=0 unexpected=0
[2026-03-01 16:46:05,186] INFO:fitness.free_loss_fidelity: RL4CO free-loss (step-mode): f1_steps=200, f2_steps=0, total_steps=200, train_problem_size=100, rollouts=100, batch_size=64, device=cuda:0, env=tsp
[2026-03-01 16:46:05,508] INFO:fitness.free_loss_fidelity: RL4CO free-loss step 1/200: score=7.807477 (avg=7.807477), loss=0.107652 (avg=0.107652), pairs_step=158679, pairs_total=158679
[2026-03-01 16:46:11,568] INFO:fitness.free_loss_fidelity: RL4CO free-loss step 20/200: score=7.784612 (avg=7.808298), loss=0.095890 (avg=0.101042), pairs_step=160102, pairs_total=3163845
[2026-03-01 16:46:17,974] INFO:fitness.free_loss_fidelity: RL4CO free-loss step 40/200: score=7.812714 (avg=7.802965), loss=0.101488 (avg=0.102306), pairs_step=158150, pairs_total=6322149
[2026-03-01 16:46:24,330] INFO:fitness.free_loss_fidelity: RL4CO free-loss step 60/200: score=7.814162 (avg=7.799623), loss=0.099506 (avg=0.100863), pairs_step=156542, pairs_total=9481043
[2026-03-01 16:46:30,716] INFO:fitness.free_loss_fidelity: RL4CO free-loss step 80/200: score=7.800446 (avg=7.798039), loss=0.092663 (avg=0.098584), pairs_step=158779, pairs_total=12641207
[2026-03-01 16:46:37,106] INFO:fitness.free_loss_fidelity: RL4CO free-loss step 100/200: score=7.753711 (avg=7.798892), loss=0.093404 (avg=0.097841), pairs_step=160782, pairs_total=15807960
[2026-03-01 16:46:43,481] INFO:fitness.free_loss_fidelity: RL4CO free-loss step 120/200: score=7.772591 (avg=7.800058), loss=0.092778 (avg=0.097572), pairs_step=155888, pairs_total=18959996
[2026-03-01 16:46:49,848] INFO:fitness.free_loss_fidelity: RL4CO free-loss step 140/200: score=7.823819 (avg=7.801007), loss=0.096731 (avg=0.096974), pairs_step=156779, pairs_total=22122545
[2026-03-01 16:46:56,245] INFO:fitness.free_loss_fidelity: RL4CO free-loss step 160/200: score=7.797094 (avg=7.800367), loss=0.091380 (avg=0.096471), pairs_step=160105, pairs_total=25281141
[2026-03-01 16:47:02,629] INFO:fitness.free_loss_fidelity: RL4CO free-loss step 180/200: score=7.781881 (avg=7.799112), loss=0.094702 (avg=0.096052), pairs_step=156687, pairs_total=28436732
[2026-03-01 16:47:09,077] INFO:fitness.free_loss_fidelity: RL4CO free-loss step 200/200: score=7.813424 (avg=7.797923), loss=0.094586 (avg=0.095975), pairs_step=158575, pairs_total=31597339
