[2026-03-01 09:45:22,335] INFO:fitness.free_loss_fidelity: Stage3 offline mini-train start gen=3 pair_index=17 K=200 seed=12345 valid_sizes=[100] baseline_json=baseline/mini_eval/baseline_minitrain_tsp100_K200.json
[2026-03-01 09:45:22,355] INFO:fitness.free_loss_fidelity: RL4CO free-loss (step-mode): f1_steps=200, f2_steps=0, total_steps=200, train_problem_size=100, rollouts=100, batch_size=64, device=cuda:3, env=tsp
[2026-03-01 09:45:22,687] INFO:fitness.free_loss_fidelity: RL4CO free-loss step 1/200: score=36.122910 (avg=36.122910), loss=0.872192 (avg=0.872192), pairs_step=316800, pairs_total=316800
[2026-03-01 09:45:28,848] INFO:fitness.free_loss_fidelity: RL4CO free-loss step 20/200: score=9.854712 (avg=12.623265), loss=0.717206 (avg=0.722348), pairs_step=316800, pairs_total=6335997
[2026-03-01 09:45:35,330] INFO:fitness.free_loss_fidelity: RL4CO free-loss step 40/200: score=9.320106 (avg=11.047564), loss=0.717166 (avg=0.720197), pairs_step=316800, pairs_total=12671994
[2026-03-01 09:45:41,809] INFO:fitness.free_loss_fidelity: RL4CO free-loss step 60/200: score=9.143235 (avg=10.428011), loss=0.698879 (avg=0.717676), pairs_step=316800, pairs_total=19007990
[2026-03-01 09:45:48,497] INFO:fitness.free_loss_fidelity: RL4CO free-loss step 80/200: score=8.971331 (avg=10.074659), loss=0.707410 (avg=0.713758), pairs_step=316800, pairs_total=25343986
[2026-03-01 09:45:54,986] INFO:fitness.free_loss_fidelity: RL4CO free-loss step 100/200: score=8.817823 (avg=9.840740), loss=0.704200 (avg=0.711105), pairs_step=316799, pairs_total=31679980
[2026-03-01 09:46:01,485] INFO:fitness.free_loss_fidelity: RL4CO free-loss step 120/200: score=8.731332 (avg=9.670736), loss=0.709860 (avg=0.709711), pairs_step=316800, pairs_total=38015973
[2026-03-01 09:46:07,978] INFO:fitness.free_loss_fidelity: RL4CO free-loss step 140/200: score=8.743793 (avg=9.536325), loss=0.705856 (avg=0.709591), pairs_step=316800, pairs_total=44351971
[2026-03-01 09:46:14,463] INFO:fitness.free_loss_fidelity: RL4CO free-loss step 160/200: score=8.568248 (avg=9.422076), loss=0.715693 (avg=0.709825), pairs_step=316800, pairs_total=50687965
[2026-03-01 09:46:20,950] INFO:fitness.free_loss_fidelity: RL4CO free-loss step 180/200: score=8.544743 (avg=9.326693), loss=0.718331 (avg=0.710581), pairs_step=316800, pairs_total=57023961
[2026-03-01 09:46:27,439] INFO:fitness.free_loss_fidelity: RL4CO free-loss step 200/200: score=8.516432 (avg=9.245096), loss=0.721216 (avg=0.711698), pairs_step=316800, pairs_total=63359957
[2026-03-01 09:46:28,544] WARNING:fitness.free_loss_fidelity: weights_only checkpoint load failed (UnpicklingError); retrying weights_only=False for /data1/gushengda/eam-rl4co/baseline/epoch_135.ckpt
[2026-03-01 09:46:28,584] INFO:fitness.free_loss_fidelity: Loaded init checkpoint into policy: path=/data1/gushengda/eam-rl4co/baseline/epoch_135.ckpt prefix=policy. matched=97 missing=0 unexpected=0
[2026-03-01 09:46:28,589] INFO:fitness.free_loss_fidelity: RL4CO free-loss (step-mode): f1_steps=200, f2_steps=0, total_steps=200, train_problem_size=100, rollouts=100, batch_size=64, device=cuda:3, env=tsp
[2026-03-01 09:46:28,930] INFO:fitness.free_loss_fidelity: RL4CO free-loss step 1/200: score=7.803347 (avg=7.803347), loss=0.800302 (avg=0.800302), pairs_step=315697, pairs_total=315697
[2026-03-01 09:46:35,093] INFO:fitness.free_loss_fidelity: RL4CO free-loss step 20/200: score=7.777011 (avg=7.807647), loss=0.799887 (avg=0.799510), pairs_step=315805, pairs_total=6317070
[2026-03-01 09:46:41,594] INFO:fitness.free_loss_fidelity: RL4CO free-loss step 40/200: score=7.819824 (avg=7.802958), loss=0.804128 (avg=0.800412), pairs_step=315955, pairs_total=12630730
[2026-03-01 09:46:48,099] INFO:fitness.free_loss_fidelity: RL4CO free-loss step 60/200: score=7.817093 (avg=7.799396), loss=0.800627 (avg=0.800505), pairs_step=315358, pairs_total=18943702
[2026-03-01 09:46:54,572] INFO:fitness.free_loss_fidelity: RL4CO free-loss step 80/200: score=7.799309 (avg=7.797890), loss=0.797062 (avg=0.800392), pairs_step=315705, pairs_total=25257197
[2026-03-01 09:47:01,076] INFO:fitness.free_loss_fidelity: RL4CO free-loss step 100/200: score=7.756084 (avg=7.798719), loss=0.799376 (avg=0.800308), pairs_step=315907, pairs_total=31573219
[2026-03-01 09:47:07,567] INFO:fitness.free_loss_fidelity: RL4CO free-loss step 120/200: score=7.774355 (avg=7.800476), loss=0.797555 (avg=0.800229), pairs_step=315322, pairs_total=37886348
[2026-03-01 09:47:14,048] INFO:fitness.free_loss_fidelity: RL4CO free-loss step 140/200: score=7.830469 (avg=7.801428), loss=0.801391 (avg=0.800157), pairs_step=315523, pairs_total=44198142
[2026-03-01 09:47:20,549] INFO:fitness.free_loss_fidelity: RL4CO free-loss step 160/200: score=7.797153 (avg=7.800694), loss=0.800485 (avg=0.800161), pairs_step=315742, pairs_total=50510062
[2026-03-01 09:47:27,056] INFO:fitness.free_loss_fidelity: RL4CO free-loss step 180/200: score=7.782933 (avg=7.799620), loss=0.801491 (avg=0.800280), pairs_step=315539, pairs_total=56819671
[2026-03-01 09:47:33,555] INFO:fitness.free_loss_fidelity: RL4CO free-loss step 200/200: score=7.815573 (avg=7.798463), loss=0.795371 (avg=0.800354), pairs_step=315655, pairs_total=63129179
[2026-03-01 09:47:34,657] WARNING:fitness.free_loss_fidelity: weights_only checkpoint load failed (UnpicklingError); retrying weights_only=False for /data1/gushengda/eam-rl4co/baseline/epoch_409.ckpt
[2026-03-01 09:47:34,689] INFO:fitness.free_loss_fidelity: Loaded init checkpoint into policy: path=/data1/gushengda/eam-rl4co/baseline/epoch_409.ckpt prefix=policy. matched=97 missing=0 unexpected=0
[2026-03-01 09:47:34,694] INFO:fitness.free_loss_fidelity: RL4CO free-loss (step-mode): f1_steps=200, f2_steps=0, total_steps=200, train_problem_size=100, rollouts=100, batch_size=64, device=cuda:3, env=tsp
[2026-03-01 09:47:35,034] INFO:fitness.free_loss_fidelity: RL4CO free-loss step 1/200: score=7.807477 (avg=7.807477), loss=0.238211 (avg=0.238211), pairs_step=315750, pairs_total=315750
[2026-03-01 09:47:41,193] INFO:fitness.free_loss_fidelity: RL4CO free-loss step 20/200: score=7.779976 (avg=7.807936), loss=0.226418 (avg=0.232140), pairs_step=315567, pairs_total=6317660
[2026-03-01 09:47:47,689] INFO:fitness.free_loss_fidelity: RL4CO free-loss step 40/200: score=7.815707 (avg=7.801895), loss=0.225135 (avg=0.229940), pairs_step=316035, pairs_total=12635706
[2026-03-01 09:47:54,185] INFO:fitness.free_loss_fidelity: RL4CO free-loss step 60/200: score=7.814144 (avg=7.798463), loss=0.226168 (avg=0.227956), pairs_step=315518, pairs_total=18950727
[2026-03-01 09:48:00,695] INFO:fitness.free_loss_fidelity: RL4CO free-loss step 80/200: score=7.791915 (avg=7.796968), loss=0.236936 (avg=0.228298), pairs_step=315855, pairs_total=25267244
[2026-03-01 09:48:07,210] INFO:fitness.free_loss_fidelity: RL4CO free-loss step 100/200: score=7.757111 (avg=7.797942), loss=0.246408 (avg=0.230451), pairs_step=315854, pairs_total=31584492
[2026-03-01 09:48:13,707] INFO:fitness.free_loss_fidelity: RL4CO free-loss step 120/200: score=7.777755 (avg=7.799594), loss=0.234393 (avg=0.232375), pairs_step=315794, pairs_total=37900925
[2026-03-01 09:48:20,195] INFO:fitness.free_loss_fidelity: RL4CO free-loss step 140/200: score=7.824771 (avg=7.800403), loss=0.218010 (avg=0.231061), pairs_step=315526, pairs_total=44213990
[2026-03-01 09:48:26,867] INFO:fitness.free_loss_fidelity: RL4CO free-loss step 160/200: score=7.791753 (avg=7.799645), loss=0.228823 (avg=0.229634), pairs_step=315875, pairs_total=50527017
[2026-03-01 09:48:33,368] INFO:fitness.free_loss_fidelity: RL4CO free-loss step 180/200: score=7.782707 (avg=7.798273), loss=0.251608 (avg=0.230480), pairs_step=315425, pairs_total=56840077
[2026-03-01 09:48:39,865] INFO:fitness.free_loss_fidelity: RL4CO free-loss step 200/200: score=7.809796 (avg=7.797019), loss=0.236052 (avg=0.232390), pairs_step=315799, pairs_total=63153595
