[2026-03-01 12:35:58,540] INFO:fitness.free_loss_fidelity: Stage3 offline mini-train start gen=10 pair_index=1 K=200 seed=12345 valid_sizes=[100] baseline_json=baseline/mini_eval/baseline_minitrain_tsp100_K200.json
[2026-03-01 12:36:05,937] INFO:fitness.free_loss_fidelity: RL4CO free-loss (step-mode): f1_steps=200, f2_steps=0, total_steps=200, train_problem_size=100, rollouts=100, batch_size=64, device=cuda:1, env=tsp
[2026-03-01 12:36:07,274] INFO:fitness.free_loss_fidelity: RL4CO free-loss step 1/200: score=36.122910 (avg=36.122910), loss=0.657467 (avg=0.657467), pairs_step=128, pairs_total=128
[2026-03-01 12:36:13,379] INFO:fitness.free_loss_fidelity: RL4CO free-loss step 20/200: score=10.168344 (avg=12.910140), loss=0.355978 (avg=0.344829), pairs_step=128, pairs_total=2560
[2026-03-01 12:36:19,947] INFO:fitness.free_loss_fidelity: RL4CO free-loss step 40/200: score=9.547886 (avg=11.309277), loss=0.370185 (avg=0.348820), pairs_step=128, pairs_total=5120
[2026-03-01 12:36:26,479] INFO:fitness.free_loss_fidelity: RL4CO free-loss step 60/200: score=9.324339 (avg=10.677659), loss=0.351289 (avg=0.348949), pairs_step=128, pairs_total=7680
[2026-03-01 12:36:33,011] INFO:fitness.free_loss_fidelity: RL4CO free-loss step 80/200: score=9.234159 (avg=10.329183), loss=0.338133 (avg=0.347417), pairs_step=128, pairs_total=10240
[2026-03-01 12:36:39,536] INFO:fitness.free_loss_fidelity: RL4CO free-loss step 100/200: score=9.069283 (avg=10.094319), loss=0.312174 (avg=0.344097), pairs_step=128, pairs_total=12800
[2026-03-01 12:36:46,037] INFO:fitness.free_loss_fidelity: RL4CO free-loss step 120/200: score=8.983111 (avg=9.925334), loss=0.358800 (avg=0.342960), pairs_step=128, pairs_total=15360
[2026-03-01 12:36:52,546] INFO:fitness.free_loss_fidelity: RL4CO free-loss step 140/200: score=9.046575 (avg=9.794645), loss=0.297630 (avg=0.343057), pairs_step=128, pairs_total=17920
[2026-03-01 12:36:59,056] INFO:fitness.free_loss_fidelity: RL4CO free-loss step 160/200: score=8.874722 (avg=9.687490), loss=0.325445 (avg=0.344809), pairs_step=128, pairs_total=20480
[2026-03-01 12:37:05,561] INFO:fitness.free_loss_fidelity: RL4CO free-loss step 180/200: score=8.804278 (avg=9.589991), loss=0.356797 (avg=0.344823), pairs_step=128, pairs_total=23040
[2026-03-01 12:37:12,086] INFO:fitness.free_loss_fidelity: RL4CO free-loss step 200/200: score=8.775970 (avg=9.509553), loss=0.389330 (avg=0.346834), pairs_step=128, pairs_total=25600
[2026-03-01 12:37:13,202] WARNING:fitness.free_loss_fidelity: weights_only checkpoint load failed (UnpicklingError); retrying weights_only=False for /data1/gushengda/eam-rl4co/baseline/epoch_135.ckpt
[2026-03-01 12:37:13,246] INFO:fitness.free_loss_fidelity: Loaded init checkpoint into policy: path=/data1/gushengda/eam-rl4co/baseline/epoch_135.ckpt prefix=policy. matched=97 missing=0 unexpected=0
[2026-03-01 12:37:13,252] INFO:fitness.free_loss_fidelity: RL4CO free-loss (step-mode): f1_steps=200, f2_steps=0, total_steps=200, train_problem_size=100, rollouts=100, batch_size=64, device=cuda:1, env=tsp
[2026-03-01 12:37:13,595] INFO:fitness.free_loss_fidelity: RL4CO free-loss step 1/200: score=7.803347 (avg=7.803347), loss=0.552144 (avg=0.552144), pairs_step=128, pairs_total=128
[2026-03-01 12:37:19,812] INFO:fitness.free_loss_fidelity: RL4CO free-loss step 20/200: score=7.791999 (avg=7.817903), loss=0.572347 (avg=0.573499), pairs_step=128, pairs_total=2560
[2026-03-01 12:37:26,321] INFO:fitness.free_loss_fidelity: RL4CO free-loss step 40/200: score=7.834545 (avg=7.815882), loss=0.604188 (avg=0.579317), pairs_step=128, pairs_total=5120
[2026-03-01 12:37:32,851] INFO:fitness.free_loss_fidelity: RL4CO free-loss step 60/200: score=7.820336 (avg=7.812791), loss=0.600010 (avg=0.585063), pairs_step=128, pairs_total=7680
[2026-03-01 12:37:39,359] INFO:fitness.free_loss_fidelity: RL4CO free-loss step 80/200: score=7.811150 (avg=7.811064), loss=0.609674 (avg=0.589505), pairs_step=128, pairs_total=10240
[2026-03-01 12:37:45,886] INFO:fitness.free_loss_fidelity: RL4CO free-loss step 100/200: score=7.770012 (avg=7.811739), loss=0.602259 (avg=0.592417), pairs_step=128, pairs_total=12800
[2026-03-01 12:37:52,428] INFO:fitness.free_loss_fidelity: RL4CO free-loss step 120/200: score=7.792621 (avg=7.814157), loss=0.620255 (avg=0.595349), pairs_step=128, pairs_total=15360
[2026-03-01 12:37:58,937] INFO:fitness.free_loss_fidelity: RL4CO free-loss step 140/200: score=7.841947 (avg=7.815229), loss=0.615912 (avg=0.595938), pairs_step=128, pairs_total=17920
[2026-03-01 12:38:05,475] INFO:fitness.free_loss_fidelity: RL4CO free-loss step 160/200: score=7.805176 (avg=7.814916), loss=0.600734 (avg=0.597422), pairs_step=128, pairs_total=20480
[2026-03-01 12:38:11,997] INFO:fitness.free_loss_fidelity: RL4CO free-loss step 180/200: score=7.796084 (avg=7.813490), loss=0.628051 (avg=0.598927), pairs_step=128, pairs_total=23040
[2026-03-01 12:38:18,513] INFO:fitness.free_loss_fidelity: RL4CO free-loss step 200/200: score=7.833110 (avg=7.812694), loss=0.590995 (avg=0.599604), pairs_step=128, pairs_total=25600
[2026-03-01 12:38:19,628] WARNING:fitness.free_loss_fidelity: weights_only checkpoint load failed (UnpicklingError); retrying weights_only=False for /data1/gushengda/eam-rl4co/baseline/epoch_409.ckpt
[2026-03-01 12:38:19,667] INFO:fitness.free_loss_fidelity: Loaded init checkpoint into policy: path=/data1/gushengda/eam-rl4co/baseline/epoch_409.ckpt prefix=policy. matched=97 missing=0 unexpected=0
[2026-03-01 12:38:19,673] INFO:fitness.free_loss_fidelity: RL4CO free-loss (step-mode): f1_steps=200, f2_steps=0, total_steps=200, train_problem_size=100, rollouts=100, batch_size=64, device=cuda:1, env=tsp
[2026-03-01 12:38:20,008] INFO:fitness.free_loss_fidelity: RL4CO free-loss step 1/200: score=7.807477 (avg=7.807477), loss=0.000083 (avg=0.000083), pairs_step=128, pairs_total=128
[2026-03-01 12:38:26,207] INFO:fitness.free_loss_fidelity: RL4CO free-loss step 20/200: score=7.785882 (avg=7.810271), loss=0.149766 (avg=0.060260), pairs_step=128, pairs_total=2560
[2026-03-01 12:38:32,737] INFO:fitness.free_loss_fidelity: RL4CO free-loss step 40/200: score=7.822398 (avg=7.806296), loss=0.236380 (avg=0.127931), pairs_step=128, pairs_total=5120
[2026-03-01 12:38:39,265] INFO:fitness.free_loss_fidelity: RL4CO free-loss step 60/200: score=7.822143 (avg=7.804451), loss=0.283197 (avg=0.170980), pairs_step=128, pairs_total=7680
[2026-03-01 12:38:45,780] INFO:fitness.free_loss_fidelity: RL4CO free-loss step 80/200: score=7.803109 (avg=7.803967), loss=0.327146 (avg=0.202617), pairs_step=128, pairs_total=10240
[2026-03-01 12:38:52,299] INFO:fitness.free_loss_fidelity: RL4CO free-loss step 100/200: score=7.763532 (avg=7.805212), loss=0.385483 (avg=0.233954), pairs_step=128, pairs_total=12800
[2026-03-01 12:38:58,815] INFO:fitness.free_loss_fidelity: RL4CO free-loss step 120/200: score=7.788043 (avg=7.807195), loss=0.404108 (avg=0.259873), pairs_step=128, pairs_total=15360
[2026-03-01 12:39:05,333] INFO:fitness.free_loss_fidelity: RL4CO free-loss step 140/200: score=7.833381 (avg=7.808010), loss=0.396377 (avg=0.279819), pairs_step=128, pairs_total=17920
[2026-03-01 12:39:12,133] INFO:fitness.free_loss_fidelity: RL4CO free-loss step 160/200: score=7.804227 (avg=7.807330), loss=0.430577 (avg=0.296786), pairs_step=128, pairs_total=20480
[2026-03-01 12:39:18,643] INFO:fitness.free_loss_fidelity: RL4CO free-loss step 180/200: score=7.790485 (avg=7.806130), loss=0.435102 (avg=0.311931), pairs_step=128, pairs_total=23040
[2026-03-01 12:39:25,179] INFO:fitness.free_loss_fidelity: RL4CO free-loss step 200/200: score=7.826265 (avg=7.804973), loss=0.447671 (avg=0.325602), pairs_step=128, pairs_total=25600
