[2026-03-01 18:10:57,662] INFO:fitness.free_loss_fidelity: Stage3 offline mini-train start gen=19 pair_index=5 K=200 seed=12345 valid_sizes=[100] baseline_json=baseline/mini_eval/baseline_minitrain_tsp100_K200.json
[2026-03-01 18:10:57,686] INFO:fitness.free_loss_fidelity: RL4CO free-loss (step-mode): f1_steps=200, f2_steps=0, total_steps=200, train_problem_size=100, rollouts=100, batch_size=64, device=cuda:3, env=tsp
[2026-03-01 18:10:58,015] INFO:fitness.free_loss_fidelity: RL4CO free-loss step 1/200: score=36.122910 (avg=36.122910), loss=0.748179 (avg=0.748179), pairs_step=159213, pairs_total=159213
[2026-03-01 18:11:04,285] INFO:fitness.free_loss_fidelity: RL4CO free-loss step 20/200: score=9.879005 (avg=12.658967), loss=0.551584 (avg=0.563178), pairs_step=157623, pairs_total=3164619
[2026-03-01 18:11:10,860] INFO:fitness.free_loss_fidelity: RL4CO free-loss step 40/200: score=9.336246 (avg=11.068283), loss=0.558863 (avg=0.562553), pairs_step=158610, pairs_total=6333186
[2026-03-01 18:11:17,419] INFO:fitness.free_loss_fidelity: RL4CO free-loss step 60/200: score=9.146647 (avg=10.442126), loss=0.547915 (avg=0.561259), pairs_step=155411, pairs_total=9497111
[2026-03-01 18:11:23,999] INFO:fitness.free_loss_fidelity: RL4CO free-loss step 80/200: score=8.974854 (avg=10.084851), loss=0.540490 (avg=0.557980), pairs_step=158359, pairs_total=12666000
[2026-03-01 18:11:30,573] INFO:fitness.free_loss_fidelity: RL4CO free-loss step 100/200: score=8.850574 (avg=9.848359), loss=0.541788 (avg=0.555550), pairs_step=156813, pairs_total=15830422
[2026-03-01 18:11:37,155] INFO:fitness.free_loss_fidelity: RL4CO free-loss step 120/200: score=8.773751 (avg=9.679025), loss=0.538448 (avg=0.554561), pairs_step=160850, pairs_total=18997409
[2026-03-01 18:11:43,786] INFO:fitness.free_loss_fidelity: RL4CO free-loss step 140/200: score=8.726290 (avg=9.545411), loss=0.559429 (avg=0.554923), pairs_step=157005, pairs_total=22165215
[2026-03-01 18:11:50,387] INFO:fitness.free_loss_fidelity: RL4CO free-loss step 160/200: score=8.594707 (avg=9.431789), loss=0.566046 (avg=0.555938), pairs_step=156796, pairs_total=25325366
[2026-03-01 18:11:57,002] INFO:fitness.free_loss_fidelity: RL4CO free-loss step 180/200: score=8.566746 (avg=9.335338), loss=0.563954 (avg=0.556999), pairs_step=159556, pairs_total=28497343
[2026-03-01 18:12:03,619] INFO:fitness.free_loss_fidelity: RL4CO free-loss step 200/200: score=8.524734 (avg=9.253812), loss=0.568387 (avg=0.558285), pairs_step=157997, pairs_total=31659080
[2026-03-01 18:12:04,730] WARNING:fitness.free_loss_fidelity: weights_only checkpoint load failed (UnpicklingError); retrying weights_only=False for /data1/gushengda/eam-rl4co/baseline/epoch_135.ckpt
[2026-03-01 18:12:04,768] INFO:fitness.free_loss_fidelity: Loaded init checkpoint into policy: path=/data1/gushengda/eam-rl4co/baseline/epoch_135.ckpt prefix=policy. matched=97 missing=0 unexpected=0
[2026-03-01 18:12:04,773] INFO:fitness.free_loss_fidelity: RL4CO free-loss (step-mode): f1_steps=200, f2_steps=0, total_steps=200, train_problem_size=100, rollouts=100, batch_size=64, device=cuda:3, env=tsp
[2026-03-01 18:12:05,110] INFO:fitness.free_loss_fidelity: RL4CO free-loss step 1/200: score=7.803347 (avg=7.803347), loss=0.663759 (avg=0.663759), pairs_step=157875, pairs_total=157875
[2026-03-01 18:12:11,383] INFO:fitness.free_loss_fidelity: RL4CO free-loss step 20/200: score=7.780052 (avg=7.808996), loss=0.665141 (avg=0.663388), pairs_step=156539, pairs_total=3155424
[2026-03-01 18:12:17,974] INFO:fitness.free_loss_fidelity: RL4CO free-loss step 40/200: score=7.820691 (avg=7.803380), loss=0.670076 (avg=0.663768), pairs_step=155574, pairs_total=6307609
[2026-03-01 18:12:24,594] INFO:fitness.free_loss_fidelity: RL4CO free-loss step 60/200: score=7.816916 (avg=7.800454), loss=0.665684 (avg=0.664215), pairs_step=159605, pairs_total=9464202
[2026-03-01 18:12:31,195] INFO:fitness.free_loss_fidelity: RL4CO free-loss step 80/200: score=7.796114 (avg=7.799118), loss=0.665236 (avg=0.664555), pairs_step=159475, pairs_total=12614581
[2026-03-01 18:12:37,776] INFO:fitness.free_loss_fidelity: RL4CO free-loss step 100/200: score=7.754608 (avg=7.800176), loss=0.664753 (avg=0.664625), pairs_step=160168, pairs_total=15765984
[2026-03-01 18:12:44,381] INFO:fitness.free_loss_fidelity: RL4CO free-loss step 120/200: score=7.770571 (avg=7.801651), loss=0.663480 (avg=0.664804), pairs_step=156924, pairs_total=18922893
[2026-03-01 18:12:50,996] INFO:fitness.free_loss_fidelity: RL4CO free-loss step 140/200: score=7.831347 (avg=7.802618), loss=0.667121 (avg=0.664933), pairs_step=156423, pairs_total=22078453
[2026-03-01 18:12:57,574] INFO:fitness.free_loss_fidelity: RL4CO free-loss step 160/200: score=7.800379 (avg=7.801950), loss=0.664616 (avg=0.665013), pairs_step=157330, pairs_total=25232030
[2026-03-01 18:13:04,169] INFO:fitness.free_loss_fidelity: RL4CO free-loss step 180/200: score=7.787488 (avg=7.800949), loss=0.662954 (avg=0.665059), pairs_step=157464, pairs_total=28380482
[2026-03-01 18:13:10,743] INFO:fitness.free_loss_fidelity: RL4CO free-loss step 200/200: score=7.809965 (avg=7.799925), loss=0.661901 (avg=0.665238), pairs_step=158330, pairs_total=31544922
[2026-03-01 18:13:11,856] WARNING:fitness.free_loss_fidelity: weights_only checkpoint load failed (UnpicklingError); retrying weights_only=False for /data1/gushengda/eam-rl4co/baseline/epoch_409.ckpt
[2026-03-01 18:13:11,895] INFO:fitness.free_loss_fidelity: Loaded init checkpoint into policy: path=/data1/gushengda/eam-rl4co/baseline/epoch_409.ckpt prefix=policy. matched=97 missing=0 unexpected=0
[2026-03-01 18:13:11,900] INFO:fitness.free_loss_fidelity: RL4CO free-loss (step-mode): f1_steps=200, f2_steps=0, total_steps=200, train_problem_size=100, rollouts=100, batch_size=64, device=cuda:3, env=tsp
[2026-03-01 18:13:12,281] INFO:fitness.free_loss_fidelity: RL4CO free-loss step 1/200: score=7.807477 (avg=7.807477), loss=0.107652 (avg=0.107652), pairs_step=158679, pairs_total=158679
[2026-03-01 18:13:18,528] INFO:fitness.free_loss_fidelity: RL4CO free-loss step 20/200: score=7.783468 (avg=7.809098), loss=0.099612 (avg=0.102255), pairs_step=158322, pairs_total=3164152
[2026-03-01 18:13:25,124] INFO:fitness.free_loss_fidelity: RL4CO free-loss step 40/200: score=7.819696 (avg=7.803547), loss=0.102810 (avg=0.103224), pairs_step=157522, pairs_total=6317614
[2026-03-01 18:13:31,716] INFO:fitness.free_loss_fidelity: RL4CO free-loss step 60/200: score=7.815211 (avg=7.799907), loss=0.098420 (avg=0.101295), pairs_step=156521, pairs_total=9471673
[2026-03-01 18:13:38,338] INFO:fitness.free_loss_fidelity: RL4CO free-loss step 80/200: score=7.796597 (avg=7.798670), loss=0.098052 (avg=0.100153), pairs_step=158365, pairs_total=12629194
[2026-03-01 18:13:44,971] INFO:fitness.free_loss_fidelity: RL4CO free-loss step 100/200: score=7.759005 (avg=7.799503), loss=0.096262 (avg=0.099747), pairs_step=160142, pairs_total=15789321
[2026-03-01 18:13:51,577] INFO:fitness.free_loss_fidelity: RL4CO free-loss step 120/200: score=7.775234 (avg=7.800949), loss=0.104650 (avg=0.099957), pairs_step=155711, pairs_total=18941791
[2026-03-01 18:13:58,152] INFO:fitness.free_loss_fidelity: RL4CO free-loss step 140/200: score=7.826140 (avg=7.801958), loss=0.100028 (avg=0.099809), pairs_step=156833, pairs_total=22102427
[2026-03-01 18:14:04,747] INFO:fitness.free_loss_fidelity: RL4CO free-loss step 160/200: score=7.790623 (avg=7.801047), loss=0.095767 (avg=0.099457), pairs_step=159130, pairs_total=25259520
[2026-03-01 18:14:11,356] INFO:fitness.free_loss_fidelity: RL4CO free-loss step 180/200: score=7.786949 (avg=7.800073), loss=0.099613 (avg=0.099161), pairs_step=157502, pairs_total=28424287
[2026-03-01 18:14:17,962] INFO:fitness.free_loss_fidelity: RL4CO free-loss step 200/200: score=7.811526 (avg=7.798838), loss=0.098554 (avg=0.099181), pairs_step=157566, pairs_total=31590571
