[2026-03-01 11:56:00,432] INFO:fitness.free_loss_fidelity: Stage3 offline mini-train start gen=9 pair_index=4 K=200 seed=12345 valid_sizes=[100] baseline_json=baseline/mini_eval/baseline_minitrain_tsp100_K200.json
[2026-03-01 11:56:07,570] INFO:fitness.free_loss_fidelity: RL4CO free-loss (step-mode): f1_steps=200, f2_steps=0, total_steps=200, train_problem_size=100, rollouts=100, batch_size=64, device=cuda:1, env=tsp
[2026-03-01 11:56:09,005] INFO:fitness.free_loss_fidelity: RL4CO free-loss step 1/200: score=36.122910 (avg=36.122910), loss=0.744344 (avg=0.744344), pairs_step=316800, pairs_total=316800
[2026-03-01 11:56:15,767] INFO:fitness.free_loss_fidelity: RL4CO free-loss step 20/200: score=9.832512 (avg=12.635982), loss=0.557659 (avg=0.564178), pairs_step=316799, pairs_total=6335998
[2026-03-01 11:56:22,733] INFO:fitness.free_loss_fidelity: RL4CO free-loss step 40/200: score=9.302311 (avg=11.037251), loss=0.564396 (avg=0.562638), pairs_step=316800, pairs_total=12671994
[2026-03-01 11:56:29,723] INFO:fitness.free_loss_fidelity: RL4CO free-loss step 60/200: score=9.115790 (avg=10.416581), loss=0.543991 (avg=0.560348), pairs_step=316800, pairs_total=19007992
[2026-03-01 11:56:36,714] INFO:fitness.free_loss_fidelity: RL4CO free-loss step 80/200: score=8.914987 (avg=10.058770), loss=0.543984 (avg=0.556907), pairs_step=316800, pairs_total=25343987
[2026-03-01 11:56:43,714] INFO:fitness.free_loss_fidelity: RL4CO free-loss step 100/200: score=8.800411 (avg=9.824040), loss=0.537422 (avg=0.554075), pairs_step=316800, pairs_total=31679985
[2026-03-01 11:56:50,708] INFO:fitness.free_loss_fidelity: RL4CO free-loss step 120/200: score=8.715036 (avg=9.652591), loss=0.558691 (avg=0.553161), pairs_step=316800, pairs_total=38015982
[2026-03-01 11:56:57,693] INFO:fitness.free_loss_fidelity: RL4CO free-loss step 140/200: score=8.662496 (avg=9.515927), loss=0.563851 (avg=0.553516), pairs_step=316800, pairs_total=44351973
[2026-03-01 11:57:04,699] INFO:fitness.free_loss_fidelity: RL4CO free-loss step 160/200: score=8.553471 (avg=9.400442), loss=0.566676 (avg=0.554526), pairs_step=316800, pairs_total=50687969
[2026-03-01 11:57:11,734] INFO:fitness.free_loss_fidelity: RL4CO free-loss step 180/200: score=8.502495 (avg=9.302827), loss=0.568926 (avg=0.556017), pairs_step=316799, pairs_total=57023965
[2026-03-01 11:57:18,734] INFO:fitness.free_loss_fidelity: RL4CO free-loss step 200/200: score=8.456327 (avg=9.220721), loss=0.574801 (avg=0.557638), pairs_step=316800, pairs_total=63359959
[2026-03-01 11:57:20,033] WARNING:fitness.free_loss_fidelity: weights_only checkpoint load failed (UnpicklingError); retrying weights_only=False for /data1/gushengda/eam-rl4co/baseline/epoch_135.ckpt
[2026-03-01 11:57:20,079] INFO:fitness.free_loss_fidelity: Loaded init checkpoint into policy: path=/data1/gushengda/eam-rl4co/baseline/epoch_135.ckpt prefix=policy. matched=97 missing=0 unexpected=0
[2026-03-01 11:57:20,085] INFO:fitness.free_loss_fidelity: RL4CO free-loss (step-mode): f1_steps=200, f2_steps=0, total_steps=200, train_problem_size=100, rollouts=100, batch_size=64, device=cuda:1, env=tsp
[2026-03-01 11:57:20,450] INFO:fitness.free_loss_fidelity: RL4CO free-loss step 1/200: score=7.803347 (avg=7.803347), loss=0.664683 (avg=0.664683), pairs_step=315697, pairs_total=315697
[2026-03-01 11:57:27,114] INFO:fitness.free_loss_fidelity: RL4CO free-loss step 20/200: score=7.783606 (avg=7.810078), loss=0.663225 (avg=0.664106), pairs_step=315522, pairs_total=6317240
[2026-03-01 11:57:34,121] INFO:fitness.free_loss_fidelity: RL4CO free-loss step 40/200: score=7.816947 (avg=7.803590), loss=0.669513 (avg=0.664174), pairs_step=316010, pairs_total=12631945
[2026-03-01 11:57:41,136] INFO:fitness.free_loss_fidelity: RL4CO free-loss step 60/200: score=7.810396 (avg=7.799537), loss=0.667498 (avg=0.664311), pairs_step=315431, pairs_total=18945116
[2026-03-01 11:57:48,017] INFO:fitness.free_loss_fidelity: RL4CO free-loss step 80/200: score=7.792478 (avg=7.797726), loss=0.660649 (avg=0.664338), pairs_step=315791, pairs_total=25260409
[2026-03-01 11:57:54,529] INFO:fitness.free_loss_fidelity: RL4CO free-loss step 100/200: score=7.760911 (avg=7.798379), loss=0.664523 (avg=0.664465), pairs_step=315928, pairs_total=31574268
[2026-03-01 11:58:01,042] INFO:fitness.free_loss_fidelity: RL4CO free-loss step 120/200: score=7.773122 (avg=7.800141), loss=0.665578 (avg=0.664773), pairs_step=315665, pairs_total=37887437
[2026-03-01 11:58:07,607] INFO:fitness.free_loss_fidelity: RL4CO free-loss step 140/200: score=7.826921 (avg=7.801198), loss=0.664961 (avg=0.664935), pairs_step=315419, pairs_total=44197139
[2026-03-01 11:58:14,123] INFO:fitness.free_loss_fidelity: RL4CO free-loss step 160/200: score=7.793821 (avg=7.800353), loss=0.670202 (avg=0.665076), pairs_step=315558, pairs_total=50508127
[2026-03-01 11:58:20,656] INFO:fitness.free_loss_fidelity: RL4CO free-loss step 180/200: score=7.785727 (avg=7.799123), loss=0.667702 (avg=0.665236), pairs_step=315412, pairs_total=56818420
[2026-03-01 11:58:27,174] INFO:fitness.free_loss_fidelity: RL4CO free-loss step 200/200: score=7.811793 (avg=7.797988), loss=0.661245 (avg=0.665353), pairs_step=315582, pairs_total=63129210
[2026-03-01 11:58:28,282] WARNING:fitness.free_loss_fidelity: weights_only checkpoint load failed (UnpicklingError); retrying weights_only=False for /data1/gushengda/eam-rl4co/baseline/epoch_409.ckpt
[2026-03-01 11:58:28,320] INFO:fitness.free_loss_fidelity: Loaded init checkpoint into policy: path=/data1/gushengda/eam-rl4co/baseline/epoch_409.ckpt prefix=policy. matched=97 missing=0 unexpected=0
[2026-03-01 11:58:28,326] INFO:fitness.free_loss_fidelity: RL4CO free-loss (step-mode): f1_steps=200, f2_steps=0, total_steps=200, train_problem_size=100, rollouts=100, batch_size=64, device=cuda:1, env=tsp
[2026-03-01 11:58:28,658] INFO:fitness.free_loss_fidelity: RL4CO free-loss step 1/200: score=7.807477 (avg=7.807477), loss=0.108407 (avg=0.108407), pairs_step=315750, pairs_total=315750
[2026-03-01 11:58:34,868] INFO:fitness.free_loss_fidelity: RL4CO free-loss step 20/200: score=7.783467 (avg=7.809044), loss=0.101081 (avg=0.102095), pairs_step=316087, pairs_total=6318655
[2026-03-01 11:58:41,382] INFO:fitness.free_loss_fidelity: RL4CO free-loss step 40/200: score=7.813247 (avg=7.802779), loss=0.093011 (avg=0.100338), pairs_step=316169, pairs_total=12637334
[2026-03-01 11:58:47,906] INFO:fitness.free_loss_fidelity: RL4CO free-loss step 60/200: score=7.813558 (avg=7.799094), loss=0.098198 (avg=0.097982), pairs_step=315431, pairs_total=18952704
[2026-03-01 11:58:54,402] INFO:fitness.free_loss_fidelity: RL4CO free-loss step 80/200: score=7.795987 (avg=7.797193), loss=0.099953 (avg=0.097855), pairs_step=315864, pairs_total=25268268
[2026-03-01 11:59:00,948] INFO:fitness.free_loss_fidelity: RL4CO free-loss step 100/200: score=7.756208 (avg=7.797954), loss=0.104329 (avg=0.098395), pairs_step=315655, pairs_total=31585627
[2026-03-01 11:59:07,457] INFO:fitness.free_loss_fidelity: RL4CO free-loss step 120/200: score=7.776901 (avg=7.799544), loss=0.097247 (avg=0.099128), pairs_step=315597, pairs_total=37900421
[2026-03-01 11:59:13,971] INFO:fitness.free_loss_fidelity: RL4CO free-loss step 140/200: score=7.824426 (avg=7.800608), loss=0.090774 (avg=0.098406), pairs_step=315650, pairs_total=44213210
[2026-03-01 11:59:20,700] INFO:fitness.free_loss_fidelity: RL4CO free-loss step 160/200: score=7.794322 (avg=7.799802), loss=0.090058 (avg=0.097293), pairs_step=315874, pairs_total=50528558
[2026-03-01 11:59:27,237] INFO:fitness.free_loss_fidelity: RL4CO free-loss step 180/200: score=7.779420 (avg=7.798477), loss=0.090214 (avg=0.096393), pairs_step=315145, pairs_total=56842095
[2026-03-01 11:59:33,734] INFO:fitness.free_loss_fidelity: RL4CO free-loss step 200/200: score=7.809079 (avg=7.797102), loss=0.100681 (avg=0.096414), pairs_step=315036, pairs_total=63152889
