[2026-03-01 15:24:57,965] INFO:fitness.free_loss_fidelity: Stage3 offline mini-train start gen=15 pair_index=17 K=200 seed=12345 valid_sizes=[100] baseline_json=baseline/mini_eval/baseline_minitrain_tsp100_K200.json
[2026-03-01 15:24:57,987] INFO:fitness.free_loss_fidelity: RL4CO free-loss (step-mode): f1_steps=200, f2_steps=0, total_steps=200, train_problem_size=100, rollouts=100, batch_size=64, device=cuda:1, env=tsp
[2026-03-01 15:24:58,311] INFO:fitness.free_loss_fidelity: RL4CO free-loss step 1/200: score=36.122910 (avg=36.122910), loss=0.664708 (avg=0.664708), pairs_step=6336, pairs_total=6336
[2026-03-01 15:25:04,554] INFO:fitness.free_loss_fidelity: RL4CO free-loss step 20/200: score=10.060177 (avg=12.690616), loss=0.473961 (avg=0.471527), pairs_step=6336, pairs_total=126720
[2026-03-01 15:25:10,966] INFO:fitness.free_loss_fidelity: RL4CO free-loss step 40/200: score=9.628069 (avg=11.213044), loss=0.458812 (avg=0.472649), pairs_step=6336, pairs_total=253440
[2026-03-01 15:25:17,295] INFO:fitness.free_loss_fidelity: RL4CO free-loss step 60/200: score=9.262403 (avg=10.594838), loss=0.476023 (avg=0.474948), pairs_step=6336, pairs_total=380160
[2026-03-01 15:25:23,644] INFO:fitness.free_loss_fidelity: RL4CO free-loss step 80/200: score=9.077816 (avg=10.246243), loss=0.446731 (avg=0.473626), pairs_step=6336, pairs_total=506880
[2026-03-01 15:25:29,981] INFO:fitness.free_loss_fidelity: RL4CO free-loss step 100/200: score=8.967208 (avg=10.016914), loss=0.443366 (avg=0.468617), pairs_step=6336, pairs_total=633600
[2026-03-01 15:25:36,515] INFO:fitness.free_loss_fidelity: RL4CO free-loss step 120/200: score=8.870319 (avg=9.843872), loss=0.432652 (avg=0.466003), pairs_step=6336, pairs_total=760320
[2026-03-01 15:25:43,054] INFO:fitness.free_loss_fidelity: RL4CO free-loss step 140/200: score=8.883608 (avg=9.712202), loss=0.473680 (avg=0.463577), pairs_step=6336, pairs_total=887040
[2026-03-01 15:25:49,612] INFO:fitness.free_loss_fidelity: RL4CO free-loss step 160/200: score=8.791191 (avg=9.602760), loss=0.481925 (avg=0.462176), pairs_step=6336, pairs_total=1013760
[2026-03-01 15:25:56,126] INFO:fitness.free_loss_fidelity: RL4CO free-loss step 180/200: score=8.665211 (avg=9.507352), loss=0.422886 (avg=0.462290), pairs_step=6336, pairs_total=1140480
[2026-03-01 15:26:02,571] INFO:fitness.free_loss_fidelity: RL4CO free-loss step 200/200: score=8.715285 (avg=9.427367), loss=0.454566 (avg=0.461473), pairs_step=6336, pairs_total=1267200
[2026-03-01 15:26:03,707] WARNING:fitness.free_loss_fidelity: weights_only checkpoint load failed (UnpicklingError); retrying weights_only=False for /data1/gushengda/eam-rl4co/baseline/epoch_135.ckpt
[2026-03-01 15:26:03,745] INFO:fitness.free_loss_fidelity: Loaded init checkpoint into policy: path=/data1/gushengda/eam-rl4co/baseline/epoch_135.ckpt prefix=policy. matched=97 missing=0 unexpected=0
[2026-03-01 15:26:03,750] INFO:fitness.free_loss_fidelity: RL4CO free-loss (step-mode): f1_steps=200, f2_steps=0, total_steps=200, train_problem_size=100, rollouts=100, batch_size=64, device=cuda:1, env=tsp
[2026-03-01 15:26:04,095] INFO:fitness.free_loss_fidelity: RL4CO free-loss step 1/200: score=7.803347 (avg=7.803347), loss=0.663239 (avg=0.663239), pairs_step=6309, pairs_total=6309
[2026-03-01 15:26:10,189] INFO:fitness.free_loss_fidelity: RL4CO free-loss step 20/200: score=7.790833 (avg=7.817720), loss=0.651769 (avg=0.658916), pairs_step=6335, pairs_total=126502
[2026-03-01 15:26:16,601] INFO:fitness.free_loss_fidelity: RL4CO free-loss step 40/200: score=7.823405 (avg=7.810753), loss=0.649648 (avg=0.655955), pairs_step=6326, pairs_total=253003
[2026-03-01 15:26:23,019] INFO:fitness.free_loss_fidelity: RL4CO free-loss step 60/200: score=7.825721 (avg=7.807567), loss=0.654760 (avg=0.656153), pairs_step=6322, pairs_total=379531
[2026-03-01 15:26:29,469] INFO:fitness.free_loss_fidelity: RL4CO free-loss step 80/200: score=7.804537 (avg=7.806579), loss=0.653132 (avg=0.655797), pairs_step=6332, pairs_total=506100
[2026-03-01 15:26:36,203] INFO:fitness.free_loss_fidelity: RL4CO free-loss step 100/200: score=7.766719 (avg=7.807273), loss=0.663590 (avg=0.656360), pairs_step=6326, pairs_total=632643
[2026-03-01 15:26:43,543] INFO:fitness.free_loss_fidelity: RL4CO free-loss step 120/200: score=7.778085 (avg=7.808735), loss=0.632392 (avg=0.655625), pairs_step=6328, pairs_total=759191
[2026-03-01 15:26:50,810] INFO:fitness.free_loss_fidelity: RL4CO free-loss step 140/200: score=7.837423 (avg=7.809648), loss=0.653563 (avg=0.655486), pairs_step=6324, pairs_total=885701
[2026-03-01 15:26:58,084] INFO:fitness.free_loss_fidelity: RL4CO free-loss step 160/200: score=7.804708 (avg=7.808949), loss=0.650042 (avg=0.654991), pairs_step=6325, pairs_total=1012208
[2026-03-01 15:27:05,352] INFO:fitness.free_loss_fidelity: RL4CO free-loss step 180/200: score=7.792841 (avg=7.807912), loss=0.640007 (avg=0.654970), pairs_step=6312, pairs_total=1138693
[2026-03-01 15:27:12,622] INFO:fitness.free_loss_fidelity: RL4CO free-loss step 200/200: score=7.819334 (avg=7.806550), loss=0.644682 (avg=0.654622), pairs_step=6326, pairs_total=1265183
[2026-03-01 15:27:13,754] WARNING:fitness.free_loss_fidelity: weights_only checkpoint load failed (UnpicklingError); retrying weights_only=False for /data1/gushengda/eam-rl4co/baseline/epoch_409.ckpt
[2026-03-01 15:27:13,791] INFO:fitness.free_loss_fidelity: Loaded init checkpoint into policy: path=/data1/gushengda/eam-rl4co/baseline/epoch_409.ckpt prefix=policy. matched=97 missing=0 unexpected=0
[2026-03-01 15:27:13,796] INFO:fitness.free_loss_fidelity: RL4CO free-loss (step-mode): f1_steps=200, f2_steps=0, total_steps=200, train_problem_size=100, rollouts=100, batch_size=64, device=cuda:1, env=tsp
[2026-03-01 15:27:14,201] INFO:fitness.free_loss_fidelity: RL4CO free-loss step 1/200: score=7.807477 (avg=7.807477), loss=0.155254 (avg=0.155254), pairs_step=6319, pairs_total=6319
[2026-03-01 15:27:20,601] INFO:fitness.free_loss_fidelity: RL4CO free-loss step 20/200: score=7.782577 (avg=7.810866), loss=0.123419 (avg=0.134119), pairs_step=6324, pairs_total=126403
[2026-03-01 15:27:27,801] INFO:fitness.free_loss_fidelity: RL4CO free-loss step 40/200: score=7.816002 (avg=7.806039), loss=0.122069 (avg=0.127487), pairs_step=6326, pairs_total=252896
[2026-03-01 15:27:35,050] INFO:fitness.free_loss_fidelity: RL4CO free-loss step 60/200: score=7.816306 (avg=7.802159), loss=0.124826 (avg=0.125582), pairs_step=6326, pairs_total=379319
[2026-03-01 15:27:42,258] INFO:fitness.free_loss_fidelity: RL4CO free-loss step 80/200: score=7.792632 (avg=7.799921), loss=0.128654 (avg=0.125367), pairs_step=6326, pairs_total=505731
[2026-03-01 15:27:49,445] INFO:fitness.free_loss_fidelity: RL4CO free-loss step 100/200: score=7.759632 (avg=7.800522), loss=0.121990 (avg=0.125173), pairs_step=6307, pairs_total=632122
[2026-03-01 15:27:56,644] INFO:fitness.free_loss_fidelity: RL4CO free-loss step 120/200: score=7.776296 (avg=7.801640), loss=0.119054 (avg=0.124808), pairs_step=6318, pairs_total=758498
[2026-03-01 15:28:03,854] INFO:fitness.free_loss_fidelity: RL4CO free-loss step 140/200: score=7.829082 (avg=7.802614), loss=0.121237 (avg=0.124271), pairs_step=6311, pairs_total=884878
[2026-03-01 15:28:10,165] INFO:fitness.free_loss_fidelity: RL4CO free-loss step 160/200: score=7.795406 (avg=7.801824), loss=0.121860 (avg=0.124151), pairs_step=6318, pairs_total=1011312
[2026-03-01 15:28:16,504] INFO:fitness.free_loss_fidelity: RL4CO free-loss step 180/200: score=7.783524 (avg=7.800652), loss=0.126122 (avg=0.123872), pairs_step=6302, pairs_total=1137753
[2026-03-01 15:28:22,811] INFO:fitness.free_loss_fidelity: RL4CO free-loss step 200/200: score=7.819957 (avg=7.799557), loss=0.118962 (avg=0.123788), pairs_step=6323, pairs_total=1264161
