[2026-03-01 09:06:02,332] INFO:fitness.free_loss_fidelity: Stage3 offline mini-train start gen=1 pair_index=9 K=200 seed=12345 valid_sizes=[100] baseline_json=baseline/mini_eval/baseline_minitrain_tsp100_K200.json
[2026-03-01 09:06:02,351] INFO:fitness.free_loss_fidelity: RL4CO free-loss (step-mode): f1_steps=200, f2_steps=0, total_steps=200, train_problem_size=100, rollouts=100, batch_size=64, device=cuda:3, env=tsp
[2026-03-01 09:06:02,669] INFO:fitness.free_loss_fidelity: RL4CO free-loss step 1/200: score=36.122910 (avg=36.122910), loss=0.918657 (avg=0.918657), pairs_step=316800, pairs_total=316800
[2026-03-01 09:06:08,591] INFO:fitness.free_loss_fidelity: RL4CO free-loss step 20/200: score=9.949559 (avg=13.008808), loss=0.598823 (avg=0.630523), pairs_step=316800, pairs_total=6335996
[2026-03-01 09:06:14,826] INFO:fitness.free_loss_fidelity: RL4CO free-loss step 40/200: score=9.557648 (avg=11.362411), loss=0.567095 (avg=0.604345), pairs_step=316800, pairs_total=12671994
[2026-03-01 09:06:21,060] INFO:fitness.free_loss_fidelity: RL4CO free-loss step 60/200: score=9.407703 (avg=10.722022), loss=0.545898 (avg=0.589657), pairs_step=316800, pairs_total=19007991
[2026-03-01 09:06:27,288] INFO:fitness.free_loss_fidelity: RL4CO free-loss step 80/200: score=9.278140 (avg=10.370453), loss=0.539652 (avg=0.577908), pairs_step=316799, pairs_total=25343986
[2026-03-01 09:06:33,527] INFO:fitness.free_loss_fidelity: RL4CO free-loss step 100/200: score=9.093697 (avg=10.142830), loss=0.541170 (avg=0.570591), pairs_step=316800, pairs_total=31679984
[2026-03-01 09:06:39,781] INFO:fitness.free_loss_fidelity: RL4CO free-loss step 120/200: score=9.022978 (avg=9.980161), loss=0.558535 (avg=0.565863), pairs_step=316800, pairs_total=38015978
[2026-03-01 09:06:46,011] INFO:fitness.free_loss_fidelity: RL4CO free-loss step 140/200: score=9.104679 (avg=9.854463), loss=0.544427 (avg=0.563376), pairs_step=316800, pairs_total=44351974
[2026-03-01 09:06:52,243] INFO:fitness.free_loss_fidelity: RL4CO free-loss step 160/200: score=9.008640 (avg=9.752062), loss=0.543198 (avg=0.560769), pairs_step=316799, pairs_total=50687967
[2026-03-01 09:06:58,479] INFO:fitness.free_loss_fidelity: RL4CO free-loss step 180/200: score=8.921007 (avg=9.666186), loss=0.559934 (avg=0.559173), pairs_step=316799, pairs_total=57023963
[2026-03-01 09:07:04,714] INFO:fitness.free_loss_fidelity: RL4CO free-loss step 200/200: score=8.929430 (avg=9.591631), loss=0.551256 (avg=0.558170), pairs_step=316800, pairs_total=63359957
[2026-03-01 09:07:05,824] WARNING:fitness.free_loss_fidelity: weights_only checkpoint load failed (UnpicklingError); retrying weights_only=False for /data1/gushengda/eam-rl4co/baseline/epoch_135.ckpt
[2026-03-01 09:07:05,862] INFO:fitness.free_loss_fidelity: Loaded init checkpoint into policy: path=/data1/gushengda/eam-rl4co/baseline/epoch_135.ckpt prefix=policy. matched=97 missing=0 unexpected=0
[2026-03-01 09:07:05,868] INFO:fitness.free_loss_fidelity: RL4CO free-loss (step-mode): f1_steps=200, f2_steps=0, total_steps=200, train_problem_size=100, rollouts=100, batch_size=64, device=cuda:3, env=tsp
[2026-03-01 09:07:06,192] INFO:fitness.free_loss_fidelity: RL4CO free-loss step 1/200: score=7.803347 (avg=7.803347), loss=0.712602 (avg=0.712602), pairs_step=315697, pairs_total=315697
[2026-03-01 09:07:12,112] INFO:fitness.free_loss_fidelity: RL4CO free-loss step 20/200: score=7.781551 (avg=7.809430), loss=0.712912 (avg=0.711397), pairs_step=315844, pairs_total=6316960
[2026-03-01 09:07:18,333] INFO:fitness.free_loss_fidelity: RL4CO free-loss step 40/200: score=7.817174 (avg=7.802641), loss=0.712889 (avg=0.710575), pairs_step=316131, pairs_total=12634556
[2026-03-01 09:07:24,561] INFO:fitness.free_loss_fidelity: RL4CO free-loss step 60/200: score=7.813327 (avg=7.798891), loss=0.713250 (avg=0.710333), pairs_step=315819, pairs_total=18951957
[2026-03-01 09:07:30,790] INFO:fitness.free_loss_fidelity: RL4CO free-loss step 80/200: score=7.792743 (avg=7.797602), loss=0.705505 (avg=0.710233), pairs_step=315999, pairs_total=25270160
[2026-03-01 09:07:37,029] INFO:fitness.free_loss_fidelity: RL4CO free-loss step 100/200: score=7.754553 (avg=7.798205), loss=0.704455 (avg=0.709906), pairs_step=316140, pairs_total=31590261
[2026-03-01 09:07:43,256] INFO:fitness.free_loss_fidelity: RL4CO free-loss step 120/200: score=7.778895 (avg=7.799561), loss=0.705529 (avg=0.709329), pairs_step=315719, pairs_total=37908901
[2026-03-01 09:07:49,480] INFO:fitness.free_loss_fidelity: RL4CO free-loss step 140/200: score=7.832916 (avg=7.800680), loss=0.710167 (avg=0.708980), pairs_step=315373, pairs_total=44225855
[2026-03-01 09:07:55,714] INFO:fitness.free_loss_fidelity: RL4CO free-loss step 160/200: score=7.799454 (avg=7.800219), loss=0.708951 (avg=0.708626), pairs_step=315772, pairs_total=50544908
[2026-03-01 09:08:01,946] INFO:fitness.free_loss_fidelity: RL4CO free-loss step 180/200: score=7.786268 (avg=7.799232), loss=0.702168 (avg=0.708179), pairs_step=315743, pairs_total=56863034
[2026-03-01 09:08:08,174] INFO:fitness.free_loss_fidelity: RL4CO free-loss step 200/200: score=7.807119 (avg=7.798095), loss=0.696557 (avg=0.707747), pairs_step=316103, pairs_total=63181615
[2026-03-01 09:08:09,284] WARNING:fitness.free_loss_fidelity: weights_only checkpoint load failed (UnpicklingError); retrying weights_only=False for /data1/gushengda/eam-rl4co/baseline/epoch_409.ckpt
[2026-03-01 09:08:09,322] INFO:fitness.free_loss_fidelity: Loaded init checkpoint into policy: path=/data1/gushengda/eam-rl4co/baseline/epoch_409.ckpt prefix=policy. matched=97 missing=0 unexpected=0
[2026-03-01 09:08:09,328] INFO:fitness.free_loss_fidelity: RL4CO free-loss (step-mode): f1_steps=200, f2_steps=0, total_steps=200, train_problem_size=100, rollouts=100, batch_size=64, device=cuda:3, env=tsp
[2026-03-01 09:08:09,651] INFO:fitness.free_loss_fidelity: RL4CO free-loss step 1/200: score=7.807477 (avg=7.807477), loss=0.187177 (avg=0.187177), pairs_step=315750, pairs_total=315750
[2026-03-01 09:08:15,785] INFO:fitness.free_loss_fidelity: RL4CO free-loss step 20/200: score=7.783154 (avg=7.809881), loss=0.175339 (avg=0.178154), pairs_step=316105, pairs_total=6318150
[2026-03-01 09:08:22,005] INFO:fitness.free_loss_fidelity: RL4CO free-loss step 40/200: score=7.814566 (avg=7.803156), loss=0.182418 (avg=0.178859), pairs_step=316007, pairs_total=12638475
[2026-03-01 09:08:28,227] INFO:fitness.free_loss_fidelity: RL4CO free-loss step 60/200: score=7.808207 (avg=7.799215), loss=0.184218 (avg=0.179776), pairs_step=316018, pairs_total=18957002
[2026-03-01 09:08:34,451] INFO:fitness.free_loss_fidelity: RL4CO free-loss step 80/200: score=7.793754 (avg=7.797589), loss=0.185448 (avg=0.180153), pairs_step=316065, pairs_total=25275738
[2026-03-01 09:08:40,686] INFO:fitness.free_loss_fidelity: RL4CO free-loss step 100/200: score=7.753243 (avg=7.797816), loss=0.192473 (avg=0.181418), pairs_step=316122, pairs_total=31595841
[2026-03-01 09:08:46,903] INFO:fitness.free_loss_fidelity: RL4CO free-loss step 120/200: score=7.769389 (avg=7.798923), loss=0.178268 (avg=0.181980), pairs_step=316071, pairs_total=37915320
[2026-03-01 09:08:53,121] INFO:fitness.free_loss_fidelity: RL4CO free-loss step 140/200: score=7.822997 (avg=7.799709), loss=0.182496 (avg=0.182054), pairs_step=315639, pairs_total=44233919
[2026-03-01 09:08:59,339] INFO:fitness.free_loss_fidelity: RL4CO free-loss step 160/200: score=7.789585 (avg=7.798750), loss=0.177596 (avg=0.181741), pairs_step=315985, pairs_total=50552308
[2026-03-01 09:09:05,569] INFO:fitness.free_loss_fidelity: RL4CO free-loss step 180/200: score=7.787430 (avg=7.797454), loss=0.178911 (avg=0.181232), pairs_step=315516, pairs_total=56870273
[2026-03-01 09:09:11,804] INFO:fitness.free_loss_fidelity: RL4CO free-loss step 200/200: score=7.811074 (avg=7.796147), loss=0.175135 (avg=0.180960), pairs_step=315855, pairs_total=63187144
