[2026-03-01 17:30:17,040] INFO:fitness.free_loss_fidelity: Stage3 offline mini-train start gen=18 pair_index=17 K=200 seed=12345 valid_sizes=[100] baseline_json=baseline/mini_eval/baseline_minitrain_tsp100_K200.json
[2026-03-01 17:30:17,061] INFO:fitness.free_loss_fidelity: RL4CO free-loss (step-mode): f1_steps=200, f2_steps=0, total_steps=200, train_problem_size=100, rollouts=100, batch_size=64, device=cuda:3, env=tsp
[2026-03-01 17:30:17,373] INFO:fitness.free_loss_fidelity: RL4CO free-loss step 1/200: score=36.122910 (avg=36.122910), loss=0.748179 (avg=0.748179), pairs_step=159213, pairs_total=159213
[2026-03-01 17:30:23,323] INFO:fitness.free_loss_fidelity: RL4CO free-loss step 20/200: score=9.955900 (avg=12.674348), loss=0.558924 (avg=0.566618), pairs_step=156893, pairs_total=3157919
[2026-03-01 17:30:29,570] INFO:fitness.free_loss_fidelity: RL4CO free-loss step 40/200: score=9.396845 (avg=11.110869), loss=0.555835 (avg=0.563875), pairs_step=158528, pairs_total=6330865
[2026-03-01 17:30:35,824] INFO:fitness.free_loss_fidelity: RL4CO free-loss step 60/200: score=9.189305 (avg=10.484004), loss=0.547421 (avg=0.561884), pairs_step=158909, pairs_total=9491892
[2026-03-01 17:30:42,101] INFO:fitness.free_loss_fidelity: RL4CO free-loss step 80/200: score=9.010124 (avg=10.127349), loss=0.540746 (avg=0.558230), pairs_step=158657, pairs_total=12664690
[2026-03-01 17:30:48,363] INFO:fitness.free_loss_fidelity: RL4CO free-loss step 100/200: score=8.810556 (avg=9.889286), loss=0.534996 (avg=0.554559), pairs_step=157938, pairs_total=15832705
[2026-03-01 17:30:54,797] INFO:fitness.free_loss_fidelity: RL4CO free-loss step 120/200: score=8.766991 (avg=9.717919), loss=0.545498 (avg=0.553405), pairs_step=158570, pairs_total=19000887
[2026-03-01 17:31:01,049] INFO:fitness.free_loss_fidelity: RL4CO free-loss step 140/200: score=8.743418 (avg=9.580476), loss=0.552824 (avg=0.552992), pairs_step=160464, pairs_total=22166667
[2026-03-01 17:31:07,333] INFO:fitness.free_loss_fidelity: RL4CO free-loss step 160/200: score=8.635717 (avg=9.466387), loss=0.562032 (avg=0.553343), pairs_step=158692, pairs_total=25338844
[2026-03-01 17:31:13,584] INFO:fitness.free_loss_fidelity: RL4CO free-loss step 180/200: score=8.535378 (avg=9.367086), loss=0.568344 (avg=0.554438), pairs_step=160208, pairs_total=28511951
[2026-03-01 17:31:19,841] INFO:fitness.free_loss_fidelity: RL4CO free-loss step 200/200: score=8.551895 (avg=9.284080), loss=0.563446 (avg=0.555436), pairs_step=159020, pairs_total=31670764
[2026-03-01 17:31:20,950] WARNING:fitness.free_loss_fidelity: weights_only checkpoint load failed (UnpicklingError); retrying weights_only=False for /data1/gushengda/eam-rl4co/baseline/epoch_135.ckpt
[2026-03-01 17:31:20,988] INFO:fitness.free_loss_fidelity: Loaded init checkpoint into policy: path=/data1/gushengda/eam-rl4co/baseline/epoch_135.ckpt prefix=policy. matched=97 missing=0 unexpected=0
[2026-03-01 17:31:20,993] INFO:fitness.free_loss_fidelity: RL4CO free-loss (step-mode): f1_steps=200, f2_steps=0, total_steps=200, train_problem_size=100, rollouts=100, batch_size=64, device=cuda:3, env=tsp
[2026-03-01 17:31:21,311] INFO:fitness.free_loss_fidelity: RL4CO free-loss step 1/200: score=7.803347 (avg=7.803347), loss=0.663759 (avg=0.663759), pairs_step=157875, pairs_total=157875
[2026-03-01 17:31:27,252] INFO:fitness.free_loss_fidelity: RL4CO free-loss step 20/200: score=7.780258 (avg=7.808993), loss=0.662856 (avg=0.662941), pairs_step=157224, pairs_total=3157306
[2026-03-01 17:31:33,514] INFO:fitness.free_loss_fidelity: RL4CO free-loss step 40/200: score=7.824455 (avg=7.804018), loss=0.666330 (avg=0.663781), pairs_step=156914, pairs_total=6311210
[2026-03-01 17:31:39,763] INFO:fitness.free_loss_fidelity: RL4CO free-loss step 60/200: score=7.817453 (avg=7.800775), loss=0.666351 (avg=0.663958), pairs_step=158214, pairs_total=9473828
[2026-03-01 17:31:46,018] INFO:fitness.free_loss_fidelity: RL4CO free-loss step 80/200: score=7.795920 (avg=7.799447), loss=0.666686 (avg=0.664208), pairs_step=158954, pairs_total=12617356
[2026-03-01 17:31:52,280] INFO:fitness.free_loss_fidelity: RL4CO free-loss step 100/200: score=7.757943 (avg=7.800291), loss=0.666974 (avg=0.664213), pairs_step=156014, pairs_total=15773526
[2026-03-01 17:31:58,537] INFO:fitness.free_loss_fidelity: RL4CO free-loss step 120/200: score=7.777129 (avg=7.801621), loss=0.661891 (avg=0.664298), pairs_step=157009, pairs_total=18928900
[2026-03-01 17:32:04,792] INFO:fitness.free_loss_fidelity: RL4CO free-loss step 140/200: score=7.828428 (avg=7.802612), loss=0.664538 (avg=0.664542), pairs_step=157097, pairs_total=22083126
[2026-03-01 17:32:11,044] INFO:fitness.free_loss_fidelity: RL4CO free-loss step 160/200: score=7.793330 (avg=7.801945), loss=0.666210 (avg=0.664754), pairs_step=158555, pairs_total=25236814
[2026-03-01 17:32:17,300] INFO:fitness.free_loss_fidelity: RL4CO free-loss step 180/200: score=7.787633 (avg=7.800952), loss=0.665219 (avg=0.665029), pairs_step=159235, pairs_total=28389138
[2026-03-01 17:32:23,552] INFO:fitness.free_loss_fidelity: RL4CO free-loss step 200/200: score=7.812161 (avg=7.799973), loss=0.663215 (avg=0.664895), pairs_step=158944, pairs_total=31553046
[2026-03-01 17:32:24,659] WARNING:fitness.free_loss_fidelity: weights_only checkpoint load failed (UnpicklingError); retrying weights_only=False for /data1/gushengda/eam-rl4co/baseline/epoch_409.ckpt
[2026-03-01 17:32:24,690] INFO:fitness.free_loss_fidelity: Loaded init checkpoint into policy: path=/data1/gushengda/eam-rl4co/baseline/epoch_409.ckpt prefix=policy. matched=97 missing=0 unexpected=0
[2026-03-01 17:32:24,696] INFO:fitness.free_loss_fidelity: RL4CO free-loss (step-mode): f1_steps=200, f2_steps=0, total_steps=200, train_problem_size=100, rollouts=100, batch_size=64, device=cuda:3, env=tsp
[2026-03-01 17:32:25,013] INFO:fitness.free_loss_fidelity: RL4CO free-loss step 1/200: score=7.807477 (avg=7.807477), loss=0.107652 (avg=0.107652), pairs_step=158679, pairs_total=158679
[2026-03-01 17:32:30,955] INFO:fitness.free_loss_fidelity: RL4CO free-loss step 20/200: score=7.785242 (avg=7.809453), loss=0.101303 (avg=0.102412), pairs_step=159507, pairs_total=3166483
[2026-03-01 17:32:37,221] INFO:fitness.free_loss_fidelity: RL4CO free-loss step 40/200: score=7.817252 (avg=7.803628), loss=0.106287 (avg=0.104878), pairs_step=158207, pairs_total=6317952
[2026-03-01 17:32:43,480] INFO:fitness.free_loss_fidelity: RL4CO free-loss step 60/200: score=7.816899 (avg=7.799885), loss=0.102528 (avg=0.103749), pairs_step=156800, pairs_total=9478292
[2026-03-01 17:32:49,717] INFO:fitness.free_loss_fidelity: RL4CO free-loss step 80/200: score=7.799259 (avg=7.798059), loss=0.101366 (avg=0.103205), pairs_step=158816, pairs_total=12635435
[2026-03-01 17:32:55,968] INFO:fitness.free_loss_fidelity: RL4CO free-loss step 100/200: score=7.759371 (avg=7.798800), loss=0.101688 (avg=0.102686), pairs_step=159502, pairs_total=15796163
[2026-03-01 17:33:02,199] INFO:fitness.free_loss_fidelity: RL4CO free-loss step 120/200: score=7.785138 (avg=7.800520), loss=0.101803 (avg=0.102827), pairs_step=157084, pairs_total=18950912
[2026-03-01 17:33:08,432] INFO:fitness.free_loss_fidelity: RL4CO free-loss step 140/200: score=7.830999 (avg=7.801607), loss=0.097932 (avg=0.102147), pairs_step=155888, pairs_total=22108658
[2026-03-01 17:33:14,712] INFO:fitness.free_loss_fidelity: RL4CO free-loss step 160/200: score=7.794636 (avg=7.801001), loss=0.096425 (avg=0.101452), pairs_step=159389, pairs_total=25260262
[2026-03-01 17:33:20,973] INFO:fitness.free_loss_fidelity: RL4CO free-loss step 180/200: score=7.785347 (avg=7.799798), loss=0.094538 (avg=0.100876), pairs_step=157680, pairs_total=28420269
[2026-03-01 17:33:27,230] INFO:fitness.free_loss_fidelity: RL4CO free-loss step 200/200: score=7.809796 (avg=7.798419), loss=0.095402 (avg=0.100371), pairs_step=157374, pairs_total=31578232
