[2026-03-01 12:02:51,473] INFO:fitness.free_loss_fidelity: Stage3 offline mini-train start gen=9 pair_index=11 K=200 seed=12345 valid_sizes=[100] baseline_json=baseline/mini_eval/baseline_minitrain_tsp100_K200.json
[2026-03-01 12:02:51,492] INFO:fitness.free_loss_fidelity: RL4CO free-loss (step-mode): f1_steps=200, f2_steps=0, total_steps=200, train_problem_size=100, rollouts=100, batch_size=64, device=cuda:2, env=tsp
[2026-03-01 12:02:51,812] INFO:fitness.free_loss_fidelity: RL4CO free-loss step 1/200: score=36.122910 (avg=36.122910), loss=0.718452 (avg=0.718452), pairs_step=316800, pairs_total=316800
[2026-03-01 12:02:57,925] INFO:fitness.free_loss_fidelity: RL4CO free-loss step 20/200: score=10.191056 (avg=12.749464), loss=0.561467 (avg=0.569205), pairs_step=316800, pairs_total=6335997
[2026-03-01 12:03:04,387] INFO:fitness.free_loss_fidelity: RL4CO free-loss step 40/200: score=9.494379 (avg=11.216244), loss=0.564477 (avg=0.569359), pairs_step=316800, pairs_total=12671995
[2026-03-01 12:03:10,840] INFO:fitness.free_loss_fidelity: RL4CO free-loss step 60/200: score=9.219545 (avg=10.569021), loss=0.554636 (avg=0.566006), pairs_step=316800, pairs_total=19007984
[2026-03-01 12:03:17,279] INFO:fitness.free_loss_fidelity: RL4CO free-loss step 80/200: score=8.973722 (avg=10.193142), loss=0.545661 (avg=0.562495), pairs_step=316800, pairs_total=25343979
[2026-03-01 12:03:23,744] INFO:fitness.free_loss_fidelity: RL4CO free-loss step 100/200: score=8.811382 (avg=9.939573), loss=0.550573 (avg=0.559790), pairs_step=316800, pairs_total=31679979
[2026-03-01 12:03:30,181] INFO:fitness.free_loss_fidelity: RL4CO free-loss step 120/200: score=8.786422 (avg=9.758298), loss=0.554938 (avg=0.558282), pairs_step=316799, pairs_total=38015974
[2026-03-01 12:03:36,627] INFO:fitness.free_loss_fidelity: RL4CO free-loss step 140/200: score=8.735022 (avg=9.616597), loss=0.556773 (avg=0.557631), pairs_step=316800, pairs_total=44351968
[2026-03-01 12:03:43,071] INFO:fitness.free_loss_fidelity: RL4CO free-loss step 160/200: score=8.639025 (avg=9.499770), loss=0.555466 (avg=0.557561), pairs_step=316800, pairs_total=50687962
[2026-03-01 12:03:49,513] INFO:fitness.free_loss_fidelity: RL4CO free-loss step 180/200: score=8.573120 (avg=9.400229), loss=0.557537 (avg=0.558216), pairs_step=316799, pairs_total=57023953
[2026-03-01 12:03:55,957] INFO:fitness.free_loss_fidelity: RL4CO free-loss step 200/200: score=8.558784 (avg=9.316232), loss=0.565004 (avg=0.558772), pairs_step=316800, pairs_total=63359944
[2026-03-01 12:03:57,074] WARNING:fitness.free_loss_fidelity: weights_only checkpoint load failed (UnpicklingError); retrying weights_only=False for /data1/gushengda/eam-rl4co/baseline/epoch_135.ckpt
[2026-03-01 12:03:57,111] INFO:fitness.free_loss_fidelity: Loaded init checkpoint into policy: path=/data1/gushengda/eam-rl4co/baseline/epoch_135.ckpt prefix=policy. matched=97 missing=0 unexpected=0
[2026-03-01 12:03:57,117] INFO:fitness.free_loss_fidelity: RL4CO free-loss (step-mode): f1_steps=200, f2_steps=0, total_steps=200, train_problem_size=100, rollouts=100, batch_size=64, device=cuda:2, env=tsp
[2026-03-01 12:03:57,447] INFO:fitness.free_loss_fidelity: RL4CO free-loss step 1/200: score=7.803347 (avg=7.803347), loss=0.641878 (avg=0.641878), pairs_step=315697, pairs_total=315697
[2026-03-01 12:04:03,575] INFO:fitness.free_loss_fidelity: RL4CO free-loss step 20/200: score=7.779060 (avg=7.809442), loss=0.644849 (avg=0.642009), pairs_step=315749, pairs_total=6316555
[2026-03-01 12:04:10,031] INFO:fitness.free_loss_fidelity: RL4CO free-loss step 40/200: score=7.822175 (avg=7.803370), loss=0.645797 (avg=0.640919), pairs_step=316051, pairs_total=12632322
[2026-03-01 12:04:16,482] INFO:fitness.free_loss_fidelity: RL4CO free-loss step 60/200: score=7.816880 (avg=7.799754), loss=0.640458 (avg=0.641745), pairs_step=315388, pairs_total=18946182
[2026-03-01 12:04:22,931] INFO:fitness.free_loss_fidelity: RL4CO free-loss step 80/200: score=7.795977 (avg=7.798583), loss=0.638871 (avg=0.642340), pairs_step=315531, pairs_total=25260056
[2026-03-01 12:04:29,372] INFO:fitness.free_loss_fidelity: RL4CO free-loss step 100/200: score=7.752937 (avg=7.799397), loss=0.639874 (avg=0.642811), pairs_step=315821, pairs_total=31572498
[2026-03-01 12:04:35,813] INFO:fitness.free_loss_fidelity: RL4CO free-loss step 120/200: score=7.771110 (avg=7.800604), loss=0.638657 (avg=0.642877), pairs_step=315387, pairs_total=37885085
[2026-03-01 12:04:42,311] INFO:fitness.free_loss_fidelity: RL4CO free-loss step 140/200: score=7.834101 (avg=7.801738), loss=0.645953 (avg=0.642925), pairs_step=315470, pairs_total=44196418
[2026-03-01 12:04:48,844] INFO:fitness.free_loss_fidelity: RL4CO free-loss step 160/200: score=7.793813 (avg=7.801077), loss=0.640477 (avg=0.643126), pairs_step=315378, pairs_total=50508478
[2026-03-01 12:04:55,293] INFO:fitness.free_loss_fidelity: RL4CO free-loss step 180/200: score=7.787512 (avg=7.799819), loss=0.641845 (avg=0.643109), pairs_step=315572, pairs_total=56820322
[2026-03-01 12:05:01,742] INFO:fitness.free_loss_fidelity: RL4CO free-loss step 200/200: score=7.808833 (avg=7.798797), loss=0.641582 (avg=0.643076), pairs_step=315513, pairs_total=63128622
[2026-03-01 12:05:02,860] WARNING:fitness.free_loss_fidelity: weights_only checkpoint load failed (UnpicklingError); retrying weights_only=False for /data1/gushengda/eam-rl4co/baseline/epoch_409.ckpt
[2026-03-01 12:05:02,898] INFO:fitness.free_loss_fidelity: Loaded init checkpoint into policy: path=/data1/gushengda/eam-rl4co/baseline/epoch_409.ckpt prefix=policy. matched=97 missing=0 unexpected=0
[2026-03-01 12:05:02,904] INFO:fitness.free_loss_fidelity: RL4CO free-loss (step-mode): f1_steps=200, f2_steps=0, total_steps=200, train_problem_size=100, rollouts=100, batch_size=64, device=cuda:2, env=tsp
[2026-03-01 12:05:03,250] INFO:fitness.free_loss_fidelity: RL4CO free-loss step 1/200: score=7.807477 (avg=7.807477), loss=0.174104 (avg=0.174104), pairs_step=315750, pairs_total=315750
[2026-03-01 12:05:09,369] INFO:fitness.free_loss_fidelity: RL4CO free-loss step 20/200: score=7.780298 (avg=7.807072), loss=0.169531 (avg=0.172437), pairs_step=316064, pairs_total=6319094
[2026-03-01 12:05:15,808] INFO:fitness.free_loss_fidelity: RL4CO free-loss step 40/200: score=7.819656 (avg=7.801570), loss=0.164849 (avg=0.170009), pairs_step=315585, pairs_total=12636392
[2026-03-01 12:05:22,249] INFO:fitness.free_loss_fidelity: RL4CO free-loss step 60/200: score=7.810700 (avg=7.798786), loss=0.166942 (avg=0.168534), pairs_step=315825, pairs_total=18951745
[2026-03-01 12:05:28,688] INFO:fitness.free_loss_fidelity: RL4CO free-loss step 80/200: score=7.795227 (avg=7.797502), loss=0.188925 (avg=0.168753), pairs_step=316038, pairs_total=25267716
[2026-03-01 12:05:35,133] INFO:fitness.free_loss_fidelity: RL4CO free-loss step 100/200: score=7.755553 (avg=7.798031), loss=0.181777 (avg=0.170529), pairs_step=315855, pairs_total=31585130
[2026-03-01 12:05:41,570] INFO:fitness.free_loss_fidelity: RL4CO free-loss step 120/200: score=7.775069 (avg=7.799302), loss=0.160455 (avg=0.171161), pairs_step=315792, pairs_total=37901259
[2026-03-01 12:05:48,011] INFO:fitness.free_loss_fidelity: RL4CO free-loss step 140/200: score=7.825236 (avg=7.800311), loss=0.162026 (avg=0.170243), pairs_step=315385, pairs_total=44213281
[2026-03-01 12:05:54,456] INFO:fitness.free_loss_fidelity: RL4CO free-loss step 160/200: score=7.793212 (avg=7.799612), loss=0.176167 (avg=0.170782), pairs_step=316016, pairs_total=50528245
[2026-03-01 12:06:00,895] INFO:fitness.free_loss_fidelity: RL4CO free-loss step 180/200: score=7.789190 (avg=7.798519), loss=0.198184 (avg=0.172527), pairs_step=315391, pairs_total=56843751
[2026-03-01 12:06:07,333] INFO:fitness.free_loss_fidelity: RL4CO free-loss step 200/200: score=7.810455 (avg=7.797266), loss=0.157224 (avg=0.172888), pairs_step=315941, pairs_total=63159435
