[2026-03-01 11:56:00,371] INFO:fitness.free_loss_fidelity: Stage3 offline mini-train start gen=9 pair_index=2 K=200 seed=12345 valid_sizes=[100] baseline_json=baseline/mini_eval/baseline_minitrain_tsp100_K200.json
[2026-03-01 11:56:07,288] INFO:fitness.free_loss_fidelity: RL4CO free-loss (step-mode): f1_steps=200, f2_steps=0, total_steps=200, train_problem_size=100, rollouts=100, batch_size=64, device=cuda:0, env=tsp
[2026-03-01 11:56:08,594] INFO:fitness.free_loss_fidelity: RL4CO free-loss step 1/200: score=36.122910 (avg=36.122910), loss=0.744074 (avg=0.744074), pairs_step=316800, pairs_total=316800
[2026-03-01 11:56:14,880] INFO:fitness.free_loss_fidelity: RL4CO free-loss step 20/200: score=9.857269 (avg=12.682536), loss=0.595191 (avg=0.607858), pairs_step=316800, pairs_total=6335996
[2026-03-01 11:56:21,291] INFO:fitness.free_loss_fidelity: RL4CO free-loss step 40/200: score=9.378227 (avg=11.084750), loss=0.602858 (avg=0.605710), pairs_step=316800, pairs_total=12671989
[2026-03-01 11:56:27,916] INFO:fitness.free_loss_fidelity: RL4CO free-loss step 60/200: score=9.141434 (avg=10.456799), loss=0.600828 (avg=0.602899), pairs_step=316799, pairs_total=19007983
[2026-03-01 11:56:34,517] INFO:fitness.free_loss_fidelity: RL4CO free-loss step 80/200: score=8.969604 (avg=10.102656), loss=0.581958 (avg=0.600023), pairs_step=316799, pairs_total=25343977
[2026-03-01 11:56:41,179] INFO:fitness.free_loss_fidelity: RL4CO free-loss step 100/200: score=8.877889 (avg=9.869488), loss=0.583741 (avg=0.598176), pairs_step=316800, pairs_total=31679974
[2026-03-01 11:56:47,837] INFO:fitness.free_loss_fidelity: RL4CO free-loss step 120/200: score=8.790291 (avg=9.703167), loss=0.593763 (avg=0.597148), pairs_step=316800, pairs_total=38015969
[2026-03-01 11:56:54,490] INFO:fitness.free_loss_fidelity: RL4CO free-loss step 140/200: score=8.786352 (avg=9.570831), loss=0.595683 (avg=0.596673), pairs_step=316800, pairs_total=44351967
[2026-03-01 11:57:01,144] INFO:fitness.free_loss_fidelity: RL4CO free-loss step 160/200: score=8.628078 (avg=9.459949), loss=0.600182 (avg=0.596867), pairs_step=316800, pairs_total=50687962
[2026-03-01 11:57:07,820] INFO:fitness.free_loss_fidelity: RL4CO free-loss step 180/200: score=8.518411 (avg=9.365452), loss=0.606850 (avg=0.597452), pairs_step=316799, pairs_total=57023952
[2026-03-01 11:57:14,467] INFO:fitness.free_loss_fidelity: RL4CO free-loss step 200/200: score=8.522050 (avg=9.284008), loss=0.606064 (avg=0.598207), pairs_step=316800, pairs_total=63359949
[2026-03-01 11:57:15,567] WARNING:fitness.free_loss_fidelity: weights_only checkpoint load failed (UnpicklingError); retrying weights_only=False for /data1/gushengda/eam-rl4co/baseline/epoch_135.ckpt
[2026-03-01 11:57:15,608] INFO:fitness.free_loss_fidelity: Loaded init checkpoint into policy: path=/data1/gushengda/eam-rl4co/baseline/epoch_135.ckpt prefix=policy. matched=97 missing=0 unexpected=0
[2026-03-01 11:57:15,613] INFO:fitness.free_loss_fidelity: RL4CO free-loss (step-mode): f1_steps=200, f2_steps=0, total_steps=200, train_problem_size=100, rollouts=100, batch_size=64, device=cuda:0, env=tsp
[2026-03-01 11:57:15,990] INFO:fitness.free_loss_fidelity: RL4CO free-loss step 1/200: score=7.803347 (avg=7.803347), loss=0.673542 (avg=0.673542), pairs_step=315697, pairs_total=315697
[2026-03-01 11:57:22,321] INFO:fitness.free_loss_fidelity: RL4CO free-loss step 20/200: score=7.778457 (avg=7.808140), loss=0.674992 (avg=0.672944), pairs_step=315919, pairs_total=6317613
[2026-03-01 11:57:28,964] INFO:fitness.free_loss_fidelity: RL4CO free-loss step 40/200: score=7.816635 (avg=7.802761), loss=0.674648 (avg=0.673123), pairs_step=315667, pairs_total=12631505
[2026-03-01 11:57:35,617] INFO:fitness.free_loss_fidelity: RL4CO free-loss step 60/200: score=7.822913 (avg=7.799710), loss=0.673161 (avg=0.673524), pairs_step=315612, pairs_total=18945161
[2026-03-01 11:57:42,261] INFO:fitness.free_loss_fidelity: RL4CO free-loss step 80/200: score=7.798128 (avg=7.797794), loss=0.675277 (avg=0.673438), pairs_step=315747, pairs_total=25260257
[2026-03-01 11:57:48,856] INFO:fitness.free_loss_fidelity: RL4CO free-loss step 100/200: score=7.754367 (avg=7.798840), loss=0.675332 (avg=0.673395), pairs_step=315871, pairs_total=31574582
[2026-03-01 11:57:55,452] INFO:fitness.free_loss_fidelity: RL4CO free-loss step 120/200: score=7.774362 (avg=7.800126), loss=0.671340 (avg=0.673413), pairs_step=315481, pairs_total=37888469
[2026-03-01 11:58:02,072] INFO:fitness.free_loss_fidelity: RL4CO free-loss step 140/200: score=7.827335 (avg=7.801185), loss=0.675101 (avg=0.673468), pairs_step=315493, pairs_total=44202001
[2026-03-01 11:58:08,707] INFO:fitness.free_loss_fidelity: RL4CO free-loss step 160/200: score=7.796679 (avg=7.800582), loss=0.673826 (avg=0.673370), pairs_step=315341, pairs_total=50515136
[2026-03-01 11:58:15,334] INFO:fitness.free_loss_fidelity: RL4CO free-loss step 180/200: score=7.788763 (avg=7.799572), loss=0.674734 (avg=0.673410), pairs_step=315198, pairs_total=56825469
[2026-03-01 11:58:21,959] INFO:fitness.free_loss_fidelity: RL4CO free-loss step 200/200: score=7.814074 (avg=7.798548), loss=0.672455 (avg=0.673472), pairs_step=315415, pairs_total=63138016
[2026-03-01 11:58:23,061] WARNING:fitness.free_loss_fidelity: weights_only checkpoint load failed (UnpicklingError); retrying weights_only=False for /data1/gushengda/eam-rl4co/baseline/epoch_409.ckpt
[2026-03-01 11:58:23,100] INFO:fitness.free_loss_fidelity: Loaded init checkpoint into policy: path=/data1/gushengda/eam-rl4co/baseline/epoch_409.ckpt prefix=policy. matched=97 missing=0 unexpected=0
[2026-03-01 11:58:23,105] INFO:fitness.free_loss_fidelity: RL4CO free-loss (step-mode): f1_steps=200, f2_steps=0, total_steps=200, train_problem_size=100, rollouts=100, batch_size=64, device=cuda:0, env=tsp
[2026-03-01 11:58:23,442] INFO:fitness.free_loss_fidelity: RL4CO free-loss step 1/200: score=7.807477 (avg=7.807477), loss=0.212649 (avg=0.212649), pairs_step=315750, pairs_total=315750
[2026-03-01 11:58:29,726] INFO:fitness.free_loss_fidelity: RL4CO free-loss step 20/200: score=7.782437 (avg=7.809175), loss=0.216727 (avg=0.214561), pairs_step=315916, pairs_total=6317804
[2026-03-01 11:58:36,366] INFO:fitness.free_loss_fidelity: RL4CO free-loss step 40/200: score=7.814241 (avg=7.803799), loss=0.199208 (avg=0.212061), pairs_step=316014, pairs_total=12636876
[2026-03-01 11:58:42,983] INFO:fitness.free_loss_fidelity: RL4CO free-loss step 60/200: score=7.812451 (avg=7.800076), loss=0.198337 (avg=0.205845), pairs_step=315678, pairs_total=18954319
[2026-03-01 11:58:49,606] INFO:fitness.free_loss_fidelity: RL4CO free-loss step 80/200: score=7.799646 (avg=7.798525), loss=0.204952 (avg=0.204228), pairs_step=315945, pairs_total=25273072
[2026-03-01 11:58:56,198] INFO:fitness.free_loss_fidelity: RL4CO free-loss step 100/200: score=7.749804 (avg=7.798577), loss=0.221886 (avg=0.206487), pairs_step=315776, pairs_total=31591509
[2026-03-01 11:59:02,803] INFO:fitness.free_loss_fidelity: RL4CO free-loss step 120/200: score=7.774695 (avg=7.799785), loss=0.190764 (avg=0.206871), pairs_step=315568, pairs_total=37909751
[2026-03-01 11:59:09,400] INFO:fitness.free_loss_fidelity: RL4CO free-loss step 140/200: score=7.820697 (avg=7.800636), loss=0.196234 (avg=0.204840), pairs_step=315200, pairs_total=44224704
[2026-03-01 11:59:16,192] INFO:fitness.free_loss_fidelity: RL4CO free-loss step 160/200: score=7.792301 (avg=7.799541), loss=0.210747 (avg=0.204327), pairs_step=315774, pairs_total=50539020
[2026-03-01 11:59:22,801] INFO:fitness.free_loss_fidelity: RL4CO free-loss step 180/200: score=7.781549 (avg=7.798308), loss=0.224053 (avg=0.205959), pairs_step=315526, pairs_total=56853961
[2026-03-01 11:59:29,409] INFO:fitness.free_loss_fidelity: RL4CO free-loss step 200/200: score=7.814390 (avg=7.797053), loss=0.205137 (avg=0.206864), pairs_step=314996, pairs_total=63167578
