[2026-03-01 14:04:50,192] INFO:fitness.free_loss_fidelity: Stage3 offline mini-train start gen=13 pair_index=8 K=200 seed=12345 valid_sizes=[100] baseline_json=baseline/mini_eval/baseline_minitrain_tsp100_K200.json
[2026-03-01 14:04:50,213] INFO:fitness.free_loss_fidelity: RL4CO free-loss (step-mode): f1_steps=200, f2_steps=0, total_steps=200, train_problem_size=100, rollouts=100, batch_size=64, device=cuda:0, env=tsp
[2026-03-01 14:04:50,554] INFO:fitness.free_loss_fidelity: RL4CO free-loss step 1/200: score=36.122910 (avg=36.122910), loss=0.748214 (avg=0.748214), pairs_step=159213, pairs_total=159213
[2026-03-01 14:04:56,838] INFO:fitness.free_loss_fidelity: RL4CO free-loss step 20/200: score=9.855869 (avg=12.613954), loss=0.512096 (avg=0.520653), pairs_step=157439, pairs_total=3168913
[2026-03-01 14:05:03,506] INFO:fitness.free_loss_fidelity: RL4CO free-loss step 40/200: score=9.427052 (avg=11.058243), loss=0.534657 (avg=0.521679), pairs_step=158811, pairs_total=6342509
[2026-03-01 14:05:10,149] INFO:fitness.free_loss_fidelity: RL4CO free-loss step 60/200: score=9.235301 (avg=10.459883), loss=0.502696 (avg=0.520059), pairs_step=155437, pairs_total=9502735
[2026-03-01 14:05:16,802] INFO:fitness.free_loss_fidelity: RL4CO free-loss step 80/200: score=8.982080 (avg=10.112433), loss=0.500370 (avg=0.516228), pairs_step=157695, pairs_total=12671233
[2026-03-01 14:05:23,471] INFO:fitness.free_loss_fidelity: RL4CO free-loss step 100/200: score=8.833061 (avg=9.877107), loss=0.500307 (avg=0.513512), pairs_step=158772, pairs_total=15841300
[2026-03-01 14:05:30,136] INFO:fitness.free_loss_fidelity: RL4CO free-loss step 120/200: score=8.756138 (avg=9.705433), loss=0.506973 (avg=0.512093), pairs_step=158363, pairs_total=19008739
[2026-03-01 14:05:36,788] INFO:fitness.free_loss_fidelity: RL4CO free-loss step 140/200: score=8.722601 (avg=9.568834), loss=0.510405 (avg=0.511483), pairs_step=159344, pairs_total=22179565
[2026-03-01 14:05:43,427] INFO:fitness.free_loss_fidelity: RL4CO free-loss step 160/200: score=8.603130 (avg=9.454712), loss=0.519815 (avg=0.512155), pairs_step=156951, pairs_total=25341324
[2026-03-01 14:05:50,042] INFO:fitness.free_loss_fidelity: RL4CO free-loss step 180/200: score=8.537915 (avg=9.357543), loss=0.538379 (avg=0.514048), pairs_step=159773, pairs_total=28523305
[2026-03-01 14:05:56,687] INFO:fitness.free_loss_fidelity: RL4CO free-loss step 200/200: score=8.528076 (avg=9.272960), loss=0.528319 (avg=0.515563), pairs_step=158161, pairs_total=31684952
[2026-03-01 14:05:57,789] WARNING:fitness.free_loss_fidelity: weights_only checkpoint load failed (UnpicklingError); retrying weights_only=False for /data1/gushengda/eam-rl4co/baseline/epoch_135.ckpt
[2026-03-01 14:05:57,826] INFO:fitness.free_loss_fidelity: Loaded init checkpoint into policy: path=/data1/gushengda/eam-rl4co/baseline/epoch_135.ckpt prefix=policy. matched=97 missing=0 unexpected=0
[2026-03-01 14:05:57,831] INFO:fitness.free_loss_fidelity: RL4CO free-loss (step-mode): f1_steps=200, f2_steps=0, total_steps=200, train_problem_size=100, rollouts=100, batch_size=64, device=cuda:0, env=tsp
[2026-03-01 14:05:58,214] INFO:fitness.free_loss_fidelity: RL4CO free-loss step 1/200: score=7.803347 (avg=7.803347), loss=0.610466 (avg=0.610466), pairs_step=157875, pairs_total=157875
[2026-03-01 14:06:04,518] INFO:fitness.free_loss_fidelity: RL4CO free-loss step 20/200: score=7.787202 (avg=7.813466), loss=0.642333 (avg=0.631872), pairs_step=159229, pairs_total=3160780
[2026-03-01 14:06:11,145] INFO:fitness.free_loss_fidelity: RL4CO free-loss step 40/200: score=7.823907 (avg=7.807415), loss=0.647521 (avg=0.635902), pairs_step=157354, pairs_total=6322269
[2026-03-01 14:06:17,785] INFO:fitness.free_loss_fidelity: RL4CO free-loss step 60/200: score=7.820347 (avg=7.803788), loss=0.654924 (avg=0.639284), pairs_step=155403, pairs_total=9473988
[2026-03-01 14:06:24,103] INFO:fitness.free_loss_fidelity: RL4CO free-loss step 80/200: score=7.798757 (avg=7.802974), loss=0.657744 (avg=0.640649), pairs_step=158359, pairs_total=12626601
[2026-03-01 14:06:30,355] INFO:fitness.free_loss_fidelity: RL4CO free-loss step 100/200: score=7.766891 (avg=7.804113), loss=0.646209 (avg=0.642113), pairs_step=156408, pairs_total=15780343
[2026-03-01 14:06:36,610] INFO:fitness.free_loss_fidelity: RL4CO free-loss step 120/200: score=7.774536 (avg=7.805346), loss=0.626692 (avg=0.642134), pairs_step=157086, pairs_total=18932324
[2026-03-01 14:06:42,938] INFO:fitness.free_loss_fidelity: RL4CO free-loss step 140/200: score=7.826548 (avg=7.806762), loss=0.646168 (avg=0.642612), pairs_step=157750, pairs_total=22086631
[2026-03-01 14:06:49,224] INFO:fitness.free_loss_fidelity: RL4CO free-loss step 160/200: score=7.807742 (avg=7.806010), loss=0.637958 (avg=0.643192), pairs_step=159391, pairs_total=25236453
[2026-03-01 14:06:55,505] INFO:fitness.free_loss_fidelity: RL4CO free-loss step 180/200: score=7.788365 (avg=7.805197), loss=0.652989 (avg=0.643342), pairs_step=157204, pairs_total=28393515
[2026-03-01 14:07:01,924] INFO:fitness.free_loss_fidelity: RL4CO free-loss step 200/200: score=7.809664 (avg=7.803921), loss=0.639800 (avg=0.643368), pairs_step=159119, pairs_total=31561843
[2026-03-01 14:07:03,022] WARNING:fitness.free_loss_fidelity: weights_only checkpoint load failed (UnpicklingError); retrying weights_only=False for /data1/gushengda/eam-rl4co/baseline/epoch_409.ckpt
[2026-03-01 14:07:03,052] INFO:fitness.free_loss_fidelity: Loaded init checkpoint into policy: path=/data1/gushengda/eam-rl4co/baseline/epoch_409.ckpt prefix=policy. matched=97 missing=0 unexpected=0
[2026-03-01 14:07:03,057] INFO:fitness.free_loss_fidelity: RL4CO free-loss (step-mode): f1_steps=200, f2_steps=0, total_steps=200, train_problem_size=100, rollouts=100, batch_size=64, device=cuda:0, env=tsp
[2026-03-01 14:07:03,397] INFO:fitness.free_loss_fidelity: RL4CO free-loss step 1/200: score=7.807477 (avg=7.807477), loss=0.012388 (avg=0.012388), pairs_step=158679, pairs_total=158679
[2026-03-01 14:07:09,413] INFO:fitness.free_loss_fidelity: RL4CO free-loss step 20/200: score=7.800968 (avg=7.818003), loss=0.009020 (avg=0.014027), pairs_step=160092, pairs_total=3175060
[2026-03-01 14:07:15,662] INFO:fitness.free_loss_fidelity: RL4CO free-loss step 40/200: score=7.832495 (avg=7.817498), loss=0.010555 (avg=0.011249), pairs_step=159680, pairs_total=6339197
[2026-03-01 14:07:21,925] INFO:fitness.free_loss_fidelity: RL4CO free-loss step 60/200: score=7.824751 (avg=7.812411), loss=0.013740 (avg=0.012649), pairs_step=156878, pairs_total=9499970
[2026-03-01 14:07:28,192] INFO:fitness.free_loss_fidelity: RL4CO free-loss step 80/200: score=7.801908 (avg=7.811104), loss=0.004357 (avg=0.011226), pairs_step=159873, pairs_total=12677726
[2026-03-01 14:07:34,459] INFO:fitness.free_loss_fidelity: RL4CO free-loss step 100/200: score=7.764587 (avg=7.811273), loss=0.023530 (avg=0.011209), pairs_step=161193, pairs_total=15842141
[2026-03-01 14:07:40,711] INFO:fitness.free_loss_fidelity: RL4CO free-loss step 120/200: score=7.782195 (avg=7.811982), loss=0.005804 (avg=0.011883), pairs_step=157714, pairs_total=18997949
[2026-03-01 14:07:47,350] INFO:fitness.free_loss_fidelity: RL4CO free-loss step 140/200: score=7.836732 (avg=7.812427), loss=0.006015 (avg=0.010846), pairs_step=157391, pairs_total=22164917
[2026-03-01 14:07:54,419] INFO:fitness.free_loss_fidelity: RL4CO free-loss step 160/200: score=7.810377 (avg=7.811097), loss=0.018444 (avg=0.011471), pairs_step=158449, pairs_total=25331468
[2026-03-01 14:08:01,502] INFO:fitness.free_loss_fidelity: RL4CO free-loss step 180/200: score=7.797917 (avg=7.810225), loss=0.003539 (avg=0.010990), pairs_step=157357, pairs_total=28494244
[2026-03-01 14:08:08,603] INFO:fitness.free_loss_fidelity: RL4CO free-loss step 200/200: score=7.825054 (avg=7.808968), loss=0.005935 (avg=0.010304), pairs_step=158123, pairs_total=31652481
