[2026-03-01 18:33:35,647] INFO:fitness.free_loss_fidelity: Stage3 offline mini-train start gen=19 pair_index=32 K=200 seed=12345 valid_sizes=[100] baseline_json=baseline/mini_eval/baseline_minitrain_tsp100_K200.json
[2026-03-01 18:33:35,668] INFO:fitness.free_loss_fidelity: RL4CO free-loss (step-mode): f1_steps=200, f2_steps=0, total_steps=200, train_problem_size=100, rollouts=100, batch_size=64, device=cuda:2, env=tsp
[2026-03-01 18:33:35,995] INFO:fitness.free_loss_fidelity: RL4CO free-loss step 1/200: score=36.122910 (avg=36.122910), loss=0.748179 (avg=0.748179), pairs_step=159213, pairs_total=159213
[2026-03-01 18:33:41,973] INFO:fitness.free_loss_fidelity: RL4CO free-loss step 20/200: score=9.886077 (avg=12.670583), loss=0.556304 (avg=0.563293), pairs_step=157294, pairs_total=3161790
[2026-03-01 18:33:48,281] INFO:fitness.free_loss_fidelity: RL4CO free-loss step 40/200: score=9.382479 (avg=11.076472), loss=0.568813 (avg=0.565105), pairs_step=157115, pairs_total=6327983
[2026-03-01 18:33:54,639] INFO:fitness.free_loss_fidelity: RL4CO free-loss step 60/200: score=9.155262 (avg=10.452629), loss=0.543638 (avg=0.561837), pairs_step=156114, pairs_total=9493086
[2026-03-01 18:34:01,132] INFO:fitness.free_loss_fidelity: RL4CO free-loss step 80/200: score=8.961456 (avg=10.097186), loss=0.542731 (avg=0.557516), pairs_step=156647, pairs_total=12663480
[2026-03-01 18:34:07,432] INFO:fitness.free_loss_fidelity: RL4CO free-loss step 100/200: score=8.801859 (avg=9.860073), loss=0.543586 (avg=0.555030), pairs_step=156811, pairs_total=15835998
[2026-03-01 18:34:13,733] INFO:fitness.free_loss_fidelity: RL4CO free-loss step 120/200: score=8.714058 (avg=9.689854), loss=0.551300 (avg=0.553105), pairs_step=158928, pairs_total=19006224
[2026-03-01 18:34:20,031] INFO:fitness.free_loss_fidelity: RL4CO free-loss step 140/200: score=8.755543 (avg=9.556623), loss=0.559779 (avg=0.552867), pairs_step=157878, pairs_total=22174770
[2026-03-01 18:34:26,316] INFO:fitness.free_loss_fidelity: RL4CO free-loss step 160/200: score=8.623655 (avg=9.444241), loss=0.554198 (avg=0.553512), pairs_step=159745, pairs_total=25347430
[2026-03-01 18:34:32,631] INFO:fitness.free_loss_fidelity: RL4CO free-loss step 180/200: score=8.573414 (avg=9.348118), loss=0.561316 (avg=0.554367), pairs_step=156612, pairs_total=28524971
[2026-03-01 18:34:39,493] INFO:fitness.free_loss_fidelity: RL4CO free-loss step 200/200: score=8.574739 (avg=9.266593), loss=0.562278 (avg=0.555618), pairs_step=160093, pairs_total=31701890
[2026-03-01 18:34:40,815] WARNING:fitness.free_loss_fidelity: weights_only checkpoint load failed (UnpicklingError); retrying weights_only=False for /data1/gushengda/eam-rl4co/baseline/epoch_135.ckpt
[2026-03-01 18:34:40,855] INFO:fitness.free_loss_fidelity: Loaded init checkpoint into policy: path=/data1/gushengda/eam-rl4co/baseline/epoch_135.ckpt prefix=policy. matched=97 missing=0 unexpected=0
[2026-03-01 18:34:40,861] INFO:fitness.free_loss_fidelity: RL4CO free-loss (step-mode): f1_steps=200, f2_steps=0, total_steps=200, train_problem_size=100, rollouts=100, batch_size=64, device=cuda:2, env=tsp
[2026-03-01 18:34:41,249] INFO:fitness.free_loss_fidelity: RL4CO free-loss step 1/200: score=7.803347 (avg=7.803347), loss=0.663759 (avg=0.663759), pairs_step=157875, pairs_total=157875
[2026-03-01 18:34:48,058] INFO:fitness.free_loss_fidelity: RL4CO free-loss step 20/200: score=7.779961 (avg=7.809861), loss=0.665655 (avg=0.663455), pairs_step=158525, pairs_total=3161053
[2026-03-01 18:34:55,214] INFO:fitness.free_loss_fidelity: RL4CO free-loss step 40/200: score=7.818510 (avg=7.804125), loss=0.666182 (avg=0.663464), pairs_step=157333, pairs_total=6315711
[2026-03-01 18:35:02,370] INFO:fitness.free_loss_fidelity: RL4CO free-loss step 60/200: score=7.815854 (avg=7.800789), loss=0.666462 (avg=0.664111), pairs_step=157328, pairs_total=9470962
[2026-03-01 18:35:09,543] INFO:fitness.free_loss_fidelity: RL4CO free-loss step 80/200: score=7.798974 (avg=7.799282), loss=0.665922 (avg=0.664581), pairs_step=157478, pairs_total=12637182
[2026-03-01 18:35:16,707] INFO:fitness.free_loss_fidelity: RL4CO free-loss step 100/200: score=7.757815 (avg=7.800390), loss=0.661711 (avg=0.664765), pairs_step=157674, pairs_total=15782933
[2026-03-01 18:35:23,858] INFO:fitness.free_loss_fidelity: RL4CO free-loss step 120/200: score=7.778019 (avg=7.801799), loss=0.662828 (avg=0.664888), pairs_step=158878, pairs_total=18936836
[2026-03-01 18:35:30,995] INFO:fitness.free_loss_fidelity: RL4CO free-loss step 140/200: score=7.824394 (avg=7.802637), loss=0.665335 (avg=0.664739), pairs_step=159869, pairs_total=22091885
[2026-03-01 18:35:38,165] INFO:fitness.free_loss_fidelity: RL4CO free-loss step 160/200: score=7.800280 (avg=7.802005), loss=0.663960 (avg=0.664636), pairs_step=159668, pairs_total=25252520
[2026-03-01 18:35:45,335] INFO:fitness.free_loss_fidelity: RL4CO free-loss step 180/200: score=7.789160 (avg=7.800847), loss=0.663922 (avg=0.664667), pairs_step=157308, pairs_total=28405894
[2026-03-01 18:35:52,483] INFO:fitness.free_loss_fidelity: RL4CO free-loss step 200/200: score=7.814305 (avg=7.799792), loss=0.661398 (avg=0.664700), pairs_step=159193, pairs_total=31570787
[2026-03-01 18:35:53,803] WARNING:fitness.free_loss_fidelity: weights_only checkpoint load failed (UnpicklingError); retrying weights_only=False for /data1/gushengda/eam-rl4co/baseline/epoch_409.ckpt
[2026-03-01 18:35:53,837] INFO:fitness.free_loss_fidelity: Loaded init checkpoint into policy: path=/data1/gushengda/eam-rl4co/baseline/epoch_409.ckpt prefix=policy. matched=97 missing=0 unexpected=0
[2026-03-01 18:35:53,843] INFO:fitness.free_loss_fidelity: RL4CO free-loss (step-mode): f1_steps=200, f2_steps=0, total_steps=200, train_problem_size=100, rollouts=100, batch_size=64, device=cuda:2, env=tsp
[2026-03-01 18:35:54,230] INFO:fitness.free_loss_fidelity: RL4CO free-loss step 1/200: score=7.807477 (avg=7.807477), loss=0.107652 (avg=0.107652), pairs_step=158679, pairs_total=158679
[2026-03-01 18:36:01,034] INFO:fitness.free_loss_fidelity: RL4CO free-loss step 20/200: score=7.786420 (avg=7.810936), loss=0.100073 (avg=0.101935), pairs_step=160169, pairs_total=3164433
[2026-03-01 18:36:08,194] INFO:fitness.free_loss_fidelity: RL4CO free-loss step 40/200: score=7.819327 (avg=7.804904), loss=0.104242 (avg=0.102811), pairs_step=157756, pairs_total=6316017
[2026-03-01 18:36:15,354] INFO:fitness.free_loss_fidelity: RL4CO free-loss step 60/200: score=7.812278 (avg=7.800854), loss=0.103562 (avg=0.102013), pairs_step=157195, pairs_total=9473976
[2026-03-01 18:36:22,524] INFO:fitness.free_loss_fidelity: RL4CO free-loss step 80/200: score=7.807902 (avg=7.799538), loss=0.099421 (avg=0.101288), pairs_step=157656, pairs_total=12626918
[2026-03-01 18:36:29,678] INFO:fitness.free_loss_fidelity: RL4CO free-loss step 100/200: score=7.752971 (avg=7.800079), loss=0.095162 (avg=0.100982), pairs_step=159606, pairs_total=15791572
[2026-03-01 18:36:36,838] INFO:fitness.free_loss_fidelity: RL4CO free-loss step 120/200: score=7.772564 (avg=7.801117), loss=0.091955 (avg=0.099927), pairs_step=155327, pairs_total=18946314
[2026-03-01 18:36:44,042] INFO:fitness.free_loss_fidelity: RL4CO free-loss step 140/200: score=7.825281 (avg=7.801836), loss=0.091092 (avg=0.098593), pairs_step=156487, pairs_total=22108762
[2026-03-01 18:36:51,201] INFO:fitness.free_loss_fidelity: RL4CO free-loss step 160/200: score=7.800346 (avg=7.801301), loss=0.099787 (avg=0.098067), pairs_step=159499, pairs_total=25265370
[2026-03-01 18:36:58,347] INFO:fitness.free_loss_fidelity: RL4CO free-loss step 180/200: score=7.788413 (avg=7.800173), loss=0.101913 (avg=0.098578), pairs_step=156245, pairs_total=28425438
[2026-03-01 18:37:05,505] INFO:fitness.free_loss_fidelity: RL4CO free-loss step 200/200: score=7.815053 (avg=7.798998), loss=0.103076 (avg=0.099186), pairs_step=156830, pairs_total=31584926
