[2026-03-01 15:15:06,161] INFO:fitness.free_loss_fidelity: Stage3 offline mini-train start gen=15 pair_index=6 K=200 seed=12345 valid_sizes=[100] baseline_json=baseline/mini_eval/baseline_minitrain_tsp100_K200.json
[2026-03-01 15:15:06,181] INFO:fitness.free_loss_fidelity: RL4CO free-loss (step-mode): f1_steps=200, f2_steps=0, total_steps=200, train_problem_size=100, rollouts=100, batch_size=64, device=cuda:0, env=tsp
[2026-03-01 15:15:06,492] INFO:fitness.free_loss_fidelity: RL4CO free-loss step 1/200: score=36.122910 (avg=36.122910), loss=0.748179 (avg=0.748179), pairs_step=159213, pairs_total=159213
[2026-03-01 15:15:12,314] INFO:fitness.free_loss_fidelity: RL4CO free-loss step 20/200: score=9.830530 (avg=12.662469), loss=0.557761 (avg=0.568829), pairs_step=157716, pairs_total=3162799
[2026-03-01 15:15:18,424] INFO:fitness.free_loss_fidelity: RL4CO free-loss step 40/200: score=9.367826 (avg=11.084573), loss=0.560858 (avg=0.567113), pairs_step=158448, pairs_total=6332966
[2026-03-01 15:15:24,587] INFO:fitness.free_loss_fidelity: RL4CO free-loss step 60/200: score=9.106678 (avg=10.457271), loss=0.557995 (avg=0.564558), pairs_step=160150, pairs_total=9509246
[2026-03-01 15:15:30,740] INFO:fitness.free_loss_fidelity: RL4CO free-loss step 80/200: score=8.942650 (avg=10.105693), loss=0.546891 (avg=0.560113), pairs_step=161084, pairs_total=12684132
[2026-03-01 15:15:36,911] INFO:fitness.free_loss_fidelity: RL4CO free-loss step 100/200: score=8.830047 (avg=9.871315), loss=0.541353 (avg=0.557174), pairs_step=159597, pairs_total=15867591
[2026-03-01 15:15:43,072] INFO:fitness.free_loss_fidelity: RL4CO free-loss step 120/200: score=8.767392 (avg=9.700874), loss=0.538920 (avg=0.555850), pairs_step=159585, pairs_total=19037906
[2026-03-01 15:15:49,227] INFO:fitness.free_loss_fidelity: RL4CO free-loss step 140/200: score=8.741999 (avg=9.564697), loss=0.556819 (avg=0.555765), pairs_step=156665, pairs_total=22209354
[2026-03-01 15:15:55,390] INFO:fitness.free_loss_fidelity: RL4CO free-loss step 160/200: score=8.622379 (avg=9.452729), loss=0.555278 (avg=0.556043), pairs_step=157960, pairs_total=25376796
[2026-03-01 15:16:01,536] INFO:fitness.free_loss_fidelity: RL4CO free-loss step 180/200: score=8.538912 (avg=9.356737), loss=0.561083 (avg=0.556791), pairs_step=160306, pairs_total=28534402
[2026-03-01 15:16:07,708] INFO:fitness.free_loss_fidelity: RL4CO free-loss step 200/200: score=8.536554 (avg=9.276180), loss=0.566937 (avg=0.558016), pairs_step=161022, pairs_total=31711340
[2026-03-01 15:16:08,802] WARNING:fitness.free_loss_fidelity: weights_only checkpoint load failed (UnpicklingError); retrying weights_only=False for /data1/gushengda/eam-rl4co/baseline/epoch_135.ckpt
[2026-03-01 15:16:08,840] INFO:fitness.free_loss_fidelity: Loaded init checkpoint into policy: path=/data1/gushengda/eam-rl4co/baseline/epoch_135.ckpt prefix=policy. matched=97 missing=0 unexpected=0
[2026-03-01 15:16:08,845] INFO:fitness.free_loss_fidelity: RL4CO free-loss (step-mode): f1_steps=200, f2_steps=0, total_steps=200, train_problem_size=100, rollouts=100, batch_size=64, device=cuda:0, env=tsp
[2026-03-01 15:16:09,165] INFO:fitness.free_loss_fidelity: RL4CO free-loss step 1/200: score=7.803347 (avg=7.803347), loss=0.663759 (avg=0.663759), pairs_step=157875, pairs_total=157875
[2026-03-01 15:16:15,080] INFO:fitness.free_loss_fidelity: RL4CO free-loss step 20/200: score=7.784160 (avg=7.810086), loss=0.665032 (avg=0.663633), pairs_step=157069, pairs_total=3158644
[2026-03-01 15:16:21,304] INFO:fitness.free_loss_fidelity: RL4CO free-loss step 40/200: score=7.820277 (avg=7.804682), loss=0.670374 (avg=0.664149), pairs_step=158243, pairs_total=6315044
[2026-03-01 15:16:27,516] INFO:fitness.free_loss_fidelity: RL4CO free-loss step 60/200: score=7.815288 (avg=7.801150), loss=0.664814 (avg=0.664548), pairs_step=157120, pairs_total=9462737
[2026-03-01 15:16:33,729] INFO:fitness.free_loss_fidelity: RL4CO free-loss step 80/200: score=7.797088 (avg=7.799675), loss=0.662181 (avg=0.664478), pairs_step=156952, pairs_total=12617217
[2026-03-01 15:16:39,929] INFO:fitness.free_loss_fidelity: RL4CO free-loss step 100/200: score=7.759739 (avg=7.800391), loss=0.664382 (avg=0.664174), pairs_step=156911, pairs_total=15762020
[2026-03-01 15:16:46,143] INFO:fitness.free_loss_fidelity: RL4CO free-loss step 120/200: score=7.770328 (avg=7.801753), loss=0.667193 (avg=0.664395), pairs_step=157968, pairs_total=18908302
[2026-03-01 15:16:52,360] INFO:fitness.free_loss_fidelity: RL4CO free-loss step 140/200: score=7.834716 (avg=7.802886), loss=0.667451 (avg=0.664518), pairs_step=154682, pairs_total=22058442
[2026-03-01 15:16:58,573] INFO:fitness.free_loss_fidelity: RL4CO free-loss step 160/200: score=7.801251 (avg=7.802535), loss=0.666680 (avg=0.664544), pairs_step=159790, pairs_total=25210383
[2026-03-01 15:17:04,772] INFO:fitness.free_loss_fidelity: RL4CO free-loss step 180/200: score=7.790697 (avg=7.801394), loss=0.663059 (avg=0.664659), pairs_step=158799, pairs_total=28368454
[2026-03-01 15:17:10,977] INFO:fitness.free_loss_fidelity: RL4CO free-loss step 200/200: score=7.810574 (avg=7.800244), loss=0.665080 (avg=0.664798), pairs_step=158712, pairs_total=31527165
[2026-03-01 15:17:12,076] WARNING:fitness.free_loss_fidelity: weights_only checkpoint load failed (UnpicklingError); retrying weights_only=False for /data1/gushengda/eam-rl4co/baseline/epoch_409.ckpt
[2026-03-01 15:17:12,299] INFO:fitness.free_loss_fidelity: Loaded init checkpoint into policy: path=/data1/gushengda/eam-rl4co/baseline/epoch_409.ckpt prefix=policy. matched=97 missing=0 unexpected=0
[2026-03-01 15:17:12,304] INFO:fitness.free_loss_fidelity: RL4CO free-loss (step-mode): f1_steps=200, f2_steps=0, total_steps=200, train_problem_size=100, rollouts=100, batch_size=64, device=cuda:0, env=tsp
[2026-03-01 15:17:12,629] INFO:fitness.free_loss_fidelity: RL4CO free-loss step 1/200: score=7.807477 (avg=7.807477), loss=0.107652 (avg=0.107652), pairs_step=158679, pairs_total=158679
[2026-03-01 15:17:18,522] INFO:fitness.free_loss_fidelity: RL4CO free-loss step 20/200: score=7.782814 (avg=7.809324), loss=0.098088 (avg=0.099975), pairs_step=159655, pairs_total=3164228
[2026-03-01 15:17:24,741] INFO:fitness.free_loss_fidelity: RL4CO free-loss step 40/200: score=7.817916 (avg=7.803404), loss=0.099995 (avg=0.101511), pairs_step=158403, pairs_total=6314447
[2026-03-01 15:17:30,948] INFO:fitness.free_loss_fidelity: RL4CO free-loss step 60/200: score=7.811059 (avg=7.799765), loss=0.096938 (avg=0.099556), pairs_step=156497, pairs_total=9473079
[2026-03-01 15:17:37,159] INFO:fitness.free_loss_fidelity: RL4CO free-loss step 80/200: score=7.801688 (avg=7.798327), loss=0.093899 (avg=0.098546), pairs_step=159213, pairs_total=12631046
[2026-03-01 15:17:43,376] INFO:fitness.free_loss_fidelity: RL4CO free-loss step 100/200: score=7.761350 (avg=7.799489), loss=0.097305 (avg=0.097829), pairs_step=160625, pairs_total=15791742
[2026-03-01 15:17:49,739] INFO:fitness.free_loss_fidelity: RL4CO free-loss step 120/200: score=7.778669 (avg=7.801070), loss=0.097635 (avg=0.097837), pairs_step=157237, pairs_total=18946377
[2026-03-01 15:17:56,216] INFO:fitness.free_loss_fidelity: RL4CO free-loss step 140/200: score=7.825446 (avg=7.802208), loss=0.100787 (avg=0.097943), pairs_step=155452, pairs_total=22108316
[2026-03-01 15:18:02,726] INFO:fitness.free_loss_fidelity: RL4CO free-loss step 160/200: score=7.800179 (avg=7.801391), loss=0.095294 (avg=0.097660), pairs_step=160545, pairs_total=25267171
[2026-03-01 15:18:09,213] INFO:fitness.free_loss_fidelity: RL4CO free-loss step 180/200: score=7.787457 (avg=7.800245), loss=0.093006 (avg=0.097282), pairs_step=156395, pairs_total=28423434
[2026-03-01 15:18:15,735] INFO:fitness.free_loss_fidelity: RL4CO free-loss step 200/200: score=7.812702 (avg=7.798928), loss=0.096118 (avg=0.097255), pairs_step=156852, pairs_total=31575669
