[2026-03-01 18:20:40,294] INFO:fitness.free_loss_fidelity: Stage3 offline mini-train start gen=19 pair_index=16 K=200 seed=12345 valid_sizes=[100] baseline_json=baseline/mini_eval/baseline_minitrain_tsp100_K200.json
[2026-03-01 18:20:40,315] INFO:fitness.free_loss_fidelity: RL4CO free-loss (step-mode): f1_steps=200, f2_steps=0, total_steps=200, train_problem_size=100, rollouts=100, batch_size=64, device=cuda:2, env=tsp
[2026-03-01 18:20:40,660] INFO:fitness.free_loss_fidelity: RL4CO free-loss step 1/200: score=36.122910 (avg=36.122910), loss=0.748179 (avg=0.748179), pairs_step=159213, pairs_total=159213
[2026-03-01 18:20:46,679] INFO:fitness.free_loss_fidelity: RL4CO free-loss step 20/200: score=9.889217 (avg=12.652384), loss=0.552895 (avg=0.564070), pairs_step=159593, pairs_total=3169834
[2026-03-01 18:20:53,027] INFO:fitness.free_loss_fidelity: RL4CO free-loss step 40/200: score=9.365316 (avg=11.070192), loss=0.565847 (avg=0.564356), pairs_step=156084, pairs_total=6328501
[2026-03-01 18:20:59,361] INFO:fitness.free_loss_fidelity: RL4CO free-loss step 60/200: score=9.130037 (avg=10.447379), loss=0.547349 (avg=0.562608), pairs_step=155082, pairs_total=9489086
[2026-03-01 18:21:05,712] INFO:fitness.free_loss_fidelity: RL4CO free-loss step 80/200: score=8.939409 (avg=10.091427), loss=0.536905 (avg=0.558403), pairs_step=158068, pairs_total=12649093
[2026-03-01 18:21:12,071] INFO:fitness.free_loss_fidelity: RL4CO free-loss step 100/200: score=8.842897 (avg=9.856693), loss=0.544967 (avg=0.555728), pairs_step=159114, pairs_total=15824060
[2026-03-01 18:21:18,414] INFO:fitness.free_loss_fidelity: RL4CO free-loss step 120/200: score=8.768062 (avg=9.686985), loss=0.546503 (avg=0.553792), pairs_step=159442, pairs_total=18997552
[2026-03-01 18:21:24,762] INFO:fitness.free_loss_fidelity: RL4CO free-loss step 140/200: score=8.762947 (avg=9.552376), loss=0.552802 (avg=0.553011), pairs_step=157327, pairs_total=22161775
[2026-03-01 18:21:31,089] INFO:fitness.free_loss_fidelity: RL4CO free-loss step 160/200: score=8.634285 (avg=9.440856), loss=0.561121 (avg=0.553282), pairs_step=156607, pairs_total=25334205
[2026-03-01 18:21:37,429] INFO:fitness.free_loss_fidelity: RL4CO free-loss step 180/200: score=8.586407 (avg=9.344859), loss=0.568754 (avg=0.554179), pairs_step=160997, pairs_total=28502907
[2026-03-01 18:21:43,783] INFO:fitness.free_loss_fidelity: RL4CO free-loss step 200/200: score=8.500015 (avg=9.264743), loss=0.569056 (avg=0.555414), pairs_step=157936, pairs_total=31664648
[2026-03-01 18:21:44,900] WARNING:fitness.free_loss_fidelity: weights_only checkpoint load failed (UnpicklingError); retrying weights_only=False for /data1/gushengda/eam-rl4co/baseline/epoch_135.ckpt
[2026-03-01 18:21:44,941] INFO:fitness.free_loss_fidelity: Loaded init checkpoint into policy: path=/data1/gushengda/eam-rl4co/baseline/epoch_135.ckpt prefix=policy. matched=97 missing=0 unexpected=0
[2026-03-01 18:21:44,946] INFO:fitness.free_loss_fidelity: RL4CO free-loss (step-mode): f1_steps=200, f2_steps=0, total_steps=200, train_problem_size=100, rollouts=100, batch_size=64, device=cuda:2, env=tsp
[2026-03-01 18:21:45,267] INFO:fitness.free_loss_fidelity: RL4CO free-loss step 1/200: score=7.803347 (avg=7.803347), loss=0.663758 (avg=0.663758), pairs_step=157873, pairs_total=157873
[2026-03-01 18:21:51,485] INFO:fitness.free_loss_fidelity: RL4CO free-loss step 20/200: score=7.780051 (avg=7.808289), loss=0.663539 (avg=0.662958), pairs_step=157740, pairs_total=3161331
[2026-03-01 18:21:57,823] INFO:fitness.free_loss_fidelity: RL4CO free-loss step 40/200: score=7.817183 (avg=7.803312), loss=0.664572 (avg=0.663774), pairs_step=155852, pairs_total=6319783
[2026-03-01 18:22:04,161] INFO:fitness.free_loss_fidelity: RL4CO free-loss step 60/200: score=7.821272 (avg=7.800620), loss=0.664110 (avg=0.664110), pairs_step=157580, pairs_total=9474854
[2026-03-01 18:22:10,490] INFO:fitness.free_loss_fidelity: RL4CO free-loss step 80/200: score=7.796735 (avg=7.799635), loss=0.663799 (avg=0.664278), pairs_step=158076, pairs_total=12634512
[2026-03-01 18:22:16,825] INFO:fitness.free_loss_fidelity: RL4CO free-loss step 100/200: score=7.761106 (avg=7.800875), loss=0.669710 (avg=0.664659), pairs_step=158505, pairs_total=15797546
[2026-03-01 18:22:23,160] INFO:fitness.free_loss_fidelity: RL4CO free-loss step 120/200: score=7.774559 (avg=7.802392), loss=0.662401 (avg=0.664691), pairs_step=155516, pairs_total=18944784
[2026-03-01 18:22:29,500] INFO:fitness.free_loss_fidelity: RL4CO free-loss step 140/200: score=7.828262 (avg=7.803407), loss=0.670808 (avg=0.664823), pairs_step=155131, pairs_total=22098542
[2026-03-01 18:22:35,838] INFO:fitness.free_loss_fidelity: RL4CO free-loss step 160/200: score=7.803593 (avg=7.802657), loss=0.664530 (avg=0.664821), pairs_step=157286, pairs_total=25247397
[2026-03-01 18:22:42,187] INFO:fitness.free_loss_fidelity: RL4CO free-loss step 180/200: score=7.786153 (avg=7.801456), loss=0.666722 (avg=0.664934), pairs_step=156193, pairs_total=28410617
[2026-03-01 18:22:48,528] INFO:fitness.free_loss_fidelity: RL4CO free-loss step 200/200: score=7.812615 (avg=7.800325), loss=0.663840 (avg=0.665121), pairs_step=158918, pairs_total=31562807
[2026-03-01 18:22:49,641] WARNING:fitness.free_loss_fidelity: weights_only checkpoint load failed (UnpicklingError); retrying weights_only=False for /data1/gushengda/eam-rl4co/baseline/epoch_409.ckpt
[2026-03-01 18:22:49,671] INFO:fitness.free_loss_fidelity: Loaded init checkpoint into policy: path=/data1/gushengda/eam-rl4co/baseline/epoch_409.ckpt prefix=policy. matched=97 missing=0 unexpected=0
[2026-03-01 18:22:49,677] INFO:fitness.free_loss_fidelity: RL4CO free-loss (step-mode): f1_steps=200, f2_steps=0, total_steps=200, train_problem_size=100, rollouts=100, batch_size=64, device=cuda:2, env=tsp
[2026-03-01 18:22:50,005] INFO:fitness.free_loss_fidelity: RL4CO free-loss step 1/200: score=7.807477 (avg=7.807477), loss=0.107652 (avg=0.107652), pairs_step=158679, pairs_total=158679
[2026-03-01 18:22:56,055] INFO:fitness.free_loss_fidelity: RL4CO free-loss step 20/200: score=7.785919 (avg=7.809615), loss=0.101970 (avg=0.101092), pairs_step=158490, pairs_total=3164042
[2026-03-01 18:23:02,420] INFO:fitness.free_loss_fidelity: RL4CO free-loss step 40/200: score=7.817690 (avg=7.804183), loss=0.104443 (avg=0.103516), pairs_step=158667, pairs_total=6317871
[2026-03-01 18:23:08,769] INFO:fitness.free_loss_fidelity: RL4CO free-loss step 60/200: score=7.813029 (avg=7.800206), loss=0.106599 (avg=0.103595), pairs_step=156803, pairs_total=9478313
[2026-03-01 18:23:15,125] INFO:fitness.free_loss_fidelity: RL4CO free-loss step 80/200: score=7.795919 (avg=7.798896), loss=0.109343 (avg=0.104067), pairs_step=159119, pairs_total=12636201
[2026-03-01 18:23:21,434] INFO:fitness.free_loss_fidelity: RL4CO free-loss step 100/200: score=7.753099 (avg=7.799749), loss=0.111206 (avg=0.105464), pairs_step=160300, pairs_total=15794121
[2026-03-01 18:23:27,711] INFO:fitness.free_loss_fidelity: RL4CO free-loss step 120/200: score=7.779266 (avg=7.801313), loss=0.107919 (avg=0.106192), pairs_step=157134, pairs_total=18950090
[2026-03-01 18:23:34,015] INFO:fitness.free_loss_fidelity: RL4CO free-loss step 140/200: score=7.824760 (avg=7.802361), loss=0.102110 (avg=0.105934), pairs_step=156503, pairs_total=22110062
[2026-03-01 18:23:40,303] INFO:fitness.free_loss_fidelity: RL4CO free-loss step 160/200: score=7.797544 (avg=7.801684), loss=0.096234 (avg=0.105064), pairs_step=158927, pairs_total=25261825
[2026-03-01 18:23:46,597] INFO:fitness.free_loss_fidelity: RL4CO free-loss step 180/200: score=7.783535 (avg=7.800447), loss=0.102119 (avg=0.104675), pairs_step=156692, pairs_total=28423695
[2026-03-01 18:23:52,887] INFO:fitness.free_loss_fidelity: RL4CO free-loss step 200/200: score=7.817246 (avg=7.799294), loss=0.094738 (avg=0.104275), pairs_step=157449, pairs_total=31579831
