[2026-03-01 11:13:20,102] INFO:fitness.free_loss_fidelity: Stage3 offline mini-train start gen=7 pair_index=17 K=200 seed=12345 valid_sizes=[100] baseline_json=baseline/mini_eval/baseline_minitrain_tsp100_K200.json
[2026-03-01 11:13:20,119] INFO:fitness.free_loss_fidelity: RL4CO free-loss (step-mode): f1_steps=200, f2_steps=0, total_steps=200, train_problem_size=100, rollouts=100, batch_size=64, device=cuda:2, env=tsp
[2026-03-01 11:13:20,457] INFO:fitness.free_loss_fidelity: RL4CO free-loss step 1/200: score=36.122910 (avg=36.122910), loss=0.918657 (avg=0.918657), pairs_step=316800, pairs_total=316800
[2026-03-01 11:13:26,737] INFO:fitness.free_loss_fidelity: RL4CO free-loss step 20/200: score=9.999101 (avg=13.025059), loss=0.586616 (avg=0.628220), pairs_step=316799, pairs_total=6335998
[2026-03-01 11:13:33,381] INFO:fitness.free_loss_fidelity: RL4CO free-loss step 40/200: score=9.577556 (avg=11.382917), loss=0.567875 (avg=0.601324), pairs_step=316799, pairs_total=12671993
[2026-03-01 11:13:40,029] INFO:fitness.free_loss_fidelity: RL4CO free-loss step 60/200: score=9.371664 (avg=10.728552), loss=0.562340 (avg=0.587375), pairs_step=316800, pairs_total=19007990
[2026-03-01 11:13:46,687] INFO:fitness.free_loss_fidelity: RL4CO free-loss step 80/200: score=9.247258 (avg=10.368774), loss=0.542627 (avg=0.576039), pairs_step=316800, pairs_total=25343984
[2026-03-01 11:13:53,331] INFO:fitness.free_loss_fidelity: RL4CO free-loss step 100/200: score=9.175263 (avg=10.136808), loss=0.525735 (avg=0.567901), pairs_step=316800, pairs_total=31679977
[2026-03-01 11:13:59,972] INFO:fitness.free_loss_fidelity: RL4CO free-loss step 120/200: score=9.042517 (avg=9.969972), loss=0.554694 (avg=0.563497), pairs_step=316800, pairs_total=38015974
[2026-03-01 11:14:06,608] INFO:fitness.free_loss_fidelity: RL4CO free-loss step 140/200: score=9.089317 (avg=9.844438), loss=0.534628 (avg=0.560753), pairs_step=316800, pairs_total=44351970
[2026-03-01 11:14:13,261] INFO:fitness.free_loss_fidelity: RL4CO free-loss step 160/200: score=9.028311 (avg=9.743325), loss=0.546626 (avg=0.558481), pairs_step=316799, pairs_total=50687965
[2026-03-01 11:14:19,903] INFO:fitness.free_loss_fidelity: RL4CO free-loss step 180/200: score=8.967924 (avg=9.658312), loss=0.544167 (avg=0.557122), pairs_step=316800, pairs_total=57023960
[2026-03-01 11:14:26,522] INFO:fitness.free_loss_fidelity: RL4CO free-loss step 200/200: score=8.915795 (avg=9.586784), loss=0.551674 (avg=0.556498), pairs_step=316800, pairs_total=63359957
[2026-03-01 11:14:27,636] WARNING:fitness.free_loss_fidelity: weights_only checkpoint load failed (UnpicklingError); retrying weights_only=False for /data1/gushengda/eam-rl4co/baseline/epoch_135.ckpt
[2026-03-01 11:14:27,673] INFO:fitness.free_loss_fidelity: Loaded init checkpoint into policy: path=/data1/gushengda/eam-rl4co/baseline/epoch_135.ckpt prefix=policy. matched=97 missing=0 unexpected=0
[2026-03-01 11:14:27,677] INFO:fitness.free_loss_fidelity: RL4CO free-loss (step-mode): f1_steps=200, f2_steps=0, total_steps=200, train_problem_size=100, rollouts=100, batch_size=64, device=cuda:2, env=tsp
[2026-03-01 11:14:28,017] INFO:fitness.free_loss_fidelity: RL4CO free-loss step 1/200: score=7.803347 (avg=7.803347), loss=0.712602 (avg=0.712602), pairs_step=315697, pairs_total=315697
[2026-03-01 11:14:34,306] INFO:fitness.free_loss_fidelity: RL4CO free-loss step 20/200: score=7.779674 (avg=7.809774), loss=0.705001 (avg=0.710197), pairs_step=315833, pairs_total=6317144
[2026-03-01 11:14:40,942] INFO:fitness.free_loss_fidelity: RL4CO free-loss step 40/200: score=7.812103 (avg=7.803707), loss=0.712264 (avg=0.708679), pairs_step=316070, pairs_total=12633356
[2026-03-01 11:14:47,608] INFO:fitness.free_loss_fidelity: RL4CO free-loss step 60/200: score=7.810324 (avg=7.799821), loss=0.709093 (avg=0.707722), pairs_step=315797, pairs_total=18949828
[2026-03-01 11:14:54,261] INFO:fitness.free_loss_fidelity: RL4CO free-loss step 80/200: score=7.800570 (avg=7.798312), loss=0.704713 (avg=0.707039), pairs_step=315890, pairs_total=25268863
[2026-03-01 11:15:00,902] INFO:fitness.free_loss_fidelity: RL4CO free-loss step 100/200: score=7.761374 (avg=7.798867), loss=0.701985 (avg=0.706143), pairs_step=316024, pairs_total=31588342
[2026-03-01 11:15:07,565] INFO:fitness.free_loss_fidelity: RL4CO free-loss step 120/200: score=7.771639 (avg=7.800186), loss=0.703559 (avg=0.705320), pairs_step=315771, pairs_total=37907381
[2026-03-01 11:15:14,223] INFO:fitness.free_loss_fidelity: RL4CO free-loss step 140/200: score=7.826850 (avg=7.801049), loss=0.705422 (avg=0.704630), pairs_step=316032, pairs_total=44226634
[2026-03-01 11:15:20,867] INFO:fitness.free_loss_fidelity: RL4CO free-loss step 160/200: score=7.798739 (avg=7.800498), loss=0.700809 (avg=0.704310), pairs_step=315791, pairs_total=50544546
[2026-03-01 11:15:27,487] INFO:fitness.free_loss_fidelity: RL4CO free-loss step 180/200: score=7.779865 (avg=7.799287), loss=0.700445 (avg=0.703872), pairs_step=315666, pairs_total=56862939
[2026-03-01 11:15:34,100] INFO:fitness.free_loss_fidelity: RL4CO free-loss step 200/200: score=7.808363 (avg=7.798138), loss=0.690988 (avg=0.703644), pairs_step=315671, pairs_total=63180560
[2026-03-01 11:15:35,213] WARNING:fitness.free_loss_fidelity: weights_only checkpoint load failed (UnpicklingError); retrying weights_only=False for /data1/gushengda/eam-rl4co/baseline/epoch_409.ckpt
[2026-03-01 11:15:35,251] INFO:fitness.free_loss_fidelity: Loaded init checkpoint into policy: path=/data1/gushengda/eam-rl4co/baseline/epoch_409.ckpt prefix=policy. matched=97 missing=0 unexpected=0
[2026-03-01 11:15:35,255] INFO:fitness.free_loss_fidelity: RL4CO free-loss (step-mode): f1_steps=200, f2_steps=0, total_steps=200, train_problem_size=100, rollouts=100, batch_size=64, device=cuda:2, env=tsp
[2026-03-01 11:15:35,662] INFO:fitness.free_loss_fidelity: RL4CO free-loss step 1/200: score=7.807477 (avg=7.807477), loss=0.187177 (avg=0.187177), pairs_step=315750, pairs_total=315750
[2026-03-01 11:15:41,989] INFO:fitness.free_loss_fidelity: RL4CO free-loss step 20/200: score=7.782070 (avg=7.810128), loss=0.175150 (avg=0.178906), pairs_step=316133, pairs_total=6319135
[2026-03-01 11:15:48,656] INFO:fitness.free_loss_fidelity: RL4CO free-loss step 40/200: score=7.815033 (avg=7.803226), loss=0.179195 (avg=0.179096), pairs_step=316185, pairs_total=12639282
[2026-03-01 11:15:55,301] INFO:fitness.free_loss_fidelity: RL4CO free-loss step 60/200: score=7.813101 (avg=7.799440), loss=0.183331 (avg=0.179201), pairs_step=315692, pairs_total=18957000
[2026-03-01 11:16:01,935] INFO:fitness.free_loss_fidelity: RL4CO free-loss step 80/200: score=7.796649 (avg=7.797798), loss=0.182710 (avg=0.180028), pairs_step=315865, pairs_total=25274856
[2026-03-01 11:16:08,663] INFO:fitness.free_loss_fidelity: RL4CO free-loss step 100/200: score=7.756374 (avg=7.798154), loss=0.186374 (avg=0.180565), pairs_step=315813, pairs_total=31595255
[2026-03-01 11:16:15,319] INFO:fitness.free_loss_fidelity: RL4CO free-loss step 120/200: score=7.771167 (avg=7.799481), loss=0.185815 (avg=0.181136), pairs_step=316035, pairs_total=37915235
[2026-03-01 11:16:21,966] INFO:fitness.free_loss_fidelity: RL4CO free-loss step 140/200: score=7.825548 (avg=7.800104), loss=0.181161 (avg=0.181258), pairs_step=315868, pairs_total=44234338
[2026-03-01 11:16:28,598] INFO:fitness.free_loss_fidelity: RL4CO free-loss step 160/200: score=7.788243 (avg=7.799219), loss=0.180897 (avg=0.181361), pairs_step=316006, pairs_total=50553015
[2026-03-01 11:16:35,247] INFO:fitness.free_loss_fidelity: RL4CO free-loss step 180/200: score=7.779941 (avg=7.797871), loss=0.183673 (avg=0.181449), pairs_step=315789, pairs_total=56872201
[2026-03-01 11:16:41,889] INFO:fitness.free_loss_fidelity: RL4CO free-loss step 200/200: score=7.811674 (avg=7.796643), loss=0.176660 (avg=0.181347), pairs_step=315792, pairs_total=63190725
