[2026-03-01 13:58:13,025] INFO:fitness.free_loss_fidelity: Stage3 offline mini-train start gen=13 pair_index=1 K=200 seed=12345 valid_sizes=[100] baseline_json=baseline/mini_eval/baseline_minitrain_tsp100_K200.json
[2026-03-01 13:58:20,224] INFO:fitness.free_loss_fidelity: RL4CO free-loss (step-mode): f1_steps=200, f2_steps=0, total_steps=200, train_problem_size=100, rollouts=100, batch_size=64, device=cuda:0, env=tsp
[2026-03-01 13:58:21,640] INFO:fitness.free_loss_fidelity: RL4CO free-loss step 1/200: score=36.122910 (avg=36.122910), loss=0.748179 (avg=0.748179), pairs_step=159213, pairs_total=159213
[2026-03-01 13:58:28,317] INFO:fitness.free_loss_fidelity: RL4CO free-loss step 20/200: score=10.028642 (avg=12.701738), loss=0.558550 (avg=0.563825), pairs_step=157235, pairs_total=3168061
[2026-03-01 13:58:34,458] INFO:fitness.free_loss_fidelity: RL4CO free-loss step 40/200: score=9.416515 (avg=11.133382), loss=0.562133 (avg=0.563282), pairs_step=154034, pairs_total=6330079
[2026-03-01 13:58:40,586] INFO:fitness.free_loss_fidelity: RL4CO free-loss step 60/200: score=9.158972 (avg=10.506837), loss=0.561544 (avg=0.560594), pairs_step=156758, pairs_total=9497172
[2026-03-01 13:58:46,724] INFO:fitness.free_loss_fidelity: RL4CO free-loss step 80/200: score=9.025877 (avg=10.145465), loss=0.539138 (avg=0.556622), pairs_step=156715, pairs_total=12663546
[2026-03-01 13:58:52,869] INFO:fitness.free_loss_fidelity: RL4CO free-loss step 100/200: score=8.845538 (avg=9.904415), loss=0.534310 (avg=0.553500), pairs_step=159073, pairs_total=15842328
[2026-03-01 13:58:59,019] INFO:fitness.free_loss_fidelity: RL4CO free-loss step 120/200: score=8.792967 (avg=9.730158), loss=0.540111 (avg=0.551332), pairs_step=158013, pairs_total=19002067
[2026-03-01 13:59:05,192] INFO:fitness.free_loss_fidelity: RL4CO free-loss step 140/200: score=8.753180 (avg=9.594039), loss=0.555766 (avg=0.550788), pairs_step=157387, pairs_total=22164563
[2026-03-01 13:59:11,353] INFO:fitness.free_loss_fidelity: RL4CO free-loss step 160/200: score=8.668755 (avg=9.479737), loss=0.550360 (avg=0.551212), pairs_step=158100, pairs_total=25337108
[2026-03-01 13:59:17,518] INFO:fitness.free_loss_fidelity: RL4CO free-loss step 180/200: score=8.560558 (avg=9.383035), loss=0.553919 (avg=0.551927), pairs_step=158120, pairs_total=28504425
[2026-03-01 13:59:23,681] INFO:fitness.free_loss_fidelity: RL4CO free-loss step 200/200: score=8.567715 (avg=9.301031), loss=0.559015 (avg=0.552880), pairs_step=157126, pairs_total=31675727
[2026-03-01 13:59:24,781] WARNING:fitness.free_loss_fidelity: weights_only checkpoint load failed (UnpicklingError); retrying weights_only=False for /data1/gushengda/eam-rl4co/baseline/epoch_135.ckpt
[2026-03-01 13:59:24,821] INFO:fitness.free_loss_fidelity: Loaded init checkpoint into policy: path=/data1/gushengda/eam-rl4co/baseline/epoch_135.ckpt prefix=policy. matched=97 missing=0 unexpected=0
[2026-03-01 13:59:24,826] INFO:fitness.free_loss_fidelity: RL4CO free-loss (step-mode): f1_steps=200, f2_steps=0, total_steps=200, train_problem_size=100, rollouts=100, batch_size=64, device=cuda:0, env=tsp
[2026-03-01 13:59:25,140] INFO:fitness.free_loss_fidelity: RL4CO free-loss step 1/200: score=7.803347 (avg=7.803347), loss=0.663759 (avg=0.663759), pairs_step=157875, pairs_total=157875
[2026-03-01 13:59:31,046] INFO:fitness.free_loss_fidelity: RL4CO free-loss step 20/200: score=7.776194 (avg=7.809271), loss=0.657444 (avg=0.663046), pairs_step=157304, pairs_total=3154127
[2026-03-01 13:59:37,227] INFO:fitness.free_loss_fidelity: RL4CO free-loss step 40/200: score=7.815185 (avg=7.803777), loss=0.667319 (avg=0.663665), pairs_step=157019, pairs_total=6310663
[2026-03-01 13:59:43,419] INFO:fitness.free_loss_fidelity: RL4CO free-loss step 60/200: score=7.816752 (avg=7.800213), loss=0.667537 (avg=0.664232), pairs_step=156714, pairs_total=9467798
[2026-03-01 13:59:49,613] INFO:fitness.free_loss_fidelity: RL4CO free-loss step 80/200: score=7.797297 (avg=7.798787), loss=0.666078 (avg=0.664128), pairs_step=157394, pairs_total=12628920
[2026-03-01 13:59:55,821] INFO:fitness.free_loss_fidelity: RL4CO free-loss step 100/200: score=7.757455 (avg=7.800042), loss=0.667680 (avg=0.664385), pairs_step=157466, pairs_total=15777455
[2026-03-01 14:00:02,020] INFO:fitness.free_loss_fidelity: RL4CO free-loss step 120/200: score=7.775172 (avg=7.801544), loss=0.663607 (avg=0.664652), pairs_step=155575, pairs_total=18928776
[2026-03-01 14:00:08,221] INFO:fitness.free_loss_fidelity: RL4CO free-loss step 140/200: score=7.829535 (avg=7.802616), loss=0.665282 (avg=0.664789), pairs_step=156675, pairs_total=22080692
[2026-03-01 14:00:14,414] INFO:fitness.free_loss_fidelity: RL4CO free-loss step 160/200: score=7.798641 (avg=7.802002), loss=0.668693 (avg=0.664881), pairs_step=158675, pairs_total=25237261
[2026-03-01 14:00:20,631] INFO:fitness.free_loss_fidelity: RL4CO free-loss step 180/200: score=7.789900 (avg=7.800794), loss=0.663690 (avg=0.664944), pairs_step=157003, pairs_total=28392501
[2026-03-01 14:00:26,832] INFO:fitness.free_loss_fidelity: RL4CO free-loss step 200/200: score=7.810509 (avg=7.799569), loss=0.661200 (avg=0.665037), pairs_step=158627, pairs_total=31544489
[2026-03-01 14:00:27,935] WARNING:fitness.free_loss_fidelity: weights_only checkpoint load failed (UnpicklingError); retrying weights_only=False for /data1/gushengda/eam-rl4co/baseline/epoch_409.ckpt
[2026-03-01 14:00:27,973] INFO:fitness.free_loss_fidelity: Loaded init checkpoint into policy: path=/data1/gushengda/eam-rl4co/baseline/epoch_409.ckpt prefix=policy. matched=97 missing=0 unexpected=0
[2026-03-01 14:00:27,978] INFO:fitness.free_loss_fidelity: RL4CO free-loss (step-mode): f1_steps=200, f2_steps=0, total_steps=200, train_problem_size=100, rollouts=100, batch_size=64, device=cuda:0, env=tsp
[2026-03-01 14:00:28,292] INFO:fitness.free_loss_fidelity: RL4CO free-loss step 1/200: score=7.807477 (avg=7.807477), loss=0.107652 (avg=0.107652), pairs_step=158679, pairs_total=158679
[2026-03-01 14:00:34,186] INFO:fitness.free_loss_fidelity: RL4CO free-loss step 20/200: score=7.782471 (avg=7.809381), loss=0.093810 (avg=0.098655), pairs_step=160110, pairs_total=3162280
[2026-03-01 14:00:40,412] INFO:fitness.free_loss_fidelity: RL4CO free-loss step 40/200: score=7.818895 (avg=7.803388), loss=0.098094 (avg=0.098874), pairs_step=157198, pairs_total=6315033
[2026-03-01 14:00:46,614] INFO:fitness.free_loss_fidelity: RL4CO free-loss step 60/200: score=7.811044 (avg=7.800193), loss=0.097999 (avg=0.097818), pairs_step=155761, pairs_total=9475397
[2026-03-01 14:00:52,823] INFO:fitness.free_loss_fidelity: RL4CO free-loss step 80/200: score=7.796507 (avg=7.798893), loss=0.090356 (avg=0.096633), pairs_step=159215, pairs_total=12635686
[2026-03-01 14:00:59,017] INFO:fitness.free_loss_fidelity: RL4CO free-loss step 100/200: score=7.756727 (avg=7.799380), loss=0.088866 (avg=0.095096), pairs_step=160535, pairs_total=15800973
[2026-03-01 14:01:05,210] INFO:fitness.free_loss_fidelity: RL4CO free-loss step 120/200: score=7.770293 (avg=7.800713), loss=0.086536 (avg=0.094035), pairs_step=156824, pairs_total=18956863
[2026-03-01 14:01:11,411] INFO:fitness.free_loss_fidelity: RL4CO free-loss step 140/200: score=7.826290 (avg=7.801530), loss=0.094410 (avg=0.093590), pairs_step=156140, pairs_total=22119775
[2026-03-01 14:01:17,809] INFO:fitness.free_loss_fidelity: RL4CO free-loss step 160/200: score=7.795542 (avg=7.800850), loss=0.092155 (avg=0.093256), pairs_step=158594, pairs_total=25274676
[2026-03-01 14:01:24,007] INFO:fitness.free_loss_fidelity: RL4CO free-loss step 180/200: score=7.786630 (avg=7.799758), loss=0.097760 (avg=0.093530), pairs_step=157227, pairs_total=28434434
[2026-03-01 14:01:30,221] INFO:fitness.free_loss_fidelity: RL4CO free-loss step 200/200: score=7.816834 (avg=7.798556), loss=0.089253 (avg=0.093499), pairs_step=157913, pairs_total=31595978
