[2026-03-01 16:01:34,428] INFO:fitness.free_loss_fidelity: Stage3 offline mini-train start gen=16 pair_index=17 K=200 seed=12345 valid_sizes=[100] baseline_json=baseline/mini_eval/baseline_minitrain_tsp100_K200.json
[2026-03-01 16:01:34,450] INFO:fitness.free_loss_fidelity: RL4CO free-loss (step-mode): f1_steps=200, f2_steps=0, total_steps=200, train_problem_size=100, rollouts=100, batch_size=64, device=cuda:2, env=tsp
[2026-03-01 16:01:34,794] INFO:fitness.free_loss_fidelity: RL4CO free-loss step 1/200: score=36.122910 (avg=36.122910), loss=0.748179 (avg=0.748179), pairs_step=159213, pairs_total=159213
[2026-03-01 16:01:41,320] INFO:fitness.free_loss_fidelity: RL4CO free-loss step 20/200: score=10.036543 (avg=12.709863), loss=0.546029 (avg=0.563499), pairs_step=157416, pairs_total=3167107
[2026-03-01 16:01:47,699] INFO:fitness.free_loss_fidelity: RL4CO free-loss step 40/200: score=9.420427 (avg=11.134049), loss=0.566213 (avg=0.563344), pairs_step=159153, pairs_total=6340059
[2026-03-01 16:01:54,064] INFO:fitness.free_loss_fidelity: RL4CO free-loss step 60/200: score=9.170229 (avg=10.504498), loss=0.558126 (avg=0.561702), pairs_step=155068, pairs_total=9502308
[2026-03-01 16:02:00,414] INFO:fitness.free_loss_fidelity: RL4CO free-loss step 80/200: score=8.956951 (avg=10.144499), loss=0.539040 (avg=0.558437), pairs_step=159982, pairs_total=12670980
[2026-03-01 16:02:06,770] INFO:fitness.free_loss_fidelity: RL4CO free-loss step 100/200: score=8.853571 (avg=9.905391), loss=0.547577 (avg=0.555039), pairs_step=161737, pairs_total=15843706
[2026-03-01 16:02:13,130] INFO:fitness.free_loss_fidelity: RL4CO free-loss step 120/200: score=8.747265 (avg=9.728154), loss=0.539329 (avg=0.553355), pairs_step=158226, pairs_total=19021146
[2026-03-01 16:02:19,489] INFO:fitness.free_loss_fidelity: RL4CO free-loss step 140/200: score=8.748049 (avg=9.589610), loss=0.553750 (avg=0.552430), pairs_step=156527, pairs_total=22184212
[2026-03-01 16:02:25,867] INFO:fitness.free_loss_fidelity: RL4CO free-loss step 160/200: score=8.624679 (avg=9.474641), loss=0.552294 (avg=0.552522), pairs_step=159362, pairs_total=25346140
[2026-03-01 16:02:32,234] INFO:fitness.free_loss_fidelity: RL4CO free-loss step 180/200: score=8.541701 (avg=9.375981), loss=0.554051 (avg=0.553506), pairs_step=160313, pairs_total=28516739
[2026-03-01 16:02:38,593] INFO:fitness.free_loss_fidelity: RL4CO free-loss step 200/200: score=8.589989 (avg=9.292991), loss=0.572025 (avg=0.554677), pairs_step=157112, pairs_total=31684590
[2026-03-01 16:02:39,716] WARNING:fitness.free_loss_fidelity: weights_only checkpoint load failed (UnpicklingError); retrying weights_only=False for /data1/gushengda/eam-rl4co/baseline/epoch_135.ckpt
[2026-03-01 16:02:39,752] INFO:fitness.free_loss_fidelity: Loaded init checkpoint into policy: path=/data1/gushengda/eam-rl4co/baseline/epoch_135.ckpt prefix=policy. matched=97 missing=0 unexpected=0
[2026-03-01 16:02:39,758] INFO:fitness.free_loss_fidelity: RL4CO free-loss (step-mode): f1_steps=200, f2_steps=0, total_steps=200, train_problem_size=100, rollouts=100, batch_size=64, device=cuda:2, env=tsp
[2026-03-01 16:02:40,087] INFO:fitness.free_loss_fidelity: RL4CO free-loss step 1/200: score=7.803347 (avg=7.803347), loss=0.663759 (avg=0.663759), pairs_step=157875, pairs_total=157875
[2026-03-01 16:02:46,132] INFO:fitness.free_loss_fidelity: RL4CO free-loss step 20/200: score=7.782730 (avg=7.808778), loss=0.662903 (avg=0.663783), pairs_step=157721, pairs_total=3162780
[2026-03-01 16:02:52,467] INFO:fitness.free_loss_fidelity: RL4CO free-loss step 40/200: score=7.820286 (avg=7.804144), loss=0.667402 (avg=0.664743), pairs_step=155970, pairs_total=6316174
[2026-03-01 16:02:58,912] INFO:fitness.free_loss_fidelity: RL4CO free-loss step 60/200: score=7.819141 (avg=7.801415), loss=0.666314 (avg=0.664874), pairs_step=157806, pairs_total=9481161
[2026-03-01 16:03:05,624] INFO:fitness.free_loss_fidelity: RL4CO free-loss step 80/200: score=7.797950 (avg=7.800150), loss=0.660308 (avg=0.664754), pairs_step=158402, pairs_total=12638327
[2026-03-01 16:03:12,377] INFO:fitness.free_loss_fidelity: RL4CO free-loss step 100/200: score=7.763257 (avg=7.800917), loss=0.668328 (avg=0.664926), pairs_step=158469, pairs_total=15795937
[2026-03-01 16:03:19,148] INFO:fitness.free_loss_fidelity: RL4CO free-loss step 120/200: score=7.773804 (avg=7.802585), loss=0.664437 (avg=0.665038), pairs_step=156106, pairs_total=18949697
[2026-03-01 16:03:25,878] INFO:fitness.free_loss_fidelity: RL4CO free-loss step 140/200: score=7.833912 (avg=7.803485), loss=0.662474 (avg=0.664933), pairs_step=155337, pairs_total=22102177
[2026-03-01 16:03:32,618] INFO:fitness.free_loss_fidelity: RL4CO free-loss step 160/200: score=7.796719 (avg=7.803013), loss=0.663391 (avg=0.665008), pairs_step=158367, pairs_total=25250839
[2026-03-01 16:03:39,352] INFO:fitness.free_loss_fidelity: RL4CO free-loss step 180/200: score=7.785520 (avg=7.802016), loss=0.666844 (avg=0.665013), pairs_step=158499, pairs_total=28396784
[2026-03-01 16:03:46,129] INFO:fitness.free_loss_fidelity: RL4CO free-loss step 200/200: score=7.815339 (avg=7.800707), loss=0.661662 (avg=0.665132), pairs_step=159927, pairs_total=31555304
[2026-03-01 16:03:47,256] WARNING:fitness.free_loss_fidelity: weights_only checkpoint load failed (UnpicklingError); retrying weights_only=False for /data1/gushengda/eam-rl4co/baseline/epoch_409.ckpt
[2026-03-01 16:03:47,292] INFO:fitness.free_loss_fidelity: Loaded init checkpoint into policy: path=/data1/gushengda/eam-rl4co/baseline/epoch_409.ckpt prefix=policy. matched=97 missing=0 unexpected=0
[2026-03-01 16:03:47,298] INFO:fitness.free_loss_fidelity: RL4CO free-loss (step-mode): f1_steps=200, f2_steps=0, total_steps=200, train_problem_size=100, rollouts=100, batch_size=64, device=cuda:2, env=tsp
[2026-03-01 16:03:47,649] INFO:fitness.free_loss_fidelity: RL4CO free-loss step 1/200: score=7.807477 (avg=7.807477), loss=0.107652 (avg=0.107652), pairs_step=158679, pairs_total=158679
[2026-03-01 16:03:54,110] INFO:fitness.free_loss_fidelity: RL4CO free-loss step 20/200: score=7.782813 (avg=7.809975), loss=0.101365 (avg=0.102027), pairs_step=160777, pairs_total=3169661
[2026-03-01 16:04:00,803] INFO:fitness.free_loss_fidelity: RL4CO free-loss step 40/200: score=7.818437 (avg=7.804111), loss=0.095660 (avg=0.101873), pairs_step=158567, pairs_total=6324365
[2026-03-01 16:04:07,490] INFO:fitness.free_loss_fidelity: RL4CO free-loss step 60/200: score=7.814364 (avg=7.800880), loss=0.097464 (avg=0.099467), pairs_step=157366, pairs_total=9483592
[2026-03-01 16:04:14,442] INFO:fitness.free_loss_fidelity: RL4CO free-loss step 80/200: score=7.801651 (avg=7.799166), loss=0.093889 (avg=0.097781), pairs_step=159377, pairs_total=12646985
[2026-03-01 16:04:21,272] INFO:fitness.free_loss_fidelity: RL4CO free-loss step 100/200: score=7.758128 (avg=7.799919), loss=0.096011 (avg=0.097443), pairs_step=160986, pairs_total=15809700
[2026-03-01 16:04:27,997] INFO:fitness.free_loss_fidelity: RL4CO free-loss step 120/200: score=7.773079 (avg=7.801102), loss=0.098381 (avg=0.097530), pairs_step=155367, pairs_total=18961555
[2026-03-01 16:04:34,731] INFO:fitness.free_loss_fidelity: RL4CO free-loss step 140/200: score=7.824687 (avg=7.802060), loss=0.097025 (avg=0.097927), pairs_step=156402, pairs_total=22126376
[2026-03-01 16:04:42,448] INFO:fitness.free_loss_fidelity: RL4CO free-loss step 160/200: score=7.798820 (avg=7.801277), loss=0.096501 (avg=0.097837), pairs_step=159384, pairs_total=25280071
[2026-03-01 16:04:49,932] INFO:fitness.free_loss_fidelity: RL4CO free-loss step 180/200: score=7.782259 (avg=7.800182), loss=0.092529 (avg=0.097314), pairs_step=156915, pairs_total=28440379
[2026-03-01 16:04:57,428] INFO:fitness.free_loss_fidelity: RL4CO free-loss step 200/200: score=7.821523 (avg=7.798993), loss=0.096584 (avg=0.097337), pairs_step=158000, pairs_total=31604249
