[2026-03-01 11:40:54,451] INFO:fitness.free_loss_fidelity: Stage3 offline mini-train start gen=8 pair_index=20 K=200 seed=12345 valid_sizes=[100] baseline_json=baseline/mini_eval/baseline_minitrain_tsp100_K200.json
[2026-03-01 11:40:54,469] INFO:fitness.free_loss_fidelity: RL4CO free-loss (step-mode): f1_steps=200, f2_steps=0, total_steps=200, train_problem_size=100, rollouts=100, batch_size=64, device=cuda:3, env=tsp
[2026-03-01 11:40:54,790] INFO:fitness.free_loss_fidelity: RL4CO free-loss step 1/200: score=36.122910 (avg=36.122910), loss=0.729241 (avg=0.729241), pairs_step=316800, pairs_total=316800
[2026-03-01 11:41:00,789] INFO:fitness.free_loss_fidelity: RL4CO free-loss step 20/200: score=9.936443 (avg=12.641129), loss=0.543065 (avg=0.556716), pairs_step=316800, pairs_total=6335997
[2026-03-01 11:41:07,135] INFO:fitness.free_loss_fidelity: RL4CO free-loss step 40/200: score=9.369330 (avg=11.071237), loss=0.563151 (avg=0.555529), pairs_step=316800, pairs_total=12671993
[2026-03-01 11:41:13,418] INFO:fitness.free_loss_fidelity: RL4CO free-loss step 60/200: score=9.142229 (avg=10.453741), loss=0.546756 (avg=0.553582), pairs_step=316800, pairs_total=19007990
[2026-03-01 11:41:19,935] INFO:fitness.free_loss_fidelity: RL4CO free-loss step 80/200: score=8.944811 (avg=10.099622), loss=0.535918 (avg=0.549248), pairs_step=316800, pairs_total=25343988
[2026-03-01 11:41:26,746] INFO:fitness.free_loss_fidelity: RL4CO free-loss step 100/200: score=8.828533 (avg=9.863841), loss=0.524907 (avg=0.546081), pairs_step=316800, pairs_total=31679984
[2026-03-01 11:41:33,808] INFO:fitness.free_loss_fidelity: RL4CO free-loss step 120/200: score=8.765701 (avg=9.694777), loss=0.542026 (avg=0.544573), pairs_step=316800, pairs_total=38015976
[2026-03-01 11:41:40,877] INFO:fitness.free_loss_fidelity: RL4CO free-loss step 140/200: score=8.775754 (avg=9.558990), loss=0.548304 (avg=0.544446), pairs_step=316799, pairs_total=44351971
[2026-03-01 11:41:47,950] INFO:fitness.free_loss_fidelity: RL4CO free-loss step 160/200: score=8.618702 (avg=9.446129), loss=0.550871 (avg=0.545127), pairs_step=316800, pairs_total=50687967
[2026-03-01 11:41:55,010] INFO:fitness.free_loss_fidelity: RL4CO free-loss step 180/200: score=8.574019 (avg=9.350652), loss=0.555206 (avg=0.546649), pairs_step=316800, pairs_total=57023961
[2026-03-01 11:42:02,068] INFO:fitness.free_loss_fidelity: RL4CO free-loss step 200/200: score=8.561226 (avg=9.268959), loss=0.556647 (avg=0.548021), pairs_step=316800, pairs_total=63359957
[2026-03-01 11:42:03,377] WARNING:fitness.free_loss_fidelity: weights_only checkpoint load failed (UnpicklingError); retrying weights_only=False for /data1/gushengda/eam-rl4co/baseline/epoch_135.ckpt
[2026-03-01 11:42:03,417] INFO:fitness.free_loss_fidelity: Loaded init checkpoint into policy: path=/data1/gushengda/eam-rl4co/baseline/epoch_135.ckpt prefix=policy. matched=97 missing=0 unexpected=0
[2026-03-01 11:42:03,423] INFO:fitness.free_loss_fidelity: RL4CO free-loss (step-mode): f1_steps=200, f2_steps=0, total_steps=200, train_problem_size=100, rollouts=100, batch_size=64, device=cuda:3, env=tsp
[2026-03-01 11:42:03,788] INFO:fitness.free_loss_fidelity: RL4CO free-loss step 1/200: score=7.803347 (avg=7.803347), loss=0.659922 (avg=0.659922), pairs_step=315697, pairs_total=315697
[2026-03-01 11:42:10,495] INFO:fitness.free_loss_fidelity: RL4CO free-loss step 20/200: score=7.783148 (avg=7.810895), loss=0.660263 (avg=0.660865), pairs_step=315892, pairs_total=6317237
[2026-03-01 11:42:17,553] INFO:fitness.free_loss_fidelity: RL4CO free-loss step 40/200: score=7.820838 (avg=7.805249), loss=0.663961 (avg=0.661433), pairs_step=315461, pairs_total=12632044
[2026-03-01 11:42:24,629] INFO:fitness.free_loss_fidelity: RL4CO free-loss step 60/200: score=7.816539 (avg=7.801618), loss=0.664551 (avg=0.662103), pairs_step=315132, pairs_total=18946881
[2026-03-01 11:42:31,676] INFO:fitness.free_loss_fidelity: RL4CO free-loss step 80/200: score=7.800785 (avg=7.800173), loss=0.662169 (avg=0.662414), pairs_step=315854, pairs_total=25260937
[2026-03-01 11:42:38,723] INFO:fitness.free_loss_fidelity: RL4CO free-loss step 100/200: score=7.756167 (avg=7.800723), loss=0.670279 (avg=0.662823), pairs_step=315921, pairs_total=31576040
[2026-03-01 11:42:45,775] INFO:fitness.free_loss_fidelity: RL4CO free-loss step 120/200: score=7.770636 (avg=7.802083), loss=0.663161 (avg=0.662966), pairs_step=315989, pairs_total=37889573
[2026-03-01 11:42:52,825] INFO:fitness.free_loss_fidelity: RL4CO free-loss step 140/200: score=7.830714 (avg=7.803211), loss=0.663062 (avg=0.663014), pairs_step=315311, pairs_total=44202296
[2026-03-01 11:42:59,880] INFO:fitness.free_loss_fidelity: RL4CO free-loss step 160/200: score=7.794663 (avg=7.802594), loss=0.661287 (avg=0.663082), pairs_step=315682, pairs_total=50515710
[2026-03-01 11:43:06,916] INFO:fitness.free_loss_fidelity: RL4CO free-loss step 180/200: score=7.784017 (avg=7.801490), loss=0.662707 (avg=0.663171), pairs_step=315437, pairs_total=56827490
[2026-03-01 11:43:13,968] INFO:fitness.free_loss_fidelity: RL4CO free-loss step 200/200: score=7.811081 (avg=7.800329), loss=0.660575 (avg=0.663199), pairs_step=315661, pairs_total=63140627
[2026-03-01 11:43:15,277] WARNING:fitness.free_loss_fidelity: weights_only checkpoint load failed (UnpicklingError); retrying weights_only=False for /data1/gushengda/eam-rl4co/baseline/epoch_409.ckpt
[2026-03-01 11:43:15,318] INFO:fitness.free_loss_fidelity: Loaded init checkpoint into policy: path=/data1/gushengda/eam-rl4co/baseline/epoch_409.ckpt prefix=policy. matched=97 missing=0 unexpected=0
[2026-03-01 11:43:15,324] INFO:fitness.free_loss_fidelity: RL4CO free-loss (step-mode): f1_steps=200, f2_steps=0, total_steps=200, train_problem_size=100, rollouts=100, batch_size=64, device=cuda:3, env=tsp
[2026-03-01 11:43:15,699] INFO:fitness.free_loss_fidelity: RL4CO free-loss step 1/200: score=7.807477 (avg=7.807477), loss=0.163192 (avg=0.163192), pairs_step=315750, pairs_total=315750
[2026-03-01 11:43:22,400] INFO:fitness.free_loss_fidelity: RL4CO free-loss step 20/200: score=7.780055 (avg=7.808158), loss=0.171047 (avg=0.168185), pairs_step=315938, pairs_total=6317830
[2026-03-01 11:43:29,459] INFO:fitness.free_loss_fidelity: RL4CO free-loss step 40/200: score=7.812860 (avg=7.801743), loss=0.157756 (avg=0.162933), pairs_step=316090, pairs_total=12637270
[2026-03-01 11:43:36,509] INFO:fitness.free_loss_fidelity: RL4CO free-loss step 60/200: score=7.811028 (avg=7.797954), loss=0.144421 (avg=0.160259), pairs_step=316079, pairs_total=18953061
[2026-03-01 11:43:43,573] INFO:fitness.free_loss_fidelity: RL4CO free-loss step 80/200: score=7.799319 (avg=7.796677), loss=0.178416 (avg=0.162393), pairs_step=316015, pairs_total=25270860
[2026-03-01 11:43:50,613] INFO:fitness.free_loss_fidelity: RL4CO free-loss step 100/200: score=7.758549 (avg=7.797601), loss=0.180077 (avg=0.166823), pairs_step=315524, pairs_total=31587885
[2026-03-01 11:43:57,679] INFO:fitness.free_loss_fidelity: RL4CO free-loss step 120/200: score=7.772729 (avg=7.799135), loss=0.153370 (avg=0.166830), pairs_step=315905, pairs_total=37903737
[2026-03-01 11:44:04,732] INFO:fitness.free_loss_fidelity: RL4CO free-loss step 140/200: score=7.825065 (avg=7.800020), loss=0.156919 (avg=0.165726), pairs_step=315512, pairs_total=44218237
[2026-03-01 11:44:11,782] INFO:fitness.free_loss_fidelity: RL4CO free-loss step 160/200: score=7.793612 (avg=7.799179), loss=0.213013 (avg=0.167331), pairs_step=315990, pairs_total=50534250
[2026-03-01 11:44:18,845] INFO:fitness.free_loss_fidelity: RL4CO free-loss step 180/200: score=7.778526 (avg=7.798058), loss=0.170562 (avg=0.170940), pairs_step=315746, pairs_total=56845858
[2026-03-01 11:44:25,916] INFO:fitness.free_loss_fidelity: RL4CO free-loss step 200/200: score=7.812589 (avg=7.796793), loss=0.153576 (avg=0.170420), pairs_step=315911, pairs_total=63159051
