[2026-03-01 17:40:55,903] INFO:fitness.free_loss_fidelity: Stage3 offline mini-train start gen=18 pair_index=31 K=200 seed=12345 valid_sizes=[100] baseline_json=baseline/mini_eval/baseline_minitrain_tsp100_K200.json
[2026-03-01 17:40:55,921] INFO:fitness.free_loss_fidelity: RL4CO free-loss (step-mode): f1_steps=200, f2_steps=0, total_steps=200, train_problem_size=100, rollouts=100, batch_size=64, device=cuda:1, env=tsp
[2026-03-01 17:40:56,236] INFO:fitness.free_loss_fidelity: RL4CO free-loss step 1/200: score=36.122910 (avg=36.122910), loss=0.740277 (avg=0.740277), pairs_step=36928, pairs_total=36928
[2026-03-01 17:41:02,241] INFO:fitness.free_loss_fidelity: RL4CO free-loss step 20/200: score=11.294912 (avg=14.714746), loss=0.681842 (avg=0.686876), pairs_step=36928, pairs_total=738557
[2026-03-01 17:41:08,571] INFO:fitness.free_loss_fidelity: RL4CO free-loss step 40/200: score=10.632860 (avg=12.577618), loss=0.672723 (avg=0.682675), pairs_step=36928, pairs_total=1477111
[2026-03-01 17:41:15,086] INFO:fitness.free_loss_fidelity: RL4CO free-loss step 60/200: score=9.994995 (avg=11.758941), loss=0.670571 (avg=0.679267), pairs_step=36928, pairs_total=2215666
[2026-03-01 17:41:21,406] INFO:fitness.free_loss_fidelity: RL4CO free-loss step 80/200: score=10.062160 (avg=11.327604), loss=0.664483 (avg=0.676527), pairs_step=36928, pairs_total=2954221
[2026-03-01 17:41:27,735] INFO:fitness.free_loss_fidelity: RL4CO free-loss step 100/200: score=10.144157 (avg=11.095818), loss=0.662234 (avg=0.673908), pairs_step=36928, pairs_total=3692779
[2026-03-01 17:41:34,068] INFO:fitness.free_loss_fidelity: RL4CO free-loss step 120/200: score=10.155357 (avg=10.940491), loss=0.662432 (avg=0.671881), pairs_step=36927, pairs_total=4431330
[2026-03-01 17:41:40,413] INFO:fitness.free_loss_fidelity: RL4CO free-loss step 140/200: score=10.046245 (avg=10.817482), loss=0.661041 (avg=0.670450), pairs_step=36928, pairs_total=5169889
[2026-03-01 17:41:46,731] INFO:fitness.free_loss_fidelity: RL4CO free-loss step 160/200: score=9.985981 (avg=10.719854), loss=0.660069 (avg=0.669322), pairs_step=36928, pairs_total=5908447
[2026-03-01 17:41:53,060] INFO:fitness.free_loss_fidelity: RL4CO free-loss step 180/200: score=9.969130 (avg=10.635680), loss=0.658614 (avg=0.668411), pairs_step=36928, pairs_total=6647000
[2026-03-01 17:41:59,399] INFO:fitness.free_loss_fidelity: RL4CO free-loss step 200/200: score=9.899683 (avg=10.567289), loss=0.662606 (avg=0.667618), pairs_step=36928, pairs_total=7385558
[2026-03-01 17:42:00,516] WARNING:fitness.free_loss_fidelity: weights_only checkpoint load failed (UnpicklingError); retrying weights_only=False for /data1/gushengda/eam-rl4co/baseline/epoch_135.ckpt
[2026-03-01 17:42:00,553] INFO:fitness.free_loss_fidelity: Loaded init checkpoint into policy: path=/data1/gushengda/eam-rl4co/baseline/epoch_135.ckpt prefix=policy. matched=97 missing=0 unexpected=0
[2026-03-01 17:42:00,558] INFO:fitness.free_loss_fidelity: RL4CO free-loss (step-mode): f1_steps=200, f2_steps=0, total_steps=200, train_problem_size=100, rollouts=100, batch_size=64, device=cuda:1, env=tsp
[2026-03-01 17:42:00,879] INFO:fitness.free_loss_fidelity: RL4CO free-loss step 1/200: score=7.803347 (avg=7.803347), loss=0.687804 (avg=0.687804), pairs_step=36012, pairs_total=36012
[2026-03-01 17:42:06,892] INFO:fitness.free_loss_fidelity: RL4CO free-loss step 20/200: score=7.781237 (avg=7.815088), loss=0.689357 (avg=0.688413), pairs_step=36401, pairs_total=725810
[2026-03-01 17:42:13,224] INFO:fitness.free_loss_fidelity: RL4CO free-loss step 40/200: score=7.826020 (avg=7.809469), loss=0.687444 (avg=0.688447), pairs_step=36779, pairs_total=1457800
[2026-03-01 17:42:19,571] INFO:fitness.free_loss_fidelity: RL4CO free-loss step 60/200: score=7.833138 (avg=7.807686), loss=0.687063 (avg=0.688052), pairs_step=36892, pairs_total=2194895
[2026-03-01 17:42:25,907] INFO:fitness.free_loss_fidelity: RL4CO free-loss step 80/200: score=7.825300 (avg=7.808645), loss=0.687004 (avg=0.687584), pairs_step=36921, pairs_total=2933071
[2026-03-01 17:42:32,227] INFO:fitness.free_loss_fidelity: RL4CO free-loss step 100/200: score=7.776079 (avg=7.811009), loss=0.683931 (avg=0.687170), pairs_step=36926, pairs_total=3671491
[2026-03-01 17:42:38,576] INFO:fitness.free_loss_fidelity: RL4CO free-loss step 120/200: score=7.806851 (avg=7.814897), loss=0.683919 (avg=0.686677), pairs_step=36923, pairs_total=4409994
[2026-03-01 17:42:44,894] INFO:fitness.free_loss_fidelity: RL4CO free-loss step 140/200: score=7.861100 (avg=7.817712), loss=0.684282 (avg=0.686251), pairs_step=36924, pairs_total=5148512
[2026-03-01 17:42:51,237] INFO:fitness.free_loss_fidelity: RL4CO free-loss step 160/200: score=7.819825 (avg=7.818978), loss=0.682981 (avg=0.685795), pairs_step=36925, pairs_total=5887046
[2026-03-01 17:42:57,571] INFO:fitness.free_loss_fidelity: RL4CO free-loss step 180/200: score=7.819011 (avg=7.819155), loss=0.681046 (avg=0.685480), pairs_step=36928, pairs_total=6625580
[2026-03-01 17:43:03,898] INFO:fitness.free_loss_fidelity: RL4CO free-loss step 200/200: score=7.837731 (avg=7.818835), loss=0.683021 (avg=0.685197), pairs_step=36926, pairs_total=7364107
[2026-03-01 17:43:05,021] WARNING:fitness.free_loss_fidelity: weights_only checkpoint load failed (UnpicklingError); retrying weights_only=False for /data1/gushengda/eam-rl4co/baseline/epoch_409.ckpt
[2026-03-01 17:43:05,059] INFO:fitness.free_loss_fidelity: Loaded init checkpoint into policy: path=/data1/gushengda/eam-rl4co/baseline/epoch_409.ckpt prefix=policy. matched=97 missing=0 unexpected=0
[2026-03-01 17:43:05,064] INFO:fitness.free_loss_fidelity: RL4CO free-loss (step-mode): f1_steps=200, f2_steps=0, total_steps=200, train_problem_size=100, rollouts=100, batch_size=64, device=cuda:1, env=tsp
[2026-03-01 17:43:05,385] INFO:fitness.free_loss_fidelity: RL4CO free-loss step 1/200: score=7.807477 (avg=7.807477), loss=0.503622 (avg=0.503622), pairs_step=36155, pairs_total=36155
[2026-03-01 17:43:11,392] INFO:fitness.free_loss_fidelity: RL4CO free-loss step 20/200: score=7.781278 (avg=7.809163), loss=0.588265 (avg=0.570384), pairs_step=36408, pairs_total=727687
[2026-03-01 17:43:17,726] INFO:fitness.free_loss_fidelity: RL4CO free-loss step 40/200: score=7.817852 (avg=7.803747), loss=0.602690 (avg=0.583597), pairs_step=36545, pairs_total=1457328
[2026-03-01 17:43:24,050] INFO:fitness.free_loss_fidelity: RL4CO free-loss step 60/200: score=7.811643 (avg=7.799650), loss=0.611176 (avg=0.590841), pairs_step=36494, pairs_total=2187379
[2026-03-01 17:43:30,376] INFO:fitness.free_loss_fidelity: RL4CO free-loss step 80/200: score=7.794875 (avg=7.797849), loss=0.618941 (avg=0.596279), pairs_step=36649, pairs_total=2918668
[2026-03-01 17:43:36,695] INFO:fitness.free_loss_fidelity: RL4CO free-loss step 100/200: score=7.754790 (avg=7.798022), loss=0.619792 (avg=0.601165), pairs_step=36573, pairs_total=3651668
[2026-03-01 17:43:43,009] INFO:fitness.free_loss_fidelity: RL4CO free-loss step 120/200: score=7.771991 (avg=7.799136), loss=0.627060 (avg=0.605212), pairs_step=36742, pairs_total=4385552
[2026-03-01 17:43:49,506] INFO:fitness.free_loss_fidelity: RL4CO free-loss step 140/200: score=7.824500 (avg=7.799919), loss=0.631963 (avg=0.608957), pairs_step=36705, pairs_total=5120499
[2026-03-01 17:43:55,846] INFO:fitness.free_loss_fidelity: RL4CO free-loss step 160/200: score=7.799180 (avg=7.799270), loss=0.638394 (avg=0.612030), pairs_step=36792, pairs_total=5856487
[2026-03-01 17:44:02,169] INFO:fitness.free_loss_fidelity: RL4CO free-loss step 180/200: score=7.780602 (avg=7.798091), loss=0.639159 (avg=0.614945), pairs_step=36807, pairs_total=6593202
[2026-03-01 17:44:08,497] INFO:fitness.free_loss_fidelity: RL4CO free-loss step 200/200: score=7.814642 (avg=7.796937), loss=0.644410 (avg=0.617703), pairs_step=36849, pairs_total=7330212
