[2026-03-01 13:44:59,579] INFO:fitness.free_loss_fidelity: Stage3 offline mini-train start gen=12 pair_index=19 K=200 seed=12345 valid_sizes=[100] baseline_json=baseline/mini_eval/baseline_minitrain_tsp100_K200.json
[2026-03-01 13:44:59,601] INFO:fitness.free_loss_fidelity: RL4CO free-loss (step-mode): f1_steps=200, f2_steps=0, total_steps=200, train_problem_size=100, rollouts=100, batch_size=64, device=cuda:0, env=tsp
[2026-03-01 13:44:59,932] INFO:fitness.free_loss_fidelity: RL4CO free-loss step 1/200: score=36.122910 (avg=36.122910), loss=0.748179 (avg=0.748179), pairs_step=159213, pairs_total=159213
[2026-03-01 13:45:06,116] INFO:fitness.free_loss_fidelity: RL4CO free-loss step 20/200: score=10.018294 (avg=12.683174), loss=0.549347 (avg=0.565751), pairs_step=158884, pairs_total=3162862
[2026-03-01 13:45:12,665] INFO:fitness.free_loss_fidelity: RL4CO free-loss step 40/200: score=9.404418 (avg=11.107286), loss=0.561404 (avg=0.562979), pairs_step=160211, pairs_total=6339844
[2026-03-01 13:45:19,213] INFO:fitness.free_loss_fidelity: RL4CO free-loss step 60/200: score=9.154394 (avg=10.480363), loss=0.555785 (avg=0.560710), pairs_step=159089, pairs_total=9506380
[2026-03-01 13:45:25,749] INFO:fitness.free_loss_fidelity: RL4CO free-loss step 80/200: score=8.959516 (avg=10.119623), loss=0.535376 (avg=0.557784), pairs_step=156070, pairs_total=12667814
[2026-03-01 13:45:32,280] INFO:fitness.free_loss_fidelity: RL4CO free-loss step 100/200: score=8.830289 (avg=9.880457), loss=0.558660 (avg=0.555158), pairs_step=159193, pairs_total=15846560
[2026-03-01 13:45:38,885] INFO:fitness.free_loss_fidelity: RL4CO free-loss step 120/200: score=8.753740 (avg=9.708151), loss=0.552769 (avg=0.553659), pairs_step=159185, pairs_total=19014340
[2026-03-01 13:45:45,226] INFO:fitness.free_loss_fidelity: RL4CO free-loss step 140/200: score=8.740967 (avg=9.570226), loss=0.564019 (avg=0.552950), pairs_step=158329, pairs_total=22187184
[2026-03-01 13:45:51,368] INFO:fitness.free_loss_fidelity: RL4CO free-loss step 160/200: score=8.644082 (avg=9.458404), loss=0.559142 (avg=0.553263), pairs_step=158963, pairs_total=25355869
[2026-03-01 13:45:57,514] INFO:fitness.free_loss_fidelity: RL4CO free-loss step 180/200: score=8.573179 (avg=9.362927), loss=0.546159 (avg=0.553648), pairs_step=159365, pairs_total=28527918
[2026-03-01 13:46:03,662] INFO:fitness.free_loss_fidelity: RL4CO free-loss step 200/200: score=8.551866 (avg=9.280310), loss=0.567165 (avg=0.554707), pairs_step=160148, pairs_total=31698839
[2026-03-01 13:46:04,757] WARNING:fitness.free_loss_fidelity: weights_only checkpoint load failed (UnpicklingError); retrying weights_only=False for /data1/gushengda/eam-rl4co/baseline/epoch_135.ckpt
[2026-03-01 13:46:04,812] INFO:fitness.free_loss_fidelity: Loaded init checkpoint into policy: path=/data1/gushengda/eam-rl4co/baseline/epoch_135.ckpt prefix=policy. matched=97 missing=0 unexpected=0
[2026-03-01 13:46:04,817] INFO:fitness.free_loss_fidelity: RL4CO free-loss (step-mode): f1_steps=200, f2_steps=0, total_steps=200, train_problem_size=100, rollouts=100, batch_size=64, device=cuda:0, env=tsp
[2026-03-01 13:46:05,175] INFO:fitness.free_loss_fidelity: RL4CO free-loss step 1/200: score=7.803347 (avg=7.803347), loss=0.663759 (avg=0.663759), pairs_step=157875, pairs_total=157875
[2026-03-01 13:46:11,033] INFO:fitness.free_loss_fidelity: RL4CO free-loss step 20/200: score=7.786496 (avg=7.809879), loss=0.665194 (avg=0.663495), pairs_step=158097, pairs_total=3163064
[2026-03-01 13:46:17,205] INFO:fitness.free_loss_fidelity: RL4CO free-loss step 40/200: score=7.816741 (avg=7.804384), loss=0.668120 (avg=0.663978), pairs_step=157793, pairs_total=6326464
[2026-03-01 13:46:23,383] INFO:fitness.free_loss_fidelity: RL4CO free-loss step 60/200: score=7.815223 (avg=7.801017), loss=0.669940 (avg=0.664672), pairs_step=157508, pairs_total=9484469
[2026-03-01 13:46:29,753] INFO:fitness.free_loss_fidelity: RL4CO free-loss step 80/200: score=7.799817 (avg=7.799612), loss=0.663664 (avg=0.664719), pairs_step=159831, pairs_total=12638734
[2026-03-01 13:46:35,936] INFO:fitness.free_loss_fidelity: RL4CO free-loss step 100/200: score=7.759028 (avg=7.800790), loss=0.668002 (avg=0.664547), pairs_step=159119, pairs_total=15791641
[2026-03-01 13:46:42,108] INFO:fitness.free_loss_fidelity: RL4CO free-loss step 120/200: score=7.777350 (avg=7.802343), loss=0.667739 (avg=0.664456), pairs_step=156871, pairs_total=18943407
[2026-03-01 13:46:48,285] INFO:fitness.free_loss_fidelity: RL4CO free-loss step 140/200: score=7.833712 (avg=7.803148), loss=0.668286 (avg=0.664504), pairs_step=157673, pairs_total=22095974
[2026-03-01 13:46:54,457] INFO:fitness.free_loss_fidelity: RL4CO free-loss step 160/200: score=7.800379 (avg=7.802561), loss=0.665018 (avg=0.664588), pairs_step=158183, pairs_total=25253526
[2026-03-01 13:47:00,629] INFO:fitness.free_loss_fidelity: RL4CO free-loss step 180/200: score=7.784616 (avg=7.801635), loss=0.664333 (avg=0.664681), pairs_step=156925, pairs_total=28408339
[2026-03-01 13:47:06,804] INFO:fitness.free_loss_fidelity: RL4CO free-loss step 200/200: score=7.812333 (avg=7.800516), loss=0.664943 (avg=0.664809), pairs_step=158982, pairs_total=31571006
[2026-03-01 13:47:07,905] WARNING:fitness.free_loss_fidelity: weights_only checkpoint load failed (UnpicklingError); retrying weights_only=False for /data1/gushengda/eam-rl4co/baseline/epoch_409.ckpt
[2026-03-01 13:47:07,940] INFO:fitness.free_loss_fidelity: Loaded init checkpoint into policy: path=/data1/gushengda/eam-rl4co/baseline/epoch_409.ckpt prefix=policy. matched=97 missing=0 unexpected=0
[2026-03-01 13:47:07,945] INFO:fitness.free_loss_fidelity: RL4CO free-loss (step-mode): f1_steps=200, f2_steps=0, total_steps=200, train_problem_size=100, rollouts=100, batch_size=64, device=cuda:0, env=tsp
[2026-03-01 13:47:08,267] INFO:fitness.free_loss_fidelity: RL4CO free-loss step 1/200: score=7.807477 (avg=7.807477), loss=0.107652 (avg=0.107652), pairs_step=158679, pairs_total=158679
[2026-03-01 13:47:14,128] INFO:fitness.free_loss_fidelity: RL4CO free-loss step 20/200: score=7.785257 (avg=7.809633), loss=0.099480 (avg=0.102256), pairs_step=158657, pairs_total=3167514
[2026-03-01 13:47:20,301] INFO:fitness.free_loss_fidelity: RL4CO free-loss step 40/200: score=7.820901 (avg=7.803988), loss=0.104883 (avg=0.103613), pairs_step=157732, pairs_total=6320103
[2026-03-01 13:47:26,480] INFO:fitness.free_loss_fidelity: RL4CO free-loss step 60/200: score=7.811166 (avg=7.800244), loss=0.100805 (avg=0.103239), pairs_step=157095, pairs_total=9476849
[2026-03-01 13:47:32,652] INFO:fitness.free_loss_fidelity: RL4CO free-loss step 80/200: score=7.792583 (avg=7.798652), loss=0.098059 (avg=0.102194), pairs_step=159451, pairs_total=12637638
[2026-03-01 13:47:38,826] INFO:fitness.free_loss_fidelity: RL4CO free-loss step 100/200: score=7.758497 (avg=7.799554), loss=0.100608 (avg=0.101777), pairs_step=160038, pairs_total=15799045
[2026-03-01 13:47:44,998] INFO:fitness.free_loss_fidelity: RL4CO free-loss step 120/200: score=7.771279 (avg=7.801383), loss=0.101866 (avg=0.101800), pairs_step=155560, pairs_total=18949474
[2026-03-01 13:47:51,169] INFO:fitness.free_loss_fidelity: RL4CO free-loss step 140/200: score=7.827975 (avg=7.802309), loss=0.103029 (avg=0.101710), pairs_step=156224, pairs_total=22110211
[2026-03-01 13:47:57,357] INFO:fitness.free_loss_fidelity: RL4CO free-loss step 160/200: score=7.795815 (avg=7.801676), loss=0.101236 (avg=0.101682), pairs_step=159190, pairs_total=25264318
[2026-03-01 13:48:03,551] INFO:fitness.free_loss_fidelity: RL4CO free-loss step 180/200: score=7.786038 (avg=7.800486), loss=0.104633 (avg=0.101756), pairs_step=157371, pairs_total=28424016
[2026-03-01 13:48:09,730] INFO:fitness.free_loss_fidelity: RL4CO free-loss step 200/200: score=7.812624 (avg=7.799206), loss=0.103251 (avg=0.101970), pairs_step=157396, pairs_total=31581854
