[2026-03-01 15:27:42,282] INFO:fitness.free_loss_fidelity: Stage3 offline mini-train start gen=15 pair_index=20 K=200 seed=12345 valid_sizes=[100] baseline_json=baseline/mini_eval/baseline_minitrain_tsp100_K200.json
[2026-03-01 15:27:42,303] INFO:fitness.free_loss_fidelity: RL4CO free-loss (step-mode): f1_steps=200, f2_steps=0, total_steps=200, train_problem_size=100, rollouts=100, batch_size=64, device=cuda:2, env=tsp
[2026-03-01 15:27:42,619] INFO:fitness.free_loss_fidelity: RL4CO free-loss step 1/200: score=36.122910 (avg=36.122910), loss=0.750280 (avg=0.750280), pairs_step=15922, pairs_total=15922
[2026-03-01 15:27:48,543] INFO:fitness.free_loss_fidelity: RL4CO free-loss step 20/200: score=9.910298 (avg=12.615292), loss=0.456997 (avg=0.451560), pairs_step=15775, pairs_total=317024
[2026-03-01 15:27:54,760] INFO:fitness.free_loss_fidelity: RL4CO free-loss step 40/200: score=9.427919 (avg=11.066888), loss=0.469347 (avg=0.458874), pairs_step=15828, pairs_total=634280
[2026-03-01 15:28:00,975] INFO:fitness.free_loss_fidelity: RL4CO free-loss step 60/200: score=9.223301 (avg=10.467614), loss=0.458562 (avg=0.457692), pairs_step=15841, pairs_total=950439
[2026-03-01 15:28:07,196] INFO:fitness.free_loss_fidelity: RL4CO free-loss step 80/200: score=9.022368 (avg=10.124020), loss=0.443488 (avg=0.453771), pairs_step=15785, pairs_total=1267223
[2026-03-01 15:28:13,428] INFO:fitness.free_loss_fidelity: RL4CO free-loss step 100/200: score=8.871638 (avg=9.892593), loss=0.443255 (avg=0.450363), pairs_step=15834, pairs_total=1584450
[2026-03-01 15:28:19,689] INFO:fitness.free_loss_fidelity: RL4CO free-loss step 120/200: score=8.798265 (avg=9.723447), loss=0.452898 (avg=0.448612), pairs_step=15963, pairs_total=1901615
[2026-03-01 15:28:25,961] INFO:fitness.free_loss_fidelity: RL4CO free-loss step 140/200: score=8.738569 (avg=9.590316), loss=0.452483 (avg=0.448351), pairs_step=15919, pairs_total=2219222
[2026-03-01 15:28:32,246] INFO:fitness.free_loss_fidelity: RL4CO free-loss step 160/200: score=8.626171 (avg=9.475250), loss=0.462924 (avg=0.449303), pairs_step=15780, pairs_total=2536243
[2026-03-01 15:28:38,495] INFO:fitness.free_loss_fidelity: RL4CO free-loss step 180/200: score=8.574383 (avg=9.378548), loss=0.467631 (avg=0.451184), pairs_step=15643, pairs_total=2852014
[2026-03-01 15:28:44,923] INFO:fitness.free_loss_fidelity: RL4CO free-loss step 200/200: score=8.537506 (avg=9.296347), loss=0.483932 (avg=0.453560), pairs_step=15867, pairs_total=3167743
[2026-03-01 15:28:46,030] WARNING:fitness.free_loss_fidelity: weights_only checkpoint load failed (UnpicklingError); retrying weights_only=False for /data1/gushengda/eam-rl4co/baseline/epoch_135.ckpt
[2026-03-01 15:28:46,068] INFO:fitness.free_loss_fidelity: Loaded init checkpoint into policy: path=/data1/gushengda/eam-rl4co/baseline/epoch_135.ckpt prefix=policy. matched=97 missing=0 unexpected=0
[2026-03-01 15:28:46,073] INFO:fitness.free_loss_fidelity: RL4CO free-loss (step-mode): f1_steps=200, f2_steps=0, total_steps=200, train_problem_size=100, rollouts=100, batch_size=64, device=cuda:2, env=tsp
[2026-03-01 15:28:46,398] INFO:fitness.free_loss_fidelity: RL4CO free-loss step 1/200: score=7.803347 (avg=7.803347), loss=0.623915 (avg=0.623915), pairs_step=15788, pairs_total=15788
[2026-03-01 15:28:52,334] INFO:fitness.free_loss_fidelity: RL4CO free-loss step 20/200: score=7.793850 (avg=7.817244), loss=0.634766 (avg=0.628969), pairs_step=15832, pairs_total=315875
[2026-03-01 15:28:58,570] INFO:fitness.free_loss_fidelity: RL4CO free-loss step 40/200: score=7.827052 (avg=7.810552), loss=0.641189 (avg=0.631383), pairs_step=15869, pairs_total=631176
[2026-03-01 15:29:04,820] INFO:fitness.free_loss_fidelity: RL4CO free-loss step 60/200: score=7.821535 (avg=7.806682), loss=0.641995 (avg=0.632857), pairs_step=15708, pairs_total=947000
[2026-03-01 15:29:11,087] INFO:fitness.free_loss_fidelity: RL4CO free-loss step 80/200: score=7.804058 (avg=7.804884), loss=0.627981 (avg=0.632668), pairs_step=15732, pairs_total=1262817
[2026-03-01 15:29:17,289] INFO:fitness.free_loss_fidelity: RL4CO free-loss step 100/200: score=7.763020 (avg=7.805462), loss=0.642136 (avg=0.632956), pairs_step=15789, pairs_total=1578532
[2026-03-01 15:29:23,497] INFO:fitness.free_loss_fidelity: RL4CO free-loss step 120/200: score=7.779336 (avg=7.806662), loss=0.621059 (avg=0.633129), pairs_step=15874, pairs_total=1894340
[2026-03-01 15:29:29,719] INFO:fitness.free_loss_fidelity: RL4CO free-loss step 140/200: score=7.837214 (avg=7.807883), loss=0.642942 (avg=0.633481), pairs_step=15541, pairs_total=2209800
[2026-03-01 15:29:35,937] INFO:fitness.free_loss_fidelity: RL4CO free-loss step 160/200: score=7.804972 (avg=7.807450), loss=0.643038 (avg=0.633703), pairs_step=15987, pairs_total=2526834
[2026-03-01 15:29:42,132] INFO:fitness.free_loss_fidelity: RL4CO free-loss step 180/200: score=7.798811 (avg=7.806583), loss=0.636027 (avg=0.634258), pairs_step=15618, pairs_total=2841942
[2026-03-01 15:29:48,321] INFO:fitness.free_loss_fidelity: RL4CO free-loss step 200/200: score=7.817224 (avg=7.805646), loss=0.637038 (avg=0.634343), pairs_step=15747, pairs_total=3157657
[2026-03-01 15:29:49,418] WARNING:fitness.free_loss_fidelity: weights_only checkpoint load failed (UnpicklingError); retrying weights_only=False for /data1/gushengda/eam-rl4co/baseline/epoch_409.ckpt
[2026-03-01 15:29:49,458] INFO:fitness.free_loss_fidelity: Loaded init checkpoint into policy: path=/data1/gushengda/eam-rl4co/baseline/epoch_409.ckpt prefix=policy. matched=97 missing=0 unexpected=0
[2026-03-01 15:29:49,463] INFO:fitness.free_loss_fidelity: RL4CO free-loss (step-mode): f1_steps=200, f2_steps=0, total_steps=200, train_problem_size=100, rollouts=100, batch_size=64, device=cuda:2, env=tsp
[2026-03-01 15:29:49,782] INFO:fitness.free_loss_fidelity: RL4CO free-loss step 1/200: score=7.807477 (avg=7.807477), loss=0.000456 (avg=0.000456), pairs_step=15868, pairs_total=15868
[2026-03-01 15:29:55,640] INFO:fitness.free_loss_fidelity: RL4CO free-loss step 20/200: score=7.786944 (avg=7.812422), loss=0.208690 (avg=0.093139), pairs_step=15936, pairs_total=316620
[2026-03-01 15:30:01,816] INFO:fitness.free_loss_fidelity: RL4CO free-loss step 40/200: score=7.823177 (avg=7.809568), loss=0.391029 (avg=0.203342), pairs_step=15803, pairs_total=632438
[2026-03-01 15:30:08,107] INFO:fitness.free_loss_fidelity: RL4CO free-loss step 60/200: score=7.823316 (avg=7.807044), loss=0.454811 (avg=0.277659), pairs_step=15779, pairs_total=949202
[2026-03-01 15:30:14,467] INFO:fitness.free_loss_fidelity: RL4CO free-loss step 80/200: score=7.807359 (avg=7.805673), loss=0.479749 (avg=0.324978), pairs_step=15992, pairs_total=1266257
[2026-03-01 15:30:20,840] INFO:fitness.free_loss_fidelity: RL4CO free-loss step 100/200: score=7.760316 (avg=7.806061), loss=0.532510 (avg=0.362172), pairs_step=15950, pairs_total=1583208
[2026-03-01 15:30:27,210] INFO:fitness.free_loss_fidelity: RL4CO free-loss step 120/200: score=7.783040 (avg=7.807487), loss=0.537537 (avg=0.390973), pairs_step=15805, pairs_total=1898829
[2026-03-01 15:30:33,532] INFO:fitness.free_loss_fidelity: RL4CO free-loss step 140/200: score=7.831349 (avg=7.808524), loss=0.545211 (avg=0.412686), pairs_step=15611, pairs_total=2215039
[2026-03-01 15:30:39,677] INFO:fitness.free_loss_fidelity: RL4CO free-loss step 160/200: score=7.803939 (avg=7.807946), loss=0.551789 (avg=0.429946), pairs_step=15862, pairs_total=2531721
[2026-03-01 15:30:45,842] INFO:fitness.free_loss_fidelity: RL4CO free-loss step 180/200: score=7.795484 (avg=7.806585), loss=0.558662 (avg=0.444431), pairs_step=15888, pairs_total=2848052
[2026-03-01 15:30:52,000] INFO:fitness.free_loss_fidelity: RL4CO free-loss step 200/200: score=7.820260 (avg=7.805412), loss=0.568041 (avg=0.456974), pairs_step=15639, pairs_total=3163511
