[2026-03-01 09:45:06,365] INFO:fitness.free_loss_fidelity: Stage3 offline mini-train start gen=3 pair_index=15 K=200 seed=12345 valid_sizes=[100] baseline_json=baseline/mini_eval/baseline_minitrain_tsp100_K200.json
[2026-03-01 09:45:06,386] INFO:fitness.free_loss_fidelity: RL4CO free-loss (step-mode): f1_steps=200, f2_steps=0, total_steps=200, train_problem_size=100, rollouts=100, batch_size=64, device=cuda:1, env=tsp
[2026-03-01 09:45:06,704] INFO:fitness.free_loss_fidelity: RL4CO free-loss step 1/200: score=36.122910 (avg=36.122910), loss=0.744344 (avg=0.744344), pairs_step=316800, pairs_total=316800
[2026-03-01 09:45:12,815] INFO:fitness.free_loss_fidelity: RL4CO free-loss step 20/200: score=9.995581 (avg=12.692059), loss=0.547828 (avg=0.568263), pairs_step=316800, pairs_total=6335996
[2026-03-01 09:45:19,224] INFO:fitness.free_loss_fidelity: RL4CO free-loss step 40/200: score=9.393387 (avg=11.108067), loss=0.560781 (avg=0.565104), pairs_step=316800, pairs_total=12671989
[2026-03-01 09:45:25,679] INFO:fitness.free_loss_fidelity: RL4CO free-loss step 60/200: score=9.145114 (avg=10.479149), loss=0.548810 (avg=0.561964), pairs_step=316800, pairs_total=19007985
[2026-03-01 09:45:32,297] INFO:fitness.free_loss_fidelity: RL4CO free-loss step 80/200: score=8.940344 (avg=10.117442), loss=0.537817 (avg=0.557171), pairs_step=316800, pairs_total=25343979
[2026-03-01 09:45:38,849] INFO:fitness.free_loss_fidelity: RL4CO free-loss step 100/200: score=8.795534 (avg=9.875418), loss=0.541422 (avg=0.554202), pairs_step=316800, pairs_total=31679975
[2026-03-01 09:45:45,406] INFO:fitness.free_loss_fidelity: RL4CO free-loss step 120/200: score=8.705948 (avg=9.699743), loss=0.547282 (avg=0.552635), pairs_step=316799, pairs_total=38015971
[2026-03-01 09:45:51,961] INFO:fitness.free_loss_fidelity: RL4CO free-loss step 140/200: score=8.705491 (avg=9.561154), loss=0.547302 (avg=0.552308), pairs_step=316799, pairs_total=44351963
[2026-03-01 09:45:58,509] INFO:fitness.free_loss_fidelity: RL4CO free-loss step 160/200: score=8.596169 (avg=9.444705), loss=0.563398 (avg=0.553212), pairs_step=316799, pairs_total=50687960
[2026-03-01 09:46:05,057] INFO:fitness.free_loss_fidelity: RL4CO free-loss step 180/200: score=8.484961 (avg=9.345421), loss=0.567073 (avg=0.554761), pairs_step=316800, pairs_total=57023955
[2026-03-01 09:46:11,520] INFO:fitness.free_loss_fidelity: RL4CO free-loss step 200/200: score=8.489655 (avg=9.261176), loss=0.571091 (avg=0.556286), pairs_step=316799, pairs_total=63359947
[2026-03-01 09:46:12,636] WARNING:fitness.free_loss_fidelity: weights_only checkpoint load failed (UnpicklingError); retrying weights_only=False for /data1/gushengda/eam-rl4co/baseline/epoch_135.ckpt
[2026-03-01 09:46:12,672] INFO:fitness.free_loss_fidelity: Loaded init checkpoint into policy: path=/data1/gushengda/eam-rl4co/baseline/epoch_135.ckpt prefix=policy. matched=97 missing=0 unexpected=0
[2026-03-01 09:46:12,677] INFO:fitness.free_loss_fidelity: RL4CO free-loss (step-mode): f1_steps=200, f2_steps=0, total_steps=200, train_problem_size=100, rollouts=100, batch_size=64, device=cuda:1, env=tsp
[2026-03-01 09:46:13,035] INFO:fitness.free_loss_fidelity: RL4CO free-loss step 1/200: score=7.803347 (avg=7.803347), loss=0.664683 (avg=0.664683), pairs_step=315697, pairs_total=315697
[2026-03-01 09:46:19,103] INFO:fitness.free_loss_fidelity: RL4CO free-loss step 20/200: score=7.778727 (avg=7.809792), loss=0.665287 (avg=0.664741), pairs_step=315871, pairs_total=6316380
[2026-03-01 09:46:25,489] INFO:fitness.free_loss_fidelity: RL4CO free-loss step 40/200: score=7.814760 (avg=7.802750), loss=0.666633 (avg=0.664551), pairs_step=315822, pairs_total=12631571
[2026-03-01 09:46:31,900] INFO:fitness.free_loss_fidelity: RL4CO free-loss step 60/200: score=7.812181 (avg=7.798993), loss=0.665704 (avg=0.664795), pairs_step=315186, pairs_total=18944029
[2026-03-01 09:46:38,291] INFO:fitness.free_loss_fidelity: RL4CO free-loss step 80/200: score=7.799809 (avg=7.797712), loss=0.661469 (avg=0.664782), pairs_step=315819, pairs_total=25257831
[2026-03-01 09:46:44,697] INFO:fitness.free_loss_fidelity: RL4CO free-loss step 100/200: score=7.759433 (avg=7.798589), loss=0.665431 (avg=0.665015), pairs_step=315512, pairs_total=31569038
[2026-03-01 09:46:51,090] INFO:fitness.free_loss_fidelity: RL4CO free-loss step 120/200: score=7.770825 (avg=7.799943), loss=0.665744 (avg=0.665099), pairs_step=315758, pairs_total=37882046
[2026-03-01 09:46:57,489] INFO:fitness.free_loss_fidelity: RL4CO free-loss step 140/200: score=7.829247 (avg=7.801046), loss=0.665294 (avg=0.665113), pairs_step=315340, pairs_total=44194045
[2026-03-01 09:47:03,936] INFO:fitness.free_loss_fidelity: RL4CO free-loss step 160/200: score=7.798894 (avg=7.800357), loss=0.667583 (avg=0.665165), pairs_step=315116, pairs_total=50504944
[2026-03-01 09:47:10,339] INFO:fitness.free_loss_fidelity: RL4CO free-loss step 180/200: score=7.787107 (avg=7.799259), loss=0.664519 (avg=0.665301), pairs_step=315258, pairs_total=56815262
[2026-03-01 09:47:16,751] INFO:fitness.free_loss_fidelity: RL4CO free-loss step 200/200: score=7.809873 (avg=7.798160), loss=0.663083 (avg=0.665311), pairs_step=315349, pairs_total=63125759
[2026-03-01 09:47:17,874] WARNING:fitness.free_loss_fidelity: weights_only checkpoint load failed (UnpicklingError); retrying weights_only=False for /data1/gushengda/eam-rl4co/baseline/epoch_409.ckpt
[2026-03-01 09:47:17,910] INFO:fitness.free_loss_fidelity: Loaded init checkpoint into policy: path=/data1/gushengda/eam-rl4co/baseline/epoch_409.ckpt prefix=policy. matched=97 missing=0 unexpected=0
[2026-03-01 09:47:17,915] INFO:fitness.free_loss_fidelity: RL4CO free-loss (step-mode): f1_steps=200, f2_steps=0, total_steps=200, train_problem_size=100, rollouts=100, batch_size=64, device=cuda:1, env=tsp
[2026-03-01 09:47:18,238] INFO:fitness.free_loss_fidelity: RL4CO free-loss step 1/200: score=7.807477 (avg=7.807477), loss=0.108407 (avg=0.108407), pairs_step=315750, pairs_total=315750
[2026-03-01 09:47:24,334] INFO:fitness.free_loss_fidelity: RL4CO free-loss step 20/200: score=7.776381 (avg=7.809645), loss=0.097434 (avg=0.100078), pairs_step=315920, pairs_total=6318779
[2026-03-01 09:47:31,125] INFO:fitness.free_loss_fidelity: RL4CO free-loss step 40/200: score=7.820124 (avg=7.802910), loss=0.091100 (avg=0.098285), pairs_step=315974, pairs_total=12637059
[2026-03-01 09:47:38,366] INFO:fitness.free_loss_fidelity: RL4CO free-loss step 60/200: score=7.809889 (avg=7.799074), loss=0.090168 (avg=0.095528), pairs_step=315915, pairs_total=18952426
[2026-03-01 09:47:45,584] INFO:fitness.free_loss_fidelity: RL4CO free-loss step 80/200: score=7.796330 (avg=7.797067), loss=0.096470 (avg=0.094539), pairs_step=315722, pairs_total=25269269
[2026-03-01 09:47:52,835] INFO:fitness.free_loss_fidelity: RL4CO free-loss step 100/200: score=7.753204 (avg=7.797585), loss=0.101851 (avg=0.095210), pairs_step=315454, pairs_total=31584144
[2026-03-01 09:48:00,073] INFO:fitness.free_loss_fidelity: RL4CO free-loss step 120/200: score=7.772723 (avg=7.799080), loss=0.090031 (avg=0.095316), pairs_step=315730, pairs_total=37899423
[2026-03-01 09:48:07,297] INFO:fitness.free_loss_fidelity: RL4CO free-loss step 140/200: score=7.822461 (avg=7.800071), loss=0.090832 (avg=0.094616), pairs_step=315654, pairs_total=44212253
[2026-03-01 09:48:14,723] INFO:fitness.free_loss_fidelity: RL4CO free-loss step 160/200: score=7.791984 (avg=7.799540), loss=0.095531 (avg=0.094222), pairs_step=315849, pairs_total=50527447
[2026-03-01 09:48:21,945] INFO:fitness.free_loss_fidelity: RL4CO free-loss step 180/200: score=7.785063 (avg=7.798486), loss=0.102688 (avg=0.094731), pairs_step=315548, pairs_total=56840937
[2026-03-01 09:48:29,187] INFO:fitness.free_loss_fidelity: RL4CO free-loss step 200/200: score=7.809865 (avg=7.797189), loss=0.092031 (avg=0.095176), pairs_step=315651, pairs_total=63153116
