[2026-03-01 14:34:11,997] INFO:fitness.free_loss_fidelity: Stage3 offline mini-train start gen=14 pair_index=4 K=200 seed=12345 valid_sizes=[100] baseline_json=baseline/mini_eval/baseline_minitrain_tsp100_K200.json
[2026-03-01 14:34:12,019] INFO:fitness.free_loss_fidelity: RL4CO free-loss (step-mode): f1_steps=200, f2_steps=0, total_steps=200, train_problem_size=100, rollouts=100, batch_size=64, device=cuda:0, env=tsp
[2026-03-01 14:34:12,337] INFO:fitness.free_loss_fidelity: RL4CO free-loss step 1/200: score=36.122910 (avg=36.122910), loss=0.664708 (avg=0.664708), pairs_step=6336, pairs_total=6336
[2026-03-01 14:34:18,231] INFO:fitness.free_loss_fidelity: RL4CO free-loss step 20/200: score=10.440813 (avg=12.842522), loss=0.471333 (avg=0.466233), pairs_step=6336, pairs_total=126720
[2026-03-01 14:34:24,446] INFO:fitness.free_loss_fidelity: RL4CO free-loss step 40/200: score=9.547750 (avg=11.336405), loss=0.449400 (avg=0.461179), pairs_step=6336, pairs_total=253440
[2026-03-01 14:34:30,650] INFO:fitness.free_loss_fidelity: RL4CO free-loss step 60/200: score=9.427789 (avg=10.697172), loss=0.457472 (avg=0.461531), pairs_step=6336, pairs_total=380160
[2026-03-01 14:34:36,844] INFO:fitness.free_loss_fidelity: RL4CO free-loss step 80/200: score=9.174358 (avg=10.333149), loss=0.431085 (avg=0.456982), pairs_step=6336, pairs_total=506880
[2026-03-01 14:34:43,045] INFO:fitness.free_loss_fidelity: RL4CO free-loss step 100/200: score=8.999511 (avg=10.084814), loss=0.457131 (avg=0.454133), pairs_step=6336, pairs_total=633600
[2026-03-01 14:34:49,240] INFO:fitness.free_loss_fidelity: RL4CO free-loss step 120/200: score=8.963507 (avg=9.902536), loss=0.433637 (avg=0.451733), pairs_step=6336, pairs_total=760320
[2026-03-01 14:34:55,450] INFO:fitness.free_loss_fidelity: RL4CO free-loss step 140/200: score=8.894554 (avg=9.757665), loss=0.450625 (avg=0.449653), pairs_step=6336, pairs_total=887040
[2026-03-01 14:35:01,653] INFO:fitness.free_loss_fidelity: RL4CO free-loss step 160/200: score=8.752235 (avg=9.640152), loss=0.423389 (avg=0.448305), pairs_step=6336, pairs_total=1013760
[2026-03-01 14:35:07,872] INFO:fitness.free_loss_fidelity: RL4CO free-loss step 180/200: score=8.732025 (avg=9.543491), loss=0.458277 (avg=0.448527), pairs_step=6336, pairs_total=1140480
[2026-03-01 14:35:14,071] INFO:fitness.free_loss_fidelity: RL4CO free-loss step 200/200: score=8.695818 (avg=9.460194), loss=0.436086 (avg=0.448996), pairs_step=6336, pairs_total=1267200
[2026-03-01 14:35:15,170] WARNING:fitness.free_loss_fidelity: weights_only checkpoint load failed (UnpicklingError); retrying weights_only=False for /data1/gushengda/eam-rl4co/baseline/epoch_135.ckpt
[2026-03-01 14:35:15,207] INFO:fitness.free_loss_fidelity: Loaded init checkpoint into policy: path=/data1/gushengda/eam-rl4co/baseline/epoch_135.ckpt prefix=policy. matched=97 missing=0 unexpected=0
[2026-03-01 14:35:15,212] INFO:fitness.free_loss_fidelity: RL4CO free-loss (step-mode): f1_steps=200, f2_steps=0, total_steps=200, train_problem_size=100, rollouts=100, batch_size=64, device=cuda:0, env=tsp
[2026-03-01 14:35:15,534] INFO:fitness.free_loss_fidelity: RL4CO free-loss step 1/200: score=7.803347 (avg=7.803347), loss=0.663239 (avg=0.663239), pairs_step=6309, pairs_total=6309
[2026-03-01 14:35:21,416] INFO:fitness.free_loss_fidelity: RL4CO free-loss step 20/200: score=7.790696 (avg=7.816941), loss=0.658309 (avg=0.658019), pairs_step=6333, pairs_total=126514
[2026-03-01 14:35:27,612] INFO:fitness.free_loss_fidelity: RL4CO free-loss step 40/200: score=7.824222 (avg=7.811317), loss=0.673243 (avg=0.657064), pairs_step=6333, pairs_total=253067
[2026-03-01 14:35:33,814] INFO:fitness.free_loss_fidelity: RL4CO free-loss step 60/200: score=7.823275 (avg=7.808063), loss=0.652157 (avg=0.656893), pairs_step=6332, pairs_total=379585
[2026-03-01 14:35:40,007] INFO:fitness.free_loss_fidelity: RL4CO free-loss step 80/200: score=7.808243 (avg=7.806478), loss=0.649493 (avg=0.656660), pairs_step=6322, pairs_total=506100
[2026-03-01 14:35:46,207] INFO:fitness.free_loss_fidelity: RL4CO free-loss step 100/200: score=7.761133 (avg=7.806752), loss=0.655100 (avg=0.656123), pairs_step=6328, pairs_total=632650
[2026-03-01 14:35:52,436] INFO:fitness.free_loss_fidelity: RL4CO free-loss step 120/200: score=7.778527 (avg=7.807823), loss=0.650420 (avg=0.655952), pairs_step=6322, pairs_total=759118
[2026-03-01 14:35:58,680] INFO:fitness.free_loss_fidelity: RL4CO free-loss step 140/200: score=7.836194 (avg=7.808679), loss=0.659509 (avg=0.655336), pairs_step=6328, pairs_total=885684
[2026-03-01 14:36:04,872] INFO:fitness.free_loss_fidelity: RL4CO free-loss step 160/200: score=7.798450 (avg=7.807986), loss=0.654991 (avg=0.654745), pairs_step=6324, pairs_total=1012170
[2026-03-01 14:36:11,063] INFO:fitness.free_loss_fidelity: RL4CO free-loss step 180/200: score=7.793519 (avg=7.806880), loss=0.646690 (avg=0.654445), pairs_step=6327, pairs_total=1138637
[2026-03-01 14:36:17,259] INFO:fitness.free_loss_fidelity: RL4CO free-loss step 200/200: score=7.820819 (avg=7.805880), loss=0.646954 (avg=0.654629), pairs_step=6327, pairs_total=1265174
[2026-03-01 14:36:18,355] WARNING:fitness.free_loss_fidelity: weights_only checkpoint load failed (UnpicklingError); retrying weights_only=False for /data1/gushengda/eam-rl4co/baseline/epoch_409.ckpt
[2026-03-01 14:36:18,383] INFO:fitness.free_loss_fidelity: Loaded init checkpoint into policy: path=/data1/gushengda/eam-rl4co/baseline/epoch_409.ckpt prefix=policy. matched=97 missing=0 unexpected=0
[2026-03-01 14:36:18,388] INFO:fitness.free_loss_fidelity: RL4CO free-loss (step-mode): f1_steps=200, f2_steps=0, total_steps=200, train_problem_size=100, rollouts=100, batch_size=64, device=cuda:0, env=tsp
[2026-03-01 14:36:18,709] INFO:fitness.free_loss_fidelity: RL4CO free-loss step 1/200: score=7.807477 (avg=7.807477), loss=0.155254 (avg=0.155254), pairs_step=6319, pairs_total=6319
[2026-03-01 14:36:24,792] INFO:fitness.free_loss_fidelity: RL4CO free-loss step 20/200: score=7.786895 (avg=7.809029), loss=0.134577 (avg=0.140538), pairs_step=6325, pairs_total=126335
[2026-03-01 14:36:30,983] INFO:fitness.free_loss_fidelity: RL4CO free-loss step 40/200: score=7.816379 (avg=7.803429), loss=0.132629 (avg=0.137700), pairs_step=6324, pairs_total=252725
[2026-03-01 14:36:37,177] INFO:fitness.free_loss_fidelity: RL4CO free-loss step 60/200: score=7.812570 (avg=7.800490), loss=0.135390 (avg=0.135714), pairs_step=6332, pairs_total=379095
[2026-03-01 14:36:43,456] INFO:fitness.free_loss_fidelity: RL4CO free-loss step 80/200: score=7.791108 (avg=7.798759), loss=0.136736 (avg=0.135220), pairs_step=6318, pairs_total=505413
[2026-03-01 14:36:49,656] INFO:fitness.free_loss_fidelity: RL4CO free-loss step 100/200: score=7.757807 (avg=7.799555), loss=0.139542 (avg=0.134960), pairs_step=6317, pairs_total=631766
[2026-03-01 14:36:55,861] INFO:fitness.free_loss_fidelity: RL4CO free-loss step 120/200: score=7.775030 (avg=7.800919), loss=0.132652 (avg=0.135145), pairs_step=6313, pairs_total=758164
[2026-03-01 14:37:02,050] INFO:fitness.free_loss_fidelity: RL4CO free-loss step 140/200: score=7.828533 (avg=7.801763), loss=0.136423 (avg=0.135393), pairs_step=6306, pairs_total=884532
[2026-03-01 14:37:08,242] INFO:fitness.free_loss_fidelity: RL4CO free-loss step 160/200: score=7.797010 (avg=7.801115), loss=0.128165 (avg=0.134667), pairs_step=6314, pairs_total=1010967
[2026-03-01 14:37:14,430] INFO:fitness.free_loss_fidelity: RL4CO free-loss step 180/200: score=7.789425 (avg=7.800046), loss=0.126415 (avg=0.133995), pairs_step=6303, pairs_total=1137279
[2026-03-01 14:37:20,622] INFO:fitness.free_loss_fidelity: RL4CO free-loss step 200/200: score=7.813406 (avg=7.798759), loss=0.128022 (avg=0.133670), pairs_step=6320, pairs_total=1263618
