[2026-03-01 18:11:10,877] INFO:fitness.free_loss_fidelity: Stage3 offline mini-train start gen=19 pair_index=7 K=200 seed=12345 valid_sizes=[100] baseline_json=baseline/mini_eval/baseline_minitrain_tsp100_K200.json
[2026-03-01 18:11:10,900] INFO:fitness.free_loss_fidelity: RL4CO free-loss (step-mode): f1_steps=200, f2_steps=0, total_steps=200, train_problem_size=100, rollouts=100, batch_size=64, device=cuda:1, env=tsp
[2026-03-01 18:11:11,270] INFO:fitness.free_loss_fidelity: RL4CO free-loss step 1/200: score=36.122910 (avg=36.122910), loss=0.738993 (avg=0.738993), pairs_step=48896, pairs_total=48896
[2026-03-01 18:11:17,981] INFO:fitness.free_loss_fidelity: RL4CO free-loss step 20/200: score=10.292860 (avg=12.832313), loss=0.462154 (avg=0.494963), pairs_step=48896, pairs_total=977920
[2026-03-01 18:11:25,053] INFO:fitness.free_loss_fidelity: RL4CO free-loss step 40/200: score=9.531900 (avg=11.255558), loss=0.494467 (avg=0.496226), pairs_step=48896, pairs_total=1955840
[2026-03-01 18:11:32,118] INFO:fitness.free_loss_fidelity: RL4CO free-loss step 60/200: score=9.333490 (avg=10.621603), loss=0.479933 (avg=0.496103), pairs_step=48896, pairs_total=2933760
[2026-03-01 18:11:39,201] INFO:fitness.free_loss_fidelity: RL4CO free-loss step 80/200: score=9.099778 (avg=10.270235), loss=0.479160 (avg=0.494261), pairs_step=48896, pairs_total=3911680
[2026-03-01 18:11:46,280] INFO:fitness.free_loss_fidelity: RL4CO free-loss step 100/200: score=8.967522 (avg=10.035070), loss=0.473352 (avg=0.492446), pairs_step=48896, pairs_total=4889600
[2026-03-01 18:11:53,382] INFO:fitness.free_loss_fidelity: RL4CO free-loss step 120/200: score=8.862019 (avg=9.858904), loss=0.503367 (avg=0.491187), pairs_step=48896, pairs_total=5867520
[2026-03-01 18:12:00,459] INFO:fitness.free_loss_fidelity: RL4CO free-loss step 140/200: score=8.904900 (avg=9.718664), loss=0.494091 (avg=0.491164), pairs_step=48896, pairs_total=6845439
[2026-03-01 18:12:07,557] INFO:fitness.free_loss_fidelity: RL4CO free-loss step 160/200: score=8.726385 (avg=9.601778), loss=0.509157 (avg=0.492269), pairs_step=48896, pairs_total=7823359
[2026-03-01 18:12:14,632] INFO:fitness.free_loss_fidelity: RL4CO free-loss step 180/200: score=8.668304 (avg=9.502735), loss=0.508878 (avg=0.493641), pairs_step=48896, pairs_total=8801279
[2026-03-01 18:12:21,721] INFO:fitness.free_loss_fidelity: RL4CO free-loss step 200/200: score=8.686635 (avg=9.419106), loss=0.505341 (avg=0.495381), pairs_step=48896, pairs_total=9779199
[2026-03-01 18:12:23,029] WARNING:fitness.free_loss_fidelity: weights_only checkpoint load failed (UnpicklingError); retrying weights_only=False for /data1/gushengda/eam-rl4co/baseline/epoch_135.ckpt
[2026-03-01 18:12:23,070] INFO:fitness.free_loss_fidelity: Loaded init checkpoint into policy: path=/data1/gushengda/eam-rl4co/baseline/epoch_135.ckpt prefix=policy. matched=97 missing=0 unexpected=0
[2026-03-01 18:12:23,077] INFO:fitness.free_loss_fidelity: RL4CO free-loss (step-mode): f1_steps=200, f2_steps=0, total_steps=200, train_problem_size=100, rollouts=100, batch_size=64, device=cuda:1, env=tsp
[2026-03-01 18:12:23,455] INFO:fitness.free_loss_fidelity: RL4CO free-loss step 1/200: score=7.803347 (avg=7.803347), loss=0.631308 (avg=0.631308), pairs_step=48893, pairs_total=48893
[2026-03-01 18:12:30,181] INFO:fitness.free_loss_fidelity: RL4CO free-loss step 20/200: score=7.788999 (avg=7.819164), loss=0.635454 (avg=0.636244), pairs_step=48895, pairs_total=977851
[2026-03-01 18:12:37,260] INFO:fitness.free_loss_fidelity: RL4CO free-loss step 40/200: score=7.830424 (avg=7.813765), loss=0.653403 (avg=0.637591), pairs_step=48895, pairs_total=1955714
[2026-03-01 18:12:44,352] INFO:fitness.free_loss_fidelity: RL4CO free-loss step 60/200: score=7.824317 (avg=7.810193), loss=0.644478 (avg=0.639984), pairs_step=48890, pairs_total=2933530
[2026-03-01 18:12:51,431] INFO:fitness.free_loss_fidelity: RL4CO free-loss step 80/200: score=7.814839 (avg=7.808990), loss=0.640843 (avg=0.640940), pairs_step=48892, pairs_total=3911392
[2026-03-01 18:12:58,529] INFO:fitness.free_loss_fidelity: RL4CO free-loss step 100/200: score=7.772907 (avg=7.810016), loss=0.643663 (avg=0.641817), pairs_step=48891, pairs_total=4889222
[2026-03-01 18:13:05,632] INFO:fitness.free_loss_fidelity: RL4CO free-loss step 120/200: score=7.788055 (avg=7.811218), loss=0.640344 (avg=0.642530), pairs_step=48884, pairs_total=5867060
[2026-03-01 18:13:12,725] INFO:fitness.free_loss_fidelity: RL4CO free-loss step 140/200: score=7.840513 (avg=7.812772), loss=0.653031 (avg=0.643330), pairs_step=48885, pairs_total=6844872
[2026-03-01 18:13:19,826] INFO:fitness.free_loss_fidelity: RL4CO free-loss step 160/200: score=7.802654 (avg=7.812322), loss=0.650833 (avg=0.643664), pairs_step=48886, pairs_total=7822726
[2026-03-01 18:13:26,916] INFO:fitness.free_loss_fidelity: RL4CO free-loss step 180/200: score=7.797836 (avg=7.811232), loss=0.650333 (avg=0.643969), pairs_step=48892, pairs_total=8800553
[2026-03-01 18:13:34,011] INFO:fitness.free_loss_fidelity: RL4CO free-loss step 200/200: score=7.833901 (avg=7.810609), loss=0.651103 (avg=0.644281), pairs_step=48890, pairs_total=9778387
[2026-03-01 18:13:35,320] WARNING:fitness.free_loss_fidelity: weights_only checkpoint load failed (UnpicklingError); retrying weights_only=False for /data1/gushengda/eam-rl4co/baseline/epoch_409.ckpt
[2026-03-01 18:13:35,361] INFO:fitness.free_loss_fidelity: Loaded init checkpoint into policy: path=/data1/gushengda/eam-rl4co/baseline/epoch_409.ckpt prefix=policy. matched=97 missing=0 unexpected=0
[2026-03-01 18:13:35,368] INFO:fitness.free_loss_fidelity: RL4CO free-loss (step-mode): f1_steps=200, f2_steps=0, total_steps=200, train_problem_size=100, rollouts=100, batch_size=64, device=cuda:1, env=tsp
[2026-03-01 18:13:35,745] INFO:fitness.free_loss_fidelity: RL4CO free-loss step 1/200: score=7.807477 (avg=7.807477), loss=0.013622 (avg=0.013622), pairs_step=48896, pairs_total=48896
[2026-03-01 18:13:42,483] INFO:fitness.free_loss_fidelity: RL4CO free-loss step 20/200: score=7.799043 (avg=7.824757), loss=0.297543 (avg=0.161819), pairs_step=48896, pairs_total=977920
[2026-03-01 18:13:49,575] INFO:fitness.free_loss_fidelity: RL4CO free-loss step 40/200: score=7.845641 (avg=7.819597), loss=0.445985 (avg=0.273060), pairs_step=48896, pairs_total=1955840
[2026-03-01 18:13:56,675] INFO:fitness.free_loss_fidelity: RL4CO free-loss step 60/200: score=7.831579 (avg=7.816742), loss=0.507035 (avg=0.341415), pairs_step=48896, pairs_total=2933759
[2026-03-01 18:14:03,767] INFO:fitness.free_loss_fidelity: RL4CO free-loss step 80/200: score=7.813283 (avg=7.814944), loss=0.547751 (avg=0.388664), pairs_step=48896, pairs_total=3911679
[2026-03-01 18:14:10,862] INFO:fitness.free_loss_fidelity: RL4CO free-loss step 100/200: score=7.770642 (avg=7.815466), loss=0.569793 (avg=0.422078), pairs_step=48896, pairs_total=4889597
[2026-03-01 18:14:17,962] INFO:fitness.free_loss_fidelity: RL4CO free-loss step 120/200: score=7.788382 (avg=7.816867), loss=0.589916 (avg=0.448086), pairs_step=48895, pairs_total=5867516
[2026-03-01 18:14:25,065] INFO:fitness.free_loss_fidelity: RL4CO free-loss step 140/200: score=7.849616 (avg=7.817931), loss=0.590826 (avg=0.468204), pairs_step=48895, pairs_total=6845431
[2026-03-01 18:14:32,161] INFO:fitness.free_loss_fidelity: RL4CO free-loss step 160/200: score=7.809653 (avg=7.817449), loss=0.599474 (avg=0.484041), pairs_step=48895, pairs_total=7823339
[2026-03-01 18:14:39,274] INFO:fitness.free_loss_fidelity: RL4CO free-loss step 180/200: score=7.799724 (avg=7.816111), loss=0.602493 (avg=0.497301), pairs_step=48896, pairs_total=8801252
[2026-03-01 18:14:46,373] INFO:fitness.free_loss_fidelity: RL4CO free-loss step 200/200: score=7.824176 (avg=7.814775), loss=0.608159 (avg=0.508079), pairs_step=48895, pairs_total=9779161
