[2026-03-01 11:16:42,965] INFO:fitness.free_loss_fidelity: Stage3 offline mini-train start gen=7 pair_index=23 K=200 seed=12345 valid_sizes=[100] baseline_json=baseline/mini_eval/baseline_minitrain_tsp100_K200.json
[2026-03-01 11:16:42,985] INFO:fitness.free_loss_fidelity: RL4CO free-loss (step-mode): f1_steps=200, f2_steps=0, total_steps=200, train_problem_size=100, rollouts=100, batch_size=64, device=cuda:2, env=tsp
[2026-03-01 11:16:43,316] INFO:fitness.free_loss_fidelity: RL4CO free-loss step 1/200: score=36.122910 (avg=36.122910), loss=0.729241 (avg=0.729241), pairs_step=316800, pairs_total=316800
[2026-03-01 11:16:49,635] INFO:fitness.free_loss_fidelity: RL4CO free-loss step 20/200: score=9.934935 (avg=12.651349), loss=0.550826 (avg=0.558922), pairs_step=316800, pairs_total=6335994
[2026-03-01 11:16:56,285] INFO:fitness.free_loss_fidelity: RL4CO free-loss step 40/200: score=9.363363 (avg=11.071688), loss=0.564157 (avg=0.557645), pairs_step=316800, pairs_total=12671988
[2026-03-01 11:17:02,952] INFO:fitness.free_loss_fidelity: RL4CO free-loss step 60/200: score=9.124723 (avg=10.451172), loss=0.541580 (avg=0.554882), pairs_step=316800, pairs_total=19007984
[2026-03-01 11:17:09,798] INFO:fitness.free_loss_fidelity: RL4CO free-loss step 80/200: score=8.954306 (avg=10.094995), loss=0.546529 (avg=0.551662), pairs_step=316800, pairs_total=25343979
[2026-03-01 11:17:16,430] INFO:fitness.free_loss_fidelity: RL4CO free-loss step 100/200: score=8.826098 (avg=9.858431), loss=0.541095 (avg=0.549557), pairs_step=316799, pairs_total=31679972
[2026-03-01 11:17:23,064] INFO:fitness.free_loss_fidelity: RL4CO free-loss step 120/200: score=8.705925 (avg=9.686993), loss=0.542857 (avg=0.548504), pairs_step=316800, pairs_total=38015972
[2026-03-01 11:17:29,697] INFO:fitness.free_loss_fidelity: RL4CO free-loss step 140/200: score=8.691315 (avg=9.550277), loss=0.546318 (avg=0.548124), pairs_step=316799, pairs_total=44351967
[2026-03-01 11:17:36,348] INFO:fitness.free_loss_fidelity: RL4CO free-loss step 160/200: score=8.637848 (avg=9.437036), loss=0.550522 (avg=0.548646), pairs_step=316800, pairs_total=50687962
[2026-03-01 11:17:43,028] INFO:fitness.free_loss_fidelity: RL4CO free-loss step 180/200: score=8.563390 (avg=9.341156), loss=0.548953 (avg=0.549953), pairs_step=316799, pairs_total=57023957
[2026-03-01 11:17:49,697] INFO:fitness.free_loss_fidelity: RL4CO free-loss step 200/200: score=8.499691 (avg=9.258364), loss=0.565451 (avg=0.551246), pairs_step=316799, pairs_total=63359948
[2026-03-01 11:17:50,809] WARNING:fitness.free_loss_fidelity: weights_only checkpoint load failed (UnpicklingError); retrying weights_only=False for /data1/gushengda/eam-rl4co/baseline/epoch_135.ckpt
[2026-03-01 11:17:50,846] INFO:fitness.free_loss_fidelity: Loaded init checkpoint into policy: path=/data1/gushengda/eam-rl4co/baseline/epoch_135.ckpt prefix=policy. matched=97 missing=0 unexpected=0
[2026-03-01 11:17:50,850] INFO:fitness.free_loss_fidelity: RL4CO free-loss (step-mode): f1_steps=200, f2_steps=0, total_steps=200, train_problem_size=100, rollouts=100, batch_size=64, device=cuda:2, env=tsp
[2026-03-01 11:17:51,190] INFO:fitness.free_loss_fidelity: RL4CO free-loss step 1/200: score=7.803347 (avg=7.803347), loss=0.659922 (avg=0.659922), pairs_step=315697, pairs_total=315697
[2026-03-01 11:17:57,501] INFO:fitness.free_loss_fidelity: RL4CO free-loss step 20/200: score=7.784779 (avg=7.810294), loss=0.664321 (avg=0.662074), pairs_step=315979, pairs_total=6315534
[2026-03-01 11:18:04,151] INFO:fitness.free_loss_fidelity: RL4CO free-loss step 40/200: score=7.820016 (avg=7.803955), loss=0.663030 (avg=0.661812), pairs_step=315921, pairs_total=12631009
[2026-03-01 11:18:10,812] INFO:fitness.free_loss_fidelity: RL4CO free-loss step 60/200: score=7.816756 (avg=7.800770), loss=0.665275 (avg=0.662269), pairs_step=315472, pairs_total=18946198
[2026-03-01 11:18:17,464] INFO:fitness.free_loss_fidelity: RL4CO free-loss step 80/200: score=7.800316 (avg=7.799506), loss=0.660526 (avg=0.662269), pairs_step=315937, pairs_total=25262599
[2026-03-01 11:18:24,101] INFO:fitness.free_loss_fidelity: RL4CO free-loss step 100/200: score=7.759460 (avg=7.800482), loss=0.665522 (avg=0.662516), pairs_step=315837, pairs_total=31578979
[2026-03-01 11:18:30,723] INFO:fitness.free_loss_fidelity: RL4CO free-loss step 120/200: score=7.771391 (avg=7.802071), loss=0.663524 (avg=0.662612), pairs_step=315323, pairs_total=37893191
[2026-03-01 11:18:37,372] INFO:fitness.free_loss_fidelity: RL4CO free-loss step 140/200: score=7.830510 (avg=7.803273), loss=0.662530 (avg=0.662569), pairs_step=315484, pairs_total=44205881
[2026-03-01 11:18:44,027] INFO:fitness.free_loss_fidelity: RL4CO free-loss step 160/200: score=7.800372 (avg=7.802708), loss=0.663959 (avg=0.662693), pairs_step=315201, pairs_total=50517484
[2026-03-01 11:18:50,656] INFO:fitness.free_loss_fidelity: RL4CO free-loss step 180/200: score=7.788494 (avg=7.801660), loss=0.665000 (avg=0.662655), pairs_step=315279, pairs_total=56829694
[2026-03-01 11:18:57,309] INFO:fitness.free_loss_fidelity: RL4CO free-loss step 200/200: score=7.813169 (avg=7.800557), loss=0.661302 (avg=0.662728), pairs_step=315548, pairs_total=63142602
[2026-03-01 11:18:58,424] WARNING:fitness.free_loss_fidelity: weights_only checkpoint load failed (UnpicklingError); retrying weights_only=False for /data1/gushengda/eam-rl4co/baseline/epoch_409.ckpt
[2026-03-01 11:18:58,453] INFO:fitness.free_loss_fidelity: Loaded init checkpoint into policy: path=/data1/gushengda/eam-rl4co/baseline/epoch_409.ckpt prefix=policy. matched=97 missing=0 unexpected=0
[2026-03-01 11:18:58,458] INFO:fitness.free_loss_fidelity: RL4CO free-loss (step-mode): f1_steps=200, f2_steps=0, total_steps=200, train_problem_size=100, rollouts=100, batch_size=64, device=cuda:2, env=tsp
[2026-03-01 11:18:58,797] INFO:fitness.free_loss_fidelity: RL4CO free-loss step 1/200: score=7.807477 (avg=7.807477), loss=0.163192 (avg=0.163192), pairs_step=315750, pairs_total=315750
[2026-03-01 11:19:05,069] INFO:fitness.free_loss_fidelity: RL4CO free-loss step 20/200: score=7.781010 (avg=7.807521), loss=0.166361 (avg=0.171459), pairs_step=315880, pairs_total=6317525
[2026-03-01 11:19:11,753] INFO:fitness.free_loss_fidelity: RL4CO free-loss step 40/200: score=7.812788 (avg=7.801519), loss=0.149374 (avg=0.167081), pairs_step=316089, pairs_total=12633037
[2026-03-01 11:19:18,407] INFO:fitness.free_loss_fidelity: RL4CO free-loss step 60/200: score=7.812706 (avg=7.798438), loss=0.147225 (avg=0.163459), pairs_step=315786, pairs_total=18948651
[2026-03-01 11:19:25,047] INFO:fitness.free_loss_fidelity: RL4CO free-loss step 80/200: score=7.798439 (avg=7.797117), loss=0.171465 (avg=0.164324), pairs_step=315896, pairs_total=25265608
[2026-03-01 11:19:31,682] INFO:fitness.free_loss_fidelity: RL4CO free-loss step 100/200: score=7.757648 (avg=7.797583), loss=0.200736 (avg=0.169612), pairs_step=315734, pairs_total=31580806
[2026-03-01 11:19:38,328] INFO:fitness.free_loss_fidelity: RL4CO free-loss step 120/200: score=7.774887 (avg=7.798895), loss=0.159662 (avg=0.170144), pairs_step=315799, pairs_total=37895288
[2026-03-01 11:19:44,993] INFO:fitness.free_loss_fidelity: RL4CO free-loss step 140/200: score=7.828294 (avg=7.799761), loss=0.163840 (avg=0.167787), pairs_step=315551, pairs_total=44210814
[2026-03-01 11:19:51,836] INFO:fitness.free_loss_fidelity: RL4CO free-loss step 160/200: score=7.792486 (avg=7.798981), loss=0.162511 (avg=0.167355), pairs_step=315819, pairs_total=50524645
[2026-03-01 11:19:58,460] INFO:fitness.free_loss_fidelity: RL4CO free-loss step 180/200: score=7.779335 (avg=7.797817), loss=0.192121 (avg=0.169513), pairs_step=315645, pairs_total=56837405
[2026-03-01 11:20:05,107] INFO:fitness.free_loss_fidelity: RL4CO free-loss step 200/200: score=7.812129 (avg=7.796569), loss=0.156304 (avg=0.169566), pairs_step=315330, pairs_total=63150879
