[2026-03-01 14:37:32,463] INFO:fitness.free_loss_fidelity: Stage3 offline mini-train start gen=14 pair_index=9 K=200 seed=12345 valid_sizes=[100] baseline_json=baseline/mini_eval/baseline_minitrain_tsp100_K200.json
[2026-03-01 14:37:32,482] INFO:fitness.free_loss_fidelity: RL4CO free-loss (step-mode): f1_steps=200, f2_steps=0, total_steps=200, train_problem_size=100, rollouts=100, batch_size=64, device=cuda:1, env=tsp
[2026-03-01 14:37:32,813] INFO:fitness.free_loss_fidelity: RL4CO free-loss step 1/200: score=36.122910 (avg=36.122910), loss=0.738993 (avg=0.738993), pairs_step=48896, pairs_total=48896
[2026-03-01 14:37:38,982] INFO:fitness.free_loss_fidelity: RL4CO free-loss step 20/200: score=10.022956 (avg=12.776490), loss=0.480035 (avg=0.495721), pairs_step=48896, pairs_total=977920
[2026-03-01 14:37:45,464] INFO:fitness.free_loss_fidelity: RL4CO free-loss step 40/200: score=9.504168 (avg=11.178750), loss=0.497283 (avg=0.497717), pairs_step=48896, pairs_total=1955839
[2026-03-01 14:37:51,980] INFO:fitness.free_loss_fidelity: RL4CO free-loss step 60/200: score=9.301411 (avg=10.559146), loss=0.493823 (avg=0.497783), pairs_step=48896, pairs_total=2933759
[2026-03-01 14:37:58,457] INFO:fitness.free_loss_fidelity: RL4CO free-loss step 80/200: score=9.168961 (avg=10.216789), loss=0.453741 (avg=0.494814), pairs_step=48896, pairs_total=3911679
[2026-03-01 14:38:04,978] INFO:fitness.free_loss_fidelity: RL4CO free-loss step 100/200: score=8.965855 (avg=9.980253), loss=0.485325 (avg=0.491285), pairs_step=48896, pairs_total=4889599
[2026-03-01 14:38:11,461] INFO:fitness.free_loss_fidelity: RL4CO free-loss step 120/200: score=8.880535 (avg=9.811207), loss=0.487483 (avg=0.489119), pairs_step=48896, pairs_total=5867519
[2026-03-01 14:38:17,949] INFO:fitness.free_loss_fidelity: RL4CO free-loss step 140/200: score=8.867365 (avg=9.678460), loss=0.477510 (avg=0.488321), pairs_step=48896, pairs_total=6845439
[2026-03-01 14:38:24,442] INFO:fitness.free_loss_fidelity: RL4CO free-loss step 160/200: score=8.749778 (avg=9.565190), loss=0.480945 (avg=0.488885), pairs_step=48896, pairs_total=7823358
[2026-03-01 14:38:31,145] INFO:fitness.free_loss_fidelity: RL4CO free-loss step 180/200: score=8.651466 (avg=9.466799), loss=0.484676 (avg=0.490222), pairs_step=48896, pairs_total=8801278
[2026-03-01 14:38:37,632] INFO:fitness.free_loss_fidelity: RL4CO free-loss step 200/200: score=8.662202 (avg=9.383804), loss=0.510770 (avg=0.492532), pairs_step=48896, pairs_total=9779198
[2026-03-01 14:38:38,747] WARNING:fitness.free_loss_fidelity: weights_only checkpoint load failed (UnpicklingError); retrying weights_only=False for /data1/gushengda/eam-rl4co/baseline/epoch_135.ckpt
[2026-03-01 14:38:38,785] INFO:fitness.free_loss_fidelity: Loaded init checkpoint into policy: path=/data1/gushengda/eam-rl4co/baseline/epoch_135.ckpt prefix=policy. matched=97 missing=0 unexpected=0
[2026-03-01 14:38:38,791] INFO:fitness.free_loss_fidelity: RL4CO free-loss (step-mode): f1_steps=200, f2_steps=0, total_steps=200, train_problem_size=100, rollouts=100, batch_size=64, device=cuda:1, env=tsp
[2026-03-01 14:38:39,130] INFO:fitness.free_loss_fidelity: RL4CO free-loss step 1/200: score=7.803347 (avg=7.803347), loss=0.631308 (avg=0.631308), pairs_step=48893, pairs_total=48893
[2026-03-01 14:38:45,279] INFO:fitness.free_loss_fidelity: RL4CO free-loss step 20/200: score=7.783829 (avg=7.816185), loss=0.646446 (avg=0.637391), pairs_step=48884, pairs_total=977830
[2026-03-01 14:38:51,759] INFO:fitness.free_loss_fidelity: RL4CO free-loss step 40/200: score=7.833431 (avg=7.812069), loss=0.648350 (avg=0.639201), pairs_step=48894, pairs_total=1955661
[2026-03-01 14:38:58,236] INFO:fitness.free_loss_fidelity: RL4CO free-loss step 60/200: score=7.823771 (avg=7.808728), loss=0.649666 (avg=0.640703), pairs_step=48893, pairs_total=2933509
[2026-03-01 14:39:04,735] INFO:fitness.free_loss_fidelity: RL4CO free-loss step 80/200: score=7.809235 (avg=7.808114), loss=0.641702 (avg=0.641902), pairs_step=48894, pairs_total=3911342
[2026-03-01 14:39:11,223] INFO:fitness.free_loss_fidelity: RL4CO free-loss step 100/200: score=7.768168 (avg=7.809066), loss=0.641500 (avg=0.642282), pairs_step=48894, pairs_total=4889181
[2026-03-01 14:39:17,705] INFO:fitness.free_loss_fidelity: RL4CO free-loss step 120/200: score=7.784344 (avg=7.810909), loss=0.641419 (avg=0.642746), pairs_step=48889, pairs_total=5867018
[2026-03-01 14:39:24,170] INFO:fitness.free_loss_fidelity: RL4CO free-loss step 140/200: score=7.845426 (avg=7.812090), loss=0.645473 (avg=0.642498), pairs_step=48893, pairs_total=6844868
[2026-03-01 14:39:30,662] INFO:fitness.free_loss_fidelity: RL4CO free-loss step 160/200: score=7.810606 (avg=7.812031), loss=0.641008 (avg=0.642586), pairs_step=48895, pairs_total=7822737
[2026-03-01 14:39:37,137] INFO:fitness.free_loss_fidelity: RL4CO free-loss step 180/200: score=7.802273 (avg=7.811076), loss=0.648949 (avg=0.642675), pairs_step=48889, pairs_total=8800585
[2026-03-01 14:39:43,616] INFO:fitness.free_loss_fidelity: RL4CO free-loss step 200/200: score=7.819832 (avg=7.810287), loss=0.646015 (avg=0.643137), pairs_step=48891, pairs_total=9778425
[2026-03-01 14:39:44,734] WARNING:fitness.free_loss_fidelity: weights_only checkpoint load failed (UnpicklingError); retrying weights_only=False for /data1/gushengda/eam-rl4co/baseline/epoch_409.ckpt
[2026-03-01 14:39:44,772] INFO:fitness.free_loss_fidelity: Loaded init checkpoint into policy: path=/data1/gushengda/eam-rl4co/baseline/epoch_409.ckpt prefix=policy. matched=97 missing=0 unexpected=0
[2026-03-01 14:39:44,778] INFO:fitness.free_loss_fidelity: RL4CO free-loss (step-mode): f1_steps=200, f2_steps=0, total_steps=200, train_problem_size=100, rollouts=100, batch_size=64, device=cuda:1, env=tsp
[2026-03-01 14:39:45,116] INFO:fitness.free_loss_fidelity: RL4CO free-loss step 1/200: score=7.807477 (avg=7.807477), loss=0.013622 (avg=0.013622), pairs_step=48896, pairs_total=48896
[2026-03-01 14:39:51,268] INFO:fitness.free_loss_fidelity: RL4CO free-loss step 20/200: score=7.821143 (avg=7.828908), loss=0.326738 (avg=0.172156), pairs_step=48896, pairs_total=977920
[2026-03-01 14:39:57,755] INFO:fitness.free_loss_fidelity: RL4CO free-loss step 40/200: score=7.832695 (avg=7.825432), loss=0.437532 (avg=0.281858), pairs_step=48896, pairs_total=1955840
[2026-03-01 14:40:04,246] INFO:fitness.free_loss_fidelity: RL4CO free-loss step 60/200: score=7.826634 (avg=7.820349), loss=0.508263 (avg=0.346224), pairs_step=48895, pairs_total=2933759
[2026-03-01 14:40:10,740] INFO:fitness.free_loss_fidelity: RL4CO free-loss step 80/200: score=7.806723 (avg=7.816906), loss=0.542691 (avg=0.390697), pairs_step=48896, pairs_total=3911678
[2026-03-01 14:40:17,232] INFO:fitness.free_loss_fidelity: RL4CO free-loss step 100/200: score=7.773890 (avg=7.816769), loss=0.564825 (avg=0.423466), pairs_step=48896, pairs_total=4889597
[2026-03-01 14:40:23,739] INFO:fitness.free_loss_fidelity: RL4CO free-loss step 120/200: score=7.781651 (avg=7.817759), loss=0.582589 (avg=0.450147), pairs_step=48896, pairs_total=5867516
[2026-03-01 14:40:30,218] INFO:fitness.free_loss_fidelity: RL4CO free-loss step 140/200: score=7.834740 (avg=7.817926), loss=0.585142 (avg=0.469288), pairs_step=48896, pairs_total=6845432
[2026-03-01 14:40:36,730] INFO:fitness.free_loss_fidelity: RL4CO free-loss step 160/200: score=7.812622 (avg=7.817036), loss=0.605528 (avg=0.485566), pairs_step=48896, pairs_total=7823341
[2026-03-01 14:40:43,215] INFO:fitness.free_loss_fidelity: RL4CO free-loss step 180/200: score=7.805369 (avg=7.815641), loss=0.595388 (avg=0.498355), pairs_step=48895, pairs_total=8801253
[2026-03-01 14:40:49,698] INFO:fitness.free_loss_fidelity: RL4CO free-loss step 200/200: score=7.824829 (avg=7.814045), loss=0.602350 (avg=0.508839), pairs_step=48896, pairs_total=9779167
