[2026-03-01 16:44:12,493] INFO:fitness.free_loss_fidelity: Stage3 offline mini-train start gen=17 pair_index=11 K=200 seed=12345 valid_sizes=[100] baseline_json=baseline/mini_eval/baseline_minitrain_tsp100_K200.json
[2026-03-01 16:44:12,515] INFO:fitness.free_loss_fidelity: RL4CO free-loss (step-mode): f1_steps=200, f2_steps=0, total_steps=200, train_problem_size=100, rollouts=100, batch_size=64, device=cuda:1, env=tsp
[2026-03-01 16:44:12,884] INFO:fitness.free_loss_fidelity: RL4CO free-loss step 1/200: score=36.122910 (avg=36.122910), loss=0.657467 (avg=0.657467), pairs_step=128, pairs_total=128
[2026-03-01 16:44:19,575] INFO:fitness.free_loss_fidelity: RL4CO free-loss step 20/200: score=10.322966 (avg=12.991728), loss=0.358059 (avg=0.343603), pairs_step=128, pairs_total=2560
[2026-03-01 16:44:26,624] INFO:fitness.free_loss_fidelity: RL4CO free-loss step 40/200: score=9.534492 (avg=11.377823), loss=0.358462 (avg=0.344507), pairs_step=128, pairs_total=5120
[2026-03-01 16:44:33,689] INFO:fitness.free_loss_fidelity: RL4CO free-loss step 60/200: score=9.422669 (avg=10.730005), loss=0.316573 (avg=0.345451), pairs_step=128, pairs_total=7680
[2026-03-01 16:44:40,743] INFO:fitness.free_loss_fidelity: RL4CO free-loss step 80/200: score=9.230405 (avg=10.368901), loss=0.286009 (avg=0.342483), pairs_step=128, pairs_total=10240
[2026-03-01 16:44:47,788] INFO:fitness.free_loss_fidelity: RL4CO free-loss step 100/200: score=9.048029 (avg=10.130685), loss=0.335450 (avg=0.341619), pairs_step=128, pairs_total=12800
[2026-03-01 16:44:54,843] INFO:fitness.free_loss_fidelity: RL4CO free-loss step 120/200: score=9.079311 (avg=9.959522), loss=0.313709 (avg=0.339673), pairs_step=128, pairs_total=15360
[2026-03-01 16:45:01,914] INFO:fitness.free_loss_fidelity: RL4CO free-loss step 140/200: score=9.024549 (avg=9.826643), loss=0.343899 (avg=0.339681), pairs_step=128, pairs_total=17920
[2026-03-01 16:45:08,974] INFO:fitness.free_loss_fidelity: RL4CO free-loss step 160/200: score=8.905069 (avg=9.718772), loss=0.326996 (avg=0.341434), pairs_step=128, pairs_total=20480
[2026-03-01 16:45:16,230] INFO:fitness.free_loss_fidelity: RL4CO free-loss step 180/200: score=8.816000 (avg=9.623515), loss=0.359330 (avg=0.343593), pairs_step=128, pairs_total=23040
[2026-03-01 16:45:23,288] INFO:fitness.free_loss_fidelity: RL4CO free-loss step 200/200: score=8.779709 (avg=9.537458), loss=0.331897 (avg=0.345344), pairs_step=128, pairs_total=25600
[2026-03-01 16:45:24,579] WARNING:fitness.free_loss_fidelity: weights_only checkpoint load failed (UnpicklingError); retrying weights_only=False for /data1/gushengda/eam-rl4co/baseline/epoch_135.ckpt
[2026-03-01 16:45:24,624] INFO:fitness.free_loss_fidelity: Loaded init checkpoint into policy: path=/data1/gushengda/eam-rl4co/baseline/epoch_135.ckpt prefix=policy. matched=97 missing=0 unexpected=0
[2026-03-01 16:45:24,629] INFO:fitness.free_loss_fidelity: RL4CO free-loss (step-mode): f1_steps=200, f2_steps=0, total_steps=200, train_problem_size=100, rollouts=100, batch_size=64, device=cuda:1, env=tsp
[2026-03-01 16:45:24,994] INFO:fitness.free_loss_fidelity: RL4CO free-loss step 1/200: score=7.803347 (avg=7.803347), loss=0.552144 (avg=0.552144), pairs_step=128, pairs_total=128
[2026-03-01 16:45:31,705] INFO:fitness.free_loss_fidelity: RL4CO free-loss step 20/200: score=7.794072 (avg=7.817845), loss=0.590980 (avg=0.574639), pairs_step=128, pairs_total=2560
[2026-03-01 16:45:38,756] INFO:fitness.free_loss_fidelity: RL4CO free-loss step 40/200: score=7.834306 (avg=7.815006), loss=0.571587 (avg=0.578040), pairs_step=128, pairs_total=5120
[2026-03-01 16:45:45,823] INFO:fitness.free_loss_fidelity: RL4CO free-loss step 60/200: score=7.826825 (avg=7.813226), loss=0.612790 (avg=0.582315), pairs_step=128, pairs_total=7680
[2026-03-01 16:45:52,866] INFO:fitness.free_loss_fidelity: RL4CO free-loss step 80/200: score=7.805463 (avg=7.812026), loss=0.600505 (avg=0.585244), pairs_step=128, pairs_total=10240
[2026-03-01 16:45:59,931] INFO:fitness.free_loss_fidelity: RL4CO free-loss step 100/200: score=7.771020 (avg=7.812137), loss=0.571114 (avg=0.587435), pairs_step=128, pairs_total=12800
[2026-03-01 16:46:06,983] INFO:fitness.free_loss_fidelity: RL4CO free-loss step 120/200: score=7.793190 (avg=7.813939), loss=0.569611 (avg=0.589082), pairs_step=128, pairs_total=15360
[2026-03-01 16:46:14,034] INFO:fitness.free_loss_fidelity: RL4CO free-loss step 140/200: score=7.851088 (avg=7.815503), loss=0.618796 (avg=0.591013), pairs_step=128, pairs_total=17920
[2026-03-01 16:46:21,100] INFO:fitness.free_loss_fidelity: RL4CO free-loss step 160/200: score=7.812490 (avg=7.815531), loss=0.621045 (avg=0.592798), pairs_step=128, pairs_total=20480
[2026-03-01 16:46:28,154] INFO:fitness.free_loss_fidelity: RL4CO free-loss step 180/200: score=7.800786 (avg=7.814508), loss=0.603719 (avg=0.594498), pairs_step=128, pairs_total=23040
[2026-03-01 16:46:35,205] INFO:fitness.free_loss_fidelity: RL4CO free-loss step 200/200: score=7.827395 (avg=7.813423), loss=0.631889 (avg=0.596757), pairs_step=128, pairs_total=25600
[2026-03-01 16:46:36,499] WARNING:fitness.free_loss_fidelity: weights_only checkpoint load failed (UnpicklingError); retrying weights_only=False for /data1/gushengda/eam-rl4co/baseline/epoch_409.ckpt
[2026-03-01 16:46:36,540] INFO:fitness.free_loss_fidelity: Loaded init checkpoint into policy: path=/data1/gushengda/eam-rl4co/baseline/epoch_409.ckpt prefix=policy. matched=97 missing=0 unexpected=0
[2026-03-01 16:46:36,546] INFO:fitness.free_loss_fidelity: RL4CO free-loss (step-mode): f1_steps=200, f2_steps=0, total_steps=200, train_problem_size=100, rollouts=100, batch_size=64, device=cuda:1, env=tsp
[2026-03-01 16:46:36,903] INFO:fitness.free_loss_fidelity: RL4CO free-loss step 1/200: score=7.807477 (avg=7.807477), loss=0.000083 (avg=0.000083), pairs_step=128, pairs_total=128
[2026-03-01 16:46:43,607] INFO:fitness.free_loss_fidelity: RL4CO free-loss step 20/200: score=7.787808 (avg=7.810044), loss=0.160311 (avg=0.059455), pairs_step=128, pairs_total=2560
[2026-03-01 16:46:50,657] INFO:fitness.free_loss_fidelity: RL4CO free-loss step 40/200: score=7.832271 (avg=7.808102), loss=0.245429 (avg=0.132105), pairs_step=128, pairs_total=5120
[2026-03-01 16:46:57,705] INFO:fitness.free_loss_fidelity: RL4CO free-loss step 60/200: score=7.824502 (avg=7.807829), loss=0.294721 (avg=0.179620), pairs_step=128, pairs_total=7680
[2026-03-01 16:47:04,767] INFO:fitness.free_loss_fidelity: RL4CO free-loss step 80/200: score=7.808522 (avg=7.806418), loss=0.309538 (avg=0.211480), pairs_step=128, pairs_total=10240
[2026-03-01 16:47:11,831] INFO:fitness.free_loss_fidelity: RL4CO free-loss step 100/200: score=7.757899 (avg=7.807326), loss=0.339901 (avg=0.237912), pairs_step=128, pairs_total=12800
[2026-03-01 16:47:18,879] INFO:fitness.free_loss_fidelity: RL4CO free-loss step 120/200: score=7.783947 (avg=7.808827), loss=0.347707 (avg=0.258477), pairs_step=128, pairs_total=15360
[2026-03-01 16:47:25,932] INFO:fitness.free_loss_fidelity: RL4CO free-loss step 140/200: score=7.829316 (avg=7.809672), loss=0.421080 (avg=0.278672), pairs_step=128, pairs_total=17920
[2026-03-01 16:47:32,992] INFO:fitness.free_loss_fidelity: RL4CO free-loss step 160/200: score=7.806693 (avg=7.809118), loss=0.416723 (avg=0.294772), pairs_step=128, pairs_total=20480
[2026-03-01 16:47:40,053] INFO:fitness.free_loss_fidelity: RL4CO free-loss step 180/200: score=7.795098 (avg=7.808233), loss=0.442260 (avg=0.310535), pairs_step=128, pairs_total=23040
[2026-03-01 16:47:47,106] INFO:fitness.free_loss_fidelity: RL4CO free-loss step 200/200: score=7.820428 (avg=7.806852), loss=0.447004 (avg=0.325266), pairs_step=128, pairs_total=25600
