[2026-03-01 10:24:50,383] INFO:fitness.free_loss_fidelity: Stage3 offline mini-train start gen=5 pair_index=10 K=200 seed=12345 valid_sizes=[100] baseline_json=baseline/mini_eval/baseline_minitrain_tsp100_K200.json
[2026-03-01 10:24:50,403] INFO:fitness.free_loss_fidelity: RL4CO free-loss (step-mode): f1_steps=200, f2_steps=0, total_steps=200, train_problem_size=100, rollouts=100, batch_size=64, device=cuda:1, env=tsp
[2026-03-01 10:24:50,737] INFO:fitness.free_loss_fidelity: RL4CO free-loss step 1/200: score=36.122910 (avg=36.122910), loss=0.792580 (avg=0.792580), pairs_step=316800, pairs_total=316800
[2026-03-01 10:24:56,964] INFO:fitness.free_loss_fidelity: RL4CO free-loss step 20/200: score=10.051958 (avg=12.694434), loss=0.563735 (avg=0.586210), pairs_step=316800, pairs_total=6335995
[2026-03-01 10:25:03,534] INFO:fitness.free_loss_fidelity: RL4CO free-loss step 40/200: score=9.420605 (avg=11.146868), loss=0.576104 (avg=0.587298), pairs_step=316799, pairs_total=12671989
[2026-03-01 10:25:10,132] INFO:fitness.free_loss_fidelity: RL4CO free-loss step 60/200: score=9.152971 (avg=10.516684), loss=0.576246 (avg=0.583472), pairs_step=316799, pairs_total=19007982
[2026-03-01 10:25:16,702] INFO:fitness.free_loss_fidelity: RL4CO free-loss step 80/200: score=8.973080 (avg=10.151658), loss=0.566400 (avg=0.579569), pairs_step=316800, pairs_total=25343975
[2026-03-01 10:25:23,272] INFO:fitness.free_loss_fidelity: RL4CO free-loss step 100/200: score=8.818340 (avg=9.905526), loss=0.566118 (avg=0.576966), pairs_step=316799, pairs_total=31679973
[2026-03-01 10:25:29,819] INFO:fitness.free_loss_fidelity: RL4CO free-loss step 120/200: score=8.746344 (avg=9.728340), loss=0.561733 (avg=0.575035), pairs_step=316799, pairs_total=38015970
[2026-03-01 10:25:36,382] INFO:fitness.free_loss_fidelity: RL4CO free-loss step 140/200: score=8.798500 (avg=9.589987), loss=0.569217 (avg=0.574332), pairs_step=316800, pairs_total=44351966
[2026-03-01 10:25:42,939] INFO:fitness.free_loss_fidelity: RL4CO free-loss step 160/200: score=8.652428 (avg=9.475883), loss=0.582922 (avg=0.574437), pairs_step=316799, pairs_total=50687963
[2026-03-01 10:25:49,501] INFO:fitness.free_loss_fidelity: RL4CO free-loss step 180/200: score=8.549130 (avg=9.377621), loss=0.596622 (avg=0.575211), pairs_step=316800, pairs_total=57023958
[2026-03-01 10:25:56,048] INFO:fitness.free_loss_fidelity: RL4CO free-loss step 200/200: score=8.561526 (avg=9.292304), loss=0.583707 (avg=0.576233), pairs_step=316800, pairs_total=63359946
[2026-03-01 10:25:57,166] WARNING:fitness.free_loss_fidelity: weights_only checkpoint load failed (UnpicklingError); retrying weights_only=False for /data1/gushengda/eam-rl4co/baseline/epoch_135.ckpt
[2026-03-01 10:25:57,203] INFO:fitness.free_loss_fidelity: Loaded init checkpoint into policy: path=/data1/gushengda/eam-rl4co/baseline/epoch_135.ckpt prefix=policy. matched=97 missing=0 unexpected=0
[2026-03-01 10:25:57,208] INFO:fitness.free_loss_fidelity: RL4CO free-loss (step-mode): f1_steps=200, f2_steps=0, total_steps=200, train_problem_size=100, rollouts=100, batch_size=64, device=cuda:1, env=tsp
[2026-03-01 10:25:57,606] INFO:fitness.free_loss_fidelity: RL4CO free-loss step 1/200: score=7.803347 (avg=7.803347), loss=0.698336 (avg=0.698336), pairs_step=315697, pairs_total=315697
[2026-03-01 10:26:03,829] INFO:fitness.free_loss_fidelity: RL4CO free-loss step 20/200: score=7.779898 (avg=7.808953), loss=0.700938 (avg=0.697944), pairs_step=315845, pairs_total=6316171
[2026-03-01 10:26:10,477] INFO:fitness.free_loss_fidelity: RL4CO free-loss step 40/200: score=7.817343 (avg=7.803427), loss=0.705607 (avg=0.698646), pairs_step=315763, pairs_total=12630276
[2026-03-01 10:26:17,040] INFO:fitness.free_loss_fidelity: RL4CO free-loss step 60/200: score=7.818889 (avg=7.800221), loss=0.706134 (avg=0.699600), pairs_step=315735, pairs_total=18945120
[2026-03-01 10:26:23,606] INFO:fitness.free_loss_fidelity: RL4CO free-loss step 80/200: score=7.796746 (avg=7.798759), loss=0.699584 (avg=0.699782), pairs_step=315667, pairs_total=25260839
[2026-03-01 10:26:30,176] INFO:fitness.free_loss_fidelity: RL4CO free-loss step 100/200: score=7.757446 (avg=7.799579), loss=0.698280 (avg=0.699717), pairs_step=315721, pairs_total=31575300
[2026-03-01 10:26:36,721] INFO:fitness.free_loss_fidelity: RL4CO free-loss step 120/200: score=7.777608 (avg=7.800902), loss=0.699462 (avg=0.699853), pairs_step=315259, pairs_total=37888225
[2026-03-01 10:26:43,300] INFO:fitness.free_loss_fidelity: RL4CO free-loss step 140/200: score=7.823963 (avg=7.801856), loss=0.701761 (avg=0.700037), pairs_step=315141, pairs_total=44199118
[2026-03-01 10:26:49,859] INFO:fitness.free_loss_fidelity: RL4CO free-loss step 160/200: score=7.794902 (avg=7.801128), loss=0.704546 (avg=0.700183), pairs_step=315434, pairs_total=50511160
[2026-03-01 10:26:56,419] INFO:fitness.free_loss_fidelity: RL4CO free-loss step 180/200: score=7.783753 (avg=7.799921), loss=0.702832 (avg=0.700331), pairs_step=315133, pairs_total=56821099
[2026-03-01 10:27:02,970] INFO:fitness.free_loss_fidelity: RL4CO free-loss step 200/200: score=7.808425 (avg=7.798844), loss=0.699072 (avg=0.700496), pairs_step=315563, pairs_total=63132245
[2026-03-01 10:27:04,093] WARNING:fitness.free_loss_fidelity: weights_only checkpoint load failed (UnpicklingError); retrying weights_only=False for /data1/gushengda/eam-rl4co/baseline/epoch_409.ckpt
[2026-03-01 10:27:04,130] INFO:fitness.free_loss_fidelity: Loaded init checkpoint into policy: path=/data1/gushengda/eam-rl4co/baseline/epoch_409.ckpt prefix=policy. matched=97 missing=0 unexpected=0
[2026-03-01 10:27:04,135] INFO:fitness.free_loss_fidelity: RL4CO free-loss (step-mode): f1_steps=200, f2_steps=0, total_steps=200, train_problem_size=100, rollouts=100, batch_size=64, device=cuda:1, env=tsp
[2026-03-01 10:27:04,478] INFO:fitness.free_loss_fidelity: RL4CO free-loss step 1/200: score=7.807477 (avg=7.807477), loss=0.104614 (avg=0.104614), pairs_step=315750, pairs_total=315750
[2026-03-01 10:27:10,886] INFO:fitness.free_loss_fidelity: RL4CO free-loss step 20/200: score=7.781117 (avg=7.807166), loss=0.092832 (avg=0.094961), pairs_step=315920, pairs_total=6319797
[2026-03-01 10:27:17,436] INFO:fitness.free_loss_fidelity: RL4CO free-loss step 40/200: score=7.823023 (avg=7.802028), loss=0.094085 (avg=0.095599), pairs_step=316136, pairs_total=12636706
[2026-03-01 10:27:24,017] INFO:fitness.free_loss_fidelity: RL4CO free-loss step 60/200: score=7.810728 (avg=7.798943), loss=0.093942 (avg=0.094946), pairs_step=315621, pairs_total=18952389
[2026-03-01 10:27:30,579] INFO:fitness.free_loss_fidelity: RL4CO free-loss step 80/200: score=7.797812 (avg=7.797448), loss=0.095552 (avg=0.094576), pairs_step=315711, pairs_total=25268675
[2026-03-01 10:27:37,127] INFO:fitness.free_loss_fidelity: RL4CO free-loss step 100/200: score=7.752735 (avg=7.797912), loss=0.096210 (avg=0.094595), pairs_step=315948, pairs_total=31586388
[2026-03-01 10:27:43,705] INFO:fitness.free_loss_fidelity: RL4CO free-loss step 120/200: score=7.774557 (avg=7.799426), loss=0.087351 (avg=0.094299), pairs_step=315810, pairs_total=37901462
[2026-03-01 10:27:50,259] INFO:fitness.free_loss_fidelity: RL4CO free-loss step 140/200: score=7.825325 (avg=7.800468), loss=0.081082 (avg=0.092892), pairs_step=315511, pairs_total=44216238
[2026-03-01 10:27:56,815] INFO:fitness.free_loss_fidelity: RL4CO free-loss step 160/200: score=7.791705 (avg=7.799415), loss=0.085439 (avg=0.091554), pairs_step=315618, pairs_total=50532693
[2026-03-01 10:28:03,390] INFO:fitness.free_loss_fidelity: RL4CO free-loss step 180/200: score=7.782747 (avg=7.798139), loss=0.093577 (avg=0.091262), pairs_step=315608, pairs_total=56848012
[2026-03-01 10:28:10,040] INFO:fitness.free_loss_fidelity: RL4CO free-loss step 200/200: score=7.813902 (avg=7.796992), loss=0.086534 (avg=0.091469), pairs_step=315382, pairs_total=63161134
