[2026-03-01 10:08:11,910] INFO:fitness.free_loss_fidelity: Stage3 offline mini-train start gen=4 pair_index=15 K=200 seed=12345 valid_sizes=[100] baseline_json=baseline/mini_eval/baseline_minitrain_tsp100_K200.json
[2026-03-01 10:08:11,931] INFO:fitness.free_loss_fidelity: RL4CO free-loss (step-mode): f1_steps=200, f2_steps=0, total_steps=200, train_problem_size=100, rollouts=100, batch_size=64, device=cuda:2, env=tsp
[2026-03-01 10:08:12,251] INFO:fitness.free_loss_fidelity: RL4CO free-loss step 1/200: score=36.122910 (avg=36.122910), loss=0.743757 (avg=0.743757), pairs_step=316800, pairs_total=316800
[2026-03-01 10:08:18,190] INFO:fitness.free_loss_fidelity: RL4CO free-loss step 20/200: score=9.958416 (avg=12.685033), loss=0.576803 (avg=0.596068), pairs_step=316800, pairs_total=6335997
[2026-03-01 10:08:24,451] INFO:fitness.free_loss_fidelity: RL4CO free-loss step 40/200: score=9.328604 (avg=11.096541), loss=0.592745 (avg=0.593347), pairs_step=316800, pairs_total=12671987
[2026-03-01 10:08:30,713] INFO:fitness.free_loss_fidelity: RL4CO free-loss step 60/200: score=9.153899 (avg=10.465227), loss=0.575471 (avg=0.589963), pairs_step=316799, pairs_total=19007981
[2026-03-01 10:08:37,167] INFO:fitness.free_loss_fidelity: RL4CO free-loss step 80/200: score=8.951236 (avg=10.101202), loss=0.577284 (avg=0.586518), pairs_step=316800, pairs_total=25343978
[2026-03-01 10:08:43,422] INFO:fitness.free_loss_fidelity: RL4CO free-loss step 100/200: score=8.866652 (avg=9.865861), loss=0.580503 (avg=0.583950), pairs_step=316800, pairs_total=31679973
[2026-03-01 10:08:49,684] INFO:fitness.free_loss_fidelity: RL4CO free-loss step 120/200: score=8.804774 (avg=9.697386), loss=0.566194 (avg=0.582581), pairs_step=316800, pairs_total=38015969
[2026-03-01 10:08:55,954] INFO:fitness.free_loss_fidelity: RL4CO free-loss step 140/200: score=8.711347 (avg=9.562268), loss=0.583974 (avg=0.582202), pairs_step=316800, pairs_total=44351969
[2026-03-01 10:09:02,212] INFO:fitness.free_loss_fidelity: RL4CO free-loss step 160/200: score=8.652221 (avg=9.448582), loss=0.585415 (avg=0.582770), pairs_step=316799, pairs_total=50687965
[2026-03-01 10:09:08,475] INFO:fitness.free_loss_fidelity: RL4CO free-loss step 180/200: score=8.553628 (avg=9.351530), loss=0.590556 (avg=0.583511), pairs_step=316800, pairs_total=57023961
[2026-03-01 10:09:14,745] INFO:fitness.free_loss_fidelity: RL4CO free-loss step 200/200: score=8.526815 (avg=9.269744), loss=0.594105 (avg=0.584446), pairs_step=316798, pairs_total=63359954
[2026-03-01 10:09:15,858] WARNING:fitness.free_loss_fidelity: weights_only checkpoint load failed (UnpicklingError); retrying weights_only=False for /data1/gushengda/eam-rl4co/baseline/epoch_135.ckpt
[2026-03-01 10:09:15,896] INFO:fitness.free_loss_fidelity: Loaded init checkpoint into policy: path=/data1/gushengda/eam-rl4co/baseline/epoch_135.ckpt prefix=policy. matched=97 missing=0 unexpected=0
[2026-03-01 10:09:15,902] INFO:fitness.free_loss_fidelity: RL4CO free-loss (step-mode): f1_steps=200, f2_steps=0, total_steps=200, train_problem_size=100, rollouts=100, batch_size=64, device=cuda:2, env=tsp
[2026-03-01 10:09:16,236] INFO:fitness.free_loss_fidelity: RL4CO free-loss step 1/200: score=7.803347 (avg=7.803347), loss=0.672051 (avg=0.672051), pairs_step=315697, pairs_total=315697
[2026-03-01 10:09:22,177] INFO:fitness.free_loss_fidelity: RL4CO free-loss step 20/200: score=7.778433 (avg=7.809922), loss=0.670068 (avg=0.671729), pairs_step=315662, pairs_total=6316332
[2026-03-01 10:09:28,438] INFO:fitness.free_loss_fidelity: RL4CO free-loss step 40/200: score=7.814609 (avg=7.803149), loss=0.675905 (avg=0.672206), pairs_step=315804, pairs_total=12631158
[2026-03-01 10:09:34,698] INFO:fitness.free_loss_fidelity: RL4CO free-loss step 60/200: score=7.818927 (avg=7.799484), loss=0.676516 (avg=0.672441), pairs_step=315715, pairs_total=18944812
[2026-03-01 10:09:40,960] INFO:fitness.free_loss_fidelity: RL4CO free-loss step 80/200: score=7.796655 (avg=7.798503), loss=0.672790 (avg=0.672421), pairs_step=315762, pairs_total=25259985
[2026-03-01 10:09:47,220] INFO:fitness.free_loss_fidelity: RL4CO free-loss step 100/200: score=7.760204 (avg=7.799182), loss=0.674145 (avg=0.672633), pairs_step=315614, pairs_total=31575340
[2026-03-01 10:09:53,483] INFO:fitness.free_loss_fidelity: RL4CO free-loss step 120/200: score=7.780465 (avg=7.800727), loss=0.672816 (avg=0.672672), pairs_step=315605, pairs_total=37888379
[2026-03-01 10:09:59,749] INFO:fitness.free_loss_fidelity: RL4CO free-loss step 140/200: score=7.829362 (avg=7.801759), loss=0.676193 (avg=0.672827), pairs_step=315726, pairs_total=44201408
[2026-03-01 10:10:05,967] INFO:fitness.free_loss_fidelity: RL4CO free-loss step 160/200: score=7.792528 (avg=7.800936), loss=0.672833 (avg=0.672887), pairs_step=315390, pairs_total=50512879
[2026-03-01 10:10:12,198] INFO:fitness.free_loss_fidelity: RL4CO free-loss step 180/200: score=7.781677 (avg=7.799634), loss=0.675642 (avg=0.672890), pairs_step=315342, pairs_total=56824943
[2026-03-01 10:10:18,421] INFO:fitness.free_loss_fidelity: RL4CO free-loss step 200/200: score=7.809710 (avg=7.798609), loss=0.669493 (avg=0.672905), pairs_step=315480, pairs_total=63135556
[2026-03-01 10:10:19,526] WARNING:fitness.free_loss_fidelity: weights_only checkpoint load failed (UnpicklingError); retrying weights_only=False for /data1/gushengda/eam-rl4co/baseline/epoch_409.ckpt
[2026-03-01 10:10:19,560] INFO:fitness.free_loss_fidelity: Loaded init checkpoint into policy: path=/data1/gushengda/eam-rl4co/baseline/epoch_409.ckpt prefix=policy. matched=97 missing=0 unexpected=0
[2026-03-01 10:10:19,566] INFO:fitness.free_loss_fidelity: RL4CO free-loss (step-mode): f1_steps=200, f2_steps=0, total_steps=200, train_problem_size=100, rollouts=100, batch_size=64, device=cuda:2, env=tsp
[2026-03-01 10:10:19,889] INFO:fitness.free_loss_fidelity: RL4CO free-loss step 1/200: score=7.807477 (avg=7.807477), loss=0.196453 (avg=0.196453), pairs_step=315750, pairs_total=315750
[2026-03-01 10:10:25,805] INFO:fitness.free_loss_fidelity: RL4CO free-loss step 20/200: score=7.788836 (avg=7.810367), loss=0.198227 (avg=0.196827), pairs_step=316129, pairs_total=6318720
[2026-03-01 10:10:32,105] INFO:fitness.free_loss_fidelity: RL4CO free-loss step 40/200: score=7.810144 (avg=7.803479), loss=0.187522 (avg=0.195425), pairs_step=315870, pairs_total=12637081
[2026-03-01 10:10:38,276] INFO:fitness.free_loss_fidelity: RL4CO free-loss step 60/200: score=7.809786 (avg=7.799342), loss=0.190043 (avg=0.192670), pairs_step=315697, pairs_total=18952939
[2026-03-01 10:10:44,488] INFO:fitness.free_loss_fidelity: RL4CO free-loss step 80/200: score=7.796728 (avg=7.797529), loss=0.205931 (avg=0.194323), pairs_step=315707, pairs_total=25269756
[2026-03-01 10:10:50,673] INFO:fitness.free_loss_fidelity: RL4CO free-loss step 100/200: score=7.756000 (avg=7.798078), loss=0.217242 (avg=0.197667), pairs_step=315741, pairs_total=31587205
[2026-03-01 10:10:56,862] INFO:fitness.free_loss_fidelity: RL4CO free-loss step 120/200: score=7.768980 (avg=7.799334), loss=0.188729 (avg=0.198195), pairs_step=315640, pairs_total=37901398
[2026-03-01 10:11:03,040] INFO:fitness.free_loss_fidelity: RL4CO free-loss step 140/200: score=7.824557 (avg=7.799998), loss=0.193258 (avg=0.196594), pairs_step=315633, pairs_total=44214860
[2026-03-01 10:11:09,406] INFO:fitness.free_loss_fidelity: RL4CO free-loss step 160/200: score=7.798656 (avg=7.799271), loss=0.199122 (avg=0.195702), pairs_step=315672, pairs_total=50529296
[2026-03-01 10:11:15,599] INFO:fitness.free_loss_fidelity: RL4CO free-loss step 180/200: score=7.782354 (avg=7.797918), loss=0.206084 (avg=0.196487), pairs_step=315202, pairs_total=56843182
[2026-03-01 10:11:21,785] INFO:fitness.free_loss_fidelity: RL4CO free-loss step 200/200: score=7.814175 (avg=7.796782), loss=0.190761 (avg=0.197008), pairs_step=315515, pairs_total=63155449
