[2026-03-01 18:17:25,485] INFO:fitness.free_loss_fidelity: Stage3 offline mini-train start gen=19 pair_index=12 K=200 seed=12345 valid_sizes=[100] baseline_json=baseline/mini_eval/baseline_minitrain_tsp100_K200.json
[2026-03-01 18:17:25,507] INFO:fitness.free_loss_fidelity: RL4CO free-loss (step-mode): f1_steps=200, f2_steps=0, total_steps=200, train_problem_size=100, rollouts=100, batch_size=64, device=cuda:2, env=tsp
[2026-03-01 18:17:25,844] INFO:fitness.free_loss_fidelity: RL4CO free-loss step 1/200: score=36.122910 (avg=36.122910), loss=0.748179 (avg=0.748179), pairs_step=159213, pairs_total=159213
[2026-03-01 18:17:31,893] INFO:fitness.free_loss_fidelity: RL4CO free-loss step 20/200: score=9.895906 (avg=12.650525), loss=0.554578 (avg=0.561878), pairs_step=159538, pairs_total=3173490
[2026-03-01 18:17:38,619] INFO:fitness.free_loss_fidelity: RL4CO free-loss step 40/200: score=9.339849 (avg=11.068058), loss=0.561623 (avg=0.561980), pairs_step=158515, pairs_total=6338974
[2026-03-01 18:17:45,098] INFO:fitness.free_loss_fidelity: RL4CO free-loss step 60/200: score=9.136539 (avg=10.450447), loss=0.559205 (avg=0.560396), pairs_step=156607, pairs_total=9511144
[2026-03-01 18:17:51,529] INFO:fitness.free_loss_fidelity: RL4CO free-loss step 80/200: score=8.984383 (avg=10.095813), loss=0.547537 (avg=0.557537), pairs_step=158729, pairs_total=12682394
[2026-03-01 18:17:57,904] INFO:fitness.free_loss_fidelity: RL4CO free-loss step 100/200: score=8.823891 (avg=9.863144), loss=0.546003 (avg=0.555199), pairs_step=158244, pairs_total=15850908
[2026-03-01 18:18:04,267] INFO:fitness.free_loss_fidelity: RL4CO free-loss step 120/200: score=8.712921 (avg=9.691021), loss=0.547721 (avg=0.554067), pairs_step=158712, pairs_total=19020199
[2026-03-01 18:18:10,658] INFO:fitness.free_loss_fidelity: RL4CO free-loss step 140/200: score=8.723147 (avg=9.554381), loss=0.554974 (avg=0.553841), pairs_step=157459, pairs_total=22199124
[2026-03-01 18:18:17,011] INFO:fitness.free_loss_fidelity: RL4CO free-loss step 160/200: score=8.617432 (avg=9.442084), loss=0.561956 (avg=0.554568), pairs_step=158175, pairs_total=25368535
[2026-03-01 18:18:23,367] INFO:fitness.free_loss_fidelity: RL4CO free-loss step 180/200: score=8.548128 (avg=9.346532), loss=0.569942 (avg=0.555987), pairs_step=157345, pairs_total=28530244
[2026-03-01 18:18:29,708] INFO:fitness.free_loss_fidelity: RL4CO free-loss step 200/200: score=8.511716 (avg=9.265017), loss=0.572989 (avg=0.557386), pairs_step=157189, pairs_total=31686723
[2026-03-01 18:18:30,830] WARNING:fitness.free_loss_fidelity: weights_only checkpoint load failed (UnpicklingError); retrying weights_only=False for /data1/gushengda/eam-rl4co/baseline/epoch_135.ckpt
[2026-03-01 18:18:30,868] INFO:fitness.free_loss_fidelity: Loaded init checkpoint into policy: path=/data1/gushengda/eam-rl4co/baseline/epoch_135.ckpt prefix=policy. matched=97 missing=0 unexpected=0
[2026-03-01 18:18:30,874] INFO:fitness.free_loss_fidelity: RL4CO free-loss (step-mode): f1_steps=200, f2_steps=0, total_steps=200, train_problem_size=100, rollouts=100, batch_size=64, device=cuda:2, env=tsp
[2026-03-01 18:18:31,202] INFO:fitness.free_loss_fidelity: RL4CO free-loss step 1/200: score=7.803347 (avg=7.803347), loss=0.663759 (avg=0.663759), pairs_step=157875, pairs_total=157875
[2026-03-01 18:18:37,197] INFO:fitness.free_loss_fidelity: RL4CO free-loss step 20/200: score=7.780258 (avg=7.809095), loss=0.661523 (avg=0.663279), pairs_step=158593, pairs_total=3160401
[2026-03-01 18:18:43,749] INFO:fitness.free_loss_fidelity: RL4CO free-loss step 40/200: score=7.816889 (avg=7.804076), loss=0.666776 (avg=0.663852), pairs_step=156372, pairs_total=6317799
[2026-03-01 18:18:50,101] INFO:fitness.free_loss_fidelity: RL4CO free-loss step 60/200: score=7.815384 (avg=7.800971), loss=0.664926 (avg=0.663825), pairs_step=161157, pairs_total=9471850
[2026-03-01 18:18:56,531] INFO:fitness.free_loss_fidelity: RL4CO free-loss step 80/200: score=7.797581 (avg=7.799303), loss=0.665885 (avg=0.664103), pairs_step=159484, pairs_total=12629205
[2026-03-01 18:19:02,895] INFO:fitness.free_loss_fidelity: RL4CO free-loss step 100/200: score=7.755936 (avg=7.800143), loss=0.663784 (avg=0.664505), pairs_step=156942, pairs_total=15777283
[2026-03-01 18:19:09,227] INFO:fitness.free_loss_fidelity: RL4CO free-loss step 120/200: score=7.775250 (avg=7.801741), loss=0.667778 (avg=0.664608), pairs_step=157235, pairs_total=18934228
[2026-03-01 18:19:15,570] INFO:fitness.free_loss_fidelity: RL4CO free-loss step 140/200: score=7.833383 (avg=7.802935), loss=0.665116 (avg=0.664899), pairs_step=156419, pairs_total=22094634
[2026-03-01 18:19:21,914] INFO:fitness.free_loss_fidelity: RL4CO free-loss step 160/200: score=7.797761 (avg=7.802367), loss=0.667051 (avg=0.664891), pairs_step=157874, pairs_total=25247311
[2026-03-01 18:19:28,251] INFO:fitness.free_loss_fidelity: RL4CO free-loss step 180/200: score=7.791540 (avg=7.801339), loss=0.665708 (avg=0.665019), pairs_step=157930, pairs_total=28400601
[2026-03-01 18:19:34,603] INFO:fitness.free_loss_fidelity: RL4CO free-loss step 200/200: score=7.811937 (avg=7.800182), loss=0.660708 (avg=0.665049), pairs_step=157731, pairs_total=31556250
[2026-03-01 18:19:35,727] WARNING:fitness.free_loss_fidelity: weights_only checkpoint load failed (UnpicklingError); retrying weights_only=False for /data1/gushengda/eam-rl4co/baseline/epoch_409.ckpt
[2026-03-01 18:19:35,768] INFO:fitness.free_loss_fidelity: Loaded init checkpoint into policy: path=/data1/gushengda/eam-rl4co/baseline/epoch_409.ckpt prefix=policy. matched=97 missing=0 unexpected=0
[2026-03-01 18:19:35,773] INFO:fitness.free_loss_fidelity: RL4CO free-loss (step-mode): f1_steps=200, f2_steps=0, total_steps=200, train_problem_size=100, rollouts=100, batch_size=64, device=cuda:2, env=tsp
[2026-03-01 18:19:36,106] INFO:fitness.free_loss_fidelity: RL4CO free-loss step 1/200: score=7.807477 (avg=7.807477), loss=0.107652 (avg=0.107652), pairs_step=158679, pairs_total=158679
[2026-03-01 18:19:42,124] INFO:fitness.free_loss_fidelity: RL4CO free-loss step 20/200: score=7.781674 (avg=7.809334), loss=0.098482 (avg=0.099874), pairs_step=160171, pairs_total=3166534
[2026-03-01 18:19:48,466] INFO:fitness.free_loss_fidelity: RL4CO free-loss step 40/200: score=7.817221 (avg=7.803349), loss=0.098003 (avg=0.101486), pairs_step=157535, pairs_total=6321532
[2026-03-01 18:19:54,814] INFO:fitness.free_loss_fidelity: RL4CO free-loss step 60/200: score=7.814020 (avg=7.799931), loss=0.094284 (avg=0.098731), pairs_step=157040, pairs_total=9480889
[2026-03-01 18:20:01,160] INFO:fitness.free_loss_fidelity: RL4CO free-loss step 80/200: score=7.799513 (avg=7.798263), loss=0.096535 (avg=0.097508), pairs_step=159383, pairs_total=12641978
[2026-03-01 18:20:07,518] INFO:fitness.free_loss_fidelity: RL4CO free-loss step 100/200: score=7.753864 (avg=7.798771), loss=0.102921 (avg=0.098091), pairs_step=161364, pairs_total=15806495
[2026-03-01 18:20:13,853] INFO:fitness.free_loss_fidelity: RL4CO free-loss step 120/200: score=7.775254 (avg=7.800220), loss=0.103800 (avg=0.099099), pairs_step=155666, pairs_total=18957322
[2026-03-01 18:20:20,197] INFO:fitness.free_loss_fidelity: RL4CO free-loss step 140/200: score=7.822930 (avg=7.801322), loss=0.103559 (avg=0.099585), pairs_step=157245, pairs_total=22120673
[2026-03-01 18:20:26,531] INFO:fitness.free_loss_fidelity: RL4CO free-loss step 160/200: score=7.795705 (avg=7.800745), loss=0.096845 (avg=0.099546), pairs_step=160225, pairs_total=25275077
[2026-03-01 18:20:32,877] INFO:fitness.free_loss_fidelity: RL4CO free-loss step 180/200: score=7.785803 (avg=7.799609), loss=0.095433 (avg=0.099143), pairs_step=156644, pairs_total=28435144
[2026-03-01 18:20:39,211] INFO:fitness.free_loss_fidelity: RL4CO free-loss step 200/200: score=7.813587 (avg=7.798372), loss=0.099188 (avg=0.099009), pairs_step=158356, pairs_total=31595468
