[2026-03-01 18:17:43,143] INFO:fitness.free_loss_fidelity: Stage3 offline mini-train start gen=19 pair_index=14 K=200 seed=12345 valid_sizes=[100] baseline_json=baseline/mini_eval/baseline_minitrain_tsp100_K200.json
[2026-03-01 18:17:43,164] INFO:fitness.free_loss_fidelity: RL4CO free-loss (step-mode): f1_steps=200, f2_steps=0, total_steps=200, train_problem_size=100, rollouts=100, batch_size=64, device=cuda:3, env=tsp
[2026-03-01 18:17:43,493] INFO:fitness.free_loss_fidelity: RL4CO free-loss step 1/200: score=36.122910 (avg=36.122910), loss=0.657467 (avg=0.657467), pairs_step=128, pairs_total=128
[2026-03-01 18:17:49,794] INFO:fitness.free_loss_fidelity: RL4CO free-loss step 20/200: score=9.951985 (avg=12.880441), loss=0.317276 (avg=0.341102), pairs_step=128, pairs_total=2560
[2026-03-01 18:17:56,383] INFO:fitness.free_loss_fidelity: RL4CO free-loss step 40/200: score=9.513507 (avg=11.266044), loss=0.340850 (avg=0.343516), pairs_step=128, pairs_total=5120
[2026-03-01 18:18:02,989] INFO:fitness.free_loss_fidelity: RL4CO free-loss step 60/200: score=9.365701 (avg=10.647086), loss=0.351339 (avg=0.347639), pairs_step=128, pairs_total=7680
[2026-03-01 18:18:09,574] INFO:fitness.free_loss_fidelity: RL4CO free-loss step 80/200: score=9.250395 (avg=10.303988), loss=0.372897 (avg=0.348805), pairs_step=128, pairs_total=10240
[2026-03-01 18:18:16,163] INFO:fitness.free_loss_fidelity: RL4CO free-loss step 100/200: score=9.146988 (avg=10.084258), loss=0.285226 (avg=0.346485), pairs_step=128, pairs_total=12800
[2026-03-01 18:18:22,751] INFO:fitness.free_loss_fidelity: RL4CO free-loss step 120/200: score=9.031427 (avg=9.927254), loss=0.308080 (avg=0.346896), pairs_step=128, pairs_total=15360
[2026-03-01 18:18:29,343] INFO:fitness.free_loss_fidelity: RL4CO free-loss step 140/200: score=9.044977 (avg=9.799337), loss=0.320494 (avg=0.347602), pairs_step=128, pairs_total=17920
[2026-03-01 18:18:35,958] INFO:fitness.free_loss_fidelity: RL4CO free-loss step 160/200: score=8.929832 (avg=9.694902), loss=0.369281 (avg=0.347300), pairs_step=128, pairs_total=20480
[2026-03-01 18:18:42,544] INFO:fitness.free_loss_fidelity: RL4CO free-loss step 180/200: score=8.793269 (avg=9.602274), loss=0.371110 (avg=0.348225), pairs_step=128, pairs_total=23040
[2026-03-01 18:18:49,147] INFO:fitness.free_loss_fidelity: RL4CO free-loss step 200/200: score=8.850253 (avg=9.519717), loss=0.384329 (avg=0.349514), pairs_step=128, pairs_total=25600
[2026-03-01 18:18:50,260] WARNING:fitness.free_loss_fidelity: weights_only checkpoint load failed (UnpicklingError); retrying weights_only=False for /data1/gushengda/eam-rl4co/baseline/epoch_135.ckpt
[2026-03-01 18:18:50,298] INFO:fitness.free_loss_fidelity: Loaded init checkpoint into policy: path=/data1/gushengda/eam-rl4co/baseline/epoch_135.ckpt prefix=policy. matched=97 missing=0 unexpected=0
[2026-03-01 18:18:50,303] INFO:fitness.free_loss_fidelity: RL4CO free-loss (step-mode): f1_steps=200, f2_steps=0, total_steps=200, train_problem_size=100, rollouts=100, batch_size=64, device=cuda:3, env=tsp
[2026-03-01 18:18:50,639] INFO:fitness.free_loss_fidelity: RL4CO free-loss step 1/200: score=7.803347 (avg=7.803347), loss=0.552144 (avg=0.552144), pairs_step=128, pairs_total=128
[2026-03-01 18:18:56,900] INFO:fitness.free_loss_fidelity: RL4CO free-loss step 20/200: score=7.789612 (avg=7.817502), loss=0.583289 (avg=0.570413), pairs_step=128, pairs_total=2560
[2026-03-01 18:19:03,480] INFO:fitness.free_loss_fidelity: RL4CO free-loss step 40/200: score=7.836345 (avg=7.813439), loss=0.612588 (avg=0.581740), pairs_step=128, pairs_total=5120
[2026-03-01 18:19:10,075] INFO:fitness.free_loss_fidelity: RL4CO free-loss step 60/200: score=7.825702 (avg=7.811262), loss=0.599061 (avg=0.585679), pairs_step=128, pairs_total=7680
[2026-03-01 18:19:16,687] INFO:fitness.free_loss_fidelity: RL4CO free-loss step 80/200: score=7.805848 (avg=7.809521), loss=0.574638 (avg=0.588696), pairs_step=128, pairs_total=10240
[2026-03-01 18:19:23,294] INFO:fitness.free_loss_fidelity: RL4CO free-loss step 100/200: score=7.773810 (avg=7.811259), loss=0.575982 (avg=0.588038), pairs_step=128, pairs_total=12800
[2026-03-01 18:19:30,083] INFO:fitness.free_loss_fidelity: RL4CO free-loss step 120/200: score=7.790406 (avg=7.813720), loss=0.550783 (avg=0.585676), pairs_step=128, pairs_total=15360
[2026-03-01 18:19:36,694] INFO:fitness.free_loss_fidelity: RL4CO free-loss step 140/200: score=7.840160 (avg=7.814860), loss=0.609996 (avg=0.587048), pairs_step=128, pairs_total=17920
[2026-03-01 18:19:43,297] INFO:fitness.free_loss_fidelity: RL4CO free-loss step 160/200: score=7.812680 (avg=7.814310), loss=0.594739 (avg=0.588685), pairs_step=128, pairs_total=20480
[2026-03-01 18:19:49,884] INFO:fitness.free_loss_fidelity: RL4CO free-loss step 180/200: score=7.801549 (avg=7.814204), loss=0.602154 (avg=0.590185), pairs_step=128, pairs_total=23040
[2026-03-01 18:19:56,480] INFO:fitness.free_loss_fidelity: RL4CO free-loss step 200/200: score=7.829998 (avg=7.813669), loss=0.594941 (avg=0.591822), pairs_step=128, pairs_total=25600
[2026-03-01 18:19:57,589] WARNING:fitness.free_loss_fidelity: weights_only checkpoint load failed (UnpicklingError); retrying weights_only=False for /data1/gushengda/eam-rl4co/baseline/epoch_409.ckpt
[2026-03-01 18:19:57,620] INFO:fitness.free_loss_fidelity: Loaded init checkpoint into policy: path=/data1/gushengda/eam-rl4co/baseline/epoch_409.ckpt prefix=policy. matched=97 missing=0 unexpected=0
[2026-03-01 18:19:57,625] INFO:fitness.free_loss_fidelity: RL4CO free-loss (step-mode): f1_steps=200, f2_steps=0, total_steps=200, train_problem_size=100, rollouts=100, batch_size=64, device=cuda:3, env=tsp
[2026-03-01 18:19:57,970] INFO:fitness.free_loss_fidelity: RL4CO free-loss step 1/200: score=7.807477 (avg=7.807477), loss=0.000083 (avg=0.000083), pairs_step=128, pairs_total=128
[2026-03-01 18:20:04,257] INFO:fitness.free_loss_fidelity: RL4CO free-loss step 20/200: score=7.783912 (avg=7.809290), loss=0.150662 (avg=0.058093), pairs_step=128, pairs_total=2560
[2026-03-01 18:20:10,829] INFO:fitness.free_loss_fidelity: RL4CO free-loss step 40/200: score=7.826809 (avg=7.807764), loss=0.241373 (avg=0.130683), pairs_step=128, pairs_total=5120
[2026-03-01 18:20:17,406] INFO:fitness.free_loss_fidelity: RL4CO free-loss step 60/200: score=7.821193 (avg=7.806448), loss=0.302138 (avg=0.173366), pairs_step=128, pairs_total=7680
[2026-03-01 18:20:24,004] INFO:fitness.free_loss_fidelity: RL4CO free-loss step 80/200: score=7.801921 (avg=7.806620), loss=0.348363 (avg=0.206573), pairs_step=128, pairs_total=10240
[2026-03-01 18:20:30,584] INFO:fitness.free_loss_fidelity: RL4CO free-loss step 100/200: score=7.769045 (avg=7.807972), loss=0.381532 (avg=0.235467), pairs_step=128, pairs_total=12800
[2026-03-01 18:20:37,184] INFO:fitness.free_loss_fidelity: RL4CO free-loss step 120/200: score=7.784580 (avg=7.809592), loss=0.369962 (avg=0.259741), pairs_step=128, pairs_total=15360
[2026-03-01 18:20:43,785] INFO:fitness.free_loss_fidelity: RL4CO free-loss step 140/200: score=7.833347 (avg=7.810967), loss=0.419333 (avg=0.280501), pairs_step=128, pairs_total=17920
[2026-03-01 18:20:50,358] INFO:fitness.free_loss_fidelity: RL4CO free-loss step 160/200: score=7.810118 (avg=7.810267), loss=0.449468 (avg=0.300252), pairs_step=128, pairs_total=20480
[2026-03-01 18:20:56,973] INFO:fitness.free_loss_fidelity: RL4CO free-loss step 180/200: score=7.796221 (avg=7.809140), loss=0.472751 (avg=0.316717), pairs_step=128, pairs_total=23040
[2026-03-01 18:21:03,577] INFO:fitness.free_loss_fidelity: RL4CO free-loss step 200/200: score=7.825730 (avg=7.807879), loss=0.480708 (avg=0.331908), pairs_step=128, pairs_total=25600
