[2026-03-01 18:14:47,656] INFO:fitness.free_loss_fidelity: Stage3 offline mini-train start gen=19 pair_index=11 K=200 seed=12345 valid_sizes=[100] baseline_json=baseline/mini_eval/baseline_minitrain_tsp100_K200.json
[2026-03-01 18:14:47,680] INFO:fitness.free_loss_fidelity: RL4CO free-loss (step-mode): f1_steps=200, f2_steps=0, total_steps=200, train_problem_size=100, rollouts=100, batch_size=64, device=cuda:1, env=tsp
[2026-03-01 18:14:48,053] INFO:fitness.free_loss_fidelity: RL4CO free-loss step 1/200: score=36.122910 (avg=36.122910), loss=0.740277 (avg=0.740277), pairs_step=36928, pairs_total=36928
[2026-03-01 18:14:54,833] INFO:fitness.free_loss_fidelity: RL4CO free-loss step 20/200: score=12.241863 (avg=15.003918), loss=0.678774 (avg=0.687378), pairs_step=36928, pairs_total=738556
[2026-03-01 18:15:01,967] INFO:fitness.free_loss_fidelity: RL4CO free-loss step 40/200: score=10.465508 (avg=12.757104), loss=0.676091 (avg=0.682770), pairs_step=36927, pairs_total=1477111
[2026-03-01 18:15:09,100] INFO:fitness.free_loss_fidelity: RL4CO free-loss step 60/200: score=9.955309 (avg=11.850331), loss=0.671192 (avg=0.679236), pairs_step=36928, pairs_total=2215669
[2026-03-01 18:15:16,236] INFO:fitness.free_loss_fidelity: RL4CO free-loss step 80/200: score=10.085838 (avg=11.381927), loss=0.669501 (avg=0.676491), pairs_step=36926, pairs_total=2954222
[2026-03-01 18:15:23,371] INFO:fitness.free_loss_fidelity: RL4CO free-loss step 100/200: score=9.990932 (avg=11.116728), loss=0.663489 (avg=0.674652), pairs_step=36928, pairs_total=3692779
[2026-03-01 18:15:30,698] INFO:fitness.free_loss_fidelity: RL4CO free-loss step 120/200: score=10.080265 (avg=10.951617), loss=0.662866 (avg=0.672559), pairs_step=36928, pairs_total=4431336
[2026-03-01 18:15:37,836] INFO:fitness.free_loss_fidelity: RL4CO free-loss step 140/200: score=10.070289 (avg=10.818816), loss=0.660997 (avg=0.671188), pairs_step=36927, pairs_total=5169891
[2026-03-01 18:15:44,976] INFO:fitness.free_loss_fidelity: RL4CO free-loss step 160/200: score=10.008507 (avg=10.720284), loss=0.659981 (avg=0.669836), pairs_step=36928, pairs_total=5908447
[2026-03-01 18:15:52,119] INFO:fitness.free_loss_fidelity: RL4CO free-loss step 180/200: score=10.038843 (avg=10.641574), loss=0.660652 (avg=0.668744), pairs_step=36928, pairs_total=6647005
[2026-03-01 18:15:59,259] INFO:fitness.free_loss_fidelity: RL4CO free-loss step 200/200: score=9.918012 (avg=10.572537), loss=0.661092 (avg=0.667846), pairs_step=36928, pairs_total=7385562
[2026-03-01 18:16:00,569] WARNING:fitness.free_loss_fidelity: weights_only checkpoint load failed (UnpicklingError); retrying weights_only=False for /data1/gushengda/eam-rl4co/baseline/epoch_135.ckpt
[2026-03-01 18:16:00,611] INFO:fitness.free_loss_fidelity: Loaded init checkpoint into policy: path=/data1/gushengda/eam-rl4co/baseline/epoch_135.ckpt prefix=policy. matched=97 missing=0 unexpected=0
[2026-03-01 18:16:00,617] INFO:fitness.free_loss_fidelity: RL4CO free-loss (step-mode): f1_steps=200, f2_steps=0, total_steps=200, train_problem_size=100, rollouts=100, batch_size=64, device=cuda:1, env=tsp
[2026-03-01 18:16:00,979] INFO:fitness.free_loss_fidelity: RL4CO free-loss step 1/200: score=7.803347 (avg=7.803347), loss=0.687804 (avg=0.687804), pairs_step=36012, pairs_total=36012
[2026-03-01 18:16:07,746] INFO:fitness.free_loss_fidelity: RL4CO free-loss step 20/200: score=7.780799 (avg=7.813854), loss=0.689712 (avg=0.688729), pairs_step=36499, pairs_total=726216
[2026-03-01 18:16:14,882] INFO:fitness.free_loss_fidelity: RL4CO free-loss step 40/200: score=7.824661 (avg=7.809622), loss=0.687926 (avg=0.688734), pairs_step=36879, pairs_total=1460316
[2026-03-01 18:16:22,015] INFO:fitness.free_loss_fidelity: RL4CO free-loss step 60/200: score=7.834819 (avg=7.809462), loss=0.685499 (avg=0.687967), pairs_step=36917, pairs_total=2198203
[2026-03-01 18:16:29,150] INFO:fitness.free_loss_fidelity: RL4CO free-loss step 80/200: score=7.824039 (avg=7.810667), loss=0.684291 (avg=0.687447), pairs_step=36926, pairs_total=2936606
[2026-03-01 18:16:36,293] INFO:fitness.free_loss_fidelity: RL4CO free-loss step 100/200: score=7.784004 (avg=7.813925), loss=0.682922 (avg=0.686834), pairs_step=36927, pairs_total=3675123
[2026-03-01 18:16:43,420] INFO:fitness.free_loss_fidelity: RL4CO free-loss step 120/200: score=7.803708 (avg=7.817683), loss=0.682959 (avg=0.686306), pairs_step=36928, pairs_total=4413648
[2026-03-01 18:16:50,556] INFO:fitness.free_loss_fidelity: RL4CO free-loss step 140/200: score=7.850858 (avg=7.820187), loss=0.683181 (avg=0.685900), pairs_step=36925, pairs_total=5152164
[2026-03-01 18:16:57,708] INFO:fitness.free_loss_fidelity: RL4CO free-loss step 160/200: score=7.827435 (avg=7.821197), loss=0.683037 (avg=0.685513), pairs_step=36926, pairs_total=5890702
[2026-03-01 18:17:04,848] INFO:fitness.free_loss_fidelity: RL4CO free-loss step 180/200: score=7.810697 (avg=7.821012), loss=0.683576 (avg=0.685208), pairs_step=36925, pairs_total=6629226
[2026-03-01 18:17:11,990] INFO:fitness.free_loss_fidelity: RL4CO free-loss step 200/200: score=7.839767 (avg=7.820504), loss=0.683281 (avg=0.685018), pairs_step=36927, pairs_total=7367759
[2026-03-01 18:17:13,307] WARNING:fitness.free_loss_fidelity: weights_only checkpoint load failed (UnpicklingError); retrying weights_only=False for /data1/gushengda/eam-rl4co/baseline/epoch_409.ckpt
[2026-03-01 18:17:13,349] INFO:fitness.free_loss_fidelity: Loaded init checkpoint into policy: path=/data1/gushengda/eam-rl4co/baseline/epoch_409.ckpt prefix=policy. matched=97 missing=0 unexpected=0
[2026-03-01 18:17:13,356] INFO:fitness.free_loss_fidelity: RL4CO free-loss (step-mode): f1_steps=200, f2_steps=0, total_steps=200, train_problem_size=100, rollouts=100, batch_size=64, device=cuda:1, env=tsp
[2026-03-01 18:17:13,720] INFO:fitness.free_loss_fidelity: RL4CO free-loss step 1/200: score=7.807477 (avg=7.807477), loss=0.503622 (avg=0.503622), pairs_step=36155, pairs_total=36155
[2026-03-01 18:17:20,497] INFO:fitness.free_loss_fidelity: RL4CO free-loss step 20/200: score=7.784612 (avg=7.807508), loss=0.586247 (avg=0.567967), pairs_step=36535, pairs_total=727658
[2026-03-01 18:17:27,659] INFO:fitness.free_loss_fidelity: RL4CO free-loss step 40/200: score=7.814639 (avg=7.802894), loss=0.604625 (avg=0.582050), pairs_step=36392, pairs_total=1457949
[2026-03-01 18:17:34,807] INFO:fitness.free_loss_fidelity: RL4CO free-loss step 60/200: score=7.815380 (avg=7.799434), loss=0.609261 (avg=0.589464), pairs_step=36349, pairs_total=2187728
[2026-03-01 18:17:41,943] INFO:fitness.free_loss_fidelity: RL4CO free-loss step 80/200: score=7.796920 (avg=7.797729), loss=0.612111 (avg=0.595287), pairs_step=36434, pairs_total=2917960
[2026-03-01 18:17:49,108] INFO:fitness.free_loss_fidelity: RL4CO free-loss step 100/200: score=7.755460 (avg=7.798023), loss=0.624451 (avg=0.600632), pairs_step=36624, pairs_total=3650131
[2026-03-01 18:17:56,247] INFO:fitness.free_loss_fidelity: RL4CO free-loss step 120/200: score=7.773554 (avg=7.799233), loss=0.628592 (avg=0.605100), pairs_step=36697, pairs_total=4383701
[2026-03-01 18:18:03,390] INFO:fitness.free_loss_fidelity: RL4CO free-loss step 140/200: score=7.823625 (avg=7.800222), loss=0.634942 (avg=0.609075), pairs_step=36741, pairs_total=5118213
[2026-03-01 18:18:10,530] INFO:fitness.free_loss_fidelity: RL4CO free-loss step 160/200: score=7.796631 (avg=7.799691), loss=0.640490 (avg=0.612515), pairs_step=36851, pairs_total=5854334
[2026-03-01 18:18:17,670] INFO:fitness.free_loss_fidelity: RL4CO free-loss step 180/200: score=7.782624 (avg=7.798485), loss=0.640334 (avg=0.615674), pairs_step=36796, pairs_total=6591166
[2026-03-01 18:18:24,805] INFO:fitness.free_loss_fidelity: RL4CO free-loss step 200/200: score=7.816996 (avg=7.797192), loss=0.643775 (avg=0.618250), pairs_step=36835, pairs_total=7328167
