[2026-03-01 15:34:53,589] INFO:fitness.free_loss_fidelity: Stage3 offline mini-train start gen=15 pair_index=29 K=200 seed=12345 valid_sizes=[100] baseline_json=baseline/mini_eval/baseline_minitrain_tsp100_K200.json
[2026-03-01 15:34:53,608] INFO:fitness.free_loss_fidelity: RL4CO free-loss (step-mode): f1_steps=200, f2_steps=0, total_steps=200, train_problem_size=100, rollouts=100, batch_size=64, device=cuda:0, env=tsp
[2026-03-01 15:34:53,937] INFO:fitness.free_loss_fidelity: RL4CO free-loss step 1/200: score=36.122910 (avg=36.122910), loss=0.748214 (avg=0.748214), pairs_step=159213, pairs_total=159213
[2026-03-01 15:35:00,069] INFO:fitness.free_loss_fidelity: RL4CO free-loss step 20/200: score=9.903528 (avg=12.600451), loss=0.511919 (avg=0.518833), pairs_step=159262, pairs_total=3170883
[2026-03-01 15:35:06,524] INFO:fitness.free_loss_fidelity: RL4CO free-loss step 40/200: score=9.386185 (avg=11.054026), loss=0.523911 (avg=0.522542), pairs_step=156885, pairs_total=6336125
[2026-03-01 15:35:12,967] INFO:fitness.free_loss_fidelity: RL4CO free-loss step 60/200: score=9.205376 (avg=10.454381), loss=0.499385 (avg=0.520787), pairs_step=158130, pairs_total=9502420
[2026-03-01 15:35:19,404] INFO:fitness.free_loss_fidelity: RL4CO free-loss step 80/200: score=8.958235 (avg=10.108084), loss=0.497814 (avg=0.515929), pairs_step=159402, pairs_total=12657635
[2026-03-01 15:35:25,869] INFO:fitness.free_loss_fidelity: RL4CO free-loss step 100/200: score=8.820438 (avg=9.871236), loss=0.496346 (avg=0.511901), pairs_step=158171, pairs_total=15829614
[2026-03-01 15:35:32,315] INFO:fitness.free_loss_fidelity: RL4CO free-loss step 120/200: score=8.770973 (avg=9.700170), loss=0.501476 (avg=0.510145), pairs_step=159195, pairs_total=18998395
[2026-03-01 15:35:38,792] INFO:fitness.free_loss_fidelity: RL4CO free-loss step 140/200: score=8.690170 (avg=9.563214), loss=0.516997 (avg=0.509887), pairs_step=159222, pairs_total=22162036
[2026-03-01 15:35:45,232] INFO:fitness.free_loss_fidelity: RL4CO free-loss step 160/200: score=8.623302 (avg=9.449882), loss=0.516190 (avg=0.510811), pairs_step=156158, pairs_total=25323109
[2026-03-01 15:35:51,656] INFO:fitness.free_loss_fidelity: RL4CO free-loss step 180/200: score=8.537477 (avg=9.354393), loss=0.525371 (avg=0.512196), pairs_step=157485, pairs_total=28483618
[2026-03-01 15:35:58,105] INFO:fitness.free_loss_fidelity: RL4CO free-loss step 200/200: score=8.563316 (avg=9.272704), loss=0.536109 (avg=0.514062), pairs_step=156629, pairs_total=31653106
[2026-03-01 15:35:59,209] WARNING:fitness.free_loss_fidelity: weights_only checkpoint load failed (UnpicklingError); retrying weights_only=False for /data1/gushengda/eam-rl4co/baseline/epoch_135.ckpt
[2026-03-01 15:35:59,247] INFO:fitness.free_loss_fidelity: Loaded init checkpoint into policy: path=/data1/gushengda/eam-rl4co/baseline/epoch_135.ckpt prefix=policy. matched=97 missing=0 unexpected=0
[2026-03-01 15:35:59,253] INFO:fitness.free_loss_fidelity: RL4CO free-loss (step-mode): f1_steps=200, f2_steps=0, total_steps=200, train_problem_size=100, rollouts=100, batch_size=64, device=cuda:0, env=tsp
[2026-03-01 15:35:59,584] INFO:fitness.free_loss_fidelity: RL4CO free-loss step 1/200: score=7.803347 (avg=7.803347), loss=0.610466 (avg=0.610466), pairs_step=157875, pairs_total=157875
[2026-03-01 15:36:05,703] INFO:fitness.free_loss_fidelity: RL4CO free-loss step 20/200: score=7.785944 (avg=7.812896), loss=0.620595 (avg=0.627721), pairs_step=157837, pairs_total=3161877
[2026-03-01 15:36:12,148] INFO:fitness.free_loss_fidelity: RL4CO free-loss step 40/200: score=7.824675 (avg=7.807994), loss=0.647652 (avg=0.635802), pairs_step=155977, pairs_total=6326617
[2026-03-01 15:36:18,596] INFO:fitness.free_loss_fidelity: RL4CO free-loss step 60/200: score=7.819182 (avg=7.804265), loss=0.648064 (avg=0.640504), pairs_step=158958, pairs_total=9488445
[2026-03-01 15:36:25,049] INFO:fitness.free_loss_fidelity: RL4CO free-loss step 80/200: score=7.801053 (avg=7.802707), loss=0.648122 (avg=0.642710), pairs_step=157790, pairs_total=12643013
[2026-03-01 15:36:31,504] INFO:fitness.free_loss_fidelity: RL4CO free-loss step 100/200: score=7.762896 (avg=7.803775), loss=0.652133 (avg=0.644233), pairs_step=157934, pairs_total=15799439
[2026-03-01 15:36:37,949] INFO:fitness.free_loss_fidelity: RL4CO free-loss step 120/200: score=7.770890 (avg=7.805211), loss=0.651643 (avg=0.645344), pairs_step=158382, pairs_total=18963626
[2026-03-01 15:36:44,387] INFO:fitness.free_loss_fidelity: RL4CO free-loss step 140/200: score=7.837042 (avg=7.806472), loss=0.657486 (avg=0.646185), pairs_step=157207, pairs_total=22116669
[2026-03-01 15:36:50,842] INFO:fitness.free_loss_fidelity: RL4CO free-loss step 160/200: score=7.803617 (avg=7.806216), loss=0.649914 (avg=0.646914), pairs_step=158029, pairs_total=25279283
[2026-03-01 15:36:57,296] INFO:fitness.free_loss_fidelity: RL4CO free-loss step 180/200: score=7.793274 (avg=7.805090), loss=0.653596 (avg=0.647469), pairs_step=159017, pairs_total=28428758
[2026-03-01 15:37:03,739] INFO:fitness.free_loss_fidelity: RL4CO free-loss step 200/200: score=7.812856 (avg=7.803855), loss=0.640945 (avg=0.647783), pairs_step=156815, pairs_total=31590635
[2026-03-01 15:37:04,836] WARNING:fitness.free_loss_fidelity: weights_only checkpoint load failed (UnpicklingError); retrying weights_only=False for /data1/gushengda/eam-rl4co/baseline/epoch_409.ckpt
[2026-03-01 15:37:04,874] INFO:fitness.free_loss_fidelity: Loaded init checkpoint into policy: path=/data1/gushengda/eam-rl4co/baseline/epoch_409.ckpt prefix=policy. matched=97 missing=0 unexpected=0
[2026-03-01 15:37:04,880] INFO:fitness.free_loss_fidelity: RL4CO free-loss (step-mode): f1_steps=200, f2_steps=0, total_steps=200, train_problem_size=100, rollouts=100, batch_size=64, device=cuda:0, env=tsp
[2026-03-01 15:37:05,209] INFO:fitness.free_loss_fidelity: RL4CO free-loss step 1/200: score=7.807477 (avg=7.807477), loss=0.012388 (avg=0.012388), pairs_step=158679, pairs_total=158679
[2026-03-01 15:37:11,332] INFO:fitness.free_loss_fidelity: RL4CO free-loss step 20/200: score=7.790876 (avg=7.811459), loss=0.006666 (avg=0.011664), pairs_step=159889, pairs_total=3165889
[2026-03-01 15:37:17,791] INFO:fitness.free_loss_fidelity: RL4CO free-loss step 40/200: score=7.823559 (avg=7.807207), loss=0.013961 (avg=0.009667), pairs_step=156726, pairs_total=6323822
[2026-03-01 15:37:24,247] INFO:fitness.free_loss_fidelity: RL4CO free-loss step 60/200: score=7.833322 (avg=7.806170), loss=0.015854 (avg=0.015422), pairs_step=157393, pairs_total=9483270
[2026-03-01 15:37:30,660] INFO:fitness.free_loss_fidelity: RL4CO free-loss step 80/200: score=7.806313 (avg=7.806077), loss=0.004440 (avg=0.013311), pairs_step=160793, pairs_total=12645971
[2026-03-01 15:37:37,137] INFO:fitness.free_loss_fidelity: RL4CO free-loss step 100/200: score=7.758649 (avg=7.806566), loss=0.008209 (avg=0.011758), pairs_step=160580, pairs_total=15811345
[2026-03-01 15:37:43,578] INFO:fitness.free_loss_fidelity: RL4CO free-loss step 120/200: score=7.780460 (avg=7.807502), loss=0.024897 (avg=0.012979), pairs_step=157615, pairs_total=18973779
[2026-03-01 15:37:50,011] INFO:fitness.free_loss_fidelity: RL4CO free-loss step 140/200: score=7.833580 (avg=7.808777), loss=0.015151 (avg=0.013159), pairs_step=157132, pairs_total=22139521
[2026-03-01 15:37:56,468] INFO:fitness.free_loss_fidelity: RL4CO free-loss step 160/200: score=7.801813 (avg=7.808226), loss=0.011543 (avg=0.013690), pairs_step=158631, pairs_total=25300139
[2026-03-01 15:38:02,896] INFO:fitness.free_loss_fidelity: RL4CO free-loss step 180/200: score=7.787719 (avg=7.807028), loss=0.011237 (avg=0.013285), pairs_step=158183, pairs_total=28462517
[2026-03-01 15:38:09,333] INFO:fitness.free_loss_fidelity: RL4CO free-loss step 200/200: score=7.817512 (avg=7.805643), loss=0.010488 (avg=0.013041), pairs_step=157397, pairs_total=31623859
