[2026-03-01 18:21:04,655] INFO:fitness.free_loss_fidelity: Stage3 offline mini-train start gen=19 pair_index=18 K=200 seed=12345 valid_sizes=[100] baseline_json=baseline/mini_eval/baseline_minitrain_tsp100_K200.json
[2026-03-01 18:21:04,676] INFO:fitness.free_loss_fidelity: RL4CO free-loss (step-mode): f1_steps=200, f2_steps=0, total_steps=200, train_problem_size=100, rollouts=100, batch_size=64, device=cuda:3, env=tsp
[2026-03-01 18:21:05,016] INFO:fitness.free_loss_fidelity: RL4CO free-loss step 1/200: score=36.122910 (avg=36.122910), loss=0.742808 (avg=0.742808), pairs_step=64000, pairs_total=64000
[2026-03-01 18:21:11,329] INFO:fitness.free_loss_fidelity: RL4CO free-loss step 20/200: score=9.890030 (avg=12.623710), loss=0.466596 (avg=0.481451), pairs_step=64000, pairs_total=1280001
[2026-03-01 18:21:17,925] INFO:fitness.free_loss_fidelity: RL4CO free-loss step 40/200: score=9.331590 (avg=11.049798), loss=0.501285 (avg=0.486443), pairs_step=64000, pairs_total=2560001
[2026-03-01 18:21:24,534] INFO:fitness.free_loss_fidelity: RL4CO free-loss step 60/200: score=9.177397 (avg=10.437643), loss=0.463005 (avg=0.483139), pairs_step=64000, pairs_total=3840002
[2026-03-01 18:21:31,120] INFO:fitness.free_loss_fidelity: RL4CO free-loss step 80/200: score=8.924349 (avg=10.086454), loss=0.460146 (avg=0.477915), pairs_step=64000, pairs_total=5120002
[2026-03-01 18:21:37,726] INFO:fitness.free_loss_fidelity: RL4CO free-loss step 100/200: score=8.857054 (avg=9.850754), loss=0.456368 (avg=0.474391), pairs_step=64000, pairs_total=6400004
[2026-03-01 18:21:44,322] INFO:fitness.free_loss_fidelity: RL4CO free-loss step 120/200: score=8.718412 (avg=9.675912), loss=0.476673 (avg=0.473705), pairs_step=64000, pairs_total=7680009
[2026-03-01 18:21:50,916] INFO:fitness.free_loss_fidelity: RL4CO free-loss step 140/200: score=8.649561 (avg=9.538668), loss=0.475240 (avg=0.474610), pairs_step=64000, pairs_total=8960010
[2026-03-01 18:21:57,536] INFO:fitness.free_loss_fidelity: RL4CO free-loss step 160/200: score=8.595926 (avg=9.423441), loss=0.490841 (avg=0.476880), pairs_step=64001, pairs_total=10240014
[2026-03-01 18:22:04,125] INFO:fitness.free_loss_fidelity: RL4CO free-loss step 180/200: score=8.474310 (avg=9.324054), loss=0.505974 (avg=0.479418), pairs_step=64000, pairs_total=11520016
[2026-03-01 18:22:10,729] INFO:fitness.free_loss_fidelity: RL4CO free-loss step 200/200: score=8.485262 (avg=9.239417), loss=0.520644 (avg=0.482024), pairs_step=64001, pairs_total=12800019
[2026-03-01 18:22:11,844] WARNING:fitness.free_loss_fidelity: weights_only checkpoint load failed (UnpicklingError); retrying weights_only=False for /data1/gushengda/eam-rl4co/baseline/epoch_135.ckpt
[2026-03-01 18:22:11,882] INFO:fitness.free_loss_fidelity: Loaded init checkpoint into policy: path=/data1/gushengda/eam-rl4co/baseline/epoch_135.ckpt prefix=policy. matched=97 missing=0 unexpected=0
[2026-03-01 18:22:11,887] INFO:fitness.free_loss_fidelity: RL4CO free-loss (step-mode): f1_steps=200, f2_steps=0, total_steps=200, train_problem_size=100, rollouts=100, batch_size=64, device=cuda:3, env=tsp
[2026-03-01 18:22:12,226] INFO:fitness.free_loss_fidelity: RL4CO free-loss step 1/200: score=7.803347 (avg=7.803347), loss=0.642222 (avg=0.642222), pairs_step=64019, pairs_total=64019
[2026-03-01 18:22:18,489] INFO:fitness.free_loss_fidelity: RL4CO free-loss step 20/200: score=7.779454 (avg=7.809879), loss=0.649277 (avg=0.641731), pairs_step=64022, pairs_total=1280391
[2026-03-01 18:22:25,101] INFO:fitness.free_loss_fidelity: RL4CO free-loss step 40/200: score=7.812768 (avg=7.803939), loss=0.645312 (avg=0.644204), pairs_step=64019, pairs_total=2560854
[2026-03-01 18:22:31,715] INFO:fitness.free_loss_fidelity: RL4CO free-loss step 60/200: score=7.817233 (avg=7.800771), loss=0.645797 (avg=0.645418), pairs_step=64015, pairs_total=3841242
[2026-03-01 18:22:38,319] INFO:fitness.free_loss_fidelity: RL4CO free-loss step 80/200: score=7.799129 (avg=7.799403), loss=0.646519 (avg=0.646279), pairs_step=64016, pairs_total=5121712
[2026-03-01 18:22:44,938] INFO:fitness.free_loss_fidelity: RL4CO free-loss step 100/200: score=7.754145 (avg=7.800133), loss=0.647104 (avg=0.646771), pairs_step=64029, pairs_total=6402322
[2026-03-01 18:22:51,537] INFO:fitness.free_loss_fidelity: RL4CO free-loss step 120/200: score=7.776633 (avg=7.801347), loss=0.648519 (avg=0.646812), pairs_step=64049, pairs_total=7682807
[2026-03-01 18:22:58,128] INFO:fitness.free_loss_fidelity: RL4CO free-loss step 140/200: score=7.831887 (avg=7.802354), loss=0.645878 (avg=0.646744), pairs_step=64029, pairs_total=8963306
[2026-03-01 18:23:04,759] INFO:fitness.free_loss_fidelity: RL4CO free-loss step 160/200: score=7.796845 (avg=7.801807), loss=0.645017 (avg=0.646712), pairs_step=64023, pairs_total=10243704
[2026-03-01 18:23:11,365] INFO:fitness.free_loss_fidelity: RL4CO free-loss step 180/200: score=7.787163 (avg=7.800910), loss=0.643121 (avg=0.646787), pairs_step=64058, pairs_total=11524279
[2026-03-01 18:23:17,987] INFO:fitness.free_loss_fidelity: RL4CO free-loss step 200/200: score=7.812752 (avg=7.799842), loss=0.647970 (avg=0.647017), pairs_step=64022, pairs_total=12804780
[2026-03-01 18:23:19,101] WARNING:fitness.free_loss_fidelity: weights_only checkpoint load failed (UnpicklingError); retrying weights_only=False for /data1/gushengda/eam-rl4co/baseline/epoch_409.ckpt
[2026-03-01 18:23:19,138] INFO:fitness.free_loss_fidelity: Loaded init checkpoint into policy: path=/data1/gushengda/eam-rl4co/baseline/epoch_409.ckpt prefix=policy. matched=97 missing=0 unexpected=0
[2026-03-01 18:23:19,144] INFO:fitness.free_loss_fidelity: RL4CO free-loss (step-mode): f1_steps=200, f2_steps=0, total_steps=200, train_problem_size=100, rollouts=100, batch_size=64, device=cuda:3, env=tsp
[2026-03-01 18:23:19,480] INFO:fitness.free_loss_fidelity: RL4CO free-loss step 1/200: score=7.807477 (avg=7.807477), loss=0.001262 (avg=0.001262), pairs_step=64034, pairs_total=64034
[2026-03-01 18:23:25,787] INFO:fitness.free_loss_fidelity: RL4CO free-loss step 20/200: score=7.790563 (avg=7.814862), loss=0.129626 (avg=0.057345), pairs_step=64002, pairs_total=1280267
[2026-03-01 18:23:32,410] INFO:fitness.free_loss_fidelity: RL4CO free-loss step 40/200: score=7.826601 (avg=7.810396), loss=0.082410 (avg=0.090338), pairs_step=64005, pairs_total=2560490
[2026-03-01 18:23:39,048] INFO:fitness.free_loss_fidelity: RL4CO free-loss step 60/200: score=7.828322 (avg=7.809358), loss=0.070517 (avg=0.083176), pairs_step=64015, pairs_total=3840626
[2026-03-01 18:23:45,661] INFO:fitness.free_loss_fidelity: RL4CO free-loss step 80/200: score=7.820465 (avg=7.810078), loss=0.048203 (avg=0.077960), pairs_step=64006, pairs_total=5120750
[2026-03-01 18:23:52,271] INFO:fitness.free_loss_fidelity: RL4CO free-loss step 100/200: score=7.776935 (avg=7.811767), loss=0.061263 (avg=0.071520), pairs_step=64008, pairs_total=6400899
[2026-03-01 18:23:59,074] INFO:fitness.free_loss_fidelity: RL4CO free-loss step 120/200: score=7.790349 (avg=7.814593), loss=0.046345 (avg=0.066493), pairs_step=64002, pairs_total=7681034
[2026-03-01 18:24:05,703] INFO:fitness.free_loss_fidelity: RL4CO free-loss step 140/200: score=7.848373 (avg=7.816548), loss=0.002287 (avg=0.059801), pairs_step=64007, pairs_total=8961136
[2026-03-01 18:24:12,327] INFO:fitness.free_loss_fidelity: RL4CO free-loss step 160/200: score=7.825148 (avg=7.817141), loss=0.001806 (avg=0.052525), pairs_step=64004, pairs_total=10241268
[2026-03-01 18:24:18,942] INFO:fitness.free_loss_fidelity: RL4CO free-loss step 180/200: score=7.820590 (avg=7.817598), loss=0.000770 (avg=0.046798), pairs_step=64016, pairs_total=11521446
[2026-03-01 18:24:25,548] INFO:fitness.free_loss_fidelity: RL4CO free-loss step 200/200: score=7.837249 (avg=7.817808), loss=0.001511 (avg=0.042239), pairs_step=64019, pairs_total=12801625
