[2026-03-01 09:38:45,666] INFO:fitness.free_loss_fidelity: Stage3 offline mini-train start gen=3 pair_index=6 K=200 seed=12345 valid_sizes=[100] baseline_json=baseline/mini_eval/baseline_minitrain_tsp100_K200.json
[2026-03-01 09:38:45,690] INFO:fitness.free_loss_fidelity: RL4CO free-loss (step-mode): f1_steps=200, f2_steps=0, total_steps=200, train_problem_size=100, rollouts=100, batch_size=64, device=cuda:0, env=tsp
[2026-03-01 09:38:46,013] INFO:fitness.free_loss_fidelity: RL4CO free-loss step 1/200: score=36.122910 (avg=36.122910), loss=0.942688 (avg=0.942688), pairs_step=316800, pairs_total=316800
[2026-03-01 09:38:52,169] INFO:fitness.free_loss_fidelity: RL4CO free-loss step 20/200: score=10.022877 (avg=13.087569), loss=0.566358 (avg=0.619567), pairs_step=316800, pairs_total=6335997
[2026-03-01 09:38:58,622] INFO:fitness.free_loss_fidelity: RL4CO free-loss step 40/200: score=9.610836 (avg=11.425851), loss=0.551403 (avg=0.587890), pairs_step=316800, pairs_total=12671991
[2026-03-01 09:39:05,087] INFO:fitness.free_loss_fidelity: RL4CO free-loss step 60/200: score=9.400899 (avg=10.768073), loss=0.532471 (avg=0.572209), pairs_step=316800, pairs_total=19007988
[2026-03-01 09:39:11,612] INFO:fitness.free_loss_fidelity: RL4CO free-loss step 80/200: score=9.278988 (avg=10.403644), loss=0.524874 (avg=0.559514), pairs_step=316800, pairs_total=25343983
[2026-03-01 09:39:18,070] INFO:fitness.free_loss_fidelity: RL4CO free-loss step 100/200: score=9.125648 (avg=10.171844), loss=0.532814 (avg=0.551621), pairs_step=316800, pairs_total=31679981
[2026-03-01 09:39:24,545] INFO:fitness.free_loss_fidelity: RL4CO free-loss step 120/200: score=9.080555 (avg=10.003104), loss=0.524703 (avg=0.546961), pairs_step=316800, pairs_total=38015976
[2026-03-01 09:39:31,009] INFO:fitness.free_loss_fidelity: RL4CO free-loss step 140/200: score=9.107964 (avg=9.876228), loss=0.515679 (avg=0.542896), pairs_step=316800, pairs_total=44351973
[2026-03-01 09:39:37,479] INFO:fitness.free_loss_fidelity: RL4CO free-loss step 160/200: score=9.062656 (avg=9.774339), loss=0.527234 (avg=0.540214), pairs_step=316800, pairs_total=50687970
[2026-03-01 09:39:43,941] INFO:fitness.free_loss_fidelity: RL4CO free-loss step 180/200: score=8.981151 (avg=9.690228), loss=0.524958 (avg=0.538250), pairs_step=316800, pairs_total=57023968
[2026-03-01 09:39:50,384] INFO:fitness.free_loss_fidelity: RL4CO free-loss step 200/200: score=8.960814 (avg=9.616376), loss=0.524584 (avg=0.537061), pairs_step=316798, pairs_total=63359960
[2026-03-01 09:39:51,480] WARNING:fitness.free_loss_fidelity: weights_only checkpoint load failed (UnpicklingError); retrying weights_only=False for /data1/gushengda/eam-rl4co/baseline/epoch_135.ckpt
[2026-03-01 09:39:51,518] INFO:fitness.free_loss_fidelity: Loaded init checkpoint into policy: path=/data1/gushengda/eam-rl4co/baseline/epoch_135.ckpt prefix=policy. matched=97 missing=0 unexpected=0
[2026-03-01 09:39:51,523] INFO:fitness.free_loss_fidelity: RL4CO free-loss (step-mode): f1_steps=200, f2_steps=0, total_steps=200, train_problem_size=100, rollouts=100, batch_size=64, device=cuda:0, env=tsp
[2026-03-01 09:39:51,859] INFO:fitness.free_loss_fidelity: RL4CO free-loss step 1/200: score=7.803347 (avg=7.803347), loss=0.669376 (avg=0.669376), pairs_step=315697, pairs_total=315697
[2026-03-01 09:39:57,982] INFO:fitness.free_loss_fidelity: RL4CO free-loss step 20/200: score=7.779530 (avg=7.810167), loss=0.666900 (avg=0.666421), pairs_step=316070, pairs_total=6318173
[2026-03-01 09:40:04,457] INFO:fitness.free_loss_fidelity: RL4CO free-loss step 40/200: score=7.820642 (avg=7.804003), loss=0.661186 (avg=0.662297), pairs_step=316056, pairs_total=12635637
[2026-03-01 09:40:10,933] INFO:fitness.free_loss_fidelity: RL4CO free-loss step 60/200: score=7.814432 (avg=7.800129), loss=0.657508 (avg=0.660027), pairs_step=315763, pairs_total=18953993
[2026-03-01 09:40:17,410] INFO:fitness.free_loss_fidelity: RL4CO free-loss step 80/200: score=7.795794 (avg=7.798168), loss=0.640892 (avg=0.657351), pairs_step=316190, pairs_total=25274911
[2026-03-01 09:40:23,910] INFO:fitness.free_loss_fidelity: RL4CO free-loss step 100/200: score=7.757785 (avg=7.798636), loss=0.644423 (avg=0.654780), pairs_step=316096, pairs_total=31597884
[2026-03-01 09:40:30,371] INFO:fitness.free_loss_fidelity: RL4CO free-loss step 120/200: score=7.771313 (avg=7.800074), loss=0.636523 (avg=0.652484), pairs_step=316101, pairs_total=37918386
[2026-03-01 09:40:36,833] INFO:fitness.free_loss_fidelity: RL4CO free-loss step 140/200: score=7.830675 (avg=7.800878), loss=0.632005 (avg=0.650013), pairs_step=315859, pairs_total=44239280
[2026-03-01 09:40:43,284] INFO:fitness.free_loss_fidelity: RL4CO free-loss step 160/200: score=7.793135 (avg=7.800087), loss=0.616765 (avg=0.646785), pairs_step=316096, pairs_total=50560905
[2026-03-01 09:40:49,759] INFO:fitness.free_loss_fidelity: RL4CO free-loss step 180/200: score=7.782229 (avg=7.798796), loss=0.609166 (avg=0.642765), pairs_step=315872, pairs_total=56882805
[2026-03-01 09:40:56,228] INFO:fitness.free_loss_fidelity: RL4CO free-loss step 200/200: score=7.809865 (avg=7.797576), loss=0.577068 (avg=0.639057), pairs_step=315865, pairs_total=63204920
[2026-03-01 09:40:57,326] WARNING:fitness.free_loss_fidelity: weights_only checkpoint load failed (UnpicklingError); retrying weights_only=False for /data1/gushengda/eam-rl4co/baseline/epoch_409.ckpt
[2026-03-01 09:40:57,363] INFO:fitness.free_loss_fidelity: Loaded init checkpoint into policy: path=/data1/gushengda/eam-rl4co/baseline/epoch_409.ckpt prefix=policy. matched=97 missing=0 unexpected=0
[2026-03-01 09:40:57,368] INFO:fitness.free_loss_fidelity: RL4CO free-loss (step-mode): f1_steps=200, f2_steps=0, total_steps=200, train_problem_size=100, rollouts=100, batch_size=64, device=cuda:0, env=tsp
[2026-03-01 09:40:57,706] INFO:fitness.free_loss_fidelity: RL4CO free-loss step 1/200: score=7.807477 (avg=7.807477), loss=0.188473 (avg=0.188473), pairs_step=315750, pairs_total=315750
[2026-03-01 09:41:04,061] INFO:fitness.free_loss_fidelity: RL4CO free-loss step 20/200: score=7.781511 (avg=7.808785), loss=0.181404 (avg=0.181004), pairs_step=316032, pairs_total=6319882
[2026-03-01 09:41:10,539] INFO:fitness.free_loss_fidelity: RL4CO free-loss step 40/200: score=7.819791 (avg=7.802909), loss=0.185393 (avg=0.182316), pairs_step=316040, pairs_total=12638096
[2026-03-01 09:41:17,000] INFO:fitness.free_loss_fidelity: RL4CO free-loss step 60/200: score=7.814017 (avg=7.799790), loss=0.183147 (avg=0.181885), pairs_step=315871, pairs_total=18955612
[2026-03-01 09:41:23,483] INFO:fitness.free_loss_fidelity: RL4CO free-loss step 80/200: score=7.793376 (avg=7.797954), loss=0.187857 (avg=0.181921), pairs_step=315921, pairs_total=25273431
[2026-03-01 09:41:29,955] INFO:fitness.free_loss_fidelity: RL4CO free-loss step 100/200: score=7.757135 (avg=7.798129), loss=0.182458 (avg=0.181975), pairs_step=315640, pairs_total=31592832
[2026-03-01 09:41:36,443] INFO:fitness.free_loss_fidelity: RL4CO free-loss step 120/200: score=7.774426 (avg=7.799565), loss=0.175638 (avg=0.181872), pairs_step=315845, pairs_total=37911634
[2026-03-01 09:41:42,904] INFO:fitness.free_loss_fidelity: RL4CO free-loss step 140/200: score=7.824790 (avg=7.800193), loss=0.176117 (avg=0.181435), pairs_step=315830, pairs_total=44229186
[2026-03-01 09:41:49,363] INFO:fitness.free_loss_fidelity: RL4CO free-loss step 160/200: score=7.796418 (avg=7.799344), loss=0.178471 (avg=0.180674), pairs_step=316041, pairs_total=50547832
[2026-03-01 09:41:55,859] INFO:fitness.free_loss_fidelity: RL4CO free-loss step 180/200: score=7.782756 (avg=7.798070), loss=0.175763 (avg=0.180111), pairs_step=315719, pairs_total=56863987
[2026-03-01 09:42:02,324] INFO:fitness.free_loss_fidelity: RL4CO free-loss step 200/200: score=7.811660 (avg=7.796855), loss=0.171178 (avg=0.179612), pairs_step=315636, pairs_total=63181550
