[2026-03-01 09:48:30,450] INFO:fitness.free_loss_fidelity: Stage3 offline mini-train start gen=3 pair_index=20 K=200 seed=12345 valid_sizes=[100] baseline_json=baseline/mini_eval/baseline_minitrain_tsp100_K200.json
[2026-03-01 09:48:30,473] INFO:fitness.free_loss_fidelity: RL4CO free-loss (step-mode): f1_steps=200, f2_steps=0, total_steps=200, train_problem_size=100, rollouts=100, batch_size=64, device=cuda:1, env=tsp
[2026-03-01 09:48:30,832] INFO:fitness.free_loss_fidelity: RL4CO free-loss step 1/200: score=36.122910 (avg=36.122910), loss=0.781122 (avg=0.781122), pairs_step=316800, pairs_total=316800
[2026-03-01 09:48:37,697] INFO:fitness.free_loss_fidelity: RL4CO free-loss step 20/200: score=9.856967 (avg=12.703748), loss=0.608374 (avg=0.627007), pairs_step=316799, pairs_total=6335993
[2026-03-01 09:48:44,947] INFO:fitness.free_loss_fidelity: RL4CO free-loss step 40/200: score=9.353909 (avg=11.091633), loss=0.617320 (avg=0.621211), pairs_step=316800, pairs_total=12671993
[2026-03-01 09:48:52,139] INFO:fitness.free_loss_fidelity: RL4CO free-loss step 60/200: score=9.151657 (avg=10.465639), loss=0.608910 (avg=0.618038), pairs_step=316800, pairs_total=19007989
[2026-03-01 09:48:59,347] INFO:fitness.free_loss_fidelity: RL4CO free-loss step 80/200: score=8.960698 (avg=10.104126), loss=0.596480 (avg=0.614260), pairs_step=316800, pairs_total=25343985
[2026-03-01 09:49:06,555] INFO:fitness.free_loss_fidelity: RL4CO free-loss step 100/200: score=8.822198 (avg=9.866579), loss=0.600597 (avg=0.611495), pairs_step=316800, pairs_total=31679981
[2026-03-01 09:49:13,762] INFO:fitness.free_loss_fidelity: RL4CO free-loss step 120/200: score=8.788586 (avg=9.697357), loss=0.602042 (avg=0.609713), pairs_step=316800, pairs_total=38015973
[2026-03-01 09:49:20,955] INFO:fitness.free_loss_fidelity: RL4CO free-loss step 140/200: score=8.751632 (avg=9.566241), loss=0.608988 (avg=0.609118), pairs_step=316800, pairs_total=44351970
[2026-03-01 09:49:28,146] INFO:fitness.free_loss_fidelity: RL4CO free-loss step 160/200: score=8.696346 (avg=9.454780), loss=0.613940 (avg=0.609233), pairs_step=316800, pairs_total=50687965
[2026-03-01 09:49:35,347] INFO:fitness.free_loss_fidelity: RL4CO free-loss step 180/200: score=8.570932 (avg=9.359955), loss=0.619751 (avg=0.609749), pairs_step=316800, pairs_total=57023957
[2026-03-01 09:49:42,558] INFO:fitness.free_loss_fidelity: RL4CO free-loss step 200/200: score=8.532590 (avg=9.278317), loss=0.622405 (avg=0.610307), pairs_step=316798, pairs_total=63359951
[2026-03-01 09:49:43,861] WARNING:fitness.free_loss_fidelity: weights_only checkpoint load failed (UnpicklingError); retrying weights_only=False for /data1/gushengda/eam-rl4co/baseline/epoch_135.ckpt
[2026-03-01 09:49:43,904] INFO:fitness.free_loss_fidelity: Loaded init checkpoint into policy: path=/data1/gushengda/eam-rl4co/baseline/epoch_135.ckpt prefix=policy. matched=97 missing=0 unexpected=0
[2026-03-01 09:49:43,909] INFO:fitness.free_loss_fidelity: RL4CO free-loss (step-mode): f1_steps=200, f2_steps=0, total_steps=200, train_problem_size=100, rollouts=100, batch_size=64, device=cuda:1, env=tsp
[2026-03-01 09:49:44,301] INFO:fitness.free_loss_fidelity: RL4CO free-loss step 1/200: score=7.803347 (avg=7.803347), loss=0.677442 (avg=0.677442), pairs_step=315697, pairs_total=315697
[2026-03-01 09:49:51,142] INFO:fitness.free_loss_fidelity: RL4CO free-loss step 20/200: score=7.785821 (avg=7.809685), loss=0.676880 (avg=0.676600), pairs_step=315848, pairs_total=6316222
[2026-03-01 09:49:58,333] INFO:fitness.free_loss_fidelity: RL4CO free-loss step 40/200: score=7.816484 (avg=7.803460), loss=0.679411 (avg=0.677000), pairs_step=315883, pairs_total=12629920
[2026-03-01 09:50:05,098] INFO:fitness.free_loss_fidelity: RL4CO free-loss step 60/200: score=7.818891 (avg=7.799773), loss=0.677712 (avg=0.677158), pairs_step=315739, pairs_total=18945407
[2026-03-01 09:50:11,480] INFO:fitness.free_loss_fidelity: RL4CO free-loss step 80/200: score=7.796863 (avg=7.798170), loss=0.678046 (avg=0.677248), pairs_step=315851, pairs_total=25260184
[2026-03-01 09:50:17,862] INFO:fitness.free_loss_fidelity: RL4CO free-loss step 100/200: score=7.756858 (avg=7.798872), loss=0.678171 (avg=0.677247), pairs_step=315789, pairs_total=31573987
[2026-03-01 09:50:24,242] INFO:fitness.free_loss_fidelity: RL4CO free-loss step 120/200: score=7.773656 (avg=7.800118), loss=0.675069 (avg=0.677157), pairs_step=315585, pairs_total=37887431
[2026-03-01 09:50:30,655] INFO:fitness.free_loss_fidelity: RL4CO free-loss step 140/200: score=7.826527 (avg=7.801182), loss=0.679454 (avg=0.677309), pairs_step=315180, pairs_total=44199015
[2026-03-01 09:50:37,030] INFO:fitness.free_loss_fidelity: RL4CO free-loss step 160/200: score=7.800241 (avg=7.800691), loss=0.677416 (avg=0.677331), pairs_step=315189, pairs_total=50512532
[2026-03-01 09:50:43,405] INFO:fitness.free_loss_fidelity: RL4CO free-loss step 180/200: score=7.786853 (avg=7.799587), loss=0.676112 (avg=0.677423), pairs_step=315276, pairs_total=56825230
[2026-03-01 09:50:49,780] INFO:fitness.free_loss_fidelity: RL4CO free-loss step 200/200: score=7.811348 (avg=7.798414), loss=0.675488 (avg=0.677453), pairs_step=314898, pairs_total=63137119
[2026-03-01 09:50:50,896] WARNING:fitness.free_loss_fidelity: weights_only checkpoint load failed (UnpicklingError); retrying weights_only=False for /data1/gushengda/eam-rl4co/baseline/epoch_409.ckpt
[2026-03-01 09:50:50,926] INFO:fitness.free_loss_fidelity: Loaded init checkpoint into policy: path=/data1/gushengda/eam-rl4co/baseline/epoch_409.ckpt prefix=policy. matched=97 missing=0 unexpected=0
[2026-03-01 09:50:50,930] INFO:fitness.free_loss_fidelity: RL4CO free-loss (step-mode): f1_steps=200, f2_steps=0, total_steps=200, train_problem_size=100, rollouts=100, batch_size=64, device=cuda:1, env=tsp
[2026-03-01 09:50:51,251] INFO:fitness.free_loss_fidelity: RL4CO free-loss step 1/200: score=7.807477 (avg=7.807477), loss=0.222938 (avg=0.222938), pairs_step=315750, pairs_total=315750
[2026-03-01 09:50:57,325] INFO:fitness.free_loss_fidelity: RL4CO free-loss step 20/200: score=7.787832 (avg=7.808958), loss=0.220100 (avg=0.221599), pairs_step=315844, pairs_total=6318064
[2026-03-01 09:51:03,716] INFO:fitness.free_loss_fidelity: RL4CO free-loss step 40/200: score=7.814361 (avg=7.802447), loss=0.211759 (avg=0.219139), pairs_step=316097, pairs_total=12637370
[2026-03-01 09:51:10,094] INFO:fitness.free_loss_fidelity: RL4CO free-loss step 60/200: score=7.812652 (avg=7.798929), loss=0.210344 (avg=0.215442), pairs_step=315935, pairs_total=18953677
[2026-03-01 09:51:16,481] INFO:fitness.free_loss_fidelity: RL4CO free-loss step 80/200: score=7.800842 (avg=7.797813), loss=0.235624 (avg=0.217315), pairs_step=315802, pairs_total=25272448
[2026-03-01 09:51:22,870] INFO:fitness.free_loss_fidelity: RL4CO free-loss step 100/200: score=7.754551 (avg=7.798254), loss=0.228331 (avg=0.220406), pairs_step=316006, pairs_total=31591952
[2026-03-01 09:51:29,259] INFO:fitness.free_loss_fidelity: RL4CO free-loss step 120/200: score=7.774936 (avg=7.799267), loss=0.204070 (avg=0.219376), pairs_step=315419, pairs_total=37908221
[2026-03-01 09:51:35,648] INFO:fitness.free_loss_fidelity: RL4CO free-loss step 140/200: score=7.826506 (avg=7.800197), loss=0.212781 (avg=0.217726), pairs_step=315451, pairs_total=44224151
[2026-03-01 09:51:42,042] INFO:fitness.free_loss_fidelity: RL4CO free-loss step 160/200: score=7.797256 (avg=7.799422), loss=0.239785 (avg=0.219066), pairs_step=315792, pairs_total=50538869
[2026-03-01 09:51:48,429] INFO:fitness.free_loss_fidelity: RL4CO free-loss step 180/200: score=7.788418 (avg=7.798244), loss=0.232864 (avg=0.221826), pairs_step=315485, pairs_total=56852478
[2026-03-01 09:51:54,818] INFO:fitness.free_loss_fidelity: RL4CO free-loss step 200/200: score=7.814594 (avg=7.797053), loss=0.202114 (avg=0.221163), pairs_step=315649, pairs_total=63166976
