[2026-03-01 09:58:31,617] INFO:fitness.free_loss_fidelity: Stage3 offline mini-train start gen=4 pair_index=3 K=200 seed=12345 valid_sizes=[100] baseline_json=baseline/mini_eval/baseline_minitrain_tsp100_K200.json
[2026-03-01 09:58:38,775] INFO:fitness.free_loss_fidelity: RL4CO free-loss (step-mode): f1_steps=200, f2_steps=0, total_steps=200, train_problem_size=100, rollouts=100, batch_size=64, device=cuda:3, env=tsp
[2026-03-01 09:58:40,083] INFO:fitness.free_loss_fidelity: RL4CO free-loss step 1/200: score=36.122910 (avg=36.122910), loss=0.970598 (avg=0.970598), pairs_step=316800, pairs_total=316800
[2026-03-01 09:58:46,168] INFO:fitness.free_loss_fidelity: RL4CO free-loss step 20/200: score=9.840985 (avg=12.598062), loss=0.792857 (avg=0.805884), pairs_step=316800, pairs_total=6336000
[2026-03-01 09:58:53,021] INFO:fitness.free_loss_fidelity: RL4CO free-loss step 40/200: score=9.292238 (avg=11.026778), loss=0.798697 (avg=0.806262), pairs_step=316800, pairs_total=12671997
[2026-03-01 09:58:59,583] INFO:fitness.free_loss_fidelity: RL4CO free-loss step 60/200: score=9.176481 (avg=10.415774), loss=0.793883 (avg=0.803186), pairs_step=316800, pairs_total=19007988
[2026-03-01 09:59:05,862] INFO:fitness.free_loss_fidelity: RL4CO free-loss step 80/200: score=8.913036 (avg=10.064424), loss=0.783814 (avg=0.799272), pairs_step=316800, pairs_total=25343984
[2026-03-01 09:59:12,075] INFO:fitness.free_loss_fidelity: RL4CO free-loss step 100/200: score=8.795152 (avg=9.832717), loss=0.784450 (avg=0.796967), pairs_step=316800, pairs_total=31679977
[2026-03-01 09:59:18,285] INFO:fitness.free_loss_fidelity: RL4CO free-loss step 120/200: score=8.725814 (avg=9.663186), loss=0.789243 (avg=0.795372), pairs_step=316799, pairs_total=38015971
[2026-03-01 09:59:24,499] INFO:fitness.free_loss_fidelity: RL4CO free-loss step 140/200: score=8.688229 (avg=9.526589), loss=0.789686 (avg=0.795152), pairs_step=316800, pairs_total=44351966
[2026-03-01 09:59:30,725] INFO:fitness.free_loss_fidelity: RL4CO free-loss step 160/200: score=8.576288 (avg=9.413400), loss=0.802545 (avg=0.795609), pairs_step=316799, pairs_total=50687959
[2026-03-01 09:59:36,952] INFO:fitness.free_loss_fidelity: RL4CO free-loss step 180/200: score=8.512604 (avg=9.316504), loss=0.807855 (avg=0.796680), pairs_step=316800, pairs_total=57023952
[2026-03-01 09:59:43,179] INFO:fitness.free_loss_fidelity: RL4CO free-loss step 200/200: score=8.469845 (avg=9.233992), loss=0.812097 (avg=0.797961), pairs_step=316800, pairs_total=63359938
[2026-03-01 09:59:44,289] WARNING:fitness.free_loss_fidelity: weights_only checkpoint load failed (UnpicklingError); retrying weights_only=False for /data1/gushengda/eam-rl4co/baseline/epoch_135.ckpt
[2026-03-01 09:59:44,329] INFO:fitness.free_loss_fidelity: Loaded init checkpoint into policy: path=/data1/gushengda/eam-rl4co/baseline/epoch_135.ckpt prefix=policy. matched=97 missing=0 unexpected=0
[2026-03-01 09:59:44,334] INFO:fitness.free_loss_fidelity: RL4CO free-loss (step-mode): f1_steps=200, f2_steps=0, total_steps=200, train_problem_size=100, rollouts=100, batch_size=64, device=cuda:3, env=tsp
[2026-03-01 09:59:44,651] INFO:fitness.free_loss_fidelity: RL4CO free-loss step 1/200: score=7.803347 (avg=7.803347), loss=0.862089 (avg=0.862089), pairs_step=315697, pairs_total=315697
[2026-03-01 09:59:50,593] INFO:fitness.free_loss_fidelity: RL4CO free-loss step 20/200: score=7.782347 (avg=7.810760), loss=0.864179 (avg=0.864495), pairs_step=315891, pairs_total=6315758
[2026-03-01 09:59:56,884] INFO:fitness.free_loss_fidelity: RL4CO free-loss step 40/200: score=7.817981 (avg=7.804011), loss=0.867114 (avg=0.865522), pairs_step=315937, pairs_total=12630498
[2026-03-01 10:00:03,925] INFO:fitness.free_loss_fidelity: RL4CO free-loss step 60/200: score=7.817544 (avg=7.800119), loss=0.872365 (avg=0.865956), pairs_step=315412, pairs_total=18944475
[2026-03-01 10:00:11,004] INFO:fitness.free_loss_fidelity: RL4CO free-loss step 80/200: score=7.800132 (avg=7.799109), loss=0.870397 (avg=0.866987), pairs_step=315794, pairs_total=25258441
[2026-03-01 10:00:18,081] INFO:fitness.free_loss_fidelity: RL4CO free-loss step 100/200: score=7.756900 (avg=7.799944), loss=0.865145 (avg=0.866771), pairs_step=315619, pairs_total=31572548
[2026-03-01 10:00:25,142] INFO:fitness.free_loss_fidelity: RL4CO free-loss step 120/200: score=7.772836 (avg=7.801318), loss=0.867901 (avg=0.867187), pairs_step=315308, pairs_total=37885674
[2026-03-01 10:00:32,206] INFO:fitness.free_loss_fidelity: RL4CO free-loss step 140/200: score=7.831845 (avg=7.802416), loss=0.866398 (avg=0.867607), pairs_step=315108, pairs_total=44196610
[2026-03-01 10:00:39,256] INFO:fitness.free_loss_fidelity: RL4CO free-loss step 160/200: score=7.791352 (avg=7.801682), loss=0.869342 (avg=0.867578), pairs_step=315285, pairs_total=50506989
[2026-03-01 10:00:46,316] INFO:fitness.free_loss_fidelity: RL4CO free-loss step 180/200: score=7.787481 (avg=7.800530), loss=0.865843 (avg=0.867620), pairs_step=315471, pairs_total=56817326
[2026-03-01 10:00:53,369] INFO:fitness.free_loss_fidelity: RL4CO free-loss step 200/200: score=7.810849 (avg=7.799335), loss=0.867291 (avg=0.867868), pairs_step=315532, pairs_total=63130270
[2026-03-01 10:00:54,681] WARNING:fitness.free_loss_fidelity: weights_only checkpoint load failed (UnpicklingError); retrying weights_only=False for /data1/gushengda/eam-rl4co/baseline/epoch_409.ckpt
[2026-03-01 10:00:54,723] INFO:fitness.free_loss_fidelity: Loaded init checkpoint into policy: path=/data1/gushengda/eam-rl4co/baseline/epoch_409.ckpt prefix=policy. matched=97 missing=0 unexpected=0
[2026-03-01 10:00:54,729] INFO:fitness.free_loss_fidelity: RL4CO free-loss (step-mode): f1_steps=200, f2_steps=0, total_steps=200, train_problem_size=100, rollouts=100, batch_size=64, device=cuda:3, env=tsp
[2026-03-01 10:00:55,094] INFO:fitness.free_loss_fidelity: RL4CO free-loss step 1/200: score=7.807477 (avg=7.807477), loss=0.265922 (avg=0.265922), pairs_step=315750, pairs_total=315750
[2026-03-01 10:01:01,808] INFO:fitness.free_loss_fidelity: RL4CO free-loss step 20/200: score=7.781448 (avg=7.808868), loss=0.265513 (avg=0.267458), pairs_step=316077, pairs_total=6318834
[2026-03-01 10:01:08,236] INFO:fitness.free_loss_fidelity: RL4CO free-loss step 40/200: score=7.812640 (avg=7.801768), loss=0.250901 (avg=0.262666), pairs_step=316073, pairs_total=12637216
[2026-03-01 10:01:14,643] INFO:fitness.free_loss_fidelity: RL4CO free-loss step 60/200: score=7.808111 (avg=7.797788), loss=0.257514 (avg=0.259139), pairs_step=315930, pairs_total=18954217
[2026-03-01 10:01:21,047] INFO:fitness.free_loss_fidelity: RL4CO free-loss step 80/200: score=7.792557 (avg=7.796222), loss=0.270626 (avg=0.259678), pairs_step=315726, pairs_total=25269063
[2026-03-01 10:01:27,454] INFO:fitness.free_loss_fidelity: RL4CO free-loss step 100/200: score=7.759045 (avg=7.796939), loss=0.278673 (avg=0.263449), pairs_step=316011, pairs_total=31587458
[2026-03-01 10:01:33,846] INFO:fitness.free_loss_fidelity: RL4CO free-loss step 120/200: score=7.771460 (avg=7.798345), loss=0.254487 (avg=0.264299), pairs_step=315877, pairs_total=37903730
[2026-03-01 10:01:40,245] INFO:fitness.free_loss_fidelity: RL4CO free-loss step 140/200: score=7.826057 (avg=7.799306), loss=0.252302 (avg=0.262752), pairs_step=315964, pairs_total=44217449
[2026-03-01 10:01:46,978] INFO:fitness.free_loss_fidelity: RL4CO free-loss step 160/200: score=7.797629 (avg=7.798708), loss=0.269217 (avg=0.262195), pairs_step=315850, pairs_total=50531292
[2026-03-01 10:01:53,395] INFO:fitness.free_loss_fidelity: RL4CO free-loss step 180/200: score=7.780757 (avg=7.797611), loss=0.274858 (avg=0.263375), pairs_step=315252, pairs_total=56844012
[2026-03-01 10:01:59,835] INFO:fitness.free_loss_fidelity: RL4CO free-loss step 200/200: score=7.807068 (avg=7.796334), loss=0.255713 (avg=0.264288), pairs_step=315359, pairs_total=63156812
