[2026-03-01 08:55:24,796] INFO:fitness.free_loss_fidelity: Stage3 offline mini-train start gen=0 pair_index=11 K=200 seed=12345 valid_sizes=[100] baseline_json=baseline/mini_eval/baseline_minitrain_tsp100_K200.json
[2026-03-01 08:55:24,818] INFO:fitness.free_loss_fidelity: RL4CO free-loss (step-mode): f1_steps=200, f2_steps=0, total_steps=200, train_problem_size=100, rollouts=100, batch_size=64, device=cuda:2, env=tsp
[2026-03-01 08:55:25,151] INFO:fitness.free_loss_fidelity: RL4CO free-loss step 1/200: score=36.122910 (avg=36.122910), loss=11.285210 (avg=11.285210), pairs_step=316800, pairs_total=316800
[2026-03-01 08:55:31,380] INFO:fitness.free_loss_fidelity: RL4CO free-loss step 20/200: score=17.436644 (avg=16.296943), loss=3.078734 (avg=3.783422), pairs_step=316800, pairs_total=6335997
[2026-03-01 08:55:37,924] INFO:fitness.free_loss_fidelity: RL4CO free-loss step 40/200: score=19.974964 (avg=17.458573), loss=2.368801 (avg=3.339074), pairs_step=316800, pairs_total=12671992
[2026-03-01 08:55:44,463] INFO:fitness.free_loss_fidelity: RL4CO free-loss step 60/200: score=24.190041 (avg=19.078862), loss=2.333138 (avg=3.008503), pairs_step=316800, pairs_total=19007991
[2026-03-01 08:55:51,007] INFO:fitness.free_loss_fidelity: RL4CO free-loss step 80/200: score=25.933792 (avg=20.559452), loss=2.323489 (avg=2.842232), pairs_step=316800, pairs_total=25343987
[2026-03-01 08:55:57,537] INFO:fitness.free_loss_fidelity: RL4CO free-loss step 100/200: score=27.307390 (avg=21.793060), loss=2.389904 (avg=2.751852), pairs_step=316800, pairs_total=31679985
[2026-03-01 08:56:04,101] INFO:fitness.free_loss_fidelity: RL4CO free-loss step 120/200: score=28.234888 (avg=22.800421), loss=2.382490 (avg=2.696122), pairs_step=316799, pairs_total=38015983
[2026-03-01 08:56:10,679] INFO:fitness.free_loss_fidelity: RL4CO free-loss step 140/200: score=28.980900 (avg=23.624032), loss=2.350742 (avg=2.650260), pairs_step=316800, pairs_total=44351981
[2026-03-01 08:56:17,224] INFO:fitness.free_loss_fidelity: RL4CO free-loss step 160/200: score=29.905701 (avg=24.337531), loss=2.299485 (avg=2.608002), pairs_step=316799, pairs_total=50687977
[2026-03-01 08:56:23,778] INFO:fitness.free_loss_fidelity: RL4CO free-loss step 180/200: score=31.372776 (avg=25.030780), loss=2.379849 (avg=2.577376), pairs_step=316800, pairs_total=57023972
[2026-03-01 08:56:30,330] INFO:fitness.free_loss_fidelity: RL4CO free-loss step 200/200: score=32.547600 (avg=25.724578), loss=2.277350 (avg=2.554306), pairs_step=316800, pairs_total=63359968
[2026-03-01 08:56:31,446] WARNING:fitness.free_loss_fidelity: weights_only checkpoint load failed (UnpicklingError); retrying weights_only=False for /data1/gushengda/eam-rl4co/baseline/epoch_135.ckpt
[2026-03-01 08:56:31,486] INFO:fitness.free_loss_fidelity: Loaded init checkpoint into policy: path=/data1/gushengda/eam-rl4co/baseline/epoch_135.ckpt prefix=policy. matched=97 missing=0 unexpected=0
[2026-03-01 08:56:31,491] INFO:fitness.free_loss_fidelity: RL4CO free-loss (step-mode): f1_steps=200, f2_steps=0, total_steps=200, train_problem_size=100, rollouts=100, batch_size=64, device=cuda:2, env=tsp
[2026-03-01 08:56:31,824] INFO:fitness.free_loss_fidelity: RL4CO free-loss step 1/200: score=7.803347 (avg=7.803347), loss=2.344216 (avg=2.344216), pairs_step=315697, pairs_total=315697
[2026-03-01 08:56:38,058] INFO:fitness.free_loss_fidelity: RL4CO free-loss step 20/200: score=7.839019 (avg=7.826977), loss=0.687558 (avg=1.577417), pairs_step=316794, pairs_total=6328916
[2026-03-01 08:56:44,599] INFO:fitness.free_loss_fidelity: RL4CO free-loss step 40/200: score=8.552503 (avg=7.958706), loss=0.626690 (avg=1.080617), pairs_step=316800, pairs_total=12664912
[2026-03-01 08:56:51,137] INFO:fitness.free_loss_fidelity: RL4CO free-loss step 60/200: score=10.775394 (avg=8.497451), loss=0.662633 (avg=0.944295), pairs_step=316800, pairs_total=19000909
[2026-03-01 08:56:57,677] INFO:fitness.free_loss_fidelity: RL4CO free-loss step 80/200: score=14.279544 (avg=9.359456), loss=0.735347 (avg=0.877527), pairs_step=316800, pairs_total=25336908
[2026-03-01 08:57:04,224] INFO:fitness.free_loss_fidelity: RL4CO free-loss step 100/200: score=29.566313 (avg=11.643022), loss=1.665934 (avg=0.937581), pairs_step=316800, pairs_total=31672907
[2026-03-01 08:57:10,821] INFO:fitness.free_loss_fidelity: RL4CO free-loss step 120/200: score=32.443321 (avg=15.315905), loss=1.623364 (avg=1.081683), pairs_step=316800, pairs_total=38008905
[2026-03-01 08:57:17,368] INFO:fitness.free_loss_fidelity: RL4CO free-loss step 140/200: score=40.142921 (avg=18.437400), loss=1.246257 (avg=1.131455), pairs_step=316800, pairs_total=44344903
[2026-03-01 08:57:23,899] INFO:fitness.free_loss_fidelity: RL4CO free-loss step 160/200: score=43.151829 (avg=21.422702), loss=0.923671 (avg=1.122369), pairs_step=316800, pairs_total=50680901
[2026-03-01 08:57:30,461] INFO:fitness.free_loss_fidelity: RL4CO free-loss step 180/200: score=42.488777 (avg=23.817880), loss=1.056772 (avg=1.114698), pairs_step=316800, pairs_total=57016894
[2026-03-01 08:57:37,016] INFO:fitness.free_loss_fidelity: RL4CO free-loss step 200/200: score=43.220573 (avg=25.610641), loss=0.736111 (avg=1.103380), pairs_step=316800, pairs_total=63352892
[2026-03-01 08:57:38,123] WARNING:fitness.free_loss_fidelity: weights_only checkpoint load failed (UnpicklingError); retrying weights_only=False for /data1/gushengda/eam-rl4co/baseline/epoch_409.ckpt
[2026-03-01 08:57:38,162] INFO:fitness.free_loss_fidelity: Loaded init checkpoint into policy: path=/data1/gushengda/eam-rl4co/baseline/epoch_409.ckpt prefix=policy. matched=97 missing=0 unexpected=0
[2026-03-01 08:57:38,166] INFO:fitness.free_loss_fidelity: RL4CO free-loss (step-mode): f1_steps=200, f2_steps=0, total_steps=200, train_problem_size=100, rollouts=100, batch_size=64, device=cuda:2, env=tsp
[2026-03-01 08:57:38,509] INFO:fitness.free_loss_fidelity: RL4CO free-loss step 1/200: score=7.807477 (avg=7.807477), loss=0.319937 (avg=0.319937), pairs_step=315750, pairs_total=315750
[2026-03-01 08:57:44,941] INFO:fitness.free_loss_fidelity: RL4CO free-loss step 20/200: score=7.786376 (avg=7.810833), loss=0.353969 (avg=0.327655), pairs_step=316714, pairs_total=6323612
[2026-03-01 08:57:51,486] INFO:fitness.free_loss_fidelity: RL4CO free-loss step 40/200: score=7.905262 (avg=7.833436), loss=0.496619 (avg=0.540906), pairs_step=316799, pairs_total=12659462
[2026-03-01 08:57:58,035] INFO:fitness.free_loss_fidelity: RL4CO free-loss step 60/200: score=8.085886 (avg=7.874634), loss=0.515088 (avg=0.537532), pairs_step=316800, pairs_total=18995458
[2026-03-01 08:58:04,574] INFO:fitness.free_loss_fidelity: RL4CO free-loss step 80/200: score=8.973021 (avg=8.005343), loss=0.527647 (avg=0.527965), pairs_step=316800, pairs_total=25331456
[2026-03-01 08:58:11,135] INFO:fitness.free_loss_fidelity: RL4CO free-loss step 100/200: score=9.262321 (avg=8.239692), loss=0.358483 (avg=0.503215), pairs_step=316800, pairs_total=31667453
[2026-03-01 08:58:17,665] INFO:fitness.free_loss_fidelity: RL4CO free-loss step 120/200: score=12.141751 (avg=8.837989), loss=0.218481 (avg=0.485294), pairs_step=316800, pairs_total=38003452
[2026-03-01 08:58:24,220] INFO:fitness.free_loss_fidelity: RL4CO free-loss step 140/200: score=13.385237 (avg=9.344508), loss=0.277196 (avg=0.446661), pairs_step=316800, pairs_total=44339450
[2026-03-01 08:58:30,732] INFO:fitness.free_loss_fidelity: RL4CO free-loss step 160/200: score=20.130777 (avg=10.199400), loss=0.247155 (avg=0.429627), pairs_step=316798, pairs_total=50675447
[2026-03-01 08:58:37,294] INFO:fitness.free_loss_fidelity: RL4CO free-loss step 180/200: score=26.628225 (avg=11.705320), loss=0.183908 (avg=0.405285), pairs_step=316800, pairs_total=57011443
[2026-03-01 08:58:43,828] INFO:fitness.free_loss_fidelity: RL4CO free-loss step 200/200: score=28.303015 (avg=13.301977), loss=0.161137 (avg=0.381434), pairs_step=316800, pairs_total=63347440
