[2026-03-01 14:43:56,360] INFO:fitness.free_loss_fidelity: Stage3 offline mini-train start gen=14 pair_index=17 K=200 seed=12345 valid_sizes=[100] baseline_json=baseline/mini_eval/baseline_minitrain_tsp100_K200.json
[2026-03-01 14:43:56,381] INFO:fitness.free_loss_fidelity: RL4CO free-loss (step-mode): f1_steps=200, f2_steps=0, total_steps=200, train_problem_size=100, rollouts=100, batch_size=64, device=cuda:2, env=tsp
[2026-03-01 14:43:56,699] INFO:fitness.free_loss_fidelity: RL4CO free-loss step 1/200: score=36.122910 (avg=36.122910), loss=0.827792 (avg=0.827792), pairs_step=12608, pairs_total=12608
[2026-03-01 14:44:02,674] INFO:fitness.free_loss_fidelity: RL4CO free-loss step 20/200: score=23.236494 (avg=19.959292), loss=0.745499 (avg=0.771529), pairs_step=12608, pairs_total=252157
[2026-03-01 14:44:08,949] INFO:fitness.free_loss_fidelity: RL4CO free-loss step 40/200: score=28.376379 (avg=23.140099), loss=0.721275 (avg=0.751338), pairs_step=12608, pairs_total=504315
[2026-03-01 14:44:15,230] INFO:fitness.free_loss_fidelity: RL4CO free-loss step 60/200: score=29.923252 (avg=25.119424), loss=0.716653 (avg=0.740420), pairs_step=12608, pairs_total=756469
[2026-03-01 14:44:21,507] INFO:fitness.free_loss_fidelity: RL4CO free-loss step 80/200: score=34.923431 (avg=26.794921), loss=0.711903 (avg=0.734039), pairs_step=12608, pairs_total=1008623
[2026-03-01 14:44:27,778] INFO:fitness.free_loss_fidelity: RL4CO free-loss step 100/200: score=37.816193 (avg=28.814654), loss=0.709555 (avg=0.730388), pairs_step=12608, pairs_total=1260782
[2026-03-01 14:44:34,055] INFO:fitness.free_loss_fidelity: RL4CO free-loss step 120/200: score=37.078590 (avg=30.207627), loss=0.699988 (avg=0.726131), pairs_step=12608, pairs_total=1512937
[2026-03-01 14:44:40,306] INFO:fitness.free_loss_fidelity: RL4CO free-loss step 140/200: score=37.380020 (avg=31.199045), loss=0.700710 (avg=0.722205), pairs_step=12608, pairs_total=1765095
[2026-03-01 14:44:46,532] INFO:fitness.free_loss_fidelity: RL4CO free-loss step 160/200: score=37.176773 (avg=31.954721), loss=0.697009 (avg=0.719101), pairs_step=12608, pairs_total=2017252
[2026-03-01 14:44:52,777] INFO:fitness.free_loss_fidelity: RL4CO free-loss step 180/200: score=37.623421 (avg=32.552705), loss=0.696367 (avg=0.716553), pairs_step=12608, pairs_total=2269410
[2026-03-01 14:44:59,034] INFO:fitness.free_loss_fidelity: RL4CO free-loss step 200/200: score=37.216003 (avg=33.033782), loss=0.695882 (avg=0.714513), pairs_step=12608, pairs_total=2521566
[2026-03-01 14:45:00,147] WARNING:fitness.free_loss_fidelity: weights_only checkpoint load failed (UnpicklingError); retrying weights_only=False for /data1/gushengda/eam-rl4co/baseline/epoch_135.ckpt
[2026-03-01 14:45:00,184] INFO:fitness.free_loss_fidelity: Loaded init checkpoint into policy: path=/data1/gushengda/eam-rl4co/baseline/epoch_135.ckpt prefix=policy. matched=97 missing=0 unexpected=0
[2026-03-01 14:45:00,189] INFO:fitness.free_loss_fidelity: RL4CO free-loss (step-mode): f1_steps=200, f2_steps=0, total_steps=200, train_problem_size=100, rollouts=100, batch_size=64, device=cuda:2, env=tsp
[2026-03-01 14:45:00,506] INFO:fitness.free_loss_fidelity: RL4CO free-loss step 1/200: score=7.803347 (avg=7.803347), loss=0.712392 (avg=0.712392), pairs_step=11868, pairs_total=11868
[2026-03-01 14:45:06,477] INFO:fitness.free_loss_fidelity: RL4CO free-loss step 20/200: score=8.062782 (avg=7.872543), loss=0.680388 (avg=0.709257), pairs_step=12608, pairs_total=248079
[2026-03-01 14:45:12,733] INFO:fitness.free_loss_fidelity: RL4CO free-loss step 40/200: score=10.945065 (avg=8.790074), loss=0.605765 (avg=0.666504), pairs_step=12608, pairs_total=500237
[2026-03-01 14:45:19,005] INFO:fitness.free_loss_fidelity: RL4CO free-loss step 60/200: score=17.301390 (avg=10.422008), loss=0.688340 (avg=0.660735), pairs_step=12608, pairs_total=752396
[2026-03-01 14:45:25,282] INFO:fitness.free_loss_fidelity: RL4CO free-loss step 80/200: score=26.939095 (avg=13.415532), loss=0.701198 (avg=0.667372), pairs_step=12608, pairs_total=1004554
[2026-03-01 14:45:31,541] INFO:fitness.free_loss_fidelity: RL4CO free-loss step 100/200: score=27.065315 (avg=15.462571), loss=0.670607 (avg=0.670202), pairs_step=12608, pairs_total=1256712
[2026-03-01 14:45:38,002] INFO:fitness.free_loss_fidelity: RL4CO free-loss step 120/200: score=18.908413 (avg=16.577426), loss=0.522166 (avg=0.654604), pairs_step=12606, pairs_total=1508868
[2026-03-01 14:45:44,275] INFO:fitness.free_loss_fidelity: RL4CO free-loss step 140/200: score=24.383589 (avg=17.137492), loss=0.575012 (avg=0.637521), pairs_step=12608, pairs_total=1761026
[2026-03-01 14:45:50,535] INFO:fitness.free_loss_fidelity: RL4CO free-loss step 160/200: score=26.223492 (avg=18.511991), loss=0.591653 (avg=0.634640), pairs_step=12608, pairs_total=2013181
[2026-03-01 14:45:56,792] INFO:fitness.free_loss_fidelity: RL4CO free-loss step 180/200: score=15.059170 (avg=18.283629), loss=0.486384 (avg=0.618878), pairs_step=12607, pairs_total=2265336
[2026-03-01 14:46:03,054] INFO:fitness.free_loss_fidelity: RL4CO free-loss step 200/200: score=14.166658 (avg=17.907730), loss=0.469314 (avg=0.604592), pairs_step=12608, pairs_total=2517493
[2026-03-01 14:46:04,161] WARNING:fitness.free_loss_fidelity: weights_only checkpoint load failed (UnpicklingError); retrying weights_only=False for /data1/gushengda/eam-rl4co/baseline/epoch_409.ckpt
[2026-03-01 14:46:04,192] INFO:fitness.free_loss_fidelity: Loaded init checkpoint into policy: path=/data1/gushengda/eam-rl4co/baseline/epoch_409.ckpt prefix=policy. matched=97 missing=0 unexpected=0
[2026-03-01 14:46:04,197] INFO:fitness.free_loss_fidelity: RL4CO free-loss (step-mode): f1_steps=200, f2_steps=0, total_steps=200, train_problem_size=100, rollouts=100, batch_size=64, device=cuda:2, env=tsp
[2026-03-01 14:46:04,523] INFO:fitness.free_loss_fidelity: RL4CO free-loss step 1/200: score=7.807477 (avg=7.807477), loss=0.649945 (avg=0.649945), pairs_step=12006, pairs_total=12006
[2026-03-01 14:46:10,467] INFO:fitness.free_loss_fidelity: RL4CO free-loss step 20/200: score=7.791192 (avg=7.818849), loss=0.666791 (avg=0.657828), pairs_step=12487, pairs_total=245843
[2026-03-01 14:46:16,732] INFO:fitness.free_loss_fidelity: RL4CO free-loss step 40/200: score=8.016514 (avg=7.854739), loss=0.708728 (avg=0.676342), pairs_step=12608, pairs_total=497717
[2026-03-01 14:46:23,010] INFO:fitness.free_loss_fidelity: RL4CO free-loss step 60/200: score=8.374581 (avg=7.952929), loss=0.676918 (avg=0.680451), pairs_step=12608, pairs_total=749875
[2026-03-01 14:46:29,274] INFO:fitness.free_loss_fidelity: RL4CO free-loss step 80/200: score=8.736576 (avg=8.096092), loss=0.677144 (avg=0.680066), pairs_step=12608, pairs_total=1002034
[2026-03-01 14:46:35,546] INFO:fitness.free_loss_fidelity: RL4CO free-loss step 100/200: score=9.091675 (avg=8.257771), loss=0.680771 (avg=0.679864), pairs_step=12608, pairs_total=1254192
[2026-03-01 14:46:41,817] INFO:fitness.free_loss_fidelity: RL4CO free-loss step 120/200: score=9.634085 (avg=8.480678), loss=0.695990 (avg=0.681713), pairs_step=12608, pairs_total=1506352
[2026-03-01 14:46:48,088] INFO:fitness.free_loss_fidelity: RL4CO free-loss step 140/200: score=10.588879 (avg=8.730872), loss=0.709275 (avg=0.684967), pairs_step=12608, pairs_total=1758511
[2026-03-01 14:46:54,366] INFO:fitness.free_loss_fidelity: RL4CO free-loss step 160/200: score=10.109961 (avg=8.904600), loss=0.705213 (avg=0.687737), pairs_step=12608, pairs_total=2010671
[2026-03-01 14:47:00,630] INFO:fitness.free_loss_fidelity: RL4CO free-loss step 180/200: score=10.084483 (avg=9.028575), loss=0.705195 (avg=0.689678), pairs_step=12608, pairs_total=2262831
[2026-03-01 14:47:06,906] INFO:fitness.free_loss_fidelity: RL4CO free-loss step 200/200: score=10.445862 (avg=9.154310), loss=0.703161 (avg=0.691177), pairs_step=12608, pairs_total=2514989
