[2026-03-01 10:49:18,352] INFO:fitness.free_loss_fidelity: Stage3 offline mini-train start gen=6 pair_index=12 K=200 seed=12345 valid_sizes=[100] baseline_json=baseline/mini_eval/baseline_minitrain_tsp100_K200.json
[2026-03-01 10:49:18,377] INFO:fitness.free_loss_fidelity: RL4CO free-loss (step-mode): f1_steps=200, f2_steps=0, total_steps=200, train_problem_size=100, rollouts=100, batch_size=64, device=cuda:3, env=tsp
[2026-03-01 10:49:18,690] INFO:fitness.free_loss_fidelity: RL4CO free-loss step 1/200: score=36.122910 (avg=36.122910), loss=0.858542 (avg=0.858542), pairs_step=316800, pairs_total=316800
[2026-03-01 10:49:24,640] INFO:fitness.free_loss_fidelity: RL4CO free-loss step 20/200: score=10.029186 (avg=12.862603), loss=0.595353 (avg=0.630912), pairs_step=316798, pairs_total=6335990
[2026-03-01 10:49:30,888] INFO:fitness.free_loss_fidelity: RL4CO free-loss step 40/200: score=9.406380 (avg=11.224155), loss=0.603267 (avg=0.615946), pairs_step=316800, pairs_total=12671985
[2026-03-01 10:49:37,152] INFO:fitness.free_loss_fidelity: RL4CO free-loss step 60/200: score=9.237772 (avg=10.574366), loss=0.578759 (avg=0.608063), pairs_step=316800, pairs_total=19007982
[2026-03-01 10:49:43,408] INFO:fitness.free_loss_fidelity: RL4CO free-loss step 80/200: score=9.021345 (avg=10.204921), loss=0.583803 (avg=0.601810), pairs_step=316800, pairs_total=25343978
[2026-03-01 10:49:49,681] INFO:fitness.free_loss_fidelity: RL4CO free-loss step 100/200: score=8.885983 (avg=9.966740), loss=0.578819 (avg=0.597279), pairs_step=316800, pairs_total=31679976
[2026-03-01 10:49:55,955] INFO:fitness.free_loss_fidelity: RL4CO free-loss step 120/200: score=8.862822 (avg=9.797990), loss=0.587096 (avg=0.594143), pairs_step=316800, pairs_total=38015972
[2026-03-01 10:50:02,209] INFO:fitness.free_loss_fidelity: RL4CO free-loss step 140/200: score=8.890641 (avg=9.668610), loss=0.588880 (avg=0.592205), pairs_step=316798, pairs_total=44351964
[2026-03-01 10:50:08,465] INFO:fitness.free_loss_fidelity: RL4CO free-loss step 160/200: score=8.801729 (avg=9.560829), loss=0.579529 (avg=0.591165), pairs_step=316800, pairs_total=50687957
[2026-03-01 10:50:14,727] INFO:fitness.free_loss_fidelity: RL4CO free-loss step 180/200: score=8.669336 (avg=9.467890), loss=0.586147 (avg=0.590614), pairs_step=316800, pairs_total=57023952
[2026-03-01 10:50:20,990] INFO:fitness.free_loss_fidelity: RL4CO free-loss step 200/200: score=8.670081 (avg=9.388349), loss=0.598174 (avg=0.590689), pairs_step=316800, pairs_total=63359951
[2026-03-01 10:50:22,099] WARNING:fitness.free_loss_fidelity: weights_only checkpoint load failed (UnpicklingError); retrying weights_only=False for /data1/gushengda/eam-rl4co/baseline/epoch_135.ckpt
[2026-03-01 10:50:22,143] INFO:fitness.free_loss_fidelity: Loaded init checkpoint into policy: path=/data1/gushengda/eam-rl4co/baseline/epoch_135.ckpt prefix=policy. matched=97 missing=0 unexpected=0
[2026-03-01 10:50:22,148] INFO:fitness.free_loss_fidelity: RL4CO free-loss (step-mode): f1_steps=200, f2_steps=0, total_steps=200, train_problem_size=100, rollouts=100, batch_size=64, device=cuda:3, env=tsp
[2026-03-01 10:50:22,465] INFO:fitness.free_loss_fidelity: RL4CO free-loss step 1/200: score=7.803347 (avg=7.803347), loss=0.675242 (avg=0.675242), pairs_step=315697, pairs_total=315697
[2026-03-01 10:50:28,409] INFO:fitness.free_loss_fidelity: RL4CO free-loss step 20/200: score=7.780432 (avg=7.809511), loss=0.672691 (avg=0.674307), pairs_step=315719, pairs_total=6315949
[2026-03-01 10:50:34,659] INFO:fitness.free_loss_fidelity: RL4CO free-loss step 40/200: score=7.820525 (avg=7.802906), loss=0.672940 (avg=0.674090), pairs_step=315933, pairs_total=12630456
[2026-03-01 10:50:40,912] INFO:fitness.free_loss_fidelity: RL4CO free-loss step 60/200: score=7.811210 (avg=7.798974), loss=0.675386 (avg=0.674057), pairs_step=315276, pairs_total=18946287
[2026-03-01 10:50:47,160] INFO:fitness.free_loss_fidelity: RL4CO free-loss step 80/200: score=7.796478 (avg=7.797570), loss=0.671657 (avg=0.673490), pairs_step=315852, pairs_total=25263326
[2026-03-01 10:50:53,425] INFO:fitness.free_loss_fidelity: RL4CO free-loss step 100/200: score=7.760658 (avg=7.798327), loss=0.674662 (avg=0.673250), pairs_step=315790, pairs_total=31578594
[2026-03-01 10:50:59,684] INFO:fitness.free_loss_fidelity: RL4CO free-loss step 120/200: score=7.771963 (avg=7.799655), loss=0.671334 (avg=0.672890), pairs_step=315727, pairs_total=37894406
[2026-03-01 10:51:05,927] INFO:fitness.free_loss_fidelity: RL4CO free-loss step 140/200: score=7.826116 (avg=7.800678), loss=0.672813 (avg=0.672920), pairs_step=315022, pairs_total=44206888
[2026-03-01 10:51:12,179] INFO:fitness.free_loss_fidelity: RL4CO free-loss step 160/200: score=7.795244 (avg=7.799912), loss=0.671751 (avg=0.672833), pairs_step=315406, pairs_total=50521326
[2026-03-01 10:51:18,433] INFO:fitness.free_loss_fidelity: RL4CO free-loss step 180/200: score=7.782113 (avg=7.798731), loss=0.669587 (avg=0.672726), pairs_step=315523, pairs_total=56835616
[2026-03-01 10:51:24,688] INFO:fitness.free_loss_fidelity: RL4CO free-loss step 200/200: score=7.813334 (avg=7.797457), loss=0.668263 (avg=0.672721), pairs_step=315674, pairs_total=63149091
[2026-03-01 10:51:25,794] WARNING:fitness.free_loss_fidelity: weights_only checkpoint load failed (UnpicklingError); retrying weights_only=False for /data1/gushengda/eam-rl4co/baseline/epoch_409.ckpt
[2026-03-01 10:51:25,824] INFO:fitness.free_loss_fidelity: Loaded init checkpoint into policy: path=/data1/gushengda/eam-rl4co/baseline/epoch_409.ckpt prefix=policy. matched=97 missing=0 unexpected=0
[2026-03-01 10:51:25,829] INFO:fitness.free_loss_fidelity: RL4CO free-loss (step-mode): f1_steps=200, f2_steps=0, total_steps=200, train_problem_size=100, rollouts=100, batch_size=64, device=cuda:3, env=tsp
[2026-03-01 10:51:26,146] INFO:fitness.free_loss_fidelity: RL4CO free-loss step 1/200: score=7.807477 (avg=7.807477), loss=0.204960 (avg=0.204960), pairs_step=315750, pairs_total=315750
[2026-03-01 10:51:32,160] INFO:fitness.free_loss_fidelity: RL4CO free-loss step 20/200: score=7.784800 (avg=7.809345), loss=0.199526 (avg=0.199158), pairs_step=315841, pairs_total=6318497
[2026-03-01 10:51:38,439] INFO:fitness.free_loss_fidelity: RL4CO free-loss step 40/200: score=7.812845 (avg=7.802219), loss=0.192010 (avg=0.197798), pairs_step=315970, pairs_total=12638849
[2026-03-01 10:51:44,807] INFO:fitness.free_loss_fidelity: RL4CO free-loss step 60/200: score=7.812099 (avg=7.798649), loss=0.196454 (avg=0.196518), pairs_step=315754, pairs_total=18957641
[2026-03-01 10:51:51,083] INFO:fitness.free_loss_fidelity: RL4CO free-loss step 80/200: score=7.795125 (avg=7.797097), loss=0.195946 (avg=0.195702), pairs_step=315994, pairs_total=25275357
[2026-03-01 10:51:57,353] INFO:fitness.free_loss_fidelity: RL4CO free-loss step 100/200: score=7.748864 (avg=7.797686), loss=0.190569 (avg=0.195062), pairs_step=315994, pairs_total=31594915
[2026-03-01 10:52:03,639] INFO:fitness.free_loss_fidelity: RL4CO free-loss step 120/200: score=7.776192 (avg=7.799020), loss=0.183425 (avg=0.193807), pairs_step=315823, pairs_total=37913650
[2026-03-01 10:52:09,904] INFO:fitness.free_loss_fidelity: RL4CO free-loss step 140/200: score=7.820328 (avg=7.799687), loss=0.183558 (avg=0.192469), pairs_step=315912, pairs_total=44231633
[2026-03-01 10:52:16,180] INFO:fitness.free_loss_fidelity: RL4CO free-loss step 160/200: score=7.791531 (avg=7.798854), loss=0.190696 (avg=0.191619), pairs_step=316047, pairs_total=50549846
[2026-03-01 10:52:22,451] INFO:fitness.free_loss_fidelity: RL4CO free-loss step 180/200: score=7.781689 (avg=7.797651), loss=0.195267 (avg=0.191599), pairs_step=315946, pairs_total=56866845
[2026-03-01 10:52:28,716] INFO:fitness.free_loss_fidelity: RL4CO free-loss step 200/200: score=7.811134 (avg=7.796452), loss=0.194403 (avg=0.192057), pairs_step=315655, pairs_total=63181313
