[2026-03-01 09:02:42,687] INFO:fitness.free_loss_fidelity: Stage3 offline mini-train start gen=1 pair_index=2 K=200 seed=12345 valid_sizes=[100] baseline_json=baseline/mini_eval/baseline_minitrain_tsp100_K200.json
[2026-03-01 09:02:50,155] INFO:fitness.free_loss_fidelity: RL4CO free-loss (step-mode): f1_steps=200, f2_steps=0, total_steps=200, train_problem_size=100, rollouts=100, batch_size=64, device=cuda:3, env=tsp
[2026-03-01 09:02:51,651] INFO:fitness.free_loss_fidelity: RL4CO free-loss step 1/200: score=36.122910 (avg=36.122910), loss=1.292758 (avg=1.292758), pairs_step=316800, pairs_total=316800
[2026-03-01 09:02:58,265] INFO:fitness.free_loss_fidelity: RL4CO free-loss step 20/200: score=9.927986 (avg=12.747076), loss=0.939633 (avg=0.977097), pairs_step=316800, pairs_total=6335997
[2026-03-01 09:03:04,589] INFO:fitness.free_loss_fidelity: RL4CO free-loss step 40/200: score=9.388947 (avg=11.134717), loss=0.953123 (avg=0.967934), pairs_step=316800, pairs_total=12671993
[2026-03-01 09:03:10,768] INFO:fitness.free_loss_fidelity: RL4CO free-loss step 60/200: score=9.174232 (avg=10.494949), loss=0.929022 (avg=0.962085), pairs_step=316800, pairs_total=19007989
[2026-03-01 09:03:16,972] INFO:fitness.free_loss_fidelity: RL4CO free-loss step 80/200: score=8.994079 (avg=10.128270), loss=0.934562 (avg=0.955261), pairs_step=316799, pairs_total=25343984
[2026-03-01 09:03:23,176] INFO:fitness.free_loss_fidelity: RL4CO free-loss step 100/200: score=8.889056 (avg=9.894918), loss=0.932410 (avg=0.950893), pairs_step=316800, pairs_total=31679979
[2026-03-01 09:03:29,373] INFO:fitness.free_loss_fidelity: RL4CO free-loss step 120/200: score=8.795245 (avg=9.723333), loss=0.943576 (avg=0.949303), pairs_step=316800, pairs_total=38015972
[2026-03-01 09:03:35,575] INFO:fitness.free_loss_fidelity: RL4CO free-loss step 140/200: score=8.749427 (avg=9.587673), loss=0.974142 (avg=0.949400), pairs_step=316800, pairs_total=44351969
[2026-03-01 09:03:41,790] INFO:fitness.free_loss_fidelity: RL4CO free-loss step 160/200: score=8.638674 (avg=9.474494), loss=0.967751 (avg=0.950175), pairs_step=316799, pairs_total=50687965
[2026-03-01 09:03:48,016] INFO:fitness.free_loss_fidelity: RL4CO free-loss step 180/200: score=8.605820 (avg=9.378469), loss=0.959728 (avg=0.951774), pairs_step=316800, pairs_total=57023962
[2026-03-01 09:03:54,238] INFO:fitness.free_loss_fidelity: RL4CO free-loss step 200/200: score=8.564678 (avg=9.296360), loss=0.980268 (avg=0.953698), pairs_step=316800, pairs_total=63359959
[2026-03-01 09:03:55,349] WARNING:fitness.free_loss_fidelity: weights_only checkpoint load failed (UnpicklingError); retrying weights_only=False for /data1/gushengda/eam-rl4co/baseline/epoch_135.ckpt
[2026-03-01 09:03:55,393] INFO:fitness.free_loss_fidelity: Loaded init checkpoint into policy: path=/data1/gushengda/eam-rl4co/baseline/epoch_135.ckpt prefix=policy. matched=97 missing=0 unexpected=0
[2026-03-01 09:03:55,398] INFO:fitness.free_loss_fidelity: RL4CO free-loss (step-mode): f1_steps=200, f2_steps=0, total_steps=200, train_problem_size=100, rollouts=100, batch_size=64, device=cuda:3, env=tsp
[2026-03-01 09:03:55,752] INFO:fitness.free_loss_fidelity: RL4CO free-loss step 1/200: score=7.803347 (avg=7.803347), loss=1.230733 (avg=1.230733), pairs_step=315697, pairs_total=315697
[2026-03-01 09:04:01,660] INFO:fitness.free_loss_fidelity: RL4CO free-loss step 20/200: score=7.779786 (avg=7.810608), loss=1.225289 (avg=1.221906), pairs_step=315944, pairs_total=6315777
[2026-03-01 09:04:07,857] INFO:fitness.free_loss_fidelity: RL4CO free-loss step 40/200: score=7.818189 (avg=7.804444), loss=1.217135 (avg=1.221714), pairs_step=315769, pairs_total=12631241
[2026-03-01 09:04:14,063] INFO:fitness.free_loss_fidelity: RL4CO free-loss step 60/200: score=7.812422 (avg=7.800537), loss=1.202015 (avg=1.223587), pairs_step=315480, pairs_total=18944592
[2026-03-01 09:04:20,291] INFO:fitness.free_loss_fidelity: RL4CO free-loss step 80/200: score=7.800336 (avg=7.798697), loss=1.228716 (avg=1.224137), pairs_step=315650, pairs_total=25260510
[2026-03-01 09:04:26,509] INFO:fitness.free_loss_fidelity: RL4CO free-loss step 100/200: score=7.758366 (avg=7.799408), loss=1.203111 (avg=1.223571), pairs_step=315779, pairs_total=31577790
[2026-03-01 09:04:32,726] INFO:fitness.free_loss_fidelity: RL4CO free-loss step 120/200: score=7.774110 (avg=7.801034), loss=1.222606 (avg=1.224094), pairs_step=315632, pairs_total=37892879
[2026-03-01 09:04:38,940] INFO:fitness.free_loss_fidelity: RL4CO free-loss step 140/200: score=7.833109 (avg=7.802061), loss=1.215355 (avg=1.223654), pairs_step=315391, pairs_total=44206623
[2026-03-01 09:04:45,155] INFO:fitness.free_loss_fidelity: RL4CO free-loss step 160/200: score=7.795087 (avg=7.801545), loss=1.228603 (avg=1.223672), pairs_step=315665, pairs_total=50521798
[2026-03-01 09:04:51,377] INFO:fitness.free_loss_fidelity: RL4CO free-loss step 180/200: score=7.789911 (avg=7.800556), loss=1.219519 (avg=1.223340), pairs_step=315751, pairs_total=56835737
[2026-03-01 09:04:57,606] INFO:fitness.free_loss_fidelity: RL4CO free-loss step 200/200: score=7.812103 (avg=7.799353), loss=1.214958 (avg=1.223324), pairs_step=315827, pairs_total=63151082
[2026-03-01 09:04:58,715] WARNING:fitness.free_loss_fidelity: weights_only checkpoint load failed (UnpicklingError); retrying weights_only=False for /data1/gushengda/eam-rl4co/baseline/epoch_409.ckpt
[2026-03-01 09:04:58,755] INFO:fitness.free_loss_fidelity: Loaded init checkpoint into policy: path=/data1/gushengda/eam-rl4co/baseline/epoch_409.ckpt prefix=policy. matched=97 missing=0 unexpected=0
[2026-03-01 09:04:58,761] INFO:fitness.free_loss_fidelity: RL4CO free-loss (step-mode): f1_steps=200, f2_steps=0, total_steps=200, train_problem_size=100, rollouts=100, batch_size=64, device=cuda:3, env=tsp
[2026-03-01 09:04:59,086] INFO:fitness.free_loss_fidelity: RL4CO free-loss step 1/200: score=7.807477 (avg=7.807477), loss=0.247920 (avg=0.247920), pairs_step=315750, pairs_total=315750
[2026-03-01 09:05:05,014] INFO:fitness.free_loss_fidelity: RL4CO free-loss step 20/200: score=7.779283 (avg=7.808110), loss=0.233642 (avg=0.234435), pairs_step=316093, pairs_total=6318441
[2026-03-01 09:05:11,238] INFO:fitness.free_loss_fidelity: RL4CO free-loss step 40/200: score=7.812286 (avg=7.802504), loss=0.227689 (avg=0.232119), pairs_step=316137, pairs_total=12638805
[2026-03-01 09:05:17,456] INFO:fitness.free_loss_fidelity: RL4CO free-loss step 60/200: score=7.813449 (avg=7.799210), loss=0.267494 (avg=0.234676), pairs_step=315817, pairs_total=18957672
[2026-03-01 09:05:23,692] INFO:fitness.free_loss_fidelity: RL4CO free-loss step 80/200: score=7.794222 (avg=7.797841), loss=0.290483 (avg=0.246214), pairs_step=315978, pairs_total=25276075
[2026-03-01 09:05:29,923] INFO:fitness.free_loss_fidelity: RL4CO free-loss step 100/200: score=7.755795 (avg=7.798425), loss=0.255959 (avg=0.250857), pairs_step=316011, pairs_total=31596098
[2026-03-01 09:05:36,153] INFO:fitness.free_loss_fidelity: RL4CO free-loss step 120/200: score=7.774892 (avg=7.799734), loss=0.245483 (avg=0.249450), pairs_step=315849, pairs_total=37913404
[2026-03-01 09:05:42,376] INFO:fitness.free_loss_fidelity: RL4CO free-loss step 140/200: score=7.824566 (avg=7.800597), loss=0.241272 (avg=0.248192), pairs_step=315695, pairs_total=44232206
[2026-03-01 09:05:48,802] INFO:fitness.free_loss_fidelity: RL4CO free-loss step 160/200: score=7.793556 (avg=7.799798), loss=0.284885 (avg=0.250341), pairs_step=315742, pairs_total=50548889
[2026-03-01 09:05:55,023] INFO:fitness.free_loss_fidelity: RL4CO free-loss step 180/200: score=7.781659 (avg=7.798612), loss=0.230266 (avg=0.251082), pairs_step=315438, pairs_total=56862913
[2026-03-01 09:06:01,260] INFO:fitness.free_loss_fidelity: RL4CO free-loss step 200/200: score=7.810472 (avg=7.797232), loss=0.227392 (avg=0.248940), pairs_step=315869, pairs_total=63178968
