[2026-03-01 10:49:30,862] INFO:fitness.free_loss_fidelity: Stage3 offline mini-train start gen=6 pair_index=14 K=200 seed=12345 valid_sizes=[100] baseline_json=baseline/mini_eval/baseline_minitrain_tsp100_K200.json
[2026-03-01 10:49:30,883] INFO:fitness.free_loss_fidelity: RL4CO free-loss (step-mode): f1_steps=200, f2_steps=0, total_steps=200, train_problem_size=100, rollouts=100, batch_size=64, device=cuda:1, env=tsp
[2026-03-01 10:49:31,222] INFO:fitness.free_loss_fidelity: RL4CO free-loss step 1/200: score=36.122910 (avg=36.122910), loss=0.633466 (avg=0.633466), pairs_step=316800, pairs_total=316800
[2026-03-01 10:49:37,400] INFO:fitness.free_loss_fidelity: RL4CO free-loss step 20/200: score=9.756672 (avg=12.409514), loss=0.450506 (avg=0.445884), pairs_step=316800, pairs_total=6335994
[2026-03-01 10:49:43,876] INFO:fitness.free_loss_fidelity: RL4CO free-loss step 40/200: score=9.405537 (avg=10.942013), loss=0.479096 (avg=0.463884), pairs_step=316800, pairs_total=12671991
[2026-03-01 10:49:50,349] INFO:fitness.free_loss_fidelity: RL4CO free-loss step 60/200: score=9.285098 (avg=10.388729), loss=0.473925 (avg=0.469318), pairs_step=316800, pairs_total=19007988
[2026-03-01 10:49:56,877] INFO:fitness.free_loss_fidelity: RL4CO free-loss step 80/200: score=9.078170 (avg=10.079891), loss=0.478011 (avg=0.469734), pairs_step=316800, pairs_total=25343984
[2026-03-01 10:50:03,357] INFO:fitness.free_loss_fidelity: RL4CO free-loss step 100/200: score=8.863883 (avg=9.864050), loss=0.465320 (avg=0.472272), pairs_step=316799, pairs_total=31679981
[2026-03-01 10:50:09,846] INFO:fitness.free_loss_fidelity: RL4CO free-loss step 120/200: score=8.770080 (avg=9.699222), loss=0.498004 (avg=0.476271), pairs_step=316800, pairs_total=38015978
[2026-03-01 10:50:16,332] INFO:fitness.free_loss_fidelity: RL4CO free-loss step 140/200: score=8.724454 (avg=9.563159), loss=0.505527 (avg=0.480063), pairs_step=316800, pairs_total=44351973
[2026-03-01 10:50:22,826] INFO:fitness.free_loss_fidelity: RL4CO free-loss step 160/200: score=8.594053 (avg=9.447237), loss=0.508679 (avg=0.482639), pairs_step=316800, pairs_total=50687969
[2026-03-01 10:50:29,298] INFO:fitness.free_loss_fidelity: RL4CO free-loss step 180/200: score=8.507643 (avg=9.348899), loss=0.507390 (avg=0.485314), pairs_step=316800, pairs_total=57023961
[2026-03-01 10:50:35,799] INFO:fitness.free_loss_fidelity: RL4CO free-loss step 200/200: score=8.505224 (avg=9.265378), loss=0.509515 (avg=0.487581), pairs_step=316800, pairs_total=63359950
[2026-03-01 10:50:36,908] WARNING:fitness.free_loss_fidelity: weights_only checkpoint load failed (UnpicklingError); retrying weights_only=False for /data1/gushengda/eam-rl4co/baseline/epoch_135.ckpt
[2026-03-01 10:50:36,945] INFO:fitness.free_loss_fidelity: Loaded init checkpoint into policy: path=/data1/gushengda/eam-rl4co/baseline/epoch_135.ckpt prefix=policy. matched=97 missing=0 unexpected=0
[2026-03-01 10:50:36,950] INFO:fitness.free_loss_fidelity: RL4CO free-loss (step-mode): f1_steps=200, f2_steps=0, total_steps=200, train_problem_size=100, rollouts=100, batch_size=64, device=cuda:1, env=tsp
[2026-03-01 10:50:37,281] INFO:fitness.free_loss_fidelity: RL4CO free-loss step 1/200: score=7.803347 (avg=7.803347), loss=0.624786 (avg=0.624786), pairs_step=315697, pairs_total=315697
[2026-03-01 10:50:43,451] INFO:fitness.free_loss_fidelity: RL4CO free-loss step 20/200: score=7.787671 (avg=7.813442), loss=0.643871 (avg=0.636711), pairs_step=316020, pairs_total=6316861
[2026-03-01 10:50:49,934] INFO:fitness.free_loss_fidelity: RL4CO free-loss step 40/200: score=7.827493 (avg=7.808578), loss=0.649805 (avg=0.640342), pairs_step=316037, pairs_total=12634309
[2026-03-01 10:50:56,431] INFO:fitness.free_loss_fidelity: RL4CO free-loss step 60/200: score=7.818344 (avg=7.805291), loss=0.651589 (avg=0.641587), pairs_step=315183, pairs_total=18948676
[2026-03-01 10:51:02,904] INFO:fitness.free_loss_fidelity: RL4CO free-loss step 80/200: score=7.802464 (avg=7.804127), loss=0.638575 (avg=0.642937), pairs_step=315868, pairs_total=25263421
[2026-03-01 10:51:09,417] INFO:fitness.free_loss_fidelity: RL4CO free-loss step 100/200: score=7.768484 (avg=7.805174), loss=0.649632 (avg=0.643961), pairs_step=315805, pairs_total=31576872
[2026-03-01 10:51:15,911] INFO:fitness.free_loss_fidelity: RL4CO free-loss step 120/200: score=7.774654 (avg=7.806629), loss=0.649255 (avg=0.644771), pairs_step=315620, pairs_total=37888734
[2026-03-01 10:51:22,396] INFO:fitness.free_loss_fidelity: RL4CO free-loss step 140/200: score=7.839211 (avg=7.807907), loss=0.644963 (avg=0.645220), pairs_step=315543, pairs_total=44201344
[2026-03-01 10:51:28,894] INFO:fitness.free_loss_fidelity: RL4CO free-loss step 160/200: score=7.805148 (avg=7.807372), loss=0.648948 (avg=0.645538), pairs_step=315680, pairs_total=50513806
[2026-03-01 10:51:35,402] INFO:fitness.free_loss_fidelity: RL4CO free-loss step 180/200: score=7.797917 (avg=7.806427), loss=0.639783 (avg=0.645881), pairs_step=315323, pairs_total=56824323
[2026-03-01 10:51:41,885] INFO:fitness.free_loss_fidelity: RL4CO free-loss step 200/200: score=7.813857 (avg=7.805339), loss=0.644137 (avg=0.646337), pairs_step=315590, pairs_total=63137336
[2026-03-01 10:51:42,996] WARNING:fitness.free_loss_fidelity: weights_only checkpoint load failed (UnpicklingError); retrying weights_only=False for /data1/gushengda/eam-rl4co/baseline/epoch_409.ckpt
[2026-03-01 10:51:43,034] INFO:fitness.free_loss_fidelity: Loaded init checkpoint into policy: path=/data1/gushengda/eam-rl4co/baseline/epoch_409.ckpt prefix=policy. matched=97 missing=0 unexpected=0
[2026-03-01 10:51:43,039] INFO:fitness.free_loss_fidelity: RL4CO free-loss (step-mode): f1_steps=200, f2_steps=0, total_steps=200, train_problem_size=100, rollouts=100, batch_size=64, device=cuda:1, env=tsp
[2026-03-01 10:51:43,379] INFO:fitness.free_loss_fidelity: RL4CO free-loss step 1/200: score=7.807477 (avg=7.807477), loss=0.002380 (avg=0.002380), pairs_step=315750, pairs_total=315750
[2026-03-01 10:51:49,552] INFO:fitness.free_loss_fidelity: RL4CO free-loss step 20/200: score=7.793077 (avg=7.813326), loss=0.336734 (avg=0.141234), pairs_step=316222, pairs_total=6317906
[2026-03-01 10:51:56,033] INFO:fitness.free_loss_fidelity: RL4CO free-loss step 40/200: score=7.835187 (avg=7.810736), loss=0.489685 (avg=0.293724), pairs_step=316146, pairs_total=12640584
[2026-03-01 10:52:02,551] INFO:fitness.free_loss_fidelity: RL4CO free-loss step 60/200: score=7.822416 (avg=7.808462), loss=0.565292 (avg=0.373563), pairs_step=316023, pairs_total=18961160
[2026-03-01 10:52:09,040] INFO:fitness.free_loss_fidelity: RL4CO free-loss step 80/200: score=7.811263 (avg=7.806677), loss=0.590152 (avg=0.426209), pairs_step=315246, pairs_total=25279354
[2026-03-01 10:52:15,549] INFO:fitness.free_loss_fidelity: RL4CO free-loss step 100/200: score=7.763649 (avg=7.807497), loss=0.614049 (avg=0.460346), pairs_step=315576, pairs_total=31594269
[2026-03-01 10:52:22,039] INFO:fitness.free_loss_fidelity: RL4CO free-loss step 120/200: score=7.780121 (avg=7.809005), loss=0.618043 (avg=0.484996), pairs_step=315595, pairs_total=37906262
[2026-03-01 10:52:28,518] INFO:fitness.free_loss_fidelity: RL4CO free-loss step 140/200: score=7.836452 (avg=7.810189), loss=0.613299 (avg=0.504185), pairs_step=315011, pairs_total=44215111
[2026-03-01 10:52:34,996] INFO:fitness.free_loss_fidelity: RL4CO free-loss step 160/200: score=7.807553 (avg=7.809337), loss=0.622500 (avg=0.518789), pairs_step=315264, pairs_total=50524566
[2026-03-01 10:52:41,498] INFO:fitness.free_loss_fidelity: RL4CO free-loss step 180/200: score=7.801476 (avg=7.808091), loss=0.626694 (avg=0.530940), pairs_step=314772, pairs_total=56829824
[2026-03-01 10:52:47,987] INFO:fitness.free_loss_fidelity: RL4CO free-loss step 200/200: score=7.816661 (avg=7.806598), loss=0.626377 (avg=0.540450), pairs_step=315023, pairs_total=63128982
