[2026-03-01 16:01:10,955] INFO:fitness.free_loss_fidelity: Stage3 offline mini-train start gen=16 pair_index=16 K=200 seed=12345 valid_sizes=[100] baseline_json=baseline/mini_eval/baseline_minitrain_tsp100_K200.json
[2026-03-01 16:01:10,973] INFO:fitness.free_loss_fidelity: RL4CO free-loss (step-mode): f1_steps=200, f2_steps=0, total_steps=200, train_problem_size=100, rollouts=100, batch_size=64, device=cuda:0, env=tsp
[2026-03-01 16:01:11,286] INFO:fitness.free_loss_fidelity: RL4CO free-loss step 1/200: score=36.122910 (avg=36.122910), loss=0.748179 (avg=0.748179), pairs_step=159213, pairs_total=159213
[2026-03-01 16:01:17,138] INFO:fitness.free_loss_fidelity: RL4CO free-loss step 20/200: score=10.005078 (avg=12.676156), loss=0.559299 (avg=0.567549), pairs_step=158823, pairs_total=3159554
[2026-03-01 16:01:23,318] INFO:fitness.free_loss_fidelity: RL4CO free-loss step 40/200: score=9.410702 (avg=11.113061), loss=0.561327 (avg=0.564331), pairs_step=159234, pairs_total=6329768
[2026-03-01 16:01:29,483] INFO:fitness.free_loss_fidelity: RL4CO free-loss step 60/200: score=9.163557 (avg=10.484227), loss=0.553199 (avg=0.561899), pairs_step=157256, pairs_total=9485657
[2026-03-01 16:01:35,649] INFO:fitness.free_loss_fidelity: RL4CO free-loss step 80/200: score=8.987314 (avg=10.129236), loss=0.543810 (avg=0.556593), pairs_step=159379, pairs_total=12655549
[2026-03-01 16:01:41,805] INFO:fitness.free_loss_fidelity: RL4CO free-loss step 100/200: score=8.802471 (avg=9.889474), loss=0.534786 (avg=0.553371), pairs_step=158044, pairs_total=15829445
[2026-03-01 16:01:47,976] INFO:fitness.free_loss_fidelity: RL4CO free-loss step 120/200: score=8.729679 (avg=9.715183), loss=0.548779 (avg=0.551210), pairs_step=155294, pairs_total=18996253
[2026-03-01 16:01:54,145] INFO:fitness.free_loss_fidelity: RL4CO free-loss step 140/200: score=8.761320 (avg=9.578366), loss=0.553431 (avg=0.550874), pairs_step=156907, pairs_total=22155692
[2026-03-01 16:02:00,306] INFO:fitness.free_loss_fidelity: RL4CO free-loss step 160/200: score=8.631278 (avg=9.465773), loss=0.553198 (avg=0.551381), pairs_step=159934, pairs_total=25324263
[2026-03-01 16:02:06,445] INFO:fitness.free_loss_fidelity: RL4CO free-loss step 180/200: score=8.527206 (avg=9.368989), loss=0.557699 (avg=0.552338), pairs_step=158856, pairs_total=28496016
[2026-03-01 16:02:12,608] INFO:fitness.free_loss_fidelity: RL4CO free-loss step 200/200: score=8.571472 (avg=9.287393), loss=0.570827 (avg=0.553617), pairs_step=159268, pairs_total=31651584
[2026-03-01 16:02:13,702] WARNING:fitness.free_loss_fidelity: weights_only checkpoint load failed (UnpicklingError); retrying weights_only=False for /data1/gushengda/eam-rl4co/baseline/epoch_135.ckpt
[2026-03-01 16:02:13,740] INFO:fitness.free_loss_fidelity: Loaded init checkpoint into policy: path=/data1/gushengda/eam-rl4co/baseline/epoch_135.ckpt prefix=policy. matched=97 missing=0 unexpected=0
[2026-03-01 16:02:13,745] INFO:fitness.free_loss_fidelity: RL4CO free-loss (step-mode): f1_steps=200, f2_steps=0, total_steps=200, train_problem_size=100, rollouts=100, batch_size=64, device=cuda:0, env=tsp
[2026-03-01 16:02:14,057] INFO:fitness.free_loss_fidelity: RL4CO free-loss step 1/200: score=7.803347 (avg=7.803347), loss=0.663759 (avg=0.663759), pairs_step=157875, pairs_total=157875
[2026-03-01 16:02:19,922] INFO:fitness.free_loss_fidelity: RL4CO free-loss step 20/200: score=7.786496 (avg=7.810987), loss=0.664864 (avg=0.663915), pairs_step=158416, pairs_total=3165098
[2026-03-01 16:02:26,068] INFO:fitness.free_loss_fidelity: RL4CO free-loss step 40/200: score=7.820940 (avg=7.805065), loss=0.668196 (avg=0.664302), pairs_step=156437, pairs_total=6315227
[2026-03-01 16:02:32,400] INFO:fitness.free_loss_fidelity: RL4CO free-loss step 60/200: score=7.817122 (avg=7.801232), loss=0.668358 (avg=0.664508), pairs_step=158321, pairs_total=9468813
[2026-03-01 16:02:38,547] INFO:fitness.free_loss_fidelity: RL4CO free-loss step 80/200: score=7.802072 (avg=7.799698), loss=0.665427 (avg=0.664431), pairs_step=159744, pairs_total=12619283
[2026-03-01 16:02:44,677] INFO:fitness.free_loss_fidelity: RL4CO free-loss step 100/200: score=7.756447 (avg=7.800215), loss=0.670293 (avg=0.664903), pairs_step=159442, pairs_total=15772024
[2026-03-01 16:02:50,824] INFO:fitness.free_loss_fidelity: RL4CO free-loss step 120/200: score=7.772573 (avg=7.801678), loss=0.667164 (avg=0.665221), pairs_step=156025, pairs_total=18914311
[2026-03-01 16:02:56,973] INFO:fitness.free_loss_fidelity: RL4CO free-loss step 140/200: score=7.830545 (avg=7.802773), loss=0.668911 (avg=0.665448), pairs_step=156851, pairs_total=22063318
[2026-03-01 16:03:03,154] INFO:fitness.free_loss_fidelity: RL4CO free-loss step 160/200: score=7.800249 (avg=7.802204), loss=0.666713 (avg=0.665534), pairs_step=158545, pairs_total=25223209
[2026-03-01 16:03:09,288] INFO:fitness.free_loss_fidelity: RL4CO free-loss step 180/200: score=7.787614 (avg=7.801113), loss=0.667773 (avg=0.665699), pairs_step=157902, pairs_total=28371921
[2026-03-01 16:03:15,443] INFO:fitness.free_loss_fidelity: RL4CO free-loss step 200/200: score=7.810230 (avg=7.800027), loss=0.662376 (avg=0.665792), pairs_step=158182, pairs_total=31525737
[2026-03-01 16:03:16,538] WARNING:fitness.free_loss_fidelity: weights_only checkpoint load failed (UnpicklingError); retrying weights_only=False for /data1/gushengda/eam-rl4co/baseline/epoch_409.ckpt
[2026-03-01 16:03:16,575] INFO:fitness.free_loss_fidelity: Loaded init checkpoint into policy: path=/data1/gushengda/eam-rl4co/baseline/epoch_409.ckpt prefix=policy. matched=97 missing=0 unexpected=0
[2026-03-01 16:03:16,580] INFO:fitness.free_loss_fidelity: RL4CO free-loss (step-mode): f1_steps=200, f2_steps=0, total_steps=200, train_problem_size=100, rollouts=100, batch_size=64, device=cuda:0, env=tsp
[2026-03-01 16:03:16,891] INFO:fitness.free_loss_fidelity: RL4CO free-loss step 1/200: score=7.807477 (avg=7.807477), loss=0.107652 (avg=0.107652), pairs_step=158679, pairs_total=158679
[2026-03-01 16:03:22,744] INFO:fitness.free_loss_fidelity: RL4CO free-loss step 20/200: score=7.784435 (avg=7.808925), loss=0.094001 (avg=0.098358), pairs_step=159702, pairs_total=3161748
[2026-03-01 16:03:28,899] INFO:fitness.free_loss_fidelity: RL4CO free-loss step 40/200: score=7.816521 (avg=7.803140), loss=0.096690 (avg=0.098375), pairs_step=157256, pairs_total=6315328
[2026-03-01 16:03:35,063] INFO:fitness.free_loss_fidelity: RL4CO free-loss step 60/200: score=7.814780 (avg=7.799997), loss=0.096271 (avg=0.096972), pairs_step=156845, pairs_total=9469967
[2026-03-01 16:03:41,206] INFO:fitness.free_loss_fidelity: RL4CO free-loss step 80/200: score=7.795627 (avg=7.799136), loss=0.090454 (avg=0.095954), pairs_step=159075, pairs_total=12630834
[2026-03-01 16:03:47,369] INFO:fitness.free_loss_fidelity: RL4CO free-loss step 100/200: score=7.754491 (avg=7.799348), loss=0.094283 (avg=0.094706), pairs_step=159799, pairs_total=15794048
[2026-03-01 16:03:53,515] INFO:fitness.free_loss_fidelity: RL4CO free-loss step 120/200: score=7.777366 (avg=7.800680), loss=0.095945 (avg=0.095278), pairs_step=155888, pairs_total=18950215
[2026-03-01 16:03:59,680] INFO:fitness.free_loss_fidelity: RL4CO free-loss step 140/200: score=7.826208 (avg=7.801762), loss=0.102461 (avg=0.095883), pairs_step=156328, pairs_total=22113998
[2026-03-01 16:04:05,870] INFO:fitness.free_loss_fidelity: RL4CO free-loss step 160/200: score=7.795404 (avg=7.801289), loss=0.096365 (avg=0.096405), pairs_step=159142, pairs_total=25276213
[2026-03-01 16:04:12,021] INFO:fitness.free_loss_fidelity: RL4CO free-loss step 180/200: score=7.792046 (avg=7.800550), loss=0.097307 (avg=0.096480), pairs_step=157446, pairs_total=28441739
[2026-03-01 16:04:18,214] INFO:fitness.free_loss_fidelity: RL4CO free-loss step 200/200: score=7.815596 (avg=7.799330), loss=0.092693 (avg=0.096585), pairs_step=157093, pairs_total=31599708
