[2026-03-01 18:17:34,045] INFO:fitness.free_loss_fidelity: Stage3 offline mini-train start gen=19 pair_index=13 K=200 seed=12345 valid_sizes=[100] baseline_json=baseline/mini_eval/baseline_minitrain_tsp100_K200.json
[2026-03-01 18:17:34,066] INFO:fitness.free_loss_fidelity: RL4CO free-loss (step-mode): f1_steps=200, f2_steps=0, total_steps=200, train_problem_size=100, rollouts=100, batch_size=64, device=cuda:0, env=tsp
[2026-03-01 18:17:34,383] INFO:fitness.free_loss_fidelity: RL4CO free-loss step 1/200: score=36.122910 (avg=36.122910), loss=0.664708 (avg=0.664708), pairs_step=6336, pairs_total=6336
[2026-03-01 18:17:40,306] INFO:fitness.free_loss_fidelity: RL4CO free-loss step 20/200: score=10.635157 (avg=12.823465), loss=0.470739 (avg=0.475019), pairs_step=6336, pairs_total=126720
[2026-03-01 18:17:46,566] INFO:fitness.free_loss_fidelity: RL4CO free-loss step 40/200: score=9.530262 (avg=11.331211), loss=0.519498 (avg=0.476769), pairs_step=6336, pairs_total=253440
[2026-03-01 18:17:52,820] INFO:fitness.free_loss_fidelity: RL4CO free-loss step 60/200: score=9.350409 (avg=10.676349), loss=0.476723 (avg=0.477089), pairs_step=6336, pairs_total=380160
[2026-03-01 18:17:59,068] INFO:fitness.free_loss_fidelity: RL4CO free-loss step 80/200: score=9.103996 (avg=10.312352), loss=0.497742 (avg=0.474505), pairs_step=6336, pairs_total=506880
[2026-03-01 18:18:05,309] INFO:fitness.free_loss_fidelity: RL4CO free-loss step 100/200: score=9.018940 (avg=10.071464), loss=0.426736 (avg=0.467422), pairs_step=6336, pairs_total=633600
[2026-03-01 18:18:11,567] INFO:fitness.free_loss_fidelity: RL4CO free-loss step 120/200: score=8.890436 (avg=9.888377), loss=0.394356 (avg=0.460997), pairs_step=6336, pairs_total=760320
[2026-03-01 18:18:18,004] INFO:fitness.free_loss_fidelity: RL4CO free-loss step 140/200: score=8.895766 (avg=9.752506), loss=0.467973 (avg=0.456297), pairs_step=6336, pairs_total=887040
[2026-03-01 18:18:24,440] INFO:fitness.free_loss_fidelity: RL4CO free-loss step 160/200: score=8.830996 (avg=9.636386), loss=0.422721 (avg=0.453574), pairs_step=6336, pairs_total=1013760
[2026-03-01 18:18:30,932] INFO:fitness.free_loss_fidelity: RL4CO free-loss step 180/200: score=8.683184 (avg=9.536994), loss=0.459723 (avg=0.452816), pairs_step=6336, pairs_total=1140480
[2026-03-01 18:18:37,548] INFO:fitness.free_loss_fidelity: RL4CO free-loss step 200/200: score=8.742626 (avg=9.456888), loss=0.466095 (avg=0.452338), pairs_step=6336, pairs_total=1267200
[2026-03-01 18:18:38,874] WARNING:fitness.free_loss_fidelity: weights_only checkpoint load failed (UnpicklingError); retrying weights_only=False for /data1/gushengda/eam-rl4co/baseline/epoch_135.ckpt
[2026-03-01 18:18:38,935] INFO:fitness.free_loss_fidelity: Loaded init checkpoint into policy: path=/data1/gushengda/eam-rl4co/baseline/epoch_135.ckpt prefix=policy. matched=97 missing=0 unexpected=0
[2026-03-01 18:18:38,942] INFO:fitness.free_loss_fidelity: RL4CO free-loss (step-mode): f1_steps=200, f2_steps=0, total_steps=200, train_problem_size=100, rollouts=100, batch_size=64, device=cuda:0, env=tsp
[2026-03-01 18:18:39,281] INFO:fitness.free_loss_fidelity: RL4CO free-loss step 1/200: score=7.803347 (avg=7.803347), loss=0.663239 (avg=0.663239), pairs_step=6309, pairs_total=6309
[2026-03-01 18:18:45,204] INFO:fitness.free_loss_fidelity: RL4CO free-loss step 20/200: score=7.796410 (avg=7.817465), loss=0.669398 (avg=0.660058), pairs_step=6323, pairs_total=126472
[2026-03-01 18:18:51,582] INFO:fitness.free_loss_fidelity: RL4CO free-loss step 40/200: score=7.821216 (avg=7.811475), loss=0.665908 (avg=0.657262), pairs_step=6330, pairs_total=253017
[2026-03-01 18:18:58,624] INFO:fitness.free_loss_fidelity: RL4CO free-loss step 60/200: score=7.814893 (avg=7.807481), loss=0.655539 (avg=0.656546), pairs_step=6325, pairs_total=379511
[2026-03-01 18:19:05,698] INFO:fitness.free_loss_fidelity: RL4CO free-loss step 80/200: score=7.809925 (avg=7.806199), loss=0.634140 (avg=0.655765), pairs_step=6323, pairs_total=506008
[2026-03-01 18:19:12,746] INFO:fitness.free_loss_fidelity: RL4CO free-loss step 100/200: score=7.769657 (avg=7.806686), loss=0.664273 (avg=0.654868), pairs_step=6329, pairs_total=632555
[2026-03-01 18:19:19,773] INFO:fitness.free_loss_fidelity: RL4CO free-loss step 120/200: score=7.783879 (avg=7.808062), loss=0.648995 (avg=0.655033), pairs_step=6329, pairs_total=759091
[2026-03-01 18:19:26,982] INFO:fitness.free_loss_fidelity: RL4CO free-loss step 140/200: score=7.838883 (avg=7.809301), loss=0.651901 (avg=0.654301), pairs_step=6323, pairs_total=885616
[2026-03-01 18:19:34,034] INFO:fitness.free_loss_fidelity: RL4CO free-loss step 160/200: score=7.799284 (avg=7.808542), loss=0.650657 (avg=0.654202), pairs_step=6324, pairs_total=1012102
[2026-03-01 18:19:41,087] INFO:fitness.free_loss_fidelity: RL4CO free-loss step 180/200: score=7.795311 (avg=7.807374), loss=0.650499 (avg=0.653900), pairs_step=6313, pairs_total=1138619
[2026-03-01 18:19:48,123] INFO:fitness.free_loss_fidelity: RL4CO free-loss step 200/200: score=7.814610 (avg=7.806177), loss=0.652157 (avg=0.653624), pairs_step=6325, pairs_total=1265121
[2026-03-01 18:19:49,424] WARNING:fitness.free_loss_fidelity: weights_only checkpoint load failed (UnpicklingError); retrying weights_only=False for /data1/gushengda/eam-rl4co/baseline/epoch_409.ckpt
[2026-03-01 18:19:49,469] INFO:fitness.free_loss_fidelity: Loaded init checkpoint into policy: path=/data1/gushengda/eam-rl4co/baseline/epoch_409.ckpt prefix=policy. matched=97 missing=0 unexpected=0
[2026-03-01 18:19:49,476] INFO:fitness.free_loss_fidelity: RL4CO free-loss (step-mode): f1_steps=200, f2_steps=0, total_steps=200, train_problem_size=100, rollouts=100, batch_size=64, device=cuda:0, env=tsp
[2026-03-01 18:19:49,831] INFO:fitness.free_loss_fidelity: RL4CO free-loss step 1/200: score=7.807477 (avg=7.807477), loss=0.155254 (avg=0.155254), pairs_step=6319, pairs_total=6319
[2026-03-01 18:19:56,531] INFO:fitness.free_loss_fidelity: RL4CO free-loss step 20/200: score=7.789073 (avg=7.810682), loss=0.133584 (avg=0.139000), pairs_step=6318, pairs_total=126351
[2026-03-01 18:20:03,569] INFO:fitness.free_loss_fidelity: RL4CO free-loss step 40/200: score=7.823149 (avg=7.805184), loss=0.136670 (avg=0.137324), pairs_step=6328, pairs_total=252763
[2026-03-01 18:20:10,608] INFO:fitness.free_loss_fidelity: RL4CO free-loss step 60/200: score=7.811327 (avg=7.801712), loss=0.128783 (avg=0.134526), pairs_step=6323, pairs_total=379174
[2026-03-01 18:20:17,635] INFO:fitness.free_loss_fidelity: RL4CO free-loss step 80/200: score=7.796155 (avg=7.799655), loss=0.132537 (avg=0.133237), pairs_step=6320, pairs_total=505530
[2026-03-01 18:20:24,666] INFO:fitness.free_loss_fidelity: RL4CO free-loss step 100/200: score=7.757921 (avg=7.800137), loss=0.133273 (avg=0.132711), pairs_step=6320, pairs_total=631912
[2026-03-01 18:20:31,719] INFO:fitness.free_loss_fidelity: RL4CO free-loss step 120/200: score=7.773236 (avg=7.801709), loss=0.133131 (avg=0.132629), pairs_step=6323, pairs_total=758326
[2026-03-01 18:20:38,746] INFO:fitness.free_loss_fidelity: RL4CO free-loss step 140/200: score=7.828872 (avg=7.802596), loss=0.130042 (avg=0.132793), pairs_step=6325, pairs_total=884722
[2026-03-01 18:20:45,782] INFO:fitness.free_loss_fidelity: RL4CO free-loss step 160/200: score=7.797943 (avg=7.801849), loss=0.135185 (avg=0.132777), pairs_step=6318, pairs_total=1011093
[2026-03-01 18:20:52,820] INFO:fitness.free_loss_fidelity: RL4CO free-loss step 180/200: score=7.790890 (avg=7.800949), loss=0.132965 (avg=0.132829), pairs_step=6319, pairs_total=1137488
[2026-03-01 18:20:59,855] INFO:fitness.free_loss_fidelity: RL4CO free-loss step 200/200: score=7.820853 (avg=7.799787), loss=0.124202 (avg=0.132472), pairs_step=6312, pairs_total=1263822
