[2026-03-01 09:16:59,714] INFO:fitness.free_loss_fidelity: Stage3 offline mini-train start gen=2 pair_index=0 K=200 seed=12345 valid_sizes=[100] baseline_json=baseline/mini_eval/baseline_minitrain_tsp100_K200.json
[2026-03-01 09:17:06,733] INFO:fitness.free_loss_fidelity: RL4CO free-loss (step-mode): f1_steps=200, f2_steps=0, total_steps=200, train_problem_size=100, rollouts=100, batch_size=64, device=cuda:2, env=tsp
[2026-03-01 09:17:08,072] INFO:fitness.free_loss_fidelity: RL4CO free-loss step 1/200: score=36.122910 (avg=36.122910), loss=0.781122 (avg=0.781122), pairs_step=316800, pairs_total=316800
[2026-03-01 09:17:14,218] INFO:fitness.free_loss_fidelity: RL4CO free-loss step 20/200: score=10.057716 (avg=12.741701), loss=0.611326 (avg=0.626794), pairs_step=316800, pairs_total=6335998
[2026-03-01 09:17:20,877] INFO:fitness.free_loss_fidelity: RL4CO free-loss step 40/200: score=9.490906 (avg=11.159947), loss=0.610357 (avg=0.620650), pairs_step=316800, pairs_total=12671994
[2026-03-01 09:17:27,540] INFO:fitness.free_loss_fidelity: RL4CO free-loss step 60/200: score=9.167339 (avg=10.523716), loss=0.604630 (avg=0.617120), pairs_step=316800, pairs_total=19007989
[2026-03-01 09:17:34,205] INFO:fitness.free_loss_fidelity: RL4CO free-loss step 80/200: score=8.965905 (avg=10.152743), loss=0.606910 (avg=0.613305), pairs_step=316800, pairs_total=25343982
[2026-03-01 09:17:40,840] INFO:fitness.free_loss_fidelity: RL4CO free-loss step 100/200: score=8.863498 (avg=9.912865), loss=0.598048 (avg=0.610840), pairs_step=316799, pairs_total=31679979
[2026-03-01 09:17:47,471] INFO:fitness.free_loss_fidelity: RL4CO free-loss step 120/200: score=8.762954 (avg=9.738069), loss=0.602516 (avg=0.609256), pairs_step=316800, pairs_total=38015971
[2026-03-01 09:17:54,089] INFO:fitness.free_loss_fidelity: RL4CO free-loss step 140/200: score=8.763907 (avg=9.601792), loss=0.607225 (avg=0.608371), pairs_step=316799, pairs_total=44351965
[2026-03-01 09:18:00,651] INFO:fitness.free_loss_fidelity: RL4CO free-loss step 160/200: score=8.688375 (avg=9.487699), loss=0.611057 (avg=0.608283), pairs_step=316800, pairs_total=50687963
[2026-03-01 09:18:07,222] INFO:fitness.free_loss_fidelity: RL4CO free-loss step 180/200: score=8.593956 (avg=9.390169), loss=0.611059 (avg=0.608645), pairs_step=316800, pairs_total=57023961
[2026-03-01 09:18:13,879] INFO:fitness.free_loss_fidelity: RL4CO free-loss step 200/200: score=8.571278 (avg=9.307882), loss=0.616434 (avg=0.609169), pairs_step=316800, pairs_total=63359957
[2026-03-01 09:18:14,992] WARNING:fitness.free_loss_fidelity: weights_only checkpoint load failed (UnpicklingError); retrying weights_only=False for /data1/gushengda/eam-rl4co/baseline/epoch_135.ckpt
[2026-03-01 09:18:15,033] INFO:fitness.free_loss_fidelity: Loaded init checkpoint into policy: path=/data1/gushengda/eam-rl4co/baseline/epoch_135.ckpt prefix=policy. matched=97 missing=0 unexpected=0
[2026-03-01 09:18:15,038] INFO:fitness.free_loss_fidelity: RL4CO free-loss (step-mode): f1_steps=200, f2_steps=0, total_steps=200, train_problem_size=100, rollouts=100, batch_size=64, device=cuda:2, env=tsp
[2026-03-01 09:18:15,419] INFO:fitness.free_loss_fidelity: RL4CO free-loss step 1/200: score=7.803347 (avg=7.803347), loss=0.677442 (avg=0.677442), pairs_step=315697, pairs_total=315697
[2026-03-01 09:18:21,337] INFO:fitness.free_loss_fidelity: RL4CO free-loss step 20/200: score=7.781422 (avg=7.809630), loss=0.679734 (avg=0.677134), pairs_step=315986, pairs_total=6317266
[2026-03-01 09:18:27,581] INFO:fitness.free_loss_fidelity: RL4CO free-loss step 40/200: score=7.820018 (avg=7.802998), loss=0.679290 (avg=0.676964), pairs_step=315929, pairs_total=12632848
[2026-03-01 09:18:33,821] INFO:fitness.free_loss_fidelity: RL4CO free-loss step 60/200: score=7.814425 (avg=7.799245), loss=0.676199 (avg=0.677134), pairs_step=315497, pairs_total=18948066
[2026-03-01 09:18:40,066] INFO:fitness.free_loss_fidelity: RL4CO free-loss step 80/200: score=7.795041 (avg=7.797752), loss=0.674387 (avg=0.677041), pairs_step=315675, pairs_total=25264472
[2026-03-01 09:18:46,302] INFO:fitness.free_loss_fidelity: RL4CO free-loss step 100/200: score=7.756764 (avg=7.798917), loss=0.677193 (avg=0.677184), pairs_step=315652, pairs_total=31579719
[2026-03-01 09:18:52,510] INFO:fitness.free_loss_fidelity: RL4CO free-loss step 120/200: score=7.774703 (avg=7.800440), loss=0.677291 (avg=0.677263), pairs_step=315745, pairs_total=37892649
[2026-03-01 09:18:58,710] INFO:fitness.free_loss_fidelity: RL4CO free-loss step 140/200: score=7.830413 (avg=7.801594), loss=0.679336 (avg=0.677317), pairs_step=314796, pairs_total=44204687
[2026-03-01 09:19:04,902] INFO:fitness.free_loss_fidelity: RL4CO free-loss step 160/200: score=7.796457 (avg=7.800998), loss=0.679236 (avg=0.677263), pairs_step=315441, pairs_total=50515869
[2026-03-01 09:19:11,094] INFO:fitness.free_loss_fidelity: RL4CO free-loss step 180/200: score=7.787817 (avg=7.799882), loss=0.677391 (avg=0.677248), pairs_step=315574, pairs_total=56827099
[2026-03-01 09:19:17,585] INFO:fitness.free_loss_fidelity: RL4CO free-loss step 200/200: score=7.811038 (avg=7.798645), loss=0.676659 (avg=0.677209), pairs_step=315455, pairs_total=63137536
[2026-03-01 09:19:18,707] WARNING:fitness.free_loss_fidelity: weights_only checkpoint load failed (UnpicklingError); retrying weights_only=False for /data1/gushengda/eam-rl4co/baseline/epoch_409.ckpt
[2026-03-01 09:19:18,751] INFO:fitness.free_loss_fidelity: Loaded init checkpoint into policy: path=/data1/gushengda/eam-rl4co/baseline/epoch_409.ckpt prefix=policy. matched=97 missing=0 unexpected=0
[2026-03-01 09:19:18,756] INFO:fitness.free_loss_fidelity: RL4CO free-loss (step-mode): f1_steps=200, f2_steps=0, total_steps=200, train_problem_size=100, rollouts=100, batch_size=64, device=cuda:2, env=tsp
[2026-03-01 09:19:19,077] INFO:fitness.free_loss_fidelity: RL4CO free-loss step 1/200: score=7.807477 (avg=7.807477), loss=0.222938 (avg=0.222938), pairs_step=315750, pairs_total=315750
[2026-03-01 09:19:25,014] INFO:fitness.free_loss_fidelity: RL4CO free-loss step 20/200: score=7.783429 (avg=7.808611), loss=0.217526 (avg=0.221568), pairs_step=315942, pairs_total=6318035
[2026-03-01 09:19:31,366] INFO:fitness.free_loss_fidelity: RL4CO free-loss step 40/200: score=7.812279 (avg=7.802511), loss=0.212320 (avg=0.217528), pairs_step=315817, pairs_total=12633948
[2026-03-01 09:19:37,909] INFO:fitness.free_loss_fidelity: RL4CO free-loss step 60/200: score=7.815531 (avg=7.798910), loss=0.222612 (avg=0.217202), pairs_step=315971, pairs_total=18950140
[2026-03-01 09:19:44,462] INFO:fitness.free_loss_fidelity: RL4CO free-loss step 80/200: score=7.796060 (avg=7.797402), loss=0.242855 (avg=0.220396), pairs_step=315969, pairs_total=25266740
[2026-03-01 09:19:51,006] INFO:fitness.free_loss_fidelity: RL4CO free-loss step 100/200: score=7.755576 (avg=7.798119), loss=0.223578 (avg=0.222718), pairs_step=315289, pairs_total=31583185
[2026-03-01 09:19:57,740] INFO:fitness.free_loss_fidelity: RL4CO free-loss step 120/200: score=7.771917 (avg=7.799328), loss=0.210373 (avg=0.221867), pairs_step=315475, pairs_total=37899501
[2026-03-01 09:20:04,187] INFO:fitness.free_loss_fidelity: RL4CO free-loss step 140/200: score=7.826539 (avg=7.800243), loss=0.219244 (avg=0.221106), pairs_step=315242, pairs_total=44212985
[2026-03-01 09:20:10,409] INFO:fitness.free_loss_fidelity: RL4CO free-loss step 160/200: score=7.791256 (avg=7.799301), loss=0.230580 (avg=0.221671), pairs_step=315738, pairs_total=50528112
[2026-03-01 09:20:16,618] INFO:fitness.free_loss_fidelity: RL4CO free-loss step 180/200: score=7.781187 (avg=7.798251), loss=0.220594 (avg=0.222145), pairs_step=315651, pairs_total=56840728
[2026-03-01 09:20:22,829] INFO:fitness.free_loss_fidelity: RL4CO free-loss step 200/200: score=7.815061 (avg=7.796938), loss=0.206987 (avg=0.221355), pairs_step=314974, pairs_total=63153939
