[2026-03-01 16:40:32,012] INFO:fitness.free_loss_fidelity: Stage3 offline mini-train start gen=17 pair_index=5 K=200 seed=12345 valid_sizes=[100] baseline_json=baseline/mini_eval/baseline_minitrain_tsp100_K200.json
[2026-03-01 16:40:32,031] INFO:fitness.free_loss_fidelity: RL4CO free-loss (step-mode): f1_steps=200, f2_steps=0, total_steps=200, train_problem_size=100, rollouts=100, batch_size=64, device=cuda:2, env=tsp
[2026-03-01 16:40:32,370] INFO:fitness.free_loss_fidelity: RL4CO free-loss step 1/200: score=36.122910 (avg=36.122910), loss=0.742369 (avg=0.742369), pairs_step=36800, pairs_total=36800
[2026-03-01 16:40:38,352] INFO:fitness.free_loss_fidelity: RL4CO free-loss step 20/200: score=16.100851 (avg=16.201747), loss=0.689085 (avg=0.695416), pairs_step=36800, pairs_total=735997
[2026-03-01 16:40:44,631] INFO:fitness.free_loss_fidelity: RL4CO free-loss step 40/200: score=13.284137 (avg=14.838924), loss=0.678704 (avg=0.689356), pairs_step=36800, pairs_total=1471992
[2026-03-01 16:40:50,919] INFO:fitness.free_loss_fidelity: RL4CO free-loss step 60/200: score=10.842894 (avg=13.813840), loss=0.677529 (avg=0.685024), pairs_step=36800, pairs_total=2207990
[2026-03-01 16:40:57,210] INFO:fitness.free_loss_fidelity: RL4CO free-loss step 80/200: score=10.597561 (avg=13.064495), loss=0.673086 (avg=0.682689), pairs_step=36799, pairs_total=2943985
[2026-03-01 16:41:03,509] INFO:fitness.free_loss_fidelity: RL4CO free-loss step 100/200: score=10.361088 (avg=12.534041), loss=0.672836 (avg=0.680903), pairs_step=36800, pairs_total=3679983
[2026-03-01 16:41:09,779] INFO:fitness.free_loss_fidelity: RL4CO free-loss step 120/200: score=10.136580 (avg=12.151826), loss=0.672943 (avg=0.679750), pairs_step=36800, pairs_total=4415980
[2026-03-01 16:41:16,042] INFO:fitness.free_loss_fidelity: RL4CO free-loss step 140/200: score=10.063074 (avg=11.858858), loss=0.672910 (avg=0.678794), pairs_step=36800, pairs_total=5151975
[2026-03-01 16:41:22,323] INFO:fitness.free_loss_fidelity: RL4CO free-loss step 160/200: score=9.942021 (avg=11.633826), loss=0.672959 (avg=0.678071), pairs_step=36800, pairs_total=5887972
[2026-03-01 16:41:28,590] INFO:fitness.free_loss_fidelity: RL4CO free-loss step 180/200: score=9.836321 (avg=11.441318), loss=0.671893 (avg=0.677506), pairs_step=36800, pairs_total=6623964
[2026-03-01 16:41:34,942] INFO:fitness.free_loss_fidelity: RL4CO free-loss step 200/200: score=9.829071 (avg=11.274312), loss=0.672707 (avg=0.677043), pairs_step=36800, pairs_total=7359956
[2026-03-01 16:41:36,059] WARNING:fitness.free_loss_fidelity: weights_only checkpoint load failed (UnpicklingError); retrying weights_only=False for /data1/gushengda/eam-rl4co/baseline/epoch_135.ckpt
[2026-03-01 16:41:36,097] INFO:fitness.free_loss_fidelity: Loaded init checkpoint into policy: path=/data1/gushengda/eam-rl4co/baseline/epoch_135.ckpt prefix=policy. matched=97 missing=0 unexpected=0
[2026-03-01 16:41:36,103] INFO:fitness.free_loss_fidelity: RL4CO free-loss (step-mode): f1_steps=200, f2_steps=0, total_steps=200, train_problem_size=100, rollouts=100, batch_size=64, device=cuda:2, env=tsp
[2026-03-01 16:41:36,434] INFO:fitness.free_loss_fidelity: RL4CO free-loss step 1/200: score=7.803347 (avg=7.803347), loss=0.690155 (avg=0.690155), pairs_step=35884, pairs_total=35884
[2026-03-01 16:41:42,433] INFO:fitness.free_loss_fidelity: RL4CO free-loss step 20/200: score=7.790006 (avg=7.813083), loss=0.689354 (avg=0.689619), pairs_step=36413, pairs_total=724358
[2026-03-01 16:41:48,730] INFO:fitness.free_loss_fidelity: RL4CO free-loss step 40/200: score=7.832664 (avg=7.810710), loss=0.686474 (avg=0.688591), pairs_step=36768, pairs_total=1457274
[2026-03-01 16:41:55,092] INFO:fitness.free_loss_fidelity: RL4CO free-loss step 60/200: score=7.830870 (avg=7.810119), loss=0.683675 (avg=0.687188), pairs_step=36778, pairs_total=2192832
[2026-03-01 16:42:01,437] INFO:fitness.free_loss_fidelity: RL4CO free-loss step 80/200: score=7.820316 (avg=7.811491), loss=0.682782 (avg=0.686258), pairs_step=36796, pairs_total=2928635
[2026-03-01 16:42:07,785] INFO:fitness.free_loss_fidelity: RL4CO free-loss step 100/200: score=7.791117 (avg=7.815450), loss=0.682059 (avg=0.685482), pairs_step=36797, pairs_total=3664589
[2026-03-01 16:42:14,135] INFO:fitness.free_loss_fidelity: RL4CO free-loss step 120/200: score=7.805386 (avg=7.819276), loss=0.681588 (avg=0.684944), pairs_step=36798, pairs_total=4400542
[2026-03-01 16:42:20,482] INFO:fitness.free_loss_fidelity: RL4CO free-loss step 140/200: score=7.855021 (avg=7.822129), loss=0.681542 (avg=0.684452), pairs_step=36798, pairs_total=5136497
[2026-03-01 16:42:26,826] INFO:fitness.free_loss_fidelity: RL4CO free-loss step 160/200: score=7.827353 (avg=7.823141), loss=0.681029 (avg=0.684126), pairs_step=36796, pairs_total=5872458
[2026-03-01 16:42:33,179] INFO:fitness.free_loss_fidelity: RL4CO free-loss step 180/200: score=7.825101 (avg=7.823237), loss=0.680804 (avg=0.683874), pairs_step=36799, pairs_total=6608438
[2026-03-01 16:42:39,531] INFO:fitness.free_loss_fidelity: RL4CO free-loss step 200/200: score=7.850116 (avg=7.823175), loss=0.681183 (avg=0.683660), pairs_step=36800, pairs_total=7344417
[2026-03-01 16:42:40,656] WARNING:fitness.free_loss_fidelity: weights_only checkpoint load failed (UnpicklingError); retrying weights_only=False for /data1/gushengda/eam-rl4co/baseline/epoch_409.ckpt
[2026-03-01 16:42:40,694] INFO:fitness.free_loss_fidelity: Loaded init checkpoint into policy: path=/data1/gushengda/eam-rl4co/baseline/epoch_409.ckpt prefix=policy. matched=97 missing=0 unexpected=0
[2026-03-01 16:42:40,700] INFO:fitness.free_loss_fidelity: RL4CO free-loss (step-mode): f1_steps=200, f2_steps=0, total_steps=200, train_problem_size=100, rollouts=100, batch_size=64, device=cuda:2, env=tsp
[2026-03-01 16:42:41,048] INFO:fitness.free_loss_fidelity: RL4CO free-loss step 1/200: score=7.807477 (avg=7.807477), loss=0.494517 (avg=0.494517), pairs_step=36027, pairs_total=36027
[2026-03-01 16:42:47,080] INFO:fitness.free_loss_fidelity: RL4CO free-loss step 20/200: score=7.784369 (avg=7.809274), loss=0.592147 (avg=0.566989), pairs_step=36184, pairs_total=722653
[2026-03-01 16:42:53,428] INFO:fitness.free_loss_fidelity: RL4CO free-loss step 40/200: score=7.815412 (avg=7.802683), loss=0.609632 (avg=0.584728), pairs_step=36391, pairs_total=1449208
[2026-03-01 16:42:59,775] INFO:fitness.free_loss_fidelity: RL4CO free-loss step 60/200: score=7.808599 (avg=7.798835), loss=0.623265 (avg=0.595588), pairs_step=36279, pairs_total=2174987
[2026-03-01 16:43:06,138] INFO:fitness.free_loss_fidelity: RL4CO free-loss step 80/200: score=7.796051 (avg=7.797234), loss=0.628561 (avg=0.603649), pairs_step=36387, pairs_total=2902804
[2026-03-01 16:43:12,503] INFO:fitness.free_loss_fidelity: RL4CO free-loss step 100/200: score=7.751525 (avg=7.797582), loss=0.637387 (avg=0.609846), pairs_step=36404, pairs_total=3632003
[2026-03-01 16:43:18,818] INFO:fitness.free_loss_fidelity: RL4CO free-loss step 120/200: score=7.774912 (avg=7.798892), loss=0.642586 (avg=0.614851), pairs_step=36491, pairs_total=4361704
[2026-03-01 16:43:25,128] INFO:fitness.free_loss_fidelity: RL4CO free-loss step 140/200: score=7.824342 (avg=7.799905), loss=0.645230 (avg=0.619330), pairs_step=36531, pairs_total=5092575
[2026-03-01 16:43:31,445] INFO:fitness.free_loss_fidelity: RL4CO free-loss step 160/200: score=7.791663 (avg=7.799127), loss=0.647435 (avg=0.622788), pairs_step=36713, pairs_total=5825092
[2026-03-01 16:43:37,764] INFO:fitness.free_loss_fidelity: RL4CO free-loss step 180/200: score=7.782622 (avg=7.797902), loss=0.651503 (avg=0.625987), pairs_step=36626, pairs_total=6558273
[2026-03-01 16:43:44,079] INFO:fitness.free_loss_fidelity: RL4CO free-loss step 200/200: score=7.809712 (avg=7.796543), loss=0.650653 (avg=0.628434), pairs_step=36621, pairs_total=7291953
