[2026-03-01 15:48:08,968] INFO:fitness.free_loss_fidelity: Stage3 offline mini-train start gen=16 pair_index=0 K=200 seed=12345 valid_sizes=[100] baseline_json=baseline/mini_eval/baseline_minitrain_tsp100_K200.json
[2026-03-01 15:48:16,380] INFO:fitness.free_loss_fidelity: RL4CO free-loss (step-mode): f1_steps=200, f2_steps=0, total_steps=200, train_problem_size=100, rollouts=100, batch_size=64, device=cuda:0, env=tsp
[2026-03-01 15:48:17,755] INFO:fitness.free_loss_fidelity: RL4CO free-loss step 1/200: score=36.122910 (avg=36.122910), loss=0.748179 (avg=0.748179), pairs_step=159213, pairs_total=159213
[2026-03-01 15:48:24,060] INFO:fitness.free_loss_fidelity: RL4CO free-loss step 20/200: score=10.020699 (avg=12.686907), loss=0.550120 (avg=0.563865), pairs_step=159892, pairs_total=3168741
[2026-03-01 15:48:30,557] INFO:fitness.free_loss_fidelity: RL4CO free-loss step 40/200: score=9.391972 (avg=11.117584), loss=0.561106 (avg=0.562063), pairs_step=155419, pairs_total=6341173
[2026-03-01 15:48:37,017] INFO:fitness.free_loss_fidelity: RL4CO free-loss step 60/200: score=9.157074 (avg=10.487794), loss=0.545725 (avg=0.559556), pairs_step=155986, pairs_total=9495466
[2026-03-01 15:48:43,469] INFO:fitness.free_loss_fidelity: RL4CO free-loss step 80/200: score=8.935956 (avg=10.126651), loss=0.541466 (avg=0.555201), pairs_step=158697, pairs_total=12665241
[2026-03-01 15:48:49,924] INFO:fitness.free_loss_fidelity: RL4CO free-loss step 100/200: score=8.803471 (avg=9.885781), loss=0.554327 (avg=0.552027), pairs_step=157949, pairs_total=15830835
[2026-03-01 15:48:56,393] INFO:fitness.free_loss_fidelity: RL4CO free-loss step 120/200: score=8.750805 (avg=9.712636), loss=0.553847 (avg=0.551065), pairs_step=157819, pairs_total=19002537
[2026-03-01 15:49:02,851] INFO:fitness.free_loss_fidelity: RL4CO free-loss step 140/200: score=8.715233 (avg=9.572823), loss=0.557324 (avg=0.551289), pairs_step=156962, pairs_total=22155210
[2026-03-01 15:49:09,324] INFO:fitness.free_loss_fidelity: RL4CO free-loss step 160/200: score=8.649475 (avg=9.459735), loss=0.567134 (avg=0.552089), pairs_step=158002, pairs_total=25318073
[2026-03-01 15:49:15,767] INFO:fitness.free_loss_fidelity: RL4CO free-loss step 180/200: score=8.553453 (avg=9.362612), loss=0.562205 (avg=0.553340), pairs_step=160453, pairs_total=28486301
[2026-03-01 15:49:22,212] INFO:fitness.free_loss_fidelity: RL4CO free-loss step 200/200: score=8.556446 (avg=9.279358), loss=0.565119 (avg=0.554796), pairs_step=158623, pairs_total=31660918
[2026-03-01 15:49:23,310] WARNING:fitness.free_loss_fidelity: weights_only checkpoint load failed (UnpicklingError); retrying weights_only=False for /data1/gushengda/eam-rl4co/baseline/epoch_135.ckpt
[2026-03-01 15:49:23,353] INFO:fitness.free_loss_fidelity: Loaded init checkpoint into policy: path=/data1/gushengda/eam-rl4co/baseline/epoch_135.ckpt prefix=policy. matched=97 missing=0 unexpected=0
[2026-03-01 15:49:23,358] INFO:fitness.free_loss_fidelity: RL4CO free-loss (step-mode): f1_steps=200, f2_steps=0, total_steps=200, train_problem_size=100, rollouts=100, batch_size=64, device=cuda:0, env=tsp
[2026-03-01 15:49:23,732] INFO:fitness.free_loss_fidelity: RL4CO free-loss step 1/200: score=7.803347 (avg=7.803347), loss=0.663759 (avg=0.663759), pairs_step=157875, pairs_total=157875
[2026-03-01 15:49:29,875] INFO:fitness.free_loss_fidelity: RL4CO free-loss step 20/200: score=7.782907 (avg=7.809333), loss=0.664943 (avg=0.663475), pairs_step=159740, pairs_total=3161141
[2026-03-01 15:49:36,346] INFO:fitness.free_loss_fidelity: RL4CO free-loss step 40/200: score=7.817795 (avg=7.802925), loss=0.662931 (avg=0.663953), pairs_step=158208, pairs_total=6321475
[2026-03-01 15:49:42,808] INFO:fitness.free_loss_fidelity: RL4CO free-loss step 60/200: score=7.812315 (avg=7.799337), loss=0.664154 (avg=0.664304), pairs_step=158106, pairs_total=9482013
[2026-03-01 15:49:49,270] INFO:fitness.free_loss_fidelity: RL4CO free-loss step 80/200: score=7.799002 (avg=7.798108), loss=0.663481 (avg=0.664286), pairs_step=159644, pairs_total=12636647
[2026-03-01 15:49:55,735] INFO:fitness.free_loss_fidelity: RL4CO free-loss step 100/200: score=7.762004 (avg=7.799141), loss=0.665420 (avg=0.664333), pairs_step=157630, pairs_total=15787314
[2026-03-01 15:50:02,190] INFO:fitness.free_loss_fidelity: RL4CO free-loss step 120/200: score=7.773141 (avg=7.801055), loss=0.663233 (avg=0.664294), pairs_step=158030, pairs_total=18936657
[2026-03-01 15:50:08,632] INFO:fitness.free_loss_fidelity: RL4CO free-loss step 140/200: score=7.831229 (avg=7.802113), loss=0.665641 (avg=0.664446), pairs_step=155548, pairs_total=22088672
[2026-03-01 15:50:15,102] INFO:fitness.free_loss_fidelity: RL4CO free-loss step 160/200: score=7.795117 (avg=7.801537), loss=0.661177 (avg=0.664477), pairs_step=158061, pairs_total=25249220
[2026-03-01 15:50:21,499] INFO:fitness.free_loss_fidelity: RL4CO free-loss step 180/200: score=7.787355 (avg=7.800438), loss=0.668405 (avg=0.664601), pairs_step=157812, pairs_total=28410329
[2026-03-01 15:50:27,912] INFO:fitness.free_loss_fidelity: RL4CO free-loss step 200/200: score=7.813053 (avg=7.799310), loss=0.660184 (avg=0.664712), pairs_step=156730, pairs_total=31566261
[2026-03-01 15:50:29,007] WARNING:fitness.free_loss_fidelity: weights_only checkpoint load failed (UnpicklingError); retrying weights_only=False for /data1/gushengda/eam-rl4co/baseline/epoch_409.ckpt
[2026-03-01 15:50:29,045] INFO:fitness.free_loss_fidelity: Loaded init checkpoint into policy: path=/data1/gushengda/eam-rl4co/baseline/epoch_409.ckpt prefix=policy. matched=97 missing=0 unexpected=0
[2026-03-01 15:50:29,049] INFO:fitness.free_loss_fidelity: RL4CO free-loss (step-mode): f1_steps=200, f2_steps=0, total_steps=200, train_problem_size=100, rollouts=100, batch_size=64, device=cuda:0, env=tsp
[2026-03-01 15:50:29,377] INFO:fitness.free_loss_fidelity: RL4CO free-loss step 1/200: score=7.807477 (avg=7.807477), loss=0.107652 (avg=0.107652), pairs_step=158679, pairs_total=158679
[2026-03-01 15:50:35,477] INFO:fitness.free_loss_fidelity: RL4CO free-loss step 20/200: score=7.781401 (avg=7.808871), loss=0.096871 (avg=0.102419), pairs_step=159239, pairs_total=3166755
[2026-03-01 15:50:41,885] INFO:fitness.free_loss_fidelity: RL4CO free-loss step 40/200: score=7.812286 (avg=7.803106), loss=0.108911 (avg=0.104280), pairs_step=157296, pairs_total=6321468
[2026-03-01 15:50:48,322] INFO:fitness.free_loss_fidelity: RL4CO free-loss step 60/200: score=7.813555 (avg=7.799662), loss=0.105303 (avg=0.104810), pairs_step=156097, pairs_total=9478759
[2026-03-01 15:50:54,722] INFO:fitness.free_loss_fidelity: RL4CO free-loss step 80/200: score=7.795413 (avg=7.798034), loss=0.102161 (avg=0.103457), pairs_step=159441, pairs_total=12640214
[2026-03-01 15:51:01,170] INFO:fitness.free_loss_fidelity: RL4CO free-loss step 100/200: score=7.753380 (avg=7.798446), loss=0.097874 (avg=0.102147), pairs_step=160002, pairs_total=15802590
[2026-03-01 15:51:07,638] INFO:fitness.free_loss_fidelity: RL4CO free-loss step 120/200: score=7.773606 (avg=7.799941), loss=0.095877 (avg=0.101046), pairs_step=156294, pairs_total=18955329
[2026-03-01 15:51:14,081] INFO:fitness.free_loss_fidelity: RL4CO free-loss step 140/200: score=7.823968 (avg=7.800954), loss=0.095443 (avg=0.100467), pairs_step=156894, pairs_total=22118018
[2026-03-01 15:51:20,769] INFO:fitness.free_loss_fidelity: RL4CO free-loss step 160/200: score=7.792653 (avg=7.800379), loss=0.093232 (avg=0.099674), pairs_step=159752, pairs_total=25275597
[2026-03-01 15:51:27,222] INFO:fitness.free_loss_fidelity: RL4CO free-loss step 180/200: score=7.781688 (avg=7.799116), loss=0.099881 (avg=0.099199), pairs_step=156811, pairs_total=28435954
[2026-03-01 15:51:33,675] INFO:fitness.free_loss_fidelity: RL4CO free-loss step 200/200: score=7.814312 (avg=7.797759), loss=0.099608 (avg=0.099377), pairs_step=156613, pairs_total=31595919
