[2026-03-01 09:35:19,176] INFO:fitness.free_loss_fidelity: Stage3 offline mini-train start gen=3 pair_index=3 K=200 seed=12345 valid_sizes=[100] baseline_json=baseline/mini_eval/baseline_minitrain_tsp100_K200.json
[2026-03-01 09:35:26,482] INFO:fitness.free_loss_fidelity: RL4CO free-loss (step-mode): f1_steps=200, f2_steps=0, total_steps=200, train_problem_size=100, rollouts=100, batch_size=64, device=cuda:0, env=tsp
[2026-03-01 09:35:27,881] INFO:fitness.free_loss_fidelity: RL4CO free-loss step 1/200: score=36.122910 (avg=36.122910), loss=0.392434 (avg=0.392434), pairs_step=316800, pairs_total=316800
[2026-03-01 09:35:34,354] INFO:fitness.free_loss_fidelity: RL4CO free-loss step 20/200: score=9.966918 (avg=12.744356), loss=0.364712 (avg=0.367612), pairs_step=316800, pairs_total=6335994
[2026-03-01 09:35:40,829] INFO:fitness.free_loss_fidelity: RL4CO free-loss step 40/200: score=9.601425 (avg=11.216003), loss=0.359391 (avg=0.364867), pairs_step=316800, pairs_total=12671990
[2026-03-01 09:35:47,290] INFO:fitness.free_loss_fidelity: RL4CO free-loss step 60/200: score=9.562334 (avg=10.657185), loss=0.357386 (avg=0.362869), pairs_step=316799, pairs_total=19007982
[2026-03-01 09:35:53,735] INFO:fitness.free_loss_fidelity: RL4CO free-loss step 80/200: score=9.722359 (avg=10.401621), loss=0.354795 (avg=0.361011), pairs_step=316799, pairs_total=25343977
[2026-03-01 09:36:00,180] INFO:fitness.free_loss_fidelity: RL4CO free-loss step 100/200: score=9.748857 (avg=10.264978), loss=0.353976 (avg=0.359688), pairs_step=316800, pairs_total=31679973
[2026-03-01 09:36:06,625] INFO:fitness.free_loss_fidelity: RL4CO free-loss step 120/200: score=9.828505 (avg=10.195554), loss=0.352240 (avg=0.358588), pairs_step=316800, pairs_total=38015967
[2026-03-01 09:36:13,118] INFO:fitness.free_loss_fidelity: RL4CO free-loss step 140/200: score=9.908566 (avg=10.157093), loss=0.352685 (avg=0.357696), pairs_step=316800, pairs_total=44351966
[2026-03-01 09:36:19,564] INFO:fitness.free_loss_fidelity: RL4CO free-loss step 160/200: score=9.804638 (avg=10.117178), loss=0.352621 (avg=0.357112), pairs_step=316800, pairs_total=50687962
[2026-03-01 09:36:26,000] INFO:fitness.free_loss_fidelity: RL4CO free-loss step 180/200: score=9.901461 (avg=10.088801), loss=0.350265 (avg=0.356524), pairs_step=316800, pairs_total=57023958
[2026-03-01 09:36:32,447] INFO:fitness.free_loss_fidelity: RL4CO free-loss step 200/200: score=9.983534 (avg=10.072743), loss=0.351708 (avg=0.356026), pairs_step=316799, pairs_total=63359952
[2026-03-01 09:36:33,544] WARNING:fitness.free_loss_fidelity: weights_only checkpoint load failed (UnpicklingError); retrying weights_only=False for /data1/gushengda/eam-rl4co/baseline/epoch_135.ckpt
[2026-03-01 09:36:33,588] INFO:fitness.free_loss_fidelity: Loaded init checkpoint into policy: path=/data1/gushengda/eam-rl4co/baseline/epoch_135.ckpt prefix=policy. matched=97 missing=0 unexpected=0
[2026-03-01 09:36:33,593] INFO:fitness.free_loss_fidelity: RL4CO free-loss (step-mode): f1_steps=200, f2_steps=0, total_steps=200, train_problem_size=100, rollouts=100, batch_size=64, device=cuda:0, env=tsp
[2026-03-01 09:36:33,934] INFO:fitness.free_loss_fidelity: RL4CO free-loss step 1/200: score=7.803347 (avg=7.803347), loss=0.328593 (avg=0.328593), pairs_step=315697, pairs_total=315697
[2026-03-01 09:36:40,109] INFO:fitness.free_loss_fidelity: RL4CO free-loss step 20/200: score=7.782678 (avg=7.811651), loss=0.307685 (avg=0.318429), pairs_step=316180, pairs_total=6318609
[2026-03-01 09:36:46,565] INFO:fitness.free_loss_fidelity: RL4CO free-loss step 40/200: score=7.828956 (avg=7.806847), loss=0.296851 (avg=0.308967), pairs_step=316618, pairs_total=12646776
[2026-03-01 09:36:53,047] INFO:fitness.free_loss_fidelity: RL4CO free-loss step 60/200: score=7.828515 (avg=7.806900), loss=0.293096 (avg=0.303949), pairs_step=316783, pairs_total=18981434
[2026-03-01 09:36:59,552] INFO:fitness.free_loss_fidelity: RL4CO free-loss step 80/200: score=7.826896 (avg=7.809299), loss=0.296101 (avg=0.300940), pairs_step=316789, pairs_total=25317107
[2026-03-01 09:37:06,023] INFO:fitness.free_loss_fidelity: RL4CO free-loss step 100/200: score=7.937749 (avg=7.825179), loss=0.332888 (avg=0.303827), pairs_step=316800, pairs_total=31653095
[2026-03-01 09:37:12,550] INFO:fitness.free_loss_fidelity: RL4CO free-loss step 120/200: score=8.393887 (avg=7.900114), loss=0.340009 (avg=0.309481), pairs_step=316800, pairs_total=37989095
[2026-03-01 09:37:19,052] INFO:fitness.free_loss_fidelity: RL4CO free-loss step 140/200: score=8.876781 (avg=7.996590), loss=0.341005 (avg=0.313726), pairs_step=316800, pairs_total=44325094
[2026-03-01 09:37:25,524] INFO:fitness.free_loss_fidelity: RL4CO free-loss step 160/200: score=9.622940 (avg=8.125290), loss=0.337182 (avg=0.316821), pairs_step=316800, pairs_total=50661093
[2026-03-01 09:37:32,005] INFO:fitness.free_loss_fidelity: RL4CO free-loss step 180/200: score=9.747000 (avg=8.285735), loss=0.329977 (avg=0.318505), pairs_step=316800, pairs_total=56997093
[2026-03-01 09:37:38,489] INFO:fitness.free_loss_fidelity: RL4CO free-loss step 200/200: score=10.228519 (avg=8.465564), loss=0.328557 (avg=0.319585), pairs_step=316800, pairs_total=63333092
[2026-03-01 09:37:39,590] WARNING:fitness.free_loss_fidelity: weights_only checkpoint load failed (UnpicklingError); retrying weights_only=False for /data1/gushengda/eam-rl4co/baseline/epoch_409.ckpt
[2026-03-01 09:37:39,628] INFO:fitness.free_loss_fidelity: Loaded init checkpoint into policy: path=/data1/gushengda/eam-rl4co/baseline/epoch_409.ckpt prefix=policy. matched=97 missing=0 unexpected=0
[2026-03-01 09:37:39,633] INFO:fitness.free_loss_fidelity: RL4CO free-loss (step-mode): f1_steps=200, f2_steps=0, total_steps=200, train_problem_size=100, rollouts=100, batch_size=64, device=cuda:0, env=tsp
[2026-03-01 09:37:39,981] INFO:fitness.free_loss_fidelity: RL4CO free-loss step 1/200: score=7.807477 (avg=7.807477), loss=0.284348 (avg=0.284348), pairs_step=315750, pairs_total=315750
[2026-03-01 09:37:46,142] INFO:fitness.free_loss_fidelity: RL4CO free-loss step 20/200: score=7.785668 (avg=7.807748), loss=0.285064 (avg=0.280861), pairs_step=316166, pairs_total=6320327
[2026-03-01 09:37:52,606] INFO:fitness.free_loss_fidelity: RL4CO free-loss step 40/200: score=7.817274 (avg=7.802282), loss=0.277788 (avg=0.280418), pairs_step=316331, pairs_total=12641323
[2026-03-01 09:37:59,077] INFO:fitness.free_loss_fidelity: RL4CO free-loss step 60/200: score=7.810210 (avg=7.798535), loss=0.285963 (avg=0.280442), pairs_step=315991, pairs_total=18963079
[2026-03-01 09:38:05,533] INFO:fitness.free_loss_fidelity: RL4CO free-loss step 80/200: score=7.795403 (avg=7.796881), loss=0.285190 (avg=0.280224), pairs_step=316512, pairs_total=25288731
[2026-03-01 09:38:12,013] INFO:fitness.free_loss_fidelity: RL4CO free-loss step 100/200: score=7.754793 (avg=7.797161), loss=0.284758 (avg=0.280244), pairs_step=316653, pairs_total=31620035
[2026-03-01 09:38:18,482] INFO:fitness.free_loss_fidelity: RL4CO free-loss step 120/200: score=7.777920 (avg=7.799039), loss=0.304126 (avg=0.280860), pairs_step=316782, pairs_total=37954729
[2026-03-01 09:38:24,937] INFO:fitness.free_loss_fidelity: RL4CO free-loss step 140/200: score=7.863892 (avg=7.802549), loss=0.334431 (avg=0.286534), pairs_step=316799, pairs_total=44290565
[2026-03-01 09:38:31,641] INFO:fitness.free_loss_fidelity: RL4CO free-loss step 160/200: score=7.864111 (avg=7.808719), loss=0.336895 (avg=0.292937), pairs_step=316800, pairs_total=50626561
[2026-03-01 09:38:38,110] INFO:fitness.free_loss_fidelity: RL4CO free-loss step 180/200: score=7.860497 (avg=7.815404), loss=0.339182 (avg=0.298128), pairs_step=316800, pairs_total=56962561
[2026-03-01 09:38:44,591] INFO:fitness.free_loss_fidelity: RL4CO free-loss step 200/200: score=7.898605 (avg=7.820586), loss=0.343250 (avg=0.302341), pairs_step=316800, pairs_total=63298558
