[2026-03-01 09:24:05,174] INFO:fitness.free_loss_fidelity: Stage3 offline mini-train start gen=2 pair_index=16 K=200 seed=12345 valid_sizes=[100] baseline_json=baseline/mini_eval/baseline_minitrain_tsp100_K200.json
[2026-03-01 09:24:05,196] INFO:fitness.free_loss_fidelity: RL4CO free-loss (step-mode): f1_steps=200, f2_steps=0, total_steps=200, train_problem_size=100, rollouts=100, batch_size=64, device=cuda:2, env=tsp
[2026-03-01 09:24:05,550] INFO:fitness.free_loss_fidelity: RL4CO free-loss step 1/200: score=36.122910 (avg=36.122910), loss=0.970598 (avg=0.970598), pairs_step=316800, pairs_total=316800
[2026-03-01 09:24:12,283] INFO:fitness.free_loss_fidelity: RL4CO free-loss step 20/200: score=9.894392 (avg=12.596192), loss=0.793055 (avg=0.807213), pairs_step=316800, pairs_total=6335997
[2026-03-01 09:24:19,345] INFO:fitness.free_loss_fidelity: RL4CO free-loss step 40/200: score=9.344273 (avg=11.036940), loss=0.802856 (avg=0.804989), pairs_step=316800, pairs_total=12671994
[2026-03-01 09:24:26,417] INFO:fitness.free_loss_fidelity: RL4CO free-loss step 60/200: score=9.111065 (avg=10.419330), loss=0.791165 (avg=0.802873), pairs_step=316800, pairs_total=19007985
[2026-03-01 09:24:33,487] INFO:fitness.free_loss_fidelity: RL4CO free-loss step 80/200: score=8.894081 (avg=10.064656), loss=0.790732 (avg=0.798680), pairs_step=316800, pairs_total=25343980
[2026-03-01 09:24:40,587] INFO:fitness.free_loss_fidelity: RL4CO free-loss step 100/200: score=8.836198 (avg=9.830717), loss=0.786950 (avg=0.796138), pairs_step=316800, pairs_total=31679974
[2026-03-01 09:24:47,666] INFO:fitness.free_loss_fidelity: RL4CO free-loss step 120/200: score=8.737684 (avg=9.659038), loss=0.797210 (avg=0.795276), pairs_step=316800, pairs_total=38015967
[2026-03-01 09:24:54,745] INFO:fitness.free_loss_fidelity: RL4CO free-loss step 140/200: score=8.680211 (avg=9.522705), loss=0.800038 (avg=0.795182), pairs_step=316799, pairs_total=44351956
[2026-03-01 09:25:01,817] INFO:fitness.free_loss_fidelity: RL4CO free-loss step 160/200: score=8.615435 (avg=9.408536), loss=0.802900 (avg=0.796218), pairs_step=316800, pairs_total=50687951
[2026-03-01 09:25:08,907] INFO:fitness.free_loss_fidelity: RL4CO free-loss step 180/200: score=8.496989 (avg=9.311269), loss=0.799619 (avg=0.797380), pairs_step=316798, pairs_total=57023945
[2026-03-01 09:25:15,985] INFO:fitness.free_loss_fidelity: RL4CO free-loss step 200/200: score=8.488262 (avg=9.230151), loss=0.819381 (avg=0.798487), pairs_step=316799, pairs_total=63359940
[2026-03-01 09:25:17,286] WARNING:fitness.free_loss_fidelity: weights_only checkpoint load failed (UnpicklingError); retrying weights_only=False for /data1/gushengda/eam-rl4co/baseline/epoch_135.ckpt
[2026-03-01 09:25:17,327] INFO:fitness.free_loss_fidelity: Loaded init checkpoint into policy: path=/data1/gushengda/eam-rl4co/baseline/epoch_135.ckpt prefix=policy. matched=97 missing=0 unexpected=0
[2026-03-01 09:25:17,332] INFO:fitness.free_loss_fidelity: RL4CO free-loss (step-mode): f1_steps=200, f2_steps=0, total_steps=200, train_problem_size=100, rollouts=100, batch_size=64, device=cuda:2, env=tsp
[2026-03-01 09:25:17,690] INFO:fitness.free_loss_fidelity: RL4CO free-loss step 1/200: score=7.803347 (avg=7.803347), loss=0.862089 (avg=0.862089), pairs_step=315697, pairs_total=315697
[2026-03-01 09:25:24,407] INFO:fitness.free_loss_fidelity: RL4CO free-loss step 20/200: score=7.779470 (avg=7.808678), loss=0.864364 (avg=0.863768), pairs_step=315947, pairs_total=6316036
[2026-03-01 09:25:31,488] INFO:fitness.free_loss_fidelity: RL4CO free-loss step 40/200: score=7.818745 (avg=7.803402), loss=0.874562 (avg=0.864729), pairs_step=315905, pairs_total=12629133
[2026-03-01 09:25:38,555] INFO:fitness.free_loss_fidelity: RL4CO free-loss step 60/200: score=7.812933 (avg=7.799727), loss=0.873971 (avg=0.865520), pairs_step=315561, pairs_total=18942368
[2026-03-01 09:25:45,830] INFO:fitness.free_loss_fidelity: RL4CO free-loss step 80/200: score=7.804591 (avg=7.798557), loss=0.862334 (avg=0.866208), pairs_step=315817, pairs_total=25257126
[2026-03-01 09:25:52,425] INFO:fitness.free_loss_fidelity: RL4CO free-loss step 100/200: score=7.760693 (avg=7.799296), loss=0.865588 (avg=0.866197), pairs_step=315855, pairs_total=31572954
[2026-03-01 09:25:58,839] INFO:fitness.free_loss_fidelity: RL4CO free-loss step 120/200: score=7.771919 (avg=7.800780), loss=0.861573 (avg=0.866482), pairs_step=315595, pairs_total=37886509
[2026-03-01 09:26:05,254] INFO:fitness.free_loss_fidelity: RL4CO free-loss step 140/200: score=7.828377 (avg=7.801758), loss=0.873739 (avg=0.866482), pairs_step=314859, pairs_total=44197127
[2026-03-01 09:26:11,656] INFO:fitness.free_loss_fidelity: RL4CO free-loss step 160/200: score=7.794716 (avg=7.801119), loss=0.875995 (avg=0.866950), pairs_step=315076, pairs_total=50508237
[2026-03-01 09:26:18,062] INFO:fitness.free_loss_fidelity: RL4CO free-loss step 180/200: score=7.781531 (avg=7.799874), loss=0.871686 (avg=0.867493), pairs_step=315086, pairs_total=56818843
[2026-03-01 09:26:24,465] INFO:fitness.free_loss_fidelity: RL4CO free-loss step 200/200: score=7.809736 (avg=7.798735), loss=0.869042 (avg=0.867824), pairs_step=315544, pairs_total=63131440
[2026-03-01 09:26:25,580] WARNING:fitness.free_loss_fidelity: weights_only checkpoint load failed (UnpicklingError); retrying weights_only=False for /data1/gushengda/eam-rl4co/baseline/epoch_409.ckpt
[2026-03-01 09:26:25,617] INFO:fitness.free_loss_fidelity: Loaded init checkpoint into policy: path=/data1/gushengda/eam-rl4co/baseline/epoch_409.ckpt prefix=policy. matched=97 missing=0 unexpected=0
[2026-03-01 09:26:25,622] INFO:fitness.free_loss_fidelity: RL4CO free-loss (step-mode): f1_steps=200, f2_steps=0, total_steps=200, train_problem_size=100, rollouts=100, batch_size=64, device=cuda:2, env=tsp
[2026-03-01 09:26:25,943] INFO:fitness.free_loss_fidelity: RL4CO free-loss step 1/200: score=7.807477 (avg=7.807477), loss=0.265922 (avg=0.265922), pairs_step=315750, pairs_total=315750
[2026-03-01 09:26:32,032] INFO:fitness.free_loss_fidelity: RL4CO free-loss step 20/200: score=7.785483 (avg=7.810080), loss=0.261054 (avg=0.265992), pairs_step=315947, pairs_total=6318450
[2026-03-01 09:26:38,458] INFO:fitness.free_loss_fidelity: RL4CO free-loss step 40/200: score=7.819687 (avg=7.804383), loss=0.261276 (avg=0.263155), pairs_step=315950, pairs_total=12636390
[2026-03-01 09:26:44,851] INFO:fitness.free_loss_fidelity: RL4CO free-loss step 60/200: score=7.811928 (avg=7.800220), loss=0.260288 (avg=0.261795), pairs_step=315501, pairs_total=18951931
[2026-03-01 09:26:51,252] INFO:fitness.free_loss_fidelity: RL4CO free-loss step 80/200: score=7.793420 (avg=7.798694), loss=0.278895 (avg=0.262761), pairs_step=315599, pairs_total=25267298
[2026-03-01 09:26:57,694] INFO:fitness.free_loss_fidelity: RL4CO free-loss step 100/200: score=7.753563 (avg=7.799246), loss=0.292274 (avg=0.268171), pairs_step=315486, pairs_total=31581530
[2026-03-01 09:27:04,102] INFO:fitness.free_loss_fidelity: RL4CO free-loss step 120/200: score=7.772484 (avg=7.800459), loss=0.252186 (avg=0.269306), pairs_step=315361, pairs_total=37895929
[2026-03-01 09:27:10,815] INFO:fitness.free_loss_fidelity: RL4CO free-loss step 140/200: score=7.820933 (avg=7.801236), loss=0.252266 (avg=0.266713), pairs_step=315245, pairs_total=44206764
[2026-03-01 09:27:17,235] INFO:fitness.free_loss_fidelity: RL4CO free-loss step 160/200: score=7.798947 (avg=7.800300), loss=0.270770 (avg=0.265782), pairs_step=315969, pairs_total=50521158
[2026-03-01 09:27:23,875] INFO:fitness.free_loss_fidelity: RL4CO free-loss step 180/200: score=7.780890 (avg=7.799084), loss=0.290332 (avg=0.267746), pairs_step=315212, pairs_total=56833882
[2026-03-01 09:27:30,878] INFO:fitness.free_loss_fidelity: RL4CO free-loss step 200/200: score=7.809096 (avg=7.797639), loss=0.249593 (avg=0.268426), pairs_step=315340, pairs_total=63144180
