[2026-03-01 10:34:09,999] INFO:fitness.free_loss_fidelity: Stage3 offline mini-train start gen=5 pair_index=22 K=200 seed=12345 valid_sizes=[100] baseline_json=baseline/mini_eval/baseline_minitrain_tsp100_K200.json
[2026-03-01 10:34:10,019] INFO:fitness.free_loss_fidelity: RL4CO free-loss (step-mode): f1_steps=200, f2_steps=0, total_steps=200, train_problem_size=100, rollouts=100, batch_size=64, device=cuda:0, env=tsp
[2026-03-01 10:34:10,336] INFO:fitness.free_loss_fidelity: RL4CO free-loss step 1/200: score=36.122910 (avg=36.122910), loss=0.743757 (avg=0.743757), pairs_step=316800, pairs_total=316800
[2026-03-01 10:34:16,222] INFO:fitness.free_loss_fidelity: RL4CO free-loss step 20/200: score=9.895884 (avg=12.663532), loss=0.579565 (avg=0.592682), pairs_step=316800, pairs_total=6335998
[2026-03-01 10:34:22,427] INFO:fitness.free_loss_fidelity: RL4CO free-loss step 40/200: score=9.327655 (avg=11.069005), loss=0.598057 (avg=0.592007), pairs_step=316800, pairs_total=12671990
[2026-03-01 10:34:28,616] INFO:fitness.free_loss_fidelity: RL4CO free-loss step 60/200: score=9.165564 (avg=10.447938), loss=0.575741 (avg=0.589067), pairs_step=316800, pairs_total=19007985
[2026-03-01 10:34:34,814] INFO:fitness.free_loss_fidelity: RL4CO free-loss step 80/200: score=8.957342 (avg=10.092997), loss=0.573374 (avg=0.585172), pairs_step=316800, pairs_total=25343977
[2026-03-01 10:34:40,997] INFO:fitness.free_loss_fidelity: RL4CO free-loss step 100/200: score=8.846422 (avg=9.857879), loss=0.563003 (avg=0.582773), pairs_step=316799, pairs_total=31679971
[2026-03-01 10:34:47,199] INFO:fitness.free_loss_fidelity: RL4CO free-loss step 120/200: score=8.751165 (avg=9.690587), loss=0.580817 (avg=0.581722), pairs_step=316800, pairs_total=38015969
[2026-03-01 10:34:53,397] INFO:fitness.free_loss_fidelity: RL4CO free-loss step 140/200: score=8.705954 (avg=9.556845), loss=0.579979 (avg=0.581525), pairs_step=316800, pairs_total=44351962
[2026-03-01 10:34:59,609] INFO:fitness.free_loss_fidelity: RL4CO free-loss step 160/200: score=8.595282 (avg=9.443653), loss=0.590749 (avg=0.581741), pairs_step=316800, pairs_total=50687957
[2026-03-01 10:35:05,808] INFO:fitness.free_loss_fidelity: RL4CO free-loss step 180/200: score=8.591642 (avg=9.349086), loss=0.584734 (avg=0.582476), pairs_step=316800, pairs_total=57023952
[2026-03-01 10:35:12,008] INFO:fitness.free_loss_fidelity: RL4CO free-loss step 200/200: score=8.532585 (avg=9.268829), loss=0.593989 (avg=0.583197), pairs_step=316800, pairs_total=63359945
[2026-03-01 10:35:13,109] WARNING:fitness.free_loss_fidelity: weights_only checkpoint load failed (UnpicklingError); retrying weights_only=False for /data1/gushengda/eam-rl4co/baseline/epoch_135.ckpt
[2026-03-01 10:35:13,147] INFO:fitness.free_loss_fidelity: Loaded init checkpoint into policy: path=/data1/gushengda/eam-rl4co/baseline/epoch_135.ckpt prefix=policy. matched=97 missing=0 unexpected=0
[2026-03-01 10:35:13,152] INFO:fitness.free_loss_fidelity: RL4CO free-loss (step-mode): f1_steps=200, f2_steps=0, total_steps=200, train_problem_size=100, rollouts=100, batch_size=64, device=cuda:0, env=tsp
[2026-03-01 10:35:13,472] INFO:fitness.free_loss_fidelity: RL4CO free-loss step 1/200: score=7.803347 (avg=7.803347), loss=0.672051 (avg=0.672051), pairs_step=315697, pairs_total=315697
[2026-03-01 10:35:19,369] INFO:fitness.free_loss_fidelity: RL4CO free-loss step 20/200: score=7.783194 (avg=7.810715), loss=0.673578 (avg=0.671586), pairs_step=316008, pairs_total=6317130
[2026-03-01 10:35:25,555] INFO:fitness.free_loss_fidelity: RL4CO free-loss step 40/200: score=7.820782 (avg=7.804078), loss=0.676273 (avg=0.672040), pairs_step=315880, pairs_total=12632363
[2026-03-01 10:35:31,751] INFO:fitness.free_loss_fidelity: RL4CO free-loss step 60/200: score=7.816830 (avg=7.800805), loss=0.675752 (avg=0.672468), pairs_step=315624, pairs_total=18946474
[2026-03-01 10:35:37,929] INFO:fitness.free_loss_fidelity: RL4CO free-loss step 80/200: score=7.801445 (avg=7.799277), loss=0.671613 (avg=0.672451), pairs_step=316002, pairs_total=25261701
[2026-03-01 10:35:44,134] INFO:fitness.free_loss_fidelity: RL4CO free-loss step 100/200: score=7.755405 (avg=7.799843), loss=0.674082 (avg=0.672572), pairs_step=315876, pairs_total=31576953
[2026-03-01 10:35:50,339] INFO:fitness.free_loss_fidelity: RL4CO free-loss step 120/200: score=7.771876 (avg=7.801039), loss=0.675637 (avg=0.672741), pairs_step=315650, pairs_total=37890292
[2026-03-01 10:35:56,540] INFO:fitness.free_loss_fidelity: RL4CO free-loss step 140/200: score=7.827189 (avg=7.801678), loss=0.673232 (avg=0.672770), pairs_step=315253, pairs_total=44201367
[2026-03-01 10:36:02,739] INFO:fitness.free_loss_fidelity: RL4CO free-loss step 160/200: score=7.797925 (avg=7.800995), loss=0.672437 (avg=0.672686), pairs_step=315409, pairs_total=50512335
[2026-03-01 10:36:08,940] INFO:fitness.free_loss_fidelity: RL4CO free-loss step 180/200: score=7.788064 (avg=7.799943), loss=0.670444 (avg=0.672714), pairs_step=315015, pairs_total=56821679
[2026-03-01 10:36:15,129] INFO:fitness.free_loss_fidelity: RL4CO free-loss step 200/200: score=7.809803 (avg=7.798843), loss=0.669728 (avg=0.672681), pairs_step=315217, pairs_total=63133349
[2026-03-01 10:36:16,226] WARNING:fitness.free_loss_fidelity: weights_only checkpoint load failed (UnpicklingError); retrying weights_only=False for /data1/gushengda/eam-rl4co/baseline/epoch_409.ckpt
[2026-03-01 10:36:16,256] INFO:fitness.free_loss_fidelity: Loaded init checkpoint into policy: path=/data1/gushengda/eam-rl4co/baseline/epoch_409.ckpt prefix=policy. matched=97 missing=0 unexpected=0
[2026-03-01 10:36:16,261] INFO:fitness.free_loss_fidelity: RL4CO free-loss (step-mode): f1_steps=200, f2_steps=0, total_steps=200, train_problem_size=100, rollouts=100, batch_size=64, device=cuda:0, env=tsp
[2026-03-01 10:36:16,575] INFO:fitness.free_loss_fidelity: RL4CO free-loss step 1/200: score=7.807477 (avg=7.807477), loss=0.196453 (avg=0.196453), pairs_step=315750, pairs_total=315750
[2026-03-01 10:36:22,461] INFO:fitness.free_loss_fidelity: RL4CO free-loss step 20/200: score=7.778725 (avg=7.808765), loss=0.200957 (avg=0.197925), pairs_step=315909, pairs_total=6317939
[2026-03-01 10:36:28,647] INFO:fitness.free_loss_fidelity: RL4CO free-loss step 40/200: score=7.814306 (avg=7.801982), loss=0.185617 (avg=0.194573), pairs_step=316261, pairs_total=12636933
[2026-03-01 10:36:34,843] INFO:fitness.free_loss_fidelity: RL4CO free-loss step 60/200: score=7.811403 (avg=7.798254), loss=0.183177 (avg=0.190644), pairs_step=315836, pairs_total=18952473
[2026-03-01 10:36:41,043] INFO:fitness.free_loss_fidelity: RL4CO free-loss step 80/200: score=7.796811 (avg=7.797100), loss=0.211263 (avg=0.191827), pairs_step=315807, pairs_total=25269596
[2026-03-01 10:36:47,433] INFO:fitness.free_loss_fidelity: RL4CO free-loss step 100/200: score=7.762115 (avg=7.798074), loss=0.217610 (avg=0.196948), pairs_step=315596, pairs_total=31585160
[2026-03-01 10:36:53,621] INFO:fitness.free_loss_fidelity: RL4CO free-loss step 120/200: score=7.772015 (avg=7.799485), loss=0.178648 (avg=0.197553), pairs_step=315906, pairs_total=37902733
[2026-03-01 10:36:59,824] INFO:fitness.free_loss_fidelity: RL4CO free-loss step 140/200: score=7.825278 (avg=7.800417), loss=0.182158 (avg=0.195055), pairs_step=315788, pairs_total=44217989
[2026-03-01 10:37:06,016] INFO:fitness.free_loss_fidelity: RL4CO free-loss step 160/200: score=7.795636 (avg=7.799747), loss=0.193265 (avg=0.193878), pairs_step=315932, pairs_total=50531698
[2026-03-01 10:37:12,225] INFO:fitness.free_loss_fidelity: RL4CO free-loss step 180/200: score=7.780189 (avg=7.798449), loss=0.198191 (avg=0.194643), pairs_step=315745, pairs_total=56844372
[2026-03-01 10:37:18,423] INFO:fitness.free_loss_fidelity: RL4CO free-loss step 200/200: score=7.817701 (avg=7.797184), loss=0.187669 (avg=0.194954), pairs_step=314677, pairs_total=63157428
