[2026-03-01 10:56:07,464] INFO:fitness.free_loss_fidelity: Stage3 offline mini-train start gen=6 pair_index=23 K=200 seed=12345 valid_sizes=[100] baseline_json=baseline/mini_eval/baseline_minitrain_tsp100_K200.json
[2026-03-01 10:56:07,482] INFO:fitness.free_loss_fidelity: RL4CO free-loss (step-mode): f1_steps=200, f2_steps=0, total_steps=200, train_problem_size=100, rollouts=100, batch_size=64, device=cuda:1, env=tsp
[2026-03-01 10:56:07,814] INFO:fitness.free_loss_fidelity: RL4CO free-loss step 1/200: score=36.122910 (avg=36.122910), loss=0.729241 (avg=0.729241), pairs_step=316800, pairs_total=316800
[2026-03-01 10:56:13,964] INFO:fitness.free_loss_fidelity: RL4CO free-loss step 20/200: score=9.885178 (avg=12.640077), loss=0.544155 (avg=0.558040), pairs_step=316800, pairs_total=6335998
[2026-03-01 10:56:20,453] INFO:fitness.free_loss_fidelity: RL4CO free-loss step 40/200: score=9.378452 (avg=11.071268), loss=0.556840 (avg=0.556857), pairs_step=316800, pairs_total=12671988
[2026-03-01 10:56:26,946] INFO:fitness.free_loss_fidelity: RL4CO free-loss step 60/200: score=9.159037 (avg=10.452161), loss=0.549083 (avg=0.554927), pairs_step=316800, pairs_total=19007984
[2026-03-01 10:56:33,438] INFO:fitness.free_loss_fidelity: RL4CO free-loss step 80/200: score=8.943323 (avg=10.097540), loss=0.540287 (avg=0.551113), pairs_step=316800, pairs_total=25343978
[2026-03-01 10:56:39,928] INFO:fitness.free_loss_fidelity: RL4CO free-loss step 100/200: score=8.842084 (avg=9.863417), loss=0.542403 (avg=0.549021), pairs_step=316799, pairs_total=31679971
[2026-03-01 10:56:46,412] INFO:fitness.free_loss_fidelity: RL4CO free-loss step 120/200: score=8.724882 (avg=9.692066), loss=0.546980 (avg=0.547813), pairs_step=316798, pairs_total=38015968
[2026-03-01 10:56:52,896] INFO:fitness.free_loss_fidelity: RL4CO free-loss step 140/200: score=8.710934 (avg=9.556265), loss=0.550943 (avg=0.547947), pairs_step=316800, pairs_total=44351963
[2026-03-01 10:56:59,360] INFO:fitness.free_loss_fidelity: RL4CO free-loss step 160/200: score=8.562862 (avg=9.440985), loss=0.549417 (avg=0.548486), pairs_step=316800, pairs_total=50687957
[2026-03-01 10:57:05,872] INFO:fitness.free_loss_fidelity: RL4CO free-loss step 180/200: score=8.546088 (avg=9.345373), loss=0.557207 (avg=0.549320), pairs_step=316799, pairs_total=57023951
[2026-03-01 10:57:12,365] INFO:fitness.free_loss_fidelity: RL4CO free-loss step 200/200: score=8.532337 (avg=9.262361), loss=0.563891 (avg=0.550608), pairs_step=316800, pairs_total=63359947
[2026-03-01 10:57:13,475] WARNING:fitness.free_loss_fidelity: weights_only checkpoint load failed (UnpicklingError); retrying weights_only=False for /data1/gushengda/eam-rl4co/baseline/epoch_135.ckpt
[2026-03-01 10:57:13,514] INFO:fitness.free_loss_fidelity: Loaded init checkpoint into policy: path=/data1/gushengda/eam-rl4co/baseline/epoch_135.ckpt prefix=policy. matched=97 missing=0 unexpected=0
[2026-03-01 10:57:13,519] INFO:fitness.free_loss_fidelity: RL4CO free-loss (step-mode): f1_steps=200, f2_steps=0, total_steps=200, train_problem_size=100, rollouts=100, batch_size=64, device=cuda:1, env=tsp
[2026-03-01 10:57:13,861] INFO:fitness.free_loss_fidelity: RL4CO free-loss step 1/200: score=7.803347 (avg=7.803347), loss=0.659922 (avg=0.659922), pairs_step=315697, pairs_total=315697
[2026-03-01 10:57:20,040] INFO:fitness.free_loss_fidelity: RL4CO free-loss step 20/200: score=7.785687 (avg=7.810687), loss=0.663130 (avg=0.659814), pairs_step=315942, pairs_total=6316351
[2026-03-01 10:57:26,527] INFO:fitness.free_loss_fidelity: RL4CO free-loss step 40/200: score=7.820063 (avg=7.805062), loss=0.669403 (avg=0.661357), pairs_step=315911, pairs_total=12633101
[2026-03-01 10:57:32,997] INFO:fitness.free_loss_fidelity: RL4CO free-loss step 60/200: score=7.820261 (avg=7.801287), loss=0.661335 (avg=0.661986), pairs_step=315232, pairs_total=18948053
[2026-03-01 10:57:39,510] INFO:fitness.free_loss_fidelity: RL4CO free-loss step 80/200: score=7.801503 (avg=7.799957), loss=0.665947 (avg=0.662311), pairs_step=315988, pairs_total=25263101
[2026-03-01 10:57:45,984] INFO:fitness.free_loss_fidelity: RL4CO free-loss step 100/200: score=7.764008 (avg=7.800519), loss=0.660667 (avg=0.662565), pairs_step=315653, pairs_total=31579024
[2026-03-01 10:57:52,471] INFO:fitness.free_loss_fidelity: RL4CO free-loss step 120/200: score=7.774168 (avg=7.801936), loss=0.661950 (avg=0.662727), pairs_step=315479, pairs_total=37893029
[2026-03-01 10:57:58,941] INFO:fitness.free_loss_fidelity: RL4CO free-loss step 140/200: score=7.835050 (avg=7.802949), loss=0.664482 (avg=0.662799), pairs_step=315479, pairs_total=44206658
[2026-03-01 10:58:05,446] INFO:fitness.free_loss_fidelity: RL4CO free-loss step 160/200: score=7.803429 (avg=7.802421), loss=0.665817 (avg=0.662926), pairs_step=315338, pairs_total=50520097
[2026-03-01 10:58:11,935] INFO:fitness.free_loss_fidelity: RL4CO free-loss step 180/200: score=7.784881 (avg=7.801400), loss=0.662950 (avg=0.663067), pairs_step=315555, pairs_total=56832828
[2026-03-01 10:58:18,433] INFO:fitness.free_loss_fidelity: RL4CO free-loss step 200/200: score=7.809990 (avg=7.800249), loss=0.659861 (avg=0.663137), pairs_step=315491, pairs_total=63146626
[2026-03-01 10:58:19,542] WARNING:fitness.free_loss_fidelity: weights_only checkpoint load failed (UnpicklingError); retrying weights_only=False for /data1/gushengda/eam-rl4co/baseline/epoch_409.ckpt
[2026-03-01 10:58:19,574] INFO:fitness.free_loss_fidelity: Loaded init checkpoint into policy: path=/data1/gushengda/eam-rl4co/baseline/epoch_409.ckpt prefix=policy. matched=97 missing=0 unexpected=0
[2026-03-01 10:58:19,579] INFO:fitness.free_loss_fidelity: RL4CO free-loss (step-mode): f1_steps=200, f2_steps=0, total_steps=200, train_problem_size=100, rollouts=100, batch_size=64, device=cuda:1, env=tsp
[2026-03-01 10:58:19,913] INFO:fitness.free_loss_fidelity: RL4CO free-loss step 1/200: score=7.807477 (avg=7.807477), loss=0.163192 (avg=0.163192), pairs_step=315750, pairs_total=315750
[2026-03-01 10:58:26,063] INFO:fitness.free_loss_fidelity: RL4CO free-loss step 20/200: score=7.779155 (avg=7.807192), loss=0.164365 (avg=0.169532), pairs_step=315910, pairs_total=6317986
[2026-03-01 10:58:32,560] INFO:fitness.free_loss_fidelity: RL4CO free-loss step 40/200: score=7.812254 (avg=7.800806), loss=0.152881 (avg=0.165317), pairs_step=315875, pairs_total=12636803
[2026-03-01 10:58:39,046] INFO:fitness.free_loss_fidelity: RL4CO free-loss step 60/200: score=7.813560 (avg=7.797666), loss=0.155180 (avg=0.162324), pairs_step=315540, pairs_total=18953473
[2026-03-01 10:58:45,532] INFO:fitness.free_loss_fidelity: RL4CO free-loss step 80/200: score=7.796180 (avg=7.796301), loss=0.181704 (avg=0.163793), pairs_step=315842, pairs_total=25270399
[2026-03-01 10:58:52,028] INFO:fitness.free_loss_fidelity: RL4CO free-loss step 100/200: score=7.751112 (avg=7.796676), loss=0.205719 (avg=0.168657), pairs_step=315734, pairs_total=31588244
[2026-03-01 10:58:58,533] INFO:fitness.free_loss_fidelity: RL4CO free-loss step 120/200: score=7.772938 (avg=7.798046), loss=0.147223 (avg=0.168923), pairs_step=315507, pairs_total=37904510
[2026-03-01 10:59:05,011] INFO:fitness.free_loss_fidelity: RL4CO free-loss step 140/200: score=7.825634 (avg=7.798984), loss=0.145478 (avg=0.166368), pairs_step=315612, pairs_total=44219527
[2026-03-01 10:59:11,491] INFO:fitness.free_loss_fidelity: RL4CO free-loss step 160/200: score=7.795687 (avg=7.798196), loss=0.181438 (avg=0.166792), pairs_step=316021, pairs_total=50535650
[2026-03-01 10:59:17,950] INFO:fitness.free_loss_fidelity: RL4CO free-loss step 180/200: score=7.786871 (avg=7.797221), loss=0.193605 (avg=0.170459), pairs_step=315167, pairs_total=56848617
[2026-03-01 10:59:24,421] INFO:fitness.free_loss_fidelity: RL4CO free-loss step 200/200: score=7.811882 (avg=7.795997), loss=0.157782 (avg=0.170780), pairs_step=315755, pairs_total=63162906
