[2026-03-01 10:08:26,274] INFO:fitness.free_loss_fidelity: Stage3 offline mini-train start gen=4 pair_index=16 K=200 seed=12345 valid_sizes=[100] baseline_json=baseline/mini_eval/baseline_minitrain_tsp100_K200.json
[2026-03-01 10:08:26,299] INFO:fitness.free_loss_fidelity: RL4CO free-loss (step-mode): f1_steps=200, f2_steps=0, total_steps=200, train_problem_size=100, rollouts=100, batch_size=64, device=cuda:3, env=tsp
[2026-03-01 10:08:26,655] INFO:fitness.free_loss_fidelity: RL4CO free-loss step 1/200: score=36.122910 (avg=36.122910), loss=0.781122 (avg=0.781122), pairs_step=316800, pairs_total=316800
[2026-03-01 10:08:32,627] INFO:fitness.free_loss_fidelity: RL4CO free-loss step 20/200: score=10.006268 (avg=12.739219), loss=0.604574 (avg=0.627207), pairs_step=316800, pairs_total=6335997
[2026-03-01 10:08:38,906] INFO:fitness.free_loss_fidelity: RL4CO free-loss step 40/200: score=9.402431 (avg=11.138890), loss=0.608551 (avg=0.621250), pairs_step=316800, pairs_total=12671992
[2026-03-01 10:08:45,196] INFO:fitness.free_loss_fidelity: RL4CO free-loss step 60/200: score=9.175352 (avg=10.500283), loss=0.605760 (avg=0.617200), pairs_step=316800, pairs_total=19007988
[2026-03-01 10:08:51,681] INFO:fitness.free_loss_fidelity: RL4CO free-loss step 80/200: score=8.985600 (avg=10.139382), loss=0.599085 (avg=0.613391), pairs_step=316800, pairs_total=25343986
[2026-03-01 10:08:57,958] INFO:fitness.free_loss_fidelity: RL4CO free-loss step 100/200: score=8.881567 (avg=9.898994), loss=0.596491 (avg=0.610800), pairs_step=316800, pairs_total=31679981
[2026-03-01 10:09:04,250] INFO:fitness.free_loss_fidelity: RL4CO free-loss step 120/200: score=8.749879 (avg=9.728710), loss=0.599144 (avg=0.608738), pairs_step=316799, pairs_total=38015974
[2026-03-01 10:09:10,528] INFO:fitness.free_loss_fidelity: RL4CO free-loss step 140/200: score=8.764217 (avg=9.593743), loss=0.608020 (avg=0.608193), pairs_step=316799, pairs_total=44351968
[2026-03-01 10:09:16,817] INFO:fitness.free_loss_fidelity: RL4CO free-loss step 160/200: score=8.633433 (avg=9.479450), loss=0.607277 (avg=0.608105), pairs_step=316800, pairs_total=50687961
[2026-03-01 10:09:23,102] INFO:fitness.free_loss_fidelity: RL4CO free-loss step 180/200: score=8.588913 (avg=9.383281), loss=0.607759 (avg=0.608443), pairs_step=316800, pairs_total=57023957
[2026-03-01 10:09:29,380] INFO:fitness.free_loss_fidelity: RL4CO free-loss step 200/200: score=8.574296 (avg=9.300490), loss=0.617012 (avg=0.608787), pairs_step=316800, pairs_total=63359955
[2026-03-01 10:09:30,491] WARNING:fitness.free_loss_fidelity: weights_only checkpoint load failed (UnpicklingError); retrying weights_only=False for /data1/gushengda/eam-rl4co/baseline/epoch_135.ckpt
[2026-03-01 10:09:30,530] INFO:fitness.free_loss_fidelity: Loaded init checkpoint into policy: path=/data1/gushengda/eam-rl4co/baseline/epoch_135.ckpt prefix=policy. matched=97 missing=0 unexpected=0
[2026-03-01 10:09:30,535] INFO:fitness.free_loss_fidelity: RL4CO free-loss (step-mode): f1_steps=200, f2_steps=0, total_steps=200, train_problem_size=100, rollouts=100, batch_size=64, device=cuda:3, env=tsp
[2026-03-01 10:09:30,855] INFO:fitness.free_loss_fidelity: RL4CO free-loss step 1/200: score=7.803347 (avg=7.803347), loss=0.677442 (avg=0.677442), pairs_step=315697, pairs_total=315697
[2026-03-01 10:09:36,823] INFO:fitness.free_loss_fidelity: RL4CO free-loss step 20/200: score=7.780453 (avg=7.808092), loss=0.678948 (avg=0.677006), pairs_step=315871, pairs_total=6316306
[2026-03-01 10:09:43,105] INFO:fitness.free_loss_fidelity: RL4CO free-loss step 40/200: score=7.818371 (avg=7.801961), loss=0.681820 (avg=0.677147), pairs_step=316078, pairs_total=12631333
[2026-03-01 10:09:49,388] INFO:fitness.free_loss_fidelity: RL4CO free-loss step 60/200: score=7.811989 (avg=7.798662), loss=0.676181 (avg=0.676913), pairs_step=315663, pairs_total=18946463
[2026-03-01 10:09:55,681] INFO:fitness.free_loss_fidelity: RL4CO free-loss step 80/200: score=7.798983 (avg=7.797183), loss=0.676953 (avg=0.677050), pairs_step=315728, pairs_total=25259067
[2026-03-01 10:10:01,956] INFO:fitness.free_loss_fidelity: RL4CO free-loss step 100/200: score=7.756619 (avg=7.798022), loss=0.676332 (avg=0.677076), pairs_step=315614, pairs_total=31572269
[2026-03-01 10:10:08,243] INFO:fitness.free_loss_fidelity: RL4CO free-loss step 120/200: score=7.774528 (avg=7.799747), loss=0.676683 (avg=0.677150), pairs_step=315710, pairs_total=37884508
[2026-03-01 10:10:14,514] INFO:fitness.free_loss_fidelity: RL4CO free-loss step 140/200: score=7.829024 (avg=7.800779), loss=0.678767 (avg=0.677173), pairs_step=315243, pairs_total=44196777
[2026-03-01 10:10:20,797] INFO:fitness.free_loss_fidelity: RL4CO free-loss step 160/200: score=7.790457 (avg=7.800097), loss=0.677766 (avg=0.677173), pairs_step=315731, pairs_total=50509927
[2026-03-01 10:10:27,082] INFO:fitness.free_loss_fidelity: RL4CO free-loss step 180/200: score=7.788250 (avg=7.799077), loss=0.676986 (avg=0.677145), pairs_step=315594, pairs_total=56820071
[2026-03-01 10:10:33,364] INFO:fitness.free_loss_fidelity: RL4CO free-loss step 200/200: score=7.806463 (avg=7.797919), loss=0.676123 (avg=0.677159), pairs_step=315769, pairs_total=63132539
[2026-03-01 10:10:34,478] WARNING:fitness.free_loss_fidelity: weights_only checkpoint load failed (UnpicklingError); retrying weights_only=False for /data1/gushengda/eam-rl4co/baseline/epoch_409.ckpt
[2026-03-01 10:10:34,516] INFO:fitness.free_loss_fidelity: Loaded init checkpoint into policy: path=/data1/gushengda/eam-rl4co/baseline/epoch_409.ckpt prefix=policy. matched=97 missing=0 unexpected=0
[2026-03-01 10:10:34,521] INFO:fitness.free_loss_fidelity: RL4CO free-loss (step-mode): f1_steps=200, f2_steps=0, total_steps=200, train_problem_size=100, rollouts=100, batch_size=64, device=cuda:3, env=tsp
[2026-03-01 10:10:34,840] INFO:fitness.free_loss_fidelity: RL4CO free-loss step 1/200: score=7.807477 (avg=7.807477), loss=0.222938 (avg=0.222938), pairs_step=315750, pairs_total=315750
[2026-03-01 10:10:40,807] INFO:fitness.free_loss_fidelity: RL4CO free-loss step 20/200: score=7.781242 (avg=7.808232), loss=0.218382 (avg=0.220071), pairs_step=315765, pairs_total=6318096
[2026-03-01 10:10:47,083] INFO:fitness.free_loss_fidelity: RL4CO free-loss step 40/200: score=7.819162 (avg=7.802682), loss=0.224377 (avg=0.220293), pairs_step=316032, pairs_total=12634950
[2026-03-01 10:10:53,355] INFO:fitness.free_loss_fidelity: RL4CO free-loss step 60/200: score=7.811323 (avg=7.799454), loss=0.223572 (avg=0.221120), pairs_step=315104, pairs_total=18949717
[2026-03-01 10:10:59,652] INFO:fitness.free_loss_fidelity: RL4CO free-loss step 80/200: score=7.799709 (avg=7.798045), loss=0.229522 (avg=0.221730), pairs_step=315809, pairs_total=25265875
[2026-03-01 10:11:05,925] INFO:fitness.free_loss_fidelity: RL4CO free-loss step 100/200: score=7.754097 (avg=7.798423), loss=0.234322 (avg=0.224013), pairs_step=315889, pairs_total=31582424
[2026-03-01 10:11:12,206] INFO:fitness.free_loss_fidelity: RL4CO free-loss step 120/200: score=7.774921 (avg=7.799705), loss=0.206555 (avg=0.223561), pairs_step=315373, pairs_total=37900163
[2026-03-01 10:11:18,487] INFO:fitness.free_loss_fidelity: RL4CO free-loss step 140/200: score=7.821532 (avg=7.800468), loss=0.218657 (avg=0.222025), pairs_step=315640, pairs_total=44215997
[2026-03-01 10:11:24,947] INFO:fitness.free_loss_fidelity: RL4CO free-loss step 160/200: score=7.791578 (avg=7.799561), loss=0.224585 (avg=0.221847), pairs_step=315974, pairs_total=50531506
[2026-03-01 10:11:31,222] INFO:fitness.free_loss_fidelity: RL4CO free-loss step 180/200: score=7.782054 (avg=7.798231), loss=0.215511 (avg=0.221629), pairs_step=315516, pairs_total=56845887
[2026-03-01 10:11:37,516] INFO:fitness.free_loss_fidelity: RL4CO free-loss step 200/200: score=7.815208 (avg=7.797039), loss=0.211855 (avg=0.221041), pairs_step=315667, pairs_total=63161220
