[2026-03-01 16:09:44,247] INFO:fitness.free_loss_fidelity: Stage3 offline mini-train start gen=16 pair_index=27 K=200 seed=12345 valid_sizes=[100] baseline_json=baseline/mini_eval/baseline_minitrain_tsp100_K200.json
[2026-03-01 16:09:44,268] INFO:fitness.free_loss_fidelity: RL4CO free-loss (step-mode): f1_steps=200, f2_steps=0, total_steps=200, train_problem_size=100, rollouts=100, batch_size=64, device=cuda:3, env=tsp
[2026-03-01 16:09:44,637] INFO:fitness.free_loss_fidelity: RL4CO free-loss step 1/200: score=36.122910 (avg=36.122910), loss=0.747237 (avg=0.747237), pairs_step=159725, pairs_total=159725
[2026-03-01 16:09:51,313] INFO:fitness.free_loss_fidelity: RL4CO free-loss step 20/200: score=9.889561 (avg=12.618769), loss=0.549535 (avg=0.561642), pairs_step=159124, pairs_total=3179517
[2026-03-01 16:09:58,340] INFO:fitness.free_loss_fidelity: RL4CO free-loss step 40/200: score=9.328148 (avg=11.042583), loss=0.570761 (avg=0.561088), pairs_step=157305, pairs_total=6364616
[2026-03-01 16:10:05,381] INFO:fitness.free_loss_fidelity: RL4CO free-loss step 60/200: score=9.124277 (avg=10.429116), loss=0.548227 (avg=0.558537), pairs_step=156773, pairs_total=9542774
[2026-03-01 16:10:12,411] INFO:fitness.free_loss_fidelity: RL4CO free-loss step 80/200: score=8.943050 (avg=10.080537), loss=0.534162 (avg=0.553643), pairs_step=156489, pairs_total=12713123
[2026-03-01 16:10:19,452] INFO:fitness.free_loss_fidelity: RL4CO free-loss step 100/200: score=8.835219 (avg=9.853681), loss=0.543200 (avg=0.549984), pairs_step=159512, pairs_total=15886342
[2026-03-01 16:10:26,494] INFO:fitness.free_loss_fidelity: RL4CO free-loss step 120/200: score=8.799412 (avg=9.686160), loss=0.535574 (avg=0.548441), pairs_step=159194, pairs_total=19071380
[2026-03-01 16:10:33,542] INFO:fitness.free_loss_fidelity: RL4CO free-loss step 140/200: score=8.720028 (avg=9.554982), loss=0.548266 (avg=0.548373), pairs_step=159639, pairs_total=22246060
[2026-03-01 16:10:40,585] INFO:fitness.free_loss_fidelity: RL4CO free-loss step 160/200: score=8.648501 (avg=9.445019), loss=0.556915 (avg=0.549270), pairs_step=156936, pairs_total=25414548
[2026-03-01 16:10:47,644] INFO:fitness.free_loss_fidelity: RL4CO free-loss step 180/200: score=8.575123 (avg=9.353171), loss=0.559852 (avg=0.550292), pairs_step=157286, pairs_total=28597382
[2026-03-01 16:10:54,682] INFO:fitness.free_loss_fidelity: RL4CO free-loss step 200/200: score=8.555785 (avg=9.273482), loss=0.568927 (avg=0.551371), pairs_step=158783, pairs_total=31769028
[2026-03-01 16:10:55,983] WARNING:fitness.free_loss_fidelity: weights_only checkpoint load failed (UnpicklingError); retrying weights_only=False for /data1/gushengda/eam-rl4co/baseline/epoch_135.ckpt
[2026-03-01 16:10:56,027] INFO:fitness.free_loss_fidelity: Loaded init checkpoint into policy: path=/data1/gushengda/eam-rl4co/baseline/epoch_135.ckpt prefix=policy. matched=97 missing=0 unexpected=0
[2026-03-01 16:10:56,033] INFO:fitness.free_loss_fidelity: RL4CO free-loss (step-mode): f1_steps=200, f2_steps=0, total_steps=200, train_problem_size=100, rollouts=100, batch_size=64, device=cuda:3, env=tsp
[2026-03-01 16:10:56,409] INFO:fitness.free_loss_fidelity: RL4CO free-loss step 1/200: score=7.803347 (avg=7.803347), loss=0.663354 (avg=0.663354), pairs_step=158077, pairs_total=158077
[2026-03-01 16:11:03,083] INFO:fitness.free_loss_fidelity: RL4CO free-loss step 20/200: score=7.784684 (avg=7.811435), loss=0.662812 (avg=0.663778), pairs_step=157292, pairs_total=3159382
[2026-03-01 16:11:10,286] INFO:fitness.free_loss_fidelity: RL4CO free-loss step 40/200: score=7.818162 (avg=7.805808), loss=0.666710 (avg=0.663634), pairs_step=158397, pairs_total=6322688
[2026-03-01 16:11:17,314] INFO:fitness.free_loss_fidelity: RL4CO free-loss step 60/200: score=7.811357 (avg=7.801721), loss=0.664775 (avg=0.664198), pairs_step=158545, pairs_total=9487672
[2026-03-01 16:11:24,340] INFO:fitness.free_loss_fidelity: RL4CO free-loss step 80/200: score=7.799056 (avg=7.800193), loss=0.664847 (avg=0.664251), pairs_step=159393, pairs_total=12651097
[2026-03-01 16:11:31,377] INFO:fitness.free_loss_fidelity: RL4CO free-loss step 100/200: score=7.765400 (avg=7.801028), loss=0.664761 (avg=0.664414), pairs_step=159757, pairs_total=15807370
[2026-03-01 16:11:38,400] INFO:fitness.free_loss_fidelity: RL4CO free-loss step 120/200: score=7.774187 (avg=7.802560), loss=0.663894 (avg=0.664679), pairs_step=158988, pairs_total=18965920
[2026-03-01 16:11:45,437] INFO:fitness.free_loss_fidelity: RL4CO free-loss step 140/200: score=7.825946 (avg=7.803439), loss=0.665657 (avg=0.664682), pairs_step=156648, pairs_total=22117655
[2026-03-01 16:11:52,465] INFO:fitness.free_loss_fidelity: RL4CO free-loss step 160/200: score=7.800672 (avg=7.802501), loss=0.665853 (avg=0.664667), pairs_step=159171, pairs_total=25279236
[2026-03-01 16:11:59,490] INFO:fitness.free_loss_fidelity: RL4CO free-loss step 180/200: score=7.789742 (avg=7.801388), loss=0.664882 (avg=0.664696), pairs_step=157795, pairs_total=28429917
[2026-03-01 16:12:06,524] INFO:fitness.free_loss_fidelity: RL4CO free-loss step 200/200: score=7.813405 (avg=7.800207), loss=0.659053 (avg=0.664670), pairs_step=159686, pairs_total=31590400
[2026-03-01 16:12:07,824] WARNING:fitness.free_loss_fidelity: weights_only checkpoint load failed (UnpicklingError); retrying weights_only=False for /data1/gushengda/eam-rl4co/baseline/epoch_409.ckpt
[2026-03-01 16:12:07,865] INFO:fitness.free_loss_fidelity: Loaded init checkpoint into policy: path=/data1/gushengda/eam-rl4co/baseline/epoch_409.ckpt prefix=policy. matched=97 missing=0 unexpected=0
[2026-03-01 16:12:07,870] INFO:fitness.free_loss_fidelity: RL4CO free-loss (step-mode): f1_steps=200, f2_steps=0, total_steps=200, train_problem_size=100, rollouts=100, batch_size=64, device=cuda:3, env=tsp
[2026-03-01 16:12:08,247] INFO:fitness.free_loss_fidelity: RL4CO free-loss step 1/200: score=7.807477 (avg=7.807477), loss=0.106650 (avg=0.106650), pairs_step=158882, pairs_total=158882
[2026-03-01 16:12:14,918] INFO:fitness.free_loss_fidelity: RL4CO free-loss step 20/200: score=7.787977 (avg=7.809891), loss=0.098244 (avg=0.100450), pairs_step=158782, pairs_total=3164000
[2026-03-01 16:12:21,952] INFO:fitness.free_loss_fidelity: RL4CO free-loss step 40/200: score=7.816930 (avg=7.803787), loss=0.105885 (avg=0.102973), pairs_step=157682, pairs_total=6318843
[2026-03-01 16:12:28,998] INFO:fitness.free_loss_fidelity: RL4CO free-loss step 60/200: score=7.815665 (avg=7.800043), loss=0.107556 (avg=0.103415), pairs_step=157177, pairs_total=9483136
[2026-03-01 16:12:36,043] INFO:fitness.free_loss_fidelity: RL4CO free-loss step 80/200: score=7.798006 (avg=7.798266), loss=0.102298 (avg=0.103693), pairs_step=159499, pairs_total=12647896
[2026-03-01 16:12:43,084] INFO:fitness.free_loss_fidelity: RL4CO free-loss step 100/200: score=7.759356 (avg=7.798602), loss=0.104668 (avg=0.103384), pairs_step=161222, pairs_total=15812371
[2026-03-01 16:12:50,128] INFO:fitness.free_loss_fidelity: RL4CO free-loss step 120/200: score=7.774955 (avg=7.799978), loss=0.098470 (avg=0.102949), pairs_step=156657, pairs_total=18970809
[2026-03-01 16:12:57,149] INFO:fitness.free_loss_fidelity: RL4CO free-loss step 140/200: score=7.822682 (avg=7.800815), loss=0.100212 (avg=0.102323), pairs_step=155624, pairs_total=22135988
[2026-03-01 16:13:04,187] INFO:fitness.free_loss_fidelity: RL4CO free-loss step 160/200: score=7.794981 (avg=7.800157), loss=0.097920 (avg=0.101711), pairs_step=158744, pairs_total=25290958
[2026-03-01 16:13:11,225] INFO:fitness.free_loss_fidelity: RL4CO free-loss step 180/200: score=7.783422 (avg=7.799123), loss=0.102927 (avg=0.101497), pairs_step=157495, pairs_total=28453207
[2026-03-01 16:13:18,257] INFO:fitness.free_loss_fidelity: RL4CO free-loss step 200/200: score=7.813727 (avg=7.797881), loss=0.100332 (avg=0.101520), pairs_step=156685, pairs_total=31616559
