[2026-03-01 15:21:37,319] INFO:fitness.free_loss_fidelity: Stage3 offline mini-train start gen=15 pair_index=14 K=200 seed=12345 valid_sizes=[100] baseline_json=baseline/mini_eval/baseline_minitrain_tsp100_K200.json
[2026-03-01 15:21:37,340] INFO:fitness.free_loss_fidelity: RL4CO free-loss (step-mode): f1_steps=200, f2_steps=0, total_steps=200, train_problem_size=100, rollouts=100, batch_size=64, device=cuda:1, env=tsp
[2026-03-01 15:21:37,664] INFO:fitness.free_loss_fidelity: RL4CO free-loss step 1/200: score=36.122910 (avg=36.122910), loss=0.748179 (avg=0.748179), pairs_step=159213, pairs_total=159213
[2026-03-01 15:21:43,701] INFO:fitness.free_loss_fidelity: RL4CO free-loss step 20/200: score=9.913376 (avg=12.671465), loss=0.545914 (avg=0.563154), pairs_step=156423, pairs_total=3163524
[2026-03-01 15:21:50,230] INFO:fitness.free_loss_fidelity: RL4CO free-loss step 40/200: score=9.280260 (avg=11.076909), loss=0.557168 (avg=0.562520), pairs_step=158661, pairs_total=6329976
[2026-03-01 15:21:56,599] INFO:fitness.free_loss_fidelity: RL4CO free-loss step 60/200: score=9.151793 (avg=10.456939), loss=0.542237 (avg=0.560181), pairs_step=158182, pairs_total=9495247
[2026-03-01 15:22:02,965] INFO:fitness.free_loss_fidelity: RL4CO free-loss step 80/200: score=8.986269 (avg=10.104072), loss=0.542153 (avg=0.555949), pairs_step=157728, pairs_total=12667039
[2026-03-01 15:22:09,343] INFO:fitness.free_loss_fidelity: RL4CO free-loss step 100/200: score=8.821916 (avg=9.867355), loss=0.530188 (avg=0.552266), pairs_step=157320, pairs_total=15833831
[2026-03-01 15:22:16,473] INFO:fitness.free_loss_fidelity: RL4CO free-loss step 120/200: score=8.756851 (avg=9.694424), loss=0.546506 (avg=0.550717), pairs_step=158745, pairs_total=19005513
[2026-03-01 15:22:23,688] INFO:fitness.free_loss_fidelity: RL4CO free-loss step 140/200: score=8.723898 (avg=9.559862), loss=0.554872 (avg=0.550533), pairs_step=158037, pairs_total=22171292
[2026-03-01 15:22:30,724] INFO:fitness.free_loss_fidelity: RL4CO free-loss step 160/200: score=8.643400 (avg=9.447867), loss=0.555581 (avg=0.551418), pairs_step=158153, pairs_total=25335187
[2026-03-01 15:22:37,863] INFO:fitness.free_loss_fidelity: RL4CO free-loss step 180/200: score=8.551699 (avg=9.352688), loss=0.565131 (avg=0.552700), pairs_step=158441, pairs_total=28500016
[2026-03-01 15:22:45,068] INFO:fitness.free_loss_fidelity: RL4CO free-loss step 200/200: score=8.529194 (avg=9.271270), loss=0.569063 (avg=0.553995), pairs_step=158731, pairs_total=31674407
[2026-03-01 15:22:46,192] WARNING:fitness.free_loss_fidelity: weights_only checkpoint load failed (UnpicklingError); retrying weights_only=False for /data1/gushengda/eam-rl4co/baseline/epoch_135.ckpt
[2026-03-01 15:22:46,228] INFO:fitness.free_loss_fidelity: Loaded init checkpoint into policy: path=/data1/gushengda/eam-rl4co/baseline/epoch_135.ckpt prefix=policy. matched=97 missing=0 unexpected=0
[2026-03-01 15:22:46,234] INFO:fitness.free_loss_fidelity: RL4CO free-loss (step-mode): f1_steps=200, f2_steps=0, total_steps=200, train_problem_size=100, rollouts=100, batch_size=64, device=cuda:1, env=tsp
[2026-03-01 15:22:46,600] INFO:fitness.free_loss_fidelity: RL4CO free-loss step 1/200: score=7.803347 (avg=7.803347), loss=0.663759 (avg=0.663759), pairs_step=157875, pairs_total=157875
[2026-03-01 15:22:53,269] INFO:fitness.free_loss_fidelity: RL4CO free-loss step 20/200: score=7.777355 (avg=7.808359), loss=0.663572 (avg=0.662829), pairs_step=160053, pairs_total=3162884
[2026-03-01 15:23:00,460] INFO:fitness.free_loss_fidelity: RL4CO free-loss step 40/200: score=7.821664 (avg=7.803459), loss=0.666501 (avg=0.663446), pairs_step=156719, pairs_total=6320933
[2026-03-01 15:23:07,349] INFO:fitness.free_loss_fidelity: RL4CO free-loss step 60/200: score=7.813190 (avg=7.799738), loss=0.666682 (avg=0.664140), pairs_step=159913, pairs_total=9476721
[2026-03-01 15:23:14,054] INFO:fitness.free_loss_fidelity: RL4CO free-loss step 80/200: score=7.795223 (avg=7.798555), loss=0.664427 (avg=0.664555), pairs_step=156507, pairs_total=12632642
[2026-03-01 15:23:20,394] INFO:fitness.free_loss_fidelity: RL4CO free-loss step 100/200: score=7.761187 (avg=7.799611), loss=0.670088 (avg=0.664808), pairs_step=157032, pairs_total=15785419
[2026-03-01 15:23:26,744] INFO:fitness.free_loss_fidelity: RL4CO free-loss step 120/200: score=7.776551 (avg=7.801284), loss=0.664727 (avg=0.664951), pairs_step=156387, pairs_total=18938744
[2026-03-01 15:23:33,113] INFO:fitness.free_loss_fidelity: RL4CO free-loss step 140/200: score=7.827675 (avg=7.802368), loss=0.667036 (avg=0.665064), pairs_step=157231, pairs_total=22092957
[2026-03-01 15:23:39,523] INFO:fitness.free_loss_fidelity: RL4CO free-loss step 160/200: score=7.796190 (avg=7.801832), loss=0.664993 (avg=0.665045), pairs_step=160736, pairs_total=25254311
[2026-03-01 15:23:45,867] INFO:fitness.free_loss_fidelity: RL4CO free-loss step 180/200: score=7.783314 (avg=7.800873), loss=0.668304 (avg=0.665090), pairs_step=157149, pairs_total=28406507
[2026-03-01 15:23:52,229] INFO:fitness.free_loss_fidelity: RL4CO free-loss step 200/200: score=7.812902 (avg=7.799804), loss=0.660562 (avg=0.665070), pairs_step=160030, pairs_total=31562238
[2026-03-01 15:23:53,356] WARNING:fitness.free_loss_fidelity: weights_only checkpoint load failed (UnpicklingError); retrying weights_only=False for /data1/gushengda/eam-rl4co/baseline/epoch_409.ckpt
[2026-03-01 15:23:53,392] INFO:fitness.free_loss_fidelity: Loaded init checkpoint into policy: path=/data1/gushengda/eam-rl4co/baseline/epoch_409.ckpt prefix=policy. matched=97 missing=0 unexpected=0
[2026-03-01 15:23:53,397] INFO:fitness.free_loss_fidelity: RL4CO free-loss (step-mode): f1_steps=200, f2_steps=0, total_steps=200, train_problem_size=100, rollouts=100, batch_size=64, device=cuda:1, env=tsp
[2026-03-01 15:23:53,719] INFO:fitness.free_loss_fidelity: RL4CO free-loss step 1/200: score=7.807477 (avg=7.807477), loss=0.107652 (avg=0.107652), pairs_step=158679, pairs_total=158679
[2026-03-01 15:23:59,752] INFO:fitness.free_loss_fidelity: RL4CO free-loss step 20/200: score=7.784705 (avg=7.810228), loss=0.105045 (avg=0.104906), pairs_step=158598, pairs_total=3164069
[2026-03-01 15:24:06,102] INFO:fitness.free_loss_fidelity: RL4CO free-loss step 40/200: score=7.820887 (avg=7.804121), loss=0.113987 (avg=0.107321), pairs_step=158592, pairs_total=6318089
[2026-03-01 15:24:12,461] INFO:fitness.free_loss_fidelity: RL4CO free-loss step 60/200: score=7.812656 (avg=7.800760), loss=0.104715 (avg=0.106534), pairs_step=156993, pairs_total=9474548
[2026-03-01 15:24:18,807] INFO:fitness.free_loss_fidelity: RL4CO free-loss step 80/200: score=7.798367 (avg=7.798747), loss=0.095228 (avg=0.104463), pairs_step=159498, pairs_total=12637250
[2026-03-01 15:24:25,147] INFO:fitness.free_loss_fidelity: RL4CO free-loss step 100/200: score=7.754720 (avg=7.799284), loss=0.094078 (avg=0.102133), pairs_step=160465, pairs_total=15795353
[2026-03-01 15:24:31,512] INFO:fitness.free_loss_fidelity: RL4CO free-loss step 120/200: score=7.775089 (avg=7.800848), loss=0.106761 (avg=0.101975), pairs_step=156844, pairs_total=18953069
[2026-03-01 15:24:37,843] INFO:fitness.free_loss_fidelity: RL4CO free-loss step 140/200: score=7.828716 (avg=7.802058), loss=0.101892 (avg=0.101860), pairs_step=156324, pairs_total=22112680
[2026-03-01 15:24:44,192] INFO:fitness.free_loss_fidelity: RL4CO free-loss step 160/200: score=7.796609 (avg=7.801341), loss=0.100237 (avg=0.101797), pairs_step=158696, pairs_total=25268807
[2026-03-01 15:24:50,521] INFO:fitness.free_loss_fidelity: RL4CO free-loss step 180/200: score=7.789624 (avg=7.800190), loss=0.101535 (avg=0.101539), pairs_step=157293, pairs_total=28425313
[2026-03-01 15:24:56,865] INFO:fitness.free_loss_fidelity: RL4CO free-loss step 200/200: score=7.810239 (avg=7.798825), loss=0.098833 (avg=0.101482), pairs_step=157673, pairs_total=31582706
