[2026-03-01 17:24:26,800] INFO:fitness.free_loss_fidelity: Stage3 offline mini-train start gen=18 pair_index=11 K=200 seed=12345 valid_sizes=[100] baseline_json=baseline/mini_eval/baseline_minitrain_tsp100_K200.json
[2026-03-01 17:24:26,821] INFO:fitness.free_loss_fidelity: RL4CO free-loss (step-mode): f1_steps=200, f2_steps=0, total_steps=200, train_problem_size=100, rollouts=100, batch_size=64, device=cuda:1, env=tsp
[2026-03-01 17:24:27,180] INFO:fitness.free_loss_fidelity: RL4CO free-loss step 1/200: score=36.122910 (avg=36.122910), loss=0.748214 (avg=0.748214), pairs_step=159213, pairs_total=159213
[2026-03-01 17:24:33,930] INFO:fitness.free_loss_fidelity: RL4CO free-loss step 20/200: score=9.988126 (avg=12.636087), loss=0.516666 (avg=0.523486), pairs_step=158843, pairs_total=3159610
[2026-03-01 17:24:41,026] INFO:fitness.free_loss_fidelity: RL4CO free-loss step 40/200: score=9.400997 (avg=11.106029), loss=0.530446 (avg=0.522442), pairs_step=159168, pairs_total=6329083
[2026-03-01 17:24:48,154] INFO:fitness.free_loss_fidelity: RL4CO free-loss step 60/200: score=9.216569 (avg=10.492916), loss=0.509600 (avg=0.520509), pairs_step=157498, pairs_total=9486167
[2026-03-01 17:24:55,259] INFO:fitness.free_loss_fidelity: RL4CO free-loss step 80/200: score=9.009933 (avg=10.139304), loss=0.487022 (avg=0.515744), pairs_step=158558, pairs_total=12661247
[2026-03-01 17:25:02,364] INFO:fitness.free_loss_fidelity: RL4CO free-loss step 100/200: score=8.815220 (avg=9.902499), loss=0.494833 (avg=0.510601), pairs_step=158331, pairs_total=15833068
[2026-03-01 17:25:09,486] INFO:fitness.free_loss_fidelity: RL4CO free-loss step 120/200: score=8.772227 (avg=9.726645), loss=0.495790 (avg=0.507896), pairs_step=156616, pairs_total=19005248
[2026-03-01 17:25:16,587] INFO:fitness.free_loss_fidelity: RL4CO free-loss step 140/200: score=8.727841 (avg=9.588693), loss=0.510143 (avg=0.507265), pairs_step=158252, pairs_total=22169978
[2026-03-01 17:25:23,687] INFO:fitness.free_loss_fidelity: RL4CO free-loss step 160/200: score=8.641776 (avg=9.472159), loss=0.518946 (avg=0.508592), pairs_step=156154, pairs_total=25332996
[2026-03-01 17:25:30,781] INFO:fitness.free_loss_fidelity: RL4CO free-loss step 180/200: score=8.529709 (avg=9.373099), loss=0.524567 (avg=0.510169), pairs_step=159889, pairs_total=28509367
[2026-03-01 17:25:37,892] INFO:fitness.free_loss_fidelity: RL4CO free-loss step 200/200: score=8.519795 (avg=9.288859), loss=0.537769 (avg=0.512165), pairs_step=157004, pairs_total=31678291
[2026-03-01 17:25:39,196] WARNING:fitness.free_loss_fidelity: weights_only checkpoint load failed (UnpicklingError); retrying weights_only=False for /data1/gushengda/eam-rl4co/baseline/epoch_135.ckpt
[2026-03-01 17:25:39,237] INFO:fitness.free_loss_fidelity: Loaded init checkpoint into policy: path=/data1/gushengda/eam-rl4co/baseline/epoch_135.ckpt prefix=policy. matched=97 missing=0 unexpected=0
[2026-03-01 17:25:39,243] INFO:fitness.free_loss_fidelity: RL4CO free-loss (step-mode): f1_steps=200, f2_steps=0, total_steps=200, train_problem_size=100, rollouts=100, batch_size=64, device=cuda:1, env=tsp
[2026-03-01 17:25:39,611] INFO:fitness.free_loss_fidelity: RL4CO free-loss step 1/200: score=7.803347 (avg=7.803347), loss=0.610466 (avg=0.610466), pairs_step=157875, pairs_total=157875
[2026-03-01 17:25:46,359] INFO:fitness.free_loss_fidelity: RL4CO free-loss step 20/200: score=7.789130 (avg=7.813389), loss=0.619587 (avg=0.627132), pairs_step=158421, pairs_total=3156894
[2026-03-01 17:25:53,485] INFO:fitness.free_loss_fidelity: RL4CO free-loss step 40/200: score=7.823568 (avg=7.809056), loss=0.634718 (avg=0.634292), pairs_step=155991, pairs_total=6312688
[2026-03-01 17:26:00,599] INFO:fitness.free_loss_fidelity: RL4CO free-loss step 60/200: score=7.819446 (avg=7.805192), loss=0.655102 (avg=0.637522), pairs_step=156491, pairs_total=9468266
[2026-03-01 17:26:07,716] INFO:fitness.free_loss_fidelity: RL4CO free-loss step 80/200: score=7.804461 (avg=7.803983), loss=0.648407 (avg=0.640532), pairs_step=158357, pairs_total=12634844
[2026-03-01 17:26:14,822] INFO:fitness.free_loss_fidelity: RL4CO free-loss step 100/200: score=7.762979 (avg=7.804527), loss=0.652339 (avg=0.641886), pairs_step=156078, pairs_total=15789163
[2026-03-01 17:26:21,929] INFO:fitness.free_loss_fidelity: RL4CO free-loss step 120/200: score=7.773229 (avg=7.805696), loss=0.633590 (avg=0.642776), pairs_step=157850, pairs_total=18938542
[2026-03-01 17:26:29,039] INFO:fitness.free_loss_fidelity: RL4CO free-loss step 140/200: score=7.835239 (avg=7.806424), loss=0.659019 (avg=0.644029), pairs_step=157657, pairs_total=22091340
[2026-03-01 17:26:36,137] INFO:fitness.free_loss_fidelity: RL4CO free-loss step 160/200: score=7.802144 (avg=7.805700), loss=0.644217 (avg=0.644430), pairs_step=160997, pairs_total=25253220
[2026-03-01 17:26:43,237] INFO:fitness.free_loss_fidelity: RL4CO free-loss step 180/200: score=7.796483 (avg=7.804857), loss=0.648327 (avg=0.645138), pairs_step=159023, pairs_total=28416012
[2026-03-01 17:26:50,515] INFO:fitness.free_loss_fidelity: RL4CO free-loss step 200/200: score=7.814666 (avg=7.803748), loss=0.645439 (avg=0.645795), pairs_step=159835, pairs_total=31583939
[2026-03-01 17:26:51,813] WARNING:fitness.free_loss_fidelity: weights_only checkpoint load failed (UnpicklingError); retrying weights_only=False for /data1/gushengda/eam-rl4co/baseline/epoch_409.ckpt
[2026-03-01 17:26:51,856] INFO:fitness.free_loss_fidelity: Loaded init checkpoint into policy: path=/data1/gushengda/eam-rl4co/baseline/epoch_409.ckpt prefix=policy. matched=97 missing=0 unexpected=0
[2026-03-01 17:26:51,862] INFO:fitness.free_loss_fidelity: RL4CO free-loss (step-mode): f1_steps=200, f2_steps=0, total_steps=200, train_problem_size=100, rollouts=100, batch_size=64, device=cuda:1, env=tsp
[2026-03-01 17:26:52,229] INFO:fitness.free_loss_fidelity: RL4CO free-loss step 1/200: score=7.807477 (avg=7.807477), loss=0.012388 (avg=0.012388), pairs_step=158679, pairs_total=158679
[2026-03-01 17:26:58,982] INFO:fitness.free_loss_fidelity: RL4CO free-loss step 20/200: score=7.794024 (avg=7.814172), loss=0.006359 (avg=0.013055), pairs_step=160159, pairs_total=3172857
[2026-03-01 17:27:06,067] INFO:fitness.free_loss_fidelity: RL4CO free-loss step 40/200: score=7.834712 (avg=7.810558), loss=0.010250 (avg=0.009752), pairs_step=156972, pairs_total=6333217
[2026-03-01 17:27:13,172] INFO:fitness.free_loss_fidelity: RL4CO free-loss step 60/200: score=7.822012 (avg=7.806376), loss=0.015747 (avg=0.012275), pairs_step=158074, pairs_total=9493502
[2026-03-01 17:27:20,273] INFO:fitness.free_loss_fidelity: RL4CO free-loss step 80/200: score=7.801292 (avg=7.805291), loss=0.004559 (avg=0.010932), pairs_step=160017, pairs_total=12666201
[2026-03-01 17:27:27,391] INFO:fitness.free_loss_fidelity: RL4CO free-loss step 100/200: score=7.764140 (avg=7.805798), loss=0.021161 (avg=0.010794), pairs_step=161015, pairs_total=15833582
[2026-03-01 17:27:34,480] INFO:fitness.free_loss_fidelity: RL4CO free-loss step 120/200: score=7.793272 (avg=7.807353), loss=0.018895 (avg=0.012740), pairs_step=157564, pairs_total=18987814
[2026-03-01 17:27:41,584] INFO:fitness.free_loss_fidelity: RL4CO free-loss step 140/200: score=7.833158 (avg=7.809026), loss=0.005561 (avg=0.012090), pairs_step=156900, pairs_total=22152893
[2026-03-01 17:27:48,677] INFO:fitness.free_loss_fidelity: RL4CO free-loss step 160/200: score=7.795868 (avg=7.808175), loss=0.024997 (avg=0.012101), pairs_step=159956, pairs_total=25318876
[2026-03-01 17:27:55,777] INFO:fitness.free_loss_fidelity: RL4CO free-loss step 180/200: score=7.797453 (avg=7.807095), loss=0.006616 (avg=0.012781), pairs_step=156698, pairs_total=28481550
[2026-03-01 17:28:02,886] INFO:fitness.free_loss_fidelity: RL4CO free-loss step 200/200: score=7.821998 (avg=7.806289), loss=0.004574 (avg=0.011947), pairs_step=157970, pairs_total=31648474
