[2026-03-01 11:42:24,234] INFO:fitness.free_loss_fidelity: Stage3 offline mini-train start gen=8 pair_index=25 K=200 seed=12345 valid_sizes=[100] baseline_json=baseline/mini_eval/baseline_minitrain_tsp100_K200.json
[2026-03-01 11:42:24,253] INFO:fitness.free_loss_fidelity: RL4CO free-loss (step-mode): f1_steps=200, f2_steps=0, total_steps=200, train_problem_size=100, rollouts=100, batch_size=64, device=cuda:0, env=tsp
[2026-03-01 11:42:24,568] INFO:fitness.free_loss_fidelity: RL4CO free-loss step 1/200: score=36.122910 (avg=36.122910), loss=0.968091 (avg=0.968091), pairs_step=316800, pairs_total=316800
[2026-03-01 11:42:30,557] INFO:fitness.free_loss_fidelity: RL4CO free-loss step 20/200: score=9.932537 (avg=12.569791), loss=0.688088 (avg=0.707560), pairs_step=316800, pairs_total=6335996
[2026-03-01 11:42:36,866] INFO:fitness.free_loss_fidelity: RL4CO free-loss step 40/200: score=9.314472 (avg=11.021479), loss=0.708129 (avg=0.707403), pairs_step=316799, pairs_total=12671992
[2026-03-01 11:42:43,172] INFO:fitness.free_loss_fidelity: RL4CO free-loss step 60/200: score=9.148992 (avg=10.413176), loss=0.694375 (avg=0.703057), pairs_step=316800, pairs_total=19007986
[2026-03-01 11:42:49,471] INFO:fitness.free_loss_fidelity: RL4CO free-loss step 80/200: score=8.953596 (avg=10.062386), loss=0.670773 (avg=0.695837), pairs_step=316800, pairs_total=25343981
[2026-03-01 11:42:55,773] INFO:fitness.free_loss_fidelity: RL4CO free-loss step 100/200: score=8.808554 (avg=9.828072), loss=0.666871 (avg=0.690996), pairs_step=316800, pairs_total=31679971
[2026-03-01 11:43:02,077] INFO:fitness.free_loss_fidelity: RL4CO free-loss step 120/200: score=8.730259 (avg=9.657247), loss=0.677715 (avg=0.688493), pairs_step=316800, pairs_total=38015968
[2026-03-01 11:43:08,383] INFO:fitness.free_loss_fidelity: RL4CO free-loss step 140/200: score=8.705841 (avg=9.522218), loss=0.695552 (avg=0.688738), pairs_step=316799, pairs_total=44351963
[2026-03-01 11:43:14,691] INFO:fitness.free_loss_fidelity: RL4CO free-loss step 160/200: score=8.553834 (avg=9.408939), loss=0.704631 (avg=0.690698), pairs_step=316800, pairs_total=50687955
[2026-03-01 11:43:21,017] INFO:fitness.free_loss_fidelity: RL4CO free-loss step 180/200: score=8.510298 (avg=9.313277), loss=0.719855 (avg=0.692840), pairs_step=316800, pairs_total=57023950
[2026-03-01 11:43:27,321] INFO:fitness.free_loss_fidelity: RL4CO free-loss step 200/200: score=8.511252 (avg=9.231888), loss=0.724173 (avg=0.695483), pairs_step=316799, pairs_total=63359947
[2026-03-01 11:43:28,418] WARNING:fitness.free_loss_fidelity: weights_only checkpoint load failed (UnpicklingError); retrying weights_only=False for /data1/gushengda/eam-rl4co/baseline/epoch_135.ckpt
[2026-03-01 11:43:28,456] INFO:fitness.free_loss_fidelity: Loaded init checkpoint into policy: path=/data1/gushengda/eam-rl4co/baseline/epoch_135.ckpt prefix=policy. matched=97 missing=0 unexpected=0
[2026-03-01 11:43:28,461] INFO:fitness.free_loss_fidelity: RL4CO free-loss (step-mode): f1_steps=200, f2_steps=0, total_steps=200, train_problem_size=100, rollouts=100, batch_size=64, device=cuda:0, env=tsp
[2026-03-01 11:43:28,781] INFO:fitness.free_loss_fidelity: RL4CO free-loss step 1/200: score=7.803347 (avg=7.803347), loss=0.864579 (avg=0.864579), pairs_step=315697, pairs_total=315697
[2026-03-01 11:43:34,769] INFO:fitness.free_loss_fidelity: RL4CO free-loss step 20/200: score=7.780388 (avg=7.809837), loss=0.863481 (avg=0.864455), pairs_step=315646, pairs_total=6316061
[2026-03-01 11:43:41,078] INFO:fitness.free_loss_fidelity: RL4CO free-loss step 40/200: score=7.819929 (avg=7.804092), loss=0.870017 (avg=0.865706), pairs_step=315663, pairs_total=12627752
[2026-03-01 11:43:47,374] INFO:fitness.free_loss_fidelity: RL4CO free-loss step 60/200: score=7.812407 (avg=7.800621), loss=0.865235 (avg=0.866342), pairs_step=315103, pairs_total=18938907
[2026-03-01 11:43:53,685] INFO:fitness.free_loss_fidelity: RL4CO free-loss step 80/200: score=7.798755 (avg=7.798862), loss=0.864928 (avg=0.866437), pairs_step=315416, pairs_total=25251757
[2026-03-01 11:43:59,986] INFO:fitness.free_loss_fidelity: RL4CO free-loss step 100/200: score=7.756917 (avg=7.799375), loss=0.867216 (avg=0.866550), pairs_step=315774, pairs_total=31564040
[2026-03-01 11:44:06,294] INFO:fitness.free_loss_fidelity: RL4CO free-loss step 120/200: score=7.772799 (avg=7.800797), loss=0.865967 (avg=0.866944), pairs_step=315538, pairs_total=37875173
[2026-03-01 11:44:12,607] INFO:fitness.free_loss_fidelity: RL4CO free-loss step 140/200: score=7.827198 (avg=7.801912), loss=0.869453 (avg=0.867373), pairs_step=315128, pairs_total=44184618
[2026-03-01 11:44:18,931] INFO:fitness.free_loss_fidelity: RL4CO free-loss step 160/200: score=7.794468 (avg=7.801114), loss=0.869216 (avg=0.867690), pairs_step=315443, pairs_total=50494270
[2026-03-01 11:44:25,143] INFO:fitness.free_loss_fidelity: RL4CO free-loss step 180/200: score=7.787157 (avg=7.800054), loss=0.866593 (avg=0.867767), pairs_step=314498, pairs_total=56802447
[2026-03-01 11:44:31,622] INFO:fitness.free_loss_fidelity: RL4CO free-loss step 200/200: score=7.809237 (avg=7.798878), loss=0.863358 (avg=0.867890), pairs_step=315301, pairs_total=63110795
[2026-03-01 11:44:32,724] WARNING:fitness.free_loss_fidelity: weights_only checkpoint load failed (UnpicklingError); retrying weights_only=False for /data1/gushengda/eam-rl4co/baseline/epoch_409.ckpt
[2026-03-01 11:44:32,762] INFO:fitness.free_loss_fidelity: Loaded init checkpoint into policy: path=/data1/gushengda/eam-rl4co/baseline/epoch_409.ckpt prefix=policy. matched=97 missing=0 unexpected=0
[2026-03-01 11:44:32,767] INFO:fitness.free_loss_fidelity: RL4CO free-loss (step-mode): f1_steps=200, f2_steps=0, total_steps=200, train_problem_size=100, rollouts=100, batch_size=64, device=cuda:0, env=tsp
[2026-03-01 11:44:33,105] INFO:fitness.free_loss_fidelity: RL4CO free-loss step 1/200: score=7.807477 (avg=7.807477), loss=0.092905 (avg=0.092905), pairs_step=315750, pairs_total=315750
[2026-03-01 11:44:39,103] INFO:fitness.free_loss_fidelity: RL4CO free-loss step 20/200: score=7.775864 (avg=7.808559), loss=0.081767 (avg=0.083421), pairs_step=315862, pairs_total=6319500
[2026-03-01 11:44:45,427] INFO:fitness.free_loss_fidelity: RL4CO free-loss step 40/200: score=7.815789 (avg=7.802532), loss=0.083081 (avg=0.083393), pairs_step=316073, pairs_total=12638426
[2026-03-01 11:44:51,742] INFO:fitness.free_loss_fidelity: RL4CO free-loss step 60/200: score=7.814888 (avg=7.799029), loss=0.085316 (avg=0.083288), pairs_step=315595, pairs_total=18955309
[2026-03-01 11:44:58,066] INFO:fitness.free_loss_fidelity: RL4CO free-loss step 80/200: score=7.796299 (avg=7.797349), loss=0.080636 (avg=0.082788), pairs_step=315900, pairs_total=25273260
[2026-03-01 11:45:04,386] INFO:fitness.free_loss_fidelity: RL4CO free-loss step 100/200: score=7.754397 (avg=7.798053), loss=0.088542 (avg=0.082553), pairs_step=315690, pairs_total=31589567
[2026-03-01 11:45:10,703] INFO:fitness.free_loss_fidelity: RL4CO free-loss step 120/200: score=7.774877 (avg=7.799724), loss=0.082118 (avg=0.083403), pairs_step=315601, pairs_total=37905981
[2026-03-01 11:45:17,043] INFO:fitness.free_loss_fidelity: RL4CO free-loss step 140/200: score=7.825910 (avg=7.800856), loss=0.086762 (avg=0.083620), pairs_step=315475, pairs_total=44220138
[2026-03-01 11:45:23,344] INFO:fitness.free_loss_fidelity: RL4CO free-loss step 160/200: score=7.791970 (avg=7.800167), loss=0.084381 (avg=0.083736), pairs_step=315799, pairs_total=50535359
[2026-03-01 11:45:29,668] INFO:fitness.free_loss_fidelity: RL4CO free-loss step 180/200: score=7.783870 (avg=7.798939), loss=0.082578 (avg=0.083670), pairs_step=315333, pairs_total=56851098
[2026-03-01 11:45:35,992] INFO:fitness.free_loss_fidelity: RL4CO free-loss step 200/200: score=7.811045 (avg=7.797572), loss=0.079037 (avg=0.083552), pairs_step=315570, pairs_total=63163582
