[2026-03-01 16:58:37,043] INFO:fitness.free_loss_fidelity: Stage3 offline mini-train start gen=17 pair_index=28 K=200 seed=12345 valid_sizes=[100] baseline_json=baseline/mini_eval/baseline_minitrain_tsp100_K200.json
[2026-03-01 16:58:37,064] INFO:fitness.free_loss_fidelity: RL4CO free-loss (step-mode): f1_steps=200, f2_steps=0, total_steps=200, train_problem_size=100, rollouts=100, batch_size=64, device=cuda:1, env=tsp
[2026-03-01 16:58:37,424] INFO:fitness.free_loss_fidelity: RL4CO free-loss step 1/200: score=36.122910 (avg=36.122910), loss=0.748179 (avg=0.748179), pairs_step=159213, pairs_total=159213
[2026-03-01 16:58:44,144] INFO:fitness.free_loss_fidelity: RL4CO free-loss step 20/200: score=9.897526 (avg=12.671403), loss=0.557122 (avg=0.564160), pairs_step=158200, pairs_total=3166963
[2026-03-01 16:58:51,191] INFO:fitness.free_loss_fidelity: RL4CO free-loss step 40/200: score=9.352997 (avg=11.088461), loss=0.570802 (avg=0.562705), pairs_step=157391, pairs_total=6329779
[2026-03-01 16:58:58,267] INFO:fitness.free_loss_fidelity: RL4CO free-loss step 60/200: score=9.167360 (avg=10.464013), loss=0.547214 (avg=0.560351), pairs_step=155529, pairs_total=9495621
[2026-03-01 16:59:05,348] INFO:fitness.free_loss_fidelity: RL4CO free-loss step 80/200: score=8.933119 (avg=10.110852), loss=0.541205 (avg=0.555126), pairs_step=157211, pairs_total=12654856
[2026-03-01 16:59:12,443] INFO:fitness.free_loss_fidelity: RL4CO free-loss step 100/200: score=8.846541 (avg=9.876912), loss=0.532671 (avg=0.550821), pairs_step=157388, pairs_total=15831110
[2026-03-01 16:59:19,519] INFO:fitness.free_loss_fidelity: RL4CO free-loss step 120/200: score=8.797084 (avg=9.705220), loss=0.536969 (avg=0.548690), pairs_step=159974, pairs_total=19009992
[2026-03-01 16:59:26,590] INFO:fitness.free_loss_fidelity: RL4CO free-loss step 140/200: score=8.708446 (avg=9.569485), loss=0.563404 (avg=0.549132), pairs_step=159312, pairs_total=22174329
[2026-03-01 16:59:33,660] INFO:fitness.free_loss_fidelity: RL4CO free-loss step 160/200: score=8.623529 (avg=9.455689), loss=0.572935 (avg=0.550259), pairs_step=155831, pairs_total=25344954
[2026-03-01 16:59:40,722] INFO:fitness.free_loss_fidelity: RL4CO free-loss step 180/200: score=8.542727 (avg=9.360269), loss=0.568950 (avg=0.551529), pairs_step=159786, pairs_total=28507305
[2026-03-01 16:59:47,787] INFO:fitness.free_loss_fidelity: RL4CO free-loss step 200/200: score=8.554039 (avg=9.278456), loss=0.566062 (avg=0.552718), pairs_step=157212, pairs_total=31671894
[2026-03-01 16:59:49,080] WARNING:fitness.free_loss_fidelity: weights_only checkpoint load failed (UnpicklingError); retrying weights_only=False for /data1/gushengda/eam-rl4co/baseline/epoch_135.ckpt
[2026-03-01 16:59:49,121] INFO:fitness.free_loss_fidelity: Loaded init checkpoint into policy: path=/data1/gushengda/eam-rl4co/baseline/epoch_135.ckpt prefix=policy. matched=97 missing=0 unexpected=0
[2026-03-01 16:59:49,127] INFO:fitness.free_loss_fidelity: RL4CO free-loss (step-mode): f1_steps=200, f2_steps=0, total_steps=200, train_problem_size=100, rollouts=100, batch_size=64, device=cuda:1, env=tsp
[2026-03-01 16:59:49,492] INFO:fitness.free_loss_fidelity: RL4CO free-loss step 1/200: score=7.803347 (avg=7.803347), loss=0.663759 (avg=0.663759), pairs_step=157875, pairs_total=157875
[2026-03-01 16:59:56,399] INFO:fitness.free_loss_fidelity: RL4CO free-loss step 20/200: score=7.778850 (avg=7.809387), loss=0.663919 (avg=0.663328), pairs_step=157765, pairs_total=3162153
[2026-03-01 17:00:03,464] INFO:fitness.free_loss_fidelity: RL4CO free-loss step 40/200: score=7.822668 (avg=7.803728), loss=0.668861 (avg=0.663738), pairs_step=156939, pairs_total=6316795
[2026-03-01 17:00:10,520] INFO:fitness.free_loss_fidelity: RL4CO free-loss step 60/200: score=7.812107 (avg=7.800409), loss=0.662408 (avg=0.664182), pairs_step=159343, pairs_total=9473409
[2026-03-01 17:00:17,572] INFO:fitness.free_loss_fidelity: RL4CO free-loss step 80/200: score=7.797431 (avg=7.799026), loss=0.666785 (avg=0.664513), pairs_step=158392, pairs_total=12634118
[2026-03-01 17:00:24,643] INFO:fitness.free_loss_fidelity: RL4CO free-loss step 100/200: score=7.758572 (avg=7.799695), loss=0.665591 (avg=0.664657), pairs_step=160849, pairs_total=15788854
[2026-03-01 17:00:31,714] INFO:fitness.free_loss_fidelity: RL4CO free-loss step 120/200: score=7.771640 (avg=7.801164), loss=0.665549 (avg=0.664700), pairs_step=158085, pairs_total=18942864
[2026-03-01 17:00:38,787] INFO:fitness.free_loss_fidelity: RL4CO free-loss step 140/200: score=7.831421 (avg=7.802263), loss=0.669706 (avg=0.664732), pairs_step=155899, pairs_total=22100727
[2026-03-01 17:00:45,859] INFO:fitness.free_loss_fidelity: RL4CO free-loss step 160/200: score=7.797683 (avg=7.801716), loss=0.669348 (avg=0.664871), pairs_step=157994, pairs_total=25259723
[2026-03-01 17:00:52,913] INFO:fitness.free_loss_fidelity: RL4CO free-loss step 180/200: score=7.786598 (avg=7.800428), loss=0.665849 (avg=0.664905), pairs_step=155157, pairs_total=28415490
[2026-03-01 17:00:59,974] INFO:fitness.free_loss_fidelity: RL4CO free-loss step 200/200: score=7.811025 (avg=7.799362), loss=0.659458 (avg=0.664862), pairs_step=158352, pairs_total=31569097
[2026-03-01 17:01:01,263] WARNING:fitness.free_loss_fidelity: weights_only checkpoint load failed (UnpicklingError); retrying weights_only=False for /data1/gushengda/eam-rl4co/baseline/epoch_409.ckpt
[2026-03-01 17:01:01,297] INFO:fitness.free_loss_fidelity: Loaded init checkpoint into policy: path=/data1/gushengda/eam-rl4co/baseline/epoch_409.ckpt prefix=policy. matched=97 missing=0 unexpected=0
[2026-03-01 17:01:01,303] INFO:fitness.free_loss_fidelity: RL4CO free-loss (step-mode): f1_steps=200, f2_steps=0, total_steps=200, train_problem_size=100, rollouts=100, batch_size=64, device=cuda:1, env=tsp
[2026-03-01 17:01:01,667] INFO:fitness.free_loss_fidelity: RL4CO free-loss step 1/200: score=7.807477 (avg=7.807477), loss=0.107652 (avg=0.107652), pairs_step=158679, pairs_total=158679
[2026-03-01 17:01:08,388] INFO:fitness.free_loss_fidelity: RL4CO free-loss step 20/200: score=7.781163 (avg=7.809330), loss=0.094184 (avg=0.101110), pairs_step=158679, pairs_total=3164247
[2026-03-01 17:01:15,459] INFO:fitness.free_loss_fidelity: RL4CO free-loss step 40/200: score=7.823754 (avg=7.803411), loss=0.097364 (avg=0.100244), pairs_step=157249, pairs_total=6321384
[2026-03-01 17:01:22,565] INFO:fitness.free_loss_fidelity: RL4CO free-loss step 60/200: score=7.817519 (avg=7.800533), loss=0.098232 (avg=0.099089), pairs_step=157273, pairs_total=9478723
[2026-03-01 17:01:29,625] INFO:fitness.free_loss_fidelity: RL4CO free-loss step 80/200: score=7.796359 (avg=7.798913), loss=0.090802 (avg=0.097635), pairs_step=158155, pairs_total=12639866
[2026-03-01 17:01:36,713] INFO:fitness.free_loss_fidelity: RL4CO free-loss step 100/200: score=7.762991 (avg=7.799690), loss=0.093753 (avg=0.096631), pairs_step=160311, pairs_total=15808047
[2026-03-01 17:01:43,818] INFO:fitness.free_loss_fidelity: RL4CO free-loss step 120/200: score=7.779059 (avg=7.800941), loss=0.092893 (avg=0.096242), pairs_step=156101, pairs_total=18965318
[2026-03-01 17:01:50,893] INFO:fitness.free_loss_fidelity: RL4CO free-loss step 140/200: score=7.824176 (avg=7.801608), loss=0.094902 (avg=0.096186), pairs_step=156297, pairs_total=22130256
[2026-03-01 17:01:57,971] INFO:fitness.free_loss_fidelity: RL4CO free-loss step 160/200: score=7.797225 (avg=7.800882), loss=0.093862 (avg=0.096038), pairs_step=159080, pairs_total=25285369
[2026-03-01 17:02:05,031] INFO:fitness.free_loss_fidelity: RL4CO free-loss step 180/200: score=7.787858 (avg=7.799706), loss=0.096487 (avg=0.095789), pairs_step=156631, pairs_total=28446415
[2026-03-01 17:02:12,139] INFO:fitness.free_loss_fidelity: RL4CO free-loss step 200/200: score=7.813272 (avg=7.798358), loss=0.093923 (avg=0.095881), pairs_step=158367, pairs_total=31602161
