[2026-03-01 10:52:50,588] INFO:fitness.free_loss_fidelity: Stage3 offline mini-train start gen=6 pair_index=19 K=200 seed=12345 valid_sizes=[100] baseline_json=baseline/mini_eval/baseline_minitrain_tsp100_K200.json
[2026-03-01 10:52:50,607] INFO:fitness.free_loss_fidelity: RL4CO free-loss (step-mode): f1_steps=200, f2_steps=0, total_steps=200, train_problem_size=100, rollouts=100, batch_size=64, device=cuda:2, env=tsp
[2026-03-01 10:52:50,942] INFO:fitness.free_loss_fidelity: RL4CO free-loss step 1/200: score=36.122910 (avg=36.122910), loss=0.787948 (avg=0.787948), pairs_step=316800, pairs_total=316800
[2026-03-01 10:52:57,113] INFO:fitness.free_loss_fidelity: RL4CO free-loss step 20/200: score=10.084873 (avg=12.897403), loss=0.569616 (avg=0.588479), pairs_step=316800, pairs_total=6335997
[2026-03-01 10:53:03,648] INFO:fitness.free_loss_fidelity: RL4CO free-loss step 40/200: score=9.419611 (avg=11.282680), loss=0.564863 (avg=0.577849), pairs_step=316800, pairs_total=12671993
[2026-03-01 10:53:10,198] INFO:fitness.free_loss_fidelity: RL4CO free-loss step 60/200: score=9.204617 (avg=10.617817), loss=0.550327 (avg=0.571163), pairs_step=316800, pairs_total=19007988
[2026-03-01 10:53:16,966] INFO:fitness.free_loss_fidelity: RL4CO free-loss step 80/200: score=9.089495 (avg=10.243257), loss=0.551408 (avg=0.565303), pairs_step=316796, pairs_total=25343975
[2026-03-01 10:53:23,523] INFO:fitness.free_loss_fidelity: RL4CO free-loss step 100/200: score=8.939693 (avg=9.998928), loss=0.543065 (avg=0.560970), pairs_step=316800, pairs_total=31679967
[2026-03-01 10:53:29,906] INFO:fitness.free_loss_fidelity: RL4CO free-loss step 120/200: score=8.869036 (avg=9.824445), loss=0.544394 (avg=0.558126), pairs_step=316800, pairs_total=38015960
[2026-03-01 10:53:36,201] INFO:fitness.free_loss_fidelity: RL4CO free-loss step 140/200: score=8.873532 (avg=9.691381), loss=0.548664 (avg=0.556242), pairs_step=316800, pairs_total=44351955
[2026-03-01 10:53:42,499] INFO:fitness.free_loss_fidelity: RL4CO free-loss step 160/200: score=8.801897 (avg=9.579956), loss=0.545046 (avg=0.555246), pairs_step=316800, pairs_total=50687951
[2026-03-01 10:53:48,941] INFO:fitness.free_loss_fidelity: RL4CO free-loss step 180/200: score=8.709532 (avg=9.486004), loss=0.563315 (avg=0.555054), pairs_step=316800, pairs_total=57023946
[2026-03-01 10:53:55,847] INFO:fitness.free_loss_fidelity: RL4CO free-loss step 200/200: score=8.676149 (avg=9.406292), loss=0.565654 (avg=0.555117), pairs_step=316800, pairs_total=63359941
[2026-03-01 10:53:56,956] WARNING:fitness.free_loss_fidelity: weights_only checkpoint load failed (UnpicklingError); retrying weights_only=False for /data1/gushengda/eam-rl4co/baseline/epoch_135.ckpt
[2026-03-01 10:53:56,994] INFO:fitness.free_loss_fidelity: Loaded init checkpoint into policy: path=/data1/gushengda/eam-rl4co/baseline/epoch_135.ckpt prefix=policy. matched=97 missing=0 unexpected=0
[2026-03-01 10:53:57,000] INFO:fitness.free_loss_fidelity: RL4CO free-loss (step-mode): f1_steps=200, f2_steps=0, total_steps=200, train_problem_size=100, rollouts=100, batch_size=64, device=cuda:2, env=tsp
[2026-03-01 10:53:57,324] INFO:fitness.free_loss_fidelity: RL4CO free-loss step 1/200: score=7.803347 (avg=7.803347), loss=0.666239 (avg=0.666239), pairs_step=315697, pairs_total=315697
[2026-03-01 10:54:03,261] INFO:fitness.free_loss_fidelity: RL4CO free-loss step 20/200: score=7.773062 (avg=7.808251), loss=0.664371 (avg=0.664231), pairs_step=316009, pairs_total=6317453
[2026-03-01 10:54:09,522] INFO:fitness.free_loss_fidelity: RL4CO free-loss step 40/200: score=7.816895 (avg=7.801777), loss=0.660712 (avg=0.663482), pairs_step=315857, pairs_total=12631498
[2026-03-01 10:54:15,780] INFO:fitness.free_loss_fidelity: RL4CO free-loss step 60/200: score=7.813287 (avg=7.798216), loss=0.665527 (avg=0.663433), pairs_step=315427, pairs_total=18946540
[2026-03-01 10:54:22,027] INFO:fitness.free_loss_fidelity: RL4CO free-loss step 80/200: score=7.797617 (avg=7.797064), loss=0.661157 (avg=0.663153), pairs_step=315656, pairs_total=25262026
[2026-03-01 10:54:28,285] INFO:fitness.free_loss_fidelity: RL4CO free-loss step 100/200: score=7.759201 (avg=7.798399), loss=0.663119 (avg=0.663017), pairs_step=315965, pairs_total=31576523
[2026-03-01 10:54:34,534] INFO:fitness.free_loss_fidelity: RL4CO free-loss step 120/200: score=7.770535 (avg=7.800056), loss=0.665130 (avg=0.663138), pairs_step=315796, pairs_total=37891153
[2026-03-01 10:54:40,793] INFO:fitness.free_loss_fidelity: RL4CO free-loss step 140/200: score=7.830574 (avg=7.801171), loss=0.662537 (avg=0.662830), pairs_step=315234, pairs_total=44203678
[2026-03-01 10:54:47,068] INFO:fitness.free_loss_fidelity: RL4CO free-loss step 160/200: score=7.794495 (avg=7.800521), loss=0.660846 (avg=0.662726), pairs_step=315565, pairs_total=50517013
[2026-03-01 10:54:53,318] INFO:fitness.free_loss_fidelity: RL4CO free-loss step 180/200: score=7.783802 (avg=7.799411), loss=0.660141 (avg=0.662449), pairs_step=315329, pairs_total=56829049
[2026-03-01 10:54:59,558] INFO:fitness.free_loss_fidelity: RL4CO free-loss step 200/200: score=7.807808 (avg=7.798158), loss=0.654216 (avg=0.662162), pairs_step=315626, pairs_total=63141637
[2026-03-01 10:55:00,665] WARNING:fitness.free_loss_fidelity: weights_only checkpoint load failed (UnpicklingError); retrying weights_only=False for /data1/gushengda/eam-rl4co/baseline/epoch_409.ckpt
[2026-03-01 10:55:00,695] INFO:fitness.free_loss_fidelity: Loaded init checkpoint into policy: path=/data1/gushengda/eam-rl4co/baseline/epoch_409.ckpt prefix=policy. matched=97 missing=0 unexpected=0
[2026-03-01 10:55:00,701] INFO:fitness.free_loss_fidelity: RL4CO free-loss (step-mode): f1_steps=200, f2_steps=0, total_steps=200, train_problem_size=100, rollouts=100, batch_size=64, device=cuda:2, env=tsp
[2026-03-01 10:55:01,018] INFO:fitness.free_loss_fidelity: RL4CO free-loss step 1/200: score=7.807477 (avg=7.807477), loss=0.216064 (avg=0.216064), pairs_step=315750, pairs_total=315750
[2026-03-01 10:55:06,978] INFO:fitness.free_loss_fidelity: RL4CO free-loss step 20/200: score=7.785862 (avg=7.808813), loss=0.216116 (avg=0.215087), pairs_step=316038, pairs_total=6318837
[2026-03-01 10:55:13,235] INFO:fitness.free_loss_fidelity: RL4CO free-loss step 40/200: score=7.812922 (avg=7.802446), loss=0.217225 (avg=0.216988), pairs_step=316205, pairs_total=12636112
[2026-03-01 10:55:19,486] INFO:fitness.free_loss_fidelity: RL4CO free-loss step 60/200: score=7.808357 (avg=7.798418), loss=0.208164 (avg=0.215065), pairs_step=315647, pairs_total=18953452
[2026-03-01 10:55:25,735] INFO:fitness.free_loss_fidelity: RL4CO free-loss step 80/200: score=7.793139 (avg=7.797225), loss=0.208109 (avg=0.211670), pairs_step=315690, pairs_total=25269689
[2026-03-01 10:55:32,005] INFO:fitness.free_loss_fidelity: RL4CO free-loss step 100/200: score=7.752850 (avg=7.797891), loss=0.224864 (avg=0.211957), pairs_step=315727, pairs_total=31584960
[2026-03-01 10:55:38,254] INFO:fitness.free_loss_fidelity: RL4CO free-loss step 120/200: score=7.775887 (avg=7.799229), loss=0.232738 (avg=0.214830), pairs_step=315681, pairs_total=37899357
[2026-03-01 10:55:44,522] INFO:fitness.free_loss_fidelity: RL4CO free-loss step 140/200: score=7.822759 (avg=7.800112), loss=0.232283 (avg=0.217876), pairs_step=315379, pairs_total=44212450
[2026-03-01 10:55:50,964] INFO:fitness.free_loss_fidelity: RL4CO free-loss step 160/200: score=7.791059 (avg=7.799218), loss=0.211290 (avg=0.218359), pairs_step=315906, pairs_total=50527157
[2026-03-01 10:55:57,210] INFO:fitness.free_loss_fidelity: RL4CO free-loss step 180/200: score=7.783517 (avg=7.797925), loss=0.208622 (avg=0.216957), pairs_step=315149, pairs_total=56840446
[2026-03-01 10:56:03,460] INFO:fitness.free_loss_fidelity: RL4CO free-loss step 200/200: score=7.814192 (avg=7.796733), loss=0.211348 (avg=0.216601), pairs_step=315656, pairs_total=63152505
