[2026-03-01 16:47:04,158] INFO:fitness.free_loss_fidelity: Stage3 offline mini-train start gen=17 pair_index=13 K=200 seed=12345 valid_sizes=[100] baseline_json=baseline/mini_eval/baseline_minitrain_tsp100_K200.json
[2026-03-01 16:47:04,179] INFO:fitness.free_loss_fidelity: RL4CO free-loss (step-mode): f1_steps=200, f2_steps=0, total_steps=200, train_problem_size=100, rollouts=100, batch_size=64, device=cuda:3, env=tsp
[2026-03-01 16:47:04,500] INFO:fitness.free_loss_fidelity: RL4CO free-loss step 1/200: score=36.122910 (avg=36.122910), loss=0.741083 (avg=0.741083), pairs_step=16384, pairs_total=16384
[2026-03-01 16:47:10,590] INFO:fitness.free_loss_fidelity: RL4CO free-loss step 20/200: score=9.900890 (avg=12.622453), loss=0.440682 (avg=0.454821), pairs_step=16384, pairs_total=327680
[2026-03-01 16:47:16,994] INFO:fitness.free_loss_fidelity: RL4CO free-loss step 40/200: score=9.399742 (avg=11.063373), loss=0.471266 (avg=0.459854), pairs_step=16384, pairs_total=655360
[2026-03-01 16:47:23,607] INFO:fitness.free_loss_fidelity: RL4CO free-loss step 60/200: score=9.238016 (avg=10.459934), loss=0.448469 (avg=0.460926), pairs_step=16384, pairs_total=983040
[2026-03-01 16:47:30,012] INFO:fitness.free_loss_fidelity: RL4CO free-loss step 80/200: score=8.981609 (avg=10.116778), loss=0.441710 (avg=0.456537), pairs_step=16384, pairs_total=1310720
[2026-03-01 16:47:36,452] INFO:fitness.free_loss_fidelity: RL4CO free-loss step 100/200: score=8.885164 (avg=9.882928), loss=0.421418 (avg=0.452907), pairs_step=16384, pairs_total=1638400
[2026-03-01 16:47:42,858] INFO:fitness.free_loss_fidelity: RL4CO free-loss step 120/200: score=8.819599 (avg=9.714363), loss=0.437436 (avg=0.450749), pairs_step=16384, pairs_total=1966080
[2026-03-01 16:47:49,263] INFO:fitness.free_loss_fidelity: RL4CO free-loss step 140/200: score=8.773479 (avg=9.580545), loss=0.441598 (avg=0.450198), pairs_step=16384, pairs_total=2293760
[2026-03-01 16:47:55,675] INFO:fitness.free_loss_fidelity: RL4CO free-loss step 160/200: score=8.629919 (avg=9.467877), loss=0.455932 (avg=0.451656), pairs_step=16384, pairs_total=2621440
[2026-03-01 16:48:02,077] INFO:fitness.free_loss_fidelity: RL4CO free-loss step 180/200: score=8.584225 (avg=9.372073), loss=0.472660 (avg=0.453504), pairs_step=16384, pairs_total=2949120
[2026-03-01 16:48:08,478] INFO:fitness.free_loss_fidelity: RL4CO free-loss step 200/200: score=8.594802 (avg=9.290376), loss=0.476188 (avg=0.455830), pairs_step=16384, pairs_total=3276800
[2026-03-01 16:48:09,600] WARNING:fitness.free_loss_fidelity: weights_only checkpoint load failed (UnpicklingError); retrying weights_only=False for /data1/gushengda/eam-rl4co/baseline/epoch_135.ckpt
[2026-03-01 16:48:09,636] INFO:fitness.free_loss_fidelity: Loaded init checkpoint into policy: path=/data1/gushengda/eam-rl4co/baseline/epoch_135.ckpt prefix=policy. matched=97 missing=0 unexpected=0
[2026-03-01 16:48:09,641] INFO:fitness.free_loss_fidelity: RL4CO free-loss (step-mode): f1_steps=200, f2_steps=0, total_steps=200, train_problem_size=100, rollouts=100, batch_size=64, device=cuda:3, env=tsp
[2026-03-01 16:48:09,967] INFO:fitness.free_loss_fidelity: RL4CO free-loss step 1/200: score=7.803347 (avg=7.803347), loss=0.625908 (avg=0.625908), pairs_step=16384, pairs_total=16384
[2026-03-01 16:48:16,059] INFO:fitness.free_loss_fidelity: RL4CO free-loss step 20/200: score=7.790152 (avg=7.815525), loss=0.636807 (avg=0.632548), pairs_step=16384, pairs_total=327680
[2026-03-01 16:48:22,487] INFO:fitness.free_loss_fidelity: RL4CO free-loss step 40/200: score=7.822963 (avg=7.808829), loss=0.639355 (avg=0.633782), pairs_step=16384, pairs_total=655360
[2026-03-01 16:48:28,902] INFO:fitness.free_loss_fidelity: RL4CO free-loss step 60/200: score=7.821013 (avg=7.805134), loss=0.641345 (avg=0.635324), pairs_step=16384, pairs_total=983040
[2026-03-01 16:48:35,314] INFO:fitness.free_loss_fidelity: RL4CO free-loss step 80/200: score=7.800711 (avg=7.803428), loss=0.635464 (avg=0.636017), pairs_step=16384, pairs_total=1310720
[2026-03-01 16:48:41,732] INFO:fitness.free_loss_fidelity: RL4CO free-loss step 100/200: score=7.760734 (avg=7.804349), loss=0.637700 (avg=0.636714), pairs_step=16384, pairs_total=1638400
[2026-03-01 16:48:48,135] INFO:fitness.free_loss_fidelity: RL4CO free-loss step 120/200: score=7.777452 (avg=7.805982), loss=0.642176 (avg=0.637583), pairs_step=16384, pairs_total=1966080
[2026-03-01 16:48:54,541] INFO:fitness.free_loss_fidelity: RL4CO free-loss step 140/200: score=7.839693 (avg=7.807028), loss=0.640509 (avg=0.637902), pairs_step=16384, pairs_total=2293760
[2026-03-01 16:49:00,960] INFO:fitness.free_loss_fidelity: RL4CO free-loss step 160/200: score=7.802885 (avg=7.806542), loss=0.645029 (avg=0.638124), pairs_step=16384, pairs_total=2621440
[2026-03-01 16:49:07,357] INFO:fitness.free_loss_fidelity: RL4CO free-loss step 180/200: score=7.791164 (avg=7.805469), loss=0.641850 (avg=0.638483), pairs_step=16384, pairs_total=2949120
[2026-03-01 16:49:13,755] INFO:fitness.free_loss_fidelity: RL4CO free-loss step 200/200: score=7.812419 (avg=7.804088), loss=0.632689 (avg=0.638938), pairs_step=16384, pairs_total=3276800
[2026-03-01 16:49:14,878] WARNING:fitness.free_loss_fidelity: weights_only checkpoint load failed (UnpicklingError); retrying weights_only=False for /data1/gushengda/eam-rl4co/baseline/epoch_409.ckpt
[2026-03-01 16:49:14,916] INFO:fitness.free_loss_fidelity: Loaded init checkpoint into policy: path=/data1/gushengda/eam-rl4co/baseline/epoch_409.ckpt prefix=policy. matched=97 missing=0 unexpected=0
[2026-03-01 16:49:14,921] INFO:fitness.free_loss_fidelity: RL4CO free-loss (step-mode): f1_steps=200, f2_steps=0, total_steps=200, train_problem_size=100, rollouts=100, batch_size=64, device=cuda:3, env=tsp
[2026-03-01 16:49:15,246] INFO:fitness.free_loss_fidelity: RL4CO free-loss step 1/200: score=7.807477 (avg=7.807477), loss=0.000516 (avg=0.000516), pairs_step=16384, pairs_total=16384
[2026-03-01 16:49:21,330] INFO:fitness.free_loss_fidelity: RL4CO free-loss step 20/200: score=7.781994 (avg=7.807684), loss=0.189464 (avg=0.080730), pairs_step=16384, pairs_total=327680
[2026-03-01 16:49:27,723] INFO:fitness.free_loss_fidelity: RL4CO free-loss step 40/200: score=7.819276 (avg=7.804785), loss=0.401168 (avg=0.192793), pairs_step=16384, pairs_total=655360
[2026-03-01 16:49:34,130] INFO:fitness.free_loss_fidelity: RL4CO free-loss step 60/200: score=7.817424 (avg=7.802490), loss=0.454770 (avg=0.271029), pairs_step=16384, pairs_total=983040
[2026-03-01 16:49:40,543] INFO:fitness.free_loss_fidelity: RL4CO free-loss step 80/200: score=7.804150 (avg=7.802259), loss=0.506949 (avg=0.324319), pairs_step=16384, pairs_total=1310720
[2026-03-01 16:49:46,950] INFO:fitness.free_loss_fidelity: RL4CO free-loss step 100/200: score=7.762292 (avg=7.802997), loss=0.537507 (avg=0.363924), pairs_step=16384, pairs_total=1638400
[2026-03-01 16:49:53,352] INFO:fitness.free_loss_fidelity: RL4CO free-loss step 120/200: score=7.776202 (avg=7.804471), loss=0.560154 (avg=0.395394), pairs_step=16384, pairs_total=1966080
[2026-03-01 16:49:59,954] INFO:fitness.free_loss_fidelity: RL4CO free-loss step 140/200: score=7.831256 (avg=7.805623), loss=0.561141 (avg=0.418651), pairs_step=16384, pairs_total=2293760
[2026-03-01 16:50:06,355] INFO:fitness.free_loss_fidelity: RL4CO free-loss step 160/200: score=7.798254 (avg=7.805213), loss=0.567977 (avg=0.436895), pairs_step=16384, pairs_total=2621440
[2026-03-01 16:50:12,795] INFO:fitness.free_loss_fidelity: RL4CO free-loss step 180/200: score=7.786650 (avg=7.803978), loss=0.586589 (avg=0.452201), pairs_step=16384, pairs_total=2949120
[2026-03-01 16:50:19,181] INFO:fitness.free_loss_fidelity: RL4CO free-loss step 200/200: score=7.817016 (avg=7.802769), loss=0.591266 (avg=0.466021), pairs_step=16384, pairs_total=3276800
