[2026-03-01 15:28:23,911] INFO:fitness.free_loss_fidelity: Stage3 offline mini-train start gen=15 pair_index=22 K=200 seed=12345 valid_sizes=[100] baseline_json=baseline/mini_eval/baseline_minitrain_tsp100_K200.json
[2026-03-01 15:28:23,948] INFO:fitness.free_loss_fidelity: RL4CO free-loss (step-mode): f1_steps=200, f2_steps=0, total_steps=200, train_problem_size=100, rollouts=100, batch_size=64, device=cuda:1, env=tsp
[2026-03-01 15:28:24,371] INFO:fitness.free_loss_fidelity: RL4CO free-loss step 1/200: score=36.122910 (avg=36.122910), loss=0.748179 (avg=0.748179), pairs_step=159213, pairs_total=159213
[2026-03-01 15:28:31,217] INFO:fitness.free_loss_fidelity: RL4CO free-loss step 20/200: score=9.954335 (avg=12.683343), loss=0.541674 (avg=0.562912), pairs_step=157974, pairs_total=3170946
[2026-03-01 15:28:38,448] INFO:fitness.free_loss_fidelity: RL4CO free-loss step 40/200: score=9.358408 (avg=11.095630), loss=0.563932 (avg=0.562898), pairs_step=156759, pairs_total=6346999
[2026-03-01 15:28:45,664] INFO:fitness.free_loss_fidelity: RL4CO free-loss step 60/200: score=9.164597 (avg=10.471715), loss=0.549380 (avg=0.560659), pairs_step=159650, pairs_total=9508726
[2026-03-01 15:28:52,870] INFO:fitness.free_loss_fidelity: RL4CO free-loss step 80/200: score=8.962175 (avg=10.113112), loss=0.546321 (avg=0.555240), pairs_step=158209, pairs_total=12669277
[2026-03-01 15:29:00,052] INFO:fitness.free_loss_fidelity: RL4CO free-loss step 100/200: score=8.805200 (avg=9.876556), loss=0.536362 (avg=0.551416), pairs_step=158500, pairs_total=15845100
[2026-03-01 15:29:07,230] INFO:fitness.free_loss_fidelity: RL4CO free-loss step 120/200: score=8.778564 (avg=9.704510), loss=0.540130 (avg=0.550407), pairs_step=159205, pairs_total=19021189
[2026-03-01 15:29:14,448] INFO:fitness.free_loss_fidelity: RL4CO free-loss step 140/200: score=8.785917 (avg=9.570607), loss=0.536153 (avg=0.550194), pairs_step=157878, pairs_total=22191090
[2026-03-01 15:29:21,660] INFO:fitness.free_loss_fidelity: RL4CO free-loss step 160/200: score=8.627403 (avg=9.458065), loss=0.548200 (avg=0.550848), pairs_step=156242, pairs_total=25360455
[2026-03-01 15:29:28,924] INFO:fitness.free_loss_fidelity: RL4CO free-loss step 180/200: score=8.575890 (avg=9.364987), loss=0.561468 (avg=0.551720), pairs_step=160568, pairs_total=28527941
[2026-03-01 15:29:36,161] INFO:fitness.free_loss_fidelity: RL4CO free-loss step 200/200: score=8.577392 (avg=9.284770), loss=0.568883 (avg=0.552668), pairs_step=158337, pairs_total=31695964
[2026-03-01 15:29:37,493] WARNING:fitness.free_loss_fidelity: weights_only checkpoint load failed (UnpicklingError); retrying weights_only=False for /data1/gushengda/eam-rl4co/baseline/epoch_135.ckpt
[2026-03-01 15:29:37,534] INFO:fitness.free_loss_fidelity: Loaded init checkpoint into policy: path=/data1/gushengda/eam-rl4co/baseline/epoch_135.ckpt prefix=policy. matched=97 missing=0 unexpected=0
[2026-03-01 15:29:37,540] INFO:fitness.free_loss_fidelity: RL4CO free-loss (step-mode): f1_steps=200, f2_steps=0, total_steps=200, train_problem_size=100, rollouts=100, batch_size=64, device=cuda:1, env=tsp
[2026-03-01 15:29:37,911] INFO:fitness.free_loss_fidelity: RL4CO free-loss step 1/200: score=7.803347 (avg=7.803347), loss=0.663759 (avg=0.663759), pairs_step=157875, pairs_total=157875
[2026-03-01 15:29:44,788] INFO:fitness.free_loss_fidelity: RL4CO free-loss step 20/200: score=7.782523 (avg=7.808712), loss=0.667142 (avg=0.663531), pairs_step=158066, pairs_total=3159378
[2026-03-01 15:29:52,008] INFO:fitness.free_loss_fidelity: RL4CO free-loss step 40/200: score=7.818060 (avg=7.803393), loss=0.664700 (avg=0.663909), pairs_step=156991, pairs_total=6311986
[2026-03-01 15:29:59,235] INFO:fitness.free_loss_fidelity: RL4CO free-loss step 60/200: score=7.815803 (avg=7.800324), loss=0.662421 (avg=0.664038), pairs_step=156184, pairs_total=9458676
[2026-03-01 15:30:06,649] INFO:fitness.free_loss_fidelity: RL4CO free-loss step 80/200: score=7.795102 (avg=7.798603), loss=0.664385 (avg=0.663969), pairs_step=158321, pairs_total=12613272
[2026-03-01 15:30:13,850] INFO:fitness.free_loss_fidelity: RL4CO free-loss step 100/200: score=7.757426 (avg=7.799479), loss=0.666173 (avg=0.664400), pairs_step=157364, pairs_total=15773870
[2026-03-01 15:30:21,040] INFO:fitness.free_loss_fidelity: RL4CO free-loss step 120/200: score=7.778853 (avg=7.801053), loss=0.663699 (avg=0.664612), pairs_step=156826, pairs_total=18919265
[2026-03-01 15:30:28,264] INFO:fitness.free_loss_fidelity: RL4CO free-loss step 140/200: score=7.832585 (avg=7.802081), loss=0.665557 (avg=0.664724), pairs_step=157248, pairs_total=22074598
[2026-03-01 15:30:35,758] INFO:fitness.free_loss_fidelity: RL4CO free-loss step 160/200: score=7.800154 (avg=7.801377), loss=0.666842 (avg=0.664581), pairs_step=155681, pairs_total=25233204
[2026-03-01 15:30:43,087] INFO:fitness.free_loss_fidelity: RL4CO free-loss step 180/200: score=7.784469 (avg=7.800417), loss=0.664557 (avg=0.664666), pairs_step=157938, pairs_total=28386115
[2026-03-01 15:30:50,298] INFO:fitness.free_loss_fidelity: RL4CO free-loss step 200/200: score=7.812735 (avg=7.799242), loss=0.659364 (avg=0.664727), pairs_step=157743, pairs_total=31540445
[2026-03-01 15:30:51,627] WARNING:fitness.free_loss_fidelity: weights_only checkpoint load failed (UnpicklingError); retrying weights_only=False for /data1/gushengda/eam-rl4co/baseline/epoch_409.ckpt
[2026-03-01 15:30:51,668] INFO:fitness.free_loss_fidelity: Loaded init checkpoint into policy: path=/data1/gushengda/eam-rl4co/baseline/epoch_409.ckpt prefix=policy. matched=97 missing=0 unexpected=0
[2026-03-01 15:30:51,674] INFO:fitness.free_loss_fidelity: RL4CO free-loss (step-mode): f1_steps=200, f2_steps=0, total_steps=200, train_problem_size=100, rollouts=100, batch_size=64, device=cuda:1, env=tsp
[2026-03-01 15:30:52,059] INFO:fitness.free_loss_fidelity: RL4CO free-loss step 1/200: score=7.807477 (avg=7.807477), loss=0.107652 (avg=0.107652), pairs_step=158679, pairs_total=158679
[2026-03-01 15:30:58,863] INFO:fitness.free_loss_fidelity: RL4CO free-loss step 20/200: score=7.780165 (avg=7.809449), loss=0.098053 (avg=0.100655), pairs_step=159400, pairs_total=3163253
[2026-03-01 15:31:06,130] INFO:fitness.free_loss_fidelity: RL4CO free-loss step 40/200: score=7.813184 (avg=7.802972), loss=0.100576 (avg=0.102200), pairs_step=157481, pairs_total=6319724
[2026-03-01 15:31:13,324] INFO:fitness.free_loss_fidelity: RL4CO free-loss step 60/200: score=7.815618 (avg=7.799844), loss=0.093372 (avg=0.099050), pairs_step=156714, pairs_total=9477807
[2026-03-01 15:31:20,541] INFO:fitness.free_loss_fidelity: RL4CO free-loss step 80/200: score=7.798126 (avg=7.798403), loss=0.095941 (avg=0.098236), pairs_step=160224, pairs_total=12642997
[2026-03-01 15:31:27,782] INFO:fitness.free_loss_fidelity: RL4CO free-loss step 100/200: score=7.757378 (avg=7.799308), loss=0.101006 (avg=0.098189), pairs_step=160008, pairs_total=15808362
[2026-03-01 15:31:34,999] INFO:fitness.free_loss_fidelity: RL4CO free-loss step 120/200: score=7.776539 (avg=7.800823), loss=0.097806 (avg=0.098377), pairs_step=155151, pairs_total=18961647
[2026-03-01 15:31:42,186] INFO:fitness.free_loss_fidelity: RL4CO free-loss step 140/200: score=7.822341 (avg=7.801788), loss=0.098088 (avg=0.098245), pairs_step=156473, pairs_total=22121438
[2026-03-01 15:31:49,394] INFO:fitness.free_loss_fidelity: RL4CO free-loss step 160/200: score=7.792460 (avg=7.800882), loss=0.095179 (avg=0.097697), pairs_step=159624, pairs_total=25276410
[2026-03-01 15:31:56,652] INFO:fitness.free_loss_fidelity: RL4CO free-loss step 180/200: score=7.784499 (avg=7.799724), loss=0.100552 (avg=0.097308), pairs_step=158028, pairs_total=28439591
[2026-03-01 15:32:03,870] INFO:fitness.free_loss_fidelity: RL4CO free-loss step 200/200: score=7.811476 (avg=7.798622), loss=0.098170 (avg=0.097495), pairs_step=156946, pairs_total=31597253
