[2026-03-01 16:53:24,884] INFO:fitness.free_loss_fidelity: Stage3 offline mini-train start gen=17 pair_index=20 K=200 seed=12345 valid_sizes=[100] baseline_json=baseline/mini_eval/baseline_minitrain_tsp100_K200.json
[2026-03-01 16:53:24,907] INFO:fitness.free_loss_fidelity: RL4CO free-loss (step-mode): f1_steps=200, f2_steps=0, total_steps=200, train_problem_size=100, rollouts=100, batch_size=64, device=cuda:2, env=tsp
[2026-03-01 16:53:25,264] INFO:fitness.free_loss_fidelity: RL4CO free-loss step 1/200: score=36.122910 (avg=36.122910), loss=0.744344 (avg=0.744344), pairs_step=316800, pairs_total=316800
[2026-03-01 16:53:31,224] INFO:fitness.free_loss_fidelity: RL4CO free-loss step 20/200: score=9.910248 (avg=12.648969), loss=0.552201 (avg=0.563003), pairs_step=316799, pairs_total=6335999
[2026-03-01 16:53:37,500] INFO:fitness.free_loss_fidelity: RL4CO free-loss step 40/200: score=9.375454 (avg=11.062188), loss=0.560680 (avg=0.561996), pairs_step=316800, pairs_total=12671995
[2026-03-01 16:53:43,777] INFO:fitness.free_loss_fidelity: RL4CO free-loss step 60/200: score=9.157460 (avg=10.442896), loss=0.553467 (avg=0.560998), pairs_step=316800, pairs_total=19007990
[2026-03-01 16:53:50,063] INFO:fitness.free_loss_fidelity: RL4CO free-loss step 80/200: score=8.971186 (avg=10.086767), loss=0.542963 (avg=0.557308), pairs_step=316800, pairs_total=25343987
[2026-03-01 16:53:56,340] INFO:fitness.free_loss_fidelity: RL4CO free-loss step 100/200: score=8.852934 (avg=9.848768), loss=0.537957 (avg=0.555160), pairs_step=316800, pairs_total=31679980
[2026-03-01 16:54:02,605] INFO:fitness.free_loss_fidelity: RL4CO free-loss step 120/200: score=8.715352 (avg=9.678547), loss=0.548141 (avg=0.553414), pairs_step=316799, pairs_total=38015975
[2026-03-01 16:54:09,086] INFO:fitness.free_loss_fidelity: RL4CO free-loss step 140/200: score=8.654430 (avg=9.541134), loss=0.563406 (avg=0.553285), pairs_step=316800, pairs_total=44351971
[2026-03-01 16:54:15,362] INFO:fitness.free_loss_fidelity: RL4CO free-loss step 160/200: score=8.585710 (avg=9.425892), loss=0.561504 (avg=0.554167), pairs_step=316800, pairs_total=50687963
[2026-03-01 16:54:21,631] INFO:fitness.free_loss_fidelity: RL4CO free-loss step 180/200: score=8.499146 (avg=9.327848), loss=0.571021 (avg=0.555308), pairs_step=316799, pairs_total=57023957
[2026-03-01 16:54:27,924] INFO:fitness.free_loss_fidelity: RL4CO free-loss step 200/200: score=8.511675 (avg=9.245546), loss=0.573132 (avg=0.556602), pairs_step=316799, pairs_total=63359950
[2026-03-01 16:54:29,036] WARNING:fitness.free_loss_fidelity: weights_only checkpoint load failed (UnpicklingError); retrying weights_only=False for /data1/gushengda/eam-rl4co/baseline/epoch_135.ckpt
[2026-03-01 16:54:29,075] INFO:fitness.free_loss_fidelity: Loaded init checkpoint into policy: path=/data1/gushengda/eam-rl4co/baseline/epoch_135.ckpt prefix=policy. matched=97 missing=0 unexpected=0
[2026-03-01 16:54:29,081] INFO:fitness.free_loss_fidelity: RL4CO free-loss (step-mode): f1_steps=200, f2_steps=0, total_steps=200, train_problem_size=100, rollouts=100, batch_size=64, device=cuda:2, env=tsp
[2026-03-01 16:54:29,400] INFO:fitness.free_loss_fidelity: RL4CO free-loss step 1/200: score=7.803347 (avg=7.803347), loss=0.664683 (avg=0.664683), pairs_step=315697, pairs_total=315697
[2026-03-01 16:54:35,354] INFO:fitness.free_loss_fidelity: RL4CO free-loss step 20/200: score=7.779757 (avg=7.811213), loss=0.665410 (avg=0.665324), pairs_step=315804, pairs_total=6316263
[2026-03-01 16:54:41,613] INFO:fitness.free_loss_fidelity: RL4CO free-loss step 40/200: score=7.819884 (avg=7.804232), loss=0.667637 (avg=0.665175), pairs_step=315633, pairs_total=12631400
[2026-03-01 16:54:47,924] INFO:fitness.free_loss_fidelity: RL4CO free-loss step 60/200: score=7.813067 (avg=7.800554), loss=0.665015 (avg=0.665398), pairs_step=315379, pairs_total=18942802
[2026-03-01 16:54:54,402] INFO:fitness.free_loss_fidelity: RL4CO free-loss step 80/200: score=7.796369 (avg=7.798944), loss=0.667474 (avg=0.665283), pairs_step=315611, pairs_total=25256576
[2026-03-01 16:55:00,974] INFO:fitness.free_loss_fidelity: RL4CO free-loss step 100/200: score=7.759796 (avg=7.799305), loss=0.667233 (avg=0.665516), pairs_step=315986, pairs_total=31570443
[2026-03-01 16:55:07,555] INFO:fitness.free_loss_fidelity: RL4CO free-loss step 120/200: score=7.775185 (avg=7.800562), loss=0.665955 (avg=0.665637), pairs_step=315106, pairs_total=37881092
[2026-03-01 16:55:14,131] INFO:fitness.free_loss_fidelity: RL4CO free-loss step 140/200: score=7.829204 (avg=7.801414), loss=0.665724 (avg=0.665598), pairs_step=315300, pairs_total=44190972
[2026-03-01 16:55:20,690] INFO:fitness.free_loss_fidelity: RL4CO free-loss step 160/200: score=7.801953 (avg=7.800764), loss=0.665391 (avg=0.665625), pairs_step=315169, pairs_total=50501215
[2026-03-01 16:55:27,270] INFO:fitness.free_loss_fidelity: RL4CO free-loss step 180/200: score=7.780784 (avg=7.799689), loss=0.666824 (avg=0.665677), pairs_step=315294, pairs_total=56810608
[2026-03-01 16:55:33,839] INFO:fitness.free_loss_fidelity: RL4CO free-loss step 200/200: score=7.808851 (avg=7.798420), loss=0.665014 (avg=0.665688), pairs_step=315205, pairs_total=63119768
[2026-03-01 16:55:34,952] WARNING:fitness.free_loss_fidelity: weights_only checkpoint load failed (UnpicklingError); retrying weights_only=False for /data1/gushengda/eam-rl4co/baseline/epoch_409.ckpt
[2026-03-01 16:55:34,991] INFO:fitness.free_loss_fidelity: Loaded init checkpoint into policy: path=/data1/gushengda/eam-rl4co/baseline/epoch_409.ckpt prefix=policy. matched=97 missing=0 unexpected=0
[2026-03-01 16:55:34,997] INFO:fitness.free_loss_fidelity: RL4CO free-loss (step-mode): f1_steps=200, f2_steps=0, total_steps=200, train_problem_size=100, rollouts=100, batch_size=64, device=cuda:2, env=tsp
[2026-03-01 16:55:35,341] INFO:fitness.free_loss_fidelity: RL4CO free-loss step 1/200: score=7.807477 (avg=7.807477), loss=0.108407 (avg=0.108407), pairs_step=315750, pairs_total=315750
[2026-03-01 16:55:41,572] INFO:fitness.free_loss_fidelity: RL4CO free-loss step 20/200: score=7.783349 (avg=7.809526), loss=0.101576 (avg=0.101214), pairs_step=315980, pairs_total=6319050
[2026-03-01 16:55:48,168] INFO:fitness.free_loss_fidelity: RL4CO free-loss step 40/200: score=7.820540 (avg=7.804611), loss=0.095121 (avg=0.100216), pairs_step=315912, pairs_total=12637923
[2026-03-01 16:55:54,750] INFO:fitness.free_loss_fidelity: RL4CO free-loss step 60/200: score=7.809997 (avg=7.800603), loss=0.096162 (avg=0.098237), pairs_step=315798, pairs_total=18952493
[2026-03-01 16:56:01,302] INFO:fitness.free_loss_fidelity: RL4CO free-loss step 80/200: score=7.796284 (avg=7.798784), loss=0.095329 (avg=0.097082), pairs_step=315770, pairs_total=25268549
[2026-03-01 16:56:07,883] INFO:fitness.free_loss_fidelity: RL4CO free-loss step 100/200: score=7.761395 (avg=7.798941), loss=0.098309 (avg=0.096956), pairs_step=315928, pairs_total=31584039
[2026-03-01 16:56:14,472] INFO:fitness.free_loss_fidelity: RL4CO free-loss step 120/200: score=7.780243 (avg=7.800318), loss=0.093139 (avg=0.096925), pairs_step=315735, pairs_total=37900015
[2026-03-01 16:56:21,066] INFO:fitness.free_loss_fidelity: RL4CO free-loss step 140/200: score=7.821926 (avg=7.801013), loss=0.089748 (avg=0.096303), pairs_step=315255, pairs_total=44213194
[2026-03-01 16:56:27,618] INFO:fitness.free_loss_fidelity: RL4CO free-loss step 160/200: score=7.801323 (avg=7.799970), loss=0.093010 (avg=0.095573), pairs_step=316072, pairs_total=50528362
[2026-03-01 16:56:34,176] INFO:fitness.free_loss_fidelity: RL4CO free-loss step 180/200: score=7.783613 (avg=7.798769), loss=0.090972 (avg=0.095091), pairs_step=315141, pairs_total=56840418
[2026-03-01 16:56:40,753] INFO:fitness.free_loss_fidelity: RL4CO free-loss step 200/200: score=7.811762 (avg=7.797366), loss=0.093535 (avg=0.095061), pairs_step=315588, pairs_total=63153000
