[2026-03-01 18:22:03,348] INFO:fitness.free_loss_fidelity: Stage3 offline mini-train start gen=19 pair_index=19 K=200 seed=12345 valid_sizes=[100] baseline_json=baseline/mini_eval/baseline_minitrain_tsp100_K200.json
[2026-03-01 18:22:03,372] INFO:fitness.free_loss_fidelity: RL4CO free-loss (step-mode): f1_steps=200, f2_steps=0, total_steps=200, train_problem_size=100, rollouts=100, batch_size=64, device=cuda:1, env=tsp
[2026-03-01 18:22:03,745] INFO:fitness.free_loss_fidelity: RL4CO free-loss step 1/200: score=36.122910 (avg=36.122910), loss=0.748179 (avg=0.748179), pairs_step=159213, pairs_total=159213
[2026-03-01 18:22:10,499] INFO:fitness.free_loss_fidelity: RL4CO free-loss step 20/200: score=9.955500 (avg=12.681562), loss=0.554539 (avg=0.563303), pairs_step=155161, pairs_total=3161640
[2026-03-01 18:22:17,603] INFO:fitness.free_loss_fidelity: RL4CO free-loss step 40/200: score=9.388006 (avg=11.101794), loss=0.562284 (avg=0.562962), pairs_step=157440, pairs_total=6328747
[2026-03-01 18:22:24,718] INFO:fitness.free_loss_fidelity: RL4CO free-loss step 60/200: score=9.160443 (avg=10.474123), loss=0.559725 (avg=0.560967), pairs_step=156408, pairs_total=9492295
[2026-03-01 18:22:31,828] INFO:fitness.free_loss_fidelity: RL4CO free-loss step 80/200: score=8.958372 (avg=10.114917), loss=0.540631 (avg=0.556708), pairs_step=158167, pairs_total=12664236
[2026-03-01 18:22:38,942] INFO:fitness.free_loss_fidelity: RL4CO free-loss step 100/200: score=8.854769 (avg=9.876905), loss=0.542701 (avg=0.553333), pairs_step=159632, pairs_total=15836371
[2026-03-01 18:22:46,053] INFO:fitness.free_loss_fidelity: RL4CO free-loss step 120/200: score=8.789986 (avg=9.704490), loss=0.548703 (avg=0.551767), pairs_step=157796, pairs_total=19008990
[2026-03-01 18:22:53,348] INFO:fitness.free_loss_fidelity: RL4CO free-loss step 140/200: score=8.726536 (avg=9.569027), loss=0.562133 (avg=0.551593), pairs_step=158248, pairs_total=22159853
[2026-03-01 18:23:00,455] INFO:fitness.free_loss_fidelity: RL4CO free-loss step 160/200: score=8.648165 (avg=9.456586), loss=0.561805 (avg=0.551986), pairs_step=157981, pairs_total=25326789
[2026-03-01 18:23:07,571] INFO:fitness.free_loss_fidelity: RL4CO free-loss step 180/200: score=8.536835 (avg=9.361095), loss=0.566399 (avg=0.552922), pairs_step=156805, pairs_total=28487480
[2026-03-01 18:23:14,671] INFO:fitness.free_loss_fidelity: RL4CO free-loss step 200/200: score=8.568379 (avg=9.280157), loss=0.568090 (avg=0.554095), pairs_step=160066, pairs_total=31655744
[2026-03-01 18:23:15,981] WARNING:fitness.free_loss_fidelity: weights_only checkpoint load failed (UnpicklingError); retrying weights_only=False for /data1/gushengda/eam-rl4co/baseline/epoch_135.ckpt
[2026-03-01 18:23:16,022] INFO:fitness.free_loss_fidelity: Loaded init checkpoint into policy: path=/data1/gushengda/eam-rl4co/baseline/epoch_135.ckpt prefix=policy. matched=97 missing=0 unexpected=0
[2026-03-01 18:23:16,028] INFO:fitness.free_loss_fidelity: RL4CO free-loss (step-mode): f1_steps=200, f2_steps=0, total_steps=200, train_problem_size=100, rollouts=100, batch_size=64, device=cuda:1, env=tsp
[2026-03-01 18:23:16,406] INFO:fitness.free_loss_fidelity: RL4CO free-loss step 1/200: score=7.803347 (avg=7.803347), loss=0.663759 (avg=0.663759), pairs_step=157875, pairs_total=157875
[2026-03-01 18:23:23,158] INFO:fitness.free_loss_fidelity: RL4CO free-loss step 20/200: score=7.781503 (avg=7.809898), loss=0.662134 (avg=0.663824), pairs_step=157645, pairs_total=3161386
[2026-03-01 18:23:30,255] INFO:fitness.free_loss_fidelity: RL4CO free-loss step 40/200: score=7.818483 (avg=7.804910), loss=0.665868 (avg=0.664741), pairs_step=158075, pairs_total=6324778
[2026-03-01 18:23:37,368] INFO:fitness.free_loss_fidelity: RL4CO free-loss step 60/200: score=7.815141 (avg=7.801112), loss=0.662791 (avg=0.664793), pairs_step=160086, pairs_total=9479076
[2026-03-01 18:23:44,461] INFO:fitness.free_loss_fidelity: RL4CO free-loss step 80/200: score=7.796304 (avg=7.799343), loss=0.664839 (avg=0.664573), pairs_step=159085, pairs_total=12634558
[2026-03-01 18:23:51,565] INFO:fitness.free_loss_fidelity: RL4CO free-loss step 100/200: score=7.757200 (avg=7.799791), loss=0.662282 (avg=0.664413), pairs_step=158180, pairs_total=15783596
[2026-03-01 18:23:58,656] INFO:fitness.free_loss_fidelity: RL4CO free-loss step 120/200: score=7.777764 (avg=7.801546), loss=0.664691 (avg=0.664280), pairs_step=158544, pairs_total=18942814
[2026-03-01 18:24:05,763] INFO:fitness.free_loss_fidelity: RL4CO free-loss step 140/200: score=7.833223 (avg=7.802612), loss=0.666883 (avg=0.664335), pairs_step=156579, pairs_total=22095018
[2026-03-01 18:24:12,862] INFO:fitness.free_loss_fidelity: RL4CO free-loss step 160/200: score=7.793550 (avg=7.801994), loss=0.666517 (avg=0.664533), pairs_step=159486, pairs_total=25256734
[2026-03-01 18:24:19,973] INFO:fitness.free_loss_fidelity: RL4CO free-loss step 180/200: score=7.788944 (avg=7.800816), loss=0.665555 (avg=0.664744), pairs_step=156858, pairs_total=28410608
[2026-03-01 18:24:27,065] INFO:fitness.free_loss_fidelity: RL4CO free-loss step 200/200: score=7.812634 (avg=7.799787), loss=0.660598 (avg=0.664764), pairs_step=157181, pairs_total=31576773
[2026-03-01 18:24:28,378] WARNING:fitness.free_loss_fidelity: weights_only checkpoint load failed (UnpicklingError); retrying weights_only=False for /data1/gushengda/eam-rl4co/baseline/epoch_409.ckpt
[2026-03-01 18:24:28,420] INFO:fitness.free_loss_fidelity: Loaded init checkpoint into policy: path=/data1/gushengda/eam-rl4co/baseline/epoch_409.ckpt prefix=policy. matched=97 missing=0 unexpected=0
[2026-03-01 18:24:28,426] INFO:fitness.free_loss_fidelity: RL4CO free-loss (step-mode): f1_steps=200, f2_steps=0, total_steps=200, train_problem_size=100, rollouts=100, batch_size=64, device=cuda:1, env=tsp
[2026-03-01 18:24:28,787] INFO:fitness.free_loss_fidelity: RL4CO free-loss step 1/200: score=7.807477 (avg=7.807477), loss=0.107652 (avg=0.107652), pairs_step=158679, pairs_total=158679
[2026-03-01 18:24:35,536] INFO:fitness.free_loss_fidelity: RL4CO free-loss step 20/200: score=7.785559 (avg=7.810805), loss=0.099574 (avg=0.101242), pairs_step=158916, pairs_total=3166148
[2026-03-01 18:24:42,690] INFO:fitness.free_loss_fidelity: RL4CO free-loss step 40/200: score=7.821730 (avg=7.804313), loss=0.101015 (avg=0.101417), pairs_step=157617, pairs_total=6316420
[2026-03-01 18:24:49,796] INFO:fitness.free_loss_fidelity: RL4CO free-loss step 60/200: score=7.815703 (avg=7.800804), loss=0.100412 (avg=0.101224), pairs_step=157064, pairs_total=9475706
[2026-03-01 18:24:56,897] INFO:fitness.free_loss_fidelity: RL4CO free-loss step 80/200: score=7.794097 (avg=7.799328), loss=0.093056 (avg=0.099957), pairs_step=158720, pairs_total=12631885
[2026-03-01 18:25:04,012] INFO:fitness.free_loss_fidelity: RL4CO free-loss step 100/200: score=7.753188 (avg=7.799565), loss=0.101824 (avg=0.099477), pairs_step=160783, pairs_total=15793179
[2026-03-01 18:25:11,123] INFO:fitness.free_loss_fidelity: RL4CO free-loss step 120/200: score=7.776448 (avg=7.800924), loss=0.098038 (avg=0.099802), pairs_step=155884, pairs_total=18944829
[2026-03-01 18:25:18,229] INFO:fitness.free_loss_fidelity: RL4CO free-loss step 140/200: score=7.823146 (avg=7.801883), loss=0.096275 (avg=0.099198), pairs_step=156526, pairs_total=22107540
[2026-03-01 18:25:25,346] INFO:fitness.free_loss_fidelity: RL4CO free-loss step 160/200: score=7.799178 (avg=7.801068), loss=0.092584 (avg=0.098675), pairs_step=158516, pairs_total=25267940
[2026-03-01 18:25:32,521] INFO:fitness.free_loss_fidelity: RL4CO free-loss step 180/200: score=7.786585 (avg=7.799991), loss=0.093892 (avg=0.098080), pairs_step=156625, pairs_total=28426461
[2026-03-01 18:25:39,662] INFO:fitness.free_loss_fidelity: RL4CO free-loss step 200/200: score=7.814131 (avg=7.798619), loss=0.095245 (avg=0.097736), pairs_step=157455, pairs_total=31582774
