[2026-03-01 16:07:30,665] INFO:fitness.free_loss_fidelity: Stage3 offline mini-train start gen=16 pair_index=24 K=200 seed=12345 valid_sizes=[100] baseline_json=baseline/mini_eval/baseline_minitrain_tsp100_K200.json
[2026-03-01 16:07:30,689] INFO:fitness.free_loss_fidelity: RL4CO free-loss (step-mode): f1_steps=200, f2_steps=0, total_steps=200, train_problem_size=100, rollouts=100, batch_size=64, device=cuda:0, env=tsp
[2026-03-01 16:07:31,026] INFO:fitness.free_loss_fidelity: RL4CO free-loss step 1/200: score=36.122910 (avg=36.122910), loss=0.742808 (avg=0.742808), pairs_step=64000, pairs_total=64000
[2026-03-01 16:07:36,886] INFO:fitness.free_loss_fidelity: RL4CO free-loss step 20/200: score=9.948986 (avg=12.653800), loss=0.478512 (avg=0.487305), pairs_step=64000, pairs_total=1280002
[2026-03-01 16:07:43,306] INFO:fitness.free_loss_fidelity: RL4CO free-loss step 40/200: score=9.419620 (avg=11.091353), loss=0.489130 (avg=0.489359), pairs_step=64000, pairs_total=2560005
[2026-03-01 16:07:49,753] INFO:fitness.free_loss_fidelity: RL4CO free-loss step 60/200: score=9.198593 (avg=10.476578), loss=0.489362 (avg=0.487233), pairs_step=64000, pairs_total=3840006
[2026-03-01 16:07:56,220] INFO:fitness.free_loss_fidelity: RL4CO free-loss step 80/200: score=8.990355 (avg=10.123401), loss=0.448830 (avg=0.482073), pairs_step=64000, pairs_total=5120007
[2026-03-01 16:08:02,677] INFO:fitness.free_loss_fidelity: RL4CO free-loss step 100/200: score=8.820309 (avg=9.882856), loss=0.461726 (avg=0.477548), pairs_step=64000, pairs_total=6400008
[2026-03-01 16:08:09,142] INFO:fitness.free_loss_fidelity: RL4CO free-loss step 120/200: score=8.736414 (avg=9.706327), loss=0.470898 (avg=0.475666), pairs_step=64000, pairs_total=7680009
[2026-03-01 16:08:15,343] INFO:fitness.free_loss_fidelity: RL4CO free-loss step 140/200: score=8.674814 (avg=9.566777), loss=0.486737 (avg=0.475295), pairs_step=64000, pairs_total=8960011
[2026-03-01 16:08:21,496] INFO:fitness.free_loss_fidelity: RL4CO free-loss step 160/200: score=8.624437 (avg=9.451185), loss=0.496428 (avg=0.476787), pairs_step=64000, pairs_total=10240013
[2026-03-01 16:08:27,689] INFO:fitness.free_loss_fidelity: RL4CO free-loss step 180/200: score=8.506991 (avg=9.351098), loss=0.506752 (avg=0.478621), pairs_step=64001, pairs_total=11520018
[2026-03-01 16:08:33,865] INFO:fitness.free_loss_fidelity: RL4CO free-loss step 200/200: score=8.469538 (avg=9.264699), loss=0.516153 (avg=0.480890), pairs_step=64000, pairs_total=12800021
[2026-03-01 16:08:34,961] WARNING:fitness.free_loss_fidelity: weights_only checkpoint load failed (UnpicklingError); retrying weights_only=False for /data1/gushengda/eam-rl4co/baseline/epoch_135.ckpt
[2026-03-01 16:08:34,999] INFO:fitness.free_loss_fidelity: Loaded init checkpoint into policy: path=/data1/gushengda/eam-rl4co/baseline/epoch_135.ckpt prefix=policy. matched=97 missing=0 unexpected=0
[2026-03-01 16:08:35,004] INFO:fitness.free_loss_fidelity: RL4CO free-loss (step-mode): f1_steps=200, f2_steps=0, total_steps=200, train_problem_size=100, rollouts=100, batch_size=64, device=cuda:0, env=tsp
[2026-03-01 16:08:35,317] INFO:fitness.free_loss_fidelity: RL4CO free-loss step 1/200: score=7.803347 (avg=7.803347), loss=0.642222 (avg=0.642222), pairs_step=64019, pairs_total=64019
[2026-03-01 16:08:41,217] INFO:fitness.free_loss_fidelity: RL4CO free-loss step 20/200: score=7.781120 (avg=7.810463), loss=0.643085 (avg=0.639925), pairs_step=64028, pairs_total=1280443
[2026-03-01 16:08:47,426] INFO:fitness.free_loss_fidelity: RL4CO free-loss step 40/200: score=7.820671 (avg=7.805866), loss=0.653281 (avg=0.642256), pairs_step=64025, pairs_total=2560890
[2026-03-01 16:08:53,656] INFO:fitness.free_loss_fidelity: RL4CO free-loss step 60/200: score=7.815314 (avg=7.802110), loss=0.655388 (avg=0.643981), pairs_step=64022, pairs_total=3841275
[2026-03-01 16:08:59,803] INFO:fitness.free_loss_fidelity: RL4CO free-loss step 80/200: score=7.798342 (avg=7.800807), loss=0.650357 (avg=0.645237), pairs_step=64014, pairs_total=5121705
[2026-03-01 16:09:05,951] INFO:fitness.free_loss_fidelity: RL4CO free-loss step 100/200: score=7.758078 (avg=7.801289), loss=0.653047 (avg=0.645761), pairs_step=64026, pairs_total=6402196
[2026-03-01 16:09:12,110] INFO:fitness.free_loss_fidelity: RL4CO free-loss step 120/200: score=7.772768 (avg=7.802785), loss=0.652134 (avg=0.646381), pairs_step=64011, pairs_total=7682680
[2026-03-01 16:09:18,257] INFO:fitness.free_loss_fidelity: RL4CO free-loss step 140/200: score=7.832722 (avg=7.803752), loss=0.650817 (avg=0.646725), pairs_step=64022, pairs_total=8963170
[2026-03-01 16:09:24,587] INFO:fitness.free_loss_fidelity: RL4CO free-loss step 160/200: score=7.799972 (avg=7.803233), loss=0.648892 (avg=0.646679), pairs_step=64026, pairs_total=10243644
[2026-03-01 16:09:30,745] INFO:fitness.free_loss_fidelity: RL4CO free-loss step 180/200: score=7.786908 (avg=7.802107), loss=0.649275 (avg=0.646939), pairs_step=64035, pairs_total=11524213
[2026-03-01 16:09:36,903] INFO:fitness.free_loss_fidelity: RL4CO free-loss step 200/200: score=7.810964 (avg=7.800913), loss=0.641058 (avg=0.646999), pairs_step=64028, pairs_total=12804644
[2026-03-01 16:09:37,997] WARNING:fitness.free_loss_fidelity: weights_only checkpoint load failed (UnpicklingError); retrying weights_only=False for /data1/gushengda/eam-rl4co/baseline/epoch_409.ckpt
[2026-03-01 16:09:38,036] INFO:fitness.free_loss_fidelity: Loaded init checkpoint into policy: path=/data1/gushengda/eam-rl4co/baseline/epoch_409.ckpt prefix=policy. matched=97 missing=0 unexpected=0
[2026-03-01 16:09:38,041] INFO:fitness.free_loss_fidelity: RL4CO free-loss (step-mode): f1_steps=200, f2_steps=0, total_steps=200, train_problem_size=100, rollouts=100, batch_size=64, device=cuda:0, env=tsp
[2026-03-01 16:09:38,360] INFO:fitness.free_loss_fidelity: RL4CO free-loss step 1/200: score=7.807477 (avg=7.807477), loss=0.001262 (avg=0.001262), pairs_step=64034, pairs_total=64034
[2026-03-01 16:09:44,228] INFO:fitness.free_loss_fidelity: RL4CO free-loss step 20/200: score=7.798831 (avg=7.812660), loss=0.025546 (avg=0.030995), pairs_step=64006, pairs_total=1280261
[2026-03-01 16:09:50,409] INFO:fitness.free_loss_fidelity: RL4CO free-loss step 40/200: score=7.835796 (avg=7.812267), loss=0.019382 (avg=0.028229), pairs_step=64008, pairs_total=2560436
[2026-03-01 16:09:56,602] INFO:fitness.free_loss_fidelity: RL4CO free-loss step 60/200: score=7.840236 (avg=7.812977), loss=0.004511 (avg=0.022513), pairs_step=64002, pairs_total=3840576
[2026-03-01 16:10:02,768] INFO:fitness.free_loss_fidelity: RL4CO free-loss step 80/200: score=7.828487 (avg=7.815213), loss=0.004006 (avg=0.018620), pairs_step=64004, pairs_total=5120678
[2026-03-01 16:10:08,941] INFO:fitness.free_loss_fidelity: RL4CO free-loss step 100/200: score=7.812487 (avg=7.820416), loss=0.002383 (avg=0.015351), pairs_step=64006, pairs_total=6400746
[2026-03-01 16:10:15,115] INFO:fitness.free_loss_fidelity: RL4CO free-loss step 120/200: score=7.818128 (avg=7.826342), loss=0.002065 (avg=0.013115), pairs_step=64003, pairs_total=7680812
[2026-03-01 16:10:21,273] INFO:fitness.free_loss_fidelity: RL4CO free-loss step 140/200: score=7.882246 (avg=7.830614), loss=0.000546 (avg=0.011344), pairs_step=64005, pairs_total=8960893
[2026-03-01 16:10:27,431] INFO:fitness.free_loss_fidelity: RL4CO free-loss step 160/200: score=7.843625 (avg=7.832805), loss=0.000317 (avg=0.009979), pairs_step=64000, pairs_total=10240928
[2026-03-01 16:10:33,589] INFO:fitness.free_loss_fidelity: RL4CO free-loss step 180/200: score=7.826503 (avg=7.833797), loss=0.000263 (avg=0.008919), pairs_step=64001, pairs_total=11520998
[2026-03-01 16:10:39,740] INFO:fitness.free_loss_fidelity: RL4CO free-loss step 200/200: score=7.865401 (avg=7.834136), loss=0.001150 (avg=0.008104), pairs_step=64003, pairs_total=12801068
