[2026-03-01 11:31:46,704] INFO:fitness.free_loss_fidelity: Stage3 offline mini-train start gen=8 pair_index=10 K=200 seed=12345 valid_sizes=[100] baseline_json=baseline/mini_eval/baseline_minitrain_tsp100_K200.json
[2026-03-01 11:31:46,727] INFO:fitness.free_loss_fidelity: RL4CO free-loss (step-mode): f1_steps=200, f2_steps=0, total_steps=200, train_problem_size=100, rollouts=100, batch_size=64, device=cuda:0, env=tsp
[2026-03-01 11:31:47,114] INFO:fitness.free_loss_fidelity: RL4CO free-loss step 1/200: score=36.122910 (avg=36.122910), loss=0.744074 (avg=0.744074), pairs_step=316800, pairs_total=316800
[2026-03-01 11:31:54,489] INFO:fitness.free_loss_fidelity: RL4CO free-loss step 20/200: score=9.852732 (avg=12.689641), loss=0.599435 (avg=0.609861), pairs_step=316799, pairs_total=6335997
[2026-03-01 11:32:02,231] INFO:fitness.free_loss_fidelity: RL4CO free-loss step 40/200: score=9.349258 (avg=11.084628), loss=0.604989 (avg=0.606630), pairs_step=316799, pairs_total=12671991
[2026-03-01 11:32:09,964] INFO:fitness.free_loss_fidelity: RL4CO free-loss step 60/200: score=9.113095 (avg=10.457758), loss=0.595118 (avg=0.603484), pairs_step=316800, pairs_total=19007987
[2026-03-01 11:32:17,724] INFO:fitness.free_loss_fidelity: RL4CO free-loss step 80/200: score=8.965693 (avg=10.097729), loss=0.594222 (avg=0.600248), pairs_step=316800, pairs_total=25343979
[2026-03-01 11:32:25,462] INFO:fitness.free_loss_fidelity: RL4CO free-loss step 100/200: score=8.862862 (avg=9.863496), loss=0.585693 (avg=0.598212), pairs_step=316799, pairs_total=31679970
[2026-03-01 11:32:33,207] INFO:fitness.free_loss_fidelity: RL4CO free-loss step 120/200: score=8.751740 (avg=9.692766), loss=0.589188 (avg=0.596924), pairs_step=316800, pairs_total=38015963
[2026-03-01 11:32:40,932] INFO:fitness.free_loss_fidelity: RL4CO free-loss step 140/200: score=8.737169 (avg=9.560324), loss=0.599910 (avg=0.596656), pairs_step=316800, pairs_total=44351956
[2026-03-01 11:32:48,699] INFO:fitness.free_loss_fidelity: RL4CO free-loss step 160/200: score=8.639132 (avg=9.449260), loss=0.602480 (avg=0.597024), pairs_step=316800, pairs_total=50687950
[2026-03-01 11:32:56,448] INFO:fitness.free_loss_fidelity: RL4CO free-loss step 180/200: score=8.567139 (avg=9.354940), loss=0.603242 (avg=0.597582), pairs_step=316800, pairs_total=57023949
[2026-03-01 11:33:04,012] INFO:fitness.free_loss_fidelity: RL4CO free-loss step 200/200: score=8.513161 (avg=9.272336), loss=0.605767 (avg=0.598258), pairs_step=316800, pairs_total=63359941
[2026-03-01 11:33:05,290] WARNING:fitness.free_loss_fidelity: weights_only checkpoint load failed (UnpicklingError); retrying weights_only=False for /data1/gushengda/eam-rl4co/baseline/epoch_135.ckpt
[2026-03-01 11:33:05,332] INFO:fitness.free_loss_fidelity: Loaded init checkpoint into policy: path=/data1/gushengda/eam-rl4co/baseline/epoch_135.ckpt prefix=policy. matched=97 missing=0 unexpected=0
[2026-03-01 11:33:05,338] INFO:fitness.free_loss_fidelity: RL4CO free-loss (step-mode): f1_steps=200, f2_steps=0, total_steps=200, train_problem_size=100, rollouts=100, batch_size=64, device=cuda:0, env=tsp
[2026-03-01 11:33:05,700] INFO:fitness.free_loss_fidelity: RL4CO free-loss step 1/200: score=7.803347 (avg=7.803347), loss=0.673542 (avg=0.673542), pairs_step=315697, pairs_total=315697
[2026-03-01 11:33:12,461] INFO:fitness.free_loss_fidelity: RL4CO free-loss step 20/200: score=7.778522 (avg=7.808974), loss=0.673595 (avg=0.672494), pairs_step=315667, pairs_total=6316573
[2026-03-01 11:33:19,585] INFO:fitness.free_loss_fidelity: RL4CO free-loss step 40/200: score=7.817552 (avg=7.803370), loss=0.675668 (avg=0.672795), pairs_step=316081, pairs_total=12633191
[2026-03-01 11:33:26,697] INFO:fitness.free_loss_fidelity: RL4CO free-loss step 60/200: score=7.816951 (avg=7.799581), loss=0.671557 (avg=0.673082), pairs_step=315564, pairs_total=18947149
[2026-03-01 11:33:33,832] INFO:fitness.free_loss_fidelity: RL4CO free-loss step 80/200: score=7.797928 (avg=7.797962), loss=0.672327 (avg=0.673219), pairs_step=315914, pairs_total=25261347
[2026-03-01 11:33:40,976] INFO:fitness.free_loss_fidelity: RL4CO free-loss step 100/200: score=7.755545 (avg=7.798690), loss=0.675867 (avg=0.673212), pairs_step=315533, pairs_total=31576234
[2026-03-01 11:33:48,088] INFO:fitness.free_loss_fidelity: RL4CO free-loss step 120/200: score=7.773726 (avg=7.800060), loss=0.673060 (avg=0.673226), pairs_step=315707, pairs_total=37888121
[2026-03-01 11:33:55,218] INFO:fitness.free_loss_fidelity: RL4CO free-loss step 140/200: score=7.835267 (avg=7.801129), loss=0.675759 (avg=0.673323), pairs_step=315183, pairs_total=44198904
[2026-03-01 11:34:02,348] INFO:fitness.free_loss_fidelity: RL4CO free-loss step 160/200: score=7.801798 (avg=7.800763), loss=0.675238 (avg=0.673381), pairs_step=315460, pairs_total=50512505
[2026-03-01 11:34:09,458] INFO:fitness.free_loss_fidelity: RL4CO free-loss step 180/200: score=7.784059 (avg=7.799560), loss=0.674244 (avg=0.673421), pairs_step=315762, pairs_total=56823295
[2026-03-01 11:34:16,587] INFO:fitness.free_loss_fidelity: RL4CO free-loss step 200/200: score=7.810285 (avg=7.798565), loss=0.670588 (avg=0.673488), pairs_step=315521, pairs_total=63135764
[2026-03-01 11:34:17,867] WARNING:fitness.free_loss_fidelity: weights_only checkpoint load failed (UnpicklingError); retrying weights_only=False for /data1/gushengda/eam-rl4co/baseline/epoch_409.ckpt
[2026-03-01 11:34:17,908] INFO:fitness.free_loss_fidelity: Loaded init checkpoint into policy: path=/data1/gushengda/eam-rl4co/baseline/epoch_409.ckpt prefix=policy. matched=97 missing=0 unexpected=0
[2026-03-01 11:34:17,914] INFO:fitness.free_loss_fidelity: RL4CO free-loss (step-mode): f1_steps=200, f2_steps=0, total_steps=200, train_problem_size=100, rollouts=100, batch_size=64, device=cuda:0, env=tsp
[2026-03-01 11:34:18,277] INFO:fitness.free_loss_fidelity: RL4CO free-loss step 1/200: score=7.807477 (avg=7.807477), loss=0.212649 (avg=0.212649), pairs_step=315750, pairs_total=315750
[2026-03-01 11:34:25,242] INFO:fitness.free_loss_fidelity: RL4CO free-loss step 20/200: score=7.784657 (avg=7.808487), loss=0.208692 (avg=0.210813), pairs_step=315938, pairs_total=6317853
[2026-03-01 11:34:32,357] INFO:fitness.free_loss_fidelity: RL4CO free-loss step 40/200: score=7.817463 (avg=7.802964), loss=0.204674 (avg=0.209228), pairs_step=316214, pairs_total=12635568
[2026-03-01 11:34:39,481] INFO:fitness.free_loss_fidelity: RL4CO free-loss step 60/200: score=7.815016 (avg=7.799054), loss=0.202727 (avg=0.207532), pairs_step=315579, pairs_total=18950318
[2026-03-01 11:34:46,588] INFO:fitness.free_loss_fidelity: RL4CO free-loss step 80/200: score=7.797914 (avg=7.797790), loss=0.221670 (avg=0.208536), pairs_step=315630, pairs_total=25264671
[2026-03-01 11:34:53,712] INFO:fitness.free_loss_fidelity: RL4CO free-loss step 100/200: score=7.756640 (avg=7.798639), loss=0.237662 (avg=0.212698), pairs_step=315700, pairs_total=31581366
[2026-03-01 11:35:00,832] INFO:fitness.free_loss_fidelity: RL4CO free-loss step 120/200: score=7.775100 (avg=7.800011), loss=0.213431 (avg=0.214496), pairs_step=315736, pairs_total=37895524
[2026-03-01 11:35:07,320] INFO:fitness.free_loss_fidelity: RL4CO free-loss step 140/200: score=7.822741 (avg=7.800624), loss=0.202501 (avg=0.213191), pairs_step=315531, pairs_total=44207927
[2026-03-01 11:35:13,624] INFO:fitness.free_loss_fidelity: RL4CO free-loss step 160/200: score=7.791249 (avg=7.799761), loss=0.216697 (avg=0.213216), pairs_step=315730, pairs_total=50520872
[2026-03-01 11:35:19,932] INFO:fitness.free_loss_fidelity: RL4CO free-loss step 180/200: score=7.788111 (avg=7.798526), loss=0.220496 (avg=0.213939), pairs_step=315302, pairs_total=56835081
[2026-03-01 11:35:26,235] INFO:fitness.free_loss_fidelity: RL4CO free-loss step 200/200: score=7.810629 (avg=7.797206), loss=0.213476 (avg=0.214593), pairs_step=315096, pairs_total=63147696
