[2026-03-01 10:52:34,884] INFO:fitness.free_loss_fidelity: Stage3 offline mini-train start gen=6 pair_index=17 K=200 seed=12345 valid_sizes=[100] baseline_json=baseline/mini_eval/baseline_minitrain_tsp100_K200.json
[2026-03-01 10:52:34,905] INFO:fitness.free_loss_fidelity: RL4CO free-loss (step-mode): f1_steps=200, f2_steps=0, total_steps=200, train_problem_size=100, rollouts=100, batch_size=64, device=cuda:0, env=tsp
[2026-03-01 10:52:35,223] INFO:fitness.free_loss_fidelity: RL4CO free-loss step 1/200: score=36.122910 (avg=36.122910), loss=5.675796 (avg=5.675796), pairs_step=316800, pairs_total=316800
[2026-03-01 10:52:41,097] INFO:fitness.free_loss_fidelity: RL4CO free-loss step 20/200: score=19.398260 (avg=17.073867), loss=1.989524 (avg=2.336456), pairs_step=316798, pairs_total=6335996
[2026-03-01 10:52:47,275] INFO:fitness.free_loss_fidelity: RL4CO free-loss step 40/200: score=22.916668 (avg=19.222982), loss=1.529253 (avg=2.086120), pairs_step=316800, pairs_total=12671990
[2026-03-01 10:52:53,451] INFO:fitness.free_loss_fidelity: RL4CO free-loss step 60/200: score=26.271725 (avg=21.131611), loss=1.511529 (avg=1.900222), pairs_step=316800, pairs_total=19007986
[2026-03-01 10:52:59,806] INFO:fitness.free_loss_fidelity: RL4CO free-loss step 80/200: score=28.156391 (avg=22.644688), loss=1.471793 (avg=1.800511), pairs_step=316800, pairs_total=25343983
[2026-03-01 10:53:05,976] INFO:fitness.free_loss_fidelity: RL4CO free-loss step 100/200: score=28.920750 (avg=23.804001), loss=1.459311 (avg=1.737212), pairs_step=316800, pairs_total=31679979
[2026-03-01 10:53:12,147] INFO:fitness.free_loss_fidelity: RL4CO free-loss step 120/200: score=29.360878 (avg=24.684075), loss=1.451154 (avg=1.689551), pairs_step=316800, pairs_total=38015975
[2026-03-01 10:53:18,316] INFO:fitness.free_loss_fidelity: RL4CO free-loss step 140/200: score=30.351936 (avg=25.419246), loss=1.453078 (avg=1.651757), pairs_step=316800, pairs_total=44351970
[2026-03-01 10:53:24,495] INFO:fitness.free_loss_fidelity: RL4CO free-loss step 160/200: score=32.674675 (avg=26.151858), loss=1.449822 (avg=1.622762), pairs_step=316800, pairs_total=50687958
[2026-03-01 10:53:30,664] INFO:fitness.free_loss_fidelity: RL4CO free-loss step 180/200: score=33.914013 (avg=26.933530), loss=1.378749 (avg=1.600891), pairs_step=316800, pairs_total=57023947
[2026-03-01 10:53:36,837] INFO:fitness.free_loss_fidelity: RL4CO free-loss step 200/200: score=35.388199 (avg=27.717675), loss=1.322879 (avg=1.573577), pairs_step=316800, pairs_total=63359942
[2026-03-01 10:53:37,938] WARNING:fitness.free_loss_fidelity: weights_only checkpoint load failed (UnpicklingError); retrying weights_only=False for /data1/gushengda/eam-rl4co/baseline/epoch_135.ckpt
[2026-03-01 10:53:37,974] INFO:fitness.free_loss_fidelity: Loaded init checkpoint into policy: path=/data1/gushengda/eam-rl4co/baseline/epoch_135.ckpt prefix=policy. matched=97 missing=0 unexpected=0
[2026-03-01 10:53:37,979] INFO:fitness.free_loss_fidelity: RL4CO free-loss (step-mode): f1_steps=200, f2_steps=0, total_steps=200, train_problem_size=100, rollouts=100, batch_size=64, device=cuda:0, env=tsp
[2026-03-01 10:53:38,298] INFO:fitness.free_loss_fidelity: RL4CO free-loss step 1/200: score=7.803347 (avg=7.803347), loss=1.308792 (avg=1.308792), pairs_step=315697, pairs_total=315697
[2026-03-01 10:53:44,170] INFO:fitness.free_loss_fidelity: RL4CO free-loss step 20/200: score=7.838161 (avg=7.830970), loss=0.572276 (avg=0.944635), pairs_step=316799, pairs_total=6329476
[2026-03-01 10:53:50,348] INFO:fitness.free_loss_fidelity: RL4CO free-loss step 40/200: score=9.654640 (avg=8.145752), loss=0.656799 (avg=0.759128), pairs_step=316800, pairs_total=12665473
[2026-03-01 10:53:56,514] INFO:fitness.free_loss_fidelity: RL4CO free-loss step 60/200: score=11.436808 (avg=9.053906), loss=0.618887 (avg=0.719247), pairs_step=316800, pairs_total=19001472
[2026-03-01 10:54:02,679] INFO:fitness.free_loss_fidelity: RL4CO free-loss step 80/200: score=17.650171 (avg=10.407087), loss=0.809450 (avg=0.721754), pairs_step=316800, pairs_total=25337472
[2026-03-01 10:54:08,853] INFO:fitness.free_loss_fidelity: RL4CO free-loss step 100/200: score=21.173334 (avg=12.213109), loss=0.681486 (avg=0.731318), pairs_step=316800, pairs_total=31673471
[2026-03-01 10:54:15,025] INFO:fitness.free_loss_fidelity: RL4CO free-loss step 120/200: score=26.010355 (avg=14.222401), loss=0.687046 (avg=0.722089), pairs_step=316800, pairs_total=38009470
[2026-03-01 10:54:21,206] INFO:fitness.free_loss_fidelity: RL4CO free-loss step 140/200: score=44.267311 (avg=17.266519), loss=0.803374 (avg=0.720233), pairs_step=316800, pairs_total=44345468
[2026-03-01 10:54:27,379] INFO:fitness.free_loss_fidelity: RL4CO free-loss step 160/200: score=45.290249 (avg=20.746731), loss=0.654003 (avg=0.721109), pairs_step=316799, pairs_total=50681465
[2026-03-01 10:54:33,566] INFO:fitness.free_loss_fidelity: RL4CO free-loss step 180/200: score=44.918785 (avg=23.456989), loss=0.620603 (avg=0.709932), pairs_step=316800, pairs_total=57017463
[2026-03-01 10:54:39,747] INFO:fitness.free_loss_fidelity: RL4CO free-loss step 200/200: score=45.469681 (avg=25.637150), loss=0.624188 (avg=0.703583), pairs_step=316799, pairs_total=63353457
[2026-03-01 10:54:40,847] WARNING:fitness.free_loss_fidelity: weights_only checkpoint load failed (UnpicklingError); retrying weights_only=False for /data1/gushengda/eam-rl4co/baseline/epoch_409.ckpt
[2026-03-01 10:54:40,883] INFO:fitness.free_loss_fidelity: Loaded init checkpoint into policy: path=/data1/gushengda/eam-rl4co/baseline/epoch_409.ckpt prefix=policy. matched=97 missing=0 unexpected=0
[2026-03-01 10:54:40,888] INFO:fitness.free_loss_fidelity: RL4CO free-loss (step-mode): f1_steps=200, f2_steps=0, total_steps=200, train_problem_size=100, rollouts=100, batch_size=64, device=cuda:0, env=tsp
[2026-03-01 10:54:41,201] INFO:fitness.free_loss_fidelity: RL4CO free-loss step 1/200: score=7.807477 (avg=7.807477), loss=0.326384 (avg=0.326384), pairs_step=315750, pairs_total=315750
[2026-03-01 10:54:47,063] INFO:fitness.free_loss_fidelity: RL4CO free-loss step 20/200: score=7.784610 (avg=7.809708), loss=0.342603 (avg=0.327321), pairs_step=316710, pairs_total=6325667
[2026-03-01 10:54:53,241] INFO:fitness.free_loss_fidelity: RL4CO free-loss step 40/200: score=7.924464 (avg=7.836770), loss=0.556363 (avg=0.571321), pairs_step=316800, pairs_total=12661509
[2026-03-01 10:54:59,414] INFO:fitness.free_loss_fidelity: RL4CO free-loss step 60/200: score=8.404068 (avg=7.924025), loss=0.775839 (avg=0.607723), pairs_step=316800, pairs_total=18997507
[2026-03-01 10:55:05,612] INFO:fitness.free_loss_fidelity: RL4CO free-loss step 80/200: score=8.789794 (avg=8.063710), loss=0.457633 (avg=0.579199), pairs_step=316800, pairs_total=25333507
[2026-03-01 10:55:11,786] INFO:fitness.free_loss_fidelity: RL4CO free-loss step 100/200: score=10.746284 (avg=8.332548), loss=0.511485 (avg=0.553314), pairs_step=316800, pairs_total=31669505
[2026-03-01 10:55:17,949] INFO:fitness.free_loss_fidelity: RL4CO free-loss step 120/200: score=11.910364 (avg=8.980067), loss=0.243566 (avg=0.518809), pairs_step=316800, pairs_total=38005502
[2026-03-01 10:55:24,117] INFO:fitness.free_loss_fidelity: RL4CO free-loss step 140/200: score=17.209604 (avg=9.680378), loss=0.302431 (avg=0.492403), pairs_step=316798, pairs_total=44341498
[2026-03-01 10:55:30,484] INFO:fitness.free_loss_fidelity: RL4CO free-loss step 160/200: score=28.245203 (avg=11.335391), loss=0.170793 (avg=0.459412), pairs_step=316800, pairs_total=50677493
[2026-03-01 10:55:36,665] INFO:fitness.free_loss_fidelity: RL4CO free-loss step 180/200: score=33.680737 (avg=13.572708), loss=0.134347 (avg=0.425097), pairs_step=316800, pairs_total=57013490
[2026-03-01 10:55:42,842] INFO:fitness.free_loss_fidelity: RL4CO free-loss step 200/200: score=35.574749 (avg=15.686105), loss=0.120341 (avg=0.395018), pairs_step=316800, pairs_total=63349487
