[2026-03-01 15:32:05,165] INFO:fitness.free_loss_fidelity: Stage3 offline mini-train start gen=15 pair_index=27 K=200 seed=12345 valid_sizes=[100] baseline_json=baseline/mini_eval/baseline_minitrain_tsp100_K200.json
[2026-03-01 15:32:05,187] INFO:fitness.free_loss_fidelity: RL4CO free-loss (step-mode): f1_steps=200, f2_steps=0, total_steps=200, train_problem_size=100, rollouts=100, batch_size=64, device=cuda:1, env=tsp
[2026-03-01 15:32:05,546] INFO:fitness.free_loss_fidelity: RL4CO free-loss step 1/200: score=36.122910 (avg=36.122910), loss=0.748179 (avg=0.748179), pairs_step=159213, pairs_total=159213
[2026-03-01 15:32:12,386] INFO:fitness.free_loss_fidelity: RL4CO free-loss step 20/200: score=10.014067 (avg=12.707292), loss=0.543401 (avg=0.564416), pairs_step=160352, pairs_total=3164929
[2026-03-01 15:32:19,602] INFO:fitness.free_loss_fidelity: RL4CO free-loss step 40/200: score=9.421827 (avg=11.138103), loss=0.555932 (avg=0.564097), pairs_step=159004, pairs_total=6327678
[2026-03-01 15:32:26,791] INFO:fitness.free_loss_fidelity: RL4CO free-loss step 60/200: score=9.156295 (avg=10.506373), loss=0.551942 (avg=0.561758), pairs_step=156289, pairs_total=9490043
[2026-03-01 15:32:33,380] INFO:fitness.free_loss_fidelity: RL4CO free-loss step 80/200: score=8.979959 (avg=10.148703), loss=0.535110 (avg=0.558065), pairs_step=158796, pairs_total=12657120
[2026-03-01 15:32:39,747] INFO:fitness.free_loss_fidelity: RL4CO free-loss step 100/200: score=8.859420 (avg=9.907143), loss=0.537479 (avg=0.555212), pairs_step=158746, pairs_total=15835550
[2026-03-01 15:32:46,114] INFO:fitness.free_loss_fidelity: RL4CO free-loss step 120/200: score=8.815660 (avg=9.734257), loss=0.537970 (avg=0.553253), pairs_step=158124, pairs_total=19005823
[2026-03-01 15:32:52,494] INFO:fitness.free_loss_fidelity: RL4CO free-loss step 140/200: score=8.765990 (avg=9.597101), loss=0.553069 (avg=0.552434), pairs_step=159462, pairs_total=22170843
[2026-03-01 15:32:58,859] INFO:fitness.free_loss_fidelity: RL4CO free-loss step 160/200: score=8.638454 (avg=9.482476), loss=0.562004 (avg=0.552636), pairs_step=157176, pairs_total=25335266
[2026-03-01 15:33:05,273] INFO:fitness.free_loss_fidelity: RL4CO free-loss step 180/200: score=8.557310 (avg=9.383474), loss=0.567032 (avg=0.553667), pairs_step=159520, pairs_total=28503969
[2026-03-01 15:33:11,656] INFO:fitness.free_loss_fidelity: RL4CO free-loss step 200/200: score=8.575953 (avg=9.300292), loss=0.571569 (avg=0.554900), pairs_step=159574, pairs_total=31675583
[2026-03-01 15:33:12,785] WARNING:fitness.free_loss_fidelity: weights_only checkpoint load failed (UnpicklingError); retrying weights_only=False for /data1/gushengda/eam-rl4co/baseline/epoch_135.ckpt
[2026-03-01 15:33:12,822] INFO:fitness.free_loss_fidelity: Loaded init checkpoint into policy: path=/data1/gushengda/eam-rl4co/baseline/epoch_135.ckpt prefix=policy. matched=97 missing=0 unexpected=0
[2026-03-01 15:33:12,827] INFO:fitness.free_loss_fidelity: RL4CO free-loss (step-mode): f1_steps=200, f2_steps=0, total_steps=200, train_problem_size=100, rollouts=100, batch_size=64, device=cuda:1, env=tsp
[2026-03-01 15:33:13,150] INFO:fitness.free_loss_fidelity: RL4CO free-loss step 1/200: score=7.803347 (avg=7.803347), loss=0.663759 (avg=0.663759), pairs_step=157875, pairs_total=157875
[2026-03-01 15:33:19,387] INFO:fitness.free_loss_fidelity: RL4CO free-loss step 20/200: score=7.781473 (avg=7.809882), loss=0.664649 (avg=0.663574), pairs_step=159890, pairs_total=3164636
[2026-03-01 15:33:25,762] INFO:fitness.free_loss_fidelity: RL4CO free-loss step 40/200: score=7.821235 (avg=7.803990), loss=0.667695 (avg=0.664137), pairs_step=154949, pairs_total=6324949
[2026-03-01 15:33:32,136] INFO:fitness.free_loss_fidelity: RL4CO free-loss step 60/200: score=7.813186 (avg=7.800259), loss=0.666138 (avg=0.664585), pairs_step=159527, pairs_total=9482070
[2026-03-01 15:33:38,503] INFO:fitness.free_loss_fidelity: RL4CO free-loss step 80/200: score=7.800747 (avg=7.799204), loss=0.658340 (avg=0.664254), pairs_step=158474, pairs_total=12633648
[2026-03-01 15:33:44,915] INFO:fitness.free_loss_fidelity: RL4CO free-loss step 100/200: score=7.756543 (avg=7.800078), loss=0.666708 (avg=0.664146), pairs_step=158714, pairs_total=15782394
[2026-03-01 15:33:51,309] INFO:fitness.free_loss_fidelity: RL4CO free-loss step 120/200: score=7.775717 (avg=7.801560), loss=0.662553 (avg=0.664410), pairs_step=156774, pairs_total=18936740
[2026-03-01 15:33:57,731] INFO:fitness.free_loss_fidelity: RL4CO free-loss step 140/200: score=7.836832 (avg=7.802668), loss=0.668341 (avg=0.664521), pairs_step=156493, pairs_total=22075055
[2026-03-01 15:34:04,138] INFO:fitness.free_loss_fidelity: RL4CO free-loss step 160/200: score=7.798845 (avg=7.802221), loss=0.663446 (avg=0.664679), pairs_step=157719, pairs_total=25233501
[2026-03-01 15:34:10,691] INFO:fitness.free_loss_fidelity: RL4CO free-loss step 180/200: score=7.785686 (avg=7.801314), loss=0.665933 (avg=0.664856), pairs_step=157438, pairs_total=28387671
[2026-03-01 15:34:17,171] INFO:fitness.free_loss_fidelity: RL4CO free-loss step 200/200: score=7.810002 (avg=7.800247), loss=0.664154 (avg=0.664975), pairs_step=158746, pairs_total=31542896
[2026-03-01 15:34:18,308] WARNING:fitness.free_loss_fidelity: weights_only checkpoint load failed (UnpicklingError); retrying weights_only=False for /data1/gushengda/eam-rl4co/baseline/epoch_409.ckpt
[2026-03-01 15:34:18,345] INFO:fitness.free_loss_fidelity: Loaded init checkpoint into policy: path=/data1/gushengda/eam-rl4co/baseline/epoch_409.ckpt prefix=policy. matched=97 missing=0 unexpected=0
[2026-03-01 15:34:18,351] INFO:fitness.free_loss_fidelity: RL4CO free-loss (step-mode): f1_steps=200, f2_steps=0, total_steps=200, train_problem_size=100, rollouts=100, batch_size=64, device=cuda:1, env=tsp
[2026-03-01 15:34:18,693] INFO:fitness.free_loss_fidelity: RL4CO free-loss step 1/200: score=7.807477 (avg=7.807477), loss=0.107652 (avg=0.107652), pairs_step=158679, pairs_total=158679
[2026-03-01 15:34:24,757] INFO:fitness.free_loss_fidelity: RL4CO free-loss step 20/200: score=7.777643 (avg=7.808945), loss=0.101498 (avg=0.103163), pairs_step=159596, pairs_total=3166522
[2026-03-01 15:34:31,150] INFO:fitness.free_loss_fidelity: RL4CO free-loss step 40/200: score=7.813004 (avg=7.802468), loss=0.102078 (avg=0.102351), pairs_step=157469, pairs_total=6323119
[2026-03-01 15:34:37,543] INFO:fitness.free_loss_fidelity: RL4CO free-loss step 60/200: score=7.814444 (avg=7.799137), loss=0.101489 (avg=0.100473), pairs_step=157618, pairs_total=9481737
[2026-03-01 15:34:43,969] INFO:fitness.free_loss_fidelity: RL4CO free-loss step 80/200: score=7.802999 (avg=7.797929), loss=0.094489 (avg=0.099514), pairs_step=159328, pairs_total=12643899
[2026-03-01 15:34:50,350] INFO:fitness.free_loss_fidelity: RL4CO free-loss step 100/200: score=7.759796 (avg=7.798696), loss=0.096345 (avg=0.099050), pairs_step=159903, pairs_total=15803675
[2026-03-01 15:34:56,743] INFO:fitness.free_loss_fidelity: RL4CO free-loss step 120/200: score=7.772730 (avg=7.800538), loss=0.098163 (avg=0.099112), pairs_step=157934, pairs_total=18960021
[2026-03-01 15:35:03,140] INFO:fitness.free_loss_fidelity: RL4CO free-loss step 140/200: score=7.831107 (avg=7.801820), loss=0.102969 (avg=0.099412), pairs_step=156362, pairs_total=22125516
[2026-03-01 15:35:09,503] INFO:fitness.free_loss_fidelity: RL4CO free-loss step 160/200: score=7.796196 (avg=7.801272), loss=0.103774 (avg=0.100006), pairs_step=159569, pairs_total=25289558
[2026-03-01 15:35:15,886] INFO:fitness.free_loss_fidelity: RL4CO free-loss step 180/200: score=7.783453 (avg=7.800145), loss=0.094113 (avg=0.099503), pairs_step=158570, pairs_total=28450377
[2026-03-01 15:35:22,285] INFO:fitness.free_loss_fidelity: RL4CO free-loss step 200/200: score=7.813947 (avg=7.799025), loss=0.091598 (avg=0.099082), pairs_step=156697, pairs_total=31608760
