[2026-03-01 11:59:30,473] INFO:fitness.free_loss_fidelity: Stage3 offline mini-train start gen=9 pair_index=6 K=200 seed=12345 valid_sizes=[100] baseline_json=baseline/mini_eval/baseline_minitrain_tsp100_K200.json
[2026-03-01 11:59:30,492] INFO:fitness.free_loss_fidelity: RL4CO free-loss (step-mode): f1_steps=200, f2_steps=0, total_steps=200, train_problem_size=100, rollouts=100, batch_size=64, device=cuda:0, env=tsp
[2026-03-01 11:59:30,823] INFO:fitness.free_loss_fidelity: RL4CO free-loss step 1/200: score=36.122910 (avg=36.122910), loss=0.781122 (avg=0.781122), pairs_step=316800, pairs_total=316800
[2026-03-01 11:59:37,106] INFO:fitness.free_loss_fidelity: RL4CO free-loss step 20/200: score=9.917200 (avg=12.689786), loss=0.613583 (avg=0.627703), pairs_step=316800, pairs_total=6335999
[2026-03-01 11:59:43,715] INFO:fitness.free_loss_fidelity: RL4CO free-loss step 40/200: score=9.321446 (avg=11.095074), loss=0.617841 (avg=0.621678), pairs_step=316800, pairs_total=12671995
[2026-03-01 11:59:50,336] INFO:fitness.free_loss_fidelity: RL4CO free-loss step 60/200: score=9.165795 (avg=10.467076), loss=0.601475 (avg=0.617506), pairs_step=316800, pairs_total=19007993
[2026-03-01 11:59:56,974] INFO:fitness.free_loss_fidelity: RL4CO free-loss step 80/200: score=8.958582 (avg=10.109534), loss=0.603045 (avg=0.613656), pairs_step=316800, pairs_total=25343991
[2026-03-01 12:00:03,590] INFO:fitness.free_loss_fidelity: RL4CO free-loss step 100/200: score=8.882069 (avg=9.874067), loss=0.603842 (avg=0.611398), pairs_step=316800, pairs_total=31679988
[2026-03-01 12:00:10,143] INFO:fitness.free_loss_fidelity: RL4CO free-loss step 120/200: score=8.785782 (avg=9.705454), loss=0.611372 (avg=0.610363), pairs_step=316800, pairs_total=38015984
[2026-03-01 12:00:16,716] INFO:fitness.free_loss_fidelity: RL4CO free-loss step 140/200: score=8.765805 (avg=9.573418), loss=0.610344 (avg=0.609732), pairs_step=316800, pairs_total=44351981
[2026-03-01 12:00:23,413] INFO:fitness.free_loss_fidelity: RL4CO free-loss step 160/200: score=8.636450 (avg=9.461651), loss=0.610974 (avg=0.609735), pairs_step=316800, pairs_total=50687977
[2026-03-01 12:00:30,057] INFO:fitness.free_loss_fidelity: RL4CO free-loss step 180/200: score=8.590425 (avg=9.366910), loss=0.616744 (avg=0.610077), pairs_step=316799, pairs_total=57023971
[2026-03-01 12:00:36,655] INFO:fitness.free_loss_fidelity: RL4CO free-loss step 200/200: score=8.547043 (avg=9.285435), loss=0.616360 (avg=0.610641), pairs_step=316800, pairs_total=63359962
[2026-03-01 12:00:37,751] WARNING:fitness.free_loss_fidelity: weights_only checkpoint load failed (UnpicklingError); retrying weights_only=False for /data1/gushengda/eam-rl4co/baseline/epoch_135.ckpt
[2026-03-01 12:00:37,788] INFO:fitness.free_loss_fidelity: Loaded init checkpoint into policy: path=/data1/gushengda/eam-rl4co/baseline/epoch_135.ckpt prefix=policy. matched=97 missing=0 unexpected=0
[2026-03-01 12:00:37,793] INFO:fitness.free_loss_fidelity: RL4CO free-loss (step-mode): f1_steps=200, f2_steps=0, total_steps=200, train_problem_size=100, rollouts=100, batch_size=64, device=cuda:0, env=tsp
[2026-03-01 12:00:38,136] INFO:fitness.free_loss_fidelity: RL4CO free-loss step 1/200: score=7.803347 (avg=7.803347), loss=0.677442 (avg=0.677442), pairs_step=315697, pairs_total=315697
[2026-03-01 12:00:44,394] INFO:fitness.free_loss_fidelity: RL4CO free-loss step 20/200: score=7.776115 (avg=7.808667), loss=0.678634 (avg=0.677022), pairs_step=315911, pairs_total=6317327
[2026-03-01 12:00:50,970] INFO:fitness.free_loss_fidelity: RL4CO free-loss step 40/200: score=7.818446 (avg=7.802675), loss=0.678357 (avg=0.677151), pairs_step=315677, pairs_total=12631584
[2026-03-01 12:00:57,511] INFO:fitness.free_loss_fidelity: RL4CO free-loss step 60/200: score=7.814534 (avg=7.799282), loss=0.679435 (avg=0.677064), pairs_step=315703, pairs_total=18946414
[2026-03-01 12:01:04,068] INFO:fitness.free_loss_fidelity: RL4CO free-loss step 80/200: score=7.794541 (avg=7.798035), loss=0.675754 (avg=0.676955), pairs_step=315828, pairs_total=25259640
[2026-03-01 12:01:10,658] INFO:fitness.free_loss_fidelity: RL4CO free-loss step 100/200: score=7.758000 (avg=7.798864), loss=0.678319 (avg=0.677157), pairs_step=315599, pairs_total=31574163
[2026-03-01 12:01:17,222] INFO:fitness.free_loss_fidelity: RL4CO free-loss step 120/200: score=7.773691 (avg=7.800322), loss=0.676828 (avg=0.677231), pairs_step=315535, pairs_total=37886402
[2026-03-01 12:01:23,769] INFO:fitness.free_loss_fidelity: RL4CO free-loss step 140/200: score=7.826306 (avg=7.801111), loss=0.677621 (avg=0.677244), pairs_step=315153, pairs_total=44197560
[2026-03-01 12:01:30,342] INFO:fitness.free_loss_fidelity: RL4CO free-loss step 160/200: score=7.792344 (avg=7.800585), loss=0.677073 (avg=0.677220), pairs_step=315764, pairs_total=50508669
[2026-03-01 12:01:36,943] INFO:fitness.free_loss_fidelity: RL4CO free-loss step 180/200: score=7.783475 (avg=7.799264), loss=0.677228 (avg=0.677197), pairs_step=315125, pairs_total=56820819
[2026-03-01 12:01:43,483] INFO:fitness.free_loss_fidelity: RL4CO free-loss step 200/200: score=7.809629 (avg=7.798215), loss=0.674676 (avg=0.677196), pairs_step=315377, pairs_total=63132167
[2026-03-01 12:01:44,582] WARNING:fitness.free_loss_fidelity: weights_only checkpoint load failed (UnpicklingError); retrying weights_only=False for /data1/gushengda/eam-rl4co/baseline/epoch_409.ckpt
[2026-03-01 12:01:44,618] INFO:fitness.free_loss_fidelity: Loaded init checkpoint into policy: path=/data1/gushengda/eam-rl4co/baseline/epoch_409.ckpt prefix=policy. matched=97 missing=0 unexpected=0
[2026-03-01 12:01:44,623] INFO:fitness.free_loss_fidelity: RL4CO free-loss (step-mode): f1_steps=200, f2_steps=0, total_steps=200, train_problem_size=100, rollouts=100, batch_size=64, device=cuda:0, env=tsp
[2026-03-01 12:01:45,000] INFO:fitness.free_loss_fidelity: RL4CO free-loss step 1/200: score=7.807477 (avg=7.807477), loss=0.222938 (avg=0.222938), pairs_step=315750, pairs_total=315750
[2026-03-01 12:01:51,467] INFO:fitness.free_loss_fidelity: RL4CO free-loss step 20/200: score=7.779030 (avg=7.806511), loss=0.219358 (avg=0.220578), pairs_step=315803, pairs_total=6318599
[2026-03-01 12:01:58,033] INFO:fitness.free_loss_fidelity: RL4CO free-loss step 40/200: score=7.815139 (avg=7.801211), loss=0.218639 (avg=0.220203), pairs_step=316068, pairs_total=12637186
[2026-03-01 12:02:04,618] INFO:fitness.free_loss_fidelity: RL4CO free-loss step 60/200: score=7.813091 (avg=7.797592), loss=0.216176 (avg=0.217579), pairs_step=315909, pairs_total=18953464
[2026-03-01 12:02:11,172] INFO:fitness.free_loss_fidelity: RL4CO free-loss step 80/200: score=7.790838 (avg=7.796196), loss=0.229792 (avg=0.218905), pairs_step=315802, pairs_total=25268883
[2026-03-01 12:02:17,720] INFO:fitness.free_loss_fidelity: RL4CO free-loss step 100/200: score=7.753962 (avg=7.796886), loss=0.217761 (avg=0.220493), pairs_step=315977, pairs_total=31586148
[2026-03-01 12:02:24,335] INFO:fitness.free_loss_fidelity: RL4CO free-loss step 120/200: score=7.773857 (avg=7.798387), loss=0.205313 (avg=0.218622), pairs_step=315923, pairs_total=37902238
[2026-03-01 12:02:30,908] INFO:fitness.free_loss_fidelity: RL4CO free-loss step 140/200: score=7.824606 (avg=7.799313), loss=0.209145 (avg=0.217429), pairs_step=315590, pairs_total=44217011
[2026-03-01 12:02:37,452] INFO:fitness.free_loss_fidelity: RL4CO free-loss step 160/200: score=7.795313 (avg=7.798698), loss=0.213642 (avg=0.216945), pairs_step=315861, pairs_total=50532108
[2026-03-01 12:02:44,049] INFO:fitness.free_loss_fidelity: RL4CO free-loss step 180/200: score=7.784939 (avg=7.797426), loss=0.205248 (avg=0.216061), pairs_step=314936, pairs_total=56847869
[2026-03-01 12:02:50,615] INFO:fitness.free_loss_fidelity: RL4CO free-loss step 200/200: score=7.814172 (avg=7.796196), loss=0.216828 (avg=0.215832), pairs_step=315515, pairs_total=63163873
