[2026-02-28 16:50:40,876] INFO:fitness.free_loss_fidelity: Stage3 offline mini-train start gen=1 pair_index=8 K=200 seed=12345 valid_sizes=[20, 100] baseline_json=baseline/mini_eval/baseline_minitrain_tsp100_K200.json
[2026-02-28 16:50:40,898] INFO:fitness.free_loss_fidelity: RL4CO free-loss (step-mode): f1_steps=200, f2_steps=0, total_steps=200, train_problem_size=100, rollouts=20, batch_size=64, device=cuda:0, env=tsp
[2026-02-28 16:50:41,227] INFO:fitness.free_loss_fidelity: RL4CO free-loss step 1/200: score=36.626595 (avg=36.626595), loss=9407.265625 (avg=9407.265625), pairs_step=12160, pairs_total=12160
[2026-02-28 16:50:46,594] INFO:fitness.free_loss_fidelity: RL4CO free-loss step 20/200: score=10.431870 (avg=13.427587), loss=8531.457031 (avg=8693.945654), pairs_step=12160, pairs_total=243200
[2026-02-28 16:50:52,274] INFO:fitness.free_loss_fidelity: RL4CO free-loss step 40/200: score=10.230347 (avg=11.797927), loss=8523.781250 (avg=8607.373193), pairs_step=12160, pairs_total=486400
[2026-02-28 16:50:58,003] INFO:fitness.free_loss_fidelity: RL4CO free-loss step 60/200: score=9.796358 (avg=11.195440), loss=8534.402344 (avg=8581.893620), pairs_step=12160, pairs_total=729600
[2026-02-28 16:51:03,663] INFO:fitness.free_loss_fidelity: RL4CO free-loss step 80/200: score=9.553658 (avg=10.835178), loss=8583.259766 (avg=8565.181580), pairs_step=12160, pairs_total=972800
[2026-02-28 16:51:09,314] INFO:fitness.free_loss_fidelity: RL4CO free-loss step 100/200: score=9.602329 (avg=10.592426), loss=8473.296875 (avg=8554.209336), pairs_step=12160, pairs_total=1215999
[2026-02-28 16:51:14,986] INFO:fitness.free_loss_fidelity: RL4CO free-loss step 120/200: score=9.617406 (avg=10.433855), loss=8497.166016 (avg=8545.161849), pairs_step=12160, pairs_total=1459199
[2026-02-28 16:51:20,607] INFO:fitness.free_loss_fidelity: RL4CO free-loss step 140/200: score=9.584262 (avg=10.314709), loss=8526.042969 (avg=8536.946749), pairs_step=12160, pairs_total=1702399
[2026-02-28 16:51:26,311] INFO:fitness.free_loss_fidelity: RL4CO free-loss step 160/200: score=9.466178 (avg=10.215449), loss=8484.527344 (avg=8529.828326), pairs_step=12160, pairs_total=1945599
[2026-02-28 16:51:32,008] INFO:fitness.free_loss_fidelity: RL4CO free-loss step 180/200: score=9.371072 (avg=10.132266), loss=8465.218750 (avg=8524.240685), pairs_step=12160, pairs_total=2188799
[2026-02-28 16:51:37,718] INFO:fitness.free_loss_fidelity: RL4CO free-loss step 200/200: score=9.430408 (avg=10.063134), loss=8490.536133 (avg=8519.214805), pairs_step=12160, pairs_total=2431999
[2026-02-28 16:51:38,995] WARNING:fitness.free_loss_fidelity: weights_only checkpoint load failed (UnpicklingError); retrying weights_only=False for /data1/gushengda/eam-rl4co/baseline/epoch_135.ckpt
[2026-02-28 16:51:39,048] INFO:fitness.free_loss_fidelity: Loaded init checkpoint into policy: path=/data1/gushengda/eam-rl4co/baseline/epoch_135.ckpt prefix=policy. matched=97 missing=0 unexpected=0
[2026-02-28 16:51:39,057] INFO:fitness.free_loss_fidelity: RL4CO free-loss (step-mode): f1_steps=200, f2_steps=0, total_steps=200, train_problem_size=100, rollouts=20, batch_size=64, device=cuda:0, env=tsp
[2026-02-28 16:51:39,401] INFO:fitness.free_loss_fidelity: RL4CO free-loss step 1/200: score=7.825121 (avg=7.825121), loss=8408.878906 (avg=8408.878906), pairs_step=12151, pairs_total=12151
[2026-02-28 16:51:44,806] INFO:fitness.free_loss_fidelity: RL4CO free-loss step 20/200: score=7.817859 (avg=7.844953), loss=8422.718750 (avg=8423.247559), pairs_step=12157, pairs_total=243087
[2026-02-28 16:51:50,479] INFO:fitness.free_loss_fidelity: RL4CO free-loss step 40/200: score=7.860090 (avg=7.844065), loss=8409.771484 (avg=8425.238184), pairs_step=12154, pairs_total=486187
[2026-02-28 16:51:56,179] INFO:fitness.free_loss_fidelity: RL4CO free-loss step 60/200: score=7.863996 (avg=7.841511), loss=8798.033203 (avg=8488.217057), pairs_step=12157, pairs_total=729326
[2026-02-28 16:52:01,874] INFO:fitness.free_loss_fidelity: RL4CO free-loss step 80/200: score=7.863406 (avg=7.843049), loss=8902.504883 (avg=8568.941833), pairs_step=12160, pairs_total=972499
[2026-02-28 16:52:07,497] INFO:fitness.free_loss_fidelity: RL4CO free-loss step 100/200: score=7.834153 (avg=7.849579), loss=9085.388672 (avg=8658.396621), pairs_step=12160, pairs_total=1215689
[2026-02-28 16:52:13,136] INFO:fitness.free_loss_fidelity: RL4CO free-loss step 120/200: score=7.862863 (avg=7.856857), loss=9081.210938 (avg=8726.471794), pairs_step=12160, pairs_total=1458884
[2026-02-28 16:52:18,816] INFO:fitness.free_loss_fidelity: RL4CO free-loss step 140/200: score=7.946076 (avg=7.864542), loss=9189.813477 (avg=8788.663574), pairs_step=12160, pairs_total=1702084
[2026-02-28 16:52:24,431] INFO:fitness.free_loss_fidelity: RL4CO free-loss step 160/200: score=8.069004 (avg=7.876629), loss=9640.563477 (avg=8856.275110), pairs_step=12160, pairs_total=1945284
[2026-02-28 16:52:30,050] INFO:fitness.free_loss_fidelity: RL4CO free-loss step 180/200: score=8.657572 (avg=7.925032), loss=9501.843750 (avg=8931.998155), pairs_step=12160, pairs_total=2188484
[2026-02-28 16:52:35,735] INFO:fitness.free_loss_fidelity: RL4CO free-loss step 200/200: score=9.346331 (avg=8.036932), loss=9519.285156 (avg=8985.735776), pairs_step=12160, pairs_total=2431684
[2026-02-28 16:52:37,040] WARNING:fitness.free_loss_fidelity: weights_only checkpoint load failed (UnpicklingError); retrying weights_only=False for /data1/gushengda/eam-rl4co/baseline/epoch_409.ckpt
[2026-02-28 16:52:37,077] INFO:fitness.free_loss_fidelity: Loaded init checkpoint into policy: path=/data1/gushengda/eam-rl4co/baseline/epoch_409.ckpt prefix=policy. matched=97 missing=0 unexpected=0
[2026-02-28 16:52:37,081] INFO:fitness.free_loss_fidelity: RL4CO free-loss (step-mode): f1_steps=200, f2_steps=0, total_steps=200, train_problem_size=100, rollouts=20, batch_size=64, device=cuda:0, env=tsp
[2026-02-28 16:52:37,415] INFO:fitness.free_loss_fidelity: RL4CO free-loss step 1/200: score=7.826895 (avg=7.826895), loss=9278.333008 (avg=9278.333008), pairs_step=12149, pairs_total=12149
[2026-02-28 16:52:42,971] INFO:fitness.free_loss_fidelity: RL4CO free-loss step 20/200: score=7.818151 (avg=7.841629), loss=10221.074219 (avg=9787.522559), pairs_step=12152, pairs_total=243103
[2026-02-28 16:52:48,602] INFO:fitness.free_loss_fidelity: RL4CO free-loss step 40/200: score=7.856338 (avg=7.841451), loss=9897.551758 (avg=9884.164917), pairs_step=12158, pairs_total=486199
[2026-02-28 16:52:54,226] INFO:fitness.free_loss_fidelity: RL4CO free-loss step 60/200: score=7.850771 (avg=7.838681), loss=10886.048828 (avg=10073.933040), pairs_step=12154, pairs_total=729312
[2026-02-28 16:52:59,898] INFO:fitness.free_loss_fidelity: RL4CO free-loss step 80/200: score=7.835286 (avg=7.836634), loss=10374.612305 (avg=10238.585632), pairs_step=12159, pairs_total=972418
[2026-02-28 16:53:05,571] INFO:fitness.free_loss_fidelity: RL4CO free-loss step 100/200: score=7.789220 (avg=7.836726), loss=10190.863281 (avg=10218.465117), pairs_step=12156, pairs_total=1215539
[2026-02-28 16:53:11,195] INFO:fitness.free_loss_fidelity: RL4CO free-loss step 120/200: score=7.814547 (avg=7.838467), loss=10377.320312 (avg=10218.531803), pairs_step=12159, pairs_total=1458697
[2026-02-28 16:53:16,795] INFO:fitness.free_loss_fidelity: RL4CO free-loss step 140/200: score=7.879940 (avg=7.840754), loss=10397.511719 (avg=10241.334389), pairs_step=12160, pairs_total=1701876
[2026-02-28 16:53:22,392] INFO:fitness.free_loss_fidelity: RL4CO free-loss step 160/200: score=7.858797 (avg=7.842173), loss=10282.947266 (avg=10247.888507), pairs_step=12160, pairs_total=1945062
[2026-02-28 16:53:28,011] INFO:fitness.free_loss_fidelity: RL4CO free-loss step 180/200: score=7.858685 (avg=7.844061), loss=10760.490234 (avg=10291.344249), pairs_step=12160, pairs_total=2188256
[2026-02-28 16:53:33,628] INFO:fitness.free_loss_fidelity: RL4CO free-loss step 200/200: score=7.944750 (avg=7.849337), loss=11029.652344 (avg=10349.279492), pairs_step=12160, pairs_total=2431456
