[2026-02-28 17:27:10,568] INFO:fitness.free_loss_fidelity: Stage3 offline mini-train start gen=3 pair_index=19 K=200 seed=12345 valid_sizes=[20, 100] baseline_json=baseline/mini_eval/baseline_minitrain_tsp100_K200.json
[2026-02-28 17:27:10,589] INFO:fitness.free_loss_fidelity: RL4CO free-loss (step-mode): f1_steps=200, f2_steps=0, total_steps=200, train_problem_size=100, rollouts=20, batch_size=64, device=cuda:0, env=tsp
[2026-02-28 17:27:10,935] INFO:fitness.free_loss_fidelity: RL4CO free-loss step 1/200: score=36.626595 (avg=36.626595), loss=10745.717773 (avg=10745.717773), pairs_step=12160, pairs_total=12160
[2026-02-28 17:27:16,432] INFO:fitness.free_loss_fidelity: RL4CO free-loss step 20/200: score=10.485176 (avg=13.547012), loss=7821.355957 (avg=7937.177710), pairs_step=12160, pairs_total=243200
[2026-02-28 17:27:22,215] INFO:fitness.free_loss_fidelity: RL4CO free-loss step 40/200: score=9.991016 (avg=11.851844), loss=7468.998535 (avg=7702.426111), pairs_step=12160, pairs_total=486400
[2026-02-28 17:27:28,012] INFO:fitness.free_loss_fidelity: RL4CO free-loss step 60/200: score=9.792694 (avg=11.203120), loss=7372.955078 (avg=7542.369523), pairs_step=12160, pairs_total=729600
[2026-02-28 17:27:33,838] INFO:fitness.free_loss_fidelity: RL4CO free-loss step 80/200: score=9.598926 (avg=10.818655), loss=7115.947754 (avg=7491.035406), pairs_step=12160, pairs_total=972800
[2026-02-28 17:27:39,617] INFO:fitness.free_loss_fidelity: RL4CO free-loss step 100/200: score=9.390729 (avg=10.569315), loss=7398.542480 (avg=7425.817183), pairs_step=12160, pairs_total=1216000
[2026-02-28 17:27:46,102] INFO:fitness.free_loss_fidelity: RL4CO free-loss step 120/200: score=9.414337 (avg=10.385678), loss=7120.779297 (avg=7386.672343), pairs_step=12160, pairs_total=1459200
[2026-02-28 17:27:52,559] INFO:fitness.free_loss_fidelity: RL4CO free-loss step 140/200: score=9.370178 (avg=10.248638), loss=6998.126465 (avg=7353.059943), pairs_step=12160, pairs_total=1702400
[2026-02-28 17:27:58,998] INFO:fitness.free_loss_fidelity: RL4CO free-loss step 160/200: score=9.372465 (avg=10.138944), loss=6958.815430 (avg=7313.199039), pairs_step=12160, pairs_total=1945600
[2026-02-28 17:28:05,449] INFO:fitness.free_loss_fidelity: RL4CO free-loss step 180/200: score=9.296705 (avg=10.049701), loss=7415.391602 (avg=7295.775480), pairs_step=12160, pairs_total=2188800
[2026-02-28 17:28:11,902] INFO:fitness.free_loss_fidelity: RL4CO free-loss step 200/200: score=9.291412 (avg=9.975355), loss=7041.192871 (avg=7283.205605), pairs_step=12160, pairs_total=2432000
[2026-02-28 17:28:13,139] WARNING:fitness.free_loss_fidelity: weights_only checkpoint load failed (UnpicklingError); retrying weights_only=False for /data1/gushengda/eam-rl4co/baseline/epoch_135.ckpt
[2026-02-28 17:28:13,180] INFO:fitness.free_loss_fidelity: Loaded init checkpoint into policy: path=/data1/gushengda/eam-rl4co/baseline/epoch_135.ckpt prefix=policy. matched=97 missing=0 unexpected=0
[2026-02-28 17:28:13,185] INFO:fitness.free_loss_fidelity: RL4CO free-loss (step-mode): f1_steps=200, f2_steps=0, total_steps=200, train_problem_size=100, rollouts=20, batch_size=64, device=cuda:0, env=tsp
[2026-02-28 17:28:13,559] INFO:fitness.free_loss_fidelity: RL4CO free-loss step 1/200: score=7.825121 (avg=7.825121), loss=8761.427734 (avg=8761.427734), pairs_step=12151, pairs_total=12151
[2026-02-28 17:28:19,695] INFO:fitness.free_loss_fidelity: RL4CO free-loss step 20/200: score=7.815707 (avg=7.843975), loss=8674.134766 (avg=8605.173047), pairs_step=12155, pairs_total=243063
[2026-02-28 17:28:26,133] INFO:fitness.free_loss_fidelity: RL4CO free-loss step 40/200: score=7.852715 (avg=7.838662), loss=8793.657227 (avg=8646.335449), pairs_step=12148, pairs_total=486133
[2026-02-28 17:28:32,566] INFO:fitness.free_loss_fidelity: RL4CO free-loss step 60/200: score=7.851213 (avg=7.837074), loss=8834.285156 (avg=8676.986898), pairs_step=12152, pairs_total=729251
[2026-02-28 17:28:38,997] INFO:fitness.free_loss_fidelity: RL4CO free-loss step 80/200: score=7.842548 (avg=7.836396), loss=8631.448242 (avg=8691.453931), pairs_step=12148, pairs_total=972348
[2026-02-28 17:28:45,629] INFO:fitness.free_loss_fidelity: RL4CO free-loss step 100/200: score=7.805402 (avg=7.837689), loss=8717.148438 (avg=8693.947139), pairs_step=12154, pairs_total=1215455
[2026-02-28 17:28:52,082] INFO:fitness.free_loss_fidelity: RL4CO free-loss step 120/200: score=7.814036 (avg=7.840571), loss=8644.246094 (avg=8694.920207), pairs_step=12156, pairs_total=1458563
[2026-02-28 17:28:58,509] INFO:fitness.free_loss_fidelity: RL4CO free-loss step 140/200: score=7.866239 (avg=7.842016), loss=8684.042969 (avg=8699.161600), pairs_step=12156, pairs_total=1701669
[2026-02-28 17:29:04,954] INFO:fitness.free_loss_fidelity: RL4CO free-loss step 160/200: score=7.833953 (avg=7.841768), loss=8620.224609 (avg=8700.847986), pairs_step=12149, pairs_total=1944768
[2026-02-28 17:29:11,400] INFO:fitness.free_loss_fidelity: RL4CO free-loss step 180/200: score=7.827192 (avg=7.840901), loss=8669.480469 (avg=8703.668245), pairs_step=12154, pairs_total=2187903
[2026-02-28 17:29:17,831] INFO:fitness.free_loss_fidelity: RL4CO free-loss step 200/200: score=7.857570 (avg=7.840221), loss=8669.627930 (avg=8706.410166), pairs_step=12156, pairs_total=2431015
[2026-02-28 17:29:19,066] WARNING:fitness.free_loss_fidelity: weights_only checkpoint load failed (UnpicklingError); retrying weights_only=False for /data1/gushengda/eam-rl4co/baseline/epoch_409.ckpt
[2026-02-28 17:29:19,104] INFO:fitness.free_loss_fidelity: Loaded init checkpoint into policy: path=/data1/gushengda/eam-rl4co/baseline/epoch_409.ckpt prefix=policy. matched=97 missing=0 unexpected=0
[2026-02-28 17:29:19,109] INFO:fitness.free_loss_fidelity: RL4CO free-loss (step-mode): f1_steps=200, f2_steps=0, total_steps=200, train_problem_size=100, rollouts=20, batch_size=64, device=cuda:0, env=tsp
[2026-02-28 17:29:19,484] INFO:fitness.free_loss_fidelity: RL4CO free-loss step 1/200: score=7.826895 (avg=7.826895), loss=2435.874023 (avg=2435.874023), pairs_step=12149, pairs_total=12149
[2026-02-28 17:29:25,596] INFO:fitness.free_loss_fidelity: RL4CO free-loss step 20/200: score=7.815997 (avg=7.839895), loss=2162.708008 (avg=2261.619165), pairs_step=12158, pairs_total=243081
[2026-02-28 17:29:32,060] INFO:fitness.free_loss_fidelity: RL4CO free-loss step 40/200: score=7.856775 (avg=7.838668), loss=2322.520264 (avg=2292.828497), pairs_step=12150, pairs_total=486190
[2026-02-28 17:29:38,496] INFO:fitness.free_loss_fidelity: RL4CO free-loss step 60/200: score=7.843027 (avg=7.836377), loss=2302.994629 (avg=2303.114827), pairs_step=12158, pairs_total=729285
[2026-02-28 17:29:45,020] INFO:fitness.free_loss_fidelity: RL4CO free-loss step 80/200: score=7.829241 (avg=7.833968), loss=2301.972412 (avg=2284.547485), pairs_step=12157, pairs_total=972402
[2026-02-28 17:29:51,500] INFO:fitness.free_loss_fidelity: RL4CO free-loss step 100/200: score=7.783500 (avg=7.834007), loss=2466.791992 (avg=2295.643672), pairs_step=12150, pairs_total=1215511
[2026-02-28 17:29:57,959] INFO:fitness.free_loss_fidelity: RL4CO free-loss step 120/200: score=7.807793 (avg=7.835661), loss=2404.366943 (avg=2308.844067), pairs_step=12137, pairs_total=1458584
[2026-02-28 17:30:04,423] INFO:fitness.free_loss_fidelity: RL4CO free-loss step 140/200: score=7.861061 (avg=7.836653), loss=2144.644043 (avg=2307.038785), pairs_step=12158, pairs_total=1701656
[2026-02-28 17:30:10,861] INFO:fitness.free_loss_fidelity: RL4CO free-loss step 160/200: score=7.824348 (avg=7.836351), loss=2369.920410 (avg=2301.712846), pairs_step=12157, pairs_total=1944756
[2026-02-28 17:30:17,313] INFO:fitness.free_loss_fidelity: RL4CO free-loss step 180/200: score=7.817500 (avg=7.835018), loss=2361.147949 (avg=2305.060065), pairs_step=12159, pairs_total=2187836
[2026-02-28 17:30:23,790] INFO:fitness.free_loss_fidelity: RL4CO free-loss step 200/200: score=7.846864 (avg=7.833812), loss=2211.891113 (avg=2298.599452), pairs_step=12157, pairs_total=2430950
