[2026-02-28 17:15:06,212] INFO:fitness.free_loss_fidelity: Stage3 offline mini-train start gen=3 pair_index=2 K=200 seed=12345 valid_sizes=[20, 100] baseline_json=baseline/mini_eval/baseline_minitrain_tsp100_K200.json
[2026-02-28 17:15:13,503] INFO:fitness.free_loss_fidelity: RL4CO free-loss (step-mode): f1_steps=200, f2_steps=0, total_steps=200, train_problem_size=100, rollouts=20, batch_size=64, device=cuda:3, env=tsp
[2026-02-28 17:15:14,818] INFO:fitness.free_loss_fidelity: RL4CO free-loss step 1/200: score=36.626595 (avg=36.626595), loss=12429.417969 (avg=12429.417969), pairs_step=12160, pairs_total=12160
[2026-02-28 17:15:20,439] INFO:fitness.free_loss_fidelity: RL4CO free-loss step 20/200: score=10.826086 (avg=14.183210), loss=7242.318848 (avg=7623.473145), pairs_step=12160, pairs_total=243200
[2026-02-28 17:15:26,301] INFO:fitness.free_loss_fidelity: RL4CO free-loss step 40/200: score=10.304528 (avg=12.262208), loss=7117.147461 (avg=7449.958167), pairs_step=12160, pairs_total=486400
[2026-02-28 17:15:32,252] INFO:fitness.free_loss_fidelity: RL4CO free-loss step 60/200: score=10.217075 (avg=11.571361), loss=6334.916504 (avg=7201.641960), pairs_step=12160, pairs_total=729599
[2026-02-28 17:15:38,528] INFO:fitness.free_loss_fidelity: RL4CO free-loss step 80/200: score=9.931782 (avg=11.184635), loss=6715.279297 (avg=7025.988715), pairs_step=12160, pairs_total=972799
[2026-02-28 17:15:44,887] INFO:fitness.free_loss_fidelity: RL4CO free-loss step 100/200: score=9.992382 (avg=10.942146), loss=6234.184570 (avg=6914.098140), pairs_step=12160, pairs_total=1215999
[2026-02-28 17:15:51,254] INFO:fitness.free_loss_fidelity: RL4CO free-loss step 120/200: score=9.979233 (avg=10.779454), loss=6264.770508 (avg=6804.689396), pairs_step=12160, pairs_total=1459199
[2026-02-28 17:15:57,618] INFO:fitness.free_loss_fidelity: RL4CO free-loss step 140/200: score=9.974195 (avg=10.662327), loss=6274.073242 (avg=6711.025436), pairs_step=12160, pairs_total=1702397
[2026-02-28 17:16:03,967] INFO:fitness.free_loss_fidelity: RL4CO free-loss step 160/200: score=9.975669 (avg=10.572235), loss=5927.675293 (avg=6624.587888), pairs_step=12160, pairs_total=1945597
[2026-02-28 17:16:10,307] INFO:fitness.free_loss_fidelity: RL4CO free-loss step 180/200: score=9.933540 (avg=10.497164), loss=6064.114258 (avg=6556.355103), pairs_step=12160, pairs_total=2188797
[2026-02-28 17:16:16,676] INFO:fitness.free_loss_fidelity: RL4CO free-loss step 200/200: score=9.880263 (avg=10.435700), loss=6102.281250 (avg=6507.126030), pairs_step=12160, pairs_total=2431997
[2026-02-28 17:16:17,931] WARNING:fitness.free_loss_fidelity: weights_only checkpoint load failed (UnpicklingError); retrying weights_only=False for /data1/gushengda/eam-rl4co/baseline/epoch_135.ckpt
[2026-02-28 17:16:17,977] INFO:fitness.free_loss_fidelity: Loaded init checkpoint into policy: path=/data1/gushengda/eam-rl4co/baseline/epoch_135.ckpt prefix=policy. matched=97 missing=0 unexpected=0
[2026-02-28 17:16:17,982] INFO:fitness.free_loss_fidelity: RL4CO free-loss (step-mode): f1_steps=200, f2_steps=0, total_steps=200, train_problem_size=100, rollouts=20, batch_size=64, device=cuda:3, env=tsp
[2026-02-28 17:16:18,318] INFO:fitness.free_loss_fidelity: RL4CO free-loss step 1/200: score=7.825121 (avg=7.825121), loss=8043.866211 (avg=8043.866211), pairs_step=12151, pairs_total=12151
[2026-02-28 17:16:24,374] INFO:fitness.free_loss_fidelity: RL4CO free-loss step 20/200: score=7.817201 (avg=7.842811), loss=7779.918945 (avg=7851.488623), pairs_step=12155, pairs_total=243063
[2026-02-28 17:16:30,728] INFO:fitness.free_loss_fidelity: RL4CO free-loss step 40/200: score=7.855537 (avg=7.839670), loss=7637.875000 (avg=7782.752856), pairs_step=12158, pairs_total=486153
[2026-02-28 17:16:37,089] INFO:fitness.free_loss_fidelity: RL4CO free-loss step 60/200: score=7.841125 (avg=7.835841), loss=7476.262695 (avg=7721.588875), pairs_step=12154, pairs_total=729257
[2026-02-28 17:16:43,465] INFO:fitness.free_loss_fidelity: RL4CO free-loss step 80/200: score=7.845575 (avg=7.836220), loss=7433.289062 (avg=7661.358600), pairs_step=12156, pairs_total=972375
[2026-02-28 17:16:49,819] INFO:fitness.free_loss_fidelity: RL4CO free-loss step 100/200: score=7.803465 (avg=7.837441), loss=7268.993164 (avg=7605.734385), pairs_step=12157, pairs_total=1215510
[2026-02-28 17:16:56,184] INFO:fitness.free_loss_fidelity: RL4CO free-loss step 120/200: score=7.821196 (avg=7.839267), loss=6738.336914 (avg=7512.527364), pairs_step=12159, pairs_total=1458666
[2026-02-28 17:17:01,781] INFO:fitness.free_loss_fidelity: RL4CO free-loss step 140/200: score=7.863869 (avg=7.840838), loss=6596.613281 (avg=7398.575296), pairs_step=12158, pairs_total=1701827
[2026-02-28 17:17:07,281] INFO:fitness.free_loss_fidelity: RL4CO free-loss step 160/200: score=7.838667 (avg=7.840245), loss=6756.230957 (avg=7328.532767), pairs_step=12157, pairs_total=1944958
[2026-02-28 17:17:12,761] INFO:fitness.free_loss_fidelity: RL4CO free-loss step 180/200: score=7.828845 (avg=7.839683), loss=6803.727051 (avg=7243.144062), pairs_step=12155, pairs_total=2188114
[2026-02-28 17:17:18,241] INFO:fitness.free_loss_fidelity: RL4CO free-loss step 200/200: score=7.852519 (avg=7.838755), loss=6556.272949 (avg=7198.092190), pairs_step=12155, pairs_total=2431269
[2026-02-28 17:17:19,494] WARNING:fitness.free_loss_fidelity: weights_only checkpoint load failed (UnpicklingError); retrying weights_only=False for /data1/gushengda/eam-rl4co/baseline/epoch_409.ckpt
[2026-02-28 17:17:19,534] INFO:fitness.free_loss_fidelity: Loaded init checkpoint into policy: path=/data1/gushengda/eam-rl4co/baseline/epoch_409.ckpt prefix=policy. matched=97 missing=0 unexpected=0
[2026-02-28 17:17:19,540] INFO:fitness.free_loss_fidelity: RL4CO free-loss (step-mode): f1_steps=200, f2_steps=0, total_steps=200, train_problem_size=100, rollouts=20, batch_size=64, device=cuda:3, env=tsp
[2026-02-28 17:17:19,822] INFO:fitness.free_loss_fidelity: RL4CO free-loss step 1/200: score=7.826895 (avg=7.826895), loss=2322.105469 (avg=2322.105469), pairs_step=12149, pairs_total=12149
[2026-02-28 17:17:25,034] INFO:fitness.free_loss_fidelity: RL4CO free-loss step 20/200: score=7.817421 (avg=7.839079), loss=1987.374756 (avg=2117.724170), pairs_step=12153, pairs_total=243057
[2026-02-28 17:17:30,515] INFO:fitness.free_loss_fidelity: RL4CO free-loss step 40/200: score=7.853707 (avg=7.835712), loss=2118.829590 (avg=2089.975464), pairs_step=12158, pairs_total=486168
[2026-02-28 17:17:35,952] INFO:fitness.free_loss_fidelity: RL4CO free-loss step 60/200: score=7.847913 (avg=7.832342), loss=2232.991699 (avg=2097.495986), pairs_step=12157, pairs_total=729266
[2026-02-28 17:17:41,367] INFO:fitness.free_loss_fidelity: RL4CO free-loss step 80/200: score=7.833462 (avg=7.831185), loss=2039.919678 (avg=2088.159903), pairs_step=12157, pairs_total=972405
[2026-02-28 17:17:46,847] INFO:fitness.free_loss_fidelity: RL4CO free-loss step 100/200: score=7.783812 (avg=7.832808), loss=2076.078857 (avg=2084.627360), pairs_step=12155, pairs_total=1215527
[2026-02-28 17:17:52,260] INFO:fitness.free_loss_fidelity: RL4CO free-loss step 120/200: score=7.809443 (avg=7.834566), loss=1951.035034 (avg=2067.109732), pairs_step=12155, pairs_total=1458649
[2026-02-28 17:17:57,675] INFO:fitness.free_loss_fidelity: RL4CO free-loss step 140/200: score=7.857632 (avg=7.835940), loss=1820.385010 (avg=2048.308751), pairs_step=12154, pairs_total=1701801
[2026-02-28 17:18:03,399] INFO:fitness.free_loss_fidelity: RL4CO free-loss step 160/200: score=7.830427 (avg=7.835785), loss=2125.644287 (avg=2039.412901), pairs_step=12157, pairs_total=1944956
[2026-02-28 17:18:08,862] INFO:fitness.free_loss_fidelity: RL4CO free-loss step 180/200: score=7.831918 (avg=7.835441), loss=1849.486572 (avg=2025.983990), pairs_step=12159, pairs_total=2188114
[2026-02-28 17:18:14,332] INFO:fitness.free_loss_fidelity: RL4CO free-loss step 200/200: score=7.855349 (avg=7.834995), loss=1847.759888 (avg=2015.885282), pairs_step=12159, pairs_total=2431282
