[2026-02-28 17:42:23,345] INFO:fitness.free_loss_fidelity: Stage3 offline mini-train start gen=4 pair_index=10 K=200 seed=12345 valid_sizes=[20, 100] baseline_json=baseline/mini_eval/baseline_minitrain_tsp100_K200.json
[2026-02-28 17:42:23,364] INFO:fitness.free_loss_fidelity: RL4CO free-loss (step-mode): f1_steps=200, f2_steps=0, total_steps=200, train_problem_size=100, rollouts=20, batch_size=64, device=cuda:0, env=tsp
[2026-02-28 17:42:23,645] INFO:fitness.free_loss_fidelity: RL4CO free-loss step 1/200: score=36.626595 (avg=36.626595), loss=12528.226562 (avg=12528.226562), pairs_step=12160, pairs_total=12160
[2026-02-28 17:42:28,969] INFO:fitness.free_loss_fidelity: RL4CO free-loss step 20/200: score=10.784944 (avg=14.185536), loss=7689.104492 (avg=7776.127515), pairs_step=12160, pairs_total=243200
[2026-02-28 17:42:34,566] INFO:fitness.free_loss_fidelity: RL4CO free-loss step 40/200: score=10.322025 (avg=12.348354), loss=6772.500977 (avg=7318.800854), pairs_step=12160, pairs_total=486400
[2026-02-28 17:42:40,185] INFO:fitness.free_loss_fidelity: RL4CO free-loss step 60/200: score=10.284924 (avg=11.652370), loss=6559.396484 (avg=7139.554891), pairs_step=12160, pairs_total=729600
[2026-02-28 17:42:45,795] INFO:fitness.free_loss_fidelity: RL4CO free-loss step 80/200: score=9.962799 (avg=11.247336), loss=6560.550293 (avg=6987.032623), pairs_step=12160, pairs_total=972800
[2026-02-28 17:42:51,398] INFO:fitness.free_loss_fidelity: RL4CO free-loss step 100/200: score=9.946768 (avg=10.988341), loss=6298.481934 (avg=6870.091187), pairs_step=12160, pairs_total=1216000
[2026-02-28 17:42:57,007] INFO:fitness.free_loss_fidelity: RL4CO free-loss step 120/200: score=10.023111 (avg=10.830310), loss=6024.341797 (avg=6761.252332), pairs_step=12160, pairs_total=1459200
[2026-02-28 17:43:02,623] INFO:fitness.free_loss_fidelity: RL4CO free-loss step 140/200: score=9.946836 (avg=10.710604), loss=6351.922852 (avg=6666.708677), pairs_step=12160, pairs_total=1702400
[2026-02-28 17:43:08,235] INFO:fitness.free_loss_fidelity: RL4CO free-loss step 160/200: score=10.078276 (avg=10.615846), loss=6398.801758 (avg=6577.390424), pairs_step=12160, pairs_total=1945600
[2026-02-28 17:43:14,044] INFO:fitness.free_loss_fidelity: RL4CO free-loss step 180/200: score=9.834613 (avg=10.538074), loss=6098.190430 (avg=6535.741585), pairs_step=12160, pairs_total=2188800
[2026-02-28 17:43:19,665] INFO:fitness.free_loss_fidelity: RL4CO free-loss step 200/200: score=9.972955 (avg=10.473499), loss=5967.404297 (avg=6482.026670), pairs_step=12160, pairs_total=2431998
[2026-02-28 17:43:20,914] WARNING:fitness.free_loss_fidelity: weights_only checkpoint load failed (UnpicklingError); retrying weights_only=False for /data1/gushengda/eam-rl4co/baseline/epoch_135.ckpt
[2026-02-28 17:43:20,954] INFO:fitness.free_loss_fidelity: Loaded init checkpoint into policy: path=/data1/gushengda/eam-rl4co/baseline/epoch_135.ckpt prefix=policy. matched=97 missing=0 unexpected=0
[2026-02-28 17:43:20,959] INFO:fitness.free_loss_fidelity: RL4CO free-loss (step-mode): f1_steps=200, f2_steps=0, total_steps=200, train_problem_size=100, rollouts=20, batch_size=64, device=cuda:0, env=tsp
[2026-02-28 17:43:21,255] INFO:fitness.free_loss_fidelity: RL4CO free-loss step 1/200: score=7.825121 (avg=7.825121), loss=8050.981445 (avg=8050.981445), pairs_step=12151, pairs_total=12151
[2026-02-28 17:43:26,600] INFO:fitness.free_loss_fidelity: RL4CO free-loss step 20/200: score=7.813989 (avg=7.842538), loss=7896.023926 (avg=7901.265137), pairs_step=12145, pairs_total=243070
[2026-02-28 17:43:32,207] INFO:fitness.free_loss_fidelity: RL4CO free-loss step 40/200: score=7.870398 (avg=7.841792), loss=7880.503906 (avg=7881.345728), pairs_step=12158, pairs_total=486190
[2026-02-28 17:43:37,828] INFO:fitness.free_loss_fidelity: RL4CO free-loss step 60/200: score=7.853652 (avg=7.839871), loss=7643.832520 (avg=7796.217505), pairs_step=12154, pairs_total=729311
[2026-02-28 17:43:43,437] INFO:fitness.free_loss_fidelity: RL4CO free-loss step 80/200: score=7.838213 (avg=7.838419), loss=7298.677734 (avg=7725.792883), pairs_step=12158, pairs_total=972436
[2026-02-28 17:43:49,052] INFO:fitness.free_loss_fidelity: RL4CO free-loss step 100/200: score=7.798570 (avg=7.838828), loss=7478.128906 (avg=7659.407715), pairs_step=12155, pairs_total=1215549
[2026-02-28 17:43:54,664] INFO:fitness.free_loss_fidelity: RL4CO free-loss step 120/200: score=7.810551 (avg=7.840075), loss=7038.347656 (avg=7601.977059), pairs_step=12153, pairs_total=1458684
[2026-02-28 17:44:00,267] INFO:fitness.free_loss_fidelity: RL4CO free-loss step 140/200: score=7.869661 (avg=7.841274), loss=7318.145508 (avg=7547.627933), pairs_step=12154, pairs_total=1701826
[2026-02-28 17:44:05,875] INFO:fitness.free_loss_fidelity: RL4CO free-loss step 160/200: score=7.838852 (avg=7.841059), loss=6929.349609 (avg=7509.015152), pairs_step=12156, pairs_total=1944982
[2026-02-28 17:44:11,495] INFO:fitness.free_loss_fidelity: RL4CO free-loss step 180/200: score=7.823524 (avg=7.840372), loss=6979.304199 (avg=7438.470725), pairs_step=12158, pairs_total=2188120
[2026-02-28 17:44:17,106] INFO:fitness.free_loss_fidelity: RL4CO free-loss step 200/200: score=7.861097 (avg=7.839334), loss=6994.270508 (avg=7383.763779), pairs_step=12158, pairs_total=2431269
[2026-02-28 17:44:18,357] WARNING:fitness.free_loss_fidelity: weights_only checkpoint load failed (UnpicklingError); retrying weights_only=False for /data1/gushengda/eam-rl4co/baseline/epoch_409.ckpt
[2026-02-28 17:44:18,395] INFO:fitness.free_loss_fidelity: Loaded init checkpoint into policy: path=/data1/gushengda/eam-rl4co/baseline/epoch_409.ckpt prefix=policy. matched=97 missing=0 unexpected=0
[2026-02-28 17:44:18,400] INFO:fitness.free_loss_fidelity: RL4CO free-loss (step-mode): f1_steps=200, f2_steps=0, total_steps=200, train_problem_size=100, rollouts=20, batch_size=64, device=cuda:0, env=tsp
[2026-02-28 17:44:18,696] INFO:fitness.free_loss_fidelity: RL4CO free-loss step 1/200: score=7.826895 (avg=7.826895), loss=2324.607422 (avg=2324.607422), pairs_step=12149, pairs_total=12149
[2026-02-28 17:44:24,029] INFO:fitness.free_loss_fidelity: RL4CO free-loss step 20/200: score=7.814312 (avg=7.841292), loss=2146.083740 (avg=2191.492542), pairs_step=12151, pairs_total=243071
[2026-02-28 17:44:29,641] INFO:fitness.free_loss_fidelity: RL4CO free-loss step 40/200: score=7.853531 (avg=7.837254), loss=2303.440430 (avg=2207.840643), pairs_step=12158, pairs_total=486181
[2026-02-28 17:44:35,259] INFO:fitness.free_loss_fidelity: RL4CO free-loss step 60/200: score=7.849947 (avg=7.834144), loss=2520.639160 (avg=2263.389771), pairs_step=12159, pairs_total=729280
[2026-02-28 17:44:40,865] INFO:fitness.free_loss_fidelity: RL4CO free-loss step 80/200: score=7.838314 (avg=7.833098), loss=2250.032227 (avg=2275.822336), pairs_step=12155, pairs_total=972400
[2026-02-28 17:44:46,467] INFO:fitness.free_loss_fidelity: RL4CO free-loss step 100/200: score=7.787035 (avg=7.834158), loss=2399.159180 (avg=2268.104421), pairs_step=12152, pairs_total=1215518
[2026-02-28 17:44:52,085] INFO:fitness.free_loss_fidelity: RL4CO free-loss step 120/200: score=7.815638 (avg=7.836195), loss=2138.177490 (avg=2252.545304), pairs_step=12154, pairs_total=1458629
[2026-02-28 17:44:57,696] INFO:fitness.free_loss_fidelity: RL4CO free-loss step 140/200: score=7.871113 (avg=7.837131), loss=1869.702759 (avg=2225.842481), pairs_step=12157, pairs_total=1701778
[2026-02-28 17:45:03,310] INFO:fitness.free_loss_fidelity: RL4CO free-loss step 160/200: score=7.823230 (avg=7.836683), loss=2103.698242 (avg=2196.055183), pairs_step=12160, pairs_total=1944912
[2026-02-28 17:45:08,928] INFO:fitness.free_loss_fidelity: RL4CO free-loss step 180/200: score=7.819148 (avg=7.835743), loss=1945.488037 (avg=2175.128950), pairs_step=12154, pairs_total=2188054
[2026-02-28 17:45:14,525] INFO:fitness.free_loss_fidelity: RL4CO free-loss step 200/200: score=7.849817 (avg=7.834837), loss=1917.236938 (avg=2158.990051), pairs_step=12159, pairs_total=2431205
