[2026-02-28 17:36:28,878] INFO:fitness.free_loss_fidelity: Stage3 offline mini-train start gen=4 pair_index=3 K=200 seed=12345 valid_sizes=[20, 100] baseline_json=baseline/mini_eval/baseline_minitrain_tsp100_K200.json
[2026-02-28 17:36:36,075] INFO:fitness.free_loss_fidelity: RL4CO free-loss (step-mode): f1_steps=200, f2_steps=0, total_steps=200, train_problem_size=100, rollouts=20, batch_size=64, device=cuda:2, env=tsp
[2026-02-28 17:36:37,426] INFO:fitness.free_loss_fidelity: RL4CO free-loss step 1/200: score=36.626595 (avg=36.626595), loss=1.127620 (avg=1.127620), pairs_step=12160, pairs_total=12160
[2026-02-28 17:36:43,445] INFO:fitness.free_loss_fidelity: RL4CO free-loss step 20/200: score=10.597190 (avg=14.319013), loss=0.605011 (avg=0.645847), pairs_step=12160, pairs_total=243200
[2026-02-28 17:36:50,866] INFO:fitness.free_loss_fidelity: RL4CO free-loss step 40/200: score=10.542121 (avg=12.463183), loss=0.528742 (avg=0.613615), pairs_step=12160, pairs_total=486400
[2026-02-28 17:36:57,295] INFO:fitness.free_loss_fidelity: RL4CO free-loss step 60/200: score=10.385590 (avg=11.780284), loss=0.536086 (avg=0.587584), pairs_step=12160, pairs_total=729598
[2026-02-28 17:37:03,732] INFO:fitness.free_loss_fidelity: RL4CO free-loss step 80/200: score=10.346531 (avg=11.396470), loss=0.517687 (avg=0.571995), pairs_step=12160, pairs_total=972798
[2026-02-28 17:37:10,142] INFO:fitness.free_loss_fidelity: RL4CO free-loss step 100/200: score=10.358107 (avg=11.187077), loss=0.455305 (avg=0.557059), pairs_step=12160, pairs_total=1215997
[2026-02-28 17:37:16,559] INFO:fitness.free_loss_fidelity: RL4CO free-loss step 120/200: score=10.421774 (avg=11.056227), loss=0.524513 (avg=0.547536), pairs_step=12160, pairs_total=1459197
[2026-02-28 17:37:22,975] INFO:fitness.free_loss_fidelity: RL4CO free-loss step 140/200: score=10.557135 (avg=10.969146), loss=0.460335 (avg=0.536577), pairs_step=12160, pairs_total=1702397
[2026-02-28 17:37:29,362] INFO:fitness.free_loss_fidelity: RL4CO free-loss step 160/200: score=10.495789 (avg=10.920166), loss=0.467801 (avg=0.527841), pairs_step=12160, pairs_total=1945597
[2026-02-28 17:37:35,772] INFO:fitness.free_loss_fidelity: RL4CO free-loss step 180/200: score=10.406101 (avg=10.859007), loss=0.463491 (avg=0.521779), pairs_step=12160, pairs_total=2188797
[2026-02-28 17:37:42,205] INFO:fitness.free_loss_fidelity: RL4CO free-loss step 200/200: score=10.616756 (avg=10.815748), loss=0.457208 (avg=0.516027), pairs_step=12160, pairs_total=2431997
[2026-02-28 17:37:43,475] WARNING:fitness.free_loss_fidelity: weights_only checkpoint load failed (UnpicklingError); retrying weights_only=False for /data1/gushengda/eam-rl4co/baseline/epoch_135.ckpt
[2026-02-28 17:37:43,521] INFO:fitness.free_loss_fidelity: Loaded init checkpoint into policy: path=/data1/gushengda/eam-rl4co/baseline/epoch_135.ckpt prefix=policy. matched=97 missing=0 unexpected=0
[2026-02-28 17:37:43,526] INFO:fitness.free_loss_fidelity: RL4CO free-loss (step-mode): f1_steps=200, f2_steps=0, total_steps=200, train_problem_size=100, rollouts=20, batch_size=64, device=cuda:2, env=tsp
[2026-02-28 17:37:43,893] INFO:fitness.free_loss_fidelity: RL4CO free-loss step 1/200: score=7.825121 (avg=7.825121), loss=0.660351 (avg=0.660351), pairs_step=12151, pairs_total=12151
[2026-02-28 17:37:50,010] INFO:fitness.free_loss_fidelity: RL4CO free-loss step 20/200: score=7.819855 (avg=7.844775), loss=0.639033 (avg=0.641231), pairs_step=12155, pairs_total=243108
[2026-02-28 17:37:56,445] INFO:fitness.free_loss_fidelity: RL4CO free-loss step 40/200: score=7.863117 (avg=7.840232), loss=0.625290 (avg=0.634911), pairs_step=12150, pairs_total=486194
[2026-02-28 17:38:02,877] INFO:fitness.free_loss_fidelity: RL4CO free-loss step 60/200: score=7.861212 (avg=7.838162), loss=0.581408 (avg=0.621480), pairs_step=12157, pairs_total=729346
[2026-02-28 17:38:09,298] INFO:fitness.free_loss_fidelity: RL4CO free-loss step 80/200: score=7.840905 (avg=7.838326), loss=0.519442 (avg=0.604192), pairs_step=12160, pairs_total=972489
[2026-02-28 17:38:15,730] INFO:fitness.free_loss_fidelity: RL4CO free-loss step 100/200: score=7.808399 (avg=7.840381), loss=0.505287 (avg=0.585544), pairs_step=12158, pairs_total=1215663
[2026-02-28 17:38:22,147] INFO:fitness.free_loss_fidelity: RL4CO free-loss step 120/200: score=7.821796 (avg=7.842658), loss=0.487876 (avg=0.571039), pairs_step=12160, pairs_total=1458834
[2026-02-28 17:38:28,565] INFO:fitness.free_loss_fidelity: RL4CO free-loss step 140/200: score=7.878028 (avg=7.844733), loss=0.441297 (avg=0.555776), pairs_step=12160, pairs_total=1702017
[2026-02-28 17:38:35,001] INFO:fitness.free_loss_fidelity: RL4CO free-loss step 160/200: score=7.840802 (avg=7.845247), loss=0.450099 (avg=0.542141), pairs_step=12157, pairs_total=1945198
[2026-02-28 17:38:41,419] INFO:fitness.free_loss_fidelity: RL4CO free-loss step 180/200: score=7.841993 (avg=7.844861), loss=0.401977 (avg=0.527638), pairs_step=12160, pairs_total=2188383
[2026-02-28 17:38:47,841] INFO:fitness.free_loss_fidelity: RL4CO free-loss step 200/200: score=7.887401 (avg=7.845129), loss=0.320273 (avg=0.510475), pairs_step=12160, pairs_total=2431573
[2026-02-28 17:38:49,111] WARNING:fitness.free_loss_fidelity: weights_only checkpoint load failed (UnpicklingError); retrying weights_only=False for /data1/gushengda/eam-rl4co/baseline/epoch_409.ckpt
[2026-02-28 17:38:49,152] INFO:fitness.free_loss_fidelity: Loaded init checkpoint into policy: path=/data1/gushengda/eam-rl4co/baseline/epoch_409.ckpt prefix=policy. matched=97 missing=0 unexpected=0
[2026-02-28 17:38:49,157] INFO:fitness.free_loss_fidelity: RL4CO free-loss (step-mode): f1_steps=200, f2_steps=0, total_steps=200, train_problem_size=100, rollouts=20, batch_size=64, device=cuda:2, env=tsp
[2026-02-28 17:38:49,488] INFO:fitness.free_loss_fidelity: RL4CO free-loss step 1/200: score=7.826895 (avg=7.826895), loss=0.187955 (avg=0.187955), pairs_step=12149, pairs_total=12149
[2026-02-28 17:38:55,593] INFO:fitness.free_loss_fidelity: RL4CO free-loss step 20/200: score=7.819821 (avg=7.838740), loss=0.165616 (avg=0.174473), pairs_step=12153, pairs_total=243076
[2026-02-28 17:39:02,019] INFO:fitness.free_loss_fidelity: RL4CO free-loss step 40/200: score=7.855629 (avg=7.835810), loss=0.179229 (avg=0.175275), pairs_step=12158, pairs_total=486178
[2026-02-28 17:39:08,451] INFO:fitness.free_loss_fidelity: RL4CO free-loss step 60/200: score=7.853672 (avg=7.833844), loss=0.179572 (avg=0.176605), pairs_step=12156, pairs_total=729304
[2026-02-28 17:39:14,883] INFO:fitness.free_loss_fidelity: RL4CO free-loss step 80/200: score=7.827788 (avg=7.833248), loss=0.165594 (avg=0.173572), pairs_step=12158, pairs_total=972460
[2026-02-28 17:39:21,284] INFO:fitness.free_loss_fidelity: RL4CO free-loss step 100/200: score=7.790480 (avg=7.834982), loss=0.164106 (avg=0.170891), pairs_step=12159, pairs_total=1215622
[2026-02-28 17:39:27,707] INFO:fitness.free_loss_fidelity: RL4CO free-loss step 120/200: score=7.813612 (avg=7.837579), loss=0.160831 (avg=0.169309), pairs_step=12160, pairs_total=1458808
[2026-02-28 17:39:34,127] INFO:fitness.free_loss_fidelity: RL4CO free-loss step 140/200: score=7.878970 (avg=7.839810), loss=0.156170 (avg=0.168360), pairs_step=12160, pairs_total=1701986
[2026-02-28 17:39:40,800] INFO:fitness.free_loss_fidelity: RL4CO free-loss step 160/200: score=7.846076 (avg=7.840307), loss=0.173782 (avg=0.168006), pairs_step=12160, pairs_total=1945163
[2026-02-28 17:39:47,227] INFO:fitness.free_loss_fidelity: RL4CO free-loss step 180/200: score=7.832904 (avg=7.839985), loss=0.167245 (avg=0.167856), pairs_step=12159, pairs_total=2188349
[2026-02-28 17:39:53,644] INFO:fitness.free_loss_fidelity: RL4CO free-loss step 200/200: score=7.851103 (avg=7.839522), loss=0.148732 (avg=0.167475), pairs_step=12160, pairs_total=2431540
