[2026-02-28 17:36:28,876] INFO:fitness.free_loss_fidelity: Stage3 offline mini-train start gen=4 pair_index=2 K=200 seed=12345 valid_sizes=[20, 100] baseline_json=baseline/mini_eval/baseline_minitrain_tsp100_K200.json
[2026-02-28 17:36:36,018] INFO:fitness.free_loss_fidelity: RL4CO free-loss (step-mode): f1_steps=200, f2_steps=0, total_steps=200, train_problem_size=100, rollouts=20, batch_size=64, device=cuda:3, env=tsp
[2026-02-28 17:36:37,395] INFO:fitness.free_loss_fidelity: RL4CO free-loss step 1/200: score=36.626595 (avg=36.626595), loss=0.773624 (avg=0.773624), pairs_step=12160, pairs_total=12160
[2026-02-28 17:36:43,946] INFO:fitness.free_loss_fidelity: RL4CO free-loss step 20/200: score=10.912191 (avg=13.393186), loss=0.704616 (avg=0.716447), pairs_step=12160, pairs_total=243200
[2026-02-28 17:36:50,114] INFO:fitness.free_loss_fidelity: RL4CO free-loss step 40/200: score=9.905653 (avg=11.922024), loss=0.703698 (avg=0.710194), pairs_step=12160, pairs_total=486400
[2026-02-28 17:36:56,060] INFO:fitness.free_loss_fidelity: RL4CO free-loss step 60/200: score=9.882336 (avg=11.264792), loss=0.705022 (avg=0.707253), pairs_step=12160, pairs_total=729599
[2026-02-28 17:37:02,094] INFO:fitness.free_loss_fidelity: RL4CO free-loss step 80/200: score=9.878293 (avg=10.916799), loss=0.699543 (avg=0.705518), pairs_step=12160, pairs_total=972799
[2026-02-28 17:37:08,081] INFO:fitness.free_loss_fidelity: RL4CO free-loss step 100/200: score=9.645531 (avg=10.680174), loss=0.697564 (avg=0.704168), pairs_step=12160, pairs_total=1215999
[2026-02-28 17:37:14,109] INFO:fitness.free_loss_fidelity: RL4CO free-loss step 120/200: score=9.643831 (avg=10.509396), loss=0.696715 (avg=0.703126), pairs_step=12160, pairs_total=1459199
[2026-02-28 17:37:20,143] INFO:fitness.free_loss_fidelity: RL4CO free-loss step 140/200: score=9.462601 (avg=10.387973), loss=0.700374 (avg=0.702506), pairs_step=12160, pairs_total=1702399
[2026-02-28 17:37:26,178] INFO:fitness.free_loss_fidelity: RL4CO free-loss step 160/200: score=9.480065 (avg=10.283653), loss=0.697893 (avg=0.701943), pairs_step=12160, pairs_total=1945599
[2026-02-28 17:37:32,257] INFO:fitness.free_loss_fidelity: RL4CO free-loss step 180/200: score=9.504406 (avg=10.201457), loss=0.696409 (avg=0.701371), pairs_step=12160, pairs_total=2188798
[2026-02-28 17:37:38,090] INFO:fitness.free_loss_fidelity: RL4CO free-loss step 200/200: score=9.470425 (avg=10.130373), loss=0.698327 (avg=0.701045), pairs_step=12160, pairs_total=2431997
[2026-02-28 17:37:39,410] WARNING:fitness.free_loss_fidelity: weights_only checkpoint load failed (UnpicklingError); retrying weights_only=False for /data1/gushengda/eam-rl4co/baseline/epoch_135.ckpt
[2026-02-28 17:37:39,453] INFO:fitness.free_loss_fidelity: Loaded init checkpoint into policy: path=/data1/gushengda/eam-rl4co/baseline/epoch_135.ckpt prefix=policy. matched=97 missing=0 unexpected=0
[2026-02-28 17:37:39,458] INFO:fitness.free_loss_fidelity: RL4CO free-loss (step-mode): f1_steps=200, f2_steps=0, total_steps=200, train_problem_size=100, rollouts=20, batch_size=64, device=cuda:3, env=tsp
[2026-02-28 17:37:39,747] INFO:fitness.free_loss_fidelity: RL4CO free-loss step 1/200: score=7.825121 (avg=7.825121), loss=0.692032 (avg=0.692032), pairs_step=12151, pairs_total=12151
[2026-02-28 17:37:45,040] INFO:fitness.free_loss_fidelity: RL4CO free-loss step 20/200: score=7.823346 (avg=7.848078), loss=0.694643 (avg=0.693246), pairs_step=12157, pairs_total=243082
[2026-02-28 17:37:50,587] INFO:fitness.free_loss_fidelity: RL4CO free-loss step 40/200: score=7.869531 (avg=7.845060), loss=0.698863 (avg=0.695175), pairs_step=12160, pairs_total=486220
[2026-02-28 17:37:56,144] INFO:fitness.free_loss_fidelity: RL4CO free-loss step 60/200: score=7.857485 (avg=7.843120), loss=0.700355 (avg=0.697158), pairs_step=12155, pairs_total=729357
[2026-02-28 17:38:01,723] INFO:fitness.free_loss_fidelity: RL4CO free-loss step 80/200: score=7.859379 (avg=7.843500), loss=0.721296 (avg=0.700138), pairs_step=12160, pairs_total=972536
[2026-02-28 17:38:07,338] INFO:fitness.free_loss_fidelity: RL4CO free-loss step 100/200: score=7.820771 (avg=7.846675), loss=0.735884 (avg=0.705585), pairs_step=12160, pairs_total=1215719
[2026-02-28 17:38:12,934] INFO:fitness.free_loss_fidelity: RL4CO free-loss step 120/200: score=7.839616 (avg=7.850968), loss=0.730413 (avg=0.710768), pairs_step=12160, pairs_total=1458912
[2026-02-28 17:38:18,548] INFO:fitness.free_loss_fidelity: RL4CO free-loss step 140/200: score=7.914620 (avg=7.855577), loss=0.761525 (avg=0.716326), pairs_step=12160, pairs_total=1702108
[2026-02-28 17:38:24,140] INFO:fitness.free_loss_fidelity: RL4CO free-loss step 160/200: score=7.950027 (avg=7.862977), loss=0.773266 (avg=0.722728), pairs_step=12159, pairs_total=1945306
[2026-02-28 17:38:29,742] INFO:fitness.free_loss_fidelity: RL4CO free-loss step 180/200: score=8.098300 (avg=7.879611), loss=0.788722 (avg=0.729572), pairs_step=12160, pairs_total=2188506
[2026-02-28 17:38:35,408] INFO:fitness.free_loss_fidelity: RL4CO free-loss step 200/200: score=8.234194 (avg=7.906995), loss=0.772804 (avg=0.735549), pairs_step=12160, pairs_total=2431706
[2026-02-28 17:38:36,694] WARNING:fitness.free_loss_fidelity: weights_only checkpoint load failed (UnpicklingError); retrying weights_only=False for /data1/gushengda/eam-rl4co/baseline/epoch_409.ckpt
[2026-02-28 17:38:36,732] INFO:fitness.free_loss_fidelity: Loaded init checkpoint into policy: path=/data1/gushengda/eam-rl4co/baseline/epoch_409.ckpt prefix=policy. matched=97 missing=0 unexpected=0
[2026-02-28 17:38:36,738] INFO:fitness.free_loss_fidelity: RL4CO free-loss (step-mode): f1_steps=200, f2_steps=0, total_steps=200, train_problem_size=100, rollouts=20, batch_size=64, device=cuda:3, env=tsp
[2026-02-28 17:38:37,034] INFO:fitness.free_loss_fidelity: RL4CO free-loss step 1/200: score=7.826895 (avg=7.826895), loss=0.763712 (avg=0.763712), pairs_step=12149, pairs_total=12149
[2026-02-28 17:38:42,385] INFO:fitness.free_loss_fidelity: RL4CO free-loss step 20/200: score=7.815822 (avg=7.841086), loss=0.858310 (avg=0.810547), pairs_step=12158, pairs_total=243080
[2026-02-28 17:38:48,001] INFO:fitness.free_loss_fidelity: RL4CO free-loss step 40/200: score=7.855048 (avg=7.837952), loss=0.873025 (avg=0.844318), pairs_step=12156, pairs_total=486200
[2026-02-28 17:38:53,626] INFO:fitness.free_loss_fidelity: RL4CO free-loss step 60/200: score=7.848992 (avg=7.835043), loss=0.878940 (avg=0.854280), pairs_step=12157, pairs_total=729294
[2026-02-28 17:38:59,330] INFO:fitness.free_loss_fidelity: RL4CO free-loss step 80/200: score=7.839990 (avg=7.834972), loss=0.887270 (avg=0.859000), pairs_step=12154, pairs_total=972413
[2026-02-28 17:39:04,988] INFO:fitness.free_loss_fidelity: RL4CO free-loss step 100/200: score=7.811052 (avg=7.836903), loss=0.900445 (avg=0.866392), pairs_step=12160, pairs_total=1215571
[2026-02-28 17:39:10,653] INFO:fitness.free_loss_fidelity: RL4CO free-loss step 120/200: score=7.827660 (avg=7.840572), loss=0.907817 (avg=0.872193), pairs_step=12157, pairs_total=1458743
[2026-02-28 17:39:16,319] INFO:fitness.free_loss_fidelity: RL4CO free-loss step 140/200: score=7.886272 (avg=7.843424), loss=0.878584 (avg=0.875424), pairs_step=12160, pairs_total=1701921
[2026-02-28 17:39:22,333] INFO:fitness.free_loss_fidelity: RL4CO free-loss step 160/200: score=7.857932 (avg=7.845007), loss=0.845536 (avg=0.874025), pairs_step=12160, pairs_total=1945115
[2026-02-28 17:39:27,916] INFO:fitness.free_loss_fidelity: RL4CO free-loss step 180/200: score=7.883961 (avg=7.848480), loss=0.857389 (avg=0.871230), pairs_step=12160, pairs_total=2188314
[2026-02-28 17:39:33,489] INFO:fitness.free_loss_fidelity: RL4CO free-loss step 200/200: score=7.980506 (avg=7.857156), loss=0.898799 (avg=0.870449), pairs_step=12160, pairs_total=2431514
