[2026-02-28 17:24:08,063] INFO:fitness.free_loss_fidelity: Stage3 offline mini-train start gen=3 pair_index=16 K=200 seed=12345 valid_sizes=[20, 100] baseline_json=baseline/mini_eval/baseline_minitrain_tsp100_K200.json
[2026-02-28 17:24:08,084] INFO:fitness.free_loss_fidelity: RL4CO free-loss (step-mode): f1_steps=200, f2_steps=0, total_steps=200, train_problem_size=100, rollouts=20, batch_size=64, device=cuda:0, env=tsp
[2026-02-28 17:24:08,398] INFO:fitness.free_loss_fidelity: RL4CO free-loss step 1/200: score=36.626595 (avg=36.626595), loss=9407.265625 (avg=9407.265625), pairs_step=12160, pairs_total=12160
[2026-02-28 17:24:13,649] INFO:fitness.free_loss_fidelity: RL4CO free-loss step 20/200: score=10.566114 (avg=13.542260), loss=8574.661133 (avg=8682.158008), pairs_step=12160, pairs_total=243199
[2026-02-28 17:24:19,234] INFO:fitness.free_loss_fidelity: RL4CO free-loss step 40/200: score=10.071974 (avg=11.818463), loss=8496.472656 (avg=8600.406787), pairs_step=12160, pairs_total=486399
[2026-02-28 17:24:24,881] INFO:fitness.free_loss_fidelity: RL4CO free-loss step 60/200: score=9.997200 (avg=11.211029), loss=8542.063477 (avg=8573.863802), pairs_step=12160, pairs_total=729599
[2026-02-28 17:24:30,484] INFO:fitness.free_loss_fidelity: RL4CO free-loss step 80/200: score=9.836893 (avg=10.880769), loss=8519.340820 (avg=8556.194312), pairs_step=12160, pairs_total=972799
[2026-02-28 17:24:36,016] INFO:fitness.free_loss_fidelity: RL4CO free-loss step 100/200: score=9.688902 (avg=10.645493), loss=8467.113281 (avg=8544.098662), pairs_step=12160, pairs_total=1215999
[2026-02-28 17:24:41,535] INFO:fitness.free_loss_fidelity: RL4CO free-loss step 120/200: score=9.602930 (avg=10.488233), loss=8513.603516 (avg=8536.891976), pairs_step=12160, pairs_total=1459198
[2026-02-28 17:24:47,067] INFO:fitness.free_loss_fidelity: RL4CO free-loss step 140/200: score=9.617607 (avg=10.366813), loss=8490.767578 (avg=8529.360924), pairs_step=12160, pairs_total=1702398
[2026-02-28 17:24:52,594] INFO:fitness.free_loss_fidelity: RL4CO free-loss step 160/200: score=9.611197 (avg=10.270630), loss=8491.867188 (avg=8523.562622), pairs_step=12160, pairs_total=1945597
[2026-02-28 17:24:58,130] INFO:fitness.free_loss_fidelity: RL4CO free-loss step 180/200: score=9.619007 (avg=10.192991), loss=8463.763672 (avg=8519.144504), pairs_step=12160, pairs_total=2188797
[2026-02-28 17:25:03,707] INFO:fitness.free_loss_fidelity: RL4CO free-loss step 200/200: score=9.500922 (avg=10.123088), loss=8465.654297 (avg=8514.352163), pairs_step=12160, pairs_total=2431997
[2026-02-28 17:25:04,949] WARNING:fitness.free_loss_fidelity: weights_only checkpoint load failed (UnpicklingError); retrying weights_only=False for /data1/gushengda/eam-rl4co/baseline/epoch_135.ckpt
[2026-02-28 17:25:04,990] INFO:fitness.free_loss_fidelity: Loaded init checkpoint into policy: path=/data1/gushengda/eam-rl4co/baseline/epoch_135.ckpt prefix=policy. matched=97 missing=0 unexpected=0
[2026-02-28 17:25:04,995] INFO:fitness.free_loss_fidelity: RL4CO free-loss (step-mode): f1_steps=200, f2_steps=0, total_steps=200, train_problem_size=100, rollouts=20, batch_size=64, device=cuda:0, env=tsp
[2026-02-28 17:25:05,279] INFO:fitness.free_loss_fidelity: RL4CO free-loss step 1/200: score=7.825121 (avg=7.825121), loss=8408.878906 (avg=8408.878906), pairs_step=12151, pairs_total=12151
[2026-02-28 17:25:10,574] INFO:fitness.free_loss_fidelity: RL4CO free-loss step 20/200: score=7.828537 (avg=7.845934), loss=8449.684570 (avg=8431.687500), pairs_step=12150, pairs_total=243085
[2026-02-28 17:25:16,120] INFO:fitness.free_loss_fidelity: RL4CO free-loss step 40/200: score=7.871350 (avg=7.848556), loss=8807.505859 (avg=8544.774683), pairs_step=12160, pairs_total=486235
[2026-02-28 17:25:21,638] INFO:fitness.free_loss_fidelity: RL4CO free-loss step 60/200: score=7.868673 (avg=7.847120), loss=8638.132812 (avg=8601.077767), pairs_step=12159, pairs_total=729401
[2026-02-28 17:25:27,169] INFO:fitness.free_loss_fidelity: RL4CO free-loss step 80/200: score=7.861667 (avg=7.847619), loss=8829.100586 (avg=8621.400500), pairs_step=12158, pairs_total=972576
[2026-02-28 17:25:32,885] INFO:fitness.free_loss_fidelity: RL4CO free-loss step 100/200: score=7.841474 (avg=7.851858), loss=9516.861328 (avg=8733.973340), pairs_step=12159, pairs_total=1215768
[2026-02-28 17:25:38,399] INFO:fitness.free_loss_fidelity: RL4CO free-loss step 120/200: score=7.873904 (avg=7.859816), loss=9367.066406 (avg=8845.532674), pairs_step=12160, pairs_total=1458958
[2026-02-28 17:25:43,922] INFO:fitness.free_loss_fidelity: RL4CO free-loss step 140/200: score=7.955429 (avg=7.866608), loss=10163.730469 (avg=8961.474449), pairs_step=12160, pairs_total=1702156
[2026-02-28 17:25:49,436] INFO:fitness.free_loss_fidelity: RL4CO free-loss step 160/200: score=7.957166 (avg=7.876823), loss=10574.133789 (avg=9148.813904), pairs_step=12160, pairs_total=1945356
[2026-02-28 17:25:56,187] INFO:fitness.free_loss_fidelity: RL4CO free-loss step 180/200: score=8.030954 (avg=7.885974), loss=9747.137695 (avg=9236.734549), pairs_step=12160, pairs_total=2188554
[2026-02-28 17:26:03,093] INFO:fitness.free_loss_fidelity: RL4CO free-loss step 200/200: score=8.197792 (avg=7.906660), loss=10035.824219 (avg=9300.740654), pairs_step=12160, pairs_total=2431754
[2026-02-28 17:26:04,336] WARNING:fitness.free_loss_fidelity: weights_only checkpoint load failed (UnpicklingError); retrying weights_only=False for /data1/gushengda/eam-rl4co/baseline/epoch_409.ckpt
[2026-02-28 17:26:04,375] INFO:fitness.free_loss_fidelity: Loaded init checkpoint into policy: path=/data1/gushengda/eam-rl4co/baseline/epoch_409.ckpt prefix=policy. matched=97 missing=0 unexpected=0
[2026-02-28 17:26:04,380] INFO:fitness.free_loss_fidelity: RL4CO free-loss (step-mode): f1_steps=200, f2_steps=0, total_steps=200, train_problem_size=100, rollouts=20, batch_size=64, device=cuda:0, env=tsp
[2026-02-28 17:26:04,731] INFO:fitness.free_loss_fidelity: RL4CO free-loss step 1/200: score=7.826895 (avg=7.826895), loss=9278.333008 (avg=9278.333008), pairs_step=12149, pairs_total=12149
[2026-02-28 17:26:10,792] INFO:fitness.free_loss_fidelity: RL4CO free-loss step 20/200: score=7.818832 (avg=7.839792), loss=10180.369141 (avg=9655.785645), pairs_step=12158, pairs_total=243101
[2026-02-28 17:26:17,620] INFO:fitness.free_loss_fidelity: RL4CO free-loss step 40/200: score=7.859350 (avg=7.839769), loss=9919.044922 (avg=9889.879810), pairs_step=12157, pairs_total=486235
[2026-02-28 17:26:24,538] INFO:fitness.free_loss_fidelity: RL4CO free-loss step 60/200: score=7.848140 (avg=7.836709), loss=10423.535156 (avg=9960.653792), pairs_step=12158, pairs_total=729343
[2026-02-28 17:26:31,449] INFO:fitness.free_loss_fidelity: RL4CO free-loss step 80/200: score=7.843091 (avg=7.836791), loss=10193.152344 (avg=10029.679211), pairs_step=12157, pairs_total=972478
[2026-02-28 17:26:38,355] INFO:fitness.free_loss_fidelity: RL4CO free-loss step 100/200: score=7.795375 (avg=7.838015), loss=10689.671875 (avg=10101.415273), pairs_step=12159, pairs_total=1215616
[2026-02-28 17:26:45,277] INFO:fitness.free_loss_fidelity: RL4CO free-loss step 120/200: score=7.821707 (avg=7.840401), loss=10415.693359 (avg=10204.512866), pairs_step=12160, pairs_total=1458788
[2026-02-28 17:26:52,012] INFO:fitness.free_loss_fidelity: RL4CO free-loss step 140/200: score=7.864493 (avg=7.842258), loss=10248.464844 (avg=10204.765562), pairs_step=12158, pairs_total=1701961
[2026-02-28 17:26:57,800] INFO:fitness.free_loss_fidelity: RL4CO free-loss step 160/200: score=7.871126 (avg=7.843877), loss=10051.587891 (avg=10194.208636), pairs_step=12160, pairs_total=1945151
[2026-02-28 17:27:03,587] INFO:fitness.free_loss_fidelity: RL4CO free-loss step 180/200: score=7.905115 (avg=7.848491), loss=10371.124023 (avg=10175.375043), pairs_step=12160, pairs_total=2188351
[2026-02-28 17:27:09,367] INFO:fitness.free_loss_fidelity: RL4CO free-loss step 200/200: score=7.986987 (avg=7.858014), loss=11106.777344 (avg=10241.509370), pairs_step=12160, pairs_total=2431551
