[2026-02-28 17:15:06,131] INFO:fitness.free_loss_fidelity: Stage3 offline mini-train start gen=3 pair_index=0 K=200 seed=12345 valid_sizes=[20, 100] baseline_json=baseline/mini_eval/baseline_minitrain_tsp100_K200.json
[2026-02-28 17:15:13,169] INFO:fitness.free_loss_fidelity: RL4CO free-loss (step-mode): f1_steps=200, f2_steps=0, total_steps=200, train_problem_size=100, rollouts=20, batch_size=64, device=cuda:0, env=tsp
[2026-02-28 17:15:14,504] INFO:fitness.free_loss_fidelity: RL4CO free-loss step 1/200: score=36.626595 (avg=36.626595), loss=0.843608 (avg=0.843608), pairs_step=12160, pairs_total=12160
[2026-02-28 17:15:20,306] INFO:fitness.free_loss_fidelity: RL4CO free-loss step 20/200: score=10.768730 (avg=13.508374), loss=0.629088 (avg=0.648010), pairs_step=12160, pairs_total=243200
[2026-02-28 17:15:26,104] INFO:fitness.free_loss_fidelity: RL4CO free-loss step 40/200: score=9.963045 (avg=11.891813), loss=0.626757 (avg=0.632513), pairs_step=12160, pairs_total=486400
[2026-02-28 17:15:31,767] INFO:fitness.free_loss_fidelity: RL4CO free-loss step 60/200: score=9.860447 (avg=11.207909), loss=0.613647 (avg=0.625199), pairs_step=12160, pairs_total=729600
[2026-02-28 17:15:37,419] INFO:fitness.free_loss_fidelity: RL4CO free-loss step 80/200: score=9.551335 (avg=10.822682), loss=0.605111 (avg=0.619763), pairs_step=12160, pairs_total=972800
[2026-02-28 17:15:43,068] INFO:fitness.free_loss_fidelity: RL4CO free-loss step 100/200: score=9.404047 (avg=10.561912), loss=0.609394 (avg=0.614855), pairs_step=12160, pairs_total=1215999
[2026-02-28 17:15:48,713] INFO:fitness.free_loss_fidelity: RL4CO free-loss step 120/200: score=9.446189 (avg=10.376880), loss=0.591091 (avg=0.610874), pairs_step=12160, pairs_total=1459199
[2026-02-28 17:15:54,333] INFO:fitness.free_loss_fidelity: RL4CO free-loss step 140/200: score=9.528522 (avg=10.242777), loss=0.593409 (avg=0.607081), pairs_step=12160, pairs_total=1702399
[2026-02-28 17:15:59,951] INFO:fitness.free_loss_fidelity: RL4CO free-loss step 160/200: score=9.388998 (avg=10.132658), loss=0.596235 (avg=0.605397), pairs_step=12160, pairs_total=1945598
[2026-02-28 17:16:05,621] INFO:fitness.free_loss_fidelity: RL4CO free-loss step 180/200: score=9.176249 (avg=10.034320), loss=0.597688 (avg=0.603851), pairs_step=12160, pairs_total=2188798
[2026-02-28 17:16:11,243] INFO:fitness.free_loss_fidelity: RL4CO free-loss step 200/200: score=9.220068 (avg=9.951458), loss=0.568307 (avg=0.602204), pairs_step=12160, pairs_total=2431998
[2026-02-28 17:16:12,500] WARNING:fitness.free_loss_fidelity: weights_only checkpoint load failed (UnpicklingError); retrying weights_only=False for /data1/gushengda/eam-rl4co/baseline/epoch_135.ckpt
[2026-02-28 17:16:12,546] INFO:fitness.free_loss_fidelity: Loaded init checkpoint into policy: path=/data1/gushengda/eam-rl4co/baseline/epoch_135.ckpt prefix=policy. matched=97 missing=0 unexpected=0
[2026-02-28 17:16:12,551] INFO:fitness.free_loss_fidelity: RL4CO free-loss (step-mode): f1_steps=200, f2_steps=0, total_steps=200, train_problem_size=100, rollouts=20, batch_size=64, device=cuda:0, env=tsp
[2026-02-28 17:16:12,881] INFO:fitness.free_loss_fidelity: RL4CO free-loss step 1/200: score=7.825121 (avg=7.825121), loss=0.713557 (avg=0.713557), pairs_step=12151, pairs_total=12151
[2026-02-28 17:16:18,246] INFO:fitness.free_loss_fidelity: RL4CO free-loss step 20/200: score=7.813593 (avg=7.840962), loss=0.714576 (avg=0.706400), pairs_step=12151, pairs_total=243051
[2026-02-28 17:16:23,880] INFO:fitness.free_loss_fidelity: RL4CO free-loss step 40/200: score=7.850454 (avg=7.839023), loss=0.706002 (avg=0.707920), pairs_step=12155, pairs_total=486160
[2026-02-28 17:16:29,513] INFO:fitness.free_loss_fidelity: RL4CO free-loss step 60/200: score=7.846819 (avg=7.834750), loss=0.710343 (avg=0.708643), pairs_step=12158, pairs_total=729244
[2026-02-28 17:16:35,153] INFO:fitness.free_loss_fidelity: RL4CO free-loss step 80/200: score=7.843516 (avg=7.834119), loss=0.719538 (avg=0.709325), pairs_step=12153, pairs_total=972333
[2026-02-28 17:16:40,772] INFO:fitness.free_loss_fidelity: RL4CO free-loss step 100/200: score=7.787695 (avg=7.835144), loss=0.709015 (avg=0.710104), pairs_step=12152, pairs_total=1215441
[2026-02-28 17:16:46,399] INFO:fitness.free_loss_fidelity: RL4CO free-loss step 120/200: score=7.805243 (avg=7.836581), loss=0.705029 (avg=0.710475), pairs_step=12157, pairs_total=1458538
[2026-02-28 17:16:52,025] INFO:fitness.free_loss_fidelity: RL4CO free-loss step 140/200: score=7.865141 (avg=7.837899), loss=0.712938 (avg=0.710760), pairs_step=12152, pairs_total=1701631
[2026-02-28 17:16:57,643] INFO:fitness.free_loss_fidelity: RL4CO free-loss step 160/200: score=7.835464 (avg=7.837716), loss=0.702868 (avg=0.710859), pairs_step=12154, pairs_total=1944716
[2026-02-28 17:17:03,291] INFO:fitness.free_loss_fidelity: RL4CO free-loss step 180/200: score=7.825641 (avg=7.837093), loss=0.716023 (avg=0.710935), pairs_step=12151, pairs_total=2187812
[2026-02-28 17:17:08,893] INFO:fitness.free_loss_fidelity: RL4CO free-loss step 200/200: score=7.868529 (avg=7.836471), loss=0.716681 (avg=0.711321), pairs_step=12159, pairs_total=2430919
[2026-02-28 17:17:10,144] WARNING:fitness.free_loss_fidelity: weights_only checkpoint load failed (UnpicklingError); retrying weights_only=False for /data1/gushengda/eam-rl4co/baseline/epoch_409.ckpt
[2026-02-28 17:17:10,185] INFO:fitness.free_loss_fidelity: Loaded init checkpoint into policy: path=/data1/gushengda/eam-rl4co/baseline/epoch_409.ckpt prefix=policy. matched=97 missing=0 unexpected=0
[2026-02-28 17:17:10,190] INFO:fitness.free_loss_fidelity: RL4CO free-loss (step-mode): f1_steps=200, f2_steps=0, total_steps=200, train_problem_size=100, rollouts=20, batch_size=64, device=cuda:0, env=tsp
[2026-02-28 17:17:10,513] INFO:fitness.free_loss_fidelity: RL4CO free-loss step 1/200: score=7.826895 (avg=7.826895), loss=0.205825 (avg=0.205825), pairs_step=12149, pairs_total=12149
[2026-02-28 17:17:15,887] INFO:fitness.free_loss_fidelity: RL4CO free-loss step 20/200: score=7.811195 (avg=7.839203), loss=0.187395 (avg=0.191312), pairs_step=12152, pairs_total=243036
[2026-02-28 17:17:21,513] INFO:fitness.free_loss_fidelity: RL4CO free-loss step 40/200: score=7.851297 (avg=7.835179), loss=0.186881 (avg=0.191569), pairs_step=12152, pairs_total=486127
[2026-02-28 17:17:27,127] INFO:fitness.free_loss_fidelity: RL4CO free-loss step 60/200: score=7.843321 (avg=7.832454), loss=0.218500 (avg=0.194952), pairs_step=12154, pairs_total=729242
[2026-02-28 17:17:32,757] INFO:fitness.free_loss_fidelity: RL4CO free-loss step 80/200: score=7.830318 (avg=7.831830), loss=0.199289 (avg=0.197831), pairs_step=12157, pairs_total=972315
[2026-02-28 17:17:38,395] INFO:fitness.free_loss_fidelity: RL4CO free-loss step 100/200: score=7.788252 (avg=7.832468), loss=0.204631 (avg=0.198037), pairs_step=12148, pairs_total=1215389
[2026-02-28 17:17:44,090] INFO:fitness.free_loss_fidelity: RL4CO free-loss step 120/200: score=7.799463 (avg=7.833973), loss=0.197642 (avg=0.198004), pairs_step=12151, pairs_total=1458471
[2026-02-28 17:17:50,219] INFO:fitness.free_loss_fidelity: RL4CO free-loss step 140/200: score=7.859613 (avg=7.834717), loss=0.190650 (avg=0.197711), pairs_step=12141, pairs_total=1701511
[2026-02-28 17:17:56,452] INFO:fitness.free_loss_fidelity: RL4CO free-loss step 160/200: score=7.834271 (avg=7.834761), loss=0.211576 (avg=0.197810), pairs_step=12157, pairs_total=1944599
[2026-02-28 17:18:02,506] INFO:fitness.free_loss_fidelity: RL4CO free-loss step 180/200: score=7.821875 (avg=7.833986), loss=0.193374 (avg=0.198097), pairs_step=12152, pairs_total=2187642
[2026-02-28 17:18:08,536] INFO:fitness.free_loss_fidelity: RL4CO free-loss step 200/200: score=7.850322 (avg=7.832673), loss=0.180887 (avg=0.197225), pairs_step=12152, pairs_total=2430714
