[2026-02-22 18:25:33,916] INFO:fitness.free_loss_fidelity: RL4CO free-loss phase=scratch: epochs=10 steps_f1=15630 steps_f2=0 total_steps=15630 (ckpt=none, device=cuda:0, env=tsp)
[2026-02-22 18:25:33,916] INFO:fitness.free_loss_fidelity: RL4CO free-loss phase=scratch: epochs=10 steps_f1=15630 steps_f2=0 total_steps=15630 (ckpt=none, device=cuda:0, env=tsp)
[2026-02-22 18:25:35,266] INFO:fitness.free_loss_fidelity: RL4CO free-loss[scratch] step 1/15630: score=50.776741 (avg=50.776741), loss=0.687331 (avg=0.687331), pairs_step=316800, pairs_total=316800
[2026-02-22 18:25:35,266] INFO:fitness.free_loss_fidelity: RL4CO free-loss[scratch] step 1/15630: score=50.776741 (avg=50.776741), loss=0.687331 (avg=0.687331), pairs_step=316800, pairs_total=316800
[2026-02-22 18:34:04,892] INFO:fitness.free_loss_fidelity: RL4CO free-loss[scratch] step 1563/15630: score=8.136197 (avg=8.414608), loss=0.616852 (avg=0.604444), pairs_step=316800, pairs_total=495157843
[2026-02-22 18:34:04,892] INFO:fitness.free_loss_fidelity: RL4CO free-loss[scratch] step 1563/15630: score=8.136197 (avg=8.414608), loss=0.616852 (avg=0.604444), pairs_step=316800, pairs_total=495157843
[2026-02-22 18:34:25,450] INFO:fitness.free_loss_fidelity: RL4CO free-loss[scratch] epoch 1/10: validation_objective=8.021884
[2026-02-22 18:34:25,450] INFO:fitness.free_loss_fidelity: RL4CO free-loss[scratch] epoch 1/10: validation_objective=8.021884
[2026-02-22 18:42:54,362] INFO:fitness.free_loss_fidelity: RL4CO free-loss[scratch] step 3126/15630: score=8.083252 (avg=8.247581), loss=0.622469 (avg=0.613288), pairs_step=316800, pairs_total=990315558
[2026-02-22 18:42:54,362] INFO:fitness.free_loss_fidelity: RL4CO free-loss[scratch] step 3126/15630: score=8.083252 (avg=8.247581), loss=0.622469 (avg=0.613288), pairs_step=316800, pairs_total=990315558
[2026-02-22 18:43:14,944] INFO:fitness.free_loss_fidelity: RL4CO free-loss[scratch] epoch 2/10: validation_objective=7.988768
[2026-02-22 18:43:14,944] INFO:fitness.free_loss_fidelity: RL4CO free-loss[scratch] epoch 2/10: validation_objective=7.988768
[2026-02-22 18:51:44,073] INFO:fitness.free_loss_fidelity: RL4CO free-loss[scratch] step 4689/15630: score=8.031825 (avg=8.175233), loss=0.628452 (avg=0.617418), pairs_step=316799, pairs_total=1485473211
[2026-02-22 18:51:44,073] INFO:fitness.free_loss_fidelity: RL4CO free-loss[scratch] step 4689/15630: score=8.031825 (avg=8.175233), loss=0.628452 (avg=0.617418), pairs_step=316799, pairs_total=1485473211
[2026-02-22 18:52:04,649] INFO:fitness.free_loss_fidelity: RL4CO free-loss[scratch] epoch 3/10: validation_objective=7.973757
[2026-02-22 18:52:04,649] INFO:fitness.free_loss_fidelity: RL4CO free-loss[scratch] epoch 3/10: validation_objective=7.973757
[2026-02-22 19:00:34,017] INFO:fitness.free_loss_fidelity: RL4CO free-loss[scratch] step 6252/15630: score=8.032579 (avg=8.130649), loss=0.521242 (avg=0.614927), pairs_step=316800, pairs_total=1980630874
[2026-02-22 19:00:34,017] INFO:fitness.free_loss_fidelity: RL4CO free-loss[scratch] step 6252/15630: score=8.032579 (avg=8.130649), loss=0.521242 (avg=0.614927), pairs_step=316800, pairs_total=1980630874
[2026-02-22 19:00:54,606] INFO:fitness.free_loss_fidelity: RL4CO free-loss[scratch] epoch 4/10: validation_objective=7.942603
[2026-02-22 19:00:54,606] INFO:fitness.free_loss_fidelity: RL4CO free-loss[scratch] epoch 4/10: validation_objective=7.942603
[2026-02-22 19:09:19,910] INFO:fitness.free_loss_fidelity: RL4CO free-loss[scratch] step 7815/15630: score=7.981628 (avg=8.101445), loss=0.491134 (avg=0.592659), pairs_step=316800, pairs_total=2475788741
[2026-02-22 19:09:19,910] INFO:fitness.free_loss_fidelity: RL4CO free-loss[scratch] step 7815/15630: score=7.981628 (avg=8.101445), loss=0.491134 (avg=0.592659), pairs_step=316800, pairs_total=2475788741
[2026-02-22 19:09:40,395] INFO:fitness.free_loss_fidelity: RL4CO free-loss[scratch] epoch 5/10: validation_objective=7.932245
[2026-02-22 19:09:40,395] INFO:fitness.free_loss_fidelity: RL4CO free-loss[scratch] epoch 5/10: validation_objective=7.932245
[2026-02-22 19:17:52,420] INFO:fitness.free_loss_fidelity: RL4CO free-loss[scratch] step 9378/15630: score=7.983726 (avg=8.080805), loss=0.462414 (avg=0.573807), pairs_step=316800, pairs_total=2970946633
[2026-02-22 19:17:52,420] INFO:fitness.free_loss_fidelity: RL4CO free-loss[scratch] step 9378/15630: score=7.983726 (avg=8.080805), loss=0.462414 (avg=0.573807), pairs_step=316800, pairs_total=2970946633
[2026-02-22 19:18:12,908] INFO:fitness.free_loss_fidelity: RL4CO free-loss[scratch] epoch 6/10: validation_objective=7.921316
[2026-02-22 19:18:12,908] INFO:fitness.free_loss_fidelity: RL4CO free-loss[scratch] epoch 6/10: validation_objective=7.921316
[2026-02-22 19:26:13,724] INFO:fitness.free_loss_fidelity: RL4CO free-loss[scratch] step 10941/15630: score=7.902168 (avg=8.064072), loss=0.438627 (avg=0.555955), pairs_step=316800, pairs_total=3466104633
[2026-02-22 19:26:13,724] INFO:fitness.free_loss_fidelity: RL4CO free-loss[scratch] step 10941/15630: score=7.902168 (avg=8.064072), loss=0.438627 (avg=0.555955), pairs_step=316800, pairs_total=3466104633
[2026-02-22 19:26:34,211] INFO:fitness.free_loss_fidelity: RL4CO free-loss[scratch] epoch 7/10: validation_objective=7.907035
[2026-02-22 19:26:34,211] INFO:fitness.free_loss_fidelity: RL4CO free-loss[scratch] epoch 7/10: validation_objective=7.907035
[2026-02-22 19:34:34,919] INFO:fitness.free_loss_fidelity: RL4CO free-loss[scratch] step 12504/15630: score=7.913736 (avg=8.049905), loss=0.431865 (avg=0.540530), pairs_step=316800, pairs_total=3961262616
[2026-02-22 19:34:34,919] INFO:fitness.free_loss_fidelity: RL4CO free-loss[scratch] step 12504/15630: score=7.913736 (avg=8.049905), loss=0.431865 (avg=0.540530), pairs_step=316800, pairs_total=3961262616
[2026-02-22 19:34:55,415] INFO:fitness.free_loss_fidelity: RL4CO free-loss[scratch] epoch 8/10: validation_objective=7.905248
[2026-02-22 19:34:55,415] INFO:fitness.free_loss_fidelity: RL4CO free-loss[scratch] epoch 8/10: validation_objective=7.905248
[2026-02-22 19:42:56,162] INFO:fitness.free_loss_fidelity: RL4CO free-loss[scratch] step 14067/15630: score=7.981699 (avg=8.037324), loss=0.427767 (avg=0.528033), pairs_step=316799, pairs_total=4456420609
[2026-02-22 19:42:56,162] INFO:fitness.free_loss_fidelity: RL4CO free-loss[scratch] step 14067/15630: score=7.981699 (avg=8.037324), loss=0.427767 (avg=0.528033), pairs_step=316799, pairs_total=4456420609
[2026-02-22 19:43:16,649] INFO:fitness.free_loss_fidelity: RL4CO free-loss[scratch] epoch 9/10: validation_objective=7.894683
[2026-02-22 19:43:16,649] INFO:fitness.free_loss_fidelity: RL4CO free-loss[scratch] epoch 9/10: validation_objective=7.894683
[2026-02-22 19:51:17,501] INFO:fitness.free_loss_fidelity: RL4CO free-loss[scratch] step 15630/15630: score=7.894320 (avg=8.026099), loss=0.426359 (avg=0.517902), pairs_step=316800, pairs_total=4951578469
[2026-02-22 19:51:17,501] INFO:fitness.free_loss_fidelity: RL4CO free-loss[scratch] step 15630/15630: score=7.894320 (avg=8.026099), loss=0.426359 (avg=0.517902), pairs_step=316800, pairs_total=4951578469
[2026-02-22 19:51:38,001] INFO:fitness.free_loss_fidelity: RL4CO free-loss[scratch] epoch 10/10: validation_objective=7.878405
[2026-02-22 19:51:38,001] INFO:fitness.free_loss_fidelity: RL4CO free-loss[scratch] epoch 10/10: validation_objective=7.878405
[2026-02-22 19:51:58,722] WARNING:fitness.free_loss_fidelity: weights_only checkpoint load failed (UnpicklingError); retrying weights_only=False for /data1/gushengda/eam-rl4co/baseline/epoch_409.ckpt
[2026-02-22 19:51:58,722] WARNING:fitness.free_loss_fidelity: weights_only checkpoint load failed (UnpicklingError); retrying weights_only=False for /data1/gushengda/eam-rl4co/baseline/epoch_409.ckpt
[2026-02-22 19:51:58,765] INFO:fitness.free_loss_fidelity: Loaded init checkpoint into policy: path=/data1/gushengda/eam-rl4co/baseline/epoch_409.ckpt prefix=policy. matched=97 missing=0 unexpected=0
[2026-02-22 19:51:58,765] INFO:fitness.free_loss_fidelity: Loaded init checkpoint into policy: path=/data1/gushengda/eam-rl4co/baseline/epoch_409.ckpt prefix=policy. matched=97 missing=0 unexpected=0
[2026-02-22 19:51:58,770] INFO:fitness.free_loss_fidelity: RL4CO free-loss phase=warmstart: epochs=10 steps_f1=15630 steps_f2=0 total_steps=15630 (ckpt=/data1/gushengda/eam-rl4co/baseline/epoch_409.ckpt, device=cuda:0, env=tsp)
[2026-02-22 19:51:58,770] INFO:fitness.free_loss_fidelity: RL4CO free-loss phase=warmstart: epochs=10 steps_f1=15630 steps_f2=0 total_steps=15630 (ckpt=/data1/gushengda/eam-rl4co/baseline/epoch_409.ckpt, device=cuda:0, env=tsp)
[2026-02-22 19:51:59,190] INFO:fitness.free_loss_fidelity: RL4CO free-loss[warmstart] step 1/15630: score=7.827631 (avg=7.827631), loss=0.401564 (avg=0.401564), pairs_step=315941, pairs_total=315941
[2026-02-22 19:51:59,190] INFO:fitness.free_loss_fidelity: RL4CO free-loss[warmstart] step 1/15630: score=7.827631 (avg=7.827631), loss=0.401564 (avg=0.401564), pairs_step=315941, pairs_total=315941
[2026-02-22 20:00:19,845] INFO:fitness.free_loss_fidelity: RL4CO free-loss[warmstart] step 1563/15630: score=7.764550 (avg=7.797917), loss=0.399096 (avg=0.396426), pairs_step=315705, pairs_total=493664658
[2026-02-22 20:00:19,845] INFO:fitness.free_loss_fidelity: RL4CO free-loss[warmstart] step 1563/15630: score=7.764550 (avg=7.797917), loss=0.399096 (avg=0.396426), pairs_step=315705, pairs_total=493664658
[2026-02-22 20:00:40,335] INFO:fitness.free_loss_fidelity: RL4CO free-loss[warmstart] epoch 1/10: validation_objective=7.794071
[2026-02-22 20:00:40,335] INFO:fitness.free_loss_fidelity: RL4CO free-loss[warmstart] epoch 1/10: validation_objective=7.794071
[2026-02-22 20:08:40,953] INFO:fitness.free_loss_fidelity: RL4CO free-loss[warmstart] step 3126/15630: score=7.798046 (avg=7.797515), loss=0.380214 (avg=0.392488), pairs_step=316050, pairs_total=987453241
[2026-02-22 20:08:40,953] INFO:fitness.free_loss_fidelity: RL4CO free-loss[warmstart] step 3126/15630: score=7.798046 (avg=7.797515), loss=0.380214 (avg=0.392488), pairs_step=316050, pairs_total=987453241
[2026-02-22 20:09:01,438] INFO:fitness.free_loss_fidelity: RL4CO free-loss[warmstart] epoch 2/10: validation_objective=7.795932
[2026-02-22 20:09:01,438] INFO:fitness.free_loss_fidelity: RL4CO free-loss[warmstart] epoch 2/10: validation_objective=7.795932
[2026-02-22 20:17:02,003] INFO:fitness.free_loss_fidelity: RL4CO free-loss[warmstart] step 4689/15630: score=7.786530 (avg=7.797363), loss=0.371129 (avg=0.386202), pairs_step=316304, pairs_total=1481593142
[2026-02-22 20:17:02,003] INFO:fitness.free_loss_fidelity: RL4CO free-loss[warmstart] step 4689/15630: score=7.786530 (avg=7.797363), loss=0.371129 (avg=0.386202), pairs_step=316304, pairs_total=1481593142
[2026-02-22 20:17:22,462] INFO:fitness.free_loss_fidelity: RL4CO free-loss[warmstart] epoch 3/10: validation_objective=7.801862
[2026-02-22 20:17:22,462] INFO:fitness.free_loss_fidelity: RL4CO free-loss[warmstart] epoch 3/10: validation_objective=7.801862
[2026-02-22 20:25:22,968] INFO:fitness.free_loss_fidelity: RL4CO free-loss[warmstart] step 6252/15630: score=7.769807 (avg=7.797651), loss=0.373440 (avg=0.382555), pairs_step=315879, pairs_total=1975836297
[2026-02-22 20:25:22,968] INFO:fitness.free_loss_fidelity: RL4CO free-loss[warmstart] step 6252/15630: score=7.769807 (avg=7.797651), loss=0.373440 (avg=0.382555), pairs_step=315879, pairs_total=1975836297
[2026-02-22 20:25:43,440] INFO:fitness.free_loss_fidelity: RL4CO free-loss[warmstart] epoch 4/10: validation_objective=7.793855
[2026-02-22 20:25:43,440] INFO:fitness.free_loss_fidelity: RL4CO free-loss[warmstart] epoch 4/10: validation_objective=7.793855
[2026-02-22 20:33:43,649] INFO:fitness.free_loss_fidelity: RL4CO free-loss[warmstart] step 7815/15630: score=7.786135 (avg=7.797986), loss=0.371297 (avg=0.380631), pairs_step=316097, pairs_total=2470085105
[2026-02-22 20:33:43,649] INFO:fitness.free_loss_fidelity: RL4CO free-loss[warmstart] step 7815/15630: score=7.786135 (avg=7.797986), loss=0.371297 (avg=0.380631), pairs_step=316097, pairs_total=2470085105
[2026-02-22 20:34:04,122] INFO:fitness.free_loss_fidelity: RL4CO free-loss[warmstart] epoch 5/10: validation_objective=7.797433
[2026-02-22 20:34:04,122] INFO:fitness.free_loss_fidelity: RL4CO free-loss[warmstart] epoch 5/10: validation_objective=7.797433
[2026-02-22 20:42:04,254] INFO:fitness.free_loss_fidelity: RL4CO free-loss[warmstart] step 9378/15630: score=7.800114 (avg=7.798120), loss=0.381116 (avg=0.379421), pairs_step=316255, pairs_total=2964336267
[2026-02-22 20:42:04,254] INFO:fitness.free_loss_fidelity: RL4CO free-loss[warmstart] step 9378/15630: score=7.800114 (avg=7.798120), loss=0.381116 (avg=0.379421), pairs_step=316255, pairs_total=2964336267
[2026-02-22 20:42:24,719] INFO:fitness.free_loss_fidelity: RL4CO free-loss[warmstart] epoch 6/10: validation_objective=7.796579
[2026-02-22 20:42:24,719] INFO:fitness.free_loss_fidelity: RL4CO free-loss[warmstart] epoch 6/10: validation_objective=7.796579
[2026-02-22 20:50:22,096] INFO:fitness.free_loss_fidelity: RL4CO free-loss[warmstart] step 10941/15630: score=7.774655 (avg=7.798013), loss=0.372060 (avg=0.378576), pairs_step=316154, pairs_total=3458610548
[2026-02-22 20:50:22,096] INFO:fitness.free_loss_fidelity: RL4CO free-loss[warmstart] step 10941/15630: score=7.774655 (avg=7.798013), loss=0.372060 (avg=0.378576), pairs_step=316154, pairs_total=3458610548
[2026-02-22 20:50:42,557] INFO:fitness.free_loss_fidelity: RL4CO free-loss[warmstart] epoch 7/10: validation_objective=7.795320
[2026-02-22 20:50:42,557] INFO:fitness.free_loss_fidelity: RL4CO free-loss[warmstart] epoch 7/10: validation_objective=7.795320
[2026-02-22 20:58:39,567] INFO:fitness.free_loss_fidelity: RL4CO free-loss[warmstart] step 12504/15630: score=7.730348 (avg=7.798025), loss=0.370766 (avg=0.377757), pairs_step=316276, pairs_total=3952923405
[2026-02-22 20:58:39,567] INFO:fitness.free_loss_fidelity: RL4CO free-loss[warmstart] step 12504/15630: score=7.730348 (avg=7.798025), loss=0.370766 (avg=0.377757), pairs_step=316276, pairs_total=3952923405
[2026-02-22 20:59:00,013] INFO:fitness.free_loss_fidelity: RL4CO free-loss[warmstart] epoch 8/10: validation_objective=7.794653
[2026-02-22 20:59:00,013] INFO:fitness.free_loss_fidelity: RL4CO free-loss[warmstart] epoch 8/10: validation_objective=7.794653
[2026-02-22 21:06:56,782] INFO:fitness.free_loss_fidelity: RL4CO free-loss[warmstart] step 14067/15630: score=7.810645 (avg=7.797993), loss=0.368742 (avg=0.377218), pairs_step=316413, pairs_total=4447197090
[2026-02-22 21:06:56,782] INFO:fitness.free_loss_fidelity: RL4CO free-loss[warmstart] step 14067/15630: score=7.810645 (avg=7.797993), loss=0.368742 (avg=0.377218), pairs_step=316413, pairs_total=4447197090
[2026-02-22 21:07:17,248] INFO:fitness.free_loss_fidelity: RL4CO free-loss[warmstart] epoch 9/10: validation_objective=7.793917
[2026-02-22 21:07:17,248] INFO:fitness.free_loss_fidelity: RL4CO free-loss[warmstart] epoch 9/10: validation_objective=7.793917
[2026-02-22 21:15:14,610] INFO:fitness.free_loss_fidelity: RL4CO free-loss[warmstart] step 15630/15630: score=7.784274 (avg=7.797936), loss=0.372127 (avg=0.376317), pairs_step=316445, pairs_total=4941593384
[2026-02-22 21:15:14,610] INFO:fitness.free_loss_fidelity: RL4CO free-loss[warmstart] step 15630/15630: score=7.784274 (avg=7.797936), loss=0.372127 (avg=0.376317), pairs_step=316445, pairs_total=4941593384
[2026-02-22 21:15:35,107] INFO:fitness.free_loss_fidelity: RL4CO free-loss[warmstart] epoch 10/10: validation_objective=7.794581
[2026-02-22 21:15:35,107] INFO:fitness.free_loss_fidelity: RL4CO free-loss[warmstart] epoch 10/10: validation_objective=7.794581
