[2026-02-23 01:42:49,099] INFO:fitness.free_loss_fidelity: RL4CO free-loss phase=scratch: epochs=10 steps_f1=15630 steps_f2=0 total_steps=15630 (ckpt=none, device=cuda:0, env=tsp)
[2026-02-23 01:42:49,099] INFO:fitness.free_loss_fidelity: RL4CO free-loss phase=scratch: epochs=10 steps_f1=15630 steps_f2=0 total_steps=15630 (ckpt=none, device=cuda:0, env=tsp)
[2026-02-23 01:42:49,501] INFO:fitness.free_loss_fidelity: RL4CO free-loss[scratch] step 1/15630: score=50.776741 (avg=50.776741), loss=1.917918 (avg=1.917918), pairs_step=316800, pairs_total=316800
[2026-02-23 01:42:49,501] INFO:fitness.free_loss_fidelity: RL4CO free-loss[scratch] step 1/15630: score=50.776741 (avg=50.776741), loss=1.917918 (avg=1.917918), pairs_step=316800, pairs_total=316800
[2026-02-23 01:50:51,564] INFO:fitness.free_loss_fidelity: RL4CO free-loss[scratch] step 1563/15630: score=40.681770 (avg=38.377593), loss=0.864631 (avg=0.863418), pairs_step=316800, pairs_total=495158119
[2026-02-23 01:50:51,564] INFO:fitness.free_loss_fidelity: RL4CO free-loss[scratch] step 1563/15630: score=40.681770 (avg=38.377593), loss=0.864631 (avg=0.863418), pairs_step=316800, pairs_total=495158119
[2026-02-23 01:51:12,163] INFO:fitness.free_loss_fidelity: RL4CO free-loss[scratch] epoch 1/10: validation_objective=36.548179
[2026-02-23 01:51:12,163] INFO:fitness.free_loss_fidelity: RL4CO free-loss[scratch] epoch 1/10: validation_objective=36.548179
[2026-02-23 01:59:13,994] INFO:fitness.free_loss_fidelity: RL4CO free-loss[scratch] step 3126/15630: score=46.492794 (avg=42.304001), loss=0.567206 (avg=0.783161), pairs_step=316800, pairs_total=990316215
[2026-02-23 01:59:13,994] INFO:fitness.free_loss_fidelity: RL4CO free-loss[scratch] step 3126/15630: score=46.492794 (avg=42.304001), loss=0.567206 (avg=0.783161), pairs_step=316800, pairs_total=990316215
[2026-02-23 01:59:34,546] INFO:fitness.free_loss_fidelity: RL4CO free-loss[scratch] epoch 2/10: validation_objective=34.607249
[2026-02-23 01:59:34,546] INFO:fitness.free_loss_fidelity: RL4CO free-loss[scratch] epoch 2/10: validation_objective=34.607249
[2026-02-23 02:07:36,112] INFO:fitness.free_loss_fidelity: RL4CO free-loss[scratch] step 4689/15630: score=46.673847 (avg=43.743914), loss=0.567239 (avg=0.710605), pairs_step=316800, pairs_total=1485474303
[2026-02-23 02:07:36,112] INFO:fitness.free_loss_fidelity: RL4CO free-loss[scratch] step 4689/15630: score=46.673847 (avg=43.743914), loss=0.567239 (avg=0.710605), pairs_step=316800, pairs_total=1485474303
[2026-02-23 02:07:56,659] INFO:fitness.free_loss_fidelity: RL4CO free-loss[scratch] epoch 3/10: validation_objective=35.815161
[2026-02-23 02:07:56,659] INFO:fitness.free_loss_fidelity: RL4CO free-loss[scratch] epoch 3/10: validation_objective=35.815161
[2026-02-23 02:15:58,514] INFO:fitness.free_loss_fidelity: RL4CO free-loss[scratch] step 6252/15630: score=46.523403 (avg=44.462768), loss=0.567087 (avg=0.674612), pairs_step=316800, pairs_total=1980632430
[2026-02-23 02:15:58,514] INFO:fitness.free_loss_fidelity: RL4CO free-loss[scratch] step 6252/15630: score=46.523403 (avg=44.462768), loss=0.567087 (avg=0.674612), pairs_step=316800, pairs_total=1980632430
[2026-02-23 02:16:19,040] INFO:fitness.free_loss_fidelity: RL4CO free-loss[scratch] epoch 4/10: validation_objective=50.528742
[2026-02-23 02:16:19,040] INFO:fitness.free_loss_fidelity: RL4CO free-loss[scratch] epoch 4/10: validation_objective=50.528742
[2026-02-23 02:24:20,044] INFO:fitness.free_loss_fidelity: RL4CO free-loss[scratch] step 7815/15630: score=46.693306 (avg=44.896861), loss=0.567046 (avg=0.653112), pairs_step=316800, pairs_total=2475790525
[2026-02-23 02:24:20,044] INFO:fitness.free_loss_fidelity: RL4CO free-loss[scratch] step 7815/15630: score=46.693306 (avg=44.896861), loss=0.567046 (avg=0.653112), pairs_step=316800, pairs_total=2475790525
[2026-02-23 02:24:40,571] INFO:fitness.free_loss_fidelity: RL4CO free-loss[scratch] epoch 5/10: validation_objective=50.797842
[2026-02-23 02:24:40,571] INFO:fitness.free_loss_fidelity: RL4CO free-loss[scratch] epoch 5/10: validation_objective=50.797842
[2026-02-23 02:32:40,082] INFO:fitness.free_loss_fidelity: RL4CO free-loss[scratch] step 9378/15630: score=46.801208 (avg=45.187892), loss=0.567028 (avg=0.638778), pairs_step=316800, pairs_total=2970948667
[2026-02-23 02:32:40,082] INFO:fitness.free_loss_fidelity: RL4CO free-loss[scratch] step 9378/15630: score=46.801208 (avg=45.187892), loss=0.567028 (avg=0.638778), pairs_step=316800, pairs_total=2970948667
[2026-02-23 02:33:00,611] INFO:fitness.free_loss_fidelity: RL4CO free-loss[scratch] epoch 6/10: validation_objective=50.758883
[2026-02-23 02:33:00,611] INFO:fitness.free_loss_fidelity: RL4CO free-loss[scratch] epoch 6/10: validation_objective=50.758883
[2026-02-23 02:40:59,792] INFO:fitness.free_loss_fidelity: RL4CO free-loss[scratch] step 10941/15630: score=46.774212 (avg=45.393983), loss=0.567286 (avg=0.628539), pairs_step=316800, pairs_total=3466106804
[2026-02-23 02:40:59,792] INFO:fitness.free_loss_fidelity: RL4CO free-loss[scratch] step 10941/15630: score=46.774212 (avg=45.393983), loss=0.567286 (avg=0.628539), pairs_step=316800, pairs_total=3466106804
[2026-02-23 02:41:20,308] INFO:fitness.free_loss_fidelity: RL4CO free-loss[scratch] epoch 7/10: validation_objective=50.719360
[2026-02-23 02:41:20,308] INFO:fitness.free_loss_fidelity: RL4CO free-loss[scratch] epoch 7/10: validation_objective=50.719360
[2026-02-23 02:49:18,870] INFO:fitness.free_loss_fidelity: RL4CO free-loss[scratch] step 12504/15630: score=47.059120 (avg=45.549528), loss=0.567151 (avg=0.620860), pairs_step=316800, pairs_total=3961264953
[2026-02-23 02:49:18,870] INFO:fitness.free_loss_fidelity: RL4CO free-loss[scratch] step 12504/15630: score=47.059120 (avg=45.549528), loss=0.567151 (avg=0.620860), pairs_step=316800, pairs_total=3961264953
[2026-02-23 02:49:39,405] INFO:fitness.free_loss_fidelity: RL4CO free-loss[scratch] epoch 8/10: validation_objective=50.846148
[2026-02-23 02:49:39,405] INFO:fitness.free_loss_fidelity: RL4CO free-loss[scratch] epoch 8/10: validation_objective=50.846148
[2026-02-23 02:57:37,473] INFO:fitness.free_loss_fidelity: RL4CO free-loss[scratch] step 14067/15630: score=46.761497 (avg=45.669617), loss=0.567117 (avg=0.614889), pairs_step=316800, pairs_total=4456423056
[2026-02-23 02:57:37,473] INFO:fitness.free_loss_fidelity: RL4CO free-loss[scratch] step 14067/15630: score=46.761497 (avg=45.669617), loss=0.567117 (avg=0.614889), pairs_step=316800, pairs_total=4456423056
[2026-02-23 02:57:58,022] INFO:fitness.free_loss_fidelity: RL4CO free-loss[scratch] epoch 9/10: validation_objective=50.623281
[2026-02-23 02:57:58,022] INFO:fitness.free_loss_fidelity: RL4CO free-loss[scratch] epoch 9/10: validation_objective=50.623281
[2026-02-23 03:05:56,281] INFO:fitness.free_loss_fidelity: RL4CO free-loss[scratch] step 15630/15630: score=46.743645 (avg=45.766391), loss=0.566727 (avg=0.610112), pairs_step=316800, pairs_total=4951581155
[2026-02-23 03:05:56,281] INFO:fitness.free_loss_fidelity: RL4CO free-loss[scratch] step 15630/15630: score=46.743645 (avg=45.766391), loss=0.566727 (avg=0.610112), pairs_step=316800, pairs_total=4951581155
[2026-02-23 03:06:16,807] INFO:fitness.free_loss_fidelity: RL4CO free-loss[scratch] epoch 10/10: validation_objective=50.837576
[2026-02-23 03:06:16,807] INFO:fitness.free_loss_fidelity: RL4CO free-loss[scratch] epoch 10/10: validation_objective=50.837576
[2026-02-23 03:06:37,578] WARNING:fitness.free_loss_fidelity: weights_only checkpoint load failed (UnpicklingError); retrying weights_only=False for /data1/gushengda/eam-rl4co/baseline/epoch_409.ckpt
[2026-02-23 03:06:37,578] WARNING:fitness.free_loss_fidelity: weights_only checkpoint load failed (UnpicklingError); retrying weights_only=False for /data1/gushengda/eam-rl4co/baseline/epoch_409.ckpt
[2026-02-23 03:06:37,615] INFO:fitness.free_loss_fidelity: Loaded init checkpoint into policy: path=/data1/gushengda/eam-rl4co/baseline/epoch_409.ckpt prefix=policy. matched=97 missing=0 unexpected=0
[2026-02-23 03:06:37,615] INFO:fitness.free_loss_fidelity: Loaded init checkpoint into policy: path=/data1/gushengda/eam-rl4co/baseline/epoch_409.ckpt prefix=policy. matched=97 missing=0 unexpected=0
[2026-02-23 03:06:37,619] INFO:fitness.free_loss_fidelity: RL4CO free-loss phase=warmstart: epochs=10 steps_f1=15630 steps_f2=0 total_steps=15630 (ckpt=/data1/gushengda/eam-rl4co/baseline/epoch_409.ckpt, device=cuda:0, env=tsp)
[2026-02-23 03:06:37,619] INFO:fitness.free_loss_fidelity: RL4CO free-loss phase=warmstart: epochs=10 steps_f1=15630 steps_f2=0 total_steps=15630 (ckpt=/data1/gushengda/eam-rl4co/baseline/epoch_409.ckpt, device=cuda:0, env=tsp)
[2026-02-23 03:06:38,004] INFO:fitness.free_loss_fidelity: RL4CO free-loss[warmstart] step 1/15630: score=7.827631 (avg=7.827631), loss=0.244376 (avg=0.244376), pairs_step=315941, pairs_total=315941
[2026-02-23 03:06:38,004] INFO:fitness.free_loss_fidelity: RL4CO free-loss[warmstart] step 1/15630: score=7.827631 (avg=7.827631), loss=0.244376 (avg=0.244376), pairs_step=315941, pairs_total=315941
[2026-02-23 03:15:00,402] INFO:fitness.free_loss_fidelity: RL4CO free-loss[warmstart] step 1563/15630: score=22.265232 (avg=24.401892), loss=0.080164 (avg=0.111497), pairs_step=316800, pairs_total=495143665
[2026-02-23 03:15:00,402] INFO:fitness.free_loss_fidelity: RL4CO free-loss[warmstart] step 1563/15630: score=22.265232 (avg=24.401892), loss=0.080164 (avg=0.111497), pairs_step=316800, pairs_total=495143665
[2026-02-23 03:15:20,960] INFO:fitness.free_loss_fidelity: RL4CO free-loss[warmstart] epoch 1/10: validation_objective=8.227092
[2026-02-23 03:15:20,960] INFO:fitness.free_loss_fidelity: RL4CO free-loss[warmstart] epoch 1/10: validation_objective=8.227092
[2026-02-23 03:23:22,601] INFO:fitness.free_loss_fidelity: RL4CO free-loss[warmstart] step 3126/15630: score=20.698229 (avg=22.897716), loss=0.076354 (avg=0.094676), pairs_step=316800, pairs_total=990301875
[2026-02-23 03:23:22,601] INFO:fitness.free_loss_fidelity: RL4CO free-loss[warmstart] step 3126/15630: score=20.698229 (avg=22.897716), loss=0.076354 (avg=0.094676), pairs_step=316800, pairs_total=990301875
[2026-02-23 03:23:43,147] INFO:fitness.free_loss_fidelity: RL4CO free-loss[warmstart] epoch 2/10: validation_objective=8.165983
[2026-02-23 03:23:43,147] INFO:fitness.free_loss_fidelity: RL4CO free-loss[warmstart] epoch 2/10: validation_objective=8.165983
[2026-02-23 03:31:44,741] INFO:fitness.free_loss_fidelity: RL4CO free-loss[warmstart] step 4689/15630: score=19.713070 (avg=21.971068), loss=0.071943 (avg=0.087637), pairs_step=316799, pairs_total=1485460053
[2026-02-23 03:31:44,741] INFO:fitness.free_loss_fidelity: RL4CO free-loss[warmstart] step 4689/15630: score=19.713070 (avg=21.971068), loss=0.071943 (avg=0.087637), pairs_step=316799, pairs_total=1485460053
[2026-02-23 03:32:05,282] INFO:fitness.free_loss_fidelity: RL4CO free-loss[warmstart] epoch 3/10: validation_objective=8.148707
[2026-02-23 03:32:05,282] INFO:fitness.free_loss_fidelity: RL4CO free-loss[warmstart] epoch 3/10: validation_objective=8.148707
[2026-02-23 03:40:06,957] INFO:fitness.free_loss_fidelity: RL4CO free-loss[warmstart] step 6252/15630: score=19.036654 (avg=21.323724), loss=0.070187 (avg=0.083540), pairs_step=316800, pairs_total=1980618235
[2026-02-23 03:40:06,957] INFO:fitness.free_loss_fidelity: RL4CO free-loss[warmstart] step 6252/15630: score=19.036654 (avg=21.323724), loss=0.070187 (avg=0.083540), pairs_step=316800, pairs_total=1980618235
[2026-02-23 03:40:27,522] INFO:fitness.free_loss_fidelity: RL4CO free-loss[warmstart] epoch 4/10: validation_objective=8.123898
[2026-02-23 03:40:27,522] INFO:fitness.free_loss_fidelity: RL4CO free-loss[warmstart] epoch 4/10: validation_objective=8.123898
[2026-02-23 03:48:29,285] INFO:fitness.free_loss_fidelity: RL4CO free-loss[warmstart] step 7815/15630: score=18.629955 (avg=20.827976), loss=0.068028 (avg=0.080766), pairs_step=316800, pairs_total=2475776413
[2026-02-23 03:48:29,285] INFO:fitness.free_loss_fidelity: RL4CO free-loss[warmstart] step 7815/15630: score=18.629955 (avg=20.827976), loss=0.068028 (avg=0.080766), pairs_step=316800, pairs_total=2475776413
[2026-02-23 03:48:49,857] INFO:fitness.free_loss_fidelity: RL4CO free-loss[warmstart] epoch 5/10: validation_objective=8.112075
[2026-02-23 03:48:49,857] INFO:fitness.free_loss_fidelity: RL4CO free-loss[warmstart] epoch 5/10: validation_objective=8.112075
[2026-02-23 03:56:51,872] INFO:fitness.free_loss_fidelity: RL4CO free-loss[warmstart] step 9378/15630: score=18.199890 (avg=20.434257), loss=0.066322 (avg=0.078722), pairs_step=316800, pairs_total=2970934618
[2026-02-23 03:56:51,872] INFO:fitness.free_loss_fidelity: RL4CO free-loss[warmstart] step 9378/15630: score=18.199890 (avg=20.434257), loss=0.066322 (avg=0.078722), pairs_step=316800, pairs_total=2970934618
[2026-02-23 03:57:12,432] INFO:fitness.free_loss_fidelity: RL4CO free-loss[warmstart] epoch 6/10: validation_objective=8.089996
[2026-02-23 03:57:12,432] INFO:fitness.free_loss_fidelity: RL4CO free-loss[warmstart] epoch 6/10: validation_objective=8.089996
[2026-02-23 04:05:14,511] INFO:fitness.free_loss_fidelity: RL4CO free-loss[warmstart] step 10941/15630: score=17.965725 (avg=20.109603), loss=0.067820 (avg=0.077127), pairs_step=316800, pairs_total=3466092794
[2026-02-23 04:05:14,511] INFO:fitness.free_loss_fidelity: RL4CO free-loss[warmstart] step 10941/15630: score=17.965725 (avg=20.109603), loss=0.067820 (avg=0.077127), pairs_step=316800, pairs_total=3466092794
[2026-02-23 04:05:35,058] INFO:fitness.free_loss_fidelity: RL4CO free-loss[warmstart] epoch 7/10: validation_objective=8.090406
[2026-02-23 04:05:35,058] INFO:fitness.free_loss_fidelity: RL4CO free-loss[warmstart] epoch 7/10: validation_objective=8.090406
[2026-02-23 04:13:37,018] INFO:fitness.free_loss_fidelity: RL4CO free-loss[warmstart] step 12504/15630: score=17.871964 (avg=19.837149), loss=0.065946 (avg=0.075838), pairs_step=316800, pairs_total=3961250958
[2026-02-23 04:13:37,018] INFO:fitness.free_loss_fidelity: RL4CO free-loss[warmstart] step 12504/15630: score=17.871964 (avg=19.837149), loss=0.065946 (avg=0.075838), pairs_step=316800, pairs_total=3961250958
[2026-02-23 04:13:57,587] INFO:fitness.free_loss_fidelity: RL4CO free-loss[warmstart] epoch 8/10: validation_objective=8.076053
[2026-02-23 04:13:57,587] INFO:fitness.free_loss_fidelity: RL4CO free-loss[warmstart] epoch 8/10: validation_objective=8.076053
[2026-02-23 04:21:59,456] INFO:fitness.free_loss_fidelity: RL4CO free-loss[warmstart] step 14067/15630: score=17.699314 (avg=19.601821), loss=0.065387 (avg=0.074759), pairs_step=316800, pairs_total=4456409123
[2026-02-23 04:21:59,456] INFO:fitness.free_loss_fidelity: RL4CO free-loss[warmstart] step 14067/15630: score=17.699314 (avg=19.601821), loss=0.065387 (avg=0.074759), pairs_step=316800, pairs_total=4456409123
[2026-02-23 04:22:20,026] INFO:fitness.free_loss_fidelity: RL4CO free-loss[warmstart] epoch 9/10: validation_objective=8.071229
[2026-02-23 04:22:20,026] INFO:fitness.free_loss_fidelity: RL4CO free-loss[warmstart] epoch 9/10: validation_objective=8.071229
[2026-02-23 04:30:21,942] INFO:fitness.free_loss_fidelity: RL4CO free-loss[warmstart] step 15630/15630: score=17.384613 (avg=19.395791), loss=0.064762 (avg=0.073836), pairs_step=316800, pairs_total=4951567266
[2026-02-23 04:30:21,942] INFO:fitness.free_loss_fidelity: RL4CO free-loss[warmstart] step 15630/15630: score=17.384613 (avg=19.395791), loss=0.064762 (avg=0.073836), pairs_step=316800, pairs_total=4951567266
[2026-02-23 04:30:42,496] INFO:fitness.free_loss_fidelity: RL4CO free-loss[warmstart] epoch 10/10: validation_objective=8.067873
[2026-02-23 04:30:42,496] INFO:fitness.free_loss_fidelity: RL4CO free-loss[warmstart] epoch 10/10: validation_objective=8.067873
