[2026-03-02 20:09:45,206] INFO:fitness.free_loss_fidelity: Stage3 offline mini-train start gen=8 pair_index=28 K=200 seed=12345 valid_sizes=[100] baseline_json=baseline/mini_eval/baseline_minitrain_tsp100_K200.json
[2026-03-02 20:09:45,224] INFO:fitness.free_loss_fidelity: RL4CO free-loss (step-mode): f1_steps=200, f2_steps=0, total_steps=200, train_problem_size=100, rollouts=100, batch_size=64, device=cuda:2, env=tsp
[2026-03-02 20:09:45,611] INFO:fitness.free_loss_fidelity: RL4CO free-loss step 1/200: score=36.122910 (avg=36.122910), loss=0.806570 (avg=0.806570), pairs_step=316800, pairs_total=316800
[2026-03-02 20:09:51,913] INFO:fitness.free_loss_fidelity: RL4CO free-loss step 20/200: score=10.017485 (avg=12.932030), loss=0.571671 (avg=0.586229), pairs_step=316799, pairs_total=6335999
[2026-03-02 20:09:58,547] INFO:fitness.free_loss_fidelity: RL4CO free-loss step 40/200: score=9.544425 (avg=11.297496), loss=0.556947 (avg=0.572608), pairs_step=316799, pairs_total=12671992
[2026-03-02 20:10:05,183] INFO:fitness.free_loss_fidelity: RL4CO free-loss step 60/200: score=9.241668 (avg=10.639674), loss=0.551911 (avg=0.565530), pairs_step=316800, pairs_total=19007987
[2026-03-02 20:10:11,809] INFO:fitness.free_loss_fidelity: RL4CO free-loss step 80/200: score=9.086153 (avg=10.268163), loss=0.541662 (avg=0.559284), pairs_step=316800, pairs_total=25343984
[2026-03-02 20:10:18,432] INFO:fitness.free_loss_fidelity: RL4CO free-loss step 100/200: score=8.972722 (avg=10.028537), loss=0.536089 (avg=0.554695), pairs_step=316800, pairs_total=31679982
[2026-03-02 20:10:25,080] INFO:fitness.free_loss_fidelity: RL4CO free-loss step 120/200: score=8.912601 (avg=9.857362), loss=0.537368 (avg=0.552147), pairs_step=316800, pairs_total=38015975
[2026-03-02 20:10:31,723] INFO:fitness.free_loss_fidelity: RL4CO free-loss step 140/200: score=8.932074 (avg=9.725762), loss=0.538141 (avg=0.550137), pairs_step=316799, pairs_total=44351969
[2026-03-02 20:10:38,364] INFO:fitness.free_loss_fidelity: RL4CO free-loss step 160/200: score=8.817599 (avg=9.618570), loss=0.542045 (avg=0.549023), pairs_step=316800, pairs_total=50687964
[2026-03-02 20:10:45,014] INFO:fitness.free_loss_fidelity: RL4CO free-loss step 180/200: score=8.744934 (avg=9.528034), loss=0.551577 (avg=0.548595), pairs_step=316800, pairs_total=57023961
[2026-03-02 20:10:51,668] INFO:fitness.free_loss_fidelity: RL4CO free-loss step 200/200: score=8.689594 (avg=9.448415), loss=0.561544 (avg=0.548695), pairs_step=316800, pairs_total=63359956
[2026-03-02 20:10:52,783] WARNING:fitness.free_loss_fidelity: weights_only checkpoint load failed (UnpicklingError); retrying weights_only=False for /data1/gushengda/eam-rl4co/baseline/epoch_135.ckpt
[2026-03-02 20:10:52,820] INFO:fitness.free_loss_fidelity: Loaded init checkpoint into policy: path=/data1/gushengda/eam-rl4co/baseline/epoch_135.ckpt prefix=policy. matched=97 missing=0 unexpected=0
[2026-03-02 20:10:52,826] INFO:fitness.free_loss_fidelity: RL4CO free-loss (step-mode): f1_steps=200, f2_steps=0, total_steps=200, train_problem_size=100, rollouts=100, batch_size=64, device=cuda:2, env=tsp
[2026-03-02 20:10:53,175] INFO:fitness.free_loss_fidelity: RL4CO free-loss step 1/200: score=7.803347 (avg=7.803347), loss=0.667764 (avg=0.667764), pairs_step=315697, pairs_total=315697
[2026-03-02 20:10:59,462] INFO:fitness.free_loss_fidelity: RL4CO free-loss step 20/200: score=7.778885 (avg=7.810009), loss=0.665361 (avg=0.664908), pairs_step=315622, pairs_total=6316924
[2026-03-02 20:11:06,101] INFO:fitness.free_loss_fidelity: RL4CO free-loss step 40/200: score=7.819017 (avg=7.803932), loss=0.667620 (avg=0.664702), pairs_step=315704, pairs_total=12634131
[2026-03-02 20:11:12,768] INFO:fitness.free_loss_fidelity: RL4CO free-loss step 60/200: score=7.816876 (avg=7.800056), loss=0.662653 (avg=0.664973), pairs_step=315512, pairs_total=18949236
[2026-03-02 20:11:19,605] INFO:fitness.free_loss_fidelity: RL4CO free-loss step 80/200: score=7.795105 (avg=7.798580), loss=0.662316 (avg=0.664564), pairs_step=316023, pairs_total=25266033
[2026-03-02 20:11:26,233] INFO:fitness.free_loss_fidelity: RL4CO free-loss step 100/200: score=7.757012 (avg=7.798958), loss=0.666220 (avg=0.664722), pairs_step=315910, pairs_total=31584209
[2026-03-02 20:11:32,866] INFO:fitness.free_loss_fidelity: RL4CO free-loss step 120/200: score=7.773708 (avg=7.800106), loss=0.662380 (avg=0.664459), pairs_step=315692, pairs_total=37899377
[2026-03-02 20:11:39,491] INFO:fitness.free_loss_fidelity: RL4CO free-loss step 140/200: score=7.826215 (avg=7.800971), loss=0.670613 (avg=0.664544), pairs_step=315631, pairs_total=44212003
[2026-03-02 20:11:46,105] INFO:fitness.free_loss_fidelity: RL4CO free-loss step 160/200: score=7.794609 (avg=7.800170), loss=0.661373 (avg=0.664446), pairs_step=315751, pairs_total=50526451
[2026-03-02 20:11:52,747] INFO:fitness.free_loss_fidelity: RL4CO free-loss step 180/200: score=7.781099 (avg=7.799136), loss=0.666972 (avg=0.664517), pairs_step=315376, pairs_total=56839461
[2026-03-02 20:11:59,384] INFO:fitness.free_loss_fidelity: RL4CO free-loss step 200/200: score=7.811694 (avg=7.797884), loss=0.661160 (avg=0.664530), pairs_step=315755, pairs_total=63153091
[2026-03-02 20:12:00,503] WARNING:fitness.free_loss_fidelity: weights_only checkpoint load failed (UnpicklingError); retrying weights_only=False for /data1/gushengda/eam-rl4co/baseline/epoch_409.ckpt
[2026-03-02 20:12:00,541] INFO:fitness.free_loss_fidelity: Loaded init checkpoint into policy: path=/data1/gushengda/eam-rl4co/baseline/epoch_409.ckpt prefix=policy. matched=97 missing=0 unexpected=0
[2026-03-02 20:12:00,547] INFO:fitness.free_loss_fidelity: RL4CO free-loss (step-mode): f1_steps=200, f2_steps=0, total_steps=200, train_problem_size=100, rollouts=100, batch_size=64, device=cuda:2, env=tsp
[2026-03-02 20:12:00,894] INFO:fitness.free_loss_fidelity: RL4CO free-loss step 1/200: score=7.807477 (avg=7.807477), loss=0.199327 (avg=0.199327), pairs_step=315750, pairs_total=315750
[2026-03-02 20:12:07,205] INFO:fitness.free_loss_fidelity: RL4CO free-loss step 20/200: score=7.781565 (avg=7.809557), loss=0.186477 (avg=0.190771), pairs_step=315931, pairs_total=6317982
[2026-03-02 20:12:13,862] INFO:fitness.free_loss_fidelity: RL4CO free-loss step 40/200: score=7.814949 (avg=7.802961), loss=0.192246 (avg=0.189514), pairs_step=315991, pairs_total=12637080
[2026-03-02 20:12:20,482] INFO:fitness.free_loss_fidelity: RL4CO free-loss step 60/200: score=7.815130 (avg=7.799555), loss=0.193040 (avg=0.189842), pairs_step=315894, pairs_total=18953115
[2026-03-02 20:12:27,120] INFO:fitness.free_loss_fidelity: RL4CO free-loss step 80/200: score=7.795282 (avg=7.797400), loss=0.184609 (avg=0.189030), pairs_step=315941, pairs_total=25271332
[2026-03-02 20:12:33,762] INFO:fitness.free_loss_fidelity: RL4CO free-loss step 100/200: score=7.758713 (avg=7.797518), loss=0.182232 (avg=0.187140), pairs_step=315850, pairs_total=31591047
[2026-03-02 20:12:40,423] INFO:fitness.free_loss_fidelity: RL4CO free-loss step 120/200: score=7.774157 (avg=7.798997), loss=0.190403 (avg=0.187146), pairs_step=315862, pairs_total=37908369
[2026-03-02 20:12:47,076] INFO:fitness.free_loss_fidelity: RL4CO free-loss step 140/200: score=7.826515 (avg=7.800097), loss=0.192490 (avg=0.187758), pairs_step=315686, pairs_total=44223537
[2026-03-02 20:12:53,719] INFO:fitness.free_loss_fidelity: RL4CO free-loss step 160/200: score=7.793104 (avg=7.799210), loss=0.190515 (avg=0.187866), pairs_step=315759, pairs_total=50537362
[2026-03-02 20:13:00,373] INFO:fitness.free_loss_fidelity: RL4CO free-loss step 180/200: score=7.785677 (avg=7.798085), loss=0.185873 (avg=0.187922), pairs_step=315683, pairs_total=56853133
[2026-03-02 20:13:07,063] INFO:fitness.free_loss_fidelity: RL4CO free-loss step 200/200: score=7.814316 (avg=7.796891), loss=0.181420 (avg=0.187747), pairs_step=315725, pairs_total=63168142
