[2026-03-02 21:01:52,062] INFO:fitness.free_loss_fidelity: Stage3 offline mini-train start gen=9 pair_index=22 K=200 seed=12345 valid_sizes=[100] baseline_json=baseline/mini_eval/baseline_minitrain_tsp100_K200.json
[2026-03-02 21:01:52,083] INFO:fitness.free_loss_fidelity: RL4CO free-loss (step-mode): f1_steps=200, f2_steps=0, total_steps=200, train_problem_size=100, rollouts=100, batch_size=64, device=cuda:3, env=tsp
[2026-03-02 21:01:52,434] INFO:fitness.free_loss_fidelity: RL4CO free-loss step 1/200: score=36.122910 (avg=36.122910), loss=0.427697 (avg=0.427697), pairs_step=316800, pairs_total=316800
[2026-03-02 21:01:58,464] INFO:fitness.free_loss_fidelity: RL4CO free-loss step 20/200: score=9.861263 (avg=12.401167), loss=0.567171 (avg=0.551688), pairs_step=316800, pairs_total=6335998
[2026-03-02 21:02:04,832] INFO:fitness.free_loss_fidelity: RL4CO free-loss step 40/200: score=9.374380 (avg=10.940688), loss=0.579916 (avg=0.566330), pairs_step=316800, pairs_total=12671995
[2026-03-02 21:02:11,265] INFO:fitness.free_loss_fidelity: RL4CO free-loss step 60/200: score=9.212128 (avg=10.378259), loss=0.581529 (avg=0.572104), pairs_step=316800, pairs_total=19007989
[2026-03-02 21:02:17,634] INFO:fitness.free_loss_fidelity: RL4CO free-loss step 80/200: score=8.976551 (avg=10.054471), loss=0.588904 (avg=0.574985), pairs_step=316800, pairs_total=25343985
[2026-03-02 21:02:23,992] INFO:fitness.free_loss_fidelity: RL4CO free-loss step 100/200: score=8.773556 (avg=9.820926), loss=0.584957 (avg=0.576571), pairs_step=316799, pairs_total=31679980
[2026-03-02 21:02:30,354] INFO:fitness.free_loss_fidelity: RL4CO free-loss step 120/200: score=8.664462 (avg=9.643543), loss=0.577938 (avg=0.577803), pairs_step=316799, pairs_total=38015973
[2026-03-02 21:02:36,717] INFO:fitness.free_loss_fidelity: RL4CO free-loss step 140/200: score=8.634404 (avg=9.501672), loss=0.590585 (avg=0.579267), pairs_step=316799, pairs_total=44351965
[2026-03-02 21:02:43,065] INFO:fitness.free_loss_fidelity: RL4CO free-loss step 160/200: score=8.532238 (avg=9.385581), loss=0.584680 (avg=0.580389), pairs_step=316799, pairs_total=50687962
[2026-03-02 21:02:49,426] INFO:fitness.free_loss_fidelity: RL4CO free-loss step 180/200: score=8.462784 (avg=9.286858), loss=0.589029 (avg=0.581479), pairs_step=316800, pairs_total=57023955
[2026-03-02 21:02:55,780] INFO:fitness.free_loss_fidelity: RL4CO free-loss step 200/200: score=8.460304 (avg=9.203586), loss=0.599402 (avg=0.582707), pairs_step=316800, pairs_total=63359955
[2026-03-02 21:02:56,889] WARNING:fitness.free_loss_fidelity: weights_only checkpoint load failed (UnpicklingError); retrying weights_only=False for /data1/gushengda/eam-rl4co/baseline/epoch_135.ckpt
[2026-03-02 21:02:56,927] INFO:fitness.free_loss_fidelity: Loaded init checkpoint into policy: path=/data1/gushengda/eam-rl4co/baseline/epoch_135.ckpt prefix=policy. matched=97 missing=0 unexpected=0
[2026-03-02 21:02:56,933] INFO:fitness.free_loss_fidelity: RL4CO free-loss (step-mode): f1_steps=200, f2_steps=0, total_steps=200, train_problem_size=100, rollouts=100, batch_size=64, device=cuda:3, env=tsp
[2026-03-02 21:02:57,282] INFO:fitness.free_loss_fidelity: RL4CO free-loss step 1/200: score=7.803347 (avg=7.803347), loss=0.668298 (avg=0.668298), pairs_step=315697, pairs_total=315697
[2026-03-02 21:03:03,316] INFO:fitness.free_loss_fidelity: RL4CO free-loss step 20/200: score=7.779057 (avg=7.809824), loss=0.667016 (avg=0.667898), pairs_step=315696, pairs_total=6315982
[2026-03-02 21:03:09,664] INFO:fitness.free_loss_fidelity: RL4CO free-loss step 40/200: score=7.817539 (avg=7.803607), loss=0.669900 (avg=0.668257), pairs_step=315801, pairs_total=12629391
[2026-03-02 21:03:16,210] INFO:fitness.free_loss_fidelity: RL4CO free-loss step 60/200: score=7.817460 (avg=7.799751), loss=0.672084 (avg=0.668292), pairs_step=315624, pairs_total=18941285
[2026-03-02 21:03:22,554] INFO:fitness.free_loss_fidelity: RL4CO free-loss step 80/200: score=7.794196 (avg=7.798425), loss=0.667911 (avg=0.668376), pairs_step=315483, pairs_total=25253212
[2026-03-02 21:03:28,898] INFO:fitness.free_loss_fidelity: RL4CO free-loss step 100/200: score=7.757792 (avg=7.799177), loss=0.669895 (avg=0.668602), pairs_step=315871, pairs_total=31566442
[2026-03-02 21:03:35,245] INFO:fitness.free_loss_fidelity: RL4CO free-loss step 120/200: score=7.776112 (avg=7.800648), loss=0.668660 (avg=0.668606), pairs_step=315427, pairs_total=37879500
[2026-03-02 21:03:41,588] INFO:fitness.free_loss_fidelity: RL4CO free-loss step 140/200: score=7.831753 (avg=7.801359), loss=0.670333 (avg=0.668623), pairs_step=315452, pairs_total=44190242
[2026-03-02 21:03:47,932] INFO:fitness.free_loss_fidelity: RL4CO free-loss step 160/200: score=7.798139 (avg=7.800666), loss=0.669711 (avg=0.668558), pairs_step=314834, pairs_total=50500604
[2026-03-02 21:03:54,279] INFO:fitness.free_loss_fidelity: RL4CO free-loss step 180/200: score=7.783229 (avg=7.799550), loss=0.669364 (avg=0.668641), pairs_step=314804, pairs_total=56807757
[2026-03-02 21:04:00,629] INFO:fitness.free_loss_fidelity: RL4CO free-loss step 200/200: score=7.813811 (avg=7.798414), loss=0.668263 (avg=0.668725), pairs_step=315329, pairs_total=63115882
[2026-03-02 21:04:01,734] WARNING:fitness.free_loss_fidelity: weights_only checkpoint load failed (UnpicklingError); retrying weights_only=False for /data1/gushengda/eam-rl4co/baseline/epoch_409.ckpt
[2026-03-02 21:04:01,765] INFO:fitness.free_loss_fidelity: Loaded init checkpoint into policy: path=/data1/gushengda/eam-rl4co/baseline/epoch_409.ckpt prefix=policy. matched=97 missing=0 unexpected=0
[2026-03-02 21:04:01,770] INFO:fitness.free_loss_fidelity: RL4CO free-loss (step-mode): f1_steps=200, f2_steps=0, total_steps=200, train_problem_size=100, rollouts=100, batch_size=64, device=cuda:3, env=tsp
[2026-03-02 21:04:02,104] INFO:fitness.free_loss_fidelity: RL4CO free-loss step 1/200: score=7.807477 (avg=7.807477), loss=0.369924 (avg=0.369924), pairs_step=315750, pairs_total=315750
[2026-03-02 21:04:08,146] INFO:fitness.free_loss_fidelity: RL4CO free-loss step 20/200: score=7.782207 (avg=7.809487), loss=0.273669 (avg=0.336764), pairs_step=315682, pairs_total=6316009
[2026-03-02 21:04:14,499] INFO:fitness.free_loss_fidelity: RL4CO free-loss step 40/200: score=7.817113 (avg=7.803478), loss=0.493727 (avg=0.332991), pairs_step=316146, pairs_total=12634297
[2026-03-02 21:04:20,846] INFO:fitness.free_loss_fidelity: RL4CO free-loss step 60/200: score=7.812250 (avg=7.801083), loss=0.621520 (avg=0.417886), pairs_step=315547, pairs_total=18948857
[2026-03-02 21:04:27,198] INFO:fitness.free_loss_fidelity: RL4CO free-loss step 80/200: score=7.801455 (avg=7.800008), loss=0.639896 (avg=0.470779), pairs_step=315414, pairs_total=25265429
[2026-03-02 21:04:33,551] INFO:fitness.free_loss_fidelity: RL4CO free-loss step 100/200: score=7.760346 (avg=7.800789), loss=0.648762 (avg=0.505192), pairs_step=315667, pairs_total=31579359
[2026-03-02 21:04:39,899] INFO:fitness.free_loss_fidelity: RL4CO free-loss step 120/200: score=7.773410 (avg=7.802151), loss=0.653565 (avg=0.529396), pairs_step=315442, pairs_total=37890539
[2026-03-02 21:04:46,251] INFO:fitness.free_loss_fidelity: RL4CO free-loss step 140/200: score=7.828034 (avg=7.802915), loss=0.656280 (avg=0.547387), pairs_step=314629, pairs_total=44197707
[2026-03-02 21:04:52,620] INFO:fitness.free_loss_fidelity: RL4CO free-loss step 160/200: score=7.791578 (avg=7.802143), loss=0.656122 (avg=0.560847), pairs_step=315220, pairs_total=50505944
[2026-03-02 21:04:58,984] INFO:fitness.free_loss_fidelity: RL4CO free-loss step 180/200: score=7.782616 (avg=7.800777), loss=0.659534 (avg=0.571559), pairs_step=314912, pairs_total=56812774
[2026-03-02 21:05:05,364] INFO:fitness.free_loss_fidelity: RL4CO free-loss step 200/200: score=7.810644 (avg=7.799212), loss=0.659313 (avg=0.580306), pairs_step=315206, pairs_total=63114786
