[2026-03-02 19:08:26,048] INFO:fitness.free_loss_fidelity: Stage3 offline mini-train start gen=7 pair_index=1 K=200 seed=12345 valid_sizes=[100] baseline_json=baseline/mini_eval/baseline_minitrain_tsp100_K200.json
[2026-03-02 19:08:31,950] INFO:fitness.free_loss_fidelity: RL4CO free-loss (step-mode): f1_steps=200, f2_steps=0, total_steps=200, train_problem_size=100, rollouts=100, batch_size=64, device=cuda:3, env=tsp
[2026-03-02 19:08:32,724] INFO:fitness.free_loss_fidelity: RL4CO free-loss step 1/200: score=36.122910 (avg=36.122910), loss=0.698508 (avg=0.698508), pairs_step=316800, pairs_total=316800
[2026-03-02 19:08:40,264] INFO:fitness.free_loss_fidelity: RL4CO free-loss step 20/200: score=9.800268 (avg=12.479484), loss=0.635858 (avg=0.640233), pairs_step=316799, pairs_total=6335997
[2026-03-02 19:08:48,107] INFO:fitness.free_loss_fidelity: RL4CO free-loss step 40/200: score=9.335935 (avg=10.968564), loss=0.645802 (avg=0.641223), pairs_step=316800, pairs_total=12671993
[2026-03-02 19:08:54,946] INFO:fitness.free_loss_fidelity: RL4CO free-loss step 60/200: score=9.127348 (avg=10.379427), loss=0.636492 (avg=0.640074), pairs_step=316800, pairs_total=19007988
[2026-03-02 19:09:01,743] INFO:fitness.free_loss_fidelity: RL4CO free-loss step 80/200: score=8.936279 (avg=10.038827), loss=0.632649 (avg=0.637949), pairs_step=316800, pairs_total=25343982
[2026-03-02 19:09:08,588] INFO:fitness.free_loss_fidelity: RL4CO free-loss step 100/200: score=8.740129 (avg=9.803494), loss=0.629347 (avg=0.636484), pairs_step=316800, pairs_total=31679978
[2026-03-02 19:09:15,395] INFO:fitness.free_loss_fidelity: RL4CO free-loss step 120/200: score=8.642508 (avg=9.630817), loss=0.633557 (avg=0.635878), pairs_step=316800, pairs_total=38015975
[2026-03-02 19:09:22,170] INFO:fitness.free_loss_fidelity: RL4CO free-loss step 140/200: score=8.640663 (avg=9.491693), loss=0.634856 (avg=0.635951), pairs_step=316799, pairs_total=44351970
[2026-03-02 19:09:28,962] INFO:fitness.free_loss_fidelity: RL4CO free-loss step 160/200: score=8.541260 (avg=9.374260), loss=0.640539 (avg=0.636316), pairs_step=316800, pairs_total=50687964
[2026-03-02 19:09:35,808] INFO:fitness.free_loss_fidelity: RL4CO free-loss step 180/200: score=8.490664 (avg=9.275931), loss=0.646165 (avg=0.637025), pairs_step=316800, pairs_total=57023958
[2026-03-02 19:09:42,600] INFO:fitness.free_loss_fidelity: RL4CO free-loss step 200/200: score=8.488149 (avg=9.193342), loss=0.644062 (avg=0.637654), pairs_step=316799, pairs_total=63359954
[2026-03-02 19:09:43,720] WARNING:fitness.free_loss_fidelity: weights_only checkpoint load failed (UnpicklingError); retrying weights_only=False for /data1/gushengda/eam-rl4co/baseline/epoch_135.ckpt
[2026-03-02 19:09:43,767] INFO:fitness.free_loss_fidelity: Loaded init checkpoint into policy: path=/data1/gushengda/eam-rl4co/baseline/epoch_135.ckpt prefix=policy. matched=97 missing=0 unexpected=0
[2026-03-02 19:09:43,772] INFO:fitness.free_loss_fidelity: RL4CO free-loss (step-mode): f1_steps=200, f2_steps=0, total_steps=200, train_problem_size=100, rollouts=100, batch_size=64, device=cuda:3, env=tsp
[2026-03-02 19:09:44,122] INFO:fitness.free_loss_fidelity: RL4CO free-loss step 1/200: score=7.803347 (avg=7.803347), loss=0.680743 (avg=0.680743), pairs_step=315697, pairs_total=315697
[2026-03-02 19:09:50,635] INFO:fitness.free_loss_fidelity: RL4CO free-loss step 20/200: score=7.777864 (avg=7.808591), loss=0.680998 (avg=0.680663), pairs_step=315950, pairs_total=6316296
[2026-03-02 19:09:57,462] INFO:fitness.free_loss_fidelity: RL4CO free-loss step 40/200: score=7.814514 (avg=7.802983), loss=0.682622 (avg=0.681061), pairs_step=315819, pairs_total=12629155
[2026-03-02 19:10:04,306] INFO:fitness.free_loss_fidelity: RL4CO free-loss step 60/200: score=7.815464 (avg=7.799463), loss=0.681667 (avg=0.681152), pairs_step=315567, pairs_total=18942278
[2026-03-02 19:10:11,212] INFO:fitness.free_loss_fidelity: RL4CO free-loss step 80/200: score=7.794174 (avg=7.798142), loss=0.681716 (avg=0.681253), pairs_step=315550, pairs_total=25254485
[2026-03-02 19:10:18,040] INFO:fitness.free_loss_fidelity: RL4CO free-loss step 100/200: score=7.761172 (avg=7.799027), loss=0.679320 (avg=0.681373), pairs_step=315767, pairs_total=31568093
[2026-03-02 19:10:24,867] INFO:fitness.free_loss_fidelity: RL4CO free-loss step 120/200: score=7.769145 (avg=7.800445), loss=0.682452 (avg=0.681344), pairs_step=315580, pairs_total=37879745
[2026-03-02 19:10:31,690] INFO:fitness.free_loss_fidelity: RL4CO free-loss step 140/200: score=7.826718 (avg=7.801370), loss=0.680848 (avg=0.681353), pairs_step=315161, pairs_total=44189426
[2026-03-02 19:10:38,493] INFO:fitness.free_loss_fidelity: RL4CO free-loss step 160/200: score=7.794245 (avg=7.800396), loss=0.681491 (avg=0.681294), pairs_step=315497, pairs_total=50500465
[2026-03-02 19:10:45,320] INFO:fitness.free_loss_fidelity: RL4CO free-loss step 180/200: score=7.787356 (avg=7.799182), loss=0.680445 (avg=0.681205), pairs_step=315236, pairs_total=56810447
[2026-03-02 19:10:52,160] INFO:fitness.free_loss_fidelity: RL4CO free-loss step 200/200: score=7.805006 (avg=7.798142), loss=0.679398 (avg=0.681238), pairs_step=315444, pairs_total=63121080
[2026-03-02 19:10:53,279] WARNING:fitness.free_loss_fidelity: weights_only checkpoint load failed (UnpicklingError); retrying weights_only=False for /data1/gushengda/eam-rl4co/baseline/epoch_409.ckpt
[2026-03-02 19:10:53,602] INFO:fitness.free_loss_fidelity: Loaded init checkpoint into policy: path=/data1/gushengda/eam-rl4co/baseline/epoch_409.ckpt prefix=policy. matched=97 missing=0 unexpected=0
[2026-03-02 19:10:53,613] INFO:fitness.free_loss_fidelity: RL4CO free-loss (step-mode): f1_steps=200, f2_steps=0, total_steps=200, train_problem_size=100, rollouts=100, batch_size=64, device=cuda:3, env=tsp
[2026-03-02 19:10:54,047] INFO:fitness.free_loss_fidelity: RL4CO free-loss step 1/200: score=7.807477 (avg=7.807477), loss=0.299534 (avg=0.299534), pairs_step=315750, pairs_total=315750
[2026-03-02 19:11:00,501] INFO:fitness.free_loss_fidelity: RL4CO free-loss step 20/200: score=7.783621 (avg=7.811475), loss=0.496390 (avg=0.422985), pairs_step=315928, pairs_total=6317414
[2026-03-02 19:11:07,284] INFO:fitness.free_loss_fidelity: RL4CO free-loss step 40/200: score=7.817492 (avg=7.804367), loss=0.515475 (avg=0.465733), pairs_step=315960, pairs_total=12634110
[2026-03-02 19:11:14,105] INFO:fitness.free_loss_fidelity: RL4CO free-loss step 60/200: score=7.813986 (avg=7.800829), loss=0.467484 (avg=0.475345), pairs_step=315180, pairs_total=18947522
[2026-03-02 19:11:20,871] INFO:fitness.free_loss_fidelity: RL4CO free-loss step 80/200: score=7.795796 (avg=7.798972), loss=0.437349 (avg=0.468062), pairs_step=315057, pairs_total=25260884
[2026-03-02 19:11:27,689] INFO:fitness.free_loss_fidelity: RL4CO free-loss step 100/200: score=7.751596 (avg=7.799212), loss=0.443175 (avg=0.462329), pairs_step=315130, pairs_total=31570431
[2026-03-02 19:11:34,475] INFO:fitness.free_loss_fidelity: RL4CO free-loss step 120/200: score=7.770798 (avg=7.800072), loss=0.442249 (avg=0.459372), pairs_step=315090, pairs_total=37878884
[2026-03-02 19:11:41,610] INFO:fitness.free_loss_fidelity: RL4CO free-loss step 140/200: score=7.820037 (avg=7.800469), loss=0.451106 (avg=0.457741), pairs_step=315172, pairs_total=44182589
[2026-03-02 19:11:48,950] INFO:fitness.free_loss_fidelity: RL4CO free-loss step 160/200: score=7.788310 (avg=7.799280), loss=0.452990 (avg=0.457041), pairs_step=315490, pairs_total=50487440
[2026-03-02 19:11:56,288] INFO:fitness.free_loss_fidelity: RL4CO free-loss step 180/200: score=7.778958 (avg=7.797573), loss=0.456073 (avg=0.456793), pairs_step=314219, pairs_total=56788732
[2026-03-02 19:12:03,605] INFO:fitness.free_loss_fidelity: RL4CO free-loss step 200/200: score=7.811066 (avg=7.795947), loss=0.458174 (avg=0.456790), pairs_step=314789, pairs_total=63087407
