[2026-03-02 21:05:06,434] INFO:fitness.free_loss_fidelity: Stage3 offline mini-train start gen=9 pair_index=26 K=200 seed=12345 valid_sizes=[100] baseline_json=baseline/mini_eval/baseline_minitrain_tsp100_K200.json
[2026-03-02 21:05:06,456] INFO:fitness.free_loss_fidelity: RL4CO free-loss (step-mode): f1_steps=200, f2_steps=0, total_steps=200, train_problem_size=100, rollouts=100, batch_size=64, device=cuda:3, env=tsp
[2026-03-02 21:05:06,780] INFO:fitness.free_loss_fidelity: RL4CO free-loss step 1/200: score=36.122910 (avg=36.122910), loss=0.850427 (avg=0.850427), pairs_step=316800, pairs_total=316800
[2026-03-02 21:05:12,834] INFO:fitness.free_loss_fidelity: RL4CO free-loss step 20/200: score=9.882771 (avg=12.565577), loss=0.678372 (avg=0.689412), pairs_step=316800, pairs_total=6335997
[2026-03-02 21:05:19,199] INFO:fitness.free_loss_fidelity: RL4CO free-loss step 40/200: score=9.335255 (avg=11.011335), loss=0.703475 (avg=0.691225), pairs_step=316800, pairs_total=12671992
[2026-03-02 21:05:25,544] INFO:fitness.free_loss_fidelity: RL4CO free-loss step 60/200: score=9.150530 (avg=10.406518), loss=0.672065 (avg=0.689039), pairs_step=316800, pairs_total=19007983
[2026-03-02 21:05:31,900] INFO:fitness.free_loss_fidelity: RL4CO free-loss step 80/200: score=8.920048 (avg=10.056395), loss=0.670799 (avg=0.685386), pairs_step=316799, pairs_total=25343980
[2026-03-02 21:05:38,250] INFO:fitness.free_loss_fidelity: RL4CO free-loss step 100/200: score=8.813869 (avg=9.824000), loss=0.663554 (avg=0.682430), pairs_step=316800, pairs_total=31679978
[2026-03-02 21:05:44,599] INFO:fitness.free_loss_fidelity: RL4CO free-loss step 120/200: score=8.701965 (avg=9.654000), loss=0.679473 (avg=0.681362), pairs_step=316800, pairs_total=38015976
[2026-03-02 21:05:50,951] INFO:fitness.free_loss_fidelity: RL4CO free-loss step 140/200: score=8.694710 (avg=9.516098), loss=0.680023 (avg=0.681014), pairs_step=316800, pairs_total=44351971
[2026-03-02 21:05:57,300] INFO:fitness.free_loss_fidelity: RL4CO free-loss step 160/200: score=8.545178 (avg=9.399685), loss=0.690786 (avg=0.681782), pairs_step=316800, pairs_total=50687970
[2026-03-02 21:06:03,652] INFO:fitness.free_loss_fidelity: RL4CO free-loss step 180/200: score=8.482037 (avg=9.302361), loss=0.701450 (avg=0.682938), pairs_step=316800, pairs_total=57023963
[2026-03-02 21:06:10,120] INFO:fitness.free_loss_fidelity: RL4CO free-loss step 200/200: score=8.475489 (avg=9.219318), loss=0.706464 (avg=0.684458), pairs_step=316798, pairs_total=63359953
[2026-03-02 21:06:11,243] WARNING:fitness.free_loss_fidelity: weights_only checkpoint load failed (UnpicklingError); retrying weights_only=False for /data1/gushengda/eam-rl4co/baseline/epoch_135.ckpt
[2026-03-02 21:06:11,284] INFO:fitness.free_loss_fidelity: Loaded init checkpoint into policy: path=/data1/gushengda/eam-rl4co/baseline/epoch_135.ckpt prefix=policy. matched=97 missing=0 unexpected=0
[2026-03-02 21:06:11,289] INFO:fitness.free_loss_fidelity: RL4CO free-loss (step-mode): f1_steps=200, f2_steps=0, total_steps=200, train_problem_size=100, rollouts=100, batch_size=64, device=cuda:3, env=tsp
[2026-03-02 21:06:11,646] INFO:fitness.free_loss_fidelity: RL4CO free-loss step 1/200: score=7.803347 (avg=7.803347), loss=0.783006 (avg=0.783006), pairs_step=315697, pairs_total=315697
[2026-03-02 21:06:17,685] INFO:fitness.free_loss_fidelity: RL4CO free-loss step 20/200: score=7.782166 (avg=7.809296), loss=0.781650 (avg=0.782193), pairs_step=315963, pairs_total=6316905
[2026-03-02 21:06:24,031] INFO:fitness.free_loss_fidelity: RL4CO free-loss step 40/200: score=7.814710 (avg=7.802467), loss=0.782802 (avg=0.782607), pairs_step=315917, pairs_total=12632208
[2026-03-02 21:06:30,379] INFO:fitness.free_loss_fidelity: RL4CO free-loss step 60/200: score=7.815220 (avg=7.799198), loss=0.785040 (avg=0.782970), pairs_step=315458, pairs_total=18944950
[2026-03-02 21:06:36,733] INFO:fitness.free_loss_fidelity: RL4CO free-loss step 80/200: score=7.796420 (avg=7.797717), loss=0.781273 (avg=0.783144), pairs_step=315939, pairs_total=25258729
[2026-03-02 21:06:43,078] INFO:fitness.free_loss_fidelity: RL4CO free-loss step 100/200: score=7.756665 (avg=7.798504), loss=0.785153 (avg=0.783339), pairs_step=315652, pairs_total=31571300
[2026-03-02 21:06:49,427] INFO:fitness.free_loss_fidelity: RL4CO free-loss step 120/200: score=7.772970 (avg=7.800227), loss=0.783034 (avg=0.783426), pairs_step=315409, pairs_total=37884493
[2026-03-02 21:06:55,775] INFO:fitness.free_loss_fidelity: RL4CO free-loss step 140/200: score=7.826242 (avg=7.801096), loss=0.784123 (avg=0.783520), pairs_step=315025, pairs_total=44196290
[2026-03-02 21:07:02,114] INFO:fitness.free_loss_fidelity: RL4CO free-loss step 160/200: score=7.799311 (avg=7.800667), loss=0.784997 (avg=0.783520), pairs_step=314446, pairs_total=50507219
[2026-03-02 21:07:08,464] INFO:fitness.free_loss_fidelity: RL4CO free-loss step 180/200: score=7.789454 (avg=7.799708), loss=0.783493 (avg=0.783624), pairs_step=315187, pairs_total=56815328
[2026-03-02 21:07:14,814] INFO:fitness.free_loss_fidelity: RL4CO free-loss step 200/200: score=7.815479 (avg=7.798780), loss=0.781527 (avg=0.783655), pairs_step=315576, pairs_total=63125132
[2026-03-02 21:07:15,923] WARNING:fitness.free_loss_fidelity: weights_only checkpoint load failed (UnpicklingError); retrying weights_only=False for /data1/gushengda/eam-rl4co/baseline/epoch_409.ckpt
[2026-03-02 21:07:15,962] INFO:fitness.free_loss_fidelity: Loaded init checkpoint into policy: path=/data1/gushengda/eam-rl4co/baseline/epoch_409.ckpt prefix=policy. matched=97 missing=0 unexpected=0
[2026-03-02 21:07:15,967] INFO:fitness.free_loss_fidelity: RL4CO free-loss (step-mode): f1_steps=200, f2_steps=0, total_steps=200, train_problem_size=100, rollouts=100, batch_size=64, device=cuda:3, env=tsp
[2026-03-02 21:07:16,291] INFO:fitness.free_loss_fidelity: RL4CO free-loss step 1/200: score=7.807477 (avg=7.807477), loss=0.126337 (avg=0.126337), pairs_step=315750, pairs_total=315750
[2026-03-02 21:07:22,319] INFO:fitness.free_loss_fidelity: RL4CO free-loss step 20/200: score=7.782158 (avg=7.808355), loss=0.119107 (avg=0.114845), pairs_step=315855, pairs_total=6318948
[2026-03-02 21:07:28,878] INFO:fitness.free_loss_fidelity: RL4CO free-loss step 40/200: score=7.809833 (avg=7.801349), loss=0.119559 (avg=0.117728), pairs_step=316162, pairs_total=12638382
[2026-03-02 21:07:35,237] INFO:fitness.free_loss_fidelity: RL4CO free-loss step 60/200: score=7.809575 (avg=7.798087), loss=0.120051 (avg=0.117810), pairs_step=315577, pairs_total=18953911
[2026-03-02 21:07:41,577] INFO:fitness.free_loss_fidelity: RL4CO free-loss step 80/200: score=7.799057 (avg=7.796527), loss=0.115906 (avg=0.117043), pairs_step=315700, pairs_total=25268845
[2026-03-02 21:07:47,932] INFO:fitness.free_loss_fidelity: RL4CO free-loss step 100/200: score=7.752871 (avg=7.797089), loss=0.119480 (avg=0.116541), pairs_step=315692, pairs_total=31585820
[2026-03-02 21:07:54,281] INFO:fitness.free_loss_fidelity: RL4CO free-loss step 120/200: score=7.774958 (avg=7.799051), loss=0.124532 (avg=0.117626), pairs_step=315719, pairs_total=37901072
[2026-03-02 21:08:00,632] INFO:fitness.free_loss_fidelity: RL4CO free-loss step 140/200: score=7.821301 (avg=7.800019), loss=0.123006 (avg=0.118688), pairs_step=315421, pairs_total=44214004
[2026-03-02 21:08:06,987] INFO:fitness.free_loss_fidelity: RL4CO free-loss step 160/200: score=7.793464 (avg=7.799093), loss=0.122678 (avg=0.119243), pairs_step=315853, pairs_total=50527990
[2026-03-02 21:08:13,366] INFO:fitness.free_loss_fidelity: RL4CO free-loss step 180/200: score=7.783889 (avg=7.797816), loss=0.116511 (avg=0.119065), pairs_step=315075, pairs_total=56840054
[2026-03-02 21:08:19,727] INFO:fitness.free_loss_fidelity: RL4CO free-loss step 200/200: score=7.812193 (avg=7.796545), loss=0.113106 (avg=0.118834), pairs_step=315523, pairs_total=63153483
