[2026-03-03 05:28:03,969] INFO:fitness.free_loss_fidelity: Stage3 offline mini-train start gen=16 pair_index=5 K=200 seed=12345 valid_sizes=[100] baseline_json=baseline/mini_eval/baseline_minitrain_tsp100_K200.json
[2026-03-03 05:28:03,995] INFO:fitness.free_loss_fidelity: RL4CO free-loss (step-mode): f1_steps=200, f2_steps=0, total_steps=200, train_problem_size=100, rollouts=100, batch_size=64, device=cuda:0, env=tsp
[2026-03-03 05:28:04,439] INFO:fitness.free_loss_fidelity: RL4CO free-loss step 1/200: score=36.122910 (avg=36.122910), loss=0.741147 (avg=0.741147), pairs_step=13056, pairs_total=13056
[2026-03-03 05:28:10,709] INFO:fitness.free_loss_fidelity: RL4CO free-loss step 20/200: score=9.928701 (avg=12.830951), loss=0.551866 (avg=0.559508), pairs_step=13056, pairs_total=261120
[2026-03-03 05:28:17,366] INFO:fitness.free_loss_fidelity: RL4CO free-loss step 40/200: score=9.487444 (avg=11.212434), loss=0.551312 (avg=0.562054), pairs_step=13056, pairs_total=522240
[2026-03-03 05:28:24,006] INFO:fitness.free_loss_fidelity: RL4CO free-loss step 60/200: score=9.321104 (avg=10.581406), loss=0.561616 (avg=0.562319), pairs_step=13056, pairs_total=783360
[2026-03-03 05:28:30,654] INFO:fitness.free_loss_fidelity: RL4CO free-loss step 80/200: score=9.109114 (avg=10.232623), loss=0.543978 (avg=0.558667), pairs_step=13056, pairs_total=1044480
[2026-03-03 05:28:37,270] INFO:fitness.free_loss_fidelity: RL4CO free-loss step 100/200: score=9.106970 (avg=10.003328), loss=0.547541 (avg=0.555563), pairs_step=13056, pairs_total=1305600
[2026-03-03 05:28:43,872] INFO:fitness.free_loss_fidelity: RL4CO free-loss step 120/200: score=8.955569 (avg=9.837754), loss=0.531893 (avg=0.553452), pairs_step=13056, pairs_total=1566720
[2026-03-03 05:28:50,469] INFO:fitness.free_loss_fidelity: RL4CO free-loss step 140/200: score=8.918015 (avg=9.703756), loss=0.562043 (avg=0.552755), pairs_step=13056, pairs_total=1827840
[2026-03-03 05:28:57,107] INFO:fitness.free_loss_fidelity: RL4CO free-loss step 160/200: score=8.806594 (avg=9.594966), loss=0.523757 (avg=0.552114), pairs_step=13056, pairs_total=2088960
[2026-03-03 05:29:03,730] INFO:fitness.free_loss_fidelity: RL4CO free-loss step 180/200: score=8.711384 (avg=9.499374), loss=0.574626 (avg=0.551886), pairs_step=13056, pairs_total=2350080
[2026-03-03 05:29:10,353] INFO:fitness.free_loss_fidelity: RL4CO free-loss step 200/200: score=8.679182 (avg=9.417895), loss=0.567055 (avg=0.552163), pairs_step=13056, pairs_total=2611200
[2026-03-03 05:29:11,446] WARNING:fitness.free_loss_fidelity: weights_only checkpoint load failed (UnpicklingError); retrying weights_only=False for /data1/gushengda/eam-rl4co/baseline/epoch_135.ckpt
[2026-03-03 05:29:11,484] INFO:fitness.free_loss_fidelity: Loaded init checkpoint into policy: path=/data1/gushengda/eam-rl4co/baseline/epoch_135.ckpt prefix=policy. matched=97 missing=0 unexpected=0
[2026-03-03 05:29:11,489] INFO:fitness.free_loss_fidelity: RL4CO free-loss (step-mode): f1_steps=200, f2_steps=0, total_steps=200, train_problem_size=100, rollouts=100, batch_size=64, device=cuda:0, env=tsp
[2026-03-03 05:29:11,869] INFO:fitness.free_loss_fidelity: RL4CO free-loss step 1/200: score=7.803347 (avg=7.803347), loss=0.655021 (avg=0.655021), pairs_step=13056, pairs_total=13056
[2026-03-03 05:29:18,360] INFO:fitness.free_loss_fidelity: RL4CO free-loss step 20/200: score=7.783904 (avg=7.815516), loss=0.665593 (avg=0.662375), pairs_step=13056, pairs_total=261120
[2026-03-03 05:29:24,983] INFO:fitness.free_loss_fidelity: RL4CO free-loss step 40/200: score=7.822018 (avg=7.810090), loss=0.666588 (avg=0.663320), pairs_step=13056, pairs_total=522240
[2026-03-03 05:29:31,627] INFO:fitness.free_loss_fidelity: RL4CO free-loss step 60/200: score=7.815160 (avg=7.806501), loss=0.661253 (avg=0.663523), pairs_step=13056, pairs_total=783360
[2026-03-03 05:29:38,231] INFO:fitness.free_loss_fidelity: RL4CO free-loss step 80/200: score=7.798800 (avg=7.804975), loss=0.657861 (avg=0.663809), pairs_step=13056, pairs_total=1044479
[2026-03-03 05:29:44,832] INFO:fitness.free_loss_fidelity: RL4CO free-loss step 100/200: score=7.764195 (avg=7.805695), loss=0.665857 (avg=0.663647), pairs_step=13056, pairs_total=1305599
[2026-03-03 05:29:51,467] INFO:fitness.free_loss_fidelity: RL4CO free-loss step 120/200: score=7.786470 (avg=7.807202), loss=0.658295 (avg=0.663795), pairs_step=13056, pairs_total=1566719
[2026-03-03 05:29:58,078] INFO:fitness.free_loss_fidelity: RL4CO free-loss step 140/200: score=7.834888 (avg=7.808160), loss=0.660268 (avg=0.663040), pairs_step=13056, pairs_total=1827838
[2026-03-03 05:30:04,711] INFO:fitness.free_loss_fidelity: RL4CO free-loss step 160/200: score=7.799776 (avg=7.807632), loss=0.659245 (avg=0.662772), pairs_step=13056, pairs_total=2088958
[2026-03-03 05:30:11,354] INFO:fitness.free_loss_fidelity: RL4CO free-loss step 180/200: score=7.804187 (avg=7.806685), loss=0.659621 (avg=0.662438), pairs_step=13056, pairs_total=2350078
[2026-03-03 05:30:17,981] INFO:fitness.free_loss_fidelity: RL4CO free-loss step 200/200: score=7.821242 (avg=7.805975), loss=0.653696 (avg=0.662201), pairs_step=13056, pairs_total=2611198
[2026-03-03 05:30:19,075] WARNING:fitness.free_loss_fidelity: weights_only checkpoint load failed (UnpicklingError); retrying weights_only=False for /data1/gushengda/eam-rl4co/baseline/epoch_409.ckpt
[2026-03-03 05:30:19,104] INFO:fitness.free_loss_fidelity: Loaded init checkpoint into policy: path=/data1/gushengda/eam-rl4co/baseline/epoch_409.ckpt prefix=policy. matched=97 missing=0 unexpected=0
[2026-03-03 05:30:19,109] INFO:fitness.free_loss_fidelity: RL4CO free-loss (step-mode): f1_steps=200, f2_steps=0, total_steps=200, train_problem_size=100, rollouts=100, batch_size=64, device=cuda:0, env=tsp
[2026-03-03 05:30:19,488] INFO:fitness.free_loss_fidelity: RL4CO free-loss step 1/200: score=7.807477 (avg=7.807477), loss=0.507024 (avg=0.507024), pairs_step=13053, pairs_total=13053
[2026-03-03 05:30:25,793] INFO:fitness.free_loss_fidelity: RL4CO free-loss step 20/200: score=7.780272 (avg=7.808378), loss=0.512406 (avg=0.504249), pairs_step=13056, pairs_total=261117
[2026-03-03 05:30:32,405] INFO:fitness.free_loss_fidelity: RL4CO free-loss step 40/200: score=7.809906 (avg=7.801576), loss=0.543403 (avg=0.514175), pairs_step=13056, pairs_total=522237
[2026-03-03 05:30:39,033] INFO:fitness.free_loss_fidelity: RL4CO free-loss step 60/200: score=7.815872 (avg=7.797502), loss=0.539237 (avg=0.521967), pairs_step=13056, pairs_total=783357
[2026-03-03 05:30:45,697] INFO:fitness.free_loss_fidelity: RL4CO free-loss step 80/200: score=7.795401 (avg=7.795503), loss=0.525921 (avg=0.522444), pairs_step=13056, pairs_total=1044477
[2026-03-03 05:30:52,338] INFO:fitness.free_loss_fidelity: RL4CO free-loss step 100/200: score=7.752733 (avg=7.795939), loss=0.521829 (avg=0.522458), pairs_step=13056, pairs_total=1305597
[2026-03-03 05:30:58,978] INFO:fitness.free_loss_fidelity: RL4CO free-loss step 120/200: score=7.773724 (avg=7.797426), loss=0.491323 (avg=0.521640), pairs_step=13056, pairs_total=1566717
[2026-03-03 05:31:05,627] INFO:fitness.free_loss_fidelity: RL4CO free-loss step 140/200: score=7.817026 (avg=7.798195), loss=0.459093 (avg=0.515347), pairs_step=13056, pairs_total=1827837
[2026-03-03 05:31:12,273] INFO:fitness.free_loss_fidelity: RL4CO free-loss step 160/200: score=7.786926 (avg=7.797210), loss=0.464153 (avg=0.508299), pairs_step=13056, pairs_total=2088957
[2026-03-03 05:31:19,055] INFO:fitness.free_loss_fidelity: RL4CO free-loss step 180/200: score=7.779328 (avg=7.795577), loss=0.486844 (avg=0.504407), pairs_step=13056, pairs_total=2350077
[2026-03-03 05:31:25,707] INFO:fitness.free_loss_fidelity: RL4CO free-loss step 200/200: score=7.804675 (avg=7.793977), loss=0.485266 (avg=0.502325), pairs_step=13056, pairs_total=2611197
