[2026-03-03 01:45:10,795] INFO:fitness.free_loss_fidelity: Stage3 offline mini-train start gen=13 pair_index=10 K=200 seed=12345 valid_sizes=[100] baseline_json=baseline/mini_eval/baseline_minitrain_tsp100_K200.json
[2026-03-03 01:45:10,816] INFO:fitness.free_loss_fidelity: RL4CO free-loss (step-mode): f1_steps=200, f2_steps=0, total_steps=200, train_problem_size=100, rollouts=100, batch_size=64, device=cuda:1, env=tsp
[2026-03-03 01:45:11,145] INFO:fitness.free_loss_fidelity: RL4CO free-loss step 1/200: score=36.122910 (avg=36.122910), loss=0.747062 (avg=0.747062), pairs_step=13056, pairs_total=13056
[2026-03-03 01:45:17,545] INFO:fitness.free_loss_fidelity: RL4CO free-loss step 20/200: score=10.128681 (avg=12.887763), loss=0.551693 (avg=0.564430), pairs_step=13056, pairs_total=261120
[2026-03-03 01:45:24,081] INFO:fitness.free_loss_fidelity: RL4CO free-loss step 40/200: score=9.498433 (avg=11.293265), loss=0.560874 (avg=0.561269), pairs_step=13056, pairs_total=522240
[2026-03-03 01:45:30,611] INFO:fitness.free_loss_fidelity: RL4CO free-loss step 60/200: score=9.272938 (avg=10.642468), loss=0.558742 (avg=0.561136), pairs_step=13056, pairs_total=783360
[2026-03-03 01:45:37,141] INFO:fitness.free_loss_fidelity: RL4CO free-loss step 80/200: score=9.207590 (avg=10.282279), loss=0.519742 (avg=0.557871), pairs_step=13056, pairs_total=1044480
[2026-03-03 01:45:43,678] INFO:fitness.free_loss_fidelity: RL4CO free-loss step 100/200: score=8.980162 (avg=10.050363), loss=0.531907 (avg=0.553180), pairs_step=13056, pairs_total=1305600
[2026-03-03 01:45:50,211] INFO:fitness.free_loss_fidelity: RL4CO free-loss step 120/200: score=9.025706 (avg=9.886929), loss=0.528188 (avg=0.550117), pairs_step=13056, pairs_total=1566720
[2026-03-03 01:45:56,735] INFO:fitness.free_loss_fidelity: RL4CO free-loss step 140/200: score=8.892189 (avg=9.750986), loss=0.538364 (avg=0.548263), pairs_step=13056, pairs_total=1827840
[2026-03-03 01:46:03,263] INFO:fitness.free_loss_fidelity: RL4CO free-loss step 160/200: score=8.805052 (avg=9.635988), loss=0.536753 (avg=0.546564), pairs_step=13056, pairs_total=2088960
[2026-03-03 01:46:09,799] INFO:fitness.free_loss_fidelity: RL4CO free-loss step 180/200: score=8.812857 (avg=9.540055), loss=0.523417 (avg=0.546404), pairs_step=13056, pairs_total=2350080
[2026-03-03 01:46:16,336] INFO:fitness.free_loss_fidelity: RL4CO free-loss step 200/200: score=8.727958 (avg=9.459951), loss=0.551700 (avg=0.545324), pairs_step=13056, pairs_total=2611200
[2026-03-03 01:46:17,464] WARNING:fitness.free_loss_fidelity: weights_only checkpoint load failed (UnpicklingError); retrying weights_only=False for /data1/gushengda/eam-rl4co/baseline/epoch_135.ckpt
[2026-03-03 01:46:17,502] INFO:fitness.free_loss_fidelity: Loaded init checkpoint into policy: path=/data1/gushengda/eam-rl4co/baseline/epoch_135.ckpt prefix=policy. matched=97 missing=0 unexpected=0
[2026-03-03 01:46:17,507] INFO:fitness.free_loss_fidelity: RL4CO free-loss (step-mode): f1_steps=200, f2_steps=0, total_steps=200, train_problem_size=100, rollouts=100, batch_size=64, device=cuda:1, env=tsp
[2026-03-03 01:46:17,838] INFO:fitness.free_loss_fidelity: RL4CO free-loss step 1/200: score=7.803347 (avg=7.803347), loss=0.655717 (avg=0.655717), pairs_step=13056, pairs_total=13056
[2026-03-03 01:46:24,046] INFO:fitness.free_loss_fidelity: RL4CO free-loss step 20/200: score=7.787170 (avg=7.816860), loss=0.659095 (avg=0.662134), pairs_step=13056, pairs_total=261120
[2026-03-03 01:46:30,577] INFO:fitness.free_loss_fidelity: RL4CO free-loss step 40/200: score=7.818414 (avg=7.810958), loss=0.662122 (avg=0.660729), pairs_step=13056, pairs_total=522240
[2026-03-03 01:46:37,114] INFO:fitness.free_loss_fidelity: RL4CO free-loss step 60/200: score=7.820703 (avg=7.807370), loss=0.664016 (avg=0.661353), pairs_step=13056, pairs_total=783360
[2026-03-03 01:46:43,637] INFO:fitness.free_loss_fidelity: RL4CO free-loss step 80/200: score=7.801353 (avg=7.805650), loss=0.667568 (avg=0.662013), pairs_step=13056, pairs_total=1044478
[2026-03-03 01:46:50,172] INFO:fitness.free_loss_fidelity: RL4CO free-loss step 100/200: score=7.767493 (avg=7.806436), loss=0.659758 (avg=0.662213), pairs_step=13056, pairs_total=1305598
[2026-03-03 01:46:56,701] INFO:fitness.free_loss_fidelity: RL4CO free-loss step 120/200: score=7.781720 (avg=7.807447), loss=0.659337 (avg=0.661637), pairs_step=13056, pairs_total=1566708
[2026-03-03 01:47:03,229] INFO:fitness.free_loss_fidelity: RL4CO free-loss step 140/200: score=7.837325 (avg=7.808249), loss=0.666492 (avg=0.661625), pairs_step=13056, pairs_total=1827828
[2026-03-03 01:47:09,767] INFO:fitness.free_loss_fidelity: RL4CO free-loss step 160/200: score=7.793288 (avg=7.807426), loss=0.667322 (avg=0.661690), pairs_step=13056, pairs_total=2088948
[2026-03-03 01:47:16,313] INFO:fitness.free_loss_fidelity: RL4CO free-loss step 180/200: score=7.788535 (avg=7.806328), loss=0.662262 (avg=0.661872), pairs_step=13056, pairs_total=2350068
[2026-03-03 01:47:22,846] INFO:fitness.free_loss_fidelity: RL4CO free-loss step 200/200: score=7.823322 (avg=7.805208), loss=0.657325 (avg=0.662024), pairs_step=13056, pairs_total=2611188
[2026-03-03 01:47:23,979] WARNING:fitness.free_loss_fidelity: weights_only checkpoint load failed (UnpicklingError); retrying weights_only=False for /data1/gushengda/eam-rl4co/baseline/epoch_409.ckpt
[2026-03-03 01:47:24,017] INFO:fitness.free_loss_fidelity: Loaded init checkpoint into policy: path=/data1/gushengda/eam-rl4co/baseline/epoch_409.ckpt prefix=policy. matched=97 missing=0 unexpected=0
[2026-03-03 01:47:24,022] INFO:fitness.free_loss_fidelity: RL4CO free-loss (step-mode): f1_steps=200, f2_steps=0, total_steps=200, train_problem_size=100, rollouts=100, batch_size=64, device=cuda:1, env=tsp
[2026-03-03 01:47:24,353] INFO:fitness.free_loss_fidelity: RL4CO free-loss step 1/200: score=7.807477 (avg=7.807477), loss=0.509554 (avg=0.509554), pairs_step=13053, pairs_total=13053
[2026-03-03 01:47:30,576] INFO:fitness.free_loss_fidelity: RL4CO free-loss step 20/200: score=7.786480 (avg=7.809819), loss=0.497100 (avg=0.500770), pairs_step=13056, pairs_total=261117
[2026-03-03 01:47:37,119] INFO:fitness.free_loss_fidelity: RL4CO free-loss step 40/200: score=7.815043 (avg=7.803213), loss=0.515676 (avg=0.508047), pairs_step=13056, pairs_total=522237
[2026-03-03 01:47:43,663] INFO:fitness.free_loss_fidelity: RL4CO free-loss step 60/200: score=7.815966 (avg=7.799397), loss=0.527775 (avg=0.514211), pairs_step=13056, pairs_total=783357
[2026-03-03 01:47:50,199] INFO:fitness.free_loss_fidelity: RL4CO free-loss step 80/200: score=7.797725 (avg=7.797434), loss=0.519862 (avg=0.517032), pairs_step=13056, pairs_total=1044477
[2026-03-03 01:47:56,741] INFO:fitness.free_loss_fidelity: RL4CO free-loss step 100/200: score=7.752904 (avg=7.797733), loss=0.506515 (avg=0.515729), pairs_step=13056, pairs_total=1305597
[2026-03-03 01:48:03,270] INFO:fitness.free_loss_fidelity: RL4CO free-loss step 120/200: score=7.772216 (avg=7.798889), loss=0.434665 (avg=0.508367), pairs_step=13056, pairs_total=1566717
[2026-03-03 01:48:09,811] INFO:fitness.free_loss_fidelity: RL4CO free-loss step 140/200: score=7.819950 (avg=7.799498), loss=0.447242 (avg=0.499248), pairs_step=13056, pairs_total=1827837
[2026-03-03 01:48:16,353] INFO:fitness.free_loss_fidelity: RL4CO free-loss step 160/200: score=7.785956 (avg=7.798187), loss=0.470788 (avg=0.494900), pairs_step=13056, pairs_total=2088957
[2026-03-03 01:48:22,885] INFO:fitness.free_loss_fidelity: RL4CO free-loss step 180/200: score=7.774814 (avg=7.796446), loss=0.484933 (avg=0.493004), pairs_step=13056, pairs_total=2350077
[2026-03-03 01:48:29,421] INFO:fitness.free_loss_fidelity: RL4CO free-loss step 200/200: score=7.807905 (avg=7.794730), loss=0.492314 (avg=0.492491), pairs_step=13056, pairs_total=2611197
