[2026-03-02 15:05:59,688] INFO:fitness.free_loss_fidelity: Stage3 offline mini-train start gen=2 pair_index=2 K=200 seed=12345 valid_sizes=[100] baseline_json=baseline/mini_eval/baseline_minitrain_tsp100_K200.json
[2026-03-02 15:06:05,293] INFO:fitness.free_loss_fidelity: RL4CO free-loss (step-mode): f1_steps=200, f2_steps=0, total_steps=200, train_problem_size=100, rollouts=100, batch_size=64, device=cuda:0, env=tsp
[2026-03-02 15:06:06,341] INFO:fitness.free_loss_fidelity: RL4CO free-loss step 1/200: score=36.122910 (avg=36.122910), loss=0.942688 (avg=0.942688), pairs_step=316800, pairs_total=316800
[2026-03-02 15:06:12,589] INFO:fitness.free_loss_fidelity: RL4CO free-loss step 20/200: score=10.022500 (avg=13.079821), loss=0.581718 (avg=0.620134), pairs_step=316800, pairs_total=6335997
[2026-03-02 15:06:19,583] INFO:fitness.free_loss_fidelity: RL4CO free-loss step 40/200: score=9.630279 (avg=11.418542), loss=0.549100 (avg=0.590978), pairs_step=316800, pairs_total=12671991
[2026-03-02 15:06:25,950] INFO:fitness.free_loss_fidelity: RL4CO free-loss step 60/200: score=9.441734 (avg=10.764296), loss=0.533360 (avg=0.577420), pairs_step=316800, pairs_total=19007988
[2026-03-02 15:06:32,297] INFO:fitness.free_loss_fidelity: RL4CO free-loss step 80/200: score=9.281399 (avg=10.405928), loss=0.538997 (avg=0.565477), pairs_step=316800, pairs_total=25343983
[2026-03-02 15:06:38,638] INFO:fitness.free_loss_fidelity: RL4CO free-loss step 100/200: score=9.186521 (avg=10.173575), loss=0.530841 (avg=0.557148), pairs_step=316800, pairs_total=31679982
[2026-03-02 15:06:45,008] INFO:fitness.free_loss_fidelity: RL4CO free-loss step 120/200: score=9.105608 (avg=10.011126), loss=0.521374 (avg=0.551602), pairs_step=316800, pairs_total=38015977
[2026-03-02 15:06:51,356] INFO:fitness.free_loss_fidelity: RL4CO free-loss step 140/200: score=9.093467 (avg=9.884564), loss=0.535869 (avg=0.547820), pairs_step=316800, pairs_total=44351977
[2026-03-02 15:06:57,697] INFO:fitness.free_loss_fidelity: RL4CO free-loss step 160/200: score=9.059784 (avg=9.784248), loss=0.517494 (avg=0.544946), pairs_step=316800, pairs_total=50687972
[2026-03-02 15:07:04,035] INFO:fitness.free_loss_fidelity: RL4CO free-loss step 180/200: score=9.006988 (avg=9.699193), loss=0.521317 (avg=0.542853), pairs_step=316799, pairs_total=57023969
[2026-03-02 15:07:10,384] INFO:fitness.free_loss_fidelity: RL4CO free-loss step 200/200: score=9.002188 (avg=9.626430), loss=0.520430 (avg=0.540899), pairs_step=316800, pairs_total=63359968
[2026-03-02 15:07:11,496] WARNING:fitness.free_loss_fidelity: weights_only checkpoint load failed (UnpicklingError); retrying weights_only=False for /data1/gushengda/eam-rl4co/baseline/epoch_135.ckpt
[2026-03-02 15:07:11,538] INFO:fitness.free_loss_fidelity: Loaded init checkpoint into policy: path=/data1/gushengda/eam-rl4co/baseline/epoch_135.ckpt prefix=policy. matched=97 missing=0 unexpected=0
[2026-03-02 15:07:11,543] INFO:fitness.free_loss_fidelity: RL4CO free-loss (step-mode): f1_steps=200, f2_steps=0, total_steps=200, train_problem_size=100, rollouts=100, batch_size=64, device=cuda:0, env=tsp
[2026-03-02 15:07:11,875] INFO:fitness.free_loss_fidelity: RL4CO free-loss step 1/200: score=7.803347 (avg=7.803347), loss=0.669376 (avg=0.669376), pairs_step=315697, pairs_total=315697
[2026-03-02 15:07:17,936] INFO:fitness.free_loss_fidelity: RL4CO free-loss step 20/200: score=7.783186 (avg=7.808967), loss=0.660753 (avg=0.665589), pairs_step=316070, pairs_total=6318899
[2026-03-02 15:07:24,302] INFO:fitness.free_loss_fidelity: RL4CO free-loss step 40/200: score=7.817692 (avg=7.803146), loss=0.662464 (avg=0.661896), pairs_step=316055, pairs_total=12636491
[2026-03-02 15:07:30,671] INFO:fitness.free_loss_fidelity: RL4CO free-loss step 60/200: score=7.811653 (avg=7.799069), loss=0.655317 (avg=0.659945), pairs_step=315939, pairs_total=18955049
[2026-03-02 15:07:37,037] INFO:fitness.free_loss_fidelity: RL4CO free-loss step 80/200: score=7.792685 (avg=7.797602), loss=0.640903 (avg=0.656151), pairs_step=316099, pairs_total=25276998
[2026-03-02 15:07:43,401] INFO:fitness.free_loss_fidelity: RL4CO free-loss step 100/200: score=7.751589 (avg=7.798407), loss=0.636270 (avg=0.653148), pairs_step=316031, pairs_total=31598736
[2026-03-02 15:07:49,782] INFO:fitness.free_loss_fidelity: RL4CO free-loss step 120/200: score=7.772855 (avg=7.799791), loss=0.639122 (avg=0.650799), pairs_step=315984, pairs_total=37918561
[2026-03-02 15:07:56,151] INFO:fitness.free_loss_fidelity: RL4CO free-loss step 140/200: score=7.826648 (avg=7.800747), loss=0.629956 (avg=0.648046), pairs_step=315677, pairs_total=44239518
[2026-03-02 15:08:02,521] INFO:fitness.free_loss_fidelity: RL4CO free-loss step 160/200: score=7.793535 (avg=7.800109), loss=0.617406 (avg=0.644142), pairs_step=315999, pairs_total=50561754
[2026-03-02 15:08:08,897] INFO:fitness.free_loss_fidelity: RL4CO free-loss step 180/200: score=7.778505 (avg=7.798956), loss=0.614979 (avg=0.640962), pairs_step=316086, pairs_total=56884934
[2026-03-02 15:08:15,222] INFO:fitness.free_loss_fidelity: RL4CO free-loss step 200/200: score=7.805483 (avg=7.797569), loss=0.603445 (avg=0.638379), pairs_step=315989, pairs_total=63207346
[2026-03-02 15:08:16,326] WARNING:fitness.free_loss_fidelity: weights_only checkpoint load failed (UnpicklingError); retrying weights_only=False for /data1/gushengda/eam-rl4co/baseline/epoch_409.ckpt
[2026-03-02 15:08:16,363] INFO:fitness.free_loss_fidelity: Loaded init checkpoint into policy: path=/data1/gushengda/eam-rl4co/baseline/epoch_409.ckpt prefix=policy. matched=97 missing=0 unexpected=0
[2026-03-02 15:08:16,369] INFO:fitness.free_loss_fidelity: RL4CO free-loss (step-mode): f1_steps=200, f2_steps=0, total_steps=200, train_problem_size=100, rollouts=100, batch_size=64, device=cuda:0, env=tsp
[2026-03-02 15:08:16,714] INFO:fitness.free_loss_fidelity: RL4CO free-loss step 1/200: score=7.807477 (avg=7.807477), loss=0.188473 (avg=0.188473), pairs_step=315750, pairs_total=315750
[2026-03-02 15:08:22,724] INFO:fitness.free_loss_fidelity: RL4CO free-loss step 20/200: score=7.782178 (avg=7.808877), loss=0.178450 (avg=0.180232), pairs_step=316179, pairs_total=6319458
[2026-03-02 15:08:29,061] INFO:fitness.free_loss_fidelity: RL4CO free-loss step 40/200: score=7.815150 (avg=7.802299), loss=0.177389 (avg=0.179567), pairs_step=315889, pairs_total=12637073
[2026-03-02 15:08:35,412] INFO:fitness.free_loss_fidelity: RL4CO free-loss step 60/200: score=7.809559 (avg=7.798452), loss=0.181555 (avg=0.179472), pairs_step=316025, pairs_total=18953850
[2026-03-02 15:08:41,956] INFO:fitness.free_loss_fidelity: RL4CO free-loss step 80/200: score=7.795936 (avg=7.797056), loss=0.180723 (avg=0.178828), pairs_step=316283, pairs_total=25272889
[2026-03-02 15:08:48,280] INFO:fitness.free_loss_fidelity: RL4CO free-loss step 100/200: score=7.755121 (avg=7.797690), loss=0.178521 (avg=0.178662), pairs_step=315945, pairs_total=31593924
[2026-03-02 15:08:54,599] INFO:fitness.free_loss_fidelity: RL4CO free-loss step 120/200: score=7.771512 (avg=7.798758), loss=0.179434 (avg=0.178723), pairs_step=315575, pairs_total=37913385
[2026-03-02 15:09:00,924] INFO:fitness.free_loss_fidelity: RL4CO free-loss step 140/200: score=7.824594 (avg=7.799436), loss=0.187093 (avg=0.179403), pairs_step=315505, pairs_total=44230648
[2026-03-02 15:09:07,241] INFO:fitness.free_loss_fidelity: RL4CO free-loss step 160/200: score=7.793030 (avg=7.798699), loss=0.191726 (avg=0.180543), pairs_step=316124, pairs_total=50547605
[2026-03-02 15:09:13,553] INFO:fitness.free_loss_fidelity: RL4CO free-loss step 180/200: score=7.777784 (avg=7.797421), loss=0.189073 (avg=0.181322), pairs_step=315605, pairs_total=56863182
[2026-03-02 15:09:19,879] INFO:fitness.free_loss_fidelity: RL4CO free-loss step 200/200: score=7.812332 (avg=7.796024), loss=0.180969 (avg=0.182061), pairs_step=315182, pairs_total=63180142
