[2026-03-03 05:31:26,764] INFO:fitness.free_loss_fidelity: Stage3 offline mini-train start gen=16 pair_index=8 K=200 seed=12345 valid_sizes=[100] baseline_json=baseline/mini_eval/baseline_minitrain_tsp100_K200.json
[2026-03-03 05:31:26,783] INFO:fitness.free_loss_fidelity: RL4CO free-loss (step-mode): f1_steps=200, f2_steps=0, total_steps=200, train_problem_size=100, rollouts=100, batch_size=64, device=cuda:0, env=tsp
[2026-03-03 05:31:27,158] INFO:fitness.free_loss_fidelity: RL4CO free-loss step 1/200: score=36.122910 (avg=36.122910), loss=0.689554 (avg=0.689554), pairs_step=320, pairs_total=320
[2026-03-03 05:31:33,393] INFO:fitness.free_loss_fidelity: RL4CO free-loss step 20/200: score=10.179978 (avg=12.903928), loss=0.409154 (avg=0.409224), pairs_step=320, pairs_total=6400
[2026-03-03 05:31:40,013] INFO:fitness.free_loss_fidelity: RL4CO free-loss step 40/200: score=9.501762 (avg=11.286597), loss=0.473308 (avg=0.417980), pairs_step=320, pairs_total=12800
[2026-03-03 05:31:46,622] INFO:fitness.free_loss_fidelity: RL4CO free-loss step 60/200: score=9.421081 (avg=10.652225), loss=0.387290 (avg=0.421090), pairs_step=320, pairs_total=19200
[2026-03-03 05:31:53,237] INFO:fitness.free_loss_fidelity: RL4CO free-loss step 80/200: score=9.212406 (avg=10.306051), loss=0.396426 (avg=0.420381), pairs_step=320, pairs_total=25600
[2026-03-03 05:31:59,835] INFO:fitness.free_loss_fidelity: RL4CO free-loss step 100/200: score=9.066780 (avg=10.074386), loss=0.395721 (avg=0.416982), pairs_step=320, pairs_total=32000
[2026-03-03 05:32:06,424] INFO:fitness.free_loss_fidelity: RL4CO free-loss step 120/200: score=8.949046 (avg=9.902808), loss=0.412127 (avg=0.413517), pairs_step=320, pairs_total=38400
[2026-03-03 05:32:13,014] INFO:fitness.free_loss_fidelity: RL4CO free-loss step 140/200: score=9.044173 (avg=9.769710), loss=0.392843 (avg=0.412567), pairs_step=320, pairs_total=44800
[2026-03-03 05:32:19,638] INFO:fitness.free_loss_fidelity: RL4CO free-loss step 160/200: score=8.823517 (avg=9.661799), loss=0.430092 (avg=0.414297), pairs_step=320, pairs_total=51200
[2026-03-03 05:32:26,233] INFO:fitness.free_loss_fidelity: RL4CO free-loss step 180/200: score=8.771961 (avg=9.564687), loss=0.454250 (avg=0.416289), pairs_step=320, pairs_total=57600
[2026-03-03 05:32:32,842] INFO:fitness.free_loss_fidelity: RL4CO free-loss step 200/200: score=8.699168 (avg=9.481419), loss=0.420413 (avg=0.417153), pairs_step=320, pairs_total=64000
[2026-03-03 05:32:33,937] WARNING:fitness.free_loss_fidelity: weights_only checkpoint load failed (UnpicklingError); retrying weights_only=False for /data1/gushengda/eam-rl4co/baseline/epoch_135.ckpt
[2026-03-03 05:32:33,973] INFO:fitness.free_loss_fidelity: Loaded init checkpoint into policy: path=/data1/gushengda/eam-rl4co/baseline/epoch_135.ckpt prefix=policy. matched=97 missing=0 unexpected=0
[2026-03-03 05:32:33,979] INFO:fitness.free_loss_fidelity: RL4CO free-loss (step-mode): f1_steps=200, f2_steps=0, total_steps=200, train_problem_size=100, rollouts=100, batch_size=64, device=cuda:0, env=tsp
[2026-03-03 05:32:34,355] INFO:fitness.free_loss_fidelity: RL4CO free-loss step 1/200: score=7.803347 (avg=7.803347), loss=0.585896 (avg=0.585896), pairs_step=320, pairs_total=320
[2026-03-03 05:32:40,645] INFO:fitness.free_loss_fidelity: RL4CO free-loss step 20/200: score=7.793334 (avg=7.816030), loss=0.614495 (avg=0.604860), pairs_step=320, pairs_total=6400
[2026-03-03 05:32:47,263] INFO:fitness.free_loss_fidelity: RL4CO free-loss step 40/200: score=7.829049 (avg=7.812163), loss=0.612647 (avg=0.611812), pairs_step=320, pairs_total=12800
[2026-03-03 05:32:53,865] INFO:fitness.free_loss_fidelity: RL4CO free-loss step 60/200: score=7.828185 (avg=7.809214), loss=0.622515 (avg=0.616368), pairs_step=320, pairs_total=19200
[2026-03-03 05:33:00,453] INFO:fitness.free_loss_fidelity: RL4CO free-loss step 80/200: score=7.810087 (avg=7.807937), loss=0.620054 (avg=0.618849), pairs_step=320, pairs_total=25600
[2026-03-03 05:33:07,022] INFO:fitness.free_loss_fidelity: RL4CO free-loss step 100/200: score=7.765618 (avg=7.808923), loss=0.639247 (avg=0.620880), pairs_step=320, pairs_total=32000
[2026-03-03 05:33:13,657] INFO:fitness.free_loss_fidelity: RL4CO free-loss step 120/200: score=7.783933 (avg=7.810406), loss=0.634010 (avg=0.622019), pairs_step=320, pairs_total=38400
[2026-03-03 05:33:20,245] INFO:fitness.free_loss_fidelity: RL4CO free-loss step 140/200: score=7.836073 (avg=7.811596), loss=0.638777 (avg=0.622297), pairs_step=320, pairs_total=44800
[2026-03-03 05:33:26,823] INFO:fitness.free_loss_fidelity: RL4CO free-loss step 160/200: score=7.805551 (avg=7.810724), loss=0.636576 (avg=0.622751), pairs_step=320, pairs_total=51200
[2026-03-03 05:33:33,398] INFO:fitness.free_loss_fidelity: RL4CO free-loss step 180/200: score=7.800306 (avg=7.809784), loss=0.637250 (avg=0.622985), pairs_step=320, pairs_total=57600
[2026-03-03 05:33:39,990] INFO:fitness.free_loss_fidelity: RL4CO free-loss step 200/200: score=7.824031 (avg=7.808765), loss=0.638744 (avg=0.624222), pairs_step=320, pairs_total=64000
[2026-03-03 05:33:41,085] WARNING:fitness.free_loss_fidelity: weights_only checkpoint load failed (UnpicklingError); retrying weights_only=False for /data1/gushengda/eam-rl4co/baseline/epoch_409.ckpt
[2026-03-03 05:33:41,120] INFO:fitness.free_loss_fidelity: Loaded init checkpoint into policy: path=/data1/gushengda/eam-rl4co/baseline/epoch_409.ckpt prefix=policy. matched=97 missing=0 unexpected=0
[2026-03-03 05:33:41,126] INFO:fitness.free_loss_fidelity: RL4CO free-loss (step-mode): f1_steps=200, f2_steps=0, total_steps=200, train_problem_size=100, rollouts=100, batch_size=64, device=cuda:0, env=tsp
[2026-03-03 05:33:41,504] INFO:fitness.free_loss_fidelity: RL4CO free-loss step 1/200: score=7.807477 (avg=7.807477), loss=0.010822 (avg=0.010822), pairs_step=320, pairs_total=320
[2026-03-03 05:33:47,752] INFO:fitness.free_loss_fidelity: RL4CO free-loss step 20/200: score=7.775521 (avg=7.807141), loss=0.275238 (avg=0.169012), pairs_step=320, pairs_total=6400
[2026-03-03 05:33:54,351] INFO:fitness.free_loss_fidelity: RL4CO free-loss step 40/200: score=7.823738 (avg=7.803563), loss=0.348689 (avg=0.243095), pairs_step=320, pairs_total=12800
[2026-03-03 05:34:00,961] INFO:fitness.free_loss_fidelity: RL4CO free-loss step 60/200: score=7.821970 (avg=7.802938), loss=0.391556 (avg=0.284320), pairs_step=320, pairs_total=19200
[2026-03-03 05:34:07,579] INFO:fitness.free_loss_fidelity: RL4CO free-loss step 80/200: score=7.799743 (avg=7.802082), loss=0.428169 (avg=0.316540), pairs_step=320, pairs_total=25600
[2026-03-03 05:34:14,175] INFO:fitness.free_loss_fidelity: RL4CO free-loss step 100/200: score=7.758722 (avg=7.802959), loss=0.450071 (avg=0.342798), pairs_step=320, pairs_total=32000
[2026-03-03 05:34:20,736] INFO:fitness.free_loss_fidelity: RL4CO free-loss step 120/200: score=7.772964 (avg=7.804028), loss=0.473707 (avg=0.363926), pairs_step=320, pairs_total=38400
[2026-03-03 05:34:27,334] INFO:fitness.free_loss_fidelity: RL4CO free-loss step 140/200: score=7.830665 (avg=7.805022), loss=0.501110 (avg=0.382344), pairs_step=320, pairs_total=44800
[2026-03-03 05:34:33,948] INFO:fitness.free_loss_fidelity: RL4CO free-loss step 160/200: score=7.796346 (avg=7.804130), loss=0.521921 (avg=0.398150), pairs_step=320, pairs_total=51200
[2026-03-03 05:34:40,545] INFO:fitness.free_loss_fidelity: RL4CO free-loss step 180/200: score=7.786496 (avg=7.802753), loss=0.520261 (avg=0.412264), pairs_step=320, pairs_total=57600
[2026-03-03 05:34:47,155] INFO:fitness.free_loss_fidelity: RL4CO free-loss step 200/200: score=7.815994 (avg=7.801429), loss=0.520649 (avg=0.423681), pairs_step=320, pairs_total=64000
