[2026-03-02 23:21:48,677] INFO:fitness.free_loss_fidelity: Stage3 offline mini-train start gen=11 pair_index=10 K=200 seed=12345 valid_sizes=[100] baseline_json=baseline/mini_eval/baseline_minitrain_tsp100_K200.json
[2026-03-02 23:21:48,698] INFO:fitness.free_loss_fidelity: RL4CO free-loss (step-mode): f1_steps=200, f2_steps=0, total_steps=200, train_problem_size=100, rollouts=100, batch_size=64, device=cuda:1, env=tsp
[2026-03-02 23:21:49,048] INFO:fitness.free_loss_fidelity: RL4CO free-loss step 1/200: score=36.122910 (avg=36.122910), loss=0.688515 (avg=0.688515), pairs_step=512, pairs_total=512
[2026-03-02 23:21:55,329] INFO:fitness.free_loss_fidelity: RL4CO free-loss step 20/200: score=13.276302 (avg=15.342175), loss=0.660983 (avg=0.679524), pairs_step=512, pairs_total=10240
[2026-03-02 23:22:01,941] INFO:fitness.free_loss_fidelity: RL4CO free-loss step 40/200: score=11.737651 (avg=13.928739), loss=0.653450 (avg=0.676889), pairs_step=512, pairs_total=20480
[2026-03-02 23:22:08,559] INFO:fitness.free_loss_fidelity: RL4CO free-loss step 60/200: score=10.347304 (avg=12.987779), loss=0.694380 (avg=0.679511), pairs_step=512, pairs_total=30720
[2026-03-02 23:22:15,170] INFO:fitness.free_loss_fidelity: RL4CO free-loss step 80/200: score=11.243700 (avg=12.460863), loss=0.654728 (avg=0.676446), pairs_step=512, pairs_total=40960
[2026-03-02 23:22:21,777] INFO:fitness.free_loss_fidelity: RL4CO free-loss step 100/200: score=11.225653 (avg=12.279823), loss=0.651805 (avg=0.674138), pairs_step=512, pairs_total=51200
[2026-03-02 23:22:28,379] INFO:fitness.free_loss_fidelity: RL4CO free-loss step 120/200: score=10.344065 (avg=11.979553), loss=0.651085 (avg=0.672995), pairs_step=512, pairs_total=61440
[2026-03-02 23:22:34,993] INFO:fitness.free_loss_fidelity: RL4CO free-loss step 140/200: score=10.209749 (avg=11.776841), loss=0.690965 (avg=0.671107), pairs_step=512, pairs_total=71680
[2026-03-02 23:22:41,611] INFO:fitness.free_loss_fidelity: RL4CO free-loss step 160/200: score=10.167529 (avg=11.605194), loss=0.680557 (avg=0.669877), pairs_step=512, pairs_total=81920
[2026-03-02 23:22:48,234] INFO:fitness.free_loss_fidelity: RL4CO free-loss step 180/200: score=10.336390 (avg=11.479123), loss=0.650579 (avg=0.669353), pairs_step=512, pairs_total=92160
[2026-03-02 23:22:54,842] INFO:fitness.free_loss_fidelity: RL4CO free-loss step 200/200: score=10.653571 (avg=11.360099), loss=0.663294 (avg=0.668986), pairs_step=512, pairs_total=102400
[2026-03-02 23:22:55,985] WARNING:fitness.free_loss_fidelity: weights_only checkpoint load failed (UnpicklingError); retrying weights_only=False for /data1/gushengda/eam-rl4co/baseline/epoch_135.ckpt
[2026-03-02 23:22:56,024] INFO:fitness.free_loss_fidelity: Loaded init checkpoint into policy: path=/data1/gushengda/eam-rl4co/baseline/epoch_135.ckpt prefix=policy. matched=97 missing=0 unexpected=0
[2026-03-02 23:22:56,029] INFO:fitness.free_loss_fidelity: RL4CO free-loss (step-mode): f1_steps=200, f2_steps=0, total_steps=200, train_problem_size=100, rollouts=100, batch_size=64, device=cuda:1, env=tsp
[2026-03-02 23:22:56,366] INFO:fitness.free_loss_fidelity: RL4CO free-loss step 1/200: score=7.803347 (avg=7.803347), loss=0.665513 (avg=0.665513), pairs_step=512, pairs_total=512
[2026-03-02 23:23:02,646] INFO:fitness.free_loss_fidelity: RL4CO free-loss step 20/200: score=7.857979 (avg=7.847048), loss=0.670402 (avg=0.671567), pairs_step=512, pairs_total=10240
[2026-03-02 23:23:09,262] INFO:fitness.free_loss_fidelity: RL4CO free-loss step 40/200: score=7.943577 (avg=7.874206), loss=0.684901 (avg=0.679232), pairs_step=512, pairs_total=20480
[2026-03-02 23:23:15,875] INFO:fitness.free_loss_fidelity: RL4CO free-loss step 60/200: score=7.954921 (avg=7.893473), loss=0.678246 (avg=0.680336), pairs_step=512, pairs_total=30720
[2026-03-02 23:23:22,488] INFO:fitness.free_loss_fidelity: RL4CO free-loss step 80/200: score=7.973094 (avg=7.910485), loss=0.692361 (avg=0.681331), pairs_step=512, pairs_total=40960
[2026-03-02 23:23:29,089] INFO:fitness.free_loss_fidelity: RL4CO free-loss step 100/200: score=7.945489 (avg=7.927651), loss=0.686175 (avg=0.682446), pairs_step=512, pairs_total=51200
[2026-03-02 23:23:35,692] INFO:fitness.free_loss_fidelity: RL4CO free-loss step 120/200: score=8.009099 (avg=7.944723), loss=0.670973 (avg=0.683055), pairs_step=512, pairs_total=61440
[2026-03-02 23:23:42,302] INFO:fitness.free_loss_fidelity: RL4CO free-loss step 140/200: score=8.102267 (avg=7.961474), loss=0.676271 (avg=0.683868), pairs_step=512, pairs_total=71680
[2026-03-02 23:23:49,096] INFO:fitness.free_loss_fidelity: RL4CO free-loss step 160/200: score=8.022465 (avg=7.968515), loss=0.693217 (avg=0.684412), pairs_step=512, pairs_total=81920
[2026-03-02 23:23:55,699] INFO:fitness.free_loss_fidelity: RL4CO free-loss step 180/200: score=8.014747 (avg=7.972323), loss=0.688894 (avg=0.684858), pairs_step=512, pairs_total=92160
[2026-03-02 23:24:02,310] INFO:fitness.free_loss_fidelity: RL4CO free-loss step 200/200: score=8.063310 (avg=7.975677), loss=0.682180 (avg=0.684753), pairs_step=512, pairs_total=102400
[2026-03-02 23:24:03,451] WARNING:fitness.free_loss_fidelity: weights_only checkpoint load failed (UnpicklingError); retrying weights_only=False for /data1/gushengda/eam-rl4co/baseline/epoch_409.ckpt
[2026-03-02 23:24:03,482] INFO:fitness.free_loss_fidelity: Loaded init checkpoint into policy: path=/data1/gushengda/eam-rl4co/baseline/epoch_409.ckpt prefix=policy. matched=97 missing=0 unexpected=0
[2026-03-02 23:24:03,488] INFO:fitness.free_loss_fidelity: RL4CO free-loss (step-mode): f1_steps=200, f2_steps=0, total_steps=200, train_problem_size=100, rollouts=100, batch_size=64, device=cuda:1, env=tsp
[2026-03-02 23:24:03,824] INFO:fitness.free_loss_fidelity: RL4CO free-loss step 1/200: score=7.807477 (avg=7.807477), loss=0.578568 (avg=0.578568), pairs_step=512, pairs_total=512
[2026-03-02 23:24:10,100] INFO:fitness.free_loss_fidelity: RL4CO free-loss step 20/200: score=7.813175 (avg=7.822499), loss=0.688054 (avg=0.654037), pairs_step=512, pairs_total=10240
[2026-03-02 23:24:16,708] INFO:fitness.free_loss_fidelity: RL4CO free-loss step 40/200: score=7.864712 (avg=7.828407), loss=0.682204 (avg=0.674812), pairs_step=512, pairs_total=20480
[2026-03-02 23:24:23,330] INFO:fitness.free_loss_fidelity: RL4CO free-loss step 60/200: score=7.853057 (avg=7.831226), loss=0.682622 (avg=0.681144), pairs_step=512, pairs_total=30720
[2026-03-02 23:24:29,944] INFO:fitness.free_loss_fidelity: RL4CO free-loss step 80/200: score=7.847923 (avg=7.835244), loss=0.684321 (avg=0.684408), pairs_step=512, pairs_total=40960
[2026-03-02 23:24:36,567] INFO:fitness.free_loss_fidelity: RL4CO free-loss step 100/200: score=7.830134 (avg=7.840917), loss=0.715889 (avg=0.686943), pairs_step=512, pairs_total=51200
[2026-03-02 23:24:43,192] INFO:fitness.free_loss_fidelity: RL4CO free-loss step 120/200: score=7.827250 (avg=7.846659), loss=0.677751 (avg=0.686888), pairs_step=512, pairs_total=61440
[2026-03-02 23:24:49,799] INFO:fitness.free_loss_fidelity: RL4CO free-loss step 140/200: score=7.880780 (avg=7.849413), loss=0.673911 (avg=0.687540), pairs_step=512, pairs_total=71680
[2026-03-02 23:24:56,414] INFO:fitness.free_loss_fidelity: RL4CO free-loss step 160/200: score=7.872286 (avg=7.851597), loss=0.680831 (avg=0.687536), pairs_step=512, pairs_total=81920
[2026-03-02 23:25:03,014] INFO:fitness.free_loss_fidelity: RL4CO free-loss step 180/200: score=7.859599 (avg=7.853003), loss=0.689087 (avg=0.687952), pairs_step=512, pairs_total=92160
[2026-03-02 23:25:09,641] INFO:fitness.free_loss_fidelity: RL4CO free-loss step 200/200: score=7.915251 (avg=7.855154), loss=0.697428 (avg=0.687914), pairs_step=512, pairs_total=102400
