[2026-03-02 16:45:49,067] INFO:fitness.free_loss_fidelity: Stage3 offline mini-train start gen=4 pair_index=7 K=200 seed=12345 valid_sizes=[100] baseline_json=baseline/mini_eval/baseline_minitrain_tsp100_K200.json
[2026-03-02 16:45:49,089] INFO:fitness.free_loss_fidelity: RL4CO free-loss (step-mode): f1_steps=200, f2_steps=0, total_steps=200, train_problem_size=100, rollouts=100, batch_size=64, device=cuda:0, env=tsp
[2026-03-02 16:45:49,427] INFO:fitness.free_loss_fidelity: RL4CO free-loss step 1/200: score=36.122910 (avg=36.122910), loss=5.240767 (avg=5.240767), pairs_step=316800, pairs_total=316800
[2026-03-02 16:45:55,447] INFO:fitness.free_loss_fidelity: RL4CO free-loss step 20/200: score=19.782722 (avg=17.202276), loss=1.831033 (avg=2.098658), pairs_step=316800, pairs_total=6335999
[2026-03-02 16:46:01,797] INFO:fitness.free_loss_fidelity: RL4CO free-loss step 40/200: score=23.355885 (avg=19.640699), loss=1.300777 (avg=1.846355), pairs_step=316799, pairs_total=12671996
[2026-03-02 16:46:08,147] INFO:fitness.free_loss_fidelity: RL4CO free-loss step 60/200: score=26.599712 (avg=21.514703), loss=1.248915 (avg=1.654531), pairs_step=316799, pairs_total=19007991
[2026-03-02 16:46:14,498] INFO:fitness.free_loss_fidelity: RL4CO free-loss step 80/200: score=28.200846 (avg=22.984427), loss=1.215153 (avg=1.550200), pairs_step=316800, pairs_total=25343986
[2026-03-02 16:46:20,852] INFO:fitness.free_loss_fidelity: RL4CO free-loss step 100/200: score=28.977032 (avg=24.111160), loss=1.212849 (avg=1.481992), pairs_step=316800, pairs_total=31679981
[2026-03-02 16:46:27,219] INFO:fitness.free_loss_fidelity: RL4CO free-loss step 120/200: score=29.705467 (avg=24.975667), loss=1.193797 (avg=1.433714), pairs_step=316800, pairs_total=38015973
[2026-03-02 16:46:33,579] INFO:fitness.free_loss_fidelity: RL4CO free-loss step 140/200: score=31.240990 (avg=25.747976), loss=1.231364 (avg=1.397992), pairs_step=316800, pairs_total=44351972
[2026-03-02 16:46:39,923] INFO:fitness.free_loss_fidelity: RL4CO free-loss step 160/200: score=33.101624 (avg=26.562442), loss=1.177084 (avg=1.373338), pairs_step=316800, pairs_total=50687969
[2026-03-02 16:46:46,278] INFO:fitness.free_loss_fidelity: RL4CO free-loss step 180/200: score=34.267124 (avg=27.350773), loss=1.164282 (avg=1.348835), pairs_step=316800, pairs_total=57023962
[2026-03-02 16:46:52,624] INFO:fitness.free_loss_fidelity: RL4CO free-loss step 200/200: score=35.385811 (avg=28.098792), loss=0.995281 (avg=1.320260), pairs_step=316800, pairs_total=63359957
[2026-03-02 16:46:53,719] WARNING:fitness.free_loss_fidelity: weights_only checkpoint load failed (UnpicklingError); retrying weights_only=False for /data1/gushengda/eam-rl4co/baseline/epoch_135.ckpt
[2026-03-02 16:46:53,771] INFO:fitness.free_loss_fidelity: Loaded init checkpoint into policy: path=/data1/gushengda/eam-rl4co/baseline/epoch_135.ckpt prefix=policy. matched=97 missing=0 unexpected=0
[2026-03-02 16:46:53,778] INFO:fitness.free_loss_fidelity: RL4CO free-loss (step-mode): f1_steps=200, f2_steps=0, total_steps=200, train_problem_size=100, rollouts=100, batch_size=64, device=cuda:0, env=tsp
[2026-03-02 16:46:54,119] INFO:fitness.free_loss_fidelity: RL4CO free-loss step 1/200: score=7.803347 (avg=7.803347), loss=1.072121 (avg=1.072121), pairs_step=315697, pairs_total=315697
[2026-03-02 16:47:00,156] INFO:fitness.free_loss_fidelity: RL4CO free-loss step 20/200: score=7.960331 (avg=7.847502), loss=0.747968 (avg=0.874339), pairs_step=316800, pairs_total=6329742
[2026-03-02 16:47:06,504] INFO:fitness.free_loss_fidelity: RL4CO free-loss step 40/200: score=12.076382 (avg=8.851482), loss=0.663353 (avg=0.792046), pairs_step=316800, pairs_total=12665740
[2026-03-02 16:47:12,855] INFO:fitness.free_loss_fidelity: RL4CO free-loss step 60/200: score=14.811638 (avg=10.136374), loss=0.607584 (avg=0.718608), pairs_step=316800, pairs_total=19001740
[2026-03-02 16:47:19,200] INFO:fitness.free_loss_fidelity: RL4CO free-loss step 80/200: score=35.599289 (avg=13.794523), loss=1.323813 (avg=0.789643), pairs_step=316800, pairs_total=25337736
[2026-03-02 16:47:25,546] INFO:fitness.free_loss_fidelity: RL4CO free-loss step 100/200: score=44.443851 (avg=19.463774), loss=0.792964 (avg=0.834272), pairs_step=316800, pairs_total=31673731
[2026-03-02 16:47:32,084] INFO:fitness.free_loss_fidelity: RL4CO free-loss step 120/200: score=28.035273 (avg=21.611194), loss=0.794432 (avg=0.807423), pairs_step=316800, pairs_total=38009729
[2026-03-02 16:47:38,414] INFO:fitness.free_loss_fidelity: RL4CO free-loss step 140/200: score=24.167805 (avg=22.877300), loss=0.446967 (avg=0.765820), pairs_step=316800, pairs_total=44345725
[2026-03-02 16:47:44,767] INFO:fitness.free_loss_fidelity: RL4CO free-loss step 160/200: score=32.445679 (avg=23.088703), loss=1.047039 (avg=0.729198), pairs_step=316800, pairs_total=50681722
[2026-03-02 16:47:51,096] INFO:fitness.free_loss_fidelity: RL4CO free-loss step 180/200: score=28.308910 (avg=24.078696), loss=0.428038 (avg=0.759586), pairs_step=316800, pairs_total=57017718
[2026-03-02 16:47:57,439] INFO:fitness.free_loss_fidelity: RL4CO free-loss step 200/200: score=30.894928 (avg=24.633703), loss=0.408010 (avg=0.726583), pairs_step=316800, pairs_total=63353715
[2026-03-02 16:47:58,532] WARNING:fitness.free_loss_fidelity: weights_only checkpoint load failed (UnpicklingError); retrying weights_only=False for /data1/gushengda/eam-rl4co/baseline/epoch_409.ckpt
[2026-03-02 16:47:58,568] INFO:fitness.free_loss_fidelity: Loaded init checkpoint into policy: path=/data1/gushengda/eam-rl4co/baseline/epoch_409.ckpt prefix=policy. matched=97 missing=0 unexpected=0
[2026-03-02 16:47:58,573] INFO:fitness.free_loss_fidelity: RL4CO free-loss (step-mode): f1_steps=200, f2_steps=0, total_steps=200, train_problem_size=100, rollouts=100, batch_size=64, device=cuda:0, env=tsp
[2026-03-02 16:47:58,915] INFO:fitness.free_loss_fidelity: RL4CO free-loss step 1/200: score=7.807477 (avg=7.807477), loss=0.272637 (avg=0.272637), pairs_step=315750, pairs_total=315750
[2026-03-02 16:48:04,940] INFO:fitness.free_loss_fidelity: RL4CO free-loss step 20/200: score=7.788327 (avg=7.809613), loss=0.492281 (avg=0.290451), pairs_step=316734, pairs_total=6325461
[2026-03-02 16:48:11,311] INFO:fitness.free_loss_fidelity: RL4CO free-loss step 40/200: score=7.913931 (avg=7.841697), loss=0.415669 (avg=0.509652), pairs_step=316800, pairs_total=12661383
[2026-03-02 16:48:17,659] INFO:fitness.free_loss_fidelity: RL4CO free-loss step 60/200: score=8.402818 (avg=7.930507), loss=0.596143 (avg=0.527054), pairs_step=316800, pairs_total=18997381
[2026-03-02 16:48:23,997] INFO:fitness.free_loss_fidelity: RL4CO free-loss step 80/200: score=8.775055 (avg=8.056203), loss=0.417171 (avg=0.489696), pairs_step=316800, pairs_total=25333378
[2026-03-02 16:48:30,343] INFO:fitness.free_loss_fidelity: RL4CO free-loss step 100/200: score=27.927851 (avg=9.348566), loss=0.274488 (avg=0.475830), pairs_step=316800, pairs_total=31669377
[2026-03-02 16:48:36,710] INFO:fitness.free_loss_fidelity: RL4CO free-loss step 120/200: score=35.079170 (avg=13.598495), loss=0.180835 (avg=0.433296), pairs_step=316800, pairs_total=38005374
[2026-03-02 16:48:43,048] INFO:fitness.free_loss_fidelity: RL4CO free-loss step 140/200: score=34.449909 (avg=16.631505), loss=0.152217 (avg=0.394219), pairs_step=316800, pairs_total=44341369
[2026-03-02 16:48:49,395] INFO:fitness.free_loss_fidelity: RL4CO free-loss step 160/200: score=33.326748 (avg=18.779933), loss=0.142954 (avg=0.363193), pairs_step=316800, pairs_total=50677368
[2026-03-02 16:48:55,741] INFO:fitness.free_loss_fidelity: RL4CO free-loss step 180/200: score=32.768436 (avg=20.360648), loss=0.133382 (avg=0.338070), pairs_step=316800, pairs_total=57013367
[2026-03-02 16:49:02,102] INFO:fitness.free_loss_fidelity: RL4CO free-loss step 200/200: score=32.081547 (avg=21.560542), loss=0.129921 (avg=0.317481), pairs_step=316799, pairs_total=63349363
