[2026-03-03 04:06:48,803] INFO:fitness.free_loss_fidelity: Stage3 offline mini-train start gen=15 pair_index=20 K=200 seed=12345 valid_sizes=[100] baseline_json=baseline/mini_eval/baseline_minitrain_tsp100_K200.json
[2026-03-03 04:06:48,821] INFO:fitness.free_loss_fidelity: RL4CO free-loss (step-mode): f1_steps=200, f2_steps=0, total_steps=200, train_problem_size=100, rollouts=100, batch_size=64, device=cuda:0, env=tsp
[2026-03-03 04:06:49,151] INFO:fitness.free_loss_fidelity: RL4CO free-loss step 1/200: score=36.122910 (avg=36.122910), loss=0.741645 (avg=0.741645), pairs_step=12288, pairs_total=12288
[2026-03-03 04:06:55,226] INFO:fitness.free_loss_fidelity: RL4CO free-loss step 20/200: score=10.067629 (avg=12.753735), loss=0.567576 (avg=0.575518), pairs_step=12288, pairs_total=245760
[2026-03-03 04:07:01,625] INFO:fitness.free_loss_fidelity: RL4CO free-loss step 40/200: score=9.575931 (avg=11.203940), loss=0.584006 (avg=0.576150), pairs_step=12288, pairs_total=491520
[2026-03-03 04:07:08,026] INFO:fitness.free_loss_fidelity: RL4CO free-loss step 60/200: score=9.346596 (avg=10.600060), loss=0.584087 (avg=0.576961), pairs_step=12288, pairs_total=737280
[2026-03-03 04:07:14,418] INFO:fitness.free_loss_fidelity: RL4CO free-loss step 80/200: score=9.225037 (avg=10.269466), loss=0.579473 (avg=0.573964), pairs_step=12288, pairs_total=983040
[2026-03-03 04:07:20,809] INFO:fitness.free_loss_fidelity: RL4CO free-loss step 100/200: score=9.036577 (avg=10.052838), loss=0.538874 (avg=0.569672), pairs_step=12288, pairs_total=1228800
[2026-03-03 04:07:27,194] INFO:fitness.free_loss_fidelity: RL4CO free-loss step 120/200: score=9.033082 (avg=9.897436), loss=0.535309 (avg=0.566591), pairs_step=12288, pairs_total=1474560
[2026-03-03 04:07:33,571] INFO:fitness.free_loss_fidelity: RL4CO free-loss step 140/200: score=9.004295 (avg=9.769837), loss=0.552829 (avg=0.563981), pairs_step=12288, pairs_total=1720320
[2026-03-03 04:07:39,954] INFO:fitness.free_loss_fidelity: RL4CO free-loss step 160/200: score=8.916365 (avg=9.664342), loss=0.521131 (avg=0.561733), pairs_step=12288, pairs_total=1966080
[2026-03-03 04:07:46,337] INFO:fitness.free_loss_fidelity: RL4CO free-loss step 180/200: score=8.892540 (avg=9.575960), loss=0.548467 (avg=0.560190), pairs_step=12288, pairs_total=2211840
[2026-03-03 04:07:52,719] INFO:fitness.free_loss_fidelity: RL4CO free-loss step 200/200: score=8.789154 (avg=9.499528), loss=0.558528 (avg=0.558773), pairs_step=12288, pairs_total=2457600
[2026-03-03 04:07:53,827] WARNING:fitness.free_loss_fidelity: weights_only checkpoint load failed (UnpicklingError); retrying weights_only=False for /data1/gushengda/eam-rl4co/baseline/epoch_135.ckpt
[2026-03-03 04:07:54,048] INFO:fitness.free_loss_fidelity: Loaded init checkpoint into policy: path=/data1/gushengda/eam-rl4co/baseline/epoch_135.ckpt prefix=policy. matched=97 missing=0 unexpected=0
[2026-03-03 04:07:54,054] INFO:fitness.free_loss_fidelity: RL4CO free-loss (step-mode): f1_steps=200, f2_steps=0, total_steps=200, train_problem_size=100, rollouts=100, batch_size=64, device=cuda:0, env=tsp
[2026-03-03 04:07:54,387] INFO:fitness.free_loss_fidelity: RL4CO free-loss step 1/200: score=7.803347 (avg=7.803347), loss=0.662253 (avg=0.662253), pairs_step=12288, pairs_total=12288
[2026-03-03 04:08:00,458] INFO:fitness.free_loss_fidelity: RL4CO free-loss step 20/200: score=7.789391 (avg=7.816606), loss=0.668663 (avg=0.667502), pairs_step=12288, pairs_total=245760
[2026-03-03 04:08:06,846] INFO:fitness.free_loss_fidelity: RL4CO free-loss step 40/200: score=7.822916 (avg=7.810579), loss=0.670064 (avg=0.667551), pairs_step=12288, pairs_total=491520
[2026-03-03 04:08:13,233] INFO:fitness.free_loss_fidelity: RL4CO free-loss step 60/200: score=7.816710 (avg=7.806085), loss=0.665137 (avg=0.667509), pairs_step=12288, pairs_total=737280
[2026-03-03 04:08:19,622] INFO:fitness.free_loss_fidelity: RL4CO free-loss step 80/200: score=7.803660 (avg=7.804520), loss=0.670087 (avg=0.667477), pairs_step=12288, pairs_total=983040
[2026-03-03 04:08:26,006] INFO:fitness.free_loss_fidelity: RL4CO free-loss step 100/200: score=7.763676 (avg=7.805529), loss=0.668781 (avg=0.667663), pairs_step=12288, pairs_total=1228800
[2026-03-03 04:08:32,392] INFO:fitness.free_loss_fidelity: RL4CO free-loss step 120/200: score=7.776905 (avg=7.806649), loss=0.665618 (avg=0.668108), pairs_step=12288, pairs_total=1474560
[2026-03-03 04:08:38,776] INFO:fitness.free_loss_fidelity: RL4CO free-loss step 140/200: score=7.835144 (avg=7.807520), loss=0.665662 (avg=0.667974), pairs_step=12288, pairs_total=1720290
[2026-03-03 04:08:45,160] INFO:fitness.free_loss_fidelity: RL4CO free-loss step 160/200: score=7.807868 (avg=7.807202), loss=0.674541 (avg=0.667729), pairs_step=12288, pairs_total=1966050
[2026-03-03 04:08:51,547] INFO:fitness.free_loss_fidelity: RL4CO free-loss step 180/200: score=7.794697 (avg=7.805995), loss=0.665032 (avg=0.667742), pairs_step=12288, pairs_total=2211810
[2026-03-03 04:08:57,922] INFO:fitness.free_loss_fidelity: RL4CO free-loss step 200/200: score=7.821381 (avg=7.804849), loss=0.661792 (avg=0.667785), pairs_step=12288, pairs_total=2457570
[2026-03-03 04:08:59,031] WARNING:fitness.free_loss_fidelity: weights_only checkpoint load failed (UnpicklingError); retrying weights_only=False for /data1/gushengda/eam-rl4co/baseline/epoch_409.ckpt
[2026-03-03 04:08:59,070] INFO:fitness.free_loss_fidelity: Loaded init checkpoint into policy: path=/data1/gushengda/eam-rl4co/baseline/epoch_409.ckpt prefix=policy. matched=97 missing=0 unexpected=0
[2026-03-03 04:08:59,076] INFO:fitness.free_loss_fidelity: RL4CO free-loss (step-mode): f1_steps=200, f2_steps=0, total_steps=200, train_problem_size=100, rollouts=100, batch_size=64, device=cuda:0, env=tsp
[2026-03-03 04:08:59,402] INFO:fitness.free_loss_fidelity: RL4CO free-loss step 1/200: score=7.807477 (avg=7.807477), loss=0.561642 (avg=0.561642), pairs_step=12288, pairs_total=12288
[2026-03-03 04:09:05,474] INFO:fitness.free_loss_fidelity: RL4CO free-loss step 20/200: score=7.782740 (avg=7.808237), loss=0.552283 (avg=0.553861), pairs_step=12288, pairs_total=245756
[2026-03-03 04:09:11,862] INFO:fitness.free_loss_fidelity: RL4CO free-loss step 40/200: score=7.814187 (avg=7.800890), loss=0.569999 (avg=0.559158), pairs_step=12288, pairs_total=491516
[2026-03-03 04:09:18,239] INFO:fitness.free_loss_fidelity: RL4CO free-loss step 60/200: score=7.814506 (avg=7.797809), loss=0.581313 (avg=0.563295), pairs_step=12288, pairs_total=737276
[2026-03-03 04:09:24,624] INFO:fitness.free_loss_fidelity: RL4CO free-loss step 80/200: score=7.794753 (avg=7.796485), loss=0.576813 (avg=0.564757), pairs_step=12288, pairs_total=983036
[2026-03-03 04:09:31,011] INFO:fitness.free_loss_fidelity: RL4CO free-loss step 100/200: score=7.754215 (avg=7.797085), loss=0.579016 (avg=0.566123), pairs_step=12288, pairs_total=1228796
[2026-03-03 04:09:37,399] INFO:fitness.free_loss_fidelity: RL4CO free-loss step 120/200: score=7.777031 (avg=7.798655), loss=0.565908 (avg=0.567342), pairs_step=12288, pairs_total=1474556
[2026-03-03 04:09:43,785] INFO:fitness.free_loss_fidelity: RL4CO free-loss step 140/200: score=7.824020 (avg=7.799555), loss=0.572875 (avg=0.568528), pairs_step=12288, pairs_total=1720316
[2026-03-03 04:09:50,163] INFO:fitness.free_loss_fidelity: RL4CO free-loss step 160/200: score=7.789104 (avg=7.798758), loss=0.571442 (avg=0.568890), pairs_step=12288, pairs_total=1966076
[2026-03-03 04:09:56,550] INFO:fitness.free_loss_fidelity: RL4CO free-loss step 180/200: score=7.778662 (avg=7.797553), loss=0.570114 (avg=0.569612), pairs_step=12288, pairs_total=2211836
[2026-03-03 04:10:02,945] INFO:fitness.free_loss_fidelity: RL4CO free-loss step 200/200: score=7.811723 (avg=7.796220), loss=0.564640 (avg=0.570183), pairs_step=12288, pairs_total=2457596
