[2026-03-03 02:33:25,612] INFO:fitness.free_loss_fidelity: Stage3 offline mini-train start gen=13 pair_index=22 K=1000 seed=12345 valid_sizes=[100] baseline_json=baseline/mini_eval/baseline_minitrain_tsp100_K1000.json
[2026-03-03 02:33:25,633] INFO:fitness.free_loss_fidelity: RL4CO free-loss (step-mode): f1_steps=1000, f2_steps=0, total_steps=1000, train_problem_size=100, rollouts=100, batch_size=64, device=cuda:0, env=tsp
[2026-03-03 02:33:25,951] INFO:fitness.free_loss_fidelity: RL4CO free-loss step 1/1000: score=36.122910 (avg=36.122910), loss=1.104953 (avg=1.104953), pairs_step=48896, pairs_total=48896
[2026-03-03 02:33:57,357] INFO:fitness.free_loss_fidelity: RL4CO free-loss step 100/1000: score=29.442173 (avg=24.673813), loss=0.790435 (avg=0.849554), pairs_step=48896, pairs_total=4889599
[2026-03-03 02:34:29,075] INFO:fitness.free_loss_fidelity: RL4CO free-loss step 200/1000: score=31.421246 (avg=27.418426), loss=0.786894 (avg=0.820714), pairs_step=48896, pairs_total=9779198
[2026-03-03 02:35:00,747] INFO:fitness.free_loss_fidelity: RL4CO free-loss step 300/1000: score=38.056484 (avg=29.547856), loss=0.774594 (avg=0.814941), pairs_step=48896, pairs_total=14668798
[2026-03-03 02:35:32,336] INFO:fitness.free_loss_fidelity: RL4CO free-loss step 400/1000: score=37.293312 (avg=31.730003), loss=0.712334 (avg=0.802206), pairs_step=48896, pairs_total=19558397
[2026-03-03 02:36:03,779] INFO:fitness.free_loss_fidelity: RL4CO free-loss step 500/1000: score=38.243446 (avg=32.722094), loss=0.704668 (avg=0.783080), pairs_step=48896, pairs_total=24447997
[2026-03-03 02:36:35,195] INFO:fitness.free_loss_fidelity: RL4CO free-loss step 600/1000: score=36.010773 (avg=33.407558), loss=0.704261 (avg=0.769933), pairs_step=48896, pairs_total=29337597
[2026-03-03 02:37:06,621] INFO:fitness.free_loss_fidelity: RL4CO free-loss step 700/1000: score=36.259140 (avg=33.812187), loss=0.703234 (avg=0.760465), pairs_step=48896, pairs_total=34227197
[2026-03-03 02:37:38,212] INFO:fitness.free_loss_fidelity: RL4CO free-loss step 800/1000: score=36.551170 (avg=34.105795), loss=0.703025 (avg=0.753254), pairs_step=48896, pairs_total=39116797
[2026-03-03 02:38:09,653] INFO:fitness.free_loss_fidelity: RL4CO free-loss step 900/1000: score=35.987549 (avg=34.377123), loss=0.702992 (avg=0.747769), pairs_step=48896, pairs_total=44006397
[2026-03-03 02:38:41,068] INFO:fitness.free_loss_fidelity: RL4CO free-loss step 1000/1000: score=36.828518 (avg=34.552989), loss=0.767905 (avg=0.743812), pairs_step=48896, pairs_total=48895996
[2026-03-03 02:38:42,173] WARNING:fitness.free_loss_fidelity: weights_only checkpoint load failed (UnpicklingError); retrying weights_only=False for /data1/gushengda/eam-rl4co/baseline/epoch_135.ckpt
[2026-03-03 02:38:42,212] INFO:fitness.free_loss_fidelity: Loaded init checkpoint into policy: path=/data1/gushengda/eam-rl4co/baseline/epoch_135.ckpt prefix=policy. matched=97 missing=0 unexpected=0
[2026-03-03 02:38:42,217] INFO:fitness.free_loss_fidelity: RL4CO free-loss (step-mode): f1_steps=1000, f2_steps=0, total_steps=1000, train_problem_size=100, rollouts=100, batch_size=64, device=cuda:0, env=tsp
[2026-03-03 02:38:42,540] INFO:fitness.free_loss_fidelity: RL4CO free-loss step 1/1000: score=7.803347 (avg=7.803347), loss=0.799518 (avg=0.799518), pairs_step=48893, pairs_total=48893
[2026-03-03 02:39:13,895] INFO:fitness.free_loss_fidelity: RL4CO free-loss step 100/1000: score=46.035271 (avg=23.893879), loss=0.754963 (avg=1.056011), pairs_step=48896, pairs_total=4889581
[2026-03-03 02:39:45,593] INFO:fitness.free_loss_fidelity: RL4CO free-loss step 200/1000: score=46.872429 (avg=35.181282), loss=0.702790 (avg=0.890207), pairs_step=48896, pairs_total=9779180
[2026-03-03 02:40:17,420] INFO:fitness.free_loss_fidelity: RL4CO free-loss step 300/1000: score=46.545128 (avg=38.923661), loss=0.728739 (avg=0.833735), pairs_step=48896, pairs_total=14668779
[2026-03-03 02:40:49,036] INFO:fitness.free_loss_fidelity: RL4CO free-loss step 400/1000: score=46.516602 (avg=40.819683), loss=0.708743 (avg=0.809998), pairs_step=48896, pairs_total=19558379
[2026-03-03 02:41:20,530] INFO:fitness.free_loss_fidelity: RL4CO free-loss step 500/1000: score=46.501297 (avg=41.976427), loss=0.699951 (avg=0.789176), pairs_step=48896, pairs_total=24447979
[2026-03-03 02:41:51,917] INFO:fitness.free_loss_fidelity: RL4CO free-loss step 600/1000: score=46.214645 (avg=42.749238), loss=0.703457 (avg=0.774478), pairs_step=48896, pairs_total=29337579
[2026-03-03 02:42:23,356] INFO:fitness.free_loss_fidelity: RL4CO free-loss step 700/1000: score=46.646557 (avg=43.300125), loss=0.701180 (avg=0.764060), pairs_step=48896, pairs_total=34227179
[2026-03-03 02:42:54,778] INFO:fitness.free_loss_fidelity: RL4CO free-loss step 800/1000: score=46.594547 (avg=43.715591), loss=0.700422 (avg=0.756152), pairs_step=48896, pairs_total=39116779
[2026-03-03 02:43:26,158] INFO:fitness.free_loss_fidelity: RL4CO free-loss step 900/1000: score=46.644394 (avg=44.038072), loss=0.700321 (avg=0.749963), pairs_step=48896, pairs_total=44006379
[2026-03-03 02:43:57,534] INFO:fitness.free_loss_fidelity: RL4CO free-loss step 1000/1000: score=46.332825 (avg=44.293031), loss=0.699973 (avg=0.745016), pairs_step=48896, pairs_total=48895979
[2026-03-03 02:43:58,638] WARNING:fitness.free_loss_fidelity: weights_only checkpoint load failed (UnpicklingError); retrying weights_only=False for /data1/gushengda/eam-rl4co/baseline/epoch_409.ckpt
[2026-03-03 02:43:58,677] INFO:fitness.free_loss_fidelity: Loaded init checkpoint into policy: path=/data1/gushengda/eam-rl4co/baseline/epoch_409.ckpt prefix=policy. matched=97 missing=0 unexpected=0
[2026-03-03 02:43:58,682] INFO:fitness.free_loss_fidelity: RL4CO free-loss (step-mode): f1_steps=1000, f2_steps=0, total_steps=1000, train_problem_size=100, rollouts=100, batch_size=64, device=cuda:0, env=tsp
[2026-03-03 02:43:59,005] INFO:fitness.free_loss_fidelity: RL4CO free-loss step 1/1000: score=7.807477 (avg=7.807477), loss=0.873491 (avg=0.873491), pairs_step=48896, pairs_total=48896
[2026-03-03 02:44:30,560] INFO:fitness.free_loss_fidelity: RL4CO free-loss step 100/1000: score=13.709947 (avg=10.157413), loss=0.725031 (avg=1.184963), pairs_step=48896, pairs_total=4889600
[2026-03-03 02:45:02,193] INFO:fitness.free_loss_fidelity: RL4CO free-loss step 200/1000: score=17.076656 (avg=12.717610), loss=0.711289 (avg=0.955770), pairs_step=48896, pairs_total=9779200
[2026-03-03 02:45:33,823] INFO:fitness.free_loss_fidelity: RL4CO free-loss step 300/1000: score=26.738739 (avg=15.889152), loss=0.712292 (avg=0.878009), pairs_step=48896, pairs_total=14668799
[2026-03-03 02:46:05,452] INFO:fitness.free_loss_fidelity: RL4CO free-loss step 400/1000: score=34.093964 (avg=19.280875), loss=0.782331 (avg=0.837981), pairs_step=48896, pairs_total=19558399
[2026-03-03 02:46:37,077] INFO:fitness.free_loss_fidelity: RL4CO free-loss step 500/1000: score=24.918777 (avg=20.814587), loss=0.702617 (avg=0.812692), pairs_step=48896, pairs_total=24447999
[2026-03-03 02:47:08,887] INFO:fitness.free_loss_fidelity: RL4CO free-loss step 600/1000: score=46.085400 (avg=23.606415), loss=0.702258 (avg=0.795519), pairs_step=48896, pairs_total=29337599
[2026-03-03 02:47:40,524] INFO:fitness.free_loss_fidelity: RL4CO free-loss step 700/1000: score=46.571995 (avg=26.880595), loss=0.700488 (avg=0.782079), pairs_step=48896, pairs_total=34227199
[2026-03-03 02:48:12,168] INFO:fitness.free_loss_fidelity: RL4CO free-loss step 800/1000: score=46.554710 (avg=29.343824), loss=0.700536 (avg=0.771902), pairs_step=48896, pairs_total=39116799
[2026-03-03 02:48:43,828] INFO:fitness.free_loss_fidelity: RL4CO free-loss step 900/1000: score=46.627960 (avg=31.260023), loss=0.700164 (avg=0.763959), pairs_step=48896, pairs_total=44006399
[2026-03-03 02:49:15,473] INFO:fitness.free_loss_fidelity: RL4CO free-loss step 1000/1000: score=46.305832 (avg=32.790781), loss=0.700304 (avg=0.757597), pairs_step=48896, pairs_total=48895999
