[2026-03-02 18:21:34,653] INFO:fitness.free_loss_fidelity: Stage3 offline mini-train start gen=6 pair_index=23 K=200 seed=12345 valid_sizes=[100] baseline_json=baseline/mini_eval/baseline_minitrain_tsp100_K200.json
[2026-03-02 18:21:34,674] INFO:fitness.free_loss_fidelity: RL4CO free-loss (step-mode): f1_steps=200, f2_steps=0, total_steps=200, train_problem_size=100, rollouts=100, batch_size=64, device=cuda:3, env=tsp
[2026-03-02 18:21:34,990] INFO:fitness.free_loss_fidelity: RL4CO free-loss step 1/200: score=36.122910 (avg=36.122910), loss=0.746118 (avg=0.746118), pairs_step=316800, pairs_total=316800
[2026-03-02 18:21:41,022] INFO:fitness.free_loss_fidelity: RL4CO free-loss step 20/200: score=10.119051 (avg=12.792933), loss=0.604979 (avg=0.614561), pairs_step=316800, pairs_total=6335994
[2026-03-02 18:21:47,380] INFO:fitness.free_loss_fidelity: RL4CO free-loss step 40/200: score=9.451450 (avg=11.203058), loss=0.599748 (avg=0.609657), pairs_step=316799, pairs_total=12671990
[2026-03-02 18:21:53,722] INFO:fitness.free_loss_fidelity: RL4CO free-loss step 60/200: score=9.145810 (avg=10.551818), loss=0.598866 (avg=0.606193), pairs_step=316800, pairs_total=19007988
[2026-03-02 18:22:00,074] INFO:fitness.free_loss_fidelity: RL4CO free-loss step 80/200: score=8.981188 (avg=10.179842), loss=0.595015 (avg=0.603285), pairs_step=316799, pairs_total=25343979
[2026-03-02 18:22:06,427] INFO:fitness.free_loss_fidelity: RL4CO free-loss step 100/200: score=8.872179 (avg=9.936881), loss=0.593030 (avg=0.601052), pairs_step=316800, pairs_total=31679976
[2026-03-02 18:22:12,781] INFO:fitness.free_loss_fidelity: RL4CO free-loss step 120/200: score=8.785272 (avg=9.764178), loss=0.600497 (avg=0.599802), pairs_step=316800, pairs_total=38015970
[2026-03-02 18:22:19,137] INFO:fitness.free_loss_fidelity: RL4CO free-loss step 140/200: score=8.793705 (avg=9.627396), loss=0.600934 (avg=0.599304), pairs_step=316800, pairs_total=44351965
[2026-03-02 18:22:25,490] INFO:fitness.free_loss_fidelity: RL4CO free-loss step 160/200: score=8.679914 (avg=9.513851), loss=0.598890 (avg=0.599182), pairs_step=316800, pairs_total=50687964
[2026-03-02 18:22:31,836] INFO:fitness.free_loss_fidelity: RL4CO free-loss step 180/200: score=8.572615 (avg=9.415106), loss=0.604000 (avg=0.599566), pairs_step=316800, pairs_total=57023960
[2026-03-02 18:22:38,191] INFO:fitness.free_loss_fidelity: RL4CO free-loss step 200/200: score=8.572848 (avg=9.332008), loss=0.611119 (avg=0.600144), pairs_step=316798, pairs_total=63359949
[2026-03-02 18:22:39,299] WARNING:fitness.free_loss_fidelity: weights_only checkpoint load failed (UnpicklingError); retrying weights_only=False for /data1/gushengda/eam-rl4co/baseline/epoch_135.ckpt
[2026-03-02 18:22:39,341] INFO:fitness.free_loss_fidelity: Loaded init checkpoint into policy: path=/data1/gushengda/eam-rl4co/baseline/epoch_135.ckpt prefix=policy. matched=97 missing=0 unexpected=0
[2026-03-02 18:22:39,346] INFO:fitness.free_loss_fidelity: RL4CO free-loss (step-mode): f1_steps=200, f2_steps=0, total_steps=200, train_problem_size=100, rollouts=100, batch_size=64, device=cuda:3, env=tsp
[2026-03-02 18:22:39,678] INFO:fitness.free_loss_fidelity: RL4CO free-loss step 1/200: score=7.803347 (avg=7.803347), loss=0.675183 (avg=0.675183), pairs_step=315697, pairs_total=315697
[2026-03-02 18:22:45,704] INFO:fitness.free_loss_fidelity: RL4CO free-loss step 20/200: score=7.781507 (avg=7.809028), loss=0.673960 (avg=0.674711), pairs_step=315996, pairs_total=6316852
[2026-03-02 18:22:52,053] INFO:fitness.free_loss_fidelity: RL4CO free-loss step 40/200: score=7.818624 (avg=7.803500), loss=0.675472 (avg=0.674872), pairs_step=315766, pairs_total=12631055
[2026-03-02 18:22:58,398] INFO:fitness.free_loss_fidelity: RL4CO free-loss step 60/200: score=7.814126 (avg=7.799866), loss=0.672346 (avg=0.674770), pairs_step=315540, pairs_total=18945244
[2026-03-02 18:23:04,750] INFO:fitness.free_loss_fidelity: RL4CO free-loss step 80/200: score=7.797486 (avg=7.798566), loss=0.674247 (avg=0.674802), pairs_step=315845, pairs_total=25259397
[2026-03-02 18:23:11,100] INFO:fitness.free_loss_fidelity: RL4CO free-loss step 100/200: score=7.754867 (avg=7.799007), loss=0.674200 (avg=0.674817), pairs_step=315882, pairs_total=31574637
[2026-03-02 18:23:17,449] INFO:fitness.free_loss_fidelity: RL4CO free-loss step 120/200: score=7.772787 (avg=7.800440), loss=0.673611 (avg=0.674784), pairs_step=315616, pairs_total=37888725
[2026-03-02 18:23:23,801] INFO:fitness.free_loss_fidelity: RL4CO free-loss step 140/200: score=7.826956 (avg=7.801338), loss=0.675628 (avg=0.674790), pairs_step=314845, pairs_total=44199787
[2026-03-02 18:23:30,147] INFO:fitness.free_loss_fidelity: RL4CO free-loss step 160/200: score=7.797765 (avg=7.800862), loss=0.674334 (avg=0.674725), pairs_step=315145, pairs_total=50510879
[2026-03-02 18:23:36,491] INFO:fitness.free_loss_fidelity: RL4CO free-loss step 180/200: score=7.780756 (avg=7.799757), loss=0.678013 (avg=0.674732), pairs_step=315633, pairs_total=56823843
[2026-03-02 18:23:42,839] INFO:fitness.free_loss_fidelity: RL4CO free-loss step 200/200: score=7.809626 (avg=7.798589), loss=0.672269 (avg=0.674692), pairs_step=315558, pairs_total=63136870
[2026-03-02 18:23:43,948] WARNING:fitness.free_loss_fidelity: weights_only checkpoint load failed (UnpicklingError); retrying weights_only=False for /data1/gushengda/eam-rl4co/baseline/epoch_409.ckpt
[2026-03-02 18:23:43,985] INFO:fitness.free_loss_fidelity: Loaded init checkpoint into policy: path=/data1/gushengda/eam-rl4co/baseline/epoch_409.ckpt prefix=policy. matched=97 missing=0 unexpected=0
[2026-03-02 18:23:43,990] INFO:fitness.free_loss_fidelity: RL4CO free-loss (step-mode): f1_steps=200, f2_steps=0, total_steps=200, train_problem_size=100, rollouts=100, batch_size=64, device=cuda:3, env=tsp
[2026-03-02 18:23:44,320] INFO:fitness.free_loss_fidelity: RL4CO free-loss step 1/200: score=7.807477 (avg=7.807477), loss=0.311706 (avg=0.311706), pairs_step=315750, pairs_total=315750
[2026-03-02 18:23:50,546] INFO:fitness.free_loss_fidelity: RL4CO free-loss step 20/200: score=7.784534 (avg=7.811172), loss=0.592331 (avg=0.492101), pairs_step=316186, pairs_total=6321438
[2026-03-02 18:23:56,887] INFO:fitness.free_loss_fidelity: RL4CO free-loss step 40/200: score=7.818405 (avg=7.805055), loss=0.299933 (avg=0.439295), pairs_step=316049, pairs_total=12642904
[2026-03-02 18:24:03,226] INFO:fitness.free_loss_fidelity: RL4CO free-loss step 60/200: score=7.808322 (avg=7.801023), loss=0.599756 (avg=0.431130), pairs_step=315912, pairs_total=18962427
[2026-03-02 18:24:09,567] INFO:fitness.free_loss_fidelity: RL4CO free-loss step 80/200: score=7.796117 (avg=7.799348), loss=0.653306 (avg=0.501658), pairs_step=316126, pairs_total=25286179
[2026-03-02 18:24:15,909] INFO:fitness.free_loss_fidelity: RL4CO free-loss step 100/200: score=7.756368 (avg=7.799994), loss=0.315928 (avg=0.477986), pairs_step=316079, pairs_total=31610352
[2026-03-02 18:24:22,246] INFO:fitness.free_loss_fidelity: RL4CO free-loss step 120/200: score=7.774335 (avg=7.801200), loss=0.310455 (avg=0.449853), pairs_step=316146, pairs_total=37932258
[2026-03-02 18:24:28,595] INFO:fitness.free_loss_fidelity: RL4CO free-loss step 140/200: score=7.825064 (avg=7.801793), loss=0.567980 (avg=0.446194), pairs_step=315685, pairs_total=44252001
[2026-03-02 18:24:34,930] INFO:fitness.free_loss_fidelity: RL4CO free-loss step 160/200: score=7.802689 (avg=7.801217), loss=0.695284 (avg=0.477320), pairs_step=316341, pairs_total=50575310
[2026-03-02 18:24:41,280] INFO:fitness.free_loss_fidelity: RL4CO free-loss step 180/200: score=7.789526 (avg=7.800172), loss=0.278951 (avg=0.472177), pairs_step=316048, pairs_total=56899655
[2026-03-02 18:24:47,623] INFO:fitness.free_loss_fidelity: RL4CO free-loss step 200/200: score=7.817947 (avg=7.798962), loss=0.307294 (avg=0.453255), pairs_step=316195, pairs_total=63223874
