[2026-03-03 04:34:26,332] INFO:fitness.free_loss_fidelity: Stage3 offline mini-train start gen=15 pair_index=4 K=1000 seed=12345 valid_sizes=[100] baseline_json=baseline/mini_eval/baseline_minitrain_tsp100_K1000.json
[2026-03-03 04:34:26,351] INFO:fitness.free_loss_fidelity: RL4CO free-loss (step-mode): f1_steps=1000, f2_steps=0, total_steps=1000, train_problem_size=100, rollouts=100, batch_size=64, device=cuda:3, env=tsp
[2026-03-03 04:34:26,680] INFO:fitness.free_loss_fidelity: RL4CO free-loss step 1/1000: score=36.122910 (avg=36.122910), loss=0.703312 (avg=0.703312), pairs_step=6848, pairs_total=6848
[2026-03-03 04:34:58,055] INFO:fitness.free_loss_fidelity: RL4CO free-loss step 100/1000: score=9.067868 (avg=10.107462), loss=0.545792 (avg=0.533365), pairs_step=6848, pairs_total=684800
[2026-03-03 04:35:29,730] INFO:fitness.free_loss_fidelity: RL4CO free-loss step 200/1000: score=8.728138 (avg=9.510469), loss=0.546307 (avg=0.531452), pairs_step=6848, pairs_total=1369600
[2026-03-03 04:36:01,611] INFO:fitness.free_loss_fidelity: RL4CO free-loss step 300/1000: score=8.608959 (avg=9.236538), loss=0.559831 (avg=0.535033), pairs_step=6848, pairs_total=2054400
[2026-03-03 04:36:33,307] INFO:fitness.free_loss_fidelity: RL4CO free-loss step 400/1000: score=8.521647 (avg=9.072410), loss=0.530159 (avg=0.538733), pairs_step=6848, pairs_total=2739200
[2026-03-03 04:37:04,989] INFO:fitness.free_loss_fidelity: RL4CO free-loss step 500/1000: score=8.427713 (avg=8.960370), loss=0.567629 (avg=0.541862), pairs_step=6848, pairs_total=3424000
[2026-03-03 04:37:36,670] INFO:fitness.free_loss_fidelity: RL4CO free-loss step 600/1000: score=8.401033 (avg=8.873508), loss=0.556200 (avg=0.544993), pairs_step=6848, pairs_total=4108800
[2026-03-03 04:38:08,374] INFO:fitness.free_loss_fidelity: RL4CO free-loss step 700/1000: score=8.409669 (avg=8.804666), loss=0.571577 (avg=0.547999), pairs_step=6848, pairs_total=4793600
[2026-03-03 04:38:40,061] INFO:fitness.free_loss_fidelity: RL4CO free-loss step 800/1000: score=8.328341 (avg=8.749624), loss=0.560978 (avg=0.550287), pairs_step=6848, pairs_total=5478400
[2026-03-03 04:39:11,752] INFO:fitness.free_loss_fidelity: RL4CO free-loss step 900/1000: score=8.367437 (avg=8.704229), loss=0.566588 (avg=0.551987), pairs_step=6848, pairs_total=6163200
[2026-03-03 04:39:43,435] INFO:fitness.free_loss_fidelity: RL4CO free-loss step 1000/1000: score=8.379349 (avg=8.665136), loss=0.582302 (avg=0.553568), pairs_step=6848, pairs_total=6848000
[2026-03-03 04:39:44,533] WARNING:fitness.free_loss_fidelity: weights_only checkpoint load failed (UnpicklingError); retrying weights_only=False for /data1/gushengda/eam-rl4co/baseline/epoch_135.ckpt
[2026-03-03 04:39:44,573] INFO:fitness.free_loss_fidelity: Loaded init checkpoint into policy: path=/data1/gushengda/eam-rl4co/baseline/epoch_135.ckpt prefix=policy. matched=97 missing=0 unexpected=0
[2026-03-03 04:39:44,579] INFO:fitness.free_loss_fidelity: RL4CO free-loss (step-mode): f1_steps=1000, f2_steps=0, total_steps=1000, train_problem_size=100, rollouts=100, batch_size=64, device=cuda:3, env=tsp
[2026-03-03 04:39:44,922] INFO:fitness.free_loss_fidelity: RL4CO free-loss step 1/1000: score=7.803347 (avg=7.803347), loss=0.631057 (avg=0.631057), pairs_step=6848, pairs_total=6848
[2026-03-03 04:40:16,452] INFO:fitness.free_loss_fidelity: RL4CO free-loss step 100/1000: score=7.769693 (avg=7.815414), loss=0.667173 (avg=0.650282), pairs_step=6848, pairs_total=684800
[2026-03-03 04:40:48,102] INFO:fitness.free_loss_fidelity: RL4CO free-loss step 200/1000: score=7.830155 (avg=7.815114), loss=0.657091 (avg=0.653613), pairs_step=6848, pairs_total=1369600
[2026-03-03 04:41:19,764] INFO:fitness.free_loss_fidelity: RL4CO free-loss step 300/1000: score=7.827359 (avg=7.817125), loss=0.662129 (avg=0.655164), pairs_step=6848, pairs_total=2054400
[2026-03-03 04:41:51,424] INFO:fitness.free_loss_fidelity: RL4CO free-loss step 400/1000: score=7.836458 (avg=7.817955), loss=0.660864 (avg=0.656263), pairs_step=6848, pairs_total=2739200
[2026-03-03 04:42:23,077] INFO:fitness.free_loss_fidelity: RL4CO free-loss step 500/1000: score=7.794808 (avg=7.817352), loss=0.663264 (avg=0.656833), pairs_step=6848, pairs_total=3424000
[2026-03-03 04:42:54,924] INFO:fitness.free_loss_fidelity: RL4CO free-loss step 600/1000: score=7.768974 (avg=7.816919), loss=0.661240 (avg=0.657295), pairs_step=6848, pairs_total=4108800
[2026-03-03 04:43:26,598] INFO:fitness.free_loss_fidelity: RL4CO free-loss step 700/1000: score=7.834339 (avg=7.817072), loss=0.662802 (avg=0.657904), pairs_step=6848, pairs_total=4793600
[2026-03-03 04:43:58,272] INFO:fitness.free_loss_fidelity: RL4CO free-loss step 800/1000: score=7.816750 (avg=7.817253), loss=0.659659 (avg=0.658194), pairs_step=6848, pairs_total=5478400
[2026-03-03 04:44:29,936] INFO:fitness.free_loss_fidelity: RL4CO free-loss step 900/1000: score=7.856646 (avg=7.817102), loss=0.666595 (avg=0.658364), pairs_step=6848, pairs_total=6163200
[2026-03-03 04:45:01,601] INFO:fitness.free_loss_fidelity: RL4CO free-loss step 1000/1000: score=7.844337 (avg=7.816898), loss=0.662555 (avg=0.658561), pairs_step=6848, pairs_total=6848000
[2026-03-03 04:45:02,699] WARNING:fitness.free_loss_fidelity: weights_only checkpoint load failed (UnpicklingError); retrying weights_only=False for /data1/gushengda/eam-rl4co/baseline/epoch_409.ckpt
[2026-03-03 04:45:02,737] INFO:fitness.free_loss_fidelity: Loaded init checkpoint into policy: path=/data1/gushengda/eam-rl4co/baseline/epoch_409.ckpt prefix=policy. matched=97 missing=0 unexpected=0
[2026-03-03 04:45:02,743] INFO:fitness.free_loss_fidelity: RL4CO free-loss (step-mode): f1_steps=1000, f2_steps=0, total_steps=1000, train_problem_size=100, rollouts=100, batch_size=64, device=cuda:3, env=tsp
[2026-03-03 04:45:03,066] INFO:fitness.free_loss_fidelity: RL4CO free-loss step 1/1000: score=7.807477 (avg=7.807477), loss=0.129894 (avg=0.129894), pairs_step=6848, pairs_total=6848
[2026-03-03 04:45:34,426] INFO:fitness.free_loss_fidelity: RL4CO free-loss step 100/1000: score=7.771938 (avg=7.804790), loss=0.524367 (avg=0.434737), pairs_step=6848, pairs_total=684800
[2026-03-03 04:46:06,098] INFO:fitness.free_loss_fidelity: RL4CO free-loss step 200/1000: score=7.815078 (avg=7.802706), loss=0.560935 (avg=0.492015), pairs_step=6848, pairs_total=1369600
[2026-03-03 04:46:37,772] INFO:fitness.free_loss_fidelity: RL4CO free-loss step 300/1000: score=7.810920 (avg=7.802878), loss=0.602018 (avg=0.524001), pairs_step=6848, pairs_total=2054400
[2026-03-03 04:47:09,634] INFO:fitness.free_loss_fidelity: RL4CO free-loss step 400/1000: score=7.827983 (avg=7.803292), loss=0.610884 (avg=0.545583), pairs_step=6848, pairs_total=2739200
[2026-03-03 04:47:41,301] INFO:fitness.free_loss_fidelity: RL4CO free-loss step 500/1000: score=7.779742 (avg=7.802431), loss=0.624705 (avg=0.560089), pairs_step=6848, pairs_total=3424000
[2026-03-03 04:48:12,960] INFO:fitness.free_loss_fidelity: RL4CO free-loss step 600/1000: score=7.760306 (avg=7.801776), loss=0.624884 (avg=0.571522), pairs_step=6848, pairs_total=4108800
[2026-03-03 04:48:44,616] INFO:fitness.free_loss_fidelity: RL4CO free-loss step 700/1000: score=7.813869 (avg=7.801638), loss=0.633440 (avg=0.580665), pairs_step=6848, pairs_total=4793600
[2026-03-03 04:49:16,296] INFO:fitness.free_loss_fidelity: RL4CO free-loss step 800/1000: score=7.801928 (avg=7.801615), loss=0.648167 (avg=0.588167), pairs_step=6848, pairs_total=5478400
[2026-03-03 04:49:48,136] INFO:fitness.free_loss_fidelity: RL4CO free-loss step 900/1000: score=7.831681 (avg=7.801167), loss=0.642650 (avg=0.594425), pairs_step=6848, pairs_total=6163200
[2026-03-03 04:50:19,804] INFO:fitness.free_loss_fidelity: RL4CO free-loss step 1000/1000: score=7.827936 (avg=7.800731), loss=0.644405 (avg=0.599479), pairs_step=6848, pairs_total=6848000
