[2026-03-02 15:35:27,970] INFO:fitness.free_loss_fidelity: Stage3 offline mini-train start gen=2 pair_index=12 K=1000 seed=12345 valid_sizes=[100] baseline_json=baseline/mini_eval/baseline_minitrain_tsp100_K1000.json
[2026-03-02 15:35:27,992] INFO:fitness.free_loss_fidelity: RL4CO free-loss (step-mode): f1_steps=1000, f2_steps=0, total_steps=1000, train_problem_size=100, rollouts=100, batch_size=64, device=cuda:3, env=tsp
[2026-03-02 15:35:28,313] INFO:fitness.free_loss_fidelity: RL4CO free-loss step 1/1000: score=36.122910 (avg=36.122910), loss=0.693150 (avg=0.693150), pairs_step=316800, pairs_total=316800
[2026-03-02 15:35:59,658] INFO:fitness.free_loss_fidelity: RL4CO free-loss step 100/1000: score=8.771996 (avg=9.797747), loss=0.692448 (avg=0.692529), pairs_step=316799, pairs_total=31679981
[2026-03-02 15:36:31,475] INFO:fitness.free_loss_fidelity: RL4CO free-loss step 200/1000: score=8.469930 (avg=9.185875), loss=0.692594 (avg=0.692549), pairs_step=316800, pairs_total=63359956
[2026-03-02 15:37:03,121] INFO:fitness.free_loss_fidelity: RL4CO free-loss step 300/1000: score=8.314989 (avg=8.914952), loss=0.692646 (avg=0.692575), pairs_step=316800, pairs_total=95039929
[2026-03-02 15:37:34,751] INFO:fitness.free_loss_fidelity: RL4CO free-loss step 400/1000: score=8.280388 (avg=8.756597), loss=0.692620 (avg=0.692589), pairs_step=316800, pairs_total=126719895
[2026-03-02 15:38:06,384] INFO:fitness.free_loss_fidelity: RL4CO free-loss step 500/1000: score=8.162807 (avg=8.649016), loss=0.692658 (avg=0.692598), pairs_step=316800, pairs_total=158399867
[2026-03-02 15:38:37,997] INFO:fitness.free_loss_fidelity: RL4CO free-loss step 600/1000: score=8.149433 (avg=8.571853), loss=0.692666 (avg=0.692607), pairs_step=316799, pairs_total=190079832
[2026-03-02 15:39:09,619] INFO:fitness.free_loss_fidelity: RL4CO free-loss step 700/1000: score=8.140817 (avg=8.512508), loss=0.692684 (avg=0.692616), pairs_step=316800, pairs_total=221759796
[2026-03-02 15:39:41,250] INFO:fitness.free_loss_fidelity: RL4CO free-loss step 800/1000: score=8.132915 (avg=8.466552), loss=0.692716 (avg=0.692625), pairs_step=316800, pairs_total=253439760
[2026-03-02 15:40:12,910] INFO:fitness.free_loss_fidelity: RL4CO free-loss step 900/1000: score=8.147788 (avg=8.428908), loss=0.692689 (avg=0.692633), pairs_step=316800, pairs_total=285119720
[2026-03-02 15:40:44,510] INFO:fitness.free_loss_fidelity: RL4CO free-loss step 1000/1000: score=8.138018 (avg=8.397103), loss=0.692716 (avg=0.692640), pairs_step=316800, pairs_total=316799683
[2026-03-02 15:40:45,611] WARNING:fitness.free_loss_fidelity: weights_only checkpoint load failed (UnpicklingError); retrying weights_only=False for /data1/gushengda/eam-rl4co/baseline/epoch_135.ckpt
[2026-03-02 15:40:45,649] INFO:fitness.free_loss_fidelity: Loaded init checkpoint into policy: path=/data1/gushengda/eam-rl4co/baseline/epoch_135.ckpt prefix=policy. matched=97 missing=0 unexpected=0
[2026-03-02 15:40:45,654] INFO:fitness.free_loss_fidelity: RL4CO free-loss (step-mode): f1_steps=1000, f2_steps=0, total_steps=1000, train_problem_size=100, rollouts=100, batch_size=64, device=cuda:3, env=tsp
[2026-03-02 15:40:45,977] INFO:fitness.free_loss_fidelity: RL4CO free-loss step 1/1000: score=7.803347 (avg=7.803347), loss=0.692967 (avg=0.692967), pairs_step=315697, pairs_total=315697
[2026-03-02 15:41:17,421] INFO:fitness.free_loss_fidelity: RL4CO free-loss step 100/1000: score=7.760087 (avg=7.798990), loss=0.692976 (avg=0.692973), pairs_step=315549, pairs_total=31569414
[2026-03-02 15:41:48,968] INFO:fitness.free_loss_fidelity: RL4CO free-loss step 200/1000: score=7.814746 (avg=7.798423), loss=0.692954 (avg=0.692975), pairs_step=315211, pairs_total=63120183
[2026-03-02 15:42:20,501] INFO:fitness.free_loss_fidelity: RL4CO free-loss step 300/1000: score=7.807434 (avg=7.799022), loss=0.692983 (avg=0.692975), pairs_step=315441, pairs_total=94662871
[2026-03-02 15:42:52,039] INFO:fitness.free_loss_fidelity: RL4CO free-loss step 400/1000: score=7.819303 (avg=7.799169), loss=0.692973 (avg=0.692975), pairs_step=315289, pairs_total=126198683
[2026-03-02 15:43:23,567] INFO:fitness.free_loss_fidelity: RL4CO free-loss step 500/1000: score=7.773574 (avg=7.798431), loss=0.692966 (avg=0.692974), pairs_step=315597, pairs_total=157739858
[2026-03-02 15:43:55,289] INFO:fitness.free_loss_fidelity: RL4CO free-loss step 600/1000: score=7.759597 (avg=7.797906), loss=0.692966 (avg=0.692974), pairs_step=315005, pairs_total=189273245
[2026-03-02 15:44:26,808] INFO:fitness.free_loss_fidelity: RL4CO free-loss step 700/1000: score=7.811089 (avg=7.797884), loss=0.692974 (avg=0.692974), pairs_step=314855, pairs_total=220802943
[2026-03-02 15:44:58,350] INFO:fitness.free_loss_fidelity: RL4CO free-loss step 800/1000: score=7.792272 (avg=7.797960), loss=0.692962 (avg=0.692974), pairs_step=315232, pairs_total=252342752
[2026-03-02 15:45:29,877] INFO:fitness.free_loss_fidelity: RL4CO free-loss step 900/1000: score=7.828320 (avg=7.797839), loss=0.692973 (avg=0.692973), pairs_step=315042, pairs_total=283878260
[2026-03-02 15:46:01,436] INFO:fitness.free_loss_fidelity: RL4CO free-loss step 1000/1000: score=7.822470 (avg=7.797511), loss=0.692966 (avg=0.692972), pairs_step=315317, pairs_total=315416212
[2026-03-02 15:46:02,535] WARNING:fitness.free_loss_fidelity: weights_only checkpoint load failed (UnpicklingError); retrying weights_only=False for /data1/gushengda/eam-rl4co/baseline/epoch_409.ckpt
[2026-03-02 15:46:02,573] INFO:fitness.free_loss_fidelity: Loaded init checkpoint into policy: path=/data1/gushengda/eam-rl4co/baseline/epoch_409.ckpt prefix=policy. matched=97 missing=0 unexpected=0
[2026-03-02 15:46:02,578] INFO:fitness.free_loss_fidelity: RL4CO free-loss (step-mode): f1_steps=1000, f2_steps=0, total_steps=1000, train_problem_size=100, rollouts=100, batch_size=64, device=cuda:3, env=tsp
[2026-03-02 15:46:02,900] INFO:fitness.free_loss_fidelity: RL4CO free-loss step 1/1000: score=7.807477 (avg=7.807477), loss=0.687715 (avg=0.687715), pairs_step=315750, pairs_total=315750
[2026-03-02 15:46:34,132] INFO:fitness.free_loss_fidelity: RL4CO free-loss step 100/1000: score=7.753392 (avg=7.799093), loss=0.692235 (avg=0.691428), pairs_step=315685, pairs_total=31570701
[2026-03-02 15:47:05,665] INFO:fitness.free_loss_fidelity: RL4CO free-loss step 200/1000: score=7.809426 (avg=7.797608), loss=0.692369 (avg=0.691871), pairs_step=315071, pairs_total=63102968
[2026-03-02 15:47:37,220] INFO:fitness.free_loss_fidelity: RL4CO free-loss step 300/1000: score=7.806779 (avg=7.797924), loss=0.692497 (avg=0.692051), pairs_step=314861, pairs_total=94611974
[2026-03-02 15:48:08,951] INFO:fitness.free_loss_fidelity: RL4CO free-loss step 400/1000: score=7.822820 (avg=7.797490), loss=0.692524 (avg=0.692168), pairs_step=314648, pairs_total=126104474
[2026-03-02 15:48:40,493] INFO:fitness.free_loss_fidelity: RL4CO free-loss step 500/1000: score=7.771406 (avg=7.796235), loss=0.692575 (avg=0.692246), pairs_step=315080, pairs_total=157574068
[2026-03-02 15:49:12,049] INFO:fitness.free_loss_fidelity: RL4CO free-loss step 600/1000: score=7.750322 (avg=7.795486), loss=0.692613 (avg=0.692306), pairs_step=314289, pairs_total=189027972
[2026-03-02 15:49:43,609] INFO:fitness.free_loss_fidelity: RL4CO free-loss step 700/1000: score=7.801499 (avg=7.795289), loss=0.692678 (avg=0.692354), pairs_step=314431, pairs_total=220475296
[2026-03-02 15:50:15,167] INFO:fitness.free_loss_fidelity: RL4CO free-loss step 800/1000: score=7.788534 (avg=7.795283), loss=0.692669 (avg=0.692391), pairs_step=314721, pairs_total=251918417
[2026-03-02 15:50:46,919] INFO:fitness.free_loss_fidelity: RL4CO free-loss step 900/1000: score=7.824986 (avg=7.795037), loss=0.692702 (avg=0.692424), pairs_step=314408, pairs_total=283351536
[2026-03-02 15:51:18,478] INFO:fitness.free_loss_fidelity: RL4CO free-loss step 1000/1000: score=7.828174 (avg=7.794637), loss=0.692708 (avg=0.692451), pairs_step=314203, pairs_total=314774018
