[2026-03-03 05:48:38,253] INFO:fitness.free_loss_fidelity: Stage3 offline mini-train start gen=16 pair_index=28 K=200 seed=12345 valid_sizes=[100] baseline_json=baseline/mini_eval/baseline_minitrain_tsp100_K200.json
[2026-03-03 05:48:38,272] INFO:fitness.free_loss_fidelity: RL4CO free-loss (step-mode): f1_steps=200, f2_steps=0, total_steps=200, train_problem_size=100, rollouts=100, batch_size=64, device=cuda:1, env=tsp
[2026-03-03 05:48:38,601] INFO:fitness.free_loss_fidelity: RL4CO free-loss step 1/200: score=36.122910 (avg=36.122910), loss=0.745765 (avg=0.745765), pairs_step=7936, pairs_total=7936
[2026-03-03 05:48:44,763] INFO:fitness.free_loss_fidelity: RL4CO free-loss step 20/200: score=10.056693 (avg=12.966284), loss=0.561213 (avg=0.555640), pairs_step=7936, pairs_total=158720
[2026-03-03 05:48:51,238] INFO:fitness.free_loss_fidelity: RL4CO free-loss step 40/200: score=9.497126 (avg=11.302462), loss=0.551800 (avg=0.557117), pairs_step=7936, pairs_total=317440
[2026-03-03 05:48:57,723] INFO:fitness.free_loss_fidelity: RL4CO free-loss step 60/200: score=9.324657 (avg=10.647693), loss=0.523517 (avg=0.555896), pairs_step=7936, pairs_total=476160
[2026-03-03 05:49:04,227] INFO:fitness.free_loss_fidelity: RL4CO free-loss step 80/200: score=9.135454 (avg=10.286517), loss=0.548233 (avg=0.552537), pairs_step=7936, pairs_total=634880
[2026-03-03 05:49:10,704] INFO:fitness.free_loss_fidelity: RL4CO free-loss step 100/200: score=9.049851 (avg=10.048342), loss=0.526087 (avg=0.549674), pairs_step=7936, pairs_total=793600
[2026-03-03 05:49:17,190] INFO:fitness.free_loss_fidelity: RL4CO free-loss step 120/200: score=8.970639 (avg=9.878720), loss=0.523919 (avg=0.547663), pairs_step=7936, pairs_total=952320
[2026-03-03 05:49:23,666] INFO:fitness.free_loss_fidelity: RL4CO free-loss step 140/200: score=8.920892 (avg=9.746720), loss=0.538729 (avg=0.546620), pairs_step=7936, pairs_total=1111040
[2026-03-03 05:49:30,148] INFO:fitness.free_loss_fidelity: RL4CO free-loss step 160/200: score=8.752590 (avg=9.633347), loss=0.542976 (avg=0.545695), pairs_step=7936, pairs_total=1269760
[2026-03-03 05:49:36,631] INFO:fitness.free_loss_fidelity: RL4CO free-loss step 180/200: score=8.721691 (avg=9.533143), loss=0.557516 (avg=0.545887), pairs_step=7936, pairs_total=1428480
[2026-03-03 05:49:43,118] INFO:fitness.free_loss_fidelity: RL4CO free-loss step 200/200: score=8.679058 (avg=9.447973), loss=0.559729 (avg=0.546643), pairs_step=7936, pairs_total=1587200
[2026-03-03 05:49:44,245] WARNING:fitness.free_loss_fidelity: weights_only checkpoint load failed (UnpicklingError); retrying weights_only=False for /data1/gushengda/eam-rl4co/baseline/epoch_135.ckpt
[2026-03-03 05:49:44,283] INFO:fitness.free_loss_fidelity: Loaded init checkpoint into policy: path=/data1/gushengda/eam-rl4co/baseline/epoch_135.ckpt prefix=policy. matched=97 missing=0 unexpected=0
[2026-03-03 05:49:44,288] INFO:fitness.free_loss_fidelity: RL4CO free-loss (step-mode): f1_steps=200, f2_steps=0, total_steps=200, train_problem_size=100, rollouts=100, batch_size=64, device=cuda:1, env=tsp
[2026-03-03 05:49:44,637] INFO:fitness.free_loss_fidelity: RL4CO free-loss step 1/200: score=7.803347 (avg=7.803347), loss=0.644836 (avg=0.644836), pairs_step=6110, pairs_total=6110
[2026-03-03 05:49:50,798] INFO:fitness.free_loss_fidelity: RL4CO free-loss step 20/200: score=7.794092 (avg=7.821046), loss=0.651524 (avg=0.653446), pairs_step=6578, pairs_total=133035
[2026-03-03 05:49:57,268] INFO:fitness.free_loss_fidelity: RL4CO free-loss step 40/200: score=7.828479 (avg=7.814561), loss=0.660692 (avg=0.655155), pairs_step=6730, pairs_total=268242
[2026-03-03 05:50:03,755] INFO:fitness.free_loss_fidelity: RL4CO free-loss step 60/200: score=7.828279 (avg=7.811020), loss=0.662832 (avg=0.655603), pairs_step=6704, pairs_total=404558
[2026-03-03 05:50:10,287] INFO:fitness.free_loss_fidelity: RL4CO free-loss step 80/200: score=7.810981 (avg=7.810177), loss=0.657072 (avg=0.656296), pairs_step=7197, pairs_total=543153
[2026-03-03 05:50:16,770] INFO:fitness.free_loss_fidelity: RL4CO free-loss step 100/200: score=7.766008 (avg=7.810291), loss=0.656568 (avg=0.656620), pairs_step=6901, pairs_total=681938
[2026-03-03 05:50:23,255] INFO:fitness.free_loss_fidelity: RL4CO free-loss step 120/200: score=7.782192 (avg=7.811235), loss=0.657144 (avg=0.656787), pairs_step=6599, pairs_total=818994
[2026-03-03 05:50:29,726] INFO:fitness.free_loss_fidelity: RL4CO free-loss step 140/200: score=7.842322 (avg=7.812487), loss=0.655543 (avg=0.656692), pairs_step=6938, pairs_total=953682
[2026-03-03 05:50:36,198] INFO:fitness.free_loss_fidelity: RL4CO free-loss step 160/200: score=7.809258 (avg=7.812172), loss=0.658780 (avg=0.657241), pairs_step=6944, pairs_total=1089041
[2026-03-03 05:50:42,680] INFO:fitness.free_loss_fidelity: RL4CO free-loss step 180/200: score=7.799440 (avg=7.811092), loss=0.652269 (avg=0.657454), pairs_step=6780, pairs_total=1226068
[2026-03-03 05:50:49,168] INFO:fitness.free_loss_fidelity: RL4CO free-loss step 200/200: score=7.825091 (avg=7.809835), loss=0.659565 (avg=0.657810), pairs_step=6828, pairs_total=1363513
[2026-03-03 05:50:50,300] WARNING:fitness.free_loss_fidelity: weights_only checkpoint load failed (UnpicklingError); retrying weights_only=False for /data1/gushengda/eam-rl4co/baseline/epoch_409.ckpt
[2026-03-03 05:50:50,338] INFO:fitness.free_loss_fidelity: Loaded init checkpoint into policy: path=/data1/gushengda/eam-rl4co/baseline/epoch_409.ckpt prefix=policy. matched=97 missing=0 unexpected=0
[2026-03-03 05:50:50,343] INFO:fitness.free_loss_fidelity: RL4CO free-loss (step-mode): f1_steps=200, f2_steps=0, total_steps=200, train_problem_size=100, rollouts=100, batch_size=64, device=cuda:1, env=tsp
[2026-03-03 05:50:50,682] INFO:fitness.free_loss_fidelity: RL4CO free-loss step 1/200: score=7.807477 (avg=7.807477), loss=0.315720 (avg=0.315720), pairs_step=7436, pairs_total=7436
[2026-03-03 05:50:57,023] INFO:fitness.free_loss_fidelity: RL4CO free-loss step 20/200: score=7.783115 (avg=7.808135), loss=0.370247 (avg=0.342259), pairs_step=7744, pairs_total=151528
[2026-03-03 05:51:03,514] INFO:fitness.free_loss_fidelity: RL4CO free-loss step 40/200: score=7.815712 (avg=7.802316), loss=0.406358 (avg=0.363773), pairs_step=7651, pairs_total=304263
[2026-03-03 05:51:09,994] INFO:fitness.free_loss_fidelity: RL4CO free-loss step 60/200: score=7.808709 (avg=7.798751), loss=0.330555 (avg=0.362414), pairs_step=7589, pairs_total=456844
[2026-03-03 05:51:16,482] INFO:fitness.free_loss_fidelity: RL4CO free-loss step 80/200: score=7.791886 (avg=7.796896), loss=0.364681 (avg=0.356963), pairs_step=7624, pairs_total=609705
[2026-03-03 05:51:22,967] INFO:fitness.free_loss_fidelity: RL4CO free-loss step 100/200: score=7.750823 (avg=7.797041), loss=0.432834 (avg=0.367696), pairs_step=7503, pairs_total=761834
[2026-03-03 05:51:29,456] INFO:fitness.free_loss_fidelity: RL4CO free-loss step 120/200: score=7.771429 (avg=7.798182), loss=0.458936 (avg=0.381217), pairs_step=7501, pairs_total=912030
[2026-03-03 05:51:35,938] INFO:fitness.free_loss_fidelity: RL4CO free-loss step 140/200: score=7.820756 (avg=7.798670), loss=0.464877 (avg=0.392846), pairs_step=7413, pairs_total=1062755
[2026-03-03 05:51:42,430] INFO:fitness.free_loss_fidelity: RL4CO free-loss step 160/200: score=7.789390 (avg=7.797460), loss=0.487643 (avg=0.403207), pairs_step=7480, pairs_total=1212458
[2026-03-03 05:51:48,919] INFO:fitness.free_loss_fidelity: RL4CO free-loss step 180/200: score=7.775915 (avg=7.795861), loss=0.506967 (avg=0.412884), pairs_step=7438, pairs_total=1361840
[2026-03-03 05:51:55,421] INFO:fitness.free_loss_fidelity: RL4CO free-loss step 200/200: score=7.809889 (avg=7.794355), loss=0.520234 (avg=0.422591), pairs_step=7320, pairs_total=1509190
