[2026-03-02 20:02:44,359] INFO:fitness.free_loss_fidelity: Stage3 offline mini-train start gen=8 pair_index=17 K=200 seed=12345 valid_sizes=[100] baseline_json=baseline/mini_eval/baseline_minitrain_tsp100_K200.json
[2026-03-02 20:02:44,380] INFO:fitness.free_loss_fidelity: RL4CO free-loss (step-mode): f1_steps=200, f2_steps=0, total_steps=200, train_problem_size=100, rollouts=100, batch_size=64, device=cuda:0, env=tsp
[2026-03-02 20:02:44,726] INFO:fitness.free_loss_fidelity: RL4CO free-loss step 1/200: score=36.122910 (avg=36.122910), loss=0.427697 (avg=0.427697), pairs_step=316800, pairs_total=316800
[2026-03-02 20:02:51,144] INFO:fitness.free_loss_fidelity: RL4CO free-loss step 20/200: score=9.852903 (avg=12.415813), loss=0.586194 (avg=0.554312), pairs_step=316800, pairs_total=6335996
[2026-03-02 20:02:57,903] INFO:fitness.free_loss_fidelity: RL4CO free-loss step 40/200: score=9.403045 (avg=10.961345), loss=0.580950 (avg=0.568546), pairs_step=316799, pairs_total=12671989
[2026-03-02 20:03:04,663] INFO:fitness.free_loss_fidelity: RL4CO free-loss step 60/200: score=9.207876 (avg=10.394006), loss=0.586824 (avg=0.574526), pairs_step=316800, pairs_total=19007980
[2026-03-02 20:03:11,439] INFO:fitness.free_loss_fidelity: RL4CO free-loss step 80/200: score=9.008314 (avg=10.065506), loss=0.584923 (avg=0.577220), pairs_step=316800, pairs_total=25343977
[2026-03-02 20:03:18,197] INFO:fitness.free_loss_fidelity: RL4CO free-loss step 100/200: score=8.740649 (avg=9.835022), loss=0.564200 (avg=0.577745), pairs_step=316799, pairs_total=31679971
[2026-03-02 20:03:24,955] INFO:fitness.free_loss_fidelity: RL4CO free-loss step 120/200: score=8.675726 (avg=9.658016), loss=0.581893 (avg=0.578558), pairs_step=316800, pairs_total=38015961
[2026-03-02 20:03:31,730] INFO:fitness.free_loss_fidelity: RL4CO free-loss step 140/200: score=8.626187 (avg=9.514466), loss=0.588431 (avg=0.579339), pairs_step=316800, pairs_total=44351958
[2026-03-02 20:03:38,484] INFO:fitness.free_loss_fidelity: RL4CO free-loss step 160/200: score=8.523890 (avg=9.394112), loss=0.591655 (avg=0.580581), pairs_step=316800, pairs_total=50687957
[2026-03-02 20:03:45,250] INFO:fitness.free_loss_fidelity: RL4CO free-loss step 180/200: score=8.453442 (avg=9.294046), loss=0.594100 (avg=0.581707), pairs_step=316800, pairs_total=57023950
[2026-03-02 20:03:52,010] INFO:fitness.free_loss_fidelity: RL4CO free-loss step 200/200: score=8.477784 (avg=9.209169), loss=0.598106 (avg=0.582741), pairs_step=316800, pairs_total=63359946
[2026-03-02 20:03:53,118] WARNING:fitness.free_loss_fidelity: weights_only checkpoint load failed (UnpicklingError); retrying weights_only=False for /data1/gushengda/eam-rl4co/baseline/epoch_135.ckpt
[2026-03-02 20:03:53,156] INFO:fitness.free_loss_fidelity: Loaded init checkpoint into policy: path=/data1/gushengda/eam-rl4co/baseline/epoch_135.ckpt prefix=policy. matched=97 missing=0 unexpected=0
[2026-03-02 20:03:53,162] INFO:fitness.free_loss_fidelity: RL4CO free-loss (step-mode): f1_steps=200, f2_steps=0, total_steps=200, train_problem_size=100, rollouts=100, batch_size=64, device=cuda:0, env=tsp
[2026-03-02 20:03:53,517] INFO:fitness.free_loss_fidelity: RL4CO free-loss step 1/200: score=7.803347 (avg=7.803347), loss=0.668298 (avg=0.668298), pairs_step=315697, pairs_total=315697
[2026-03-02 20:03:59,948] INFO:fitness.free_loss_fidelity: RL4CO free-loss step 20/200: score=7.784499 (avg=7.810469), loss=0.666643 (avg=0.667985), pairs_step=315753, pairs_total=6315749
[2026-03-02 20:04:06,728] INFO:fitness.free_loss_fidelity: RL4CO free-loss step 40/200: score=7.816165 (avg=7.803941), loss=0.669651 (avg=0.668382), pairs_step=315551, pairs_total=12628588
[2026-03-02 20:04:13,500] INFO:fitness.free_loss_fidelity: RL4CO free-loss step 60/200: score=7.814632 (avg=7.799705), loss=0.672173 (avg=0.668660), pairs_step=315316, pairs_total=18939981
[2026-03-02 20:04:20,266] INFO:fitness.free_loss_fidelity: RL4CO free-loss step 80/200: score=7.795791 (avg=7.798147), loss=0.667408 (avg=0.668701), pairs_step=315872, pairs_total=25254140
[2026-03-02 20:04:27,013] INFO:fitness.free_loss_fidelity: RL4CO free-loss step 100/200: score=7.758622 (avg=7.798704), loss=0.670753 (avg=0.668825), pairs_step=315557, pairs_total=31566013
[2026-03-02 20:04:33,779] INFO:fitness.free_loss_fidelity: RL4CO free-loss step 120/200: score=7.772926 (avg=7.799938), loss=0.669747 (avg=0.668854), pairs_step=315164, pairs_total=37876926
[2026-03-02 20:04:40,551] INFO:fitness.free_loss_fidelity: RL4CO free-loss step 140/200: score=7.827227 (avg=7.800873), loss=0.667529 (avg=0.668923), pairs_step=315328, pairs_total=44186000
[2026-03-02 20:04:47,307] INFO:fitness.free_loss_fidelity: RL4CO free-loss step 160/200: score=7.795964 (avg=7.800247), loss=0.670947 (avg=0.668779), pairs_step=315284, pairs_total=50495572
[2026-03-02 20:04:54,060] INFO:fitness.free_loss_fidelity: RL4CO free-loss step 180/200: score=7.784671 (avg=7.799162), loss=0.669003 (avg=0.668828), pairs_step=314896, pairs_total=56803166
[2026-03-02 20:05:00,818] INFO:fitness.free_loss_fidelity: RL4CO free-loss step 200/200: score=7.811460 (avg=7.798059), loss=0.666659 (avg=0.668846), pairs_step=315385, pairs_total=63112927
[2026-03-02 20:05:01,926] WARNING:fitness.free_loss_fidelity: weights_only checkpoint load failed (UnpicklingError); retrying weights_only=False for /data1/gushengda/eam-rl4co/baseline/epoch_409.ckpt
[2026-03-02 20:05:01,964] INFO:fitness.free_loss_fidelity: Loaded init checkpoint into policy: path=/data1/gushengda/eam-rl4co/baseline/epoch_409.ckpt prefix=policy. matched=97 missing=0 unexpected=0
[2026-03-02 20:05:01,970] INFO:fitness.free_loss_fidelity: RL4CO free-loss (step-mode): f1_steps=200, f2_steps=0, total_steps=200, train_problem_size=100, rollouts=100, batch_size=64, device=cuda:0, env=tsp
[2026-03-02 20:05:02,325] INFO:fitness.free_loss_fidelity: RL4CO free-loss step 1/200: score=7.807477 (avg=7.807477), loss=0.369924 (avg=0.369924), pairs_step=315750, pairs_total=315750
[2026-03-02 20:05:08,947] INFO:fitness.free_loss_fidelity: RL4CO free-loss step 20/200: score=7.780839 (avg=7.808828), loss=0.270555 (avg=0.329618), pairs_step=316046, pairs_total=6317382
[2026-03-02 20:05:15,711] INFO:fitness.free_loss_fidelity: RL4CO free-loss step 40/200: score=7.820043 (avg=7.802968), loss=0.512323 (avg=0.338081), pairs_step=315962, pairs_total=12636518
[2026-03-02 20:05:22,457] INFO:fitness.free_loss_fidelity: RL4CO free-loss step 60/200: score=7.814181 (avg=7.799694), loss=0.626990 (avg=0.422864), pairs_step=315647, pairs_total=18953999
[2026-03-02 20:05:29,219] INFO:fitness.free_loss_fidelity: RL4CO free-loss step 80/200: score=7.798841 (avg=7.798699), loss=0.642726 (avg=0.476213), pairs_step=315881, pairs_total=25271018
[2026-03-02 20:05:35,972] INFO:fitness.free_loss_fidelity: RL4CO free-loss step 100/200: score=7.755958 (avg=7.799288), loss=0.652698 (avg=0.510484), pairs_step=315175, pairs_total=31585645
[2026-03-02 20:05:42,709] INFO:fitness.free_loss_fidelity: RL4CO free-loss step 120/200: score=7.773821 (avg=7.800569), loss=0.657731 (avg=0.534309), pairs_step=315572, pairs_total=37898585
[2026-03-02 20:05:49,488] INFO:fitness.free_loss_fidelity: RL4CO free-loss step 140/200: score=7.826797 (avg=7.801289), loss=0.656105 (avg=0.551628), pairs_step=314909, pairs_total=44208592
[2026-03-02 20:05:56,247] INFO:fitness.free_loss_fidelity: RL4CO free-loss step 160/200: score=7.795454 (avg=7.800640), loss=0.659397 (avg=0.564894), pairs_step=315483, pairs_total=50517852
[2026-03-02 20:06:02,995] INFO:fitness.free_loss_fidelity: RL4CO free-loss step 180/200: score=7.787305 (avg=7.799514), loss=0.660395 (avg=0.575419), pairs_step=314978, pairs_total=56822099
[2026-03-02 20:06:09,759] INFO:fitness.free_loss_fidelity: RL4CO free-loss step 200/200: score=7.811611 (avg=7.798244), loss=0.659784 (avg=0.583933), pairs_step=315223, pairs_total=63127099
