[2026-03-03 09:11:00,015] INFO:fitness.free_loss_fidelity: Stage3 offline mini-train start gen=18 pair_index=28 K=200 seed=12345 valid_sizes=[100] baseline_json=baseline/mini_eval/baseline_minitrain_tsp100_K200.json
[2026-03-03 09:11:00,039] INFO:fitness.free_loss_fidelity: RL4CO free-loss (step-mode): f1_steps=200, f2_steps=0, total_steps=200, train_problem_size=100, rollouts=100, batch_size=64, device=cuda:3, env=tsp
[2026-03-03 09:11:00,375] INFO:fitness.free_loss_fidelity: RL4CO free-loss step 1/200: score=36.122910 (avg=36.122910), loss=0.756254 (avg=0.756254), pairs_step=224, pairs_total=224
[2026-03-03 09:11:06,579] INFO:fitness.free_loss_fidelity: RL4CO free-loss step 20/200: score=20.712273 (avg=23.723601), loss=0.711053 (avg=0.726404), pairs_step=250, pairs_total=4879
[2026-03-03 09:11:13,107] INFO:fitness.free_loss_fidelity: RL4CO free-loss step 40/200: score=24.853436 (avg=23.549592), loss=0.701816 (avg=0.713428), pairs_step=249, pairs_total=9845
[2026-03-03 09:11:19,607] INFO:fitness.free_loss_fidelity: RL4CO free-loss step 60/200: score=27.060396 (avg=24.354868), loss=0.679225 (avg=0.709210), pairs_step=249, pairs_total=14741
[2026-03-03 09:11:26,111] INFO:fitness.free_loss_fidelity: RL4CO free-loss step 80/200: score=28.931164 (avg=25.233628), loss=0.689528 (avg=0.707912), pairs_step=237, pairs_total=19569
[2026-03-03 09:11:32,607] INFO:fitness.free_loss_fidelity: RL4CO free-loss step 100/200: score=27.992649 (avg=25.870188), loss=0.689554 (avg=0.705996), pairs_step=241, pairs_total=24394
[2026-03-03 09:11:39,123] INFO:fitness.free_loss_fidelity: RL4CO free-loss step 120/200: score=27.982664 (avg=26.220043), loss=0.707272 (avg=0.705583), pairs_step=235, pairs_total=29201
[2026-03-03 09:11:45,625] INFO:fitness.free_loss_fidelity: RL4CO free-loss step 140/200: score=29.130806 (avg=26.528141), loss=0.697437 (avg=0.705165), pairs_step=237, pairs_total=33984
[2026-03-03 09:11:52,145] INFO:fitness.free_loss_fidelity: RL4CO free-loss step 160/200: score=31.055403 (avg=26.923513), loss=0.699372 (avg=0.704937), pairs_step=248, pairs_total=38765
[2026-03-03 09:11:58,670] INFO:fitness.free_loss_fidelity: RL4CO free-loss step 180/200: score=32.684998 (avg=27.612486), loss=0.701843 (avg=0.705822), pairs_step=246, pairs_total=43509
[2026-03-03 09:12:05,178] INFO:fitness.free_loss_fidelity: RL4CO free-loss step 200/200: score=31.405228 (avg=28.020043), loss=0.706242 (avg=0.705527), pairs_step=239, pairs_total=48289
[2026-03-03 09:12:06,303] WARNING:fitness.free_loss_fidelity: weights_only checkpoint load failed (UnpicklingError); retrying weights_only=False for /data1/gushengda/eam-rl4co/baseline/epoch_135.ckpt
[2026-03-03 09:12:06,343] INFO:fitness.free_loss_fidelity: Loaded init checkpoint into policy: path=/data1/gushengda/eam-rl4co/baseline/epoch_135.ckpt prefix=policy. matched=97 missing=0 unexpected=0
[2026-03-03 09:12:06,348] INFO:fitness.free_loss_fidelity: RL4CO free-loss (step-mode): f1_steps=200, f2_steps=0, total_steps=200, train_problem_size=100, rollouts=100, batch_size=64, device=cuda:3, env=tsp
[2026-03-03 09:12:06,687] INFO:fitness.free_loss_fidelity: RL4CO free-loss step 1/200: score=7.803347 (avg=7.803347), loss=0.665256 (avg=0.665256), pairs_step=237, pairs_total=237
[2026-03-03 09:12:12,923] INFO:fitness.free_loss_fidelity: RL4CO free-loss step 20/200: score=7.885178 (avg=7.859850), loss=0.620081 (avg=0.656592), pairs_step=231, pairs_total=4754
[2026-03-03 09:12:19,458] INFO:fitness.free_loss_fidelity: RL4CO free-loss step 40/200: score=7.978960 (avg=7.896481), loss=0.678810 (avg=0.665487), pairs_step=246, pairs_total=9603
[2026-03-03 09:12:26,024] INFO:fitness.free_loss_fidelity: RL4CO free-loss step 60/200: score=8.073616 (avg=7.935791), loss=0.680731 (avg=0.671366), pairs_step=248, pairs_total=14499
[2026-03-03 09:12:32,582] INFO:fitness.free_loss_fidelity: RL4CO free-loss step 80/200: score=8.200746 (avg=7.988553), loss=0.723421 (avg=0.675054), pairs_step=245, pairs_total=19420
[2026-03-03 09:12:39,343] INFO:fitness.free_loss_fidelity: RL4CO free-loss step 100/200: score=8.158780 (avg=8.033911), loss=0.705875 (avg=0.679523), pairs_step=243, pairs_total=24343
[2026-03-03 09:12:45,895] INFO:fitness.free_loss_fidelity: RL4CO free-loss step 120/200: score=8.319372 (avg=8.077524), loss=0.701451 (avg=0.682089), pairs_step=250, pairs_total=29281
[2026-03-03 09:12:52,415] INFO:fitness.free_loss_fidelity: RL4CO free-loss step 140/200: score=8.614249 (avg=8.136354), loss=0.714504 (avg=0.687206), pairs_step=242, pairs_total=34235
[2026-03-03 09:12:58,960] INFO:fitness.free_loss_fidelity: RL4CO free-loss step 160/200: score=8.832441 (avg=8.203684), loss=0.746734 (avg=0.691815), pairs_step=243, pairs_total=39191
[2026-03-03 09:13:05,480] INFO:fitness.free_loss_fidelity: RL4CO free-loss step 180/200: score=8.795877 (avg=8.273123), loss=0.696109 (avg=0.695754), pairs_step=245, pairs_total=44102
[2026-03-03 09:13:12,003] INFO:fitness.free_loss_fidelity: RL4CO free-loss step 200/200: score=8.959616 (avg=8.328039), loss=0.763121 (avg=0.698045), pairs_step=247, pairs_total=49038
[2026-03-03 09:13:13,134] WARNING:fitness.free_loss_fidelity: weights_only checkpoint load failed (UnpicklingError); retrying weights_only=False for /data1/gushengda/eam-rl4co/baseline/epoch_409.ckpt
[2026-03-03 09:13:13,172] INFO:fitness.free_loss_fidelity: Loaded init checkpoint into policy: path=/data1/gushengda/eam-rl4co/baseline/epoch_409.ckpt prefix=policy. matched=97 missing=0 unexpected=0
[2026-03-03 09:13:13,178] INFO:fitness.free_loss_fidelity: RL4CO free-loss (step-mode): f1_steps=200, f2_steps=0, total_steps=200, train_problem_size=100, rollouts=100, batch_size=64, device=cuda:3, env=tsp
[2026-03-03 09:13:13,529] INFO:fitness.free_loss_fidelity: RL4CO free-loss step 1/200: score=7.807477 (avg=7.807477), loss=0.471121 (avg=0.471121), pairs_step=212, pairs_total=212
[2026-03-03 09:13:19,761] INFO:fitness.free_loss_fidelity: RL4CO free-loss step 20/200: score=7.830258 (avg=7.836028), loss=0.212875 (avg=0.271398), pairs_step=238, pairs_total=4595
[2026-03-03 09:13:26,294] INFO:fitness.free_loss_fidelity: RL4CO free-loss step 40/200: score=7.934508 (avg=7.861418), loss=0.064332 (avg=0.190019), pairs_step=237, pairs_total=9281
[2026-03-03 09:13:32,837] INFO:fitness.free_loss_fidelity: RL4CO free-loss step 60/200: score=7.940084 (avg=7.879302), loss=0.207546 (avg=0.162748), pairs_step=235, pairs_total=14034
[2026-03-03 09:13:39,377] INFO:fitness.free_loss_fidelity: RL4CO free-loss step 80/200: score=7.938335 (avg=7.896062), loss=0.089558 (avg=0.145705), pairs_step=239, pairs_total=18825
[2026-03-03 09:13:45,941] INFO:fitness.free_loss_fidelity: RL4CO free-loss step 100/200: score=7.942398 (avg=7.913491), loss=0.119318 (avg=0.136488), pairs_step=253, pairs_total=23646
[2026-03-03 09:13:52,516] INFO:fitness.free_loss_fidelity: RL4CO free-loss step 120/200: score=8.036305 (avg=7.932831), loss=0.098484 (avg=0.130065), pairs_step=247, pairs_total=28493
[2026-03-03 09:13:59,061] INFO:fitness.free_loss_fidelity: RL4CO free-loss step 140/200: score=8.215439 (avg=7.959348), loss=0.075494 (avg=0.124346), pairs_step=251, pairs_total=33407
[2026-03-03 09:14:05,647] INFO:fitness.free_loss_fidelity: RL4CO free-loss step 160/200: score=8.257355 (avg=7.993314), loss=0.136421 (avg=0.124597), pairs_step=248, pairs_total=38356
[2026-03-03 09:14:12,270] INFO:fitness.free_loss_fidelity: RL4CO free-loss step 180/200: score=8.355853 (avg=8.031970), loss=0.124443 (avg=0.133644), pairs_step=255, pairs_total=43371
[2026-03-03 09:14:18,808] INFO:fitness.free_loss_fidelity: RL4CO free-loss step 200/200: score=8.567848 (avg=8.078184), loss=0.292002 (avg=0.158120), pairs_step=255, pairs_total=48444
