[2026-03-03 03:03:19,246] INFO:fitness.free_loss_fidelity: Stage3 offline mini-train start gen=14 pair_index=3 K=200 seed=12345 valid_sizes=[100] baseline_json=baseline/mini_eval/baseline_minitrain_tsp100_K200.json
[2026-03-03 03:03:25,038] INFO:fitness.free_loss_fidelity: RL4CO free-loss (step-mode): f1_steps=200, f2_steps=0, total_steps=200, train_problem_size=100, rollouts=100, batch_size=64, device=cuda:0, env=tsp
[2026-03-03 03:03:25,939] INFO:fitness.free_loss_fidelity: RL4CO free-loss step 1/200: score=36.122910 (avg=36.122910), loss=0.649557 (avg=0.649557), pairs_step=128, pairs_total=128
[2026-03-03 03:03:32,454] INFO:fitness.free_loss_fidelity: RL4CO free-loss step 20/200: score=10.455623 (avg=13.003102), loss=0.358718 (avg=0.366659), pairs_step=128, pairs_total=2560
[2026-03-03 03:03:39,334] INFO:fitness.free_loss_fidelity: RL4CO free-loss step 40/200: score=9.834247 (avg=11.545058), loss=0.418530 (avg=0.382571), pairs_step=128, pairs_total=5120
[2026-03-03 03:03:46,403] INFO:fitness.free_loss_fidelity: RL4CO free-loss step 60/200: score=9.745646 (avg=10.922350), loss=0.467126 (avg=0.387724), pairs_step=128, pairs_total=7680
[2026-03-03 03:03:53,666] INFO:fitness.free_loss_fidelity: RL4CO free-loss step 80/200: score=9.624757 (avg=10.665792), loss=0.387518 (avg=0.388066), pairs_step=128, pairs_total=10240
[2026-03-03 03:04:00,970] INFO:fitness.free_loss_fidelity: RL4CO free-loss step 100/200: score=9.430393 (avg=10.434388), loss=0.350816 (avg=0.389849), pairs_step=128, pairs_total=12800
[2026-03-03 03:04:08,267] INFO:fitness.free_loss_fidelity: RL4CO free-loss step 120/200: score=9.506832 (avg=10.290207), loss=0.396215 (avg=0.387719), pairs_step=128, pairs_total=15360
[2026-03-03 03:04:15,564] INFO:fitness.free_loss_fidelity: RL4CO free-loss step 140/200: score=9.370567 (avg=10.174732), loss=0.327950 (avg=0.387800), pairs_step=128, pairs_total=17920
[2026-03-03 03:04:22,854] INFO:fitness.free_loss_fidelity: RL4CO free-loss step 160/200: score=9.367765 (avg=10.076946), loss=0.319740 (avg=0.384874), pairs_step=128, pairs_total=20480
[2026-03-03 03:04:30,152] INFO:fitness.free_loss_fidelity: RL4CO free-loss step 180/200: score=9.332945 (avg=9.995518), loss=0.344490 (avg=0.382645), pairs_step=128, pairs_total=23040
[2026-03-03 03:04:37,441] INFO:fitness.free_loss_fidelity: RL4CO free-loss step 200/200: score=9.471899 (avg=9.937561), loss=0.409247 (avg=0.384289), pairs_step=128, pairs_total=25600
[2026-03-03 03:04:38,781] WARNING:fitness.free_loss_fidelity: weights_only checkpoint load failed (UnpicklingError); retrying weights_only=False for /data1/gushengda/eam-rl4co/baseline/epoch_135.ckpt
[2026-03-03 03:04:38,826] INFO:fitness.free_loss_fidelity: Loaded init checkpoint into policy: path=/data1/gushengda/eam-rl4co/baseline/epoch_135.ckpt prefix=policy. matched=97 missing=0 unexpected=0
[2026-03-03 03:04:38,832] INFO:fitness.free_loss_fidelity: RL4CO free-loss (step-mode): f1_steps=200, f2_steps=0, total_steps=200, train_problem_size=100, rollouts=100, batch_size=64, device=cuda:0, env=tsp
[2026-03-03 03:04:39,218] INFO:fitness.free_loss_fidelity: RL4CO free-loss step 1/200: score=7.803347 (avg=7.803347), loss=0.304986 (avg=0.304986), pairs_step=128, pairs_total=128
[2026-03-03 03:04:46,171] INFO:fitness.free_loss_fidelity: RL4CO free-loss step 20/200: score=7.843666 (avg=7.833772), loss=0.619661 (avg=0.418703), pairs_step=128, pairs_total=2560
[2026-03-03 03:04:53,471] INFO:fitness.free_loss_fidelity: RL4CO free-loss step 40/200: score=7.932200 (avg=7.860755), loss=0.515291 (avg=0.469442), pairs_step=128, pairs_total=5120
[2026-03-03 03:05:00,752] INFO:fitness.free_loss_fidelity: RL4CO free-loss step 60/200: score=7.995069 (avg=7.886172), loss=0.603104 (avg=0.496439), pairs_step=128, pairs_total=7680
[2026-03-03 03:05:08,053] INFO:fitness.free_loss_fidelity: RL4CO free-loss step 80/200: score=8.110752 (avg=7.932369), loss=0.635495 (avg=0.513251), pairs_step=128, pairs_total=10240
[2026-03-03 03:05:15,363] INFO:fitness.free_loss_fidelity: RL4CO free-loss step 100/200: score=8.100561 (avg=7.968715), loss=0.548632 (avg=0.520245), pairs_step=128, pairs_total=12800
[2026-03-03 03:05:22,667] INFO:fitness.free_loss_fidelity: RL4CO free-loss step 120/200: score=8.169241 (avg=8.002550), loss=0.579266 (avg=0.525556), pairs_step=128, pairs_total=15360
[2026-03-03 03:05:29,987] INFO:fitness.free_loss_fidelity: RL4CO free-loss step 140/200: score=8.269972 (avg=8.032930), loss=0.542361 (avg=0.527731), pairs_step=128, pairs_total=17920
[2026-03-03 03:05:37,295] INFO:fitness.free_loss_fidelity: RL4CO free-loss step 160/200: score=8.256013 (avg=8.059754), loss=0.504845 (avg=0.520667), pairs_step=128, pairs_total=20480
[2026-03-03 03:05:44,594] INFO:fitness.free_loss_fidelity: RL4CO free-loss step 180/200: score=8.221754 (avg=8.080238), loss=0.549813 (avg=0.522471), pairs_step=128, pairs_total=23040
[2026-03-03 03:05:51,848] INFO:fitness.free_loss_fidelity: RL4CO free-loss step 200/200: score=8.233660 (avg=8.092592), loss=0.506067 (avg=0.524376), pairs_step=128, pairs_total=25600
[2026-03-03 03:05:53,176] WARNING:fitness.free_loss_fidelity: weights_only checkpoint load failed (UnpicklingError); retrying weights_only=False for /data1/gushengda/eam-rl4co/baseline/epoch_409.ckpt
[2026-03-03 03:05:53,219] INFO:fitness.free_loss_fidelity: Loaded init checkpoint into policy: path=/data1/gushengda/eam-rl4co/baseline/epoch_409.ckpt prefix=policy. matched=97 missing=0 unexpected=0
[2026-03-03 03:05:53,224] INFO:fitness.free_loss_fidelity: RL4CO free-loss (step-mode): f1_steps=200, f2_steps=0, total_steps=200, train_problem_size=100, rollouts=100, batch_size=64, device=cuda:0, env=tsp
[2026-03-03 03:05:53,591] INFO:fitness.free_loss_fidelity: RL4CO free-loss step 1/200: score=7.807477 (avg=7.807477), loss=0.006854 (avg=0.006854), pairs_step=128, pairs_total=128
[2026-03-03 03:06:00,467] INFO:fitness.free_loss_fidelity: RL4CO free-loss step 20/200: score=7.803302 (avg=7.818131), loss=0.210504 (avg=0.098315), pairs_step=128, pairs_total=2560
[2026-03-03 03:06:07,705] INFO:fitness.free_loss_fidelity: RL4CO free-loss step 40/200: score=7.884195 (avg=7.829187), loss=0.215265 (avg=0.186624), pairs_step=128, pairs_total=5120
[2026-03-03 03:06:14,941] INFO:fitness.free_loss_fidelity: RL4CO free-loss step 60/200: score=7.927315 (avg=7.849624), loss=0.273870 (avg=0.237547), pairs_step=128, pairs_total=7680
[2026-03-03 03:06:22,418] INFO:fitness.free_loss_fidelity: RL4CO free-loss step 80/200: score=7.974838 (avg=7.873439), loss=0.454828 (avg=0.281885), pairs_step=128, pairs_total=10240
[2026-03-03 03:06:29,675] INFO:fitness.free_loss_fidelity: RL4CO free-loss step 100/200: score=7.970143 (avg=7.901621), loss=0.521433 (avg=0.309337), pairs_step=128, pairs_total=12800
[2026-03-03 03:06:36,930] INFO:fitness.free_loss_fidelity: RL4CO free-loss step 120/200: score=8.018230 (avg=7.926941), loss=0.277864 (avg=0.321250), pairs_step=128, pairs_total=15360
[2026-03-03 03:06:44,207] INFO:fitness.free_loss_fidelity: RL4CO free-loss step 140/200: score=8.064249 (avg=7.940847), loss=0.326927 (avg=0.323486), pairs_step=128, pairs_total=17920
[2026-03-03 03:06:51,487] INFO:fitness.free_loss_fidelity: RL4CO free-loss step 160/200: score=8.068058 (avg=7.953349), loss=0.644715 (avg=0.328345), pairs_step=128, pairs_total=20480
[2026-03-03 03:06:58,711] INFO:fitness.free_loss_fidelity: RL4CO free-loss step 180/200: score=8.093304 (avg=7.966812), loss=0.544053 (avg=0.339632), pairs_step=128, pairs_total=23040
[2026-03-03 03:07:05,944] INFO:fitness.free_loss_fidelity: RL4CO free-loss step 200/200: score=8.130890 (avg=7.978591), loss=0.628107 (avg=0.352899), pairs_step=128, pairs_total=25600
