[2026-03-03 01:52:08,669] INFO:fitness.free_loss_fidelity: Stage3 offline mini-train start gen=13 pair_index=19 K=200 seed=12345 valid_sizes=[100] baseline_json=baseline/mini_eval/baseline_minitrain_tsp100_K200.json
[2026-03-03 01:52:08,687] INFO:fitness.free_loss_fidelity: RL4CO free-loss (step-mode): f1_steps=200, f2_steps=0, total_steps=200, train_problem_size=100, rollouts=100, batch_size=64, device=cuda:2, env=tsp
[2026-03-03 01:52:09,021] INFO:fitness.free_loss_fidelity: RL4CO free-loss step 1/200: score=36.122910 (avg=36.122910), loss=0.736278 (avg=0.736278), pairs_step=12288, pairs_total=12288
[2026-03-03 01:52:15,393] INFO:fitness.free_loss_fidelity: RL4CO free-loss step 20/200: score=10.521469 (avg=13.128111), loss=0.596822 (avg=0.609239), pairs_step=12288, pairs_total=245760
[2026-03-03 01:52:22,079] INFO:fitness.free_loss_fidelity: RL4CO free-loss step 40/200: score=9.672129 (avg=11.552670), loss=0.568509 (avg=0.603799), pairs_step=12288, pairs_total=491520
[2026-03-03 01:52:28,764] INFO:fitness.free_loss_fidelity: RL4CO free-loss step 60/200: score=9.572097 (avg=10.908497), loss=0.492684 (avg=0.575829), pairs_step=12288, pairs_total=737280
[2026-03-03 01:52:35,461] INFO:fitness.free_loss_fidelity: RL4CO free-loss step 80/200: score=9.348124 (avg=10.542536), loss=0.354331 (avg=0.538700), pairs_step=12288, pairs_total=983040
[2026-03-03 01:52:42,159] INFO:fitness.free_loss_fidelity: RL4CO free-loss step 100/200: score=9.042042 (avg=10.286883), loss=0.320939 (avg=0.497124), pairs_step=12288, pairs_total=1228800
[2026-03-03 01:52:48,873] INFO:fitness.free_loss_fidelity: RL4CO free-loss step 120/200: score=9.028894 (avg=10.097575), loss=0.262715 (avg=0.461756), pairs_step=12288, pairs_total=1474560
[2026-03-03 01:52:55,574] INFO:fitness.free_loss_fidelity: RL4CO free-loss step 140/200: score=9.055824 (avg=9.950811), loss=0.262351 (avg=0.436698), pairs_step=12288, pairs_total=1720320
[2026-03-03 01:53:02,269] INFO:fitness.free_loss_fidelity: RL4CO free-loss step 160/200: score=9.061151 (avg=9.837965), loss=0.228261 (avg=0.412331), pairs_step=12288, pairs_total=1966080
[2026-03-03 01:53:08,976] INFO:fitness.free_loss_fidelity: RL4CO free-loss step 180/200: score=9.044265 (avg=9.744199), loss=0.175481 (avg=0.389474), pairs_step=12288, pairs_total=2211840
[2026-03-03 01:53:15,661] INFO:fitness.free_loss_fidelity: RL4CO free-loss step 200/200: score=9.059868 (avg=9.672510), loss=0.143456 (avg=0.368572), pairs_step=12288, pairs_total=2457600
[2026-03-03 01:53:16,789] WARNING:fitness.free_loss_fidelity: weights_only checkpoint load failed (UnpicklingError); retrying weights_only=False for /data1/gushengda/eam-rl4co/baseline/epoch_135.ckpt
[2026-03-03 01:53:16,827] INFO:fitness.free_loss_fidelity: Loaded init checkpoint into policy: path=/data1/gushengda/eam-rl4co/baseline/epoch_135.ckpt prefix=policy. matched=97 missing=0 unexpected=0
[2026-03-03 01:53:16,832] INFO:fitness.free_loss_fidelity: RL4CO free-loss (step-mode): f1_steps=200, f2_steps=0, total_steps=200, train_problem_size=100, rollouts=100, batch_size=64, device=cuda:2, env=tsp
[2026-03-03 01:53:17,170] INFO:fitness.free_loss_fidelity: RL4CO free-loss step 1/200: score=7.803347 (avg=7.803347), loss=0.676491 (avg=0.676491), pairs_step=12288, pairs_total=12288
[2026-03-03 01:53:23,540] INFO:fitness.free_loss_fidelity: RL4CO free-loss step 20/200: score=7.785257 (avg=7.812239), loss=0.678166 (avg=0.677170), pairs_step=12288, pairs_total=245760
[2026-03-03 01:53:30,235] INFO:fitness.free_loss_fidelity: RL4CO free-loss step 40/200: score=7.826210 (avg=7.808755), loss=0.684367 (avg=0.677052), pairs_step=12288, pairs_total=491520
[2026-03-03 01:53:36,942] INFO:fitness.free_loss_fidelity: RL4CO free-loss step 60/200: score=7.821615 (avg=7.805591), loss=0.675668 (avg=0.676695), pairs_step=12288, pairs_total=737280
[2026-03-03 01:53:43,639] INFO:fitness.free_loss_fidelity: RL4CO free-loss step 80/200: score=7.802271 (avg=7.803668), loss=0.684313 (avg=0.676646), pairs_step=12288, pairs_total=983040
[2026-03-03 01:53:50,328] INFO:fitness.free_loss_fidelity: RL4CO free-loss step 100/200: score=7.759095 (avg=7.803963), loss=0.677461 (avg=0.676263), pairs_step=12288, pairs_total=1228800
[2026-03-03 01:53:57,014] INFO:fitness.free_loss_fidelity: RL4CO free-loss step 120/200: score=7.779446 (avg=7.805199), loss=0.668142 (avg=0.675741), pairs_step=12288, pairs_total=1474560
[2026-03-03 01:54:03,704] INFO:fitness.free_loss_fidelity: RL4CO free-loss step 140/200: score=7.841151 (avg=7.806194), loss=0.676110 (avg=0.675547), pairs_step=12288, pairs_total=1720320
[2026-03-03 01:54:10,396] INFO:fitness.free_loss_fidelity: RL4CO free-loss step 160/200: score=7.801229 (avg=7.805638), loss=0.678440 (avg=0.675556), pairs_step=12288, pairs_total=1966080
[2026-03-03 01:54:17,085] INFO:fitness.free_loss_fidelity: RL4CO free-loss step 180/200: score=7.793954 (avg=7.804658), loss=0.670594 (avg=0.675498), pairs_step=12288, pairs_total=2211840
[2026-03-03 01:54:23,773] INFO:fitness.free_loss_fidelity: RL4CO free-loss step 200/200: score=7.819387 (avg=7.803830), loss=0.681082 (avg=0.675440), pairs_step=12288, pairs_total=2457600
[2026-03-03 01:54:24,894] WARNING:fitness.free_loss_fidelity: weights_only checkpoint load failed (UnpicklingError); retrying weights_only=False for /data1/gushengda/eam-rl4co/baseline/epoch_409.ckpt
[2026-03-03 01:54:24,943] INFO:fitness.free_loss_fidelity: Loaded init checkpoint into policy: path=/data1/gushengda/eam-rl4co/baseline/epoch_409.ckpt prefix=policy. matched=97 missing=0 unexpected=0
[2026-03-03 01:54:24,950] INFO:fitness.free_loss_fidelity: RL4CO free-loss (step-mode): f1_steps=200, f2_steps=0, total_steps=200, train_problem_size=100, rollouts=100, batch_size=64, device=cuda:2, env=tsp
[2026-03-03 01:54:25,303] INFO:fitness.free_loss_fidelity: RL4CO free-loss step 1/200: score=7.807477 (avg=7.807477), loss=0.605883 (avg=0.605883), pairs_step=12288, pairs_total=12288
[2026-03-03 01:54:31,594] INFO:fitness.free_loss_fidelity: RL4CO free-loss step 20/200: score=7.784705 (avg=7.809592), loss=0.600156 (avg=0.605140), pairs_step=12288, pairs_total=245760
[2026-03-03 01:54:38,205] INFO:fitness.free_loss_fidelity: RL4CO free-loss step 40/200: score=7.816061 (avg=7.802720), loss=0.610369 (avg=0.604789), pairs_step=12288, pairs_total=491520
[2026-03-03 01:54:44,829] INFO:fitness.free_loss_fidelity: RL4CO free-loss step 60/200: score=7.811532 (avg=7.798398), loss=0.605643 (avg=0.605177), pairs_step=12288, pairs_total=737280
[2026-03-03 01:54:51,439] INFO:fitness.free_loss_fidelity: RL4CO free-loss step 80/200: score=7.793106 (avg=7.796504), loss=0.610016 (avg=0.604884), pairs_step=12288, pairs_total=983040
[2026-03-03 01:54:58,049] INFO:fitness.free_loss_fidelity: RL4CO free-loss step 100/200: score=7.757315 (avg=7.797096), loss=0.607235 (avg=0.604336), pairs_step=12288, pairs_total=1228800
[2026-03-03 01:55:04,850] INFO:fitness.free_loss_fidelity: RL4CO free-loss step 120/200: score=7.777132 (avg=7.798551), loss=0.603241 (avg=0.604276), pairs_step=12288, pairs_total=1474560
[2026-03-03 01:55:11,462] INFO:fitness.free_loss_fidelity: RL4CO free-loss step 140/200: score=7.820724 (avg=7.799744), loss=0.621094 (avg=0.603845), pairs_step=12288, pairs_total=1720320
[2026-03-03 01:55:18,066] INFO:fitness.free_loss_fidelity: RL4CO free-loss step 160/200: score=7.791070 (avg=7.798871), loss=0.595834 (avg=0.603356), pairs_step=12288, pairs_total=1966080
[2026-03-03 01:55:24,667] INFO:fitness.free_loss_fidelity: RL4CO free-loss step 180/200: score=7.781130 (avg=7.797664), loss=0.604975 (avg=0.602974), pairs_step=12288, pairs_total=2211840
[2026-03-03 01:55:31,274] INFO:fitness.free_loss_fidelity: RL4CO free-loss step 200/200: score=7.814404 (avg=7.796369), loss=0.605439 (avg=0.602641), pairs_step=12288, pairs_total=2457600
