[2026-03-02 16:59:57,042] INFO:fitness.free_loss_fidelity: Stage3 offline mini-train start gen=4 pair_index=15 K=1000 seed=12345 valid_sizes=[100] baseline_json=baseline/mini_eval/baseline_minitrain_tsp100_K1000.json
[2026-03-02 17:00:02,968] INFO:fitness.free_loss_fidelity: RL4CO free-loss (step-mode): f1_steps=1000, f2_steps=0, total_steps=1000, train_problem_size=100, rollouts=100, batch_size=64, device=cuda:3, env=tsp
[2026-03-02 17:00:03,683] INFO:fitness.free_loss_fidelity: RL4CO free-loss step 1/1000: score=36.122910 (avg=36.122910), loss=0.453609 (avg=0.453609), pairs_step=316800, pairs_total=316800
[2026-03-02 17:00:39,291] INFO:fitness.free_loss_fidelity: RL4CO free-loss step 100/1000: score=11.554781 (avg=12.665705), loss=0.351822 (avg=0.357272), pairs_step=316800, pairs_total=31679987
[2026-03-02 17:01:15,219] INFO:fitness.free_loss_fidelity: RL4CO free-loss step 200/1000: score=11.130419 (avg=11.545512), loss=0.442193 (avg=0.388138), pairs_step=316800, pairs_total=63359980
[2026-03-02 17:01:51,155] INFO:fitness.free_loss_fidelity: RL4CO free-loss step 300/1000: score=13.494594 (avg=12.095760), loss=0.403000 (avg=0.398231), pairs_step=316800, pairs_total=95039974
[2026-03-02 17:02:27,140] INFO:fitness.free_loss_fidelity: RL4CO free-loss step 400/1000: score=13.272342 (avg=12.466338), loss=0.393735 (avg=0.398029), pairs_step=316800, pairs_total=126719963
[2026-03-02 17:03:03,081] INFO:fitness.free_loss_fidelity: RL4CO free-loss step 500/1000: score=15.410982 (avg=12.699428), loss=0.415126 (avg=0.398733), pairs_step=316799, pairs_total=158399961
[2026-03-02 17:03:39,036] INFO:fitness.free_loss_fidelity: RL4CO free-loss step 600/1000: score=13.885657 (avg=12.429442), loss=0.412582 (avg=0.395452), pairs_step=316800, pairs_total=190079954
[2026-03-02 17:04:15,319] INFO:fitness.free_loss_fidelity: RL4CO free-loss step 700/1000: score=11.238549 (avg=12.591019), loss=0.380208 (avg=0.395490), pairs_step=316800, pairs_total=221759945
[2026-03-02 17:04:51,359] INFO:fitness.free_loss_fidelity: RL4CO free-loss step 800/1000: score=10.034781 (avg=12.446198), loss=0.410069 (avg=0.393353), pairs_step=316800, pairs_total=253439941
[2026-03-02 17:05:27,395] INFO:fitness.free_loss_fidelity: RL4CO free-loss step 900/1000: score=9.413888 (avg=12.230904), loss=0.486565 (avg=0.396711), pairs_step=316800, pairs_total=285119940
[2026-03-02 17:06:03,418] INFO:fitness.free_loss_fidelity: RL4CO free-loss step 1000/1000: score=8.744343 (avg=11.951538), loss=0.675604 (avg=0.408144), pairs_step=316800, pairs_total=316799936
[2026-03-02 17:06:04,718] WARNING:fitness.free_loss_fidelity: weights_only checkpoint load failed (UnpicklingError); retrying weights_only=False for /data1/gushengda/eam-rl4co/baseline/epoch_135.ckpt
[2026-03-02 17:06:04,765] INFO:fitness.free_loss_fidelity: Loaded init checkpoint into policy: path=/data1/gushengda/eam-rl4co/baseline/epoch_135.ckpt prefix=policy. matched=97 missing=0 unexpected=0
[2026-03-02 17:06:04,771] INFO:fitness.free_loss_fidelity: RL4CO free-loss (step-mode): f1_steps=1000, f2_steps=0, total_steps=1000, train_problem_size=100, rollouts=100, batch_size=64, device=cuda:3, env=tsp
[2026-03-02 17:06:05,158] INFO:fitness.free_loss_fidelity: RL4CO free-loss step 1/1000: score=7.803347 (avg=7.803347), loss=0.294209 (avg=0.294209), pairs_step=315697, pairs_total=315697
[2026-03-02 17:06:40,861] INFO:fitness.free_loss_fidelity: RL4CO free-loss step 100/1000: score=7.770548 (avg=7.816769), loss=0.377568 (avg=0.377878), pairs_step=316382, pairs_total=31651857
[2026-03-02 17:07:17,125] INFO:fitness.free_loss_fidelity: RL4CO free-loss step 200/1000: score=7.824000 (avg=7.815007), loss=0.464313 (avg=0.394229), pairs_step=316205, pairs_total=63297779
[2026-03-02 17:07:53,158] INFO:fitness.free_loss_fidelity: RL4CO free-loss step 300/1000: score=7.822964 (avg=7.815184), loss=0.593136 (avg=0.415789), pairs_step=316383, pairs_total=94945632
[2026-03-02 17:08:29,191] INFO:fitness.free_loss_fidelity: RL4CO free-loss step 400/1000: score=7.840641 (avg=7.814827), loss=0.301237 (avg=0.434230), pairs_step=316570, pairs_total=126602755
[2026-03-02 17:09:05,233] INFO:fitness.free_loss_fidelity: RL4CO free-loss step 500/1000: score=7.793169 (avg=7.814194), loss=0.499707 (avg=0.463673), pairs_step=316747, pairs_total=158272263
[2026-03-02 17:09:40,048] INFO:fitness.free_loss_fidelity: RL4CO free-loss step 600/1000: score=7.863804 (avg=7.817735), loss=0.731580 (avg=0.511266), pairs_step=316800, pairs_total=189950625
[2026-03-02 17:10:11,805] INFO:fitness.free_loss_fidelity: RL4CO free-loss step 700/1000: score=7.828728 (avg=7.993936), loss=0.506108 (avg=0.522732), pairs_step=316772, pairs_total=221630360
[2026-03-02 17:10:43,570] INFO:fitness.free_loss_fidelity: RL4CO free-loss step 800/1000: score=7.827083 (avg=7.972327), loss=0.619584 (avg=0.527993), pairs_step=316789, pairs_total=253307919
[2026-03-02 17:11:15,320] INFO:fitness.free_loss_fidelity: RL4CO free-loss step 900/1000: score=11.024862 (avg=8.032436), loss=0.468928 (avg=0.553211), pairs_step=316800, pairs_total=284987558
[2026-03-02 17:11:47,047] INFO:fitness.free_loss_fidelity: RL4CO free-loss step 1000/1000: score=7.910674 (avg=8.320778), loss=0.508290 (avg=0.542743), pairs_step=316800, pairs_total=316667552
[2026-03-02 17:11:48,150] WARNING:fitness.free_loss_fidelity: weights_only checkpoint load failed (UnpicklingError); retrying weights_only=False for /data1/gushengda/eam-rl4co/baseline/epoch_409.ckpt
[2026-03-02 17:11:48,189] INFO:fitness.free_loss_fidelity: Loaded init checkpoint into policy: path=/data1/gushengda/eam-rl4co/baseline/epoch_409.ckpt prefix=policy. matched=97 missing=0 unexpected=0
[2026-03-02 17:11:48,194] INFO:fitness.free_loss_fidelity: RL4CO free-loss (step-mode): f1_steps=1000, f2_steps=0, total_steps=1000, train_problem_size=100, rollouts=100, batch_size=64, device=cuda:3, env=tsp
[2026-03-02 17:11:48,540] INFO:fitness.free_loss_fidelity: RL4CO free-loss step 1/1000: score=7.807477 (avg=7.807477), loss=0.561412 (avg=0.561412), pairs_step=315750, pairs_total=315750
[2026-03-02 17:12:20,275] INFO:fitness.free_loss_fidelity: RL4CO free-loss step 100/1000: score=7.753495 (avg=7.799218), loss=0.609924 (avg=0.643482), pairs_step=316519, pairs_total=31625253
[2026-03-02 17:12:52,068] INFO:fitness.free_loss_fidelity: RL4CO free-loss step 200/1000: score=7.821464 (avg=7.800705), loss=0.580815 (avg=0.654372), pairs_step=316518, pairs_total=63274488
[2026-03-02 17:13:23,865] INFO:fitness.free_loss_fidelity: RL4CO free-loss step 300/1000: score=7.825418 (avg=7.803659), loss=0.961303 (avg=0.682032), pairs_step=316679, pairs_total=94938410
[2026-03-02 17:13:55,641] INFO:fitness.free_loss_fidelity: RL4CO free-loss step 400/1000: score=7.917569 (avg=7.811026), loss=0.580867 (avg=0.707542), pairs_step=316800, pairs_total=126615313
[2026-03-02 17:14:27,468] INFO:fitness.free_loss_fidelity: RL4CO free-loss step 500/1000: score=8.715878 (avg=8.400449), loss=0.554879 (avg=0.701602), pairs_step=316800, pairs_total=158295311
[2026-03-02 17:14:59,247] INFO:fitness.free_loss_fidelity: RL4CO free-loss step 600/1000: score=11.850616 (avg=8.405995), loss=0.713137 (avg=0.692513), pairs_step=316800, pairs_total=189975308
[2026-03-02 17:15:31,241] INFO:fitness.free_loss_fidelity: RL4CO free-loss step 700/1000: score=10.994553 (avg=9.447134), loss=0.808276 (avg=0.669148), pairs_step=316800, pairs_total=221655303
[2026-03-02 17:16:03,015] INFO:fitness.free_loss_fidelity: RL4CO free-loss step 800/1000: score=8.502377 (avg=9.348820), loss=0.508026 (avg=0.643800), pairs_step=316800, pairs_total=253335300
[2026-03-02 17:16:34,826] INFO:fitness.free_loss_fidelity: RL4CO free-loss step 900/1000: score=8.883283 (avg=9.498171), loss=0.468753 (avg=0.633965), pairs_step=316800, pairs_total=285015298
[2026-03-02 17:17:06,637] INFO:fitness.free_loss_fidelity: RL4CO free-loss step 1000/1000: score=8.147430 (avg=9.372639), loss=0.618148 (avg=0.620007), pairs_step=316800, pairs_total=316695294
