[2026-03-02 19:52:44,860] INFO:fitness.free_loss_fidelity: Stage3 offline mini-train start gen=8 pair_index=3 K=200 seed=12345 valid_sizes=[100] baseline_json=baseline/mini_eval/baseline_minitrain_tsp100_K200.json
[2026-03-02 19:52:50,463] INFO:fitness.free_loss_fidelity: RL4CO free-loss (step-mode): f1_steps=200, f2_steps=0, total_steps=200, train_problem_size=100, rollouts=100, batch_size=64, device=cuda:3, env=tsp
[2026-03-02 19:52:51,344] INFO:fitness.free_loss_fidelity: RL4CO free-loss step 1/200: score=36.122910 (avg=36.122910), loss=0.743615 (avg=0.743615), pairs_step=316800, pairs_total=316800
[2026-03-02 19:52:57,774] INFO:fitness.free_loss_fidelity: RL4CO free-loss step 20/200: score=9.901619 (avg=12.715117), loss=0.590837 (avg=0.601173), pairs_step=316798, pairs_total=6335994
[2026-03-02 19:53:04,074] INFO:fitness.free_loss_fidelity: RL4CO free-loss step 40/200: score=9.335855 (avg=11.110643), loss=0.596929 (avg=0.599357), pairs_step=316800, pairs_total=12671992
[2026-03-02 19:53:10,321] INFO:fitness.free_loss_fidelity: RL4CO free-loss step 60/200: score=9.201000 (avg=10.476652), loss=0.584519 (avg=0.597331), pairs_step=316800, pairs_total=19007988
[2026-03-02 19:53:16,563] INFO:fitness.free_loss_fidelity: RL4CO free-loss step 80/200: score=8.968518 (avg=10.114055), loss=0.588778 (avg=0.593773), pairs_step=316800, pairs_total=25343982
[2026-03-02 19:53:22,824] INFO:fitness.free_loss_fidelity: RL4CO free-loss step 100/200: score=8.854496 (avg=9.875678), loss=0.581726 (avg=0.591689), pairs_step=316800, pairs_total=31679977
[2026-03-02 19:53:29,104] INFO:fitness.free_loss_fidelity: RL4CO free-loss step 120/200: score=8.817678 (avg=9.705233), loss=0.579728 (avg=0.590216), pairs_step=316800, pairs_total=38015973
[2026-03-02 19:53:35,368] INFO:fitness.free_loss_fidelity: RL4CO free-loss step 140/200: score=8.773254 (avg=9.571214), loss=0.587295 (avg=0.589685), pairs_step=316800, pairs_total=44351969
[2026-03-02 19:53:41,643] INFO:fitness.free_loss_fidelity: RL4CO free-loss step 160/200: score=8.636503 (avg=9.457553), loss=0.588245 (avg=0.589679), pairs_step=316800, pairs_total=50687965
[2026-03-02 19:53:47,917] INFO:fitness.free_loss_fidelity: RL4CO free-loss step 180/200: score=8.581504 (avg=9.362342), loss=0.599757 (avg=0.590316), pairs_step=316800, pairs_total=57023960
[2026-03-02 19:53:54,208] INFO:fitness.free_loss_fidelity: RL4CO free-loss step 200/200: score=8.551003 (avg=9.279913), loss=0.600098 (avg=0.591219), pairs_step=316800, pairs_total=63359958
[2026-03-02 19:53:55,302] WARNING:fitness.free_loss_fidelity: weights_only checkpoint load failed (UnpicklingError); retrying weights_only=False for /data1/gushengda/eam-rl4co/baseline/epoch_135.ckpt
[2026-03-02 19:53:55,341] INFO:fitness.free_loss_fidelity: Loaded init checkpoint into policy: path=/data1/gushengda/eam-rl4co/baseline/epoch_135.ckpt prefix=policy. matched=97 missing=0 unexpected=0
[2026-03-02 19:53:55,347] INFO:fitness.free_loss_fidelity: RL4CO free-loss (step-mode): f1_steps=200, f2_steps=0, total_steps=200, train_problem_size=100, rollouts=100, batch_size=64, device=cuda:3, env=tsp
[2026-03-02 19:53:55,668] INFO:fitness.free_loss_fidelity: RL4CO free-loss step 1/200: score=7.803347 (avg=7.803347), loss=0.673539 (avg=0.673539), pairs_step=315697, pairs_total=315697
[2026-03-02 19:54:01,673] INFO:fitness.free_loss_fidelity: RL4CO free-loss step 20/200: score=7.778977 (avg=7.809473), loss=0.670557 (avg=0.672150), pairs_step=315926, pairs_total=6315924
[2026-03-02 19:54:07,968] INFO:fitness.free_loss_fidelity: RL4CO free-loss step 40/200: score=7.816142 (avg=7.803077), loss=0.673227 (avg=0.672488), pairs_step=315618, pairs_total=12631844
[2026-03-02 19:54:14,277] INFO:fitness.free_loss_fidelity: RL4CO free-loss step 60/200: score=7.815187 (avg=7.799651), loss=0.672870 (avg=0.672890), pairs_step=315479, pairs_total=18944708
[2026-03-02 19:54:20,588] INFO:fitness.free_loss_fidelity: RL4CO free-loss step 80/200: score=7.800890 (avg=7.798343), loss=0.670942 (avg=0.673017), pairs_step=315790, pairs_total=25260285
[2026-03-02 19:54:26,893] INFO:fitness.free_loss_fidelity: RL4CO free-loss step 100/200: score=7.755394 (avg=7.799264), loss=0.673456 (avg=0.672900), pairs_step=315770, pairs_total=31575126
[2026-03-02 19:54:33,211] INFO:fitness.free_loss_fidelity: RL4CO free-loss step 120/200: score=7.772257 (avg=7.800594), loss=0.673708 (avg=0.672995), pairs_step=315427, pairs_total=37888820
[2026-03-02 19:54:39,533] INFO:fitness.free_loss_fidelity: RL4CO free-loss step 140/200: score=7.829649 (avg=7.801396), loss=0.675028 (avg=0.673083), pairs_step=315439, pairs_total=44201318
[2026-03-02 19:54:45,844] INFO:fitness.free_loss_fidelity: RL4CO free-loss step 160/200: score=7.794557 (avg=7.800569), loss=0.672576 (avg=0.672992), pairs_step=315508, pairs_total=50512641
[2026-03-02 19:54:52,165] INFO:fitness.free_loss_fidelity: RL4CO free-loss step 180/200: score=7.785462 (avg=7.799320), loss=0.672136 (avg=0.673042), pairs_step=315425, pairs_total=56822953
[2026-03-02 19:54:58,469] INFO:fitness.free_loss_fidelity: RL4CO free-loss step 200/200: score=7.813981 (avg=7.798154), loss=0.670202 (avg=0.673078), pairs_step=315690, pairs_total=63136613
[2026-03-02 19:54:59,568] WARNING:fitness.free_loss_fidelity: weights_only checkpoint load failed (UnpicklingError); retrying weights_only=False for /data1/gushengda/eam-rl4co/baseline/epoch_409.ckpt
[2026-03-02 19:54:59,605] INFO:fitness.free_loss_fidelity: Loaded init checkpoint into policy: path=/data1/gushengda/eam-rl4co/baseline/epoch_409.ckpt prefix=policy. matched=97 missing=0 unexpected=0
[2026-03-02 19:54:59,610] INFO:fitness.free_loss_fidelity: RL4CO free-loss (step-mode): f1_steps=200, f2_steps=0, total_steps=200, train_problem_size=100, rollouts=100, batch_size=64, device=cuda:3, env=tsp
[2026-03-02 19:54:59,932] INFO:fitness.free_loss_fidelity: RL4CO free-loss step 1/200: score=7.807477 (avg=7.807477), loss=0.229740 (avg=0.229740), pairs_step=315750, pairs_total=315750
[2026-03-02 19:55:06,167] INFO:fitness.free_loss_fidelity: RL4CO free-loss step 20/200: score=7.779387 (avg=7.808275), loss=0.217004 (avg=0.222586), pairs_step=315997, pairs_total=6319738
[2026-03-02 19:55:12,485] INFO:fitness.free_loss_fidelity: RL4CO free-loss step 40/200: score=7.817681 (avg=7.803855), loss=0.211847 (avg=0.218505), pairs_step=315970, pairs_total=12636646
[2026-03-02 19:55:18,786] INFO:fitness.free_loss_fidelity: RL4CO free-loss step 60/200: score=7.814804 (avg=7.800258), loss=0.216130 (avg=0.215540), pairs_step=315598, pairs_total=18953244
[2026-03-02 19:55:25,104] INFO:fitness.free_loss_fidelity: RL4CO free-loss step 80/200: score=7.800068 (avg=7.798273), loss=0.241793 (avg=0.218505), pairs_step=315838, pairs_total=25269347
[2026-03-02 19:55:31,414] INFO:fitness.free_loss_fidelity: RL4CO free-loss step 100/200: score=7.755433 (avg=7.798940), loss=0.225240 (avg=0.221538), pairs_step=315797, pairs_total=31584927
[2026-03-02 19:55:37,724] INFO:fitness.free_loss_fidelity: RL4CO free-loss step 120/200: score=7.774270 (avg=7.800053), loss=0.201534 (avg=0.220165), pairs_step=315777, pairs_total=37901984
[2026-03-02 19:55:44,031] INFO:fitness.free_loss_fidelity: RL4CO free-loss step 140/200: score=7.823614 (avg=7.801021), loss=0.221956 (avg=0.218748), pairs_step=315564, pairs_total=44216494
[2026-03-02 19:55:50,345] INFO:fitness.free_loss_fidelity: RL4CO free-loss step 160/200: score=7.795313 (avg=7.800343), loss=0.283562 (avg=0.222904), pairs_step=315889, pairs_total=50532115
[2026-03-02 19:55:56,649] INFO:fitness.free_loss_fidelity: RL4CO free-loss step 180/200: score=7.781557 (avg=7.798977), loss=0.241339 (avg=0.227777), pairs_step=315531, pairs_total=56846630
[2026-03-02 19:56:02,977] INFO:fitness.free_loss_fidelity: RL4CO free-loss step 200/200: score=7.808060 (avg=7.797670), loss=0.204619 (avg=0.226833), pairs_step=315676, pairs_total=63160011
