[2026-03-02 23:25:24,099] INFO:fitness.free_loss_fidelity: Stage3 offline mini-train start gen=11 pair_index=15 K=200 seed=12345 valid_sizes=[100] baseline_json=baseline/mini_eval/baseline_minitrain_tsp100_K200.json
[2026-03-02 23:25:24,121] INFO:fitness.free_loss_fidelity: RL4CO free-loss (step-mode): f1_steps=200, f2_steps=0, total_steps=200, train_problem_size=100, rollouts=100, batch_size=64, device=cuda:2, env=tsp
[2026-03-02 23:25:24,449] INFO:fitness.free_loss_fidelity: RL4CO free-loss step 1/200: score=36.122910 (avg=36.122910), loss=0.684866 (avg=0.684866), pairs_step=273, pairs_total=273
[2026-03-02 23:25:30,619] INFO:fitness.free_loss_fidelity: RL4CO free-loss step 20/200: score=12.126087 (avg=14.954608), loss=0.635723 (avg=0.656891), pairs_step=321, pairs_total=6270
[2026-03-02 23:25:37,133] INFO:fitness.free_loss_fidelity: RL4CO free-loss step 40/200: score=10.721013 (avg=13.099915), loss=0.658198 (avg=0.659447), pairs_step=330, pairs_total=12582
[2026-03-02 23:25:43,627] INFO:fitness.free_loss_fidelity: RL4CO free-loss step 60/200: score=10.650336 (avg=12.343969), loss=0.627973 (avg=0.655635), pairs_step=306, pairs_total=18906
[2026-03-02 23:25:50,162] INFO:fitness.free_loss_fidelity: RL4CO free-loss step 80/200: score=11.509539 (avg=11.964314), loss=0.620415 (avg=0.657746), pairs_step=315, pairs_total=25449
[2026-03-02 23:25:56,709] INFO:fitness.free_loss_fidelity: RL4CO free-loss step 100/200: score=10.441763 (avg=11.842906), loss=0.685334 (avg=0.656482), pairs_step=300, pairs_total=31947
[2026-03-02 23:26:03,217] INFO:fitness.free_loss_fidelity: RL4CO free-loss step 120/200: score=10.776563 (avg=11.663436), loss=0.628160 (avg=0.655827), pairs_step=345, pairs_total=38232
[2026-03-02 23:26:09,726] INFO:fitness.free_loss_fidelity: RL4CO free-loss step 140/200: score=11.054869 (avg=11.557588), loss=0.636294 (avg=0.654890), pairs_step=300, pairs_total=44523
[2026-03-02 23:26:16,222] INFO:fitness.free_loss_fidelity: RL4CO free-loss step 160/200: score=10.465522 (avg=11.428541), loss=0.660700 (avg=0.655120), pairs_step=357, pairs_total=50922
[2026-03-02 23:26:22,740] INFO:fitness.free_loss_fidelity: RL4CO free-loss step 180/200: score=10.074196 (avg=11.299230), loss=0.670325 (avg=0.654489), pairs_step=291, pairs_total=57099
[2026-03-02 23:26:29,244] INFO:fitness.free_loss_fidelity: RL4CO free-loss step 200/200: score=10.088644 (avg=11.172202), loss=0.653857 (avg=0.654457), pairs_step=342, pairs_total=63513
[2026-03-02 23:26:30,366] WARNING:fitness.free_loss_fidelity: weights_only checkpoint load failed (UnpicklingError); retrying weights_only=False for /data1/gushengda/eam-rl4co/baseline/epoch_135.ckpt
[2026-03-02 23:26:30,403] INFO:fitness.free_loss_fidelity: Loaded init checkpoint into policy: path=/data1/gushengda/eam-rl4co/baseline/epoch_135.ckpt prefix=policy. matched=97 missing=0 unexpected=0
[2026-03-02 23:26:30,409] INFO:fitness.free_loss_fidelity: RL4CO free-loss (step-mode): f1_steps=200, f2_steps=0, total_steps=200, train_problem_size=100, rollouts=100, batch_size=64, device=cuda:2, env=tsp
[2026-03-02 23:26:30,746] INFO:fitness.free_loss_fidelity: RL4CO free-loss step 1/200: score=7.803347 (avg=7.803347), loss=0.640689 (avg=0.640689), pairs_step=285, pairs_total=285
[2026-03-02 23:26:37,089] INFO:fitness.free_loss_fidelity: RL4CO free-loss step 20/200: score=7.889465 (avg=7.860440), loss=0.647340 (avg=0.632993), pairs_step=345, pairs_total=6429
[2026-03-02 23:26:43,576] INFO:fitness.free_loss_fidelity: RL4CO free-loss step 40/200: score=8.162989 (avg=7.950225), loss=0.670721 (avg=0.647822), pairs_step=354, pairs_total=13443
[2026-03-02 23:26:50,062] INFO:fitness.free_loss_fidelity: RL4CO free-loss step 60/200: score=8.445408 (avg=8.057605), loss=0.661568 (avg=0.657197), pairs_step=348, pairs_total=20124
[2026-03-02 23:26:56,753] INFO:fitness.free_loss_fidelity: RL4CO free-loss step 80/200: score=8.439342 (avg=8.159170), loss=0.679356 (avg=0.662516), pairs_step=348, pairs_total=26778
[2026-03-02 23:27:03,426] INFO:fitness.free_loss_fidelity: RL4CO free-loss step 100/200: score=8.395063 (avg=8.221932), loss=0.665139 (avg=0.665434), pairs_step=354, pairs_total=33375
[2026-03-02 23:27:09,949] INFO:fitness.free_loss_fidelity: RL4CO free-loss step 120/200: score=8.366106 (avg=8.255281), loss=0.671203 (avg=0.667967), pairs_step=312, pairs_total=39951
[2026-03-02 23:27:16,464] INFO:fitness.free_loss_fidelity: RL4CO free-loss step 140/200: score=8.397785 (avg=8.275878), loss=0.644645 (avg=0.667743), pairs_step=327, pairs_total=46779
[2026-03-02 23:27:22,988] INFO:fitness.free_loss_fidelity: RL4CO free-loss step 160/200: score=8.351748 (avg=8.286805), loss=0.647652 (avg=0.667377), pairs_step=378, pairs_total=53685
[2026-03-02 23:27:29,506] INFO:fitness.free_loss_fidelity: RL4CO free-loss step 180/200: score=8.231663 (avg=8.288182), loss=0.687695 (avg=0.667757), pairs_step=324, pairs_total=60588
[2026-03-02 23:27:36,035] INFO:fitness.free_loss_fidelity: RL4CO free-loss step 200/200: score=8.290804 (avg=8.284647), loss=0.688455 (avg=0.669315), pairs_step=327, pairs_total=67299
[2026-03-02 23:27:37,161] WARNING:fitness.free_loss_fidelity: weights_only checkpoint load failed (UnpicklingError); retrying weights_only=False for /data1/gushengda/eam-rl4co/baseline/epoch_409.ckpt
[2026-03-02 23:27:37,199] INFO:fitness.free_loss_fidelity: Loaded init checkpoint into policy: path=/data1/gushengda/eam-rl4co/baseline/epoch_409.ckpt prefix=policy. matched=97 missing=0 unexpected=0
[2026-03-02 23:27:37,205] INFO:fitness.free_loss_fidelity: RL4CO free-loss (step-mode): f1_steps=200, f2_steps=0, total_steps=200, train_problem_size=100, rollouts=100, batch_size=64, device=cuda:2, env=tsp
[2026-03-02 23:27:37,544] INFO:fitness.free_loss_fidelity: RL4CO free-loss step 1/200: score=7.807477 (avg=7.807477), loss=0.346044 (avg=0.346044), pairs_step=387, pairs_total=387
[2026-03-02 23:27:43,732] INFO:fitness.free_loss_fidelity: RL4CO free-loss step 20/200: score=7.879736 (avg=7.839160), loss=0.338710 (avg=0.360442), pairs_step=546, pairs_total=9567
[2026-03-02 23:27:50,260] INFO:fitness.free_loss_fidelity: RL4CO free-loss step 40/200: score=8.217176 (avg=7.928290), loss=0.048760 (avg=0.256318), pairs_step=576, pairs_total=20949
[2026-03-02 23:27:56,779] INFO:fitness.free_loss_fidelity: RL4CO free-loss step 60/200: score=8.698637 (avg=8.116496), loss=0.021274 (avg=0.180937), pairs_step=576, pairs_total=32463
[2026-03-02 23:28:03,299] INFO:fitness.free_loss_fidelity: RL4CO free-loss step 80/200: score=9.036013 (avg=8.295397), loss=0.013692 (avg=0.139741), pairs_step=576, pairs_total=43983
[2026-03-02 23:28:09,828] INFO:fitness.free_loss_fidelity: RL4CO free-loss step 100/200: score=9.287872 (avg=8.466872), loss=0.011056 (avg=0.114164), pairs_step=576, pairs_total=55503
[2026-03-02 23:28:16,409] INFO:fitness.free_loss_fidelity: RL4CO free-loss step 120/200: score=10.140774 (avg=8.670763), loss=0.008542 (avg=0.096810), pairs_step=576, pairs_total=67023
[2026-03-02 23:28:23,031] INFO:fitness.free_loss_fidelity: RL4CO free-loss step 140/200: score=11.502035 (avg=8.967196), loss=0.009870 (avg=0.084410), pairs_step=576, pairs_total=78543
[2026-03-02 23:28:29,616] INFO:fitness.free_loss_fidelity: RL4CO free-loss step 160/200: score=11.545940 (avg=9.318804), loss=0.007178 (avg=0.075113), pairs_step=576, pairs_total=90063
[2026-03-02 23:28:36,090] INFO:fitness.free_loss_fidelity: RL4CO free-loss step 180/200: score=13.568837 (avg=9.568691), loss=0.016978 (avg=0.068003), pairs_step=570, pairs_total=101577
[2026-03-02 23:28:42,560] INFO:fitness.free_loss_fidelity: RL4CO free-loss step 200/200: score=15.920214 (avg=10.431590), loss=0.027170 (avg=0.063793), pairs_step=570, pairs_total=112989
