[2026-03-02 20:58:37,790] INFO:fitness.free_loss_fidelity: Stage3 offline mini-train start gen=9 pair_index=16 K=200 seed=12345 valid_sizes=[100] baseline_json=baseline/mini_eval/baseline_minitrain_tsp100_K200.json
[2026-03-02 20:58:37,808] INFO:fitness.free_loss_fidelity: RL4CO free-loss (step-mode): f1_steps=200, f2_steps=0, total_steps=200, train_problem_size=100, rollouts=100, batch_size=64, device=cuda:3, env=tsp
[2026-03-02 20:58:38,157] INFO:fitness.free_loss_fidelity: RL4CO free-loss step 1/200: score=36.122910 (avg=36.122910), loss=0.806570 (avg=0.806570), pairs_step=316800, pairs_total=316800
[2026-03-02 20:58:44,202] INFO:fitness.free_loss_fidelity: RL4CO free-loss step 20/200: score=10.029295 (avg=12.930596), loss=0.563273 (avg=0.587787), pairs_step=316800, pairs_total=6335997
[2026-03-02 20:58:50,553] INFO:fitness.free_loss_fidelity: RL4CO free-loss step 40/200: score=9.541421 (avg=11.299948), loss=0.544385 (avg=0.573568), pairs_step=316800, pairs_total=12671994
[2026-03-02 20:58:56,905] INFO:fitness.free_loss_fidelity: RL4CO free-loss step 60/200: score=9.295250 (avg=10.642696), loss=0.542875 (avg=0.565776), pairs_step=316797, pairs_total=19007984
[2026-03-02 20:59:03,257] INFO:fitness.free_loss_fidelity: RL4CO free-loss step 80/200: score=9.137526 (avg=10.270480), loss=0.536008 (avg=0.559433), pairs_step=316800, pairs_total=25343978
[2026-03-02 20:59:09,615] INFO:fitness.free_loss_fidelity: RL4CO free-loss step 100/200: score=8.982335 (avg=10.032261), loss=0.544610 (avg=0.554534), pairs_step=316799, pairs_total=31679975
[2026-03-02 20:59:15,983] INFO:fitness.free_loss_fidelity: RL4CO free-loss step 120/200: score=8.888321 (avg=9.860718), loss=0.541271 (avg=0.551459), pairs_step=316799, pairs_total=38015972
[2026-03-02 20:59:22,347] INFO:fitness.free_loss_fidelity: RL4CO free-loss step 140/200: score=8.960573 (avg=9.732111), loss=0.541616 (avg=0.549447), pairs_step=316800, pairs_total=44351969
[2026-03-02 20:59:28,707] INFO:fitness.free_loss_fidelity: RL4CO free-loss step 160/200: score=8.859645 (avg=9.623820), loss=0.542876 (avg=0.548323), pairs_step=316800, pairs_total=50687964
[2026-03-02 20:59:35,058] INFO:fitness.free_loss_fidelity: RL4CO free-loss step 180/200: score=8.758302 (avg=9.532480), loss=0.544272 (avg=0.548101), pairs_step=316800, pairs_total=57023961
[2026-03-02 20:59:41,406] INFO:fitness.free_loss_fidelity: RL4CO free-loss step 200/200: score=8.760088 (avg=9.453348), loss=0.555586 (avg=0.548254), pairs_step=316800, pairs_total=63359957
[2026-03-02 20:59:42,514] WARNING:fitness.free_loss_fidelity: weights_only checkpoint load failed (UnpicklingError); retrying weights_only=False for /data1/gushengda/eam-rl4co/baseline/epoch_135.ckpt
[2026-03-02 20:59:42,553] INFO:fitness.free_loss_fidelity: Loaded init checkpoint into policy: path=/data1/gushengda/eam-rl4co/baseline/epoch_135.ckpt prefix=policy. matched=97 missing=0 unexpected=0
[2026-03-02 20:59:42,558] INFO:fitness.free_loss_fidelity: RL4CO free-loss (step-mode): f1_steps=200, f2_steps=0, total_steps=200, train_problem_size=100, rollouts=100, batch_size=64, device=cuda:3, env=tsp
[2026-03-02 20:59:42,912] INFO:fitness.free_loss_fidelity: RL4CO free-loss step 1/200: score=7.803347 (avg=7.803347), loss=0.667764 (avg=0.667764), pairs_step=315697, pairs_total=315697
[2026-03-02 20:59:48,939] INFO:fitness.free_loss_fidelity: RL4CO free-loss step 20/200: score=7.779926 (avg=7.810560), loss=0.665673 (avg=0.665089), pairs_step=315827, pairs_total=6316856
[2026-03-02 20:59:55,288] INFO:fitness.free_loss_fidelity: RL4CO free-loss step 40/200: score=7.817271 (avg=7.803575), loss=0.665763 (avg=0.664684), pairs_step=315831, pairs_total=12632642
[2026-03-02 21:00:01,643] INFO:fitness.free_loss_fidelity: RL4CO free-loss step 60/200: score=7.816756 (avg=7.800029), loss=0.665712 (avg=0.664211), pairs_step=315715, pairs_total=18947692
[2026-03-02 21:00:07,999] INFO:fitness.free_loss_fidelity: RL4CO free-loss step 80/200: score=7.797953 (avg=7.798302), loss=0.661568 (avg=0.663966), pairs_step=315922, pairs_total=25264157
[2026-03-02 21:00:14,370] INFO:fitness.free_loss_fidelity: RL4CO free-loss step 100/200: score=7.756039 (avg=7.798870), loss=0.664872 (avg=0.663941), pairs_step=315841, pairs_total=31581879
[2026-03-02 21:00:20,725] INFO:fitness.free_loss_fidelity: RL4CO free-loss step 120/200: score=7.773352 (avg=7.799947), loss=0.666092 (avg=0.664051), pairs_step=315801, pairs_total=37897647
[2026-03-02 21:00:27,276] INFO:fitness.free_loss_fidelity: RL4CO free-loss step 140/200: score=7.830102 (avg=7.800936), loss=0.665418 (avg=0.664211), pairs_step=315392, pairs_total=44211448
[2026-03-02 21:00:33,646] INFO:fitness.free_loss_fidelity: RL4CO free-loss step 160/200: score=7.795069 (avg=7.800331), loss=0.663417 (avg=0.663976), pairs_step=315303, pairs_total=50527487
[2026-03-02 21:00:39,992] INFO:fitness.free_loss_fidelity: RL4CO free-loss step 180/200: score=7.782718 (avg=7.799183), loss=0.662908 (avg=0.663946), pairs_step=315768, pairs_total=56842447
[2026-03-02 21:00:46,345] INFO:fitness.free_loss_fidelity: RL4CO free-loss step 200/200: score=7.810632 (avg=7.798021), loss=0.658436 (avg=0.663801), pairs_step=315788, pairs_total=63156314
[2026-03-02 21:00:47,454] WARNING:fitness.free_loss_fidelity: weights_only checkpoint load failed (UnpicklingError); retrying weights_only=False for /data1/gushengda/eam-rl4co/baseline/epoch_409.ckpt
[2026-03-02 21:00:47,492] INFO:fitness.free_loss_fidelity: Loaded init checkpoint into policy: path=/data1/gushengda/eam-rl4co/baseline/epoch_409.ckpt prefix=policy. matched=97 missing=0 unexpected=0
[2026-03-02 21:00:47,498] INFO:fitness.free_loss_fidelity: RL4CO free-loss (step-mode): f1_steps=200, f2_steps=0, total_steps=200, train_problem_size=100, rollouts=100, batch_size=64, device=cuda:3, env=tsp
[2026-03-02 21:00:47,830] INFO:fitness.free_loss_fidelity: RL4CO free-loss step 1/200: score=7.807477 (avg=7.807477), loss=0.199327 (avg=0.199327), pairs_step=315750, pairs_total=315750
[2026-03-02 21:00:53,853] INFO:fitness.free_loss_fidelity: RL4CO free-loss step 20/200: score=7.783734 (avg=7.809194), loss=0.185784 (avg=0.190744), pairs_step=316190, pairs_total=6318415
[2026-03-02 21:01:00,202] INFO:fitness.free_loss_fidelity: RL4CO free-loss step 40/200: score=7.818846 (avg=7.803220), loss=0.192308 (avg=0.190367), pairs_step=316184, pairs_total=12638742
[2026-03-02 21:01:06,540] INFO:fitness.free_loss_fidelity: RL4CO free-loss step 60/200: score=7.813046 (avg=7.799522), loss=0.193421 (avg=0.190525), pairs_step=315625, pairs_total=18955900
[2026-03-02 21:01:12,889] INFO:fitness.free_loss_fidelity: RL4CO free-loss step 80/200: score=7.791216 (avg=7.797583), loss=0.192498 (avg=0.190739), pairs_step=315925, pairs_total=25273187
[2026-03-02 21:01:19,247] INFO:fitness.free_loss_fidelity: RL4CO free-loss step 100/200: score=7.751418 (avg=7.798315), loss=0.193196 (avg=0.190392), pairs_step=315904, pairs_total=31594433
[2026-03-02 21:01:25,605] INFO:fitness.free_loss_fidelity: RL4CO free-loss step 120/200: score=7.772836 (avg=7.799576), loss=0.183424 (avg=0.190120), pairs_step=315732, pairs_total=37912363
[2026-03-02 21:01:31,953] INFO:fitness.free_loss_fidelity: RL4CO free-loss step 140/200: score=7.826414 (avg=7.800260), loss=0.186423 (avg=0.189618), pairs_step=315797, pairs_total=44228145
[2026-03-02 21:01:38,303] INFO:fitness.free_loss_fidelity: RL4CO free-loss step 160/200: score=7.790073 (avg=7.799537), loss=0.186401 (avg=0.188975), pairs_step=315793, pairs_total=50544029
[2026-03-02 21:01:44,643] INFO:fitness.free_loss_fidelity: RL4CO free-loss step 180/200: score=7.789045 (avg=7.798380), loss=0.185706 (avg=0.188529), pairs_step=315104, pairs_total=56858430
[2026-03-02 21:01:50,991] INFO:fitness.free_loss_fidelity: RL4CO free-loss step 200/200: score=7.807706 (avg=7.797140), loss=0.188205 (avg=0.188640), pairs_step=315305, pairs_total=63173117
