[2026-03-03 10:15:04,327] INFO:fitness.free_loss_fidelity: Stage3 offline mini-train start gen=19 pair_index=28 K=200 seed=12345 valid_sizes=[100] baseline_json=baseline/mini_eval/baseline_minitrain_tsp100_K200.json
[2026-03-03 10:15:04,346] INFO:fitness.free_loss_fidelity: RL4CO free-loss (step-mode): f1_steps=200, f2_steps=0, total_steps=200, train_problem_size=100, rollouts=100, batch_size=64, device=cuda:1, env=tsp
[2026-03-03 10:15:04,697] INFO:fitness.free_loss_fidelity: RL4CO free-loss step 1/200: score=36.122910 (avg=36.122910), loss=0.703312 (avg=0.703312), pairs_step=6848, pairs_total=6848
[2026-03-03 10:15:10,791] INFO:fitness.free_loss_fidelity: RL4CO free-loss step 20/200: score=10.077440 (avg=12.845065), loss=0.511956 (avg=0.528656), pairs_step=6848, pairs_total=136960
[2026-03-03 10:15:17,210] INFO:fitness.free_loss_fidelity: RL4CO free-loss step 40/200: score=9.592104 (avg=11.274452), loss=0.542621 (avg=0.533623), pairs_step=6848, pairs_total=273920
[2026-03-03 10:15:23,627] INFO:fitness.free_loss_fidelity: RL4CO free-loss step 60/200: score=9.429361 (avg=10.668277), loss=0.540924 (avg=0.535263), pairs_step=6848, pairs_total=410880
[2026-03-03 10:15:30,042] INFO:fitness.free_loss_fidelity: RL4CO free-loss step 80/200: score=9.284724 (avg=10.333015), loss=0.543123 (avg=0.532379), pairs_step=6848, pairs_total=547840
[2026-03-03 10:15:36,459] INFO:fitness.free_loss_fidelity: RL4CO free-loss step 100/200: score=9.149559 (avg=10.109102), loss=0.514729 (avg=0.530252), pairs_step=6848, pairs_total=684800
[2026-03-03 10:15:42,864] INFO:fitness.free_loss_fidelity: RL4CO free-loss step 120/200: score=9.086376 (avg=9.946303), loss=0.509031 (avg=0.529752), pairs_step=6848, pairs_total=821760
[2026-03-03 10:15:49,288] INFO:fitness.free_loss_fidelity: RL4CO free-loss step 140/200: score=9.074131 (avg=9.818980), loss=0.533109 (avg=0.528659), pairs_step=6848, pairs_total=958720
[2026-03-03 10:15:55,700] INFO:fitness.free_loss_fidelity: RL4CO free-loss step 160/200: score=8.855059 (avg=9.711396), loss=0.526481 (avg=0.529050), pairs_step=6848, pairs_total=1095680
[2026-03-03 10:16:02,120] INFO:fitness.free_loss_fidelity: RL4CO free-loss step 180/200: score=8.795934 (avg=9.615938), loss=0.533964 (avg=0.529289), pairs_step=6848, pairs_total=1232640
[2026-03-03 10:16:08,562] INFO:fitness.free_loss_fidelity: RL4CO free-loss step 200/200: score=8.742097 (avg=9.529579), loss=0.541051 (avg=0.529734), pairs_step=6848, pairs_total=1369600
[2026-03-03 10:16:09,679] WARNING:fitness.free_loss_fidelity: weights_only checkpoint load failed (UnpicklingError); retrying weights_only=False for /data1/gushengda/eam-rl4co/baseline/epoch_135.ckpt
[2026-03-03 10:16:09,718] INFO:fitness.free_loss_fidelity: Loaded init checkpoint into policy: path=/data1/gushengda/eam-rl4co/baseline/epoch_135.ckpt prefix=policy. matched=97 missing=0 unexpected=0
[2026-03-03 10:16:09,724] INFO:fitness.free_loss_fidelity: RL4CO free-loss (step-mode): f1_steps=200, f2_steps=0, total_steps=200, train_problem_size=100, rollouts=100, batch_size=64, device=cuda:1, env=tsp
[2026-03-03 10:16:10,049] INFO:fitness.free_loss_fidelity: RL4CO free-loss step 1/200: score=7.803347 (avg=7.803347), loss=0.631057 (avg=0.631057), pairs_step=6848, pairs_total=6848
[2026-03-03 10:16:16,139] INFO:fitness.free_loss_fidelity: RL4CO free-loss step 20/200: score=7.794560 (avg=7.820484), loss=0.648097 (avg=0.640955), pairs_step=6848, pairs_total=136960
[2026-03-03 10:16:22,548] INFO:fitness.free_loss_fidelity: RL4CO free-loss step 40/200: score=7.833890 (avg=7.815690), loss=0.654123 (avg=0.645115), pairs_step=6848, pairs_total=273920
[2026-03-03 10:16:28,993] INFO:fitness.free_loss_fidelity: RL4CO free-loss step 60/200: score=7.833291 (avg=7.812122), loss=0.661619 (avg=0.647134), pairs_step=6848, pairs_total=410880
[2026-03-03 10:16:35,433] INFO:fitness.free_loss_fidelity: RL4CO free-loss step 80/200: score=7.813146 (avg=7.812010), loss=0.659766 (avg=0.649468), pairs_step=6848, pairs_total=547840
[2026-03-03 10:16:41,867] INFO:fitness.free_loss_fidelity: RL4CO free-loss step 100/200: score=7.779304 (avg=7.813649), loss=0.651655 (avg=0.651342), pairs_step=6848, pairs_total=684800
[2026-03-03 10:16:48,315] INFO:fitness.free_loss_fidelity: RL4CO free-loss step 120/200: score=7.785453 (avg=7.814974), loss=0.660507 (avg=0.651697), pairs_step=6848, pairs_total=821760
[2026-03-03 10:16:54,748] INFO:fitness.free_loss_fidelity: RL4CO free-loss step 140/200: score=7.849885 (avg=7.816391), loss=0.655104 (avg=0.651713), pairs_step=6848, pairs_total=958720
[2026-03-03 10:17:01,178] INFO:fitness.free_loss_fidelity: RL4CO free-loss step 160/200: score=7.817739 (avg=7.816006), loss=0.650141 (avg=0.652175), pairs_step=6848, pairs_total=1095680
[2026-03-03 10:17:07,618] INFO:fitness.free_loss_fidelity: RL4CO free-loss step 180/200: score=7.799196 (avg=7.815137), loss=0.654175 (avg=0.652579), pairs_step=6848, pairs_total=1232640
[2026-03-03 10:17:14,061] INFO:fitness.free_loss_fidelity: RL4CO free-loss step 200/200: score=7.834191 (avg=7.814496), loss=0.656816 (avg=0.653057), pairs_step=6848, pairs_total=1369600
[2026-03-03 10:17:15,176] WARNING:fitness.free_loss_fidelity: weights_only checkpoint load failed (UnpicklingError); retrying weights_only=False for /data1/gushengda/eam-rl4co/baseline/epoch_409.ckpt
[2026-03-03 10:17:15,212] INFO:fitness.free_loss_fidelity: Loaded init checkpoint into policy: path=/data1/gushengda/eam-rl4co/baseline/epoch_409.ckpt prefix=policy. matched=97 missing=0 unexpected=0
[2026-03-03 10:17:15,218] INFO:fitness.free_loss_fidelity: RL4CO free-loss (step-mode): f1_steps=200, f2_steps=0, total_steps=200, train_problem_size=100, rollouts=100, batch_size=64, device=cuda:1, env=tsp
[2026-03-03 10:17:15,568] INFO:fitness.free_loss_fidelity: RL4CO free-loss step 1/200: score=7.807477 (avg=7.807477), loss=0.129894 (avg=0.129894), pairs_step=6848, pairs_total=6848
[2026-03-03 10:17:21,686] INFO:fitness.free_loss_fidelity: RL4CO free-loss step 20/200: score=7.783385 (avg=7.810989), loss=0.397026 (avg=0.248619), pairs_step=6848, pairs_total=136960
[2026-03-03 10:17:28,135] INFO:fitness.free_loss_fidelity: RL4CO free-loss step 40/200: score=7.820693 (avg=7.806413), loss=0.461306 (avg=0.346021), pairs_step=6848, pairs_total=273920
[2026-03-03 10:17:34,573] INFO:fitness.free_loss_fidelity: RL4CO free-loss step 60/200: score=7.818659 (avg=7.803581), loss=0.488773 (avg=0.388679), pairs_step=6848, pairs_total=410880
[2026-03-03 10:17:41,021] INFO:fitness.free_loss_fidelity: RL4CO free-loss step 80/200: score=7.798954 (avg=7.802447), loss=0.497100 (avg=0.415424), pairs_step=6848, pairs_total=547840
[2026-03-03 10:17:47,470] INFO:fitness.free_loss_fidelity: RL4CO free-loss step 100/200: score=7.763844 (avg=7.803097), loss=0.508903 (avg=0.433545), pairs_step=6848, pairs_total=684800
[2026-03-03 10:17:53,909] INFO:fitness.free_loss_fidelity: RL4CO free-loss step 120/200: score=7.777534 (avg=7.804864), loss=0.523027 (avg=0.447074), pairs_step=6848, pairs_total=821760
[2026-03-03 10:18:00,360] INFO:fitness.free_loss_fidelity: RL4CO free-loss step 140/200: score=7.830656 (avg=7.805627), loss=0.535781 (avg=0.459516), pairs_step=6848, pairs_total=958720
[2026-03-03 10:18:06,796] INFO:fitness.free_loss_fidelity: RL4CO free-loss step 160/200: score=7.800398 (avg=7.804931), loss=0.542555 (avg=0.470426), pairs_step=6848, pairs_total=1095680
[2026-03-03 10:18:13,267] INFO:fitness.free_loss_fidelity: RL4CO free-loss step 180/200: score=7.785673 (avg=7.803694), loss=0.545816 (avg=0.479879), pairs_step=6848, pairs_total=1232640
[2026-03-03 10:18:19,711] INFO:fitness.free_loss_fidelity: RL4CO free-loss step 200/200: score=7.817772 (avg=7.802531), loss=0.558671 (avg=0.487499), pairs_step=6848, pairs_total=1369600
