[2026-03-02 14:17:42,093] INFO:fitness.free_loss_fidelity: Stage3 offline mini-train start gen=1 pair_index=11 K=200 seed=12345 valid_sizes=[100] baseline_json=baseline/mini_eval/baseline_minitrain_tsp100_K200.json
[2026-03-02 14:17:42,113] INFO:fitness.free_loss_fidelity: RL4CO free-loss (step-mode): f1_steps=200, f2_steps=0, total_steps=200, train_problem_size=100, rollouts=100, batch_size=64, device=cuda:1, env=tsp
[2026-03-02 14:17:42,438] INFO:fitness.free_loss_fidelity: RL4CO free-loss step 1/200: score=36.122910 (avg=36.122910), loss=0.427697 (avg=0.427697), pairs_step=316800, pairs_total=316800
[2026-03-02 14:17:48,477] INFO:fitness.free_loss_fidelity: RL4CO free-loss step 20/200: score=9.951745 (avg=12.436270), loss=0.575889 (avg=0.550240), pairs_step=316800, pairs_total=6335999
[2026-03-02 14:17:54,850] INFO:fitness.free_loss_fidelity: RL4CO free-loss step 40/200: score=9.405741 (avg=10.979046), loss=0.582076 (avg=0.564717), pairs_step=316800, pairs_total=12671995
[2026-03-02 14:18:01,217] INFO:fitness.free_loss_fidelity: RL4CO free-loss step 60/200: score=9.210371 (avg=10.406491), loss=0.582017 (avg=0.570392), pairs_step=316800, pairs_total=19007989
[2026-03-02 14:18:07,580] INFO:fitness.free_loss_fidelity: RL4CO free-loss step 80/200: score=8.983339 (avg=10.075101), loss=0.578451 (avg=0.572835), pairs_step=316800, pairs_total=25343984
[2026-03-02 14:18:14,173] INFO:fitness.free_loss_fidelity: RL4CO free-loss step 100/200: score=8.730917 (avg=9.839039), loss=0.575021 (avg=0.574177), pairs_step=316800, pairs_total=31679980
[2026-03-02 14:18:20,545] INFO:fitness.free_loss_fidelity: RL4CO free-loss step 120/200: score=8.650221 (avg=9.662680), loss=0.580476 (avg=0.575233), pairs_step=316800, pairs_total=38015974
[2026-03-02 14:18:26,907] INFO:fitness.free_loss_fidelity: RL4CO free-loss step 140/200: score=8.628139 (avg=9.520082), loss=0.581818 (avg=0.576391), pairs_step=316799, pairs_total=44351961
[2026-03-02 14:18:33,289] INFO:fitness.free_loss_fidelity: RL4CO free-loss step 160/200: score=8.529631 (avg=9.402078), loss=0.588329 (avg=0.577570), pairs_step=316800, pairs_total=50687955
[2026-03-02 14:18:39,659] INFO:fitness.free_loss_fidelity: RL4CO free-loss step 180/200: score=8.471954 (avg=9.302875), loss=0.590238 (avg=0.578877), pairs_step=316800, pairs_total=57023948
[2026-03-02 14:18:46,031] INFO:fitness.free_loss_fidelity: RL4CO free-loss step 200/200: score=8.445341 (avg=9.219100), loss=0.599240 (avg=0.580216), pairs_step=316800, pairs_total=63359945
[2026-03-02 14:18:47,144] WARNING:fitness.free_loss_fidelity: weights_only checkpoint load failed (UnpicklingError); retrying weights_only=False for /data1/gushengda/eam-rl4co/baseline/epoch_135.ckpt
[2026-03-02 14:18:47,183] INFO:fitness.free_loss_fidelity: Loaded init checkpoint into policy: path=/data1/gushengda/eam-rl4co/baseline/epoch_135.ckpt prefix=policy. matched=97 missing=0 unexpected=0
[2026-03-02 14:18:47,188] INFO:fitness.free_loss_fidelity: RL4CO free-loss (step-mode): f1_steps=200, f2_steps=0, total_steps=200, train_problem_size=100, rollouts=100, batch_size=64, device=cuda:1, env=tsp
[2026-03-02 14:18:47,521] INFO:fitness.free_loss_fidelity: RL4CO free-loss step 1/200: score=7.803347 (avg=7.803347), loss=0.668298 (avg=0.668298), pairs_step=315697, pairs_total=315697
[2026-03-02 14:18:53,574] INFO:fitness.free_loss_fidelity: RL4CO free-loss step 20/200: score=7.781994 (avg=7.809820), loss=0.666553 (avg=0.667542), pairs_step=315703, pairs_total=6316320
[2026-03-02 14:18:59,942] INFO:fitness.free_loss_fidelity: RL4CO free-loss step 40/200: score=7.817122 (avg=7.803699), loss=0.668546 (avg=0.667499), pairs_step=315611, pairs_total=12630580
[2026-03-02 14:19:06,311] INFO:fitness.free_loss_fidelity: RL4CO free-loss step 60/200: score=7.815988 (avg=7.799815), loss=0.671982 (avg=0.668000), pairs_step=315480, pairs_total=18942299
[2026-03-02 14:19:12,683] INFO:fitness.free_loss_fidelity: RL4CO free-loss step 80/200: score=7.801244 (avg=7.798441), loss=0.667327 (avg=0.668063), pairs_step=315580, pairs_total=25255626
[2026-03-02 14:19:19,054] INFO:fitness.free_loss_fidelity: RL4CO free-loss step 100/200: score=7.757497 (avg=7.799267), loss=0.665202 (avg=0.668154), pairs_step=315980, pairs_total=31569095
[2026-03-02 14:19:25,432] INFO:fitness.free_loss_fidelity: RL4CO free-loss step 120/200: score=7.774198 (avg=7.800622), loss=0.668210 (avg=0.668267), pairs_step=315493, pairs_total=37880319
[2026-03-02 14:19:31,801] INFO:fitness.free_loss_fidelity: RL4CO free-loss step 140/200: score=7.826303 (avg=7.801471), loss=0.670799 (avg=0.668436), pairs_step=315542, pairs_total=44192049
[2026-03-02 14:19:38,174] INFO:fitness.free_loss_fidelity: RL4CO free-loss step 160/200: score=7.796670 (avg=7.800965), loss=0.669031 (avg=0.668550), pairs_step=315026, pairs_total=50502006
[2026-03-02 14:19:44,548] INFO:fitness.free_loss_fidelity: RL4CO free-loss step 180/200: score=7.790046 (avg=7.799795), loss=0.669994 (avg=0.668615), pairs_step=314621, pairs_total=56811037
[2026-03-02 14:19:50,915] INFO:fitness.free_loss_fidelity: RL4CO free-loss step 200/200: score=7.814054 (avg=7.798597), loss=0.667912 (avg=0.668698), pairs_step=315675, pairs_total=63121889
[2026-03-02 14:19:52,031] WARNING:fitness.free_loss_fidelity: weights_only checkpoint load failed (UnpicklingError); retrying weights_only=False for /data1/gushengda/eam-rl4co/baseline/epoch_409.ckpt
[2026-03-02 14:19:52,068] INFO:fitness.free_loss_fidelity: Loaded init checkpoint into policy: path=/data1/gushengda/eam-rl4co/baseline/epoch_409.ckpt prefix=policy. matched=97 missing=0 unexpected=0
[2026-03-02 14:19:52,074] INFO:fitness.free_loss_fidelity: RL4CO free-loss (step-mode): f1_steps=200, f2_steps=0, total_steps=200, train_problem_size=100, rollouts=100, batch_size=64, device=cuda:1, env=tsp
[2026-03-02 14:19:52,399] INFO:fitness.free_loss_fidelity: RL4CO free-loss step 1/200: score=7.807477 (avg=7.807477), loss=0.369924 (avg=0.369924), pairs_step=315750, pairs_total=315750
[2026-03-02 14:19:58,451] INFO:fitness.free_loss_fidelity: RL4CO free-loss step 20/200: score=7.780929 (avg=7.809931), loss=0.289588 (avg=0.343659), pairs_step=315991, pairs_total=6316837
[2026-03-02 14:20:04,813] INFO:fitness.free_loss_fidelity: RL4CO free-loss step 40/200: score=7.812274 (avg=7.803861), loss=0.511059 (avg=0.351002), pairs_step=316320, pairs_total=12637468
[2026-03-02 14:20:11,179] INFO:fitness.free_loss_fidelity: RL4CO free-loss step 60/200: score=7.816582 (avg=7.800775), loss=0.619289 (avg=0.427734), pairs_step=315528, pairs_total=18956752
[2026-03-02 14:20:17,555] INFO:fitness.free_loss_fidelity: RL4CO free-loss step 80/200: score=7.797181 (avg=7.799689), loss=0.642014 (avg=0.478967), pairs_step=315565, pairs_total=25275470
[2026-03-02 14:20:23,919] INFO:fitness.free_loss_fidelity: RL4CO free-loss step 100/200: score=7.757091 (avg=7.800186), loss=0.649822 (avg=0.512377), pairs_step=315503, pairs_total=31591642
[2026-03-02 14:20:30,281] INFO:fitness.free_loss_fidelity: RL4CO free-loss step 120/200: score=7.773581 (avg=7.801589), loss=0.652777 (avg=0.535527), pairs_step=315468, pairs_total=37905509
[2026-03-02 14:20:36,661] INFO:fitness.free_loss_fidelity: RL4CO free-loss step 140/200: score=7.825243 (avg=7.802544), loss=0.655552 (avg=0.552666), pairs_step=315039, pairs_total=44214677
[2026-03-02 14:20:43,026] INFO:fitness.free_loss_fidelity: RL4CO free-loss step 160/200: score=7.798321 (avg=7.801843), loss=0.658093 (avg=0.565586), pairs_step=315456, pairs_total=50523407
[2026-03-02 14:20:49,400] INFO:fitness.free_loss_fidelity: RL4CO free-loss step 180/200: score=7.778545 (avg=7.800535), loss=0.659357 (avg=0.576060), pairs_step=315173, pairs_total=56829169
[2026-03-02 14:20:55,780] INFO:fitness.free_loss_fidelity: RL4CO free-loss step 200/200: score=7.813881 (avg=7.799169), loss=0.659236 (avg=0.584467), pairs_step=315346, pairs_total=63131904
