[2026-03-03 07:47:08,762] INFO:fitness.free_loss_fidelity: Stage3 offline mini-train start gen=17 pair_index=19 K=200 seed=12345 valid_sizes=[100] baseline_json=baseline/mini_eval/baseline_minitrain_tsp100_K200.json
[2026-03-03 07:47:08,783] INFO:fitness.free_loss_fidelity: RL4CO free-loss (step-mode): f1_steps=200, f2_steps=0, total_steps=200, train_problem_size=100, rollouts=100, batch_size=64, device=cuda:1, env=tsp
[2026-03-03 07:47:09,128] INFO:fitness.free_loss_fidelity: RL4CO free-loss step 1/200: score=36.122910 (avg=36.122910), loss=0.726094 (avg=0.726094), pairs_step=18229, pairs_total=18229
[2026-03-03 07:47:15,514] INFO:fitness.free_loss_fidelity: RL4CO free-loss step 20/200: score=11.152090 (avg=14.702347), loss=0.689369 (avg=0.693386), pairs_step=18142, pairs_total=363781
[2026-03-03 07:47:22,227] INFO:fitness.free_loss_fidelity: RL4CO free-loss step 40/200: score=10.316439 (avg=12.525041), loss=0.682061 (avg=0.690035), pairs_step=18095, pairs_total=725887
[2026-03-03 07:47:28,950] INFO:fitness.free_loss_fidelity: RL4CO free-loss step 60/200: score=9.885203 (avg=11.648500), loss=0.681971 (avg=0.687647), pairs_step=18088, pairs_total=1087476
[2026-03-03 07:47:35,674] INFO:fitness.free_loss_fidelity: RL4CO free-loss step 80/200: score=9.967008 (avg=11.195658), loss=0.680761 (avg=0.685755), pairs_step=18099, pairs_total=1449027
[2026-03-03 07:47:42,373] INFO:fitness.free_loss_fidelity: RL4CO free-loss step 100/200: score=9.834949 (avg=10.937995), loss=0.677612 (avg=0.684284), pairs_step=18105, pairs_total=1810826
[2026-03-03 07:47:49,102] INFO:fitness.free_loss_fidelity: RL4CO free-loss step 120/200: score=9.945629 (avg=10.771463), loss=0.675961 (avg=0.683070), pairs_step=18094, pairs_total=2172548
[2026-03-03 07:47:55,824] INFO:fitness.free_loss_fidelity: RL4CO free-loss step 140/200: score=9.843239 (avg=10.641342), loss=0.675228 (avg=0.682102), pairs_step=18055, pairs_total=2534064
[2026-03-03 07:48:02,540] INFO:fitness.free_loss_fidelity: RL4CO free-loss step 160/200: score=9.785241 (avg=10.538916), loss=0.673972 (avg=0.681246), pairs_step=18080, pairs_total=2895583
[2026-03-03 07:48:09,307] INFO:fitness.free_loss_fidelity: RL4CO free-loss step 180/200: score=9.758656 (avg=10.455052), loss=0.675385 (avg=0.680602), pairs_step=18083, pairs_total=3257122
[2026-03-03 07:48:16,005] INFO:fitness.free_loss_fidelity: RL4CO free-loss step 200/200: score=9.781571 (avg=10.386486), loss=0.675043 (avg=0.680065), pairs_step=18086, pairs_total=3618434
[2026-03-03 07:48:17,128] WARNING:fitness.free_loss_fidelity: weights_only checkpoint load failed (UnpicklingError); retrying weights_only=False for /data1/gushengda/eam-rl4co/baseline/epoch_135.ckpt
[2026-03-03 07:48:17,165] INFO:fitness.free_loss_fidelity: Loaded init checkpoint into policy: path=/data1/gushengda/eam-rl4co/baseline/epoch_135.ckpt prefix=policy. matched=97 missing=0 unexpected=0
[2026-03-03 07:48:17,171] INFO:fitness.free_loss_fidelity: RL4CO free-loss (step-mode): f1_steps=200, f2_steps=0, total_steps=200, train_problem_size=100, rollouts=100, batch_size=64, device=cuda:1, env=tsp
[2026-03-03 07:48:17,516] INFO:fitness.free_loss_fidelity: RL4CO free-loss step 1/200: score=7.803347 (avg=7.803347), loss=0.689462 (avg=0.689462), pairs_step=8722, pairs_total=8722
[2026-03-03 07:48:23,880] INFO:fitness.free_loss_fidelity: RL4CO free-loss step 20/200: score=7.794124 (avg=7.826206), loss=0.690063 (avg=0.689649), pairs_step=11090, pairs_total=206261
[2026-03-03 07:48:30,577] INFO:fitness.free_loss_fidelity: RL4CO free-loss step 40/200: score=7.840768 (avg=7.821328), loss=0.690714 (avg=0.689732), pairs_step=11227, pairs_total=435016
[2026-03-03 07:48:37,281] INFO:fitness.free_loss_fidelity: RL4CO free-loss step 60/200: score=7.832081 (avg=7.819343), loss=0.689033 (avg=0.689877), pairs_step=11285, pairs_total=659174
[2026-03-03 07:48:43,997] INFO:fitness.free_loss_fidelity: RL4CO free-loss step 80/200: score=7.820173 (avg=7.818817), loss=0.689382 (avg=0.689850), pairs_step=12522, pairs_total=896467
[2026-03-03 07:48:50,700] INFO:fitness.free_loss_fidelity: RL4CO free-loss step 100/200: score=7.785897 (avg=7.820773), loss=0.686844 (avg=0.689624), pairs_step=12943, pairs_total=1150538
[2026-03-03 07:48:57,424] INFO:fitness.free_loss_fidelity: RL4CO free-loss step 120/200: score=7.798502 (avg=7.823556), loss=0.688993 (avg=0.689274), pairs_step=12359, pairs_total=1406737
[2026-03-03 07:49:04,145] INFO:fitness.free_loss_fidelity: RL4CO free-loss step 140/200: score=7.851954 (avg=7.825009), loss=0.685569 (avg=0.688993), pairs_step=12872, pairs_total=1662189
[2026-03-03 07:49:10,886] INFO:fitness.free_loss_fidelity: RL4CO free-loss step 160/200: score=7.826477 (avg=7.825168), loss=0.685404 (avg=0.688630), pairs_step=12835, pairs_total=1923508
[2026-03-03 07:49:17,602] INFO:fitness.free_loss_fidelity: RL4CO free-loss step 180/200: score=7.806024 (avg=7.824022), loss=0.687311 (avg=0.688379), pairs_step=11977, pairs_total=2170761
[2026-03-03 07:49:24,302] INFO:fitness.free_loss_fidelity: RL4CO free-loss step 200/200: score=7.843219 (avg=7.822778), loss=0.687421 (avg=0.688235), pairs_step=13215, pairs_total=2419392
[2026-03-03 07:49:25,428] WARNING:fitness.free_loss_fidelity: weights_only checkpoint load failed (UnpicklingError); retrying weights_only=False for /data1/gushengda/eam-rl4co/baseline/epoch_409.ckpt
[2026-03-03 07:49:25,467] INFO:fitness.free_loss_fidelity: Loaded init checkpoint into policy: path=/data1/gushengda/eam-rl4co/baseline/epoch_409.ckpt prefix=policy. matched=97 missing=0 unexpected=0
[2026-03-03 07:49:25,473] INFO:fitness.free_loss_fidelity: RL4CO free-loss (step-mode): f1_steps=200, f2_steps=0, total_steps=200, train_problem_size=100, rollouts=100, batch_size=64, device=cuda:1, env=tsp
[2026-03-03 07:49:26,000] INFO:fitness.free_loss_fidelity: RL4CO free-loss step 1/200: score=7.807477 (avg=7.807477), loss=0.517574 (avg=0.517574), pairs_step=14460, pairs_total=14460
[2026-03-03 07:49:32,383] INFO:fitness.free_loss_fidelity: RL4CO free-loss step 20/200: score=7.789774 (avg=7.811321), loss=0.610842 (avg=0.587883), pairs_step=15060, pairs_total=298628
[2026-03-03 07:49:39,087] INFO:fitness.free_loss_fidelity: RL4CO free-loss step 40/200: score=7.822369 (avg=7.807128), loss=0.627636 (avg=0.603912), pairs_step=15405, pairs_total=607312
[2026-03-03 07:49:45,830] INFO:fitness.free_loss_fidelity: RL4CO free-loss step 60/200: score=7.814304 (avg=7.802998), loss=0.632273 (avg=0.612707), pairs_step=14865, pairs_total=913272
[2026-03-03 07:49:52,536] INFO:fitness.free_loss_fidelity: RL4CO free-loss step 80/200: score=7.793961 (avg=7.800728), loss=0.642844 (avg=0.618902), pairs_step=15191, pairs_total=1216187
[2026-03-03 07:49:59,240] INFO:fitness.free_loss_fidelity: RL4CO free-loss step 100/200: score=7.759361 (avg=7.800951), loss=0.644442 (avg=0.624268), pairs_step=14911, pairs_total=1518519
[2026-03-03 07:50:05,954] INFO:fitness.free_loss_fidelity: RL4CO free-loss step 120/200: score=7.776234 (avg=7.802348), loss=0.654698 (avg=0.628709), pairs_step=15399, pairs_total=1822086
[2026-03-03 07:50:12,719] INFO:fitness.free_loss_fidelity: RL4CO free-loss step 140/200: score=7.827422 (avg=7.803192), loss=0.654622 (avg=0.632404), pairs_step=15264, pairs_total=2124490
[2026-03-03 07:50:19,424] INFO:fitness.free_loss_fidelity: RL4CO free-loss step 160/200: score=7.797103 (avg=7.802476), loss=0.660786 (avg=0.635679), pairs_step=15330, pairs_total=2430633
[2026-03-03 07:50:26,136] INFO:fitness.free_loss_fidelity: RL4CO free-loss step 180/200: score=7.782763 (avg=7.801337), loss=0.659782 (avg=0.638240), pairs_step=15239, pairs_total=2734471
[2026-03-03 07:50:32,851] INFO:fitness.free_loss_fidelity: RL4CO free-loss step 200/200: score=7.817547 (avg=7.800059), loss=0.660349 (avg=0.640537), pairs_step=15327, pairs_total=3039907
