[2026-03-02 14:22:10,484] INFO:fitness.free_loss_fidelity: Stage3 offline mini-train start gen=1 pair_index=4 K=1000 seed=12345 valid_sizes=[100] baseline_json=baseline/mini_eval/baseline_minitrain_tsp100_K1000.json
[2026-03-02 14:22:16,327] INFO:fitness.free_loss_fidelity: RL4CO free-loss (step-mode): f1_steps=1000, f2_steps=0, total_steps=1000, train_problem_size=100, rollouts=100, batch_size=64, device=cuda:2, env=tsp
[2026-03-02 14:22:17,215] INFO:fitness.free_loss_fidelity: RL4CO free-loss step 1/1000: score=36.122910 (avg=36.122910), loss=0.820333 (avg=0.820333), pairs_step=316800, pairs_total=316800
[2026-03-02 14:22:50,900] INFO:fitness.free_loss_fidelity: RL4CO free-loss step 100/1000: score=8.973244 (avg=10.014866), loss=0.532273 (avg=0.559657), pairs_step=316800, pairs_total=31679978
[2026-03-02 14:23:23,735] INFO:fitness.free_loss_fidelity: RL4CO free-loss step 200/1000: score=8.720707 (avg=9.430926), loss=0.560695 (avg=0.555295), pairs_step=316800, pairs_total=63359944
[2026-03-02 14:23:56,439] INFO:fitness.free_loss_fidelity: RL4CO free-loss step 300/1000: score=8.485038 (avg=9.153907), loss=0.577867 (avg=0.559440), pairs_step=316799, pairs_total=95039923
[2026-03-02 14:24:29,133] INFO:fitness.free_loss_fidelity: RL4CO free-loss step 400/1000: score=8.440678 (avg=8.979353), loss=0.571599 (avg=0.562452), pairs_step=316800, pairs_total=126719892
[2026-03-02 14:25:02,182] INFO:fitness.free_loss_fidelity: RL4CO free-loss step 500/1000: score=8.321455 (avg=8.857086), loss=0.579419 (avg=0.565538), pairs_step=316800, pairs_total=158399867
[2026-03-02 14:25:34,945] INFO:fitness.free_loss_fidelity: RL4CO free-loss step 600/1000: score=8.241215 (avg=8.766823), loss=0.589900 (avg=0.568223), pairs_step=316800, pairs_total=190079828
[2026-03-02 14:26:07,697] INFO:fitness.free_loss_fidelity: RL4CO free-loss step 700/1000: score=8.266537 (avg=8.697378), loss=0.580626 (avg=0.570507), pairs_step=316799, pairs_total=221759784
[2026-03-02 14:26:40,395] INFO:fitness.free_loss_fidelity: RL4CO free-loss step 800/1000: score=8.257689 (avg=8.641863), loss=0.590059 (avg=0.572368), pairs_step=316800, pairs_total=253439748
[2026-03-02 14:27:13,078] INFO:fitness.free_loss_fidelity: RL4CO free-loss step 900/1000: score=8.235794 (avg=8.596215), loss=0.590578 (avg=0.573983), pairs_step=316800, pairs_total=285119703
[2026-03-02 14:27:45,778] INFO:fitness.free_loss_fidelity: RL4CO free-loss step 1000/1000: score=8.253637 (avg=8.558122), loss=0.586822 (avg=0.575301), pairs_step=316800, pairs_total=316799664
[2026-03-02 14:27:46,884] WARNING:fitness.free_loss_fidelity: weights_only checkpoint load failed (UnpicklingError); retrying weights_only=False for /data1/gushengda/eam-rl4co/baseline/epoch_135.ckpt
[2026-03-02 14:27:46,926] INFO:fitness.free_loss_fidelity: Loaded init checkpoint into policy: path=/data1/gushengda/eam-rl4co/baseline/epoch_135.ckpt prefix=policy. matched=97 missing=0 unexpected=0
[2026-03-02 14:27:46,932] INFO:fitness.free_loss_fidelity: RL4CO free-loss (step-mode): f1_steps=1000, f2_steps=0, total_steps=1000, train_problem_size=100, rollouts=100, batch_size=64, device=cuda:2, env=tsp
[2026-03-02 14:27:47,279] INFO:fitness.free_loss_fidelity: RL4CO free-loss step 1/1000: score=7.803347 (avg=7.803347), loss=0.670271 (avg=0.670271), pairs_step=315697, pairs_total=315697
[2026-03-02 14:28:19,763] INFO:fitness.free_loss_fidelity: RL4CO free-loss step 100/1000: score=7.755719 (avg=7.797913), loss=0.667213 (avg=0.667865), pairs_step=315547, pairs_total=31580929
[2026-03-02 14:28:52,485] INFO:fitness.free_loss_fidelity: RL4CO free-loss step 200/1000: score=7.809714 (avg=7.797640), loss=0.662666 (avg=0.667843), pairs_step=315643, pairs_total=63149885
[2026-03-02 14:29:25,421] INFO:fitness.free_loss_fidelity: RL4CO free-loss step 300/1000: score=7.810333 (avg=7.798286), loss=0.667065 (avg=0.667149), pairs_step=315906, pairs_total=94717596
[2026-03-02 14:29:58,163] INFO:fitness.free_loss_fidelity: RL4CO free-loss step 400/1000: score=7.824656 (avg=7.798236), loss=0.661099 (avg=0.666363), pairs_step=315187, pairs_total=126272728
[2026-03-02 14:30:30,878] INFO:fitness.free_loss_fidelity: RL4CO free-loss step 500/1000: score=7.778491 (avg=7.797407), loss=0.663057 (avg=0.665660), pairs_step=315836, pairs_total=157827165
[2026-03-02 14:31:03,637] INFO:fitness.free_loss_fidelity: RL4CO free-loss step 600/1000: score=7.759391 (avg=7.796777), loss=0.657731 (avg=0.664781), pairs_step=315525, pairs_total=189376035
[2026-03-02 14:31:36,379] INFO:fitness.free_loss_fidelity: RL4CO free-loss step 700/1000: score=7.805418 (avg=7.796678), loss=0.645845 (avg=0.662888), pairs_step=315198, pairs_total=220921604
[2026-03-02 14:32:09,322] INFO:fitness.free_loss_fidelity: RL4CO free-loss step 800/1000: score=7.792975 (avg=7.796638), loss=0.524307 (avg=0.654401), pairs_step=315319, pairs_total=252469524
[2026-03-02 14:32:42,033] INFO:fitness.free_loss_fidelity: RL4CO free-loss step 900/1000: score=7.827010 (avg=7.796312), loss=0.435240 (avg=0.634351), pairs_step=315870, pairs_total=284026279
[2026-03-02 14:33:14,756] INFO:fitness.free_loss_fidelity: RL4CO free-loss step 1000/1000: score=7.825064 (avg=7.795861), loss=0.424648 (avg=0.612856), pairs_step=315723, pairs_total=315581940
[2026-03-02 14:33:15,859] WARNING:fitness.free_loss_fidelity: weights_only checkpoint load failed (UnpicklingError); retrying weights_only=False for /data1/gushengda/eam-rl4co/baseline/epoch_409.ckpt
[2026-03-02 14:33:15,897] INFO:fitness.free_loss_fidelity: Loaded init checkpoint into policy: path=/data1/gushengda/eam-rl4co/baseline/epoch_409.ckpt prefix=policy. matched=97 missing=0 unexpected=0
[2026-03-02 14:33:15,902] INFO:fitness.free_loss_fidelity: RL4CO free-loss (step-mode): f1_steps=1000, f2_steps=0, total_steps=1000, train_problem_size=100, rollouts=100, batch_size=64, device=cuda:2, env=tsp
[2026-03-02 14:33:16,248] INFO:fitness.free_loss_fidelity: RL4CO free-loss step 1/1000: score=7.807477 (avg=7.807477), loss=0.193570 (avg=0.193570), pairs_step=315750, pairs_total=315750
[2026-03-02 14:33:48,639] INFO:fitness.free_loss_fidelity: RL4CO free-loss step 100/1000: score=7.753736 (avg=7.797812), loss=0.191163 (avg=0.182623), pairs_step=316022, pairs_total=31592748
[2026-03-02 14:34:21,397] INFO:fitness.free_loss_fidelity: RL4CO free-loss step 200/1000: score=7.811083 (avg=7.796750), loss=0.171503 (avg=0.179651), pairs_step=315202, pairs_total=63179074
[2026-03-02 14:34:54,131] INFO:fitness.free_loss_fidelity: RL4CO free-loss step 300/1000: score=7.805986 (avg=7.797152), loss=0.170825 (avg=0.179390), pairs_step=315938, pairs_total=94758827
[2026-03-02 14:35:26,905] INFO:fitness.free_loss_fidelity: RL4CO free-loss step 400/1000: score=7.817639 (avg=7.796791), loss=0.178405 (avg=0.177893), pairs_step=315589, pairs_total=126331430
[2026-03-02 14:35:59,656] INFO:fitness.free_loss_fidelity: RL4CO free-loss step 500/1000: score=7.769178 (avg=7.795655), loss=0.172182 (avg=0.177820), pairs_step=315585, pairs_total=157901788
[2026-03-02 14:36:32,371] INFO:fitness.free_loss_fidelity: RL4CO free-loss step 600/1000: score=7.751625 (avg=7.794804), loss=0.171198 (avg=0.176854), pairs_step=315404, pairs_total=189463312
[2026-03-02 14:37:05,287] INFO:fitness.free_loss_fidelity: RL4CO free-loss step 700/1000: score=7.809714 (avg=7.794368), loss=0.171600 (avg=0.176047), pairs_step=315451, pairs_total=221021128
[2026-03-02 14:37:37,994] INFO:fitness.free_loss_fidelity: RL4CO free-loss step 800/1000: score=7.786717 (avg=7.794097), loss=0.176494 (avg=0.175481), pairs_step=315601, pairs_total=252570984
[2026-03-02 14:38:10,704] INFO:fitness.free_loss_fidelity: RL4CO free-loss step 900/1000: score=7.824329 (avg=7.793579), loss=0.169474 (avg=0.175368), pairs_step=315270, pairs_total=284103359
[2026-03-02 14:38:43,471] INFO:fitness.free_loss_fidelity: RL4CO free-loss step 1000/1000: score=7.819328 (avg=7.793007), loss=0.169737 (avg=0.174730), pairs_step=315057, pairs_total=315632809
