[2026-03-03 05:34:56,159] INFO:fitness.free_loss_fidelity: Stage3 offline mini-train start gen=16 pair_index=13 K=200 seed=12345 valid_sizes=[100] baseline_json=baseline/mini_eval/baseline_minitrain_tsp100_K200.json
[2026-03-03 05:34:56,178] INFO:fitness.free_loss_fidelity: RL4CO free-loss (step-mode): f1_steps=200, f2_steps=0, total_steps=200, train_problem_size=100, rollouts=100, batch_size=64, device=cuda:3, env=tsp
[2026-03-03 05:34:56,570] INFO:fitness.free_loss_fidelity: RL4CO free-loss step 1/200: score=36.122910 (avg=36.122910), loss=0.737162 (avg=0.737162), pairs_step=15616, pairs_total=15616
[2026-03-03 05:35:03,410] INFO:fitness.free_loss_fidelity: RL4CO free-loss step 20/200: score=10.028894 (avg=12.892287), loss=0.573929 (avg=0.566818), pairs_step=15616, pairs_total=312320
[2026-03-03 05:35:10,612] INFO:fitness.free_loss_fidelity: RL4CO free-loss step 40/200: score=9.453216 (avg=11.284119), loss=0.572564 (avg=0.572481), pairs_step=15616, pairs_total=624640
[2026-03-03 05:35:17,831] INFO:fitness.free_loss_fidelity: RL4CO free-loss step 60/200: score=9.361240 (avg=10.659141), loss=0.554839 (avg=0.573481), pairs_step=15616, pairs_total=936960
[2026-03-03 05:35:25,047] INFO:fitness.free_loss_fidelity: RL4CO free-loss step 80/200: score=9.155451 (avg=10.307696), loss=0.542112 (avg=0.570540), pairs_step=15616, pairs_total=1249280
[2026-03-03 05:35:32,447] INFO:fitness.free_loss_fidelity: RL4CO free-loss step 100/200: score=9.018562 (avg=10.072942), loss=0.563840 (avg=0.567148), pairs_step=15616, pairs_total=1561600
[2026-03-03 05:35:39,661] INFO:fitness.free_loss_fidelity: RL4CO free-loss step 120/200: score=8.937510 (avg=9.900248), loss=0.549409 (avg=0.564679), pairs_step=15616, pairs_total=1873920
[2026-03-03 05:35:46,868] INFO:fitness.free_loss_fidelity: RL4CO free-loss step 140/200: score=9.045464 (avg=9.772656), loss=0.543829 (avg=0.562602), pairs_step=15616, pairs_total=2186240
[2026-03-03 05:35:54,079] INFO:fitness.free_loss_fidelity: RL4CO free-loss step 160/200: score=8.892547 (avg=9.666788), loss=0.540245 (avg=0.560991), pairs_step=15616, pairs_total=2498560
[2026-03-03 05:36:01,278] INFO:fitness.free_loss_fidelity: RL4CO free-loss step 180/200: score=8.797705 (avg=9.573695), loss=0.547315 (avg=0.559765), pairs_step=15616, pairs_total=2810880
[2026-03-03 05:36:08,486] INFO:fitness.free_loss_fidelity: RL4CO free-loss step 200/200: score=8.833426 (avg=9.492435), loss=0.544572 (avg=0.559139), pairs_step=15616, pairs_total=3123200
[2026-03-03 05:36:09,769] WARNING:fitness.free_loss_fidelity: weights_only checkpoint load failed (UnpicklingError); retrying weights_only=False for /data1/gushengda/eam-rl4co/baseline/epoch_135.ckpt
[2026-03-03 05:36:09,812] INFO:fitness.free_loss_fidelity: Loaded init checkpoint into policy: path=/data1/gushengda/eam-rl4co/baseline/epoch_135.ckpt prefix=policy. matched=97 missing=0 unexpected=0
[2026-03-03 05:36:09,819] INFO:fitness.free_loss_fidelity: RL4CO free-loss (step-mode): f1_steps=200, f2_steps=0, total_steps=200, train_problem_size=100, rollouts=100, batch_size=64, device=cuda:3, env=tsp
[2026-03-03 05:36:10,203] INFO:fitness.free_loss_fidelity: RL4CO free-loss step 1/200: score=7.803347 (avg=7.803347), loss=0.656811 (avg=0.656811), pairs_step=15560, pairs_total=15560
[2026-03-03 05:36:17,045] INFO:fitness.free_loss_fidelity: RL4CO free-loss step 20/200: score=7.787221 (avg=7.816408), loss=0.660029 (avg=0.663308), pairs_step=15585, pairs_total=312039
[2026-03-03 05:36:24,241] INFO:fitness.free_loss_fidelity: RL4CO free-loss step 40/200: score=7.823833 (avg=7.810152), loss=0.668425 (avg=0.662468), pairs_step=15616, pairs_total=624192
[2026-03-03 05:36:31,438] INFO:fitness.free_loss_fidelity: RL4CO free-loss step 60/200: score=7.818007 (avg=7.806865), loss=0.656055 (avg=0.662269), pairs_step=15572, pairs_total=936317
[2026-03-03 05:36:38,638] INFO:fitness.free_loss_fidelity: RL4CO free-loss step 80/200: score=7.802137 (avg=7.804642), loss=0.663839 (avg=0.662517), pairs_step=15604, pairs_total=1248424
[2026-03-03 05:36:45,854] INFO:fitness.free_loss_fidelity: RL4CO free-loss step 100/200: score=7.763272 (avg=7.805519), loss=0.660838 (avg=0.662800), pairs_step=15616, pairs_total=1560521
[2026-03-03 05:36:53,071] INFO:fitness.free_loss_fidelity: RL4CO free-loss step 120/200: score=7.787707 (avg=7.807236), loss=0.656693 (avg=0.662909), pairs_step=15616, pairs_total=1872646
[2026-03-03 05:37:00,290] INFO:fitness.free_loss_fidelity: RL4CO free-loss step 140/200: score=7.832082 (avg=7.808034), loss=0.666595 (avg=0.663275), pairs_step=15540, pairs_total=2184634
[2026-03-03 05:37:07,489] INFO:fitness.free_loss_fidelity: RL4CO free-loss step 160/200: score=7.804454 (avg=7.807496), loss=0.660802 (avg=0.663100), pairs_step=15616, pairs_total=2496758
[2026-03-03 05:37:14,683] INFO:fitness.free_loss_fidelity: RL4CO free-loss step 180/200: score=7.791184 (avg=7.806442), loss=0.664012 (avg=0.663053), pairs_step=15612, pairs_total=2808867
[2026-03-03 05:37:21,882] INFO:fitness.free_loss_fidelity: RL4CO free-loss step 200/200: score=7.819685 (avg=7.805303), loss=0.662312 (avg=0.663032), pairs_step=15568, pairs_total=3120973
[2026-03-03 05:37:23,160] WARNING:fitness.free_loss_fidelity: weights_only checkpoint load failed (UnpicklingError); retrying weights_only=False for /data1/gushengda/eam-rl4co/baseline/epoch_409.ckpt
[2026-03-03 05:37:23,206] INFO:fitness.free_loss_fidelity: Loaded init checkpoint into policy: path=/data1/gushengda/eam-rl4co/baseline/epoch_409.ckpt prefix=policy. matched=97 missing=0 unexpected=0
[2026-03-03 05:37:23,212] INFO:fitness.free_loss_fidelity: RL4CO free-loss (step-mode): f1_steps=200, f2_steps=0, total_steps=200, train_problem_size=100, rollouts=100, batch_size=64, device=cuda:3, env=tsp
[2026-03-03 05:37:23,579] INFO:fitness.free_loss_fidelity: RL4CO free-loss step 1/200: score=7.807477 (avg=7.807477), loss=0.495127 (avg=0.495127), pairs_step=15560, pairs_total=15560
[2026-03-03 05:37:30,415] INFO:fitness.free_loss_fidelity: RL4CO free-loss step 20/200: score=7.775936 (avg=7.810257), loss=0.471943 (avg=0.483270), pairs_step=15566, pairs_total=311778
[2026-03-03 05:37:37,610] INFO:fitness.free_loss_fidelity: RL4CO free-loss step 40/200: score=7.815845 (avg=7.803441), loss=0.487902 (avg=0.481820), pairs_step=15610, pairs_total=623692
[2026-03-03 05:37:44,812] INFO:fitness.free_loss_fidelity: RL4CO free-loss step 60/200: score=7.817430 (avg=7.799278), loss=0.506696 (avg=0.485426), pairs_step=15613, pairs_total=935495
[2026-03-03 05:37:52,019] INFO:fitness.free_loss_fidelity: RL4CO free-loss step 80/200: score=7.794489 (avg=7.797382), loss=0.512974 (avg=0.490882), pairs_step=15581, pairs_total=1247312
[2026-03-03 05:37:59,218] INFO:fitness.free_loss_fidelity: RL4CO free-loss step 100/200: score=7.752234 (avg=7.797747), loss=0.510781 (avg=0.494818), pairs_step=15540, pairs_total=1559234
[2026-03-03 05:38:06,407] INFO:fitness.free_loss_fidelity: RL4CO free-loss step 120/200: score=7.769890 (avg=7.798944), loss=0.512067 (avg=0.497297), pairs_step=15536, pairs_total=1870996
[2026-03-03 05:38:13,601] INFO:fitness.free_loss_fidelity: RL4CO free-loss step 140/200: score=7.820925 (avg=7.799496), loss=0.515413 (avg=0.499268), pairs_step=15588, pairs_total=2182562
[2026-03-03 05:38:20,803] INFO:fitness.free_loss_fidelity: RL4CO free-loss step 160/200: score=7.787465 (avg=7.798256), loss=0.511422 (avg=0.500955), pairs_step=15575, pairs_total=2494032
[2026-03-03 05:38:28,003] INFO:fitness.free_loss_fidelity: RL4CO free-loss step 180/200: score=7.777327 (avg=7.796518), loss=0.510947 (avg=0.502289), pairs_step=15555, pairs_total=2805587
[2026-03-03 05:38:35,384] INFO:fitness.free_loss_fidelity: RL4CO free-loss step 200/200: score=7.806545 (avg=7.794905), loss=0.513294 (avg=0.503814), pairs_step=15560, pairs_total=3116840
