[2026-03-02 22:02:04,947] INFO:fitness.free_loss_fidelity: Stage3 offline mini-train start gen=10 pair_index=8 K=200 seed=12345 valid_sizes=[100] baseline_json=baseline/mini_eval/baseline_minitrain_tsp100_K200.json
[2026-03-02 22:02:04,965] INFO:fitness.free_loss_fidelity: RL4CO free-loss (step-mode): f1_steps=200, f2_steps=0, total_steps=200, train_problem_size=100, rollouts=100, batch_size=64, device=cuda:1, env=tsp
[2026-03-02 22:02:05,296] INFO:fitness.free_loss_fidelity: RL4CO free-loss step 1/200: score=36.122910 (avg=36.122910), loss=0.680039 (avg=0.680039), pairs_step=128, pairs_total=128
[2026-03-02 22:02:11,405] INFO:fitness.free_loss_fidelity: RL4CO free-loss step 20/200: score=10.372930 (avg=13.112385), loss=0.384338 (avg=0.408903), pairs_step=128, pairs_total=2560
[2026-03-02 22:02:17,835] INFO:fitness.free_loss_fidelity: RL4CO free-loss step 40/200: score=9.612929 (avg=11.470764), loss=0.420738 (avg=0.405091), pairs_step=128, pairs_total=5120
[2026-03-02 22:02:24,263] INFO:fitness.free_loss_fidelity: RL4CO free-loss step 60/200: score=9.454247 (avg=10.802846), loss=0.361614 (avg=0.405049), pairs_step=128, pairs_total=7680
[2026-03-02 22:02:30,683] INFO:fitness.free_loss_fidelity: RL4CO free-loss step 80/200: score=9.288864 (avg=10.440350), loss=0.383140 (avg=0.403027), pairs_step=128, pairs_total=10240
[2026-03-02 22:02:37,126] INFO:fitness.free_loss_fidelity: RL4CO free-loss step 100/200: score=9.179848 (avg=10.203297), loss=0.389865 (avg=0.403556), pairs_step=128, pairs_total=12800
[2026-03-02 22:02:43,553] INFO:fitness.free_loss_fidelity: RL4CO free-loss step 120/200: score=9.016935 (avg=10.028016), loss=0.382560 (avg=0.402131), pairs_step=128, pairs_total=15360
[2026-03-02 22:02:49,972] INFO:fitness.free_loss_fidelity: RL4CO free-loss step 140/200: score=8.993710 (avg=9.884235), loss=0.367084 (avg=0.400232), pairs_step=128, pairs_total=17920
[2026-03-02 22:02:56,400] INFO:fitness.free_loss_fidelity: RL4CO free-loss step 160/200: score=8.890705 (avg=9.764192), loss=0.359766 (avg=0.398078), pairs_step=128, pairs_total=20480
[2026-03-02 22:03:02,840] INFO:fitness.free_loss_fidelity: RL4CO free-loss step 180/200: score=8.841120 (avg=9.667216), loss=0.438126 (avg=0.397570), pairs_step=128, pairs_total=23040
[2026-03-02 22:03:09,264] INFO:fitness.free_loss_fidelity: RL4CO free-loss step 200/200: score=8.815111 (avg=9.585946), loss=0.374169 (avg=0.398422), pairs_step=128, pairs_total=25600
[2026-03-02 22:03:10,379] WARNING:fitness.free_loss_fidelity: weights_only checkpoint load failed (UnpicklingError); retrying weights_only=False for /data1/gushengda/eam-rl4co/baseline/epoch_135.ckpt
[2026-03-02 22:03:10,413] INFO:fitness.free_loss_fidelity: Loaded init checkpoint into policy: path=/data1/gushengda/eam-rl4co/baseline/epoch_135.ckpt prefix=policy. matched=97 missing=0 unexpected=0
[2026-03-02 22:03:10,418] INFO:fitness.free_loss_fidelity: RL4CO free-loss (step-mode): f1_steps=200, f2_steps=0, total_steps=200, train_problem_size=100, rollouts=100, batch_size=64, device=cuda:1, env=tsp
[2026-03-02 22:03:10,751] INFO:fitness.free_loss_fidelity: RL4CO free-loss step 1/200: score=7.803347 (avg=7.803347), loss=0.599003 (avg=0.599003), pairs_step=128, pairs_total=128
[2026-03-02 22:03:16,862] INFO:fitness.free_loss_fidelity: RL4CO free-loss step 20/200: score=7.800235 (avg=7.821372), loss=0.600366 (avg=0.582451), pairs_step=128, pairs_total=2560
[2026-03-02 22:03:23,283] INFO:fitness.free_loss_fidelity: RL4CO free-loss step 40/200: score=7.836563 (avg=7.819982), loss=0.595263 (avg=0.591966), pairs_step=128, pairs_total=5120
[2026-03-02 22:03:29,691] INFO:fitness.free_loss_fidelity: RL4CO free-loss step 60/200: score=7.830997 (avg=7.817662), loss=0.600477 (avg=0.593462), pairs_step=128, pairs_total=7680
[2026-03-02 22:03:36,124] INFO:fitness.free_loss_fidelity: RL4CO free-loss step 80/200: score=7.820119 (avg=7.816594), loss=0.614584 (avg=0.598089), pairs_step=128, pairs_total=10240
[2026-03-02 22:03:42,546] INFO:fitness.free_loss_fidelity: RL4CO free-loss step 100/200: score=7.783998 (avg=7.817990), loss=0.606048 (avg=0.600266), pairs_step=128, pairs_total=12800
[2026-03-02 22:03:48,967] INFO:fitness.free_loss_fidelity: RL4CO free-loss step 120/200: score=7.794209 (avg=7.819268), loss=0.568599 (avg=0.600681), pairs_step=128, pairs_total=15360
[2026-03-02 22:03:55,390] INFO:fitness.free_loss_fidelity: RL4CO free-loss step 140/200: score=7.848167 (avg=7.820619), loss=0.600346 (avg=0.600554), pairs_step=128, pairs_total=17920
[2026-03-02 22:04:01,807] INFO:fitness.free_loss_fidelity: RL4CO free-loss step 160/200: score=7.816382 (avg=7.820703), loss=0.608914 (avg=0.601991), pairs_step=128, pairs_total=20480
[2026-03-02 22:04:08,232] INFO:fitness.free_loss_fidelity: RL4CO free-loss step 180/200: score=7.812071 (avg=7.820011), loss=0.635371 (avg=0.603648), pairs_step=128, pairs_total=23040
[2026-03-02 22:04:14,822] INFO:fitness.free_loss_fidelity: RL4CO free-loss step 200/200: score=7.834380 (avg=7.819190), loss=0.588008 (avg=0.605516), pairs_step=128, pairs_total=25600
[2026-03-02 22:04:15,943] WARNING:fitness.free_loss_fidelity: weights_only checkpoint load failed (UnpicklingError); retrying weights_only=False for /data1/gushengda/eam-rl4co/baseline/epoch_409.ckpt
[2026-03-02 22:04:15,981] INFO:fitness.free_loss_fidelity: Loaded init checkpoint into policy: path=/data1/gushengda/eam-rl4co/baseline/epoch_409.ckpt prefix=policy. matched=97 missing=0 unexpected=0
[2026-03-02 22:04:15,986] INFO:fitness.free_loss_fidelity: RL4CO free-loss (step-mode): f1_steps=200, f2_steps=0, total_steps=200, train_problem_size=100, rollouts=100, batch_size=64, device=cuda:1, env=tsp
[2026-03-02 22:04:16,312] INFO:fitness.free_loss_fidelity: RL4CO free-loss step 1/200: score=7.807477 (avg=7.807477), loss=0.009506 (avg=0.009506), pairs_step=128, pairs_total=128
[2026-03-02 22:04:22,418] INFO:fitness.free_loss_fidelity: RL4CO free-loss step 20/200: score=7.789114 (avg=7.812141), loss=0.265382 (avg=0.154333), pairs_step=128, pairs_total=2560
[2026-03-02 22:04:28,848] INFO:fitness.free_loss_fidelity: RL4CO free-loss step 40/200: score=7.828514 (avg=7.809791), loss=0.311340 (avg=0.225669), pairs_step=128, pairs_total=5120
[2026-03-02 22:04:35,271] INFO:fitness.free_loss_fidelity: RL4CO free-loss step 60/200: score=7.824842 (avg=7.808213), loss=0.367038 (avg=0.261825), pairs_step=128, pairs_total=7680
[2026-03-02 22:04:41,681] INFO:fitness.free_loss_fidelity: RL4CO free-loss step 80/200: score=7.806109 (avg=7.807637), loss=0.390618 (avg=0.290178), pairs_step=128, pairs_total=10240
[2026-03-02 22:04:48,108] INFO:fitness.free_loss_fidelity: RL4CO free-loss step 100/200: score=7.779165 (avg=7.809716), loss=0.392631 (avg=0.310206), pairs_step=128, pairs_total=12800
[2026-03-02 22:04:54,530] INFO:fitness.free_loss_fidelity: RL4CO free-loss step 120/200: score=7.799280 (avg=7.811842), loss=0.436396 (avg=0.326435), pairs_step=128, pairs_total=15360
[2026-03-02 22:05:00,950] INFO:fitness.free_loss_fidelity: RL4CO free-loss step 140/200: score=7.843658 (avg=7.814264), loss=0.446935 (avg=0.343343), pairs_step=128, pairs_total=17920
[2026-03-02 22:05:07,373] INFO:fitness.free_loss_fidelity: RL4CO free-loss step 160/200: score=7.806944 (avg=7.813656), loss=0.458237 (avg=0.357610), pairs_step=128, pairs_total=20480
[2026-03-02 22:05:13,800] INFO:fitness.free_loss_fidelity: RL4CO free-loss step 180/200: score=7.803404 (avg=7.812551), loss=0.478186 (avg=0.369856), pairs_step=128, pairs_total=23040
[2026-03-02 22:05:20,216] INFO:fitness.free_loss_fidelity: RL4CO free-loss step 200/200: score=7.832137 (avg=7.811439), loss=0.520725 (avg=0.381900), pairs_step=128, pairs_total=25600
