[2026-03-03 02:01:19,800] INFO:fitness.free_loss_fidelity: Stage3 offline mini-train start gen=13 pair_index=18 K=1000 seed=12345 valid_sizes=[100] baseline_json=baseline/mini_eval/baseline_minitrain_tsp100_K1000.json
[2026-03-03 02:01:25,448] INFO:fitness.free_loss_fidelity: RL4CO free-loss (step-mode): f1_steps=1000, f2_steps=0, total_steps=1000, train_problem_size=100, rollouts=100, batch_size=64, device=cuda:0, env=tsp
[2026-03-03 02:01:26,367] INFO:fitness.free_loss_fidelity: RL4CO free-loss step 1/1000: score=36.122910 (avg=36.122910), loss=0.689724 (avg=0.689724), pairs_step=320, pairs_total=320
[2026-03-03 02:01:58,980] INFO:fitness.free_loss_fidelity: RL4CO free-loss step 100/1000: score=9.053603 (avg=10.060911), loss=0.389487 (avg=0.420126), pairs_step=320, pairs_total=32000
[2026-03-03 02:02:30,862] INFO:fitness.free_loss_fidelity: RL4CO free-loss step 200/1000: score=8.718694 (avg=9.480397), loss=0.420123 (avg=0.417357), pairs_step=320, pairs_total=64000
[2026-03-03 02:03:02,761] INFO:fitness.free_loss_fidelity: RL4CO free-loss step 300/1000: score=8.519382 (avg=9.186680), loss=0.440378 (avg=0.426693), pairs_step=320, pairs_total=96000
[2026-03-03 02:03:36,060] INFO:fitness.free_loss_fidelity: RL4CO free-loss step 400/1000: score=8.411572 (avg=9.005199), loss=0.478738 (avg=0.434711), pairs_step=320, pairs_total=128000
[2026-03-03 02:04:09,968] INFO:fitness.free_loss_fidelity: RL4CO free-loss step 500/1000: score=8.311454 (avg=8.881128), loss=0.463336 (avg=0.441177), pairs_step=320, pairs_total=160000
[2026-03-03 02:04:42,013] INFO:fitness.free_loss_fidelity: RL4CO free-loss step 600/1000: score=8.303742 (avg=8.790030), loss=0.482584 (avg=0.446175), pairs_step=320, pairs_total=192000
[2026-03-03 02:05:14,485] INFO:fitness.free_loss_fidelity: RL4CO free-loss step 700/1000: score=8.330290 (avg=8.722111), loss=0.485530 (avg=0.450280), pairs_step=320, pairs_total=224000
[2026-03-03 02:05:46,505] INFO:fitness.free_loss_fidelity: RL4CO free-loss step 800/1000: score=8.253828 (avg=8.667426), loss=0.492298 (avg=0.453765), pairs_step=320, pairs_total=256000
[2026-03-03 02:06:18,617] INFO:fitness.free_loss_fidelity: RL4CO free-loss step 900/1000: score=8.287527 (avg=8.622214), loss=0.499814 (avg=0.456871), pairs_step=320, pairs_total=288000
[2026-03-03 02:06:50,925] INFO:fitness.free_loss_fidelity: RL4CO free-loss step 1000/1000: score=8.264044 (avg=8.584523), loss=0.500706 (avg=0.459557), pairs_step=320, pairs_total=320000
[2026-03-03 02:06:52,036] WARNING:fitness.free_loss_fidelity: weights_only checkpoint load failed (UnpicklingError); retrying weights_only=False for /data1/gushengda/eam-rl4co/baseline/epoch_135.ckpt
[2026-03-03 02:06:52,082] INFO:fitness.free_loss_fidelity: Loaded init checkpoint into policy: path=/data1/gushengda/eam-rl4co/baseline/epoch_135.ckpt prefix=policy. matched=97 missing=0 unexpected=0
[2026-03-03 02:06:52,088] INFO:fitness.free_loss_fidelity: RL4CO free-loss (step-mode): f1_steps=1000, f2_steps=0, total_steps=1000, train_problem_size=100, rollouts=100, batch_size=64, device=cuda:0, env=tsp
[2026-03-03 02:06:52,437] INFO:fitness.free_loss_fidelity: RL4CO free-loss step 1/1000: score=7.803347 (avg=7.803347), loss=0.591378 (avg=0.591378), pairs_step=320, pairs_total=320
[2026-03-03 02:07:24,484] INFO:fitness.free_loss_fidelity: RL4CO free-loss step 100/1000: score=7.767667 (avg=7.808351), loss=0.637444 (avg=0.616034), pairs_step=320, pairs_total=32000
[2026-03-03 02:07:57,042] INFO:fitness.free_loss_fidelity: RL4CO free-loss step 200/1000: score=7.818394 (avg=7.808101), loss=0.618477 (avg=0.621228), pairs_step=320, pairs_total=64000
[2026-03-03 02:08:29,469] INFO:fitness.free_loss_fidelity: RL4CO free-loss step 300/1000: score=7.825173 (avg=7.809710), loss=0.641181 (avg=0.623356), pairs_step=320, pairs_total=96000
[2026-03-03 02:09:01,719] INFO:fitness.free_loss_fidelity: RL4CO free-loss step 400/1000: score=7.831342 (avg=7.809697), loss=0.622971 (avg=0.624436), pairs_step=320, pairs_total=128000
[2026-03-03 02:09:33,313] INFO:fitness.free_loss_fidelity: RL4CO free-loss step 500/1000: score=7.790009 (avg=7.809114), loss=0.633984 (avg=0.626268), pairs_step=320, pairs_total=160000
[2026-03-03 02:10:04,923] INFO:fitness.free_loss_fidelity: RL4CO free-loss step 600/1000: score=7.772488 (avg=7.808857), loss=0.632903 (avg=0.627367), pairs_step=320, pairs_total=192000
[2026-03-03 02:10:36,505] INFO:fitness.free_loss_fidelity: RL4CO free-loss step 700/1000: score=7.813784 (avg=7.808773), loss=0.626837 (avg=0.628046), pairs_step=320, pairs_total=224000
[2026-03-03 02:11:08,079] INFO:fitness.free_loss_fidelity: RL4CO free-loss step 800/1000: score=7.804038 (avg=7.808780), loss=0.644343 (avg=0.628881), pairs_step=320, pairs_total=256000
[2026-03-03 02:11:39,662] INFO:fitness.free_loss_fidelity: RL4CO free-loss step 900/1000: score=7.844131 (avg=7.808529), loss=0.634129 (avg=0.629566), pairs_step=320, pairs_total=288000
[2026-03-03 02:12:11,334] INFO:fitness.free_loss_fidelity: RL4CO free-loss step 1000/1000: score=7.833118 (avg=7.808201), loss=0.622961 (avg=0.629992), pairs_step=320, pairs_total=320000
[2026-03-03 02:12:12,623] WARNING:fitness.free_loss_fidelity: weights_only checkpoint load failed (UnpicklingError); retrying weights_only=False for /data1/gushengda/eam-rl4co/baseline/epoch_409.ckpt
[2026-03-03 02:12:12,664] INFO:fitness.free_loss_fidelity: Loaded init checkpoint into policy: path=/data1/gushengda/eam-rl4co/baseline/epoch_409.ckpt prefix=policy. matched=97 missing=0 unexpected=0
[2026-03-03 02:12:12,669] INFO:fitness.free_loss_fidelity: RL4CO free-loss (step-mode): f1_steps=1000, f2_steps=0, total_steps=1000, train_problem_size=100, rollouts=100, batch_size=64, device=cuda:0, env=tsp
[2026-03-03 02:12:12,991] INFO:fitness.free_loss_fidelity: RL4CO free-loss step 1/1000: score=7.807477 (avg=7.807477), loss=0.010819 (avg=0.010819), pairs_step=320, pairs_total=320
[2026-03-03 02:12:44,327] INFO:fitness.free_loss_fidelity: RL4CO free-loss step 100/1000: score=7.761134 (avg=7.801377), loss=0.444216 (avg=0.340601), pairs_step=320, pairs_total=32000
[2026-03-03 02:13:15,919] INFO:fitness.free_loss_fidelity: RL4CO free-loss step 200/1000: score=7.819518 (avg=7.801389), loss=0.522752 (avg=0.418507), pairs_step=320, pairs_total=64000
[2026-03-03 02:13:47,530] INFO:fitness.free_loss_fidelity: RL4CO free-loss step 300/1000: score=7.812159 (avg=7.801910), loss=0.561832 (avg=0.460298), pairs_step=320, pairs_total=96000
[2026-03-03 02:14:19,148] INFO:fitness.free_loss_fidelity: RL4CO free-loss step 400/1000: score=7.825250 (avg=7.801389), loss=0.576627 (avg=0.489161), pairs_step=320, pairs_total=128000
[2026-03-03 02:14:50,957] INFO:fitness.free_loss_fidelity: RL4CO free-loss step 500/1000: score=7.779378 (avg=7.800218), loss=0.583162 (avg=0.509388), pairs_step=320, pairs_total=160000
[2026-03-03 02:15:22,562] INFO:fitness.free_loss_fidelity: RL4CO free-loss step 600/1000: score=7.754497 (avg=7.799519), loss=0.606781 (avg=0.524193), pairs_step=320, pairs_total=192000
[2026-03-03 02:15:54,168] INFO:fitness.free_loss_fidelity: RL4CO free-loss step 700/1000: score=7.808688 (avg=7.798995), loss=0.618376 (avg=0.535631), pairs_step=320, pairs_total=224000
[2026-03-03 02:16:25,770] INFO:fitness.free_loss_fidelity: RL4CO free-loss step 800/1000: score=7.787314 (avg=7.798668), loss=0.612974 (avg=0.545108), pairs_step=320, pairs_total=256000
[2026-03-03 02:16:57,350] INFO:fitness.free_loss_fidelity: RL4CO free-loss step 900/1000: score=7.834455 (avg=7.798101), loss=0.616167 (avg=0.552941), pairs_step=320, pairs_total=288000
[2026-03-03 02:17:28,933] INFO:fitness.free_loss_fidelity: RL4CO free-loss step 1000/1000: score=7.823812 (avg=7.797497), loss=0.636799 (avg=0.559673), pairs_step=320, pairs_total=320000
