[2026-03-02 20:58:51,321] INFO:fitness.free_loss_fidelity: Stage3 offline mini-train start gen=9 pair_index=18 K=200 seed=12345 valid_sizes=[100] baseline_json=baseline/mini_eval/baseline_minitrain_tsp100_K200.json
[2026-03-02 20:58:51,342] INFO:fitness.free_loss_fidelity: RL4CO free-loss (step-mode): f1_steps=200, f2_steps=0, total_steps=200, train_problem_size=100, rollouts=100, batch_size=64, device=cuda:0, env=tsp
[2026-03-02 20:58:51,669] INFO:fitness.free_loss_fidelity: RL4CO free-loss step 1/200: score=36.122910 (avg=36.122910), loss=0.820333 (avg=0.820333), pairs_step=316800, pairs_total=316800
[2026-03-02 20:58:57,953] INFO:fitness.free_loss_fidelity: RL4CO free-loss step 20/200: score=10.059503 (avg=12.937777), loss=0.567059 (avg=0.590633), pairs_step=316800, pairs_total=6335994
[2026-03-02 20:59:04,594] INFO:fitness.free_loss_fidelity: RL4CO free-loss step 40/200: score=9.492805 (avg=11.291922), loss=0.563677 (avg=0.577488), pairs_step=316800, pairs_total=12671990
[2026-03-02 20:59:11,403] INFO:fitness.free_loss_fidelity: RL4CO free-loss step 60/200: score=9.260831 (avg=10.633489), loss=0.541309 (avg=0.571015), pairs_step=316800, pairs_total=19007983
[2026-03-02 20:59:18,011] INFO:fitness.free_loss_fidelity: RL4CO free-loss step 80/200: score=9.043566 (avg=10.258637), loss=0.543343 (avg=0.565274), pairs_step=316800, pairs_total=25343978
[2026-03-02 20:59:24,613] INFO:fitness.free_loss_fidelity: RL4CO free-loss step 100/200: score=8.945972 (avg=10.015367), loss=0.545145 (avg=0.561146), pairs_step=316800, pairs_total=31679973
[2026-03-02 20:59:31,270] INFO:fitness.free_loss_fidelity: RL4CO free-loss step 120/200: score=8.891520 (avg=9.844464), loss=0.554944 (avg=0.558406), pairs_step=316800, pairs_total=38015969
[2026-03-02 20:59:37,897] INFO:fitness.free_loss_fidelity: RL4CO free-loss step 140/200: score=8.922867 (avg=9.713743), loss=0.552113 (avg=0.556442), pairs_step=316799, pairs_total=44351963
[2026-03-02 20:59:44,528] INFO:fitness.free_loss_fidelity: RL4CO free-loss step 160/200: score=8.839927 (avg=9.604572), loss=0.540349 (avg=0.555539), pairs_step=316800, pairs_total=50687955
[2026-03-02 20:59:51,145] INFO:fitness.free_loss_fidelity: RL4CO free-loss step 180/200: score=8.758783 (avg=9.511225), loss=0.555923 (avg=0.555426), pairs_step=316800, pairs_total=57023944
[2026-03-02 20:59:57,745] INFO:fitness.free_loss_fidelity: RL4CO free-loss step 200/200: score=8.719716 (avg=9.430988), loss=0.561739 (avg=0.555705), pairs_step=316800, pairs_total=63359940
[2026-03-02 20:59:58,836] WARNING:fitness.free_loss_fidelity: weights_only checkpoint load failed (UnpicklingError); retrying weights_only=False for /data1/gushengda/eam-rl4co/baseline/epoch_135.ckpt
[2026-03-02 20:59:58,872] INFO:fitness.free_loss_fidelity: Loaded init checkpoint into policy: path=/data1/gushengda/eam-rl4co/baseline/epoch_135.ckpt prefix=policy. matched=97 missing=0 unexpected=0
[2026-03-02 20:59:58,877] INFO:fitness.free_loss_fidelity: RL4CO free-loss (step-mode): f1_steps=200, f2_steps=0, total_steps=200, train_problem_size=100, rollouts=100, batch_size=64, device=cuda:0, env=tsp
[2026-03-02 20:59:59,214] INFO:fitness.free_loss_fidelity: RL4CO free-loss step 1/200: score=7.803347 (avg=7.803347), loss=0.670271 (avg=0.670271), pairs_step=315697, pairs_total=315697
[2026-03-02 21:00:05,509] INFO:fitness.free_loss_fidelity: RL4CO free-loss step 20/200: score=7.780258 (avg=7.810322), loss=0.669573 (avg=0.668958), pairs_step=315609, pairs_total=6316157
[2026-03-02 21:00:12,151] INFO:fitness.free_loss_fidelity: RL4CO free-loss step 40/200: score=7.821768 (avg=7.804009), loss=0.667447 (avg=0.668451), pairs_step=315971, pairs_total=12630596
[2026-03-02 21:00:18,757] INFO:fitness.free_loss_fidelity: RL4CO free-loss step 60/200: score=7.817327 (avg=7.800226), loss=0.670238 (avg=0.668405), pairs_step=315628, pairs_total=18944416
[2026-03-02 21:00:25,376] INFO:fitness.free_loss_fidelity: RL4CO free-loss step 80/200: score=7.801795 (avg=7.798874), loss=0.667645 (avg=0.668362), pairs_step=315953, pairs_total=25261066
[2026-03-02 21:00:31,990] INFO:fitness.free_loss_fidelity: RL4CO free-loss step 100/200: score=7.760578 (avg=7.799573), loss=0.667081 (avg=0.668245), pairs_step=315750, pairs_total=31575834
[2026-03-02 21:00:38,611] INFO:fitness.free_loss_fidelity: RL4CO free-loss step 120/200: score=7.772897 (avg=7.800876), loss=0.666277 (avg=0.667883), pairs_step=315736, pairs_total=37889382
[2026-03-02 21:00:45,253] INFO:fitness.free_loss_fidelity: RL4CO free-loss step 140/200: score=7.830051 (avg=7.801744), loss=0.670701 (avg=0.667736), pairs_step=315644, pairs_total=44202536
[2026-03-02 21:00:51,880] INFO:fitness.free_loss_fidelity: RL4CO free-loss step 160/200: score=7.797924 (avg=7.800993), loss=0.665859 (avg=0.667610), pairs_step=315532, pairs_total=50517187
[2026-03-02 21:00:58,472] INFO:fitness.free_loss_fidelity: RL4CO free-loss step 180/200: score=7.783852 (avg=7.799764), loss=0.668294 (avg=0.667642), pairs_step=315499, pairs_total=56829521
[2026-03-02 21:01:05,096] INFO:fitness.free_loss_fidelity: RL4CO free-loss step 200/200: score=7.807550 (avg=7.798348), loss=0.663676 (avg=0.667584), pairs_step=314983, pairs_total=63142599
[2026-03-02 21:01:06,184] WARNING:fitness.free_loss_fidelity: weights_only checkpoint load failed (UnpicklingError); retrying weights_only=False for /data1/gushengda/eam-rl4co/baseline/epoch_409.ckpt
[2026-03-02 21:01:06,214] INFO:fitness.free_loss_fidelity: Loaded init checkpoint into policy: path=/data1/gushengda/eam-rl4co/baseline/epoch_409.ckpt prefix=policy. matched=97 missing=0 unexpected=0
[2026-03-02 21:01:06,219] INFO:fitness.free_loss_fidelity: RL4CO free-loss (step-mode): f1_steps=200, f2_steps=0, total_steps=200, train_problem_size=100, rollouts=100, batch_size=64, device=cuda:0, env=tsp
[2026-03-02 21:01:06,558] INFO:fitness.free_loss_fidelity: RL4CO free-loss step 1/200: score=7.807477 (avg=7.807477), loss=0.193570 (avg=0.193570), pairs_step=315750, pairs_total=315750
[2026-03-02 21:01:12,900] INFO:fitness.free_loss_fidelity: RL4CO free-loss step 20/200: score=7.783473 (avg=7.809681), loss=0.188120 (avg=0.188571), pairs_step=315975, pairs_total=6317600
[2026-03-02 21:01:19,526] INFO:fitness.free_loss_fidelity: RL4CO free-loss step 40/200: score=7.814221 (avg=7.803464), loss=0.183089 (avg=0.187462), pairs_step=315986, pairs_total=12635283
[2026-03-02 21:01:26,352] INFO:fitness.free_loss_fidelity: RL4CO free-loss step 60/200: score=7.813978 (avg=7.799718), loss=0.187944 (avg=0.186174), pairs_step=315655, pairs_total=18951720
[2026-03-02 21:01:32,954] INFO:fitness.free_loss_fidelity: RL4CO free-loss step 80/200: score=7.796047 (avg=7.797984), loss=0.194099 (avg=0.186960), pairs_step=315741, pairs_total=25267712
[2026-03-02 21:01:39,578] INFO:fitness.free_loss_fidelity: RL4CO free-loss step 100/200: score=7.755605 (avg=7.798266), loss=0.191608 (avg=0.187609), pairs_step=315727, pairs_total=31584414
[2026-03-02 21:01:46,387] INFO:fitness.free_loss_fidelity: RL4CO free-loss step 120/200: score=7.774224 (avg=7.799787), loss=0.181757 (avg=0.187435), pairs_step=315956, pairs_total=37900019
[2026-03-02 21:01:52,981] INFO:fitness.free_loss_fidelity: RL4CO free-loss step 140/200: score=7.823631 (avg=7.800595), loss=0.185879 (avg=0.187169), pairs_step=315592, pairs_total=44213494
[2026-03-02 21:01:59,581] INFO:fitness.free_loss_fidelity: RL4CO free-loss step 160/200: score=7.797183 (avg=7.799751), loss=0.190929 (avg=0.187408), pairs_step=315862, pairs_total=50530888
[2026-03-02 21:02:06,195] INFO:fitness.free_loss_fidelity: RL4CO free-loss step 180/200: score=7.783906 (avg=7.798408), loss=0.191669 (avg=0.187587), pairs_step=315570, pairs_total=56845174
[2026-03-02 21:02:12,790] INFO:fitness.free_loss_fidelity: RL4CO free-loss step 200/200: score=7.812716 (avg=7.797109), loss=0.186066 (avg=0.187897), pairs_step=315392, pairs_total=63160027
