[2026-03-03 10:18:20,798] INFO:fitness.free_loss_fidelity: Stage3 offline mini-train start gen=19 pair_index=32 K=200 seed=12345 valid_sizes=[100] baseline_json=baseline/mini_eval/baseline_minitrain_tsp100_K200.json
[2026-03-03 10:18:20,817] INFO:fitness.free_loss_fidelity: RL4CO free-loss (step-mode): f1_steps=200, f2_steps=0, total_steps=200, train_problem_size=100, rollouts=100, batch_size=64, device=cuda:1, env=tsp
[2026-03-03 10:18:21,137] INFO:fitness.free_loss_fidelity: RL4CO free-loss step 1/200: score=36.122910 (avg=36.122910), loss=0.747062 (avg=0.747062), pairs_step=13056, pairs_total=13056
[2026-03-03 10:18:27,281] INFO:fitness.free_loss_fidelity: RL4CO free-loss step 20/200: score=10.106730 (avg=12.918296), loss=0.546130 (avg=0.566465), pairs_step=13056, pairs_total=261120
[2026-03-03 10:18:33,753] INFO:fitness.free_loss_fidelity: RL4CO free-loss step 40/200: score=9.510903 (avg=11.303906), loss=0.547599 (avg=0.560470), pairs_step=13056, pairs_total=522240
[2026-03-03 10:18:40,229] INFO:fitness.free_loss_fidelity: RL4CO free-loss step 60/200: score=9.291509 (avg=10.662836), loss=0.542160 (avg=0.561487), pairs_step=13056, pairs_total=783360
[2026-03-03 10:18:46,716] INFO:fitness.free_loss_fidelity: RL4CO free-loss step 80/200: score=9.213289 (avg=10.315117), loss=0.541322 (avg=0.557397), pairs_step=13056, pairs_total=1044480
[2026-03-03 10:18:53,186] INFO:fitness.free_loss_fidelity: RL4CO free-loss step 100/200: score=8.955584 (avg=10.070101), loss=0.521998 (avg=0.555271), pairs_step=13056, pairs_total=1305600
[2026-03-03 10:18:59,672] INFO:fitness.free_loss_fidelity: RL4CO free-loss step 120/200: score=9.043446 (avg=9.896344), loss=0.532196 (avg=0.552086), pairs_step=13056, pairs_total=1566720
[2026-03-03 10:19:06,144] INFO:fitness.free_loss_fidelity: RL4CO free-loss step 140/200: score=8.937738 (avg=9.767780), loss=0.518544 (avg=0.549445), pairs_step=13056, pairs_total=1827840
[2026-03-03 10:19:12,640] INFO:fitness.free_loss_fidelity: RL4CO free-loss step 160/200: score=8.920300 (avg=9.657373), loss=0.519967 (avg=0.547758), pairs_step=13056, pairs_total=2088960
[2026-03-03 10:19:19,301] INFO:fitness.free_loss_fidelity: RL4CO free-loss step 180/200: score=8.786982 (avg=9.567625), loss=0.513969 (avg=0.546753), pairs_step=13056, pairs_total=2350080
[2026-03-03 10:19:25,769] INFO:fitness.free_loss_fidelity: RL4CO free-loss step 200/200: score=8.684253 (avg=9.486712), loss=0.544118 (avg=0.545594), pairs_step=13056, pairs_total=2611200
[2026-03-03 10:19:26,891] WARNING:fitness.free_loss_fidelity: weights_only checkpoint load failed (UnpicklingError); retrying weights_only=False for /data1/gushengda/eam-rl4co/baseline/epoch_135.ckpt
[2026-03-03 10:19:26,929] INFO:fitness.free_loss_fidelity: Loaded init checkpoint into policy: path=/data1/gushengda/eam-rl4co/baseline/epoch_135.ckpt prefix=policy. matched=97 missing=0 unexpected=0
[2026-03-03 10:19:26,934] INFO:fitness.free_loss_fidelity: RL4CO free-loss (step-mode): f1_steps=200, f2_steps=0, total_steps=200, train_problem_size=100, rollouts=100, batch_size=64, device=cuda:1, env=tsp
[2026-03-03 10:19:27,263] INFO:fitness.free_loss_fidelity: RL4CO free-loss step 1/200: score=7.803347 (avg=7.803347), loss=0.655717 (avg=0.655717), pairs_step=13056, pairs_total=13056
[2026-03-03 10:19:33,411] INFO:fitness.free_loss_fidelity: RL4CO free-loss step 20/200: score=7.789143 (avg=7.816384), loss=0.660227 (avg=0.660750), pairs_step=13056, pairs_total=261120
[2026-03-03 10:19:39,880] INFO:fitness.free_loss_fidelity: RL4CO free-loss step 40/200: score=7.824796 (avg=7.810186), loss=0.658924 (avg=0.661147), pairs_step=13056, pairs_total=522240
[2026-03-03 10:19:46,356] INFO:fitness.free_loss_fidelity: RL4CO free-loss step 60/200: score=7.821764 (avg=7.806589), loss=0.662242 (avg=0.661517), pairs_step=13056, pairs_total=783360
[2026-03-03 10:19:52,850] INFO:fitness.free_loss_fidelity: RL4CO free-loss step 80/200: score=7.799984 (avg=7.804886), loss=0.664300 (avg=0.662100), pairs_step=13056, pairs_total=1044480
[2026-03-03 10:19:59,343] INFO:fitness.free_loss_fidelity: RL4CO free-loss step 100/200: score=7.763380 (avg=7.805636), loss=0.660717 (avg=0.662617), pairs_step=13056, pairs_total=1305600
[2026-03-03 10:20:05,816] INFO:fitness.free_loss_fidelity: RL4CO free-loss step 120/200: score=7.775689 (avg=7.806874), loss=0.660473 (avg=0.662750), pairs_step=13056, pairs_total=1566720
[2026-03-03 10:20:12,309] INFO:fitness.free_loss_fidelity: RL4CO free-loss step 140/200: score=7.838241 (avg=7.807843), loss=0.670785 (avg=0.663038), pairs_step=13056, pairs_total=1827840
[2026-03-03 10:20:18,777] INFO:fitness.free_loss_fidelity: RL4CO free-loss step 160/200: score=7.798450 (avg=7.807236), loss=0.662438 (avg=0.663082), pairs_step=13056, pairs_total=2088960
[2026-03-03 10:20:25,266] INFO:fitness.free_loss_fidelity: RL4CO free-loss step 180/200: score=7.795373 (avg=7.806379), loss=0.664984 (avg=0.663212), pairs_step=13056, pairs_total=2350080
[2026-03-03 10:20:31,741] INFO:fitness.free_loss_fidelity: RL4CO free-loss step 200/200: score=7.813942 (avg=7.805247), loss=0.665386 (avg=0.663272), pairs_step=13056, pairs_total=2611200
[2026-03-03 10:20:32,862] WARNING:fitness.free_loss_fidelity: weights_only checkpoint load failed (UnpicklingError); retrying weights_only=False for /data1/gushengda/eam-rl4co/baseline/epoch_409.ckpt
[2026-03-03 10:20:32,900] INFO:fitness.free_loss_fidelity: Loaded init checkpoint into policy: path=/data1/gushengda/eam-rl4co/baseline/epoch_409.ckpt prefix=policy. matched=97 missing=0 unexpected=0
[2026-03-03 10:20:32,905] INFO:fitness.free_loss_fidelity: RL4CO free-loss (step-mode): f1_steps=200, f2_steps=0, total_steps=200, train_problem_size=100, rollouts=100, batch_size=64, device=cuda:1, env=tsp
[2026-03-03 10:20:33,240] INFO:fitness.free_loss_fidelity: RL4CO free-loss step 1/200: score=7.807477 (avg=7.807477), loss=0.509554 (avg=0.509554), pairs_step=13053, pairs_total=13053
[2026-03-03 10:20:39,393] INFO:fitness.free_loss_fidelity: RL4CO free-loss step 20/200: score=7.783559 (avg=7.807363), loss=0.513002 (avg=0.502348), pairs_step=13056, pairs_total=261117
[2026-03-03 10:20:45,862] INFO:fitness.free_loss_fidelity: RL4CO free-loss step 40/200: score=7.807971 (avg=7.801323), loss=0.526227 (avg=0.508174), pairs_step=13056, pairs_total=522237
[2026-03-03 10:20:52,344] INFO:fitness.free_loss_fidelity: RL4CO free-loss step 60/200: score=7.811656 (avg=7.797521), loss=0.528774 (avg=0.512384), pairs_step=13056, pairs_total=783357
[2026-03-03 10:20:58,809] INFO:fitness.free_loss_fidelity: RL4CO free-loss step 80/200: score=7.796720 (avg=7.796300), loss=0.507813 (avg=0.513798), pairs_step=13056, pairs_total=1044477
[2026-03-03 10:21:05,302] INFO:fitness.free_loss_fidelity: RL4CO free-loss step 100/200: score=7.751835 (avg=7.796767), loss=0.514922 (avg=0.514058), pairs_step=13056, pairs_total=1305597
[2026-03-03 10:21:11,803] INFO:fitness.free_loss_fidelity: RL4CO free-loss step 120/200: score=7.774495 (avg=7.797919), loss=0.444864 (avg=0.508310), pairs_step=13056, pairs_total=1566717
[2026-03-03 10:21:18,276] INFO:fitness.free_loss_fidelity: RL4CO free-loss step 140/200: score=7.819606 (avg=7.798578), loss=0.466738 (avg=0.501149), pairs_step=13056, pairs_total=1827837
[2026-03-03 10:21:24,750] INFO:fitness.free_loss_fidelity: RL4CO free-loss step 160/200: score=7.788553 (avg=7.797607), loss=0.479100 (avg=0.497592), pairs_step=13056, pairs_total=2088957
[2026-03-03 10:21:31,234] INFO:fitness.free_loss_fidelity: RL4CO free-loss step 180/200: score=7.779550 (avg=7.796109), loss=0.488070 (avg=0.496001), pairs_step=13056, pairs_total=2350068
[2026-03-03 10:21:37,701] INFO:fitness.free_loss_fidelity: RL4CO free-loss step 200/200: score=7.810580 (avg=7.794525), loss=0.495539 (avg=0.495560), pairs_step=13056, pairs_total=2611188
