[2026-03-02 18:07:16,527] INFO:fitness.free_loss_fidelity: Stage3 offline mini-train start gen=6 pair_index=0 K=200 seed=12345 valid_sizes=[100] baseline_json=baseline/mini_eval/baseline_minitrain_tsp100_K200.json
[2026-03-02 18:07:22,176] INFO:fitness.free_loss_fidelity: RL4CO free-loss (step-mode): f1_steps=200, f2_steps=0, total_steps=200, train_problem_size=100, rollouts=100, batch_size=64, device=cuda:3, env=tsp
[2026-03-02 18:07:22,897] INFO:fitness.free_loss_fidelity: RL4CO free-loss step 1/200: score=36.122910 (avg=36.122910), loss=0.743615 (avg=0.743615), pairs_step=316800, pairs_total=316800
[2026-03-02 18:07:29,665] INFO:fitness.free_loss_fidelity: RL4CO free-loss step 20/200: score=9.829429 (avg=12.694546), loss=0.590919 (avg=0.601779), pairs_step=316799, pairs_total=6335997
[2026-03-02 18:07:36,788] INFO:fitness.free_loss_fidelity: RL4CO free-loss step 40/200: score=9.325918 (avg=11.083803), loss=0.603091 (avg=0.598429), pairs_step=316800, pairs_total=12671997
[2026-03-02 18:07:43,899] INFO:fitness.free_loss_fidelity: RL4CO free-loss step 60/200: score=9.126216 (avg=10.458507), loss=0.583246 (avg=0.596047), pairs_step=316799, pairs_total=19007993
[2026-03-02 18:07:51,013] INFO:fitness.free_loss_fidelity: RL4CO free-loss step 80/200: score=8.945236 (avg=10.096865), loss=0.580119 (avg=0.592565), pairs_step=316800, pairs_total=25343987
[2026-03-02 18:07:58,153] INFO:fitness.free_loss_fidelity: RL4CO free-loss step 100/200: score=8.805129 (avg=9.861174), loss=0.577185 (avg=0.590097), pairs_step=316800, pairs_total=31679979
[2026-03-02 18:08:05,295] INFO:fitness.free_loss_fidelity: RL4CO free-loss step 120/200: score=8.790663 (avg=9.690817), loss=0.578922 (avg=0.589052), pairs_step=316800, pairs_total=38015975
[2026-03-02 18:08:12,442] INFO:fitness.free_loss_fidelity: RL4CO free-loss step 140/200: score=8.727688 (avg=9.555814), loss=0.585929 (avg=0.588856), pairs_step=316800, pairs_total=44351971
[2026-03-02 18:08:19,604] INFO:fitness.free_loss_fidelity: RL4CO free-loss step 160/200: score=8.634452 (avg=9.444059), loss=0.591602 (avg=0.589187), pairs_step=316800, pairs_total=50687967
[2026-03-02 18:08:26,754] INFO:fitness.free_loss_fidelity: RL4CO free-loss step 180/200: score=8.594782 (avg=9.348193), loss=0.600398 (avg=0.590144), pairs_step=316800, pairs_total=57023962
[2026-03-02 18:08:33,913] INFO:fitness.free_loss_fidelity: RL4CO free-loss step 200/200: score=8.508046 (avg=9.266026), loss=0.601788 (avg=0.591063), pairs_step=316800, pairs_total=63359956
[2026-03-02 18:08:35,213] WARNING:fitness.free_loss_fidelity: weights_only checkpoint load failed (UnpicklingError); retrying weights_only=False for /data1/gushengda/eam-rl4co/baseline/epoch_135.ckpt
[2026-03-02 18:08:35,279] INFO:fitness.free_loss_fidelity: Loaded init checkpoint into policy: path=/data1/gushengda/eam-rl4co/baseline/epoch_135.ckpt prefix=policy. matched=97 missing=0 unexpected=0
[2026-03-02 18:08:35,287] INFO:fitness.free_loss_fidelity: RL4CO free-loss (step-mode): f1_steps=200, f2_steps=0, total_steps=200, train_problem_size=100, rollouts=100, batch_size=64, device=cuda:3, env=tsp
[2026-03-02 18:08:35,676] INFO:fitness.free_loss_fidelity: RL4CO free-loss step 1/200: score=7.803347 (avg=7.803347), loss=0.673539 (avg=0.673539), pairs_step=315697, pairs_total=315697
[2026-03-02 18:08:42,508] INFO:fitness.free_loss_fidelity: RL4CO free-loss step 20/200: score=7.777678 (avg=7.808262), loss=0.671803 (avg=0.672431), pairs_step=315910, pairs_total=6316771
[2026-03-02 18:08:49,685] INFO:fitness.free_loss_fidelity: RL4CO free-loss step 40/200: score=7.819939 (avg=7.802829), loss=0.675644 (avg=0.672973), pairs_step=316031, pairs_total=12632161
[2026-03-02 18:08:56,860] INFO:fitness.free_loss_fidelity: RL4CO free-loss step 60/200: score=7.814299 (avg=7.799669), loss=0.673365 (avg=0.673345), pairs_step=315590, pairs_total=18946604
[2026-03-02 18:09:04,050] INFO:fitness.free_loss_fidelity: RL4CO free-loss step 80/200: score=7.793637 (avg=7.797957), loss=0.671699 (avg=0.673138), pairs_step=315954, pairs_total=25263025
[2026-03-02 18:09:11,243] INFO:fitness.free_loss_fidelity: RL4CO free-loss step 100/200: score=7.754991 (avg=7.798574), loss=0.672652 (avg=0.673076), pairs_step=315624, pairs_total=31577625
[2026-03-02 18:09:18,424] INFO:fitness.free_loss_fidelity: RL4CO free-loss step 120/200: score=7.775660 (avg=7.800142), loss=0.672046 (avg=0.673061), pairs_step=315407, pairs_total=37890586
[2026-03-02 18:09:25,606] INFO:fitness.free_loss_fidelity: RL4CO free-loss step 140/200: score=7.824224 (avg=7.801311), loss=0.672784 (avg=0.673152), pairs_step=315454, pairs_total=44204208
[2026-03-02 18:09:32,818] INFO:fitness.free_loss_fidelity: RL4CO free-loss step 160/200: score=7.800218 (avg=7.800832), loss=0.671787 (avg=0.673139), pairs_step=315270, pairs_total=50516936
[2026-03-02 18:09:40,017] INFO:fitness.free_loss_fidelity: RL4CO free-loss step 180/200: score=7.788401 (avg=7.799736), loss=0.672884 (avg=0.673232), pairs_step=315437, pairs_total=56829644
[2026-03-02 18:09:47,210] INFO:fitness.free_loss_fidelity: RL4CO free-loss step 200/200: score=7.809264 (avg=7.798664), loss=0.670103 (avg=0.673277), pairs_step=315596, pairs_total=63139969
[2026-03-02 18:09:48,509] WARNING:fitness.free_loss_fidelity: weights_only checkpoint load failed (UnpicklingError); retrying weights_only=False for /data1/gushengda/eam-rl4co/baseline/epoch_409.ckpt
[2026-03-02 18:09:48,551] INFO:fitness.free_loss_fidelity: Loaded init checkpoint into policy: path=/data1/gushengda/eam-rl4co/baseline/epoch_409.ckpt prefix=policy. matched=97 missing=0 unexpected=0
[2026-03-02 18:09:48,556] INFO:fitness.free_loss_fidelity: RL4CO free-loss (step-mode): f1_steps=200, f2_steps=0, total_steps=200, train_problem_size=100, rollouts=100, batch_size=64, device=cuda:3, env=tsp
[2026-03-02 18:09:48,925] INFO:fitness.free_loss_fidelity: RL4CO free-loss step 1/200: score=7.807477 (avg=7.807477), loss=0.229740 (avg=0.229740), pairs_step=315750, pairs_total=315750
[2026-03-02 18:09:55,983] INFO:fitness.free_loss_fidelity: RL4CO free-loss step 20/200: score=7.774064 (avg=7.808925), loss=0.219066 (avg=0.223873), pairs_step=315814, pairs_total=6318662
[2026-03-02 18:10:03,175] INFO:fitness.free_loss_fidelity: RL4CO free-loss step 40/200: score=7.819620 (avg=7.803477), loss=0.213011 (avg=0.218337), pairs_step=315973, pairs_total=12634754
[2026-03-02 18:10:10,365] INFO:fitness.free_loss_fidelity: RL4CO free-loss step 60/200: score=7.814094 (avg=7.800168), loss=0.219038 (avg=0.217533), pairs_step=315449, pairs_total=18948143
[2026-03-02 18:10:17,558] INFO:fitness.free_loss_fidelity: RL4CO free-loss step 80/200: score=7.800057 (avg=7.798724), loss=0.248661 (avg=0.220844), pairs_step=315647, pairs_total=25263958
[2026-03-02 18:10:24,759] INFO:fitness.free_loss_fidelity: RL4CO free-loss step 100/200: score=7.755984 (avg=7.798873), loss=0.240867 (avg=0.226779), pairs_step=315664, pairs_total=31581052
[2026-03-02 18:10:31,961] INFO:fitness.free_loss_fidelity: RL4CO free-loss step 120/200: score=7.777419 (avg=7.800100), loss=0.206664 (avg=0.225827), pairs_step=315421, pairs_total=37895101
[2026-03-02 18:10:39,173] INFO:fitness.free_loss_fidelity: RL4CO free-loss step 140/200: score=7.823540 (avg=7.800898), loss=0.220252 (avg=0.223868), pairs_step=315523, pairs_total=44208300
[2026-03-02 18:10:46,365] INFO:fitness.free_loss_fidelity: RL4CO free-loss step 160/200: score=7.794159 (avg=7.800005), loss=0.251069 (avg=0.224849), pairs_step=315783, pairs_total=50520163
[2026-03-02 18:10:53,557] INFO:fitness.free_loss_fidelity: RL4CO free-loss step 180/200: score=7.788398 (avg=7.798914), loss=0.242076 (avg=0.227635), pairs_step=315404, pairs_total=56832374
[2026-03-02 18:11:00,760] INFO:fitness.free_loss_fidelity: RL4CO free-loss step 200/200: score=7.815391 (avg=7.797593), loss=0.208538 (avg=0.227624), pairs_step=315397, pairs_total=63143971
