[2026-03-03 00:26:02,393] INFO:fitness.free_loss_fidelity: Stage3 offline mini-train start gen=12 pair_index=3 K=200 seed=12345 valid_sizes=[100] baseline_json=baseline/mini_eval/baseline_minitrain_tsp100_K200.json
[2026-03-03 00:26:08,350] INFO:fitness.free_loss_fidelity: RL4CO free-loss (step-mode): f1_steps=200, f2_steps=0, total_steps=200, train_problem_size=100, rollouts=100, batch_size=64, device=cuda:0, env=tsp
[2026-03-03 00:26:09,079] INFO:fitness.free_loss_fidelity: RL4CO free-loss step 1/200: score=36.122910 (avg=36.122910), loss=0.714891 (avg=0.714891), pairs_step=1792, pairs_total=1792
[2026-03-03 00:26:15,203] INFO:fitness.free_loss_fidelity: RL4CO free-loss step 20/200: score=12.727228 (avg=14.643357), loss=0.678907 (avg=0.688542), pairs_step=1792, pairs_total=35840
[2026-03-03 00:26:21,610] INFO:fitness.free_loss_fidelity: RL4CO free-loss step 40/200: score=10.208170 (avg=12.728392), loss=0.680601 (avg=0.684095), pairs_step=1792, pairs_total=71680
[2026-03-03 00:26:27,956] INFO:fitness.free_loss_fidelity: RL4CO free-loss step 60/200: score=10.512756 (avg=11.904075), loss=0.665340 (avg=0.680038), pairs_step=1792, pairs_total=107520
[2026-03-03 00:26:34,208] INFO:fitness.free_loss_fidelity: RL4CO free-loss step 80/200: score=9.960289 (avg=11.500504), loss=0.664868 (avg=0.676602), pairs_step=1792, pairs_total=143360
[2026-03-03 00:26:40,464] INFO:fitness.free_loss_fidelity: RL4CO free-loss step 100/200: score=12.495438 (avg=11.184275), loss=0.669405 (avg=0.672096), pairs_step=1792, pairs_total=179200
[2026-03-03 00:26:46,732] INFO:fitness.free_loss_fidelity: RL4CO free-loss step 120/200: score=9.609402 (avg=10.994050), loss=0.649940 (avg=0.670634), pairs_step=1792, pairs_total=215040
[2026-03-03 00:26:53,002] INFO:fitness.free_loss_fidelity: RL4CO free-loss step 140/200: score=9.592527 (avg=10.783009), loss=0.653023 (avg=0.667937), pairs_step=1792, pairs_total=250880
[2026-03-03 00:26:59,268] INFO:fitness.free_loss_fidelity: RL4CO free-loss step 160/200: score=9.305378 (avg=10.623911), loss=0.658733 (avg=0.666027), pairs_step=1792, pairs_total=286720
[2026-03-03 00:27:05,531] INFO:fitness.free_loss_fidelity: RL4CO free-loss step 180/200: score=9.448288 (avg=10.500450), loss=0.652049 (avg=0.664530), pairs_step=1792, pairs_total=322560
[2026-03-03 00:27:11,818] INFO:fitness.free_loss_fidelity: RL4CO free-loss step 200/200: score=9.409904 (avg=10.394916), loss=0.616992 (avg=0.662164), pairs_step=1792, pairs_total=358400
[2026-03-03 00:27:12,923] WARNING:fitness.free_loss_fidelity: weights_only checkpoint load failed (UnpicklingError); retrying weights_only=False for /data1/gushengda/eam-rl4co/baseline/epoch_135.ckpt
[2026-03-03 00:27:12,984] INFO:fitness.free_loss_fidelity: Loaded init checkpoint into policy: path=/data1/gushengda/eam-rl4co/baseline/epoch_135.ckpt prefix=policy. matched=97 missing=0 unexpected=0
[2026-03-03 00:27:12,991] INFO:fitness.free_loss_fidelity: RL4CO free-loss (step-mode): f1_steps=200, f2_steps=0, total_steps=200, train_problem_size=100, rollouts=100, batch_size=64, device=cuda:0, env=tsp
[2026-03-03 00:27:13,310] INFO:fitness.free_loss_fidelity: RL4CO free-loss step 1/200: score=7.803347 (avg=7.803347), loss=0.694265 (avg=0.694265), pairs_step=1792, pairs_total=1792
[2026-03-03 00:27:19,295] INFO:fitness.free_loss_fidelity: RL4CO free-loss step 20/200: score=7.812943 (avg=7.828826), loss=0.695076 (avg=0.693808), pairs_step=1792, pairs_total=35840
[2026-03-03 00:27:25,568] INFO:fitness.free_loss_fidelity: RL4CO free-loss step 40/200: score=7.838852 (avg=7.829664), loss=0.695375 (avg=0.693215), pairs_step=1792, pairs_total=71680
[2026-03-03 00:27:31,859] INFO:fitness.free_loss_fidelity: RL4CO free-loss step 60/200: score=7.842208 (avg=7.827593), loss=0.693553 (avg=0.692931), pairs_step=1792, pairs_total=107520
[2026-03-03 00:27:38,135] INFO:fitness.free_loss_fidelity: RL4CO free-loss step 80/200: score=7.832995 (avg=7.829391), loss=0.692042 (avg=0.692982), pairs_step=1792, pairs_total=143360
[2026-03-03 00:27:44,430] INFO:fitness.free_loss_fidelity: RL4CO free-loss step 100/200: score=7.797740 (avg=7.831788), loss=0.687844 (avg=0.692745), pairs_step=1792, pairs_total=179200
[2026-03-03 00:27:50,716] INFO:fitness.free_loss_fidelity: RL4CO free-loss step 120/200: score=7.812155 (avg=7.834285), loss=0.692968 (avg=0.692493), pairs_step=1792, pairs_total=215040
[2026-03-03 00:27:57,007] INFO:fitness.free_loss_fidelity: RL4CO free-loss step 140/200: score=7.893445 (avg=7.838251), loss=0.691877 (avg=0.692166), pairs_step=1792, pairs_total=250880
[2026-03-03 00:28:03,301] INFO:fitness.free_loss_fidelity: RL4CO free-loss step 160/200: score=7.839897 (avg=7.839036), loss=0.691793 (avg=0.691945), pairs_step=1792, pairs_total=286720
[2026-03-03 00:28:09,605] INFO:fitness.free_loss_fidelity: RL4CO free-loss step 180/200: score=7.821256 (avg=7.838836), loss=0.693726 (avg=0.691998), pairs_step=1792, pairs_total=322560
[2026-03-03 00:28:15,900] INFO:fitness.free_loss_fidelity: RL4CO free-loss step 200/200: score=7.858136 (avg=7.838369), loss=0.688677 (avg=0.691993), pairs_step=1792, pairs_total=358400
[2026-03-03 00:28:17,003] WARNING:fitness.free_loss_fidelity: weights_only checkpoint load failed (UnpicklingError); retrying weights_only=False for /data1/gushengda/eam-rl4co/baseline/epoch_409.ckpt
[2026-03-03 00:28:17,040] INFO:fitness.free_loss_fidelity: Loaded init checkpoint into policy: path=/data1/gushengda/eam-rl4co/baseline/epoch_409.ckpt prefix=policy. matched=97 missing=0 unexpected=0
[2026-03-03 00:28:17,045] INFO:fitness.free_loss_fidelity: RL4CO free-loss (step-mode): f1_steps=200, f2_steps=0, total_steps=200, train_problem_size=100, rollouts=100, batch_size=64, device=cuda:0, env=tsp
[2026-03-03 00:28:17,375] INFO:fitness.free_loss_fidelity: RL4CO free-loss step 1/200: score=7.807477 (avg=7.807477), loss=0.698285 (avg=0.698285), pairs_step=1792, pairs_total=1792
[2026-03-03 00:28:23,348] INFO:fitness.free_loss_fidelity: RL4CO free-loss step 20/200: score=7.794945 (avg=7.815946), loss=0.692166 (avg=0.694691), pairs_step=1792, pairs_total=35840
[2026-03-03 00:28:29,893] INFO:fitness.free_loss_fidelity: RL4CO free-loss step 40/200: score=7.836666 (avg=7.814613), loss=0.692180 (avg=0.693922), pairs_step=1792, pairs_total=71680
[2026-03-03 00:28:36,184] INFO:fitness.free_loss_fidelity: RL4CO free-loss step 60/200: score=7.830807 (avg=7.812589), loss=0.696845 (avg=0.693500), pairs_step=1792, pairs_total=107520
[2026-03-03 00:28:42,469] INFO:fitness.free_loss_fidelity: RL4CO free-loss step 80/200: score=7.806837 (avg=7.812716), loss=0.694145 (avg=0.693271), pairs_step=1792, pairs_total=143360
[2026-03-03 00:28:48,773] INFO:fitness.free_loss_fidelity: RL4CO free-loss step 100/200: score=7.779260 (avg=7.813670), loss=0.693047 (avg=0.692983), pairs_step=1792, pairs_total=179200
[2026-03-03 00:28:55,060] INFO:fitness.free_loss_fidelity: RL4CO free-loss step 120/200: score=7.785113 (avg=7.815706), loss=0.690081 (avg=0.692473), pairs_step=1792, pairs_total=215040
[2026-03-03 00:29:01,354] INFO:fitness.free_loss_fidelity: RL4CO free-loss step 140/200: score=7.839089 (avg=7.816223), loss=0.687001 (avg=0.692279), pairs_step=1792, pairs_total=250880
[2026-03-03 00:29:07,649] INFO:fitness.free_loss_fidelity: RL4CO free-loss step 160/200: score=7.816489 (avg=7.815483), loss=0.687777 (avg=0.692072), pairs_step=1792, pairs_total=286720
[2026-03-03 00:29:13,947] INFO:fitness.free_loss_fidelity: RL4CO free-loss step 180/200: score=7.798570 (avg=7.814455), loss=0.691843 (avg=0.691936), pairs_step=1792, pairs_total=322560
[2026-03-03 00:29:20,256] INFO:fitness.free_loss_fidelity: RL4CO free-loss step 200/200: score=7.828601 (avg=7.813134), loss=0.694471 (avg=0.691885), pairs_step=1792, pairs_total=358400
