[2026-03-02 13:30:41,607] INFO:fitness.free_loss_fidelity: Stage3 offline mini-train start gen=0 pair_index=4 K=1000 seed=12345 valid_sizes=[100] baseline_json=baseline/mini_eval/baseline_minitrain_tsp100_K1000.json
[2026-03-02 13:30:47,102] INFO:fitness.free_loss_fidelity: RL4CO free-loss (step-mode): f1_steps=1000, f2_steps=0, total_steps=1000, train_problem_size=100, rollouts=100, batch_size=64, device=cuda:3, env=tsp
[2026-03-02 13:30:47,952] INFO:fitness.free_loss_fidelity: RL4CO free-loss step 1/1000: score=36.122910 (avg=36.122910), loss=0.942688 (avg=0.942688), pairs_step=316800, pairs_total=316800
[2026-03-02 13:31:20,114] INFO:fitness.free_loss_fidelity: RL4CO free-loss step 100/1000: score=9.194284 (avg=10.167466), loss=0.522895 (avg=0.553969), pairs_step=316800, pairs_total=31679983
[2026-03-02 13:31:51,894] INFO:fitness.free_loss_fidelity: RL4CO free-loss step 200/1000: score=8.951324 (avg=9.620613), loss=0.536051 (avg=0.539653), pairs_step=316800, pairs_total=63359967
[2026-03-02 13:32:23,694] INFO:fitness.free_loss_fidelity: RL4CO free-loss step 300/1000: score=8.748576 (avg=9.361646), loss=0.531454 (avg=0.537357), pairs_step=316800, pairs_total=95039938
[2026-03-02 13:32:55,514] INFO:fitness.free_loss_fidelity: RL4CO free-loss step 400/1000: score=8.612354 (avg=9.185780), loss=0.539468 (avg=0.537890), pairs_step=316800, pairs_total=126719903
[2026-03-02 13:33:27,372] INFO:fitness.free_loss_fidelity: RL4CO free-loss step 500/1000: score=8.502726 (avg=9.061001), loss=0.544114 (avg=0.537998), pairs_step=316800, pairs_total=158399877
[2026-03-02 13:33:59,237] INFO:fitness.free_loss_fidelity: RL4CO free-loss step 600/1000: score=8.454628 (avg=8.967987), loss=0.544398 (avg=0.538063), pairs_step=316800, pairs_total=190079837
[2026-03-02 13:34:31,063] INFO:fitness.free_loss_fidelity: RL4CO free-loss step 700/1000: score=8.468305 (avg=8.896341), loss=0.546572 (avg=0.538033), pairs_step=316800, pairs_total=221759806
[2026-03-02 13:35:03,089] INFO:fitness.free_loss_fidelity: RL4CO free-loss step 800/1000: score=8.406463 (avg=8.837583), loss=0.529149 (avg=0.538273), pairs_step=316800, pairs_total=253439776
[2026-03-02 13:35:34,938] INFO:fitness.free_loss_fidelity: RL4CO free-loss step 900/1000: score=8.432068 (avg=8.789418), loss=0.538069 (avg=0.538597), pairs_step=316800, pairs_total=285119744
[2026-03-02 13:36:06,760] INFO:fitness.free_loss_fidelity: RL4CO free-loss step 1000/1000: score=8.386986 (avg=8.748319), loss=0.536316 (avg=0.538886), pairs_step=316798, pairs_total=316799701
[2026-03-02 13:36:07,869] WARNING:fitness.free_loss_fidelity: weights_only checkpoint load failed (UnpicklingError); retrying weights_only=False for /data1/gushengda/eam-rl4co/baseline/epoch_135.ckpt
[2026-03-02 13:36:07,911] INFO:fitness.free_loss_fidelity: Loaded init checkpoint into policy: path=/data1/gushengda/eam-rl4co/baseline/epoch_135.ckpt prefix=policy. matched=97 missing=0 unexpected=0
[2026-03-02 13:36:07,917] INFO:fitness.free_loss_fidelity: RL4CO free-loss (step-mode): f1_steps=1000, f2_steps=0, total_steps=1000, train_problem_size=100, rollouts=100, batch_size=64, device=cuda:3, env=tsp
[2026-03-02 13:36:08,249] INFO:fitness.free_loss_fidelity: RL4CO free-loss step 1/1000: score=7.803347 (avg=7.803347), loss=0.669376 (avg=0.669376), pairs_step=315697, pairs_total=315697
[2026-03-02 13:36:39,770] INFO:fitness.free_loss_fidelity: RL4CO free-loss step 100/1000: score=7.754013 (avg=7.798073), loss=0.634674 (avg=0.652959), pairs_step=315965, pairs_total=31596765
[2026-03-02 13:37:11,616] INFO:fitness.free_loss_fidelity: RL4CO free-loss step 200/1000: score=7.806504 (avg=7.797601), loss=0.584663 (avg=0.636389), pairs_step=316148, pairs_total=63204897
[2026-03-02 13:37:43,456] INFO:fitness.free_loss_fidelity: RL4CO free-loss step 300/1000: score=7.811965 (avg=7.798288), loss=0.470254 (avg=0.608748), pairs_step=316242, pairs_total=94821257
[2026-03-02 13:38:15,327] INFO:fitness.free_loss_fidelity: RL4CO free-loss step 400/1000: score=7.821040 (avg=7.798098), loss=0.402718 (avg=0.564981), pairs_step=316155, pairs_total=126441701
[2026-03-02 13:38:47,336] INFO:fitness.free_loss_fidelity: RL4CO free-loss step 500/1000: score=7.773535 (avg=7.797187), loss=0.382333 (avg=0.533915), pairs_step=316195, pairs_total=158062491
[2026-03-02 13:39:19,167] INFO:fitness.free_loss_fidelity: RL4CO free-loss step 600/1000: score=7.751374 (avg=7.796515), loss=0.382376 (avg=0.511081), pairs_step=316363, pairs_total=189679324
[2026-03-02 13:39:50,981] INFO:fitness.free_loss_fidelity: RL4CO free-loss step 700/1000: score=7.808169 (avg=7.796298), loss=0.376390 (avg=0.492497), pairs_step=316186, pairs_total=221300951
[2026-03-02 13:40:22,796] INFO:fitness.free_loss_fidelity: RL4CO free-loss step 800/1000: score=7.787652 (avg=7.796255), loss=0.383464 (avg=0.478364), pairs_step=316148, pairs_total=252923284
[2026-03-02 13:40:54,630] INFO:fitness.free_loss_fidelity: RL4CO free-loss step 900/1000: score=7.829404 (avg=7.796011), loss=0.390603 (avg=0.467580), pairs_step=316349, pairs_total=284547140
[2026-03-02 13:41:26,700] INFO:fitness.free_loss_fidelity: RL4CO free-loss step 1000/1000: score=7.820071 (avg=7.795550), loss=0.370648 (avg=0.458696), pairs_step=316311, pairs_total=316169192
[2026-03-02 13:41:27,802] WARNING:fitness.free_loss_fidelity: weights_only checkpoint load failed (UnpicklingError); retrying weights_only=False for /data1/gushengda/eam-rl4co/baseline/epoch_409.ckpt
[2026-03-02 13:41:27,839] INFO:fitness.free_loss_fidelity: Loaded init checkpoint into policy: path=/data1/gushengda/eam-rl4co/baseline/epoch_409.ckpt prefix=policy. matched=97 missing=0 unexpected=0
[2026-03-02 13:41:27,845] INFO:fitness.free_loss_fidelity: RL4CO free-loss (step-mode): f1_steps=1000, f2_steps=0, total_steps=1000, train_problem_size=100, rollouts=100, batch_size=64, device=cuda:3, env=tsp
[2026-03-02 13:41:28,178] INFO:fitness.free_loss_fidelity: RL4CO free-loss step 1/1000: score=7.807477 (avg=7.807477), loss=0.188473 (avg=0.188473), pairs_step=315750, pairs_total=315750
[2026-03-02 13:41:59,658] INFO:fitness.free_loss_fidelity: RL4CO free-loss step 100/1000: score=7.754997 (avg=7.797613), loss=0.182478 (avg=0.181394), pairs_step=315932, pairs_total=31594670
[2026-03-02 13:42:31,512] INFO:fitness.free_loss_fidelity: RL4CO free-loss step 200/1000: score=7.812469 (avg=7.796409), loss=0.172773 (avg=0.178617), pairs_step=315676, pairs_total=63191676
[2026-03-02 13:43:03,335] INFO:fitness.free_loss_fidelity: RL4CO free-loss step 300/1000: score=7.805516 (avg=7.796719), loss=0.178172 (avg=0.178475), pairs_step=316049, pairs_total=94784638
[2026-03-02 13:43:35,168] INFO:fitness.free_loss_fidelity: RL4CO free-loss step 400/1000: score=7.813427 (avg=7.796059), loss=0.177878 (avg=0.177918), pairs_step=316005, pairs_total=126373395
[2026-03-02 13:44:07,170] INFO:fitness.free_loss_fidelity: RL4CO free-loss step 500/1000: score=7.772742 (avg=7.794774), loss=0.185963 (avg=0.178364), pairs_step=315684, pairs_total=157952449
[2026-03-02 13:44:39,019] INFO:fitness.free_loss_fidelity: RL4CO free-loss step 600/1000: score=7.749096 (avg=7.793822), loss=0.174196 (avg=0.178824), pairs_step=315644, pairs_total=189522610
[2026-03-02 13:45:10,831] INFO:fitness.free_loss_fidelity: RL4CO free-loss step 700/1000: score=7.803517 (avg=7.793484), loss=0.171046 (avg=0.177996), pairs_step=315502, pairs_total=221091453
[2026-03-02 13:45:42,795] INFO:fitness.free_loss_fidelity: RL4CO free-loss step 800/1000: score=7.782697 (avg=7.793129), loss=0.170491 (avg=0.176903), pairs_step=315492, pairs_total=252653710
[2026-03-02 13:46:14,680] INFO:fitness.free_loss_fidelity: RL4CO free-loss step 900/1000: score=7.826951 (avg=7.792585), loss=0.166044 (avg=0.176404), pairs_step=315562, pairs_total=284205850
[2026-03-02 13:46:46,522] INFO:fitness.free_loss_fidelity: RL4CO free-loss step 1000/1000: score=7.816715 (avg=7.791919), loss=0.165012 (avg=0.175293), pairs_step=315496, pairs_total=315757701
