[2026-03-03 05:32:02,587] INFO:fitness.free_loss_fidelity: Stage3 offline mini-train start gen=16 pair_index=11 K=200 seed=12345 valid_sizes=[100] baseline_json=baseline/mini_eval/baseline_minitrain_tsp100_K200.json
[2026-03-03 05:32:02,609] INFO:fitness.free_loss_fidelity: RL4CO free-loss (step-mode): f1_steps=200, f2_steps=0, total_steps=200, train_problem_size=100, rollouts=100, batch_size=64, device=cuda:2, env=tsp
[2026-03-03 05:32:02,987] INFO:fitness.free_loss_fidelity: RL4CO free-loss step 1/200: score=36.122910 (avg=36.122910), loss=0.680039 (avg=0.680039), pairs_step=128, pairs_total=128
[2026-03-03 05:32:09,828] INFO:fitness.free_loss_fidelity: RL4CO free-loss step 20/200: score=10.306740 (avg=13.088270), loss=0.455192 (avg=0.415735), pairs_step=128, pairs_total=2560
[2026-03-03 05:32:17,041] INFO:fitness.free_loss_fidelity: RL4CO free-loss step 40/200: score=9.589021 (avg=11.515357), loss=0.430518 (avg=0.408559), pairs_step=128, pairs_total=5120
[2026-03-03 05:32:24,265] INFO:fitness.free_loss_fidelity: RL4CO free-loss step 60/200: score=9.419497 (avg=10.850422), loss=0.378180 (avg=0.397596), pairs_step=128, pairs_total=7680
[2026-03-03 05:32:31,481] INFO:fitness.free_loss_fidelity: RL4CO free-loss step 80/200: score=9.340554 (avg=10.473546), loss=0.369594 (avg=0.397395), pairs_step=128, pairs_total=10240
[2026-03-03 05:32:38,703] INFO:fitness.free_loss_fidelity: RL4CO free-loss step 100/200: score=9.128263 (avg=10.227641), loss=0.340521 (avg=0.395839), pairs_step=128, pairs_total=12800
[2026-03-03 05:32:45,931] INFO:fitness.free_loss_fidelity: RL4CO free-loss step 120/200: score=9.025496 (avg=10.045096), loss=0.376412 (avg=0.395624), pairs_step=128, pairs_total=15360
[2026-03-03 05:32:53,163] INFO:fitness.free_loss_fidelity: RL4CO free-loss step 140/200: score=9.095155 (avg=9.903401), loss=0.391636 (avg=0.394344), pairs_step=128, pairs_total=17920
[2026-03-03 05:33:00,383] INFO:fitness.free_loss_fidelity: RL4CO free-loss step 160/200: score=8.911373 (avg=9.793682), loss=0.410016 (avg=0.393831), pairs_step=128, pairs_total=20480
[2026-03-03 05:33:07,624] INFO:fitness.free_loss_fidelity: RL4CO free-loss step 180/200: score=8.898365 (avg=9.697308), loss=0.403767 (avg=0.393559), pairs_step=128, pairs_total=23040
[2026-03-03 05:33:14,851] INFO:fitness.free_loss_fidelity: RL4CO free-loss step 200/200: score=8.908628 (avg=9.616118), loss=0.388872 (avg=0.392792), pairs_step=128, pairs_total=25600
[2026-03-03 05:33:16,151] WARNING:fitness.free_loss_fidelity: weights_only checkpoint load failed (UnpicklingError); retrying weights_only=False for /data1/gushengda/eam-rl4co/baseline/epoch_135.ckpt
[2026-03-03 05:33:16,192] INFO:fitness.free_loss_fidelity: Loaded init checkpoint into policy: path=/data1/gushengda/eam-rl4co/baseline/epoch_135.ckpt prefix=policy. matched=97 missing=0 unexpected=0
[2026-03-03 05:33:16,199] INFO:fitness.free_loss_fidelity: RL4CO free-loss (step-mode): f1_steps=200, f2_steps=0, total_steps=200, train_problem_size=100, rollouts=100, batch_size=64, device=cuda:2, env=tsp
[2026-03-03 05:33:16,584] INFO:fitness.free_loss_fidelity: RL4CO free-loss step 1/200: score=7.803347 (avg=7.803347), loss=0.599003 (avg=0.599003), pairs_step=128, pairs_total=128
[2026-03-03 05:33:23,449] INFO:fitness.free_loss_fidelity: RL4CO free-loss step 20/200: score=7.803739 (avg=7.822497), loss=0.595966 (avg=0.585374), pairs_step=128, pairs_total=2560
[2026-03-03 05:33:30,670] INFO:fitness.free_loss_fidelity: RL4CO free-loss step 40/200: score=7.834063 (avg=7.821074), loss=0.612696 (avg=0.594195), pairs_step=128, pairs_total=5120
[2026-03-03 05:33:37,890] INFO:fitness.free_loss_fidelity: RL4CO free-loss step 60/200: score=7.828658 (avg=7.817975), loss=0.615187 (avg=0.600977), pairs_step=128, pairs_total=7680
[2026-03-03 05:33:45,106] INFO:fitness.free_loss_fidelity: RL4CO free-loss step 80/200: score=7.811634 (avg=7.816306), loss=0.610685 (avg=0.604730), pairs_step=128, pairs_total=10240
[2026-03-03 05:33:52,318] INFO:fitness.free_loss_fidelity: RL4CO free-loss step 100/200: score=7.769542 (avg=7.816819), loss=0.612851 (avg=0.608036), pairs_step=128, pairs_total=12800
[2026-03-03 05:33:59,539] INFO:fitness.free_loss_fidelity: RL4CO free-loss step 120/200: score=7.791135 (avg=7.818321), loss=0.626284 (avg=0.609582), pairs_step=128, pairs_total=15360
[2026-03-03 05:34:06,748] INFO:fitness.free_loss_fidelity: RL4CO free-loss step 140/200: score=7.849100 (avg=7.819813), loss=0.615645 (avg=0.610328), pairs_step=128, pairs_total=17920
[2026-03-03 05:34:13,985] INFO:fitness.free_loss_fidelity: RL4CO free-loss step 160/200: score=7.823724 (avg=7.819448), loss=0.623654 (avg=0.610432), pairs_step=128, pairs_total=20480
[2026-03-03 05:34:21,217] INFO:fitness.free_loss_fidelity: RL4CO free-loss step 180/200: score=7.820194 (avg=7.819040), loss=0.623843 (avg=0.610592), pairs_step=128, pairs_total=23040
[2026-03-03 05:34:28,446] INFO:fitness.free_loss_fidelity: RL4CO free-loss step 200/200: score=7.843832 (avg=7.818978), loss=0.618691 (avg=0.611118), pairs_step=128, pairs_total=25600
[2026-03-03 05:34:29,748] WARNING:fitness.free_loss_fidelity: weights_only checkpoint load failed (UnpicklingError); retrying weights_only=False for /data1/gushengda/eam-rl4co/baseline/epoch_409.ckpt
[2026-03-03 05:34:29,790] INFO:fitness.free_loss_fidelity: Loaded init checkpoint into policy: path=/data1/gushengda/eam-rl4co/baseline/epoch_409.ckpt prefix=policy. matched=97 missing=0 unexpected=0
[2026-03-03 05:34:29,796] INFO:fitness.free_loss_fidelity: RL4CO free-loss (step-mode): f1_steps=200, f2_steps=0, total_steps=200, train_problem_size=100, rollouts=100, batch_size=64, device=cuda:2, env=tsp
[2026-03-03 05:34:30,172] INFO:fitness.free_loss_fidelity: RL4CO free-loss step 1/200: score=7.807477 (avg=7.807477), loss=0.009506 (avg=0.009506), pairs_step=128, pairs_total=128
[2026-03-03 05:34:37,232] INFO:fitness.free_loss_fidelity: RL4CO free-loss step 20/200: score=7.787113 (avg=7.812603), loss=0.250485 (avg=0.154627), pairs_step=128, pairs_total=2560
[2026-03-03 05:34:44,461] INFO:fitness.free_loss_fidelity: RL4CO free-loss step 40/200: score=7.823087 (avg=7.809523), loss=0.325653 (avg=0.226752), pairs_step=128, pairs_total=5120
[2026-03-03 05:34:51,685] INFO:fitness.free_loss_fidelity: RL4CO free-loss step 60/200: score=7.830029 (avg=7.808671), loss=0.336489 (avg=0.262505), pairs_step=128, pairs_total=7680
[2026-03-03 05:34:58,914] INFO:fitness.free_loss_fidelity: RL4CO free-loss step 80/200: score=7.814872 (avg=7.808463), loss=0.364571 (avg=0.289540), pairs_step=128, pairs_total=10240
[2026-03-03 05:35:06,130] INFO:fitness.free_loss_fidelity: RL4CO free-loss step 100/200: score=7.770664 (avg=7.810389), loss=0.434611 (avg=0.309781), pairs_step=128, pairs_total=12800
[2026-03-03 05:35:13,357] INFO:fitness.free_loss_fidelity: RL4CO free-loss step 120/200: score=7.794892 (avg=7.812794), loss=0.416326 (avg=0.326507), pairs_step=128, pairs_total=15360
[2026-03-03 05:35:20,584] INFO:fitness.free_loss_fidelity: RL4CO free-loss step 140/200: score=7.844043 (avg=7.814868), loss=0.439996 (avg=0.340643), pairs_step=128, pairs_total=17920
[2026-03-03 05:35:27,818] INFO:fitness.free_loss_fidelity: RL4CO free-loss step 160/200: score=7.813990 (avg=7.814402), loss=0.455368 (avg=0.354555), pairs_step=128, pairs_total=20480
[2026-03-03 05:35:35,050] INFO:fitness.free_loss_fidelity: RL4CO free-loss step 180/200: score=7.812557 (avg=7.813823), loss=0.483106 (avg=0.366741), pairs_step=128, pairs_total=23040
[2026-03-03 05:35:42,277] INFO:fitness.free_loss_fidelity: RL4CO free-loss step 200/200: score=7.823509 (avg=7.812931), loss=0.453702 (avg=0.376779), pairs_step=128, pairs_total=25600
