[2026-03-03 00:36:29,581] INFO:fitness.free_loss_fidelity: Stage3 offline mini-train start gen=12 pair_index=16 K=200 seed=12345 valid_sizes=[100] baseline_json=baseline/mini_eval/baseline_minitrain_tsp100_K200.json
[2026-03-03 00:36:29,600] INFO:fitness.free_loss_fidelity: RL4CO free-loss (step-mode): f1_steps=200, f2_steps=0, total_steps=200, train_problem_size=100, rollouts=100, batch_size=64, device=cuda:2, env=tsp
[2026-03-03 00:36:29,985] INFO:fitness.free_loss_fidelity: RL4CO free-loss step 1/200: score=36.122910 (avg=36.122910), loss=0.747062 (avg=0.747062), pairs_step=13056, pairs_total=13056
[2026-03-03 00:36:36,401] INFO:fitness.free_loss_fidelity: RL4CO free-loss step 20/200: score=10.022261 (avg=12.888624), loss=0.569338 (avg=0.566737), pairs_step=13056, pairs_total=261120
[2026-03-03 00:36:43,147] INFO:fitness.free_loss_fidelity: RL4CO free-loss step 40/200: score=9.480806 (avg=11.260663), loss=0.551953 (avg=0.562495), pairs_step=13056, pairs_total=522240
[2026-03-03 00:36:49,910] INFO:fitness.free_loss_fidelity: RL4CO free-loss step 60/200: score=9.361881 (avg=10.626138), loss=0.558270 (avg=0.562766), pairs_step=13056, pairs_total=783360
[2026-03-03 00:36:56,653] INFO:fitness.free_loss_fidelity: RL4CO free-loss step 80/200: score=9.149906 (avg=10.273069), loss=0.570719 (avg=0.561886), pairs_step=13056, pairs_total=1044480
[2026-03-03 00:37:03,397] INFO:fitness.free_loss_fidelity: RL4CO free-loss step 100/200: score=8.946608 (avg=10.036746), loss=0.542891 (avg=0.558591), pairs_step=13056, pairs_total=1305600
[2026-03-03 00:37:10,151] INFO:fitness.free_loss_fidelity: RL4CO free-loss step 120/200: score=8.962009 (avg=9.861417), loss=0.547287 (avg=0.555628), pairs_step=13056, pairs_total=1566720
[2026-03-03 00:37:16,879] INFO:fitness.free_loss_fidelity: RL4CO free-loss step 140/200: score=8.957458 (avg=9.728918), loss=0.528232 (avg=0.554028), pairs_step=13056, pairs_total=1827840
[2026-03-03 00:37:23,629] INFO:fitness.free_loss_fidelity: RL4CO free-loss step 160/200: score=8.853758 (avg=9.617905), loss=0.521699 (avg=0.552579), pairs_step=13056, pairs_total=2088960
[2026-03-03 00:37:30,391] INFO:fitness.free_loss_fidelity: RL4CO free-loss step 180/200: score=8.750860 (avg=9.527904), loss=0.551411 (avg=0.551769), pairs_step=13056, pairs_total=2350080
[2026-03-03 00:37:37,144] INFO:fitness.free_loss_fidelity: RL4CO free-loss step 200/200: score=8.758173 (avg=9.449470), loss=0.550914 (avg=0.551610), pairs_step=13056, pairs_total=2611200
[2026-03-03 00:37:38,256] WARNING:fitness.free_loss_fidelity: weights_only checkpoint load failed (UnpicklingError); retrying weights_only=False for /data1/gushengda/eam-rl4co/baseline/epoch_135.ckpt
[2026-03-03 00:37:38,294] INFO:fitness.free_loss_fidelity: Loaded init checkpoint into policy: path=/data1/gushengda/eam-rl4co/baseline/epoch_135.ckpt prefix=policy. matched=97 missing=0 unexpected=0
[2026-03-03 00:37:38,300] INFO:fitness.free_loss_fidelity: RL4CO free-loss (step-mode): f1_steps=200, f2_steps=0, total_steps=200, train_problem_size=100, rollouts=100, batch_size=64, device=cuda:2, env=tsp
[2026-03-03 00:37:38,653] INFO:fitness.free_loss_fidelity: RL4CO free-loss step 1/200: score=7.803347 (avg=7.803347), loss=0.655717 (avg=0.655717), pairs_step=13056, pairs_total=13056
[2026-03-03 00:37:45,076] INFO:fitness.free_loss_fidelity: RL4CO free-loss step 20/200: score=7.784802 (avg=7.816432), loss=0.660241 (avg=0.660170), pairs_step=13056, pairs_total=261120
[2026-03-03 00:37:52,028] INFO:fitness.free_loss_fidelity: RL4CO free-loss step 40/200: score=7.829835 (avg=7.809671), loss=0.664365 (avg=0.660253), pairs_step=13056, pairs_total=522240
[2026-03-03 00:37:58,790] INFO:fitness.free_loss_fidelity: RL4CO free-loss step 60/200: score=7.817461 (avg=7.806318), loss=0.669371 (avg=0.661288), pairs_step=13056, pairs_total=783360
[2026-03-03 00:38:05,562] INFO:fitness.free_loss_fidelity: RL4CO free-loss step 80/200: score=7.805653 (avg=7.804946), loss=0.665995 (avg=0.661118), pairs_step=13056, pairs_total=1044480
[2026-03-03 00:38:12,323] INFO:fitness.free_loss_fidelity: RL4CO free-loss step 100/200: score=7.766066 (avg=7.805635), loss=0.669221 (avg=0.661117), pairs_step=13056, pairs_total=1305600
[2026-03-03 00:38:19,062] INFO:fitness.free_loss_fidelity: RL4CO free-loss step 120/200: score=7.785391 (avg=7.807480), loss=0.658277 (avg=0.661254), pairs_step=13056, pairs_total=1566720
[2026-03-03 00:38:25,779] INFO:fitness.free_loss_fidelity: RL4CO free-loss step 140/200: score=7.839794 (avg=7.808688), loss=0.658841 (avg=0.661283), pairs_step=13056, pairs_total=1827840
[2026-03-03 00:38:32,499] INFO:fitness.free_loss_fidelity: RL4CO free-loss step 160/200: score=7.801176 (avg=7.808587), loss=0.663366 (avg=0.661455), pairs_step=13056, pairs_total=2088960
[2026-03-03 00:38:39,225] INFO:fitness.free_loss_fidelity: RL4CO free-loss step 180/200: score=7.788502 (avg=7.807452), loss=0.662454 (avg=0.661810), pairs_step=13056, pairs_total=2350080
[2026-03-03 00:38:45,941] INFO:fitness.free_loss_fidelity: RL4CO free-loss step 200/200: score=7.818831 (avg=7.805970), loss=0.664253 (avg=0.662084), pairs_step=13056, pairs_total=2611200
[2026-03-03 00:38:47,055] WARNING:fitness.free_loss_fidelity: weights_only checkpoint load failed (UnpicklingError); retrying weights_only=False for /data1/gushengda/eam-rl4co/baseline/epoch_409.ckpt
[2026-03-03 00:38:47,093] INFO:fitness.free_loss_fidelity: Loaded init checkpoint into policy: path=/data1/gushengda/eam-rl4co/baseline/epoch_409.ckpt prefix=policy. matched=97 missing=0 unexpected=0
[2026-03-03 00:38:47,098] INFO:fitness.free_loss_fidelity: RL4CO free-loss (step-mode): f1_steps=200, f2_steps=0, total_steps=200, train_problem_size=100, rollouts=100, batch_size=64, device=cuda:2, env=tsp
[2026-03-03 00:38:47,490] INFO:fitness.free_loss_fidelity: RL4CO free-loss step 1/200: score=7.807477 (avg=7.807477), loss=0.509554 (avg=0.509554), pairs_step=13053, pairs_total=13053
[2026-03-03 00:38:53,893] INFO:fitness.free_loss_fidelity: RL4CO free-loss step 20/200: score=7.782138 (avg=7.808215), loss=0.512165 (avg=0.501006), pairs_step=13056, pairs_total=261117
[2026-03-03 00:39:00,647] INFO:fitness.free_loss_fidelity: RL4CO free-loss step 40/200: score=7.814375 (avg=7.802119), loss=0.522994 (avg=0.511884), pairs_step=13056, pairs_total=522237
[2026-03-03 00:39:07,427] INFO:fitness.free_loss_fidelity: RL4CO free-loss step 60/200: score=7.812951 (avg=7.798583), loss=0.530452 (avg=0.517739), pairs_step=13056, pairs_total=783357
[2026-03-03 00:39:14,153] INFO:fitness.free_loss_fidelity: RL4CO free-loss step 80/200: score=7.796385 (avg=7.796898), loss=0.539583 (avg=0.521003), pairs_step=13056, pairs_total=1044477
[2026-03-03 00:39:20,900] INFO:fitness.free_loss_fidelity: RL4CO free-loss step 100/200: score=7.752324 (avg=7.797424), loss=0.504358 (avg=0.520576), pairs_step=13056, pairs_total=1305597
[2026-03-03 00:39:27,613] INFO:fitness.free_loss_fidelity: RL4CO free-loss step 120/200: score=7.771536 (avg=7.799095), loss=0.455574 (avg=0.515021), pairs_step=13056, pairs_total=1566717
[2026-03-03 00:39:34,341] INFO:fitness.free_loss_fidelity: RL4CO free-loss step 140/200: score=7.820496 (avg=7.799857), loss=0.447224 (avg=0.505875), pairs_step=13056, pairs_total=1827832
[2026-03-03 00:39:41,079] INFO:fitness.free_loss_fidelity: RL4CO free-loss step 160/200: score=7.785083 (avg=7.798598), loss=0.465337 (avg=0.499760), pairs_step=13056, pairs_total=2088952
[2026-03-03 00:39:47,840] INFO:fitness.free_loss_fidelity: RL4CO free-loss step 180/200: score=7.780312 (avg=7.796971), loss=0.475268 (avg=0.496809), pairs_step=13056, pairs_total=2350072
[2026-03-03 00:39:54,573] INFO:fitness.free_loss_fidelity: RL4CO free-loss step 200/200: score=7.806528 (avg=7.795281), loss=0.475938 (avg=0.495274), pairs_step=13056, pairs_total=2611192
