[2026-03-02 14:18:04,846] INFO:fitness.free_loss_fidelity: Stage3 offline mini-train start gen=1 pair_index=13 K=200 seed=12345 valid_sizes=[100] baseline_json=baseline/mini_eval/baseline_minitrain_tsp100_K200.json
[2026-03-02 14:18:04,865] INFO:fitness.free_loss_fidelity: RL4CO free-loss (step-mode): f1_steps=200, f2_steps=0, total_steps=200, train_problem_size=100, rollouts=100, batch_size=64, device=cuda:2, env=tsp
[2026-03-02 14:18:05,217] INFO:fitness.free_loss_fidelity: RL4CO free-loss step 1/200: score=36.122910 (avg=36.122910), loss=0.370725 (avg=0.370725), pairs_step=316800, pairs_total=316800
[2026-03-02 14:18:11,339] INFO:fitness.free_loss_fidelity: RL4CO free-loss step 20/200: score=11.591927 (avg=14.360123), loss=0.340027 (avg=0.317223), pairs_step=316800, pairs_total=6335995
[2026-03-02 14:18:17,782] INFO:fitness.free_loss_fidelity: RL4CO free-loss step 40/200: score=12.468206 (avg=13.095938), loss=0.260670 (avg=0.314363), pairs_step=316800, pairs_total=12671994
[2026-03-02 14:18:24,227] INFO:fitness.free_loss_fidelity: RL4CO free-loss step 60/200: score=11.144201 (avg=12.715895), loss=0.299198 (avg=0.304608), pairs_step=316800, pairs_total=19007990
[2026-03-02 14:18:30,661] INFO:fitness.free_loss_fidelity: RL4CO free-loss step 80/200: score=10.856477 (avg=12.399398), loss=0.301721 (avg=0.302902), pairs_step=316800, pairs_total=25343987
[2026-03-02 14:18:37,120] INFO:fitness.free_loss_fidelity: RL4CO free-loss step 100/200: score=10.569189 (avg=12.081154), loss=0.316589 (avg=0.306716), pairs_step=316800, pairs_total=31679982
[2026-03-02 14:18:43,562] INFO:fitness.free_loss_fidelity: RL4CO free-loss step 120/200: score=10.889029 (avg=11.919892), loss=0.315518 (avg=0.305592), pairs_step=316799, pairs_total=38015980
[2026-03-02 14:18:50,122] INFO:fitness.free_loss_fidelity: RL4CO free-loss step 140/200: score=11.589241 (avg=11.820689), loss=0.276694 (avg=0.304766), pairs_step=316800, pairs_total=44351979
[2026-03-02 14:18:57,210] INFO:fitness.free_loss_fidelity: RL4CO free-loss step 160/200: score=12.508679 (avg=11.851867), loss=0.250875 (avg=0.299754), pairs_step=316800, pairs_total=50687974
[2026-03-02 14:19:03,653] INFO:fitness.free_loss_fidelity: RL4CO free-loss step 180/200: score=12.091368 (avg=11.855814), loss=0.243906 (avg=0.294517), pairs_step=316800, pairs_total=57023973
[2026-03-02 14:19:10,097] INFO:fitness.free_loss_fidelity: RL4CO free-loss step 200/200: score=12.517355 (avg=11.944013), loss=0.245923 (avg=0.288742), pairs_step=316800, pairs_total=63359969
[2026-03-02 14:19:11,219] WARNING:fitness.free_loss_fidelity: weights_only checkpoint load failed (UnpicklingError); retrying weights_only=False for /data1/gushengda/eam-rl4co/baseline/epoch_135.ckpt
[2026-03-02 14:19:11,257] INFO:fitness.free_loss_fidelity: Loaded init checkpoint into policy: path=/data1/gushengda/eam-rl4co/baseline/epoch_135.ckpt prefix=policy. matched=97 missing=0 unexpected=0
[2026-03-02 14:19:11,262] INFO:fitness.free_loss_fidelity: RL4CO free-loss (step-mode): f1_steps=200, f2_steps=0, total_steps=200, train_problem_size=100, rollouts=100, batch_size=64, device=cuda:2, env=tsp
[2026-03-02 14:19:11,597] INFO:fitness.free_loss_fidelity: RL4CO free-loss step 1/200: score=7.803347 (avg=7.803347), loss=0.383601 (avg=0.383601), pairs_step=315697, pairs_total=315697
[2026-03-02 14:19:17,724] INFO:fitness.free_loss_fidelity: RL4CO free-loss step 20/200: score=7.791368 (avg=7.814614), loss=0.389390 (avg=0.383438), pairs_step=315530, pairs_total=6315965
[2026-03-02 14:19:24,170] INFO:fitness.free_loss_fidelity: RL4CO free-loss step 40/200: score=7.823389 (avg=7.809428), loss=0.382015 (avg=0.383315), pairs_step=316077, pairs_total=12631154
[2026-03-02 14:19:30,609] INFO:fitness.free_loss_fidelity: RL4CO free-loss step 60/200: score=7.823620 (avg=7.806461), loss=0.379666 (avg=0.383305), pairs_step=315709, pairs_total=18946744
[2026-03-02 14:19:37,061] INFO:fitness.free_loss_fidelity: RL4CO free-loss step 80/200: score=7.804792 (avg=7.805056), loss=0.381442 (avg=0.382997), pairs_step=316168, pairs_total=25264743
[2026-03-02 14:19:43,544] INFO:fitness.free_loss_fidelity: RL4CO free-loss step 100/200: score=7.763573 (avg=7.805823), loss=0.370919 (avg=0.381738), pairs_step=316095, pairs_total=31583282
[2026-03-02 14:19:49,980] INFO:fitness.free_loss_fidelity: RL4CO free-loss step 120/200: score=7.784564 (avg=7.807657), loss=0.331541 (avg=0.378850), pairs_step=315928, pairs_total=37900122
[2026-03-02 14:19:56,638] INFO:fitness.free_loss_fidelity: RL4CO free-loss step 140/200: score=7.951338 (avg=7.813949), loss=0.062919 (avg=0.346348), pairs_step=316799, pairs_total=44231309
[2026-03-02 14:20:03,099] INFO:fitness.free_loss_fidelity: RL4CO free-loss step 160/200: score=11.023005 (avg=7.920076), loss=0.095639 (avg=0.314284), pairs_step=316800, pairs_total=50567307
[2026-03-02 14:20:09,801] INFO:fitness.free_loss_fidelity: RL4CO free-loss step 180/200: score=20.566200 (avg=8.869163), loss=0.126799 (avg=0.291615), pairs_step=316800, pairs_total=56903306
[2026-03-02 14:20:16,207] INFO:fitness.free_loss_fidelity: RL4CO free-loss step 200/200: score=24.590193 (avg=10.339182), loss=0.233689 (avg=0.281018), pairs_step=316800, pairs_total=63239301
[2026-03-02 14:20:17,324] WARNING:fitness.free_loss_fidelity: weights_only checkpoint load failed (UnpicklingError); retrying weights_only=False for /data1/gushengda/eam-rl4co/baseline/epoch_409.ckpt
[2026-03-02 14:20:17,360] INFO:fitness.free_loss_fidelity: Loaded init checkpoint into policy: path=/data1/gushengda/eam-rl4co/baseline/epoch_409.ckpt prefix=policy. matched=97 missing=0 unexpected=0
[2026-03-02 14:20:17,365] INFO:fitness.free_loss_fidelity: RL4CO free-loss (step-mode): f1_steps=200, f2_steps=0, total_steps=200, train_problem_size=100, rollouts=100, batch_size=64, device=cuda:2, env=tsp
[2026-03-02 14:20:17,698] INFO:fitness.free_loss_fidelity: RL4CO free-loss step 1/200: score=7.807477 (avg=7.807477), loss=0.117211 (avg=0.117211), pairs_step=315750, pairs_total=315750
[2026-03-02 14:20:23,787] INFO:fitness.free_loss_fidelity: RL4CO free-loss step 20/200: score=7.786851 (avg=7.812457), loss=0.123525 (avg=0.122056), pairs_step=316345, pairs_total=6323846
[2026-03-02 14:20:30,228] INFO:fitness.free_loss_fidelity: RL4CO free-loss step 40/200: score=7.825312 (avg=7.810362), loss=0.116780 (avg=0.117916), pairs_step=316585, pairs_total=12653522
[2026-03-02 14:20:36,625] INFO:fitness.free_loss_fidelity: RL4CO free-loss step 60/200: score=7.832191 (avg=7.810186), loss=0.132990 (avg=0.118470), pairs_step=316699, pairs_total=18985773
[2026-03-02 14:20:43,025] INFO:fitness.free_loss_fidelity: RL4CO free-loss step 80/200: score=7.823021 (avg=7.810310), loss=0.146054 (avg=0.118905), pairs_step=316765, pairs_total=25319203
[2026-03-02 14:20:49,430] INFO:fitness.free_loss_fidelity: RL4CO free-loss step 100/200: score=7.798827 (avg=7.814138), loss=0.137987 (avg=0.121791), pairs_step=316791, pairs_total=31654708
[2026-03-02 14:20:55,825] INFO:fitness.free_loss_fidelity: RL4CO free-loss step 120/200: score=7.993261 (avg=7.830359), loss=0.149487 (avg=0.126525), pairs_step=316800, pairs_total=37990690
[2026-03-02 14:21:02,342] INFO:fitness.free_loss_fidelity: RL4CO free-loss step 140/200: score=12.938103 (avg=8.011756), loss=0.175037 (avg=0.132263), pairs_step=316800, pairs_total=44326689
[2026-03-02 14:21:08,888] INFO:fitness.free_loss_fidelity: RL4CO free-loss step 160/200: score=14.777401 (avg=9.170225), loss=0.186218 (avg=0.140804), pairs_step=316800, pairs_total=50662687
[2026-03-02 14:21:15,287] INFO:fitness.free_loss_fidelity: RL4CO free-loss step 180/200: score=11.268966 (avg=9.527249), loss=0.185564 (avg=0.145363), pairs_step=316800, pairs_total=56998687
[2026-03-02 14:21:21,698] INFO:fitness.free_loss_fidelity: RL4CO free-loss step 200/200: score=11.618988 (avg=9.725288), loss=0.191812 (avg=0.149336), pairs_step=316800, pairs_total=63334685
