[2026-03-02 20:02:53,912] INFO:fitness.free_loss_fidelity: Stage3 offline mini-train start gen=8 pair_index=18 K=200 seed=12345 valid_sizes=[100] baseline_json=baseline/mini_eval/baseline_minitrain_tsp100_K200.json
[2026-03-02 20:02:53,933] INFO:fitness.free_loss_fidelity: RL4CO free-loss (step-mode): f1_steps=200, f2_steps=0, total_steps=200, train_problem_size=100, rollouts=100, batch_size=64, device=cuda:1, env=tsp
[2026-03-02 20:02:54,267] INFO:fitness.free_loss_fidelity: RL4CO free-loss step 1/200: score=36.122910 (avg=36.122910), loss=0.820333 (avg=0.820333), pairs_step=316800, pairs_total=316800
[2026-03-02 20:03:00,545] INFO:fitness.free_loss_fidelity: RL4CO free-loss step 20/200: score=9.949778 (avg=12.978595), loss=0.565885 (avg=0.589531), pairs_step=316800, pairs_total=6335998
[2026-03-02 20:03:07,144] INFO:fitness.free_loss_fidelity: RL4CO free-loss step 40/200: score=9.431469 (avg=11.294839), loss=0.562037 (avg=0.577053), pairs_step=316800, pairs_total=12671990
[2026-03-02 20:03:13,738] INFO:fitness.free_loss_fidelity: RL4CO free-loss step 60/200: score=9.243084 (avg=10.631649), loss=0.551309 (avg=0.570569), pairs_step=316800, pairs_total=19007984
[2026-03-02 20:03:20,342] INFO:fitness.free_loss_fidelity: RL4CO free-loss step 80/200: score=9.041424 (avg=10.257549), loss=0.544234 (avg=0.564223), pairs_step=316799, pairs_total=25343980
[2026-03-02 20:03:26,945] INFO:fitness.free_loss_fidelity: RL4CO free-loss step 100/200: score=8.984120 (avg=10.017004), loss=0.542984 (avg=0.559775), pairs_step=316800, pairs_total=31679977
[2026-03-02 20:03:33,547] INFO:fitness.free_loss_fidelity: RL4CO free-loss step 120/200: score=8.873493 (avg=9.845590), loss=0.545180 (avg=0.557382), pairs_step=316800, pairs_total=38015969
[2026-03-02 20:03:40,143] INFO:fitness.free_loss_fidelity: RL4CO free-loss step 140/200: score=8.948849 (avg=9.711444), loss=0.550644 (avg=0.555945), pairs_step=316799, pairs_total=44351959
[2026-03-02 20:03:46,734] INFO:fitness.free_loss_fidelity: RL4CO free-loss step 160/200: score=8.768666 (avg=9.600670), loss=0.547900 (avg=0.555126), pairs_step=316800, pairs_total=50687956
[2026-03-02 20:03:53,342] INFO:fitness.free_loss_fidelity: RL4CO free-loss step 180/200: score=8.708717 (avg=9.507222), loss=0.555525 (avg=0.555020), pairs_step=316800, pairs_total=57023955
[2026-03-02 20:03:59,945] INFO:fitness.free_loss_fidelity: RL4CO free-loss step 200/200: score=8.722462 (avg=9.426696), loss=0.562147 (avg=0.555421), pairs_step=316799, pairs_total=63359947
[2026-03-02 20:04:01,069] WARNING:fitness.free_loss_fidelity: weights_only checkpoint load failed (UnpicklingError); retrying weights_only=False for /data1/gushengda/eam-rl4co/baseline/epoch_135.ckpt
[2026-03-02 20:04:01,104] INFO:fitness.free_loss_fidelity: Loaded init checkpoint into policy: path=/data1/gushengda/eam-rl4co/baseline/epoch_135.ckpt prefix=policy. matched=97 missing=0 unexpected=0
[2026-03-02 20:04:01,110] INFO:fitness.free_loss_fidelity: RL4CO free-loss (step-mode): f1_steps=200, f2_steps=0, total_steps=200, train_problem_size=100, rollouts=100, batch_size=64, device=cuda:1, env=tsp
[2026-03-02 20:04:01,450] INFO:fitness.free_loss_fidelity: RL4CO free-loss step 1/200: score=7.803347 (avg=7.803347), loss=0.670271 (avg=0.670271), pairs_step=315697, pairs_total=315697
[2026-03-02 20:04:07,712] INFO:fitness.free_loss_fidelity: RL4CO free-loss step 20/200: score=7.778414 (avg=7.807597), loss=0.668384 (avg=0.668420), pairs_step=315727, pairs_total=6317046
[2026-03-02 20:04:14,310] INFO:fitness.free_loss_fidelity: RL4CO free-loss step 40/200: score=7.820238 (avg=7.802023), loss=0.667068 (avg=0.668071), pairs_step=315949, pairs_total=12633750
[2026-03-02 20:04:20,918] INFO:fitness.free_loss_fidelity: RL4CO free-loss step 60/200: score=7.812279 (avg=7.799000), loss=0.670706 (avg=0.668260), pairs_step=315543, pairs_total=18948782
[2026-03-02 20:04:27,518] INFO:fitness.free_loss_fidelity: RL4CO free-loss step 80/200: score=7.797663 (avg=7.797866), loss=0.665568 (avg=0.667913), pairs_step=315608, pairs_total=25264277
[2026-03-02 20:04:34,146] INFO:fitness.free_loss_fidelity: RL4CO free-loss step 100/200: score=7.759007 (avg=7.799339), loss=0.668242 (avg=0.667793), pairs_step=315878, pairs_total=31581058
[2026-03-02 20:04:40,746] INFO:fitness.free_loss_fidelity: RL4CO free-loss step 120/200: score=7.774120 (avg=7.800652), loss=0.668120 (avg=0.667585), pairs_step=315776, pairs_total=37894690
[2026-03-02 20:04:47,349] INFO:fitness.free_loss_fidelity: RL4CO free-loss step 140/200: score=7.829562 (avg=7.801651), loss=0.667978 (avg=0.667643), pairs_step=315722, pairs_total=44208141
[2026-03-02 20:04:53,955] INFO:fitness.free_loss_fidelity: RL4CO free-loss step 160/200: score=7.791964 (avg=7.801044), loss=0.667363 (avg=0.667543), pairs_step=315779, pairs_total=50523111
[2026-03-02 20:05:00,568] INFO:fitness.free_loss_fidelity: RL4CO free-loss step 180/200: score=7.784770 (avg=7.799923), loss=0.668831 (avg=0.667555), pairs_step=315572, pairs_total=56838242
[2026-03-02 20:05:07,184] INFO:fitness.free_loss_fidelity: RL4CO free-loss step 200/200: score=7.810833 (avg=7.798700), loss=0.660032 (avg=0.667402), pairs_step=315640, pairs_total=63151276
[2026-03-02 20:05:08,313] WARNING:fitness.free_loss_fidelity: weights_only checkpoint load failed (UnpicklingError); retrying weights_only=False for /data1/gushengda/eam-rl4co/baseline/epoch_409.ckpt
[2026-03-02 20:05:08,351] INFO:fitness.free_loss_fidelity: Loaded init checkpoint into policy: path=/data1/gushengda/eam-rl4co/baseline/epoch_409.ckpt prefix=policy. matched=97 missing=0 unexpected=0
[2026-03-02 20:05:08,356] INFO:fitness.free_loss_fidelity: RL4CO free-loss (step-mode): f1_steps=200, f2_steps=0, total_steps=200, train_problem_size=100, rollouts=100, batch_size=64, device=cuda:1, env=tsp
[2026-03-02 20:05:08,695] INFO:fitness.free_loss_fidelity: RL4CO free-loss step 1/200: score=7.807477 (avg=7.807477), loss=0.193570 (avg=0.193570), pairs_step=315750, pairs_total=315750
[2026-03-02 20:05:14,969] INFO:fitness.free_loss_fidelity: RL4CO free-loss step 20/200: score=7.781464 (avg=7.808818), loss=0.180343 (avg=0.184574), pairs_step=315873, pairs_total=6316833
[2026-03-02 20:05:21,767] INFO:fitness.free_loss_fidelity: RL4CO free-loss step 40/200: score=7.812435 (avg=7.801602), loss=0.187412 (avg=0.184399), pairs_step=316017, pairs_total=12636706
[2026-03-02 20:05:28,360] INFO:fitness.free_loss_fidelity: RL4CO free-loss step 60/200: score=7.812385 (avg=7.798093), loss=0.187297 (avg=0.185504), pairs_step=315711, pairs_total=18953574
[2026-03-02 20:05:34,959] INFO:fitness.free_loss_fidelity: RL4CO free-loss step 80/200: score=7.794481 (avg=7.796613), loss=0.186535 (avg=0.185017), pairs_step=315755, pairs_total=25270878
[2026-03-02 20:05:41,558] INFO:fitness.free_loss_fidelity: RL4CO free-loss step 100/200: score=7.753233 (avg=7.797387), loss=0.189936 (avg=0.185461), pairs_step=316154, pairs_total=31588820
[2026-03-02 20:05:48,150] INFO:fitness.free_loss_fidelity: RL4CO free-loss step 120/200: score=7.773642 (avg=7.798894), loss=0.182159 (avg=0.185370), pairs_step=315817, pairs_total=37906426
[2026-03-02 20:05:54,737] INFO:fitness.free_loss_fidelity: RL4CO free-loss step 140/200: score=7.821510 (avg=7.799775), loss=0.181685 (avg=0.184956), pairs_step=315930, pairs_total=44220429
[2026-03-02 20:06:01,333] INFO:fitness.free_loss_fidelity: RL4CO free-loss step 160/200: score=7.797883 (avg=7.798854), loss=0.180031 (avg=0.184312), pairs_step=315721, pairs_total=50537571
[2026-03-02 20:06:07,945] INFO:fitness.free_loss_fidelity: RL4CO free-loss step 180/200: score=7.782135 (avg=7.797708), loss=0.178314 (avg=0.183560), pairs_step=315530, pairs_total=56851759
[2026-03-02 20:06:14,538] INFO:fitness.free_loss_fidelity: RL4CO free-loss step 200/200: score=7.809132 (avg=7.796480), loss=0.186446 (avg=0.183760), pairs_step=315668, pairs_total=63166580
