[2026-03-02 22:05:32,830] INFO:fitness.free_loss_fidelity: Stage3 offline mini-train start gen=10 pair_index=8 K=1000 seed=12345 valid_sizes=[100] baseline_json=baseline/mini_eval/baseline_minitrain_tsp100_K1000.json
[2026-03-02 22:05:38,908] INFO:fitness.free_loss_fidelity: RL4CO free-loss (step-mode): f1_steps=1000, f2_steps=0, total_steps=1000, train_problem_size=100, rollouts=100, batch_size=64, device=cuda:0, env=tsp
[2026-03-02 22:05:39,678] INFO:fitness.free_loss_fidelity: RL4CO free-loss step 1/1000: score=36.122910 (avg=36.122910), loss=0.680039 (avg=0.680039), pairs_step=128, pairs_total=128
[2026-03-02 22:06:12,967] INFO:fitness.free_loss_fidelity: RL4CO free-loss step 100/1000: score=9.096869 (avg=10.216717), loss=0.413681 (avg=0.406222), pairs_step=128, pairs_total=12800
[2026-03-02 22:06:44,378] INFO:fitness.free_loss_fidelity: RL4CO free-loss step 200/1000: score=8.852594 (avg=9.611257), loss=0.385121 (avg=0.399833), pairs_step=128, pairs_total=25600
[2026-03-02 22:07:15,796] INFO:fitness.free_loss_fidelity: RL4CO free-loss step 300/1000: score=8.672185 (avg=9.325443), loss=0.432350 (avg=0.404771), pairs_step=128, pairs_total=38400
[2026-03-02 22:07:47,230] INFO:fitness.free_loss_fidelity: RL4CO free-loss step 400/1000: score=8.538017 (avg=9.145475), loss=0.444896 (avg=0.411310), pairs_step=128, pairs_total=51200
[2026-03-02 22:08:18,686] INFO:fitness.free_loss_fidelity: RL4CO free-loss step 500/1000: score=8.514650 (avg=9.017306), loss=0.458199 (avg=0.417315), pairs_step=128, pairs_total=64000
[2026-03-02 22:08:50,111] INFO:fitness.free_loss_fidelity: RL4CO free-loss step 600/1000: score=8.411385 (avg=8.922539), loss=0.424023 (avg=0.421669), pairs_step=128, pairs_total=76800
[2026-03-02 22:09:21,822] INFO:fitness.free_loss_fidelity: RL4CO free-loss step 700/1000: score=8.405251 (avg=8.849758), loss=0.446498 (avg=0.425593), pairs_step=128, pairs_total=89600
[2026-03-02 22:09:53,288] INFO:fitness.free_loss_fidelity: RL4CO free-loss step 800/1000: score=8.358505 (avg=8.789153), loss=0.457948 (avg=0.429561), pairs_step=128, pairs_total=102400
[2026-03-02 22:10:24,778] INFO:fitness.free_loss_fidelity: RL4CO free-loss step 900/1000: score=8.328567 (avg=8.739124), loss=0.468866 (avg=0.432869), pairs_step=128, pairs_total=115200
[2026-03-02 22:10:56,258] INFO:fitness.free_loss_fidelity: RL4CO free-loss step 1000/1000: score=8.331861 (avg=8.696072), loss=0.481555 (avg=0.435565), pairs_step=128, pairs_total=128000
[2026-03-02 22:10:57,363] WARNING:fitness.free_loss_fidelity: weights_only checkpoint load failed (UnpicklingError); retrying weights_only=False for /data1/gushengda/eam-rl4co/baseline/epoch_135.ckpt
[2026-03-02 22:10:57,407] INFO:fitness.free_loss_fidelity: Loaded init checkpoint into policy: path=/data1/gushengda/eam-rl4co/baseline/epoch_135.ckpt prefix=policy. matched=97 missing=0 unexpected=0
[2026-03-02 22:10:57,413] INFO:fitness.free_loss_fidelity: RL4CO free-loss (step-mode): f1_steps=1000, f2_steps=0, total_steps=1000, train_problem_size=100, rollouts=100, batch_size=64, device=cuda:0, env=tsp
[2026-03-02 22:10:57,741] INFO:fitness.free_loss_fidelity: RL4CO free-loss step 1/1000: score=7.803347 (avg=7.803347), loss=0.599003 (avg=0.599003), pairs_step=128, pairs_total=128
[2026-03-02 22:11:28,927] INFO:fitness.free_loss_fidelity: RL4CO free-loss step 100/1000: score=7.774878 (avg=7.820942), loss=0.616676 (avg=0.606773), pairs_step=128, pairs_total=12800
[2026-03-02 22:12:00,580] INFO:fitness.free_loss_fidelity: RL4CO free-loss step 200/1000: score=7.840005 (avg=7.821073), loss=0.601097 (avg=0.610347), pairs_step=128, pairs_total=25600
[2026-03-02 22:12:32,070] INFO:fitness.free_loss_fidelity: RL4CO free-loss step 300/1000: score=7.842651 (avg=7.822311), loss=0.636245 (avg=0.612906), pairs_step=128, pairs_total=38400
[2026-03-02 22:13:03,538] INFO:fitness.free_loss_fidelity: RL4CO free-loss step 400/1000: score=7.840455 (avg=7.822553), loss=0.608711 (avg=0.613739), pairs_step=128, pairs_total=51200
[2026-03-02 22:13:34,992] INFO:fitness.free_loss_fidelity: RL4CO free-loss step 500/1000: score=7.792032 (avg=7.821809), loss=0.625705 (avg=0.614764), pairs_step=128, pairs_total=64000
[2026-03-02 22:14:06,457] INFO:fitness.free_loss_fidelity: RL4CO free-loss step 600/1000: score=7.783722 (avg=7.821241), loss=0.612938 (avg=0.616296), pairs_step=128, pairs_total=76800
[2026-03-02 22:14:37,935] INFO:fitness.free_loss_fidelity: RL4CO free-loss step 700/1000: score=7.832934 (avg=7.821732), loss=0.614666 (avg=0.617451), pairs_step=128, pairs_total=89600
[2026-03-02 22:15:09,429] INFO:fitness.free_loss_fidelity: RL4CO free-loss step 800/1000: score=7.814321 (avg=7.821809), loss=0.630325 (avg=0.618217), pairs_step=128, pairs_total=102400
[2026-03-02 22:15:40,888] INFO:fitness.free_loss_fidelity: RL4CO free-loss step 900/1000: score=7.855240 (avg=7.821951), loss=0.644315 (avg=0.619196), pairs_step=128, pairs_total=115200
[2026-03-02 22:16:12,398] INFO:fitness.free_loss_fidelity: RL4CO free-loss step 1000/1000: score=7.854554 (avg=7.822234), loss=0.613026 (avg=0.619706), pairs_step=128, pairs_total=128000
[2026-03-02 22:16:13,506] WARNING:fitness.free_loss_fidelity: weights_only checkpoint load failed (UnpicklingError); retrying weights_only=False for /data1/gushengda/eam-rl4co/baseline/epoch_409.ckpt
[2026-03-02 22:16:13,548] INFO:fitness.free_loss_fidelity: Loaded init checkpoint into policy: path=/data1/gushengda/eam-rl4co/baseline/epoch_409.ckpt prefix=policy. matched=97 missing=0 unexpected=0
[2026-03-02 22:16:13,553] INFO:fitness.free_loss_fidelity: RL4CO free-loss (step-mode): f1_steps=1000, f2_steps=0, total_steps=1000, train_problem_size=100, rollouts=100, batch_size=64, device=cuda:0, env=tsp
[2026-03-02 22:16:14,067] INFO:fitness.free_loss_fidelity: RL4CO free-loss step 1/1000: score=7.807477 (avg=7.807477), loss=0.009506 (avg=0.009506), pairs_step=128, pairs_total=128
[2026-03-02 22:16:45,259] INFO:fitness.free_loss_fidelity: RL4CO free-loss step 100/1000: score=7.771195 (avg=7.810083), loss=0.409031 (avg=0.312184), pairs_step=128, pairs_total=12800
[2026-03-02 22:17:16,729] INFO:fitness.free_loss_fidelity: RL4CO free-loss step 200/1000: score=7.832258 (avg=7.812185), loss=0.465095 (avg=0.385589), pairs_step=128, pairs_total=25600
[2026-03-02 22:17:48,204] INFO:fitness.free_loss_fidelity: RL4CO free-loss step 300/1000: score=7.830546 (avg=7.813135), loss=0.535475 (avg=0.425878), pairs_step=128, pairs_total=38400
[2026-03-02 22:18:19,710] INFO:fitness.free_loss_fidelity: RL4CO free-loss step 400/1000: score=7.831841 (avg=7.813218), loss=0.548682 (avg=0.453107), pairs_step=128, pairs_total=51200
[2026-03-02 22:18:51,358] INFO:fitness.free_loss_fidelity: RL4CO free-loss step 500/1000: score=7.788279 (avg=7.812145), loss=0.554912 (avg=0.472550), pairs_step=128, pairs_total=64000
[2026-03-02 22:19:22,839] INFO:fitness.free_loss_fidelity: RL4CO free-loss step 600/1000: score=7.768800 (avg=7.811224), loss=0.580269 (avg=0.488782), pairs_step=128, pairs_total=76800
[2026-03-02 22:19:54,333] INFO:fitness.free_loss_fidelity: RL4CO free-loss step 700/1000: score=7.825262 (avg=7.811545), loss=0.591656 (avg=0.500456), pairs_step=128, pairs_total=89600
[2026-03-02 22:20:25,827] INFO:fitness.free_loss_fidelity: RL4CO free-loss step 800/1000: score=7.806162 (avg=7.811491), loss=0.573608 (avg=0.510514), pairs_step=128, pairs_total=102400
[2026-03-02 22:20:57,304] INFO:fitness.free_loss_fidelity: RL4CO free-loss step 900/1000: score=7.843782 (avg=7.810740), loss=0.587601 (avg=0.519529), pairs_step=128, pairs_total=115200
[2026-03-02 22:21:28,807] INFO:fitness.free_loss_fidelity: RL4CO free-loss step 1000/1000: score=7.833121 (avg=7.810146), loss=0.585644 (avg=0.526852), pairs_step=128, pairs_total=128000
