[2026-03-02 17:26:33,853] INFO:fitness.free_loss_fidelity: Stage3 offline mini-train start gen=5 pair_index=1 K=200 seed=12345 valid_sizes=[100] baseline_json=baseline/mini_eval/baseline_minitrain_tsp100_K200.json
[2026-03-02 17:26:39,787] INFO:fitness.free_loss_fidelity: RL4CO free-loss (step-mode): f1_steps=200, f2_steps=0, total_steps=200, train_problem_size=100, rollouts=100, batch_size=64, device=cuda:3, env=tsp
[2026-03-02 17:26:40,496] INFO:fitness.free_loss_fidelity: RL4CO free-loss step 1/200: score=36.122910 (avg=36.122910), loss=0.743615 (avg=0.743615), pairs_step=316800, pairs_total=316800
[2026-03-02 17:26:46,859] INFO:fitness.free_loss_fidelity: RL4CO free-loss step 20/200: score=9.987170 (avg=12.728737), loss=0.593233 (avg=0.605691), pairs_step=316799, pairs_total=6335997
[2026-03-02 17:26:53,323] INFO:fitness.free_loss_fidelity: RL4CO free-loss step 40/200: score=9.371896 (avg=11.128198), loss=0.588439 (avg=0.600867), pairs_step=316799, pairs_total=12671993
[2026-03-02 17:26:59,808] INFO:fitness.free_loss_fidelity: RL4CO free-loss step 60/200: score=9.121948 (avg=10.494012), loss=0.587091 (avg=0.598530), pairs_step=316800, pairs_total=19007989
[2026-03-02 17:27:06,367] INFO:fitness.free_loss_fidelity: RL4CO free-loss step 80/200: score=8.928981 (avg=10.128932), loss=0.582558 (avg=0.594415), pairs_step=316799, pairs_total=25343985
[2026-03-02 17:27:12,928] INFO:fitness.free_loss_fidelity: RL4CO free-loss step 100/200: score=8.846620 (avg=9.889341), loss=0.580948 (avg=0.591728), pairs_step=316800, pairs_total=31679981
[2026-03-02 17:27:19,453] INFO:fitness.free_loss_fidelity: RL4CO free-loss step 120/200: score=8.772578 (avg=9.716791), loss=0.590256 (avg=0.590637), pairs_step=316800, pairs_total=38015977
[2026-03-02 17:27:25,994] INFO:fitness.free_loss_fidelity: RL4CO free-loss step 140/200: score=8.748121 (avg=9.582163), loss=0.600514 (avg=0.590240), pairs_step=316800, pairs_total=44351968
[2026-03-02 17:27:32,523] INFO:fitness.free_loss_fidelity: RL4CO free-loss step 160/200: score=8.647387 (avg=9.467806), loss=0.594413 (avg=0.590566), pairs_step=316800, pairs_total=50687964
[2026-03-02 17:27:39,065] INFO:fitness.free_loss_fidelity: RL4CO free-loss step 180/200: score=8.580981 (avg=9.371173), loss=0.591822 (avg=0.590926), pairs_step=316799, pairs_total=57023953
[2026-03-02 17:27:45,588] INFO:fitness.free_loss_fidelity: RL4CO free-loss step 200/200: score=8.540117 (avg=9.289795), loss=0.602685 (avg=0.591654), pairs_step=316800, pairs_total=63359944
[2026-03-02 17:27:46,687] WARNING:fitness.free_loss_fidelity: weights_only checkpoint load failed (UnpicklingError); retrying weights_only=False for /data1/gushengda/eam-rl4co/baseline/epoch_135.ckpt
[2026-03-02 17:27:46,732] INFO:fitness.free_loss_fidelity: Loaded init checkpoint into policy: path=/data1/gushengda/eam-rl4co/baseline/epoch_135.ckpt prefix=policy. matched=97 missing=0 unexpected=0
[2026-03-02 17:27:46,738] INFO:fitness.free_loss_fidelity: RL4CO free-loss (step-mode): f1_steps=200, f2_steps=0, total_steps=200, train_problem_size=100, rollouts=100, batch_size=64, device=cuda:3, env=tsp
[2026-03-02 17:27:47,082] INFO:fitness.free_loss_fidelity: RL4CO free-loss step 1/200: score=7.803347 (avg=7.803347), loss=0.673539 (avg=0.673539), pairs_step=315697, pairs_total=315697
[2026-03-02 17:27:53,280] INFO:fitness.free_loss_fidelity: RL4CO free-loss step 20/200: score=7.779761 (avg=7.809361), loss=0.674998 (avg=0.673298), pairs_step=315525, pairs_total=6316165
[2026-03-02 17:27:59,542] INFO:fitness.free_loss_fidelity: RL4CO free-loss step 40/200: score=7.815977 (avg=7.802956), loss=0.674024 (avg=0.673306), pairs_step=315760, pairs_total=12630110
[2026-03-02 17:28:05,811] INFO:fitness.free_loss_fidelity: RL4CO free-loss step 60/200: score=7.815333 (avg=7.798938), loss=0.674494 (avg=0.673312), pairs_step=315309, pairs_total=18943559
[2026-03-02 17:28:12,076] INFO:fitness.free_loss_fidelity: RL4CO free-loss step 80/200: score=7.799147 (avg=7.797378), loss=0.672828 (avg=0.672953), pairs_step=315852, pairs_total=25257204
[2026-03-02 17:28:18,339] INFO:fitness.free_loss_fidelity: RL4CO free-loss step 100/200: score=7.760231 (avg=7.798010), loss=0.671970 (avg=0.672899), pairs_step=315647, pairs_total=31570744
[2026-03-02 17:28:24,643] INFO:fitness.free_loss_fidelity: RL4CO free-loss step 120/200: score=7.776121 (avg=7.799691), loss=0.671701 (avg=0.673026), pairs_step=315742, pairs_total=37885646
[2026-03-02 17:28:30,908] INFO:fitness.free_loss_fidelity: RL4CO free-loss step 140/200: score=7.833684 (avg=7.800710), loss=0.673343 (avg=0.673090), pairs_step=315321, pairs_total=44198435
[2026-03-02 17:28:37,209] INFO:fitness.free_loss_fidelity: RL4CO free-loss step 160/200: score=7.792570 (avg=7.800262), loss=0.673563 (avg=0.673103), pairs_step=315780, pairs_total=50513675
[2026-03-02 17:28:43,478] INFO:fitness.free_loss_fidelity: RL4CO free-loss step 180/200: score=7.784547 (avg=7.799064), loss=0.672448 (avg=0.673073), pairs_step=315580, pairs_total=56825367
[2026-03-02 17:28:49,755] INFO:fitness.free_loss_fidelity: RL4CO free-loss step 200/200: score=7.807424 (avg=7.798057), loss=0.668288 (avg=0.673082), pairs_step=315723, pairs_total=63138347
[2026-03-02 17:28:50,852] WARNING:fitness.free_loss_fidelity: weights_only checkpoint load failed (UnpicklingError); retrying weights_only=False for /data1/gushengda/eam-rl4co/baseline/epoch_409.ckpt
[2026-03-02 17:28:51,169] INFO:fitness.free_loss_fidelity: Loaded init checkpoint into policy: path=/data1/gushengda/eam-rl4co/baseline/epoch_409.ckpt prefix=policy. matched=97 missing=0 unexpected=0
[2026-03-02 17:28:51,175] INFO:fitness.free_loss_fidelity: RL4CO free-loss (step-mode): f1_steps=200, f2_steps=0, total_steps=200, train_problem_size=100, rollouts=100, batch_size=64, device=cuda:3, env=tsp
[2026-03-02 17:28:51,504] INFO:fitness.free_loss_fidelity: RL4CO free-loss step 1/200: score=7.807477 (avg=7.807477), loss=0.229740 (avg=0.229740), pairs_step=315750, pairs_total=315750
[2026-03-02 17:28:57,492] INFO:fitness.free_loss_fidelity: RL4CO free-loss step 20/200: score=7.777472 (avg=7.807621), loss=0.226379 (avg=0.225866), pairs_step=315711, pairs_total=6318990
[2026-03-02 17:29:03,779] INFO:fitness.free_loss_fidelity: RL4CO free-loss step 40/200: score=7.817985 (avg=7.802344), loss=0.200371 (avg=0.218365), pairs_step=315981, pairs_total=12636861
[2026-03-02 17:29:10,061] INFO:fitness.free_loss_fidelity: RL4CO free-loss step 60/200: score=7.810493 (avg=7.798743), loss=0.213085 (avg=0.214795), pairs_step=315569, pairs_total=18953078
[2026-03-02 17:29:16,352] INFO:fitness.free_loss_fidelity: RL4CO free-loss step 80/200: score=7.795636 (avg=7.797550), loss=0.228583 (avg=0.216420), pairs_step=315580, pairs_total=25269706
[2026-03-02 17:29:22,640] INFO:fitness.free_loss_fidelity: RL4CO free-loss step 100/200: score=7.760087 (avg=7.798065), loss=0.218522 (avg=0.217884), pairs_step=315807, pairs_total=31587919
[2026-03-02 17:29:28,931] INFO:fitness.free_loss_fidelity: RL4CO free-loss step 120/200: score=7.779141 (avg=7.799658), loss=0.207197 (avg=0.216475), pairs_step=315461, pairs_total=37903801
[2026-03-02 17:29:35,226] INFO:fitness.free_loss_fidelity: RL4CO free-loss step 140/200: score=7.823424 (avg=7.800768), loss=0.239266 (avg=0.217608), pairs_step=315625, pairs_total=44217042
[2026-03-02 17:29:41,516] INFO:fitness.free_loss_fidelity: RL4CO free-loss step 160/200: score=7.799338 (avg=7.799966), loss=0.237155 (avg=0.220792), pairs_step=315548, pairs_total=50529924
[2026-03-02 17:29:47,795] INFO:fitness.free_loss_fidelity: RL4CO free-loss step 180/200: score=7.778980 (avg=7.798786), loss=0.213947 (avg=0.220928), pairs_step=315323, pairs_total=56840205
[2026-03-02 17:29:54,083] INFO:fitness.free_loss_fidelity: RL4CO free-loss step 200/200: score=7.813170 (avg=7.797555), loss=0.210555 (avg=0.219917), pairs_step=315525, pairs_total=63154159
