[2026-03-02 23:47:25,315] INFO:fitness.free_loss_fidelity: Stage3 offline mini-train start gen=11 pair_index=5 K=1000 seed=12345 valid_sizes=[100] baseline_json=baseline/mini_eval/baseline_minitrain_tsp100_K1000.json
[2026-03-02 23:47:25,336] INFO:fitness.free_loss_fidelity: RL4CO free-loss (step-mode): f1_steps=1000, f2_steps=0, total_steps=1000, train_problem_size=100, rollouts=100, batch_size=64, device=cuda:0, env=tsp
[2026-03-02 23:47:25,652] INFO:fitness.free_loss_fidelity: RL4CO free-loss step 1/1000: score=36.122910 (avg=36.122910), loss=0.649557 (avg=0.649557), pairs_step=128, pairs_total=128
[2026-03-02 23:47:56,760] INFO:fitness.free_loss_fidelity: RL4CO free-loss step 100/1000: score=10.560350 (avg=10.572962), loss=0.358718 (avg=0.369911), pairs_step=128, pairs_total=12800
[2026-03-02 23:48:28,229] INFO:fitness.free_loss_fidelity: RL4CO free-loss step 200/1000: score=9.394640 (avg=10.086752), loss=0.297106 (avg=0.374205), pairs_step=128, pairs_total=25600
[2026-03-02 23:48:59,856] INFO:fitness.free_loss_fidelity: RL4CO free-loss step 300/1000: score=9.365319 (avg=9.848291), loss=0.433981 (avg=0.377235), pairs_step=128, pairs_total=38400
[2026-03-02 23:49:31,309] INFO:fitness.free_loss_fidelity: RL4CO free-loss step 400/1000: score=9.256378 (avg=9.702553), loss=0.405676 (avg=0.388753), pairs_step=128, pairs_total=51200
[2026-03-02 23:50:02,520] INFO:fitness.free_loss_fidelity: RL4CO free-loss step 500/1000: score=9.128582 (avg=9.598828), loss=0.410117 (avg=0.392059), pairs_step=128, pairs_total=64000
[2026-03-02 23:50:33,736] INFO:fitness.free_loss_fidelity: RL4CO free-loss step 600/1000: score=8.894859 (avg=9.516914), loss=0.434873 (avg=0.396181), pairs_step=128, pairs_total=76800
[2026-03-02 23:51:04,899] INFO:fitness.free_loss_fidelity: RL4CO free-loss step 700/1000: score=9.031183 (avg=9.442212), loss=0.595203 (avg=0.401136), pairs_step=128, pairs_total=89600
[2026-03-02 23:51:36,086] INFO:fitness.free_loss_fidelity: RL4CO free-loss step 800/1000: score=8.872663 (avg=9.389645), loss=0.500240 (avg=0.404700), pairs_step=128, pairs_total=102400
[2026-03-02 23:52:07,261] INFO:fitness.free_loss_fidelity: RL4CO free-loss step 900/1000: score=9.043166 (avg=9.330732), loss=0.425913 (avg=0.407161), pairs_step=128, pairs_total=115200
[2026-03-02 23:52:38,426] INFO:fitness.free_loss_fidelity: RL4CO free-loss step 1000/1000: score=8.752644 (avg=9.278875), loss=0.491838 (avg=0.410910), pairs_step=128, pairs_total=128000
[2026-03-02 23:52:39,526] WARNING:fitness.free_loss_fidelity: weights_only checkpoint load failed (UnpicklingError); retrying weights_only=False for /data1/gushengda/eam-rl4co/baseline/epoch_135.ckpt
[2026-03-02 23:52:39,568] INFO:fitness.free_loss_fidelity: Loaded init checkpoint into policy: path=/data1/gushengda/eam-rl4co/baseline/epoch_135.ckpt prefix=policy. matched=97 missing=0 unexpected=0
[2026-03-02 23:52:39,572] INFO:fitness.free_loss_fidelity: RL4CO free-loss (step-mode): f1_steps=1000, f2_steps=0, total_steps=1000, train_problem_size=100, rollouts=100, batch_size=64, device=cuda:0, env=tsp
[2026-03-02 23:52:39,914] INFO:fitness.free_loss_fidelity: RL4CO free-loss step 1/1000: score=7.803347 (avg=7.803347), loss=0.344855 (avg=0.344855), pairs_step=128, pairs_total=128
[2026-03-02 23:53:10,926] INFO:fitness.free_loss_fidelity: RL4CO free-loss step 100/1000: score=8.114492 (avg=7.983454), loss=0.598530 (avg=0.511087), pairs_step=128, pairs_total=12800
[2026-03-02 23:53:42,128] INFO:fitness.free_loss_fidelity: RL4CO free-loss step 200/1000: score=8.156801 (avg=8.066455), loss=0.579431 (avg=0.511422), pairs_step=128, pairs_total=25600
[2026-03-02 23:54:13,267] INFO:fitness.free_loss_fidelity: RL4CO free-loss step 300/1000: score=8.173923 (avg=8.090556), loss=0.558385 (avg=0.527962), pairs_step=128, pairs_total=38400
[2026-03-02 23:54:44,530] INFO:fitness.free_loss_fidelity: RL4CO free-loss step 400/1000: score=8.202437 (avg=8.104614), loss=0.638777 (avg=0.538179), pairs_step=128, pairs_total=51200
[2026-03-02 23:55:15,674] INFO:fitness.free_loss_fidelity: RL4CO free-loss step 500/1000: score=8.075167 (avg=8.110924), loss=0.599005 (avg=0.543989), pairs_step=128, pairs_total=64000
[2026-03-02 23:55:47,007] INFO:fitness.free_loss_fidelity: RL4CO free-loss step 600/1000: score=7.987979 (avg=8.100988), loss=0.594108 (avg=0.548329), pairs_step=128, pairs_total=76800
[2026-03-02 23:56:18,150] INFO:fitness.free_loss_fidelity: RL4CO free-loss step 700/1000: score=8.072466 (avg=8.094852), loss=0.577035 (avg=0.552441), pairs_step=128, pairs_total=89600
[2026-03-02 23:56:49,297] INFO:fitness.free_loss_fidelity: RL4CO free-loss step 800/1000: score=8.043213 (avg=8.089868), loss=0.575432 (avg=0.555954), pairs_step=128, pairs_total=102400
[2026-03-02 23:57:20,442] INFO:fitness.free_loss_fidelity: RL4CO free-loss step 900/1000: score=8.109024 (avg=8.085553), loss=0.598770 (avg=0.558698), pairs_step=128, pairs_total=115200
[2026-03-02 23:57:51,605] INFO:fitness.free_loss_fidelity: RL4CO free-loss step 1000/1000: score=8.133184 (avg=8.083166), loss=0.574781 (avg=0.560947), pairs_step=128, pairs_total=128000
[2026-03-02 23:57:52,707] WARNING:fitness.free_loss_fidelity: weights_only checkpoint load failed (UnpicklingError); retrying weights_only=False for /data1/gushengda/eam-rl4co/baseline/epoch_409.ckpt
[2026-03-02 23:57:52,746] INFO:fitness.free_loss_fidelity: Loaded init checkpoint into policy: path=/data1/gushengda/eam-rl4co/baseline/epoch_409.ckpt prefix=policy. matched=97 missing=0 unexpected=0
[2026-03-02 23:57:52,751] INFO:fitness.free_loss_fidelity: RL4CO free-loss (step-mode): f1_steps=1000, f2_steps=0, total_steps=1000, train_problem_size=100, rollouts=100, batch_size=64, device=cuda:0, env=tsp
[2026-03-02 23:57:53,069] INFO:fitness.free_loss_fidelity: RL4CO free-loss step 1/1000: score=7.807477 (avg=7.807477), loss=0.006854 (avg=0.006854), pairs_step=128, pairs_total=128
[2026-03-02 23:58:23,913] INFO:fitness.free_loss_fidelity: RL4CO free-loss step 100/1000: score=7.887268 (avg=7.882157), loss=0.256957 (avg=0.254557), pairs_step=128, pairs_total=12800
[2026-03-02 23:58:55,043] INFO:fitness.free_loss_fidelity: RL4CO free-loss step 200/1000: score=8.021767 (avg=7.956473), loss=0.377456 (avg=0.349668), pairs_step=128, pairs_total=25600
[2026-03-02 23:59:26,191] INFO:fitness.free_loss_fidelity: RL4CO free-loss step 300/1000: score=8.062696 (avg=7.986449), loss=0.577721 (avg=0.386436), pairs_step=128, pairs_total=38400
[2026-03-02 23:59:57,361] INFO:fitness.free_loss_fidelity: RL4CO free-loss step 400/1000: score=8.040586 (avg=8.005268), loss=0.525531 (avg=0.409704), pairs_step=128, pairs_total=51200
[2026-03-03 00:00:28,692] INFO:fitness.free_loss_fidelity: RL4CO free-loss step 500/1000: score=8.026929 (avg=8.009938), loss=0.477585 (avg=0.416954), pairs_step=128, pairs_total=64000
[2026-03-03 00:00:59,835] INFO:fitness.free_loss_fidelity: RL4CO free-loss step 600/1000: score=7.953543 (avg=8.012773), loss=0.586624 (avg=0.426179), pairs_step=128, pairs_total=76800
[2026-03-03 00:01:30,956] INFO:fitness.free_loss_fidelity: RL4CO free-loss step 700/1000: score=8.012260 (avg=8.012065), loss=0.510885 (avg=0.437107), pairs_step=128, pairs_total=89600
[2026-03-03 00:02:02,061] INFO:fitness.free_loss_fidelity: RL4CO free-loss step 800/1000: score=8.027483 (avg=8.009763), loss=0.484474 (avg=0.446994), pairs_step=128, pairs_total=102400
[2026-03-03 00:02:33,175] INFO:fitness.free_loss_fidelity: RL4CO free-loss step 900/1000: score=8.056067 (avg=8.012057), loss=0.490791 (avg=0.454848), pairs_step=128, pairs_total=115200
[2026-03-03 00:03:04,485] INFO:fitness.free_loss_fidelity: RL4CO free-loss step 1000/1000: score=8.006729 (avg=8.009708), loss=0.542790 (avg=0.462261), pairs_step=128, pairs_total=128000
