[2026-03-02 16:46:03,768] INFO:fitness.free_loss_fidelity: Stage3 offline mini-train start gen=4 pair_index=9 K=200 seed=12345 valid_sizes=[100] baseline_json=baseline/mini_eval/baseline_minitrain_tsp100_K200.json
[2026-03-02 16:46:03,787] INFO:fitness.free_loss_fidelity: RL4CO free-loss (step-mode): f1_steps=200, f2_steps=0, total_steps=200, train_problem_size=100, rollouts=100, batch_size=64, device=cuda:1, env=tsp
[2026-03-02 16:46:04,170] INFO:fitness.free_loss_fidelity: RL4CO free-loss step 1/200: score=36.122910 (avg=36.122910), loss=5.362478 (avg=5.362478), pairs_step=316800, pairs_total=316800
[2026-03-02 16:46:11,068] INFO:fitness.free_loss_fidelity: RL4CO free-loss step 20/200: score=19.602249 (avg=17.189736), loss=1.873960 (avg=2.172197), pairs_step=316800, pairs_total=6335995
[2026-03-02 16:46:18,301] INFO:fitness.free_loss_fidelity: RL4CO free-loss step 40/200: score=23.095173 (avg=19.456216), loss=1.378135 (avg=1.906783), pairs_step=316799, pairs_total=12671991
[2026-03-02 16:46:25,538] INFO:fitness.free_loss_fidelity: RL4CO free-loss step 60/200: score=26.363621 (avg=21.310841), loss=1.325665 (avg=1.724423), pairs_step=316800, pairs_total=19007987
[2026-03-02 16:46:32,780] INFO:fitness.free_loss_fidelity: RL4CO free-loss step 80/200: score=27.901348 (avg=22.797244), loss=1.267311 (avg=1.626765), pairs_step=316800, pairs_total=25343982
[2026-03-02 16:46:40,026] INFO:fitness.free_loss_fidelity: RL4CO free-loss step 100/200: score=28.796972 (avg=23.930367), loss=1.269223 (avg=1.563076), pairs_step=316800, pairs_total=31679981
[2026-03-02 16:46:47,286] INFO:fitness.free_loss_fidelity: RL4CO free-loss step 120/200: score=29.506805 (avg=24.805749), loss=1.267037 (avg=1.516779), pairs_step=316800, pairs_total=38015973
[2026-03-02 16:46:54,536] INFO:fitness.free_loss_fidelity: RL4CO free-loss step 140/200: score=31.167023 (avg=25.569450), loss=1.298801 (avg=1.484202), pairs_step=316800, pairs_total=44351966
[2026-03-02 16:47:01,801] INFO:fitness.free_loss_fidelity: RL4CO free-loss step 160/200: score=32.976089 (avg=26.377439), loss=1.336619 (avg=1.462389), pairs_step=316800, pairs_total=50687961
[2026-03-02 16:47:09,101] INFO:fitness.free_loss_fidelity: RL4CO free-loss step 180/200: score=33.987324 (avg=27.158187), loss=1.224091 (avg=1.441391), pairs_step=316800, pairs_total=57023956
[2026-03-02 16:47:16,361] INFO:fitness.free_loss_fidelity: RL4CO free-loss step 200/200: score=34.760567 (avg=27.873942), loss=1.103828 (avg=1.416445), pairs_step=316800, pairs_total=63359954
[2026-03-02 16:47:17,655] WARNING:fitness.free_loss_fidelity: weights_only checkpoint load failed (UnpicklingError); retrying weights_only=False for /data1/gushengda/eam-rl4co/baseline/epoch_135.ckpt
[2026-03-02 16:47:17,699] INFO:fitness.free_loss_fidelity: Loaded init checkpoint into policy: path=/data1/gushengda/eam-rl4co/baseline/epoch_135.ckpt prefix=policy. matched=97 missing=0 unexpected=0
[2026-03-02 16:47:17,704] INFO:fitness.free_loss_fidelity: RL4CO free-loss (step-mode): f1_steps=200, f2_steps=0, total_steps=200, train_problem_size=100, rollouts=100, batch_size=64, device=cuda:1, env=tsp
[2026-03-02 16:47:18,029] INFO:fitness.free_loss_fidelity: RL4CO free-loss step 1/200: score=7.803347 (avg=7.803347), loss=1.157441 (avg=1.157441), pairs_step=315697, pairs_total=315697
[2026-03-02 16:47:24,113] INFO:fitness.free_loss_fidelity: RL4CO free-loss step 20/200: score=7.847462 (avg=7.832278), loss=0.547001 (avg=0.855433), pairs_step=316799, pairs_total=6329590
[2026-03-02 16:47:30,503] INFO:fitness.free_loss_fidelity: RL4CO free-loss step 40/200: score=10.306642 (avg=8.330762), loss=0.687897 (avg=0.728853), pairs_step=316800, pairs_total=12665590
[2026-03-02 16:47:36,908] INFO:fitness.free_loss_fidelity: RL4CO free-loss step 60/200: score=14.148501 (avg=9.696367), loss=0.688079 (avg=0.723766), pairs_step=316800, pairs_total=19001588
[2026-03-02 16:47:43,315] INFO:fitness.free_loss_fidelity: RL4CO free-loss step 80/200: score=19.250439 (avg=11.437922), loss=0.675715 (avg=0.718813), pairs_step=316800, pairs_total=25337588
[2026-03-02 16:47:49,708] INFO:fitness.free_loss_fidelity: RL4CO free-loss step 100/200: score=25.190226 (avg=13.615192), loss=0.612646 (avg=0.706003), pairs_step=316800, pairs_total=31673588
[2026-03-02 16:47:56,117] INFO:fitness.free_loss_fidelity: RL4CO free-loss step 120/200: score=32.868343 (avg=16.026527), loss=0.645205 (avg=0.694773), pairs_step=316800, pairs_total=38009584
[2026-03-02 16:48:02,526] INFO:fitness.free_loss_fidelity: RL4CO free-loss step 140/200: score=40.856102 (avg=19.075872), loss=0.690086 (avg=0.687408), pairs_step=316799, pairs_total=44345581
[2026-03-02 16:48:08,955] INFO:fitness.free_loss_fidelity: RL4CO free-loss step 160/200: score=44.820415 (avg=22.133103), loss=0.702657 (avg=0.690242), pairs_step=316800, pairs_total=50681578
[2026-03-02 16:48:15,361] INFO:fitness.free_loss_fidelity: RL4CO free-loss step 180/200: score=44.183701 (avg=24.653418), loss=0.655304 (avg=0.688135), pairs_step=316800, pairs_total=57017575
[2026-03-02 16:48:21,758] INFO:fitness.free_loss_fidelity: RL4CO free-loss step 200/200: score=44.257271 (avg=26.616665), loss=0.618397 (avg=0.682971), pairs_step=316800, pairs_total=63353574
[2026-03-02 16:48:23,086] WARNING:fitness.free_loss_fidelity: weights_only checkpoint load failed (UnpicklingError); retrying weights_only=False for /data1/gushengda/eam-rl4co/baseline/epoch_409.ckpt
[2026-03-02 16:48:23,123] INFO:fitness.free_loss_fidelity: Loaded init checkpoint into policy: path=/data1/gushengda/eam-rl4co/baseline/epoch_409.ckpt prefix=policy. matched=97 missing=0 unexpected=0
[2026-03-02 16:48:23,128] INFO:fitness.free_loss_fidelity: RL4CO free-loss (step-mode): f1_steps=200, f2_steps=0, total_steps=200, train_problem_size=100, rollouts=100, batch_size=64, device=cuda:1, env=tsp
[2026-03-02 16:48:23,461] INFO:fitness.free_loss_fidelity: RL4CO free-loss step 1/200: score=7.807477 (avg=7.807477), loss=0.286736 (avg=0.286736), pairs_step=315750, pairs_total=315750
[2026-03-02 16:48:29,559] INFO:fitness.free_loss_fidelity: RL4CO free-loss step 20/200: score=7.789988 (avg=7.811131), loss=0.292525 (avg=0.288496), pairs_step=316672, pairs_total=6324786
[2026-03-02 16:48:35,986] INFO:fitness.free_loss_fidelity: RL4CO free-loss step 40/200: score=7.926738 (avg=7.839551), loss=0.447580 (avg=0.528704), pairs_step=316800, pairs_total=12660557
[2026-03-02 16:48:42,392] INFO:fitness.free_loss_fidelity: RL4CO free-loss step 60/200: score=8.869840 (avg=7.975243), loss=0.819310 (avg=0.571394), pairs_step=316799, pairs_total=18996555
[2026-03-02 16:48:48,807] INFO:fitness.free_loss_fidelity: RL4CO free-loss step 80/200: score=9.299864 (avg=8.208777), loss=0.389816 (avg=0.543483), pairs_step=316800, pairs_total=25332555
[2026-03-02 16:48:55,233] INFO:fitness.free_loss_fidelity: RL4CO free-loss step 100/200: score=25.508942 (avg=9.284721), loss=0.300069 (avg=0.518174), pairs_step=316800, pairs_total=31668553
[2026-03-02 16:49:01,668] INFO:fitness.free_loss_fidelity: RL4CO free-loss step 120/200: score=33.858299 (avg=13.121625), loss=0.184985 (avg=0.469590), pairs_step=316800, pairs_total=38004551
[2026-03-02 16:49:08,097] INFO:fitness.free_loss_fidelity: RL4CO free-loss step 140/200: score=33.357689 (avg=16.083195), loss=0.160094 (avg=0.426777), pairs_step=316800, pairs_total=44340548
[2026-03-02 16:49:14,509] INFO:fitness.free_loss_fidelity: RL4CO free-loss step 160/200: score=32.477829 (avg=18.159772), loss=0.154687 (avg=0.393058), pairs_step=316800, pairs_total=50676544
[2026-03-02 16:49:20,932] INFO:fitness.free_loss_fidelity: RL4CO free-loss step 180/200: score=31.616268 (avg=19.689574), loss=0.146003 (avg=0.365845), pairs_step=316800, pairs_total=57012540
[2026-03-02 16:49:27,356] INFO:fitness.free_loss_fidelity: RL4CO free-loss step 200/200: score=31.240143 (avg=20.851154), loss=0.143672 (avg=0.343496), pairs_step=316800, pairs_total=63348537
