[2026-03-03 05:38:36,632] INFO:fitness.free_loss_fidelity: Stage3 offline mini-train start gen=16 pair_index=18 K=200 seed=12345 valid_sizes=[100] baseline_json=baseline/mini_eval/baseline_minitrain_tsp100_K200.json
[2026-03-03 05:38:36,653] INFO:fitness.free_loss_fidelity: RL4CO free-loss (step-mode): f1_steps=200, f2_steps=0, total_steps=200, train_problem_size=100, rollouts=100, batch_size=64, device=cuda:3, env=tsp
[2026-03-03 05:38:37,019] INFO:fitness.free_loss_fidelity: RL4CO free-loss step 1/200: score=36.122910 (avg=36.122910), loss=0.747062 (avg=0.747062), pairs_step=13056, pairs_total=13056
[2026-03-03 05:38:43,839] INFO:fitness.free_loss_fidelity: RL4CO free-loss step 20/200: score=9.950676 (avg=12.833791), loss=0.542130 (avg=0.562819), pairs_step=13056, pairs_total=261120
[2026-03-03 05:38:51,020] INFO:fitness.free_loss_fidelity: RL4CO free-loss step 40/200: score=9.464903 (avg=11.196086), loss=0.554556 (avg=0.560317), pairs_step=13056, pairs_total=522240
[2026-03-03 05:38:58,215] INFO:fitness.free_loss_fidelity: RL4CO free-loss step 60/200: score=9.308399 (avg=10.571016), loss=0.539744 (avg=0.558475), pairs_step=13056, pairs_total=783360
[2026-03-03 05:39:05,413] INFO:fitness.free_loss_fidelity: RL4CO free-loss step 80/200: score=9.108917 (avg=10.220031), loss=0.534230 (avg=0.555785), pairs_step=13056, pairs_total=1044480
[2026-03-03 05:39:12,603] INFO:fitness.free_loss_fidelity: RL4CO free-loss step 100/200: score=8.969877 (avg=9.993511), loss=0.544645 (avg=0.554086), pairs_step=13056, pairs_total=1305600
[2026-03-03 05:39:19,784] INFO:fitness.free_loss_fidelity: RL4CO free-loss step 120/200: score=8.937227 (avg=9.833554), loss=0.560252 (avg=0.552876), pairs_step=13056, pairs_total=1566720
[2026-03-03 05:39:26,976] INFO:fitness.free_loss_fidelity: RL4CO free-loss step 140/200: score=9.006448 (avg=9.711594), loss=0.546162 (avg=0.552846), pairs_step=13056, pairs_total=1827840
[2026-03-03 05:39:34,171] INFO:fitness.free_loss_fidelity: RL4CO free-loss step 160/200: score=8.866751 (avg=9.607669), loss=0.522953 (avg=0.552473), pairs_step=13056, pairs_total=2088960
[2026-03-03 05:39:41,370] INFO:fitness.free_loss_fidelity: RL4CO free-loss step 180/200: score=8.793371 (avg=9.520017), loss=0.552719 (avg=0.552219), pairs_step=13056, pairs_total=2350080
[2026-03-03 05:39:48,556] INFO:fitness.free_loss_fidelity: RL4CO free-loss step 200/200: score=8.738710 (avg=9.442341), loss=0.547678 (avg=0.552677), pairs_step=13056, pairs_total=2611200
[2026-03-03 05:39:49,837] WARNING:fitness.free_loss_fidelity: weights_only checkpoint load failed (UnpicklingError); retrying weights_only=False for /data1/gushengda/eam-rl4co/baseline/epoch_135.ckpt
[2026-03-03 05:39:49,883] INFO:fitness.free_loss_fidelity: Loaded init checkpoint into policy: path=/data1/gushengda/eam-rl4co/baseline/epoch_135.ckpt prefix=policy. matched=97 missing=0 unexpected=0
[2026-03-03 05:39:49,890] INFO:fitness.free_loss_fidelity: RL4CO free-loss (step-mode): f1_steps=200, f2_steps=0, total_steps=200, train_problem_size=100, rollouts=100, batch_size=64, device=cuda:3, env=tsp
[2026-03-03 05:39:50,261] INFO:fitness.free_loss_fidelity: RL4CO free-loss step 1/200: score=7.803347 (avg=7.803347), loss=0.655717 (avg=0.655717), pairs_step=13056, pairs_total=13056
[2026-03-03 05:39:57,091] INFO:fitness.free_loss_fidelity: RL4CO free-loss step 20/200: score=7.787610 (avg=7.816480), loss=0.662981 (avg=0.661446), pairs_step=13056, pairs_total=261120
[2026-03-03 05:40:04,285] INFO:fitness.free_loss_fidelity: RL4CO free-loss step 40/200: score=7.825136 (avg=7.809776), loss=0.663680 (avg=0.660930), pairs_step=13056, pairs_total=522240
[2026-03-03 05:40:11,477] INFO:fitness.free_loss_fidelity: RL4CO free-loss step 60/200: score=7.820402 (avg=7.806517), loss=0.663072 (avg=0.661149), pairs_step=13056, pairs_total=783360
[2026-03-03 05:40:18,657] INFO:fitness.free_loss_fidelity: RL4CO free-loss step 80/200: score=7.806738 (avg=7.805297), loss=0.656462 (avg=0.661405), pairs_step=13056, pairs_total=1044480
[2026-03-03 05:40:25,846] INFO:fitness.free_loss_fidelity: RL4CO free-loss step 100/200: score=7.765394 (avg=7.805698), loss=0.665669 (avg=0.662138), pairs_step=13056, pairs_total=1305600
[2026-03-03 05:40:33,037] INFO:fitness.free_loss_fidelity: RL4CO free-loss step 120/200: score=7.774195 (avg=7.806836), loss=0.664244 (avg=0.662009), pairs_step=13056, pairs_total=1566720
[2026-03-03 05:40:40,223] INFO:fitness.free_loss_fidelity: RL4CO free-loss step 140/200: score=7.835183 (avg=7.807871), loss=0.659211 (avg=0.661895), pairs_step=13056, pairs_total=1827840
[2026-03-03 05:40:47,401] INFO:fitness.free_loss_fidelity: RL4CO free-loss step 160/200: score=7.802094 (avg=7.807309), loss=0.665046 (avg=0.661627), pairs_step=13056, pairs_total=2088960
[2026-03-03 05:40:54,584] INFO:fitness.free_loss_fidelity: RL4CO free-loss step 180/200: score=7.795024 (avg=7.806339), loss=0.659029 (avg=0.661251), pairs_step=13056, pairs_total=2350080
[2026-03-03 05:41:01,774] INFO:fitness.free_loss_fidelity: RL4CO free-loss step 200/200: score=7.826114 (avg=7.805742), loss=0.657901 (avg=0.660966), pairs_step=13056, pairs_total=2611200
[2026-03-03 05:41:03,056] WARNING:fitness.free_loss_fidelity: weights_only checkpoint load failed (UnpicklingError); retrying weights_only=False for /data1/gushengda/eam-rl4co/baseline/epoch_409.ckpt
[2026-03-03 05:41:03,102] INFO:fitness.free_loss_fidelity: Loaded init checkpoint into policy: path=/data1/gushengda/eam-rl4co/baseline/epoch_409.ckpt prefix=policy. matched=97 missing=0 unexpected=0
[2026-03-03 05:41:03,109] INFO:fitness.free_loss_fidelity: RL4CO free-loss (step-mode): f1_steps=200, f2_steps=0, total_steps=200, train_problem_size=100, rollouts=100, batch_size=64, device=cuda:3, env=tsp
[2026-03-03 05:41:03,481] INFO:fitness.free_loss_fidelity: RL4CO free-loss step 1/200: score=7.807477 (avg=7.807477), loss=0.509554 (avg=0.509554), pairs_step=13053, pairs_total=13053
[2026-03-03 05:41:10,299] INFO:fitness.free_loss_fidelity: RL4CO free-loss step 20/200: score=7.776227 (avg=7.807998), loss=0.515884 (avg=0.506161), pairs_step=13056, pairs_total=261117
[2026-03-03 05:41:17,658] INFO:fitness.free_loss_fidelity: RL4CO free-loss step 40/200: score=7.812540 (avg=7.801866), loss=0.531232 (avg=0.513722), pairs_step=13056, pairs_total=522237
[2026-03-03 05:41:24,837] INFO:fitness.free_loss_fidelity: RL4CO free-loss step 60/200: score=7.810954 (avg=7.797944), loss=0.531746 (avg=0.518739), pairs_step=13056, pairs_total=783333
[2026-03-03 05:41:32,021] INFO:fitness.free_loss_fidelity: RL4CO free-loss step 80/200: score=7.795851 (avg=7.796132), loss=0.537304 (avg=0.523124), pairs_step=13056, pairs_total=1044443
[2026-03-03 05:41:39,209] INFO:fitness.free_loss_fidelity: RL4CO free-loss step 100/200: score=7.753779 (avg=7.796493), loss=0.536890 (avg=0.524663), pairs_step=13056, pairs_total=1305561
[2026-03-03 05:41:46,385] INFO:fitness.free_loss_fidelity: RL4CO free-loss step 120/200: score=7.774974 (avg=7.797673), loss=0.489568 (avg=0.523322), pairs_step=13056, pairs_total=1566681
[2026-03-03 05:41:53,559] INFO:fitness.free_loss_fidelity: RL4CO free-loss step 140/200: score=7.823842 (avg=7.798481), loss=0.465988 (avg=0.516404), pairs_step=13056, pairs_total=1827801
[2026-03-03 05:42:00,765] INFO:fitness.free_loss_fidelity: RL4CO free-loss step 160/200: score=7.788935 (avg=7.797523), loss=0.476101 (avg=0.510735), pairs_step=13056, pairs_total=2088921
[2026-03-03 05:42:07,949] INFO:fitness.free_loss_fidelity: RL4CO free-loss step 180/200: score=7.773482 (avg=7.795840), loss=0.488654 (avg=0.507381), pairs_step=13056, pairs_total=2350037
[2026-03-03 05:42:15,124] INFO:fitness.free_loss_fidelity: RL4CO free-loss step 200/200: score=7.806616 (avg=7.794294), loss=0.479992 (avg=0.505533), pairs_step=13056, pairs_total=2611157
