[2026-03-03 05:55:14,194] INFO:fitness.free_loss_fidelity: Stage3 offline mini-train start gen=16 pair_index=36 K=200 seed=12345 valid_sizes=[100] baseline_json=baseline/mini_eval/baseline_minitrain_tsp100_K200.json
[2026-03-03 05:55:14,213] INFO:fitness.free_loss_fidelity: RL4CO free-loss (step-mode): f1_steps=200, f2_steps=0, total_steps=200, train_problem_size=100, rollouts=100, batch_size=64, device=cuda:1, env=tsp
[2026-03-03 05:55:14,542] INFO:fitness.free_loss_fidelity: RL4CO free-loss step 1/200: score=36.122910 (avg=36.122910), loss=0.694445 (avg=0.694445), pairs_step=2048, pairs_total=2048
[2026-03-03 05:55:20,688] INFO:fitness.free_loss_fidelity: RL4CO free-loss step 20/200: score=10.034478 (avg=12.819855), loss=0.492389 (avg=0.492820), pairs_step=2048, pairs_total=40960
[2026-03-03 05:55:27,159] INFO:fitness.free_loss_fidelity: RL4CO free-loss step 40/200: score=9.525665 (avg=11.231475), loss=0.509804 (avg=0.503647), pairs_step=2048, pairs_total=81920
[2026-03-03 05:55:33,622] INFO:fitness.free_loss_fidelity: RL4CO free-loss step 60/200: score=9.397722 (avg=10.622205), loss=0.512197 (avg=0.504675), pairs_step=2048, pairs_total=122880
[2026-03-03 05:55:40,101] INFO:fitness.free_loss_fidelity: RL4CO free-loss step 80/200: score=9.245740 (avg=10.293638), loss=0.488399 (avg=0.504157), pairs_step=2048, pairs_total=163840
[2026-03-03 05:55:46,572] INFO:fitness.free_loss_fidelity: RL4CO free-loss step 100/200: score=9.145539 (avg=10.087070), loss=0.521901 (avg=0.501689), pairs_step=2048, pairs_total=204800
[2026-03-03 05:55:53,049] INFO:fitness.free_loss_fidelity: RL4CO free-loss step 120/200: score=9.074303 (avg=9.928142), loss=0.505354 (avg=0.498848), pairs_step=2048, pairs_total=245760
[2026-03-03 05:55:59,522] INFO:fitness.free_loss_fidelity: RL4CO free-loss step 140/200: score=9.067789 (avg=9.805789), loss=0.509206 (avg=0.498790), pairs_step=2048, pairs_total=286720
[2026-03-03 05:56:05,994] INFO:fitness.free_loss_fidelity: RL4CO free-loss step 160/200: score=8.950396 (avg=9.702951), loss=0.504366 (avg=0.497657), pairs_step=2048, pairs_total=327680
[2026-03-03 05:56:12,468] INFO:fitness.free_loss_fidelity: RL4CO free-loss step 180/200: score=8.843539 (avg=9.614257), loss=0.498710 (avg=0.497546), pairs_step=2048, pairs_total=368640
[2026-03-03 05:56:18,945] INFO:fitness.free_loss_fidelity: RL4CO free-loss step 200/200: score=8.783627 (avg=9.536852), loss=0.529187 (avg=0.499207), pairs_step=2048, pairs_total=409600
[2026-03-03 05:56:20,077] WARNING:fitness.free_loss_fidelity: weights_only checkpoint load failed (UnpicklingError); retrying weights_only=False for /data1/gushengda/eam-rl4co/baseline/epoch_135.ckpt
[2026-03-03 05:56:20,117] INFO:fitness.free_loss_fidelity: Loaded init checkpoint into policy: path=/data1/gushengda/eam-rl4co/baseline/epoch_135.ckpt prefix=policy. matched=97 missing=0 unexpected=0
[2026-03-03 05:56:20,122] INFO:fitness.free_loss_fidelity: RL4CO free-loss (step-mode): f1_steps=200, f2_steps=0, total_steps=200, train_problem_size=100, rollouts=100, batch_size=64, device=cuda:1, env=tsp
[2026-03-03 05:56:20,460] INFO:fitness.free_loss_fidelity: RL4CO free-loss step 1/200: score=7.803347 (avg=7.803347), loss=0.616246 (avg=0.616246), pairs_step=2048, pairs_total=2048
[2026-03-03 05:56:26,613] INFO:fitness.free_loss_fidelity: RL4CO free-loss step 20/200: score=7.827683 (avg=7.835197), loss=0.608253 (avg=0.613128), pairs_step=2048, pairs_total=40960
[2026-03-03 05:56:33,090] INFO:fitness.free_loss_fidelity: RL4CO free-loss step 40/200: score=7.869564 (avg=7.841521), loss=0.614059 (avg=0.613682), pairs_step=2048, pairs_total=81920
[2026-03-03 05:56:39,576] INFO:fitness.free_loss_fidelity: RL4CO free-loss step 60/200: score=7.849937 (avg=7.839593), loss=0.641143 (avg=0.619361), pairs_step=2048, pairs_total=122880
[2026-03-03 05:56:46,047] INFO:fitness.free_loss_fidelity: RL4CO free-loss step 80/200: score=7.853442 (avg=7.839505), loss=0.627138 (avg=0.622589), pairs_step=2048, pairs_total=163840
[2026-03-03 05:56:52,516] INFO:fitness.free_loss_fidelity: RL4CO free-loss step 100/200: score=7.810032 (avg=7.843999), loss=0.620203 (avg=0.622669), pairs_step=2048, pairs_total=204800
[2026-03-03 05:56:58,995] INFO:fitness.free_loss_fidelity: RL4CO free-loss step 120/200: score=7.849805 (avg=7.848276), loss=0.630005 (avg=0.622318), pairs_step=2048, pairs_total=245760
[2026-03-03 05:57:05,457] INFO:fitness.free_loss_fidelity: RL4CO free-loss step 140/200: score=7.889997 (avg=7.851807), loss=0.649037 (avg=0.624124), pairs_step=2048, pairs_total=286720
[2026-03-03 05:57:11,915] INFO:fitness.free_loss_fidelity: RL4CO free-loss step 160/200: score=7.842361 (avg=7.851776), loss=0.631079 (avg=0.624589), pairs_step=2048, pairs_total=327680
[2026-03-03 05:57:18,409] INFO:fitness.free_loss_fidelity: RL4CO free-loss step 180/200: score=7.849237 (avg=7.851197), loss=0.654144 (avg=0.624989), pairs_step=2048, pairs_total=368640
[2026-03-03 05:57:24,866] INFO:fitness.free_loss_fidelity: RL4CO free-loss step 200/200: score=7.905284 (avg=7.852334), loss=0.624780 (avg=0.624574), pairs_step=2048, pairs_total=409600
[2026-03-03 05:57:25,994] WARNING:fitness.free_loss_fidelity: weights_only checkpoint load failed (UnpicklingError); retrying weights_only=False for /data1/gushengda/eam-rl4co/baseline/epoch_409.ckpt
[2026-03-03 05:57:26,032] INFO:fitness.free_loss_fidelity: Loaded init checkpoint into policy: path=/data1/gushengda/eam-rl4co/baseline/epoch_409.ckpt prefix=policy. matched=97 missing=0 unexpected=0
[2026-03-03 05:57:26,038] INFO:fitness.free_loss_fidelity: RL4CO free-loss (step-mode): f1_steps=200, f2_steps=0, total_steps=200, train_problem_size=100, rollouts=100, batch_size=64, device=cuda:1, env=tsp
[2026-03-03 05:57:26,383] INFO:fitness.free_loss_fidelity: RL4CO free-loss step 1/200: score=7.807477 (avg=7.807477), loss=0.011176 (avg=0.011176), pairs_step=2048, pairs_total=2048
[2026-03-03 05:57:32,518] INFO:fitness.free_loss_fidelity: RL4CO free-loss step 20/200: score=7.814338 (avg=7.823222), loss=0.331214 (avg=0.188273), pairs_step=2048, pairs_total=40960
[2026-03-03 05:57:38,974] INFO:fitness.free_loss_fidelity: RL4CO free-loss step 40/200: score=7.958087 (avg=7.853618), loss=0.450376 (avg=0.283281), pairs_step=2048, pairs_total=81920
[2026-03-03 05:57:45,431] INFO:fitness.free_loss_fidelity: RL4CO free-loss step 60/200: score=7.926040 (avg=7.883923), loss=0.518315 (avg=0.351242), pairs_step=2048, pairs_total=122880
[2026-03-03 05:57:51,889] INFO:fitness.free_loss_fidelity: RL4CO free-loss step 80/200: score=7.907106 (avg=7.890168), loss=0.509676 (avg=0.392318), pairs_step=2048, pairs_total=163840
[2026-03-03 05:57:58,549] INFO:fitness.free_loss_fidelity: RL4CO free-loss step 100/200: score=7.854704 (avg=7.893023), loss=0.543114 (avg=0.419362), pairs_step=2048, pairs_total=204800
[2026-03-03 05:58:05,000] INFO:fitness.free_loss_fidelity: RL4CO free-loss step 120/200: score=7.838017 (avg=7.895015), loss=0.563448 (avg=0.442809), pairs_step=2048, pairs_total=245760
[2026-03-03 05:58:11,462] INFO:fitness.free_loss_fidelity: RL4CO free-loss step 140/200: score=7.894160 (avg=7.894004), loss=0.583832 (avg=0.462498), pairs_step=2048, pairs_total=286720
[2026-03-03 05:58:17,904] INFO:fitness.free_loss_fidelity: RL4CO free-loss step 160/200: score=7.880832 (avg=7.890643), loss=0.590452 (avg=0.476891), pairs_step=2048, pairs_total=327680
[2026-03-03 05:58:24,354] INFO:fitness.free_loss_fidelity: RL4CO free-loss step 180/200: score=7.855178 (avg=7.887508), loss=0.613616 (avg=0.490301), pairs_step=2048, pairs_total=368640
[2026-03-03 05:58:30,810] INFO:fitness.free_loss_fidelity: RL4CO free-loss step 200/200: score=7.882390 (avg=7.885133), loss=0.595413 (avg=0.501996), pairs_step=2048, pairs_total=409600
