[2026-03-02 14:11:06,929] INFO:fitness.free_loss_fidelity: Stage3 offline mini-train start gen=1 pair_index=1 K=200 seed=12345 valid_sizes=[100] baseline_json=baseline/mini_eval/baseline_minitrain_tsp100_K200.json
[2026-03-02 14:11:12,892] INFO:fitness.free_loss_fidelity: RL4CO free-loss (step-mode): f1_steps=200, f2_steps=0, total_steps=200, train_problem_size=100, rollouts=100, batch_size=64, device=cuda:0, env=tsp
[2026-03-02 14:11:13,692] INFO:fitness.free_loss_fidelity: RL4CO free-loss step 1/200: score=36.122910 (avg=36.122910), loss=5.240767 (avg=5.240767), pairs_step=316800, pairs_total=316800
[2026-03-02 14:11:19,968] INFO:fitness.free_loss_fidelity: RL4CO free-loss step 20/200: score=19.755943 (avg=17.213836), loss=1.804785 (avg=2.087736), pairs_step=316800, pairs_total=6335997
[2026-03-02 14:11:26,645] INFO:fitness.free_loss_fidelity: RL4CO free-loss step 40/200: score=23.433382 (avg=19.584011), loss=1.291490 (avg=1.835227), pairs_step=316800, pairs_total=12671994
[2026-03-02 14:11:33,396] INFO:fitness.free_loss_fidelity: RL4CO free-loss step 60/200: score=26.652340 (avg=21.494509), loss=1.293426 (avg=1.651107), pairs_step=316800, pairs_total=19007993
[2026-03-02 14:11:40,172] INFO:fitness.free_loss_fidelity: RL4CO free-loss step 80/200: score=28.139832 (avg=22.969749), loss=1.195302 (avg=1.548153), pairs_step=316800, pairs_total=25343992
[2026-03-02 14:11:46,945] INFO:fitness.free_loss_fidelity: RL4CO free-loss step 100/200: score=28.827633 (avg=24.102998), loss=1.179920 (avg=1.479578), pairs_step=316800, pairs_total=31679985
[2026-03-02 14:11:53,744] INFO:fitness.free_loss_fidelity: RL4CO free-loss step 120/200: score=29.725386 (avg=24.981144), loss=1.146042 (avg=1.429933), pairs_step=316800, pairs_total=38015983
[2026-03-02 14:12:00,830] INFO:fitness.free_loss_fidelity: RL4CO free-loss step 140/200: score=31.476463 (avg=25.769117), loss=1.213270 (avg=1.393248), pairs_step=316799, pairs_total=44351974
[2026-03-02 14:12:07,960] INFO:fitness.free_loss_fidelity: RL4CO free-loss step 160/200: score=33.374191 (avg=26.598043), loss=1.134200 (avg=1.366653), pairs_step=316799, pairs_total=50687971
[2026-03-02 14:12:15,105] INFO:fitness.free_loss_fidelity: RL4CO free-loss step 180/200: score=34.675819 (avg=27.405982), loss=1.156699 (avg=1.341813), pairs_step=316799, pairs_total=57023968
[2026-03-02 14:12:22,268] INFO:fitness.free_loss_fidelity: RL4CO free-loss step 200/200: score=35.741417 (avg=28.191454), loss=1.023937 (avg=1.314341), pairs_step=316799, pairs_total=63359963
[2026-03-02 14:12:23,554] WARNING:fitness.free_loss_fidelity: weights_only checkpoint load failed (UnpicklingError); retrying weights_only=False for /data1/gushengda/eam-rl4co/baseline/epoch_135.ckpt
[2026-03-02 14:12:23,601] INFO:fitness.free_loss_fidelity: Loaded init checkpoint into policy: path=/data1/gushengda/eam-rl4co/baseline/epoch_135.ckpt prefix=policy. matched=97 missing=0 unexpected=0
[2026-03-02 14:12:23,607] INFO:fitness.free_loss_fidelity: RL4CO free-loss (step-mode): f1_steps=200, f2_steps=0, total_steps=200, train_problem_size=100, rollouts=100, batch_size=64, device=cuda:0, env=tsp
[2026-03-02 14:12:23,982] INFO:fitness.free_loss_fidelity: RL4CO free-loss step 1/200: score=7.803347 (avg=7.803347), loss=1.072121 (avg=1.072121), pairs_step=315697, pairs_total=315697
[2026-03-02 14:12:30,783] INFO:fitness.free_loss_fidelity: RL4CO free-loss step 20/200: score=7.949920 (avg=7.845852), loss=0.693738 (avg=0.841144), pairs_step=316800, pairs_total=6329892
[2026-03-02 14:12:37,944] INFO:fitness.free_loss_fidelity: RL4CO free-loss step 40/200: score=12.989944 (avg=8.985180), loss=0.739382 (avg=0.786270), pairs_step=316800, pairs_total=12665890
[2026-03-02 14:12:45,119] INFO:fitness.free_loss_fidelity: RL4CO free-loss step 60/200: score=20.558813 (avg=11.524281), loss=0.862089 (avg=0.776368), pairs_step=316800, pairs_total=19001890
[2026-03-02 14:12:52,262] INFO:fitness.free_loss_fidelity: RL4CO free-loss step 80/200: score=37.358437 (avg=15.802113), loss=1.184610 (avg=0.834041), pairs_step=316800, pairs_total=25337888
[2026-03-02 14:12:59,420] INFO:fitness.free_loss_fidelity: RL4CO free-loss step 100/200: score=44.878586 (avg=20.835942), loss=0.639513 (avg=0.849673), pairs_step=316800, pairs_total=31673884
[2026-03-02 14:13:06,586] INFO:fitness.free_loss_fidelity: RL4CO free-loss step 120/200: score=44.645424 (avg=24.743479), loss=1.022744 (avg=0.835666), pairs_step=316800, pairs_total=38009879
[2026-03-02 14:13:13,763] INFO:fitness.free_loss_fidelity: RL4CO free-loss step 140/200: score=44.483978 (avg=27.514370), loss=0.973596 (avg=0.864328), pairs_step=316800, pairs_total=44345875
[2026-03-02 14:13:20,925] INFO:fitness.free_loss_fidelity: RL4CO free-loss step 160/200: score=46.119244 (avg=29.769855), loss=0.737020 (avg=0.861076), pairs_step=316800, pairs_total=50681872
[2026-03-02 14:13:28,114] INFO:fitness.free_loss_fidelity: RL4CO free-loss step 180/200: score=45.544559 (avg=31.556595), loss=0.642206 (avg=0.840390), pairs_step=316800, pairs_total=57017872
[2026-03-02 14:13:35,269] INFO:fitness.free_loss_fidelity: RL4CO free-loss step 200/200: score=46.748459 (avg=33.017474), loss=0.826556 (avg=0.842574), pairs_step=316799, pairs_total=63353871
[2026-03-02 14:13:36,558] WARNING:fitness.free_loss_fidelity: weights_only checkpoint load failed (UnpicklingError); retrying weights_only=False for /data1/gushengda/eam-rl4co/baseline/epoch_409.ckpt
[2026-03-02 14:13:36,602] INFO:fitness.free_loss_fidelity: Loaded init checkpoint into policy: path=/data1/gushengda/eam-rl4co/baseline/epoch_409.ckpt prefix=policy. matched=97 missing=0 unexpected=0
[2026-03-02 14:13:36,607] INFO:fitness.free_loss_fidelity: RL4CO free-loss (step-mode): f1_steps=200, f2_steps=0, total_steps=200, train_problem_size=100, rollouts=100, batch_size=64, device=cuda:0, env=tsp
[2026-03-02 14:13:36,979] INFO:fitness.free_loss_fidelity: RL4CO free-loss step 1/200: score=7.807477 (avg=7.807477), loss=0.272637 (avg=0.272637), pairs_step=315750, pairs_total=315750
[2026-03-02 14:13:43,790] INFO:fitness.free_loss_fidelity: RL4CO free-loss step 20/200: score=7.785452 (avg=7.809613), loss=0.355092 (avg=0.282698), pairs_step=316700, pairs_total=6325101
[2026-03-02 14:13:50,952] INFO:fitness.free_loss_fidelity: RL4CO free-loss step 40/200: score=7.926473 (avg=7.843478), loss=0.473733 (avg=0.511710), pairs_step=316800, pairs_total=12660968
[2026-03-02 14:13:58,103] INFO:fitness.free_loss_fidelity: RL4CO free-loss step 60/200: score=8.396114 (avg=7.946297), loss=0.557972 (avg=0.536797), pairs_step=316800, pairs_total=18996966
[2026-03-02 14:14:05,590] INFO:fitness.free_loss_fidelity: RL4CO free-loss step 80/200: score=9.375820 (avg=8.126142), loss=0.535968 (avg=0.509904), pairs_step=316800, pairs_total=25332962
[2026-03-02 14:14:12,739] INFO:fitness.free_loss_fidelity: RL4CO free-loss step 100/200: score=33.478081 (avg=10.264389), loss=0.276991 (avg=0.483293), pairs_step=316799, pairs_total=31668961
[2026-03-02 14:14:19,891] INFO:fitness.free_loss_fidelity: RL4CO free-loss step 120/200: score=34.841530 (avg=14.420855), loss=0.165027 (avg=0.436024), pairs_step=316800, pairs_total=38004957
[2026-03-02 14:14:27,050] INFO:fitness.free_loss_fidelity: RL4CO free-loss step 140/200: score=34.283062 (avg=17.290661), loss=0.153015 (avg=0.396084), pairs_step=316800, pairs_total=44340955
[2026-03-02 14:14:34,196] INFO:fitness.free_loss_fidelity: RL4CO free-loss step 160/200: score=33.370647 (avg=19.323789), loss=0.141814 (avg=0.364627), pairs_step=316800, pairs_total=50676952
[2026-03-02 14:14:41,356] INFO:fitness.free_loss_fidelity: RL4CO free-loss step 180/200: score=32.301281 (avg=20.809416), loss=0.132990 (avg=0.339397), pairs_step=316800, pairs_total=57012950
[2026-03-02 14:14:48,550] INFO:fitness.free_loss_fidelity: RL4CO free-loss step 200/200: score=31.996935 (avg=21.950148), loss=0.130808 (avg=0.318658), pairs_step=316800, pairs_total=63348949
