[2026-03-02 21:02:47,458] INFO:fitness.free_loss_fidelity: Stage3 offline mini-train start gen=9 pair_index=25 K=200 seed=12345 valid_sizes=[100] baseline_json=baseline/mini_eval/baseline_minitrain_tsp100_K200.json
[2026-03-02 21:02:47,476] INFO:fitness.free_loss_fidelity: RL4CO free-loss (step-mode): f1_steps=200, f2_steps=0, total_steps=200, train_problem_size=100, rollouts=100, batch_size=64, device=cuda:2, env=tsp
[2026-03-02 21:02:47,835] INFO:fitness.free_loss_fidelity: RL4CO free-loss step 1/200: score=36.122910 (avg=36.122910), loss=5.240767 (avg=5.240767), pairs_step=316800, pairs_total=316800
[2026-03-02 21:02:54,504] INFO:fitness.free_loss_fidelity: RL4CO free-loss step 20/200: score=19.653553 (avg=17.171158), loss=1.843757 (avg=2.089880), pairs_step=316800, pairs_total=6335997
[2026-03-02 21:03:01,543] INFO:fitness.free_loss_fidelity: RL4CO free-loss step 40/200: score=23.412783 (avg=19.617545), loss=1.320182 (avg=1.849154), pairs_step=316800, pairs_total=12671996
[2026-03-02 21:03:08,576] INFO:fitness.free_loss_fidelity: RL4CO free-loss step 60/200: score=26.692337 (avg=21.504723), loss=1.256175 (avg=1.661996), pairs_step=316800, pairs_total=19007995
[2026-03-02 21:03:15,602] INFO:fitness.free_loss_fidelity: RL4CO free-loss step 80/200: score=28.098982 (avg=22.984115), loss=1.201373 (avg=1.553091), pairs_step=316799, pairs_total=25343989
[2026-03-02 21:03:22,649] INFO:fitness.free_loss_fidelity: RL4CO free-loss step 100/200: score=28.888884 (avg=24.113645), loss=1.197378 (avg=1.482316), pairs_step=316800, pairs_total=31679983
[2026-03-02 21:03:29,677] INFO:fitness.free_loss_fidelity: RL4CO free-loss step 120/200: score=29.427446 (avg=24.974690), loss=1.171800 (avg=1.433849), pairs_step=316799, pairs_total=38015978
[2026-03-02 21:03:36,724] INFO:fitness.free_loss_fidelity: RL4CO free-loss step 140/200: score=30.638641 (avg=25.689179), loss=1.194742 (avg=1.396922), pairs_step=316800, pairs_total=44351974
[2026-03-02 21:03:43,765] INFO:fitness.free_loss_fidelity: RL4CO free-loss step 160/200: score=33.057297 (avg=26.463818), loss=1.194171 (avg=1.371664), pairs_step=316799, pairs_total=50687968
[2026-03-02 21:03:50,797] INFO:fitness.free_loss_fidelity: RL4CO free-loss step 180/200: score=33.992699 (avg=27.251572), loss=1.159599 (avg=1.347877), pairs_step=316800, pairs_total=57023966
[2026-03-02 21:03:57,814] INFO:fitness.free_loss_fidelity: RL4CO free-loss step 200/200: score=35.600456 (avg=28.004519), loss=1.059156 (avg=1.323173), pairs_step=316800, pairs_total=63359961
[2026-03-02 21:03:58,927] WARNING:fitness.free_loss_fidelity: weights_only checkpoint load failed (UnpicklingError); retrying weights_only=False for /data1/gushengda/eam-rl4co/baseline/epoch_135.ckpt
[2026-03-02 21:03:58,964] INFO:fitness.free_loss_fidelity: Loaded init checkpoint into policy: path=/data1/gushengda/eam-rl4co/baseline/epoch_135.ckpt prefix=policy. matched=97 missing=0 unexpected=0
[2026-03-02 21:03:58,969] INFO:fitness.free_loss_fidelity: RL4CO free-loss (step-mode): f1_steps=200, f2_steps=0, total_steps=200, train_problem_size=100, rollouts=100, batch_size=64, device=cuda:2, env=tsp
[2026-03-02 21:03:59,338] INFO:fitness.free_loss_fidelity: RL4CO free-loss step 1/200: score=7.803347 (avg=7.803347), loss=1.072121 (avg=1.072121), pairs_step=315697, pairs_total=315697
[2026-03-02 21:04:06,030] INFO:fitness.free_loss_fidelity: RL4CO free-loss step 20/200: score=7.950131 (avg=7.846327), loss=0.659454 (avg=0.844981), pairs_step=316800, pairs_total=6330089
[2026-03-02 21:04:13,069] INFO:fitness.free_loss_fidelity: RL4CO free-loss step 40/200: score=11.594977 (avg=8.619936), loss=0.666526 (avg=0.765388), pairs_step=316800, pairs_total=12666089
[2026-03-02 21:04:20,121] INFO:fitness.free_loss_fidelity: RL4CO free-loss step 60/200: score=16.232891 (avg=10.254741), loss=0.664399 (avg=0.714750), pairs_step=316800, pairs_total=19002089
[2026-03-02 21:04:27,151] INFO:fitness.free_loss_fidelity: RL4CO free-loss step 80/200: score=27.846905 (avg=13.483240), loss=0.799120 (avg=0.743404), pairs_step=316799, pairs_total=25338088
[2026-03-02 21:04:34,192] INFO:fitness.free_loss_fidelity: RL4CO free-loss step 100/200: score=32.525223 (avg=16.700429), loss=0.844834 (avg=0.757391), pairs_step=316800, pairs_total=31674082
[2026-03-02 21:04:41,228] INFO:fitness.free_loss_fidelity: RL4CO free-loss step 120/200: score=36.649616 (avg=19.555588), loss=0.625971 (avg=0.744685), pairs_step=316800, pairs_total=38010079
[2026-03-02 21:04:48,261] INFO:fitness.free_loss_fidelity: RL4CO free-loss step 140/200: score=28.538326 (avg=20.992753), loss=0.754350 (avg=0.752594), pairs_step=316800, pairs_total=44346078
[2026-03-02 21:04:55,299] INFO:fitness.free_loss_fidelity: RL4CO free-loss step 160/200: score=34.709724 (avg=22.595646), loss=0.580461 (avg=0.737053), pairs_step=316800, pairs_total=50682072
[2026-03-02 21:05:02,303] INFO:fitness.free_loss_fidelity: RL4CO free-loss step 180/200: score=40.083580 (avg=24.120373), loss=0.520892 (avg=0.713131), pairs_step=316799, pairs_total=57018069
[2026-03-02 21:05:09,362] INFO:fitness.free_loss_fidelity: RL4CO free-loss step 200/200: score=42.511620 (avg=25.870763), loss=0.511168 (avg=0.694757), pairs_step=316800, pairs_total=63354068
[2026-03-02 21:05:10,467] WARNING:fitness.free_loss_fidelity: weights_only checkpoint load failed (UnpicklingError); retrying weights_only=False for /data1/gushengda/eam-rl4co/baseline/epoch_409.ckpt
[2026-03-02 21:05:10,499] INFO:fitness.free_loss_fidelity: Loaded init checkpoint into policy: path=/data1/gushengda/eam-rl4co/baseline/epoch_409.ckpt prefix=policy. matched=97 missing=0 unexpected=0
[2026-03-02 21:05:10,504] INFO:fitness.free_loss_fidelity: RL4CO free-loss (step-mode): f1_steps=200, f2_steps=0, total_steps=200, train_problem_size=100, rollouts=100, batch_size=64, device=cuda:2, env=tsp
[2026-03-02 21:05:10,868] INFO:fitness.free_loss_fidelity: RL4CO free-loss step 1/200: score=7.807477 (avg=7.807477), loss=0.272637 (avg=0.272637), pairs_step=315750, pairs_total=315750
[2026-03-02 21:05:17,573] INFO:fitness.free_loss_fidelity: RL4CO free-loss step 20/200: score=7.784823 (avg=7.809911), loss=0.349032 (avg=0.276141), pairs_step=316703, pairs_total=6325511
[2026-03-02 21:05:24,590] INFO:fitness.free_loss_fidelity: RL4CO free-loss step 40/200: score=7.928306 (avg=7.840055), loss=0.412053 (avg=0.480284), pairs_step=316798, pairs_total=12661413
[2026-03-02 21:05:31,630] INFO:fitness.free_loss_fidelity: RL4CO free-loss step 60/200: score=8.607662 (avg=7.944866), loss=0.773215 (avg=0.506165), pairs_step=316800, pairs_total=18997412
[2026-03-02 21:05:38,869] INFO:fitness.free_loss_fidelity: RL4CO free-loss step 80/200: score=8.837749 (avg=8.105098), loss=0.392241 (avg=0.487885), pairs_step=316800, pairs_total=25333411
[2026-03-02 21:05:45,885] INFO:fitness.free_loss_fidelity: RL4CO free-loss step 100/200: score=11.165716 (avg=8.632861), loss=0.271917 (avg=0.479867), pairs_step=316800, pairs_total=31669410
[2026-03-02 21:05:52,900] INFO:fitness.free_loss_fidelity: RL4CO free-loss step 120/200: score=12.780375 (avg=9.014832), loss=0.135526 (avg=0.430577), pairs_step=316800, pairs_total=38005410
[2026-03-02 21:05:59,932] INFO:fitness.free_loss_fidelity: RL4CO free-loss step 140/200: score=19.319235 (avg=10.080834), loss=0.116437 (avg=0.386590), pairs_step=316800, pairs_total=44341409
[2026-03-02 21:06:06,973] INFO:fitness.free_loss_fidelity: RL4CO free-loss step 160/200: score=25.427670 (avg=11.534383), loss=0.174479 (avg=0.361085), pairs_step=316800, pairs_total=50677406
[2026-03-02 21:06:14,016] INFO:fitness.free_loss_fidelity: RL4CO free-loss step 180/200: score=30.291477 (avg=13.405094), loss=0.139990 (avg=0.337561), pairs_step=316800, pairs_total=57013403
[2026-03-02 21:06:21,054] INFO:fitness.free_loss_fidelity: RL4CO free-loss step 200/200: score=30.699842 (avg=15.127686), loss=0.129002 (avg=0.316863), pairs_step=316800, pairs_total=63349399
