[2026-03-02 21:09:58,031] INFO:fitness.free_loss_fidelity: Stage3 offline mini-train start gen=9 pair_index=3 K=1000 seed=12345 valid_sizes=[100] baseline_json=baseline/mini_eval/baseline_minitrain_tsp100_K1000.json
[2026-03-02 21:09:58,070] INFO:fitness.free_loss_fidelity: RL4CO free-loss (step-mode): f1_steps=1000, f2_steps=0, total_steps=1000, train_problem_size=100, rollouts=100, batch_size=64, device=cuda:0, env=tsp
[2026-03-02 21:09:58,497] INFO:fitness.free_loss_fidelity: RL4CO free-loss step 1/1000: score=36.122910 (avg=36.122910), loss=0.756322 (avg=0.756322), pairs_step=316800, pairs_total=316800
[2026-03-02 21:10:33,220] INFO:fitness.free_loss_fidelity: RL4CO free-loss step 100/1000: score=8.962093 (avg=9.955137), loss=0.603555 (avg=0.616984), pairs_step=316800, pairs_total=31679980
[2026-03-02 21:11:08,787] INFO:fitness.free_loss_fidelity: RL4CO free-loss step 200/1000: score=8.684912 (avg=9.371753), loss=0.617584 (avg=0.614147), pairs_step=316799, pairs_total=63359954
[2026-03-02 21:11:44,359] INFO:fitness.free_loss_fidelity: RL4CO free-loss step 300/1000: score=8.470850 (avg=9.096292), loss=0.621144 (avg=0.615867), pairs_step=316799, pairs_total=95039929
[2026-03-02 21:12:20,184] INFO:fitness.free_loss_fidelity: RL4CO free-loss step 400/1000: score=8.396635 (avg=8.928164), loss=0.625469 (avg=0.617575), pairs_step=316800, pairs_total=126719894
[2026-03-02 21:12:55,806] INFO:fitness.free_loss_fidelity: RL4CO free-loss step 500/1000: score=8.297777 (avg=8.812536), loss=0.628673 (avg=0.619293), pairs_step=316800, pairs_total=158399862
[2026-03-02 21:13:31,409] INFO:fitness.free_loss_fidelity: RL4CO free-loss step 600/1000: score=8.245380 (avg=8.727961), loss=0.632354 (avg=0.620828), pairs_step=316800, pairs_total=190079820
[2026-03-02 21:14:07,022] INFO:fitness.free_loss_fidelity: RL4CO free-loss step 700/1000: score=8.268269 (avg=8.663146), loss=0.629234 (avg=0.621976), pairs_step=316800, pairs_total=221759795
[2026-03-02 21:14:42,637] INFO:fitness.free_loss_fidelity: RL4CO free-loss step 800/1000: score=8.266275 (avg=8.612444), loss=0.632548 (avg=0.622971), pairs_step=316800, pairs_total=253439754
[2026-03-02 21:15:18,254] INFO:fitness.free_loss_fidelity: RL4CO free-loss step 900/1000: score=8.264399 (avg=8.570728), loss=0.632039 (avg=0.623884), pairs_step=316800, pairs_total=285119708
[2026-03-02 21:15:53,852] INFO:fitness.free_loss_fidelity: RL4CO free-loss step 1000/1000: score=8.256889 (avg=8.535505), loss=0.629372 (avg=0.624553), pairs_step=316800, pairs_total=316799674
[2026-03-02 21:15:55,131] WARNING:fitness.free_loss_fidelity: weights_only checkpoint load failed (UnpicklingError); retrying weights_only=False for /data1/gushengda/eam-rl4co/baseline/epoch_135.ckpt
[2026-03-02 21:15:55,173] INFO:fitness.free_loss_fidelity: Loaded init checkpoint into policy: path=/data1/gushengda/eam-rl4co/baseline/epoch_135.ckpt prefix=policy. matched=97 missing=0 unexpected=0
[2026-03-02 21:15:55,179] INFO:fitness.free_loss_fidelity: RL4CO free-loss (step-mode): f1_steps=1000, f2_steps=0, total_steps=1000, train_problem_size=100, rollouts=100, batch_size=64, device=cuda:0, env=tsp
[2026-03-02 21:15:55,584] INFO:fitness.free_loss_fidelity: RL4CO free-loss step 1/1000: score=7.803347 (avg=7.803347), loss=0.678119 (avg=0.678119), pairs_step=315697, pairs_total=315697
[2026-03-02 21:16:30,819] INFO:fitness.free_loss_fidelity: RL4CO free-loss step 100/1000: score=7.754670 (avg=7.797931), loss=0.676858 (avg=0.677142), pairs_step=315734, pairs_total=31577133
[2026-03-02 21:17:06,412] INFO:fitness.free_loss_fidelity: RL4CO free-loss step 200/1000: score=7.808197 (avg=7.797286), loss=0.675831 (avg=0.677040), pairs_step=315607, pairs_total=63143150
[2026-03-02 21:17:42,234] INFO:fitness.free_loss_fidelity: RL4CO free-loss step 300/1000: score=7.810860 (avg=7.798058), loss=0.676021 (avg=0.676752), pairs_step=315143, pairs_total=94701513
[2026-03-02 21:18:17,826] INFO:fitness.free_loss_fidelity: RL4CO free-loss step 400/1000: score=7.818422 (avg=7.797873), loss=0.675636 (avg=0.676428), pairs_step=315468, pairs_total=126254880
[2026-03-02 21:18:53,398] INFO:fitness.free_loss_fidelity: RL4CO free-loss step 500/1000: score=7.775274 (avg=7.796921), loss=0.673160 (avg=0.676159), pairs_step=316006, pairs_total=157797273
[2026-03-02 21:19:28,993] INFO:fitness.free_loss_fidelity: RL4CO free-loss step 600/1000: score=7.755723 (avg=7.796208), loss=0.675583 (avg=0.675862), pairs_step=314983, pairs_total=189332122
[2026-03-02 21:20:04,614] INFO:fitness.free_loss_fidelity: RL4CO free-loss step 700/1000: score=7.805351 (avg=7.796130), loss=0.674380 (avg=0.675691), pairs_step=314731, pairs_total=220863767
[2026-03-02 21:20:40,217] INFO:fitness.free_loss_fidelity: RL4CO free-loss step 800/1000: score=7.785497 (avg=7.796095), loss=0.675939 (avg=0.675458), pairs_step=315547, pairs_total=252398174
[2026-03-02 21:21:16,029] INFO:fitness.free_loss_fidelity: RL4CO free-loss step 900/1000: score=7.829042 (avg=7.795735), loss=0.675480 (avg=0.675250), pairs_step=315277, pairs_total=283914897
[2026-03-02 21:21:51,637] INFO:fitness.free_loss_fidelity: RL4CO free-loss step 1000/1000: score=7.822778 (avg=7.795299), loss=0.673022 (avg=0.675121), pairs_step=315531, pairs_total=315427831
[2026-03-02 21:21:52,917] WARNING:fitness.free_loss_fidelity: weights_only checkpoint load failed (UnpicklingError); retrying weights_only=False for /data1/gushengda/eam-rl4co/baseline/epoch_409.ckpt
[2026-03-02 21:21:52,958] INFO:fitness.free_loss_fidelity: Loaded init checkpoint into policy: path=/data1/gushengda/eam-rl4co/baseline/epoch_409.ckpt prefix=policy. matched=97 missing=0 unexpected=0
[2026-03-02 21:21:52,965] INFO:fitness.free_loss_fidelity: RL4CO free-loss (step-mode): f1_steps=1000, f2_steps=0, total_steps=1000, train_problem_size=100, rollouts=100, batch_size=64, device=cuda:0, env=tsp
[2026-03-02 21:21:53,335] INFO:fitness.free_loss_fidelity: RL4CO free-loss step 1/1000: score=7.807477 (avg=7.807477), loss=0.248613 (avg=0.248613), pairs_step=315750, pairs_total=315750
[2026-03-02 21:22:28,589] INFO:fitness.free_loss_fidelity: RL4CO free-loss step 100/1000: score=7.753075 (avg=7.798031), loss=0.250292 (avg=0.243470), pairs_step=315756, pairs_total=31592953
[2026-03-02 21:23:04,168] INFO:fitness.free_loss_fidelity: RL4CO free-loss step 200/1000: score=7.810607 (avg=7.796781), loss=0.237215 (avg=0.241908), pairs_step=315669, pairs_total=63179376
[2026-03-02 21:23:39,758] INFO:fitness.free_loss_fidelity: RL4CO free-loss step 300/1000: score=7.809089 (avg=7.797224), loss=0.227920 (avg=0.239842), pairs_step=316020, pairs_total=94764592
[2026-03-02 21:24:15,350] INFO:fitness.free_loss_fidelity: RL4CO free-loss step 400/1000: score=7.813495 (avg=7.796618), loss=0.229643 (avg=0.238178), pairs_step=315698, pairs_total=126344445
[2026-03-02 21:24:50,930] INFO:fitness.free_loss_fidelity: RL4CO free-loss step 500/1000: score=7.775175 (avg=7.795457), loss=0.231179 (avg=0.236418), pairs_step=315950, pairs_total=157922484
[2026-03-02 21:25:26,639] INFO:fitness.free_loss_fidelity: RL4CO free-loss step 600/1000: score=7.750945 (avg=7.794613), loss=0.236975 (avg=0.235130), pairs_step=315596, pairs_total=189491341
[2026-03-02 21:26:02,209] INFO:fitness.free_loss_fidelity: RL4CO free-loss step 700/1000: score=7.804301 (avg=7.794229), loss=0.234812 (avg=0.235276), pairs_step=315243, pairs_total=221052919
[2026-03-02 21:26:37,776] INFO:fitness.free_loss_fidelity: RL4CO free-loss step 800/1000: score=7.785442 (avg=7.793925), loss=0.219439 (avg=0.234587), pairs_step=315618, pairs_total=252609561
[2026-03-02 21:27:13,592] INFO:fitness.free_loss_fidelity: RL4CO free-loss step 900/1000: score=7.829052 (avg=7.793449), loss=0.229908 (avg=0.233800), pairs_step=315752, pairs_total=284154188
[2026-03-02 21:27:49,181] INFO:fitness.free_loss_fidelity: RL4CO free-loss step 1000/1000: score=7.816742 (avg=7.792886), loss=0.224364 (avg=0.233368), pairs_step=315662, pairs_total=315694834
