[2026-03-03 10:01:18,958] INFO:fitness.free_loss_fidelity: Stage3 offline mini-train start gen=19 pair_index=10 K=200 seed=12345 valid_sizes=[100] baseline_json=baseline/mini_eval/baseline_minitrain_tsp100_K200.json
[2026-03-03 10:01:18,975] INFO:fitness.free_loss_fidelity: RL4CO free-loss (step-mode): f1_steps=200, f2_steps=0, total_steps=200, train_problem_size=100, rollouts=100, batch_size=64, device=cuda:3, env=tsp
[2026-03-03 10:01:19,300] INFO:fitness.free_loss_fidelity: RL4CO free-loss step 1/200: score=36.122910 (avg=36.122910), loss=0.739622 (avg=0.739622), pairs_step=16384, pairs_total=16384
[2026-03-03 10:01:25,402] INFO:fitness.free_loss_fidelity: RL4CO free-loss step 20/200: score=10.051504 (avg=12.686964), loss=0.559372 (avg=0.584325), pairs_step=16384, pairs_total=327680
[2026-03-03 10:01:31,817] INFO:fitness.free_loss_fidelity: RL4CO free-loss step 40/200: score=9.415028 (avg=11.139261), loss=0.587982 (avg=0.583172), pairs_step=16384, pairs_total=655360
[2026-03-03 10:01:38,225] INFO:fitness.free_loss_fidelity: RL4CO free-loss step 60/200: score=9.259409 (avg=10.524318), loss=0.569338 (avg=0.580457), pairs_step=16384, pairs_total=983040
[2026-03-03 10:01:44,643] INFO:fitness.free_loss_fidelity: RL4CO free-loss step 80/200: score=9.125003 (avg=10.181913), loss=0.555764 (avg=0.575540), pairs_step=16384, pairs_total=1310720
[2026-03-03 10:01:51,052] INFO:fitness.free_loss_fidelity: RL4CO free-loss step 100/200: score=8.880173 (avg=9.951959), loss=0.553747 (avg=0.571790), pairs_step=16384, pairs_total=1638400
[2026-03-03 10:01:57,462] INFO:fitness.free_loss_fidelity: RL4CO free-loss step 120/200: score=8.848487 (avg=9.778260), loss=0.570160 (avg=0.570208), pairs_step=16384, pairs_total=1966080
[2026-03-03 10:02:03,871] INFO:fitness.free_loss_fidelity: RL4CO free-loss step 140/200: score=8.751738 (avg=9.638492), loss=0.582562 (avg=0.570525), pairs_step=16384, pairs_total=2293760
[2026-03-03 10:02:10,278] INFO:fitness.free_loss_fidelity: RL4CO free-loss step 160/200: score=8.728886 (avg=9.526596), loss=0.572348 (avg=0.570069), pairs_step=16384, pairs_total=2621440
[2026-03-03 10:02:16,686] INFO:fitness.free_loss_fidelity: RL4CO free-loss step 180/200: score=8.684990 (avg=9.432990), loss=0.568930 (avg=0.570179), pairs_step=16384, pairs_total=2949120
[2026-03-03 10:02:23,107] INFO:fitness.free_loss_fidelity: RL4CO free-loss step 200/200: score=8.661747 (avg=9.353053), loss=0.577752 (avg=0.570927), pairs_step=16384, pairs_total=3276800
[2026-03-03 10:02:24,216] WARNING:fitness.free_loss_fidelity: weights_only checkpoint load failed (UnpicklingError); retrying weights_only=False for /data1/gushengda/eam-rl4co/baseline/epoch_135.ckpt
[2026-03-03 10:02:24,255] INFO:fitness.free_loss_fidelity: Loaded init checkpoint into policy: path=/data1/gushengda/eam-rl4co/baseline/epoch_135.ckpt prefix=policy. matched=97 missing=0 unexpected=0
[2026-03-03 10:02:24,260] INFO:fitness.free_loss_fidelity: RL4CO free-loss (step-mode): f1_steps=200, f2_steps=0, total_steps=200, train_problem_size=100, rollouts=100, batch_size=64, device=cuda:3, env=tsp
[2026-03-03 10:02:24,607] INFO:fitness.free_loss_fidelity: RL4CO free-loss step 1/200: score=7.803347 (avg=7.803347), loss=0.670557 (avg=0.670557), pairs_step=16384, pairs_total=16384
[2026-03-03 10:02:30,690] INFO:fitness.free_loss_fidelity: RL4CO free-loss step 20/200: score=7.788861 (avg=7.816334), loss=0.669226 (avg=0.666422), pairs_step=16384, pairs_total=327680
[2026-03-03 10:02:37,276] INFO:fitness.free_loss_fidelity: RL4CO free-loss step 40/200: score=7.823415 (avg=7.809933), loss=0.668822 (avg=0.666837), pairs_step=16384, pairs_total=655360
[2026-03-03 10:02:43,682] INFO:fitness.free_loss_fidelity: RL4CO free-loss step 60/200: score=7.823217 (avg=7.806646), loss=0.665248 (avg=0.667101), pairs_step=16384, pairs_total=983040
[2026-03-03 10:02:50,087] INFO:fitness.free_loss_fidelity: RL4CO free-loss step 80/200: score=7.803082 (avg=7.805058), loss=0.666315 (avg=0.667311), pairs_step=16384, pairs_total=1310720
[2026-03-03 10:02:56,493] INFO:fitness.free_loss_fidelity: RL4CO free-loss step 100/200: score=7.769339 (avg=7.806074), loss=0.670785 (avg=0.667519), pairs_step=16384, pairs_total=1638400
[2026-03-03 10:03:02,891] INFO:fitness.free_loss_fidelity: RL4CO free-loss step 120/200: score=7.782147 (avg=7.807258), loss=0.665579 (avg=0.667406), pairs_step=16384, pairs_total=1965992
[2026-03-03 10:03:09,295] INFO:fitness.free_loss_fidelity: RL4CO free-loss step 140/200: score=7.843414 (avg=7.808681), loss=0.667598 (avg=0.667555), pairs_step=16384, pairs_total=2293672
[2026-03-03 10:03:15,705] INFO:fitness.free_loss_fidelity: RL4CO free-loss step 160/200: score=7.808109 (avg=7.808378), loss=0.668521 (avg=0.667407), pairs_step=16384, pairs_total=2621260
[2026-03-03 10:03:22,123] INFO:fitness.free_loss_fidelity: RL4CO free-loss step 180/200: score=7.792314 (avg=7.807328), loss=0.669180 (avg=0.667473), pairs_step=16384, pairs_total=2948940
[2026-03-03 10:03:28,529] INFO:fitness.free_loss_fidelity: RL4CO free-loss step 200/200: score=7.819873 (avg=7.806260), loss=0.664139 (avg=0.667604), pairs_step=16384, pairs_total=3276620
[2026-03-03 10:03:29,632] WARNING:fitness.free_loss_fidelity: weights_only checkpoint load failed (UnpicklingError); retrying weights_only=False for /data1/gushengda/eam-rl4co/baseline/epoch_409.ckpt
[2026-03-03 10:03:29,664] INFO:fitness.free_loss_fidelity: Loaded init checkpoint into policy: path=/data1/gushengda/eam-rl4co/baseline/epoch_409.ckpt prefix=policy. matched=97 missing=0 unexpected=0
[2026-03-03 10:03:29,669] INFO:fitness.free_loss_fidelity: RL4CO free-loss (step-mode): f1_steps=200, f2_steps=0, total_steps=200, train_problem_size=100, rollouts=100, batch_size=64, device=cuda:3, env=tsp
[2026-03-03 10:03:29,996] INFO:fitness.free_loss_fidelity: RL4CO free-loss step 1/200: score=7.807477 (avg=7.807477), loss=0.034391 (avg=0.034391), pairs_step=16384, pairs_total=16384
[2026-03-03 10:03:36,091] INFO:fitness.free_loss_fidelity: RL4CO free-loss step 20/200: score=7.823726 (avg=7.829066), loss=0.230904 (avg=0.174227), pairs_step=16384, pairs_total=327680
[2026-03-03 10:03:42,503] INFO:fitness.free_loss_fidelity: RL4CO free-loss step 40/200: score=7.841533 (avg=7.826795), loss=0.081697 (avg=0.168370), pairs_step=16384, pairs_total=655360
[2026-03-03 10:03:48,916] INFO:fitness.free_loss_fidelity: RL4CO free-loss step 60/200: score=7.841680 (avg=7.822685), loss=0.022367 (avg=0.126209), pairs_step=16384, pairs_total=983040
[2026-03-03 10:03:55,326] INFO:fitness.free_loss_fidelity: RL4CO free-loss step 80/200: score=7.833635 (avg=7.823683), loss=0.017237 (avg=0.099270), pairs_step=16384, pairs_total=1310720
[2026-03-03 10:04:01,734] INFO:fitness.free_loss_fidelity: RL4CO free-loss step 100/200: score=7.790503 (avg=7.826790), loss=0.020652 (avg=0.083208), pairs_step=16384, pairs_total=1638400
[2026-03-03 10:04:08,147] INFO:fitness.free_loss_fidelity: RL4CO free-loss step 120/200: score=7.834164 (avg=7.832549), loss=0.020776 (avg=0.072675), pairs_step=16384, pairs_total=1966080
[2026-03-03 10:04:14,556] INFO:fitness.free_loss_fidelity: RL4CO free-loss step 140/200: score=7.901431 (avg=7.838436), loss=0.027621 (avg=0.065721), pairs_step=16384, pairs_total=2293760
[2026-03-03 10:04:20,962] INFO:fitness.free_loss_fidelity: RL4CO free-loss step 160/200: score=7.882763 (avg=7.843992), loss=0.021402 (avg=0.060260), pairs_step=16384, pairs_total=2621440
[2026-03-03 10:04:27,368] INFO:fitness.free_loss_fidelity: RL4CO free-loss step 180/200: score=7.862721 (avg=7.846789), loss=0.022811 (avg=0.056207), pairs_step=16384, pairs_total=2949120
[2026-03-03 10:04:33,779] INFO:fitness.free_loss_fidelity: RL4CO free-loss step 200/200: score=7.866714 (avg=7.847356), loss=0.029779 (avg=0.053406), pairs_step=16384, pairs_total=3276800
