[2026-03-03 04:03:36,702] INFO:fitness.free_loss_fidelity: Stage3 offline mini-train start gen=15 pair_index=17 K=200 seed=12345 valid_sizes=[100] baseline_json=baseline/mini_eval/baseline_minitrain_tsp100_K200.json
[2026-03-03 04:03:36,723] INFO:fitness.free_loss_fidelity: RL4CO free-loss (step-mode): f1_steps=200, f2_steps=0, total_steps=200, train_problem_size=100, rollouts=100, batch_size=64, device=cuda:2, env=tsp
[2026-03-03 04:03:37,045] INFO:fitness.free_loss_fidelity: RL4CO free-loss step 1/200: score=36.122910 (avg=36.122910), loss=0.678809 (avg=0.678809), pairs_step=128, pairs_total=128
[2026-03-03 04:03:43,107] INFO:fitness.free_loss_fidelity: RL4CO free-loss step 20/200: score=10.390235 (avg=13.152056), loss=0.368396 (avg=0.404125), pairs_step=128, pairs_total=2560
[2026-03-03 04:03:49,495] INFO:fitness.free_loss_fidelity: RL4CO free-loss step 40/200: score=9.627425 (avg=11.512905), loss=0.421320 (avg=0.409185), pairs_step=128, pairs_total=5120
[2026-03-03 04:03:55,876] INFO:fitness.free_loss_fidelity: RL4CO free-loss step 60/200: score=9.440783 (avg=10.831701), loss=0.424327 (avg=0.409152), pairs_step=128, pairs_total=7680
[2026-03-03 04:04:02,252] INFO:fitness.free_loss_fidelity: RL4CO free-loss step 80/200: score=9.300396 (avg=10.458371), loss=0.429036 (avg=0.411906), pairs_step=128, pairs_total=10240
[2026-03-03 04:04:08,633] INFO:fitness.free_loss_fidelity: RL4CO free-loss step 100/200: score=9.185658 (avg=10.222814), loss=0.388483 (avg=0.410043), pairs_step=128, pairs_total=12800
[2026-03-03 04:04:15,014] INFO:fitness.free_loss_fidelity: RL4CO free-loss step 120/200: score=9.144295 (avg=10.051410), loss=0.396215 (avg=0.407733), pairs_step=128, pairs_total=15360
[2026-03-03 04:04:21,404] INFO:fitness.free_loss_fidelity: RL4CO free-loss step 140/200: score=9.055510 (avg=9.911962), loss=0.399816 (avg=0.404606), pairs_step=128, pairs_total=17920
[2026-03-03 04:04:27,796] INFO:fitness.free_loss_fidelity: RL4CO free-loss step 160/200: score=8.985453 (avg=9.796060), loss=0.388989 (avg=0.401055), pairs_step=128, pairs_total=20480
[2026-03-03 04:04:34,192] INFO:fitness.free_loss_fidelity: RL4CO free-loss step 180/200: score=8.835052 (avg=9.695680), loss=0.388577 (avg=0.401441), pairs_step=128, pairs_total=23040
[2026-03-03 04:04:40,580] INFO:fitness.free_loss_fidelity: RL4CO free-loss step 200/200: score=8.798323 (avg=9.607249), loss=0.409819 (avg=0.401410), pairs_step=128, pairs_total=25600
[2026-03-03 04:04:41,696] WARNING:fitness.free_loss_fidelity: weights_only checkpoint load failed (UnpicklingError); retrying weights_only=False for /data1/gushengda/eam-rl4co/baseline/epoch_135.ckpt
[2026-03-03 04:04:41,727] INFO:fitness.free_loss_fidelity: Loaded init checkpoint into policy: path=/data1/gushengda/eam-rl4co/baseline/epoch_135.ckpt prefix=policy. matched=97 missing=0 unexpected=0
[2026-03-03 04:04:41,732] INFO:fitness.free_loss_fidelity: RL4CO free-loss (step-mode): f1_steps=200, f2_steps=0, total_steps=200, train_problem_size=100, rollouts=100, batch_size=64, device=cuda:2, env=tsp
[2026-03-03 04:04:42,065] INFO:fitness.free_loss_fidelity: RL4CO free-loss step 1/200: score=7.803347 (avg=7.803347), loss=0.592806 (avg=0.592806), pairs_step=128, pairs_total=128
[2026-03-03 04:04:48,151] INFO:fitness.free_loss_fidelity: RL4CO free-loss step 20/200: score=7.801538 (avg=7.822915), loss=0.604541 (avg=0.598913), pairs_step=128, pairs_total=2560
[2026-03-03 04:04:54,721] INFO:fitness.free_loss_fidelity: RL4CO free-loss step 40/200: score=7.839543 (avg=7.818865), loss=0.609654 (avg=0.605641), pairs_step=128, pairs_total=5120
[2026-03-03 04:05:01,101] INFO:fitness.free_loss_fidelity: RL4CO free-loss step 60/200: score=7.831874 (avg=7.815254), loss=0.627042 (avg=0.608503), pairs_step=128, pairs_total=7680
[2026-03-03 04:05:07,495] INFO:fitness.free_loss_fidelity: RL4CO free-loss step 80/200: score=7.807125 (avg=7.813596), loss=0.609707 (avg=0.609867), pairs_step=128, pairs_total=10240
[2026-03-03 04:05:13,891] INFO:fitness.free_loss_fidelity: RL4CO free-loss step 100/200: score=7.772062 (avg=7.813507), loss=0.627048 (avg=0.612475), pairs_step=128, pairs_total=12800
[2026-03-03 04:05:20,284] INFO:fitness.free_loss_fidelity: RL4CO free-loss step 120/200: score=7.788046 (avg=7.814382), loss=0.617558 (avg=0.613787), pairs_step=128, pairs_total=15360
[2026-03-03 04:05:26,655] INFO:fitness.free_loss_fidelity: RL4CO free-loss step 140/200: score=7.841287 (avg=7.815343), loss=0.601228 (avg=0.614445), pairs_step=128, pairs_total=17920
[2026-03-03 04:05:33,033] INFO:fitness.free_loss_fidelity: RL4CO free-loss step 160/200: score=7.806052 (avg=7.814810), loss=0.600703 (avg=0.614712), pairs_step=128, pairs_total=20480
[2026-03-03 04:05:39,418] INFO:fitness.free_loss_fidelity: RL4CO free-loss step 180/200: score=7.807823 (avg=7.814234), loss=0.598508 (avg=0.615108), pairs_step=128, pairs_total=23040
[2026-03-03 04:05:45,804] INFO:fitness.free_loss_fidelity: RL4CO free-loss step 200/200: score=7.828381 (avg=7.813544), loss=0.617443 (avg=0.615682), pairs_step=128, pairs_total=25600
[2026-03-03 04:05:46,923] WARNING:fitness.free_loss_fidelity: weights_only checkpoint load failed (UnpicklingError); retrying weights_only=False for /data1/gushengda/eam-rl4co/baseline/epoch_409.ckpt
[2026-03-03 04:05:46,961] INFO:fitness.free_loss_fidelity: Loaded init checkpoint into policy: path=/data1/gushengda/eam-rl4co/baseline/epoch_409.ckpt prefix=policy. matched=97 missing=0 unexpected=0
[2026-03-03 04:05:46,966] INFO:fitness.free_loss_fidelity: RL4CO free-loss (step-mode): f1_steps=200, f2_steps=0, total_steps=200, train_problem_size=100, rollouts=100, batch_size=64, device=cuda:2, env=tsp
[2026-03-03 04:05:47,299] INFO:fitness.free_loss_fidelity: RL4CO free-loss step 1/200: score=7.807477 (avg=7.807477), loss=0.009579 (avg=0.009579), pairs_step=128, pairs_total=128
[2026-03-03 04:05:53,366] INFO:fitness.free_loss_fidelity: RL4CO free-loss step 20/200: score=7.781129 (avg=7.809557), loss=0.266125 (avg=0.152970), pairs_step=128, pairs_total=2560
[2026-03-03 04:05:59,754] INFO:fitness.free_loss_fidelity: RL4CO free-loss step 40/200: score=7.825930 (avg=7.806632), loss=0.335179 (avg=0.231943), pairs_step=128, pairs_total=5120
[2026-03-03 04:06:06,143] INFO:fitness.free_loss_fidelity: RL4CO free-loss step 60/200: score=7.822220 (avg=7.804998), loss=0.360093 (avg=0.270941), pairs_step=128, pairs_total=7680
[2026-03-03 04:06:12,542] INFO:fitness.free_loss_fidelity: RL4CO free-loss step 80/200: score=7.807855 (avg=7.805072), loss=0.387953 (avg=0.296853), pairs_step=128, pairs_total=10240
[2026-03-03 04:06:18,926] INFO:fitness.free_loss_fidelity: RL4CO free-loss step 100/200: score=7.771837 (avg=7.806480), loss=0.432071 (avg=0.318473), pairs_step=128, pairs_total=12800
[2026-03-03 04:06:25,316] INFO:fitness.free_loss_fidelity: RL4CO free-loss step 120/200: score=7.781748 (avg=7.808686), loss=0.462314 (avg=0.337720), pairs_step=128, pairs_total=15360
[2026-03-03 04:06:31,703] INFO:fitness.free_loss_fidelity: RL4CO free-loss step 140/200: score=7.837412 (avg=7.810081), loss=0.454715 (avg=0.353457), pairs_step=128, pairs_total=17920
[2026-03-03 04:06:38,095] INFO:fitness.free_loss_fidelity: RL4CO free-loss step 160/200: score=7.809093 (avg=7.809622), loss=0.480009 (avg=0.367970), pairs_step=128, pairs_total=20480
[2026-03-03 04:06:44,483] INFO:fitness.free_loss_fidelity: RL4CO free-loss step 180/200: score=7.792959 (avg=7.808674), loss=0.491724 (avg=0.381109), pairs_step=128, pairs_total=23040
[2026-03-03 04:06:50,864] INFO:fitness.free_loss_fidelity: RL4CO free-loss step 200/200: score=7.824757 (avg=7.807821), loss=0.506213 (avg=0.392455), pairs_step=128, pairs_total=25600
