[2026-03-03 07:59:55,327] INFO:fitness.free_loss_fidelity: Stage3 offline mini-train start gen=17 pair_index=34 K=200 seed=12345 valid_sizes=[100] baseline_json=baseline/mini_eval/baseline_minitrain_tsp100_K200.json
[2026-03-03 07:59:55,348] INFO:fitness.free_loss_fidelity: RL4CO free-loss (step-mode): f1_steps=200, f2_steps=0, total_steps=200, train_problem_size=100, rollouts=100, batch_size=64, device=cuda:0, env=tsp
[2026-03-03 07:59:55,679] INFO:fitness.free_loss_fidelity: RL4CO free-loss step 1/200: score=36.122910 (avg=36.122910), loss=0.747062 (avg=0.747062), pairs_step=13056, pairs_total=13056
[2026-03-03 08:00:01,792] INFO:fitness.free_loss_fidelity: RL4CO free-loss step 20/200: score=9.999701 (avg=12.886404), loss=0.559132 (avg=0.563995), pairs_step=13056, pairs_total=261120
[2026-03-03 08:00:08,229] INFO:fitness.free_loss_fidelity: RL4CO free-loss step 40/200: score=9.484591 (avg=11.256670), loss=0.559561 (avg=0.562625), pairs_step=13056, pairs_total=522240
[2026-03-03 08:00:14,656] INFO:fitness.free_loss_fidelity: RL4CO free-loss step 60/200: score=9.296238 (avg=10.617663), loss=0.560668 (avg=0.562471), pairs_step=13056, pairs_total=783360
[2026-03-03 08:00:21,115] INFO:fitness.free_loss_fidelity: RL4CO free-loss step 80/200: score=9.147789 (avg=10.269943), loss=0.555083 (avg=0.560675), pairs_step=13056, pairs_total=1044480
[2026-03-03 08:00:27,558] INFO:fitness.free_loss_fidelity: RL4CO free-loss step 100/200: score=9.054531 (avg=10.038605), loss=0.532449 (avg=0.557653), pairs_step=13056, pairs_total=1305600
[2026-03-03 08:00:33,986] INFO:fitness.free_loss_fidelity: RL4CO free-loss step 120/200: score=8.968004 (avg=9.872397), loss=0.536302 (avg=0.554174), pairs_step=13056, pairs_total=1566720
[2026-03-03 08:00:40,425] INFO:fitness.free_loss_fidelity: RL4CO free-loss step 140/200: score=8.976751 (avg=9.740539), loss=0.520208 (avg=0.551848), pairs_step=13056, pairs_total=1827840
[2026-03-03 08:00:46,864] INFO:fitness.free_loss_fidelity: RL4CO free-loss step 160/200: score=8.874197 (avg=9.631226), loss=0.535787 (avg=0.550513), pairs_step=13056, pairs_total=2088960
[2026-03-03 08:00:53,304] INFO:fitness.free_loss_fidelity: RL4CO free-loss step 180/200: score=8.792926 (avg=9.537928), loss=0.547015 (avg=0.549912), pairs_step=13056, pairs_total=2350080
[2026-03-03 08:00:59,740] INFO:fitness.free_loss_fidelity: RL4CO free-loss step 200/200: score=8.764409 (avg=9.459101), loss=0.549721 (avg=0.549633), pairs_step=13056, pairs_total=2611200
[2026-03-03 08:01:00,853] WARNING:fitness.free_loss_fidelity: weights_only checkpoint load failed (UnpicklingError); retrying weights_only=False for /data1/gushengda/eam-rl4co/baseline/epoch_135.ckpt
[2026-03-03 08:01:00,894] INFO:fitness.free_loss_fidelity: Loaded init checkpoint into policy: path=/data1/gushengda/eam-rl4co/baseline/epoch_135.ckpt prefix=policy. matched=97 missing=0 unexpected=0
[2026-03-03 08:01:00,900] INFO:fitness.free_loss_fidelity: RL4CO free-loss (step-mode): f1_steps=200, f2_steps=0, total_steps=200, train_problem_size=100, rollouts=100, batch_size=64, device=cuda:0, env=tsp
[2026-03-03 08:01:01,227] INFO:fitness.free_loss_fidelity: RL4CO free-loss step 1/200: score=7.803347 (avg=7.803347), loss=0.655718 (avg=0.655718), pairs_step=13056, pairs_total=13056
[2026-03-03 08:01:07,337] INFO:fitness.free_loss_fidelity: RL4CO free-loss step 20/200: score=7.792512 (avg=7.817105), loss=0.661534 (avg=0.661764), pairs_step=13056, pairs_total=261120
[2026-03-03 08:01:13,770] INFO:fitness.free_loss_fidelity: RL4CO free-loss step 40/200: score=7.827479 (avg=7.811526), loss=0.665688 (avg=0.661721), pairs_step=13056, pairs_total=522240
[2026-03-03 08:01:20,201] INFO:fitness.free_loss_fidelity: RL4CO free-loss step 60/200: score=7.824788 (avg=7.807575), loss=0.662400 (avg=0.662371), pairs_step=13056, pairs_total=783360
[2026-03-03 08:01:26,627] INFO:fitness.free_loss_fidelity: RL4CO free-loss step 80/200: score=7.807340 (avg=7.806292), loss=0.664468 (avg=0.661542), pairs_step=13056, pairs_total=1044480
[2026-03-03 08:01:33,055] INFO:fitness.free_loss_fidelity: RL4CO free-loss step 100/200: score=7.761037 (avg=7.806940), loss=0.667967 (avg=0.662254), pairs_step=13056, pairs_total=1305600
[2026-03-03 08:01:39,665] INFO:fitness.free_loss_fidelity: RL4CO free-loss step 120/200: score=7.781309 (avg=7.808144), loss=0.664253 (avg=0.662114), pairs_step=13056, pairs_total=1566720
[2026-03-03 08:01:46,099] INFO:fitness.free_loss_fidelity: RL4CO free-loss step 140/200: score=7.832053 (avg=7.809101), loss=0.660440 (avg=0.662087), pairs_step=13056, pairs_total=1827840
[2026-03-03 08:01:52,525] INFO:fitness.free_loss_fidelity: RL4CO free-loss step 160/200: score=7.799232 (avg=7.808160), loss=0.661680 (avg=0.662109), pairs_step=13056, pairs_total=2088960
[2026-03-03 08:01:58,954] INFO:fitness.free_loss_fidelity: RL4CO free-loss step 180/200: score=7.790007 (avg=7.807111), loss=0.662606 (avg=0.662435), pairs_step=13056, pairs_total=2350080
[2026-03-03 08:02:05,393] INFO:fitness.free_loss_fidelity: RL4CO free-loss step 200/200: score=7.818686 (avg=7.805851), loss=0.666992 (avg=0.662585), pairs_step=13056, pairs_total=2611200
[2026-03-03 08:02:06,505] WARNING:fitness.free_loss_fidelity: weights_only checkpoint load failed (UnpicklingError); retrying weights_only=False for /data1/gushengda/eam-rl4co/baseline/epoch_409.ckpt
[2026-03-03 08:02:06,547] INFO:fitness.free_loss_fidelity: Loaded init checkpoint into policy: path=/data1/gushengda/eam-rl4co/baseline/epoch_409.ckpt prefix=policy. matched=97 missing=0 unexpected=0
[2026-03-03 08:02:06,552] INFO:fitness.free_loss_fidelity: RL4CO free-loss (step-mode): f1_steps=200, f2_steps=0, total_steps=200, train_problem_size=100, rollouts=100, batch_size=64, device=cuda:0, env=tsp
[2026-03-03 08:02:06,878] INFO:fitness.free_loss_fidelity: RL4CO free-loss step 1/200: score=7.807477 (avg=7.807477), loss=0.509554 (avg=0.509554), pairs_step=13053, pairs_total=13053
[2026-03-03 08:02:12,991] INFO:fitness.free_loss_fidelity: RL4CO free-loss step 20/200: score=7.783950 (avg=7.807558), loss=0.512906 (avg=0.502243), pairs_step=13056, pairs_total=261117
[2026-03-03 08:02:19,799] INFO:fitness.free_loss_fidelity: RL4CO free-loss step 40/200: score=7.809856 (avg=7.801767), loss=0.529783 (avg=0.512888), pairs_step=13056, pairs_total=522237
[2026-03-03 08:02:27,176] INFO:fitness.free_loss_fidelity: RL4CO free-loss step 60/200: score=7.809472 (avg=7.798140), loss=0.541581 (avg=0.519038), pairs_step=13056, pairs_total=783357
[2026-03-03 08:02:34,554] INFO:fitness.free_loss_fidelity: RL4CO free-loss step 80/200: score=7.789706 (avg=7.796802), loss=0.538659 (avg=0.521511), pairs_step=13056, pairs_total=1044477
[2026-03-03 08:02:41,942] INFO:fitness.free_loss_fidelity: RL4CO free-loss step 100/200: score=7.757000 (avg=7.797583), loss=0.533301 (avg=0.522967), pairs_step=13056, pairs_total=1305597
[2026-03-03 08:02:48,563] INFO:fitness.free_loss_fidelity: RL4CO free-loss step 120/200: score=7.781298 (avg=7.799075), loss=0.478855 (avg=0.518351), pairs_step=13056, pairs_total=1566716
[2026-03-03 08:02:54,968] INFO:fitness.free_loss_fidelity: RL4CO free-loss step 140/200: score=7.822889 (avg=7.799749), loss=0.458913 (avg=0.510384), pairs_step=13056, pairs_total=1827825
[2026-03-03 08:03:01,398] INFO:fitness.free_loss_fidelity: RL4CO free-loss step 160/200: score=7.787881 (avg=7.798482), loss=0.473229 (avg=0.505246), pairs_step=13056, pairs_total=2088945
[2026-03-03 08:03:07,840] INFO:fitness.free_loss_fidelity: RL4CO free-loss step 180/200: score=7.780223 (avg=7.796931), loss=0.488168 (avg=0.502692), pairs_step=13056, pairs_total=2350065
[2026-03-03 08:03:14,265] INFO:fitness.free_loss_fidelity: RL4CO free-loss step 200/200: score=7.807111 (avg=7.795182), loss=0.490665 (avg=0.501464), pairs_step=13056, pairs_total=2611185
