[2026-03-02 20:29:37,211] INFO:fitness.free_loss_fidelity: Stage3 offline mini-train start gen=8 pair_index=27 K=1000 seed=12345 valid_sizes=[100] baseline_json=baseline/mini_eval/baseline_minitrain_tsp100_K1000.json
[2026-03-02 20:29:37,233] INFO:fitness.free_loss_fidelity: RL4CO free-loss (step-mode): f1_steps=1000, f2_steps=0, total_steps=1000, train_problem_size=100, rollouts=100, batch_size=64, device=cuda:0, env=tsp
[2026-03-02 20:29:37,566] INFO:fitness.free_loss_fidelity: RL4CO free-loss step 1/1000: score=36.122910 (avg=36.122910), loss=0.966164 (avg=0.966164), pairs_step=316800, pairs_total=316800
[2026-03-02 20:30:10,255] INFO:fitness.free_loss_fidelity: RL4CO free-loss step 100/1000: score=9.840799 (avg=10.753665), loss=0.534703 (avg=0.570009), pairs_step=316800, pairs_total=31679985
[2026-03-02 20:30:43,423] INFO:fitness.free_loss_fidelity: RL4CO free-loss step 200/1000: score=9.797201 (avg=10.320728), loss=0.527330 (avg=0.546595), pairs_step=316800, pairs_total=63359962
[2026-03-02 20:31:16,298] INFO:fitness.free_loss_fidelity: RL4CO free-loss step 300/1000: score=9.559753 (avg=10.094427), loss=0.518163 (avg=0.539251), pairs_step=316800, pairs_total=95039937
[2026-03-02 20:31:49,193] INFO:fitness.free_loss_fidelity: RL4CO free-loss step 400/1000: score=9.293562 (avg=9.918996), loss=0.524427 (avg=0.535284), pairs_step=316800, pairs_total=126719911
[2026-03-02 20:32:22,269] INFO:fitness.free_loss_fidelity: RL4CO free-loss step 500/1000: score=9.071125 (avg=9.767500), loss=0.521976 (avg=0.532635), pairs_step=316800, pairs_total=158399881
[2026-03-02 20:32:55,166] INFO:fitness.free_loss_fidelity: RL4CO free-loss step 600/1000: score=8.975356 (avg=9.642651), loss=0.530240 (avg=0.530532), pairs_step=316800, pairs_total=190079859
[2026-03-02 20:33:28,081] INFO:fitness.free_loss_fidelity: RL4CO free-loss step 700/1000: score=8.951435 (avg=9.541712), loss=0.520905 (avg=0.529135), pairs_step=316800, pairs_total=221759828
[2026-03-02 20:34:00,967] INFO:fitness.free_loss_fidelity: RL4CO free-loss step 800/1000: score=8.838947 (avg=9.458025), loss=0.525482 (avg=0.527796), pairs_step=316800, pairs_total=253439799
[2026-03-02 20:34:33,865] INFO:fitness.free_loss_fidelity: RL4CO free-loss step 900/1000: score=8.838855 (avg=9.388798), loss=0.514982 (avg=0.526827), pairs_step=316800, pairs_total=285119772
[2026-03-02 20:35:06,766] INFO:fitness.free_loss_fidelity: RL4CO free-loss step 1000/1000: score=8.790444 (avg=9.329250), loss=0.523543 (avg=0.526019), pairs_step=316800, pairs_total=316799744
[2026-03-02 20:35:07,881] WARNING:fitness.free_loss_fidelity: weights_only checkpoint load failed (UnpicklingError); retrying weights_only=False for /data1/gushengda/eam-rl4co/baseline/epoch_135.ckpt
[2026-03-02 20:35:07,918] INFO:fitness.free_loss_fidelity: Loaded init checkpoint into policy: path=/data1/gushengda/eam-rl4co/baseline/epoch_135.ckpt prefix=policy. matched=97 missing=0 unexpected=0
[2026-03-02 20:35:07,923] INFO:fitness.free_loss_fidelity: RL4CO free-loss (step-mode): f1_steps=1000, f2_steps=0, total_steps=1000, train_problem_size=100, rollouts=100, batch_size=64, device=cuda:0, env=tsp
[2026-03-02 20:35:08,266] INFO:fitness.free_loss_fidelity: RL4CO free-loss step 1/1000: score=7.803347 (avg=7.803347), loss=0.671497 (avg=0.671497), pairs_step=315697, pairs_total=315697
[2026-03-02 20:35:41,036] INFO:fitness.free_loss_fidelity: RL4CO free-loss step 100/1000: score=7.759357 (avg=7.800201), loss=0.644127 (avg=0.659588), pairs_step=316743, pairs_total=31640389
[2026-03-02 20:36:13,877] INFO:fitness.free_loss_fidelity: RL4CO free-loss step 200/1000: score=7.810034 (avg=7.799922), loss=0.643674 (avg=0.650664), pairs_step=316726, pairs_total=63312645
[2026-03-02 20:36:46,737] INFO:fitness.free_loss_fidelity: RL4CO free-loss step 300/1000: score=7.811414 (avg=7.800513), loss=0.643885 (avg=0.646769), pairs_step=316728, pairs_total=94985865
[2026-03-02 20:37:19,777] INFO:fitness.free_loss_fidelity: RL4CO free-loss step 400/1000: score=7.821935 (avg=7.800257), loss=0.633915 (avg=0.644611), pairs_step=316710, pairs_total=126658544
[2026-03-02 20:37:52,615] INFO:fitness.free_loss_fidelity: RL4CO free-loss step 500/1000: score=7.780718 (avg=7.799145), loss=0.636530 (avg=0.643383), pairs_step=316760, pairs_total=158330588
[2026-03-02 20:38:25,456] INFO:fitness.free_loss_fidelity: RL4CO free-loss step 600/1000: score=7.760705 (avg=7.798352), loss=0.641080 (avg=0.642394), pairs_step=316758, pairs_total=190000764
[2026-03-02 20:38:58,292] INFO:fitness.free_loss_fidelity: RL4CO free-loss step 700/1000: score=7.809304 (avg=7.798174), loss=0.638328 (avg=0.641659), pairs_step=316710, pairs_total=221671491
[2026-03-02 20:39:31,144] INFO:fitness.free_loss_fidelity: RL4CO free-loss step 800/1000: score=7.795541 (avg=7.797969), loss=0.639727 (avg=0.641171), pairs_step=316684, pairs_total=253340497
[2026-03-02 20:40:03,998] INFO:fitness.free_loss_fidelity: RL4CO free-loss step 900/1000: score=7.829298 (avg=7.797561), loss=0.639132 (avg=0.640798), pairs_step=316680, pairs_total=285007901
[2026-03-02 20:40:37,051] INFO:fitness.free_loss_fidelity: RL4CO free-loss step 1000/1000: score=7.821800 (avg=7.796992), loss=0.639262 (avg=0.640496), pairs_step=316704, pairs_total=316675818
[2026-03-02 20:40:38,165] WARNING:fitness.free_loss_fidelity: weights_only checkpoint load failed (UnpicklingError); retrying weights_only=False for /data1/gushengda/eam-rl4co/baseline/epoch_409.ckpt
[2026-03-02 20:40:38,202] INFO:fitness.free_loss_fidelity: Loaded init checkpoint into policy: path=/data1/gushengda/eam-rl4co/baseline/epoch_409.ckpt prefix=policy. matched=97 missing=0 unexpected=0
[2026-03-02 20:40:38,208] INFO:fitness.free_loss_fidelity: RL4CO free-loss (step-mode): f1_steps=1000, f2_steps=0, total_steps=1000, train_problem_size=100, rollouts=100, batch_size=64, device=cuda:0, env=tsp
[2026-03-02 20:40:38,541] INFO:fitness.free_loss_fidelity: RL4CO free-loss step 1/1000: score=7.807477 (avg=7.807477), loss=1.456824 (avg=1.456824), pairs_step=315750, pairs_total=315750
[2026-03-02 20:41:11,090] INFO:fitness.free_loss_fidelity: RL4CO free-loss step 100/1000: score=7.777359 (avg=7.841157), loss=0.621315 (avg=0.628561), pairs_step=316791, pairs_total=31675011
[2026-03-02 20:41:43,961] INFO:fitness.free_loss_fidelity: RL4CO free-loss step 200/1000: score=7.824409 (avg=7.824858), loss=0.627536 (avg=0.627586), pairs_step=316779, pairs_total=63353911
[2026-03-02 20:42:16,827] INFO:fitness.free_loss_fidelity: RL4CO free-loss step 300/1000: score=7.811269 (avg=7.818295), loss=0.630236 (avg=0.628410), pairs_step=316774, pairs_total=95031083
[2026-03-02 20:42:49,859] INFO:fitness.free_loss_fidelity: RL4CO free-loss step 400/1000: score=7.818768 (avg=7.813461), loss=0.632699 (avg=0.629467), pairs_step=316716, pairs_total=126704543
[2026-03-02 20:43:22,709] INFO:fitness.free_loss_fidelity: RL4CO free-loss step 500/1000: score=7.774233 (avg=7.809423), loss=0.636526 (avg=0.630437), pairs_step=316710, pairs_total=158375340
[2026-03-02 20:43:55,553] INFO:fitness.free_loss_fidelity: RL4CO free-loss step 600/1000: score=7.749413 (avg=7.806491), loss=0.634299 (avg=0.631317), pairs_step=316635, pairs_total=190039427
[2026-03-02 20:44:28,588] INFO:fitness.free_loss_fidelity: RL4CO free-loss step 700/1000: score=7.804548 (avg=7.804516), loss=0.624286 (avg=0.632022), pairs_step=316526, pairs_total=221699771
[2026-03-02 20:45:01,456] INFO:fitness.free_loss_fidelity: RL4CO free-loss step 800/1000: score=7.786525 (avg=7.802945), loss=0.639337 (avg=0.632624), pairs_step=316503, pairs_total=253352274
[2026-03-02 20:45:34,292] INFO:fitness.free_loss_fidelity: RL4CO free-loss step 900/1000: score=7.826831 (avg=7.801349), loss=0.641734 (avg=0.633160), pairs_step=316461, pairs_total=284994868
[2026-03-02 20:46:07,149] INFO:fitness.free_loss_fidelity: RL4CO free-loss step 1000/1000: score=7.816231 (avg=7.799838), loss=0.633433 (avg=0.633797), pairs_step=316213, pairs_total=316624886
