[2026-03-03 06:15:33,160] INFO:fitness.free_loss_fidelity: Stage3 offline mini-train start gen=16 pair_index=4 K=1000 seed=12345 valid_sizes=[100] baseline_json=baseline/mini_eval/baseline_minitrain_tsp100_K1000.json
[2026-03-03 06:15:33,182] INFO:fitness.free_loss_fidelity: RL4CO free-loss (step-mode): f1_steps=1000, f2_steps=0, total_steps=1000, train_problem_size=100, rollouts=100, batch_size=64, device=cuda:2, env=tsp
[2026-03-03 06:15:33,509] INFO:fitness.free_loss_fidelity: RL4CO free-loss step 1/1000: score=36.122910 (avg=36.122910), loss=0.720571 (avg=0.720571), pairs_step=1536, pairs_total=1536
[2026-03-03 06:16:05,236] INFO:fitness.free_loss_fidelity: RL4CO free-loss step 100/1000: score=9.417151 (avg=10.480594), loss=0.660625 (avg=0.665651), pairs_step=1536, pairs_total=153600
[2026-03-03 06:16:37,713] INFO:fitness.free_loss_fidelity: RL4CO free-loss step 200/1000: score=9.140471 (avg=9.896228), loss=0.662007 (avg=0.663270), pairs_step=1536, pairs_total=307200
[2026-03-03 06:17:10,333] INFO:fitness.free_loss_fidelity: RL4CO free-loss step 300/1000: score=8.980392 (avg=9.615314), loss=0.664762 (avg=0.662606), pairs_step=1536, pairs_total=460800
[2026-03-03 06:17:42,599] INFO:fitness.free_loss_fidelity: RL4CO free-loss step 400/1000: score=8.886839 (avg=9.455550), loss=0.664430 (avg=0.662832), pairs_step=1536, pairs_total=614400
[2026-03-03 06:18:14,847] INFO:fitness.free_loss_fidelity: RL4CO free-loss step 500/1000: score=8.730831 (avg=9.335833), loss=0.660783 (avg=0.662903), pairs_step=1536, pairs_total=768000
[2026-03-03 06:18:47,098] INFO:fitness.free_loss_fidelity: RL4CO free-loss step 600/1000: score=8.774449 (avg=9.246561), loss=0.658433 (avg=0.662923), pairs_step=1536, pairs_total=921600
[2026-03-03 06:19:19,344] INFO:fitness.free_loss_fidelity: RL4CO free-loss step 700/1000: score=8.742498 (avg=9.172976), loss=0.660655 (avg=0.662947), pairs_step=1536, pairs_total=1075200
[2026-03-03 06:19:51,605] INFO:fitness.free_loss_fidelity: RL4CO free-loss step 800/1000: score=8.718369 (avg=9.112476), loss=0.657293 (avg=0.663143), pairs_step=1536, pairs_total=1228800
[2026-03-03 06:20:23,847] INFO:fitness.free_loss_fidelity: RL4CO free-loss step 900/1000: score=8.637461 (avg=9.063678), loss=0.660979 (avg=0.663217), pairs_step=1536, pairs_total=1382400
[2026-03-03 06:20:56,116] INFO:fitness.free_loss_fidelity: RL4CO free-loss step 1000/1000: score=8.618490 (avg=9.020971), loss=0.666048 (avg=0.663288), pairs_step=1536, pairs_total=1536000
[2026-03-03 06:20:57,235] WARNING:fitness.free_loss_fidelity: weights_only checkpoint load failed (UnpicklingError); retrying weights_only=False for /data1/gushengda/eam-rl4co/baseline/epoch_135.ckpt
[2026-03-03 06:20:57,274] INFO:fitness.free_loss_fidelity: Loaded init checkpoint into policy: path=/data1/gushengda/eam-rl4co/baseline/epoch_135.ckpt prefix=policy. matched=97 missing=0 unexpected=0
[2026-03-03 06:20:57,279] INFO:fitness.free_loss_fidelity: RL4CO free-loss (step-mode): f1_steps=1000, f2_steps=0, total_steps=1000, train_problem_size=100, rollouts=100, batch_size=64, device=cuda:2, env=tsp
[2026-03-03 06:20:57,607] INFO:fitness.free_loss_fidelity: RL4CO free-loss step 1/1000: score=7.803347 (avg=7.803347), loss=0.667550 (avg=0.667550), pairs_step=1536, pairs_total=1536
[2026-03-03 06:21:29,694] INFO:fitness.free_loss_fidelity: RL4CO free-loss step 100/1000: score=7.853755 (avg=7.902461), loss=0.687784 (avg=0.684737), pairs_step=1536, pairs_total=153600
[2026-03-03 06:22:01,933] INFO:fitness.free_loss_fidelity: RL4CO free-loss step 200/1000: score=7.922018 (avg=7.906900), loss=0.694393 (avg=0.686259), pairs_step=1536, pairs_total=307200
[2026-03-03 06:22:34,160] INFO:fitness.free_loss_fidelity: RL4CO free-loss step 300/1000: score=7.929113 (avg=7.902610), loss=0.688669 (avg=0.686527), pairs_step=1536, pairs_total=460800
[2026-03-03 06:23:06,398] INFO:fitness.free_loss_fidelity: RL4CO free-loss step 400/1000: score=7.910176 (avg=7.899017), loss=0.684485 (avg=0.686390), pairs_step=1536, pairs_total=614400
[2026-03-03 06:23:38,629] INFO:fitness.free_loss_fidelity: RL4CO free-loss step 500/1000: score=7.865506 (avg=7.893933), loss=0.686656 (avg=0.686374), pairs_step=1536, pairs_total=768000
[2026-03-03 06:24:11,083] INFO:fitness.free_loss_fidelity: RL4CO free-loss step 600/1000: score=7.866650 (avg=7.891245), loss=0.688772 (avg=0.686471), pairs_step=1536, pairs_total=921600
[2026-03-03 06:24:44,314] INFO:fitness.free_loss_fidelity: RL4CO free-loss step 700/1000: score=7.882941 (avg=7.890695), loss=0.687105 (avg=0.686249), pairs_step=1536, pairs_total=1075200
[2026-03-03 06:25:16,776] INFO:fitness.free_loss_fidelity: RL4CO free-loss step 800/1000: score=7.877848 (avg=7.889158), loss=0.680229 (avg=0.686211), pairs_step=1536, pairs_total=1228800
[2026-03-03 06:25:49,237] INFO:fitness.free_loss_fidelity: RL4CO free-loss step 900/1000: score=7.925366 (avg=7.888012), loss=0.679504 (avg=0.686215), pairs_step=1536, pairs_total=1382400
[2026-03-03 06:26:21,574] INFO:fitness.free_loss_fidelity: RL4CO free-loss step 1000/1000: score=7.888638 (avg=7.886612), loss=0.682414 (avg=0.686102), pairs_step=1536, pairs_total=1536000
[2026-03-03 06:26:22,697] WARNING:fitness.free_loss_fidelity: weights_only checkpoint load failed (UnpicklingError); retrying weights_only=False for /data1/gushengda/eam-rl4co/baseline/epoch_409.ckpt
[2026-03-03 06:26:22,734] INFO:fitness.free_loss_fidelity: Loaded init checkpoint into policy: path=/data1/gushengda/eam-rl4co/baseline/epoch_409.ckpt prefix=policy. matched=97 missing=0 unexpected=0
[2026-03-03 06:26:22,739] INFO:fitness.free_loss_fidelity: RL4CO free-loss (step-mode): f1_steps=1000, f2_steps=0, total_steps=1000, train_problem_size=100, rollouts=100, batch_size=64, device=cuda:2, env=tsp
[2026-03-03 06:26:23,068] INFO:fitness.free_loss_fidelity: RL4CO free-loss step 1/1000: score=7.807477 (avg=7.807477), loss=0.359885 (avg=0.359885), pairs_step=1536, pairs_total=1536
[2026-03-03 06:26:55,026] INFO:fitness.free_loss_fidelity: RL4CO free-loss step 100/1000: score=7.838264 (avg=7.870615), loss=0.655835 (avg=0.602877), pairs_step=1536, pairs_total=153600
[2026-03-03 06:27:27,423] INFO:fitness.free_loss_fidelity: RL4CO free-loss step 200/1000: score=7.887962 (avg=7.872499), loss=0.661448 (avg=0.630744), pairs_step=1536, pairs_total=307200
[2026-03-03 06:27:59,800] INFO:fitness.free_loss_fidelity: RL4CO free-loss step 300/1000: score=7.877088 (avg=7.867031), loss=0.668673 (avg=0.642452), pairs_step=1536, pairs_total=460800
[2026-03-03 06:28:32,168] INFO:fitness.free_loss_fidelity: RL4CO free-loss step 400/1000: score=7.874789 (avg=7.863983), loss=0.671000 (avg=0.649547), pairs_step=1536, pairs_total=614400
[2026-03-03 06:29:04,686] INFO:fitness.free_loss_fidelity: RL4CO free-loss step 500/1000: score=7.815471 (avg=7.859783), loss=0.680254 (avg=0.654304), pairs_step=1536, pairs_total=768000
[2026-03-03 06:29:37,048] INFO:fitness.free_loss_fidelity: RL4CO free-loss step 600/1000: score=7.799304 (avg=7.856885), loss=0.676530 (avg=0.657421), pairs_step=1536, pairs_total=921600
[2026-03-03 06:30:09,412] INFO:fitness.free_loss_fidelity: RL4CO free-loss step 700/1000: score=7.850570 (avg=7.855038), loss=0.669276 (avg=0.659806), pairs_step=1536, pairs_total=1075200
[2026-03-03 06:30:42,219] INFO:fitness.free_loss_fidelity: RL4CO free-loss step 800/1000: score=7.833477 (avg=7.853844), loss=0.678040 (avg=0.661897), pairs_step=1536, pairs_total=1228800
[2026-03-03 06:31:15,504] INFO:fitness.free_loss_fidelity: RL4CO free-loss step 900/1000: score=7.885687 (avg=7.852482), loss=0.678022 (avg=0.663543), pairs_step=1536, pairs_total=1382400
[2026-03-03 06:31:51,468] INFO:fitness.free_loss_fidelity: RL4CO free-loss step 1000/1000: score=7.861967 (avg=7.851162), loss=0.679022 (avg=0.664822), pairs_step=1536, pairs_total=1536000
