[2026-03-02 18:27:35,848] INFO:fitness.free_loss_fidelity: Stage3 offline mini-train start gen=6 pair_index=13 K=1000 seed=12345 valid_sizes=[100] baseline_json=baseline/mini_eval/baseline_minitrain_tsp100_K1000.json
[2026-03-02 18:27:41,255] INFO:fitness.free_loss_fidelity: RL4CO free-loss (step-mode): f1_steps=1000, f2_steps=0, total_steps=1000, train_problem_size=100, rollouts=100, batch_size=64, device=cuda:2, env=tsp
[2026-03-02 18:27:42,219] INFO:fitness.free_loss_fidelity: RL4CO free-loss step 1/1000: score=36.122910 (avg=36.122910), loss=0.698508 (avg=0.698508), pairs_step=316800, pairs_total=316800
[2026-03-02 18:28:15,867] INFO:fitness.free_loss_fidelity: RL4CO free-loss step 100/1000: score=8.753750 (avg=9.810742), loss=0.631759 (avg=0.635298), pairs_step=316800, pairs_total=31679970
[2026-03-02 18:28:49,381] INFO:fitness.free_loss_fidelity: RL4CO free-loss step 200/1000: score=8.527027 (avg=9.206613), loss=0.643525 (avg=0.637012), pairs_step=316800, pairs_total=63359938
[2026-03-02 18:29:22,732] INFO:fitness.free_loss_fidelity: RL4CO free-loss step 300/1000: score=8.320316 (avg=8.934048), loss=0.645930 (avg=0.640200), pairs_step=316800, pairs_total=95039906
[2026-03-02 18:29:56,401] INFO:fitness.free_loss_fidelity: RL4CO free-loss step 400/1000: score=8.284168 (avg=8.772725), loss=0.649911 (avg=0.642558), pairs_step=316800, pairs_total=126719870
[2026-03-02 18:30:29,875] INFO:fitness.free_loss_fidelity: RL4CO free-loss step 500/1000: score=8.191202 (avg=8.664754), loss=0.652698 (avg=0.644188), pairs_step=316798, pairs_total=158399833
[2026-03-02 18:31:03,405] INFO:fitness.free_loss_fidelity: RL4CO free-loss step 600/1000: score=8.137839 (avg=8.586823), loss=0.654112 (avg=0.645495), pairs_step=316800, pairs_total=190079802
[2026-03-02 18:31:37,009] INFO:fitness.free_loss_fidelity: RL4CO free-loss step 700/1000: score=8.196543 (avg=8.528285), loss=0.654162 (avg=0.646657), pairs_step=316799, pairs_total=221759764
[2026-03-02 18:32:10,464] INFO:fitness.free_loss_fidelity: RL4CO free-loss step 800/1000: score=8.137575 (avg=8.481869), loss=0.654842 (avg=0.647650), pairs_step=316799, pairs_total=253439727
[2026-03-02 18:32:44,081] INFO:fitness.free_loss_fidelity: RL4CO free-loss step 900/1000: score=8.155376 (avg=8.443657), loss=0.659504 (avg=0.648625), pairs_step=316800, pairs_total=285119690
[2026-03-02 18:33:17,693] INFO:fitness.free_loss_fidelity: RL4CO free-loss step 1000/1000: score=8.160592 (avg=8.411723), loss=0.659039 (avg=0.649531), pairs_step=316800, pairs_total=316799645
[2026-03-02 18:33:18,804] WARNING:fitness.free_loss_fidelity: weights_only checkpoint load failed (UnpicklingError); retrying weights_only=False for /data1/gushengda/eam-rl4co/baseline/epoch_135.ckpt
[2026-03-02 18:33:18,847] INFO:fitness.free_loss_fidelity: Loaded init checkpoint into policy: path=/data1/gushengda/eam-rl4co/baseline/epoch_135.ckpt prefix=policy. matched=97 missing=0 unexpected=0
[2026-03-02 18:33:18,852] INFO:fitness.free_loss_fidelity: RL4CO free-loss (step-mode): f1_steps=1000, f2_steps=0, total_steps=1000, train_problem_size=100, rollouts=100, batch_size=64, device=cuda:2, env=tsp
[2026-03-02 18:33:19,204] INFO:fitness.free_loss_fidelity: RL4CO free-loss step 1/1000: score=7.803347 (avg=7.803347), loss=0.680743 (avg=0.680743), pairs_step=315697, pairs_total=315697
[2026-03-02 18:33:52,580] INFO:fitness.free_loss_fidelity: RL4CO free-loss step 100/1000: score=7.757207 (avg=7.798705), loss=0.682807 (avg=0.680941), pairs_step=315757, pairs_total=31565833
[2026-03-02 18:34:26,280] INFO:fitness.free_loss_fidelity: RL4CO free-loss step 200/1000: score=7.806808 (avg=7.798548), loss=0.680279 (avg=0.681304), pairs_step=315248, pairs_total=63114911
[2026-03-02 18:35:00,204] INFO:fitness.free_loss_fidelity: RL4CO free-loss step 300/1000: score=7.809822 (avg=7.799232), loss=0.682190 (avg=0.681233), pairs_step=315473, pairs_total=94655947
[2026-03-02 18:35:33,858] INFO:fitness.free_loss_fidelity: RL4CO free-loss step 400/1000: score=7.820804 (avg=7.799155), loss=0.682030 (avg=0.681202), pairs_step=314792, pairs_total=126186879
[2026-03-02 18:36:07,568] INFO:fitness.free_loss_fidelity: RL4CO free-loss step 500/1000: score=7.777804 (avg=7.798192), loss=0.681525 (avg=0.681124), pairs_step=315320, pairs_total=157711588
[2026-03-02 18:36:41,264] INFO:fitness.free_loss_fidelity: RL4CO free-loss step 600/1000: score=7.751678 (avg=7.797629), loss=0.680664 (avg=0.681026), pairs_step=315479, pairs_total=189231220
[2026-03-02 18:37:14,938] INFO:fitness.free_loss_fidelity: RL4CO free-loss step 700/1000: score=7.805450 (avg=7.797535), loss=0.682838 (avg=0.681059), pairs_step=314011, pairs_total=220738094
[2026-03-02 18:37:48,591] INFO:fitness.free_loss_fidelity: RL4CO free-loss step 800/1000: score=7.796921 (avg=7.797461), loss=0.680648 (avg=0.681046), pairs_step=314570, pairs_total=252247419
[2026-03-02 18:38:22,441] INFO:fitness.free_loss_fidelity: RL4CO free-loss step 900/1000: score=7.836839 (avg=7.797156), loss=0.681402 (avg=0.681004), pairs_step=315167, pairs_total=283750448
[2026-03-02 18:38:56,112] INFO:fitness.free_loss_fidelity: RL4CO free-loss step 1000/1000: score=7.820795 (avg=7.796689), loss=0.681623 (avg=0.680962), pairs_step=315536, pairs_total=315238176
[2026-03-02 18:38:57,221] WARNING:fitness.free_loss_fidelity: weights_only checkpoint load failed (UnpicklingError); retrying weights_only=False for /data1/gushengda/eam-rl4co/baseline/epoch_409.ckpt
[2026-03-02 18:38:57,278] INFO:fitness.free_loss_fidelity: Loaded init checkpoint into policy: path=/data1/gushengda/eam-rl4co/baseline/epoch_409.ckpt prefix=policy. matched=97 missing=0 unexpected=0
[2026-03-02 18:38:57,285] INFO:fitness.free_loss_fidelity: RL4CO free-loss (step-mode): f1_steps=1000, f2_steps=0, total_steps=1000, train_problem_size=100, rollouts=100, batch_size=64, device=cuda:2, env=tsp
[2026-03-02 18:38:57,661] INFO:fitness.free_loss_fidelity: RL4CO free-loss step 1/1000: score=7.807477 (avg=7.807477), loss=0.299534 (avg=0.299534), pairs_step=315750, pairs_total=315750
[2026-03-02 18:39:30,949] INFO:fitness.free_loss_fidelity: RL4CO free-loss step 100/1000: score=7.758095 (avg=7.799091), loss=0.444803 (avg=0.448297), pairs_step=315302, pairs_total=31567285
[2026-03-02 18:40:04,473] INFO:fitness.free_loss_fidelity: RL4CO free-loss step 200/1000: score=7.808236 (avg=7.796116), loss=0.455856 (avg=0.450442), pairs_step=314794, pairs_total=63081619
[2026-03-02 18:40:38,102] INFO:fitness.free_loss_fidelity: RL4CO free-loss step 300/1000: score=7.801961 (avg=7.795877), loss=0.461419 (avg=0.454194), pairs_step=314444, pairs_total=94572133
[2026-03-02 18:41:11,489] INFO:fitness.free_loss_fidelity: RL4CO free-loss step 400/1000: score=7.814546 (avg=7.795020), loss=0.467268 (avg=0.456491), pairs_step=314285, pairs_total=126050133
[2026-03-02 18:41:44,941] INFO:fitness.free_loss_fidelity: RL4CO free-loss step 500/1000: score=7.773191 (avg=7.793822), loss=0.468841 (avg=0.458779), pairs_step=314795, pairs_total=157492778
[2026-03-02 18:42:18,461] INFO:fitness.free_loss_fidelity: RL4CO free-loss step 600/1000: score=7.749935 (avg=7.793004), loss=0.467736 (avg=0.460479), pairs_step=313827, pairs_total=188903046
[2026-03-02 18:42:51,806] INFO:fitness.free_loss_fidelity: RL4CO free-loss step 700/1000: score=7.802917 (avg=7.792776), loss=0.474335 (avg=0.461668), pairs_step=313196, pairs_total=220299669
[2026-03-02 18:43:25,450] INFO:fitness.free_loss_fidelity: RL4CO free-loss step 800/1000: score=7.785921 (avg=7.792692), loss=0.471746 (avg=0.462856), pairs_step=312920, pairs_total=251669441
[2026-03-02 18:43:58,861] INFO:fitness.free_loss_fidelity: RL4CO free-loss step 900/1000: score=7.825578 (avg=7.792252), loss=0.475787 (avg=0.463947), pairs_step=313946, pairs_total=282995756
[2026-03-02 18:44:32,408] INFO:fitness.free_loss_fidelity: RL4CO free-loss step 1000/1000: score=7.820027 (avg=7.791823), loss=0.472224 (avg=0.464868), pairs_step=313472, pairs_total=314318492
