[2026-03-03 10:14:23,750] INFO:fitness.free_loss_fidelity: Stage3 offline mini-train start gen=19 pair_index=27 K=200 seed=12345 valid_sizes=[100] baseline_json=baseline/mini_eval/baseline_minitrain_tsp100_K200.json
[2026-03-03 10:14:23,768] INFO:fitness.free_loss_fidelity: RL4CO free-loss (step-mode): f1_steps=200, f2_steps=0, total_steps=200, train_problem_size=100, rollouts=100, batch_size=64, device=cuda:3, env=tsp
[2026-03-03 10:14:24,114] INFO:fitness.free_loss_fidelity: RL4CO free-loss step 1/200: score=36.122910 (avg=36.122910), loss=0.726575 (avg=0.726575), pairs_step=12800, pairs_total=12800
[2026-03-03 10:14:30,199] INFO:fitness.free_loss_fidelity: RL4CO free-loss step 20/200: score=10.110369 (avg=14.042517), loss=0.689092 (avg=0.689736), pairs_step=12800, pairs_total=256000
[2026-03-03 10:14:36,613] INFO:fitness.free_loss_fidelity: RL4CO free-loss step 40/200: score=10.022203 (avg=12.044022), loss=0.681000 (avg=0.686815), pairs_step=12800, pairs_total=512000
[2026-03-03 10:14:43,029] INFO:fitness.free_loss_fidelity: RL4CO free-loss step 60/200: score=9.686847 (avg=11.273130), loss=0.678051 (avg=0.684312), pairs_step=12800, pairs_total=768000
[2026-03-03 10:14:49,447] INFO:fitness.free_loss_fidelity: RL4CO free-loss step 80/200: score=9.699245 (avg=10.875483), loss=0.672765 (avg=0.682076), pairs_step=12800, pairs_total=1024000
[2026-03-03 10:14:55,863] INFO:fitness.free_loss_fidelity: RL4CO free-loss step 100/200: score=9.633671 (avg=10.635154), loss=0.674680 (avg=0.680381), pairs_step=12800, pairs_total=1280000
[2026-03-03 10:15:02,276] INFO:fitness.free_loss_fidelity: RL4CO free-loss step 120/200: score=9.561100 (avg=10.467653), loss=0.672451 (avg=0.679341), pairs_step=12800, pairs_total=1536000
[2026-03-03 10:15:08,699] INFO:fitness.free_loss_fidelity: RL4CO free-loss step 140/200: score=9.639994 (avg=10.342589), loss=0.671518 (avg=0.678296), pairs_step=12800, pairs_total=1792000
[2026-03-03 10:15:15,118] INFO:fitness.free_loss_fidelity: RL4CO free-loss step 160/200: score=9.505278 (avg=10.242052), loss=0.672449 (avg=0.677571), pairs_step=12800, pairs_total=2048000
[2026-03-03 10:15:21,539] INFO:fitness.free_loss_fidelity: RL4CO free-loss step 180/200: score=9.483968 (avg=10.156601), loss=0.671416 (avg=0.677023), pairs_step=12800, pairs_total=2304000
[2026-03-03 10:15:27,955] INFO:fitness.free_loss_fidelity: RL4CO free-loss step 200/200: score=9.512039 (avg=10.085247), loss=0.672702 (avg=0.676612), pairs_step=12800, pairs_total=2560000
[2026-03-03 10:15:29,061] WARNING:fitness.free_loss_fidelity: weights_only checkpoint load failed (UnpicklingError); retrying weights_only=False for /data1/gushengda/eam-rl4co/baseline/epoch_135.ckpt
[2026-03-03 10:15:29,099] INFO:fitness.free_loss_fidelity: Loaded init checkpoint into policy: path=/data1/gushengda/eam-rl4co/baseline/epoch_135.ckpt prefix=policy. matched=97 missing=0 unexpected=0
[2026-03-03 10:15:29,105] INFO:fitness.free_loss_fidelity: RL4CO free-loss (step-mode): f1_steps=200, f2_steps=0, total_steps=200, train_problem_size=100, rollouts=100, batch_size=64, device=cuda:3, env=tsp
[2026-03-03 10:15:29,433] INFO:fitness.free_loss_fidelity: RL4CO free-loss step 1/200: score=7.803347 (avg=7.803347), loss=0.689396 (avg=0.689396), pairs_step=8683, pairs_total=8683
[2026-03-03 10:15:35,517] INFO:fitness.free_loss_fidelity: RL4CO free-loss step 20/200: score=7.793476 (avg=7.822540), loss=0.690310 (avg=0.690138), pairs_step=10207, pairs_total=200219
[2026-03-03 10:15:41,933] INFO:fitness.free_loss_fidelity: RL4CO free-loss step 40/200: score=7.834741 (avg=7.818624), loss=0.688424 (avg=0.690085), pairs_step=11277, pairs_total=417467
[2026-03-03 10:15:48,346] INFO:fitness.free_loss_fidelity: RL4CO free-loss step 60/200: score=7.828644 (avg=7.815085), loss=0.689438 (avg=0.689779), pairs_step=10519, pairs_total=641942
[2026-03-03 10:15:54,756] INFO:fitness.free_loss_fidelity: RL4CO free-loss step 80/200: score=7.819536 (avg=7.814535), loss=0.688488 (avg=0.689579), pairs_step=11848, pairs_total=873576
[2026-03-03 10:16:01,174] INFO:fitness.free_loss_fidelity: RL4CO free-loss step 100/200: score=7.783785 (avg=7.816931), loss=0.689418 (avg=0.689376), pairs_step=12067, pairs_total=1110002
[2026-03-03 10:16:07,580] INFO:fitness.free_loss_fidelity: RL4CO free-loss step 120/200: score=7.793633 (avg=7.818847), loss=0.689126 (avg=0.689163), pairs_step=11885, pairs_total=1352403
[2026-03-03 10:16:13,994] INFO:fitness.free_loss_fidelity: RL4CO free-loss step 140/200: score=7.849573 (avg=7.820167), loss=0.688213 (avg=0.689005), pairs_step=12344, pairs_total=1598319
[2026-03-03 10:16:20,414] INFO:fitness.free_loss_fidelity: RL4CO free-loss step 160/200: score=7.818695 (avg=7.820200), loss=0.687061 (avg=0.688823), pairs_step=12116, pairs_total=1846283
[2026-03-03 10:16:26,836] INFO:fitness.free_loss_fidelity: RL4CO free-loss step 180/200: score=7.810495 (avg=7.819462), loss=0.687468 (avg=0.688707), pairs_step=12508, pairs_total=2093099
[2026-03-03 10:16:33,248] INFO:fitness.free_loss_fidelity: RL4CO free-loss step 200/200: score=7.830650 (avg=7.818665), loss=0.688615 (avg=0.688605), pairs_step=12043, pairs_total=2336506
[2026-03-03 10:16:34,358] WARNING:fitness.free_loss_fidelity: weights_only checkpoint load failed (UnpicklingError); retrying weights_only=False for /data1/gushengda/eam-rl4co/baseline/epoch_409.ckpt
[2026-03-03 10:16:34,395] INFO:fitness.free_loss_fidelity: Loaded init checkpoint into policy: path=/data1/gushengda/eam-rl4co/baseline/epoch_409.ckpt prefix=policy. matched=97 missing=0 unexpected=0
[2026-03-03 10:16:34,401] INFO:fitness.free_loss_fidelity: RL4CO free-loss (step-mode): f1_steps=200, f2_steps=0, total_steps=200, train_problem_size=100, rollouts=100, batch_size=64, device=cuda:3, env=tsp
[2026-03-03 10:16:34,729] INFO:fitness.free_loss_fidelity: RL4CO free-loss step 1/200: score=7.807477 (avg=7.807477), loss=0.507655 (avg=0.507655), pairs_step=12800, pairs_total=12800
[2026-03-03 10:16:40,824] INFO:fitness.free_loss_fidelity: RL4CO free-loss step 20/200: score=7.789147 (avg=7.811658), loss=0.603477 (avg=0.577595), pairs_step=12800, pairs_total=256000
[2026-03-03 10:16:47,230] INFO:fitness.free_loss_fidelity: RL4CO free-loss step 40/200: score=7.820998 (avg=7.805945), loss=0.625628 (avg=0.595672), pairs_step=12800, pairs_total=512000
[2026-03-03 10:16:53,644] INFO:fitness.free_loss_fidelity: RL4CO free-loss step 60/200: score=7.813507 (avg=7.801874), loss=0.630334 (avg=0.606673), pairs_step=12800, pairs_total=768000
[2026-03-03 10:17:00,058] INFO:fitness.free_loss_fidelity: RL4CO free-loss step 80/200: score=7.797500 (avg=7.800060), loss=0.640759 (avg=0.614014), pairs_step=12800, pairs_total=1024000
[2026-03-03 10:17:06,475] INFO:fitness.free_loss_fidelity: RL4CO free-loss step 100/200: score=7.756160 (avg=7.800669), loss=0.645920 (avg=0.619912), pairs_step=12800, pairs_total=1280000
[2026-03-03 10:17:12,893] INFO:fitness.free_loss_fidelity: RL4CO free-loss step 120/200: score=7.777507 (avg=7.801891), loss=0.656040 (avg=0.625089), pairs_step=12800, pairs_total=1536000
[2026-03-03 10:17:19,314] INFO:fitness.free_loss_fidelity: RL4CO free-loss step 140/200: score=7.827794 (avg=7.802795), loss=0.655996 (avg=0.629318), pairs_step=12800, pairs_total=1792000
[2026-03-03 10:17:25,910] INFO:fitness.free_loss_fidelity: RL4CO free-loss step 160/200: score=7.795579 (avg=7.801928), loss=0.657309 (avg=0.632971), pairs_step=12800, pairs_total=2048000
[2026-03-03 10:17:32,318] INFO:fitness.free_loss_fidelity: RL4CO free-loss step 180/200: score=7.785341 (avg=7.800683), loss=0.656981 (avg=0.635723), pairs_step=12800, pairs_total=2304000
[2026-03-03 10:17:38,728] INFO:fitness.free_loss_fidelity: RL4CO free-loss step 200/200: score=7.814836 (avg=7.799488), loss=0.662167 (avg=0.638105), pairs_step=12800, pairs_total=2560000
