[2026-03-03 09:17:41,269] INFO:fitness.free_loss_fidelity: Stage3 offline mini-train start gen=18 pair_index=17 K=1000 seed=12345 valid_sizes=[100] baseline_json=baseline/mini_eval/baseline_minitrain_tsp100_K1000.json
[2026-03-03 09:17:47,102] INFO:fitness.free_loss_fidelity: RL4CO free-loss (step-mode): f1_steps=1000, f2_steps=0, total_steps=1000, train_problem_size=100, rollouts=100, batch_size=64, device=cuda:3, env=tsp
[2026-03-03 09:17:47,980] INFO:fitness.free_loss_fidelity: RL4CO free-loss step 1/1000: score=36.122910 (avg=36.122910), loss=0.726734 (avg=0.726734), pairs_step=16384, pairs_total=16384
[2026-03-03 09:18:20,294] INFO:fitness.free_loss_fidelity: RL4CO free-loss step 100/1000: score=9.753016 (avg=10.858530), loss=0.676387 (avg=0.682759), pairs_step=16384, pairs_total=1638400
[2026-03-03 09:18:52,520] INFO:fitness.free_loss_fidelity: RL4CO free-loss step 200/1000: score=9.594721 (avg=10.280253), loss=0.674045 (avg=0.678765), pairs_step=16384, pairs_total=3276800
[2026-03-03 09:19:24,705] INFO:fitness.free_loss_fidelity: RL4CO free-loss step 300/1000: score=9.416998 (avg=10.021034), loss=0.673713 (avg=0.677269), pairs_step=16384, pairs_total=4915200
[2026-03-03 09:19:56,940] INFO:fitness.free_loss_fidelity: RL4CO free-loss step 400/1000: score=9.290754 (avg=9.845817), loss=0.672275 (avg=0.676485), pairs_step=16384, pairs_total=6553600
[2026-03-03 09:20:30,750] INFO:fitness.free_loss_fidelity: RL4CO free-loss step 500/1000: score=9.072721 (avg=9.706389), loss=0.675651 (avg=0.675989), pairs_step=16384, pairs_total=8192000
[2026-03-03 09:21:07,404] INFO:fitness.free_loss_fidelity: RL4CO free-loss step 600/1000: score=8.944594 (avg=9.592457), loss=0.672555 (avg=0.675653), pairs_step=16384, pairs_total=9830400
[2026-03-03 09:21:44,384] INFO:fitness.free_loss_fidelity: RL4CO free-loss step 700/1000: score=8.937042 (avg=9.502095), loss=0.674145 (avg=0.675442), pairs_step=16384, pairs_total=11468800
[2026-03-03 09:22:16,625] INFO:fitness.free_loss_fidelity: RL4CO free-loss step 800/1000: score=8.900163 (avg=9.426848), loss=0.673125 (avg=0.675239), pairs_step=16384, pairs_total=13107200
[2026-03-03 09:22:48,889] INFO:fitness.free_loss_fidelity: RL4CO free-loss step 900/1000: score=8.869241 (avg=9.364508), loss=0.672389 (avg=0.675073), pairs_step=16384, pairs_total=14745600
[2026-03-03 09:23:21,056] INFO:fitness.free_loss_fidelity: RL4CO free-loss step 1000/1000: score=8.854846 (avg=9.310399), loss=0.673529 (avg=0.674955), pairs_step=16384, pairs_total=16384000
[2026-03-03 09:23:22,167] WARNING:fitness.free_loss_fidelity: weights_only checkpoint load failed (UnpicklingError); retrying weights_only=False for /data1/gushengda/eam-rl4co/baseline/epoch_135.ckpt
[2026-03-03 09:23:22,209] INFO:fitness.free_loss_fidelity: Loaded init checkpoint into policy: path=/data1/gushengda/eam-rl4co/baseline/epoch_135.ckpt prefix=policy. matched=97 missing=0 unexpected=0
[2026-03-03 09:23:22,214] INFO:fitness.free_loss_fidelity: RL4CO free-loss (step-mode): f1_steps=1000, f2_steps=0, total_steps=1000, train_problem_size=100, rollouts=100, batch_size=64, device=cuda:3, env=tsp
[2026-03-03 09:23:22,544] INFO:fitness.free_loss_fidelity: RL4CO free-loss step 1/1000: score=7.803347 (avg=7.803347), loss=0.689397 (avg=0.689397), pairs_step=8722, pairs_total=8722
[2026-03-03 09:23:54,377] INFO:fitness.free_loss_fidelity: RL4CO free-loss step 100/1000: score=7.778023 (avg=7.819260), loss=0.687954 (avg=0.689852), pairs_step=12463, pairs_total=1146324
[2026-03-03 09:24:26,771] INFO:fitness.free_loss_fidelity: RL4CO free-loss step 200/1000: score=7.848071 (avg=7.820293), loss=0.687103 (avg=0.688745), pairs_step=13032, pairs_total=2380649
[2026-03-03 09:24:58,962] INFO:fitness.free_loss_fidelity: RL4CO free-loss step 300/1000: score=7.830098 (avg=7.822252), loss=0.685075 (avg=0.687778), pairs_step=11932, pairs_total=3643158
[2026-03-03 09:25:31,191] INFO:fitness.free_loss_fidelity: RL4CO free-loss step 400/1000: score=7.852078 (avg=7.823157), loss=0.684586 (avg=0.687261), pairs_step=12373, pairs_total=4902573
[2026-03-03 09:26:03,451] INFO:fitness.free_loss_fidelity: RL4CO free-loss step 500/1000: score=7.798153 (avg=7.822911), loss=0.686145 (avg=0.686887), pairs_step=12471, pairs_total=6167859
[2026-03-03 09:26:35,718] INFO:fitness.free_loss_fidelity: RL4CO free-loss step 600/1000: score=7.789958 (avg=7.822682), loss=0.685583 (avg=0.686582), pairs_step=12924, pairs_total=7425758
[2026-03-03 09:27:07,947] INFO:fitness.free_loss_fidelity: RL4CO free-loss step 700/1000: score=7.833216 (avg=7.822923), loss=0.682429 (avg=0.686356), pairs_step=11623, pairs_total=8682754
[2026-03-03 09:27:40,159] INFO:fitness.free_loss_fidelity: RL4CO free-loss step 800/1000: score=7.820364 (avg=7.823213), loss=0.683977 (avg=0.686215), pairs_step=13061, pairs_total=9926883
[2026-03-03 09:28:12,392] INFO:fitness.free_loss_fidelity: RL4CO free-loss step 900/1000: score=7.854534 (avg=7.823194), loss=0.685659 (avg=0.686081), pairs_step=12307, pairs_total=11174671
[2026-03-03 09:28:44,612] INFO:fitness.free_loss_fidelity: RL4CO free-loss step 1000/1000: score=7.843412 (avg=7.823004), loss=0.684073 (avg=0.685950), pairs_step=11993, pairs_total=12427190
[2026-03-03 09:28:45,910] WARNING:fitness.free_loss_fidelity: weights_only checkpoint load failed (UnpicklingError); retrying weights_only=False for /data1/gushengda/eam-rl4co/baseline/epoch_409.ckpt
[2026-03-03 09:28:45,949] INFO:fitness.free_loss_fidelity: Loaded init checkpoint into policy: path=/data1/gushengda/eam-rl4co/baseline/epoch_409.ckpt prefix=policy. matched=97 missing=0 unexpected=0
[2026-03-03 09:28:45,954] INFO:fitness.free_loss_fidelity: RL4CO free-loss (step-mode): f1_steps=1000, f2_steps=0, total_steps=1000, train_problem_size=100, rollouts=100, batch_size=64, device=cuda:3, env=tsp
[2026-03-03 09:28:46,284] INFO:fitness.free_loss_fidelity: RL4CO free-loss step 1/1000: score=7.807477 (avg=7.807477), loss=0.524504 (avg=0.524504), pairs_step=14386, pairs_total=14386
[2026-03-03 09:29:21,423] INFO:fitness.free_loss_fidelity: RL4CO free-loss step 100/1000: score=7.753500 (avg=7.801854), loss=0.649585 (avg=0.622459), pairs_step=14496, pairs_total=1477681
[2026-03-03 09:29:57,747] INFO:fitness.free_loss_fidelity: RL4CO free-loss step 200/1000: score=7.817594 (avg=7.800249), loss=0.665257 (avg=0.640038), pairs_step=14990, pairs_total=2956485
[2026-03-03 09:30:34,447] INFO:fitness.free_loss_fidelity: RL4CO free-loss step 300/1000: score=7.810262 (avg=7.800672), loss=0.667311 (avg=0.648483), pairs_step=14798, pairs_total=4437708
[2026-03-03 09:31:11,231] INFO:fitness.free_loss_fidelity: RL4CO free-loss step 400/1000: score=7.824535 (avg=7.800233), loss=0.669278 (avg=0.653555), pairs_step=14269, pairs_total=5909000
[2026-03-03 09:31:48,089] INFO:fitness.free_loss_fidelity: RL4CO free-loss step 500/1000: score=7.779599 (avg=7.799340), loss=0.670303 (avg=0.656967), pairs_step=14293, pairs_total=7349268
[2026-03-03 09:32:24,788] INFO:fitness.free_loss_fidelity: RL4CO free-loss step 600/1000: score=7.756218 (avg=7.798678), loss=0.674051 (avg=0.659417), pairs_step=14204, pairs_total=8782583
[2026-03-03 09:33:01,526] INFO:fitness.free_loss_fidelity: RL4CO free-loss step 700/1000: score=7.810989 (avg=7.798429), loss=0.672914 (avg=0.661270), pairs_step=13672, pairs_total=10197424
[2026-03-03 09:33:38,184] INFO:fitness.free_loss_fidelity: RL4CO free-loss step 800/1000: score=7.793788 (avg=7.798476), loss=0.673716 (avg=0.662765), pairs_step=14129, pairs_total=11593648
[2026-03-03 09:34:14,783] INFO:fitness.free_loss_fidelity: RL4CO free-loss step 900/1000: score=7.829856 (avg=7.798226), loss=0.675920 (avg=0.664035), pairs_step=13751, pairs_total=12964235
[2026-03-03 09:34:48,909] INFO:fitness.free_loss_fidelity: RL4CO free-loss step 1000/1000: score=7.826329 (avg=7.797859), loss=0.674143 (avg=0.665113), pairs_step=13330, pairs_total=14319805
