[2026-03-02 17:43:03,681] INFO:fitness.free_loss_fidelity: Stage3 offline mini-train start gen=5 pair_index=6 K=1000 seed=12345 valid_sizes=[100] baseline_json=baseline/mini_eval/baseline_minitrain_tsp100_K1000.json
[2026-03-02 17:43:09,221] INFO:fitness.free_loss_fidelity: RL4CO free-loss (step-mode): f1_steps=1000, f2_steps=0, total_steps=1000, train_problem_size=100, rollouts=100, batch_size=64, device=cuda:1, env=tsp
[2026-03-02 17:43:09,977] INFO:fitness.free_loss_fidelity: RL4CO free-loss step 1/1000: score=36.122910 (avg=36.122910), loss=0.781180 (avg=0.781180), pairs_step=316800, pairs_total=316800
[2026-03-02 17:43:46,709] INFO:fitness.free_loss_fidelity: RL4CO free-loss step 100/1000: score=8.990946 (avg=9.976946), loss=0.562694 (avg=0.572665), pairs_step=316799, pairs_total=31679982
[2026-03-02 17:44:22,050] INFO:fitness.free_loss_fidelity: RL4CO free-loss step 200/1000: score=8.662058 (avg=9.393882), loss=0.585120 (avg=0.570168), pairs_step=316800, pairs_total=63359947
[2026-03-02 17:44:56,466] INFO:fitness.free_loss_fidelity: RL4CO free-loss step 300/1000: score=8.476648 (avg=9.112588), loss=0.582329 (avg=0.572861), pairs_step=316800, pairs_total=95039916
[2026-03-02 17:45:30,814] INFO:fitness.free_loss_fidelity: RL4CO free-loss step 400/1000: score=8.401711 (avg=8.941375), loss=0.590102 (avg=0.575623), pairs_step=316799, pairs_total=126719885
[2026-03-02 17:46:05,094] INFO:fitness.free_loss_fidelity: RL4CO free-loss step 500/1000: score=8.292171 (avg=8.824045), loss=0.587897 (avg=0.578100), pairs_step=316799, pairs_total=158399850
[2026-03-02 17:46:39,404] INFO:fitness.free_loss_fidelity: RL4CO free-loss step 600/1000: score=8.269004 (avg=8.737387), loss=0.590957 (avg=0.580373), pairs_step=316800, pairs_total=190079814
[2026-03-02 17:47:13,931] INFO:fitness.free_loss_fidelity: RL4CO free-loss step 700/1000: score=8.273123 (avg=8.671732), loss=0.587447 (avg=0.582043), pairs_step=316800, pairs_total=221759769
[2026-03-02 17:47:48,287] INFO:fitness.free_loss_fidelity: RL4CO free-loss step 800/1000: score=8.247852 (avg=8.619478), loss=0.593770 (avg=0.583527), pairs_step=316800, pairs_total=253439731
[2026-03-02 17:48:22,587] INFO:fitness.free_loss_fidelity: RL4CO free-loss step 900/1000: score=8.261646 (avg=8.576505), loss=0.596822 (avg=0.584740), pairs_step=316800, pairs_total=285119683
[2026-03-02 17:48:56,909] INFO:fitness.free_loss_fidelity: RL4CO free-loss step 1000/1000: score=8.252983 (avg=8.540622), loss=0.594422 (avg=0.585791), pairs_step=316800, pairs_total=316799641
[2026-03-02 17:48:58,041] WARNING:fitness.free_loss_fidelity: weights_only checkpoint load failed (UnpicklingError); retrying weights_only=False for /data1/gushengda/eam-rl4co/baseline/epoch_135.ckpt
[2026-03-02 17:48:58,084] INFO:fitness.free_loss_fidelity: Loaded init checkpoint into policy: path=/data1/gushengda/eam-rl4co/baseline/epoch_135.ckpt prefix=policy. matched=97 missing=0 unexpected=0
[2026-03-02 17:48:58,089] INFO:fitness.free_loss_fidelity: RL4CO free-loss (step-mode): f1_steps=1000, f2_steps=0, total_steps=1000, train_problem_size=100, rollouts=100, batch_size=64, device=cuda:1, env=tsp
[2026-03-02 17:48:58,479] INFO:fitness.free_loss_fidelity: RL4CO free-loss step 1/1000: score=7.803347 (avg=7.803347), loss=0.669511 (avg=0.669511), pairs_step=315697, pairs_total=315697
[2026-03-02 17:49:32,559] INFO:fitness.free_loss_fidelity: RL4CO free-loss step 100/1000: score=7.754176 (avg=7.799656), loss=0.670225 (avg=0.668718), pairs_step=315609, pairs_total=31577812
[2026-03-02 17:50:05,699] INFO:fitness.free_loss_fidelity: RL4CO free-loss step 200/1000: score=7.811915 (avg=7.798491), loss=0.660527 (avg=0.667833), pairs_step=315671, pairs_total=63139355
[2026-03-02 17:50:38,197] INFO:fitness.free_loss_fidelity: RL4CO free-loss step 300/1000: score=7.810356 (avg=7.799283), loss=0.665440 (avg=0.667069), pairs_step=315450, pairs_total=94695564
[2026-03-02 17:51:10,725] INFO:fitness.free_loss_fidelity: RL4CO free-loss step 400/1000: score=7.822372 (avg=7.798844), loss=0.649666 (avg=0.665299), pairs_step=315067, pairs_total=126243947
[2026-03-02 17:51:43,267] INFO:fitness.free_loss_fidelity: RL4CO free-loss step 500/1000: score=7.775396 (avg=7.797736), loss=0.610756 (avg=0.659576), pairs_step=315460, pairs_total=157788746
[2026-03-02 17:52:15,821] INFO:fitness.free_loss_fidelity: RL4CO free-loss step 600/1000: score=7.757654 (avg=7.797131), loss=0.501431 (avg=0.643002), pairs_step=315820, pairs_total=189332757
[2026-03-02 17:52:48,449] INFO:fitness.free_loss_fidelity: RL4CO free-loss step 700/1000: score=7.809054 (avg=7.797021), loss=0.451267 (avg=0.617673), pairs_step=315370, pairs_total=220890212
[2026-03-02 17:53:20,990] INFO:fitness.free_loss_fidelity: RL4CO free-loss step 800/1000: score=7.796581 (avg=7.797051), loss=0.414106 (avg=0.594035), pairs_step=315758, pairs_total=252450489
[2026-03-02 17:53:53,522] INFO:fitness.free_loss_fidelity: RL4CO free-loss step 900/1000: score=7.829941 (avg=7.796762), loss=0.429505 (avg=0.573788), pairs_step=315989, pairs_total=284010897
[2026-03-02 17:54:26,072] INFO:fitness.free_loss_fidelity: RL4CO free-loss step 1000/1000: score=7.821612 (avg=7.796407), loss=0.397198 (avg=0.557306), pairs_step=315789, pairs_total=315570657
[2026-03-02 17:54:27,204] WARNING:fitness.free_loss_fidelity: weights_only checkpoint load failed (UnpicklingError); retrying weights_only=False for /data1/gushengda/eam-rl4co/baseline/epoch_409.ckpt
[2026-03-02 17:54:27,242] INFO:fitness.free_loss_fidelity: Loaded init checkpoint into policy: path=/data1/gushengda/eam-rl4co/baseline/epoch_409.ckpt prefix=policy. matched=97 missing=0 unexpected=0
[2026-03-02 17:54:27,248] INFO:fitness.free_loss_fidelity: RL4CO free-loss (step-mode): f1_steps=1000, f2_steps=0, total_steps=1000, train_problem_size=100, rollouts=100, batch_size=64, device=cuda:1, env=tsp
[2026-03-02 17:54:27,587] INFO:fitness.free_loss_fidelity: RL4CO free-loss step 1/1000: score=7.807477 (avg=7.807477), loss=0.211991 (avg=0.211991), pairs_step=315750, pairs_total=315750
[2026-03-02 17:55:00,003] INFO:fitness.free_loss_fidelity: RL4CO free-loss step 100/1000: score=7.753632 (avg=7.797573), loss=0.200399 (avg=0.195604), pairs_step=315899, pairs_total=31595012
[2026-03-02 17:55:32,544] INFO:fitness.free_loss_fidelity: RL4CO free-loss step 200/1000: score=7.810880 (avg=7.796345), loss=0.196847 (avg=0.195780), pairs_step=315603, pairs_total=63175064
[2026-03-02 17:56:05,069] INFO:fitness.free_loss_fidelity: RL4CO free-loss step 300/1000: score=7.803909 (avg=7.796445), loss=0.192508 (avg=0.195746), pairs_step=315695, pairs_total=94747570
[2026-03-02 17:56:37,623] INFO:fitness.free_loss_fidelity: RL4CO free-loss step 400/1000: score=7.817954 (avg=7.796008), loss=0.193980 (avg=0.196414), pairs_step=315629, pairs_total=126309817
[2026-03-02 17:57:10,147] INFO:fitness.free_loss_fidelity: RL4CO free-loss step 500/1000: score=7.773019 (avg=7.794823), loss=0.199345 (avg=0.197232), pairs_step=315524, pairs_total=157859714
[2026-03-02 17:57:42,694] INFO:fitness.free_loss_fidelity: RL4CO free-loss step 600/1000: score=7.754530 (avg=7.794037), loss=0.194938 (avg=0.197485), pairs_step=315265, pairs_total=189401825
[2026-03-02 17:58:15,416] INFO:fitness.free_loss_fidelity: RL4CO free-loss step 700/1000: score=7.802685 (avg=7.793740), loss=0.197280 (avg=0.197649), pairs_step=314884, pairs_total=220937916
[2026-03-02 17:58:47,932] INFO:fitness.free_loss_fidelity: RL4CO free-loss step 800/1000: score=7.785015 (avg=7.793491), loss=0.189887 (avg=0.197413), pairs_step=315204, pairs_total=252458753
[2026-03-02 17:59:20,462] INFO:fitness.free_loss_fidelity: RL4CO free-loss step 900/1000: score=7.826723 (avg=7.792996), loss=0.192289 (avg=0.197143), pairs_step=315374, pairs_total=283967705
[2026-03-02 17:59:52,881] INFO:fitness.free_loss_fidelity: RL4CO free-loss step 1000/1000: score=7.816422 (avg=7.792409), loss=0.194477 (avg=0.196712), pairs_step=315142, pairs_total=315469322
