[2026-03-02 18:11:02,039] INFO:fitness.free_loss_fidelity: Stage3 offline mini-train start gen=6 pair_index=8 K=200 seed=12345 valid_sizes=[100] baseline_json=baseline/mini_eval/baseline_minitrain_tsp100_K200.json
[2026-03-02 18:11:02,061] INFO:fitness.free_loss_fidelity: RL4CO free-loss (step-mode): f1_steps=200, f2_steps=0, total_steps=200, train_problem_size=100, rollouts=100, batch_size=64, device=cuda:3, env=tsp
[2026-03-02 18:11:02,427] INFO:fitness.free_loss_fidelity: RL4CO free-loss step 1/200: score=36.122910 (avg=36.122910), loss=0.907802 (avg=0.907802), pairs_step=316800, pairs_total=316800
[2026-03-02 18:11:09,269] INFO:fitness.free_loss_fidelity: RL4CO free-loss step 20/200: score=10.226571 (avg=13.420611), loss=0.617031 (avg=0.633695), pairs_step=316800, pairs_total=6335999
[2026-03-02 18:11:16,476] INFO:fitness.free_loss_fidelity: RL4CO free-loss step 40/200: score=9.851443 (avg=11.712054), loss=0.564532 (avg=0.608098), pairs_step=316800, pairs_total=12671996
[2026-03-02 18:11:23,705] INFO:fitness.free_loss_fidelity: RL4CO free-loss step 60/200: score=9.713516 (avg=11.041776), loss=0.557269 (avg=0.592710), pairs_step=316800, pairs_total=19007992
[2026-03-02 18:11:30,908] INFO:fitness.free_loss_fidelity: RL4CO free-loss step 80/200: score=9.547406 (avg=10.680090), loss=0.539099 (avg=0.580239), pairs_step=316800, pairs_total=25343988
[2026-03-02 18:11:38,124] INFO:fitness.free_loss_fidelity: RL4CO free-loss step 100/200: score=9.398654 (avg=10.445614), loss=0.528521 (avg=0.571764), pairs_step=316800, pairs_total=31679986
[2026-03-02 18:11:45,340] INFO:fitness.free_loss_fidelity: RL4CO free-loss step 120/200: score=9.373785 (avg=10.280348), loss=0.534554 (avg=0.565827), pairs_step=316800, pairs_total=38015985
[2026-03-02 18:11:52,539] INFO:fitness.free_loss_fidelity: RL4CO free-loss step 140/200: score=9.440577 (avg=10.154486), loss=0.538390 (avg=0.561780), pairs_step=316799, pairs_total=44351982
[2026-03-02 18:11:59,755] INFO:fitness.free_loss_fidelity: RL4CO free-loss step 160/200: score=9.318140 (avg=10.053107), loss=0.533832 (avg=0.558834), pairs_step=316800, pairs_total=50687978
[2026-03-02 18:12:06,964] INFO:fitness.free_loss_fidelity: RL4CO free-loss step 180/200: score=9.259643 (avg=9.966478), loss=0.534699 (avg=0.556634), pairs_step=316800, pairs_total=57023973
[2026-03-02 18:12:14,173] INFO:fitness.free_loss_fidelity: RL4CO free-loss step 200/200: score=9.291016 (avg=9.895715), loss=0.540261 (avg=0.554845), pairs_step=316800, pairs_total=63359969
[2026-03-02 18:12:15,469] WARNING:fitness.free_loss_fidelity: weights_only checkpoint load failed (UnpicklingError); retrying weights_only=False for /data1/gushengda/eam-rl4co/baseline/epoch_135.ckpt
[2026-03-02 18:12:15,511] INFO:fitness.free_loss_fidelity: Loaded init checkpoint into policy: path=/data1/gushengda/eam-rl4co/baseline/epoch_135.ckpt prefix=policy. matched=97 missing=0 unexpected=0
[2026-03-02 18:12:15,517] INFO:fitness.free_loss_fidelity: RL4CO free-loss (step-mode): f1_steps=200, f2_steps=0, total_steps=200, train_problem_size=100, rollouts=100, batch_size=64, device=cuda:3, env=tsp
[2026-03-02 18:12:15,900] INFO:fitness.free_loss_fidelity: RL4CO free-loss step 1/200: score=7.803347 (avg=7.803347), loss=0.674477 (avg=0.674477), pairs_step=315697, pairs_total=315697
[2026-03-02 18:12:22,740] INFO:fitness.free_loss_fidelity: RL4CO free-loss step 20/200: score=7.778286 (avg=7.808912), loss=0.670517 (avg=0.672250), pairs_step=315888, pairs_total=6318298
[2026-03-02 18:12:29,944] INFO:fitness.free_loss_fidelity: RL4CO free-loss step 40/200: score=7.818465 (avg=7.803097), loss=0.666546 (avg=0.668618), pairs_step=316270, pairs_total=12637900
[2026-03-02 18:12:37,152] INFO:fitness.free_loss_fidelity: RL4CO free-loss step 60/200: score=7.813155 (avg=7.799223), loss=0.655675 (avg=0.665943), pairs_step=316122, pairs_total=18957042
[2026-03-02 18:12:44,372] INFO:fitness.free_loss_fidelity: RL4CO free-loss step 80/200: score=7.793471 (avg=7.797366), loss=0.644310 (avg=0.661066), pairs_step=316331, pairs_total=25279960
[2026-03-02 18:12:51,579] INFO:fitness.free_loss_fidelity: RL4CO free-loss step 100/200: score=7.754088 (avg=7.798138), loss=0.640985 (avg=0.657227), pairs_step=316281, pairs_total=31604557
[2026-03-02 18:12:58,775] INFO:fitness.free_loss_fidelity: RL4CO free-loss step 120/200: score=7.771986 (avg=7.799298), loss=0.633174 (avg=0.654045), pairs_step=316120, pairs_total=37928101
[2026-03-02 18:13:05,971] INFO:fitness.free_loss_fidelity: RL4CO free-loss step 140/200: score=7.828468 (avg=7.800231), loss=0.618178 (avg=0.649712), pairs_step=316226, pairs_total=44251765
[2026-03-02 18:13:13,193] INFO:fitness.free_loss_fidelity: RL4CO free-loss step 160/200: score=7.794513 (avg=7.799630), loss=0.603562 (avg=0.644460), pairs_step=316279, pairs_total=50577471
[2026-03-02 18:13:20,403] INFO:fitness.free_loss_fidelity: RL4CO free-loss step 180/200: score=7.783190 (avg=7.798510), loss=0.579953 (avg=0.639217), pairs_step=316120, pairs_total=56901631
[2026-03-02 18:13:27,616] INFO:fitness.free_loss_fidelity: RL4CO free-loss step 200/200: score=7.812395 (avg=7.797530), loss=0.547446 (avg=0.632611), pairs_step=316279, pairs_total=63227796
[2026-03-02 18:13:28,915] WARNING:fitness.free_loss_fidelity: weights_only checkpoint load failed (UnpicklingError); retrying weights_only=False for /data1/gushengda/eam-rl4co/baseline/epoch_409.ckpt
[2026-03-02 18:13:28,956] INFO:fitness.free_loss_fidelity: Loaded init checkpoint into policy: path=/data1/gushengda/eam-rl4co/baseline/epoch_409.ckpt prefix=policy. matched=97 missing=0 unexpected=0
[2026-03-02 18:13:28,961] INFO:fitness.free_loss_fidelity: RL4CO free-loss (step-mode): f1_steps=200, f2_steps=0, total_steps=200, train_problem_size=100, rollouts=100, batch_size=64, device=cuda:3, env=tsp
[2026-03-02 18:13:29,328] INFO:fitness.free_loss_fidelity: RL4CO free-loss step 1/200: score=7.807477 (avg=7.807477), loss=0.285391 (avg=0.285391), pairs_step=315750, pairs_total=315750
[2026-03-02 18:13:36,166] INFO:fitness.free_loss_fidelity: RL4CO free-loss step 20/200: score=7.784937 (avg=7.809066), loss=0.271440 (avg=0.277227), pairs_step=315742, pairs_total=6318620
[2026-03-02 18:13:43,373] INFO:fitness.free_loss_fidelity: RL4CO free-loss step 40/200: score=7.812558 (avg=7.802788), loss=0.272681 (avg=0.275062), pairs_step=316197, pairs_total=12639460
[2026-03-02 18:13:50,593] INFO:fitness.free_loss_fidelity: RL4CO free-loss step 60/200: score=7.811875 (avg=7.798993), loss=0.275640 (avg=0.274553), pairs_step=315841, pairs_total=18958103
[2026-03-02 18:13:57,801] INFO:fitness.free_loss_fidelity: RL4CO free-loss step 80/200: score=7.794755 (avg=7.796932), loss=0.275169 (avg=0.274815), pairs_step=316172, pairs_total=25279720
[2026-03-02 18:14:05,004] INFO:fitness.free_loss_fidelity: RL4CO free-loss step 100/200: score=7.755081 (avg=7.797296), loss=0.281111 (avg=0.274755), pairs_step=316191, pairs_total=31602416
[2026-03-02 18:14:12,198] INFO:fitness.free_loss_fidelity: RL4CO free-loss step 120/200: score=7.772952 (avg=7.798504), loss=0.272032 (avg=0.275256), pairs_step=315914, pairs_total=37923647
[2026-03-02 18:14:19,399] INFO:fitness.free_loss_fidelity: RL4CO free-loss step 140/200: score=7.823157 (avg=7.799249), loss=0.271089 (avg=0.274650), pairs_step=315727, pairs_total=44244230
[2026-03-02 18:14:26,600] INFO:fitness.free_loss_fidelity: RL4CO free-loss step 160/200: score=7.794121 (avg=7.798550), loss=0.271576 (avg=0.274326), pairs_step=316130, pairs_total=50565634
[2026-03-02 18:14:33,811] INFO:fitness.free_loss_fidelity: RL4CO free-loss step 180/200: score=7.782089 (avg=7.797351), loss=0.272627 (avg=0.274049), pairs_step=315662, pairs_total=56885101
[2026-03-02 18:14:41,025] INFO:fitness.free_loss_fidelity: RL4CO free-loss step 200/200: score=7.810175 (avg=7.795987), loss=0.263973 (avg=0.273775), pairs_step=316031, pairs_total=63205998
