[2026-03-03 10:24:56,818] INFO:fitness.free_loss_fidelity: Stage3 offline mini-train start gen=19 pair_index=40 K=200 seed=12345 valid_sizes=[100] baseline_json=baseline/mini_eval/baseline_minitrain_tsp100_K200.json
[2026-03-03 10:24:56,838] INFO:fitness.free_loss_fidelity: RL4CO free-loss (step-mode): f1_steps=200, f2_steps=0, total_steps=200, train_problem_size=100, rollouts=100, batch_size=64, device=cuda:1, env=tsp
[2026-03-03 10:24:57,164] INFO:fitness.free_loss_fidelity: RL4CO free-loss step 1/200: score=36.122910 (avg=36.122910), loss=0.737162 (avg=0.737162), pairs_step=15616, pairs_total=15616
[2026-03-03 10:25:03,284] INFO:fitness.free_loss_fidelity: RL4CO free-loss step 20/200: score=10.229316 (avg=12.928403), loss=0.568715 (avg=0.568435), pairs_step=15616, pairs_total=312320
[2026-03-03 10:25:09,741] INFO:fitness.free_loss_fidelity: RL4CO free-loss step 40/200: score=9.521143 (avg=11.336362), loss=0.566541 (avg=0.565938), pairs_step=15616, pairs_total=624640
[2026-03-03 10:25:16,358] INFO:fitness.free_loss_fidelity: RL4CO free-loss step 60/200: score=9.320971 (avg=10.678691), loss=0.572785 (avg=0.566339), pairs_step=15616, pairs_total=936960
[2026-03-03 10:25:22,787] INFO:fitness.free_loss_fidelity: RL4CO free-loss step 80/200: score=9.205561 (avg=10.318170), loss=0.541610 (avg=0.565032), pairs_step=15616, pairs_total=1249280
[2026-03-03 10:25:29,224] INFO:fitness.free_loss_fidelity: RL4CO free-loss step 100/200: score=8.981237 (avg=10.078509), loss=0.520045 (avg=0.559564), pairs_step=15616, pairs_total=1561600
[2026-03-03 10:25:35,663] INFO:fitness.free_loss_fidelity: RL4CO free-loss step 120/200: score=9.005274 (avg=9.900708), loss=0.541749 (avg=0.557072), pairs_step=15616, pairs_total=1873920
[2026-03-03 10:25:42,088] INFO:fitness.free_loss_fidelity: RL4CO free-loss step 140/200: score=9.032488 (avg=9.772448), loss=0.550515 (avg=0.555886), pairs_step=15616, pairs_total=2186240
[2026-03-03 10:25:48,525] INFO:fitness.free_loss_fidelity: RL4CO free-loss step 160/200: score=8.858775 (avg=9.665209), loss=0.541844 (avg=0.554860), pairs_step=15616, pairs_total=2498560
[2026-03-03 10:25:54,957] INFO:fitness.free_loss_fidelity: RL4CO free-loss step 180/200: score=8.793612 (avg=9.574051), loss=0.541067 (avg=0.552920), pairs_step=15616, pairs_total=2810880
[2026-03-03 10:26:01,392] INFO:fitness.free_loss_fidelity: RL4CO free-loss step 200/200: score=8.689295 (avg=9.492978), loss=0.521601 (avg=0.552402), pairs_step=15616, pairs_total=3123200
[2026-03-03 10:26:02,510] WARNING:fitness.free_loss_fidelity: weights_only checkpoint load failed (UnpicklingError); retrying weights_only=False for /data1/gushengda/eam-rl4co/baseline/epoch_135.ckpt
[2026-03-03 10:26:02,547] INFO:fitness.free_loss_fidelity: Loaded init checkpoint into policy: path=/data1/gushengda/eam-rl4co/baseline/epoch_135.ckpt prefix=policy. matched=97 missing=0 unexpected=0
[2026-03-03 10:26:02,553] INFO:fitness.free_loss_fidelity: RL4CO free-loss (step-mode): f1_steps=200, f2_steps=0, total_steps=200, train_problem_size=100, rollouts=100, batch_size=64, device=cuda:1, env=tsp
[2026-03-03 10:26:02,879] INFO:fitness.free_loss_fidelity: RL4CO free-loss step 1/200: score=7.803347 (avg=7.803347), loss=0.656811 (avg=0.656811), pairs_step=15560, pairs_total=15560
[2026-03-03 10:26:09,010] INFO:fitness.free_loss_fidelity: RL4CO free-loss step 20/200: score=7.785619 (avg=7.814184), loss=0.663215 (avg=0.662741), pairs_step=15616, pairs_total=312128
[2026-03-03 10:26:15,439] INFO:fitness.free_loss_fidelity: RL4CO free-loss step 40/200: score=7.824608 (avg=7.808893), loss=0.664145 (avg=0.663155), pairs_step=15616, pairs_total=624307
[2026-03-03 10:26:21,863] INFO:fitness.free_loss_fidelity: RL4CO free-loss step 60/200: score=7.820216 (avg=7.805433), loss=0.660725 (avg=0.663483), pairs_step=15615, pairs_total=936428
[2026-03-03 10:26:28,295] INFO:fitness.free_loss_fidelity: RL4CO free-loss step 80/200: score=7.801162 (avg=7.803896), loss=0.658649 (avg=0.663553), pairs_step=15616, pairs_total=1248598
[2026-03-03 10:26:34,719] INFO:fitness.free_loss_fidelity: RL4CO free-loss step 100/200: score=7.762866 (avg=7.804638), loss=0.671439 (avg=0.663868), pairs_step=15589, pairs_total=1560715
[2026-03-03 10:26:41,147] INFO:fitness.free_loss_fidelity: RL4CO free-loss step 120/200: score=7.779943 (avg=7.806057), loss=0.660155 (avg=0.663707), pairs_step=15616, pairs_total=1872820
[2026-03-03 10:26:47,574] INFO:fitness.free_loss_fidelity: RL4CO free-loss step 140/200: score=7.831386 (avg=7.807256), loss=0.664175 (avg=0.663941), pairs_step=15615, pairs_total=2185002
[2026-03-03 10:26:54,012] INFO:fitness.free_loss_fidelity: RL4CO free-loss step 160/200: score=7.799629 (avg=7.806747), loss=0.663918 (avg=0.664064), pairs_step=15594, pairs_total=2497150
[2026-03-03 10:27:00,448] INFO:fitness.free_loss_fidelity: RL4CO free-loss step 180/200: score=7.796211 (avg=7.805683), loss=0.670015 (avg=0.664205), pairs_step=15612, pairs_total=2809260
[2026-03-03 10:27:06,890] INFO:fitness.free_loss_fidelity: RL4CO free-loss step 200/200: score=7.822099 (avg=7.804903), loss=0.662821 (avg=0.664308), pairs_step=15600, pairs_total=3121471
[2026-03-03 10:27:08,011] WARNING:fitness.free_loss_fidelity: weights_only checkpoint load failed (UnpicklingError); retrying weights_only=False for /data1/gushengda/eam-rl4co/baseline/epoch_409.ckpt
[2026-03-03 10:27:08,043] INFO:fitness.free_loss_fidelity: Loaded init checkpoint into policy: path=/data1/gushengda/eam-rl4co/baseline/epoch_409.ckpt prefix=policy. matched=97 missing=0 unexpected=0
[2026-03-03 10:27:08,048] INFO:fitness.free_loss_fidelity: RL4CO free-loss (step-mode): f1_steps=200, f2_steps=0, total_steps=200, train_problem_size=100, rollouts=100, batch_size=64, device=cuda:1, env=tsp
[2026-03-03 10:27:08,382] INFO:fitness.free_loss_fidelity: RL4CO free-loss step 1/200: score=7.807477 (avg=7.807477), loss=0.495127 (avg=0.495127), pairs_step=15560, pairs_total=15560
[2026-03-03 10:27:14,490] INFO:fitness.free_loss_fidelity: RL4CO free-loss step 20/200: score=7.782429 (avg=7.809212), loss=0.484684 (avg=0.483841), pairs_step=15593, pairs_total=311648
[2026-03-03 10:27:20,941] INFO:fitness.free_loss_fidelity: RL4CO free-loss step 40/200: score=7.812303 (avg=7.801949), loss=0.489961 (avg=0.483496), pairs_step=15616, pairs_total=623683
[2026-03-03 10:27:27,402] INFO:fitness.free_loss_fidelity: RL4CO free-loss step 60/200: score=7.814431 (avg=7.797679), loss=0.499985 (avg=0.485176), pairs_step=15608, pairs_total=935441
[2026-03-03 10:27:33,827] INFO:fitness.free_loss_fidelity: RL4CO free-loss step 80/200: score=7.797162 (avg=7.796136), loss=0.504532 (avg=0.489023), pairs_step=15600, pairs_total=1247318
[2026-03-03 10:27:40,434] INFO:fitness.free_loss_fidelity: RL4CO free-loss step 100/200: score=7.755573 (avg=7.796612), loss=0.512012 (avg=0.492426), pairs_step=15585, pairs_total=1559032
[2026-03-03 10:27:46,859] INFO:fitness.free_loss_fidelity: RL4CO free-loss step 120/200: score=7.771418 (avg=7.797521), loss=0.510900 (avg=0.494829), pairs_step=15564, pairs_total=1870742
[2026-03-03 10:27:53,283] INFO:fitness.free_loss_fidelity: RL4CO free-loss step 140/200: score=7.820225 (avg=7.798157), loss=0.512145 (avg=0.496743), pairs_step=15577, pairs_total=2182414
[2026-03-03 10:27:59,710] INFO:fitness.free_loss_fidelity: RL4CO free-loss step 160/200: score=7.788754 (avg=7.797150), loss=0.511633 (avg=0.498721), pairs_step=15571, pairs_total=2493773
[2026-03-03 10:28:06,124] INFO:fitness.free_loss_fidelity: RL4CO free-loss step 180/200: score=7.776520 (avg=7.795497), loss=0.510521 (avg=0.500255), pairs_step=15537, pairs_total=2805315
[2026-03-03 10:28:12,548] INFO:fitness.free_loss_fidelity: RL4CO free-loss step 200/200: score=7.808178 (avg=7.794018), loss=0.511258 (avg=0.501898), pairs_step=15554, pairs_total=3116859
