[2026-03-02 16:09:27,076] INFO:fitness.free_loss_fidelity: Stage3 offline mini-train start gen=3 pair_index=18 K=200 seed=12345 valid_sizes=[100] baseline_json=baseline/mini_eval/baseline_minitrain_tsp100_K200.json
[2026-03-02 16:09:27,097] INFO:fitness.free_loss_fidelity: RL4CO free-loss (step-mode): f1_steps=200, f2_steps=0, total_steps=200, train_problem_size=100, rollouts=100, batch_size=64, device=cuda:3, env=tsp
[2026-03-02 16:09:27,427] INFO:fitness.free_loss_fidelity: RL4CO free-loss step 1/200: score=36.122910 (avg=36.122910), loss=0.942688 (avg=0.942688), pairs_step=316800, pairs_total=316800
[2026-03-02 16:09:33,505] INFO:fitness.free_loss_fidelity: RL4CO free-loss step 20/200: score=10.014278 (avg=13.089258), loss=0.573906 (avg=0.619677), pairs_step=316799, pairs_total=6335993
[2026-03-02 16:09:39,906] INFO:fitness.free_loss_fidelity: RL4CO free-loss step 40/200: score=9.626560 (avg=11.437604), loss=0.553931 (avg=0.588822), pairs_step=316800, pairs_total=12671985
[2026-03-02 16:09:46,307] INFO:fitness.free_loss_fidelity: RL4CO free-loss step 60/200: score=9.412767 (avg=10.778263), loss=0.523838 (avg=0.573222), pairs_step=316800, pairs_total=19007978
[2026-03-02 16:09:52,707] INFO:fitness.free_loss_fidelity: RL4CO free-loss step 80/200: score=9.294830 (avg=10.417730), loss=0.522644 (avg=0.561483), pairs_step=316800, pairs_total=25343974
[2026-03-02 16:09:59,103] INFO:fitness.free_loss_fidelity: RL4CO free-loss step 100/200: score=9.241930 (avg=10.185767), loss=0.519152 (avg=0.553719), pairs_step=316800, pairs_total=31679968
[2026-03-02 16:10:05,517] INFO:fitness.free_loss_fidelity: RL4CO free-loss step 120/200: score=9.105423 (avg=10.019940), loss=0.529653 (avg=0.548941), pairs_step=316800, pairs_total=38015960
[2026-03-02 16:10:11,932] INFO:fitness.free_loss_fidelity: RL4CO free-loss step 140/200: score=9.140251 (avg=9.893064), loss=0.527499 (avg=0.545249), pairs_step=316800, pairs_total=44351950
[2026-03-02 16:10:18,338] INFO:fitness.free_loss_fidelity: RL4CO free-loss step 160/200: score=9.008375 (avg=9.790676), loss=0.525226 (avg=0.542639), pairs_step=316800, pairs_total=50687946
[2026-03-02 16:10:24,743] INFO:fitness.free_loss_fidelity: RL4CO free-loss step 180/200: score=8.996562 (avg=9.704382), loss=0.516747 (avg=0.540809), pairs_step=316799, pairs_total=57023942
[2026-03-02 16:10:31,146] INFO:fitness.free_loss_fidelity: RL4CO free-loss step 200/200: score=8.992441 (avg=9.630405), loss=0.527905 (avg=0.539401), pairs_step=316800, pairs_total=63359939
[2026-03-02 16:10:32,262] WARNING:fitness.free_loss_fidelity: weights_only checkpoint load failed (UnpicklingError); retrying weights_only=False for /data1/gushengda/eam-rl4co/baseline/epoch_135.ckpt
[2026-03-02 16:10:32,299] INFO:fitness.free_loss_fidelity: Loaded init checkpoint into policy: path=/data1/gushengda/eam-rl4co/baseline/epoch_135.ckpt prefix=policy. matched=97 missing=0 unexpected=0
[2026-03-02 16:10:32,304] INFO:fitness.free_loss_fidelity: RL4CO free-loss (step-mode): f1_steps=200, f2_steps=0, total_steps=200, train_problem_size=100, rollouts=100, batch_size=64, device=cuda:3, env=tsp
[2026-03-02 16:10:32,657] INFO:fitness.free_loss_fidelity: RL4CO free-loss step 1/200: score=7.803347 (avg=7.803347), loss=0.669376 (avg=0.669376), pairs_step=315697, pairs_total=315697
[2026-03-02 16:10:38,732] INFO:fitness.free_loss_fidelity: RL4CO free-loss step 20/200: score=7.780057 (avg=7.809518), loss=0.659417 (avg=0.665362), pairs_step=315967, pairs_total=6318954
[2026-03-02 16:10:45,129] INFO:fitness.free_loss_fidelity: RL4CO free-loss step 40/200: score=7.818713 (avg=7.803640), loss=0.653926 (avg=0.663397), pairs_step=316134, pairs_total=12635492
[2026-03-02 16:10:51,534] INFO:fitness.free_loss_fidelity: RL4CO free-loss step 60/200: score=7.813477 (avg=7.799378), loss=0.651731 (avg=0.659859), pairs_step=316100, pairs_total=18955509
[2026-03-02 16:10:57,920] INFO:fitness.free_loss_fidelity: RL4CO free-loss step 80/200: score=7.798056 (avg=7.798002), loss=0.644600 (avg=0.655622), pairs_step=316093, pairs_total=25277162
[2026-03-02 16:11:04,328] INFO:fitness.free_loss_fidelity: RL4CO free-loss step 100/200: score=7.757877 (avg=7.798663), loss=0.636036 (avg=0.652511), pairs_step=316335, pairs_total=31599313
[2026-03-02 16:11:10,735] INFO:fitness.free_loss_fidelity: RL4CO free-loss step 120/200: score=7.776470 (avg=7.799942), loss=0.622682 (avg=0.648967), pairs_step=315953, pairs_total=37921314
[2026-03-02 16:11:17,134] INFO:fitness.free_loss_fidelity: RL4CO free-loss step 140/200: score=7.826266 (avg=7.800878), loss=0.629474 (avg=0.645294), pairs_step=315716, pairs_total=44242050
[2026-03-02 16:11:23,538] INFO:fitness.free_loss_fidelity: RL4CO free-loss step 160/200: score=7.792287 (avg=7.800063), loss=0.624069 (avg=0.642945), pairs_step=315906, pairs_total=50562919
[2026-03-02 16:11:29,928] INFO:fitness.free_loss_fidelity: RL4CO free-loss step 180/200: score=7.785876 (avg=7.798952), loss=0.614778 (avg=0.640428), pairs_step=315718, pairs_total=56883572
[2026-03-02 16:11:36,326] INFO:fitness.free_loss_fidelity: RL4CO free-loss step 200/200: score=7.809258 (avg=7.797726), loss=0.605069 (avg=0.637440), pairs_step=316047, pairs_total=63204798
[2026-03-02 16:11:37,438] WARNING:fitness.free_loss_fidelity: weights_only checkpoint load failed (UnpicklingError); retrying weights_only=False for /data1/gushengda/eam-rl4co/baseline/epoch_409.ckpt
[2026-03-02 16:11:37,475] INFO:fitness.free_loss_fidelity: Loaded init checkpoint into policy: path=/data1/gushengda/eam-rl4co/baseline/epoch_409.ckpt prefix=policy. matched=97 missing=0 unexpected=0
[2026-03-02 16:11:37,480] INFO:fitness.free_loss_fidelity: RL4CO free-loss (step-mode): f1_steps=200, f2_steps=0, total_steps=200, train_problem_size=100, rollouts=100, batch_size=64, device=cuda:3, env=tsp
[2026-03-02 16:11:37,813] INFO:fitness.free_loss_fidelity: RL4CO free-loss step 1/200: score=7.807477 (avg=7.807477), loss=0.188473 (avg=0.188473), pairs_step=315750, pairs_total=315750
[2026-03-02 16:11:43,928] INFO:fitness.free_loss_fidelity: RL4CO free-loss step 20/200: score=7.781619 (avg=7.809074), loss=0.172053 (avg=0.178693), pairs_step=315985, pairs_total=6319159
[2026-03-02 16:11:50,508] INFO:fitness.free_loss_fidelity: RL4CO free-loss step 40/200: score=7.816697 (avg=7.802978), loss=0.172198 (avg=0.175985), pairs_step=316213, pairs_total=12639024
[2026-03-02 16:11:56,889] INFO:fitness.free_loss_fidelity: RL4CO free-loss step 60/200: score=7.813264 (avg=7.799197), loss=0.186812 (avg=0.176740), pairs_step=315822, pairs_total=18957258
[2026-03-02 16:12:03,279] INFO:fitness.free_loss_fidelity: RL4CO free-loss step 80/200: score=7.797483 (avg=7.797406), loss=0.185444 (avg=0.178031), pairs_step=316110, pairs_total=25276930
[2026-03-02 16:12:09,660] INFO:fitness.free_loss_fidelity: RL4CO free-loss step 100/200: score=7.750279 (avg=7.797575), loss=0.184965 (avg=0.178630), pairs_step=315989, pairs_total=31596094
[2026-03-02 16:12:16,040] INFO:fitness.free_loss_fidelity: RL4CO free-loss step 120/200: score=7.770514 (avg=7.798740), loss=0.182186 (avg=0.179356), pairs_step=315921, pairs_total=37916275
[2026-03-02 16:12:22,421] INFO:fitness.free_loss_fidelity: RL4CO free-loss step 140/200: score=7.824570 (avg=7.799624), loss=0.181623 (avg=0.179967), pairs_step=315749, pairs_total=44234111
[2026-03-02 16:12:28,808] INFO:fitness.free_loss_fidelity: RL4CO free-loss step 160/200: score=7.788099 (avg=7.798649), loss=0.181667 (avg=0.180104), pairs_step=316082, pairs_total=50554680
[2026-03-02 16:12:35,182] INFO:fitness.free_loss_fidelity: RL4CO free-loss step 180/200: score=7.777659 (avg=7.797261), loss=0.180418 (avg=0.180334), pairs_step=316038, pairs_total=56873408
[2026-03-02 16:12:41,566] INFO:fitness.free_loss_fidelity: RL4CO free-loss step 200/200: score=7.809906 (avg=7.795865), loss=0.173715 (avg=0.180117), pairs_step=315355, pairs_total=63193059
