[2026-03-02 16:42:22,212] INFO:fitness.free_loss_fidelity: Stage3 offline mini-train start gen=4 pair_index=4 K=200 seed=12345 valid_sizes=[100] baseline_json=baseline/mini_eval/baseline_minitrain_tsp100_K200.json
[2026-03-02 16:42:28,149] INFO:fitness.free_loss_fidelity: RL4CO free-loss (step-mode): f1_steps=200, f2_steps=0, total_steps=200, train_problem_size=100, rollouts=100, batch_size=64, device=cuda:1, env=tsp
[2026-03-02 16:42:28,917] INFO:fitness.free_loss_fidelity: RL4CO free-loss step 1/200: score=36.122910 (avg=36.122910), loss=0.806570 (avg=0.806570), pairs_step=316800, pairs_total=316800
[2026-03-02 16:42:36,011] INFO:fitness.free_loss_fidelity: RL4CO free-loss step 20/200: score=10.141326 (avg=12.944665), loss=0.567309 (avg=0.587576), pairs_step=316800, pairs_total=6335998
[2026-03-02 16:42:42,478] INFO:fitness.free_loss_fidelity: RL4CO free-loss step 40/200: score=9.589508 (avg=11.356507), loss=0.556338 (avg=0.574613), pairs_step=316800, pairs_total=12671993
[2026-03-02 16:42:48,796] INFO:fitness.free_loss_fidelity: RL4CO free-loss step 60/200: score=9.306644 (avg=10.695349), loss=0.540940 (avg=0.566963), pairs_step=316799, pairs_total=19007987
[2026-03-02 16:42:55,120] INFO:fitness.free_loss_fidelity: RL4CO free-loss step 80/200: score=9.133389 (avg=10.314677), loss=0.536343 (avg=0.560237), pairs_step=316800, pairs_total=25343983
[2026-03-02 16:43:01,423] INFO:fitness.free_loss_fidelity: RL4CO free-loss step 100/200: score=9.031417 (avg=10.069569), loss=0.529683 (avg=0.554644), pairs_step=316800, pairs_total=31679975
[2026-03-02 16:43:07,759] INFO:fitness.free_loss_fidelity: RL4CO free-loss step 120/200: score=8.885957 (avg=9.895513), loss=0.538944 (avg=0.551464), pairs_step=316800, pairs_total=38015969
[2026-03-02 16:43:14,090] INFO:fitness.free_loss_fidelity: RL4CO free-loss step 140/200: score=8.948412 (avg=9.761810), loss=0.548467 (avg=0.549540), pairs_step=316799, pairs_total=44351965
[2026-03-02 16:43:20,769] INFO:fitness.free_loss_fidelity: RL4CO free-loss step 160/200: score=8.837404 (avg=9.651685), loss=0.550366 (avg=0.548606), pairs_step=316799, pairs_total=50687959
[2026-03-02 16:43:27,901] INFO:fitness.free_loss_fidelity: RL4CO free-loss step 180/200: score=8.767004 (avg=9.559336), loss=0.560392 (avg=0.548436), pairs_step=316800, pairs_total=57023952
[2026-03-02 16:43:35,081] INFO:fitness.free_loss_fidelity: RL4CO free-loss step 200/200: score=8.754903 (avg=9.480540), loss=0.555786 (avg=0.548312), pairs_step=316800, pairs_total=63359948
[2026-03-02 16:43:36,392] WARNING:fitness.free_loss_fidelity: weights_only checkpoint load failed (UnpicklingError); retrying weights_only=False for /data1/gushengda/eam-rl4co/baseline/epoch_135.ckpt
[2026-03-02 16:43:36,438] INFO:fitness.free_loss_fidelity: Loaded init checkpoint into policy: path=/data1/gushengda/eam-rl4co/baseline/epoch_135.ckpt prefix=policy. matched=97 missing=0 unexpected=0
[2026-03-02 16:43:36,444] INFO:fitness.free_loss_fidelity: RL4CO free-loss (step-mode): f1_steps=200, f2_steps=0, total_steps=200, train_problem_size=100, rollouts=100, batch_size=64, device=cuda:1, env=tsp
[2026-03-02 16:43:36,834] INFO:fitness.free_loss_fidelity: RL4CO free-loss step 1/200: score=7.803347 (avg=7.803347), loss=0.667764 (avg=0.667764), pairs_step=315697, pairs_total=315697
[2026-03-02 16:43:43,673] INFO:fitness.free_loss_fidelity: RL4CO free-loss step 20/200: score=7.776423 (avg=7.808914), loss=0.665193 (avg=0.664582), pairs_step=316055, pairs_total=6316997
[2026-03-02 16:43:50,880] INFO:fitness.free_loss_fidelity: RL4CO free-loss step 40/200: score=7.820829 (avg=7.802976), loss=0.667832 (avg=0.664907), pairs_step=316038, pairs_total=12634030
[2026-03-02 16:43:58,078] INFO:fitness.free_loss_fidelity: RL4CO free-loss step 60/200: score=7.810588 (avg=7.798860), loss=0.666070 (avg=0.664805), pairs_step=315675, pairs_total=18950242
[2026-03-02 16:44:05,280] INFO:fitness.free_loss_fidelity: RL4CO free-loss step 80/200: score=7.794074 (avg=7.797574), loss=0.663987 (avg=0.664686), pairs_step=315996, pairs_total=25266577
[2026-03-02 16:44:12,533] INFO:fitness.free_loss_fidelity: RL4CO free-loss step 100/200: score=7.760736 (avg=7.798890), loss=0.664530 (avg=0.664742), pairs_step=315573, pairs_total=31579385
[2026-03-02 16:44:19,745] INFO:fitness.free_loss_fidelity: RL4CO free-loss step 120/200: score=7.774366 (avg=7.800595), loss=0.661572 (avg=0.664419), pairs_step=315640, pairs_total=37893931
[2026-03-02 16:44:26,949] INFO:fitness.free_loss_fidelity: RL4CO free-loss step 140/200: score=7.823325 (avg=7.801340), loss=0.662112 (avg=0.664180), pairs_step=315750, pairs_total=44207923
[2026-03-02 16:44:34,155] INFO:fitness.free_loss_fidelity: RL4CO free-loss step 160/200: score=7.792401 (avg=7.800432), loss=0.663580 (avg=0.663794), pairs_step=315619, pairs_total=50523535
[2026-03-02 16:44:41,368] INFO:fitness.free_loss_fidelity: RL4CO free-loss step 180/200: score=7.783474 (avg=7.799014), loss=0.662684 (avg=0.663709), pairs_step=315410, pairs_total=56837648
[2026-03-02 16:44:48,588] INFO:fitness.free_loss_fidelity: RL4CO free-loss step 200/200: score=7.805809 (avg=7.797706), loss=0.654322 (avg=0.663591), pairs_step=315769, pairs_total=63151831
[2026-03-02 16:44:49,885] WARNING:fitness.free_loss_fidelity: weights_only checkpoint load failed (UnpicklingError); retrying weights_only=False for /data1/gushengda/eam-rl4co/baseline/epoch_409.ckpt
[2026-03-02 16:44:49,927] INFO:fitness.free_loss_fidelity: Loaded init checkpoint into policy: path=/data1/gushengda/eam-rl4co/baseline/epoch_409.ckpt prefix=policy. matched=97 missing=0 unexpected=0
[2026-03-02 16:44:49,934] INFO:fitness.free_loss_fidelity: RL4CO free-loss (step-mode): f1_steps=200, f2_steps=0, total_steps=200, train_problem_size=100, rollouts=100, batch_size=64, device=cuda:1, env=tsp
[2026-03-02 16:44:50,300] INFO:fitness.free_loss_fidelity: RL4CO free-loss step 1/200: score=7.807477 (avg=7.807477), loss=0.199327 (avg=0.199327), pairs_step=315750, pairs_total=315750
[2026-03-02 16:44:57,466] INFO:fitness.free_loss_fidelity: RL4CO free-loss step 20/200: score=7.775587 (avg=7.808422), loss=0.188421 (avg=0.191561), pairs_step=315836, pairs_total=6317305
[2026-03-02 16:45:04,679] INFO:fitness.free_loss_fidelity: RL4CO free-loss step 40/200: score=7.813061 (avg=7.802198), loss=0.189565 (avg=0.190334), pairs_step=316100, pairs_total=12635709
[2026-03-02 16:45:11,958] INFO:fitness.free_loss_fidelity: RL4CO free-loss step 60/200: score=7.815479 (avg=7.798555), loss=0.190230 (avg=0.190201), pairs_step=315921, pairs_total=18952827
[2026-03-02 16:45:19,183] INFO:fitness.free_loss_fidelity: RL4CO free-loss step 80/200: score=7.792354 (avg=7.797257), loss=0.187892 (avg=0.188687), pairs_step=315996, pairs_total=25272024
[2026-03-02 16:45:26,395] INFO:fitness.free_loss_fidelity: RL4CO free-loss step 100/200: score=7.759605 (avg=7.797965), loss=0.195638 (avg=0.189025), pairs_step=316029, pairs_total=31590222
[2026-03-02 16:45:33,610] INFO:fitness.free_loss_fidelity: RL4CO free-loss step 120/200: score=7.772816 (avg=7.799467), loss=0.190728 (avg=0.189893), pairs_step=315854, pairs_total=37907594
[2026-03-02 16:45:40,829] INFO:fitness.free_loss_fidelity: RL4CO free-loss step 140/200: score=7.821878 (avg=7.800445), loss=0.184861 (avg=0.189537), pairs_step=315597, pairs_total=44223013
[2026-03-02 16:45:48,047] INFO:fitness.free_loss_fidelity: RL4CO free-loss step 160/200: score=7.788718 (avg=7.799443), loss=0.180033 (avg=0.188492), pairs_step=315873, pairs_total=50539862
[2026-03-02 16:45:55,267] INFO:fitness.free_loss_fidelity: RL4CO free-loss step 180/200: score=7.780488 (avg=7.798257), loss=0.180016 (avg=0.187553), pairs_step=315540, pairs_total=56855332
[2026-03-02 16:46:02,498] INFO:fitness.free_loss_fidelity: RL4CO free-loss step 200/200: score=7.804747 (avg=7.796861), loss=0.193020 (avg=0.187746), pairs_step=315840, pairs_total=63171025
