[2026-03-03 01:45:25,463] INFO:fitness.free_loss_fidelity: Stage3 offline mini-train start gen=13 pair_index=11 K=200 seed=12345 valid_sizes=[100] baseline_json=baseline/mini_eval/baseline_minitrain_tsp100_K200.json
[2026-03-03 01:45:25,484] INFO:fitness.free_loss_fidelity: RL4CO free-loss (step-mode): f1_steps=200, f2_steps=0, total_steps=200, train_problem_size=100, rollouts=100, batch_size=64, device=cuda:2, env=tsp
[2026-03-03 01:45:25,820] INFO:fitness.free_loss_fidelity: RL4CO free-loss step 1/200: score=36.122910 (avg=36.122910), loss=0.696301 (avg=0.696301), pairs_step=256, pairs_total=256
[2026-03-03 01:45:32,121] INFO:fitness.free_loss_fidelity: RL4CO free-loss step 20/200: score=10.206243 (avg=12.902284), loss=0.398196 (avg=0.416341), pairs_step=256, pairs_total=5120
[2026-03-03 01:45:38,738] INFO:fitness.free_loss_fidelity: RL4CO free-loss step 40/200: score=9.497660 (avg=11.313612), loss=0.427680 (avg=0.419556), pairs_step=256, pairs_total=10240
[2026-03-03 01:45:45,354] INFO:fitness.free_loss_fidelity: RL4CO free-loss step 60/200: score=9.331462 (avg=10.665983), loss=0.421854 (avg=0.420581), pairs_step=256, pairs_total=15360
[2026-03-03 01:45:51,967] INFO:fitness.free_loss_fidelity: RL4CO free-loss step 80/200: score=9.177383 (avg=10.311160), loss=0.407032 (avg=0.420109), pairs_step=256, pairs_total=20480
[2026-03-03 01:45:58,586] INFO:fitness.free_loss_fidelity: RL4CO free-loss step 100/200: score=8.989877 (avg=10.072476), loss=0.391248 (avg=0.418591), pairs_step=256, pairs_total=25600
[2026-03-03 01:46:05,217] INFO:fitness.free_loss_fidelity: RL4CO free-loss step 120/200: score=8.916514 (avg=9.898125), loss=0.393143 (avg=0.418713), pairs_step=256, pairs_total=30720
[2026-03-03 01:46:11,850] INFO:fitness.free_loss_fidelity: RL4CO free-loss step 140/200: score=8.878822 (avg=9.758757), loss=0.391800 (avg=0.418320), pairs_step=256, pairs_total=35840
[2026-03-03 01:46:18,506] INFO:fitness.free_loss_fidelity: RL4CO free-loss step 160/200: score=8.837643 (avg=9.639762), loss=0.427755 (avg=0.419242), pairs_step=256, pairs_total=40960
[2026-03-03 01:46:25,139] INFO:fitness.free_loss_fidelity: RL4CO free-loss step 180/200: score=8.752990 (avg=9.542353), loss=0.413067 (avg=0.421433), pairs_step=256, pairs_total=46080
[2026-03-03 01:46:31,773] INFO:fitness.free_loss_fidelity: RL4CO free-loss step 200/200: score=8.741343 (avg=9.461722), loss=0.408858 (avg=0.423446), pairs_step=256, pairs_total=51200
[2026-03-03 01:46:32,892] WARNING:fitness.free_loss_fidelity: weights_only checkpoint load failed (UnpicklingError); retrying weights_only=False for /data1/gushengda/eam-rl4co/baseline/epoch_135.ckpt
[2026-03-03 01:46:32,931] INFO:fitness.free_loss_fidelity: Loaded init checkpoint into policy: path=/data1/gushengda/eam-rl4co/baseline/epoch_135.ckpt prefix=policy. matched=97 missing=0 unexpected=0
[2026-03-03 01:46:32,937] INFO:fitness.free_loss_fidelity: RL4CO free-loss (step-mode): f1_steps=200, f2_steps=0, total_steps=200, train_problem_size=100, rollouts=100, batch_size=64, device=cuda:2, env=tsp
[2026-03-03 01:46:33,277] INFO:fitness.free_loss_fidelity: RL4CO free-loss step 1/200: score=7.803347 (avg=7.803347), loss=0.590707 (avg=0.590707), pairs_step=256, pairs_total=256
[2026-03-03 01:46:39,580] INFO:fitness.free_loss_fidelity: RL4CO free-loss step 20/200: score=7.785746 (avg=7.815563), loss=0.608127 (avg=0.600315), pairs_step=256, pairs_total=5120
[2026-03-03 01:46:46,217] INFO:fitness.free_loss_fidelity: RL4CO free-loss step 40/200: score=7.827891 (avg=7.810640), loss=0.633217 (avg=0.605008), pairs_step=256, pairs_total=10240
[2026-03-03 01:46:52,850] INFO:fitness.free_loss_fidelity: RL4CO free-loss step 60/200: score=7.819273 (avg=7.807102), loss=0.627474 (avg=0.610854), pairs_step=256, pairs_total=15360
[2026-03-03 01:46:59,488] INFO:fitness.free_loss_fidelity: RL4CO free-loss step 80/200: score=7.798304 (avg=7.805721), loss=0.631492 (avg=0.615271), pairs_step=256, pairs_total=20480
[2026-03-03 01:47:06,130] INFO:fitness.free_loss_fidelity: RL4CO free-loss step 100/200: score=7.768842 (avg=7.806164), loss=0.622178 (avg=0.616765), pairs_step=256, pairs_total=25600
[2026-03-03 01:47:12,757] INFO:fitness.free_loss_fidelity: RL4CO free-loss step 120/200: score=7.782398 (avg=7.807875), loss=0.638749 (avg=0.617945), pairs_step=256, pairs_total=30720
[2026-03-03 01:47:19,374] INFO:fitness.free_loss_fidelity: RL4CO free-loss step 140/200: score=7.844213 (avg=7.809053), loss=0.627911 (avg=0.618666), pairs_step=256, pairs_total=35840
[2026-03-03 01:47:26,003] INFO:fitness.free_loss_fidelity: RL4CO free-loss step 160/200: score=7.805559 (avg=7.808615), loss=0.633275 (avg=0.619854), pairs_step=256, pairs_total=40960
[2026-03-03 01:47:32,814] INFO:fitness.free_loss_fidelity: RL4CO free-loss step 180/200: score=7.798313 (avg=7.807664), loss=0.629388 (avg=0.621346), pairs_step=256, pairs_total=46080
[2026-03-03 01:47:39,436] INFO:fitness.free_loss_fidelity: RL4CO free-loss step 200/200: score=7.821401 (avg=7.806935), loss=0.634570 (avg=0.622723), pairs_step=256, pairs_total=51200
[2026-03-03 01:47:40,556] WARNING:fitness.free_loss_fidelity: weights_only checkpoint load failed (UnpicklingError); retrying weights_only=False for /data1/gushengda/eam-rl4co/baseline/epoch_409.ckpt
[2026-03-03 01:47:40,594] INFO:fitness.free_loss_fidelity: Loaded init checkpoint into policy: path=/data1/gushengda/eam-rl4co/baseline/epoch_409.ckpt prefix=policy. matched=97 missing=0 unexpected=0
[2026-03-03 01:47:40,600] INFO:fitness.free_loss_fidelity: RL4CO free-loss (step-mode): f1_steps=200, f2_steps=0, total_steps=200, train_problem_size=100, rollouts=100, batch_size=64, device=cuda:2, env=tsp
[2026-03-03 01:47:40,934] INFO:fitness.free_loss_fidelity: RL4CO free-loss step 1/200: score=7.807477 (avg=7.807477), loss=0.011085 (avg=0.011085), pairs_step=256, pairs_total=256
[2026-03-03 01:47:47,238] INFO:fitness.free_loss_fidelity: RL4CO free-loss step 20/200: score=7.780393 (avg=7.807968), loss=0.297000 (avg=0.173888), pairs_step=256, pairs_total=5120
[2026-03-03 01:47:53,866] INFO:fitness.free_loss_fidelity: RL4CO free-loss step 40/200: score=7.822569 (avg=7.804443), loss=0.369498 (avg=0.251732), pairs_step=256, pairs_total=10240
[2026-03-03 01:48:00,501] INFO:fitness.free_loss_fidelity: RL4CO free-loss step 60/200: score=7.820525 (avg=7.801424), loss=0.407474 (avg=0.293095), pairs_step=256, pairs_total=15360
[2026-03-03 01:48:07,135] INFO:fitness.free_loss_fidelity: RL4CO free-loss step 80/200: score=7.806218 (avg=7.800617), loss=0.443691 (avg=0.325601), pairs_step=256, pairs_total=20480
[2026-03-03 01:48:13,765] INFO:fitness.free_loss_fidelity: RL4CO free-loss step 100/200: score=7.761096 (avg=7.801671), loss=0.488300 (avg=0.351423), pairs_step=256, pairs_total=25600
[2026-03-03 01:48:20,382] INFO:fitness.free_loss_fidelity: RL4CO free-loss step 120/200: score=7.776221 (avg=7.803033), loss=0.485419 (avg=0.372467), pairs_step=256, pairs_total=30720
[2026-03-03 01:48:27,010] INFO:fitness.free_loss_fidelity: RL4CO free-loss step 140/200: score=7.825028 (avg=7.804208), loss=0.505381 (avg=0.390932), pairs_step=256, pairs_total=35840
[2026-03-03 01:48:33,641] INFO:fitness.free_loss_fidelity: RL4CO free-loss step 160/200: score=7.800033 (avg=7.803584), loss=0.537790 (avg=0.407182), pairs_step=256, pairs_total=40960
[2026-03-03 01:48:40,285] INFO:fitness.free_loss_fidelity: RL4CO free-loss step 180/200: score=7.784278 (avg=7.802545), loss=0.534617 (avg=0.420667), pairs_step=256, pairs_total=46080
[2026-03-03 01:48:46,913] INFO:fitness.free_loss_fidelity: RL4CO free-loss step 200/200: score=7.818747 (avg=7.801324), loss=0.525626 (avg=0.431620), pairs_step=256, pairs_total=51200
