[2026-03-03 08:51:04,002] INFO:fitness.free_loss_fidelity: Stage3 offline mini-train start gen=18 pair_index=4 K=200 seed=12345 valid_sizes=[100] baseline_json=baseline/mini_eval/baseline_minitrain_tsp100_K200.json
[2026-03-03 08:51:04,021] INFO:fitness.free_loss_fidelity: RL4CO free-loss (step-mode): f1_steps=200, f2_steps=0, total_steps=200, train_problem_size=100, rollouts=100, batch_size=64, device=cuda:3, env=tsp
[2026-03-03 08:51:04,352] INFO:fitness.free_loss_fidelity: RL4CO free-loss step 1/200: score=36.122910 (avg=36.122910), loss=0.726435 (avg=0.726435), pairs_step=6337, pairs_total=6337
[2026-03-03 08:51:10,527] INFO:fitness.free_loss_fidelity: RL4CO free-loss step 20/200: score=10.224505 (avg=13.666033), loss=0.691334 (avg=0.686047), pairs_step=6336, pairs_total=126721
[2026-03-03 08:51:17,016] INFO:fitness.free_loss_fidelity: RL4CO free-loss step 40/200: score=9.930249 (avg=11.783513), loss=0.677076 (avg=0.683393), pairs_step=6336, pairs_total=253441
[2026-03-03 08:51:23,522] INFO:fitness.free_loss_fidelity: RL4CO free-loss step 60/200: score=9.602042 (avg=11.075284), loss=0.672526 (avg=0.680646), pairs_step=6336, pairs_total=380161
[2026-03-03 08:51:30,004] INFO:fitness.free_loss_fidelity: RL4CO free-loss step 80/200: score=9.556919 (avg=10.694157), loss=0.669400 (avg=0.678132), pairs_step=6336, pairs_total=506881
[2026-03-03 08:51:36,500] INFO:fitness.free_loss_fidelity: RL4CO free-loss step 100/200: score=9.427087 (avg=10.451289), loss=0.667898 (avg=0.676422), pairs_step=6336, pairs_total=633601
[2026-03-03 08:51:42,989] INFO:fitness.free_loss_fidelity: RL4CO free-loss step 120/200: score=9.383966 (avg=10.278464), loss=0.670036 (avg=0.675292), pairs_step=6336, pairs_total=760321
[2026-03-03 08:51:49,523] INFO:fitness.free_loss_fidelity: RL4CO free-loss step 140/200: score=9.421940 (avg=10.150057), loss=0.669426 (avg=0.674448), pairs_step=6336, pairs_total=887041
[2026-03-03 08:51:56,016] INFO:fitness.free_loss_fidelity: RL4CO free-loss step 160/200: score=9.249014 (avg=10.044161), loss=0.670092 (avg=0.673886), pairs_step=6336, pairs_total=1013761
[2026-03-03 08:52:02,518] INFO:fitness.free_loss_fidelity: RL4CO free-loss step 180/200: score=9.249514 (avg=9.957168), loss=0.667933 (avg=0.673431), pairs_step=6336, pairs_total=1140481
[2026-03-03 08:52:09,039] INFO:fitness.free_loss_fidelity: RL4CO free-loss step 200/200: score=9.208593 (avg=9.883667), loss=0.671695 (avg=0.673045), pairs_step=6337, pairs_total=1267202
[2026-03-03 08:52:10,161] WARNING:fitness.free_loss_fidelity: weights_only checkpoint load failed (UnpicklingError); retrying weights_only=False for /data1/gushengda/eam-rl4co/baseline/epoch_135.ckpt
[2026-03-03 08:52:10,200] INFO:fitness.free_loss_fidelity: Loaded init checkpoint into policy: path=/data1/gushengda/eam-rl4co/baseline/epoch_135.ckpt prefix=policy. matched=97 missing=0 unexpected=0
[2026-03-03 08:52:10,205] INFO:fitness.free_loss_fidelity: RL4CO free-loss (step-mode): f1_steps=200, f2_steps=0, total_steps=200, train_problem_size=100, rollouts=100, batch_size=64, device=cuda:3, env=tsp
[2026-03-03 08:52:10,536] INFO:fitness.free_loss_fidelity: RL4CO free-loss step 1/200: score=7.803347 (avg=7.803347), loss=0.688271 (avg=0.688271), pairs_step=6102, pairs_total=6102
[2026-03-03 08:52:16,722] INFO:fitness.free_loss_fidelity: RL4CO free-loss step 20/200: score=7.798681 (avg=7.818319), loss=0.688145 (avg=0.689122), pairs_step=6260, pairs_total=123780
[2026-03-03 08:52:23,188] INFO:fitness.free_loss_fidelity: RL4CO free-loss step 40/200: score=7.833347 (avg=7.817696), loss=0.689119 (avg=0.688724), pairs_step=6306, pairs_total=250049
[2026-03-03 08:52:29,630] INFO:fitness.free_loss_fidelity: RL4CO free-loss step 60/200: score=7.838473 (avg=7.816145), loss=0.688873 (avg=0.688979), pairs_step=6294, pairs_total=376312
[2026-03-03 08:52:36,071] INFO:fitness.free_loss_fidelity: RL4CO free-loss step 80/200: score=7.817260 (avg=7.815251), loss=0.689636 (avg=0.689019), pairs_step=6295, pairs_total=502732
[2026-03-03 08:52:42,519] INFO:fitness.free_loss_fidelity: RL4CO free-loss step 100/200: score=7.785908 (avg=7.816756), loss=0.686409 (avg=0.688863), pairs_step=6336, pairs_total=629366
[2026-03-03 08:52:49,212] INFO:fitness.free_loss_fidelity: RL4CO free-loss step 120/200: score=7.792468 (avg=7.818984), loss=0.687352 (avg=0.688570), pairs_step=6336, pairs_total=756073
[2026-03-03 08:52:55,833] INFO:fitness.free_loss_fidelity: RL4CO free-loss step 140/200: score=7.850482 (avg=7.820462), loss=0.687354 (avg=0.688374), pairs_step=6333, pairs_total=882687
[2026-03-03 08:53:02,466] INFO:fitness.free_loss_fidelity: RL4CO free-loss step 160/200: score=7.822317 (avg=7.820293), loss=0.686755 (avg=0.688162), pairs_step=6322, pairs_total=1009335
[2026-03-03 08:53:09,043] INFO:fitness.free_loss_fidelity: RL4CO free-loss step 180/200: score=7.805376 (avg=7.819349), loss=0.686651 (avg=0.687981), pairs_step=6336, pairs_total=1135991
[2026-03-03 08:53:15,476] INFO:fitness.free_loss_fidelity: RL4CO free-loss step 200/200: score=7.832871 (avg=7.818014), loss=0.687096 (avg=0.687802), pairs_step=6336, pairs_total=1262672
[2026-03-03 08:53:16,595] WARNING:fitness.free_loss_fidelity: weights_only checkpoint load failed (UnpicklingError); retrying weights_only=False for /data1/gushengda/eam-rl4co/baseline/epoch_409.ckpt
[2026-03-03 08:53:16,634] INFO:fitness.free_loss_fidelity: Loaded init checkpoint into policy: path=/data1/gushengda/eam-rl4co/baseline/epoch_409.ckpt prefix=policy. matched=97 missing=0 unexpected=0
[2026-03-03 08:53:16,640] INFO:fitness.free_loss_fidelity: RL4CO free-loss (step-mode): f1_steps=200, f2_steps=0, total_steps=200, train_problem_size=100, rollouts=100, batch_size=64, device=cuda:3, env=tsp
[2026-03-03 08:53:16,997] INFO:fitness.free_loss_fidelity: RL4CO free-loss step 1/200: score=7.807477 (avg=7.807477), loss=0.386897 (avg=0.386897), pairs_step=6336, pairs_total=6336
[2026-03-03 08:53:23,116] INFO:fitness.free_loss_fidelity: RL4CO free-loss step 20/200: score=7.787886 (avg=7.812719), loss=0.611400 (avg=0.563627), pairs_step=6336, pairs_total=126730
[2026-03-03 08:53:29,556] INFO:fitness.free_loss_fidelity: RL4CO free-loss step 40/200: score=7.814716 (avg=7.807322), loss=0.618685 (avg=0.588387), pairs_step=6337, pairs_total=253453
[2026-03-03 08:53:35,999] INFO:fitness.free_loss_fidelity: RL4CO free-loss step 60/200: score=7.816253 (avg=7.803466), loss=0.632264 (avg=0.600683), pairs_step=6336, pairs_total=380174
[2026-03-03 08:53:42,467] INFO:fitness.free_loss_fidelity: RL4CO free-loss step 80/200: score=7.796732 (avg=7.801482), loss=0.641185 (avg=0.609718), pairs_step=6336, pairs_total=506894
[2026-03-03 08:53:48,918] INFO:fitness.free_loss_fidelity: RL4CO free-loss step 100/200: score=7.759642 (avg=7.801759), loss=0.651789 (avg=0.617007), pairs_step=6336, pairs_total=633615
[2026-03-03 08:53:55,386] INFO:fitness.free_loss_fidelity: RL4CO free-loss step 120/200: score=7.776563 (avg=7.803046), loss=0.655949 (avg=0.623374), pairs_step=6336, pairs_total=760335
[2026-03-03 08:54:01,895] INFO:fitness.free_loss_fidelity: RL4CO free-loss step 140/200: score=7.828675 (avg=7.803972), loss=0.659703 (avg=0.628422), pairs_step=6336, pairs_total=887055
[2026-03-03 08:54:08,405] INFO:fitness.free_loss_fidelity: RL4CO free-loss step 160/200: score=7.796641 (avg=7.803180), loss=0.662744 (avg=0.632640), pairs_step=6336, pairs_total=1013775
[2026-03-03 08:54:14,901] INFO:fitness.free_loss_fidelity: RL4CO free-loss step 180/200: score=7.786833 (avg=7.801902), loss=0.663183 (avg=0.636058), pairs_step=6336, pairs_total=1140496
[2026-03-03 08:54:21,387] INFO:fitness.free_loss_fidelity: RL4CO free-loss step 200/200: score=7.810826 (avg=7.800613), loss=0.665421 (avg=0.638881), pairs_step=6336, pairs_total=1267218
