[2026-03-02 20:02:30,327] INFO:fitness.free_loss_fidelity: Stage3 offline mini-train start gen=8 pair_index=14 K=200 seed=12345 valid_sizes=[100] baseline_json=baseline/mini_eval/baseline_minitrain_tsp100_K200.json
[2026-03-02 20:02:30,345] INFO:fitness.free_loss_fidelity: RL4CO free-loss (step-mode): f1_steps=200, f2_steps=0, total_steps=200, train_problem_size=100, rollouts=100, batch_size=64, device=cuda:3, env=tsp
[2026-03-02 20:02:30,669] INFO:fitness.free_loss_fidelity: RL4CO free-loss step 1/200: score=36.122910 (avg=36.122910), loss=0.718362 (avg=0.718362), pairs_step=316800, pairs_total=316800
[2026-03-02 20:02:36,686] INFO:fitness.free_loss_fidelity: RL4CO free-loss step 20/200: score=10.122674 (avg=12.636784), loss=0.637585 (avg=0.645717), pairs_step=316800, pairs_total=6335994
[2026-03-02 20:02:43,022] INFO:fitness.free_loss_fidelity: RL4CO free-loss step 40/200: score=9.389035 (avg=11.082876), loss=0.641102 (avg=0.642356), pairs_step=316800, pairs_total=12671994
[2026-03-02 20:02:49,351] INFO:fitness.free_loss_fidelity: RL4CO free-loss step 60/200: score=9.130577 (avg=10.458588), loss=0.630180 (avg=0.639081), pairs_step=316800, pairs_total=19007983
[2026-03-02 20:02:55,690] INFO:fitness.free_loss_fidelity: RL4CO free-loss step 80/200: score=8.996675 (avg=10.099924), loss=0.629182 (avg=0.636528), pairs_step=316800, pairs_total=25343983
[2026-03-02 20:03:02,017] INFO:fitness.free_loss_fidelity: RL4CO free-loss step 100/200: score=8.831169 (avg=9.864508), loss=0.624982 (avg=0.634545), pairs_step=316800, pairs_total=31679979
[2026-03-02 20:03:08,336] INFO:fitness.free_loss_fidelity: RL4CO free-loss step 120/200: score=8.770008 (avg=9.692156), loss=0.628829 (avg=0.633424), pairs_step=316800, pairs_total=38015975
[2026-03-02 20:03:14,662] INFO:fitness.free_loss_fidelity: RL4CO free-loss step 140/200: score=8.721796 (avg=9.556413), loss=0.632948 (avg=0.633190), pairs_step=316800, pairs_total=44351970
[2026-03-02 20:03:21,183] INFO:fitness.free_loss_fidelity: RL4CO free-loss step 160/200: score=8.581362 (avg=9.443395), loss=0.638965 (avg=0.633314), pairs_step=316800, pairs_total=50687965
[2026-03-02 20:03:27,510] INFO:fitness.free_loss_fidelity: RL4CO free-loss step 180/200: score=8.572488 (avg=9.348207), loss=0.630052 (avg=0.633564), pairs_step=316799, pairs_total=57023956
[2026-03-02 20:03:33,832] INFO:fitness.free_loss_fidelity: RL4CO free-loss step 200/200: score=8.555211 (avg=9.269379), loss=0.640486 (avg=0.633912), pairs_step=316800, pairs_total=63359951
[2026-03-02 20:03:34,927] WARNING:fitness.free_loss_fidelity: weights_only checkpoint load failed (UnpicklingError); retrying weights_only=False for /data1/gushengda/eam-rl4co/baseline/epoch_135.ckpt
[2026-03-02 20:03:34,964] INFO:fitness.free_loss_fidelity: Loaded init checkpoint into policy: path=/data1/gushengda/eam-rl4co/baseline/epoch_135.ckpt prefix=policy. matched=97 missing=0 unexpected=0
[2026-03-02 20:03:34,969] INFO:fitness.free_loss_fidelity: RL4CO free-loss (step-mode): f1_steps=200, f2_steps=0, total_steps=200, train_problem_size=100, rollouts=100, batch_size=64, device=cuda:3, env=tsp
[2026-03-02 20:03:35,298] INFO:fitness.free_loss_fidelity: RL4CO free-loss step 1/200: score=7.803347 (avg=7.803347), loss=0.680867 (avg=0.680867), pairs_step=315697, pairs_total=315697
[2026-03-02 20:03:41,306] INFO:fitness.free_loss_fidelity: RL4CO free-loss step 20/200: score=7.779894 (avg=7.809524), loss=0.679013 (avg=0.680105), pairs_step=315835, pairs_total=6317297
[2026-03-02 20:03:47,627] INFO:fitness.free_loss_fidelity: RL4CO free-loss step 40/200: score=7.811954 (avg=7.802721), loss=0.681246 (avg=0.679889), pairs_step=315732, pairs_total=12633243
[2026-03-02 20:03:53,956] INFO:fitness.free_loss_fidelity: RL4CO free-loss step 60/200: score=7.815375 (avg=7.798910), loss=0.681844 (avg=0.680097), pairs_step=315732, pairs_total=18948522
[2026-03-02 20:04:00,276] INFO:fitness.free_loss_fidelity: RL4CO free-loss step 80/200: score=7.794654 (avg=7.797235), loss=0.680588 (avg=0.680083), pairs_step=315935, pairs_total=25264545
[2026-03-02 20:04:06,602] INFO:fitness.free_loss_fidelity: RL4CO free-loss step 100/200: score=7.755108 (avg=7.798070), loss=0.679647 (avg=0.680129), pairs_step=315607, pairs_total=31580543
[2026-03-02 20:04:12,927] INFO:fitness.free_loss_fidelity: RL4CO free-loss step 120/200: score=7.775409 (avg=7.799556), loss=0.679478 (avg=0.680056), pairs_step=315614, pairs_total=37894708
[2026-03-02 20:04:19,262] INFO:fitness.free_loss_fidelity: RL4CO free-loss step 140/200: score=7.832266 (avg=7.800755), loss=0.681120 (avg=0.680027), pairs_step=315321, pairs_total=44208020
[2026-03-02 20:04:25,597] INFO:fitness.free_loss_fidelity: RL4CO free-loss step 160/200: score=7.798360 (avg=7.800161), loss=0.679120 (avg=0.679909), pairs_step=315304, pairs_total=50520010
[2026-03-02 20:04:31,943] INFO:fitness.free_loss_fidelity: RL4CO free-loss step 180/200: score=7.784271 (avg=7.798993), loss=0.677574 (avg=0.679802), pairs_step=315355, pairs_total=56833307
[2026-03-02 20:04:38,278] INFO:fitness.free_loss_fidelity: RL4CO free-loss step 200/200: score=7.810410 (avg=7.797872), loss=0.676941 (avg=0.679770), pairs_step=315548, pairs_total=63144334
[2026-03-02 20:04:39,372] WARNING:fitness.free_loss_fidelity: weights_only checkpoint load failed (UnpicklingError); retrying weights_only=False for /data1/gushengda/eam-rl4co/baseline/epoch_409.ckpt
[2026-03-02 20:04:39,408] INFO:fitness.free_loss_fidelity: Loaded init checkpoint into policy: path=/data1/gushengda/eam-rl4co/baseline/epoch_409.ckpt prefix=policy. matched=97 missing=0 unexpected=0
[2026-03-02 20:04:39,413] INFO:fitness.free_loss_fidelity: RL4CO free-loss (step-mode): f1_steps=200, f2_steps=0, total_steps=200, train_problem_size=100, rollouts=100, batch_size=64, device=cuda:3, env=tsp
[2026-03-02 20:04:39,736] INFO:fitness.free_loss_fidelity: RL4CO free-loss step 1/200: score=7.807477 (avg=7.807477), loss=0.373315 (avg=0.373315), pairs_step=315750, pairs_total=315750
[2026-03-02 20:04:45,750] INFO:fitness.free_loss_fidelity: RL4CO free-loss step 20/200: score=7.783425 (avg=7.808880), loss=0.382471 (avg=0.378911), pairs_step=315953, pairs_total=6317041
[2026-03-02 20:04:52,083] INFO:fitness.free_loss_fidelity: RL4CO free-loss step 40/200: score=7.814013 (avg=7.802858), loss=0.385017 (avg=0.380975), pairs_step=316128, pairs_total=12633030
[2026-03-02 20:04:58,422] INFO:fitness.free_loss_fidelity: RL4CO free-loss step 60/200: score=7.812198 (avg=7.798952), loss=0.383453 (avg=0.381233), pairs_step=315631, pairs_total=18949395
[2026-03-02 20:05:04,774] INFO:fitness.free_loss_fidelity: RL4CO free-loss step 80/200: score=7.791388 (avg=7.796836), loss=0.381122 (avg=0.380890), pairs_step=315912, pairs_total=25266266
[2026-03-02 20:05:11,120] INFO:fitness.free_loss_fidelity: RL4CO free-loss step 100/200: score=7.751992 (avg=7.797486), loss=0.384501 (avg=0.380423), pairs_step=315931, pairs_total=31584249
[2026-03-02 20:05:17,456] INFO:fitness.free_loss_fidelity: RL4CO free-loss step 120/200: score=7.771768 (avg=7.798602), loss=0.377490 (avg=0.380535), pairs_step=315731, pairs_total=37901002
[2026-03-02 20:05:23,798] INFO:fitness.free_loss_fidelity: RL4CO free-loss step 140/200: score=7.819788 (avg=7.799335), loss=0.383698 (avg=0.380991), pairs_step=315175, pairs_total=44215464
[2026-03-02 20:05:30,125] INFO:fitness.free_loss_fidelity: RL4CO free-loss step 160/200: score=7.795164 (avg=7.798449), loss=0.382082 (avg=0.381135), pairs_step=315804, pairs_total=50529176
[2026-03-02 20:05:36,458] INFO:fitness.free_loss_fidelity: RL4CO free-loss step 180/200: score=7.784274 (avg=7.797413), loss=0.385892 (avg=0.381492), pairs_step=315306, pairs_total=56841979
[2026-03-02 20:05:42,779] INFO:fitness.free_loss_fidelity: RL4CO free-loss step 200/200: score=7.811261 (avg=7.796198), loss=0.384448 (avg=0.382103), pairs_step=315376, pairs_total=63152974
