[2026-03-03 03:50:25,315] INFO:fitness.free_loss_fidelity: Stage3 offline mini-train start gen=15 pair_index=2 K=200 seed=12345 valid_sizes=[100] baseline_json=baseline/mini_eval/baseline_minitrain_tsp100_K200.json
[2026-03-03 03:50:31,297] INFO:fitness.free_loss_fidelity: RL4CO free-loss (step-mode): f1_steps=200, f2_steps=0, total_steps=200, train_problem_size=100, rollouts=100, batch_size=64, device=cuda:3, env=tsp
[2026-03-03 03:50:32,050] INFO:fitness.free_loss_fidelity: RL4CO free-loss step 1/200: score=36.122910 (avg=36.122910), loss=0.738469 (avg=0.738469), pairs_step=12288, pairs_total=12288
[2026-03-03 03:50:38,956] INFO:fitness.free_loss_fidelity: RL4CO free-loss step 20/200: score=9.876949 (avg=12.822091), loss=0.578274 (avg=0.574800), pairs_step=12288, pairs_total=245760
[2026-03-03 03:50:46,656] INFO:fitness.free_loss_fidelity: RL4CO free-loss step 40/200: score=9.552610 (avg=11.223875), loss=0.589918 (avg=0.573500), pairs_step=12288, pairs_total=491520
[2026-03-03 03:50:53,479] INFO:fitness.free_loss_fidelity: RL4CO free-loss step 60/200: score=9.297027 (avg=10.599070), loss=0.580879 (avg=0.576112), pairs_step=12288, pairs_total=737280
[2026-03-03 03:50:59,984] INFO:fitness.free_loss_fidelity: RL4CO free-loss step 80/200: score=9.208885 (avg=10.263641), loss=0.579505 (avg=0.576157), pairs_step=12288, pairs_total=983040
[2026-03-03 03:51:07,198] INFO:fitness.free_loss_fidelity: RL4CO free-loss step 100/200: score=9.083099 (avg=10.054025), loss=0.530307 (avg=0.573608), pairs_step=12288, pairs_total=1228800
[2026-03-03 03:51:14,223] INFO:fitness.free_loss_fidelity: RL4CO free-loss step 120/200: score=9.112661 (avg=9.902926), loss=0.555003 (avg=0.571990), pairs_step=12288, pairs_total=1474560
[2026-03-03 03:51:21,553] INFO:fitness.free_loss_fidelity: RL4CO free-loss step 140/200: score=9.030194 (avg=9.784631), loss=0.568536 (avg=0.571124), pairs_step=12288, pairs_total=1720320
[2026-03-03 03:51:28,649] INFO:fitness.free_loss_fidelity: RL4CO free-loss step 160/200: score=8.919662 (avg=9.679214), loss=0.556032 (avg=0.569907), pairs_step=12288, pairs_total=1966080
[2026-03-03 03:51:35,146] INFO:fitness.free_loss_fidelity: RL4CO free-loss step 180/200: score=8.850203 (avg=9.593951), loss=0.581132 (avg=0.567687), pairs_step=12288, pairs_total=2211840
[2026-03-03 03:51:41,619] INFO:fitness.free_loss_fidelity: RL4CO free-loss step 200/200: score=8.811904 (avg=9.517047), loss=0.536149 (avg=0.565707), pairs_step=12288, pairs_total=2457600
[2026-03-03 03:51:42,746] WARNING:fitness.free_loss_fidelity: weights_only checkpoint load failed (UnpicklingError); retrying weights_only=False for /data1/gushengda/eam-rl4co/baseline/epoch_135.ckpt
[2026-03-03 03:51:42,788] INFO:fitness.free_loss_fidelity: Loaded init checkpoint into policy: path=/data1/gushengda/eam-rl4co/baseline/epoch_135.ckpt prefix=policy. matched=97 missing=0 unexpected=0
[2026-03-03 03:51:42,793] INFO:fitness.free_loss_fidelity: RL4CO free-loss (step-mode): f1_steps=200, f2_steps=0, total_steps=200, train_problem_size=100, rollouts=100, batch_size=64, device=cuda:3, env=tsp
[2026-03-03 03:51:43,167] INFO:fitness.free_loss_fidelity: RL4CO free-loss step 1/200: score=7.803347 (avg=7.803347), loss=0.664329 (avg=0.664329), pairs_step=12288, pairs_total=12288
[2026-03-03 03:51:50,194] INFO:fitness.free_loss_fidelity: RL4CO free-loss step 20/200: score=7.785853 (avg=7.815866), loss=0.668812 (avg=0.668985), pairs_step=12288, pairs_total=245700
[2026-03-03 03:51:57,566] INFO:fitness.free_loss_fidelity: RL4CO free-loss step 40/200: score=7.823736 (avg=7.810500), loss=0.666336 (avg=0.668550), pairs_step=12288, pairs_total=491460
[2026-03-03 03:52:05,030] INFO:fitness.free_loss_fidelity: RL4CO free-loss step 60/200: score=7.820199 (avg=7.807031), loss=0.670297 (avg=0.668111), pairs_step=12288, pairs_total=737220
[2026-03-03 03:52:12,111] INFO:fitness.free_loss_fidelity: RL4CO free-loss step 80/200: score=7.806302 (avg=7.805373), loss=0.665151 (avg=0.668125), pairs_step=12288, pairs_total=982974
[2026-03-03 03:52:19,412] INFO:fitness.free_loss_fidelity: RL4CO free-loss step 100/200: score=7.762119 (avg=7.805524), loss=0.662133 (avg=0.668377), pairs_step=12288, pairs_total=1228716
[2026-03-03 03:52:26,184] INFO:fitness.free_loss_fidelity: RL4CO free-loss step 120/200: score=7.775961 (avg=7.806902), loss=0.663603 (avg=0.668156), pairs_step=12288, pairs_total=1474476
[2026-03-03 03:52:32,784] INFO:fitness.free_loss_fidelity: RL4CO free-loss step 140/200: score=7.830306 (avg=7.807811), loss=0.671070 (avg=0.667946), pairs_step=12288, pairs_total=1720236
[2026-03-03 03:52:40,070] INFO:fitness.free_loss_fidelity: RL4CO free-loss step 160/200: score=7.803103 (avg=7.806883), loss=0.673300 (avg=0.667939), pairs_step=12288, pairs_total=1965996
[2026-03-03 03:52:47,360] INFO:fitness.free_loss_fidelity: RL4CO free-loss step 180/200: score=7.793198 (avg=7.805804), loss=0.660485 (avg=0.667973), pairs_step=12288, pairs_total=2211756
[2026-03-03 03:52:54,620] INFO:fitness.free_loss_fidelity: RL4CO free-loss step 200/200: score=7.816148 (avg=7.804687), loss=0.667611 (avg=0.668109), pairs_step=12272, pairs_total=2457492
[2026-03-03 03:52:55,934] WARNING:fitness.free_loss_fidelity: weights_only checkpoint load failed (UnpicklingError); retrying weights_only=False for /data1/gushengda/eam-rl4co/baseline/epoch_409.ckpt
[2026-03-03 03:52:56,228] INFO:fitness.free_loss_fidelity: Loaded init checkpoint into policy: path=/data1/gushengda/eam-rl4co/baseline/epoch_409.ckpt prefix=policy. matched=97 missing=0 unexpected=0
[2026-03-03 03:52:56,234] INFO:fitness.free_loss_fidelity: RL4CO free-loss (step-mode): f1_steps=200, f2_steps=0, total_steps=200, train_problem_size=100, rollouts=100, batch_size=64, device=cuda:3, env=tsp
[2026-03-03 03:52:56,623] INFO:fitness.free_loss_fidelity: RL4CO free-loss step 1/200: score=7.807477 (avg=7.807477), loss=0.547682 (avg=0.547682), pairs_step=12288, pairs_total=12288
[2026-03-03 03:53:03,528] INFO:fitness.free_loss_fidelity: RL4CO free-loss step 20/200: score=7.780328 (avg=7.809564), loss=0.533711 (avg=0.540359), pairs_step=12288, pairs_total=245760
[2026-03-03 03:53:10,780] INFO:fitness.free_loss_fidelity: RL4CO free-loss step 40/200: score=7.816526 (avg=7.803094), loss=0.538600 (avg=0.539779), pairs_step=12288, pairs_total=491520
[2026-03-03 03:53:18,069] INFO:fitness.free_loss_fidelity: RL4CO free-loss step 60/200: score=7.815759 (avg=7.799569), loss=0.542502 (avg=0.541097), pairs_step=12288, pairs_total=737280
[2026-03-03 03:53:25,352] INFO:fitness.free_loss_fidelity: RL4CO free-loss step 80/200: score=7.796723 (avg=7.797942), loss=0.547328 (avg=0.541944), pairs_step=12288, pairs_total=983040
[2026-03-03 03:53:32,625] INFO:fitness.free_loss_fidelity: RL4CO free-loss step 100/200: score=7.754618 (avg=7.798346), loss=0.544973 (avg=0.542973), pairs_step=12288, pairs_total=1228800
[2026-03-03 03:53:39,895] INFO:fitness.free_loss_fidelity: RL4CO free-loss step 120/200: score=7.777312 (avg=7.799759), loss=0.537502 (avg=0.544259), pairs_step=12288, pairs_total=1474560
[2026-03-03 03:53:47,152] INFO:fitness.free_loss_fidelity: RL4CO free-loss step 140/200: score=7.825788 (avg=7.800729), loss=0.544213 (avg=0.544678), pairs_step=12288, pairs_total=1720320
[2026-03-03 03:53:54,426] INFO:fitness.free_loss_fidelity: RL4CO free-loss step 160/200: score=7.791679 (avg=7.799842), loss=0.544383 (avg=0.543879), pairs_step=12288, pairs_total=1966080
[2026-03-03 03:54:01,713] INFO:fitness.free_loss_fidelity: RL4CO free-loss step 180/200: score=7.780837 (avg=7.798727), loss=0.537892 (avg=0.543226), pairs_step=12288, pairs_total=2211840
[2026-03-03 03:54:08,992] INFO:fitness.free_loss_fidelity: RL4CO free-loss step 200/200: score=7.812003 (avg=7.797335), loss=0.514090 (avg=0.541891), pairs_step=12288, pairs_total=2457600
