[2026-03-03 07:36:39,103] INFO:fitness.free_loss_fidelity: Stage3 offline mini-train start gen=17 pair_index=4 K=200 seed=12345 valid_sizes=[100] baseline_json=baseline/mini_eval/baseline_minitrain_tsp100_K200.json
[2026-03-03 07:36:39,126] INFO:fitness.free_loss_fidelity: RL4CO free-loss (step-mode): f1_steps=200, f2_steps=0, total_steps=200, train_problem_size=100, rollouts=100, batch_size=64, device=cuda:0, env=tsp
[2026-03-03 07:36:39,481] INFO:fitness.free_loss_fidelity: RL4CO free-loss step 1/200: score=36.122910 (avg=36.122910), loss=1.108970 (avg=1.108970), pairs_step=8192, pairs_total=8192
[2026-03-03 07:36:45,555] INFO:fitness.free_loss_fidelity: RL4CO free-loss step 20/200: score=17.914961 (avg=16.563424), loss=0.886994 (avg=0.909197), pairs_step=8192, pairs_total=163840
[2026-03-03 07:36:51,968] INFO:fitness.free_loss_fidelity: RL4CO free-loss step 40/200: score=20.976467 (avg=17.750099), loss=0.829863 (avg=0.884271), pairs_step=8192, pairs_total=327680
[2026-03-03 07:36:58,375] INFO:fitness.free_loss_fidelity: RL4CO free-loss step 60/200: score=24.866344 (avg=19.647509), loss=0.805589 (avg=0.860211), pairs_step=8192, pairs_total=491520
[2026-03-03 07:37:04,855] INFO:fitness.free_loss_fidelity: RL4CO free-loss step 80/200: score=26.676928 (avg=21.193145), loss=0.797026 (avg=0.845149), pairs_step=8192, pairs_total=655360
[2026-03-03 07:37:11,314] INFO:fitness.free_loss_fidelity: RL4CO free-loss step 100/200: score=27.937765 (avg=22.418355), loss=0.787995 (avg=0.834678), pairs_step=8192, pairs_total=819200
[2026-03-03 07:37:17,774] INFO:fitness.free_loss_fidelity: RL4CO free-loss step 120/200: score=28.658987 (avg=23.387860), loss=0.785728 (avg=0.826753), pairs_step=8192, pairs_total=983040
[2026-03-03 07:37:24,232] INFO:fitness.free_loss_fidelity: RL4CO free-loss step 140/200: score=29.284359 (avg=24.176090), loss=0.785230 (avg=0.820580), pairs_step=8192, pairs_total=1146880
[2026-03-03 07:37:30,693] INFO:fitness.free_loss_fidelity: RL4CO free-loss step 160/200: score=29.791740 (avg=24.828476), loss=0.781824 (avg=0.815804), pairs_step=8192, pairs_total=1310720
[2026-03-03 07:37:37,164] INFO:fitness.free_loss_fidelity: RL4CO free-loss step 180/200: score=30.666771 (avg=25.414272), loss=0.781549 (avg=0.812191), pairs_step=8192, pairs_total=1474560
[2026-03-03 07:37:43,624] INFO:fitness.free_loss_fidelity: RL4CO free-loss step 200/200: score=32.729855 (avg=26.039337), loss=0.783893 (avg=0.809222), pairs_step=8192, pairs_total=1638400
[2026-03-03 07:37:44,745] WARNING:fitness.free_loss_fidelity: weights_only checkpoint load failed (UnpicklingError); retrying weights_only=False for /data1/gushengda/eam-rl4co/baseline/epoch_135.ckpt
[2026-03-03 07:37:44,781] INFO:fitness.free_loss_fidelity: Loaded init checkpoint into policy: path=/data1/gushengda/eam-rl4co/baseline/epoch_135.ckpt prefix=policy. matched=97 missing=0 unexpected=0
[2026-03-03 07:37:44,787] INFO:fitness.free_loss_fidelity: RL4CO free-loss (step-mode): f1_steps=200, f2_steps=0, total_steps=200, train_problem_size=100, rollouts=100, batch_size=64, device=cuda:0, env=tsp
[2026-03-03 07:37:45,115] INFO:fitness.free_loss_fidelity: RL4CO free-loss step 1/200: score=7.803347 (avg=7.803347), loss=0.774290 (avg=0.774290), pairs_step=8192, pairs_total=8192
[2026-03-03 07:37:51,285] INFO:fitness.free_loss_fidelity: RL4CO free-loss step 20/200: score=9.097495 (avg=7.995197), loss=1.108374 (avg=0.895942), pairs_step=8192, pairs_total=163840
[2026-03-03 07:37:57,820] INFO:fitness.free_loss_fidelity: RL4CO free-loss step 40/200: score=15.120521 (avg=10.318332), loss=1.056563 (avg=0.993121), pairs_step=8192, pairs_total=327680
[2026-03-03 07:38:04,373] INFO:fitness.free_loss_fidelity: RL4CO free-loss step 60/200: score=35.142036 (avg=14.713878), loss=0.879202 (avg=0.984355), pairs_step=8192, pairs_total=491520
[2026-03-03 07:38:10,886] INFO:fitness.free_loss_fidelity: RL4CO free-loss step 80/200: score=43.306831 (avg=21.291700), loss=0.823140 (avg=0.949461), pairs_step=8192, pairs_total=655360
[2026-03-03 07:38:17,410] INFO:fitness.free_loss_fidelity: RL4CO free-loss step 100/200: score=42.774109 (avg=25.617760), loss=0.740711 (avg=0.913112), pairs_step=8192, pairs_total=819200
[2026-03-03 07:38:23,932] INFO:fitness.free_loss_fidelity: RL4CO free-loss step 120/200: score=40.231895 (avg=28.268638), loss=0.712558 (avg=0.881464), pairs_step=8192, pairs_total=983040
[2026-03-03 07:38:30,453] INFO:fitness.free_loss_fidelity: RL4CO free-loss step 140/200: score=46.597027 (avg=30.518906), loss=0.709930 (avg=0.857654), pairs_step=8192, pairs_total=1146880
[2026-03-03 07:38:36,978] INFO:fitness.free_loss_fidelity: RL4CO free-loss step 160/200: score=46.574379 (avg=32.527207), loss=0.708202 (avg=0.839079), pairs_step=8192, pairs_total=1310720
[2026-03-03 07:38:43,676] INFO:fitness.free_loss_fidelity: RL4CO free-loss step 180/200: score=46.186424 (avg=34.086920), loss=0.706114 (avg=0.824484), pairs_step=8192, pairs_total=1474560
[2026-03-03 07:38:50,192] INFO:fitness.free_loss_fidelity: RL4CO free-loss step 200/200: score=46.818230 (avg=35.340617), loss=0.706514 (avg=0.812578), pairs_step=8192, pairs_total=1638400
[2026-03-03 07:38:51,310] WARNING:fitness.free_loss_fidelity: weights_only checkpoint load failed (UnpicklingError); retrying weights_only=False for /data1/gushengda/eam-rl4co/baseline/epoch_409.ckpt
[2026-03-03 07:38:51,341] INFO:fitness.free_loss_fidelity: Loaded init checkpoint into policy: path=/data1/gushengda/eam-rl4co/baseline/epoch_409.ckpt prefix=policy. matched=97 missing=0 unexpected=0
[2026-03-03 07:38:51,347] INFO:fitness.free_loss_fidelity: RL4CO free-loss (step-mode): f1_steps=200, f2_steps=0, total_steps=200, train_problem_size=100, rollouts=100, batch_size=64, device=cuda:0, env=tsp
[2026-03-03 07:38:51,685] INFO:fitness.free_loss_fidelity: RL4CO free-loss step 1/200: score=7.807477 (avg=7.807477), loss=0.765003 (avg=0.765003), pairs_step=8192, pairs_total=8192
[2026-03-03 07:38:57,878] INFO:fitness.free_loss_fidelity: RL4CO free-loss step 20/200: score=7.806591 (avg=7.814494), loss=1.068136 (avg=0.841650), pairs_step=8192, pairs_total=163840
[2026-03-03 07:39:04,405] INFO:fitness.free_loss_fidelity: RL4CO free-loss step 40/200: score=8.046745 (avg=7.857646), loss=0.962050 (avg=0.925422), pairs_step=8192, pairs_total=327680
[2026-03-03 07:39:10,932] INFO:fitness.free_loss_fidelity: RL4CO free-loss step 60/200: score=12.596325 (avg=8.631039), loss=0.798457 (avg=0.924909), pairs_step=8192, pairs_total=491520
[2026-03-03 07:39:17,455] INFO:fitness.free_loss_fidelity: RL4CO free-loss step 80/200: score=18.823692 (avg=10.399329), loss=0.725571 (avg=0.881566), pairs_step=8192, pairs_total=655360
[2026-03-03 07:39:23,975] INFO:fitness.free_loss_fidelity: RL4CO free-loss step 100/200: score=30.658188 (avg=13.234748), loss=0.726482 (avg=0.849820), pairs_step=8192, pairs_total=819200
[2026-03-03 07:39:30,495] INFO:fitness.free_loss_fidelity: RL4CO free-loss step 120/200: score=44.056992 (avg=17.859338), loss=0.714452 (avg=0.828546), pairs_step=8192, pairs_total=983040
[2026-03-03 07:39:37,025] INFO:fitness.free_loss_fidelity: RL4CO free-loss step 140/200: score=44.926430 (avg=21.667349), loss=0.706625 (avg=0.811541), pairs_step=8192, pairs_total=1146880
[2026-03-03 07:39:43,544] INFO:fitness.free_loss_fidelity: RL4CO free-loss step 160/200: score=45.338638 (avg=24.613628), loss=0.703976 (avg=0.798228), pairs_step=8192, pairs_total=1310720
[2026-03-03 07:39:50,071] INFO:fitness.free_loss_fidelity: RL4CO free-loss step 180/200: score=45.510590 (avg=26.941451), loss=0.702281 (avg=0.787648), pairs_step=8192, pairs_total=1474560
[2026-03-03 07:39:56,583] INFO:fitness.free_loss_fidelity: RL4CO free-loss step 200/200: score=46.104012 (avg=28.822595), loss=0.701423 (avg=0.779052), pairs_step=8192, pairs_total=1638400
