[2026-03-03 08:47:38,752] INFO:fitness.free_loss_fidelity: Stage3 offline mini-train start gen=18 pair_index=0 K=200 seed=12345 valid_sizes=[100] baseline_json=baseline/mini_eval/baseline_minitrain_tsp100_K200.json
[2026-03-03 08:47:44,689] INFO:fitness.free_loss_fidelity: RL4CO free-loss (step-mode): f1_steps=200, f2_steps=0, total_steps=200, train_problem_size=100, rollouts=100, batch_size=64, device=cuda:1, env=tsp
[2026-03-03 08:47:45,525] INFO:fitness.free_loss_fidelity: RL4CO free-loss step 1/200: score=36.122910 (avg=36.122910), loss=0.703312 (avg=0.703312), pairs_step=6848, pairs_total=6848
[2026-03-03 08:47:52,835] INFO:fitness.free_loss_fidelity: RL4CO free-loss step 20/200: score=10.138930 (avg=12.915477), loss=0.526733 (avg=0.531793), pairs_step=6848, pairs_total=136960
[2026-03-03 08:48:00,393] INFO:fitness.free_loss_fidelity: RL4CO free-loss step 40/200: score=9.509865 (avg=11.301645), loss=0.548620 (avg=0.533169), pairs_step=6848, pairs_total=273920
[2026-03-03 08:48:07,104] INFO:fitness.free_loss_fidelity: RL4CO free-loss step 60/200: score=9.335949 (avg=10.658073), loss=0.522869 (avg=0.535166), pairs_step=6848, pairs_total=410880
[2026-03-03 08:48:14,550] INFO:fitness.free_loss_fidelity: RL4CO free-loss step 80/200: score=9.189186 (avg=10.312827), loss=0.550236 (avg=0.534323), pairs_step=6848, pairs_total=547840
[2026-03-03 08:48:21,425] INFO:fitness.free_loss_fidelity: RL4CO free-loss step 100/200: score=9.080183 (avg=10.080866), loss=0.504999 (avg=0.532352), pairs_step=6848, pairs_total=684800
[2026-03-03 08:48:28,236] INFO:fitness.free_loss_fidelity: RL4CO free-loss step 120/200: score=9.033875 (avg=9.924475), loss=0.530682 (avg=0.530918), pairs_step=6848, pairs_total=821760
[2026-03-03 08:48:35,056] INFO:fitness.free_loss_fidelity: RL4CO free-loss step 140/200: score=8.993331 (avg=9.795905), loss=0.520657 (avg=0.530481), pairs_step=6848, pairs_total=958720
[2026-03-03 08:48:41,856] INFO:fitness.free_loss_fidelity: RL4CO free-loss step 160/200: score=8.931294 (avg=9.688623), loss=0.538613 (avg=0.530770), pairs_step=6848, pairs_total=1095680
[2026-03-03 08:48:48,660] INFO:fitness.free_loss_fidelity: RL4CO free-loss step 180/200: score=8.850214 (avg=9.596753), loss=0.545554 (avg=0.531549), pairs_step=6848, pairs_total=1232640
[2026-03-03 08:48:55,493] INFO:fitness.free_loss_fidelity: RL4CO free-loss step 200/200: score=8.831535 (avg=9.519938), loss=0.526041 (avg=0.531428), pairs_step=6848, pairs_total=1369600
[2026-03-03 08:48:56,616] WARNING:fitness.free_loss_fidelity: weights_only checkpoint load failed (UnpicklingError); retrying weights_only=False for /data1/gushengda/eam-rl4co/baseline/epoch_135.ckpt
[2026-03-03 08:48:56,659] INFO:fitness.free_loss_fidelity: Loaded init checkpoint into policy: path=/data1/gushengda/eam-rl4co/baseline/epoch_135.ckpt prefix=policy. matched=97 missing=0 unexpected=0
[2026-03-03 08:48:56,664] INFO:fitness.free_loss_fidelity: RL4CO free-loss (step-mode): f1_steps=200, f2_steps=0, total_steps=200, train_problem_size=100, rollouts=100, batch_size=64, device=cuda:1, env=tsp
[2026-03-03 08:48:57,023] INFO:fitness.free_loss_fidelity: RL4CO free-loss step 1/200: score=7.803347 (avg=7.803347), loss=0.631057 (avg=0.631057), pairs_step=6848, pairs_total=6848
[2026-03-03 08:49:03,561] INFO:fitness.free_loss_fidelity: RL4CO free-loss step 20/200: score=7.785722 (avg=7.818352), loss=0.639648 (avg=0.640115), pairs_step=6848, pairs_total=136960
[2026-03-03 08:49:10,391] INFO:fitness.free_loss_fidelity: RL4CO free-loss step 40/200: score=7.838332 (avg=7.816140), loss=0.645927 (avg=0.643917), pairs_step=6848, pairs_total=273920
[2026-03-03 08:49:17,225] INFO:fitness.free_loss_fidelity: RL4CO free-loss step 60/200: score=7.833034 (avg=7.815997), loss=0.641597 (avg=0.646408), pairs_step=6848, pairs_total=410880
[2026-03-03 08:49:24,084] INFO:fitness.free_loss_fidelity: RL4CO free-loss step 80/200: score=7.816459 (avg=7.814269), loss=0.652409 (avg=0.648481), pairs_step=6848, pairs_total=547840
[2026-03-03 08:49:30,930] INFO:fitness.free_loss_fidelity: RL4CO free-loss step 100/200: score=7.775915 (avg=7.815082), loss=0.656101 (avg=0.649744), pairs_step=6848, pairs_total=684800
[2026-03-03 08:49:37,762] INFO:fitness.free_loss_fidelity: RL4CO free-loss step 120/200: score=7.789692 (avg=7.816712), loss=0.649517 (avg=0.649936), pairs_step=6848, pairs_total=821760
[2026-03-03 08:49:44,599] INFO:fitness.free_loss_fidelity: RL4CO free-loss step 140/200: score=7.843895 (avg=7.817745), loss=0.657098 (avg=0.650973), pairs_step=6848, pairs_total=958720
[2026-03-03 08:49:51,436] INFO:fitness.free_loss_fidelity: RL4CO free-loss step 160/200: score=7.810952 (avg=7.817190), loss=0.659943 (avg=0.651463), pairs_step=6848, pairs_total=1095680
[2026-03-03 08:49:58,259] INFO:fitness.free_loss_fidelity: RL4CO free-loss step 180/200: score=7.801490 (avg=7.816208), loss=0.648733 (avg=0.652167), pairs_step=6848, pairs_total=1232640
[2026-03-03 08:50:05,094] INFO:fitness.free_loss_fidelity: RL4CO free-loss step 200/200: score=7.817648 (avg=7.814866), loss=0.652175 (avg=0.652519), pairs_step=6848, pairs_total=1369600
[2026-03-03 08:50:06,217] WARNING:fitness.free_loss_fidelity: weights_only checkpoint load failed (UnpicklingError); retrying weights_only=False for /data1/gushengda/eam-rl4co/baseline/epoch_409.ckpt
[2026-03-03 08:50:06,256] INFO:fitness.free_loss_fidelity: Loaded init checkpoint into policy: path=/data1/gushengda/eam-rl4co/baseline/epoch_409.ckpt prefix=policy. matched=97 missing=0 unexpected=0
[2026-03-03 08:50:06,261] INFO:fitness.free_loss_fidelity: RL4CO free-loss (step-mode): f1_steps=200, f2_steps=0, total_steps=200, train_problem_size=100, rollouts=100, batch_size=64, device=cuda:1, env=tsp
[2026-03-03 08:50:06,629] INFO:fitness.free_loss_fidelity: RL4CO free-loss step 1/200: score=7.807477 (avg=7.807477), loss=0.129894 (avg=0.129894), pairs_step=6848, pairs_total=6848
[2026-03-03 08:50:13,128] INFO:fitness.free_loss_fidelity: RL4CO free-loss step 20/200: score=7.791334 (avg=7.810971), loss=0.392114 (avg=0.245176), pairs_step=6848, pairs_total=136960
[2026-03-03 08:50:20,212] INFO:fitness.free_loss_fidelity: RL4CO free-loss step 40/200: score=7.815615 (avg=7.806601), loss=0.462187 (avg=0.341472), pairs_step=6848, pairs_total=273920
[2026-03-03 08:50:27,053] INFO:fitness.free_loss_fidelity: RL4CO free-loss step 60/200: score=7.820697 (avg=7.803057), loss=0.481032 (avg=0.387194), pairs_step=6848, pairs_total=410880
[2026-03-03 08:50:33,880] INFO:fitness.free_loss_fidelity: RL4CO free-loss step 80/200: score=7.799516 (avg=7.801722), loss=0.512618 (avg=0.414935), pairs_step=6848, pairs_total=547840
[2026-03-03 08:50:40,718] INFO:fitness.free_loss_fidelity: RL4CO free-loss step 100/200: score=7.763179 (avg=7.802813), loss=0.516762 (avg=0.435835), pairs_step=6848, pairs_total=684800
[2026-03-03 08:50:47,559] INFO:fitness.free_loss_fidelity: RL4CO free-loss step 120/200: score=7.775983 (avg=7.804665), loss=0.533002 (avg=0.450976), pairs_step=6848, pairs_total=821760
[2026-03-03 08:50:54,373] INFO:fitness.free_loss_fidelity: RL4CO free-loss step 140/200: score=7.836349 (avg=7.805765), loss=0.544751 (avg=0.464000), pairs_step=6848, pairs_total=958720
[2026-03-03 08:51:01,206] INFO:fitness.free_loss_fidelity: RL4CO free-loss step 160/200: score=7.797830 (avg=7.805092), loss=0.550074 (avg=0.474727), pairs_step=6848, pairs_total=1095680
[2026-03-03 08:51:08,049] INFO:fitness.free_loss_fidelity: RL4CO free-loss step 180/200: score=7.792500 (avg=7.804033), loss=0.562787 (avg=0.483787), pairs_step=6848, pairs_total=1232640
[2026-03-03 08:51:14,889] INFO:fitness.free_loss_fidelity: RL4CO free-loss step 200/200: score=7.822872 (avg=7.802905), loss=0.578975 (avg=0.491907), pairs_step=6848, pairs_total=1369600
