[2026-03-03 10:24:09,362] INFO:fitness.free_loss_fidelity: Stage3 offline mini-train start gen=19 pair_index=38 K=200 seed=12345 valid_sizes=[100] baseline_json=baseline/mini_eval/baseline_minitrain_tsp100_K200.json
[2026-03-03 10:24:09,381] INFO:fitness.free_loss_fidelity: RL4CO free-loss (step-mode): f1_steps=200, f2_steps=0, total_steps=200, train_problem_size=100, rollouts=100, batch_size=64, device=cuda:3, env=tsp
[2026-03-03 10:24:09,706] INFO:fitness.free_loss_fidelity: RL4CO free-loss step 1/200: score=36.122910 (avg=36.122910), loss=0.711385 (avg=0.711385), pairs_step=8192, pairs_total=8192
[2026-03-03 10:24:15,768] INFO:fitness.free_loss_fidelity: RL4CO free-loss step 20/200: score=10.102203 (avg=12.982087), loss=0.569223 (avg=0.570340), pairs_step=8192, pairs_total=163840
[2026-03-03 10:24:22,149] INFO:fitness.free_loss_fidelity: RL4CO free-loss step 40/200: score=9.525480 (avg=11.319262), loss=0.589373 (avg=0.569817), pairs_step=8192, pairs_total=327680
[2026-03-03 10:24:28,530] INFO:fitness.free_loss_fidelity: RL4CO free-loss step 60/200: score=9.400702 (avg=10.681891), loss=0.567893 (avg=0.570170), pairs_step=8192, pairs_total=491520
[2026-03-03 10:24:34,902] INFO:fitness.free_loss_fidelity: RL4CO free-loss step 80/200: score=9.252350 (avg=10.334916), loss=0.540431 (avg=0.567300), pairs_step=8192, pairs_total=655361
[2026-03-03 10:24:41,285] INFO:fitness.free_loss_fidelity: RL4CO free-loss step 100/200: score=9.109003 (avg=10.105444), loss=0.572715 (avg=0.565892), pairs_step=8192, pairs_total=819201
[2026-03-03 10:24:47,665] INFO:fitness.free_loss_fidelity: RL4CO free-loss step 120/200: score=9.089823 (avg=9.939138), loss=0.538007 (avg=0.563446), pairs_step=8192, pairs_total=983041
[2026-03-03 10:24:54,044] INFO:fitness.free_loss_fidelity: RL4CO free-loss step 140/200: score=9.051710 (avg=9.809574), loss=0.539106 (avg=0.561649), pairs_step=8192, pairs_total=1146881
[2026-03-03 10:25:00,419] INFO:fitness.free_loss_fidelity: RL4CO free-loss step 160/200: score=8.924697 (avg=9.701827), loss=0.533438 (avg=0.559914), pairs_step=8192, pairs_total=1310721
[2026-03-03 10:25:06,801] INFO:fitness.free_loss_fidelity: RL4CO free-loss step 180/200: score=8.774284 (avg=9.608756), loss=0.575340 (avg=0.560288), pairs_step=8192, pairs_total=1474561
[2026-03-03 10:25:13,179] INFO:fitness.free_loss_fidelity: RL4CO free-loss step 200/200: score=8.806984 (avg=9.527714), loss=0.582502 (avg=0.560862), pairs_step=8192, pairs_total=1638401
[2026-03-03 10:25:14,282] WARNING:fitness.free_loss_fidelity: weights_only checkpoint load failed (UnpicklingError); retrying weights_only=False for /data1/gushengda/eam-rl4co/baseline/epoch_135.ckpt
[2026-03-03 10:25:14,338] INFO:fitness.free_loss_fidelity: Loaded init checkpoint into policy: path=/data1/gushengda/eam-rl4co/baseline/epoch_135.ckpt prefix=policy. matched=97 missing=0 unexpected=0
[2026-03-03 10:25:14,345] INFO:fitness.free_loss_fidelity: RL4CO free-loss (step-mode): f1_steps=200, f2_steps=0, total_steps=200, train_problem_size=100, rollouts=100, batch_size=64, device=cuda:3, env=tsp
[2026-03-03 10:25:14,672] INFO:fitness.free_loss_fidelity: RL4CO free-loss step 1/200: score=7.803347 (avg=7.803347), loss=0.644339 (avg=0.644339), pairs_step=8193, pairs_total=8193
[2026-03-03 10:25:20,720] INFO:fitness.free_loss_fidelity: RL4CO free-loss step 20/200: score=7.789448 (avg=7.815270), loss=0.647674 (avg=0.650178), pairs_step=8192, pairs_total=163849
[2026-03-03 10:25:27,087] INFO:fitness.free_loss_fidelity: RL4CO free-loss step 40/200: score=7.833692 (avg=7.812915), loss=0.664214 (avg=0.655698), pairs_step=8192, pairs_total=327697
[2026-03-03 10:25:33,465] INFO:fitness.free_loss_fidelity: RL4CO free-loss step 60/200: score=7.827573 (avg=7.811560), loss=0.661982 (avg=0.657109), pairs_step=8193, pairs_total=491541
[2026-03-03 10:25:39,839] INFO:fitness.free_loss_fidelity: RL4CO free-loss step 80/200: score=7.811261 (avg=7.811506), loss=0.671890 (avg=0.659013), pairs_step=8192, pairs_total=655384
[2026-03-03 10:25:46,204] INFO:fitness.free_loss_fidelity: RL4CO free-loss step 100/200: score=7.770224 (avg=7.812152), loss=0.660674 (avg=0.659919), pairs_step=8192, pairs_total=819230
[2026-03-03 10:25:52,586] INFO:fitness.free_loss_fidelity: RL4CO free-loss step 120/200: score=7.803698 (avg=7.814407), loss=0.662354 (avg=0.660434), pairs_step=8192, pairs_total=983076
[2026-03-03 10:25:58,960] INFO:fitness.free_loss_fidelity: RL4CO free-loss step 140/200: score=7.850823 (avg=7.815892), loss=0.657461 (avg=0.661015), pairs_step=8193, pairs_total=1146920
[2026-03-03 10:26:05,334] INFO:fitness.free_loss_fidelity: RL4CO free-loss step 160/200: score=7.816650 (avg=7.815714), loss=0.661127 (avg=0.661101), pairs_step=8192, pairs_total=1310766
[2026-03-03 10:26:11,714] INFO:fitness.free_loss_fidelity: RL4CO free-loss step 180/200: score=7.805501 (avg=7.815007), loss=0.672632 (avg=0.661479), pairs_step=8192, pairs_total=1474609
[2026-03-03 10:26:18,084] INFO:fitness.free_loss_fidelity: RL4CO free-loss step 200/200: score=7.832903 (avg=7.814208), loss=0.666223 (avg=0.661748), pairs_step=8192, pairs_total=1638453
[2026-03-03 10:26:19,188] WARNING:fitness.free_loss_fidelity: weights_only checkpoint load failed (UnpicklingError); retrying weights_only=False for /data1/gushengda/eam-rl4co/baseline/epoch_409.ckpt
[2026-03-03 10:26:19,231] INFO:fitness.free_loss_fidelity: Loaded init checkpoint into policy: path=/data1/gushengda/eam-rl4co/baseline/epoch_409.ckpt prefix=policy. matched=97 missing=0 unexpected=0
[2026-03-03 10:26:19,236] INFO:fitness.free_loss_fidelity: RL4CO free-loss (step-mode): f1_steps=200, f2_steps=0, total_steps=200, train_problem_size=100, rollouts=100, batch_size=64, device=cuda:3, env=tsp
[2026-03-03 10:26:19,561] INFO:fitness.free_loss_fidelity: RL4CO free-loss step 1/200: score=7.807477 (avg=7.807477), loss=0.100582 (avg=0.100582), pairs_step=8192, pairs_total=8192
[2026-03-03 10:26:25,611] INFO:fitness.free_loss_fidelity: RL4CO free-loss step 20/200: score=7.783083 (avg=7.808435), loss=0.448562 (avg=0.326044), pairs_step=8192, pairs_total=163840
[2026-03-03 10:26:31,980] INFO:fitness.free_loss_fidelity: RL4CO free-loss step 40/200: score=7.823531 (avg=7.805213), loss=0.508256 (avg=0.405961), pairs_step=8192, pairs_total=327681
[2026-03-03 10:26:38,354] INFO:fitness.free_loss_fidelity: RL4CO free-loss step 60/200: score=7.819189 (avg=7.802537), loss=0.516620 (avg=0.442059), pairs_step=8192, pairs_total=491521
[2026-03-03 10:26:44,723] INFO:fitness.free_loss_fidelity: RL4CO free-loss step 80/200: score=7.795715 (avg=7.801616), loss=0.535620 (avg=0.463071), pairs_step=8192, pairs_total=655361
[2026-03-03 10:26:51,094] INFO:fitness.free_loss_fidelity: RL4CO free-loss step 100/200: score=7.767938 (avg=7.803077), loss=0.548253 (avg=0.479717), pairs_step=8192, pairs_total=819201
[2026-03-03 10:26:57,465] INFO:fitness.free_loss_fidelity: RL4CO free-loss step 120/200: score=7.776140 (avg=7.804670), loss=0.552109 (avg=0.491771), pairs_step=8192, pairs_total=983042
[2026-03-03 10:27:03,836] INFO:fitness.free_loss_fidelity: RL4CO free-loss step 140/200: score=7.827566 (avg=7.805460), loss=0.561037 (avg=0.501921), pairs_step=8192, pairs_total=1146882
[2026-03-03 10:27:10,201] INFO:fitness.free_loss_fidelity: RL4CO free-loss step 160/200: score=7.795852 (avg=7.804606), loss=0.572207 (avg=0.509855), pairs_step=8192, pairs_total=1310722
[2026-03-03 10:27:16,580] INFO:fitness.free_loss_fidelity: RL4CO free-loss step 180/200: score=7.788173 (avg=7.803636), loss=0.581714 (avg=0.517526), pairs_step=8192, pairs_total=1474563
[2026-03-03 10:27:22,944] INFO:fitness.free_loss_fidelity: RL4CO free-loss step 200/200: score=7.818972 (avg=7.802493), loss=0.590624 (avg=0.524628), pairs_step=8192, pairs_total=1638404
