[2026-03-03 01:51:34,300] INFO:fitness.free_loss_fidelity: Stage3 offline mini-train start gen=13 pair_index=16 K=200 seed=12345 valid_sizes=[100] baseline_json=baseline/mini_eval/baseline_minitrain_tsp100_K200.json
[2026-03-03 01:51:34,320] INFO:fitness.free_loss_fidelity: RL4CO free-loss (step-mode): f1_steps=200, f2_steps=0, total_steps=200, train_problem_size=100, rollouts=100, batch_size=64, device=cuda:0, env=tsp
[2026-03-03 01:51:34,648] INFO:fitness.free_loss_fidelity: RL4CO free-loss step 1/200: score=36.122910 (avg=36.122910), loss=0.688515 (avg=0.688515), pairs_step=512, pairs_total=512
[2026-03-03 01:51:40,863] INFO:fitness.free_loss_fidelity: RL4CO free-loss step 20/200: score=12.810223 (avg=15.035707), loss=0.663185 (avg=0.675448), pairs_step=512, pairs_total=10240
[2026-03-03 01:51:47,221] INFO:fitness.free_loss_fidelity: RL4CO free-loss step 40/200: score=11.598040 (avg=13.686645), loss=0.660950 (avg=0.675995), pairs_step=512, pairs_total=20480
[2026-03-03 01:51:53,574] INFO:fitness.free_loss_fidelity: RL4CO free-loss step 60/200: score=11.391749 (avg=13.133387), loss=0.663298 (avg=0.672079), pairs_step=512, pairs_total=30720
[2026-03-03 01:51:59,919] INFO:fitness.free_loss_fidelity: RL4CO free-loss step 80/200: score=11.034524 (avg=12.622077), loss=0.654847 (avg=0.672037), pairs_step=512, pairs_total=40960
[2026-03-03 01:52:06,264] INFO:fitness.free_loss_fidelity: RL4CO free-loss step 100/200: score=11.107872 (avg=12.322801), loss=0.657830 (avg=0.670879), pairs_step=512, pairs_total=51200
[2026-03-03 01:52:12,612] INFO:fitness.free_loss_fidelity: RL4CO free-loss step 120/200: score=10.232967 (avg=12.079365), loss=0.683955 (avg=0.669945), pairs_step=512, pairs_total=61440
[2026-03-03 01:52:18,966] INFO:fitness.free_loss_fidelity: RL4CO free-loss step 140/200: score=10.743399 (avg=11.869254), loss=0.682766 (avg=0.670068), pairs_step=512, pairs_total=71680
[2026-03-03 01:52:25,315] INFO:fitness.free_loss_fidelity: RL4CO free-loss step 160/200: score=10.194815 (avg=11.678144), loss=0.682154 (avg=0.669591), pairs_step=512, pairs_total=81920
[2026-03-03 01:52:31,709] INFO:fitness.free_loss_fidelity: RL4CO free-loss step 180/200: score=10.280639 (avg=11.507850), loss=0.676880 (avg=0.668711), pairs_step=512, pairs_total=92160
[2026-03-03 01:52:38,049] INFO:fitness.free_loss_fidelity: RL4CO free-loss step 200/200: score=10.124942 (avg=11.387328), loss=0.655478 (avg=0.666745), pairs_step=512, pairs_total=102400
[2026-03-03 01:52:39,156] WARNING:fitness.free_loss_fidelity: weights_only checkpoint load failed (UnpicklingError); retrying weights_only=False for /data1/gushengda/eam-rl4co/baseline/epoch_135.ckpt
[2026-03-03 01:52:39,197] INFO:fitness.free_loss_fidelity: Loaded init checkpoint into policy: path=/data1/gushengda/eam-rl4co/baseline/epoch_135.ckpt prefix=policy. matched=97 missing=0 unexpected=0
[2026-03-03 01:52:39,202] INFO:fitness.free_loss_fidelity: RL4CO free-loss (step-mode): f1_steps=200, f2_steps=0, total_steps=200, train_problem_size=100, rollouts=100, batch_size=64, device=cuda:0, env=tsp
[2026-03-03 01:52:39,545] INFO:fitness.free_loss_fidelity: RL4CO free-loss step 1/200: score=7.803347 (avg=7.803347), loss=0.665513 (avg=0.665513), pairs_step=512, pairs_total=512
[2026-03-03 01:52:45,584] INFO:fitness.free_loss_fidelity: RL4CO free-loss step 20/200: score=7.854012 (avg=7.851144), loss=0.679179 (avg=0.671466), pairs_step=512, pairs_total=10240
[2026-03-03 01:52:51,925] INFO:fitness.free_loss_fidelity: RL4CO free-loss step 40/200: score=7.959357 (avg=7.887508), loss=0.683722 (avg=0.676515), pairs_step=512, pairs_total=20480
[2026-03-03 01:52:58,277] INFO:fitness.free_loss_fidelity: RL4CO free-loss step 60/200: score=7.932733 (avg=7.898844), loss=0.680508 (avg=0.678951), pairs_step=512, pairs_total=30720
[2026-03-03 01:53:04,631] INFO:fitness.free_loss_fidelity: RL4CO free-loss step 80/200: score=7.931520 (avg=7.903776), loss=0.678634 (avg=0.680490), pairs_step=512, pairs_total=40960
[2026-03-03 01:53:10,971] INFO:fitness.free_loss_fidelity: RL4CO free-loss step 100/200: score=7.975179 (avg=7.919520), loss=0.679529 (avg=0.681887), pairs_step=512, pairs_total=51200
[2026-03-03 01:53:17,322] INFO:fitness.free_loss_fidelity: RL4CO free-loss step 120/200: score=7.969302 (avg=7.934205), loss=0.693453 (avg=0.683137), pairs_step=512, pairs_total=61440
[2026-03-03 01:53:23,670] INFO:fitness.free_loss_fidelity: RL4CO free-loss step 140/200: score=8.062840 (avg=7.949582), loss=0.694195 (avg=0.684890), pairs_step=512, pairs_total=71680
[2026-03-03 01:53:30,028] INFO:fitness.free_loss_fidelity: RL4CO free-loss step 160/200: score=8.053427 (avg=7.960303), loss=0.688103 (avg=0.685521), pairs_step=512, pairs_total=81920
[2026-03-03 01:53:36,371] INFO:fitness.free_loss_fidelity: RL4CO free-loss step 180/200: score=8.045624 (avg=7.969343), loss=0.684221 (avg=0.686351), pairs_step=512, pairs_total=92160
[2026-03-03 01:53:42,719] INFO:fitness.free_loss_fidelity: RL4CO free-loss step 200/200: score=8.032679 (avg=7.973698), loss=0.694794 (avg=0.686589), pairs_step=512, pairs_total=102400
[2026-03-03 01:53:43,830] WARNING:fitness.free_loss_fidelity: weights_only checkpoint load failed (UnpicklingError); retrying weights_only=False for /data1/gushengda/eam-rl4co/baseline/epoch_409.ckpt
[2026-03-03 01:53:43,872] INFO:fitness.free_loss_fidelity: Loaded init checkpoint into policy: path=/data1/gushengda/eam-rl4co/baseline/epoch_409.ckpt prefix=policy. matched=97 missing=0 unexpected=0
[2026-03-03 01:53:43,876] INFO:fitness.free_loss_fidelity: RL4CO free-loss (step-mode): f1_steps=200, f2_steps=0, total_steps=200, train_problem_size=100, rollouts=100, batch_size=64, device=cuda:0, env=tsp
[2026-03-03 01:53:44,210] INFO:fitness.free_loss_fidelity: RL4CO free-loss step 1/200: score=7.807477 (avg=7.807477), loss=0.578568 (avg=0.578568), pairs_step=512, pairs_total=512
[2026-03-03 01:53:50,233] INFO:fitness.free_loss_fidelity: RL4CO free-loss step 20/200: score=7.806525 (avg=7.823920), loss=0.677160 (avg=0.654861), pairs_step=512, pairs_total=10240
[2026-03-03 01:53:56,572] INFO:fitness.free_loss_fidelity: RL4CO free-loss step 40/200: score=7.852787 (avg=7.829126), loss=0.714281 (avg=0.671435), pairs_step=512, pairs_total=20480
[2026-03-03 01:54:02,915] INFO:fitness.free_loss_fidelity: RL4CO free-loss step 60/200: score=7.840438 (avg=7.827390), loss=0.702390 (avg=0.680833), pairs_step=512, pairs_total=30720
[2026-03-03 01:54:09,258] INFO:fitness.free_loss_fidelity: RL4CO free-loss step 80/200: score=7.837544 (avg=7.829931), loss=0.696180 (avg=0.683397), pairs_step=512, pairs_total=40960
[2026-03-03 01:54:15,598] INFO:fitness.free_loss_fidelity: RL4CO free-loss step 100/200: score=7.806907 (avg=7.834204), loss=0.703820 (avg=0.684840), pairs_step=512, pairs_total=51200
[2026-03-03 01:54:21,940] INFO:fitness.free_loss_fidelity: RL4CO free-loss step 120/200: score=7.843399 (avg=7.839126), loss=0.677221 (avg=0.685693), pairs_step=512, pairs_total=61440
[2026-03-03 01:54:28,287] INFO:fitness.free_loss_fidelity: RL4CO free-loss step 140/200: score=7.874020 (avg=7.842701), loss=0.698937 (avg=0.686734), pairs_step=512, pairs_total=71680
[2026-03-03 01:54:34,636] INFO:fitness.free_loss_fidelity: RL4CO free-loss step 160/200: score=7.842317 (avg=7.842496), loss=0.680546 (avg=0.687092), pairs_step=512, pairs_total=81920
[2026-03-03 01:54:40,996] INFO:fitness.free_loss_fidelity: RL4CO free-loss step 180/200: score=7.840887 (avg=7.842613), loss=0.683109 (avg=0.687289), pairs_step=512, pairs_total=92160
[2026-03-03 01:54:47,336] INFO:fitness.free_loss_fidelity: RL4CO free-loss step 200/200: score=7.866241 (avg=7.842644), loss=0.691688 (avg=0.687942), pairs_step=512, pairs_total=102400
