[2026-03-02 15:59:33,627] INFO:fitness.free_loss_fidelity: Stage3 offline mini-train start gen=3 pair_index=3 K=200 seed=12345 valid_sizes=[100] baseline_json=baseline/mini_eval/baseline_minitrain_tsp100_K200.json
[2026-03-02 15:59:39,604] INFO:fitness.free_loss_fidelity: RL4CO free-loss (step-mode): f1_steps=200, f2_steps=0, total_steps=200, train_problem_size=100, rollouts=100, batch_size=64, device=cuda:2, env=tsp
[2026-03-02 15:59:40,476] INFO:fitness.free_loss_fidelity: RL4CO free-loss step 1/200: score=36.122910 (avg=36.122910), loss=0.427697 (avg=0.427697), pairs_step=316800, pairs_total=316800
[2026-03-02 15:59:47,742] INFO:fitness.free_loss_fidelity: RL4CO free-loss step 20/200: score=9.789654 (avg=12.360090), loss=0.587035 (avg=0.556399), pairs_step=316800, pairs_total=6335996
[2026-03-02 15:59:55,738] INFO:fitness.free_loss_fidelity: RL4CO free-loss step 40/200: score=9.369980 (avg=10.912467), loss=0.581971 (avg=0.570532), pairs_step=316800, pairs_total=12671984
[2026-03-02 16:00:03,744] INFO:fitness.free_loss_fidelity: RL4CO free-loss step 60/200: score=9.184953 (avg=10.357930), loss=0.590160 (avg=0.576321), pairs_step=316800, pairs_total=19007978
[2026-03-02 16:00:11,758] INFO:fitness.free_loss_fidelity: RL4CO free-loss step 80/200: score=9.010213 (avg=10.041369), loss=0.582719 (avg=0.578750), pairs_step=316800, pairs_total=25343974
[2026-03-02 16:00:19,771] INFO:fitness.free_loss_fidelity: RL4CO free-loss step 100/200: score=8.780764 (avg=9.814694), loss=0.585095 (avg=0.579677), pairs_step=316799, pairs_total=31679967
[2026-03-02 16:00:27,745] INFO:fitness.free_loss_fidelity: RL4CO free-loss step 120/200: score=8.643553 (avg=9.637470), loss=0.578275 (avg=0.580153), pairs_step=316800, pairs_total=38015963
[2026-03-02 16:00:35,757] INFO:fitness.free_loss_fidelity: RL4CO free-loss step 140/200: score=8.602248 (avg=9.494085), loss=0.589930 (avg=0.581165), pairs_step=316800, pairs_total=44351955
[2026-03-02 16:00:43,725] INFO:fitness.free_loss_fidelity: RL4CO free-loss step 160/200: score=8.520668 (avg=9.375272), loss=0.590607 (avg=0.582032), pairs_step=316800, pairs_total=50687946
[2026-03-02 16:00:51,768] INFO:fitness.free_loss_fidelity: RL4CO free-loss step 180/200: score=8.472319 (avg=9.275844), loss=0.591626 (avg=0.583013), pairs_step=316800, pairs_total=57023940
[2026-03-02 16:00:59,396] INFO:fitness.free_loss_fidelity: RL4CO free-loss step 200/200: score=8.460609 (avg=9.194110), loss=0.597121 (avg=0.584082), pairs_step=316800, pairs_total=63359935
[2026-03-02 16:01:00,516] WARNING:fitness.free_loss_fidelity: weights_only checkpoint load failed (UnpicklingError); retrying weights_only=False for /data1/gushengda/eam-rl4co/baseline/epoch_135.ckpt
[2026-03-02 16:01:00,560] INFO:fitness.free_loss_fidelity: Loaded init checkpoint into policy: path=/data1/gushengda/eam-rl4co/baseline/epoch_135.ckpt prefix=policy. matched=97 missing=0 unexpected=0
[2026-03-02 16:01:00,566] INFO:fitness.free_loss_fidelity: RL4CO free-loss (step-mode): f1_steps=200, f2_steps=0, total_steps=200, train_problem_size=100, rollouts=100, batch_size=64, device=cuda:2, env=tsp
[2026-03-02 16:01:00,927] INFO:fitness.free_loss_fidelity: RL4CO free-loss step 1/200: score=7.803347 (avg=7.803347), loss=0.668298 (avg=0.668298), pairs_step=315697, pairs_total=315697
[2026-03-02 16:01:07,394] INFO:fitness.free_loss_fidelity: RL4CO free-loss step 20/200: score=7.782106 (avg=7.809362), loss=0.667215 (avg=0.667416), pairs_step=315695, pairs_total=6317266
[2026-03-02 16:01:14,157] INFO:fitness.free_loss_fidelity: RL4CO free-loss step 40/200: score=7.819203 (avg=7.803256), loss=0.668325 (avg=0.667807), pairs_step=315871, pairs_total=12629927
[2026-03-02 16:01:20,900] INFO:fitness.free_loss_fidelity: RL4CO free-loss step 60/200: score=7.813311 (avg=7.799267), loss=0.672888 (avg=0.668373), pairs_step=315179, pairs_total=18941754
[2026-03-02 16:01:27,719] INFO:fitness.free_loss_fidelity: RL4CO free-loss step 80/200: score=7.799637 (avg=7.798107), loss=0.668626 (avg=0.668615), pairs_step=315423, pairs_total=25255024
[2026-03-02 16:01:34,517] INFO:fitness.free_loss_fidelity: RL4CO free-loss step 100/200: score=7.757199 (avg=7.798841), loss=0.670553 (avg=0.668730), pairs_step=315724, pairs_total=31568311
[2026-03-02 16:01:41,289] INFO:fitness.free_loss_fidelity: RL4CO free-loss step 120/200: score=7.771719 (avg=7.800312), loss=0.667096 (avg=0.668697), pairs_step=315702, pairs_total=37880091
[2026-03-02 16:01:48,022] INFO:fitness.free_loss_fidelity: RL4CO free-loss step 140/200: score=7.826450 (avg=7.801450), loss=0.669791 (avg=0.668732), pairs_step=314881, pairs_total=44188788
[2026-03-02 16:01:54,814] INFO:fitness.free_loss_fidelity: RL4CO free-loss step 160/200: score=7.791986 (avg=7.800899), loss=0.668955 (avg=0.668697), pairs_step=315015, pairs_total=50497373
[2026-03-02 16:02:01,540] INFO:fitness.free_loss_fidelity: RL4CO free-loss step 180/200: score=7.785191 (avg=7.799896), loss=0.668565 (avg=0.668754), pairs_step=315224, pairs_total=56805773
[2026-03-02 16:02:08,273] INFO:fitness.free_loss_fidelity: RL4CO free-loss step 200/200: score=7.812500 (avg=7.798787), loss=0.668234 (avg=0.668816), pairs_step=315539, pairs_total=63113855
[2026-03-02 16:02:09,391] WARNING:fitness.free_loss_fidelity: weights_only checkpoint load failed (UnpicklingError); retrying weights_only=False for /data1/gushengda/eam-rl4co/baseline/epoch_409.ckpt
[2026-03-02 16:02:09,431] INFO:fitness.free_loss_fidelity: Loaded init checkpoint into policy: path=/data1/gushengda/eam-rl4co/baseline/epoch_409.ckpt prefix=policy. matched=97 missing=0 unexpected=0
[2026-03-02 16:02:09,436] INFO:fitness.free_loss_fidelity: RL4CO free-loss (step-mode): f1_steps=200, f2_steps=0, total_steps=200, train_problem_size=100, rollouts=100, batch_size=64, device=cuda:2, env=tsp
[2026-03-02 16:02:09,788] INFO:fitness.free_loss_fidelity: RL4CO free-loss step 1/200: score=7.807477 (avg=7.807477), loss=0.369924 (avg=0.369924), pairs_step=315750, pairs_total=315750
[2026-03-02 16:02:16,228] INFO:fitness.free_loss_fidelity: RL4CO free-loss step 20/200: score=7.782492 (avg=7.810298), loss=0.285042 (avg=0.339283), pairs_step=316049, pairs_total=6316300
[2026-03-02 16:02:22,963] INFO:fitness.free_loss_fidelity: RL4CO free-loss step 40/200: score=7.817936 (avg=7.803921), loss=0.510470 (avg=0.346192), pairs_step=316193, pairs_total=12636108
[2026-03-02 16:02:29,683] INFO:fitness.free_loss_fidelity: RL4CO free-loss step 60/200: score=7.815741 (avg=7.801702), loss=0.621178 (avg=0.425579), pairs_step=315676, pairs_total=18953908
[2026-03-02 16:02:36,708] INFO:fitness.free_loss_fidelity: RL4CO free-loss step 80/200: score=7.799967 (avg=7.800410), loss=0.640277 (avg=0.477310), pairs_step=315843, pairs_total=25270383
[2026-03-02 16:02:43,457] INFO:fitness.free_loss_fidelity: RL4CO free-loss step 100/200: score=7.759856 (avg=7.801051), loss=0.649786 (avg=0.510851), pairs_step=315773, pairs_total=31585478
[2026-03-02 16:02:50,218] INFO:fitness.free_loss_fidelity: RL4CO free-loss step 120/200: score=7.775410 (avg=7.802492), loss=0.654840 (avg=0.534323), pairs_step=315619, pairs_total=37898463
[2026-03-02 16:02:56,967] INFO:fitness.free_loss_fidelity: RL4CO free-loss step 140/200: score=7.826273 (avg=7.803023), loss=0.654992 (avg=0.551455), pairs_step=314735, pairs_total=44207034
[2026-03-02 16:03:03,686] INFO:fitness.free_loss_fidelity: RL4CO free-loss step 160/200: score=7.792916 (avg=7.802271), loss=0.658086 (avg=0.564637), pairs_step=315466, pairs_total=50517037
[2026-03-02 16:03:10,410] INFO:fitness.free_loss_fidelity: RL4CO free-loss step 180/200: score=7.783039 (avg=7.801056), loss=0.660822 (avg=0.575136), pairs_step=314835, pairs_total=56823396
[2026-03-02 16:03:17,151] INFO:fitness.free_loss_fidelity: RL4CO free-loss step 200/200: score=7.813841 (avg=7.799662), loss=0.659839 (avg=0.583716), pairs_step=315225, pairs_total=63128268
