[2026-03-02 20:13:14,756] INFO:fitness.free_loss_fidelity: Stage3 offline mini-train start gen=8 pair_index=2 K=1000 seed=12345 valid_sizes=[100] baseline_json=baseline/mini_eval/baseline_minitrain_tsp100_K1000.json
[2026-03-02 20:13:20,298] INFO:fitness.free_loss_fidelity: RL4CO free-loss (step-mode): f1_steps=1000, f2_steps=0, total_steps=1000, train_problem_size=100, rollouts=100, batch_size=64, device=cuda:1, env=tsp
[2026-03-02 20:13:21,170] INFO:fitness.free_loss_fidelity: RL4CO free-loss step 1/1000: score=36.122910 (avg=36.122910), loss=0.558586 (avg=0.558586), pairs_step=316800, pairs_total=316800
[2026-03-02 20:13:55,201] INFO:fitness.free_loss_fidelity: RL4CO free-loss step 100/1000: score=8.819771 (avg=9.866612), loss=0.430152 (avg=0.437148), pairs_step=316800, pairs_total=31679981
[2026-03-02 20:14:29,218] INFO:fitness.free_loss_fidelity: RL4CO free-loss step 200/1000: score=8.537348 (avg=9.270486), loss=0.448958 (avg=0.437660), pairs_step=316800, pairs_total=63359955
[2026-03-02 20:15:02,387] INFO:fitness.free_loss_fidelity: RL4CO free-loss step 300/1000: score=8.382261 (avg=8.991873), loss=0.449852 (avg=0.440841), pairs_step=316800, pairs_total=95039925
[2026-03-02 20:15:35,857] INFO:fitness.free_loss_fidelity: RL4CO free-loss step 400/1000: score=8.312113 (avg=8.825025), loss=0.453399 (avg=0.443881), pairs_step=316799, pairs_total=126719889
[2026-03-02 20:16:09,135] INFO:fitness.free_loss_fidelity: RL4CO free-loss step 500/1000: score=8.234108 (avg=8.712255), loss=0.455855 (avg=0.446338), pairs_step=316800, pairs_total=158399861
[2026-03-02 20:16:42,447] INFO:fitness.free_loss_fidelity: RL4CO free-loss step 600/1000: score=8.159885 (avg=8.631416), loss=0.457544 (avg=0.448252), pairs_step=316799, pairs_total=190079829
[2026-03-02 20:17:15,783] INFO:fitness.free_loss_fidelity: RL4CO free-loss step 700/1000: score=8.208159 (avg=8.570843), loss=0.457161 (avg=0.449772), pairs_step=316800, pairs_total=221759789
[2026-03-02 20:17:49,114] INFO:fitness.free_loss_fidelity: RL4CO free-loss step 800/1000: score=8.180838 (avg=8.523442), loss=0.460382 (avg=0.451090), pairs_step=316800, pairs_total=253439749
[2026-03-02 20:18:22,445] INFO:fitness.free_loss_fidelity: RL4CO free-loss step 900/1000: score=8.210129 (avg=8.484359), loss=0.463811 (avg=0.452337), pairs_step=316800, pairs_total=285119702
[2026-03-02 20:18:55,782] INFO:fitness.free_loss_fidelity: RL4CO free-loss step 1000/1000: score=8.178413 (avg=8.451107), loss=0.464733 (avg=0.453438), pairs_step=316800, pairs_total=316799661
[2026-03-02 20:18:56,916] WARNING:fitness.free_loss_fidelity: weights_only checkpoint load failed (UnpicklingError); retrying weights_only=False for /data1/gushengda/eam-rl4co/baseline/epoch_135.ckpt
[2026-03-02 20:18:56,959] INFO:fitness.free_loss_fidelity: Loaded init checkpoint into policy: path=/data1/gushengda/eam-rl4co/baseline/epoch_135.ckpt prefix=policy. matched=97 missing=0 unexpected=0
[2026-03-02 20:18:56,964] INFO:fitness.free_loss_fidelity: RL4CO free-loss (step-mode): f1_steps=1000, f2_steps=0, total_steps=1000, train_problem_size=100, rollouts=100, batch_size=64, device=cuda:1, env=tsp
[2026-03-02 20:18:57,306] INFO:fitness.free_loss_fidelity: RL4CO free-loss step 1/1000: score=7.803347 (avg=7.803347), loss=0.499333 (avg=0.499333), pairs_step=315697, pairs_total=315697
[2026-03-02 20:19:30,357] INFO:fitness.free_loss_fidelity: RL4CO free-loss step 100/1000: score=7.757870 (avg=7.799629), loss=0.500559 (avg=0.500172), pairs_step=315832, pairs_total=31576603
[2026-03-02 20:20:03,744] INFO:fitness.free_loss_fidelity: RL4CO free-loss step 200/1000: score=7.808255 (avg=7.798980), loss=0.500160 (avg=0.500716), pairs_step=315425, pairs_total=63135679
[2026-03-02 20:20:37,319] INFO:fitness.free_loss_fidelity: RL4CO free-loss step 300/1000: score=7.813787 (avg=7.799668), loss=0.502860 (avg=0.501023), pairs_step=315492, pairs_total=94692874
[2026-03-02 20:21:10,708] INFO:fitness.free_loss_fidelity: RL4CO free-loss step 400/1000: score=7.822733 (avg=7.799431), loss=0.501982 (avg=0.501136), pairs_step=315179, pairs_total=126245889
[2026-03-02 20:21:44,183] INFO:fitness.free_loss_fidelity: RL4CO free-loss step 500/1000: score=7.778523 (avg=7.798676), loss=0.500769 (avg=0.501267), pairs_step=315624, pairs_total=157795116
[2026-03-02 20:22:17,594] INFO:fitness.free_loss_fidelity: RL4CO free-loss step 600/1000: score=7.757056 (avg=7.798044), loss=0.503380 (avg=0.501325), pairs_step=315302, pairs_total=189332697
[2026-03-02 20:22:50,904] INFO:fitness.free_loss_fidelity: RL4CO free-loss step 700/1000: score=7.808006 (avg=7.797890), loss=0.504191 (avg=0.501380), pairs_step=315113, pairs_total=220865091
[2026-03-02 20:23:24,227] INFO:fitness.free_loss_fidelity: RL4CO free-loss step 800/1000: score=7.796507 (avg=7.797937), loss=0.500291 (avg=0.501418), pairs_step=315221, pairs_total=252394873
[2026-03-02 20:23:57,806] INFO:fitness.free_loss_fidelity: RL4CO free-loss step 900/1000: score=7.826370 (avg=7.797637), loss=0.502556 (avg=0.501439), pairs_step=315310, pairs_total=283914585
[2026-03-02 20:24:30,918] INFO:fitness.free_loss_fidelity: RL4CO free-loss step 1000/1000: score=7.823791 (avg=7.797158), loss=0.502393 (avg=0.501445), pairs_step=315322, pairs_total=315427566
[2026-03-02 20:24:32,058] WARNING:fitness.free_loss_fidelity: weights_only checkpoint load failed (UnpicklingError); retrying weights_only=False for /data1/gushengda/eam-rl4co/baseline/epoch_409.ckpt
[2026-03-02 20:24:32,097] INFO:fitness.free_loss_fidelity: Loaded init checkpoint into policy: path=/data1/gushengda/eam-rl4co/baseline/epoch_409.ckpt prefix=policy. matched=97 missing=0 unexpected=0
[2026-03-02 20:24:32,103] INFO:fitness.free_loss_fidelity: RL4CO free-loss (step-mode): f1_steps=1000, f2_steps=0, total_steps=1000, train_problem_size=100, rollouts=100, batch_size=64, device=cuda:1, env=tsp
[2026-03-02 20:24:32,483] INFO:fitness.free_loss_fidelity: RL4CO free-loss step 1/1000: score=7.807477 (avg=7.807477), loss=0.142200 (avg=0.142200), pairs_step=315750, pairs_total=315750
[2026-03-02 20:25:06,360] INFO:fitness.free_loss_fidelity: RL4CO free-loss step 100/1000: score=7.751308 (avg=7.797469), loss=0.150042 (avg=0.140476), pairs_step=315600, pairs_total=31588957
[2026-03-02 20:25:39,865] INFO:fitness.free_loss_fidelity: RL4CO free-loss step 200/1000: score=7.811927 (avg=7.796135), loss=0.127864 (avg=0.140229), pairs_step=315127, pairs_total=63166300
[2026-03-02 20:26:13,368] INFO:fitness.free_loss_fidelity: RL4CO free-loss step 300/1000: score=7.804568 (avg=7.796562), loss=0.136679 (avg=0.140018), pairs_step=315484, pairs_total=94734476
[2026-03-02 20:26:46,897] INFO:fitness.free_loss_fidelity: RL4CO free-loss step 400/1000: score=7.813173 (avg=7.796176), loss=0.154611 (avg=0.141345), pairs_step=315356, pairs_total=126289154
[2026-03-02 20:27:20,384] INFO:fitness.free_loss_fidelity: RL4CO free-loss step 500/1000: score=7.772713 (avg=7.795034), loss=0.154291 (avg=0.142991), pairs_step=315764, pairs_total=157834707
[2026-03-02 20:27:53,926] INFO:fitness.free_loss_fidelity: RL4CO free-loss step 600/1000: score=7.752920 (avg=7.794257), loss=0.139142 (avg=0.142944), pairs_step=315406, pairs_total=189368132
[2026-03-02 20:28:27,532] INFO:fitness.free_loss_fidelity: RL4CO free-loss step 700/1000: score=7.800562 (avg=7.793894), loss=0.131342 (avg=0.142334), pairs_step=315287, pairs_total=220897680
[2026-03-02 20:29:01,420] INFO:fitness.free_loss_fidelity: RL4CO free-loss step 800/1000: score=7.792232 (avg=7.793684), loss=0.137378 (avg=0.141793), pairs_step=315395, pairs_total=252422748
[2026-03-02 20:29:34,954] INFO:fitness.free_loss_fidelity: RL4CO free-loss step 900/1000: score=7.824838 (avg=7.793285), loss=0.139438 (avg=0.141594), pairs_step=315422, pairs_total=283932082
[2026-03-02 20:30:08,401] INFO:fitness.free_loss_fidelity: RL4CO free-loss step 1000/1000: score=7.818002 (avg=7.792705), loss=0.148069 (avg=0.141352), pairs_step=314804, pairs_total=315429871
