[2026-03-03 00:29:29,521] INFO:fitness.free_loss_fidelity: Stage3 offline mini-train start gen=12 pair_index=6 K=200 seed=12345 valid_sizes=[100] baseline_json=baseline/mini_eval/baseline_minitrain_tsp100_K200.json
[2026-03-03 00:29:29,543] INFO:fitness.free_loss_fidelity: RL4CO free-loss (step-mode): f1_steps=200, f2_steps=0, total_steps=200, train_problem_size=100, rollouts=100, batch_size=64, device=cuda:3, env=tsp
[2026-03-03 00:29:29,869] INFO:fitness.free_loss_fidelity: RL4CO free-loss step 1/200: score=36.122910 (avg=36.122910), loss=0.725132 (avg=0.725132), pairs_step=12608, pairs_total=12608
[2026-03-03 00:29:36,046] INFO:fitness.free_loss_fidelity: RL4CO free-loss step 20/200: score=21.551571 (avg=18.940336), loss=0.701273 (avg=0.705864), pairs_step=12607, pairs_total=252155
[2026-03-03 00:29:42,544] INFO:fitness.free_loss_fidelity: RL4CO free-loss step 40/200: score=26.431103 (avg=21.761124), loss=0.697157 (avg=0.702047), pairs_step=12608, pairs_total=504314
[2026-03-03 00:29:49,032] INFO:fitness.free_loss_fidelity: RL4CO free-loss step 60/200: score=27.936077 (avg=23.606939), loss=0.695769 (avg=0.700074), pairs_step=12608, pairs_total=756471
[2026-03-03 00:29:55,525] INFO:fitness.free_loss_fidelity: RL4CO free-loss step 80/200: score=28.880341 (avg=24.808179), loss=0.695548 (avg=0.698960), pairs_step=12608, pairs_total=1008630
[2026-03-03 00:30:02,025] INFO:fitness.free_loss_fidelity: RL4CO free-loss step 100/200: score=29.418203 (avg=25.666657), loss=0.695490 (avg=0.698273), pairs_step=12608, pairs_total=1260786
[2026-03-03 00:30:08,548] INFO:fitness.free_loss_fidelity: RL4CO free-loss step 120/200: score=29.536263 (avg=26.300702), loss=0.695279 (avg=0.697800), pairs_step=12607, pairs_total=1512941
[2026-03-03 00:30:15,068] INFO:fitness.free_loss_fidelity: RL4CO free-loss step 140/200: score=29.933447 (avg=26.808463), loss=0.695541 (avg=0.697462), pairs_step=12607, pairs_total=1765098
[2026-03-03 00:30:21,546] INFO:fitness.free_loss_fidelity: RL4CO free-loss step 160/200: score=31.058300 (avg=27.253656), loss=0.695585 (avg=0.697205), pairs_step=12608, pairs_total=2017253
[2026-03-03 00:30:28,047] INFO:fitness.free_loss_fidelity: RL4CO free-loss step 180/200: score=32.282890 (avg=27.749122), loss=0.695652 (avg=0.697018), pairs_step=12608, pairs_total=2269407
[2026-03-03 00:30:34,536] INFO:fitness.free_loss_fidelity: RL4CO free-loss step 200/200: score=35.264809 (avg=28.334958), loss=0.696045 (avg=0.696889), pairs_step=12607, pairs_total=2521565
[2026-03-03 00:30:35,640] WARNING:fitness.free_loss_fidelity: weights_only checkpoint load failed (UnpicklingError); retrying weights_only=False for /data1/gushengda/eam-rl4co/baseline/epoch_135.ckpt
[2026-03-03 00:30:35,680] INFO:fitness.free_loss_fidelity: Loaded init checkpoint into policy: path=/data1/gushengda/eam-rl4co/baseline/epoch_135.ckpt prefix=policy. matched=97 missing=0 unexpected=0
[2026-03-03 00:30:35,686] INFO:fitness.free_loss_fidelity: RL4CO free-loss (step-mode): f1_steps=200, f2_steps=0, total_steps=200, train_problem_size=100, rollouts=100, batch_size=64, device=cuda:3, env=tsp
[2026-03-03 00:30:36,018] INFO:fitness.free_loss_fidelity: RL4CO free-loss step 1/200: score=7.803347 (avg=7.803347), loss=0.693591 (avg=0.693591), pairs_step=11868, pairs_total=11868
[2026-03-03 00:30:42,195] INFO:fitness.free_loss_fidelity: RL4CO free-loss step 20/200: score=7.866389 (avg=7.834863), loss=0.691895 (avg=0.692327), pairs_step=12608, pairs_total=246231
[2026-03-03 00:30:48,720] INFO:fitness.free_loss_fidelity: RL4CO free-loss step 40/200: score=9.547390 (avg=8.147084), loss=0.679751 (avg=0.689219), pairs_step=12608, pairs_total=498390
[2026-03-03 00:30:55,217] INFO:fitness.free_loss_fidelity: RL4CO free-loss step 60/200: score=11.247505 (avg=9.349229), loss=0.678766 (avg=0.686093), pairs_step=12608, pairs_total=750549
[2026-03-03 00:31:01,731] INFO:fitness.free_loss_fidelity: RL4CO free-loss step 80/200: score=11.018806 (avg=9.817417), loss=0.671555 (avg=0.683419), pairs_step=12608, pairs_total=1002709
[2026-03-03 00:31:08,223] INFO:fitness.free_loss_fidelity: RL4CO free-loss step 100/200: score=11.317736 (avg=10.138481), loss=0.660887 (avg=0.679847), pairs_step=12608, pairs_total=1254868
[2026-03-03 00:31:14,798] INFO:fitness.free_loss_fidelity: RL4CO free-loss step 120/200: score=14.084718 (avg=10.480075), loss=0.670889 (avg=0.677000), pairs_step=12608, pairs_total=1507028
[2026-03-03 00:31:21,283] INFO:fitness.free_loss_fidelity: RL4CO free-loss step 140/200: score=11.758307 (avg=10.902113), loss=0.663444 (avg=0.675755), pairs_step=12608, pairs_total=1759188
[2026-03-03 00:31:27,949] INFO:fitness.free_loss_fidelity: RL4CO free-loss step 160/200: score=10.425680 (avg=10.912048), loss=0.662140 (avg=0.674009), pairs_step=12608, pairs_total=2011346
[2026-03-03 00:31:34,434] INFO:fitness.free_loss_fidelity: RL4CO free-loss step 180/200: score=10.086749 (avg=10.845737), loss=0.662344 (avg=0.672622), pairs_step=12608, pairs_total=2263505
[2026-03-03 00:31:40,916] INFO:fitness.free_loss_fidelity: RL4CO free-loss step 200/200: score=10.403368 (avg=10.776819), loss=0.664764 (avg=0.671807), pairs_step=12608, pairs_total=2515665
[2026-03-03 00:31:42,019] WARNING:fitness.free_loss_fidelity: weights_only checkpoint load failed (UnpicklingError); retrying weights_only=False for /data1/gushengda/eam-rl4co/baseline/epoch_409.ckpt
[2026-03-03 00:31:42,058] INFO:fitness.free_loss_fidelity: Loaded init checkpoint into policy: path=/data1/gushengda/eam-rl4co/baseline/epoch_409.ckpt prefix=policy. matched=97 missing=0 unexpected=0
[2026-03-03 00:31:42,063] INFO:fitness.free_loss_fidelity: RL4CO free-loss (step-mode): f1_steps=200, f2_steps=0, total_steps=200, train_problem_size=100, rollouts=100, batch_size=64, device=cuda:3, env=tsp
[2026-03-03 00:31:42,404] INFO:fitness.free_loss_fidelity: RL4CO free-loss step 1/200: score=7.807477 (avg=7.807477), loss=0.655380 (avg=0.655380), pairs_step=12006, pairs_total=12006
[2026-03-03 00:31:48,565] INFO:fitness.free_loss_fidelity: RL4CO free-loss step 20/200: score=7.788586 (avg=7.810738), loss=0.666698 (avg=0.662228), pairs_step=12254, pairs_total=243378
[2026-03-03 00:31:55,076] INFO:fitness.free_loss_fidelity: RL4CO free-loss step 40/200: score=7.826219 (avg=7.806954), loss=0.667659 (avg=0.664913), pairs_step=12443, pairs_total=490539
[2026-03-03 00:32:01,567] INFO:fitness.free_loss_fidelity: RL4CO free-loss step 60/200: score=7.833167 (avg=7.805469), loss=0.668859 (avg=0.666523), pairs_step=12580, pairs_total=741234
[2026-03-03 00:32:08,054] INFO:fitness.free_loss_fidelity: RL4CO free-loss step 80/200: score=7.828607 (avg=7.808361), loss=0.670341 (avg=0.667475), pairs_step=12607, pairs_total=993295
[2026-03-03 00:32:14,537] INFO:fitness.free_loss_fidelity: RL4CO free-loss step 100/200: score=7.795174 (avg=7.814354), loss=0.671474 (avg=0.668376), pairs_step=12608, pairs_total=1245438
[2026-03-03 00:32:21,029] INFO:fitness.free_loss_fidelity: RL4CO free-loss step 120/200: score=7.833325 (avg=7.822407), loss=0.674059 (avg=0.669082), pairs_step=12608, pairs_total=1497597
[2026-03-03 00:32:27,512] INFO:fitness.free_loss_fidelity: RL4CO free-loss step 140/200: score=7.904610 (avg=7.830667), loss=0.671498 (avg=0.669643), pairs_step=12608, pairs_total=1749751
[2026-03-03 00:32:33,995] INFO:fitness.free_loss_fidelity: RL4CO free-loss step 160/200: score=7.881113 (avg=7.836255), loss=0.672849 (avg=0.670004), pairs_step=12608, pairs_total=2001909
[2026-03-03 00:32:40,489] INFO:fitness.free_loss_fidelity: RL4CO free-loss step 180/200: score=7.885103 (avg=7.841431), loss=0.674805 (avg=0.670448), pairs_step=12608, pairs_total=2254066
[2026-03-03 00:32:46,973] INFO:fitness.free_loss_fidelity: RL4CO free-loss step 200/200: score=7.930678 (avg=7.847079), loss=0.674559 (avg=0.670886), pairs_step=12607, pairs_total=2506222
