[2026-03-02 16:06:10,350] INFO:fitness.free_loss_fidelity: Stage3 offline mini-train start gen=3 pair_index=13 K=200 seed=12345 valid_sizes=[100] baseline_json=baseline/mini_eval/baseline_minitrain_tsp100_K200.json
[2026-03-02 16:06:10,372] INFO:fitness.free_loss_fidelity: RL4CO free-loss (step-mode): f1_steps=200, f2_steps=0, total_steps=200, train_problem_size=100, rollouts=100, batch_size=64, device=cuda:1, env=tsp
[2026-03-02 16:06:10,713] INFO:fitness.free_loss_fidelity: RL4CO free-loss step 1/200: score=36.122910 (avg=36.122910), loss=0.850427 (avg=0.850427), pairs_step=316800, pairs_total=316800
[2026-03-02 16:06:16,953] INFO:fitness.free_loss_fidelity: RL4CO free-loss step 20/200: score=9.791372 (avg=12.556562), loss=0.673985 (avg=0.688775), pairs_step=316800, pairs_total=6335999
[2026-03-02 16:06:23,498] INFO:fitness.free_loss_fidelity: RL4CO free-loss step 40/200: score=9.302700 (avg=10.998961), loss=0.704133 (avg=0.691074), pairs_step=316800, pairs_total=12671990
[2026-03-02 16:06:30,260] INFO:fitness.free_loss_fidelity: RL4CO free-loss step 60/200: score=9.128126 (avg=10.398924), loss=0.682898 (avg=0.688122), pairs_step=316800, pairs_total=19007984
[2026-03-02 16:06:36,813] INFO:fitness.free_loss_fidelity: RL4CO free-loss step 80/200: score=8.911289 (avg=10.050592), loss=0.670972 (avg=0.684209), pairs_step=316800, pairs_total=25343979
[2026-03-02 16:06:43,367] INFO:fitness.free_loss_fidelity: RL4CO free-loss step 100/200: score=8.733411 (avg=9.814523), loss=0.668024 (avg=0.681290), pairs_step=316799, pairs_total=31679972
[2026-03-02 16:06:49,925] INFO:fitness.free_loss_fidelity: RL4CO free-loss step 120/200: score=8.721207 (avg=9.640747), loss=0.681749 (avg=0.680383), pairs_step=316799, pairs_total=38015966
[2026-03-02 16:06:56,478] INFO:fitness.free_loss_fidelity: RL4CO free-loss step 140/200: score=8.660270 (avg=9.501352), loss=0.687187 (avg=0.680959), pairs_step=316800, pairs_total=44351963
[2026-03-02 16:07:02,941] INFO:fitness.free_loss_fidelity: RL4CO free-loss step 160/200: score=8.515462 (avg=9.385619), loss=0.693497 (avg=0.682023), pairs_step=316799, pairs_total=50687955
[2026-03-02 16:07:09,371] INFO:fitness.free_loss_fidelity: RL4CO free-loss step 180/200: score=8.478452 (avg=9.288472), loss=0.695878 (avg=0.683344), pairs_step=316799, pairs_total=57023952
[2026-03-02 16:07:15,777] INFO:fitness.free_loss_fidelity: RL4CO free-loss step 200/200: score=8.510968 (avg=9.206082), loss=0.699613 (avg=0.684854), pairs_step=316799, pairs_total=63359950
[2026-03-02 16:07:16,893] WARNING:fitness.free_loss_fidelity: weights_only checkpoint load failed (UnpicklingError); retrying weights_only=False for /data1/gushengda/eam-rl4co/baseline/epoch_135.ckpt
[2026-03-02 16:07:16,930] INFO:fitness.free_loss_fidelity: Loaded init checkpoint into policy: path=/data1/gushengda/eam-rl4co/baseline/epoch_135.ckpt prefix=policy. matched=97 missing=0 unexpected=0
[2026-03-02 16:07:16,935] INFO:fitness.free_loss_fidelity: RL4CO free-loss (step-mode): f1_steps=200, f2_steps=0, total_steps=200, train_problem_size=100, rollouts=100, batch_size=64, device=cuda:1, env=tsp
[2026-03-02 16:07:17,259] INFO:fitness.free_loss_fidelity: RL4CO free-loss step 1/200: score=7.803347 (avg=7.803347), loss=0.783006 (avg=0.783006), pairs_step=315697, pairs_total=315697
[2026-03-02 16:07:23,335] INFO:fitness.free_loss_fidelity: RL4CO free-loss step 20/200: score=7.778362 (avg=7.808710), loss=0.781571 (avg=0.782182), pairs_step=315804, pairs_total=6315861
[2026-03-02 16:07:29,738] INFO:fitness.free_loss_fidelity: RL4CO free-loss step 40/200: score=7.814580 (avg=7.802419), loss=0.784708 (avg=0.782547), pairs_step=315818, pairs_total=12628354
[2026-03-02 16:07:36,142] INFO:fitness.free_loss_fidelity: RL4CO free-loss step 60/200: score=7.815629 (avg=7.799624), loss=0.785713 (avg=0.783048), pairs_step=315307, pairs_total=18940934
[2026-03-02 16:07:42,556] INFO:fitness.free_loss_fidelity: RL4CO free-loss step 80/200: score=7.797395 (avg=7.798423), loss=0.785560 (avg=0.783547), pairs_step=315626, pairs_total=25252868
[2026-03-02 16:07:48,968] INFO:fitness.free_loss_fidelity: RL4CO free-loss step 100/200: score=7.758033 (avg=7.799100), loss=0.782075 (avg=0.783706), pairs_step=315738, pairs_total=31566103
[2026-03-02 16:07:55,366] INFO:fitness.free_loss_fidelity: RL4CO free-loss step 120/200: score=7.772322 (avg=7.800539), loss=0.784946 (avg=0.783930), pairs_step=315656, pairs_total=37877575
[2026-03-02 16:08:01,767] INFO:fitness.free_loss_fidelity: RL4CO free-loss step 140/200: score=7.830143 (avg=7.801619), loss=0.785116 (avg=0.783977), pairs_step=315206, pairs_total=44187099
[2026-03-02 16:08:08,231] INFO:fitness.free_loss_fidelity: RL4CO free-loss step 160/200: score=7.799568 (avg=7.800868), loss=0.783607 (avg=0.784045), pairs_step=314895, pairs_total=50497450
[2026-03-02 16:08:14,634] INFO:fitness.free_loss_fidelity: RL4CO free-loss step 180/200: score=7.787096 (avg=7.799623), loss=0.784251 (avg=0.784173), pairs_step=315492, pairs_total=56806303
[2026-03-02 16:08:21,039] INFO:fitness.free_loss_fidelity: RL4CO free-loss step 200/200: score=7.813427 (avg=7.798489), loss=0.781865 (avg=0.784296), pairs_step=315494, pairs_total=63116261
[2026-03-02 16:08:22,158] WARNING:fitness.free_loss_fidelity: weights_only checkpoint load failed (UnpicklingError); retrying weights_only=False for /data1/gushengda/eam-rl4co/baseline/epoch_409.ckpt
[2026-03-02 16:08:22,196] INFO:fitness.free_loss_fidelity: Loaded init checkpoint into policy: path=/data1/gushengda/eam-rl4co/baseline/epoch_409.ckpt prefix=policy. matched=97 missing=0 unexpected=0
[2026-03-02 16:08:22,201] INFO:fitness.free_loss_fidelity: RL4CO free-loss (step-mode): f1_steps=200, f2_steps=0, total_steps=200, train_problem_size=100, rollouts=100, batch_size=64, device=cuda:1, env=tsp
[2026-03-02 16:08:22,550] INFO:fitness.free_loss_fidelity: RL4CO free-loss step 1/200: score=7.807477 (avg=7.807477), loss=0.126337 (avg=0.126337), pairs_step=315750, pairs_total=315750
[2026-03-02 16:08:28,634] INFO:fitness.free_loss_fidelity: RL4CO free-loss step 20/200: score=7.783230 (avg=7.808891), loss=0.114223 (avg=0.113859), pairs_step=316047, pairs_total=6317807
[2026-03-02 16:08:35,039] INFO:fitness.free_loss_fidelity: RL4CO free-loss step 40/200: score=7.811140 (avg=7.803035), loss=0.116751 (avg=0.116163), pairs_step=315926, pairs_total=12635735
[2026-03-02 16:08:41,441] INFO:fitness.free_loss_fidelity: RL4CO free-loss step 60/200: score=7.815361 (avg=7.799360), loss=0.115069 (avg=0.115668), pairs_step=315477, pairs_total=18952084
[2026-03-02 16:08:47,912] INFO:fitness.free_loss_fidelity: RL4CO free-loss step 80/200: score=7.800025 (avg=7.797592), loss=0.112100 (avg=0.114435), pairs_step=315567, pairs_total=25268399
[2026-03-02 16:08:54,267] INFO:fitness.free_loss_fidelity: RL4CO free-loss step 100/200: score=7.757973 (avg=7.798144), loss=0.117085 (avg=0.113922), pairs_step=315919, pairs_total=31584446
[2026-03-02 16:09:00,766] INFO:fitness.free_loss_fidelity: RL4CO free-loss step 120/200: score=7.777134 (avg=7.799510), loss=0.110775 (avg=0.114040), pairs_step=315645, pairs_total=37899753
[2026-03-02 16:09:07,081] INFO:fitness.free_loss_fidelity: RL4CO free-loss step 140/200: score=7.820742 (avg=7.800387), loss=0.111093 (avg=0.113722), pairs_step=315263, pairs_total=44214462
[2026-03-02 16:09:13,402] INFO:fitness.free_loss_fidelity: RL4CO free-loss step 160/200: score=7.793505 (avg=7.799528), loss=0.113528 (avg=0.113386), pairs_step=315644, pairs_total=50526797
[2026-03-02 16:09:19,725] INFO:fitness.free_loss_fidelity: RL4CO free-loss step 180/200: score=7.786695 (avg=7.798279), loss=0.106921 (avg=0.112761), pairs_step=315304, pairs_total=56839989
[2026-03-02 16:09:26,037] INFO:fitness.free_loss_fidelity: RL4CO free-loss step 200/200: score=7.814098 (avg=7.797050), loss=0.110698 (avg=0.112411), pairs_step=315507, pairs_total=63151646
