[2026-03-03 09:04:55,122] INFO:fitness.free_loss_fidelity: Stage3 offline mini-train start gen=18 pair_index=21 K=200 seed=12345 valid_sizes=[100] baseline_json=baseline/mini_eval/baseline_minitrain_tsp100_K200.json
[2026-03-03 09:04:55,140] INFO:fitness.free_loss_fidelity: RL4CO free-loss (step-mode): f1_steps=200, f2_steps=0, total_steps=200, train_problem_size=100, rollouts=100, batch_size=64, device=cuda:2, env=tsp
[2026-03-03 09:04:55,495] INFO:fitness.free_loss_fidelity: RL4CO free-loss step 1/200: score=36.122910 (avg=36.122910), loss=0.710435 (avg=0.710435), pairs_step=128, pairs_total=128
[2026-03-03 09:05:01,688] INFO:fitness.free_loss_fidelity: RL4CO free-loss step 20/200: score=10.187914 (avg=13.021257), loss=0.390766 (avg=0.402523), pairs_step=128, pairs_total=2560
[2026-03-03 09:05:08,158] INFO:fitness.free_loss_fidelity: RL4CO free-loss step 40/200: score=9.532286 (avg=11.376697), loss=0.438310 (avg=0.409944), pairs_step=128, pairs_total=5120
[2026-03-03 09:05:14,710] INFO:fitness.free_loss_fidelity: RL4CO free-loss step 60/200: score=9.375395 (avg=10.727396), loss=0.420529 (avg=0.414695), pairs_step=128, pairs_total=7680
[2026-03-03 09:05:21,219] INFO:fitness.free_loss_fidelity: RL4CO free-loss step 80/200: score=9.222378 (avg=10.368190), loss=0.370728 (avg=0.414869), pairs_step=128, pairs_total=10240
[2026-03-03 09:05:27,767] INFO:fitness.free_loss_fidelity: RL4CO free-loss step 100/200: score=9.097099 (avg=10.135921), loss=0.436997 (avg=0.411428), pairs_step=128, pairs_total=12800
[2026-03-03 09:05:34,227] INFO:fitness.free_loss_fidelity: RL4CO free-loss step 120/200: score=8.983601 (avg=9.962380), loss=0.413675 (avg=0.408272), pairs_step=128, pairs_total=15360
[2026-03-03 09:05:40,677] INFO:fitness.free_loss_fidelity: RL4CO free-loss step 140/200: score=9.081316 (avg=9.831113), loss=0.399804 (avg=0.406563), pairs_step=128, pairs_total=17920
[2026-03-03 09:05:47,109] INFO:fitness.free_loss_fidelity: RL4CO free-loss step 160/200: score=8.950738 (avg=9.724079), loss=0.394884 (avg=0.405327), pairs_step=128, pairs_total=20480
[2026-03-03 09:05:53,543] INFO:fitness.free_loss_fidelity: RL4CO free-loss step 180/200: score=8.829592 (avg=9.630988), loss=0.416070 (avg=0.406016), pairs_step=128, pairs_total=23040
[2026-03-03 09:05:59,980] INFO:fitness.free_loss_fidelity: RL4CO free-loss step 200/200: score=8.829407 (avg=9.548260), loss=0.411496 (avg=0.406121), pairs_step=128, pairs_total=25600
[2026-03-03 09:06:01,098] WARNING:fitness.free_loss_fidelity: weights_only checkpoint load failed (UnpicklingError); retrying weights_only=False for /data1/gushengda/eam-rl4co/baseline/epoch_135.ckpt
[2026-03-03 09:06:01,136] INFO:fitness.free_loss_fidelity: Loaded init checkpoint into policy: path=/data1/gushengda/eam-rl4co/baseline/epoch_135.ckpt prefix=policy. matched=97 missing=0 unexpected=0
[2026-03-03 09:06:01,142] INFO:fitness.free_loss_fidelity: RL4CO free-loss (step-mode): f1_steps=200, f2_steps=0, total_steps=200, train_problem_size=100, rollouts=100, batch_size=64, device=cuda:2, env=tsp
[2026-03-03 09:06:01,477] INFO:fitness.free_loss_fidelity: RL4CO free-loss step 1/200: score=7.803347 (avg=7.803347), loss=0.560673 (avg=0.560673), pairs_step=128, pairs_total=128
[2026-03-03 09:06:07,596] INFO:fitness.free_loss_fidelity: RL4CO free-loss step 20/200: score=7.795755 (avg=7.818968), loss=0.594374 (avg=0.591026), pairs_step=128, pairs_total=2560
[2026-03-03 09:06:14,031] INFO:fitness.free_loss_fidelity: RL4CO free-loss step 40/200: score=7.835250 (avg=7.815969), loss=0.634209 (avg=0.600559), pairs_step=128, pairs_total=5120
[2026-03-03 09:06:20,461] INFO:fitness.free_loss_fidelity: RL4CO free-loss step 60/200: score=7.821904 (avg=7.812976), loss=0.614924 (avg=0.606364), pairs_step=128, pairs_total=7680
[2026-03-03 09:06:26,887] INFO:fitness.free_loss_fidelity: RL4CO free-loss step 80/200: score=7.813340 (avg=7.811763), loss=0.613780 (avg=0.607787), pairs_step=128, pairs_total=10240
[2026-03-03 09:06:33,345] INFO:fitness.free_loss_fidelity: RL4CO free-loss step 100/200: score=7.777023 (avg=7.813382), loss=0.619957 (avg=0.608777), pairs_step=128, pairs_total=12800
[2026-03-03 09:06:39,800] INFO:fitness.free_loss_fidelity: RL4CO free-loss step 120/200: score=7.791013 (avg=7.814714), loss=0.612580 (avg=0.608835), pairs_step=128, pairs_total=15360
[2026-03-03 09:06:46,242] INFO:fitness.free_loss_fidelity: RL4CO free-loss step 140/200: score=7.851253 (avg=7.816562), loss=0.628452 (avg=0.610483), pairs_step=128, pairs_total=17920
[2026-03-03 09:06:52,686] INFO:fitness.free_loss_fidelity: RL4CO free-loss step 160/200: score=7.806546 (avg=7.816421), loss=0.611951 (avg=0.611173), pairs_step=128, pairs_total=20480
[2026-03-03 09:06:59,311] INFO:fitness.free_loss_fidelity: RL4CO free-loss step 180/200: score=7.809622 (avg=7.815585), loss=0.634391 (avg=0.612301), pairs_step=128, pairs_total=23040
[2026-03-03 09:07:05,744] INFO:fitness.free_loss_fidelity: RL4CO free-loss step 200/200: score=7.833100 (avg=7.814900), loss=0.620873 (avg=0.612963), pairs_step=128, pairs_total=25600
[2026-03-03 09:07:06,856] WARNING:fitness.free_loss_fidelity: weights_only checkpoint load failed (UnpicklingError); retrying weights_only=False for /data1/gushengda/eam-rl4co/baseline/epoch_409.ckpt
[2026-03-03 09:07:06,897] INFO:fitness.free_loss_fidelity: Loaded init checkpoint into policy: path=/data1/gushengda/eam-rl4co/baseline/epoch_409.ckpt prefix=policy. matched=97 missing=0 unexpected=0
[2026-03-03 09:07:06,902] INFO:fitness.free_loss_fidelity: RL4CO free-loss (step-mode): f1_steps=200, f2_steps=0, total_steps=200, train_problem_size=100, rollouts=100, batch_size=64, device=cuda:2, env=tsp
[2026-03-03 09:07:07,237] INFO:fitness.free_loss_fidelity: RL4CO free-loss step 1/200: score=7.807477 (avg=7.807477), loss=0.009931 (avg=0.009931), pairs_step=130, pairs_total=130
[2026-03-03 09:07:13,359] INFO:fitness.free_loss_fidelity: RL4CO free-loss step 20/200: score=7.788034 (avg=7.809677), loss=0.249468 (avg=0.157362), pairs_step=128, pairs_total=2562
[2026-03-03 09:07:19,791] INFO:fitness.free_loss_fidelity: RL4CO free-loss step 40/200: score=7.826613 (avg=7.807287), loss=0.335617 (avg=0.223595), pairs_step=128, pairs_total=5122
[2026-03-03 09:07:26,223] INFO:fitness.free_loss_fidelity: RL4CO free-loss step 60/200: score=7.823733 (avg=7.804631), loss=0.337796 (avg=0.260696), pairs_step=128, pairs_total=7682
[2026-03-03 09:07:32,656] INFO:fitness.free_loss_fidelity: RL4CO free-loss step 80/200: score=7.806205 (avg=7.803991), loss=0.389146 (avg=0.289045), pairs_step=128, pairs_total=10242
[2026-03-03 09:07:39,096] INFO:fitness.free_loss_fidelity: RL4CO free-loss step 100/200: score=7.759747 (avg=7.805277), loss=0.404926 (avg=0.311596), pairs_step=128, pairs_total=12802
[2026-03-03 09:07:45,532] INFO:fitness.free_loss_fidelity: RL4CO free-loss step 120/200: score=7.784400 (avg=7.806828), loss=0.437600 (avg=0.331072), pairs_step=128, pairs_total=15362
[2026-03-03 09:07:51,962] INFO:fitness.free_loss_fidelity: RL4CO free-loss step 140/200: score=7.839169 (avg=7.807694), loss=0.472792 (avg=0.347860), pairs_step=128, pairs_total=17922
[2026-03-03 09:07:58,394] INFO:fitness.free_loss_fidelity: RL4CO free-loss step 160/200: score=7.808511 (avg=7.807298), loss=0.474695 (avg=0.364114), pairs_step=128, pairs_total=20482
[2026-03-03 09:08:04,828] INFO:fitness.free_loss_fidelity: RL4CO free-loss step 180/200: score=7.802236 (avg=7.806608), loss=0.503350 (avg=0.377267), pairs_step=128, pairs_total=23042
[2026-03-03 09:08:11,254] INFO:fitness.free_loss_fidelity: RL4CO free-loss step 200/200: score=7.823133 (avg=7.805616), loss=0.518572 (avg=0.389703), pairs_step=128, pairs_total=25602
