[2026-03-02 13:27:14,560] INFO:fitness.free_loss_fidelity: Stage3 offline mini-train start gen=0 pair_index=8 K=200 seed=12345 valid_sizes=[100] baseline_json=baseline/mini_eval/baseline_minitrain_tsp100_K200.json
[2026-03-02 13:27:14,578] INFO:fitness.free_loss_fidelity: RL4CO free-loss (step-mode): f1_steps=200, f2_steps=0, total_steps=200, train_problem_size=100, rollouts=100, batch_size=64, device=cuda:0, env=tsp
[2026-03-02 13:27:14,929] INFO:fitness.free_loss_fidelity: RL4CO free-loss step 1/200: score=36.122910 (avg=36.122910), loss=0.942688 (avg=0.942688), pairs_step=316800, pairs_total=316800
[2026-03-02 13:27:21,078] INFO:fitness.free_loss_fidelity: RL4CO free-loss step 20/200: score=10.016658 (avg=13.092551), loss=0.568426 (avg=0.621429), pairs_step=316800, pairs_total=6335997
[2026-03-02 13:27:27,559] INFO:fitness.free_loss_fidelity: RL4CO free-loss step 40/200: score=9.628229 (avg=11.443239), loss=0.547813 (avg=0.589940), pairs_step=316800, pairs_total=12671994
[2026-03-02 13:27:34,034] INFO:fitness.free_loss_fidelity: RL4CO free-loss step 60/200: score=9.468879 (avg=10.787333), loss=0.531072 (avg=0.575539), pairs_step=316800, pairs_total=19007989
[2026-03-02 13:27:40,513] INFO:fitness.free_loss_fidelity: RL4CO free-loss step 80/200: score=9.309912 (avg=10.423632), loss=0.513167 (avg=0.562835), pairs_step=316800, pairs_total=25343986
[2026-03-02 13:27:46,985] INFO:fitness.free_loss_fidelity: RL4CO free-loss step 100/200: score=9.230077 (avg=10.191540), loss=0.512168 (avg=0.554085), pairs_step=316800, pairs_total=31679986
[2026-03-02 13:27:53,467] INFO:fitness.free_loss_fidelity: RL4CO free-loss step 120/200: score=9.106292 (avg=10.025138), loss=0.522022 (avg=0.548863), pairs_step=316800, pairs_total=38015980
[2026-03-02 13:27:59,936] INFO:fitness.free_loss_fidelity: RL4CO free-loss step 140/200: score=9.155088 (avg=9.898402), loss=0.515640 (avg=0.545259), pairs_step=316800, pairs_total=44351977
[2026-03-02 13:28:06,413] INFO:fitness.free_loss_fidelity: RL4CO free-loss step 160/200: score=9.067379 (avg=9.797232), loss=0.533642 (avg=0.542458), pairs_step=316800, pairs_total=50687975
[2026-03-02 13:28:12,887] INFO:fitness.free_loss_fidelity: RL4CO free-loss step 180/200: score=8.966873 (avg=9.712175), loss=0.526450 (avg=0.540427), pairs_step=316800, pairs_total=57023969
[2026-03-02 13:28:19,361] INFO:fitness.free_loss_fidelity: RL4CO free-loss step 200/200: score=8.966351 (avg=9.637033), loss=0.520270 (avg=0.539229), pairs_step=316800, pairs_total=63359968
[2026-03-02 13:28:20,464] WARNING:fitness.free_loss_fidelity: weights_only checkpoint load failed (UnpicklingError); retrying weights_only=False for /data1/gushengda/eam-rl4co/baseline/epoch_135.ckpt
[2026-03-02 13:28:20,503] INFO:fitness.free_loss_fidelity: Loaded init checkpoint into policy: path=/data1/gushengda/eam-rl4co/baseline/epoch_135.ckpt prefix=policy. matched=97 missing=0 unexpected=0
[2026-03-02 13:28:20,509] INFO:fitness.free_loss_fidelity: RL4CO free-loss (step-mode): f1_steps=200, f2_steps=0, total_steps=200, train_problem_size=100, rollouts=100, batch_size=64, device=cuda:0, env=tsp
[2026-03-02 13:28:20,850] INFO:fitness.free_loss_fidelity: RL4CO free-loss step 1/200: score=7.803347 (avg=7.803347), loss=0.669376 (avg=0.669376), pairs_step=315697, pairs_total=315697
[2026-03-02 13:28:27,017] INFO:fitness.free_loss_fidelity: RL4CO free-loss step 20/200: score=7.780041 (avg=7.809794), loss=0.662751 (avg=0.666279), pairs_step=316008, pairs_total=6318544
[2026-03-02 13:28:33,497] INFO:fitness.free_loss_fidelity: RL4CO free-loss step 40/200: score=7.816457 (avg=7.803180), loss=0.660130 (avg=0.662159), pairs_step=316101, pairs_total=12636673
[2026-03-02 13:28:39,970] INFO:fitness.free_loss_fidelity: RL4CO free-loss step 60/200: score=7.815938 (avg=7.799194), loss=0.660368 (avg=0.661018), pairs_step=315729, pairs_total=18954150
[2026-03-02 13:28:46,399] INFO:fitness.free_loss_fidelity: RL4CO free-loss step 80/200: score=7.795608 (avg=7.797853), loss=0.646488 (avg=0.658613), pairs_step=316148, pairs_total=25275129
[2026-03-02 13:28:52,833] INFO:fitness.free_loss_fidelity: RL4CO free-loss step 100/200: score=7.752115 (avg=7.798357), loss=0.637718 (avg=0.655189), pairs_step=316198, pairs_total=31596136
[2026-03-02 13:28:59,290] INFO:fitness.free_loss_fidelity: RL4CO free-loss step 120/200: score=7.776161 (avg=7.799694), loss=0.642776 (avg=0.652795), pairs_step=316077, pairs_total=37918439
[2026-03-02 13:29:05,747] INFO:fitness.free_loss_fidelity: RL4CO free-loss step 140/200: score=7.827640 (avg=7.800589), loss=0.636282 (avg=0.650860), pairs_step=315973, pairs_total=44240625
[2026-03-02 13:29:12,176] INFO:fitness.free_loss_fidelity: RL4CO free-loss step 160/200: score=7.798732 (avg=7.799932), loss=0.628746 (avg=0.648655), pairs_step=315845, pairs_total=50561921
[2026-03-02 13:29:18,588] INFO:fitness.free_loss_fidelity: RL4CO free-loss step 180/200: score=7.785896 (avg=7.798856), loss=0.623663 (avg=0.646530), pairs_step=316099, pairs_total=56883463
[2026-03-02 13:29:25,061] INFO:fitness.free_loss_fidelity: RL4CO free-loss step 200/200: score=7.810338 (avg=7.797782), loss=0.616257 (avg=0.644310), pairs_step=315891, pairs_total=63204852
[2026-03-02 13:29:26,156] WARNING:fitness.free_loss_fidelity: weights_only checkpoint load failed (UnpicklingError); retrying weights_only=False for /data1/gushengda/eam-rl4co/baseline/epoch_409.ckpt
[2026-03-02 13:29:26,185] INFO:fitness.free_loss_fidelity: Loaded init checkpoint into policy: path=/data1/gushengda/eam-rl4co/baseline/epoch_409.ckpt prefix=policy. matched=97 missing=0 unexpected=0
[2026-03-02 13:29:26,191] INFO:fitness.free_loss_fidelity: RL4CO free-loss (step-mode): f1_steps=200, f2_steps=0, total_steps=200, train_problem_size=100, rollouts=100, batch_size=64, device=cuda:0, env=tsp
[2026-03-02 13:29:26,530] INFO:fitness.free_loss_fidelity: RL4CO free-loss step 1/200: score=7.807477 (avg=7.807477), loss=0.188473 (avg=0.188473), pairs_step=315750, pairs_total=315750
[2026-03-02 13:29:32,650] INFO:fitness.free_loss_fidelity: RL4CO free-loss step 20/200: score=7.784337 (avg=7.808857), loss=0.180277 (avg=0.179972), pairs_step=316012, pairs_total=6319089
[2026-03-02 13:29:39,085] INFO:fitness.free_loss_fidelity: RL4CO free-loss step 40/200: score=7.822284 (avg=7.803088), loss=0.187833 (avg=0.182344), pairs_step=316069, pairs_total=12636518
[2026-03-02 13:29:45,522] INFO:fitness.free_loss_fidelity: RL4CO free-loss step 60/200: score=7.808861 (avg=7.798909), loss=0.182404 (avg=0.182379), pairs_step=315764, pairs_total=18953996
[2026-03-02 13:29:51,962] INFO:fitness.free_loss_fidelity: RL4CO free-loss step 80/200: score=7.793048 (avg=7.797202), loss=0.182568 (avg=0.182548), pairs_step=316036, pairs_total=25274597
[2026-03-02 13:29:58,409] INFO:fitness.free_loss_fidelity: RL4CO free-loss step 100/200: score=7.759077 (avg=7.797660), loss=0.181068 (avg=0.182174), pairs_step=315852, pairs_total=31594933
[2026-03-02 13:30:04,849] INFO:fitness.free_loss_fidelity: RL4CO free-loss step 120/200: score=7.775382 (avg=7.799062), loss=0.171557 (avg=0.181008), pairs_step=316087, pairs_total=37915412
[2026-03-02 13:30:11,292] INFO:fitness.free_loss_fidelity: RL4CO free-loss step 140/200: score=7.825956 (avg=7.799745), loss=0.168990 (avg=0.179351), pairs_step=315854, pairs_total=44235695
[2026-03-02 13:30:17,738] INFO:fitness.free_loss_fidelity: RL4CO free-loss step 160/200: score=7.792777 (avg=7.798821), loss=0.175373 (avg=0.178799), pairs_step=315604, pairs_total=50553402
[2026-03-02 13:30:24,188] INFO:fitness.free_loss_fidelity: RL4CO free-loss step 180/200: score=7.780491 (avg=7.797652), loss=0.180260 (avg=0.178644), pairs_step=315791, pairs_total=56871581
[2026-03-02 13:30:30,630] INFO:fitness.free_loss_fidelity: RL4CO free-loss step 200/200: score=7.810227 (avg=7.796309), loss=0.176498 (avg=0.178710), pairs_step=315712, pairs_total=63190517
