[2026-03-03 01:41:49,292] INFO:fitness.free_loss_fidelity: Stage3 offline mini-train start gen=13 pair_index=4 K=200 seed=12345 valid_sizes=[100] baseline_json=baseline/mini_eval/baseline_minitrain_tsp100_K200.json
[2026-03-03 01:41:49,313] INFO:fitness.free_loss_fidelity: RL4CO free-loss (step-mode): f1_steps=200, f2_steps=0, total_steps=200, train_problem_size=100, rollouts=100, batch_size=64, device=cuda:3, env=tsp
[2026-03-03 01:41:49,647] INFO:fitness.free_loss_fidelity: RL4CO free-loss step 1/200: score=36.122910 (avg=36.122910), loss=0.689554 (avg=0.689554), pairs_step=320, pairs_total=320
[2026-03-03 01:41:55,884] INFO:fitness.free_loss_fidelity: RL4CO free-loss step 20/200: score=10.167883 (avg=12.919550), loss=0.429331 (avg=0.414685), pairs_step=320, pairs_total=6400
[2026-03-03 01:42:02,438] INFO:fitness.free_loss_fidelity: RL4CO free-loss step 40/200: score=9.507691 (avg=11.346025), loss=0.437142 (avg=0.413892), pairs_step=320, pairs_total=12800
[2026-03-03 01:42:09,078] INFO:fitness.free_loss_fidelity: RL4CO free-loss step 60/200: score=9.441893 (avg=10.704759), loss=0.394425 (avg=0.414132), pairs_step=320, pairs_total=19200
[2026-03-03 01:42:15,647] INFO:fitness.free_loss_fidelity: RL4CO free-loss step 80/200: score=9.180183 (avg=10.337984), loss=0.402141 (avg=0.417192), pairs_step=320, pairs_total=25600
[2026-03-03 01:42:22,219] INFO:fitness.free_loss_fidelity: RL4CO free-loss step 100/200: score=9.046863 (avg=10.094907), loss=0.392245 (avg=0.414841), pairs_step=320, pairs_total=32000
[2026-03-03 01:42:28,786] INFO:fitness.free_loss_fidelity: RL4CO free-loss step 120/200: score=8.974582 (avg=9.918341), loss=0.439460 (avg=0.415479), pairs_step=320, pairs_total=38400
[2026-03-03 01:42:35,347] INFO:fitness.free_loss_fidelity: RL4CO free-loss step 140/200: score=8.903412 (avg=9.777486), loss=0.429503 (avg=0.417090), pairs_step=320, pairs_total=44800
[2026-03-03 01:42:41,903] INFO:fitness.free_loss_fidelity: RL4CO free-loss step 160/200: score=8.791945 (avg=9.659303), loss=0.452573 (avg=0.417922), pairs_step=320, pairs_total=51200
[2026-03-03 01:42:48,452] INFO:fitness.free_loss_fidelity: RL4CO free-loss step 180/200: score=8.781940 (avg=9.560908), loss=0.436768 (avg=0.419745), pairs_step=320, pairs_total=57600
[2026-03-03 01:42:54,990] INFO:fitness.free_loss_fidelity: RL4CO free-loss step 200/200: score=8.708398 (avg=9.477137), loss=0.436919 (avg=0.421009), pairs_step=320, pairs_total=64000
[2026-03-03 01:42:56,092] WARNING:fitness.free_loss_fidelity: weights_only checkpoint load failed (UnpicklingError); retrying weights_only=False for /data1/gushengda/eam-rl4co/baseline/epoch_135.ckpt
[2026-03-03 01:42:56,131] INFO:fitness.free_loss_fidelity: Loaded init checkpoint into policy: path=/data1/gushengda/eam-rl4co/baseline/epoch_135.ckpt prefix=policy. matched=97 missing=0 unexpected=0
[2026-03-03 01:42:56,136] INFO:fitness.free_loss_fidelity: RL4CO free-loss (step-mode): f1_steps=200, f2_steps=0, total_steps=200, train_problem_size=100, rollouts=100, batch_size=64, device=cuda:3, env=tsp
[2026-03-03 01:42:56,472] INFO:fitness.free_loss_fidelity: RL4CO free-loss step 1/200: score=7.803347 (avg=7.803347), loss=0.585896 (avg=0.585896), pairs_step=320, pairs_total=320
[2026-03-03 01:43:02,697] INFO:fitness.free_loss_fidelity: RL4CO free-loss step 20/200: score=7.786790 (avg=7.813792), loss=0.625685 (avg=0.603624), pairs_step=320, pairs_total=6400
[2026-03-03 01:43:09,266] INFO:fitness.free_loss_fidelity: RL4CO free-loss step 40/200: score=7.823071 (avg=7.809557), loss=0.627797 (avg=0.608374), pairs_step=320, pairs_total=12800
[2026-03-03 01:43:15,808] INFO:fitness.free_loss_fidelity: RL4CO free-loss step 60/200: score=7.821053 (avg=7.806818), loss=0.635186 (avg=0.613998), pairs_step=320, pairs_total=19200
[2026-03-03 01:43:22,357] INFO:fitness.free_loss_fidelity: RL4CO free-loss step 80/200: score=7.802974 (avg=7.805603), loss=0.616989 (avg=0.616485), pairs_step=320, pairs_total=25600
[2026-03-03 01:43:28,915] INFO:fitness.free_loss_fidelity: RL4CO free-loss step 100/200: score=7.769619 (avg=7.807333), loss=0.625552 (avg=0.618800), pairs_step=320, pairs_total=32000
[2026-03-03 01:43:35,464] INFO:fitness.free_loss_fidelity: RL4CO free-loss step 120/200: score=7.788230 (avg=7.809124), loss=0.628322 (avg=0.619919), pairs_step=320, pairs_total=38400
[2026-03-03 01:43:42,036] INFO:fitness.free_loss_fidelity: RL4CO free-loss step 140/200: score=7.844138 (avg=7.810914), loss=0.629634 (avg=0.620644), pairs_step=320, pairs_total=44800
[2026-03-03 01:43:48,586] INFO:fitness.free_loss_fidelity: RL4CO free-loss step 160/200: score=7.807254 (avg=7.810290), loss=0.628221 (avg=0.621586), pairs_step=320, pairs_total=51200
[2026-03-03 01:43:55,126] INFO:fitness.free_loss_fidelity: RL4CO free-loss step 180/200: score=7.794097 (avg=7.808974), loss=0.625305 (avg=0.621930), pairs_step=320, pairs_total=57600
[2026-03-03 01:44:01,691] INFO:fitness.free_loss_fidelity: RL4CO free-loss step 200/200: score=7.818727 (avg=7.807871), loss=0.616597 (avg=0.622290), pairs_step=320, pairs_total=64000
[2026-03-03 01:44:02,786] WARNING:fitness.free_loss_fidelity: weights_only checkpoint load failed (UnpicklingError); retrying weights_only=False for /data1/gushengda/eam-rl4co/baseline/epoch_409.ckpt
[2026-03-03 01:44:02,818] INFO:fitness.free_loss_fidelity: Loaded init checkpoint into policy: path=/data1/gushengda/eam-rl4co/baseline/epoch_409.ckpt prefix=policy. matched=97 missing=0 unexpected=0
[2026-03-03 01:44:02,823] INFO:fitness.free_loss_fidelity: RL4CO free-loss (step-mode): f1_steps=200, f2_steps=0, total_steps=200, train_problem_size=100, rollouts=100, batch_size=64, device=cuda:3, env=tsp
[2026-03-03 01:44:03,168] INFO:fitness.free_loss_fidelity: RL4CO free-loss step 1/200: score=7.807477 (avg=7.807477), loss=0.010822 (avg=0.010822), pairs_step=320, pairs_total=320
[2026-03-03 01:44:09,434] INFO:fitness.free_loss_fidelity: RL4CO free-loss step 20/200: score=7.782194 (avg=7.808035), loss=0.280658 (avg=0.167151), pairs_step=320, pairs_total=6400
[2026-03-03 01:44:16,015] INFO:fitness.free_loss_fidelity: RL4CO free-loss step 40/200: score=7.828788 (avg=7.803837), loss=0.342745 (avg=0.241295), pairs_step=320, pairs_total=12800
[2026-03-03 01:44:22,571] INFO:fitness.free_loss_fidelity: RL4CO free-loss step 60/200: score=7.823244 (avg=7.802808), loss=0.371702 (avg=0.280530), pairs_step=320, pairs_total=19200
[2026-03-03 01:44:29,131] INFO:fitness.free_loss_fidelity: RL4CO free-loss step 80/200: score=7.801404 (avg=7.802564), loss=0.421493 (avg=0.311760), pairs_step=320, pairs_total=25600
[2026-03-03 01:44:35,699] INFO:fitness.free_loss_fidelity: RL4CO free-loss step 100/200: score=7.761983 (avg=7.803305), loss=0.463027 (avg=0.336455), pairs_step=320, pairs_total=32000
[2026-03-03 01:44:42,269] INFO:fitness.free_loss_fidelity: RL4CO free-loss step 120/200: score=7.780022 (avg=7.804917), loss=0.468513 (avg=0.356871), pairs_step=320, pairs_total=38400
[2026-03-03 01:44:48,827] INFO:fitness.free_loss_fidelity: RL4CO free-loss step 140/200: score=7.825380 (avg=7.805831), loss=0.476990 (avg=0.373684), pairs_step=320, pairs_total=44800
[2026-03-03 01:44:55,384] INFO:fitness.free_loss_fidelity: RL4CO free-loss step 160/200: score=7.799336 (avg=7.805027), loss=0.522218 (avg=0.390154), pairs_step=320, pairs_total=51200
[2026-03-03 01:45:01,954] INFO:fitness.free_loss_fidelity: RL4CO free-loss step 180/200: score=7.793014 (avg=7.804018), loss=0.503400 (avg=0.404616), pairs_step=320, pairs_total=57600
[2026-03-03 01:45:08,522] INFO:fitness.free_loss_fidelity: RL4CO free-loss step 200/200: score=7.820380 (avg=7.802784), loss=0.536413 (avg=0.416807), pairs_step=320, pairs_total=64000
