[2026-03-02 20:52:00,288] INFO:fitness.free_loss_fidelity: Stage3 offline mini-train start gen=9 pair_index=4 K=200 seed=12345 valid_sizes=[100] baseline_json=baseline/mini_eval/baseline_minitrain_tsp100_K200.json
[2026-03-02 20:52:05,854] INFO:fitness.free_loss_fidelity: RL4CO free-loss (step-mode): f1_steps=200, f2_steps=0, total_steps=200, train_problem_size=100, rollouts=100, batch_size=64, device=cuda:0, env=tsp
[2026-03-02 20:52:06,704] INFO:fitness.free_loss_fidelity: RL4CO free-loss step 1/200: score=36.122910 (avg=36.122910), loss=0.942688 (avg=0.942688), pairs_step=316800, pairs_total=316800
[2026-03-02 20:52:12,952] INFO:fitness.free_loss_fidelity: RL4CO free-loss step 20/200: score=10.050644 (avg=13.061227), loss=0.578472 (avg=0.619157), pairs_step=316799, pairs_total=6335994
[2026-03-02 20:52:19,613] INFO:fitness.free_loss_fidelity: RL4CO free-loss step 40/200: score=9.591156 (avg=11.424389), loss=0.563394 (avg=0.588970), pairs_step=316799, pairs_total=12671988
[2026-03-02 20:52:26,258] INFO:fitness.free_loss_fidelity: RL4CO free-loss step 60/200: score=9.407845 (avg=10.774905), loss=0.529784 (avg=0.573678), pairs_step=316800, pairs_total=19007984
[2026-03-02 20:52:32,920] INFO:fitness.free_loss_fidelity: RL4CO free-loss step 80/200: score=9.325275 (avg=10.414345), loss=0.517821 (avg=0.561058), pairs_step=316800, pairs_total=25343979
[2026-03-02 20:52:39,544] INFO:fitness.free_loss_fidelity: RL4CO free-loss step 100/200: score=9.157485 (avg=10.178730), loss=0.514465 (avg=0.553732), pairs_step=316800, pairs_total=31679973
[2026-03-02 20:52:46,178] INFO:fitness.free_loss_fidelity: RL4CO free-loss step 120/200: score=9.124211 (avg=10.011184), loss=0.519942 (avg=0.548690), pairs_step=316800, pairs_total=38015968
[2026-03-02 20:52:52,812] INFO:fitness.free_loss_fidelity: RL4CO free-loss step 140/200: score=9.134060 (avg=9.885201), loss=0.527352 (avg=0.544534), pairs_step=316800, pairs_total=44351964
[2026-03-02 20:52:59,446] INFO:fitness.free_loss_fidelity: RL4CO free-loss step 160/200: score=9.080940 (avg=9.783952), loss=0.520151 (avg=0.541886), pairs_step=316800, pairs_total=50687956
[2026-03-02 20:53:06,109] INFO:fitness.free_loss_fidelity: RL4CO free-loss step 180/200: score=8.978509 (avg=9.699279), loss=0.533398 (avg=0.540243), pairs_step=316798, pairs_total=57023948
[2026-03-02 20:53:12,728] INFO:fitness.free_loss_fidelity: RL4CO free-loss step 200/200: score=8.908897 (avg=9.624008), loss=0.521347 (avg=0.539215), pairs_step=316800, pairs_total=63359941
[2026-03-02 20:53:13,820] WARNING:fitness.free_loss_fidelity: weights_only checkpoint load failed (UnpicklingError); retrying weights_only=False for /data1/gushengda/eam-rl4co/baseline/epoch_135.ckpt
[2026-03-02 20:53:13,864] INFO:fitness.free_loss_fidelity: Loaded init checkpoint into policy: path=/data1/gushengda/eam-rl4co/baseline/epoch_135.ckpt prefix=policy. matched=97 missing=0 unexpected=0
[2026-03-02 20:53:13,869] INFO:fitness.free_loss_fidelity: RL4CO free-loss (step-mode): f1_steps=200, f2_steps=0, total_steps=200, train_problem_size=100, rollouts=100, batch_size=64, device=cuda:0, env=tsp
[2026-03-02 20:53:14,252] INFO:fitness.free_loss_fidelity: RL4CO free-loss step 1/200: score=7.803347 (avg=7.803347), loss=0.669376 (avg=0.669376), pairs_step=315697, pairs_total=315697
[2026-03-02 20:53:20,544] INFO:fitness.free_loss_fidelity: RL4CO free-loss step 20/200: score=7.775792 (avg=7.808905), loss=0.659295 (avg=0.665501), pairs_step=316081, pairs_total=6318438
[2026-03-02 20:53:27,139] INFO:fitness.free_loss_fidelity: RL4CO free-loss step 40/200: score=7.816145 (avg=7.802724), loss=0.659386 (avg=0.662382), pairs_step=315663, pairs_total=12635657
[2026-03-02 20:53:33,750] INFO:fitness.free_loss_fidelity: RL4CO free-loss step 60/200: score=7.814657 (avg=7.798762), loss=0.650632 (avg=0.658293), pairs_step=315775, pairs_total=18954657
[2026-03-02 20:53:40,368] INFO:fitness.free_loss_fidelity: RL4CO free-loss step 80/200: score=7.790141 (avg=7.797171), loss=0.645553 (avg=0.653337), pairs_step=316104, pairs_total=25276157
[2026-03-02 20:53:47,014] INFO:fitness.free_loss_fidelity: RL4CO free-loss step 100/200: score=7.757854 (avg=7.797827), loss=0.634421 (avg=0.650169), pairs_step=316255, pairs_total=31598591
[2026-03-02 20:53:53,667] INFO:fitness.free_loss_fidelity: RL4CO free-loss step 120/200: score=7.776099 (avg=7.799508), loss=0.626694 (avg=0.646366), pairs_step=316183, pairs_total=37921758
[2026-03-02 20:54:00,313] INFO:fitness.free_loss_fidelity: RL4CO free-loss step 140/200: score=7.827501 (avg=7.800525), loss=0.628223 (avg=0.643045), pairs_step=315946, pairs_total=44242484
[2026-03-02 20:54:06,932] INFO:fitness.free_loss_fidelity: RL4CO free-loss step 160/200: score=7.791521 (avg=7.799787), loss=0.602164 (avg=0.638898), pairs_step=316122, pairs_total=50565576
[2026-03-02 20:54:13,567] INFO:fitness.free_loss_fidelity: RL4CO free-loss step 180/200: score=7.787982 (avg=7.798771), loss=0.576838 (avg=0.633785), pairs_step=316026, pairs_total=56887938
[2026-03-02 20:54:20,179] INFO:fitness.free_loss_fidelity: RL4CO free-loss step 200/200: score=7.808940 (avg=7.797619), loss=0.548393 (avg=0.627864), pairs_step=316094, pairs_total=63211983
[2026-03-02 20:54:21,271] WARNING:fitness.free_loss_fidelity: weights_only checkpoint load failed (UnpicklingError); retrying weights_only=False for /data1/gushengda/eam-rl4co/baseline/epoch_409.ckpt
[2026-03-02 20:54:21,309] INFO:fitness.free_loss_fidelity: Loaded init checkpoint into policy: path=/data1/gushengda/eam-rl4co/baseline/epoch_409.ckpt prefix=policy. matched=97 missing=0 unexpected=0
[2026-03-02 20:54:21,314] INFO:fitness.free_loss_fidelity: RL4CO free-loss (step-mode): f1_steps=200, f2_steps=0, total_steps=200, train_problem_size=100, rollouts=100, batch_size=64, device=cuda:0, env=tsp
[2026-03-02 20:54:21,693] INFO:fitness.free_loss_fidelity: RL4CO free-loss step 1/200: score=7.807477 (avg=7.807477), loss=0.188473 (avg=0.188473), pairs_step=315750, pairs_total=315750
[2026-03-02 20:54:28,005] INFO:fitness.free_loss_fidelity: RL4CO free-loss step 20/200: score=7.782036 (avg=7.808582), loss=0.175256 (avg=0.180662), pairs_step=315965, pairs_total=6318891
[2026-03-02 20:54:34,643] INFO:fitness.free_loss_fidelity: RL4CO free-loss step 40/200: score=7.816924 (avg=7.802859), loss=0.181495 (avg=0.179834), pairs_step=316175, pairs_total=12638594
[2026-03-02 20:54:41,251] INFO:fitness.free_loss_fidelity: RL4CO free-loss step 60/200: score=7.813716 (avg=7.799085), loss=0.183676 (avg=0.180631), pairs_step=315887, pairs_total=18958607
[2026-03-02 20:54:48,069] INFO:fitness.free_loss_fidelity: RL4CO free-loss step 80/200: score=7.795027 (avg=7.797232), loss=0.182336 (avg=0.181155), pairs_step=316028, pairs_total=25277395
[2026-03-02 20:54:54,697] INFO:fitness.free_loss_fidelity: RL4CO free-loss step 100/200: score=7.753006 (avg=7.797478), loss=0.188518 (avg=0.182105), pairs_step=315776, pairs_total=31595648
[2026-03-02 20:55:01,334] INFO:fitness.free_loss_fidelity: RL4CO free-loss step 120/200: score=7.775145 (avg=7.798961), loss=0.178132 (avg=0.182378), pairs_step=315768, pairs_total=37914879
[2026-03-02 20:55:07,952] INFO:fitness.free_loss_fidelity: RL4CO free-loss step 140/200: score=7.821958 (avg=7.799842), loss=0.181509 (avg=0.182442), pairs_step=315990, pairs_total=44233861
[2026-03-02 20:55:14,581] INFO:fitness.free_loss_fidelity: RL4CO free-loss step 160/200: score=7.789339 (avg=7.798856), loss=0.183864 (avg=0.182247), pairs_step=316105, pairs_total=50553454
[2026-03-02 20:55:21,209] INFO:fitness.free_loss_fidelity: RL4CO free-loss step 180/200: score=7.779696 (avg=7.797473), loss=0.184213 (avg=0.182203), pairs_step=315712, pairs_total=56872404
[2026-03-02 20:55:27,843] INFO:fitness.free_loss_fidelity: RL4CO free-loss step 200/200: score=7.812776 (avg=7.796112), loss=0.175908 (avg=0.182000), pairs_step=315925, pairs_total=63192658
