[2026-03-02 15:59:34,146] INFO:fitness.free_loss_fidelity: Stage3 offline mini-train start gen=3 pair_index=5 K=200 seed=12345 valid_sizes=[100] baseline_json=baseline/mini_eval/baseline_minitrain_tsp100_K200.json
[2026-03-02 15:59:39,950] INFO:fitness.free_loss_fidelity: RL4CO free-loss (step-mode): f1_steps=200, f2_steps=0, total_steps=200, train_problem_size=100, rollouts=100, batch_size=64, device=cuda:3, env=tsp
[2026-03-02 15:59:40,650] INFO:fitness.free_loss_fidelity: RL4CO free-loss step 1/200: score=36.122910 (avg=36.122910), loss=0.743615 (avg=0.743615), pairs_step=316800, pairs_total=316800
[2026-03-02 15:59:46,982] INFO:fitness.free_loss_fidelity: RL4CO free-loss step 20/200: score=9.861095 (avg=12.727391), loss=0.594781 (avg=0.602836), pairs_step=316800, pairs_total=6336000
[2026-03-02 15:59:53,315] INFO:fitness.free_loss_fidelity: RL4CO free-loss step 40/200: score=9.373222 (avg=11.112057), loss=0.598532 (avg=0.599184), pairs_step=316800, pairs_total=12671997
[2026-03-02 15:59:59,654] INFO:fitness.free_loss_fidelity: RL4CO free-loss step 60/200: score=9.149476 (avg=10.474585), loss=0.579105 (avg=0.596479), pairs_step=316799, pairs_total=19007990
[2026-03-02 16:00:05,997] INFO:fitness.free_loss_fidelity: RL4CO free-loss step 80/200: score=8.996319 (avg=10.115053), loss=0.586538 (avg=0.592832), pairs_step=316800, pairs_total=25343985
[2026-03-02 16:00:12,349] INFO:fitness.free_loss_fidelity: RL4CO free-loss step 100/200: score=8.842389 (avg=9.878816), loss=0.581951 (avg=0.590716), pairs_step=316800, pairs_total=31679983
[2026-03-02 16:00:18,701] INFO:fitness.free_loss_fidelity: RL4CO free-loss step 120/200: score=8.757767 (avg=9.706485), loss=0.582459 (avg=0.589748), pairs_step=316800, pairs_total=38015976
[2026-03-02 16:00:25,066] INFO:fitness.free_loss_fidelity: RL4CO free-loss step 140/200: score=8.750599 (avg=9.570460), loss=0.583425 (avg=0.589234), pairs_step=316800, pairs_total=44351972
[2026-03-02 16:00:31,438] INFO:fitness.free_loss_fidelity: RL4CO free-loss step 160/200: score=8.619959 (avg=9.458410), loss=0.590287 (avg=0.589748), pairs_step=316800, pairs_total=50687969
[2026-03-02 16:00:37,812] INFO:fitness.free_loss_fidelity: RL4CO free-loss step 180/200: score=8.534714 (avg=9.362552), loss=0.596520 (avg=0.590542), pairs_step=316800, pairs_total=57023964
[2026-03-02 16:00:44,193] INFO:fitness.free_loss_fidelity: RL4CO free-loss step 200/200: score=8.560362 (avg=9.280783), loss=0.599033 (avg=0.591336), pairs_step=316800, pairs_total=63359960
[2026-03-02 16:00:45,308] WARNING:fitness.free_loss_fidelity: weights_only checkpoint load failed (UnpicklingError); retrying weights_only=False for /data1/gushengda/eam-rl4co/baseline/epoch_135.ckpt
[2026-03-02 16:00:45,363] INFO:fitness.free_loss_fidelity: Loaded init checkpoint into policy: path=/data1/gushengda/eam-rl4co/baseline/epoch_135.ckpt prefix=policy. matched=97 missing=0 unexpected=0
[2026-03-02 16:00:45,370] INFO:fitness.free_loss_fidelity: RL4CO free-loss (step-mode): f1_steps=200, f2_steps=0, total_steps=200, train_problem_size=100, rollouts=100, batch_size=64, device=cuda:3, env=tsp
[2026-03-02 16:00:45,702] INFO:fitness.free_loss_fidelity: RL4CO free-loss step 1/200: score=7.803347 (avg=7.803347), loss=0.673539 (avg=0.673539), pairs_step=315697, pairs_total=315697
[2026-03-02 16:00:51,780] INFO:fitness.free_loss_fidelity: RL4CO free-loss step 20/200: score=7.777276 (avg=7.807552), loss=0.673912 (avg=0.673358), pairs_step=315878, pairs_total=6316555
[2026-03-02 16:00:58,154] INFO:fitness.free_loss_fidelity: RL4CO free-loss step 40/200: score=7.816553 (avg=7.802099), loss=0.674670 (avg=0.673203), pairs_step=315955, pairs_total=12630923
[2026-03-02 16:01:04,545] INFO:fitness.free_loss_fidelity: RL4CO free-loss step 60/200: score=7.816813 (avg=7.798824), loss=0.676632 (avg=0.673282), pairs_step=315704, pairs_total=18944605
[2026-03-02 16:01:10,932] INFO:fitness.free_loss_fidelity: RL4CO free-loss step 80/200: score=7.798207 (avg=7.797591), loss=0.672855 (avg=0.673162), pairs_step=315837, pairs_total=25259605
[2026-03-02 16:01:17,315] INFO:fitness.free_loss_fidelity: RL4CO free-loss step 100/200: score=7.758707 (avg=7.798442), loss=0.674363 (avg=0.673153), pairs_step=315697, pairs_total=31575292
[2026-03-02 16:01:23,713] INFO:fitness.free_loss_fidelity: RL4CO free-loss step 120/200: score=7.775632 (avg=7.800426), loss=0.674285 (avg=0.673186), pairs_step=315539, pairs_total=37887503
[2026-03-02 16:01:30,114] INFO:fitness.free_loss_fidelity: RL4CO free-loss step 140/200: score=7.829622 (avg=7.801316), loss=0.672934 (avg=0.673184), pairs_step=315505, pairs_total=44201238
[2026-03-02 16:01:36,510] INFO:fitness.free_loss_fidelity: RL4CO free-loss step 160/200: score=7.796878 (avg=7.800723), loss=0.674032 (avg=0.673076), pairs_step=315385, pairs_total=50514886
[2026-03-02 16:01:42,902] INFO:fitness.free_loss_fidelity: RL4CO free-loss step 180/200: score=7.783403 (avg=7.799648), loss=0.670010 (avg=0.673108), pairs_step=315010, pairs_total=56826132
[2026-03-02 16:01:49,291] INFO:fitness.free_loss_fidelity: RL4CO free-loss step 200/200: score=7.808556 (avg=7.798496), loss=0.670657 (avg=0.673133), pairs_step=315470, pairs_total=63138616
[2026-03-02 16:01:50,405] WARNING:fitness.free_loss_fidelity: weights_only checkpoint load failed (UnpicklingError); retrying weights_only=False for /data1/gushengda/eam-rl4co/baseline/epoch_409.ckpt
[2026-03-02 16:01:50,695] INFO:fitness.free_loss_fidelity: Loaded init checkpoint into policy: path=/data1/gushengda/eam-rl4co/baseline/epoch_409.ckpt prefix=policy. matched=97 missing=0 unexpected=0
[2026-03-02 16:01:50,701] INFO:fitness.free_loss_fidelity: RL4CO free-loss (step-mode): f1_steps=200, f2_steps=0, total_steps=200, train_problem_size=100, rollouts=100, batch_size=64, device=cuda:3, env=tsp
[2026-03-02 16:01:51,027] INFO:fitness.free_loss_fidelity: RL4CO free-loss step 1/200: score=7.807477 (avg=7.807477), loss=0.229740 (avg=0.229740), pairs_step=315750, pairs_total=315750
[2026-03-02 16:01:57,095] INFO:fitness.free_loss_fidelity: RL4CO free-loss step 20/200: score=7.782226 (avg=7.807706), loss=0.227093 (avg=0.226711), pairs_step=315943, pairs_total=6319158
[2026-03-02 16:02:03,490] INFO:fitness.free_loss_fidelity: RL4CO free-loss step 40/200: score=7.818310 (avg=7.802384), loss=0.204618 (avg=0.220085), pairs_step=316047, pairs_total=12637101
[2026-03-02 16:02:09,867] INFO:fitness.free_loss_fidelity: RL4CO free-loss step 60/200: score=7.811715 (avg=7.798563), loss=0.212236 (avg=0.215924), pairs_step=315559, pairs_total=18953945
[2026-03-02 16:02:16,262] INFO:fitness.free_loss_fidelity: RL4CO free-loss step 80/200: score=7.795091 (avg=7.797183), loss=0.225968 (avg=0.215607), pairs_step=315786, pairs_total=25271275
[2026-03-02 16:02:22,652] INFO:fitness.free_loss_fidelity: RL4CO free-loss step 100/200: score=7.756298 (avg=7.797573), loss=0.223167 (avg=0.217735), pairs_step=315802, pairs_total=31588141
[2026-03-02 16:02:29,049] INFO:fitness.free_loss_fidelity: RL4CO free-loss step 120/200: score=7.778210 (avg=7.799061), loss=0.203914 (avg=0.216377), pairs_step=315833, pairs_total=37904266
[2026-03-02 16:02:35,447] INFO:fitness.free_loss_fidelity: RL4CO free-loss step 140/200: score=7.823235 (avg=7.799964), loss=0.210822 (avg=0.215172), pairs_step=315376, pairs_total=44217887
[2026-03-02 16:02:41,846] INFO:fitness.free_loss_fidelity: RL4CO free-loss step 160/200: score=7.794621 (avg=7.799233), loss=0.227739 (avg=0.215706), pairs_step=315918, pairs_total=50531186
[2026-03-02 16:02:48,240] INFO:fitness.free_loss_fidelity: RL4CO free-loss step 180/200: score=7.780110 (avg=7.798102), loss=0.218369 (avg=0.216568), pairs_step=315089, pairs_total=56842003
[2026-03-02 16:02:54,631] INFO:fitness.free_loss_fidelity: RL4CO free-loss step 200/200: score=7.813978 (avg=7.796826), loss=0.198039 (avg=0.215744), pairs_step=315361, pairs_total=63154041
