[2026-03-02 16:52:44,455] INFO:fitness.free_loss_fidelity: Stage3 offline mini-train start gen=4 pair_index=20 K=200 seed=12345 valid_sizes=[100] baseline_json=baseline/mini_eval/baseline_minitrain_tsp100_K200.json
[2026-03-02 16:52:44,476] INFO:fitness.free_loss_fidelity: RL4CO free-loss (step-mode): f1_steps=200, f2_steps=0, total_steps=200, train_problem_size=100, rollouts=100, batch_size=64, device=cuda:1, env=tsp
[2026-03-02 16:52:44,814] INFO:fitness.free_loss_fidelity: RL4CO free-loss step 1/200: score=36.122910 (avg=36.122910), loss=0.742798 (avg=0.742798), pairs_step=316800, pairs_total=316800
[2026-03-02 16:52:50,916] INFO:fitness.free_loss_fidelity: RL4CO free-loss step 20/200: score=9.850693 (avg=12.664550), loss=0.624788 (avg=0.635489), pairs_step=316800, pairs_total=6335998
[2026-03-02 16:52:57,535] INFO:fitness.free_loss_fidelity: RL4CO free-loss step 40/200: score=9.312006 (avg=11.074121), loss=0.628588 (avg=0.631445), pairs_step=316800, pairs_total=12671992
[2026-03-02 16:53:03,975] INFO:fitness.free_loss_fidelity: RL4CO free-loss step 60/200: score=9.110220 (avg=10.443906), loss=0.621910 (avg=0.629100), pairs_step=316800, pairs_total=19007991
[2026-03-02 16:53:10,392] INFO:fitness.free_loss_fidelity: RL4CO free-loss step 80/200: score=8.924509 (avg=10.087323), loss=0.612043 (avg=0.626314), pairs_step=316800, pairs_total=25343988
[2026-03-02 16:53:16,821] INFO:fitness.free_loss_fidelity: RL4CO free-loss step 100/200: score=8.837976 (avg=9.852800), loss=0.613841 (avg=0.624800), pairs_step=316800, pairs_total=31679979
[2026-03-02 16:53:23,257] INFO:fitness.free_loss_fidelity: RL4CO free-loss step 120/200: score=8.748955 (avg=9.682612), loss=0.620267 (avg=0.623902), pairs_step=316800, pairs_total=38015977
[2026-03-02 16:53:29,680] INFO:fitness.free_loss_fidelity: RL4CO free-loss step 140/200: score=8.735830 (avg=9.549453), loss=0.625870 (avg=0.623447), pairs_step=316800, pairs_total=44351970
[2026-03-02 16:53:36,106] INFO:fitness.free_loss_fidelity: RL4CO free-loss step 160/200: score=8.648369 (avg=9.438694), loss=0.623506 (avg=0.623579), pairs_step=316800, pairs_total=50687967
[2026-03-02 16:53:42,523] INFO:fitness.free_loss_fidelity: RL4CO free-loss step 180/200: score=8.550684 (avg=9.342730), loss=0.622930 (avg=0.624019), pairs_step=316799, pairs_total=57023964
[2026-03-02 16:53:48,940] INFO:fitness.free_loss_fidelity: RL4CO free-loss step 200/200: score=8.521303 (avg=9.262291), loss=0.630645 (avg=0.624457), pairs_step=316798, pairs_total=63359960
[2026-03-02 16:53:50,067] WARNING:fitness.free_loss_fidelity: weights_only checkpoint load failed (UnpicklingError); retrying weights_only=False for /data1/gushengda/eam-rl4co/baseline/epoch_135.ckpt
[2026-03-02 16:53:50,103] INFO:fitness.free_loss_fidelity: Loaded init checkpoint into policy: path=/data1/gushengda/eam-rl4co/baseline/epoch_135.ckpt prefix=policy. matched=97 missing=0 unexpected=0
[2026-03-02 16:53:50,108] INFO:fitness.free_loss_fidelity: RL4CO free-loss (step-mode): f1_steps=200, f2_steps=0, total_steps=200, train_problem_size=100, rollouts=100, batch_size=64, device=cuda:1, env=tsp
[2026-03-02 16:53:50,435] INFO:fitness.free_loss_fidelity: RL4CO free-loss step 1/200: score=7.803347 (avg=7.803347), loss=0.679148 (avg=0.679148), pairs_step=315697, pairs_total=315697
[2026-03-02 16:53:56,521] INFO:fitness.free_loss_fidelity: RL4CO free-loss step 20/200: score=7.776770 (avg=7.808720), loss=0.678082 (avg=0.678419), pairs_step=315784, pairs_total=6316649
[2026-03-02 16:54:02,930] INFO:fitness.free_loss_fidelity: RL4CO free-loss step 40/200: score=7.818022 (avg=7.802481), loss=0.678972 (avg=0.678351), pairs_step=315914, pairs_total=12632360
[2026-03-02 16:54:09,361] INFO:fitness.free_loss_fidelity: RL4CO free-loss step 60/200: score=7.815808 (avg=7.799127), loss=0.679264 (avg=0.678694), pairs_step=315209, pairs_total=18943648
[2026-03-02 16:54:15,773] INFO:fitness.free_loss_fidelity: RL4CO free-loss step 80/200: score=7.795326 (avg=7.797666), loss=0.676280 (avg=0.678723), pairs_step=315579, pairs_total=25258345
[2026-03-02 16:54:22,190] INFO:fitness.free_loss_fidelity: RL4CO free-loss step 100/200: score=7.762639 (avg=7.798896), loss=0.679848 (avg=0.678778), pairs_step=315760, pairs_total=31573165
[2026-03-02 16:54:28,612] INFO:fitness.free_loss_fidelity: RL4CO free-loss step 120/200: score=7.777422 (avg=7.800236), loss=0.677775 (avg=0.678773), pairs_step=315488, pairs_total=37885034
[2026-03-02 16:54:35,036] INFO:fitness.free_loss_fidelity: RL4CO free-loss step 140/200: score=7.832057 (avg=7.801255), loss=0.679744 (avg=0.678803), pairs_step=315529, pairs_total=44195863
[2026-03-02 16:54:41,452] INFO:fitness.free_loss_fidelity: RL4CO free-loss step 160/200: score=7.796247 (avg=7.800863), loss=0.678367 (avg=0.678781), pairs_step=315169, pairs_total=50506790
[2026-03-02 16:54:47,866] INFO:fitness.free_loss_fidelity: RL4CO free-loss step 180/200: score=7.781798 (avg=7.799612), loss=0.677909 (avg=0.678754), pairs_step=315683, pairs_total=56817788
[2026-03-02 16:54:54,285] INFO:fitness.free_loss_fidelity: RL4CO free-loss step 200/200: score=7.808961 (avg=7.798601), loss=0.675288 (avg=0.678745), pairs_step=315003, pairs_total=63129418
[2026-03-02 16:54:55,403] WARNING:fitness.free_loss_fidelity: weights_only checkpoint load failed (UnpicklingError); retrying weights_only=False for /data1/gushengda/eam-rl4co/baseline/epoch_409.ckpt
[2026-03-02 16:54:55,433] INFO:fitness.free_loss_fidelity: Loaded init checkpoint into policy: path=/data1/gushengda/eam-rl4co/baseline/epoch_409.ckpt prefix=policy. matched=97 missing=0 unexpected=0
[2026-03-02 16:54:55,438] INFO:fitness.free_loss_fidelity: RL4CO free-loss (step-mode): f1_steps=200, f2_steps=0, total_steps=200, train_problem_size=100, rollouts=100, batch_size=64, device=cuda:1, env=tsp
[2026-03-02 16:54:55,772] INFO:fitness.free_loss_fidelity: RL4CO free-loss step 1/200: score=7.807477 (avg=7.807477), loss=0.245503 (avg=0.245503), pairs_step=315750, pairs_total=315750
[2026-03-02 16:55:01,874] INFO:fitness.free_loss_fidelity: RL4CO free-loss step 20/200: score=7.782362 (avg=7.808048), loss=0.235283 (avg=0.249243), pairs_step=316140, pairs_total=6319336
[2026-03-02 16:55:08,311] INFO:fitness.free_loss_fidelity: RL4CO free-loss step 40/200: score=7.815766 (avg=7.802037), loss=0.238153 (avg=0.241864), pairs_step=315808, pairs_total=12638108
[2026-03-02 16:55:14,748] INFO:fitness.free_loss_fidelity: RL4CO free-loss step 60/200: score=7.811310 (avg=7.798447), loss=0.238460 (avg=0.240161), pairs_step=315708, pairs_total=18955793
[2026-03-02 16:55:21,186] INFO:fitness.free_loss_fidelity: RL4CO free-loss step 80/200: score=7.791194 (avg=7.796785), loss=0.227031 (avg=0.237878), pairs_step=315819, pairs_total=25272961
[2026-03-02 16:55:27,631] INFO:fitness.free_loss_fidelity: RL4CO free-loss step 100/200: score=7.758670 (avg=7.797389), loss=0.236166 (avg=0.236332), pairs_step=315935, pairs_total=31592288
[2026-03-02 16:55:34,276] INFO:fitness.free_loss_fidelity: RL4CO free-loss step 120/200: score=7.775297 (avg=7.798732), loss=0.236312 (avg=0.236540), pairs_step=315614, pairs_total=37910030
[2026-03-02 16:55:40,692] INFO:fitness.free_loss_fidelity: RL4CO free-loss step 140/200: score=7.821670 (avg=7.799463), loss=0.235185 (avg=0.236397), pairs_step=315303, pairs_total=44225637
[2026-03-02 16:55:47,118] INFO:fitness.free_loss_fidelity: RL4CO free-loss step 160/200: score=7.788278 (avg=7.798584), loss=0.240654 (avg=0.236012), pairs_step=316036, pairs_total=50542478
[2026-03-02 16:55:53,551] INFO:fitness.free_loss_fidelity: RL4CO free-loss step 180/200: score=7.784610 (avg=7.797307), loss=0.233544 (avg=0.236314), pairs_step=315674, pairs_total=56857951
[2026-03-02 16:55:59,973] INFO:fitness.free_loss_fidelity: RL4CO free-loss step 200/200: score=7.810868 (avg=7.795956), loss=0.230842 (avg=0.235805), pairs_step=315409, pairs_total=63173019
