[2026-03-03 10:33:56,042] INFO:fitness.free_loss_fidelity: Stage3 offline mini-train start gen=19 pair_index=15 K=1000 seed=12345 valid_sizes=[100] baseline_json=baseline/mini_eval/baseline_minitrain_tsp100_K1000.json
[2026-03-03 10:34:02,096] INFO:fitness.free_loss_fidelity: RL4CO free-loss (step-mode): f1_steps=1000, f2_steps=0, total_steps=1000, train_problem_size=100, rollouts=100, batch_size=64, device=cuda:1, env=tsp
[2026-03-03 10:34:02,864] INFO:fitness.free_loss_fidelity: RL4CO free-loss step 1/1000: score=36.122910 (avg=36.122910), loss=0.726751 (avg=0.726751), pairs_step=16384, pairs_total=16384
[2026-03-03 10:34:41,304] INFO:fitness.free_loss_fidelity: RL4CO free-loss step 100/1000: score=9.765299 (avg=10.803569), loss=0.677030 (avg=0.683287), pairs_step=16384, pairs_total=1638400
[2026-03-03 10:35:17,895] INFO:fitness.free_loss_fidelity: RL4CO free-loss step 200/1000: score=9.605119 (avg=10.248258), loss=0.674795 (avg=0.679115), pairs_step=16384, pairs_total=3276800
[2026-03-03 10:35:53,858] INFO:fitness.free_loss_fidelity: RL4CO free-loss step 300/1000: score=9.405210 (avg=10.000933), loss=0.674268 (avg=0.677590), pairs_step=16384, pairs_total=4915200
[2026-03-03 10:36:27,585] INFO:fitness.free_loss_fidelity: RL4CO free-loss step 400/1000: score=9.275098 (avg=9.831957), loss=0.672487 (avg=0.676811), pairs_step=16384, pairs_total=6553600
[2026-03-03 10:37:00,466] INFO:fitness.free_loss_fidelity: RL4CO free-loss step 500/1000: score=9.059126 (avg=9.696984), loss=0.675577 (avg=0.676322), pairs_step=16384, pairs_total=8192000
[2026-03-03 10:37:33,337] INFO:fitness.free_loss_fidelity: RL4CO free-loss step 600/1000: score=8.921659 (avg=9.586919), loss=0.674157 (avg=0.675917), pairs_step=16384, pairs_total=9830400
[2026-03-03 10:38:06,529] INFO:fitness.free_loss_fidelity: RL4CO free-loss step 700/1000: score=8.956677 (avg=9.498626), loss=0.673320 (avg=0.675617), pairs_step=16384, pairs_total=11468800
[2026-03-03 10:38:40,000] INFO:fitness.free_loss_fidelity: RL4CO free-loss step 800/1000: score=8.891656 (avg=9.424600), loss=0.673401 (avg=0.675419), pairs_step=16384, pairs_total=13107200
[2026-03-03 10:39:13,259] INFO:fitness.free_loss_fidelity: RL4CO free-loss step 900/1000: score=8.858994 (avg=9.361970), loss=0.674609 (avg=0.675211), pairs_step=16384, pairs_total=14745600
[2026-03-03 10:39:46,547] INFO:fitness.free_loss_fidelity: RL4CO free-loss step 1000/1000: score=8.849260 (avg=9.308756), loss=0.672754 (avg=0.675047), pairs_step=16384, pairs_total=16384000
[2026-03-03 10:39:47,692] WARNING:fitness.free_loss_fidelity: weights_only checkpoint load failed (UnpicklingError); retrying weights_only=False for /data1/gushengda/eam-rl4co/baseline/epoch_135.ckpt
[2026-03-03 10:39:47,736] INFO:fitness.free_loss_fidelity: Loaded init checkpoint into policy: path=/data1/gushengda/eam-rl4co/baseline/epoch_135.ckpt prefix=policy. matched=97 missing=0 unexpected=0
[2026-03-03 10:39:47,742] INFO:fitness.free_loss_fidelity: RL4CO free-loss (step-mode): f1_steps=1000, f2_steps=0, total_steps=1000, train_problem_size=100, rollouts=100, batch_size=64, device=cuda:1, env=tsp
[2026-03-03 10:39:48,106] INFO:fitness.free_loss_fidelity: RL4CO free-loss step 1/1000: score=7.803347 (avg=7.803347), loss=0.689866 (avg=0.689866), pairs_step=8722, pairs_total=8722
[2026-03-03 10:40:21,281] INFO:fitness.free_loss_fidelity: RL4CO free-loss step 100/1000: score=7.783648 (avg=7.821386), loss=0.688459 (avg=0.689615), pairs_step=13103, pairs_total=1166611
[2026-03-03 10:40:54,750] INFO:fitness.free_loss_fidelity: RL4CO free-loss step 200/1000: score=7.825824 (avg=7.821892), loss=0.686760 (avg=0.688306), pairs_step=12904, pairs_total=2419903
[2026-03-03 10:41:27,888] INFO:fitness.free_loss_fidelity: RL4CO free-loss step 300/1000: score=7.831326 (avg=7.823195), loss=0.686637 (avg=0.687453), pairs_step=12060, pairs_total=3687385
[2026-03-03 10:42:00,986] INFO:fitness.free_loss_fidelity: RL4CO free-loss step 400/1000: score=7.843869 (avg=7.823599), loss=0.684577 (avg=0.687053), pairs_step=12193, pairs_total=4926607
[2026-03-03 10:42:34,125] INFO:fitness.free_loss_fidelity: RL4CO free-loss step 500/1000: score=7.797756 (avg=7.823093), loss=0.685689 (avg=0.686798), pairs_step=12565, pairs_total=6163113
[2026-03-03 10:43:07,649] INFO:fitness.free_loss_fidelity: RL4CO free-loss step 600/1000: score=7.783933 (avg=7.822966), loss=0.686103 (avg=0.686565), pairs_step=12493, pairs_total=7420842
[2026-03-03 10:43:41,426] INFO:fitness.free_loss_fidelity: RL4CO free-loss step 700/1000: score=7.831486 (avg=7.823220), loss=0.684798 (avg=0.686374), pairs_step=11731, pairs_total=8670376
[2026-03-03 10:44:15,162] INFO:fitness.free_loss_fidelity: RL4CO free-loss step 800/1000: score=7.821442 (avg=7.823439), loss=0.683907 (avg=0.686231), pairs_step=12202, pairs_total=9912037
[2026-03-03 10:44:48,848] INFO:fitness.free_loss_fidelity: RL4CO free-loss step 900/1000: score=7.861413 (avg=7.823276), loss=0.684399 (avg=0.686101), pairs_step=12433, pairs_total=11142644
[2026-03-03 10:45:22,497] INFO:fitness.free_loss_fidelity: RL4CO free-loss step 1000/1000: score=7.846007 (avg=7.823154), loss=0.684553 (avg=0.686002), pairs_step=11704, pairs_total=12376913
[2026-03-03 10:45:23,632] WARNING:fitness.free_loss_fidelity: weights_only checkpoint load failed (UnpicklingError); retrying weights_only=False for /data1/gushengda/eam-rl4co/baseline/epoch_409.ckpt
[2026-03-03 10:45:23,671] INFO:fitness.free_loss_fidelity: Loaded init checkpoint into policy: path=/data1/gushengda/eam-rl4co/baseline/epoch_409.ckpt prefix=policy. matched=97 missing=0 unexpected=0
[2026-03-03 10:45:23,677] INFO:fitness.free_loss_fidelity: RL4CO free-loss (step-mode): f1_steps=1000, f2_steps=0, total_steps=1000, train_problem_size=100, rollouts=100, batch_size=64, device=cuda:1, env=tsp
[2026-03-03 10:45:24,070] INFO:fitness.free_loss_fidelity: RL4CO free-loss step 1/1000: score=7.807477 (avg=7.807477), loss=0.522681 (avg=0.522681), pairs_step=14386, pairs_total=14386
[2026-03-03 10:45:57,599] INFO:fitness.free_loss_fidelity: RL4CO free-loss step 100/1000: score=7.754851 (avg=7.801407), loss=0.644966 (avg=0.621576), pairs_step=14787, pairs_total=1476147
[2026-03-03 10:46:31,341] INFO:fitness.free_loss_fidelity: RL4CO free-loss step 200/1000: score=7.822296 (avg=7.800880), loss=0.660603 (avg=0.638936), pairs_step=14871, pairs_total=2957597
[2026-03-03 10:47:05,012] INFO:fitness.free_loss_fidelity: RL4CO free-loss step 300/1000: score=7.808326 (avg=7.801318), loss=0.668427 (avg=0.647576), pairs_step=14822, pairs_total=4447922
[2026-03-03 10:47:38,711] INFO:fitness.free_loss_fidelity: RL4CO free-loss step 400/1000: score=7.824170 (avg=7.800768), loss=0.668563 (avg=0.652855), pairs_step=14593, pairs_total=5916983
[2026-03-03 10:48:12,455] INFO:fitness.free_loss_fidelity: RL4CO free-loss step 500/1000: score=7.775699 (avg=7.799859), loss=0.672019 (avg=0.656482), pairs_step=14400, pairs_total=7352500
[2026-03-03 10:48:46,317] INFO:fitness.free_loss_fidelity: RL4CO free-loss step 600/1000: score=7.757316 (avg=7.799386), loss=0.672705 (avg=0.659138), pairs_step=14410, pairs_total=8771464
[2026-03-03 10:49:20,014] INFO:fitness.free_loss_fidelity: RL4CO free-loss step 700/1000: score=7.809926 (avg=7.799293), loss=0.673659 (avg=0.661179), pairs_step=13270, pairs_total=10164593
[2026-03-03 10:49:53,720] INFO:fitness.free_loss_fidelity: RL4CO free-loss step 800/1000: score=7.794345 (avg=7.799334), loss=0.671945 (avg=0.662821), pairs_step=14013, pairs_total=11534326
[2026-03-03 10:50:27,407] INFO:fitness.free_loss_fidelity: RL4CO free-loss step 900/1000: score=7.836628 (avg=7.799106), loss=0.675563 (avg=0.664122), pairs_step=13694, pairs_total=12890865
[2026-03-03 10:51:01,118] INFO:fitness.free_loss_fidelity: RL4CO free-loss step 1000/1000: score=7.826765 (avg=7.798770), loss=0.674192 (avg=0.665202), pairs_step=13512, pairs_total=14241039
