[2026-03-03 04:10:08,294] INFO:fitness.free_loss_fidelity: Stage3 offline mini-train start gen=15 pair_index=26 K=200 seed=12345 valid_sizes=[100] baseline_json=baseline/mini_eval/baseline_minitrain_tsp100_K200.json
[2026-03-03 04:10:08,312] INFO:fitness.free_loss_fidelity: RL4CO free-loss (step-mode): f1_steps=200, f2_steps=0, total_steps=200, train_problem_size=100, rollouts=100, batch_size=64, device=cuda:2, env=tsp
[2026-03-03 04:10:08,640] INFO:fitness.free_loss_fidelity: RL4CO free-loss step 1/200: score=36.122910 (avg=36.122910), loss=0.732477 (avg=0.732477), pairs_step=1024, pairs_total=1024
[2026-03-03 04:10:14,736] INFO:fitness.free_loss_fidelity: RL4CO free-loss step 20/200: score=11.758926 (avg=14.774062), loss=0.650934 (avg=0.661973), pairs_step=1024, pairs_total=20480
[2026-03-03 04:10:21,152] INFO:fitness.free_loss_fidelity: RL4CO free-loss step 40/200: score=10.629755 (avg=12.856730), loss=0.632700 (avg=0.651795), pairs_step=1024, pairs_total=40960
[2026-03-03 04:10:27,578] INFO:fitness.free_loss_fidelity: RL4CO free-loss step 60/200: score=10.111533 (avg=12.101715), loss=0.629761 (avg=0.639925), pairs_step=1024, pairs_total=61440
[2026-03-03 04:10:33,988] INFO:fitness.free_loss_fidelity: RL4CO free-loss step 80/200: score=10.405394 (avg=11.638860), loss=0.604441 (avg=0.636980), pairs_step=1024, pairs_total=81920
[2026-03-03 04:10:40,392] INFO:fitness.free_loss_fidelity: RL4CO free-loss step 100/200: score=9.634543 (avg=11.286949), loss=0.600079 (avg=0.633269), pairs_step=1024, pairs_total=102400
[2026-03-03 04:10:46,817] INFO:fitness.free_loss_fidelity: RL4CO free-loss step 120/200: score=9.706163 (avg=11.056856), loss=0.550939 (avg=0.626542), pairs_step=1024, pairs_total=122880
[2026-03-03 04:10:53,237] INFO:fitness.free_loss_fidelity: RL4CO free-loss step 140/200: score=11.276678 (avg=11.041370), loss=0.612743 (avg=0.620113), pairs_step=1024, pairs_total=143360
[2026-03-03 04:10:59,645] INFO:fitness.free_loss_fidelity: RL4CO free-loss step 160/200: score=9.940763 (avg=10.953543), loss=0.604087 (avg=0.620490), pairs_step=1024, pairs_total=163840
[2026-03-03 04:11:06,050] INFO:fitness.free_loss_fidelity: RL4CO free-loss step 180/200: score=9.327835 (avg=10.819827), loss=0.628348 (avg=0.619360), pairs_step=1024, pairs_total=184320
[2026-03-03 04:11:12,461] INFO:fitness.free_loss_fidelity: RL4CO free-loss step 200/200: score=9.407591 (avg=10.683509), loss=0.573507 (avg=0.618057), pairs_step=1024, pairs_total=204800
[2026-03-03 04:11:13,581] WARNING:fitness.free_loss_fidelity: weights_only checkpoint load failed (UnpicklingError); retrying weights_only=False for /data1/gushengda/eam-rl4co/baseline/epoch_135.ckpt
[2026-03-03 04:11:13,623] INFO:fitness.free_loss_fidelity: Loaded init checkpoint into policy: path=/data1/gushengda/eam-rl4co/baseline/epoch_135.ckpt prefix=policy. matched=97 missing=0 unexpected=0
[2026-03-03 04:11:13,629] INFO:fitness.free_loss_fidelity: RL4CO free-loss (step-mode): f1_steps=200, f2_steps=0, total_steps=200, train_problem_size=100, rollouts=100, batch_size=64, device=cuda:2, env=tsp
[2026-03-03 04:11:13,964] INFO:fitness.free_loss_fidelity: RL4CO free-loss step 1/200: score=7.803347 (avg=7.803347), loss=0.691125 (avg=0.691125), pairs_step=1024, pairs_total=1024
[2026-03-03 04:11:20,059] INFO:fitness.free_loss_fidelity: RL4CO free-loss step 20/200: score=7.809918 (avg=7.828889), loss=0.699813 (avg=0.692192), pairs_step=1024, pairs_total=20480
[2026-03-03 04:11:26,466] INFO:fitness.free_loss_fidelity: RL4CO free-loss step 40/200: score=7.866893 (avg=7.835556), loss=0.692058 (avg=0.691561), pairs_step=1024, pairs_total=40960
[2026-03-03 04:11:33,056] INFO:fitness.free_loss_fidelity: RL4CO free-loss step 60/200: score=7.871414 (avg=7.839400), loss=0.680991 (avg=0.691321), pairs_step=1024, pairs_total=61440
[2026-03-03 04:11:39,463] INFO:fitness.free_loss_fidelity: RL4CO free-loss step 80/200: score=7.848776 (avg=7.840267), loss=0.687394 (avg=0.691077), pairs_step=1024, pairs_total=81920
[2026-03-03 04:11:45,867] INFO:fitness.free_loss_fidelity: RL4CO free-loss step 100/200: score=7.832417 (avg=7.844628), loss=0.685805 (avg=0.690441), pairs_step=1024, pairs_total=102400
[2026-03-03 04:11:52,273] INFO:fitness.free_loss_fidelity: RL4CO free-loss step 120/200: score=7.849968 (avg=7.851545), loss=0.691399 (avg=0.689723), pairs_step=1024, pairs_total=122880
[2026-03-03 04:11:58,668] INFO:fitness.free_loss_fidelity: RL4CO free-loss step 140/200: score=7.888929 (avg=7.854824), loss=0.690117 (avg=0.689119), pairs_step=1024, pairs_total=143360
[2026-03-03 04:12:05,075] INFO:fitness.free_loss_fidelity: RL4CO free-loss step 160/200: score=7.860632 (avg=7.855921), loss=0.699027 (avg=0.689033), pairs_step=1024, pairs_total=163840
[2026-03-03 04:12:11,480] INFO:fitness.free_loss_fidelity: RL4CO free-loss step 180/200: score=7.861480 (avg=7.855950), loss=0.682744 (avg=0.688978), pairs_step=1024, pairs_total=184320
[2026-03-03 04:12:17,884] INFO:fitness.free_loss_fidelity: RL4CO free-loss step 200/200: score=7.872628 (avg=7.856548), loss=0.696393 (avg=0.688840), pairs_step=1024, pairs_total=204800
[2026-03-03 04:12:19,000] WARNING:fitness.free_loss_fidelity: weights_only checkpoint load failed (UnpicklingError); retrying weights_only=False for /data1/gushengda/eam-rl4co/baseline/epoch_409.ckpt
[2026-03-03 04:12:19,042] INFO:fitness.free_loss_fidelity: Loaded init checkpoint into policy: path=/data1/gushengda/eam-rl4co/baseline/epoch_409.ckpt prefix=policy. matched=97 missing=0 unexpected=0
[2026-03-03 04:12:19,048] INFO:fitness.free_loss_fidelity: RL4CO free-loss (step-mode): f1_steps=200, f2_steps=0, total_steps=200, train_problem_size=100, rollouts=100, batch_size=64, device=cuda:2, env=tsp
[2026-03-03 04:12:19,374] INFO:fitness.free_loss_fidelity: RL4CO free-loss step 1/200: score=7.807477 (avg=7.807477), loss=0.694665 (avg=0.694665), pairs_step=1024, pairs_total=1024
[2026-03-03 04:12:25,466] INFO:fitness.free_loss_fidelity: RL4CO free-loss step 20/200: score=7.797726 (avg=7.819712), loss=0.696402 (avg=0.693610), pairs_step=1024, pairs_total=20480
[2026-03-03 04:12:31,873] INFO:fitness.free_loss_fidelity: RL4CO free-loss step 40/200: score=7.833852 (avg=7.816009), loss=0.699033 (avg=0.692970), pairs_step=1024, pairs_total=40960
[2026-03-03 04:12:38,273] INFO:fitness.free_loss_fidelity: RL4CO free-loss step 60/200: score=7.829642 (avg=7.813421), loss=0.687713 (avg=0.691869), pairs_step=1024, pairs_total=61440
[2026-03-03 04:12:44,684] INFO:fitness.free_loss_fidelity: RL4CO free-loss step 80/200: score=7.813552 (avg=7.812309), loss=0.689371 (avg=0.691410), pairs_step=1024, pairs_total=81920
[2026-03-03 04:12:51,092] INFO:fitness.free_loss_fidelity: RL4CO free-loss step 100/200: score=7.778224 (avg=7.813980), loss=0.689953 (avg=0.690942), pairs_step=1024, pairs_total=102400
[2026-03-03 04:12:57,498] INFO:fitness.free_loss_fidelity: RL4CO free-loss step 120/200: score=7.794065 (avg=7.816823), loss=0.683238 (avg=0.690580), pairs_step=1024, pairs_total=122880
[2026-03-03 04:13:03,905] INFO:fitness.free_loss_fidelity: RL4CO free-loss step 140/200: score=7.850649 (avg=7.818758), loss=0.687898 (avg=0.690304), pairs_step=1024, pairs_total=143360
[2026-03-03 04:13:10,307] INFO:fitness.free_loss_fidelity: RL4CO free-loss step 160/200: score=7.823755 (avg=7.818665), loss=0.683833 (avg=0.690315), pairs_step=1024, pairs_total=163840
[2026-03-03 04:13:16,720] INFO:fitness.free_loss_fidelity: RL4CO free-loss step 180/200: score=7.804080 (avg=7.818030), loss=0.685699 (avg=0.690277), pairs_step=1024, pairs_total=184320
[2026-03-03 04:13:23,138] INFO:fitness.free_loss_fidelity: RL4CO free-loss step 200/200: score=7.834172 (avg=7.817220), loss=0.692127 (avg=0.689941), pairs_step=1024, pairs_total=204800
