[2026-03-02 20:55:36,890] INFO:fitness.free_loss_fidelity: Stage3 offline mini-train start gen=9 pair_index=15 K=200 seed=12345 valid_sizes=[100] baseline_json=baseline/mini_eval/baseline_minitrain_tsp100_K200.json
[2026-03-02 20:55:36,907] INFO:fitness.free_loss_fidelity: RL4CO free-loss (step-mode): f1_steps=200, f2_steps=0, total_steps=200, train_problem_size=100, rollouts=100, batch_size=64, device=cuda:2, env=tsp
[2026-03-02 20:55:37,312] INFO:fitness.free_loss_fidelity: RL4CO free-loss step 1/200: score=36.122910 (avg=36.122910), loss=0.718362 (avg=0.718362), pairs_step=316800, pairs_total=316800
[2026-03-02 20:55:44,093] INFO:fitness.free_loss_fidelity: RL4CO free-loss step 20/200: score=9.760898 (avg=12.552479), loss=0.634113 (avg=0.643691), pairs_step=316800, pairs_total=6335997
[2026-03-02 20:55:51,202] INFO:fitness.free_loss_fidelity: RL4CO free-loss step 40/200: score=9.292308 (avg=11.006807), loss=0.640387 (avg=0.640383), pairs_step=316799, pairs_total=12671995
[2026-03-02 20:55:58,283] INFO:fitness.free_loss_fidelity: RL4CO free-loss step 60/200: score=9.122587 (avg=10.398130), loss=0.623605 (avg=0.637431), pairs_step=316800, pairs_total=19007994
[2026-03-02 20:56:05,373] INFO:fitness.free_loss_fidelity: RL4CO free-loss step 80/200: score=8.948515 (avg=10.045917), loss=0.626395 (avg=0.634964), pairs_step=316799, pairs_total=25343990
[2026-03-02 20:56:12,508] INFO:fitness.free_loss_fidelity: RL4CO free-loss step 100/200: score=8.835503 (avg=9.820446), loss=0.624889 (avg=0.633241), pairs_step=316800, pairs_total=31679986
[2026-03-02 20:56:19,607] INFO:fitness.free_loss_fidelity: RL4CO free-loss step 120/200: score=8.750675 (avg=9.656680), loss=0.632096 (avg=0.632608), pairs_step=316800, pairs_total=38015983
[2026-03-02 20:56:26,699] INFO:fitness.free_loss_fidelity: RL4CO free-loss step 140/200: score=8.747087 (avg=9.525807), loss=0.630345 (avg=0.632587), pairs_step=316799, pairs_total=44351974
[2026-03-02 20:56:33,774] INFO:fitness.free_loss_fidelity: RL4CO free-loss step 160/200: score=8.617069 (avg=9.416710), loss=0.636718 (avg=0.632845), pairs_step=316799, pairs_total=50687967
[2026-03-02 20:56:40,821] INFO:fitness.free_loss_fidelity: RL4CO free-loss step 180/200: score=8.528820 (avg=9.323870), loss=0.634901 (avg=0.633131), pairs_step=316800, pairs_total=57023963
[2026-03-02 20:56:47,848] INFO:fitness.free_loss_fidelity: RL4CO free-loss step 200/200: score=8.568027 (avg=9.244480), loss=0.635381 (avg=0.633473), pairs_step=316800, pairs_total=63359957
[2026-03-02 20:56:48,956] WARNING:fitness.free_loss_fidelity: weights_only checkpoint load failed (UnpicklingError); retrying weights_only=False for /data1/gushengda/eam-rl4co/baseline/epoch_135.ckpt
[2026-03-02 20:56:48,995] INFO:fitness.free_loss_fidelity: Loaded init checkpoint into policy: path=/data1/gushengda/eam-rl4co/baseline/epoch_135.ckpt prefix=policy. matched=97 missing=0 unexpected=0
[2026-03-02 20:56:49,000] INFO:fitness.free_loss_fidelity: RL4CO free-loss (step-mode): f1_steps=200, f2_steps=0, total_steps=200, train_problem_size=100, rollouts=100, batch_size=64, device=cuda:2, env=tsp
[2026-03-02 20:56:49,368] INFO:fitness.free_loss_fidelity: RL4CO free-loss step 1/200: score=7.803347 (avg=7.803347), loss=0.680867 (avg=0.680867), pairs_step=315697, pairs_total=315697
[2026-03-02 20:56:56,066] INFO:fitness.free_loss_fidelity: RL4CO free-loss step 20/200: score=7.778629 (avg=7.809590), loss=0.681163 (avg=0.680242), pairs_step=315708, pairs_total=6316781
[2026-03-02 20:57:03,135] INFO:fitness.free_loss_fidelity: RL4CO free-loss step 40/200: score=7.816880 (avg=7.803018), loss=0.680451 (avg=0.680092), pairs_step=316138, pairs_total=12633117
[2026-03-02 20:57:10,219] INFO:fitness.free_loss_fidelity: RL4CO free-loss step 60/200: score=7.814773 (avg=7.799829), loss=0.680790 (avg=0.680246), pairs_step=315607, pairs_total=18947664
[2026-03-02 20:57:17,263] INFO:fitness.free_loss_fidelity: RL4CO free-loss step 80/200: score=7.796151 (avg=7.798850), loss=0.678837 (avg=0.680118), pairs_step=315573, pairs_total=25262472
[2026-03-02 20:57:24,289] INFO:fitness.free_loss_fidelity: RL4CO free-loss step 100/200: score=7.756192 (avg=7.799245), loss=0.680162 (avg=0.680059), pairs_step=315663, pairs_total=31577309
[2026-03-02 20:57:31,325] INFO:fitness.free_loss_fidelity: RL4CO free-loss step 120/200: score=7.772647 (avg=7.800789), loss=0.680105 (avg=0.679984), pairs_step=315399, pairs_total=37890542
[2026-03-02 20:57:38,374] INFO:fitness.free_loss_fidelity: RL4CO free-loss step 140/200: score=7.827817 (avg=7.801621), loss=0.679902 (avg=0.679945), pairs_step=315337, pairs_total=44203356
[2026-03-02 20:57:45,438] INFO:fitness.free_loss_fidelity: RL4CO free-loss step 160/200: score=7.793517 (avg=7.800686), loss=0.680362 (avg=0.679866), pairs_step=315122, pairs_total=50517241
[2026-03-02 20:57:52,696] INFO:fitness.free_loss_fidelity: RL4CO free-loss step 180/200: score=7.784339 (avg=7.799519), loss=0.680713 (avg=0.679881), pairs_step=315473, pairs_total=56829249
[2026-03-02 20:57:59,727] INFO:fitness.free_loss_fidelity: RL4CO free-loss step 200/200: score=7.805784 (avg=7.798353), loss=0.676438 (avg=0.679801), pairs_step=315714, pairs_total=63141578
[2026-03-02 20:58:00,835] WARNING:fitness.free_loss_fidelity: weights_only checkpoint load failed (UnpicklingError); retrying weights_only=False for /data1/gushengda/eam-rl4co/baseline/epoch_409.ckpt
[2026-03-02 20:58:00,872] INFO:fitness.free_loss_fidelity: Loaded init checkpoint into policy: path=/data1/gushengda/eam-rl4co/baseline/epoch_409.ckpt prefix=policy. matched=97 missing=0 unexpected=0
[2026-03-02 20:58:00,877] INFO:fitness.free_loss_fidelity: RL4CO free-loss (step-mode): f1_steps=200, f2_steps=0, total_steps=200, train_problem_size=100, rollouts=100, batch_size=64, device=cuda:2, env=tsp
[2026-03-02 20:58:01,246] INFO:fitness.free_loss_fidelity: RL4CO free-loss step 1/200: score=7.807477 (avg=7.807477), loss=0.373315 (avg=0.373315), pairs_step=315750, pairs_total=315750
[2026-03-02 20:58:07,940] INFO:fitness.free_loss_fidelity: RL4CO free-loss step 20/200: score=7.780800 (avg=7.807876), loss=0.383655 (avg=0.378801), pairs_step=315961, pairs_total=6317358
[2026-03-02 20:58:14,973] INFO:fitness.free_loss_fidelity: RL4CO free-loss step 40/200: score=7.810229 (avg=7.801006), loss=0.381565 (avg=0.380476), pairs_step=315907, pairs_total=12634410
[2026-03-02 20:58:22,026] INFO:fitness.free_loss_fidelity: RL4CO free-loss step 60/200: score=7.811676 (avg=7.798194), loss=0.384949 (avg=0.381072), pairs_step=315313, pairs_total=18950245
[2026-03-02 20:58:29,083] INFO:fitness.free_loss_fidelity: RL4CO free-loss step 80/200: score=7.794257 (avg=7.796656), loss=0.387387 (avg=0.382206), pairs_step=315837, pairs_total=25265974
[2026-03-02 20:58:36,119] INFO:fitness.free_loss_fidelity: RL4CO free-loss step 100/200: score=7.756152 (avg=7.797241), loss=0.382768 (avg=0.382230), pairs_step=315845, pairs_total=31581704
[2026-03-02 20:58:43,186] INFO:fitness.free_loss_fidelity: RL4CO free-loss step 120/200: score=7.773488 (avg=7.798685), loss=0.382139 (avg=0.381996), pairs_step=315801, pairs_total=37896769
[2026-03-02 20:58:50,222] INFO:fitness.free_loss_fidelity: RL4CO free-loss step 140/200: score=7.821372 (avg=7.799375), loss=0.387200 (avg=0.382320), pairs_step=315336, pairs_total=44210065
[2026-03-02 20:58:57,257] INFO:fitness.free_loss_fidelity: RL4CO free-loss step 160/200: score=7.795092 (avg=7.798848), loss=0.386958 (avg=0.382803), pairs_step=315752, pairs_total=50524991
[2026-03-02 20:59:04,331] INFO:fitness.free_loss_fidelity: RL4CO free-loss step 180/200: score=7.786745 (avg=7.797719), loss=0.387709 (avg=0.383076), pairs_step=315059, pairs_total=56837767
[2026-03-02 20:59:11,455] INFO:fitness.free_loss_fidelity: RL4CO free-loss step 200/200: score=7.809951 (avg=7.796426), loss=0.386104 (avg=0.383622), pairs_step=314854, pairs_total=63149771
