[2026-03-03 07:56:22,813] INFO:fitness.free_loss_fidelity: Stage3 offline mini-train start gen=17 pair_index=29 K=200 seed=12345 valid_sizes=[100] baseline_json=baseline/mini_eval/baseline_minitrain_tsp100_K200.json
[2026-03-03 07:56:22,831] INFO:fitness.free_loss_fidelity: RL4CO free-loss (step-mode): f1_steps=200, f2_steps=0, total_steps=200, train_problem_size=100, rollouts=100, batch_size=64, device=cuda:2, env=tsp
[2026-03-03 07:56:23,168] INFO:fitness.free_loss_fidelity: RL4CO free-loss step 1/200: score=36.122910 (avg=36.122910), loss=0.747062 (avg=0.747062), pairs_step=13056, pairs_total=13056
[2026-03-03 07:56:29,297] INFO:fitness.free_loss_fidelity: RL4CO free-loss step 20/200: score=10.073022 (avg=12.891239), loss=0.563246 (avg=0.566500), pairs_step=13056, pairs_total=261120
[2026-03-03 07:56:35,758] INFO:fitness.free_loss_fidelity: RL4CO free-loss step 40/200: score=9.455220 (avg=11.305358), loss=0.567795 (avg=0.563343), pairs_step=13056, pairs_total=522240
[2026-03-03 07:56:42,223] INFO:fitness.free_loss_fidelity: RL4CO free-loss step 60/200: score=9.333393 (avg=10.656493), loss=0.559932 (avg=0.564189), pairs_step=13056, pairs_total=783360
[2026-03-03 07:56:48,683] INFO:fitness.free_loss_fidelity: RL4CO free-loss step 80/200: score=9.072713 (avg=10.285851), loss=0.548230 (avg=0.561110), pairs_step=13056, pairs_total=1044480
[2026-03-03 07:56:55,144] INFO:fitness.free_loss_fidelity: RL4CO free-loss step 100/200: score=8.943606 (avg=10.046578), loss=0.536529 (avg=0.558218), pairs_step=13056, pairs_total=1305600
[2026-03-03 07:57:01,608] INFO:fitness.free_loss_fidelity: RL4CO free-loss step 120/200: score=8.958037 (avg=9.876528), loss=0.551436 (avg=0.555243), pairs_step=13056, pairs_total=1566720
[2026-03-03 07:57:08,069] INFO:fitness.free_loss_fidelity: RL4CO free-loss step 140/200: score=8.974581 (avg=9.740050), loss=0.530250 (avg=0.553662), pairs_step=13056, pairs_total=1827840
[2026-03-03 07:57:14,544] INFO:fitness.free_loss_fidelity: RL4CO free-loss step 160/200: score=8.808021 (avg=9.630196), loss=0.557829 (avg=0.553173), pairs_step=13056, pairs_total=2088960
[2026-03-03 07:57:21,023] INFO:fitness.free_loss_fidelity: RL4CO free-loss step 180/200: score=8.779613 (avg=9.537218), loss=0.556329 (avg=0.553032), pairs_step=13056, pairs_total=2350080
[2026-03-03 07:57:27,506] INFO:fitness.free_loss_fidelity: RL4CO free-loss step 200/200: score=8.758301 (avg=9.457831), loss=0.561254 (avg=0.553388), pairs_step=13056, pairs_total=2611200
[2026-03-03 07:57:28,622] WARNING:fitness.free_loss_fidelity: weights_only checkpoint load failed (UnpicklingError); retrying weights_only=False for /data1/gushengda/eam-rl4co/baseline/epoch_135.ckpt
[2026-03-03 07:57:28,661] INFO:fitness.free_loss_fidelity: Loaded init checkpoint into policy: path=/data1/gushengda/eam-rl4co/baseline/epoch_135.ckpt prefix=policy. matched=97 missing=0 unexpected=0
[2026-03-03 07:57:28,667] INFO:fitness.free_loss_fidelity: RL4CO free-loss (step-mode): f1_steps=200, f2_steps=0, total_steps=200, train_problem_size=100, rollouts=100, batch_size=64, device=cuda:2, env=tsp
[2026-03-03 07:57:29,004] INFO:fitness.free_loss_fidelity: RL4CO free-loss step 1/200: score=7.803347 (avg=7.803347), loss=0.655717 (avg=0.655717), pairs_step=13056, pairs_total=13056
[2026-03-03 07:57:35,136] INFO:fitness.free_loss_fidelity: RL4CO free-loss step 20/200: score=7.790725 (avg=7.814839), loss=0.670421 (avg=0.662625), pairs_step=13056, pairs_total=261120
[2026-03-03 07:57:41,603] INFO:fitness.free_loss_fidelity: RL4CO free-loss step 40/200: score=7.824378 (avg=7.810016), loss=0.663661 (avg=0.662700), pairs_step=13056, pairs_total=522240
[2026-03-03 07:57:48,256] INFO:fitness.free_loss_fidelity: RL4CO free-loss step 60/200: score=7.819942 (avg=7.807271), loss=0.662364 (avg=0.662868), pairs_step=13056, pairs_total=783360
[2026-03-03 07:57:54,712] INFO:fitness.free_loss_fidelity: RL4CO free-loss step 80/200: score=7.801301 (avg=7.804969), loss=0.661828 (avg=0.662563), pairs_step=13056, pairs_total=1044480
[2026-03-03 07:58:01,168] INFO:fitness.free_loss_fidelity: RL4CO free-loss step 100/200: score=7.765012 (avg=7.806036), loss=0.660626 (avg=0.662332), pairs_step=13056, pairs_total=1305600
[2026-03-03 07:58:07,620] INFO:fitness.free_loss_fidelity: RL4CO free-loss step 120/200: score=7.786015 (avg=7.807582), loss=0.660151 (avg=0.662448), pairs_step=13056, pairs_total=1566720
[2026-03-03 07:58:14,081] INFO:fitness.free_loss_fidelity: RL4CO free-loss step 140/200: score=7.843673 (avg=7.808808), loss=0.660982 (avg=0.662741), pairs_step=13056, pairs_total=1827840
[2026-03-03 07:58:20,542] INFO:fitness.free_loss_fidelity: RL4CO free-loss step 160/200: score=7.798422 (avg=7.808387), loss=0.662956 (avg=0.663027), pairs_step=13056, pairs_total=2088960
[2026-03-03 07:58:26,998] INFO:fitness.free_loss_fidelity: RL4CO free-loss step 180/200: score=7.791761 (avg=7.807143), loss=0.655431 (avg=0.662875), pairs_step=13056, pairs_total=2350080
[2026-03-03 07:58:33,458] INFO:fitness.free_loss_fidelity: RL4CO free-loss step 200/200: score=7.822533 (avg=7.806142), loss=0.661099 (avg=0.662984), pairs_step=13056, pairs_total=2611200
[2026-03-03 07:58:34,571] WARNING:fitness.free_loss_fidelity: weights_only checkpoint load failed (UnpicklingError); retrying weights_only=False for /data1/gushengda/eam-rl4co/baseline/epoch_409.ckpt
[2026-03-03 07:58:34,603] INFO:fitness.free_loss_fidelity: Loaded init checkpoint into policy: path=/data1/gushengda/eam-rl4co/baseline/epoch_409.ckpt prefix=policy. matched=97 missing=0 unexpected=0
[2026-03-03 07:58:34,608] INFO:fitness.free_loss_fidelity: RL4CO free-loss (step-mode): f1_steps=200, f2_steps=0, total_steps=200, train_problem_size=100, rollouts=100, batch_size=64, device=cuda:2, env=tsp
[2026-03-03 07:58:34,944] INFO:fitness.free_loss_fidelity: RL4CO free-loss step 1/200: score=7.807477 (avg=7.807477), loss=0.509554 (avg=0.509554), pairs_step=13053, pairs_total=13053
[2026-03-03 07:58:41,080] INFO:fitness.free_loss_fidelity: RL4CO free-loss step 20/200: score=7.784903 (avg=7.808416), loss=0.521255 (avg=0.505975), pairs_step=13056, pairs_total=261117
[2026-03-03 07:58:47,547] INFO:fitness.free_loss_fidelity: RL4CO free-loss step 40/200: score=7.815002 (avg=7.802074), loss=0.512935 (avg=0.511194), pairs_step=13056, pairs_total=522237
[2026-03-03 07:58:53,998] INFO:fitness.free_loss_fidelity: RL4CO free-loss step 60/200: score=7.816990 (avg=7.798739), loss=0.511592 (avg=0.513194), pairs_step=13056, pairs_total=783357
[2026-03-03 07:59:00,453] INFO:fitness.free_loss_fidelity: RL4CO free-loss step 80/200: score=7.791515 (avg=7.797255), loss=0.532325 (avg=0.514489), pairs_step=13056, pairs_total=1044477
[2026-03-03 07:59:06,900] INFO:fitness.free_loss_fidelity: RL4CO free-loss step 100/200: score=7.761635 (avg=7.797971), loss=0.506496 (avg=0.514210), pairs_step=13056, pairs_total=1305597
[2026-03-03 07:59:13,358] INFO:fitness.free_loss_fidelity: RL4CO free-loss step 120/200: score=7.773636 (avg=7.799232), loss=0.456466 (avg=0.507217), pairs_step=13056, pairs_total=1566717
[2026-03-03 07:59:19,812] INFO:fitness.free_loss_fidelity: RL4CO free-loss step 140/200: score=7.821178 (avg=7.799797), loss=0.464971 (avg=0.499643), pairs_step=13056, pairs_total=1827837
[2026-03-03 07:59:26,266] INFO:fitness.free_loss_fidelity: RL4CO free-loss step 160/200: score=7.788139 (avg=7.798564), loss=0.476214 (avg=0.496807), pairs_step=13056, pairs_total=2088957
[2026-03-03 07:59:32,735] INFO:fitness.free_loss_fidelity: RL4CO free-loss step 180/200: score=7.775790 (avg=7.796882), loss=0.490309 (avg=0.495068), pairs_step=13056, pairs_total=2350077
[2026-03-03 07:59:39,198] INFO:fitness.free_loss_fidelity: RL4CO free-loss step 200/200: score=7.810522 (avg=7.795218), loss=0.480702 (avg=0.494266), pairs_step=13056, pairs_total=2611197
