[2026-03-03 07:56:39,200] INFO:fitness.free_loss_fidelity: Stage3 offline mini-train start gen=17 pair_index=30 K=200 seed=12345 valid_sizes=[100] baseline_json=baseline/mini_eval/baseline_minitrain_tsp100_K200.json
[2026-03-03 07:56:39,221] INFO:fitness.free_loss_fidelity: RL4CO free-loss (step-mode): f1_steps=200, f2_steps=0, total_steps=200, train_problem_size=100, rollouts=100, batch_size=64, device=cuda:0, env=tsp
[2026-03-03 07:56:39,552] INFO:fitness.free_loss_fidelity: RL4CO free-loss step 1/200: score=36.122910 (avg=36.122910), loss=0.725599 (avg=0.725599), pairs_step=30603, pairs_total=30603
[2026-03-03 07:56:45,641] INFO:fitness.free_loss_fidelity: RL4CO free-loss step 20/200: score=13.346684 (avg=15.435479), loss=0.689219 (avg=0.694617), pairs_step=30322, pairs_total=608168
[2026-03-03 07:56:52,044] INFO:fitness.free_loss_fidelity: RL4CO free-loss step 40/200: score=10.576092 (avg=13.252434), loss=0.686215 (avg=0.690642), pairs_step=30048, pairs_total=1210961
[2026-03-03 07:56:58,456] INFO:fitness.free_loss_fidelity: RL4CO free-loss step 60/200: score=10.175483 (avg=12.268331), loss=0.682601 (avg=0.688132), pairs_step=29966, pairs_total=1809992
[2026-03-03 07:57:04,861] INFO:fitness.free_loss_fidelity: RL4CO free-loss step 80/200: score=10.099176 (avg=11.727974), loss=0.681603 (avg=0.686552), pairs_step=29905, pairs_total=2408997
[2026-03-03 07:57:11,260] INFO:fitness.free_loss_fidelity: RL4CO free-loss step 100/200: score=9.906931 (avg=11.370538), loss=0.680834 (avg=0.685523), pairs_step=29908, pairs_total=3006442
[2026-03-03 07:57:17,676] INFO:fitness.free_loss_fidelity: RL4CO free-loss step 120/200: score=9.797763 (avg=11.124253), loss=0.681989 (avg=0.684802), pairs_step=29833, pairs_total=3603773
[2026-03-03 07:57:24,080] INFO:fitness.free_loss_fidelity: RL4CO free-loss step 140/200: score=9.910633 (avg=10.943092), loss=0.681182 (avg=0.684222), pairs_step=29919, pairs_total=4200382
[2026-03-03 07:57:30,486] INFO:fitness.free_loss_fidelity: RL4CO free-loss step 160/200: score=9.838904 (avg=10.805751), loss=0.680105 (avg=0.683800), pairs_step=29853, pairs_total=4797208
[2026-03-03 07:57:36,895] INFO:fitness.free_loss_fidelity: RL4CO free-loss step 180/200: score=9.870887 (avg=10.689228), loss=0.680253 (avg=0.683399), pairs_step=29782, pairs_total=5393992
[2026-03-03 07:57:43,301] INFO:fitness.free_loss_fidelity: RL4CO free-loss step 200/200: score=9.793955 (avg=10.595120), loss=0.681380 (avg=0.683096), pairs_step=29808, pairs_total=5989657
[2026-03-03 07:57:44,417] WARNING:fitness.free_loss_fidelity: weights_only checkpoint load failed (UnpicklingError); retrying weights_only=False for /data1/gushengda/eam-rl4co/baseline/epoch_135.ckpt
[2026-03-03 07:57:44,458] INFO:fitness.free_loss_fidelity: Loaded init checkpoint into policy: path=/data1/gushengda/eam-rl4co/baseline/epoch_135.ckpt prefix=policy. matched=97 missing=0 unexpected=0
[2026-03-03 07:57:44,463] INFO:fitness.free_loss_fidelity: RL4CO free-loss (step-mode): f1_steps=200, f2_steps=0, total_steps=200, train_problem_size=100, rollouts=100, batch_size=64, device=cuda:0, env=tsp
[2026-03-03 07:57:44,810] INFO:fitness.free_loss_fidelity: RL4CO free-loss step 1/200: score=7.803347 (avg=7.803347), loss=0.687653 (avg=0.687653), pairs_step=11904, pairs_total=11904
[2026-03-03 07:57:50,897] INFO:fitness.free_loss_fidelity: RL4CO free-loss step 20/200: score=7.810872 (avg=7.825761), loss=0.691264 (avg=0.689109), pairs_step=14428, pairs_total=277178
[2026-03-03 07:57:57,312] INFO:fitness.free_loss_fidelity: RL4CO free-loss step 40/200: score=7.849700 (avg=7.824521), loss=0.690424 (avg=0.689440), pairs_step=15880, pairs_total=586802
[2026-03-03 07:58:03,728] INFO:fitness.free_loss_fidelity: RL4CO free-loss step 60/200: score=7.837462 (avg=7.824092), loss=0.690058 (avg=0.689618), pairs_step=15164, pairs_total=914744
[2026-03-03 07:58:10,156] INFO:fitness.free_loss_fidelity: RL4CO free-loss step 80/200: score=7.826170 (avg=7.823702), loss=0.689200 (avg=0.689840), pairs_step=18341, pairs_total=1243239
[2026-03-03 07:58:16,574] INFO:fitness.free_loss_fidelity: RL4CO free-loss step 100/200: score=7.798104 (avg=7.826219), loss=0.689069 (avg=0.689667), pairs_step=18388, pairs_total=1612959
[2026-03-03 07:58:22,983] INFO:fitness.free_loss_fidelity: RL4CO free-loss step 120/200: score=7.809273 (avg=7.829158), loss=0.688314 (avg=0.689410), pairs_step=18044, pairs_total=1986252
[2026-03-03 07:58:29,408] INFO:fitness.free_loss_fidelity: RL4CO free-loss step 140/200: score=7.871529 (avg=7.831560), loss=0.685063 (avg=0.689136), pairs_step=19604, pairs_total=2373453
[2026-03-03 07:58:35,853] INFO:fitness.free_loss_fidelity: RL4CO free-loss step 160/200: score=7.832528 (avg=7.832310), loss=0.684669 (avg=0.688758), pairs_step=19540, pairs_total=2772937
[2026-03-03 07:58:42,272] INFO:fitness.free_loss_fidelity: RL4CO free-loss step 180/200: score=7.823056 (avg=7.831904), loss=0.684413 (avg=0.688431), pairs_step=18923, pairs_total=3161796
[2026-03-03 07:58:48,691] INFO:fitness.free_loss_fidelity: RL4CO free-loss step 200/200: score=7.836970 (avg=7.830838), loss=0.686707 (avg=0.688247), pairs_step=18703, pairs_total=3524418
[2026-03-03 07:58:49,808] WARNING:fitness.free_loss_fidelity: weights_only checkpoint load failed (UnpicklingError); retrying weights_only=False for /data1/gushengda/eam-rl4co/baseline/epoch_409.ckpt
[2026-03-03 07:58:49,849] INFO:fitness.free_loss_fidelity: Loaded init checkpoint into policy: path=/data1/gushengda/eam-rl4co/baseline/epoch_409.ckpt prefix=policy. matched=97 missing=0 unexpected=0
[2026-03-03 07:58:49,855] INFO:fitness.free_loss_fidelity: RL4CO free-loss (step-mode): f1_steps=200, f2_steps=0, total_steps=200, train_problem_size=100, rollouts=100, batch_size=64, device=cuda:0, env=tsp
[2026-03-03 07:58:50,181] INFO:fitness.free_loss_fidelity: RL4CO free-loss step 1/200: score=7.807477 (avg=7.807477), loss=0.528063 (avg=0.528063), pairs_step=23130, pairs_total=23130
[2026-03-03 07:58:56,284] INFO:fitness.free_loss_fidelity: RL4CO free-loss step 20/200: score=7.794356 (avg=7.813379), loss=0.613545 (avg=0.594464), pairs_step=23809, pairs_total=476381
[2026-03-03 07:59:02,703] INFO:fitness.free_loss_fidelity: RL4CO free-loss step 40/200: score=7.824352 (avg=7.809278), loss=0.628006 (avg=0.608831), pairs_step=24642, pairs_total=964046
[2026-03-03 07:59:09,304] INFO:fitness.free_loss_fidelity: RL4CO free-loss step 60/200: score=7.817526 (avg=7.805516), loss=0.634002 (avg=0.615908), pairs_step=23225, pairs_total=1444161
[2026-03-03 07:59:15,723] INFO:fitness.free_loss_fidelity: RL4CO free-loss step 80/200: score=7.800313 (avg=7.803658), loss=0.645788 (avg=0.621501), pairs_step=24052, pairs_total=1921557
[2026-03-03 07:59:22,141] INFO:fitness.free_loss_fidelity: RL4CO free-loss step 100/200: score=7.757644 (avg=7.804345), loss=0.651661 (avg=0.626689), pairs_step=23304, pairs_total=2397903
[2026-03-03 07:59:28,576] INFO:fitness.free_loss_fidelity: RL4CO free-loss step 120/200: score=7.778868 (avg=7.805610), loss=0.648113 (avg=0.630818), pairs_step=23682, pairs_total=2875927
[2026-03-03 07:59:34,985] INFO:fitness.free_loss_fidelity: RL4CO free-loss step 140/200: score=7.829492 (avg=7.806554), loss=0.657981 (avg=0.634210), pairs_step=23832, pairs_total=3356777
[2026-03-03 07:59:41,413] INFO:fitness.free_loss_fidelity: RL4CO free-loss step 160/200: score=7.799854 (avg=7.806013), loss=0.658104 (avg=0.637187), pairs_step=24128, pairs_total=3845468
[2026-03-03 07:59:47,835] INFO:fitness.free_loss_fidelity: RL4CO free-loss step 180/200: score=7.790838 (avg=7.804842), loss=0.663489 (avg=0.640037), pairs_step=23929, pairs_total=4327453
[2026-03-03 07:59:54,245] INFO:fitness.free_loss_fidelity: RL4CO free-loss step 200/200: score=7.823898 (avg=7.803568), loss=0.663977 (avg=0.642416), pairs_step=23968, pairs_total=4807275
