[2026-03-03 09:17:41,449] INFO:fitness.free_loss_fidelity: Stage3 offline mini-train start gen=18 pair_index=3 K=1000 seed=12345 valid_sizes=[100] baseline_json=baseline/mini_eval/baseline_minitrain_tsp100_K1000.json
[2026-03-03 09:17:47,532] INFO:fitness.free_loss_fidelity: RL4CO free-loss (step-mode): f1_steps=1000, f2_steps=0, total_steps=1000, train_problem_size=100, rollouts=100, batch_size=64, device=cuda:2, env=tsp
[2026-03-03 09:17:48,246] INFO:fitness.free_loss_fidelity: RL4CO free-loss step 1/1000: score=36.122910 (avg=36.122910), loss=0.503939 (avg=0.503939), pairs_step=15228, pairs_total=15228
[2026-03-03 09:18:25,492] INFO:fitness.free_loss_fidelity: RL4CO free-loss step 100/1000: score=38.247246 (avg=36.529549), loss=0.532737 (avg=0.535595), pairs_step=15960, pairs_total=1554740
[2026-03-03 09:18:58,169] INFO:fitness.free_loss_fidelity: RL4CO free-loss step 200/1000: score=33.533859 (avg=37.563413), loss=0.564458 (avg=0.540920), pairs_step=15672, pairs_total=3121209
[2026-03-03 09:19:30,618] INFO:fitness.free_loss_fidelity: RL4CO free-loss step 300/1000: score=27.018225 (avg=33.387533), loss=0.553201 (avg=0.543574), pairs_step=15783, pairs_total=4705065
[2026-03-03 09:20:03,144] INFO:fitness.free_loss_fidelity: RL4CO free-loss step 400/1000: score=30.205101 (avg=31.701787), loss=0.530171 (avg=0.543670), pairs_step=15978, pairs_total=6287670
[2026-03-03 09:20:35,663] INFO:fitness.free_loss_fidelity: RL4CO free-loss step 500/1000: score=30.027275 (avg=30.589628), loss=0.438651 (avg=0.532461), pairs_step=15956, pairs_total=7877033
[2026-03-03 09:21:08,144] INFO:fitness.free_loss_fidelity: RL4CO free-loss step 600/1000: score=19.296118 (avg=30.244266), loss=0.392230 (avg=0.517830), pairs_step=15913, pairs_total=9464531
[2026-03-03 09:21:40,968] INFO:fitness.free_loss_fidelity: RL4CO free-loss step 700/1000: score=29.428146 (avg=28.934135), loss=0.307252 (avg=0.493580), pairs_step=15864, pairs_total=11074770
[2026-03-03 09:22:13,475] INFO:fitness.free_loss_fidelity: RL4CO free-loss step 800/1000: score=47.799522 (avg=29.980800), loss=0.436933 (avg=0.485284), pairs_step=15798, pairs_total=12669249
[2026-03-03 09:22:46,016] INFO:fitness.free_loss_fidelity: RL4CO free-loss step 900/1000: score=39.050846 (avg=30.412356), loss=0.577700 (avg=0.489873), pairs_step=15684, pairs_total=14264621
[2026-03-03 09:23:19,015] INFO:fitness.free_loss_fidelity: RL4CO free-loss step 1000/1000: score=30.466228 (avg=30.911604), loss=0.559686 (avg=0.498234), pairs_step=15929, pairs_total=15847873
[2026-03-03 09:23:20,148] WARNING:fitness.free_loss_fidelity: weights_only checkpoint load failed (UnpicklingError); retrying weights_only=False for /data1/gushengda/eam-rl4co/baseline/epoch_135.ckpt
[2026-03-03 09:23:20,194] INFO:fitness.free_loss_fidelity: Loaded init checkpoint into policy: path=/data1/gushengda/eam-rl4co/baseline/epoch_135.ckpt prefix=policy. matched=97 missing=0 unexpected=0
[2026-03-03 09:23:20,201] INFO:fitness.free_loss_fidelity: RL4CO free-loss (step-mode): f1_steps=1000, f2_steps=0, total_steps=1000, train_problem_size=100, rollouts=100, batch_size=64, device=cuda:2, env=tsp
[2026-03-03 09:23:20,532] INFO:fitness.free_loss_fidelity: RL4CO free-loss step 1/1000: score=7.803347 (avg=7.803347), loss=0.633643 (avg=0.633643), pairs_step=3016, pairs_total=3016
[2026-03-03 09:23:52,753] INFO:fitness.free_loss_fidelity: RL4CO free-loss step 100/1000: score=7.943190 (avg=7.938680), loss=0.637844 (avg=0.637626), pairs_step=7847, pairs_total=564511
[2026-03-03 09:24:25,575] INFO:fitness.free_loss_fidelity: RL4CO free-loss step 200/1000: score=8.465054 (avg=8.080970), loss=0.606182 (avg=0.628073), pairs_step=16159, pairs_total=1962356
[2026-03-03 09:24:58,112] INFO:fitness.free_loss_fidelity: RL4CO free-loss step 300/1000: score=8.631189 (avg=8.247390), loss=0.620821 (avg=0.623961), pairs_step=16071, pairs_total=3556997
[2026-03-03 09:25:30,638] INFO:fitness.free_loss_fidelity: RL4CO free-loss step 400/1000: score=8.727042 (avg=8.359326), loss=0.623185 (avg=0.622891), pairs_step=15821, pairs_total=5153817
[2026-03-03 09:26:03,148] INFO:fitness.free_loss_fidelity: RL4CO free-loss step 500/1000: score=9.895992 (avg=8.426298), loss=0.618591 (avg=0.622447), pairs_step=15975, pairs_total=6748993
[2026-03-03 09:26:35,648] INFO:fitness.free_loss_fidelity: RL4CO free-loss step 600/1000: score=8.463113 (avg=8.460077), loss=0.623694 (avg=0.622449), pairs_step=16133, pairs_total=8347019
[2026-03-03 09:27:08,143] INFO:fitness.free_loss_fidelity: RL4CO free-loss step 700/1000: score=8.804789 (avg=8.471918), loss=0.618256 (avg=0.622607), pairs_step=15903, pairs_total=9943681
[2026-03-03 09:27:40,674] INFO:fitness.free_loss_fidelity: RL4CO free-loss step 800/1000: score=9.175057 (avg=8.517573), loss=0.617812 (avg=0.621853), pairs_step=16037, pairs_total=11548923
[2026-03-03 09:28:13,233] INFO:fitness.free_loss_fidelity: RL4CO free-loss step 900/1000: score=9.653025 (avg=8.562668), loss=0.614216 (avg=0.621275), pairs_step=16096, pairs_total=13160169
[2026-03-03 09:28:45,774] INFO:fitness.free_loss_fidelity: RL4CO free-loss step 1000/1000: score=9.189415 (avg=8.623052), loss=0.621479 (avg=0.621032), pairs_step=16031, pairs_total=14765497
[2026-03-03 09:28:46,904] WARNING:fitness.free_loss_fidelity: weights_only checkpoint load failed (UnpicklingError); retrying weights_only=False for /data1/gushengda/eam-rl4co/baseline/epoch_409.ckpt
[2026-03-03 09:28:46,944] INFO:fitness.free_loss_fidelity: Loaded init checkpoint into policy: path=/data1/gushengda/eam-rl4co/baseline/epoch_409.ckpt prefix=policy. matched=97 missing=0 unexpected=0
[2026-03-03 09:28:46,950] INFO:fitness.free_loss_fidelity: RL4CO free-loss (step-mode): f1_steps=1000, f2_steps=0, total_steps=1000, train_problem_size=100, rollouts=100, batch_size=64, device=cuda:2, env=tsp
[2026-03-03 09:28:47,486] INFO:fitness.free_loss_fidelity: RL4CO free-loss step 1/1000: score=7.807477 (avg=7.807477), loss=0.539077 (avg=0.539077), pairs_step=11498, pairs_total=11498
[2026-03-03 09:29:19,706] INFO:fitness.free_loss_fidelity: RL4CO free-loss step 100/1000: score=12.733612 (avg=9.626950), loss=0.596310 (avg=0.582435), pairs_step=15758, pairs_total=1553687
[2026-03-03 09:29:52,241] INFO:fitness.free_loss_fidelity: RL4CO free-loss step 200/1000: score=11.982450 (avg=12.617371), loss=0.603875 (avg=0.591966), pairs_step=15880, pairs_total=3139307
[2026-03-03 09:30:24,780] INFO:fitness.free_loss_fidelity: RL4CO free-loss step 300/1000: score=12.817196 (avg=12.936465), loss=0.618971 (avg=0.598983), pairs_step=15683, pairs_total=4717679
[2026-03-03 09:30:57,353] INFO:fitness.free_loss_fidelity: RL4CO free-loss step 400/1000: score=13.298471 (avg=12.879602), loss=0.622855 (avg=0.604758), pairs_step=15663, pairs_total=6290830
[2026-03-03 09:31:30,128] INFO:fitness.free_loss_fidelity: RL4CO free-loss step 500/1000: score=11.650519 (avg=12.709031), loss=0.626681 (avg=0.608979), pairs_step=15641, pairs_total=7863902
[2026-03-03 09:32:02,687] INFO:fitness.free_loss_fidelity: RL4CO free-loss step 600/1000: score=12.046155 (avg=12.703791), loss=0.624407 (avg=0.612288), pairs_step=15689, pairs_total=9433627
[2026-03-03 09:32:35,222] INFO:fitness.free_loss_fidelity: RL4CO free-loss step 700/1000: score=10.421129 (avg=12.496962), loss=0.632395 (avg=0.614685), pairs_step=15877, pairs_total=11011467
[2026-03-03 09:33:07,760] INFO:fitness.free_loss_fidelity: RL4CO free-loss step 800/1000: score=11.602436 (avg=12.362420), loss=0.633346 (avg=0.617093), pairs_step=15793, pairs_total=12576774
[2026-03-03 09:33:40,286] INFO:fitness.free_loss_fidelity: RL4CO free-loss step 900/1000: score=12.390902 (avg=12.307586), loss=0.633600 (avg=0.619143), pairs_step=15714, pairs_total=14144329
[2026-03-03 09:34:12,828] INFO:fitness.free_loss_fidelity: RL4CO free-loss step 1000/1000: score=13.348913 (avg=12.485869), loss=0.629700 (avg=0.620423), pairs_step=15781, pairs_total=15719069
