[2026-03-03 03:57:54,903] INFO:fitness.free_loss_fidelity: Stage3 offline mini-train start gen=15 pair_index=11 K=200 seed=12345 valid_sizes=[100] baseline_json=baseline/mini_eval/baseline_minitrain_tsp100_K200.json
[2026-03-03 03:57:54,922] INFO:fitness.free_loss_fidelity: RL4CO free-loss (step-mode): f1_steps=200, f2_steps=0, total_steps=200, train_problem_size=100, rollouts=100, batch_size=64, device=cuda:1, env=tsp
[2026-03-03 03:57:55,305] INFO:fitness.free_loss_fidelity: RL4CO free-loss step 1/200: score=36.122910 (avg=36.122910), loss=0.657190 (avg=0.657190), pairs_step=64, pairs_total=64
[2026-03-03 03:58:02,273] INFO:fitness.free_loss_fidelity: RL4CO free-loss step 20/200: score=10.141779 (avg=12.970189), loss=0.406926 (avg=0.404823), pairs_step=64, pairs_total=1280
[2026-03-03 03:58:09,613] INFO:fitness.free_loss_fidelity: RL4CO free-loss step 40/200: score=9.531115 (avg=11.360692), loss=0.415661 (avg=0.403944), pairs_step=64, pairs_total=2560
[2026-03-03 03:58:16,940] INFO:fitness.free_loss_fidelity: RL4CO free-loss step 60/200: score=9.439616 (avg=10.711001), loss=0.410094 (avg=0.405107), pairs_step=64, pairs_total=3840
[2026-03-03 03:58:24,261] INFO:fitness.free_loss_fidelity: RL4CO free-loss step 80/200: score=9.247765 (avg=10.360960), loss=0.405243 (avg=0.404744), pairs_step=64, pairs_total=5121
[2026-03-03 03:58:31,577] INFO:fitness.free_loss_fidelity: RL4CO free-loss step 100/200: score=9.140938 (avg=10.132232), loss=0.407938 (avg=0.404774), pairs_step=64, pairs_total=6401
[2026-03-03 03:58:38,870] INFO:fitness.free_loss_fidelity: RL4CO free-loss step 120/200: score=9.074110 (avg=9.969210), loss=0.365705 (avg=0.403826), pairs_step=64, pairs_total=7681
[2026-03-03 03:58:46,176] INFO:fitness.free_loss_fidelity: RL4CO free-loss step 140/200: score=9.047377 (avg=9.839064), loss=0.409111 (avg=0.405663), pairs_step=64, pairs_total=8961
[2026-03-03 03:58:53,478] INFO:fitness.free_loss_fidelity: RL4CO free-loss step 160/200: score=8.931631 (avg=9.728711), loss=0.396053 (avg=0.405368), pairs_step=64, pairs_total=10242
[2026-03-03 03:59:00,777] INFO:fitness.free_loss_fidelity: RL4CO free-loss step 180/200: score=8.846222 (avg=9.634165), loss=0.439036 (avg=0.407665), pairs_step=64, pairs_total=11522
[2026-03-03 03:59:08,142] INFO:fitness.free_loss_fidelity: RL4CO free-loss step 200/200: score=8.806623 (avg=9.554364), loss=0.451416 (avg=0.408965), pairs_step=64, pairs_total=12802
[2026-03-03 03:59:09,448] WARNING:fitness.free_loss_fidelity: weights_only checkpoint load failed (UnpicklingError); retrying weights_only=False for /data1/gushengda/eam-rl4co/baseline/epoch_135.ckpt
[2026-03-03 03:59:09,494] INFO:fitness.free_loss_fidelity: Loaded init checkpoint into policy: path=/data1/gushengda/eam-rl4co/baseline/epoch_135.ckpt prefix=policy. matched=97 missing=0 unexpected=0
[2026-03-03 03:59:09,499] INFO:fitness.free_loss_fidelity: RL4CO free-loss (step-mode): f1_steps=200, f2_steps=0, total_steps=200, train_problem_size=100, rollouts=100, batch_size=64, device=cuda:1, env=tsp
[2026-03-03 03:59:09,889] INFO:fitness.free_loss_fidelity: RL4CO free-loss step 1/200: score=7.803347 (avg=7.803347), loss=0.558841 (avg=0.558841), pairs_step=75, pairs_total=75
[2026-03-03 03:59:16,833] INFO:fitness.free_loss_fidelity: RL4CO free-loss step 20/200: score=7.799492 (avg=7.824244), loss=0.600805 (avg=0.588280), pairs_step=70, pairs_total=1482
[2026-03-03 03:59:24,324] INFO:fitness.free_loss_fidelity: RL4CO free-loss step 40/200: score=7.833048 (avg=7.820147), loss=0.620750 (avg=0.591874), pairs_step=69, pairs_total=2934
[2026-03-03 03:59:31,626] INFO:fitness.free_loss_fidelity: RL4CO free-loss step 60/200: score=7.830628 (avg=7.816713), loss=0.603706 (avg=0.598575), pairs_step=76, pairs_total=4391
[2026-03-03 03:59:38,928] INFO:fitness.free_loss_fidelity: RL4CO free-loss step 80/200: score=7.814890 (avg=7.815402), loss=0.583979 (avg=0.599480), pairs_step=78, pairs_total=5840
[2026-03-03 03:59:46,243] INFO:fitness.free_loss_fidelity: RL4CO free-loss step 100/200: score=7.767745 (avg=7.816138), loss=0.616171 (avg=0.602878), pairs_step=71, pairs_total=7291
[2026-03-03 03:59:53,562] INFO:fitness.free_loss_fidelity: RL4CO free-loss step 120/200: score=7.793311 (avg=7.818374), loss=0.610610 (avg=0.604374), pairs_step=69, pairs_total=8741
[2026-03-03 04:00:00,875] INFO:fitness.free_loss_fidelity: RL4CO free-loss step 140/200: score=7.847972 (avg=7.819619), loss=0.607556 (avg=0.605618), pairs_step=72, pairs_total=10186
[2026-03-03 04:00:08,227] INFO:fitness.free_loss_fidelity: RL4CO free-loss step 160/200: score=7.819245 (avg=7.819760), loss=0.618096 (avg=0.605966), pairs_step=71, pairs_total=11632
[2026-03-03 04:00:15,561] INFO:fitness.free_loss_fidelity: RL4CO free-loss step 180/200: score=7.805951 (avg=7.818925), loss=0.627678 (avg=0.607219), pairs_step=69, pairs_total=13071
[2026-03-03 04:00:22,875] INFO:fitness.free_loss_fidelity: RL4CO free-loss step 200/200: score=7.834460 (avg=7.818162), loss=0.625173 (avg=0.609102), pairs_step=71, pairs_total=14530
[2026-03-03 04:00:24,184] WARNING:fitness.free_loss_fidelity: weights_only checkpoint load failed (UnpicklingError); retrying weights_only=False for /data1/gushengda/eam-rl4co/baseline/epoch_409.ckpt
[2026-03-03 04:00:24,225] INFO:fitness.free_loss_fidelity: Loaded init checkpoint into policy: path=/data1/gushengda/eam-rl4co/baseline/epoch_409.ckpt prefix=policy. matched=97 missing=0 unexpected=0
[2026-03-03 04:00:24,231] INFO:fitness.free_loss_fidelity: RL4CO free-loss (step-mode): f1_steps=200, f2_steps=0, total_steps=200, train_problem_size=100, rollouts=100, batch_size=64, device=cuda:1, env=tsp
[2026-03-03 04:00:24,611] INFO:fitness.free_loss_fidelity: RL4CO free-loss step 1/200: score=7.807477 (avg=7.807477), loss=0.009837 (avg=0.009837), pairs_step=108, pairs_total=108
[2026-03-03 04:00:31,579] INFO:fitness.free_loss_fidelity: RL4CO free-loss step 20/200: score=7.784620 (avg=7.811439), loss=0.267270 (avg=0.153620), pairs_step=73, pairs_total=1599
[2026-03-03 04:00:38,920] INFO:fitness.free_loss_fidelity: RL4CO free-loss step 40/200: score=7.825655 (avg=7.807142), loss=0.333680 (avg=0.226999), pairs_step=74, pairs_total=3121
[2026-03-03 04:00:46,220] INFO:fitness.free_loss_fidelity: RL4CO free-loss step 60/200: score=7.829405 (avg=7.805908), loss=0.353655 (avg=0.262660), pairs_step=73, pairs_total=4644
[2026-03-03 04:00:53,531] INFO:fitness.free_loss_fidelity: RL4CO free-loss step 80/200: score=7.815772 (avg=7.805695), loss=0.391594 (avg=0.287940), pairs_step=69, pairs_total=6128
[2026-03-03 04:01:00,860] INFO:fitness.free_loss_fidelity: RL4CO free-loss step 100/200: score=7.779438 (avg=7.807471), loss=0.432956 (avg=0.310659), pairs_step=70, pairs_total=7603
[2026-03-03 04:01:08,189] INFO:fitness.free_loss_fidelity: RL4CO free-loss step 120/200: score=7.790132 (avg=7.809854), loss=0.435622 (avg=0.330731), pairs_step=76, pairs_total=9074
[2026-03-03 04:01:15,513] INFO:fitness.free_loss_fidelity: RL4CO free-loss step 140/200: score=7.842571 (avg=7.811744), loss=0.439021 (avg=0.344398), pairs_step=70, pairs_total=10573
[2026-03-03 04:01:22,829] INFO:fitness.free_loss_fidelity: RL4CO free-loss step 160/200: score=7.810243 (avg=7.810923), loss=0.457908 (avg=0.357619), pairs_step=73, pairs_total=12075
[2026-03-03 04:01:30,144] INFO:fitness.free_loss_fidelity: RL4CO free-loss step 180/200: score=7.798355 (avg=7.809699), loss=0.458055 (avg=0.369117), pairs_step=79, pairs_total=13578
[2026-03-03 04:01:37,468] INFO:fitness.free_loss_fidelity: RL4CO free-loss step 200/200: score=7.814099 (avg=7.808476), loss=0.456627 (avg=0.379978), pairs_step=74, pairs_total=15082
