[2026-03-02 21:55:25,325] INFO:fitness.free_loss_fidelity: Stage3 offline mini-train start gen=10 pair_index=3 K=200 seed=12345 valid_sizes=[100] baseline_json=baseline/mini_eval/baseline_minitrain_tsp100_K200.json
[2026-03-02 21:55:30,953] INFO:fitness.free_loss_fidelity: RL4CO free-loss (step-mode): f1_steps=200, f2_steps=0, total_steps=200, train_problem_size=100, rollouts=100, batch_size=64, device=cuda:3, env=tsp
[2026-03-02 21:55:31,802] INFO:fitness.free_loss_fidelity: RL4CO free-loss step 1/200: score=36.122910 (avg=36.122910), loss=0.649557 (avg=0.649557), pairs_step=128, pairs_total=128
[2026-03-02 21:55:38,006] INFO:fitness.free_loss_fidelity: RL4CO free-loss step 20/200: score=10.331694 (avg=13.004312), loss=0.337381 (avg=0.371835), pairs_step=128, pairs_total=2560
[2026-03-02 21:55:44,542] INFO:fitness.free_loss_fidelity: RL4CO free-loss step 40/200: score=10.018381 (avg=11.567580), loss=0.437812 (avg=0.368015), pairs_step=128, pairs_total=5120
[2026-03-02 21:55:51,072] INFO:fitness.free_loss_fidelity: RL4CO free-loss step 60/200: score=10.034863 (avg=11.071774), loss=0.399195 (avg=0.368524), pairs_step=128, pairs_total=7680
[2026-03-02 21:55:57,595] INFO:fitness.free_loss_fidelity: RL4CO free-loss step 80/200: score=9.817647 (avg=10.777042), loss=0.328290 (avg=0.362776), pairs_step=128, pairs_total=10240
[2026-03-02 21:56:04,146] INFO:fitness.free_loss_fidelity: RL4CO free-loss step 100/200: score=10.392812 (avg=10.607471), loss=0.282841 (avg=0.373071), pairs_step=128, pairs_total=12800
[2026-03-02 21:56:10,699] INFO:fitness.free_loss_fidelity: RL4CO free-loss step 120/200: score=10.118730 (avg=10.563401), loss=0.364670 (avg=0.375085), pairs_step=128, pairs_total=15360
[2026-03-02 21:56:17,260] INFO:fitness.free_loss_fidelity: RL4CO free-loss step 140/200: score=9.848388 (avg=10.481450), loss=0.444946 (avg=0.373378), pairs_step=128, pairs_total=17920
[2026-03-02 21:56:23,830] INFO:fitness.free_loss_fidelity: RL4CO free-loss step 160/200: score=9.603990 (avg=10.381034), loss=0.423991 (avg=0.380605), pairs_step=128, pairs_total=20480
[2026-03-02 21:56:30,395] INFO:fitness.free_loss_fidelity: RL4CO free-loss step 180/200: score=9.485463 (avg=10.284651), loss=0.345122 (avg=0.381521), pairs_step=128, pairs_total=23040
[2026-03-02 21:56:36,952] INFO:fitness.free_loss_fidelity: RL4CO free-loss step 200/200: score=9.455173 (avg=10.204871), loss=0.405669 (avg=0.381945), pairs_step=128, pairs_total=25600
[2026-03-02 21:56:38,063] WARNING:fitness.free_loss_fidelity: weights_only checkpoint load failed (UnpicklingError); retrying weights_only=False for /data1/gushengda/eam-rl4co/baseline/epoch_135.ckpt
[2026-03-02 21:56:38,108] INFO:fitness.free_loss_fidelity: Loaded init checkpoint into policy: path=/data1/gushengda/eam-rl4co/baseline/epoch_135.ckpt prefix=policy. matched=97 missing=0 unexpected=0
[2026-03-02 21:56:38,114] INFO:fitness.free_loss_fidelity: RL4CO free-loss (step-mode): f1_steps=200, f2_steps=0, total_steps=200, train_problem_size=100, rollouts=100, batch_size=64, device=cuda:3, env=tsp
[2026-03-02 21:56:38,455] INFO:fitness.free_loss_fidelity: RL4CO free-loss step 1/200: score=7.803347 (avg=7.803347), loss=0.304986 (avg=0.304986), pairs_step=128, pairs_total=128
[2026-03-02 21:56:44,720] INFO:fitness.free_loss_fidelity: RL4CO free-loss step 20/200: score=7.853145 (avg=7.840590), loss=0.331289 (avg=0.368348), pairs_step=128, pairs_total=2560
[2026-03-02 21:56:51,763] INFO:fitness.free_loss_fidelity: RL4CO free-loss step 40/200: score=7.971666 (avg=7.875516), loss=0.432907 (avg=0.435904), pairs_step=128, pairs_total=5120
[2026-03-02 21:56:59,282] INFO:fitness.free_loss_fidelity: RL4CO free-loss step 60/200: score=7.976864 (avg=7.902441), loss=0.489237 (avg=0.462815), pairs_step=128, pairs_total=7680
[2026-03-02 21:57:06,837] INFO:fitness.free_loss_fidelity: RL4CO free-loss step 80/200: score=8.003607 (avg=7.924111), loss=0.510435 (avg=0.484718), pairs_step=128, pairs_total=10240
[2026-03-02 21:57:14,386] INFO:fitness.free_loss_fidelity: RL4CO free-loss step 100/200: score=8.031937 (avg=7.950055), loss=0.548995 (avg=0.500592), pairs_step=128, pairs_total=12800
[2026-03-02 21:57:21,764] INFO:fitness.free_loss_fidelity: RL4CO free-loss step 120/200: score=8.088693 (avg=7.975041), loss=0.537287 (avg=0.502586), pairs_step=128, pairs_total=15360
[2026-03-02 21:57:29,321] INFO:fitness.free_loss_fidelity: RL4CO free-loss step 140/200: score=8.247558 (avg=8.002584), loss=0.551159 (avg=0.505096), pairs_step=128, pairs_total=17920
[2026-03-02 21:57:36,910] INFO:fitness.free_loss_fidelity: RL4CO free-loss step 160/200: score=8.113334 (avg=8.022502), loss=0.580080 (avg=0.505056), pairs_step=128, pairs_total=20480
[2026-03-02 21:57:44,476] INFO:fitness.free_loss_fidelity: RL4CO free-loss step 180/200: score=8.064895 (avg=8.029541), loss=0.436590 (avg=0.511523), pairs_step=128, pairs_total=23040
[2026-03-02 21:57:52,054] INFO:fitness.free_loss_fidelity: RL4CO free-loss step 200/200: score=8.122139 (avg=8.034527), loss=0.528047 (avg=0.516370), pairs_step=128, pairs_total=25600
[2026-03-02 21:57:53,169] WARNING:fitness.free_loss_fidelity: weights_only checkpoint load failed (UnpicklingError); retrying weights_only=False for /data1/gushengda/eam-rl4co/baseline/epoch_409.ckpt
[2026-03-02 21:57:53,210] INFO:fitness.free_loss_fidelity: Loaded init checkpoint into policy: path=/data1/gushengda/eam-rl4co/baseline/epoch_409.ckpt prefix=policy. matched=97 missing=0 unexpected=0
[2026-03-02 21:57:53,216] INFO:fitness.free_loss_fidelity: RL4CO free-loss (step-mode): f1_steps=200, f2_steps=0, total_steps=200, train_problem_size=100, rollouts=100, batch_size=64, device=cuda:3, env=tsp
[2026-03-02 21:57:53,601] INFO:fitness.free_loss_fidelity: RL4CO free-loss step 1/200: score=7.807477 (avg=7.807477), loss=0.006854 (avg=0.006854), pairs_step=128, pairs_total=128
[2026-03-02 21:58:00,795] INFO:fitness.free_loss_fidelity: RL4CO free-loss step 20/200: score=7.802155 (avg=7.820107), loss=0.160108 (avg=0.084587), pairs_step=128, pairs_total=2560
[2026-03-02 21:58:08,391] INFO:fitness.free_loss_fidelity: RL4CO free-loss step 40/200: score=7.932405 (avg=7.843840), loss=0.283134 (avg=0.184789), pairs_step=128, pairs_total=5120
[2026-03-02 21:58:15,971] INFO:fitness.free_loss_fidelity: RL4CO free-loss step 60/200: score=7.935329 (avg=7.868824), loss=0.532171 (avg=0.229682), pairs_step=128, pairs_total=7680
[2026-03-02 21:58:23,739] INFO:fitness.free_loss_fidelity: RL4CO free-loss step 80/200: score=7.925736 (avg=7.881171), loss=0.328241 (avg=0.242597), pairs_step=128, pairs_total=10240
[2026-03-02 21:58:31,308] INFO:fitness.free_loss_fidelity: RL4CO free-loss step 100/200: score=7.885129 (avg=7.889836), loss=0.575320 (avg=0.266937), pairs_step=128, pairs_total=12800
[2026-03-02 21:58:38,891] INFO:fitness.free_loss_fidelity: RL4CO free-loss step 120/200: score=8.006413 (avg=7.906851), loss=0.374340 (avg=0.285348), pairs_step=128, pairs_total=15360
[2026-03-02 21:58:46,455] INFO:fitness.free_loss_fidelity: RL4CO free-loss step 140/200: score=8.068451 (avg=7.925404), loss=0.346228 (avg=0.297556), pairs_step=128, pairs_total=17920
[2026-03-02 21:58:54,033] INFO:fitness.free_loss_fidelity: RL4CO free-loss step 160/200: score=7.991888 (avg=7.935916), loss=0.403021 (avg=0.307699), pairs_step=128, pairs_total=20480
[2026-03-02 21:59:01,599] INFO:fitness.free_loss_fidelity: RL4CO free-loss step 180/200: score=8.097301 (avg=7.948391), loss=0.444585 (avg=0.328140), pairs_step=128, pairs_total=23040
[2026-03-02 21:59:08,821] INFO:fitness.free_loss_fidelity: RL4CO free-loss step 200/200: score=8.149196 (avg=7.965530), loss=0.439147 (avg=0.345757), pairs_step=128, pairs_total=25600
