[2026-03-03 05:28:20,827] INFO:fitness.free_loss_fidelity: Stage3 offline mini-train start gen=16 pair_index=7 K=200 seed=12345 valid_sizes=[100] baseline_json=baseline/mini_eval/baseline_minitrain_tsp100_K200.json
[2026-03-03 05:28:20,852] INFO:fitness.free_loss_fidelity: RL4CO free-loss (step-mode): f1_steps=200, f2_steps=0, total_steps=200, train_problem_size=100, rollouts=100, batch_size=64, device=cuda:2, env=tsp
[2026-03-03 05:28:21,223] INFO:fitness.free_loss_fidelity: RL4CO free-loss step 1/200: score=36.122910 (avg=36.122910), loss=0.726210 (avg=0.726210), pairs_step=18229, pairs_total=18229
[2026-03-03 05:28:28,117] INFO:fitness.free_loss_fidelity: RL4CO free-loss step 20/200: score=11.731388 (avg=14.914384), loss=0.687293 (avg=0.693171), pairs_step=18146, pairs_total=363852
[2026-03-03 05:28:35,364] INFO:fitness.free_loss_fidelity: RL4CO free-loss step 40/200: score=10.750861 (avg=12.771994), loss=0.684479 (avg=0.690177), pairs_step=18136, pairs_total=726494
[2026-03-03 05:28:42,623] INFO:fitness.free_loss_fidelity: RL4CO free-loss step 60/200: score=9.905095 (avg=11.864010), loss=0.681702 (avg=0.687664), pairs_step=18074, pairs_total=1088199
[2026-03-03 05:28:49,866] INFO:fitness.free_loss_fidelity: RL4CO free-loss step 80/200: score=9.781727 (avg=11.350734), loss=0.678623 (avg=0.685947), pairs_step=18059, pairs_total=1449634
[2026-03-03 05:28:57,116] INFO:fitness.free_loss_fidelity: RL4CO free-loss step 100/200: score=9.785260 (avg=11.051542), loss=0.676779 (avg=0.684496), pairs_step=18053, pairs_total=1811167
[2026-03-03 05:29:04,348] INFO:fitness.free_loss_fidelity: RL4CO free-loss step 120/200: score=9.855185 (avg=10.858200), loss=0.676089 (avg=0.683279), pairs_step=18088, pairs_total=2173079
[2026-03-03 05:29:11,605] INFO:fitness.free_loss_fidelity: RL4CO free-loss step 140/200: score=9.859738 (avg=10.718085), loss=0.676253 (avg=0.682238), pairs_step=18092, pairs_total=2534806
[2026-03-03 05:29:18,847] INFO:fitness.free_loss_fidelity: RL4CO free-loss step 160/200: score=9.816812 (avg=10.603610), loss=0.675231 (avg=0.681460), pairs_step=18100, pairs_total=2896431
[2026-03-03 05:29:26,097] INFO:fitness.free_loss_fidelity: RL4CO free-loss step 180/200: score=9.801379 (avg=10.512867), loss=0.674547 (avg=0.680756), pairs_step=18082, pairs_total=3257935
[2026-03-03 05:29:33,351] INFO:fitness.free_loss_fidelity: RL4CO free-loss step 200/200: score=9.691772 (avg=10.432031), loss=0.676182 (avg=0.680220), pairs_step=18023, pairs_total=3619052
[2026-03-03 05:29:34,649] WARNING:fitness.free_loss_fidelity: weights_only checkpoint load failed (UnpicklingError); retrying weights_only=False for /data1/gushengda/eam-rl4co/baseline/epoch_135.ckpt
[2026-03-03 05:29:34,690] INFO:fitness.free_loss_fidelity: Loaded init checkpoint into policy: path=/data1/gushengda/eam-rl4co/baseline/epoch_135.ckpt prefix=policy. matched=97 missing=0 unexpected=0
[2026-03-03 05:29:34,697] INFO:fitness.free_loss_fidelity: RL4CO free-loss (step-mode): f1_steps=200, f2_steps=0, total_steps=200, train_problem_size=100, rollouts=100, batch_size=64, device=cuda:2, env=tsp
[2026-03-03 05:29:35,087] INFO:fitness.free_loss_fidelity: RL4CO free-loss step 1/200: score=7.803347 (avg=7.803347), loss=0.689397 (avg=0.689397), pairs_step=8722, pairs_total=8722
[2026-03-03 05:29:41,964] INFO:fitness.free_loss_fidelity: RL4CO free-loss step 20/200: score=7.801346 (avg=7.822478), loss=0.690298 (avg=0.690067), pairs_step=10858, pairs_total=201713
[2026-03-03 05:29:49,220] INFO:fitness.free_loss_fidelity: RL4CO free-loss step 40/200: score=7.831004 (avg=7.819116), loss=0.689608 (avg=0.689509), pairs_step=10736, pairs_total=425411
[2026-03-03 05:29:56,469] INFO:fitness.free_loss_fidelity: RL4CO free-loss step 60/200: score=7.836406 (avg=7.816047), loss=0.690548 (avg=0.689632), pairs_step=10524, pairs_total=649412
[2026-03-03 05:30:03,725] INFO:fitness.free_loss_fidelity: RL4CO free-loss step 80/200: score=7.814583 (avg=7.815158), loss=0.688264 (avg=0.689583), pairs_step=11546, pairs_total=877938
[2026-03-03 05:30:10,978] INFO:fitness.free_loss_fidelity: RL4CO free-loss step 100/200: score=7.776766 (avg=7.816685), loss=0.688791 (avg=0.689481), pairs_step=11916, pairs_total=1112839
[2026-03-03 05:30:18,217] INFO:fitness.free_loss_fidelity: RL4CO free-loss step 120/200: score=7.798286 (avg=7.818221), loss=0.689387 (avg=0.689386), pairs_step=11448, pairs_total=1348448
[2026-03-03 05:30:25,476] INFO:fitness.free_loss_fidelity: RL4CO free-loss step 140/200: score=7.857781 (avg=7.820435), loss=0.687355 (avg=0.689221), pairs_step=12531, pairs_total=1596012
[2026-03-03 05:30:32,716] INFO:fitness.free_loss_fidelity: RL4CO free-loss step 160/200: score=7.815502 (avg=7.820195), loss=0.687856 (avg=0.689069), pairs_step=11829, pairs_total=1841364
[2026-03-03 05:30:40,169] INFO:fitness.free_loss_fidelity: RL4CO free-loss step 180/200: score=7.814445 (avg=7.819456), loss=0.689102 (avg=0.688916), pairs_step=12083, pairs_total=2086662
[2026-03-03 05:30:47,429] INFO:fitness.free_loss_fidelity: RL4CO free-loss step 200/200: score=7.836464 (avg=7.818810), loss=0.687154 (avg=0.688767), pairs_step=13019, pairs_total=2336650
[2026-03-03 05:30:48,728] WARNING:fitness.free_loss_fidelity: weights_only checkpoint load failed (UnpicklingError); retrying weights_only=False for /data1/gushengda/eam-rl4co/baseline/epoch_409.ckpt
[2026-03-03 05:30:48,770] INFO:fitness.free_loss_fidelity: Loaded init checkpoint into policy: path=/data1/gushengda/eam-rl4co/baseline/epoch_409.ckpt prefix=policy. matched=97 missing=0 unexpected=0
[2026-03-03 05:30:48,777] INFO:fitness.free_loss_fidelity: RL4CO free-loss (step-mode): f1_steps=200, f2_steps=0, total_steps=200, train_problem_size=100, rollouts=100, batch_size=64, device=cuda:2, env=tsp
[2026-03-03 05:30:49,163] INFO:fitness.free_loss_fidelity: RL4CO free-loss step 1/200: score=7.807477 (avg=7.807477), loss=0.525294 (avg=0.525294), pairs_step=14460, pairs_total=14460
[2026-03-03 05:30:56,060] INFO:fitness.free_loss_fidelity: RL4CO free-loss step 20/200: score=7.780572 (avg=7.812774), loss=0.606690 (avg=0.583858), pairs_step=14782, pairs_total=296078
[2026-03-03 05:31:03,295] INFO:fitness.free_loss_fidelity: RL4CO free-loss step 40/200: score=7.822018 (avg=7.806392), loss=0.620966 (avg=0.600339), pairs_step=14921, pairs_total=598300
[2026-03-03 05:31:10,556] INFO:fitness.free_loss_fidelity: RL4CO free-loss step 60/200: score=7.817395 (avg=7.802636), loss=0.635000 (avg=0.610059), pairs_step=14554, pairs_total=894478
[2026-03-03 05:31:17,799] INFO:fitness.free_loss_fidelity: RL4CO free-loss step 80/200: score=7.794474 (avg=7.800618), loss=0.644915 (avg=0.617446), pairs_step=14886, pairs_total=1191034
[2026-03-03 05:31:25,044] INFO:fitness.free_loss_fidelity: RL4CO free-loss step 100/200: score=7.757252 (avg=7.800741), loss=0.644519 (avg=0.623157), pairs_step=14541, pairs_total=1490962
[2026-03-03 05:31:32,288] INFO:fitness.free_loss_fidelity: RL4CO free-loss step 120/200: score=7.778047 (avg=7.801985), loss=0.655507 (avg=0.627910), pairs_step=14998, pairs_total=1789279
[2026-03-03 05:31:39,542] INFO:fitness.free_loss_fidelity: RL4CO free-loss step 140/200: score=7.830352 (avg=7.803013), loss=0.659498 (avg=0.631946), pairs_step=14541, pairs_total=2084954
[2026-03-03 05:31:46,800] INFO:fitness.free_loss_fidelity: RL4CO free-loss step 160/200: score=7.796797 (avg=7.802449), loss=0.659436 (avg=0.635507), pairs_step=14917, pairs_total=2384575
[2026-03-03 05:31:54,056] INFO:fitness.free_loss_fidelity: RL4CO free-loss step 180/200: score=7.784384 (avg=7.801178), loss=0.662206 (avg=0.638341), pairs_step=14964, pairs_total=2684753
[2026-03-03 05:32:01,322] INFO:fitness.free_loss_fidelity: RL4CO free-loss step 200/200: score=7.813139 (avg=7.799840), loss=0.664519 (avg=0.640930), pairs_step=15133, pairs_total=2982860
