[2026-03-02 16:15:57,206] INFO:fitness.free_loss_fidelity: Stage3 offline mini-train start gen=3 pair_index=5 K=1000 seed=12345 valid_sizes=[100] baseline_json=baseline/mini_eval/baseline_minitrain_tsp100_K1000.json
[2026-03-02 16:16:03,103] INFO:fitness.free_loss_fidelity: RL4CO free-loss (step-mode): f1_steps=1000, f2_steps=0, total_steps=1000, train_problem_size=100, rollouts=100, batch_size=64, device=cuda:0, env=tsp
[2026-03-02 16:16:03,865] INFO:fitness.free_loss_fidelity: RL4CO free-loss step 1/1000: score=36.122910 (avg=36.122910), loss=0.743615 (avg=0.743615), pairs_step=316800, pairs_total=316800
[2026-03-02 16:16:40,547] INFO:fitness.free_loss_fidelity: RL4CO free-loss step 100/1000: score=8.842427 (avg=9.871655), loss=0.583427 (avg=0.591270), pairs_step=316800, pairs_total=31679970
[2026-03-02 16:17:17,792] INFO:fitness.free_loss_fidelity: RL4CO free-loss step 200/1000: score=8.573944 (avg=9.282397), loss=0.599870 (avg=0.591194), pairs_step=316799, pairs_total=63359938
[2026-03-02 16:17:55,008] INFO:fitness.free_loss_fidelity: RL4CO free-loss step 300/1000: score=8.429688 (avg=9.005621), loss=0.603553 (avg=0.594899), pairs_step=316799, pairs_total=95039903
[2026-03-02 16:18:32,244] INFO:fitness.free_loss_fidelity: RL4CO free-loss step 400/1000: score=8.307263 (avg=8.838413), loss=0.611665 (avg=0.598479), pairs_step=316799, pairs_total=126719871
[2026-03-02 16:19:09,467] INFO:fitness.free_loss_fidelity: RL4CO free-loss step 500/1000: score=8.218417 (avg=8.725065), loss=0.614355 (avg=0.601468), pairs_step=316800, pairs_total=158399835
[2026-03-02 16:19:46,884] INFO:fitness.free_loss_fidelity: RL4CO free-loss step 600/1000: score=8.180691 (avg=8.644112), loss=0.618180 (avg=0.603829), pairs_step=316800, pairs_total=190079796
[2026-03-02 16:20:24,400] INFO:fitness.free_loss_fidelity: RL4CO free-loss step 700/1000: score=8.213526 (avg=8.582130), loss=0.618687 (avg=0.605793), pairs_step=316800, pairs_total=221759760
[2026-03-02 16:21:01,697] INFO:fitness.free_loss_fidelity: RL4CO free-loss step 800/1000: score=8.207008 (avg=8.533366), loss=0.615345 (avg=0.607424), pairs_step=316800, pairs_total=253439712
[2026-03-02 16:21:38,963] INFO:fitness.free_loss_fidelity: RL4CO free-loss step 900/1000: score=8.208147 (avg=8.493633), loss=0.618043 (avg=0.608880), pairs_step=316799, pairs_total=285119670
[2026-03-02 16:22:16,283] INFO:fitness.free_loss_fidelity: RL4CO free-loss step 1000/1000: score=8.190708 (avg=8.460165), loss=0.616580 (avg=0.610242), pairs_step=316800, pairs_total=316799635
[2026-03-02 16:22:17,575] WARNING:fitness.free_loss_fidelity: weights_only checkpoint load failed (UnpicklingError); retrying weights_only=False for /data1/gushengda/eam-rl4co/baseline/epoch_135.ckpt
[2026-03-02 16:22:17,708] INFO:fitness.free_loss_fidelity: Loaded init checkpoint into policy: path=/data1/gushengda/eam-rl4co/baseline/epoch_135.ckpt prefix=policy. matched=97 missing=0 unexpected=0
[2026-03-02 16:22:17,715] INFO:fitness.free_loss_fidelity: RL4CO free-loss (step-mode): f1_steps=1000, f2_steps=0, total_steps=1000, train_problem_size=100, rollouts=100, batch_size=64, device=cuda:0, env=tsp
[2026-03-02 16:22:18,074] INFO:fitness.free_loss_fidelity: RL4CO free-loss step 1/1000: score=7.803347 (avg=7.803347), loss=0.673539 (avg=0.673539), pairs_step=315697, pairs_total=315697
[2026-03-02 16:22:51,604] INFO:fitness.free_loss_fidelity: RL4CO free-loss step 100/1000: score=7.757694 (avg=7.799217), loss=0.673610 (avg=0.672608), pairs_step=315859, pairs_total=31577190
[2026-03-02 16:23:25,623] INFO:fitness.free_loss_fidelity: RL4CO free-loss step 200/1000: score=7.806579 (avg=7.798652), loss=0.668686 (avg=0.672651), pairs_step=315441, pairs_total=63136171
[2026-03-02 16:23:59,365] INFO:fitness.free_loss_fidelity: RL4CO free-loss step 300/1000: score=7.810906 (avg=7.799296), loss=0.668416 (avg=0.672547), pairs_step=315490, pairs_total=94691873
[2026-03-02 16:24:33,082] INFO:fitness.free_loss_fidelity: RL4CO free-loss step 400/1000: score=7.824674 (avg=7.799083), loss=0.674791 (avg=0.672599), pairs_step=314839, pairs_total=126237634
[2026-03-02 16:25:06,682] INFO:fitness.free_loss_fidelity: RL4CO free-loss step 500/1000: score=7.777505 (avg=7.798143), loss=0.670956 (avg=0.672551), pairs_step=315013, pairs_total=157782472
[2026-03-02 16:25:40,327] INFO:fitness.free_loss_fidelity: RL4CO free-loss step 600/1000: score=7.755410 (avg=7.797508), loss=0.671075 (avg=0.672483), pairs_step=315738, pairs_total=189323203
[2026-03-02 16:26:14,007] INFO:fitness.free_loss_fidelity: RL4CO free-loss step 700/1000: score=7.806519 (avg=7.797275), loss=0.672355 (avg=0.672506), pairs_step=315007, pairs_total=220852930
[2026-03-02 16:26:47,531] INFO:fitness.free_loss_fidelity: RL4CO free-loss step 800/1000: score=7.789560 (avg=7.797198), loss=0.672461 (avg=0.672484), pairs_step=314887, pairs_total=252386730
[2026-03-02 16:27:21,108] INFO:fitness.free_loss_fidelity: RL4CO free-loss step 900/1000: score=7.828072 (avg=7.796884), loss=0.672250 (avg=0.672421), pairs_step=315154, pairs_total=283909273
[2026-03-02 16:27:54,684] INFO:fitness.free_loss_fidelity: RL4CO free-loss step 1000/1000: score=7.820514 (avg=7.796344), loss=0.671162 (avg=0.672383), pairs_step=315363, pairs_total=315422975
[2026-03-02 16:27:55,797] WARNING:fitness.free_loss_fidelity: weights_only checkpoint load failed (UnpicklingError); retrying weights_only=False for /data1/gushengda/eam-rl4co/baseline/epoch_409.ckpt
[2026-03-02 16:27:55,916] INFO:fitness.free_loss_fidelity: Loaded init checkpoint into policy: path=/data1/gushengda/eam-rl4co/baseline/epoch_409.ckpt prefix=policy. matched=97 missing=0 unexpected=0
[2026-03-02 16:27:55,922] INFO:fitness.free_loss_fidelity: RL4CO free-loss (step-mode): f1_steps=1000, f2_steps=0, total_steps=1000, train_problem_size=100, rollouts=100, batch_size=64, device=cuda:0, env=tsp
[2026-03-02 16:27:56,279] INFO:fitness.free_loss_fidelity: RL4CO free-loss step 1/1000: score=7.807477 (avg=7.807477), loss=0.229740 (avg=0.229740), pairs_step=315750, pairs_total=315750
[2026-03-02 16:28:29,227] INFO:fitness.free_loss_fidelity: RL4CO free-loss step 100/1000: score=7.755649 (avg=7.797116), loss=0.216251 (avg=0.220298), pairs_step=315639, pairs_total=31591972
[2026-03-02 16:29:02,293] INFO:fitness.free_loss_fidelity: RL4CO free-loss step 200/1000: score=7.811846 (avg=7.796796), loss=0.199873 (avg=0.222466), pairs_step=315362, pairs_total=63165047
[2026-03-02 16:29:35,362] INFO:fitness.free_loss_fidelity: RL4CO free-loss step 300/1000: score=7.805596 (avg=7.797362), loss=0.232783 (avg=0.225640), pairs_step=315608, pairs_total=94728179
[2026-03-02 16:30:08,513] INFO:fitness.free_loss_fidelity: RL4CO free-loss step 400/1000: score=7.817303 (avg=7.796954), loss=0.246418 (avg=0.227488), pairs_step=315615, pairs_total=126272802
[2026-03-02 16:30:41,583] INFO:fitness.free_loss_fidelity: RL4CO free-loss step 500/1000: score=7.771378 (avg=7.795781), loss=0.252981 (avg=0.231483), pairs_step=315365, pairs_total=157808099
[2026-03-02 16:31:14,647] INFO:fitness.free_loss_fidelity: RL4CO free-loss step 600/1000: score=7.755514 (avg=7.794957), loss=0.224389 (avg=0.231424), pairs_step=315165, pairs_total=189324805
[2026-03-02 16:31:47,988] INFO:fitness.free_loss_fidelity: RL4CO free-loss step 700/1000: score=7.806542 (avg=7.794545), loss=0.224514 (avg=0.231648), pairs_step=314870, pairs_total=220836732
[2026-03-02 16:32:21,031] INFO:fitness.free_loss_fidelity: RL4CO free-loss step 800/1000: score=7.793616 (avg=7.794263), loss=0.218622 (avg=0.231802), pairs_step=315255, pairs_total=252336497
[2026-03-02 16:32:54,140] INFO:fitness.free_loss_fidelity: RL4CO free-loss step 900/1000: score=7.828031 (avg=7.793747), loss=0.215402 (avg=0.230902), pairs_step=315091, pairs_total=283830783
[2026-03-02 16:33:29,982] INFO:fitness.free_loss_fidelity: RL4CO free-loss step 1000/1000: score=7.816261 (avg=7.793133), loss=0.240768 (avg=0.229498), pairs_step=314396, pairs_total=315311351
