[2026-03-02 17:33:19,989] INFO:fitness.free_loss_fidelity: Stage3 offline mini-train start gen=5 pair_index=14 K=200 seed=12345 valid_sizes=[100] baseline_json=baseline/mini_eval/baseline_minitrain_tsp100_K200.json
[2026-03-02 17:33:20,009] INFO:fitness.free_loss_fidelity: RL4CO free-loss (step-mode): f1_steps=200, f2_steps=0, total_steps=200, train_problem_size=100, rollouts=100, batch_size=64, device=cuda:1, env=tsp
[2026-03-02 17:33:20,354] INFO:fitness.free_loss_fidelity: RL4CO free-loss step 1/200: score=36.122910 (avg=36.122910), loss=0.820333 (avg=0.820333), pairs_step=316800, pairs_total=316800
[2026-03-02 17:33:26,483] INFO:fitness.free_loss_fidelity: RL4CO free-loss step 20/200: score=9.942879 (avg=12.920693), loss=0.566887 (avg=0.590208), pairs_step=316800, pairs_total=6335997
[2026-03-02 17:33:32,941] INFO:fitness.free_loss_fidelity: RL4CO free-loss step 40/200: score=9.444077 (avg=11.259914), loss=0.555897 (avg=0.576990), pairs_step=316800, pairs_total=12671995
[2026-03-02 17:33:39,580] INFO:fitness.free_loss_fidelity: RL4CO free-loss step 60/200: score=9.240806 (avg=10.610889), loss=0.542805 (avg=0.569736), pairs_step=316799, pairs_total=19007992
[2026-03-02 17:33:46,045] INFO:fitness.free_loss_fidelity: RL4CO free-loss step 80/200: score=9.061253 (avg=10.240774), loss=0.546569 (avg=0.563929), pairs_step=316800, pairs_total=25343987
[2026-03-02 17:33:52,512] INFO:fitness.free_loss_fidelity: RL4CO free-loss step 100/200: score=8.941672 (avg=9.999320), loss=0.546872 (avg=0.559847), pairs_step=316799, pairs_total=31679978
[2026-03-02 17:33:58,966] INFO:fitness.free_loss_fidelity: RL4CO free-loss step 120/200: score=8.931196 (avg=9.830611), loss=0.557289 (avg=0.557495), pairs_step=316800, pairs_total=38015974
[2026-03-02 17:34:05,428] INFO:fitness.free_loss_fidelity: RL4CO free-loss step 140/200: score=8.909995 (avg=9.699781), loss=0.549669 (avg=0.556139), pairs_step=316800, pairs_total=44351970
[2026-03-02 17:34:11,892] INFO:fitness.free_loss_fidelity: RL4CO free-loss step 160/200: score=8.808563 (avg=9.590773), loss=0.548188 (avg=0.555366), pairs_step=316800, pairs_total=50687963
[2026-03-02 17:34:18,358] INFO:fitness.free_loss_fidelity: RL4CO free-loss step 180/200: score=8.689298 (avg=9.497201), loss=0.558410 (avg=0.555217), pairs_step=316799, pairs_total=57023960
[2026-03-02 17:34:24,814] INFO:fitness.free_loss_fidelity: RL4CO free-loss step 200/200: score=8.715603 (avg=9.417454), loss=0.563670 (avg=0.555731), pairs_step=316799, pairs_total=63359955
[2026-03-02 17:34:25,945] WARNING:fitness.free_loss_fidelity: weights_only checkpoint load failed (UnpicklingError); retrying weights_only=False for /data1/gushengda/eam-rl4co/baseline/epoch_135.ckpt
[2026-03-02 17:34:25,981] INFO:fitness.free_loss_fidelity: Loaded init checkpoint into policy: path=/data1/gushengda/eam-rl4co/baseline/epoch_135.ckpt prefix=policy. matched=97 missing=0 unexpected=0
[2026-03-02 17:34:25,987] INFO:fitness.free_loss_fidelity: RL4CO free-loss (step-mode): f1_steps=200, f2_steps=0, total_steps=200, train_problem_size=100, rollouts=100, batch_size=64, device=cuda:1, env=tsp
[2026-03-02 17:34:26,314] INFO:fitness.free_loss_fidelity: RL4CO free-loss step 1/200: score=7.803347 (avg=7.803347), loss=0.670271 (avg=0.670271), pairs_step=315697, pairs_total=315697
[2026-03-02 17:34:32,455] INFO:fitness.free_loss_fidelity: RL4CO free-loss step 20/200: score=7.782843 (avg=7.808609), loss=0.669362 (avg=0.668150), pairs_step=315857, pairs_total=6316459
[2026-03-02 17:34:38,903] INFO:fitness.free_loss_fidelity: RL4CO free-loss step 40/200: score=7.816727 (avg=7.802621), loss=0.677869 (avg=0.668229), pairs_step=315811, pairs_total=12630500
[2026-03-02 17:34:45,368] INFO:fitness.free_loss_fidelity: RL4CO free-loss step 60/200: score=7.816188 (avg=7.799508), loss=0.671508 (avg=0.668535), pairs_step=315657, pairs_total=18944619
[2026-03-02 17:34:51,840] INFO:fitness.free_loss_fidelity: RL4CO free-loss step 80/200: score=7.803504 (avg=7.798098), loss=0.666618 (avg=0.668264), pairs_step=315939, pairs_total=25260063
[2026-03-02 17:34:58,297] INFO:fitness.free_loss_fidelity: RL4CO free-loss step 100/200: score=7.753479 (avg=7.798921), loss=0.668952 (avg=0.668307), pairs_step=315958, pairs_total=31577671
[2026-03-02 17:35:04,764] INFO:fitness.free_loss_fidelity: RL4CO free-loss step 120/200: score=7.770398 (avg=7.800367), loss=0.665896 (avg=0.668383), pairs_step=315908, pairs_total=37892217
[2026-03-02 17:35:11,213] INFO:fitness.free_loss_fidelity: RL4CO free-loss step 140/200: score=7.832524 (avg=7.801264), loss=0.670781 (avg=0.668345), pairs_step=315388, pairs_total=44205795
[2026-03-02 17:35:17,677] INFO:fitness.free_loss_fidelity: RL4CO free-loss step 160/200: score=7.791235 (avg=7.800416), loss=0.665145 (avg=0.668100), pairs_step=315524, pairs_total=50519039
[2026-03-02 17:35:24,142] INFO:fitness.free_loss_fidelity: RL4CO free-loss step 180/200: score=7.785520 (avg=7.799297), loss=0.666883 (avg=0.667816), pairs_step=315328, pairs_total=56829957
[2026-03-02 17:35:30,587] INFO:fitness.free_loss_fidelity: RL4CO free-loss step 200/200: score=7.808161 (avg=7.798092), loss=0.660598 (avg=0.667624), pairs_step=315753, pairs_total=63144349
[2026-03-02 17:35:31,714] WARNING:fitness.free_loss_fidelity: weights_only checkpoint load failed (UnpicklingError); retrying weights_only=False for /data1/gushengda/eam-rl4co/baseline/epoch_409.ckpt
[2026-03-02 17:35:31,745] INFO:fitness.free_loss_fidelity: Loaded init checkpoint into policy: path=/data1/gushengda/eam-rl4co/baseline/epoch_409.ckpt prefix=policy. matched=97 missing=0 unexpected=0
[2026-03-02 17:35:31,750] INFO:fitness.free_loss_fidelity: RL4CO free-loss (step-mode): f1_steps=200, f2_steps=0, total_steps=200, train_problem_size=100, rollouts=100, batch_size=64, device=cuda:1, env=tsp
[2026-03-02 17:35:32,100] INFO:fitness.free_loss_fidelity: RL4CO free-loss step 1/200: score=7.807477 (avg=7.807477), loss=0.193570 (avg=0.193570), pairs_step=315750, pairs_total=315750
[2026-03-02 17:35:38,234] INFO:fitness.free_loss_fidelity: RL4CO free-loss step 20/200: score=7.780804 (avg=7.809191), loss=0.182685 (avg=0.183636), pairs_step=316094, pairs_total=6318249
[2026-03-02 17:35:44,696] INFO:fitness.free_loss_fidelity: RL4CO free-loss step 40/200: score=7.814471 (avg=7.802051), loss=0.181063 (avg=0.183308), pairs_step=316068, pairs_total=12636692
[2026-03-02 17:35:51,151] INFO:fitness.free_loss_fidelity: RL4CO free-loss step 60/200: score=7.809000 (avg=7.798737), loss=0.184442 (avg=0.183465), pairs_step=315677, pairs_total=18953853
[2026-03-02 17:35:57,608] INFO:fitness.free_loss_fidelity: RL4CO free-loss step 80/200: score=7.798200 (avg=7.797198), loss=0.189455 (avg=0.183377), pairs_step=316004, pairs_total=25272718
[2026-03-02 17:36:04,081] INFO:fitness.free_loss_fidelity: RL4CO free-loss step 100/200: score=7.758895 (avg=7.798236), loss=0.190858 (avg=0.184520), pairs_step=315985, pairs_total=31589010
[2026-03-02 17:36:10,726] INFO:fitness.free_loss_fidelity: RL4CO free-loss step 120/200: score=7.774911 (avg=7.799714), loss=0.185016 (avg=0.185105), pairs_step=315570, pairs_total=37906175
[2026-03-02 17:36:17,190] INFO:fitness.free_loss_fidelity: RL4CO free-loss step 140/200: score=7.828573 (avg=7.800635), loss=0.185934 (avg=0.185236), pairs_step=315946, pairs_total=44219866
[2026-03-02 17:36:23,659] INFO:fitness.free_loss_fidelity: RL4CO free-loss step 160/200: score=7.794146 (avg=7.799984), loss=0.178265 (avg=0.184550), pairs_step=316076, pairs_total=50535471
[2026-03-02 17:36:30,121] INFO:fitness.free_loss_fidelity: RL4CO free-loss step 180/200: score=7.783501 (avg=7.798745), loss=0.182309 (avg=0.184049), pairs_step=315593, pairs_total=56851746
[2026-03-02 17:36:36,576] INFO:fitness.free_loss_fidelity: RL4CO free-loss step 200/200: score=7.810083 (avg=7.797417), loss=0.178113 (avg=0.183970), pairs_step=315634, pairs_total=63168341
