[2026-03-03 02:17:41,777] INFO:fitness.free_loss_fidelity: Stage3 offline mini-train start gen=13 pair_index=2 K=1000 seed=12345 valid_sizes=[100] baseline_json=baseline/mini_eval/baseline_minitrain_tsp100_K1000.json
[2026-03-03 02:17:41,799] INFO:fitness.free_loss_fidelity: RL4CO free-loss (step-mode): f1_steps=1000, f2_steps=0, total_steps=1000, train_problem_size=100, rollouts=100, batch_size=64, device=cuda:2, env=tsp
[2026-03-03 02:17:42,132] INFO:fitness.free_loss_fidelity: RL4CO free-loss step 1/1000: score=36.122910 (avg=36.122910), loss=0.672933 (avg=0.672933), pairs_step=3136, pairs_total=3136
[2026-03-03 02:18:13,853] INFO:fitness.free_loss_fidelity: RL4CO free-loss step 100/1000: score=9.303719 (avg=10.371549), loss=0.226541 (avg=0.481277), pairs_step=3136, pairs_total=313600
[2026-03-03 02:18:45,887] INFO:fitness.free_loss_fidelity: RL4CO free-loss step 200/1000: score=9.103109 (avg=9.816792), loss=0.231276 (avg=0.379456), pairs_step=3136, pairs_total=627200
[2026-03-03 02:19:17,910] INFO:fitness.free_loss_fidelity: RL4CO free-loss step 300/1000: score=9.020411 (avg=9.562838), loss=0.202092 (avg=0.316157), pairs_step=3136, pairs_total=940800
[2026-03-03 02:19:50,139] INFO:fitness.free_loss_fidelity: RL4CO free-loss step 400/1000: score=8.904676 (avg=9.412446), loss=0.069735 (avg=0.267982), pairs_step=3136, pairs_total=1254400
[2026-03-03 02:20:22,208] INFO:fitness.free_loss_fidelity: RL4CO free-loss step 500/1000: score=8.801516 (avg=9.310780), loss=0.082797 (avg=0.233916), pairs_step=3136, pairs_total=1568000
[2026-03-03 02:20:54,255] INFO:fitness.free_loss_fidelity: RL4CO free-loss step 600/1000: score=8.813967 (avg=9.223191), loss=0.051385 (avg=0.209567), pairs_step=3136, pairs_total=1881600
[2026-03-03 02:21:26,319] INFO:fitness.free_loss_fidelity: RL4CO free-loss step 700/1000: score=8.711525 (avg=9.159511), loss=0.060670 (avg=0.189398), pairs_step=3136, pairs_total=2195200
[2026-03-03 02:21:58,365] INFO:fitness.free_loss_fidelity: RL4CO free-loss step 800/1000: score=8.694132 (avg=9.107501), loss=0.051699 (avg=0.172822), pairs_step=3136, pairs_total=2508800
[2026-03-03 02:22:30,598] INFO:fitness.free_loss_fidelity: RL4CO free-loss step 900/1000: score=8.760244 (avg=9.075096), loss=0.095758 (avg=0.161958), pairs_step=3136, pairs_total=2822400
[2026-03-03 02:23:02,638] INFO:fitness.free_loss_fidelity: RL4CO free-loss step 1000/1000: score=8.690533 (avg=9.042125), loss=0.058369 (avg=0.153575), pairs_step=3136, pairs_total=3136000
[2026-03-03 02:23:03,755] WARNING:fitness.free_loss_fidelity: weights_only checkpoint load failed (UnpicklingError); retrying weights_only=False for /data1/gushengda/eam-rl4co/baseline/epoch_135.ckpt
[2026-03-03 02:23:03,794] INFO:fitness.free_loss_fidelity: Loaded init checkpoint into policy: path=/data1/gushengda/eam-rl4co/baseline/epoch_135.ckpt prefix=policy. matched=97 missing=0 unexpected=0
[2026-03-03 02:23:03,800] INFO:fitness.free_loss_fidelity: RL4CO free-loss (step-mode): f1_steps=1000, f2_steps=0, total_steps=1000, train_problem_size=100, rollouts=100, batch_size=64, device=cuda:2, env=tsp
[2026-03-03 02:23:04,134] INFO:fitness.free_loss_fidelity: RL4CO free-loss step 1/1000: score=7.803347 (avg=7.803347), loss=0.682160 (avg=0.682160), pairs_step=3126, pairs_total=3126
[2026-03-03 02:23:35,823] INFO:fitness.free_loss_fidelity: RL4CO free-loss step 100/1000: score=7.766602 (avg=7.809935), loss=0.670805 (avg=0.678075), pairs_step=3136, pairs_total=313498
[2026-03-03 02:24:07,837] INFO:fitness.free_loss_fidelity: RL4CO free-loss step 200/1000: score=7.825837 (avg=7.810321), loss=0.673188 (avg=0.676736), pairs_step=3136, pairs_total=627008
[2026-03-03 02:24:39,859] INFO:fitness.free_loss_fidelity: RL4CO free-loss step 300/1000: score=7.820274 (avg=7.812718), loss=0.672225 (avg=0.675578), pairs_step=3136, pairs_total=940574
[2026-03-03 02:25:11,846] INFO:fitness.free_loss_fidelity: RL4CO free-loss step 400/1000: score=7.832723 (avg=7.814007), loss=0.656183 (avg=0.674127), pairs_step=3136, pairs_total=1254157
[2026-03-03 02:25:44,042] INFO:fitness.free_loss_fidelity: RL4CO free-loss step 500/1000: score=7.797565 (avg=7.813883), loss=0.655224 (avg=0.671942), pairs_step=3136, pairs_total=1567735
[2026-03-03 02:26:16,083] INFO:fitness.free_loss_fidelity: RL4CO free-loss step 600/1000: score=7.771743 (avg=7.813965), loss=0.655460 (avg=0.669651), pairs_step=3136, pairs_total=1881309
[2026-03-03 02:26:48,081] INFO:fitness.free_loss_fidelity: RL4CO free-loss step 700/1000: score=7.828811 (avg=7.813909), loss=0.661024 (avg=0.667510), pairs_step=3136, pairs_total=2194882
[2026-03-03 02:27:20,093] INFO:fitness.free_loss_fidelity: RL4CO free-loss step 800/1000: score=7.816131 (avg=7.814423), loss=0.651664 (avg=0.665729), pairs_step=3136, pairs_total=2508438
[2026-03-03 02:27:52,122] INFO:fitness.free_loss_fidelity: RL4CO free-loss step 900/1000: score=7.852447 (avg=7.814773), loss=0.645566 (avg=0.663963), pairs_step=3136, pairs_total=2822008
[2026-03-03 02:28:24,171] INFO:fitness.free_loss_fidelity: RL4CO free-loss step 1000/1000: score=7.846312 (avg=7.814698), loss=0.634039 (avg=0.662518), pairs_step=3136, pairs_total=3135574
[2026-03-03 02:28:25,287] WARNING:fitness.free_loss_fidelity: weights_only checkpoint load failed (UnpicklingError); retrying weights_only=False for /data1/gushengda/eam-rl4co/baseline/epoch_409.ckpt
[2026-03-03 02:28:25,325] INFO:fitness.free_loss_fidelity: Loaded init checkpoint into policy: path=/data1/gushengda/eam-rl4co/baseline/epoch_409.ckpt prefix=policy. matched=97 missing=0 unexpected=0
[2026-03-03 02:28:25,330] INFO:fitness.free_loss_fidelity: RL4CO free-loss (step-mode): f1_steps=1000, f2_steps=0, total_steps=1000, train_problem_size=100, rollouts=100, batch_size=64, device=cuda:2, env=tsp
[2026-03-03 02:28:25,657] INFO:fitness.free_loss_fidelity: RL4CO free-loss step 1/1000: score=7.807477 (avg=7.807477), loss=0.647538 (avg=0.647538), pairs_step=3126, pairs_total=3126
[2026-03-03 02:28:57,374] INFO:fitness.free_loss_fidelity: RL4CO free-loss step 100/1000: score=7.754206 (avg=7.798965), loss=0.634994 (avg=0.633499), pairs_step=3127, pairs_total=313225
[2026-03-03 02:29:29,423] INFO:fitness.free_loss_fidelity: RL4CO free-loss step 200/1000: score=7.811207 (avg=7.798912), loss=0.624794 (avg=0.634653), pairs_step=3127, pairs_total=626336
[2026-03-03 02:30:01,650] INFO:fitness.free_loss_fidelity: RL4CO free-loss step 300/1000: score=7.805815 (avg=7.799611), loss=0.638812 (avg=0.632109), pairs_step=3135, pairs_total=939579
[2026-03-03 02:30:33,703] INFO:fitness.free_loss_fidelity: RL4CO free-loss step 400/1000: score=7.823315 (avg=7.799841), loss=0.623758 (avg=0.629649), pairs_step=3132, pairs_total=1252895
[2026-03-03 02:31:05,700] INFO:fitness.free_loss_fidelity: RL4CO free-loss step 500/1000: score=7.774381 (avg=7.799054), loss=0.623954 (avg=0.627243), pairs_step=3136, pairs_total=1566226
[2026-03-03 02:31:37,705] INFO:fitness.free_loss_fidelity: RL4CO free-loss step 600/1000: score=7.758028 (avg=7.798439), loss=0.610707 (avg=0.625431), pairs_step=3130, pairs_total=1879455
[2026-03-03 02:32:09,707] INFO:fitness.free_loss_fidelity: RL4CO free-loss step 700/1000: score=7.808201 (avg=7.798264), loss=0.608954 (avg=0.624326), pairs_step=3131, pairs_total=2192695
[2026-03-03 02:32:41,901] INFO:fitness.free_loss_fidelity: RL4CO free-loss step 800/1000: score=7.795034 (avg=7.798010), loss=0.629722 (avg=0.623433), pairs_step=3134, pairs_total=2505909
[2026-03-03 02:33:13,899] INFO:fitness.free_loss_fidelity: RL4CO free-loss step 900/1000: score=7.824746 (avg=7.797586), loss=0.609728 (avg=0.621990), pairs_step=3131, pairs_total=2819040
[2026-03-03 02:33:45,927] INFO:fitness.free_loss_fidelity: RL4CO free-loss step 1000/1000: score=7.821160 (avg=7.797101), loss=0.594968 (avg=0.619710), pairs_step=3126, pairs_total=3132195
