[2026-03-02 13:23:49,750] INFO:fitness.free_loss_fidelity: Stage3 offline mini-train start gen=0 pair_index=4 K=200 seed=12345 valid_sizes=[100] baseline_json=baseline/mini_eval/baseline_minitrain_tsp100_K200.json
[2026-03-02 13:23:55,546] INFO:fitness.free_loss_fidelity: RL4CO free-loss (step-mode): f1_steps=200, f2_steps=0, total_steps=200, train_problem_size=100, rollouts=100, batch_size=64, device=cuda:0, env=tsp
[2026-03-02 13:23:56,400] INFO:fitness.free_loss_fidelity: RL4CO free-loss step 1/200: score=36.122910 (avg=36.122910), loss=0.942688 (avg=0.942688), pairs_step=316800, pairs_total=316800
[2026-03-02 13:24:03,322] INFO:fitness.free_loss_fidelity: RL4CO free-loss step 20/200: score=9.948627 (avg=13.036383), loss=0.571729 (avg=0.617965), pairs_step=316799, pairs_total=6335998
[2026-03-02 13:24:10,333] INFO:fitness.free_loss_fidelity: RL4CO free-loss step 40/200: score=9.589920 (avg=11.387876), loss=0.553540 (avg=0.586984), pairs_step=316800, pairs_total=12671991
[2026-03-02 13:24:16,730] INFO:fitness.free_loss_fidelity: RL4CO free-loss step 60/200: score=9.420328 (avg=10.738049), loss=0.531431 (avg=0.572745), pairs_step=316800, pairs_total=19007988
[2026-03-02 13:24:23,156] INFO:fitness.free_loss_fidelity: RL4CO free-loss step 80/200: score=9.277943 (avg=10.383086), loss=0.524773 (avg=0.561449), pairs_step=316800, pairs_total=25343981
[2026-03-02 13:24:29,543] INFO:fitness.free_loss_fidelity: RL4CO free-loss step 100/200: score=9.172308 (avg=10.152795), loss=0.515811 (avg=0.554153), pairs_step=316800, pairs_total=31679978
[2026-03-02 13:24:35,906] INFO:fitness.free_loss_fidelity: RL4CO free-loss step 120/200: score=9.125966 (avg=9.991644), loss=0.524083 (avg=0.548400), pairs_step=316800, pairs_total=38015971
[2026-03-02 13:24:42,266] INFO:fitness.free_loss_fidelity: RL4CO free-loss step 140/200: score=9.155796 (avg=9.868802), loss=0.516852 (avg=0.544208), pairs_step=316800, pairs_total=44351969
[2026-03-02 13:24:48,637] INFO:fitness.free_loss_fidelity: RL4CO free-loss step 160/200: score=9.073214 (avg=9.770446), loss=0.514735 (avg=0.541484), pairs_step=316800, pairs_total=50687967
[2026-03-02 13:24:55,019] INFO:fitness.free_loss_fidelity: RL4CO free-loss step 180/200: score=8.988111 (avg=9.686219), loss=0.528553 (avg=0.539859), pairs_step=316800, pairs_total=57023964
[2026-03-02 13:25:01,398] INFO:fitness.free_loss_fidelity: RL4CO free-loss step 200/200: score=8.951915 (avg=9.614446), loss=0.533263 (avg=0.538644), pairs_step=316798, pairs_total=63359956
[2026-03-02 13:25:02,499] WARNING:fitness.free_loss_fidelity: weights_only checkpoint load failed (UnpicklingError); retrying weights_only=False for /data1/gushengda/eam-rl4co/baseline/epoch_135.ckpt
[2026-03-02 13:25:02,541] INFO:fitness.free_loss_fidelity: Loaded init checkpoint into policy: path=/data1/gushengda/eam-rl4co/baseline/epoch_135.ckpt prefix=policy. matched=97 missing=0 unexpected=0
[2026-03-02 13:25:02,546] INFO:fitness.free_loss_fidelity: RL4CO free-loss (step-mode): f1_steps=200, f2_steps=0, total_steps=200, train_problem_size=100, rollouts=100, batch_size=64, device=cuda:0, env=tsp
[2026-03-02 13:25:02,911] INFO:fitness.free_loss_fidelity: RL4CO free-loss step 1/200: score=7.803347 (avg=7.803347), loss=0.669376 (avg=0.669376), pairs_step=315697, pairs_total=315697
[2026-03-02 13:25:09,002] INFO:fitness.free_loss_fidelity: RL4CO free-loss step 20/200: score=7.777266 (avg=7.809529), loss=0.657890 (avg=0.666346), pairs_step=315792, pairs_total=6318435
[2026-03-02 13:25:15,397] INFO:fitness.free_loss_fidelity: RL4CO free-loss step 40/200: score=7.821179 (avg=7.802873), loss=0.663699 (avg=0.662797), pairs_step=315215, pairs_total=12635693
[2026-03-02 13:25:21,795] INFO:fitness.free_loss_fidelity: RL4CO free-loss step 60/200: score=7.819345 (avg=7.799372), loss=0.655619 (avg=0.659709), pairs_step=315846, pairs_total=18953141
[2026-03-02 13:25:28,195] INFO:fitness.free_loss_fidelity: RL4CO free-loss step 80/200: score=7.795237 (avg=7.797757), loss=0.639731 (avg=0.655930), pairs_step=316167, pairs_total=25273947
[2026-03-02 13:25:35,021] INFO:fitness.free_loss_fidelity: RL4CO free-loss step 100/200: score=7.753723 (avg=7.798493), loss=0.639505 (avg=0.653351), pairs_step=315964, pairs_total=31594930
[2026-03-02 13:25:41,421] INFO:fitness.free_loss_fidelity: RL4CO free-loss step 120/200: score=7.772614 (avg=7.799834), loss=0.630522 (avg=0.650323), pairs_step=316126, pairs_total=37914706
[2026-03-02 13:25:47,820] INFO:fitness.free_loss_fidelity: RL4CO free-loss step 140/200: score=7.825804 (avg=7.800825), loss=0.618592 (avg=0.646848), pairs_step=316006, pairs_total=44237358
[2026-03-02 13:25:54,206] INFO:fitness.free_loss_fidelity: RL4CO free-loss step 160/200: score=7.795470 (avg=7.800089), loss=0.610176 (avg=0.643353), pairs_step=316167, pairs_total=50560125
[2026-03-02 13:26:00,618] INFO:fitness.free_loss_fidelity: RL4CO free-loss step 180/200: score=7.784947 (avg=7.798911), loss=0.610678 (avg=0.639659), pairs_step=315955, pairs_total=56882304
[2026-03-02 13:26:07,073] INFO:fitness.free_loss_fidelity: RL4CO free-loss step 200/200: score=7.808374 (avg=7.797605), loss=0.562944 (avg=0.635690), pairs_step=316240, pairs_total=63204526
[2026-03-02 13:26:08,178] WARNING:fitness.free_loss_fidelity: weights_only checkpoint load failed (UnpicklingError); retrying weights_only=False for /data1/gushengda/eam-rl4co/baseline/epoch_409.ckpt
[2026-03-02 13:26:08,217] INFO:fitness.free_loss_fidelity: Loaded init checkpoint into policy: path=/data1/gushengda/eam-rl4co/baseline/epoch_409.ckpt prefix=policy. matched=97 missing=0 unexpected=0
[2026-03-02 13:26:08,222] INFO:fitness.free_loss_fidelity: RL4CO free-loss (step-mode): f1_steps=200, f2_steps=0, total_steps=200, train_problem_size=100, rollouts=100, batch_size=64, device=cuda:0, env=tsp
[2026-03-02 13:26:08,555] INFO:fitness.free_loss_fidelity: RL4CO free-loss step 1/200: score=7.807477 (avg=7.807477), loss=0.188473 (avg=0.188473), pairs_step=315750, pairs_total=315750
[2026-03-02 13:26:14,753] INFO:fitness.free_loss_fidelity: RL4CO free-loss step 20/200: score=7.783743 (avg=7.811213), loss=0.173736 (avg=0.179876), pairs_step=316204, pairs_total=6319027
[2026-03-02 13:26:21,251] INFO:fitness.free_loss_fidelity: RL4CO free-loss step 40/200: score=7.817312 (avg=7.804272), loss=0.180632 (avg=0.180077), pairs_step=315917, pairs_total=12638321
[2026-03-02 13:26:27,769] INFO:fitness.free_loss_fidelity: RL4CO free-loss step 60/200: score=7.814862 (avg=7.800704), loss=0.185346 (avg=0.180064), pairs_step=315724, pairs_total=18956564
[2026-03-02 13:26:34,522] INFO:fitness.free_loss_fidelity: RL4CO free-loss step 80/200: score=7.798765 (avg=7.798278), loss=0.185951 (avg=0.180997), pairs_step=315923, pairs_total=25277065
[2026-03-02 13:26:41,039] INFO:fitness.free_loss_fidelity: RL4CO free-loss step 100/200: score=7.751884 (avg=7.798315), loss=0.189601 (avg=0.182038), pairs_step=315932, pairs_total=31598243
[2026-03-02 13:26:47,554] INFO:fitness.free_loss_fidelity: RL4CO free-loss step 120/200: score=7.772048 (avg=7.799215), loss=0.172934 (avg=0.181974), pairs_step=316039, pairs_total=37918603
[2026-03-02 13:26:54,069] INFO:fitness.free_loss_fidelity: RL4CO free-loss step 140/200: score=7.825811 (avg=7.800113), loss=0.176513 (avg=0.180975), pairs_step=316094, pairs_total=44239149
[2026-03-02 13:27:00,565] INFO:fitness.free_loss_fidelity: RL4CO free-loss step 160/200: score=7.795692 (avg=7.799090), loss=0.174558 (avg=0.180017), pairs_step=316033, pairs_total=50558670
[2026-03-02 13:27:07,029] INFO:fitness.free_loss_fidelity: RL4CO free-loss step 180/200: score=7.780783 (avg=7.797806), loss=0.175265 (avg=0.179133), pairs_step=315652, pairs_total=56878224
[2026-03-02 13:27:13,493] INFO:fitness.free_loss_fidelity: RL4CO free-loss step 200/200: score=7.812811 (avg=7.796518), loss=0.167589 (avg=0.178445), pairs_step=315820, pairs_total=63196539
