[2026-03-02 13:47:43,425] INFO:fitness.free_loss_fidelity: Stage3 offline mini-train start gen=0 pair_index=8 K=1000 seed=12345 valid_sizes=[100] baseline_json=baseline/mini_eval/baseline_minitrain_tsp100_K1000.json
[2026-03-02 13:47:43,447] INFO:fitness.free_loss_fidelity: RL4CO free-loss (step-mode): f1_steps=1000, f2_steps=0, total_steps=1000, train_problem_size=100, rollouts=100, batch_size=64, device=cuda:1, env=tsp
[2026-03-02 13:47:43,767] INFO:fitness.free_loss_fidelity: RL4CO free-loss step 1/1000: score=36.122910 (avg=36.122910), loss=0.942688 (avg=0.942688), pairs_step=316800, pairs_total=316800
[2026-03-02 13:48:15,535] INFO:fitness.free_loss_fidelity: RL4CO free-loss step 100/1000: score=9.158104 (avg=10.182558), loss=0.530487 (avg=0.556335), pairs_step=316800, pairs_total=31679980
[2026-03-02 13:48:47,605] INFO:fitness.free_loss_fidelity: RL4CO free-loss step 200/1000: score=8.962155 (avg=9.631086), loss=0.528220 (avg=0.540414), pairs_step=316800, pairs_total=63359961
[2026-03-02 13:49:19,671] INFO:fitness.free_loss_fidelity: RL4CO free-loss step 300/1000: score=8.693840 (avg=9.361388), loss=0.543355 (avg=0.538322), pairs_step=316800, pairs_total=95039928
[2026-03-02 13:49:51,733] INFO:fitness.free_loss_fidelity: RL4CO free-loss step 400/1000: score=8.582873 (avg=9.181378), loss=0.547577 (avg=0.538866), pairs_step=316800, pairs_total=126719911
[2026-03-02 13:50:23,799] INFO:fitness.free_loss_fidelity: RL4CO free-loss step 500/1000: score=8.524969 (avg=9.054724), loss=0.540533 (avg=0.538911), pairs_step=316800, pairs_total=158399879
[2026-03-02 13:50:56,076] INFO:fitness.free_loss_fidelity: RL4CO free-loss step 600/1000: score=8.422312 (avg=8.961401), loss=0.538097 (avg=0.539033), pairs_step=316799, pairs_total=190079845
[2026-03-02 13:51:28,150] INFO:fitness.free_loss_fidelity: RL4CO free-loss step 700/1000: score=8.439291 (avg=8.889638), loss=0.548234 (avg=0.539320), pairs_step=316800, pairs_total=221759818
[2026-03-02 13:52:00,235] INFO:fitness.free_loss_fidelity: RL4CO free-loss step 800/1000: score=8.415688 (avg=8.831592), loss=0.535400 (avg=0.539651), pairs_step=316799, pairs_total=253439775
[2026-03-02 13:52:32,305] INFO:fitness.free_loss_fidelity: RL4CO free-loss step 900/1000: score=8.415993 (avg=8.783037), loss=0.549469 (avg=0.540060), pairs_step=316800, pairs_total=285119737
[2026-03-02 13:53:04,373] INFO:fitness.free_loss_fidelity: RL4CO free-loss step 1000/1000: score=8.389801 (avg=8.741971), loss=0.549986 (avg=0.540435), pairs_step=316800, pairs_total=316799691
[2026-03-02 13:53:05,500] WARNING:fitness.free_loss_fidelity: weights_only checkpoint load failed (UnpicklingError); retrying weights_only=False for /data1/gushengda/eam-rl4co/baseline/epoch_135.ckpt
[2026-03-02 13:53:05,542] INFO:fitness.free_loss_fidelity: Loaded init checkpoint into policy: path=/data1/gushengda/eam-rl4co/baseline/epoch_135.ckpt prefix=policy. matched=97 missing=0 unexpected=0
[2026-03-02 13:53:05,548] INFO:fitness.free_loss_fidelity: RL4CO free-loss (step-mode): f1_steps=1000, f2_steps=0, total_steps=1000, train_problem_size=100, rollouts=100, batch_size=64, device=cuda:1, env=tsp
[2026-03-02 13:53:05,877] INFO:fitness.free_loss_fidelity: RL4CO free-loss step 1/1000: score=7.803347 (avg=7.803347), loss=0.669376 (avg=0.669376), pairs_step=315697, pairs_total=315697
[2026-03-02 13:53:37,809] INFO:fitness.free_loss_fidelity: RL4CO free-loss step 100/1000: score=7.756696 (avg=7.797718), loss=0.636463 (avg=0.653760), pairs_step=316143, pairs_total=31598131
[2026-03-02 13:54:09,841] INFO:fitness.free_loss_fidelity: RL4CO free-loss step 200/1000: score=7.807892 (avg=7.797249), loss=0.592483 (avg=0.639127), pairs_step=316176, pairs_total=63205552
[2026-03-02 13:54:41,885] INFO:fitness.free_loss_fidelity: RL4CO free-loss step 300/1000: score=7.809121 (avg=7.797827), loss=0.513159 (avg=0.617997), pairs_step=316270, pairs_total=94821735
[2026-03-02 13:55:13,941] INFO:fitness.free_loss_fidelity: RL4CO free-loss step 400/1000: score=7.820649 (avg=7.797628), loss=0.418783 (avg=0.574319), pairs_step=316199, pairs_total=126441969
[2026-03-02 13:55:46,173] INFO:fitness.free_loss_fidelity: RL4CO free-loss step 500/1000: score=7.772481 (avg=7.796693), loss=0.397816 (avg=0.542277), pairs_step=316227, pairs_total=158059914
[2026-03-02 13:56:18,450] INFO:fitness.free_loss_fidelity: RL4CO free-loss step 600/1000: score=7.752826 (avg=7.796041), loss=0.389333 (avg=0.518109), pairs_step=316165, pairs_total=189678687
[2026-03-02 13:56:50,738] INFO:fitness.free_loss_fidelity: RL4CO free-loss step 700/1000: score=7.810214 (avg=7.795831), loss=0.390944 (avg=0.500349), pairs_step=316155, pairs_total=221295409
[2026-03-02 13:57:23,023] INFO:fitness.free_loss_fidelity: RL4CO free-loss step 800/1000: score=7.790606 (avg=7.795778), loss=0.382658 (avg=0.485968), pairs_step=316229, pairs_total=252914909
[2026-03-02 13:57:55,281] INFO:fitness.free_loss_fidelity: RL4CO free-loss step 900/1000: score=7.826241 (avg=7.795459), loss=0.373823 (avg=0.474433), pairs_step=316201, pairs_total=284536010
[2026-03-02 13:58:27,550] INFO:fitness.free_loss_fidelity: RL4CO free-loss step 1000/1000: score=7.819434 (avg=7.794968), loss=0.375929 (avg=0.465099), pairs_step=316134, pairs_total=316155623
[2026-03-02 13:58:28,681] WARNING:fitness.free_loss_fidelity: weights_only checkpoint load failed (UnpicklingError); retrying weights_only=False for /data1/gushengda/eam-rl4co/baseline/epoch_409.ckpt
[2026-03-02 13:58:28,916] INFO:fitness.free_loss_fidelity: Loaded init checkpoint into policy: path=/data1/gushengda/eam-rl4co/baseline/epoch_409.ckpt prefix=policy. matched=97 missing=0 unexpected=0
[2026-03-02 13:58:28,922] INFO:fitness.free_loss_fidelity: RL4CO free-loss (step-mode): f1_steps=1000, f2_steps=0, total_steps=1000, train_problem_size=100, rollouts=100, batch_size=64, device=cuda:1, env=tsp
[2026-03-02 13:58:29,267] INFO:fitness.free_loss_fidelity: RL4CO free-loss step 1/1000: score=7.807477 (avg=7.807477), loss=0.188473 (avg=0.188473), pairs_step=315750, pairs_total=315750
[2026-03-02 13:59:01,268] INFO:fitness.free_loss_fidelity: RL4CO free-loss step 100/1000: score=7.752381 (avg=7.798004), loss=0.184504 (avg=0.180594), pairs_step=315757, pairs_total=31594972
[2026-03-02 13:59:33,589] INFO:fitness.free_loss_fidelity: RL4CO free-loss step 200/1000: score=7.811355 (avg=7.796294), loss=0.168326 (avg=0.179973), pairs_step=315786, pairs_total=63188752
[2026-03-02 14:00:05,907] INFO:fitness.free_loss_fidelity: RL4CO free-loss step 300/1000: score=7.803529 (avg=7.796491), loss=0.173550 (avg=0.178173), pairs_step=315874, pairs_total=94781607
[2026-03-02 14:00:38,228] INFO:fitness.free_loss_fidelity: RL4CO free-loss step 400/1000: score=7.815032 (avg=7.795984), loss=0.167060 (avg=0.176813), pairs_step=315952, pairs_total=126369282
[2026-03-02 14:01:10,551] INFO:fitness.free_loss_fidelity: RL4CO free-loss step 500/1000: score=7.772492 (avg=7.794692), loss=0.174397 (avg=0.175457), pairs_step=315879, pairs_total=157955341
[2026-03-02 14:01:42,872] INFO:fitness.free_loss_fidelity: RL4CO free-loss step 600/1000: score=7.751273 (avg=7.793696), loss=0.166524 (avg=0.173902), pairs_step=315693, pairs_total=189530993
[2026-03-02 14:02:15,192] INFO:fitness.free_loss_fidelity: RL4CO free-loss step 700/1000: score=7.801836 (avg=7.793312), loss=0.161128 (avg=0.172534), pairs_step=315679, pairs_total=221105407
[2026-03-02 14:02:47,521] INFO:fitness.free_loss_fidelity: RL4CO free-loss step 800/1000: score=7.786575 (avg=7.792984), loss=0.168814 (avg=0.171680), pairs_step=315902, pairs_total=252674118
[2026-03-02 14:03:19,800] INFO:fitness.free_loss_fidelity: RL4CO free-loss step 900/1000: score=7.826499 (avg=7.792470), loss=0.167362 (avg=0.171312), pairs_step=315752, pairs_total=284229435
[2026-03-02 14:03:52,265] INFO:fitness.free_loss_fidelity: RL4CO free-loss step 1000/1000: score=7.814912 (avg=7.791817), loss=0.157179 (avg=0.170586), pairs_step=315197, pairs_total=315777088
