[2026-03-02 22:21:29,892] INFO:fitness.free_loss_fidelity: Stage3 offline mini-train start gen=10 pair_index=4 K=1000 seed=12345 valid_sizes=[100] baseline_json=baseline/mini_eval/baseline_minitrain_tsp100_K1000.json
[2026-03-02 22:21:29,917] INFO:fitness.free_loss_fidelity: RL4CO free-loss (step-mode): f1_steps=1000, f2_steps=0, total_steps=1000, train_problem_size=100, rollouts=100, batch_size=64, device=cuda:0, env=tsp
[2026-03-02 22:21:30,265] INFO:fitness.free_loss_fidelity: RL4CO free-loss step 1/1000: score=36.122910 (avg=36.122910), loss=0.714891 (avg=0.714891), pairs_step=1792, pairs_total=1792
[2026-03-02 22:22:01,544] INFO:fitness.free_loss_fidelity: RL4CO free-loss step 100/1000: score=10.076513 (avg=11.164535), loss=0.632172 (avg=0.660938), pairs_step=1792, pairs_total=179200
[2026-03-02 22:22:33,125] INFO:fitness.free_loss_fidelity: RL4CO free-loss step 200/1000: score=9.180344 (avg=10.416904), loss=0.635231 (avg=0.646319), pairs_step=1792, pairs_total=358400
[2026-03-02 22:23:04,884] INFO:fitness.free_loss_fidelity: RL4CO free-loss step 300/1000: score=9.398021 (avg=10.233880), loss=0.591590 (avg=0.640820), pairs_step=1792, pairs_total=537600
[2026-03-02 22:23:36,479] INFO:fitness.free_loss_fidelity: RL4CO free-loss step 400/1000: score=24.749643 (avg=10.117336), loss=0.717826 (avg=0.629915), pairs_step=1792, pairs_total=716800
[2026-03-02 22:24:08,053] INFO:fitness.free_loss_fidelity: RL4CO free-loss step 500/1000: score=9.213053 (avg=10.332671), loss=0.640868 (avg=0.635995), pairs_step=1792, pairs_total=896000
[2026-03-02 22:24:39,638] INFO:fitness.free_loss_fidelity: RL4CO free-loss step 600/1000: score=9.349246 (avg=10.164942), loss=0.493107 (avg=0.626430), pairs_step=1792, pairs_total=1075200
[2026-03-02 22:25:11,250] INFO:fitness.free_loss_fidelity: RL4CO free-loss step 700/1000: score=9.132805 (avg=10.056672), loss=0.633906 (avg=0.613500), pairs_step=1792, pairs_total=1254400
[2026-03-02 22:25:42,811] INFO:fitness.free_loss_fidelity: RL4CO free-loss step 800/1000: score=9.610237 (avg=10.020865), loss=0.590090 (avg=0.607638), pairs_step=1792, pairs_total=1433600
[2026-03-02 22:26:14,400] INFO:fitness.free_loss_fidelity: RL4CO free-loss step 900/1000: score=9.537457 (avg=9.947072), loss=0.460907 (avg=0.597496), pairs_step=1792, pairs_total=1612800
[2026-03-02 22:26:45,974] INFO:fitness.free_loss_fidelity: RL4CO free-loss step 1000/1000: score=9.265623 (avg=9.865593), loss=0.471380 (avg=0.588271), pairs_step=1792, pairs_total=1792000
[2026-03-02 22:26:47,082] WARNING:fitness.free_loss_fidelity: weights_only checkpoint load failed (UnpicklingError); retrying weights_only=False for /data1/gushengda/eam-rl4co/baseline/epoch_135.ckpt
[2026-03-02 22:26:47,123] INFO:fitness.free_loss_fidelity: Loaded init checkpoint into policy: path=/data1/gushengda/eam-rl4co/baseline/epoch_135.ckpt prefix=policy. matched=97 missing=0 unexpected=0
[2026-03-02 22:26:47,128] INFO:fitness.free_loss_fidelity: RL4CO free-loss (step-mode): f1_steps=1000, f2_steps=0, total_steps=1000, train_problem_size=100, rollouts=100, batch_size=64, device=cuda:0, env=tsp
[2026-03-02 22:26:47,450] INFO:fitness.free_loss_fidelity: RL4CO free-loss step 1/1000: score=7.803347 (avg=7.803347), loss=0.694265 (avg=0.694265), pairs_step=1792, pairs_total=1792
[2026-03-02 22:27:18,909] INFO:fitness.free_loss_fidelity: RL4CO free-loss step 100/1000: score=7.808135 (avg=7.831841), loss=0.693017 (avg=0.693336), pairs_step=1792, pairs_total=179200
[2026-03-02 22:27:50,489] INFO:fitness.free_loss_fidelity: RL4CO free-loss step 200/1000: score=7.876918 (avg=7.845341), loss=0.696116 (avg=0.692696), pairs_step=1792, pairs_total=358400
[2026-03-02 22:28:22,062] INFO:fitness.free_loss_fidelity: RL4CO free-loss step 300/1000: score=7.873440 (avg=7.849806), loss=0.690864 (avg=0.692285), pairs_step=1792, pairs_total=537600
[2026-03-02 22:28:53,637] INFO:fitness.free_loss_fidelity: RL4CO free-loss step 400/1000: score=7.877518 (avg=7.852843), loss=0.691576 (avg=0.691826), pairs_step=1792, pairs_total=716800
[2026-03-02 22:29:25,215] INFO:fitness.free_loss_fidelity: RL4CO free-loss step 500/1000: score=7.845034 (avg=7.856378), loss=0.689541 (avg=0.691187), pairs_step=1792, pairs_total=896000
[2026-03-02 22:29:56,959] INFO:fitness.free_loss_fidelity: RL4CO free-loss step 600/1000: score=7.810683 (avg=7.858406), loss=0.688047 (avg=0.690607), pairs_step=1792, pairs_total=1075200
[2026-03-02 22:30:28,504] INFO:fitness.free_loss_fidelity: RL4CO free-loss step 700/1000: score=7.861683 (avg=7.859259), loss=0.689317 (avg=0.690245), pairs_step=1792, pairs_total=1254400
[2026-03-02 22:31:00,071] INFO:fitness.free_loss_fidelity: RL4CO free-loss step 800/1000: score=7.848463 (avg=7.859407), loss=0.683199 (avg=0.689840), pairs_step=1792, pairs_total=1433600
[2026-03-02 22:31:31,653] INFO:fitness.free_loss_fidelity: RL4CO free-loss step 900/1000: score=7.898116 (avg=7.859801), loss=0.683411 (avg=0.689326), pairs_step=1792, pairs_total=1612800
[2026-03-02 22:32:03,227] INFO:fitness.free_loss_fidelity: RL4CO free-loss step 1000/1000: score=7.909406 (avg=7.860485), loss=0.684513 (avg=0.688755), pairs_step=1792, pairs_total=1792000
[2026-03-02 22:32:04,333] WARNING:fitness.free_loss_fidelity: weights_only checkpoint load failed (UnpicklingError); retrying weights_only=False for /data1/gushengda/eam-rl4co/baseline/epoch_409.ckpt
[2026-03-02 22:32:04,375] INFO:fitness.free_loss_fidelity: Loaded init checkpoint into policy: path=/data1/gushengda/eam-rl4co/baseline/epoch_409.ckpt prefix=policy. matched=97 missing=0 unexpected=0
[2026-03-02 22:32:04,380] INFO:fitness.free_loss_fidelity: RL4CO free-loss (step-mode): f1_steps=1000, f2_steps=0, total_steps=1000, train_problem_size=100, rollouts=100, batch_size=64, device=cuda:0, env=tsp
[2026-03-02 22:32:04,726] INFO:fitness.free_loss_fidelity: RL4CO free-loss step 1/1000: score=7.807477 (avg=7.807477), loss=0.698285 (avg=0.698285), pairs_step=1792, pairs_total=1792
[2026-03-02 22:32:36,389] INFO:fitness.free_loss_fidelity: RL4CO free-loss step 100/1000: score=7.776462 (avg=7.812488), loss=0.695570 (avg=0.692975), pairs_step=1792, pairs_total=179200
[2026-03-02 22:33:08,150] INFO:fitness.free_loss_fidelity: RL4CO free-loss step 200/1000: score=7.829785 (avg=7.813011), loss=0.691188 (avg=0.691506), pairs_step=1792, pairs_total=358400
[2026-03-02 22:33:39,810] INFO:fitness.free_loss_fidelity: RL4CO free-loss step 300/1000: score=7.812099 (avg=7.812499), loss=0.689020 (avg=0.690464), pairs_step=1792, pairs_total=537600
[2026-03-02 22:34:11,348] INFO:fitness.free_loss_fidelity: RL4CO free-loss step 400/1000: score=7.828930 (avg=7.811727), loss=0.687801 (avg=0.689598), pairs_step=1792, pairs_total=716800
[2026-03-02 22:34:43,122] INFO:fitness.free_loss_fidelity: RL4CO free-loss step 500/1000: score=7.791739 (avg=7.811370), loss=0.681685 (avg=0.688983), pairs_step=1792, pairs_total=896000
[2026-03-02 22:35:14,707] INFO:fitness.free_loss_fidelity: RL4CO free-loss step 600/1000: score=7.766719 (avg=7.811145), loss=0.685774 (avg=0.688154), pairs_step=1792, pairs_total=1075200
[2026-03-02 22:35:46,289] INFO:fitness.free_loss_fidelity: RL4CO free-loss step 700/1000: score=7.831924 (avg=7.811004), loss=0.682125 (avg=0.687706), pairs_step=1792, pairs_total=1254400
[2026-03-02 22:36:17,873] INFO:fitness.free_loss_fidelity: RL4CO free-loss step 800/1000: score=7.817207 (avg=7.811375), loss=0.685075 (avg=0.687135), pairs_step=1792, pairs_total=1433600
[2026-03-02 22:36:49,493] INFO:fitness.free_loss_fidelity: RL4CO free-loss step 900/1000: score=7.861779 (avg=7.811316), loss=0.677776 (avg=0.686557), pairs_step=1792, pairs_total=1612800
[2026-03-02 22:37:21,270] INFO:fitness.free_loss_fidelity: RL4CO free-loss step 1000/1000: score=7.843153 (avg=7.811016), loss=0.680415 (avg=0.686140), pairs_step=1792, pairs_total=1792000
