[2026-03-03 03:50:25,355] INFO:fitness.free_loss_fidelity: Stage3 offline mini-train start gen=15 pair_index=0 K=200 seed=12345 valid_sizes=[100] baseline_json=baseline/mini_eval/baseline_minitrain_tsp100_K200.json
[2026-03-03 03:50:31,360] INFO:fitness.free_loss_fidelity: RL4CO free-loss (step-mode): f1_steps=200, f2_steps=0, total_steps=200, train_problem_size=100, rollouts=100, batch_size=64, device=cuda:2, env=tsp
[2026-03-03 03:50:32,135] INFO:fitness.free_loss_fidelity: RL4CO free-loss step 1/200: score=36.122910 (avg=36.122910), loss=0.714891 (avg=0.714891), pairs_step=1792, pairs_total=1792
[2026-03-03 03:50:39,317] INFO:fitness.free_loss_fidelity: RL4CO free-loss step 20/200: score=11.106844 (avg=13.728025), loss=0.671382 (avg=0.682357), pairs_step=1792, pairs_total=35840
[2026-03-03 03:50:46,003] INFO:fitness.free_loss_fidelity: RL4CO free-loss step 40/200: score=10.579781 (avg=12.277050), loss=0.664687 (avg=0.677868), pairs_step=1792, pairs_total=71680
[2026-03-03 03:50:52,666] INFO:fitness.free_loss_fidelity: RL4CO free-loss step 60/200: score=10.333819 (avg=11.753953), loss=0.661588 (avg=0.670830), pairs_step=1792, pairs_total=107520
[2026-03-03 03:50:59,341] INFO:fitness.free_loss_fidelity: RL4CO free-loss step 80/200: score=9.936485 (avg=11.339940), loss=0.652097 (avg=0.667166), pairs_step=1792, pairs_total=143360
[2026-03-03 03:51:05,999] INFO:fitness.free_loss_fidelity: RL4CO free-loss step 100/200: score=9.671857 (avg=11.010077), loss=0.653114 (avg=0.663950), pairs_step=1792, pairs_total=179200
[2026-03-03 03:51:12,425] INFO:fitness.free_loss_fidelity: RL4CO free-loss step 120/200: score=9.632441 (avg=10.790366), loss=0.631338 (avg=0.661898), pairs_step=1792, pairs_total=215040
[2026-03-03 03:51:18,768] INFO:fitness.free_loss_fidelity: RL4CO free-loss step 140/200: score=10.195251 (avg=10.675432), loss=0.608997 (avg=0.657286), pairs_step=1792, pairs_total=250880
[2026-03-03 03:51:25,128] INFO:fitness.free_loss_fidelity: RL4CO free-loss step 160/200: score=12.249226 (avg=11.008218), loss=0.674888 (avg=0.658179), pairs_step=1792, pairs_total=286720
[2026-03-03 03:51:31,493] INFO:fitness.free_loss_fidelity: RL4CO free-loss step 180/200: score=10.152725 (avg=10.952013), loss=0.663354 (avg=0.658349), pairs_step=1792, pairs_total=322560
[2026-03-03 03:51:37,857] INFO:fitness.free_loss_fidelity: RL4CO free-loss step 200/200: score=9.603592 (avg=10.825485), loss=0.609706 (avg=0.656734), pairs_step=1792, pairs_total=358400
[2026-03-03 03:51:38,979] WARNING:fitness.free_loss_fidelity: weights_only checkpoint load failed (UnpicklingError); retrying weights_only=False for /data1/gushengda/eam-rl4co/baseline/epoch_135.ckpt
[2026-03-03 03:51:39,022] INFO:fitness.free_loss_fidelity: Loaded init checkpoint into policy: path=/data1/gushengda/eam-rl4co/baseline/epoch_135.ckpt prefix=policy. matched=97 missing=0 unexpected=0
[2026-03-03 03:51:39,027] INFO:fitness.free_loss_fidelity: RL4CO free-loss (step-mode): f1_steps=200, f2_steps=0, total_steps=200, train_problem_size=100, rollouts=100, batch_size=64, device=cuda:2, env=tsp
[2026-03-03 03:51:39,360] INFO:fitness.free_loss_fidelity: RL4CO free-loss step 1/200: score=7.803347 (avg=7.803347), loss=0.694265 (avg=0.694265), pairs_step=1792, pairs_total=1792
[2026-03-03 03:51:45,415] INFO:fitness.free_loss_fidelity: RL4CO free-loss step 20/200: score=7.811354 (avg=7.823025), loss=0.693381 (avg=0.693683), pairs_step=1792, pairs_total=35840
[2026-03-03 03:51:51,783] INFO:fitness.free_loss_fidelity: RL4CO free-loss step 40/200: score=7.866144 (avg=7.832608), loss=0.694044 (avg=0.693235), pairs_step=1792, pairs_total=71680
[2026-03-03 03:51:58,145] INFO:fitness.free_loss_fidelity: RL4CO free-loss step 60/200: score=7.871390 (avg=7.835826), loss=0.695563 (avg=0.693379), pairs_step=1792, pairs_total=107520
[2026-03-03 03:52:04,507] INFO:fitness.free_loss_fidelity: RL4CO free-loss step 80/200: score=7.856800 (avg=7.839590), loss=0.693554 (avg=0.692810), pairs_step=1792, pairs_total=143360
[2026-03-03 03:52:10,866] INFO:fitness.free_loss_fidelity: RL4CO free-loss step 100/200: score=7.794802 (avg=7.841816), loss=0.693755 (avg=0.692800), pairs_step=1792, pairs_total=179200
[2026-03-03 03:52:17,252] INFO:fitness.free_loss_fidelity: RL4CO free-loss step 120/200: score=7.822558 (avg=7.843260), loss=0.693937 (avg=0.692737), pairs_step=1792, pairs_total=215040
[2026-03-03 03:52:23,654] INFO:fitness.free_loss_fidelity: RL4CO free-loss step 140/200: score=7.883058 (avg=7.845184), loss=0.692751 (avg=0.692822), pairs_step=1792, pairs_total=250880
[2026-03-03 03:52:30,033] INFO:fitness.free_loss_fidelity: RL4CO free-loss step 160/200: score=7.852147 (avg=7.845041), loss=0.691561 (avg=0.692737), pairs_step=1792, pairs_total=286720
[2026-03-03 03:52:36,414] INFO:fitness.free_loss_fidelity: RL4CO free-loss step 180/200: score=7.848933 (avg=7.845980), loss=0.690726 (avg=0.692559), pairs_step=1792, pairs_total=322560
[2026-03-03 03:52:42,796] INFO:fitness.free_loss_fidelity: RL4CO free-loss step 200/200: score=7.873109 (avg=7.846146), loss=0.691267 (avg=0.692413), pairs_step=1792, pairs_total=358400
[2026-03-03 03:52:43,912] WARNING:fitness.free_loss_fidelity: weights_only checkpoint load failed (UnpicklingError); retrying weights_only=False for /data1/gushengda/eam-rl4co/baseline/epoch_409.ckpt
[2026-03-03 03:52:43,950] INFO:fitness.free_loss_fidelity: Loaded init checkpoint into policy: path=/data1/gushengda/eam-rl4co/baseline/epoch_409.ckpt prefix=policy. matched=97 missing=0 unexpected=0
[2026-03-03 03:52:43,955] INFO:fitness.free_loss_fidelity: RL4CO free-loss (step-mode): f1_steps=200, f2_steps=0, total_steps=200, train_problem_size=100, rollouts=100, batch_size=64, device=cuda:2, env=tsp
[2026-03-03 03:52:44,288] INFO:fitness.free_loss_fidelity: RL4CO free-loss step 1/200: score=7.807477 (avg=7.807477), loss=0.698285 (avg=0.698285), pairs_step=1792, pairs_total=1792
[2026-03-03 03:52:50,355] INFO:fitness.free_loss_fidelity: RL4CO free-loss step 20/200: score=7.795544 (avg=7.815233), loss=0.690929 (avg=0.694409), pairs_step=1792, pairs_total=35840
[2026-03-03 03:52:57,005] INFO:fitness.free_loss_fidelity: RL4CO free-loss step 40/200: score=7.834341 (avg=7.811625), loss=0.692183 (avg=0.694363), pairs_step=1792, pairs_total=71680
[2026-03-03 03:53:03,406] INFO:fitness.free_loss_fidelity: RL4CO free-loss step 60/200: score=7.827576 (avg=7.809504), loss=0.694373 (avg=0.693644), pairs_step=1792, pairs_total=107520
[2026-03-03 03:53:09,787] INFO:fitness.free_loss_fidelity: RL4CO free-loss step 80/200: score=7.812506 (avg=7.808861), loss=0.690775 (avg=0.693455), pairs_step=1792, pairs_total=143360
[2026-03-03 03:53:16,174] INFO:fitness.free_loss_fidelity: RL4CO free-loss step 100/200: score=7.774491 (avg=7.810088), loss=0.688665 (avg=0.693049), pairs_step=1792, pairs_total=179200
[2026-03-03 03:53:22,549] INFO:fitness.free_loss_fidelity: RL4CO free-loss step 120/200: score=7.791225 (avg=7.812162), loss=0.693032 (avg=0.692704), pairs_step=1792, pairs_total=215040
[2026-03-03 03:53:28,937] INFO:fitness.free_loss_fidelity: RL4CO free-loss step 140/200: score=7.839591 (avg=7.813825), loss=0.693350 (avg=0.692495), pairs_step=1792, pairs_total=250880
[2026-03-03 03:53:35,327] INFO:fitness.free_loss_fidelity: RL4CO free-loss step 160/200: score=7.819089 (avg=7.813762), loss=0.685766 (avg=0.692025), pairs_step=1792, pairs_total=286720
[2026-03-03 03:53:41,708] INFO:fitness.free_loss_fidelity: RL4CO free-loss step 180/200: score=7.807037 (avg=7.812790), loss=0.685869 (avg=0.691722), pairs_step=1792, pairs_total=322560
[2026-03-03 03:53:48,097] INFO:fitness.free_loss_fidelity: RL4CO free-loss step 200/200: score=7.828350 (avg=7.811842), loss=0.692119 (avg=0.691395), pairs_step=1792, pairs_total=358400
