[2026-03-03 03:54:11,513] INFO:fitness.free_loss_fidelity: Stage3 offline mini-train start gen=15 pair_index=7 K=200 seed=12345 valid_sizes=[100] baseline_json=baseline/mini_eval/baseline_minitrain_tsp100_K200.json
[2026-03-03 03:54:11,535] INFO:fitness.free_loss_fidelity: RL4CO free-loss (step-mode): f1_steps=200, f2_steps=0, total_steps=200, train_problem_size=100, rollouts=100, batch_size=64, device=cuda:1, env=tsp
[2026-03-03 03:54:11,934] INFO:fitness.free_loss_fidelity: RL4CO free-loss step 1/200: score=36.122910 (avg=36.122910), loss=0.694445 (avg=0.694445), pairs_step=2048, pairs_total=2048
[2026-03-03 03:54:18,848] INFO:fitness.free_loss_fidelity: RL4CO free-loss step 20/200: score=10.143990 (avg=12.857121), loss=0.502367 (avg=0.502241), pairs_step=2048, pairs_total=40960
[2026-03-03 03:54:26,130] INFO:fitness.free_loss_fidelity: RL4CO free-loss step 40/200: score=9.558812 (avg=11.250581), loss=0.541614 (avg=0.509496), pairs_step=2048, pairs_total=81920
[2026-03-03 03:54:33,411] INFO:fitness.free_loss_fidelity: RL4CO free-loss step 60/200: score=9.410225 (avg=10.643393), loss=0.507439 (avg=0.510873), pairs_step=2048, pairs_total=122880
[2026-03-03 03:54:40,697] INFO:fitness.free_loss_fidelity: RL4CO free-loss step 80/200: score=9.181482 (avg=10.304349), loss=0.492214 (avg=0.506852), pairs_step=2048, pairs_total=163840
[2026-03-03 03:54:47,992] INFO:fitness.free_loss_fidelity: RL4CO free-loss step 100/200: score=9.195177 (avg=10.099423), loss=0.451887 (avg=0.504018), pairs_step=2048, pairs_total=204800
[2026-03-03 03:54:55,269] INFO:fitness.free_loss_fidelity: RL4CO free-loss step 120/200: score=9.057834 (avg=9.944248), loss=0.452076 (avg=0.500204), pairs_step=2048, pairs_total=245760
[2026-03-03 03:55:02,559] INFO:fitness.free_loss_fidelity: RL4CO free-loss step 140/200: score=9.070267 (avg=9.822276), loss=0.522247 (avg=0.498642), pairs_step=2048, pairs_total=286720
[2026-03-03 03:55:09,851] INFO:fitness.free_loss_fidelity: RL4CO free-loss step 160/200: score=8.963518 (avg=9.717344), loss=0.483114 (avg=0.499094), pairs_step=2048, pairs_total=327680
[2026-03-03 03:55:17,146] INFO:fitness.free_loss_fidelity: RL4CO free-loss step 180/200: score=8.992580 (avg=9.629782), loss=0.532272 (avg=0.499724), pairs_step=2048, pairs_total=368640
[2026-03-03 03:55:24,456] INFO:fitness.free_loss_fidelity: RL4CO free-loss step 200/200: score=8.882084 (avg=9.559940), loss=0.532069 (avg=0.500547), pairs_step=2048, pairs_total=409600
[2026-03-03 03:55:25,766] WARNING:fitness.free_loss_fidelity: weights_only checkpoint load failed (UnpicklingError); retrying weights_only=False for /data1/gushengda/eam-rl4co/baseline/epoch_135.ckpt
[2026-03-03 03:55:25,809] INFO:fitness.free_loss_fidelity: Loaded init checkpoint into policy: path=/data1/gushengda/eam-rl4co/baseline/epoch_135.ckpt prefix=policy. matched=97 missing=0 unexpected=0
[2026-03-03 03:55:25,814] INFO:fitness.free_loss_fidelity: RL4CO free-loss (step-mode): f1_steps=200, f2_steps=0, total_steps=200, train_problem_size=100, rollouts=100, batch_size=64, device=cuda:1, env=tsp
[2026-03-03 03:55:26,192] INFO:fitness.free_loss_fidelity: RL4CO free-loss step 1/200: score=7.803347 (avg=7.803347), loss=0.616246 (avg=0.616246), pairs_step=2048, pairs_total=2048
[2026-03-03 03:55:33,113] INFO:fitness.free_loss_fidelity: RL4CO free-loss step 20/200: score=7.821647 (avg=7.833635), loss=0.597962 (avg=0.602421), pairs_step=2048, pairs_total=40960
[2026-03-03 03:55:40,416] INFO:fitness.free_loss_fidelity: RL4CO free-loss step 40/200: score=7.873650 (avg=7.842090), loss=0.603535 (avg=0.603671), pairs_step=2048, pairs_total=81920
[2026-03-03 03:55:47,727] INFO:fitness.free_loss_fidelity: RL4CO free-loss step 60/200: score=7.877295 (avg=7.844550), loss=0.626197 (avg=0.608747), pairs_step=2048, pairs_total=122880
[2026-03-03 03:55:55,040] INFO:fitness.free_loss_fidelity: RL4CO free-loss step 80/200: score=7.845355 (avg=7.844718), loss=0.613180 (avg=0.613970), pairs_step=2048, pairs_total=163840
[2026-03-03 03:56:02,336] INFO:fitness.free_loss_fidelity: RL4CO free-loss step 100/200: score=7.812863 (avg=7.845809), loss=0.631977 (avg=0.617823), pairs_step=2048, pairs_total=204800
[2026-03-03 03:56:09,642] INFO:fitness.free_loss_fidelity: RL4CO free-loss step 120/200: score=7.822508 (avg=7.848207), loss=0.654394 (avg=0.620920), pairs_step=2048, pairs_total=245760
[2026-03-03 03:56:16,943] INFO:fitness.free_loss_fidelity: RL4CO free-loss step 140/200: score=7.881958 (avg=7.849659), loss=0.632663 (avg=0.623025), pairs_step=2048, pairs_total=286720
[2026-03-03 03:56:24,248] INFO:fitness.free_loss_fidelity: RL4CO free-loss step 160/200: score=7.845669 (avg=7.849857), loss=0.631540 (avg=0.623347), pairs_step=2048, pairs_total=327680
[2026-03-03 03:56:31,859] INFO:fitness.free_loss_fidelity: RL4CO free-loss step 180/200: score=7.834829 (avg=7.849252), loss=0.645540 (avg=0.624410), pairs_step=2048, pairs_total=368640
[2026-03-03 03:56:39,168] INFO:fitness.free_loss_fidelity: RL4CO free-loss step 200/200: score=7.870657 (avg=7.848482), loss=0.622971 (avg=0.624913), pairs_step=2048, pairs_total=409600
[2026-03-03 03:56:40,474] WARNING:fitness.free_loss_fidelity: weights_only checkpoint load failed (UnpicklingError); retrying weights_only=False for /data1/gushengda/eam-rl4co/baseline/epoch_409.ckpt
[2026-03-03 03:56:40,508] INFO:fitness.free_loss_fidelity: Loaded init checkpoint into policy: path=/data1/gushengda/eam-rl4co/baseline/epoch_409.ckpt prefix=policy. matched=97 missing=0 unexpected=0
[2026-03-03 03:56:40,514] INFO:fitness.free_loss_fidelity: RL4CO free-loss (step-mode): f1_steps=200, f2_steps=0, total_steps=200, train_problem_size=100, rollouts=100, batch_size=64, device=cuda:1, env=tsp
[2026-03-03 03:56:40,892] INFO:fitness.free_loss_fidelity: RL4CO free-loss step 1/200: score=7.807477 (avg=7.807477), loss=0.011176 (avg=0.011176), pairs_step=2048, pairs_total=2048
[2026-03-03 03:56:47,827] INFO:fitness.free_loss_fidelity: RL4CO free-loss step 20/200: score=7.827503 (avg=7.824851), loss=0.296520 (avg=0.185860), pairs_step=2048, pairs_total=40960
[2026-03-03 03:56:55,142] INFO:fitness.free_loss_fidelity: RL4CO free-loss step 40/200: score=7.942924 (avg=7.860276), loss=0.440527 (avg=0.276220), pairs_step=2048, pairs_total=81920
[2026-03-03 03:57:02,443] INFO:fitness.free_loss_fidelity: RL4CO free-loss step 60/200: score=7.928978 (avg=7.885483), loss=0.509625 (avg=0.334559), pairs_step=2048, pairs_total=122880
[2026-03-03 03:57:09,796] INFO:fitness.free_loss_fidelity: RL4CO free-loss step 80/200: score=7.888210 (avg=7.892162), loss=0.550322 (avg=0.384985), pairs_step=2048, pairs_total=163840
[2026-03-03 03:57:17,092] INFO:fitness.free_loss_fidelity: RL4CO free-loss step 100/200: score=7.844312 (avg=7.889667), loss=0.578248 (avg=0.420792), pairs_step=2048, pairs_total=204800
[2026-03-03 03:57:24,382] INFO:fitness.free_loss_fidelity: RL4CO free-loss step 120/200: score=7.876514 (avg=7.891186), loss=0.601052 (avg=0.447712), pairs_step=2048, pairs_total=245760
[2026-03-03 03:57:31,671] INFO:fitness.free_loss_fidelity: RL4CO free-loss step 140/200: score=7.915279 (avg=7.890797), loss=0.581159 (avg=0.468475), pairs_step=2048, pairs_total=286720
[2026-03-03 03:57:38,971] INFO:fitness.free_loss_fidelity: RL4CO free-loss step 160/200: score=7.884594 (avg=7.890225), loss=0.604193 (avg=0.485317), pairs_step=2048, pairs_total=327680
[2026-03-03 03:57:46,293] INFO:fitness.free_loss_fidelity: RL4CO free-loss step 180/200: score=7.869752 (avg=7.889338), loss=0.614009 (avg=0.499105), pairs_step=2048, pairs_total=368640
[2026-03-03 03:57:53,629] INFO:fitness.free_loss_fidelity: RL4CO free-loss step 200/200: score=7.882466 (avg=7.886583), loss=0.608602 (avg=0.510677), pairs_step=2048, pairs_total=409600
