[2026-03-03 08:06:34,860] INFO:fitness.free_loss_fidelity: Stage3 offline mini-train start gen=17 pair_index=42 K=200 seed=12345 valid_sizes=[100] baseline_json=baseline/mini_eval/baseline_minitrain_tsp100_K200.json
[2026-03-03 08:06:34,880] INFO:fitness.free_loss_fidelity: RL4CO free-loss (step-mode): f1_steps=200, f2_steps=0, total_steps=200, train_problem_size=100, rollouts=100, batch_size=64, device=cuda:0, env=tsp
[2026-03-03 08:06:35,250] INFO:fitness.free_loss_fidelity: RL4CO free-loss step 1/200: score=36.122910 (avg=36.122910), loss=0.724551 (avg=0.724551), pairs_step=34712, pairs_total=34712
[2026-03-03 08:06:42,269] INFO:fitness.free_loss_fidelity: RL4CO free-loss step 20/200: score=20.755085 (avg=18.026407), loss=0.700754 (avg=0.702704), pairs_step=34378, pairs_total=679080
[2026-03-03 08:06:49,645] INFO:fitness.free_loss_fidelity: RL4CO free-loss step 40/200: score=24.751957 (avg=20.610826), loss=0.696223 (avg=0.699895), pairs_step=34724, pairs_total=1370962
[2026-03-03 08:06:57,016] INFO:fitness.free_loss_fidelity: RL4CO free-loss step 60/200: score=26.815674 (avg=22.367393), loss=0.695338 (avg=0.698423), pairs_step=34848, pairs_total=2065934
[2026-03-03 08:07:04,572] INFO:fitness.free_loss_fidelity: RL4CO free-loss step 80/200: score=27.997709 (avg=23.600162), loss=0.695204 (avg=0.697657), pairs_step=34946, pairs_total=2762490
[2026-03-03 08:07:11,529] INFO:fitness.free_loss_fidelity: RL4CO free-loss step 100/200: score=28.546341 (avg=24.521740), loss=0.695429 (avg=0.697212), pairs_step=34838, pairs_total=3460886
[2026-03-03 08:07:18,892] INFO:fitness.free_loss_fidelity: RL4CO free-loss step 120/200: score=28.710739 (avg=25.215656), loss=0.695526 (avg=0.696898), pairs_step=34924, pairs_total=4160210
[2026-03-03 08:07:26,128] INFO:fitness.free_loss_fidelity: RL4CO free-loss step 140/200: score=29.079414 (avg=25.769329), loss=0.695308 (avg=0.696671), pairs_step=35050, pairs_total=4860316
[2026-03-03 08:07:33,501] INFO:fitness.free_loss_fidelity: RL4CO free-loss step 160/200: score=29.692425 (avg=26.208868), loss=0.695080 (avg=0.696510), pairs_step=35084, pairs_total=5561242
[2026-03-03 08:07:40,243] INFO:fitness.free_loss_fidelity: RL4CO free-loss step 180/200: score=29.750256 (avg=26.606929), loss=0.695488 (avg=0.696371), pairs_step=35006, pairs_total=6262418
[2026-03-03 08:07:46,797] INFO:fitness.free_loss_fidelity: RL4CO free-loss step 200/200: score=30.178167 (avg=26.951322), loss=0.694765 (avg=0.696257), pairs_step=35178, pairs_total=6965410
[2026-03-03 08:07:47,909] WARNING:fitness.free_loss_fidelity: weights_only checkpoint load failed (UnpicklingError); retrying weights_only=False for /data1/gushengda/eam-rl4co/baseline/epoch_135.ckpt
[2026-03-03 08:07:47,950] INFO:fitness.free_loss_fidelity: Loaded init checkpoint into policy: path=/data1/gushengda/eam-rl4co/baseline/epoch_135.ckpt prefix=policy. matched=97 missing=0 unexpected=0
[2026-03-03 08:07:47,956] INFO:fitness.free_loss_fidelity: RL4CO free-loss (step-mode): f1_steps=200, f2_steps=0, total_steps=200, train_problem_size=100, rollouts=100, batch_size=64, device=cuda:0, env=tsp
[2026-03-03 08:07:48,292] INFO:fitness.free_loss_fidelity: RL4CO free-loss step 1/200: score=7.803347 (avg=7.803347), loss=0.686147 (avg=0.686147), pairs_step=7014, pairs_total=7014
[2026-03-03 08:07:54,510] INFO:fitness.free_loss_fidelity: RL4CO free-loss step 20/200: score=7.833120 (avg=7.835834), loss=0.691226 (avg=0.689458), pairs_step=10984, pairs_total=185210
[2026-03-03 08:08:01,158] INFO:fitness.free_loss_fidelity: RL4CO free-loss step 40/200: score=7.892923 (avg=7.852289), loss=0.692383 (avg=0.690336), pairs_step=13578, pairs_total=433902
[2026-03-03 08:08:07,882] INFO:fitness.free_loss_fidelity: RL4CO free-loss step 60/200: score=7.894256 (avg=7.860260), loss=0.691819 (avg=0.690509), pairs_step=16442, pairs_total=749664
[2026-03-03 08:08:14,599] INFO:fitness.free_loss_fidelity: RL4CO free-loss step 80/200: score=7.890226 (avg=7.865501), loss=0.690590 (avg=0.690348), pairs_step=21032, pairs_total=1133458
[2026-03-03 08:08:21,344] INFO:fitness.free_loss_fidelity: RL4CO free-loss step 100/200: score=7.850603 (avg=7.873630), loss=0.686187 (avg=0.690002), pairs_step=25818, pairs_total=1610556
[2026-03-03 08:08:28,096] INFO:fitness.free_loss_fidelity: RL4CO free-loss step 120/200: score=7.868513 (avg=7.880329), loss=0.686789 (avg=0.689494), pairs_step=26922, pairs_total=2147460
[2026-03-03 08:08:34,833] INFO:fitness.free_loss_fidelity: RL4CO free-loss step 140/200: score=7.902945 (avg=7.882111), loss=0.685829 (avg=0.688943), pairs_step=25638, pairs_total=2682520
[2026-03-03 08:08:41,560] INFO:fitness.free_loss_fidelity: RL4CO free-loss step 160/200: score=7.855669 (avg=7.879793), loss=0.687994 (avg=0.688829), pairs_step=20316, pairs_total=3138950
[2026-03-03 08:08:48,300] INFO:fitness.free_loss_fidelity: RL4CO free-loss step 180/200: score=7.846877 (avg=7.876859), loss=0.689952 (avg=0.688798), pairs_step=19538, pairs_total=3534968
[2026-03-03 08:08:55,040] INFO:fitness.free_loss_fidelity: RL4CO free-loss step 200/200: score=7.870780 (avg=7.874019), loss=0.692505 (avg=0.688816), pairs_step=20032, pairs_total=3944472
[2026-03-03 08:08:56,153] WARNING:fitness.free_loss_fidelity: weights_only checkpoint load failed (UnpicklingError); retrying weights_only=False for /data1/gushengda/eam-rl4co/baseline/epoch_409.ckpt
[2026-03-03 08:08:56,194] INFO:fitness.free_loss_fidelity: Loaded init checkpoint into policy: path=/data1/gushengda/eam-rl4co/baseline/epoch_409.ckpt prefix=policy. matched=97 missing=0 unexpected=0
[2026-03-03 08:08:56,199] INFO:fitness.free_loss_fidelity: RL4CO free-loss (step-mode): f1_steps=200, f2_steps=0, total_steps=200, train_problem_size=100, rollouts=100, batch_size=64, device=cuda:0, env=tsp
[2026-03-03 08:08:56,554] INFO:fitness.free_loss_fidelity: RL4CO free-loss step 1/200: score=7.807477 (avg=7.807477), loss=0.598068 (avg=0.598068), pairs_step=23628, pairs_total=23628
[2026-03-03 08:09:02,950] INFO:fitness.free_loss_fidelity: RL4CO free-loss step 20/200: score=7.795938 (avg=7.816934), loss=0.638443 (avg=0.629007), pairs_step=24884, pairs_total=493792
[2026-03-03 08:09:09,686] INFO:fitness.free_loss_fidelity: RL4CO free-loss step 40/200: score=7.832195 (avg=7.815664), loss=0.642701 (avg=0.636332), pairs_step=24828, pairs_total=998794
[2026-03-03 08:09:16,433] INFO:fitness.free_loss_fidelity: RL4CO free-loss step 60/200: score=7.824193 (avg=7.813584), loss=0.646339 (avg=0.639196), pairs_step=24336, pairs_total=1494380
[2026-03-03 08:09:23,186] INFO:fitness.free_loss_fidelity: RL4CO free-loss step 80/200: score=7.809757 (avg=7.812248), loss=0.647008 (avg=0.641077), pairs_step=24344, pairs_total=1980682
[2026-03-03 08:09:29,905] INFO:fitness.free_loss_fidelity: RL4CO free-loss step 100/200: score=7.769610 (avg=7.813214), loss=0.648828 (avg=0.642923), pairs_step=24654, pairs_total=2481514
[2026-03-03 08:09:36,663] INFO:fitness.free_loss_fidelity: RL4CO free-loss step 120/200: score=7.791506 (avg=7.814661), loss=0.650116 (avg=0.644128), pairs_step=25366, pairs_total=2990964
[2026-03-03 08:09:43,620] INFO:fitness.free_loss_fidelity: RL4CO free-loss step 140/200: score=7.845619 (avg=7.816369), loss=0.654172 (avg=0.645418), pairs_step=26100, pairs_total=3502028
[2026-03-03 08:09:50,348] INFO:fitness.free_loss_fidelity: RL4CO free-loss step 160/200: score=7.815661 (avg=7.816707), loss=0.654482 (avg=0.646532), pairs_step=27172, pairs_total=4035998
[2026-03-03 08:09:57,087] INFO:fitness.free_loss_fidelity: RL4CO free-loss step 180/200: score=7.813396 (avg=7.816272), loss=0.656847 (avg=0.647343), pairs_step=27274, pairs_total=4572790
[2026-03-03 08:10:03,834] INFO:fitness.free_loss_fidelity: RL4CO free-loss step 200/200: score=7.840388 (avg=7.815604), loss=0.656337 (avg=0.648120), pairs_step=26982, pairs_total=5106478
