[2026-03-03 08:58:11,339] INFO:fitness.free_loss_fidelity: Stage3 offline mini-train start gen=18 pair_index=15 K=200 seed=12345 valid_sizes=[100] baseline_json=baseline/mini_eval/baseline_minitrain_tsp100_K200.json
[2026-03-03 08:58:11,356] INFO:fitness.free_loss_fidelity: RL4CO free-loss (step-mode): f1_steps=200, f2_steps=0, total_steps=200, train_problem_size=100, rollouts=100, batch_size=64, device=cuda:1, env=tsp
[2026-03-03 08:58:11,697] INFO:fitness.free_loss_fidelity: RL4CO free-loss step 1/200: score=36.122910 (avg=36.122910), loss=0.726210 (avg=0.726210), pairs_step=18229, pairs_total=18229
[2026-03-03 08:58:18,135] INFO:fitness.free_loss_fidelity: RL4CO free-loss step 20/200: score=11.250660 (avg=14.780996), loss=0.686168 (avg=0.692785), pairs_step=18157, pairs_total=363841
[2026-03-03 08:58:24,900] INFO:fitness.free_loss_fidelity: RL4CO free-loss step 40/200: score=10.465440 (avg=12.608101), loss=0.683236 (avg=0.689871), pairs_step=18133, pairs_total=726142
[2026-03-03 08:58:31,683] INFO:fitness.free_loss_fidelity: RL4CO free-loss step 60/200: score=9.770227 (avg=11.717039), loss=0.681923 (avg=0.687726), pairs_step=18034, pairs_total=1087704
[2026-03-03 08:58:38,453] INFO:fitness.free_loss_fidelity: RL4CO free-loss step 80/200: score=9.767382 (avg=11.219256), loss=0.679109 (avg=0.686210), pairs_step=18065, pairs_total=1448985
[2026-03-03 08:58:45,222] INFO:fitness.free_loss_fidelity: RL4CO free-loss step 100/200: score=9.833254 (avg=10.942426), loss=0.675784 (avg=0.684621), pairs_step=18113, pairs_total=1810723
[2026-03-03 08:58:52,005] INFO:fitness.free_loss_fidelity: RL4CO free-loss step 120/200: score=9.861794 (avg=10.761710), loss=0.675569 (avg=0.683408), pairs_step=18095, pairs_total=2172397
[2026-03-03 08:58:59,372] INFO:fitness.free_loss_fidelity: RL4CO free-loss step 140/200: score=9.876900 (avg=10.634960), loss=0.674153 (avg=0.682269), pairs_step=18087, pairs_total=2533932
[2026-03-03 08:59:06,406] INFO:fitness.free_loss_fidelity: RL4CO free-loss step 160/200: score=9.688978 (avg=10.526228), loss=0.675076 (avg=0.681495), pairs_step=18082, pairs_total=2895350
[2026-03-03 08:59:13,274] INFO:fitness.free_loss_fidelity: RL4CO free-loss step 180/200: score=9.639605 (avg=10.439349), loss=0.675648 (avg=0.680854), pairs_step=18070, pairs_total=3256837
[2026-03-03 08:59:20,127] INFO:fitness.free_loss_fidelity: RL4CO free-loss step 200/200: score=9.698520 (avg=10.361809), loss=0.676432 (avg=0.680353), pairs_step=18078, pairs_total=3617942
[2026-03-03 08:59:21,261] WARNING:fitness.free_loss_fidelity: weights_only checkpoint load failed (UnpicklingError); retrying weights_only=False for /data1/gushengda/eam-rl4co/baseline/epoch_135.ckpt
[2026-03-03 08:59:21,298] INFO:fitness.free_loss_fidelity: Loaded init checkpoint into policy: path=/data1/gushengda/eam-rl4co/baseline/epoch_135.ckpt prefix=policy. matched=97 missing=0 unexpected=0
[2026-03-03 08:59:21,303] INFO:fitness.free_loss_fidelity: RL4CO free-loss (step-mode): f1_steps=200, f2_steps=0, total_steps=200, train_problem_size=100, rollouts=100, batch_size=64, device=cuda:1, env=tsp
[2026-03-03 08:59:21,655] INFO:fitness.free_loss_fidelity: RL4CO free-loss step 1/200: score=7.803347 (avg=7.803347), loss=0.689397 (avg=0.689397), pairs_step=8722, pairs_total=8722
[2026-03-03 08:59:28,145] INFO:fitness.free_loss_fidelity: RL4CO free-loss step 20/200: score=7.797303 (avg=7.821509), loss=0.690600 (avg=0.690241), pairs_step=10748, pairs_total=197969
[2026-03-03 08:59:34,995] INFO:fitness.free_loss_fidelity: RL4CO free-loss step 40/200: score=7.839555 (avg=7.819016), loss=0.688650 (avg=0.689956), pairs_step=11127, pairs_total=412034
[2026-03-03 08:59:41,841] INFO:fitness.free_loss_fidelity: RL4CO free-loss step 60/200: score=7.835252 (avg=7.815977), loss=0.688643 (avg=0.689698), pairs_step=10903, pairs_total=640490
[2026-03-03 08:59:48,663] INFO:fitness.free_loss_fidelity: RL4CO free-loss step 80/200: score=7.822985 (avg=7.816085), loss=0.688166 (avg=0.689358), pairs_step=12099, pairs_total=880313
[2026-03-03 08:59:55,506] INFO:fitness.free_loss_fidelity: RL4CO free-loss step 100/200: score=7.786101 (avg=7.817577), loss=0.687389 (avg=0.689086), pairs_step=12863, pairs_total=1127763
[2026-03-03 09:00:02,346] INFO:fitness.free_loss_fidelity: RL4CO free-loss step 120/200: score=7.797641 (avg=7.819323), loss=0.687825 (avg=0.688851), pairs_step=11771, pairs_total=1374974
[2026-03-03 09:00:09,184] INFO:fitness.free_loss_fidelity: RL4CO free-loss step 140/200: score=7.844259 (avg=7.820471), loss=0.686855 (avg=0.688682), pairs_step=11910, pairs_total=1614434
[2026-03-03 09:00:16,035] INFO:fitness.free_loss_fidelity: RL4CO free-loss step 160/200: score=7.819780 (avg=7.819939), loss=0.689096 (avg=0.688532), pairs_step=12153, pairs_total=1864894
[2026-03-03 09:00:22,882] INFO:fitness.free_loss_fidelity: RL4CO free-loss step 180/200: score=7.804622 (avg=7.819043), loss=0.686953 (avg=0.688407), pairs_step=12778, pairs_total=2114732
[2026-03-03 09:00:29,747] INFO:fitness.free_loss_fidelity: RL4CO free-loss step 200/200: score=7.831553 (avg=7.818000), loss=0.686049 (avg=0.688272), pairs_step=12710, pairs_total=2364339
[2026-03-03 09:00:30,883] WARNING:fitness.free_loss_fidelity: weights_only checkpoint load failed (UnpicklingError); retrying weights_only=False for /data1/gushengda/eam-rl4co/baseline/epoch_409.ckpt
[2026-03-03 09:00:30,915] INFO:fitness.free_loss_fidelity: Loaded init checkpoint into policy: path=/data1/gushengda/eam-rl4co/baseline/epoch_409.ckpt prefix=policy. matched=97 missing=0 unexpected=0
[2026-03-03 09:00:30,920] INFO:fitness.free_loss_fidelity: RL4CO free-loss (step-mode): f1_steps=200, f2_steps=0, total_steps=200, train_problem_size=100, rollouts=100, batch_size=64, device=cuda:1, env=tsp
[2026-03-03 09:00:31,271] INFO:fitness.free_loss_fidelity: RL4CO free-loss step 1/200: score=7.807477 (avg=7.807477), loss=0.525294 (avg=0.525294), pairs_step=14460, pairs_total=14460
[2026-03-03 09:00:37,768] INFO:fitness.free_loss_fidelity: RL4CO free-loss step 20/200: score=7.782451 (avg=7.812009), loss=0.607913 (avg=0.585812), pairs_step=15113, pairs_total=297566
[2026-03-03 09:00:44,612] INFO:fitness.free_loss_fidelity: RL4CO free-loss step 40/200: score=7.824849 (avg=7.805750), loss=0.626777 (avg=0.600412), pairs_step=14845, pairs_total=601150
[2026-03-03 09:00:51,665] INFO:fitness.free_loss_fidelity: RL4CO free-loss step 60/200: score=7.814145 (avg=7.802129), loss=0.633664 (avg=0.611481), pairs_step=14953, pairs_total=901602
[2026-03-03 09:00:58,508] INFO:fitness.free_loss_fidelity: RL4CO free-loss step 80/200: score=7.794249 (avg=7.799791), loss=0.648000 (avg=0.618746), pairs_step=14774, pairs_total=1202525
[2026-03-03 09:01:05,415] INFO:fitness.free_loss_fidelity: RL4CO free-loss step 100/200: score=7.757201 (avg=7.800370), loss=0.646663 (avg=0.624837), pairs_step=14574, pairs_total=1503993
[2026-03-03 09:01:12,301] INFO:fitness.free_loss_fidelity: RL4CO free-loss step 120/200: score=7.781007 (avg=7.801476), loss=0.650496 (avg=0.629263), pairs_step=14925, pairs_total=1803912
[2026-03-03 09:01:19,189] INFO:fitness.free_loss_fidelity: RL4CO free-loss step 140/200: score=7.824781 (avg=7.802476), loss=0.655989 (avg=0.632986), pairs_step=14959, pairs_total=2102879
[2026-03-03 09:01:26,082] INFO:fitness.free_loss_fidelity: RL4CO free-loss step 160/200: score=7.791727 (avg=7.801845), loss=0.658721 (avg=0.636104), pairs_step=15305, pairs_total=2403013
[2026-03-03 09:01:32,986] INFO:fitness.free_loss_fidelity: RL4CO free-loss step 180/200: score=7.783299 (avg=7.800542), loss=0.658639 (avg=0.638632), pairs_step=15315, pairs_total=2703967
[2026-03-03 09:01:39,894] INFO:fitness.free_loss_fidelity: RL4CO free-loss step 200/200: score=7.817544 (avg=7.799334), loss=0.663030 (avg=0.640915), pairs_step=14997, pairs_total=3006417
