[2026-03-03 08:51:08,237] INFO:fitness.free_loss_fidelity: Stage3 offline mini-train start gen=18 pair_index=5 K=200 seed=12345 valid_sizes=[100] baseline_json=baseline/mini_eval/baseline_minitrain_tsp100_K200.json
[2026-03-03 08:51:08,261] INFO:fitness.free_loss_fidelity: RL4CO free-loss (step-mode): f1_steps=200, f2_steps=0, total_steps=200, train_problem_size=100, rollouts=100, batch_size=64, device=cuda:0, env=tsp
[2026-03-03 08:51:08,645] INFO:fitness.free_loss_fidelity: RL4CO free-loss step 1/200: score=36.122910 (avg=36.122910), loss=0.688515 (avg=0.688515), pairs_step=512, pairs_total=512
[2026-03-03 08:51:15,091] INFO:fitness.free_loss_fidelity: RL4CO free-loss step 20/200: score=13.963051 (avg=16.083006), loss=0.668210 (avg=0.683333), pairs_step=512, pairs_total=10240
[2026-03-03 08:51:21,935] INFO:fitness.free_loss_fidelity: RL4CO free-loss step 40/200: score=12.260731 (avg=14.617463), loss=0.665789 (avg=0.679864), pairs_step=512, pairs_total=20480
[2026-03-03 08:51:28,620] INFO:fitness.free_loss_fidelity: RL4CO free-loss step 60/200: score=10.693726 (avg=13.440277), loss=0.675077 (avg=0.679969), pairs_step=512, pairs_total=30720
[2026-03-03 08:51:35,298] INFO:fitness.free_loss_fidelity: RL4CO free-loss step 80/200: score=11.620824 (avg=12.916083), loss=0.698274 (avg=0.678883), pairs_step=512, pairs_total=40960
[2026-03-03 08:51:41,992] INFO:fitness.free_loss_fidelity: RL4CO free-loss step 100/200: score=10.736107 (avg=12.571654), loss=0.686347 (avg=0.677226), pairs_step=512, pairs_total=51200
[2026-03-03 08:51:48,669] INFO:fitness.free_loss_fidelity: RL4CO free-loss step 120/200: score=10.733555 (avg=12.347449), loss=0.676268 (avg=0.675937), pairs_step=512, pairs_total=61440
[2026-03-03 08:51:55,345] INFO:fitness.free_loss_fidelity: RL4CO free-loss step 140/200: score=10.340591 (avg=12.055405), loss=0.674842 (avg=0.674900), pairs_step=512, pairs_total=71680
[2026-03-03 08:52:02,020] INFO:fitness.free_loss_fidelity: RL4CO free-loss step 160/200: score=10.493099 (avg=11.897888), loss=0.679479 (avg=0.675018), pairs_step=512, pairs_total=81920
[2026-03-03 08:52:08,704] INFO:fitness.free_loss_fidelity: RL4CO free-loss step 180/200: score=10.299221 (avg=11.726050), loss=0.674030 (avg=0.675007), pairs_step=512, pairs_total=92160
[2026-03-03 08:52:15,371] INFO:fitness.free_loss_fidelity: RL4CO free-loss step 200/200: score=10.317616 (avg=11.578779), loss=0.677606 (avg=0.674577), pairs_step=512, pairs_total=102400
[2026-03-03 08:52:16,475] WARNING:fitness.free_loss_fidelity: weights_only checkpoint load failed (UnpicklingError); retrying weights_only=False for /data1/gushengda/eam-rl4co/baseline/epoch_135.ckpt
[2026-03-03 08:52:16,512] INFO:fitness.free_loss_fidelity: Loaded init checkpoint into policy: path=/data1/gushengda/eam-rl4co/baseline/epoch_135.ckpt prefix=policy. matched=97 missing=0 unexpected=0
[2026-03-03 08:52:16,517] INFO:fitness.free_loss_fidelity: RL4CO free-loss (step-mode): f1_steps=200, f2_steps=0, total_steps=200, train_problem_size=100, rollouts=100, batch_size=64, device=cuda:0, env=tsp
[2026-03-03 08:52:16,859] INFO:fitness.free_loss_fidelity: RL4CO free-loss step 1/200: score=7.803347 (avg=7.803347), loss=0.665513 (avg=0.665513), pairs_step=512, pairs_total=512
[2026-03-03 08:52:23,489] INFO:fitness.free_loss_fidelity: RL4CO free-loss step 20/200: score=7.874897 (avg=7.851725), loss=0.658036 (avg=0.665956), pairs_step=512, pairs_total=10240
[2026-03-03 08:52:30,716] INFO:fitness.free_loss_fidelity: RL4CO free-loss step 40/200: score=7.987674 (avg=7.888479), loss=0.676153 (avg=0.669573), pairs_step=512, pairs_total=20480
[2026-03-03 08:52:37,939] INFO:fitness.free_loss_fidelity: RL4CO free-loss step 60/200: score=8.022850 (avg=7.917921), loss=0.703575 (avg=0.674511), pairs_step=512, pairs_total=30720
[2026-03-03 08:52:45,152] INFO:fitness.free_loss_fidelity: RL4CO free-loss step 80/200: score=7.980889 (avg=7.937839), loss=0.686805 (avg=0.677902), pairs_step=512, pairs_total=40960
[2026-03-03 08:52:52,354] INFO:fitness.free_loss_fidelity: RL4CO free-loss step 100/200: score=7.973145 (avg=7.951676), loss=0.687415 (avg=0.680252), pairs_step=512, pairs_total=51200
[2026-03-03 08:52:59,570] INFO:fitness.free_loss_fidelity: RL4CO free-loss step 120/200: score=7.962367 (avg=7.961987), loss=0.677620 (avg=0.681413), pairs_step=512, pairs_total=61440
[2026-03-03 08:53:06,780] INFO:fitness.free_loss_fidelity: RL4CO free-loss step 140/200: score=8.053599 (avg=7.971350), loss=0.683514 (avg=0.681800), pairs_step=512, pairs_total=71680
[2026-03-03 08:53:13,987] INFO:fitness.free_loss_fidelity: RL4CO free-loss step 160/200: score=8.026833 (avg=7.977722), loss=0.686575 (avg=0.682830), pairs_step=512, pairs_total=81920
[2026-03-03 08:53:21,404] INFO:fitness.free_loss_fidelity: RL4CO free-loss step 180/200: score=8.056190 (avg=7.982101), loss=0.678904 (avg=0.683458), pairs_step=512, pairs_total=92160
[2026-03-03 08:53:28,646] INFO:fitness.free_loss_fidelity: RL4CO free-loss step 200/200: score=8.039885 (avg=7.987059), loss=0.691959 (avg=0.683897), pairs_step=512, pairs_total=102400
[2026-03-03 08:53:29,786] WARNING:fitness.free_loss_fidelity: weights_only checkpoint load failed (UnpicklingError); retrying weights_only=False for /data1/gushengda/eam-rl4co/baseline/epoch_409.ckpt
[2026-03-03 08:53:29,823] INFO:fitness.free_loss_fidelity: Loaded init checkpoint into policy: path=/data1/gushengda/eam-rl4co/baseline/epoch_409.ckpt prefix=policy. matched=97 missing=0 unexpected=0
[2026-03-03 08:53:29,828] INFO:fitness.free_loss_fidelity: RL4CO free-loss (step-mode): f1_steps=200, f2_steps=0, total_steps=200, train_problem_size=100, rollouts=100, batch_size=64, device=cuda:0, env=tsp
[2026-03-03 08:53:30,171] INFO:fitness.free_loss_fidelity: RL4CO free-loss step 1/200: score=7.807477 (avg=7.807477), loss=0.578568 (avg=0.578568), pairs_step=512, pairs_total=512
[2026-03-03 08:53:36,214] INFO:fitness.free_loss_fidelity: RL4CO free-loss step 20/200: score=7.812406 (avg=7.823002), loss=0.686699 (avg=0.655181), pairs_step=512, pairs_total=10240
[2026-03-03 08:53:42,563] INFO:fitness.free_loss_fidelity: RL4CO free-loss step 40/200: score=7.864597 (avg=7.835728), loss=0.683527 (avg=0.676827), pairs_step=512, pairs_total=20480
[2026-03-03 08:53:49,501] INFO:fitness.free_loss_fidelity: RL4CO free-loss step 60/200: score=7.859627 (avg=7.837992), loss=0.697578 (avg=0.682531), pairs_step=512, pairs_total=30720
[2026-03-03 08:53:56,656] INFO:fitness.free_loss_fidelity: RL4CO free-loss step 80/200: score=7.844223 (avg=7.840156), loss=0.701505 (avg=0.684816), pairs_step=512, pairs_total=40960
[2026-03-03 08:54:03,775] INFO:fitness.free_loss_fidelity: RL4CO free-loss step 100/200: score=7.799137 (avg=7.841633), loss=0.711466 (avg=0.685788), pairs_step=512, pairs_total=51200
[2026-03-03 08:54:10,920] INFO:fitness.free_loss_fidelity: RL4CO free-loss step 120/200: score=7.823489 (avg=7.844214), loss=0.701551 (avg=0.687348), pairs_step=512, pairs_total=61440
[2026-03-03 08:54:18,062] INFO:fitness.free_loss_fidelity: RL4CO free-loss step 140/200: score=7.879773 (avg=7.846988), loss=0.680533 (avg=0.688003), pairs_step=512, pairs_total=71680
[2026-03-03 08:54:24,936] INFO:fitness.free_loss_fidelity: RL4CO free-loss step 160/200: score=7.859543 (avg=7.848620), loss=0.702313 (avg=0.688549), pairs_step=512, pairs_total=81920
[2026-03-03 08:54:31,488] INFO:fitness.free_loss_fidelity: RL4CO free-loss step 180/200: score=7.845745 (avg=7.848682), loss=0.688857 (avg=0.688540), pairs_step=512, pairs_total=92160
[2026-03-03 08:54:38,014] INFO:fitness.free_loss_fidelity: RL4CO free-loss step 200/200: score=7.878016 (avg=7.848754), loss=0.703082 (avg=0.688508), pairs_step=512, pairs_total=102400
