[2026-03-03 04:18:13,916] INFO:fitness.free_loss_fidelity: Stage3 offline mini-train start gen=15 pair_index=24 K=1000 seed=12345 valid_sizes=[100] baseline_json=baseline/mini_eval/baseline_minitrain_tsp100_K1000.json
[2026-03-03 04:18:19,517] INFO:fitness.free_loss_fidelity: RL4CO free-loss (step-mode): f1_steps=1000, f2_steps=0, total_steps=1000, train_problem_size=100, rollouts=100, batch_size=64, device=cuda:0, env=tsp
[2026-03-03 04:18:20,446] INFO:fitness.free_loss_fidelity: RL4CO free-loss step 1/1000: score=36.122910 (avg=36.122910), loss=0.726435 (avg=0.726435), pairs_step=6337, pairs_total=6337
[2026-03-03 04:18:52,275] INFO:fitness.free_loss_fidelity: RL4CO free-loss step 100/1000: score=9.371483 (avg=10.432843), loss=0.671019 (avg=0.676332), pairs_step=6336, pairs_total=633601
[2026-03-03 04:19:24,811] INFO:fitness.free_loss_fidelity: RL4CO free-loss step 200/1000: score=9.202660 (avg=9.872085), loss=0.673415 (avg=0.673029), pairs_step=6336, pairs_total=1267203
[2026-03-03 04:19:57,396] INFO:fitness.free_loss_fidelity: RL4CO free-loss step 300/1000: score=9.008610 (avg=9.623341), loss=0.668720 (avg=0.672008), pairs_step=6336, pairs_total=1900804
[2026-03-03 04:20:29,666] INFO:fitness.free_loss_fidelity: RL4CO free-loss step 400/1000: score=8.919378 (avg=9.456296), loss=0.670289 (avg=0.671624), pairs_step=6336, pairs_total=2534404
[2026-03-03 04:21:01,920] INFO:fitness.free_loss_fidelity: RL4CO free-loss step 500/1000: score=8.755320 (avg=9.330032), loss=0.668926 (avg=0.671402), pairs_step=6336, pairs_total=3168004
[2026-03-03 04:21:34,542] INFO:fitness.free_loss_fidelity: RL4CO free-loss step 600/1000: score=8.672255 (avg=9.231115), loss=0.672204 (avg=0.671252), pairs_step=6336, pairs_total=3801605
[2026-03-03 04:22:07,415] INFO:fitness.free_loss_fidelity: RL4CO free-loss step 700/1000: score=8.685225 (avg=9.152275), loss=0.669943 (avg=0.671149), pairs_step=6336, pairs_total=4435205
[2026-03-03 04:22:40,147] INFO:fitness.free_loss_fidelity: RL4CO free-loss step 800/1000: score=8.657253 (avg=9.088681), loss=0.668362 (avg=0.671025), pairs_step=6336, pairs_total=5068806
[2026-03-03 04:23:12,999] INFO:fitness.free_loss_fidelity: RL4CO free-loss step 900/1000: score=8.635076 (avg=9.036508), loss=0.669703 (avg=0.670962), pairs_step=6336, pairs_total=5702406
[2026-03-03 04:23:45,848] INFO:fitness.free_loss_fidelity: RL4CO free-loss step 1000/1000: score=8.581610 (avg=8.991879), loss=0.671285 (avg=0.670911), pairs_step=6336, pairs_total=6336006
[2026-03-03 04:23:46,962] WARNING:fitness.free_loss_fidelity: weights_only checkpoint load failed (UnpicklingError); retrying weights_only=False for /data1/gushengda/eam-rl4co/baseline/epoch_135.ckpt
[2026-03-03 04:23:47,010] INFO:fitness.free_loss_fidelity: Loaded init checkpoint into policy: path=/data1/gushengda/eam-rl4co/baseline/epoch_135.ckpt prefix=policy. matched=97 missing=0 unexpected=0
[2026-03-03 04:23:47,015] INFO:fitness.free_loss_fidelity: RL4CO free-loss (step-mode): f1_steps=1000, f2_steps=0, total_steps=1000, train_problem_size=100, rollouts=100, batch_size=64, device=cuda:0, env=tsp
[2026-03-03 04:23:47,364] INFO:fitness.free_loss_fidelity: RL4CO free-loss step 1/1000: score=7.803347 (avg=7.803347), loss=0.688271 (avg=0.688271), pairs_step=6102, pairs_total=6102
[2026-03-03 04:24:19,420] INFO:fitness.free_loss_fidelity: RL4CO free-loss step 100/1000: score=7.783183 (avg=7.818152), loss=0.688861 (avg=0.689180), pairs_step=6336, pairs_total=629101
[2026-03-03 04:24:52,573] INFO:fitness.free_loss_fidelity: RL4CO free-loss step 200/1000: score=7.839571 (avg=7.818826), loss=0.687507 (avg=0.688134), pairs_step=6336, pairs_total=1262103
[2026-03-03 04:25:25,272] INFO:fitness.free_loss_fidelity: RL4CO free-loss step 300/1000: score=7.822201 (avg=7.819638), loss=0.685204 (avg=0.687522), pairs_step=6332, pairs_total=1895311
[2026-03-03 04:25:57,923] INFO:fitness.free_loss_fidelity: RL4CO free-loss step 400/1000: score=7.851260 (avg=7.819635), loss=0.685658 (avg=0.687140), pairs_step=6336, pairs_total=2528368
[2026-03-03 04:26:30,365] INFO:fitness.free_loss_fidelity: RL4CO free-loss step 500/1000: score=7.795249 (avg=7.818926), loss=0.686868 (avg=0.686912), pairs_step=6324, pairs_total=3161365
[2026-03-03 04:27:02,800] INFO:fitness.free_loss_fidelity: RL4CO free-loss step 600/1000: score=7.785699 (avg=7.818494), loss=0.684307 (avg=0.686736), pairs_step=6328, pairs_total=3794492
[2026-03-03 04:27:35,102] INFO:fitness.free_loss_fidelity: RL4CO free-loss step 700/1000: score=7.832347 (avg=7.818539), loss=0.684575 (avg=0.686601), pairs_step=6336, pairs_total=4427459
[2026-03-03 04:28:06,962] INFO:fitness.free_loss_fidelity: RL4CO free-loss step 800/1000: score=7.817327 (avg=7.818815), loss=0.684662 (avg=0.686498), pairs_step=6336, pairs_total=5060472
[2026-03-03 04:28:39,319] INFO:fitness.free_loss_fidelity: RL4CO free-loss step 900/1000: score=7.855645 (avg=7.818553), loss=0.684334 (avg=0.686383), pairs_step=6336, pairs_total=5693438
[2026-03-03 04:29:11,636] INFO:fitness.free_loss_fidelity: RL4CO free-loss step 1000/1000: score=7.843452 (avg=7.818392), loss=0.685450 (avg=0.686307), pairs_step=6301, pairs_total=6326360
[2026-03-03 04:29:12,753] WARNING:fitness.free_loss_fidelity: weights_only checkpoint load failed (UnpicklingError); retrying weights_only=False for /data1/gushengda/eam-rl4co/baseline/epoch_409.ckpt
[2026-03-03 04:29:12,799] INFO:fitness.free_loss_fidelity: Loaded init checkpoint into policy: path=/data1/gushengda/eam-rl4co/baseline/epoch_409.ckpt prefix=policy. matched=97 missing=0 unexpected=0
[2026-03-03 04:29:12,804] INFO:fitness.free_loss_fidelity: RL4CO free-loss (step-mode): f1_steps=1000, f2_steps=0, total_steps=1000, train_problem_size=100, rollouts=100, batch_size=64, device=cuda:0, env=tsp
[2026-03-03 04:29:13,355] INFO:fitness.free_loss_fidelity: RL4CO free-loss step 1/1000: score=7.807477 (avg=7.807477), loss=0.386897 (avg=0.386897), pairs_step=6336, pairs_total=6336
[2026-03-03 04:29:46,115] INFO:fitness.free_loss_fidelity: RL4CO free-loss step 100/1000: score=7.757933 (avg=7.800897), loss=0.656258 (avg=0.623494), pairs_step=6336, pairs_total=633616
[2026-03-03 04:30:23,219] INFO:fitness.free_loss_fidelity: RL4CO free-loss step 200/1000: score=7.816360 (avg=7.800403), loss=0.664590 (avg=0.642694), pairs_step=6336, pairs_total=1267218
[2026-03-03 04:31:00,308] INFO:fitness.free_loss_fidelity: RL4CO free-loss step 300/1000: score=7.810903 (avg=7.800618), loss=0.668115 (avg=0.651047), pairs_step=6336, pairs_total=1900820
[2026-03-03 04:31:33,527] INFO:fitness.free_loss_fidelity: RL4CO free-loss step 400/1000: score=7.823874 (avg=7.800510), loss=0.672143 (avg=0.656031), pairs_step=6336, pairs_total=2534397
[2026-03-03 04:32:06,731] INFO:fitness.free_loss_fidelity: RL4CO free-loss step 500/1000: score=7.780958 (avg=7.799792), loss=0.670278 (avg=0.659232), pairs_step=6336, pairs_total=3167934
[2026-03-03 04:32:39,779] INFO:fitness.free_loss_fidelity: RL4CO free-loss step 600/1000: score=7.761224 (avg=7.799212), loss=0.674048 (avg=0.661635), pairs_step=6336, pairs_total=3801284
[2026-03-03 04:33:12,850] INFO:fitness.free_loss_fidelity: RL4CO free-loss step 700/1000: score=7.813766 (avg=7.799298), loss=0.675903 (avg=0.663492), pairs_step=6292, pairs_total=4434531
[2026-03-03 04:33:47,125] INFO:fitness.free_loss_fidelity: RL4CO free-loss step 800/1000: score=7.797526 (avg=7.799399), loss=0.674648 (avg=0.664975), pairs_step=6336, pairs_total=5067624
[2026-03-03 04:34:23,761] INFO:fitness.free_loss_fidelity: RL4CO free-loss step 900/1000: score=7.831852 (avg=7.799186), loss=0.677669 (avg=0.666207), pairs_step=6312, pairs_total=5700233
[2026-03-03 04:34:56,959] INFO:fitness.free_loss_fidelity: RL4CO free-loss step 1000/1000: score=7.828518 (avg=7.799027), loss=0.676759 (avg=0.667279), pairs_step=6333, pairs_total=6332536
