[2026-03-03 09:54:33,492] INFO:fitness.free_loss_fidelity: Stage3 offline mini-train start gen=19 pair_index=3 K=200 seed=12345 valid_sizes=[100] baseline_json=baseline/mini_eval/baseline_minitrain_tsp100_K200.json
[2026-03-03 09:54:39,568] INFO:fitness.free_loss_fidelity: RL4CO free-loss (step-mode): f1_steps=200, f2_steps=0, total_steps=200, train_problem_size=100, rollouts=100, batch_size=64, device=cuda:1, env=tsp
[2026-03-03 09:54:40,379] INFO:fitness.free_loss_fidelity: RL4CO free-loss step 1/200: score=36.122910 (avg=36.122910), loss=0.741645 (avg=0.741645), pairs_step=12288, pairs_total=12288
[2026-03-03 09:54:47,143] INFO:fitness.free_loss_fidelity: RL4CO free-loss step 20/200: score=10.327717 (avg=13.016601), loss=0.554784 (avg=0.575443), pairs_step=12288, pairs_total=245760
[2026-03-03 09:54:53,943] INFO:fitness.free_loss_fidelity: RL4CO free-loss step 40/200: score=9.565088 (avg=11.415704), loss=0.571304 (avg=0.577683), pairs_step=12288, pairs_total=491520
[2026-03-03 09:55:00,661] INFO:fitness.free_loss_fidelity: RL4CO free-loss step 60/200: score=9.319285 (avg=10.741923), loss=0.554043 (avg=0.576125), pairs_step=12288, pairs_total=737280
[2026-03-03 09:55:07,417] INFO:fitness.free_loss_fidelity: RL4CO free-loss step 80/200: score=9.204697 (avg=10.372345), loss=0.558873 (avg=0.573199), pairs_step=12288, pairs_total=983040
[2026-03-03 09:55:14,139] INFO:fitness.free_loss_fidelity: RL4CO free-loss step 100/200: score=9.146688 (avg=10.126551), loss=0.514632 (avg=0.569126), pairs_step=12288, pairs_total=1228800
[2026-03-03 09:55:20,819] INFO:fitness.free_loss_fidelity: RL4CO free-loss step 120/200: score=8.977989 (avg=9.951656), loss=0.510589 (avg=0.563358), pairs_step=12288, pairs_total=1474560
[2026-03-03 09:55:27,517] INFO:fitness.free_loss_fidelity: RL4CO free-loss step 140/200: score=9.028768 (avg=9.808735), loss=0.524982 (avg=0.560227), pairs_step=12288, pairs_total=1720320
[2026-03-03 09:55:34,207] INFO:fitness.free_loss_fidelity: RL4CO free-loss step 160/200: score=8.961017 (avg=9.702869), loss=0.530378 (avg=0.557165), pairs_step=12288, pairs_total=1966080
[2026-03-03 09:55:40,883] INFO:fitness.free_loss_fidelity: RL4CO free-loss step 180/200: score=8.794733 (avg=9.607183), loss=0.554972 (avg=0.555183), pairs_step=12288, pairs_total=2211840
[2026-03-03 09:55:47,580] INFO:fitness.free_loss_fidelity: RL4CO free-loss step 200/200: score=8.791039 (avg=9.522342), loss=0.558040 (avg=0.554236), pairs_step=12288, pairs_total=2457600
[2026-03-03 09:55:48,685] WARNING:fitness.free_loss_fidelity: weights_only checkpoint load failed (UnpicklingError); retrying weights_only=False for /data1/gushengda/eam-rl4co/baseline/epoch_135.ckpt
[2026-03-03 09:55:48,728] INFO:fitness.free_loss_fidelity: Loaded init checkpoint into policy: path=/data1/gushengda/eam-rl4co/baseline/epoch_135.ckpt prefix=policy. matched=97 missing=0 unexpected=0
[2026-03-03 09:55:48,733] INFO:fitness.free_loss_fidelity: RL4CO free-loss (step-mode): f1_steps=200, f2_steps=0, total_steps=200, train_problem_size=100, rollouts=100, batch_size=64, device=cuda:1, env=tsp
[2026-03-03 09:55:49,088] INFO:fitness.free_loss_fidelity: RL4CO free-loss step 1/200: score=7.803347 (avg=7.803347), loss=0.662253 (avg=0.662253), pairs_step=12288, pairs_total=12288
[2026-03-03 09:55:55,485] INFO:fitness.free_loss_fidelity: RL4CO free-loss step 20/200: score=7.783037 (avg=7.813706), loss=0.665204 (avg=0.666512), pairs_step=12288, pairs_total=245758
[2026-03-03 09:56:02,189] INFO:fitness.free_loss_fidelity: RL4CO free-loss step 40/200: score=7.828560 (avg=7.810272), loss=0.665187 (avg=0.665834), pairs_step=12288, pairs_total=491518
[2026-03-03 09:56:08,920] INFO:fitness.free_loss_fidelity: RL4CO free-loss step 60/200: score=7.827180 (avg=7.807277), loss=0.670688 (avg=0.665974), pairs_step=12288, pairs_total=737278
[2026-03-03 09:56:15,609] INFO:fitness.free_loss_fidelity: RL4CO free-loss step 80/200: score=7.801146 (avg=7.805739), loss=0.666082 (avg=0.666350), pairs_step=12288, pairs_total=983038
[2026-03-03 09:56:22,333] INFO:fitness.free_loss_fidelity: RL4CO free-loss step 100/200: score=7.759095 (avg=7.806027), loss=0.667983 (avg=0.665985), pairs_step=12288, pairs_total=1228798
[2026-03-03 09:56:29,057] INFO:fitness.free_loss_fidelity: RL4CO free-loss step 120/200: score=7.786286 (avg=7.807500), loss=0.671752 (avg=0.666524), pairs_step=12288, pairs_total=1474558
[2026-03-03 09:56:35,782] INFO:fitness.free_loss_fidelity: RL4CO free-loss step 140/200: score=7.835953 (avg=7.808619), loss=0.664799 (avg=0.666379), pairs_step=12288, pairs_total=1720318
[2026-03-03 09:56:42,487] INFO:fitness.free_loss_fidelity: RL4CO free-loss step 160/200: score=7.797008 (avg=7.808030), loss=0.659663 (avg=0.666180), pairs_step=12288, pairs_total=1966078
[2026-03-03 09:56:49,184] INFO:fitness.free_loss_fidelity: RL4CO free-loss step 180/200: score=7.794773 (avg=7.806872), loss=0.675923 (avg=0.666425), pairs_step=12288, pairs_total=2211838
[2026-03-03 09:56:56,126] INFO:fitness.free_loss_fidelity: RL4CO free-loss step 200/200: score=7.818474 (avg=7.805597), loss=0.659823 (avg=0.666450), pairs_step=12288, pairs_total=2457598
[2026-03-03 09:56:57,251] WARNING:fitness.free_loss_fidelity: weights_only checkpoint load failed (UnpicklingError); retrying weights_only=False for /data1/gushengda/eam-rl4co/baseline/epoch_409.ckpt
[2026-03-03 09:56:57,297] INFO:fitness.free_loss_fidelity: Loaded init checkpoint into policy: path=/data1/gushengda/eam-rl4co/baseline/epoch_409.ckpt prefix=policy. matched=97 missing=0 unexpected=0
[2026-03-03 09:56:57,303] INFO:fitness.free_loss_fidelity: RL4CO free-loss (step-mode): f1_steps=200, f2_steps=0, total_steps=200, train_problem_size=100, rollouts=100, batch_size=64, device=cuda:1, env=tsp
[2026-03-03 09:56:57,690] INFO:fitness.free_loss_fidelity: RL4CO free-loss step 1/200: score=7.807477 (avg=7.807477), loss=0.561642 (avg=0.561642), pairs_step=12288, pairs_total=12288
[2026-03-03 09:57:04,169] INFO:fitness.free_loss_fidelity: RL4CO free-loss step 20/200: score=7.781450 (avg=7.809214), loss=0.561933 (avg=0.555485), pairs_step=12288, pairs_total=245760
[2026-03-03 09:57:11,124] INFO:fitness.free_loss_fidelity: RL4CO free-loss step 40/200: score=7.815358 (avg=7.802105), loss=0.573052 (avg=0.559073), pairs_step=12288, pairs_total=491520
[2026-03-03 09:57:17,818] INFO:fitness.free_loss_fidelity: RL4CO free-loss step 60/200: score=7.812705 (avg=7.797961), loss=0.573085 (avg=0.561878), pairs_step=12288, pairs_total=737280
[2026-03-03 09:57:24,523] INFO:fitness.free_loss_fidelity: RL4CO free-loss step 80/200: score=7.794245 (avg=7.796541), loss=0.566372 (avg=0.564596), pairs_step=12288, pairs_total=983040
[2026-03-03 09:57:31,268] INFO:fitness.free_loss_fidelity: RL4CO free-loss step 100/200: score=7.751313 (avg=7.796874), loss=0.572863 (avg=0.565782), pairs_step=12286, pairs_total=1228798
[2026-03-03 09:57:37,964] INFO:fitness.free_loss_fidelity: RL4CO free-loss step 120/200: score=7.772814 (avg=7.798497), loss=0.567908 (avg=0.566177), pairs_step=12288, pairs_total=1474558
[2026-03-03 09:57:44,670] INFO:fitness.free_loss_fidelity: RL4CO free-loss step 140/200: score=7.820772 (avg=7.799360), loss=0.566555 (avg=0.566267), pairs_step=12288, pairs_total=1720318
[2026-03-03 09:57:51,381] INFO:fitness.free_loss_fidelity: RL4CO free-loss step 160/200: score=7.793078 (avg=7.798614), loss=0.570128 (avg=0.566163), pairs_step=12288, pairs_total=1966078
[2026-03-03 09:57:58,107] INFO:fitness.free_loss_fidelity: RL4CO free-loss step 180/200: score=7.782190 (avg=7.797414), loss=0.580070 (avg=0.566469), pairs_step=12288, pairs_total=2211838
[2026-03-03 09:58:04,816] INFO:fitness.free_loss_fidelity: RL4CO free-loss step 200/200: score=7.811515 (avg=7.796391), loss=0.564000 (avg=0.566743), pairs_step=12288, pairs_total=2457598
