[2026-03-03 00:39:55,656] INFO:fitness.free_loss_fidelity: Stage3 offline mini-train start gen=12 pair_index=20 K=200 seed=12345 valid_sizes=[100] baseline_json=baseline/mini_eval/baseline_minitrain_tsp100_K200.json
[2026-03-03 00:39:55,674] INFO:fitness.free_loss_fidelity: RL4CO free-loss (step-mode): f1_steps=200, f2_steps=0, total_steps=200, train_problem_size=100, rollouts=100, batch_size=64, device=cuda:2, env=tsp
[2026-03-03 00:39:56,026] INFO:fitness.free_loss_fidelity: RL4CO free-loss step 1/200: score=36.122910 (avg=36.122910), loss=0.750952 (avg=0.750952), pairs_step=12524, pairs_total=12524
[2026-03-03 00:40:02,431] INFO:fitness.free_loss_fidelity: RL4CO free-loss step 20/200: score=10.251876 (avg=13.107539), loss=0.579976 (avg=0.589974), pairs_step=4544, pairs_total=107505
[2026-03-03 00:40:09,218] INFO:fitness.free_loss_fidelity: RL4CO free-loss step 40/200: score=9.625800 (avg=11.465180), loss=0.596884 (avg=0.591294), pairs_step=4544, pairs_total=198652
[2026-03-03 00:40:15,977] INFO:fitness.free_loss_fidelity: RL4CO free-loss step 60/200: score=9.389170 (avg=10.815623), loss=0.570511 (avg=0.591903), pairs_step=5342, pairs_total=303098
[2026-03-03 00:40:22,737] INFO:fitness.free_loss_fidelity: RL4CO free-loss step 80/200: score=9.293200 (avg=10.449104), loss=0.564567 (avg=0.591304), pairs_step=4544, pairs_total=407278
[2026-03-03 00:40:29,495] INFO:fitness.free_loss_fidelity: RL4CO free-loss step 100/200: score=9.329792 (avg=10.219860), loss=0.571543 (avg=0.585888), pairs_step=4810, pairs_total=507069
[2026-03-03 00:40:36,267] INFO:fitness.free_loss_fidelity: RL4CO free-loss step 120/200: score=9.154778 (avg=10.052239), loss=0.576278 (avg=0.581960), pairs_step=5741, pairs_total=616702
[2026-03-03 00:40:43,008] INFO:fitness.free_loss_fidelity: RL4CO free-loss step 140/200: score=9.066013 (avg=9.924178), loss=0.511534 (avg=0.577726), pairs_step=5209, pairs_total=729793
[2026-03-03 00:40:49,779] INFO:fitness.free_loss_fidelity: RL4CO free-loss step 160/200: score=8.878163 (avg=9.808054), loss=0.560790 (avg=0.573793), pairs_step=6140, pairs_total=831313
[2026-03-03 00:40:56,530] INFO:fitness.free_loss_fidelity: RL4CO free-loss step 180/200: score=8.790299 (avg=9.701378), loss=0.534921 (avg=0.569518), pairs_step=4677, pairs_total=941877
[2026-03-03 00:41:03,269] INFO:fitness.free_loss_fidelity: RL4CO free-loss step 200/200: score=8.752422 (avg=9.610511), loss=0.530390 (avg=0.567466), pairs_step=4943, pairs_total=1043796
[2026-03-03 00:41:04,382] WARNING:fitness.free_loss_fidelity: weights_only checkpoint load failed (UnpicklingError); retrying weights_only=False for /data1/gushengda/eam-rl4co/baseline/epoch_135.ckpt
[2026-03-03 00:41:04,420] INFO:fitness.free_loss_fidelity: Loaded init checkpoint into policy: path=/data1/gushengda/eam-rl4co/baseline/epoch_135.ckpt prefix=policy. matched=97 missing=0 unexpected=0
[2026-03-03 00:41:04,426] INFO:fitness.free_loss_fidelity: RL4CO free-loss (step-mode): f1_steps=200, f2_steps=0, total_steps=200, train_problem_size=100, rollouts=100, batch_size=64, device=cuda:2, env=tsp
[2026-03-03 00:41:04,780] INFO:fitness.free_loss_fidelity: RL4CO free-loss step 1/200: score=7.803347 (avg=7.803347), loss=0.676165 (avg=0.676165), pairs_step=4558, pairs_total=4558
[2026-03-03 00:41:11,165] INFO:fitness.free_loss_fidelity: RL4CO free-loss step 20/200: score=7.789797 (avg=7.818518), loss=0.675945 (avg=0.679856), pairs_step=4557, pairs_total=91080
[2026-03-03 00:41:17,626] INFO:fitness.free_loss_fidelity: RL4CO free-loss step 40/200: score=7.830029 (avg=7.812358), loss=0.670817 (avg=0.678231), pairs_step=4557, pairs_total=182122
[2026-03-03 00:41:24,202] INFO:fitness.free_loss_fidelity: RL4CO free-loss step 60/200: score=7.822654 (avg=7.808648), loss=0.678068 (avg=0.678035), pairs_step=4553, pairs_total=273192
[2026-03-03 00:41:30,612] INFO:fitness.free_loss_fidelity: RL4CO free-loss step 80/200: score=7.809290 (avg=7.807018), loss=0.678595 (avg=0.677559), pairs_step=4549, pairs_total=364223
[2026-03-03 00:41:37,021] INFO:fitness.free_loss_fidelity: RL4CO free-loss step 100/200: score=7.764608 (avg=7.807453), loss=0.681103 (avg=0.677500), pairs_step=4553, pairs_total=455271
[2026-03-03 00:41:43,429] INFO:fitness.free_loss_fidelity: RL4CO free-loss step 120/200: score=7.780123 (avg=7.809091), loss=0.678313 (avg=0.677181), pairs_step=4560, pairs_total=546324
[2026-03-03 00:41:49,837] INFO:fitness.free_loss_fidelity: RL4CO free-loss step 140/200: score=7.835671 (avg=7.810567), loss=0.679066 (avg=0.677221), pairs_step=4555, pairs_total=637351
[2026-03-03 00:41:56,250] INFO:fitness.free_loss_fidelity: RL4CO free-loss step 160/200: score=7.806306 (avg=7.810133), loss=0.676929 (avg=0.677069), pairs_step=4558, pairs_total=728399
[2026-03-03 00:42:02,662] INFO:fitness.free_loss_fidelity: RL4CO free-loss step 180/200: score=7.800684 (avg=7.809286), loss=0.681847 (avg=0.676936), pairs_step=4553, pairs_total=819447
[2026-03-03 00:42:09,079] INFO:fitness.free_loss_fidelity: RL4CO free-loss step 200/200: score=7.823577 (avg=7.808349), loss=0.667938 (avg=0.676790), pairs_step=4557, pairs_total=910475
[2026-03-03 00:42:10,187] WARNING:fitness.free_loss_fidelity: weights_only checkpoint load failed (UnpicklingError); retrying weights_only=False for /data1/gushengda/eam-rl4co/baseline/epoch_409.ckpt
[2026-03-03 00:42:10,218] INFO:fitness.free_loss_fidelity: Loaded init checkpoint into policy: path=/data1/gushengda/eam-rl4co/baseline/epoch_409.ckpt prefix=policy. matched=97 missing=0 unexpected=0
[2026-03-03 00:42:10,224] INFO:fitness.free_loss_fidelity: RL4CO free-loss (step-mode): f1_steps=200, f2_steps=0, total_steps=200, train_problem_size=100, rollouts=100, batch_size=64, device=cuda:2, env=tsp
[2026-03-03 00:42:10,558] INFO:fitness.free_loss_fidelity: RL4CO free-loss step 1/200: score=7.807477 (avg=7.807477), loss=0.578203 (avg=0.578203), pairs_step=5213, pairs_total=5213
[2026-03-03 00:42:16,662] INFO:fitness.free_loss_fidelity: RL4CO free-loss step 20/200: score=7.782830 (avg=7.807107), loss=0.509454 (avg=0.540111), pairs_step=11593, pairs_total=176482
[2026-03-03 00:42:23,085] INFO:fitness.free_loss_fidelity: RL4CO free-loss step 40/200: score=7.820683 (avg=7.802455), loss=0.536326 (avg=0.535830), pairs_step=12392, pairs_total=417146
[2026-03-03 00:42:29,490] INFO:fitness.free_loss_fidelity: RL4CO free-loss step 60/200: score=7.815037 (avg=7.798772), loss=0.548224 (avg=0.537939), pairs_step=12524, pairs_total=663784
[2026-03-03 00:42:35,896] INFO:fitness.free_loss_fidelity: RL4CO free-loss step 80/200: score=7.793572 (avg=7.796965), loss=0.548326 (avg=0.538757), pairs_step=12657, pairs_total=917728
[2026-03-03 00:42:42,322] INFO:fitness.free_loss_fidelity: RL4CO free-loss step 100/200: score=7.755111 (avg=7.797563), loss=0.560226 (avg=0.540447), pairs_step=11195, pairs_total=1159043
[2026-03-03 00:42:48,737] INFO:fitness.free_loss_fidelity: RL4CO free-loss step 120/200: score=7.775598 (avg=7.798951), loss=0.582979 (avg=0.545353), pairs_step=7338, pairs_total=1338952
[2026-03-03 00:42:55,140] INFO:fitness.free_loss_fidelity: RL4CO free-loss step 140/200: score=7.820440 (avg=7.799616), loss=0.601014 (avg=0.551541), pairs_step=6677, pairs_total=1471121
[2026-03-03 00:43:01,544] INFO:fitness.free_loss_fidelity: RL4CO free-loss step 160/200: score=7.791184 (avg=7.798708), loss=0.607947 (avg=0.559103), pairs_step=4547, pairs_total=1567912
[2026-03-03 00:43:07,961] INFO:fitness.free_loss_fidelity: RL4CO free-loss step 180/200: score=7.777898 (avg=7.797357), loss=0.597989 (avg=0.563766), pairs_step=4546, pairs_total=1659119
[2026-03-03 00:43:14,377] INFO:fitness.free_loss_fidelity: RL4CO free-loss step 200/200: score=7.806763 (avg=7.795800), loss=0.582188 (avg=0.566428), pairs_step=4547, pairs_total=1750082
