[2026-03-02 23:28:08,487] INFO:fitness.free_loss_fidelity: Stage3 offline mini-train start gen=11 pair_index=16 K=200 seed=12345 valid_sizes=[100] baseline_json=baseline/mini_eval/baseline_minitrain_tsp100_K200.json
[2026-03-02 23:28:08,506] INFO:fitness.free_loss_fidelity: RL4CO free-loss (step-mode): f1_steps=200, f2_steps=0, total_steps=200, train_problem_size=100, rollouts=100, batch_size=64, device=cuda:3, env=tsp
[2026-03-02 23:28:08,858] INFO:fitness.free_loss_fidelity: RL4CO free-loss step 1/200: score=36.122910 (avg=36.122910), loss=0.689554 (avg=0.689554), pairs_step=320, pairs_total=320
[2026-03-02 23:28:14,930] INFO:fitness.free_loss_fidelity: RL4CO free-loss step 20/200: score=10.090752 (avg=12.923998), loss=0.411344 (avg=0.412481), pairs_step=320, pairs_total=6400
[2026-03-02 23:28:21,308] INFO:fitness.free_loss_fidelity: RL4CO free-loss step 40/200: score=9.489151 (avg=11.292637), loss=0.448868 (avg=0.421417), pairs_step=320, pairs_total=12800
[2026-03-02 23:28:27,691] INFO:fitness.free_loss_fidelity: RL4CO free-loss step 60/200: score=9.323406 (avg=10.654571), loss=0.413819 (avg=0.422615), pairs_step=320, pairs_total=19200
[2026-03-02 23:28:34,086] INFO:fitness.free_loss_fidelity: RL4CO free-loss step 80/200: score=9.200103 (avg=10.304448), loss=0.403642 (avg=0.421212), pairs_step=320, pairs_total=25600
[2026-03-02 23:28:40,465] INFO:fitness.free_loss_fidelity: RL4CO free-loss step 100/200: score=9.026588 (avg=10.069805), loss=0.431048 (avg=0.419124), pairs_step=320, pairs_total=32000
[2026-03-02 23:28:46,842] INFO:fitness.free_loss_fidelity: RL4CO free-loss step 120/200: score=8.989377 (avg=9.901081), loss=0.396969 (avg=0.415830), pairs_step=320, pairs_total=38400
[2026-03-02 23:28:53,241] INFO:fitness.free_loss_fidelity: RL4CO free-loss step 140/200: score=8.907588 (avg=9.765370), loss=0.423180 (avg=0.414524), pairs_step=320, pairs_total=44800
[2026-03-02 23:28:59,626] INFO:fitness.free_loss_fidelity: RL4CO free-loss step 160/200: score=8.848547 (avg=9.654521), loss=0.403716 (avg=0.413841), pairs_step=320, pairs_total=51200
[2026-03-02 23:29:06,013] INFO:fitness.free_loss_fidelity: RL4CO free-loss step 180/200: score=8.781609 (avg=9.558895), loss=0.395682 (avg=0.413499), pairs_step=320, pairs_total=57600
[2026-03-02 23:29:12,415] INFO:fitness.free_loss_fidelity: RL4CO free-loss step 200/200: score=8.707075 (avg=9.473706), loss=0.418156 (avg=0.414870), pairs_step=320, pairs_total=64000
[2026-03-02 23:29:13,525] WARNING:fitness.free_loss_fidelity: weights_only checkpoint load failed (UnpicklingError); retrying weights_only=False for /data1/gushengda/eam-rl4co/baseline/epoch_135.ckpt
[2026-03-02 23:29:13,562] INFO:fitness.free_loss_fidelity: Loaded init checkpoint into policy: path=/data1/gushengda/eam-rl4co/baseline/epoch_135.ckpt prefix=policy. matched=97 missing=0 unexpected=0
[2026-03-02 23:29:13,567] INFO:fitness.free_loss_fidelity: RL4CO free-loss (step-mode): f1_steps=200, f2_steps=0, total_steps=200, train_problem_size=100, rollouts=100, batch_size=64, device=cuda:3, env=tsp
[2026-03-02 23:29:13,893] INFO:fitness.free_loss_fidelity: RL4CO free-loss step 1/200: score=7.803347 (avg=7.803347), loss=0.585896 (avg=0.585896), pairs_step=320, pairs_total=320
[2026-03-02 23:29:19,971] INFO:fitness.free_loss_fidelity: RL4CO free-loss step 20/200: score=7.784490 (avg=7.815458), loss=0.606789 (avg=0.606186), pairs_step=320, pairs_total=6400
[2026-03-02 23:29:26,351] INFO:fitness.free_loss_fidelity: RL4CO free-loss step 40/200: score=7.827829 (avg=7.810846), loss=0.609038 (avg=0.604551), pairs_step=320, pairs_total=12800
[2026-03-02 23:29:32,749] INFO:fitness.free_loss_fidelity: RL4CO free-loss step 60/200: score=7.825632 (avg=7.808231), loss=0.613544 (avg=0.609555), pairs_step=320, pairs_total=19200
[2026-03-02 23:29:39,145] INFO:fitness.free_loss_fidelity: RL4CO free-loss step 80/200: score=7.811812 (avg=7.807122), loss=0.628299 (avg=0.612109), pairs_step=320, pairs_total=25600
[2026-03-02 23:29:45,551] INFO:fitness.free_loss_fidelity: RL4CO free-loss step 100/200: score=7.768874 (avg=7.808024), loss=0.620768 (avg=0.614680), pairs_step=320, pairs_total=32000
[2026-03-02 23:29:51,948] INFO:fitness.free_loss_fidelity: RL4CO free-loss step 120/200: score=7.783026 (avg=7.809770), loss=0.621066 (avg=0.614492), pairs_step=320, pairs_total=38400
[2026-03-02 23:29:58,334] INFO:fitness.free_loss_fidelity: RL4CO free-loss step 140/200: score=7.840717 (avg=7.811317), loss=0.624293 (avg=0.615828), pairs_step=320, pairs_total=44800
[2026-03-02 23:30:04,722] INFO:fitness.free_loss_fidelity: RL4CO free-loss step 160/200: score=7.813951 (avg=7.810769), loss=0.615449 (avg=0.617113), pairs_step=320, pairs_total=51200
[2026-03-02 23:30:11,101] INFO:fitness.free_loss_fidelity: RL4CO free-loss step 180/200: score=7.802341 (avg=7.809792), loss=0.624919 (avg=0.617960), pairs_step=320, pairs_total=57600
[2026-03-02 23:30:17,479] INFO:fitness.free_loss_fidelity: RL4CO free-loss step 200/200: score=7.822569 (avg=7.808926), loss=0.622533 (avg=0.618965), pairs_step=320, pairs_total=64000
[2026-03-02 23:30:18,590] WARNING:fitness.free_loss_fidelity: weights_only checkpoint load failed (UnpicklingError); retrying weights_only=False for /data1/gushengda/eam-rl4co/baseline/epoch_409.ckpt
[2026-03-02 23:30:18,628] INFO:fitness.free_loss_fidelity: Loaded init checkpoint into policy: path=/data1/gushengda/eam-rl4co/baseline/epoch_409.ckpt prefix=policy. matched=97 missing=0 unexpected=0
[2026-03-02 23:30:18,633] INFO:fitness.free_loss_fidelity: RL4CO free-loss (step-mode): f1_steps=200, f2_steps=0, total_steps=200, train_problem_size=100, rollouts=100, batch_size=64, device=cuda:3, env=tsp
[2026-03-02 23:30:18,958] INFO:fitness.free_loss_fidelity: RL4CO free-loss step 1/200: score=7.807477 (avg=7.807477), loss=0.010822 (avg=0.010822), pairs_step=320, pairs_total=320
[2026-03-02 23:30:25,014] INFO:fitness.free_loss_fidelity: RL4CO free-loss step 20/200: score=7.784678 (avg=7.807921), loss=0.275418 (avg=0.165622), pairs_step=320, pairs_total=6400
[2026-03-02 23:30:31,387] INFO:fitness.free_loss_fidelity: RL4CO free-loss step 40/200: score=7.823977 (avg=7.804774), loss=0.329372 (avg=0.238245), pairs_step=320, pairs_total=12800
[2026-03-02 23:30:37,956] INFO:fitness.free_loss_fidelity: RL4CO free-loss step 60/200: score=7.818245 (avg=7.801946), loss=0.409819 (avg=0.284855), pairs_step=320, pairs_total=19200
[2026-03-02 23:30:44,328] INFO:fitness.free_loss_fidelity: RL4CO free-loss step 80/200: score=7.801144 (avg=7.801223), loss=0.462936 (avg=0.322865), pairs_step=320, pairs_total=25600
[2026-03-02 23:30:50,691] INFO:fitness.free_loss_fidelity: RL4CO free-loss step 100/200: score=7.760362 (avg=7.802023), loss=0.474429 (avg=0.351326), pairs_step=320, pairs_total=32000
[2026-03-02 23:30:57,062] INFO:fitness.free_loss_fidelity: RL4CO free-loss step 120/200: score=7.775145 (avg=7.803520), loss=0.501366 (avg=0.374018), pairs_step=320, pairs_total=38400
[2026-03-02 23:31:03,441] INFO:fitness.free_loss_fidelity: RL4CO free-loss step 140/200: score=7.837831 (avg=7.804711), loss=0.514947 (avg=0.392321), pairs_step=320, pairs_total=44800
[2026-03-02 23:31:09,813] INFO:fitness.free_loss_fidelity: RL4CO free-loss step 160/200: score=7.803562 (avg=7.804252), loss=0.517074 (avg=0.407301), pairs_step=320, pairs_total=51200
[2026-03-02 23:31:16,198] INFO:fitness.free_loss_fidelity: RL4CO free-loss step 180/200: score=7.791226 (avg=7.803048), loss=0.523639 (avg=0.419405), pairs_step=320, pairs_total=57600
[2026-03-02 23:31:22,575] INFO:fitness.free_loss_fidelity: RL4CO free-loss step 200/200: score=7.816204 (avg=7.801685), loss=0.530423 (avg=0.430251), pairs_step=320, pairs_total=64000
