[2026-03-02 23:18:22,348] INFO:fitness.free_loss_fidelity: Stage3 offline mini-train start gen=11 pair_index=4 K=200 seed=12345 valid_sizes=[100] baseline_json=baseline/mini_eval/baseline_minitrain_tsp100_K200.json
[2026-03-02 23:18:22,367] INFO:fitness.free_loss_fidelity: RL4CO free-loss (step-mode): f1_steps=200, f2_steps=0, total_steps=200, train_problem_size=100, rollouts=100, batch_size=64, device=cuda:3, env=tsp
[2026-03-02 23:18:22,693] INFO:fitness.free_loss_fidelity: RL4CO free-loss step 1/200: score=36.122910 (avg=36.122910), loss=0.732477 (avg=0.732477), pairs_step=1024, pairs_total=1024
[2026-03-02 23:18:28,762] INFO:fitness.free_loss_fidelity: RL4CO free-loss step 20/200: score=14.766148 (avg=14.679277), loss=0.743006 (avg=0.666931), pairs_step=1024, pairs_total=20480
[2026-03-02 23:18:35,151] INFO:fitness.free_loss_fidelity: RL4CO free-loss step 40/200: score=11.245724 (avg=13.077763), loss=0.619870 (avg=0.653997), pairs_step=1024, pairs_total=40960
[2026-03-02 23:18:41,535] INFO:fitness.free_loss_fidelity: RL4CO free-loss step 60/200: score=10.340017 (avg=12.240354), loss=0.648747 (avg=0.649495), pairs_step=1024, pairs_total=61440
[2026-03-02 23:18:47,933] INFO:fitness.free_loss_fidelity: RL4CO free-loss step 80/200: score=10.597978 (avg=11.821019), loss=0.608656 (avg=0.640960), pairs_step=1024, pairs_total=81920
[2026-03-02 23:18:54,321] INFO:fitness.free_loss_fidelity: RL4CO free-loss step 100/200: score=9.889746 (avg=11.568905), loss=0.580875 (avg=0.634592), pairs_step=1024, pairs_total=102400
[2026-03-02 23:19:00,711] INFO:fitness.free_loss_fidelity: RL4CO free-loss step 120/200: score=9.842621 (avg=11.302212), loss=0.580634 (avg=0.628223), pairs_step=1024, pairs_total=122880
[2026-03-02 23:19:07,106] INFO:fitness.free_loss_fidelity: RL4CO free-loss step 140/200: score=9.478878 (avg=11.063575), loss=0.623173 (avg=0.626150), pairs_step=1024, pairs_total=143360
[2026-03-02 23:19:13,482] INFO:fitness.free_loss_fidelity: RL4CO free-loss step 160/200: score=24.151669 (avg=11.158041), loss=0.644021 (avg=0.623826), pairs_step=1024, pairs_total=163840
[2026-03-02 23:19:19,870] INFO:fitness.free_loss_fidelity: RL4CO free-loss step 180/200: score=11.088626 (avg=11.446728), loss=0.605923 (avg=0.625317), pairs_step=1024, pairs_total=184320
[2026-03-02 23:19:26,258] INFO:fitness.free_loss_fidelity: RL4CO free-loss step 200/200: score=9.872143 (avg=11.331453), loss=0.535284 (avg=0.619771), pairs_step=1024, pairs_total=204800
[2026-03-02 23:19:27,370] WARNING:fitness.free_loss_fidelity: weights_only checkpoint load failed (UnpicklingError); retrying weights_only=False for /data1/gushengda/eam-rl4co/baseline/epoch_135.ckpt
[2026-03-02 23:19:27,408] INFO:fitness.free_loss_fidelity: Loaded init checkpoint into policy: path=/data1/gushengda/eam-rl4co/baseline/epoch_135.ckpt prefix=policy. matched=97 missing=0 unexpected=0
[2026-03-02 23:19:27,413] INFO:fitness.free_loss_fidelity: RL4CO free-loss (step-mode): f1_steps=200, f2_steps=0, total_steps=200, train_problem_size=100, rollouts=100, batch_size=64, device=cuda:3, env=tsp
[2026-03-02 23:19:27,739] INFO:fitness.free_loss_fidelity: RL4CO free-loss step 1/200: score=7.803347 (avg=7.803347), loss=0.691125 (avg=0.691125), pairs_step=1024, pairs_total=1024
[2026-03-02 23:19:33,807] INFO:fitness.free_loss_fidelity: RL4CO free-loss step 20/200: score=7.817928 (avg=7.832946), loss=0.697744 (avg=0.694779), pairs_step=1024, pairs_total=20480
[2026-03-02 23:19:40,195] INFO:fitness.free_loss_fidelity: RL4CO free-loss step 40/200: score=7.864614 (avg=7.838157), loss=0.686009 (avg=0.692991), pairs_step=1024, pairs_total=40960
[2026-03-02 23:19:46,581] INFO:fitness.free_loss_fidelity: RL4CO free-loss step 60/200: score=7.864205 (avg=7.842529), loss=0.684060 (avg=0.691817), pairs_step=1024, pairs_total=61440
[2026-03-02 23:19:52,979] INFO:fitness.free_loss_fidelity: RL4CO free-loss step 80/200: score=7.850603 (avg=7.842899), loss=0.687857 (avg=0.691497), pairs_step=1024, pairs_total=81920
[2026-03-02 23:19:59,366] INFO:fitness.free_loss_fidelity: RL4CO free-loss step 100/200: score=7.809416 (avg=7.844537), loss=0.700583 (avg=0.691229), pairs_step=1024, pairs_total=102400
[2026-03-02 23:20:05,754] INFO:fitness.free_loss_fidelity: RL4CO free-loss step 120/200: score=7.826435 (avg=7.847605), loss=0.692571 (avg=0.690706), pairs_step=1024, pairs_total=122880
[2026-03-02 23:20:12,135] INFO:fitness.free_loss_fidelity: RL4CO free-loss step 140/200: score=7.880838 (avg=7.850315), loss=0.689017 (avg=0.690103), pairs_step=1024, pairs_total=143360
[2026-03-02 23:20:18,520] INFO:fitness.free_loss_fidelity: RL4CO free-loss step 160/200: score=7.890141 (avg=7.852150), loss=0.686526 (avg=0.689749), pairs_step=1024, pairs_total=163840
[2026-03-02 23:20:24,906] INFO:fitness.free_loss_fidelity: RL4CO free-loss step 180/200: score=7.860465 (avg=7.853355), loss=0.685201 (avg=0.689546), pairs_step=1024, pairs_total=184320
[2026-03-02 23:20:31,314] INFO:fitness.free_loss_fidelity: RL4CO free-loss step 200/200: score=7.881691 (avg=7.854352), loss=0.683371 (avg=0.689119), pairs_step=1024, pairs_total=204800
[2026-03-02 23:20:32,424] WARNING:fitness.free_loss_fidelity: weights_only checkpoint load failed (UnpicklingError); retrying weights_only=False for /data1/gushengda/eam-rl4co/baseline/epoch_409.ckpt
[2026-03-02 23:20:32,462] INFO:fitness.free_loss_fidelity: Loaded init checkpoint into policy: path=/data1/gushengda/eam-rl4co/baseline/epoch_409.ckpt prefix=policy. matched=97 missing=0 unexpected=0
[2026-03-02 23:20:32,467] INFO:fitness.free_loss_fidelity: RL4CO free-loss (step-mode): f1_steps=200, f2_steps=0, total_steps=200, train_problem_size=100, rollouts=100, batch_size=64, device=cuda:3, env=tsp
[2026-03-02 23:20:32,800] INFO:fitness.free_loss_fidelity: RL4CO free-loss step 1/200: score=7.807477 (avg=7.807477), loss=0.694665 (avg=0.694665), pairs_step=1024, pairs_total=1024
[2026-03-02 23:20:38,873] INFO:fitness.free_loss_fidelity: RL4CO free-loss step 20/200: score=7.796580 (avg=7.819544), loss=0.696998 (avg=0.693669), pairs_step=1024, pairs_total=20480
[2026-03-02 23:20:45,275] INFO:fitness.free_loss_fidelity: RL4CO free-loss step 40/200: score=7.834112 (avg=7.816077), loss=0.688101 (avg=0.691390), pairs_step=1024, pairs_total=40960
[2026-03-02 23:20:51,662] INFO:fitness.free_loss_fidelity: RL4CO free-loss step 60/200: score=7.829881 (avg=7.813980), loss=0.688132 (avg=0.690382), pairs_step=1024, pairs_total=61440
[2026-03-02 23:20:58,054] INFO:fitness.free_loss_fidelity: RL4CO free-loss step 80/200: score=7.813033 (avg=7.812009), loss=0.696030 (avg=0.690310), pairs_step=1024, pairs_total=81920
[2026-03-02 23:21:04,449] INFO:fitness.free_loss_fidelity: RL4CO free-loss step 100/200: score=7.768029 (avg=7.813092), loss=0.684866 (avg=0.689967), pairs_step=1024, pairs_total=102400
[2026-03-02 23:21:10,831] INFO:fitness.free_loss_fidelity: RL4CO free-loss step 120/200: score=7.792045 (avg=7.815035), loss=0.690907 (avg=0.689786), pairs_step=1024, pairs_total=122880
[2026-03-02 23:21:17,213] INFO:fitness.free_loss_fidelity: RL4CO free-loss step 140/200: score=7.851790 (avg=7.816489), loss=0.688409 (avg=0.689713), pairs_step=1024, pairs_total=143360
[2026-03-02 23:21:23,614] INFO:fitness.free_loss_fidelity: RL4CO free-loss step 160/200: score=7.819786 (avg=7.816545), loss=0.686714 (avg=0.689788), pairs_step=1024, pairs_total=163840
[2026-03-02 23:21:30,010] INFO:fitness.free_loss_fidelity: RL4CO free-loss step 180/200: score=7.806789 (avg=7.815804), loss=0.686783 (avg=0.689440), pairs_step=1024, pairs_total=184320
[2026-03-02 23:21:36,400] INFO:fitness.free_loss_fidelity: RL4CO free-loss step 200/200: score=7.833286 (avg=7.814887), loss=0.688345 (avg=0.689296), pairs_step=1024, pairs_total=204800
