[2026-03-02 15:09:34,446] INFO:fitness.free_loss_fidelity: Stage3 offline mini-train start gen=2 pair_index=11 K=200 seed=12345 valid_sizes=[100] baseline_json=baseline/mini_eval/baseline_minitrain_tsp100_K200.json
[2026-03-02 15:09:34,467] INFO:fitness.free_loss_fidelity: RL4CO free-loss (step-mode): f1_steps=200, f2_steps=0, total_steps=200, train_problem_size=100, rollouts=100, batch_size=64, device=cuda:1, env=tsp
[2026-03-02 15:09:34,786] INFO:fitness.free_loss_fidelity: RL4CO free-loss step 1/200: score=36.122910 (avg=36.122910), loss=5.240767 (avg=5.240767), pairs_step=316800, pairs_total=316800
[2026-03-02 15:09:40,879] INFO:fitness.free_loss_fidelity: RL4CO free-loss step 20/200: score=19.667347 (avg=17.143699), loss=1.782037 (avg=2.093726), pairs_step=316800, pairs_total=6335994
[2026-03-02 15:09:47,300] INFO:fitness.free_loss_fidelity: RL4CO free-loss step 40/200: score=23.514509 (avg=19.573973), loss=1.320728 (avg=1.846867), pairs_step=316799, pairs_total=12671986
[2026-03-02 15:09:53,730] INFO:fitness.free_loss_fidelity: RL4CO free-loss step 60/200: score=26.697029 (avg=21.494206), loss=1.245782 (avg=1.657674), pairs_step=316798, pairs_total=19007980
[2026-03-02 15:10:00,154] INFO:fitness.free_loss_fidelity: RL4CO free-loss step 80/200: score=28.260612 (avg=22.983655), loss=1.219976 (avg=1.552117), pairs_step=316800, pairs_total=25343979
[2026-03-02 15:10:06,585] INFO:fitness.free_loss_fidelity: RL4CO free-loss step 100/200: score=28.965729 (avg=24.103303), loss=1.204526 (avg=1.483427), pairs_step=316800, pairs_total=31679976
[2026-03-02 15:10:13,020] INFO:fitness.free_loss_fidelity: RL4CO free-loss step 120/200: score=29.484676 (avg=24.957920), loss=1.161688 (avg=1.432272), pairs_step=316800, pairs_total=38015975
[2026-03-02 15:10:19,453] INFO:fitness.free_loss_fidelity: RL4CO free-loss step 140/200: score=30.822502 (avg=25.685102), loss=1.155908 (avg=1.393086), pairs_step=316799, pairs_total=44351971
[2026-03-02 15:10:25,879] INFO:fitness.free_loss_fidelity: RL4CO free-loss step 160/200: score=32.998962 (avg=26.438811), loss=1.165263 (avg=1.365376), pairs_step=316799, pairs_total=50687961
[2026-03-02 15:10:32,313] INFO:fitness.free_loss_fidelity: RL4CO free-loss step 180/200: score=34.918892 (avg=27.277131), loss=1.107891 (avg=1.342526), pairs_step=316800, pairs_total=57023957
[2026-03-02 15:10:38,742] INFO:fitness.free_loss_fidelity: RL4CO free-loss step 200/200: score=37.785355 (avg=28.169469), loss=1.144073 (avg=1.325165), pairs_step=316800, pairs_total=63359950
[2026-03-02 15:10:39,863] WARNING:fitness.free_loss_fidelity: weights_only checkpoint load failed (UnpicklingError); retrying weights_only=False for /data1/gushengda/eam-rl4co/baseline/epoch_135.ckpt
[2026-03-02 15:10:39,902] INFO:fitness.free_loss_fidelity: Loaded init checkpoint into policy: path=/data1/gushengda/eam-rl4co/baseline/epoch_135.ckpt prefix=policy. matched=97 missing=0 unexpected=0
[2026-03-02 15:10:39,908] INFO:fitness.free_loss_fidelity: RL4CO free-loss (step-mode): f1_steps=200, f2_steps=0, total_steps=200, train_problem_size=100, rollouts=100, batch_size=64, device=cuda:1, env=tsp
[2026-03-02 15:10:40,253] INFO:fitness.free_loss_fidelity: RL4CO free-loss step 1/200: score=7.803347 (avg=7.803347), loss=1.072121 (avg=1.072121), pairs_step=315697, pairs_total=315697
[2026-03-02 15:10:46,361] INFO:fitness.free_loss_fidelity: RL4CO free-loss step 20/200: score=7.869472 (avg=7.835534), loss=0.584405 (avg=0.822221), pairs_step=316800, pairs_total=6329738
[2026-03-02 15:10:52,801] INFO:fitness.free_loss_fidelity: RL4CO free-loss step 40/200: score=10.992142 (avg=8.354859), loss=0.718592 (avg=0.742526), pairs_step=316800, pairs_total=12665738
[2026-03-02 15:10:59,230] INFO:fitness.free_loss_fidelity: RL4CO free-loss step 60/200: score=14.496950 (avg=10.018195), loss=0.668379 (avg=0.724730), pairs_step=316800, pairs_total=19001737
[2026-03-02 15:11:05,670] INFO:fitness.free_loss_fidelity: RL4CO free-loss step 80/200: score=24.548967 (avg=12.485906), loss=0.808312 (avg=0.752440), pairs_step=316800, pairs_total=25337736
[2026-03-02 15:11:12,108] INFO:fitness.free_loss_fidelity: RL4CO free-loss step 100/200: score=35.325485 (avg=15.990820), loss=0.938382 (avg=0.783383), pairs_step=316800, pairs_total=31673733
[2026-03-02 15:11:18,727] INFO:fitness.free_loss_fidelity: RL4CO free-loss step 120/200: score=40.967972 (avg=19.918865), loss=0.916220 (avg=0.795528), pairs_step=316800, pairs_total=38009729
[2026-03-02 15:11:25,152] INFO:fitness.free_loss_fidelity: RL4CO free-loss step 140/200: score=41.192760 (avg=22.938185), loss=0.576153 (avg=0.789441), pairs_step=316799, pairs_total=44345722
[2026-03-02 15:11:31,586] INFO:fitness.free_loss_fidelity: RL4CO free-loss step 160/200: score=42.437363 (avg=25.352582), loss=0.521545 (avg=0.768138), pairs_step=316799, pairs_total=50681715
[2026-03-02 15:11:38,023] INFO:fitness.free_loss_fidelity: RL4CO free-loss step 180/200: score=41.191608 (avg=27.210053), loss=0.546650 (avg=0.740233), pairs_step=316800, pairs_total=57017713
[2026-03-02 15:11:44,456] INFO:fitness.free_loss_fidelity: RL4CO free-loss step 200/200: score=41.038116 (avg=28.573925), loss=0.404695 (avg=0.714623), pairs_step=316799, pairs_total=63353706
[2026-03-02 15:11:45,576] WARNING:fitness.free_loss_fidelity: weights_only checkpoint load failed (UnpicklingError); retrying weights_only=False for /data1/gushengda/eam-rl4co/baseline/epoch_409.ckpt
[2026-03-02 15:11:45,606] INFO:fitness.free_loss_fidelity: Loaded init checkpoint into policy: path=/data1/gushengda/eam-rl4co/baseline/epoch_409.ckpt prefix=policy. matched=97 missing=0 unexpected=0
[2026-03-02 15:11:45,612] INFO:fitness.free_loss_fidelity: RL4CO free-loss (step-mode): f1_steps=200, f2_steps=0, total_steps=200, train_problem_size=100, rollouts=100, batch_size=64, device=cuda:1, env=tsp
[2026-03-02 15:11:45,938] INFO:fitness.free_loss_fidelity: RL4CO free-loss step 1/200: score=7.807477 (avg=7.807477), loss=0.272637 (avg=0.272637), pairs_step=315750, pairs_total=315750
[2026-03-02 15:11:52,074] INFO:fitness.free_loss_fidelity: RL4CO free-loss step 20/200: score=7.788856 (avg=7.810254), loss=0.333831 (avg=0.278782), pairs_step=316705, pairs_total=6325357
[2026-03-02 15:11:58,511] INFO:fitness.free_loss_fidelity: RL4CO free-loss step 40/200: score=7.924777 (avg=7.841884), loss=0.457617 (avg=0.508159), pairs_step=316798, pairs_total=12661214
[2026-03-02 15:12:04,961] INFO:fitness.free_loss_fidelity: RL4CO free-loss step 60/200: score=8.591318 (avg=7.951470), loss=0.778387 (avg=0.544917), pairs_step=316800, pairs_total=18997212
[2026-03-02 15:12:11,409] INFO:fitness.free_loss_fidelity: RL4CO free-loss step 80/200: score=9.040607 (avg=8.115696), loss=0.408828 (avg=0.504870), pairs_step=316800, pairs_total=25333211
[2026-03-02 15:12:17,845] INFO:fitness.free_loss_fidelity: RL4CO free-loss step 100/200: score=11.942392 (avg=8.433447), loss=0.457835 (avg=0.481409), pairs_step=316800, pairs_total=31669210
[2026-03-02 15:12:24,296] INFO:fitness.free_loss_fidelity: RL4CO free-loss step 120/200: score=18.694458 (avg=9.869164), loss=0.239390 (avg=0.457052), pairs_step=316800, pairs_total=38005208
[2026-03-02 15:12:30,738] INFO:fitness.free_loss_fidelity: RL4CO free-loss step 140/200: score=24.381191 (avg=11.461955), loss=0.173948 (avg=0.420948), pairs_step=316800, pairs_total=44341204
[2026-03-02 15:12:37,179] INFO:fitness.free_loss_fidelity: RL4CO free-loss step 160/200: score=29.792624 (avg=13.483887), loss=0.134846 (avg=0.387622), pairs_step=316799, pairs_total=50677201
[2026-03-02 15:12:43,619] INFO:fitness.free_loss_fidelity: RL4CO free-loss step 180/200: score=31.016142 (avg=15.377682), loss=0.134626 (avg=0.359469), pairs_step=316800, pairs_total=57013200
[2026-03-02 15:12:50,059] INFO:fitness.free_loss_fidelity: RL4CO free-loss step 200/200: score=30.387609 (avg=16.896483), loss=0.125131 (avg=0.336191), pairs_step=316800, pairs_total=63349198
