[2026-03-02 19:22:30,991] INFO:fitness.free_loss_fidelity: Stage3 offline mini-train start gen=7 pair_index=25 K=200 seed=12345 valid_sizes=[100] baseline_json=baseline/mini_eval/baseline_minitrain_tsp100_K200.json
[2026-03-02 19:22:31,020] INFO:fitness.free_loss_fidelity: RL4CO free-loss (step-mode): f1_steps=200, f2_steps=0, total_steps=200, train_problem_size=100, rollouts=100, batch_size=64, device=cuda:2, env=tsp
[2026-03-02 19:22:31,405] INFO:fitness.free_loss_fidelity: RL4CO free-loss step 1/200: score=36.122910 (avg=36.122910), loss=0.716174 (avg=0.716174), pairs_step=316800, pairs_total=316800
[2026-03-02 19:22:37,883] INFO:fitness.free_loss_fidelity: RL4CO free-loss step 20/200: score=9.773958 (avg=12.564317), loss=0.621828 (avg=0.625174), pairs_step=316799, pairs_total=6335995
[2026-03-02 19:22:44,704] INFO:fitness.free_loss_fidelity: RL4CO free-loss step 40/200: score=9.336000 (avg=10.999527), loss=0.628013 (avg=0.626236), pairs_step=316800, pairs_total=12671992
[2026-03-02 19:22:51,543] INFO:fitness.free_loss_fidelity: RL4CO free-loss step 60/200: score=9.127619 (avg=10.395548), loss=0.621042 (avg=0.625515), pairs_step=316800, pairs_total=19007984
[2026-03-02 19:22:58,379] INFO:fitness.free_loss_fidelity: RL4CO free-loss step 80/200: score=8.899235 (avg=10.048927), loss=0.617141 (avg=0.623653), pairs_step=316800, pairs_total=25343982
[2026-03-02 19:23:05,200] INFO:fitness.free_loss_fidelity: RL4CO free-loss step 100/200: score=8.773498 (avg=9.815652), loss=0.615445 (avg=0.622486), pairs_step=316800, pairs_total=31679979
[2026-03-02 19:23:12,042] INFO:fitness.free_loss_fidelity: RL4CO free-loss step 120/200: score=8.691172 (avg=9.643102), loss=0.619708 (avg=0.621774), pairs_step=316799, pairs_total=38015972
[2026-03-02 19:23:18,873] INFO:fitness.free_loss_fidelity: RL4CO free-loss step 140/200: score=8.695889 (avg=9.504918), loss=0.622643 (avg=0.621856), pairs_step=316800, pairs_total=44351962
[2026-03-02 19:23:25,723] INFO:fitness.free_loss_fidelity: RL4CO free-loss step 160/200: score=8.536274 (avg=9.390416), loss=0.626868 (avg=0.622425), pairs_step=316800, pairs_total=50687960
[2026-03-02 19:23:32,563] INFO:fitness.free_loss_fidelity: RL4CO free-loss step 180/200: score=8.503042 (avg=9.293861), loss=0.633651 (avg=0.623275), pairs_step=316800, pairs_total=57023957
[2026-03-02 19:23:39,386] INFO:fitness.free_loss_fidelity: RL4CO free-loss step 200/200: score=8.487114 (avg=9.211829), loss=0.633083 (avg=0.624037), pairs_step=316799, pairs_total=63359953
[2026-03-02 19:23:40,491] WARNING:fitness.free_loss_fidelity: weights_only checkpoint load failed (UnpicklingError); retrying weights_only=False for /data1/gushengda/eam-rl4co/baseline/epoch_135.ckpt
[2026-03-02 19:23:40,529] INFO:fitness.free_loss_fidelity: Loaded init checkpoint into policy: path=/data1/gushengda/eam-rl4co/baseline/epoch_135.ckpt prefix=policy. matched=97 missing=0 unexpected=0
[2026-03-02 19:23:40,534] INFO:fitness.free_loss_fidelity: RL4CO free-loss (step-mode): f1_steps=200, f2_steps=0, total_steps=200, train_problem_size=100, rollouts=100, batch_size=64, device=cuda:2, env=tsp
[2026-03-02 19:23:40,893] INFO:fitness.free_loss_fidelity: RL4CO free-loss step 1/200: score=7.803347 (avg=7.803347), loss=0.679044 (avg=0.679044), pairs_step=315697, pairs_total=315697
[2026-03-02 19:23:47,381] INFO:fitness.free_loss_fidelity: RL4CO free-loss step 20/200: score=7.776173 (avg=7.808915), loss=0.678217 (avg=0.678662), pairs_step=315470, pairs_total=6314601
[2026-03-02 19:23:54,203] INFO:fitness.free_loss_fidelity: RL4CO free-loss step 40/200: score=7.821828 (avg=7.802815), loss=0.680607 (avg=0.678918), pairs_step=315714, pairs_total=12628900
[2026-03-02 19:24:01,040] INFO:fitness.free_loss_fidelity: RL4CO free-loss step 60/200: score=7.814364 (avg=7.799980), loss=0.679418 (avg=0.679232), pairs_step=315546, pairs_total=18940978
[2026-03-02 19:24:07,886] INFO:fitness.free_loss_fidelity: RL4CO free-loss step 80/200: score=7.799001 (avg=7.798472), loss=0.678955 (avg=0.679099), pairs_step=315817, pairs_total=25256082
[2026-03-02 19:24:14,718] INFO:fitness.free_loss_fidelity: RL4CO free-loss step 100/200: score=7.757059 (avg=7.799167), loss=0.680476 (avg=0.679128), pairs_step=315704, pairs_total=31569825
[2026-03-02 19:24:21,548] INFO:fitness.free_loss_fidelity: RL4CO free-loss step 120/200: score=7.777749 (avg=7.800727), loss=0.679335 (avg=0.679156), pairs_step=315218, pairs_total=37881343
[2026-03-02 19:24:28,378] INFO:fitness.free_loss_fidelity: RL4CO free-loss step 140/200: score=7.828891 (avg=7.801569), loss=0.680990 (avg=0.679186), pairs_step=315141, pairs_total=44192520
[2026-03-02 19:24:35,215] INFO:fitness.free_loss_fidelity: RL4CO free-loss step 160/200: score=7.790001 (avg=7.800934), loss=0.680337 (avg=0.679301), pairs_step=315492, pairs_total=50503686
[2026-03-02 19:24:42,070] INFO:fitness.free_loss_fidelity: RL4CO free-loss step 180/200: score=7.790627 (avg=7.799756), loss=0.678598 (avg=0.679344), pairs_step=315398, pairs_total=56813674
[2026-03-02 19:24:48,898] INFO:fitness.free_loss_fidelity: RL4CO free-loss step 200/200: score=7.813897 (avg=7.798564), loss=0.679117 (avg=0.679401), pairs_step=315221, pairs_total=63123421
[2026-03-02 19:24:50,000] WARNING:fitness.free_loss_fidelity: weights_only checkpoint load failed (UnpicklingError); retrying weights_only=False for /data1/gushengda/eam-rl4co/baseline/epoch_409.ckpt
[2026-03-02 19:24:50,030] INFO:fitness.free_loss_fidelity: Loaded init checkpoint into policy: path=/data1/gushengda/eam-rl4co/baseline/epoch_409.ckpt prefix=policy. matched=97 missing=0 unexpected=0
[2026-03-02 19:24:50,035] INFO:fitness.free_loss_fidelity: RL4CO free-loss (step-mode): f1_steps=200, f2_steps=0, total_steps=200, train_problem_size=100, rollouts=100, batch_size=64, device=cuda:2, env=tsp
[2026-03-02 19:24:50,395] INFO:fitness.free_loss_fidelity: RL4CO free-loss step 1/200: score=7.807477 (avg=7.807477), loss=0.263980 (avg=0.263980), pairs_step=315750, pairs_total=315750
[2026-03-02 19:24:56,882] INFO:fitness.free_loss_fidelity: RL4CO free-loss step 20/200: score=7.785704 (avg=7.809367), loss=0.292413 (avg=0.285118), pairs_step=316027, pairs_total=6318483
[2026-03-02 19:25:03,926] INFO:fitness.free_loss_fidelity: RL4CO free-loss step 40/200: score=7.816524 (avg=7.802836), loss=0.238605 (avg=0.273205), pairs_step=316241, pairs_total=12635298
[2026-03-02 19:25:10,772] INFO:fitness.free_loss_fidelity: RL4CO free-loss step 60/200: score=7.808434 (avg=7.799198), loss=0.250096 (avg=0.262492), pairs_step=315509, pairs_total=18950147
[2026-03-02 19:25:17,607] INFO:fitness.free_loss_fidelity: RL4CO free-loss step 80/200: score=7.799813 (avg=7.798012), loss=0.284915 (avg=0.262842), pairs_step=315857, pairs_total=25264857
[2026-03-02 19:25:24,478] INFO:fitness.free_loss_fidelity: RL4CO free-loss step 100/200: score=7.755034 (avg=7.798564), loss=0.252272 (avg=0.264885), pairs_step=315956, pairs_total=31580035
[2026-03-02 19:25:31,331] INFO:fitness.free_loss_fidelity: RL4CO free-loss step 120/200: score=7.770648 (avg=7.799766), loss=0.244799 (avg=0.260841), pairs_step=315797, pairs_total=37894893
[2026-03-02 19:25:38,169] INFO:fitness.free_loss_fidelity: RL4CO free-loss step 140/200: score=7.825620 (avg=7.800759), loss=0.274571 (avg=0.260855), pairs_step=314854, pairs_total=44206851
[2026-03-02 19:25:45,003] INFO:fitness.free_loss_fidelity: RL4CO free-loss step 160/200: score=7.789697 (avg=7.800163), loss=0.262432 (avg=0.263189), pairs_step=315646, pairs_total=50518028
[2026-03-02 19:25:51,832] INFO:fitness.free_loss_fidelity: RL4CO free-loss step 180/200: score=7.789304 (avg=7.798909), loss=0.243598 (avg=0.260942), pairs_step=315190, pairs_total=56827149
[2026-03-02 19:25:58,654] INFO:fitness.free_loss_fidelity: RL4CO free-loss step 200/200: score=7.814858 (avg=7.797727), loss=0.288057 (avg=0.261603), pairs_step=315542, pairs_total=63138717
