[2026-03-03 04:05:05,415] INFO:fitness.free_loss_fidelity: Stage3 offline mini-train start gen=15 pair_index=19 K=200 seed=12345 valid_sizes=[100] baseline_json=baseline/mini_eval/baseline_minitrain_tsp100_K200.json
[2026-03-03 04:05:05,432] INFO:fitness.free_loss_fidelity: RL4CO free-loss (step-mode): f1_steps=200, f2_steps=0, total_steps=200, train_problem_size=100, rollouts=100, batch_size=64, device=cuda:1, env=tsp
[2026-03-03 04:05:05,754] INFO:fitness.free_loss_fidelity: RL4CO free-loss step 1/200: score=36.122910 (avg=36.122910), loss=0.649557 (avg=0.649557), pairs_step=128, pairs_total=128
[2026-03-03 04:05:11,884] INFO:fitness.free_loss_fidelity: RL4CO free-loss step 20/200: score=10.843200 (avg=13.113135), loss=0.371469 (avg=0.369066), pairs_step=128, pairs_total=2560
[2026-03-03 04:05:18,324] INFO:fitness.free_loss_fidelity: RL4CO free-loss step 40/200: score=10.096985 (avg=11.780006), loss=0.346618 (avg=0.371271), pairs_step=128, pairs_total=5120
[2026-03-03 04:05:24,758] INFO:fitness.free_loss_fidelity: RL4CO free-loss step 60/200: score=9.814131 (avg=11.115207), loss=0.426356 (avg=0.382239), pairs_step=128, pairs_total=7680
[2026-03-03 04:05:31,190] INFO:fitness.free_loss_fidelity: RL4CO free-loss step 80/200: score=9.628835 (avg=10.768330), loss=0.413472 (avg=0.387433), pairs_step=128, pairs_total=10240
[2026-03-03 04:05:37,623] INFO:fitness.free_loss_fidelity: RL4CO free-loss step 100/200: score=9.523630 (avg=10.530198), loss=0.357738 (avg=0.388838), pairs_step=128, pairs_total=12800
[2026-03-03 04:05:44,046] INFO:fitness.free_loss_fidelity: RL4CO free-loss step 120/200: score=9.388914 (avg=10.370985), loss=0.451418 (avg=0.391964), pairs_step=128, pairs_total=15360
[2026-03-03 04:05:50,466] INFO:fitness.free_loss_fidelity: RL4CO free-loss step 140/200: score=9.719877 (avg=10.250287), loss=0.394004 (avg=0.391678), pairs_step=128, pairs_total=17920
[2026-03-03 04:05:56,890] INFO:fitness.free_loss_fidelity: RL4CO free-loss step 160/200: score=9.618545 (avg=10.160463), loss=0.424248 (avg=0.392172), pairs_step=128, pairs_total=20480
[2026-03-03 04:06:03,326] INFO:fitness.free_loss_fidelity: RL4CO free-loss step 180/200: score=9.456703 (avg=10.088764), loss=0.390613 (avg=0.392574), pairs_step=128, pairs_total=23040
[2026-03-03 04:06:09,772] INFO:fitness.free_loss_fidelity: RL4CO free-loss step 200/200: score=9.378363 (avg=10.023552), loss=0.411272 (avg=0.393587), pairs_step=128, pairs_total=25600
[2026-03-03 04:06:10,898] WARNING:fitness.free_loss_fidelity: weights_only checkpoint load failed (UnpicklingError); retrying weights_only=False for /data1/gushengda/eam-rl4co/baseline/epoch_135.ckpt
[2026-03-03 04:06:10,936] INFO:fitness.free_loss_fidelity: Loaded init checkpoint into policy: path=/data1/gushengda/eam-rl4co/baseline/epoch_135.ckpt prefix=policy. matched=97 missing=0 unexpected=0
[2026-03-03 04:06:10,940] INFO:fitness.free_loss_fidelity: RL4CO free-loss (step-mode): f1_steps=200, f2_steps=0, total_steps=200, train_problem_size=100, rollouts=100, batch_size=64, device=cuda:1, env=tsp
[2026-03-03 04:06:11,291] INFO:fitness.free_loss_fidelity: RL4CO free-loss step 1/200: score=7.803347 (avg=7.803347), loss=0.344855 (avg=0.344855), pairs_step=128, pairs_total=128
[2026-03-03 04:06:17,391] INFO:fitness.free_loss_fidelity: RL4CO free-loss step 20/200: score=7.837889 (avg=7.833174), loss=0.508565 (avg=0.392288), pairs_step=128, pairs_total=2560
[2026-03-03 04:06:23,800] INFO:fitness.free_loss_fidelity: RL4CO free-loss step 40/200: score=7.982375 (avg=7.871548), loss=0.565469 (avg=0.447426), pairs_step=128, pairs_total=5120
[2026-03-03 04:06:30,402] INFO:fitness.free_loss_fidelity: RL4CO free-loss step 60/200: score=8.213570 (avg=7.944029), loss=0.459297 (avg=0.475298), pairs_step=128, pairs_total=7680
[2026-03-03 04:06:36,828] INFO:fitness.free_loss_fidelity: RL4CO free-loss step 80/200: score=8.288713 (avg=8.021861), loss=0.377662 (avg=0.466608), pairs_step=128, pairs_total=10240
[2026-03-03 04:06:43,250] INFO:fitness.free_loss_fidelity: RL4CO free-loss step 100/200: score=8.158075 (avg=8.067493), loss=0.506616 (avg=0.465584), pairs_step=128, pairs_total=12800
[2026-03-03 04:06:49,742] INFO:fitness.free_loss_fidelity: RL4CO free-loss step 120/200: score=8.246979 (avg=8.100128), loss=0.549049 (avg=0.476396), pairs_step=128, pairs_total=15360
[2026-03-03 04:06:56,204] INFO:fitness.free_loss_fidelity: RL4CO free-loss step 140/200: score=8.292787 (avg=8.122748), loss=0.519839 (avg=0.488093), pairs_step=128, pairs_total=17920
[2026-03-03 04:07:02,603] INFO:fitness.free_loss_fidelity: RL4CO free-loss step 160/200: score=8.191330 (avg=8.136487), loss=0.512613 (avg=0.498016), pairs_step=128, pairs_total=20480
[2026-03-03 04:07:09,016] INFO:fitness.free_loss_fidelity: RL4CO free-loss step 180/200: score=8.146993 (avg=8.140167), loss=0.535352 (avg=0.507968), pairs_step=128, pairs_total=23040
[2026-03-03 04:07:15,394] INFO:fitness.free_loss_fidelity: RL4CO free-loss step 200/200: score=8.190645 (avg=8.138651), loss=0.643637 (avg=0.514704), pairs_step=128, pairs_total=25600
[2026-03-03 04:07:16,521] WARNING:fitness.free_loss_fidelity: weights_only checkpoint load failed (UnpicklingError); retrying weights_only=False for /data1/gushengda/eam-rl4co/baseline/epoch_409.ckpt
[2026-03-03 04:07:16,558] INFO:fitness.free_loss_fidelity: Loaded init checkpoint into policy: path=/data1/gushengda/eam-rl4co/baseline/epoch_409.ckpt prefix=policy. matched=97 missing=0 unexpected=0
[2026-03-03 04:07:16,563] INFO:fitness.free_loss_fidelity: RL4CO free-loss (step-mode): f1_steps=200, f2_steps=0, total_steps=200, train_problem_size=100, rollouts=100, batch_size=64, device=cuda:1, env=tsp
[2026-03-03 04:07:16,887] INFO:fitness.free_loss_fidelity: RL4CO free-loss step 1/200: score=7.807477 (avg=7.807477), loss=0.006854 (avg=0.006854), pairs_step=128, pairs_total=128
[2026-03-03 04:07:22,944] INFO:fitness.free_loss_fidelity: RL4CO free-loss step 20/200: score=7.809335 (avg=7.817894), loss=0.123462 (avg=0.094147), pairs_step=128, pairs_total=2560
[2026-03-03 04:07:29,320] INFO:fitness.free_loss_fidelity: RL4CO free-loss step 40/200: score=7.909227 (avg=7.838306), loss=0.283779 (avg=0.193137), pairs_step=128, pairs_total=5120
[2026-03-03 04:07:35,694] INFO:fitness.free_loss_fidelity: RL4CO free-loss step 60/200: score=7.936032 (avg=7.862464), loss=0.349854 (avg=0.229484), pairs_step=128, pairs_total=7680
[2026-03-03 04:07:42,069] INFO:fitness.free_loss_fidelity: RL4CO free-loss step 80/200: score=7.980661 (avg=7.888155), loss=0.527228 (avg=0.270929), pairs_step=128, pairs_total=10240
[2026-03-03 04:07:48,450] INFO:fitness.free_loss_fidelity: RL4CO free-loss step 100/200: score=7.945994 (avg=7.910666), loss=0.268806 (avg=0.291232), pairs_step=128, pairs_total=12800
[2026-03-03 04:07:54,818] INFO:fitness.free_loss_fidelity: RL4CO free-loss step 120/200: score=8.000351 (avg=7.928081), loss=0.341083 (avg=0.299569), pairs_step=128, pairs_total=15360
[2026-03-03 04:08:01,195] INFO:fitness.free_loss_fidelity: RL4CO free-loss step 140/200: score=8.113504 (avg=7.947094), loss=0.310193 (avg=0.309186), pairs_step=128, pairs_total=17920
[2026-03-03 04:08:07,590] INFO:fitness.free_loss_fidelity: RL4CO free-loss step 160/200: score=8.071131 (avg=7.961158), loss=0.405147 (avg=0.315974), pairs_step=128, pairs_total=20480
[2026-03-03 04:08:13,983] INFO:fitness.free_loss_fidelity: RL4CO free-loss step 180/200: score=7.996074 (avg=7.968185), loss=0.392540 (avg=0.318948), pairs_step=128, pairs_total=23040
[2026-03-03 04:08:20,365] INFO:fitness.free_loss_fidelity: RL4CO free-loss step 200/200: score=7.995711 (avg=7.969228), loss=0.389237 (avg=0.324073), pairs_step=128, pairs_total=25600
