[2026-03-03 10:51:28,207] INFO:fitness.free_loss_fidelity: Stage3 offline mini-train start gen=19 pair_index=45 K=1000 seed=12345 valid_sizes=[100] baseline_json=baseline/mini_eval/baseline_minitrain_tsp100_K1000.json
[2026-03-03 10:51:28,227] INFO:fitness.free_loss_fidelity: RL4CO free-loss (step-mode): f1_steps=1000, f2_steps=0, total_steps=1000, train_problem_size=100, rollouts=100, batch_size=64, device=cuda:0, env=tsp
[2026-03-03 10:51:28,559] INFO:fitness.free_loss_fidelity: RL4CO free-loss step 1/1000: score=36.122910 (avg=36.122910), loss=0.729558 (avg=0.729558), pairs_step=2752, pairs_total=2752
[2026-03-03 10:52:01,313] INFO:fitness.free_loss_fidelity: RL4CO free-loss step 100/1000: score=9.355026 (avg=10.488363), loss=0.658772 (avg=0.668163), pairs_step=2739, pairs_total=274336
[2026-03-03 10:52:34,140] INFO:fitness.free_loss_fidelity: RL4CO free-loss step 200/1000: score=9.108379 (avg=9.856331), loss=0.667355 (avg=0.665693), pairs_step=2733, pairs_total=548040
[2026-03-03 10:53:08,772] INFO:fitness.free_loss_fidelity: RL4CO free-loss step 300/1000: score=8.882735 (avg=9.581395), loss=0.668265 (avg=0.664968), pairs_step=2732, pairs_total=821172
[2026-03-03 10:53:42,906] INFO:fitness.free_loss_fidelity: RL4CO free-loss step 400/1000: score=8.870674 (avg=9.412072), loss=0.664730 (avg=0.665098), pairs_step=2719, pairs_total=1093582
[2026-03-03 10:54:15,799] INFO:fitness.free_loss_fidelity: RL4CO free-loss step 500/1000: score=8.729010 (avg=9.291137), loss=0.666905 (avg=0.665314), pairs_step=2716, pairs_total=1365437
[2026-03-03 10:54:49,207] INFO:fitness.free_loss_fidelity: RL4CO free-loss step 600/1000: score=8.660101 (avg=9.197354), loss=0.668284 (avg=0.665497), pairs_step=2710, pairs_total=1636576
[2026-03-03 10:55:21,704] INFO:fitness.free_loss_fidelity: RL4CO free-loss step 700/1000: score=8.673052 (avg=9.123550), loss=0.664793 (avg=0.665573), pairs_step=2697, pairs_total=1907507
[2026-03-03 10:55:53,325] INFO:fitness.free_loss_fidelity: RL4CO free-loss step 800/1000: score=8.642866 (avg=9.061592), loss=0.663251 (avg=0.665674), pairs_step=2702, pairs_total=2177760
[2026-03-03 10:56:25,245] INFO:fitness.free_loss_fidelity: RL4CO free-loss step 900/1000: score=8.608042 (avg=9.009657), loss=0.669562 (avg=0.665704), pairs_step=2699, pairs_total=2447740
[2026-03-03 10:56:56,874] INFO:fitness.free_loss_fidelity: RL4CO free-loss step 1000/1000: score=8.585011 (avg=8.965398), loss=0.662929 (avg=0.665730), pairs_step=2690, pairs_total=2717279
[2026-03-03 10:56:57,979] WARNING:fitness.free_loss_fidelity: weights_only checkpoint load failed (UnpicklingError); retrying weights_only=False for /data1/gushengda/eam-rl4co/baseline/epoch_135.ckpt
[2026-03-03 10:56:58,026] INFO:fitness.free_loss_fidelity: Loaded init checkpoint into policy: path=/data1/gushengda/eam-rl4co/baseline/epoch_135.ckpt prefix=policy. matched=97 missing=0 unexpected=0
[2026-03-03 10:56:58,031] INFO:fitness.free_loss_fidelity: RL4CO free-loss (step-mode): f1_steps=1000, f2_steps=0, total_steps=1000, train_problem_size=100, rollouts=100, batch_size=64, device=cuda:0, env=tsp
[2026-03-03 10:56:58,373] INFO:fitness.free_loss_fidelity: RL4CO free-loss step 1/1000: score=7.803347 (avg=7.803347), loss=0.680166 (avg=0.680166), pairs_step=1387, pairs_total=1387
[2026-03-03 10:57:29,636] INFO:fitness.free_loss_fidelity: RL4CO free-loss step 100/1000: score=7.807183 (avg=7.849123), loss=0.690295 (avg=0.685765), pairs_step=2041, pairs_total=190671
[2026-03-03 10:58:01,200] INFO:fitness.free_loss_fidelity: RL4CO free-loss step 200/1000: score=7.865096 (avg=7.847016), loss=0.684009 (avg=0.686422), pairs_step=2082, pairs_total=389895
[2026-03-03 10:58:32,727] INFO:fitness.free_loss_fidelity: RL4CO free-loss step 300/1000: score=7.854140 (avg=7.847074), loss=0.686632 (avg=0.686322), pairs_step=1960, pairs_total=589092
[2026-03-03 10:59:04,246] INFO:fitness.free_loss_fidelity: RL4CO free-loss step 400/1000: score=7.873604 (avg=7.845579), loss=0.682464 (avg=0.686227), pairs_step=1936, pairs_total=782830
[2026-03-03 10:59:35,935] INFO:fitness.free_loss_fidelity: RL4CO free-loss step 500/1000: score=7.825470 (avg=7.844426), loss=0.683652 (avg=0.686126), pairs_step=2008, pairs_total=979858
[2026-03-03 11:00:07,444] INFO:fitness.free_loss_fidelity: RL4CO free-loss step 600/1000: score=7.801416 (avg=7.843708), loss=0.687043 (avg=0.686030), pairs_step=1894, pairs_total=1174566
[2026-03-03 11:00:38,963] INFO:fitness.free_loss_fidelity: RL4CO free-loss step 700/1000: score=7.853703 (avg=7.843985), loss=0.682357 (avg=0.685973), pairs_step=1950, pairs_total=1369579
[2026-03-03 11:01:10,502] INFO:fitness.free_loss_fidelity: RL4CO free-loss step 800/1000: score=7.838109 (avg=7.844398), loss=0.685434 (avg=0.685895), pairs_step=1969, pairs_total=1566004
[2026-03-03 11:01:42,091] INFO:fitness.free_loss_fidelity: RL4CO free-loss step 900/1000: score=7.874668 (avg=7.844238), loss=0.686754 (avg=0.685802), pairs_step=1943, pairs_total=1762358
[2026-03-03 11:02:13,647] INFO:fitness.free_loss_fidelity: RL4CO free-loss step 1000/1000: score=7.865117 (avg=7.843981), loss=0.682249 (avg=0.685795), pairs_step=1886, pairs_total=1960128
[2026-03-03 11:02:14,764] WARNING:fitness.free_loss_fidelity: weights_only checkpoint load failed (UnpicklingError); retrying weights_only=False for /data1/gushengda/eam-rl4co/baseline/epoch_409.ckpt
[2026-03-03 11:02:14,820] INFO:fitness.free_loss_fidelity: Loaded init checkpoint into policy: path=/data1/gushengda/eam-rl4co/baseline/epoch_409.ckpt prefix=policy. matched=97 missing=0 unexpected=0
[2026-03-03 11:02:14,825] INFO:fitness.free_loss_fidelity: RL4CO free-loss (step-mode): f1_steps=1000, f2_steps=0, total_steps=1000, train_problem_size=100, rollouts=100, batch_size=64, device=cuda:0, env=tsp
[2026-03-03 11:02:15,170] INFO:fitness.free_loss_fidelity: RL4CO free-loss step 1/1000: score=7.807477 (avg=7.807477), loss=0.307375 (avg=0.307375), pairs_step=2200, pairs_total=2200
[2026-03-03 11:02:46,408] INFO:fitness.free_loss_fidelity: RL4CO free-loss step 100/1000: score=7.786624 (avg=7.849129), loss=0.653873 (avg=0.607975), pairs_step=2306, pairs_total=242512
[2026-03-03 11:03:17,949] INFO:fitness.free_loss_fidelity: RL4CO free-loss step 200/1000: score=7.847224 (avg=7.840122), loss=0.659852 (avg=0.632098), pairs_step=2284, pairs_total=477669
[2026-03-03 11:03:49,654] INFO:fitness.free_loss_fidelity: RL4CO free-loss step 300/1000: score=7.835676 (avg=7.838559), loss=0.660762 (avg=0.643190), pairs_step=2256, pairs_total=701738
[2026-03-03 11:04:21,171] INFO:fitness.free_loss_fidelity: RL4CO free-loss step 400/1000: score=7.854493 (avg=7.836460), loss=0.666065 (avg=0.649767), pairs_step=2171, pairs_total=917907
[2026-03-03 11:04:52,676] INFO:fitness.free_loss_fidelity: RL4CO free-loss step 500/1000: score=7.804656 (avg=7.834154), loss=0.673833 (avg=0.653756), pairs_step=2153, pairs_total=1133420
[2026-03-03 11:05:24,220] INFO:fitness.free_loss_fidelity: RL4CO free-loss step 600/1000: score=7.789582 (avg=7.833501), loss=0.668683 (avg=0.656646), pairs_step=2113, pairs_total=1345739
[2026-03-03 11:05:55,773] INFO:fitness.free_loss_fidelity: RL4CO free-loss step 700/1000: score=7.838058 (avg=7.832586), loss=0.669635 (avg=0.659040), pairs_step=2067, pairs_total=1554730
[2026-03-03 11:06:27,551] INFO:fitness.free_loss_fidelity: RL4CO free-loss step 800/1000: score=7.827053 (avg=7.832112), loss=0.672776 (avg=0.660821), pairs_step=2050, pairs_total=1760767
[2026-03-03 11:06:59,095] INFO:fitness.free_loss_fidelity: RL4CO free-loss step 900/1000: score=7.867608 (avg=7.831323), loss=0.671854 (avg=0.662254), pairs_step=1983, pairs_total=1965103
[2026-03-03 11:07:30,599] INFO:fitness.free_loss_fidelity: RL4CO free-loss step 1000/1000: score=7.847659 (avg=7.830660), loss=0.674847 (avg=0.663499), pairs_step=2053, pairs_total=2168313
