[2026-03-03 08:00:50,501] INFO:fitness.free_loss_fidelity: Stage3 offline mini-train start gen=17 pair_index=36 K=200 seed=12345 valid_sizes=[100] baseline_json=baseline/mini_eval/baseline_minitrain_tsp100_K200.json
[2026-03-03 08:00:50,525] INFO:fitness.free_loss_fidelity: RL4CO free-loss (step-mode): f1_steps=200, f2_steps=0, total_steps=200, train_problem_size=100, rollouts=100, batch_size=64, device=cuda:1, env=tsp
[2026-03-03 08:00:50,905] INFO:fitness.free_loss_fidelity: RL4CO free-loss step 1/200: score=36.122910 (avg=36.122910), loss=0.750952 (avg=0.750952), pairs_step=12524, pairs_total=12524
[2026-03-03 08:00:57,875] INFO:fitness.free_loss_fidelity: RL4CO free-loss step 20/200: score=10.125765 (avg=13.085072), loss=0.590543 (avg=0.579570), pairs_step=4544, pairs_total=124263
[2026-03-03 08:01:05,217] INFO:fitness.free_loss_fidelity: RL4CO free-loss step 40/200: score=9.505452 (avg=11.469134), loss=0.589136 (avg=0.583762), pairs_step=4544, pairs_total=220330
[2026-03-03 08:01:12,552] INFO:fitness.free_loss_fidelity: RL4CO free-loss step 60/200: score=9.525515 (avg=10.796158), loss=0.569669 (avg=0.579585), pairs_step=4544, pairs_total=321186
[2026-03-03 08:01:19,884] INFO:fitness.free_loss_fidelity: RL4CO free-loss step 80/200: score=9.277750 (avg=10.444720), loss=0.516660 (avg=0.573732), pairs_step=5874, pairs_total=449572
[2026-03-03 08:01:27,197] INFO:fitness.free_loss_fidelity: RL4CO free-loss step 100/200: score=9.159895 (avg=10.209285), loss=0.547606 (avg=0.560718), pairs_step=4677, pairs_total=623444
[2026-03-03 08:01:34,511] INFO:fitness.free_loss_fidelity: RL4CO free-loss step 120/200: score=9.103436 (avg=10.039042), loss=0.527873 (avg=0.554552), pairs_step=4544, pairs_total=753027
[2026-03-03 08:01:41,840] INFO:fitness.free_loss_fidelity: RL4CO free-loss step 140/200: score=9.001287 (avg=9.893164), loss=0.537533 (avg=0.550632), pairs_step=4544, pairs_total=846833
[2026-03-03 08:01:49,154] INFO:fitness.free_loss_fidelity: RL4CO free-loss step 160/200: score=8.879490 (avg=9.767875), loss=0.514349 (avg=0.546982), pairs_step=4545, pairs_total=937714
[2026-03-03 08:01:56,497] INFO:fitness.free_loss_fidelity: RL4CO free-loss step 180/200: score=8.886891 (avg=9.670711), loss=0.513698 (avg=0.544776), pairs_step=4544, pairs_total=1028860
[2026-03-03 08:02:03,822] INFO:fitness.free_loss_fidelity: RL4CO free-loss step 200/200: score=8.922382 (avg=9.589706), loss=0.537973 (avg=0.543561), pairs_step=4544, pairs_total=1119740
[2026-03-03 08:02:05,125] WARNING:fitness.free_loss_fidelity: weights_only checkpoint load failed (UnpicklingError); retrying weights_only=False for /data1/gushengda/eam-rl4co/baseline/epoch_135.ckpt
[2026-03-03 08:02:05,167] INFO:fitness.free_loss_fidelity: Loaded init checkpoint into policy: path=/data1/gushengda/eam-rl4co/baseline/epoch_135.ckpt prefix=policy. matched=97 missing=0 unexpected=0
[2026-03-03 08:02:05,173] INFO:fitness.free_loss_fidelity: RL4CO free-loss (step-mode): f1_steps=200, f2_steps=0, total_steps=200, train_problem_size=100, rollouts=100, batch_size=64, device=cuda:1, env=tsp
[2026-03-03 08:02:05,547] INFO:fitness.free_loss_fidelity: RL4CO free-loss step 1/200: score=7.803347 (avg=7.803347), loss=0.676165 (avg=0.676165), pairs_step=4558, pairs_total=4558
[2026-03-03 08:02:12,525] INFO:fitness.free_loss_fidelity: RL4CO free-loss step 20/200: score=7.786333 (avg=7.814746), loss=0.684388 (avg=0.678390), pairs_step=4555, pairs_total=91104
[2026-03-03 08:02:19,862] INFO:fitness.free_loss_fidelity: RL4CO free-loss step 40/200: score=7.829513 (avg=7.811284), loss=0.681730 (avg=0.678110), pairs_step=4558, pairs_total=182169
[2026-03-03 08:02:27,181] INFO:fitness.free_loss_fidelity: RL4CO free-loss step 60/200: score=7.819513 (avg=7.808464), loss=0.678345 (avg=0.678208), pairs_step=4554, pairs_total=273218
[2026-03-03 08:02:34,490] INFO:fitness.free_loss_fidelity: RL4CO free-loss step 80/200: score=7.812413 (avg=7.807695), loss=0.681973 (avg=0.678236), pairs_step=4552, pairs_total=364259
[2026-03-03 08:02:41,797] INFO:fitness.free_loss_fidelity: RL4CO free-loss step 100/200: score=7.767008 (avg=7.808455), loss=0.668993 (avg=0.678194), pairs_step=4551, pairs_total=455307
[2026-03-03 08:02:49,098] INFO:fitness.free_loss_fidelity: RL4CO free-loss step 120/200: score=7.780711 (avg=7.809895), loss=0.678544 (avg=0.677871), pairs_step=4551, pairs_total=546344
[2026-03-03 08:02:56,403] INFO:fitness.free_loss_fidelity: RL4CO free-loss step 140/200: score=7.839245 (avg=7.810892), loss=0.678222 (avg=0.677585), pairs_step=4554, pairs_total=637395
[2026-03-03 08:03:03,727] INFO:fitness.free_loss_fidelity: RL4CO free-loss step 160/200: score=7.801935 (avg=7.810166), loss=0.669474 (avg=0.677431), pairs_step=4551, pairs_total=728439
[2026-03-03 08:03:11,069] INFO:fitness.free_loss_fidelity: RL4CO free-loss step 180/200: score=7.790886 (avg=7.808818), loss=0.674157 (avg=0.677052), pairs_step=4554, pairs_total=819484
[2026-03-03 08:03:18,383] INFO:fitness.free_loss_fidelity: RL4CO free-loss step 200/200: score=7.817928 (avg=7.807757), loss=0.672237 (avg=0.676772), pairs_step=4553, pairs_total=910500
[2026-03-03 08:03:19,688] WARNING:fitness.free_loss_fidelity: weights_only checkpoint load failed (UnpicklingError); retrying weights_only=False for /data1/gushengda/eam-rl4co/baseline/epoch_409.ckpt
[2026-03-03 08:03:19,729] INFO:fitness.free_loss_fidelity: Loaded init checkpoint into policy: path=/data1/gushengda/eam-rl4co/baseline/epoch_409.ckpt prefix=policy. matched=97 missing=0 unexpected=0
[2026-03-03 08:03:19,735] INFO:fitness.free_loss_fidelity: RL4CO free-loss (step-mode): f1_steps=200, f2_steps=0, total_steps=200, train_problem_size=100, rollouts=100, batch_size=64, device=cuda:1, env=tsp
[2026-03-03 08:03:20,114] INFO:fitness.free_loss_fidelity: RL4CO free-loss step 1/200: score=7.807477 (avg=7.807477), loss=0.578203 (avg=0.578203), pairs_step=5213, pairs_total=5213
[2026-03-03 08:03:27,060] INFO:fitness.free_loss_fidelity: RL4CO free-loss step 20/200: score=7.781544 (avg=7.810330), loss=0.532091 (avg=0.544022), pairs_step=12126, pairs_total=181415
[2026-03-03 08:03:34,394] INFO:fitness.free_loss_fidelity: RL4CO free-loss step 40/200: score=7.815829 (avg=7.803824), loss=0.537222 (avg=0.542600), pairs_step=12790, pairs_total=432571
[2026-03-03 08:03:41,729] INFO:fitness.free_loss_fidelity: RL4CO free-loss step 60/200: score=7.818860 (avg=7.799545), loss=0.546572 (avg=0.540707), pairs_step=11330, pairs_total=683725
[2026-03-03 08:03:49,032] INFO:fitness.free_loss_fidelity: RL4CO free-loss step 80/200: score=7.795010 (avg=7.797604), loss=0.535998 (avg=0.542734), pairs_step=12126, pairs_total=913216
[2026-03-03 08:03:56,333] INFO:fitness.free_loss_fidelity: RL4CO free-loss step 100/200: score=7.757205 (avg=7.797838), loss=0.565650 (avg=0.543769), pairs_step=10663, pairs_total=1140326
[2026-03-03 08:04:03,641] INFO:fitness.free_loss_fidelity: RL4CO free-loss step 120/200: score=7.771905 (avg=7.799102), loss=0.564509 (avg=0.548111), pairs_step=8274, pairs_total=1311360
[2026-03-03 08:04:10,999] INFO:fitness.free_loss_fidelity: RL4CO free-loss step 140/200: score=7.821263 (avg=7.799838), loss=0.592618 (avg=0.551532), pairs_step=8137, pairs_total=1474775
[2026-03-03 08:04:18,313] INFO:fitness.free_loss_fidelity: RL4CO free-loss step 160/200: score=7.794419 (avg=7.798958), loss=0.620102 (avg=0.557397), pairs_step=4813, pairs_total=1597772
[2026-03-03 08:04:25,646] INFO:fitness.free_loss_fidelity: RL4CO free-loss step 180/200: score=7.779925 (avg=7.797496), loss=0.600614 (avg=0.563308), pairs_step=4678, pairs_total=1693246
[2026-03-03 08:04:32,968] INFO:fitness.free_loss_fidelity: RL4CO free-loss step 200/200: score=7.809825 (avg=7.796049), loss=0.595352 (avg=0.567378), pairs_step=4549, pairs_total=1784204
