[2026-03-02 16:45:50,765] INFO:fitness.free_loss_fidelity: Stage3 offline mini-train start gen=4 pair_index=8 K=200 seed=12345 valid_sizes=[100] baseline_json=baseline/mini_eval/baseline_minitrain_tsp100_K200.json
[2026-03-02 16:45:50,784] INFO:fitness.free_loss_fidelity: RL4CO free-loss (step-mode): f1_steps=200, f2_steps=0, total_steps=200, train_problem_size=100, rollouts=100, batch_size=64, device=cuda:3, env=tsp
[2026-03-02 16:45:51,120] INFO:fitness.free_loss_fidelity: RL4CO free-loss step 1/200: score=36.122910 (avg=36.122910), loss=0.746118 (avg=0.746118), pairs_step=316800, pairs_total=316800
[2026-03-02 16:45:57,377] INFO:fitness.free_loss_fidelity: RL4CO free-loss step 20/200: score=9.899554 (avg=12.728836), loss=0.601723 (avg=0.613460), pairs_step=316799, pairs_total=6335997
[2026-03-02 16:46:03,982] INFO:fitness.free_loss_fidelity: RL4CO free-loss step 40/200: score=9.339842 (avg=11.117905), loss=0.604258 (avg=0.608354), pairs_step=316800, pairs_total=12671995
[2026-03-02 16:46:10,571] INFO:fitness.free_loss_fidelity: RL4CO free-loss step 60/200: score=9.143020 (avg=10.482286), loss=0.592604 (avg=0.604894), pairs_step=316800, pairs_total=19007991
[2026-03-02 16:46:17,169] INFO:fitness.free_loss_fidelity: RL4CO free-loss step 80/200: score=8.917776 (avg=10.124651), loss=0.597203 (avg=0.602681), pairs_step=316798, pairs_total=25343986
[2026-03-02 16:46:23,759] INFO:fitness.free_loss_fidelity: RL4CO free-loss step 100/200: score=8.829412 (avg=9.885062), loss=0.592151 (avg=0.600618), pairs_step=316800, pairs_total=31679982
[2026-03-02 16:46:30,347] INFO:fitness.free_loss_fidelity: RL4CO free-loss step 120/200: score=8.778870 (avg=9.713992), loss=0.592458 (avg=0.599298), pairs_step=316799, pairs_total=38015976
[2026-03-02 16:46:36,950] INFO:fitness.free_loss_fidelity: RL4CO free-loss step 140/200: score=8.767969 (avg=9.581931), loss=0.602330 (avg=0.599043), pairs_step=316800, pairs_total=44351971
[2026-03-02 16:46:43,552] INFO:fitness.free_loss_fidelity: RL4CO free-loss step 160/200: score=8.681919 (avg=9.471937), loss=0.602593 (avg=0.599319), pairs_step=316799, pairs_total=50687964
[2026-03-02 16:46:50,136] INFO:fitness.free_loss_fidelity: RL4CO free-loss step 180/200: score=8.574564 (avg=9.377271), loss=0.606284 (avg=0.599779), pairs_step=316800, pairs_total=57023958
[2026-03-02 16:46:56,727] INFO:fitness.free_loss_fidelity: RL4CO free-loss step 200/200: score=8.572350 (avg=9.295505), loss=0.607796 (avg=0.600457), pairs_step=316800, pairs_total=63359953
[2026-03-02 16:46:57,844] WARNING:fitness.free_loss_fidelity: weights_only checkpoint load failed (UnpicklingError); retrying weights_only=False for /data1/gushengda/eam-rl4co/baseline/epoch_135.ckpt
[2026-03-02 16:46:57,881] INFO:fitness.free_loss_fidelity: Loaded init checkpoint into policy: path=/data1/gushengda/eam-rl4co/baseline/epoch_135.ckpt prefix=policy. matched=97 missing=0 unexpected=0
[2026-03-02 16:46:57,887] INFO:fitness.free_loss_fidelity: RL4CO free-loss (step-mode): f1_steps=200, f2_steps=0, total_steps=200, train_problem_size=100, rollouts=100, batch_size=64, device=cuda:3, env=tsp
[2026-03-02 16:46:58,227] INFO:fitness.free_loss_fidelity: RL4CO free-loss step 1/200: score=7.803347 (avg=7.803347), loss=0.675183 (avg=0.675183), pairs_step=315697, pairs_total=315697
[2026-03-02 16:47:04,491] INFO:fitness.free_loss_fidelity: RL4CO free-loss step 20/200: score=7.775095 (avg=7.808907), loss=0.673862 (avg=0.674617), pairs_step=315693, pairs_total=6317150
[2026-03-02 16:47:11,078] INFO:fitness.free_loss_fidelity: RL4CO free-loss step 40/200: score=7.826342 (avg=7.803336), loss=0.677808 (avg=0.674817), pairs_step=316108, pairs_total=12632633
[2026-03-02 16:47:17,669] INFO:fitness.free_loss_fidelity: RL4CO free-loss step 60/200: score=7.815854 (avg=7.799886), loss=0.674430 (avg=0.674743), pairs_step=315481, pairs_total=18946997
[2026-03-02 16:47:24,274] INFO:fitness.free_loss_fidelity: RL4CO free-loss step 80/200: score=7.798698 (avg=7.798348), loss=0.674892 (avg=0.674727), pairs_step=315745, pairs_total=25261774
[2026-03-02 16:47:30,874] INFO:fitness.free_loss_fidelity: RL4CO free-loss step 100/200: score=7.758495 (avg=7.799043), loss=0.676220 (avg=0.674723), pairs_step=315957, pairs_total=31576080
[2026-03-02 16:47:37,666] INFO:fitness.free_loss_fidelity: RL4CO free-loss step 120/200: score=7.766715 (avg=7.800488), loss=0.676988 (avg=0.674684), pairs_step=315443, pairs_total=37889193
[2026-03-02 16:47:44,272] INFO:fitness.free_loss_fidelity: RL4CO free-loss step 140/200: score=7.829496 (avg=7.801348), loss=0.674825 (avg=0.674698), pairs_step=315369, pairs_total=44202353
[2026-03-02 16:47:50,861] INFO:fitness.free_loss_fidelity: RL4CO free-loss step 160/200: score=7.796565 (avg=7.800595), loss=0.674558 (avg=0.674733), pairs_step=315044, pairs_total=50514624
[2026-03-02 16:47:57,444] INFO:fitness.free_loss_fidelity: RL4CO free-loss step 180/200: score=7.782680 (avg=7.799339), loss=0.674380 (avg=0.674792), pairs_step=315653, pairs_total=56825345
[2026-03-02 16:48:04,039] INFO:fitness.free_loss_fidelity: RL4CO free-loss step 200/200: score=7.807938 (avg=7.798201), loss=0.673164 (avg=0.674816), pairs_step=315650, pairs_total=63137769
[2026-03-02 16:48:05,151] WARNING:fitness.free_loss_fidelity: weights_only checkpoint load failed (UnpicklingError); retrying weights_only=False for /data1/gushengda/eam-rl4co/baseline/epoch_409.ckpt
[2026-03-02 16:48:05,181] INFO:fitness.free_loss_fidelity: Loaded init checkpoint into policy: path=/data1/gushengda/eam-rl4co/baseline/epoch_409.ckpt prefix=policy. matched=97 missing=0 unexpected=0
[2026-03-02 16:48:05,187] INFO:fitness.free_loss_fidelity: RL4CO free-loss (step-mode): f1_steps=200, f2_steps=0, total_steps=200, train_problem_size=100, rollouts=100, batch_size=64, device=cuda:3, env=tsp
[2026-03-02 16:48:05,528] INFO:fitness.free_loss_fidelity: RL4CO free-loss step 1/200: score=7.807477 (avg=7.807477), loss=0.311706 (avg=0.311706), pairs_step=315750, pairs_total=315750
[2026-03-02 16:48:11,785] INFO:fitness.free_loss_fidelity: RL4CO free-loss step 20/200: score=7.785102 (avg=7.810171), loss=0.558738 (avg=0.496377), pairs_step=316206, pairs_total=6321400
[2026-03-02 16:48:18,374] INFO:fitness.free_loss_fidelity: RL4CO free-loss step 40/200: score=7.816854 (avg=7.804381), loss=0.293570 (avg=0.434381), pairs_step=316159, pairs_total=12643734
[2026-03-02 16:48:24,981] INFO:fitness.free_loss_fidelity: RL4CO free-loss step 60/200: score=7.813139 (avg=7.800807), loss=0.561591 (avg=0.420596), pairs_step=315932, pairs_total=18963391
[2026-03-02 16:48:31,584] INFO:fitness.free_loss_fidelity: RL4CO free-loss step 80/200: score=7.799615 (avg=7.799230), loss=0.684992 (avg=0.487597), pairs_step=316258, pairs_total=25287503
[2026-03-02 16:48:38,176] INFO:fitness.free_loss_fidelity: RL4CO free-loss step 100/200: score=7.757849 (avg=7.800572), loss=0.340456 (avg=0.470046), pairs_step=316268, pairs_total=31613229
[2026-03-02 16:48:44,771] INFO:fitness.free_loss_fidelity: RL4CO free-loss step 120/200: score=7.780440 (avg=7.802047), loss=0.311538 (avg=0.448018), pairs_step=315862, pairs_total=37936112
[2026-03-02 16:48:51,359] INFO:fitness.free_loss_fidelity: RL4CO free-loss step 140/200: score=7.822640 (avg=7.802691), loss=0.453947 (avg=0.436007), pairs_step=315898, pairs_total=44257599
[2026-03-02 16:48:57,961] INFO:fitness.free_loss_fidelity: RL4CO free-loss step 160/200: score=7.800570 (avg=7.801682), loss=0.744489 (avg=0.460060), pairs_step=316245, pairs_total=50580090
[2026-03-02 16:49:04,560] INFO:fitness.free_loss_fidelity: RL4CO free-loss step 180/200: score=7.789281 (avg=7.800972), loss=0.300108 (avg=0.470605), pairs_step=316309, pairs_total=56905067
[2026-03-02 16:49:11,142] INFO:fitness.free_loss_fidelity: RL4CO free-loss step 200/200: score=7.818275 (avg=7.799975), loss=0.285981 (avg=0.452349), pairs_step=316230, pairs_total=63230744
