[2026-03-02 15:19:28,691] INFO:fitness.free_loss_fidelity: Stage3 offline mini-train start gen=2 pair_index=15 K=1000 seed=12345 valid_sizes=[100] baseline_json=baseline/mini_eval/baseline_minitrain_tsp100_K1000.json
[2026-03-02 15:19:34,331] INFO:fitness.free_loss_fidelity: RL4CO free-loss (step-mode): f1_steps=1000, f2_steps=0, total_steps=1000, train_problem_size=100, rollouts=100, batch_size=64, device=cuda:2, env=tsp
[2026-03-02 15:19:35,119] INFO:fitness.free_loss_fidelity: RL4CO free-loss step 1/1000: score=36.122910 (avg=36.122910), loss=0.745280 (avg=0.745280), pairs_step=316800, pairs_total=316800
[2026-03-02 15:20:08,838] INFO:fitness.free_loss_fidelity: RL4CO free-loss step 100/1000: score=8.797354 (avg=9.852266), loss=0.536723 (avg=0.552568), pairs_step=316800, pairs_total=31679969
[2026-03-02 15:20:42,538] INFO:fitness.free_loss_fidelity: RL4CO free-loss step 200/1000: score=8.489343 (avg=9.245646), loss=0.566388 (avg=0.553937), pairs_step=316800, pairs_total=63359944
[2026-03-02 15:21:15,971] INFO:fitness.free_loss_fidelity: RL4CO free-loss step 300/1000: score=8.313562 (avg=8.965144), loss=0.575662 (avg=0.559829), pairs_step=316800, pairs_total=95039919
[2026-03-02 15:21:49,287] INFO:fitness.free_loss_fidelity: RL4CO free-loss step 400/1000: score=8.343435 (avg=8.798720), loss=0.578114 (avg=0.565113), pairs_step=316800, pairs_total=126719879
[2026-03-02 15:22:22,625] INFO:fitness.free_loss_fidelity: RL4CO free-loss step 500/1000: score=8.206339 (avg=8.687579), loss=0.582727 (avg=0.569287), pairs_step=316800, pairs_total=158399852
[2026-03-02 15:22:55,937] INFO:fitness.free_loss_fidelity: RL4CO free-loss step 600/1000: score=8.197681 (avg=8.609583), loss=0.594962 (avg=0.572450), pairs_step=316800, pairs_total=190079819
[2026-03-02 15:23:28,166] INFO:fitness.free_loss_fidelity: RL4CO free-loss step 700/1000: score=8.197474 (avg=8.549835), loss=0.589802 (avg=0.574935), pairs_step=316800, pairs_total=221759787
[2026-03-02 15:24:01,780] INFO:fitness.free_loss_fidelity: RL4CO free-loss step 800/1000: score=8.153394 (avg=8.502570), loss=0.591172 (avg=0.577195), pairs_step=316800, pairs_total=253439748
[2026-03-02 15:24:33,815] INFO:fitness.free_loss_fidelity: RL4CO free-loss step 900/1000: score=8.175999 (avg=8.463421), loss=0.603659 (avg=0.579166), pairs_step=316800, pairs_total=285119709
[2026-03-02 15:25:05,851] INFO:fitness.free_loss_fidelity: RL4CO free-loss step 1000/1000: score=8.161170 (avg=8.430664), loss=0.596894 (avg=0.581039), pairs_step=316800, pairs_total=316799671
[2026-03-02 15:25:06,965] WARNING:fitness.free_loss_fidelity: weights_only checkpoint load failed (UnpicklingError); retrying weights_only=False for /data1/gushengda/eam-rl4co/baseline/epoch_135.ckpt
[2026-03-02 15:25:07,009] INFO:fitness.free_loss_fidelity: Loaded init checkpoint into policy: path=/data1/gushengda/eam-rl4co/baseline/epoch_135.ckpt prefix=policy. matched=97 missing=0 unexpected=0
[2026-03-02 15:25:07,014] INFO:fitness.free_loss_fidelity: RL4CO free-loss (step-mode): f1_steps=1000, f2_steps=0, total_steps=1000, train_problem_size=100, rollouts=100, batch_size=64, device=cuda:2, env=tsp
[2026-03-02 15:25:07,340] INFO:fitness.free_loss_fidelity: RL4CO free-loss step 1/1000: score=7.803347 (avg=7.803347), loss=0.668302 (avg=0.668302), pairs_step=315697, pairs_total=315697
[2026-03-02 15:25:39,179] INFO:fitness.free_loss_fidelity: RL4CO free-loss step 100/1000: score=7.759959 (avg=7.798865), loss=0.658486 (avg=0.663333), pairs_step=315768, pairs_total=31564667
[2026-03-02 15:26:11,653] INFO:fitness.free_loss_fidelity: RL4CO free-loss step 200/1000: score=7.814560 (avg=7.799509), loss=0.454557 (avg=0.635205), pairs_step=315244, pairs_total=63103805
[2026-03-02 15:26:43,651] INFO:fitness.free_loss_fidelity: RL4CO free-loss step 300/1000: score=7.816894 (avg=7.801316), loss=0.305856 (avg=0.538172), pairs_step=315452, pairs_total=94658194
[2026-03-02 15:27:15,658] INFO:fitness.free_loss_fidelity: RL4CO free-loss step 400/1000: score=7.823888 (avg=7.801988), loss=0.254022 (avg=0.470830), pairs_step=315082, pairs_total=126210558
[2026-03-02 15:27:49,519] INFO:fitness.free_loss_fidelity: RL4CO free-loss step 500/1000: score=7.783220 (avg=7.801632), loss=0.275133 (avg=0.432216), pairs_step=315412, pairs_total=157754685
[2026-03-02 15:28:25,852] INFO:fitness.free_loss_fidelity: RL4CO free-loss step 600/1000: score=7.767668 (avg=7.801512), loss=0.235021 (avg=0.402125), pairs_step=314994, pairs_total=189297304
[2026-03-02 15:29:02,180] INFO:fitness.free_loss_fidelity: RL4CO free-loss step 700/1000: score=7.810566 (avg=7.801850), loss=0.167883 (avg=0.372883), pairs_step=315544, pairs_total=220850339
[2026-03-02 15:29:38,516] INFO:fitness.free_loss_fidelity: RL4CO free-loss step 800/1000: score=7.799271 (avg=7.802222), loss=0.153700 (avg=0.346680), pairs_step=315811, pairs_total=252411346
[2026-03-02 15:30:14,850] INFO:fitness.free_loss_fidelity: RL4CO free-loss step 900/1000: score=7.842605 (avg=7.802399), loss=0.147989 (avg=0.324774), pairs_step=315424, pairs_total=283971656
[2026-03-02 15:30:51,181] INFO:fitness.free_loss_fidelity: RL4CO free-loss step 1000/1000: score=7.832020 (avg=7.802378), loss=0.136945 (avg=0.306720), pairs_step=315860, pairs_total=315535781
[2026-03-02 15:30:52,490] WARNING:fitness.free_loss_fidelity: weights_only checkpoint load failed (UnpicklingError); retrying weights_only=False for /data1/gushengda/eam-rl4co/baseline/epoch_409.ckpt
[2026-03-02 15:30:52,534] INFO:fitness.free_loss_fidelity: Loaded init checkpoint into policy: path=/data1/gushengda/eam-rl4co/baseline/epoch_409.ckpt prefix=policy. matched=97 missing=0 unexpected=0
[2026-03-02 15:30:52,540] INFO:fitness.free_loss_fidelity: RL4CO free-loss (step-mode): f1_steps=1000, f2_steps=0, total_steps=1000, train_problem_size=100, rollouts=100, batch_size=64, device=cuda:2, env=tsp
[2026-03-02 15:30:52,926] INFO:fitness.free_loss_fidelity: RL4CO free-loss step 1/1000: score=7.807477 (avg=7.807477), loss=0.153243 (avg=0.153243), pairs_step=315750, pairs_total=315750
[2026-03-02 15:31:29,072] INFO:fitness.free_loss_fidelity: RL4CO free-loss step 100/1000: score=7.758397 (avg=7.805880), loss=0.120576 (avg=0.137158), pairs_step=315292, pairs_total=31545381
[2026-03-02 15:32:05,395] INFO:fitness.free_loss_fidelity: RL4CO free-loss step 200/1000: score=7.825746 (avg=7.806045), loss=0.108929 (avg=0.133021), pairs_step=315110, pairs_total=63051652
[2026-03-02 15:32:41,718] INFO:fitness.free_loss_fidelity: RL4CO free-loss step 300/1000: score=7.814385 (avg=7.808185), loss=0.118164 (avg=0.130547), pairs_step=315102, pairs_total=94569332
[2026-03-02 15:33:18,142] INFO:fitness.free_loss_fidelity: RL4CO free-loss step 400/1000: score=7.829028 (avg=7.808783), loss=0.128859 (avg=0.133286), pairs_step=314638, pairs_total=126077074
[2026-03-02 15:33:54,465] INFO:fitness.free_loss_fidelity: RL4CO free-loss step 500/1000: score=7.794663 (avg=7.808770), loss=0.120724 (avg=0.134251), pairs_step=315192, pairs_total=157568378
[2026-03-02 15:34:30,792] INFO:fitness.free_loss_fidelity: RL4CO free-loss step 600/1000: score=7.773284 (avg=7.808586), loss=0.109865 (avg=0.128650), pairs_step=314473, pairs_total=189046504
[2026-03-02 15:35:07,362] INFO:fitness.free_loss_fidelity: RL4CO free-loss step 700/1000: score=7.824576 (avg=7.809291), loss=0.074631 (avg=0.123652), pairs_step=315319, pairs_total=220548713
[2026-03-02 15:35:43,724] INFO:fitness.free_loss_fidelity: RL4CO free-loss step 800/1000: score=7.806069 (avg=7.809784), loss=0.100773 (avg=0.118183), pairs_step=315538, pairs_total=252077725
[2026-03-02 15:36:19,990] INFO:fitness.free_loss_fidelity: RL4CO free-loss step 900/1000: score=7.855115 (avg=7.809867), loss=0.170745 (avg=0.124327), pairs_step=315065, pairs_total=283592883
[2026-03-02 15:36:56,107] INFO:fitness.free_loss_fidelity: RL4CO free-loss step 1000/1000: score=7.847569 (avg=7.810279), loss=0.118805 (avg=0.123115), pairs_step=314474, pairs_total=315093719
