[2026-03-03 08:51:13,993] INFO:fitness.free_loss_fidelity: Stage3 offline mini-train start gen=18 pair_index=6 K=200 seed=12345 valid_sizes=[100] baseline_json=baseline/mini_eval/baseline_minitrain_tsp100_K200.json
[2026-03-03 08:51:14,011] INFO:fitness.free_loss_fidelity: RL4CO free-loss (step-mode): f1_steps=200, f2_steps=0, total_steps=200, train_problem_size=100, rollouts=100, batch_size=64, device=cuda:2, env=tsp
[2026-03-03 08:51:14,356] INFO:fitness.free_loss_fidelity: RL4CO free-loss step 1/200: score=36.122910 (avg=36.122910), loss=0.694445 (avg=0.694445), pairs_step=2048, pairs_total=2048
[2026-03-03 08:51:20,650] INFO:fitness.free_loss_fidelity: RL4CO free-loss step 20/200: score=9.902421 (avg=12.843578), loss=0.486408 (avg=0.494404), pairs_step=2048, pairs_total=40960
[2026-03-03 08:51:27,289] INFO:fitness.free_loss_fidelity: RL4CO free-loss step 40/200: score=9.501802 (avg=11.235333), loss=0.502566 (avg=0.501847), pairs_step=2048, pairs_total=81920
[2026-03-03 08:51:33,917] INFO:fitness.free_loss_fidelity: RL4CO free-loss step 60/200: score=9.417921 (avg=10.643989), loss=0.513261 (avg=0.504441), pairs_step=2048, pairs_total=122880
[2026-03-03 08:51:40,566] INFO:fitness.free_loss_fidelity: RL4CO free-loss step 80/200: score=9.212040 (avg=10.310926), loss=0.497490 (avg=0.504267), pairs_step=2048, pairs_total=163840
[2026-03-03 08:51:47,201] INFO:fitness.free_loss_fidelity: RL4CO free-loss step 100/200: score=9.042717 (avg=10.089674), loss=0.491485 (avg=0.501029), pairs_step=2048, pairs_total=204800
[2026-03-03 08:51:53,837] INFO:fitness.free_loss_fidelity: RL4CO free-loss step 120/200: score=9.165356 (avg=9.932182), loss=0.489714 (avg=0.498283), pairs_step=2048, pairs_total=245760
[2026-03-03 08:52:00,467] INFO:fitness.free_loss_fidelity: RL4CO free-loss step 140/200: score=9.015664 (avg=9.808834), loss=0.496490 (avg=0.498572), pairs_step=2048, pairs_total=286720
[2026-03-03 08:52:07,082] INFO:fitness.free_loss_fidelity: RL4CO free-loss step 160/200: score=8.977839 (avg=9.702965), loss=0.512779 (avg=0.498744), pairs_step=2048, pairs_total=327680
[2026-03-03 08:52:13,722] INFO:fitness.free_loss_fidelity: RL4CO free-loss step 180/200: score=8.898995 (avg=9.616045), loss=0.497690 (avg=0.499572), pairs_step=2048, pairs_total=368640
[2026-03-03 08:52:20,358] INFO:fitness.free_loss_fidelity: RL4CO free-loss step 200/200: score=8.894308 (avg=9.540405), loss=0.475701 (avg=0.500740), pairs_step=2048, pairs_total=409600
[2026-03-03 08:52:21,477] WARNING:fitness.free_loss_fidelity: weights_only checkpoint load failed (UnpicklingError); retrying weights_only=False for /data1/gushengda/eam-rl4co/baseline/epoch_135.ckpt
[2026-03-03 08:52:21,516] INFO:fitness.free_loss_fidelity: Loaded init checkpoint into policy: path=/data1/gushengda/eam-rl4co/baseline/epoch_135.ckpt prefix=policy. matched=97 missing=0 unexpected=0
[2026-03-03 08:52:21,521] INFO:fitness.free_loss_fidelity: RL4CO free-loss (step-mode): f1_steps=200, f2_steps=0, total_steps=200, train_problem_size=100, rollouts=100, batch_size=64, device=cuda:2, env=tsp
[2026-03-03 08:52:21,879] INFO:fitness.free_loss_fidelity: RL4CO free-loss step 1/200: score=7.803347 (avg=7.803347), loss=0.616246 (avg=0.616246), pairs_step=2048, pairs_total=2048
[2026-03-03 08:52:28,194] INFO:fitness.free_loss_fidelity: RL4CO free-loss step 20/200: score=7.828337 (avg=7.841386), loss=0.606061 (avg=0.609471), pairs_step=2048, pairs_total=40960
[2026-03-03 08:52:34,818] INFO:fitness.free_loss_fidelity: RL4CO free-loss step 40/200: score=7.851051 (avg=7.841915), loss=0.611731 (avg=0.608286), pairs_step=2048, pairs_total=81920
[2026-03-03 08:52:41,446] INFO:fitness.free_loss_fidelity: RL4CO free-loss step 60/200: score=7.865963 (avg=7.840181), loss=0.623772 (avg=0.605184), pairs_step=2048, pairs_total=122880
[2026-03-03 08:52:48,076] INFO:fitness.free_loss_fidelity: RL4CO free-loss step 80/200: score=7.873837 (avg=7.845983), loss=0.625790 (avg=0.607317), pairs_step=2048, pairs_total=163840
[2026-03-03 08:52:54,703] INFO:fitness.free_loss_fidelity: RL4CO free-loss step 100/200: score=7.810554 (avg=7.848002), loss=0.618674 (avg=0.610494), pairs_step=2048, pairs_total=204800
[2026-03-03 08:53:01,337] INFO:fitness.free_loss_fidelity: RL4CO free-loss step 120/200: score=7.840759 (avg=7.851137), loss=0.647941 (avg=0.612988), pairs_step=2048, pairs_total=245760
[2026-03-03 08:53:08,004] INFO:fitness.free_loss_fidelity: RL4CO free-loss step 140/200: score=7.875396 (avg=7.852612), loss=0.629887 (avg=0.615692), pairs_step=2048, pairs_total=286720
[2026-03-03 08:53:14,646] INFO:fitness.free_loss_fidelity: RL4CO free-loss step 160/200: score=7.838175 (avg=7.852280), loss=0.615601 (avg=0.617825), pairs_step=2048, pairs_total=327680
[2026-03-03 08:53:21,491] INFO:fitness.free_loss_fidelity: RL4CO free-loss step 180/200: score=7.831135 (avg=7.850727), loss=0.632107 (avg=0.619409), pairs_step=2048, pairs_total=368640
[2026-03-03 08:53:28,116] INFO:fitness.free_loss_fidelity: RL4CO free-loss step 200/200: score=7.885683 (avg=7.849852), loss=0.620448 (avg=0.620176), pairs_step=2048, pairs_total=409600
[2026-03-03 08:53:29,306] WARNING:fitness.free_loss_fidelity: weights_only checkpoint load failed (UnpicklingError); retrying weights_only=False for /data1/gushengda/eam-rl4co/baseline/epoch_409.ckpt
[2026-03-03 08:53:29,348] INFO:fitness.free_loss_fidelity: Loaded init checkpoint into policy: path=/data1/gushengda/eam-rl4co/baseline/epoch_409.ckpt prefix=policy. matched=97 missing=0 unexpected=0
[2026-03-03 08:53:29,354] INFO:fitness.free_loss_fidelity: RL4CO free-loss (step-mode): f1_steps=200, f2_steps=0, total_steps=200, train_problem_size=100, rollouts=100, batch_size=64, device=cuda:2, env=tsp
[2026-03-03 08:53:29,734] INFO:fitness.free_loss_fidelity: RL4CO free-loss step 1/200: score=7.807477 (avg=7.807477), loss=0.011176 (avg=0.011176), pairs_step=2048, pairs_total=2048
[2026-03-03 08:53:36,826] INFO:fitness.free_loss_fidelity: RL4CO free-loss step 20/200: score=7.827449 (avg=7.825042), loss=0.339345 (avg=0.194340), pairs_step=2048, pairs_total=40960
[2026-03-03 08:53:44,267] INFO:fitness.free_loss_fidelity: RL4CO free-loss step 40/200: score=7.924683 (avg=7.849904), loss=0.426121 (avg=0.286849), pairs_step=2048, pairs_total=81920
[2026-03-03 08:53:50,749] INFO:fitness.free_loss_fidelity: RL4CO free-loss step 60/200: score=7.906412 (avg=7.870581), loss=0.477344 (avg=0.346675), pairs_step=2048, pairs_total=122880
[2026-03-03 08:53:57,202] INFO:fitness.free_loss_fidelity: RL4CO free-loss step 80/200: score=7.889717 (avg=7.876536), loss=0.490530 (avg=0.383802), pairs_step=2048, pairs_total=163840
[2026-03-03 08:54:03,665] INFO:fitness.free_loss_fidelity: RL4CO free-loss step 100/200: score=7.859707 (avg=7.881384), loss=0.546354 (avg=0.413643), pairs_step=2048, pairs_total=204800
[2026-03-03 08:54:10,109] INFO:fitness.free_loss_fidelity: RL4CO free-loss step 120/200: score=7.855678 (avg=7.884150), loss=0.546802 (avg=0.435832), pairs_step=2048, pairs_total=245760
[2026-03-03 08:54:16,559] INFO:fitness.free_loss_fidelity: RL4CO free-loss step 140/200: score=7.913640 (avg=7.884676), loss=0.584705 (avg=0.454459), pairs_step=2048, pairs_total=286720
[2026-03-03 08:54:23,319] INFO:fitness.free_loss_fidelity: RL4CO free-loss step 160/200: score=7.881252 (avg=7.883910), loss=0.577647 (avg=0.471205), pairs_step=2048, pairs_total=327680
[2026-03-03 08:54:30,628] INFO:fitness.free_loss_fidelity: RL4CO free-loss step 180/200: score=7.881191 (avg=7.882917), loss=0.573878 (avg=0.485031), pairs_step=2048, pairs_total=368640
[2026-03-03 08:54:37,935] INFO:fitness.free_loss_fidelity: RL4CO free-loss step 200/200: score=7.911896 (avg=7.883241), loss=0.602558 (avg=0.495467), pairs_step=2048, pairs_total=409600
