[2026-03-02 14:22:10,471] INFO:fitness.free_loss_fidelity: Stage3 offline mini-train start gen=1 pair_index=7 K=1000 seed=12345 valid_sizes=[100] baseline_json=baseline/mini_eval/baseline_minitrain_tsp100_K1000.json
[2026-03-02 14:22:16,531] INFO:fitness.free_loss_fidelity: RL4CO free-loss (step-mode): f1_steps=1000, f2_steps=0, total_steps=1000, train_problem_size=100, rollouts=100, batch_size=64, device=cuda:1, env=tsp
[2026-03-02 14:22:17,281] INFO:fitness.free_loss_fidelity: RL4CO free-loss step 1/1000: score=36.122910 (avg=36.122910), loss=0.942688 (avg=0.942688), pairs_step=316800, pairs_total=316800
[2026-03-02 14:22:52,480] INFO:fitness.free_loss_fidelity: RL4CO free-loss step 100/1000: score=9.157553 (avg=10.170729), loss=0.514792 (avg=0.552135), pairs_step=316799, pairs_total=31679973
[2026-03-02 14:23:28,166] INFO:fitness.free_loss_fidelity: RL4CO free-loss step 200/1000: score=8.962458 (avg=9.619975), loss=0.521834 (avg=0.539443), pairs_step=316800, pairs_total=63359950
[2026-03-02 14:24:03,911] INFO:fitness.free_loss_fidelity: RL4CO free-loss step 300/1000: score=8.717641 (avg=9.354794), loss=0.531683 (avg=0.536996), pairs_step=316798, pairs_total=95039920
[2026-03-02 14:24:39,704] INFO:fitness.free_loss_fidelity: RL4CO free-loss step 400/1000: score=8.605186 (avg=9.176811), loss=0.534027 (avg=0.537365), pairs_step=316800, pairs_total=126719892
[2026-03-02 14:25:15,721] INFO:fitness.free_loss_fidelity: RL4CO free-loss step 500/1000: score=8.507957 (avg=9.051198), loss=0.530282 (avg=0.537526), pairs_step=316799, pairs_total=158399856
[2026-03-02 14:25:51,588] INFO:fitness.free_loss_fidelity: RL4CO free-loss step 600/1000: score=8.442930 (avg=8.957547), loss=0.542081 (avg=0.538066), pairs_step=316800, pairs_total=190079814
[2026-03-02 14:26:27,465] INFO:fitness.free_loss_fidelity: RL4CO free-loss step 700/1000: score=8.458910 (avg=8.885564), loss=0.540053 (avg=0.538330), pairs_step=316800, pairs_total=221759787
[2026-03-02 14:27:03,556] INFO:fitness.free_loss_fidelity: RL4CO free-loss step 800/1000: score=8.404218 (avg=8.828453), loss=0.538103 (avg=0.538795), pairs_step=316799, pairs_total=253439751
[2026-03-02 14:27:39,510] INFO:fitness.free_loss_fidelity: RL4CO free-loss step 900/1000: score=8.425128 (avg=8.780310), loss=0.545142 (avg=0.539136), pairs_step=316799, pairs_total=285119719
[2026-03-02 14:28:15,488] INFO:fitness.free_loss_fidelity: RL4CO free-loss step 1000/1000: score=8.402691 (avg=8.739974), loss=0.543903 (avg=0.539610), pairs_step=316800, pairs_total=316799692
[2026-03-02 14:28:16,767] WARNING:fitness.free_loss_fidelity: weights_only checkpoint load failed (UnpicklingError); retrying weights_only=False for /data1/gushengda/eam-rl4co/baseline/epoch_135.ckpt
[2026-03-02 14:28:16,815] INFO:fitness.free_loss_fidelity: Loaded init checkpoint into policy: path=/data1/gushengda/eam-rl4co/baseline/epoch_135.ckpt prefix=policy. matched=97 missing=0 unexpected=0
[2026-03-02 14:28:16,821] INFO:fitness.free_loss_fidelity: RL4CO free-loss (step-mode): f1_steps=1000, f2_steps=0, total_steps=1000, train_problem_size=100, rollouts=100, batch_size=64, device=cuda:1, env=tsp
[2026-03-02 14:28:17,203] INFO:fitness.free_loss_fidelity: RL4CO free-loss step 1/1000: score=7.803347 (avg=7.803347), loss=0.669376 (avg=0.669376), pairs_step=315697, pairs_total=315697
[2026-03-02 14:28:52,813] INFO:fitness.free_loss_fidelity: RL4CO free-loss step 100/1000: score=7.756887 (avg=7.798703), loss=0.629870 (avg=0.653174), pairs_step=316183, pairs_total=31597883
[2026-03-02 14:29:28,807] INFO:fitness.free_loss_fidelity: RL4CO free-loss step 200/1000: score=7.811487 (avg=7.797957), loss=0.586741 (avg=0.636816), pairs_step=315876, pairs_total=63206231
[2026-03-02 14:30:04,784] INFO:fitness.free_loss_fidelity: RL4CO free-loss step 300/1000: score=7.812034 (avg=7.798539), loss=0.472135 (avg=0.605462), pairs_step=316257, pairs_total=94822250
[2026-03-02 14:30:40,768] INFO:fitness.free_loss_fidelity: RL4CO free-loss step 400/1000: score=7.821326 (avg=7.798456), loss=0.410706 (avg=0.559974), pairs_step=315861, pairs_total=126440501
[2026-03-02 14:31:16,927] INFO:fitness.free_loss_fidelity: RL4CO free-loss step 500/1000: score=7.776893 (avg=7.797538), loss=0.401710 (avg=0.531670), pairs_step=316152, pairs_total=158057479
[2026-03-02 14:31:52,906] INFO:fitness.free_loss_fidelity: RL4CO free-loss step 600/1000: score=7.759792 (avg=7.796834), loss=0.398625 (avg=0.510461), pairs_step=316267, pairs_total=189670655
[2026-03-02 14:32:28,893] INFO:fitness.free_loss_fidelity: RL4CO free-loss step 700/1000: score=7.806306 (avg=7.796629), loss=0.393052 (avg=0.494048), pairs_step=316151, pairs_total=221288882
[2026-03-02 14:33:04,882] INFO:fitness.free_loss_fidelity: RL4CO free-loss step 800/1000: score=7.789837 (avg=7.796499), loss=0.391820 (avg=0.479816), pairs_step=316166, pairs_total=252907132
[2026-03-02 14:33:40,878] INFO:fitness.free_loss_fidelity: RL4CO free-loss step 900/1000: score=7.828459 (avg=7.796143), loss=0.384242 (avg=0.468893), pairs_step=316285, pairs_total=284528313
[2026-03-02 14:34:17,042] INFO:fitness.free_loss_fidelity: RL4CO free-loss step 1000/1000: score=7.817656 (avg=7.795693), loss=0.372513 (avg=0.459849), pairs_step=316141, pairs_total=316147144
[2026-03-02 14:34:18,316] WARNING:fitness.free_loss_fidelity: weights_only checkpoint load failed (UnpicklingError); retrying weights_only=False for /data1/gushengda/eam-rl4co/baseline/epoch_409.ckpt
[2026-03-02 14:34:18,358] INFO:fitness.free_loss_fidelity: Loaded init checkpoint into policy: path=/data1/gushengda/eam-rl4co/baseline/epoch_409.ckpt prefix=policy. matched=97 missing=0 unexpected=0
[2026-03-02 14:34:18,364] INFO:fitness.free_loss_fidelity: RL4CO free-loss (step-mode): f1_steps=1000, f2_steps=0, total_steps=1000, train_problem_size=100, rollouts=100, batch_size=64, device=cuda:1, env=tsp
[2026-03-02 14:34:18,731] INFO:fitness.free_loss_fidelity: RL4CO free-loss step 1/1000: score=7.807477 (avg=7.807477), loss=0.188473 (avg=0.188473), pairs_step=315750, pairs_total=315750
[2026-03-02 14:34:54,357] INFO:fitness.free_loss_fidelity: RL4CO free-loss step 100/1000: score=7.755324 (avg=7.797173), loss=0.181729 (avg=0.180576), pairs_step=315650, pairs_total=31597689
[2026-03-02 14:35:30,330] INFO:fitness.free_loss_fidelity: RL4CO free-loss step 200/1000: score=7.810507 (avg=7.795770), loss=0.175835 (avg=0.179219), pairs_step=315800, pairs_total=63198464
[2026-03-02 14:36:06,335] INFO:fitness.free_loss_fidelity: RL4CO free-loss step 300/1000: score=7.804718 (avg=7.796005), loss=0.172126 (avg=0.177506), pairs_step=315836, pairs_total=94795219
[2026-03-02 14:36:42,347] INFO:fitness.free_loss_fidelity: RL4CO free-loss step 400/1000: score=7.820476 (avg=7.795647), loss=0.171390 (avg=0.177296), pairs_step=316019, pairs_total=126386469
[2026-03-02 14:37:18,546] INFO:fitness.free_loss_fidelity: RL4CO free-loss step 500/1000: score=7.767705 (avg=7.794310), loss=0.177350 (avg=0.176298), pairs_step=316055, pairs_total=157973476
[2026-03-02 14:37:54,531] INFO:fitness.free_loss_fidelity: RL4CO free-loss step 600/1000: score=7.747209 (avg=7.793402), loss=0.168383 (avg=0.176525), pairs_step=315676, pairs_total=189546158
[2026-03-02 14:38:30,532] INFO:fitness.free_loss_fidelity: RL4CO free-loss step 700/1000: score=7.802755 (avg=7.792919), loss=0.177632 (avg=0.176399), pairs_step=315531, pairs_total=221116221
[2026-03-02 14:39:06,527] INFO:fitness.free_loss_fidelity: RL4CO free-loss step 800/1000: score=7.789378 (avg=7.792676), loss=0.179538 (avg=0.177079), pairs_step=315877, pairs_total=252668810
[2026-03-02 14:39:42,523] INFO:fitness.free_loss_fidelity: RL4CO free-loss step 900/1000: score=7.822871 (avg=7.792144), loss=0.177115 (avg=0.177244), pairs_step=315562, pairs_total=284217751
[2026-03-02 14:40:18,541] INFO:fitness.free_loss_fidelity: RL4CO free-loss step 1000/1000: score=7.820061 (avg=7.791550), loss=0.180557 (avg=0.177097), pairs_step=315253, pairs_total=315762411
