[2026-03-02 19:15:30,824] INFO:fitness.free_loss_fidelity: Stage3 offline mini-train start gen=7 pair_index=13 K=200 seed=12345 valid_sizes=[100] baseline_json=baseline/mini_eval/baseline_minitrain_tsp100_K200.json
[2026-03-02 19:15:30,841] INFO:fitness.free_loss_fidelity: RL4CO free-loss (step-mode): f1_steps=200, f2_steps=0, total_steps=200, train_problem_size=100, rollouts=100, batch_size=64, device=cuda:2, env=tsp
[2026-03-02 19:15:31,226] INFO:fitness.free_loss_fidelity: RL4CO free-loss step 1/200: score=36.122910 (avg=36.122910), loss=5.362478 (avg=5.362478), pairs_step=316800, pairs_total=316800
[2026-03-02 19:15:37,759] INFO:fitness.free_loss_fidelity: RL4CO free-loss step 20/200: score=19.600754 (avg=17.139352), loss=1.866449 (avg=2.163329), pairs_step=316799, pairs_total=6335995
[2026-03-02 19:15:44,643] INFO:fitness.free_loss_fidelity: RL4CO free-loss step 40/200: score=23.049450 (avg=19.385909), loss=1.412697 (avg=1.907608), pairs_step=316800, pairs_total=12671992
[2026-03-02 19:15:51,512] INFO:fitness.free_loss_fidelity: RL4CO free-loss step 60/200: score=26.332638 (avg=21.258336), loss=1.344103 (avg=1.722626), pairs_step=316800, pairs_total=19007990
[2026-03-02 19:15:58,382] INFO:fitness.free_loss_fidelity: RL4CO free-loss step 80/200: score=27.984314 (avg=22.737597), loss=1.320254 (avg=1.626396), pairs_step=316800, pairs_total=25343984
[2026-03-02 19:16:05,246] INFO:fitness.free_loss_fidelity: RL4CO free-loss step 100/200: score=28.828388 (avg=23.867369), loss=1.291202 (avg=1.561554), pairs_step=316799, pairs_total=31679977
[2026-03-02 19:16:12,140] INFO:fitness.free_loss_fidelity: RL4CO free-loss step 120/200: score=29.275824 (avg=24.738331), loss=1.257745 (avg=1.515827), pairs_step=316800, pairs_total=38015972
[2026-03-02 19:16:19,003] INFO:fitness.free_loss_fidelity: RL4CO free-loss step 140/200: score=30.211197 (avg=25.454870), loss=1.238722 (avg=1.482106), pairs_step=316800, pairs_total=44351968
[2026-03-02 19:16:25,870] INFO:fitness.free_loss_fidelity: RL4CO free-loss step 160/200: score=32.283375 (avg=26.146941), loss=1.288099 (avg=1.454791), pairs_step=316800, pairs_total=50687962
[2026-03-02 19:16:32,753] INFO:fitness.free_loss_fidelity: RL4CO free-loss step 180/200: score=33.581161 (avg=26.901240), loss=1.278150 (avg=1.436589), pairs_step=316800, pairs_total=57023955
[2026-03-02 19:16:39,633] INFO:fitness.free_loss_fidelity: RL4CO free-loss step 200/200: score=34.775635 (avg=27.637252), loss=1.157162 (avg=1.414815), pairs_step=316800, pairs_total=63359949
[2026-03-02 19:16:40,748] WARNING:fitness.free_loss_fidelity: weights_only checkpoint load failed (UnpicklingError); retrying weights_only=False for /data1/gushengda/eam-rl4co/baseline/epoch_135.ckpt
[2026-03-02 19:16:40,786] INFO:fitness.free_loss_fidelity: Loaded init checkpoint into policy: path=/data1/gushengda/eam-rl4co/baseline/epoch_135.ckpt prefix=policy. matched=97 missing=0 unexpected=0
[2026-03-02 19:16:40,791] INFO:fitness.free_loss_fidelity: RL4CO free-loss (step-mode): f1_steps=200, f2_steps=0, total_steps=200, train_problem_size=100, rollouts=100, batch_size=64, device=cuda:2, env=tsp
[2026-03-02 19:16:41,152] INFO:fitness.free_loss_fidelity: RL4CO free-loss step 1/200: score=7.803347 (avg=7.803347), loss=1.157441 (avg=1.157441), pairs_step=315697, pairs_total=315697
[2026-03-02 19:16:47,687] INFO:fitness.free_loss_fidelity: RL4CO free-loss step 20/200: score=7.869466 (avg=7.831728), loss=0.600740 (avg=0.885996), pairs_step=316800, pairs_total=6329194
[2026-03-02 19:16:54,562] INFO:fitness.free_loss_fidelity: RL4CO free-loss step 40/200: score=11.716469 (avg=8.618632), loss=0.738643 (avg=0.792604), pairs_step=316800, pairs_total=12665193
[2026-03-02 19:17:01,440] INFO:fitness.free_loss_fidelity: RL4CO free-loss step 60/200: score=14.564777 (avg=10.218532), loss=0.681799 (avg=0.767667), pairs_step=316800, pairs_total=19001193
[2026-03-02 19:17:08,333] INFO:fitness.free_loss_fidelity: RL4CO free-loss step 80/200: score=22.202181 (avg=12.378836), loss=0.721602 (avg=0.761252), pairs_step=316800, pairs_total=25337193
[2026-03-02 19:17:15,221] INFO:fitness.free_loss_fidelity: RL4CO free-loss step 100/200: score=26.436983 (avg=14.739368), loss=0.673071 (avg=0.742566), pairs_step=316800, pairs_total=31673193
[2026-03-02 19:17:22,106] INFO:fitness.free_loss_fidelity: RL4CO free-loss step 120/200: score=35.063416 (avg=17.331731), loss=0.610798 (avg=0.719203), pairs_step=316800, pairs_total=38009192
[2026-03-02 19:17:29,174] INFO:fitness.free_loss_fidelity: RL4CO free-loss step 140/200: score=43.623226 (avg=20.715773), loss=0.707181 (avg=0.714531), pairs_step=316800, pairs_total=44345189
[2026-03-02 19:17:36,062] INFO:fitness.free_loss_fidelity: RL4CO free-loss step 160/200: score=44.337765 (avg=23.624621), loss=0.691609 (avg=0.718465), pairs_step=316800, pairs_total=50681185
[2026-03-02 19:17:42,929] INFO:fitness.free_loss_fidelity: RL4CO free-loss step 180/200: score=44.483212 (avg=25.968510), loss=0.740273 (avg=0.717976), pairs_step=316800, pairs_total=57017185
[2026-03-02 19:17:49,814] INFO:fitness.free_loss_fidelity: RL4CO free-loss step 200/200: score=43.799267 (avg=27.792387), loss=0.756180 (avg=0.716942), pairs_step=316800, pairs_total=63353183
[2026-03-02 19:17:50,919] WARNING:fitness.free_loss_fidelity: weights_only checkpoint load failed (UnpicklingError); retrying weights_only=False for /data1/gushengda/eam-rl4co/baseline/epoch_409.ckpt
[2026-03-02 19:17:50,949] INFO:fitness.free_loss_fidelity: Loaded init checkpoint into policy: path=/data1/gushengda/eam-rl4co/baseline/epoch_409.ckpt prefix=policy. matched=97 missing=0 unexpected=0
[2026-03-02 19:17:50,955] INFO:fitness.free_loss_fidelity: RL4CO free-loss (step-mode): f1_steps=200, f2_steps=0, total_steps=200, train_problem_size=100, rollouts=100, batch_size=64, device=cuda:2, env=tsp
[2026-03-02 19:17:51,318] INFO:fitness.free_loss_fidelity: RL4CO free-loss step 1/200: score=7.807477 (avg=7.807477), loss=0.286736 (avg=0.286736), pairs_step=315750, pairs_total=315750
[2026-03-02 19:17:57,853] INFO:fitness.free_loss_fidelity: RL4CO free-loss step 20/200: score=7.788175 (avg=7.810319), loss=0.281319 (avg=0.282421), pairs_step=316628, pairs_total=6325137
[2026-03-02 19:18:04,733] INFO:fitness.free_loss_fidelity: RL4CO free-loss step 40/200: score=7.931445 (avg=7.842276), loss=0.460071 (avg=0.503012), pairs_step=316800, pairs_total=12660955
[2026-03-02 19:18:11,623] INFO:fitness.free_loss_fidelity: RL4CO free-loss step 60/200: score=8.459748 (avg=7.931151), loss=0.694358 (avg=0.518096), pairs_step=316800, pairs_total=18996953
[2026-03-02 19:18:18,507] INFO:fitness.free_loss_fidelity: RL4CO free-loss step 80/200: score=8.874255 (avg=8.091348), loss=0.463590 (avg=0.503108), pairs_step=316800, pairs_total=25332950
[2026-03-02 19:18:25,401] INFO:fitness.free_loss_fidelity: RL4CO free-loss step 100/200: score=12.212481 (avg=8.577882), loss=0.413411 (avg=0.497519), pairs_step=316800, pairs_total=31668947
[2026-03-02 19:18:32,299] INFO:fitness.free_loss_fidelity: RL4CO free-loss step 120/200: score=12.552977 (avg=9.018176), loss=0.238376 (avg=0.454026), pairs_step=316800, pairs_total=38004947
[2026-03-02 19:18:39,168] INFO:fitness.free_loss_fidelity: RL4CO free-loss step 140/200: score=18.597614 (avg=9.770276), loss=0.244266 (avg=0.433471), pairs_step=316799, pairs_total=44340944
[2026-03-02 19:18:46,062] INFO:fitness.free_loss_fidelity: RL4CO free-loss step 160/200: score=27.463669 (avg=11.541097), loss=0.164857 (avg=0.404064), pairs_step=316800, pairs_total=50676943
[2026-03-02 19:18:52,946] INFO:fitness.free_loss_fidelity: RL4CO free-loss step 180/200: score=29.894430 (avg=13.492170), loss=0.146643 (avg=0.376167), pairs_step=316800, pairs_total=57012940
[2026-03-02 19:18:59,832] INFO:fitness.free_loss_fidelity: RL4CO free-loss step 200/200: score=29.700180 (avg=15.124925), loss=0.138260 (avg=0.352556), pairs_step=316800, pairs_total=63348933
