[2026-03-02 17:30:01,776] INFO:fitness.free_loss_fidelity: Stage3 offline mini-train start gen=5 pair_index=9 K=200 seed=12345 valid_sizes=[100] baseline_json=baseline/mini_eval/baseline_minitrain_tsp100_K200.json
[2026-03-02 17:30:01,801] INFO:fitness.free_loss_fidelity: RL4CO free-loss (step-mode): f1_steps=200, f2_steps=0, total_steps=200, train_problem_size=100, rollouts=100, batch_size=64, device=cuda:0, env=tsp
[2026-03-02 17:30:02,196] INFO:fitness.free_loss_fidelity: RL4CO free-loss step 1/200: score=36.122910 (avg=36.122910), loss=0.819953 (avg=0.819953), pairs_step=316800, pairs_total=316800
[2026-03-02 17:30:08,614] INFO:fitness.free_loss_fidelity: RL4CO free-loss step 20/200: score=9.871646 (avg=12.610155), loss=0.745788 (avg=0.758168), pairs_step=316800, pairs_total=6335999
[2026-03-02 17:30:15,224] INFO:fitness.free_loss_fidelity: RL4CO free-loss step 40/200: score=9.341889 (avg=11.045455), loss=0.748295 (avg=0.752153), pairs_step=316800, pairs_total=12671996
[2026-03-02 17:30:21,878] INFO:fitness.free_loss_fidelity: RL4CO free-loss step 60/200: score=9.135757 (avg=10.425936), loss=0.748456 (avg=0.750375), pairs_step=316800, pairs_total=19007992
[2026-03-02 17:30:28,538] INFO:fitness.free_loss_fidelity: RL4CO free-loss step 80/200: score=8.909801 (avg=10.070360), loss=0.750211 (avg=0.749917), pairs_step=316800, pairs_total=25343983
[2026-03-02 17:30:35,186] INFO:fitness.free_loss_fidelity: RL4CO free-loss step 100/200: score=8.844115 (avg=9.836908), loss=0.745849 (avg=0.749588), pairs_step=316800, pairs_total=31679978
[2026-03-02 17:30:41,813] INFO:fitness.free_loss_fidelity: RL4CO free-loss step 120/200: score=8.708213 (avg=9.665560), loss=0.745919 (avg=0.749105), pairs_step=316800, pairs_total=38015970
[2026-03-02 17:30:48,443] INFO:fitness.free_loss_fidelity: RL4CO free-loss step 140/200: score=8.743259 (avg=9.531491), loss=0.742517 (avg=0.748524), pairs_step=316798, pairs_total=44351966
[2026-03-02 17:30:55,020] INFO:fitness.free_loss_fidelity: RL4CO free-loss step 160/200: score=8.595024 (avg=9.419243), loss=0.741406 (avg=0.747817), pairs_step=316800, pairs_total=50687962
[2026-03-02 17:31:01,605] INFO:fitness.free_loss_fidelity: RL4CO free-loss step 180/200: score=8.553744 (avg=9.323331), loss=0.741325 (avg=0.747117), pairs_step=316799, pairs_total=57023956
[2026-03-02 17:31:08,231] INFO:fitness.free_loss_fidelity: RL4CO free-loss step 200/200: score=8.521997 (avg=9.243564), loss=0.741264 (avg=0.746440), pairs_step=316799, pairs_total=63359952
[2026-03-02 17:31:09,321] WARNING:fitness.free_loss_fidelity: weights_only checkpoint load failed (UnpicklingError); retrying weights_only=False for /data1/gushengda/eam-rl4co/baseline/epoch_135.ckpt
[2026-03-02 17:31:09,359] INFO:fitness.free_loss_fidelity: Loaded init checkpoint into policy: path=/data1/gushengda/eam-rl4co/baseline/epoch_135.ckpt prefix=policy. matched=97 missing=0 unexpected=0
[2026-03-02 17:31:09,364] INFO:fitness.free_loss_fidelity: RL4CO free-loss (step-mode): f1_steps=200, f2_steps=0, total_steps=200, train_problem_size=100, rollouts=100, batch_size=64, device=cuda:0, env=tsp
[2026-03-02 17:31:09,698] INFO:fitness.free_loss_fidelity: RL4CO free-loss step 1/200: score=7.803347 (avg=7.803347), loss=0.701885 (avg=0.701885), pairs_step=315697, pairs_total=315697
[2026-03-02 17:31:15,954] INFO:fitness.free_loss_fidelity: RL4CO free-loss step 20/200: score=7.777956 (avg=7.808888), loss=0.702760 (avg=0.702312), pairs_step=315680, pairs_total=6315871
[2026-03-02 17:31:22,548] INFO:fitness.free_loss_fidelity: RL4CO free-loss step 40/200: score=7.820400 (avg=7.803232), loss=0.701264 (avg=0.702116), pairs_step=315995, pairs_total=12629716
[2026-03-02 17:31:29,195] INFO:fitness.free_loss_fidelity: RL4CO free-loss step 60/200: score=7.816696 (avg=7.799954), loss=0.700898 (avg=0.702017), pairs_step=315627, pairs_total=18943220
[2026-03-02 17:31:35,820] INFO:fitness.free_loss_fidelity: RL4CO free-loss step 80/200: score=7.795256 (avg=7.798656), loss=0.703168 (avg=0.701967), pairs_step=315958, pairs_total=25259164
[2026-03-02 17:31:42,455] INFO:fitness.free_loss_fidelity: RL4CO free-loss step 100/200: score=7.757824 (avg=7.799307), loss=0.701764 (avg=0.701913), pairs_step=315706, pairs_total=31573892
[2026-03-02 17:31:49,093] INFO:fitness.free_loss_fidelity: RL4CO free-loss step 120/200: score=7.770569 (avg=7.800676), loss=0.701456 (avg=0.701903), pairs_step=315545, pairs_total=37886743
[2026-03-02 17:31:55,687] INFO:fitness.free_loss_fidelity: RL4CO free-loss step 140/200: score=7.827028 (avg=7.801728), loss=0.701314 (avg=0.701825), pairs_step=315505, pairs_total=44198282
[2026-03-02 17:32:02,277] INFO:fitness.free_loss_fidelity: RL4CO free-loss step 160/200: score=7.793929 (avg=7.800852), loss=0.701620 (avg=0.701826), pairs_step=315778, pairs_total=50510404
[2026-03-02 17:32:08,881] INFO:fitness.free_loss_fidelity: RL4CO free-loss step 180/200: score=7.781940 (avg=7.799605), loss=0.702080 (avg=0.701815), pairs_step=315353, pairs_total=56822574
[2026-03-02 17:32:15,498] INFO:fitness.free_loss_fidelity: RL4CO free-loss step 200/200: score=7.808983 (avg=7.798435), loss=0.701730 (avg=0.701782), pairs_step=315381, pairs_total=63134883
[2026-03-02 17:32:16,587] WARNING:fitness.free_loss_fidelity: weights_only checkpoint load failed (UnpicklingError); retrying weights_only=False for /data1/gushengda/eam-rl4co/baseline/epoch_409.ckpt
[2026-03-02 17:32:16,623] INFO:fitness.free_loss_fidelity: Loaded init checkpoint into policy: path=/data1/gushengda/eam-rl4co/baseline/epoch_409.ckpt prefix=policy. matched=97 missing=0 unexpected=0
[2026-03-02 17:32:16,628] INFO:fitness.free_loss_fidelity: RL4CO free-loss (step-mode): f1_steps=200, f2_steps=0, total_steps=200, train_problem_size=100, rollouts=100, batch_size=64, device=cuda:0, env=tsp
[2026-03-02 17:32:16,963] INFO:fitness.free_loss_fidelity: RL4CO free-loss step 1/200: score=7.807477 (avg=7.807477), loss=1.395811 (avg=1.395811), pairs_step=315750, pairs_total=315750
[2026-03-02 17:32:23,235] INFO:fitness.free_loss_fidelity: RL4CO free-loss step 20/200: score=7.784451 (avg=7.809174), loss=1.373802 (avg=1.247641), pairs_step=315831, pairs_total=6316677
[2026-03-02 17:32:29,878] INFO:fitness.free_loss_fidelity: RL4CO free-loss step 40/200: score=7.812336 (avg=7.803120), loss=2.175761 (avg=1.580685), pairs_step=315977, pairs_total=12631082
[2026-03-02 17:32:36,545] INFO:fitness.free_loss_fidelity: RL4CO free-loss step 60/200: score=7.814017 (avg=7.799341), loss=0.879147 (avg=1.485290), pairs_step=315334, pairs_total=18944065
[2026-03-02 17:32:43,184] INFO:fitness.free_loss_fidelity: RL4CO free-loss step 80/200: score=7.802219 (avg=7.798298), loss=1.185088 (avg=1.357970), pairs_step=315430, pairs_total=25255839
[2026-03-02 17:32:49,812] INFO:fitness.free_loss_fidelity: RL4CO free-loss step 100/200: score=7.756589 (avg=7.798795), loss=2.390715 (avg=1.439694), pairs_step=315020, pairs_total=31568720
[2026-03-02 17:32:56,469] INFO:fitness.free_loss_fidelity: RL4CO free-loss step 120/200: score=7.777909 (avg=7.800610), loss=1.514951 (avg=1.596490), pairs_step=315846, pairs_total=37882983
[2026-03-02 17:33:03,109] INFO:fitness.free_loss_fidelity: RL4CO free-loss step 140/200: score=7.827428 (avg=7.801633), loss=0.984316 (avg=1.514043), pairs_step=315538, pairs_total=44195150
[2026-03-02 17:33:09,748] INFO:fitness.free_loss_fidelity: RL4CO free-loss step 160/200: score=7.799432 (avg=7.800859), loss=1.398158 (avg=1.481228), pairs_step=315524, pairs_total=50505919
[2026-03-02 17:33:16,364] INFO:fitness.free_loss_fidelity: RL4CO free-loss step 180/200: score=7.785892 (avg=7.799622), loss=1.051758 (avg=1.446714), pairs_step=315361, pairs_total=56815588
[2026-03-02 17:33:22,953] INFO:fitness.free_loss_fidelity: RL4CO free-loss step 200/200: score=7.811660 (avg=7.798220), loss=1.101723 (avg=1.411049), pairs_step=315087, pairs_total=63123839
