[2026-02-26 18:57:19,873] INFO:fitness.free_loss_fidelity: HF start gen=1 pair_index=8 device=cuda:3 g_id=g000_000_1e744cff f_id=f001_007_df998ac1
[2026-02-26 18:57:19,873] INFO:fitness.free_loss_fidelity: HF start gen=1 pair_index=8 device=cuda:3 g_id=g000_000_1e744cff f_id=f001_007_df998ac1
[2026-02-26 18:57:25,624] INFO:fitness.free_loss_fidelity: RL4CO free-loss phase=scratch: epochs=5 steps_f1=7815 steps_f2=0 total_steps=7815 (ckpt=none, device=cuda:3, env=tsp)
[2026-02-26 18:57:25,624] INFO:fitness.free_loss_fidelity: RL4CO free-loss phase=scratch: epochs=5 steps_f1=7815 steps_f2=0 total_steps=7815 (ckpt=none, device=cuda:3, env=tsp)
[2026-02-26 18:57:26,406] INFO:fitness.free_loss_fidelity: RL4CO free-loss[scratch] step 1/7815: score=67.194427 (avg=67.194427), loss=0.765466 (avg=0.765466), pairs_step=316800, pairs_total=316800
[2026-02-26 18:57:26,406] INFO:fitness.free_loss_fidelity: RL4CO free-loss[scratch] step 1/7815: score=67.194427 (avg=67.194427), loss=0.765466 (avg=0.765466), pairs_step=316800, pairs_total=316800
[2026-02-26 19:01:33,753] INFO:fitness.free_loss_fidelity: RL4CO free-loss[scratch] step 781/7815: score=8.143512 (avg=8.639464), loss=0.667135 (avg=0.666467), pairs_step=316800, pairs_total=247420540
[2026-02-26 19:01:33,753] INFO:fitness.free_loss_fidelity: RL4CO free-loss[scratch] step 781/7815: score=8.143512 (avg=8.639464), loss=0.667135 (avg=0.666467), pairs_step=316800, pairs_total=247420540
[2026-02-26 19:05:41,271] INFO:fitness.free_loss_fidelity: RL4CO free-loss[scratch] step 1562/7815: score=8.111918 (avg=8.375545), loss=0.676254 (avg=0.669522), pairs_step=316799, pairs_total=494841005
[2026-02-26 19:05:41,271] INFO:fitness.free_loss_fidelity: RL4CO free-loss[scratch] step 1562/7815: score=8.111918 (avg=8.375545), loss=0.676254 (avg=0.669522), pairs_step=316799, pairs_total=494841005
[2026-02-26 19:06:02,250] INFO:fitness.free_loss_fidelity: RL4CO free-loss[scratch] epoch 1/5: validation_objective=8.033253
[2026-02-26 19:06:02,250] INFO:fitness.free_loss_fidelity: RL4CO free-loss[scratch] epoch 1/5: validation_objective=8.033253
[2026-02-26 19:10:10,044] INFO:fitness.free_loss_fidelity: RL4CO free-loss[scratch] step 2343/7815: score=8.097960 (avg=8.270109), loss=0.678304 (avg=0.671661), pairs_step=316800, pairs_total=742261473
[2026-02-26 19:10:10,044] INFO:fitness.free_loss_fidelity: RL4CO free-loss[scratch] step 2343/7815: score=8.097960 (avg=8.270109), loss=0.678304 (avg=0.671661), pairs_step=316800, pairs_total=742261473
[2026-02-26 19:14:19,543] INFO:fitness.free_loss_fidelity: RL4CO free-loss[scratch] step 3124/7815: score=8.015485 (avg=8.210644), loss=0.679740 (avg=0.673356), pairs_step=316799, pairs_total=989681912
[2026-02-26 19:14:19,543] INFO:fitness.free_loss_fidelity: RL4CO free-loss[scratch] step 3124/7815: score=8.015485 (avg=8.210644), loss=0.679740 (avg=0.673356), pairs_step=316799, pairs_total=989681912
[2026-02-26 19:14:40,882] INFO:fitness.free_loss_fidelity: RL4CO free-loss[scratch] epoch 2/5: validation_objective=7.990767
[2026-02-26 19:14:40,882] INFO:fitness.free_loss_fidelity: RL4CO free-loss[scratch] epoch 2/5: validation_objective=7.990767
[2026-02-26 19:18:51,454] INFO:fitness.free_loss_fidelity: RL4CO free-loss[scratch] step 3905/7815: score=8.027615 (avg=8.170832), loss=0.683332 (avg=0.675105), pairs_step=316800, pairs_total=1237102332
[2026-02-26 19:18:51,454] INFO:fitness.free_loss_fidelity: RL4CO free-loss[scratch] step 3905/7815: score=8.027615 (avg=8.170832), loss=0.683332 (avg=0.675105), pairs_step=316800, pairs_total=1237102332
[2026-02-26 19:23:02,468] INFO:fitness.free_loss_fidelity: RL4CO free-loss[scratch] step 4686/7815: score=8.027647 (avg=8.142167), loss=0.688014 (avg=0.676913), pairs_step=316798, pairs_total=1484522639
[2026-02-26 19:23:02,468] INFO:fitness.free_loss_fidelity: RL4CO free-loss[scratch] step 4686/7815: score=8.027647 (avg=8.142167), loss=0.688014 (avg=0.676913), pairs_step=316798, pairs_total=1484522639
[2026-02-26 19:23:24,131] INFO:fitness.free_loss_fidelity: RL4CO free-loss[scratch] epoch 3/5: validation_objective=7.977822
[2026-02-26 19:23:24,131] INFO:fitness.free_loss_fidelity: RL4CO free-loss[scratch] epoch 3/5: validation_objective=7.977822
[2026-02-26 19:27:34,359] INFO:fitness.free_loss_fidelity: RL4CO free-loss[scratch] step 5467/7815: score=7.974457 (avg=8.120103), loss=0.689191 (avg=0.678441), pairs_step=316799, pairs_total=1731942817
[2026-02-26 19:27:34,359] INFO:fitness.free_loss_fidelity: RL4CO free-loss[scratch] step 5467/7815: score=7.974457 (avg=8.120103), loss=0.689191 (avg=0.678441), pairs_step=316799, pairs_total=1731942817
[2026-02-26 19:31:45,144] INFO:fitness.free_loss_fidelity: RL4CO free-loss[scratch] step 6248/7815: score=7.977145 (avg=8.102643), loss=0.688721 (avg=0.679728), pairs_step=316800, pairs_total=1979362837
[2026-02-26 19:31:45,144] INFO:fitness.free_loss_fidelity: RL4CO free-loss[scratch] step 6248/7815: score=7.977145 (avg=8.102643), loss=0.688721 (avg=0.679728), pairs_step=316800, pairs_total=1979362837
[2026-02-26 19:32:07,115] INFO:fitness.free_loss_fidelity: RL4CO free-loss[scratch] epoch 4/5: validation_objective=7.976630
[2026-02-26 19:32:07,115] INFO:fitness.free_loss_fidelity: RL4CO free-loss[scratch] epoch 4/5: validation_objective=7.976630
[2026-02-26 19:36:16,753] INFO:fitness.free_loss_fidelity: RL4CO free-loss[scratch] step 7029/7815: score=7.924944 (avg=8.088308), loss=0.690000 (avg=0.680793), pairs_step=316797, pairs_total=2226782622
[2026-02-26 19:36:16,753] INFO:fitness.free_loss_fidelity: RL4CO free-loss[scratch] step 7029/7815: score=7.924944 (avg=8.088308), loss=0.690000 (avg=0.680793), pairs_step=316797, pairs_total=2226782622
[2026-02-26 19:40:27,487] INFO:fitness.free_loss_fidelity: RL4CO free-loss[scratch] step 7810/7815: score=7.964887 (avg=8.076534), loss=0.690664 (avg=0.681690), pairs_step=316798, pairs_total=2474202252
[2026-02-26 19:40:27,487] INFO:fitness.free_loss_fidelity: RL4CO free-loss[scratch] step 7810/7815: score=7.964887 (avg=8.076534), loss=0.690664 (avg=0.681690), pairs_step=316798, pairs_total=2474202252
[2026-02-26 19:40:49,789] INFO:fitness.free_loss_fidelity: RL4CO free-loss[scratch] epoch 5/5: validation_objective=7.964454
[2026-02-26 19:40:49,789] INFO:fitness.free_loss_fidelity: RL4CO free-loss[scratch] epoch 5/5: validation_objective=7.964454
[2026-02-26 19:41:10,838] WARNING:fitness.free_loss_fidelity: weights_only checkpoint load failed (UnpicklingError); retrying weights_only=False for /data1/gushengda/eam-rl4co/baseline/epoch_409.ckpt
[2026-02-26 19:41:10,838] WARNING:fitness.free_loss_fidelity: weights_only checkpoint load failed (UnpicklingError); retrying weights_only=False for /data1/gushengda/eam-rl4co/baseline/epoch_409.ckpt
[2026-02-26 19:41:10,882] INFO:fitness.free_loss_fidelity: Loaded init checkpoint into policy: path=/data1/gushengda/eam-rl4co/baseline/epoch_409.ckpt prefix=policy. matched=97 missing=0 unexpected=0
[2026-02-26 19:41:10,882] INFO:fitness.free_loss_fidelity: Loaded init checkpoint into policy: path=/data1/gushengda/eam-rl4co/baseline/epoch_409.ckpt prefix=policy. matched=97 missing=0 unexpected=0
[2026-02-26 19:41:10,886] INFO:fitness.free_loss_fidelity: RL4CO free-loss phase=warmstart: epochs=5 steps_f1=7815 steps_f2=0 total_steps=7815 (ckpt=/data1/gushengda/eam-rl4co/baseline/epoch_409.ckpt, device=cuda:3, env=tsp)
[2026-02-26 19:41:10,886] INFO:fitness.free_loss_fidelity: RL4CO free-loss phase=warmstart: epochs=5 steps_f1=7815 steps_f2=0 total_steps=7815 (ckpt=/data1/gushengda/eam-rl4co/baseline/epoch_409.ckpt, device=cuda:3, env=tsp)
[2026-02-26 19:41:11,310] INFO:fitness.free_loss_fidelity: RL4CO free-loss[warmstart] step 1/7815: score=7.827631 (avg=7.827631), loss=0.299089 (avg=0.299089), pairs_step=315941, pairs_total=315941
[2026-02-26 19:41:11,310] INFO:fitness.free_loss_fidelity: RL4CO free-loss[warmstart] step 1/7815: score=7.827631 (avg=7.827631), loss=0.299089 (avg=0.299089), pairs_step=315941, pairs_total=315941
[2026-02-26 19:45:42,400] INFO:fitness.free_loss_fidelity: RL4CO free-loss[warmstart] step 781/7815: score=7.827710 (avg=7.796117), loss=0.684435 (avg=0.631188), pairs_step=313409, pairs_total=245965219
[2026-02-26 19:45:42,400] INFO:fitness.free_loss_fidelity: RL4CO free-loss[warmstart] step 781/7815: score=7.827710 (avg=7.796117), loss=0.684435 (avg=0.631188), pairs_step=313409, pairs_total=245965219
[2026-02-26 19:49:52,565] INFO:fitness.free_loss_fidelity: RL4CO free-loss[warmstart] step 1562/7815: score=7.755123 (avg=7.795558), loss=0.686400 (avg=0.658353), pairs_step=313663, pairs_total=491018312
[2026-02-26 19:49:52,565] INFO:fitness.free_loss_fidelity: RL4CO free-loss[warmstart] step 1562/7815: score=7.755123 (avg=7.795558), loss=0.686400 (avg=0.658353), pairs_step=313663, pairs_total=491018312
[2026-02-26 19:50:13,555] INFO:fitness.free_loss_fidelity: RL4CO free-loss[warmstart] epoch 1/5: validation_objective=7.793361
[2026-02-26 19:50:13,555] INFO:fitness.free_loss_fidelity: RL4CO free-loss[warmstart] epoch 1/5: validation_objective=7.793361
