[2026-02-26 18:57:19,853] INFO:fitness.free_loss_fidelity: HF start gen=1 pair_index=2 device=cuda:1 g_id=g000_000_1e744cff f_id=f000_001_005c252a
[2026-02-26 18:57:19,853] INFO:fitness.free_loss_fidelity: HF start gen=1 pair_index=2 device=cuda:1 g_id=g000_000_1e744cff f_id=f000_001_005c252a
[2026-02-26 18:57:25,616] INFO:fitness.free_loss_fidelity: RL4CO free-loss phase=scratch: epochs=5 steps_f1=7815 steps_f2=0 total_steps=7815 (ckpt=none, device=cuda:1, env=tsp)
[2026-02-26 18:57:25,616] INFO:fitness.free_loss_fidelity: RL4CO free-loss phase=scratch: epochs=5 steps_f1=7815 steps_f2=0 total_steps=7815 (ckpt=none, device=cuda:1, env=tsp)
[2026-02-26 18:57:26,412] INFO:fitness.free_loss_fidelity: RL4CO free-loss[scratch] step 1/7815: score=67.194427 (avg=67.194427), loss=0.750569 (avg=0.750569), pairs_step=316800, pairs_total=316800
[2026-02-26 18:57:26,412] INFO:fitness.free_loss_fidelity: RL4CO free-loss[scratch] step 1/7815: score=67.194427 (avg=67.194427), loss=0.750569 (avg=0.750569), pairs_step=316800, pairs_total=316800
[2026-02-26 19:01:41,399] INFO:fitness.free_loss_fidelity: RL4CO free-loss[scratch] step 781/7815: score=8.168362 (avg=8.645422), loss=0.634696 (avg=0.623852), pairs_step=316800, pairs_total=247420546
[2026-02-26 19:01:41,399] INFO:fitness.free_loss_fidelity: RL4CO free-loss[scratch] step 781/7815: score=8.168362 (avg=8.645422), loss=0.634696 (avg=0.623852), pairs_step=316800, pairs_total=247420546
[2026-02-26 19:06:06,234] INFO:fitness.free_loss_fidelity: RL4CO free-loss[scratch] step 1562/7815: score=8.119936 (avg=8.388838), loss=0.643406 (avg=0.631215), pairs_step=316798, pairs_total=494841053
[2026-02-26 19:06:06,234] INFO:fitness.free_loss_fidelity: RL4CO free-loss[scratch] step 1562/7815: score=8.119936 (avg=8.388838), loss=0.643406 (avg=0.631215), pairs_step=316798, pairs_total=494841053
[2026-02-26 19:06:27,862] INFO:fitness.free_loss_fidelity: RL4CO free-loss[scratch] epoch 1/5: validation_objective=8.017074
[2026-02-26 19:06:27,862] INFO:fitness.free_loss_fidelity: RL4CO free-loss[scratch] epoch 1/5: validation_objective=8.017074
[2026-02-26 19:10:42,181] INFO:fitness.free_loss_fidelity: RL4CO free-loss[scratch] step 2343/7815: score=8.113987 (avg=8.283908), loss=0.645908 (avg=0.635933), pairs_step=316800, pairs_total=742261523
[2026-02-26 19:10:42,181] INFO:fitness.free_loss_fidelity: RL4CO free-loss[scratch] step 2343/7815: score=8.113987 (avg=8.283908), loss=0.645908 (avg=0.635933), pairs_step=316800, pairs_total=742261523
[2026-02-26 19:14:57,184] INFO:fitness.free_loss_fidelity: RL4CO free-loss[scratch] step 3124/7815: score=8.032066 (avg=8.224008), loss=0.650299 (avg=0.639124), pairs_step=316800, pairs_total=989681972
[2026-02-26 19:14:57,184] INFO:fitness.free_loss_fidelity: RL4CO free-loss[scratch] step 3124/7815: score=8.032066 (avg=8.224008), loss=0.650299 (avg=0.639124), pairs_step=316800, pairs_total=989681972
[2026-02-26 19:15:19,127] INFO:fitness.free_loss_fidelity: RL4CO free-loss[scratch] epoch 2/5: validation_objective=7.981475
[2026-02-26 19:15:19,127] INFO:fitness.free_loss_fidelity: RL4CO free-loss[scratch] epoch 2/5: validation_objective=7.981475
[2026-02-26 19:19:29,210] INFO:fitness.free_loss_fidelity: RL4CO free-loss[scratch] step 3905/7815: score=8.032059 (avg=8.184067), loss=0.651996 (avg=0.641703), pairs_step=316797, pairs_total=1237102392
[2026-02-26 19:19:29,210] INFO:fitness.free_loss_fidelity: RL4CO free-loss[scratch] step 3905/7815: score=8.032059 (avg=8.184067), loss=0.651996 (avg=0.641703), pairs_step=316797, pairs_total=1237102392
[2026-02-26 19:23:37,838] INFO:fitness.free_loss_fidelity: RL4CO free-loss[scratch] step 4686/7815: score=8.042866 (avg=8.154941), loss=0.659733 (avg=0.643971), pairs_step=316799, pairs_total=1484522782
[2026-02-26 19:23:37,838] INFO:fitness.free_loss_fidelity: RL4CO free-loss[scratch] step 4686/7815: score=8.042866 (avg=8.154941), loss=0.659733 (avg=0.643971), pairs_step=316799, pairs_total=1484522782
[2026-02-26 19:24:00,014] INFO:fitness.free_loss_fidelity: RL4CO free-loss[scratch] epoch 3/5: validation_objective=7.973041
[2026-02-26 19:24:00,014] INFO:fitness.free_loss_fidelity: RL4CO free-loss[scratch] epoch 3/5: validation_objective=7.973041
[2026-02-26 19:28:07,994] INFO:fitness.free_loss_fidelity: RL4CO free-loss[scratch] step 5467/7815: score=7.984450 (avg=8.131914), loss=0.657913 (avg=0.646046), pairs_step=316798, pairs_total=1731943153
[2026-02-26 19:28:07,994] INFO:fitness.free_loss_fidelity: RL4CO free-loss[scratch] step 5467/7815: score=7.984450 (avg=8.131914), loss=0.657913 (avg=0.646046), pairs_step=316798, pairs_total=1731943153
[2026-02-26 19:32:17,889] INFO:fitness.free_loss_fidelity: RL4CO free-loss[scratch] step 6248/7815: score=7.953301 (avg=8.113217), loss=0.662910 (avg=0.647920), pairs_step=316800, pairs_total=1979363488
[2026-02-26 19:32:17,889] INFO:fitness.free_loss_fidelity: RL4CO free-loss[scratch] step 6248/7815: score=7.953301 (avg=8.113217), loss=0.662910 (avg=0.647920), pairs_step=316800, pairs_total=1979363488
[2026-02-26 19:32:40,442] INFO:fitness.free_loss_fidelity: RL4CO free-loss[scratch] epoch 4/5: validation_objective=7.957231
[2026-02-26 19:32:40,442] INFO:fitness.free_loss_fidelity: RL4CO free-loss[scratch] epoch 4/5: validation_objective=7.957231
[2026-02-26 19:36:47,494] INFO:fitness.free_loss_fidelity: RL4CO free-loss[scratch] step 7029/7815: score=7.929886 (avg=8.097596), loss=0.661891 (avg=0.649510), pairs_step=316799, pairs_total=2226783791
[2026-02-26 19:36:47,494] INFO:fitness.free_loss_fidelity: RL4CO free-loss[scratch] step 7029/7815: score=7.929886 (avg=8.097596), loss=0.661891 (avg=0.649510), pairs_step=316799, pairs_total=2226783791
[2026-02-26 19:40:55,597] INFO:fitness.free_loss_fidelity: RL4CO free-loss[scratch] step 7810/7815: score=7.943939 (avg=8.084565), loss=0.665914 (avg=0.650926), pairs_step=316798, pairs_total=2474204086
[2026-02-26 19:40:55,597] INFO:fitness.free_loss_fidelity: RL4CO free-loss[scratch] step 7810/7815: score=7.943939 (avg=8.084565), loss=0.665914 (avg=0.650926), pairs_step=316798, pairs_total=2474204086
[2026-02-26 19:41:18,412] INFO:fitness.free_loss_fidelity: RL4CO free-loss[scratch] epoch 5/5: validation_objective=7.945080
[2026-02-26 19:41:18,412] INFO:fitness.free_loss_fidelity: RL4CO free-loss[scratch] epoch 5/5: validation_objective=7.945080
[2026-02-26 19:41:40,002] WARNING:fitness.free_loss_fidelity: weights_only checkpoint load failed (UnpicklingError); retrying weights_only=False for /data1/gushengda/eam-rl4co/baseline/epoch_409.ckpt
[2026-02-26 19:41:40,002] WARNING:fitness.free_loss_fidelity: weights_only checkpoint load failed (UnpicklingError); retrying weights_only=False for /data1/gushengda/eam-rl4co/baseline/epoch_409.ckpt
[2026-02-26 19:41:40,048] INFO:fitness.free_loss_fidelity: Loaded init checkpoint into policy: path=/data1/gushengda/eam-rl4co/baseline/epoch_409.ckpt prefix=policy. matched=97 missing=0 unexpected=0
[2026-02-26 19:41:40,048] INFO:fitness.free_loss_fidelity: Loaded init checkpoint into policy: path=/data1/gushengda/eam-rl4co/baseline/epoch_409.ckpt prefix=policy. matched=97 missing=0 unexpected=0
[2026-02-26 19:41:40,053] INFO:fitness.free_loss_fidelity: RL4CO free-loss phase=warmstart: epochs=5 steps_f1=7815 steps_f2=0 total_steps=7815 (ckpt=/data1/gushengda/eam-rl4co/baseline/epoch_409.ckpt, device=cuda:1, env=tsp)
[2026-02-26 19:41:40,053] INFO:fitness.free_loss_fidelity: RL4CO free-loss phase=warmstart: epochs=5 steps_f1=7815 steps_f2=0 total_steps=7815 (ckpt=/data1/gushengda/eam-rl4co/baseline/epoch_409.ckpt, device=cuda:1, env=tsp)
[2026-02-26 19:41:40,449] INFO:fitness.free_loss_fidelity: RL4CO free-loss[warmstart] step 1/7815: score=7.827631 (avg=7.827631), loss=0.232240 (avg=0.232240), pairs_step=315941, pairs_total=315941
[2026-02-26 19:41:40,449] INFO:fitness.free_loss_fidelity: RL4CO free-loss[warmstart] step 1/7815: score=7.827631 (avg=7.827631), loss=0.232240 (avg=0.232240), pairs_step=315941, pairs_total=315941
[2026-02-26 19:46:12,557] INFO:fitness.free_loss_fidelity: RL4CO free-loss[warmstart] step 781/7815: score=7.831748 (avg=7.797136), loss=0.203622 (avg=0.222291), pairs_step=316168, pairs_total=246609198
[2026-02-26 19:46:12,557] INFO:fitness.free_loss_fidelity: RL4CO free-loss[warmstart] step 781/7815: score=7.831748 (avg=7.797136), loss=0.203622 (avg=0.222291), pairs_step=316168, pairs_total=246609198
[2026-02-26 19:50:27,575] INFO:fitness.free_loss_fidelity: RL4CO free-loss[warmstart] step 1562/7815: score=7.767283 (avg=7.797728), loss=0.240761 (avg=0.225625), pairs_step=315496, pairs_total=493205630
[2026-02-26 19:50:27,575] INFO:fitness.free_loss_fidelity: RL4CO free-loss[warmstart] step 1562/7815: score=7.767283 (avg=7.797728), loss=0.240761 (avg=0.225625), pairs_step=315496, pairs_total=493205630
[2026-02-26 19:50:49,182] INFO:fitness.free_loss_fidelity: RL4CO free-loss[warmstart] epoch 1/5: validation_objective=7.798683
[2026-02-26 19:50:49,182] INFO:fitness.free_loss_fidelity: RL4CO free-loss[warmstart] epoch 1/5: validation_objective=7.798683
