[2026-02-21 22:57:08,966] WARNING:fitness.free_loss_fidelity: weights_only checkpoint load failed (UnpicklingError); retrying weights_only=False for /data1/gushengda/eam-rl4co/baseline/epoch_409.ckpt
[2026-02-21 22:57:08,966] WARNING:fitness.free_loss_fidelity: weights_only checkpoint load failed (UnpicklingError); retrying weights_only=False for /data1/gushengda/eam-rl4co/baseline/epoch_409.ckpt
[2026-02-21 22:57:09,011] INFO:fitness.free_loss_fidelity: Loaded init checkpoint into policy: path=/data1/gushengda/eam-rl4co/baseline/epoch_409.ckpt prefix=policy. matched=97 missing=0 unexpected=0
[2026-02-21 22:57:09,011] INFO:fitness.free_loss_fidelity: Loaded init checkpoint into policy: path=/data1/gushengda/eam-rl4co/baseline/epoch_409.ckpt prefix=policy. matched=97 missing=0 unexpected=0
[2026-02-21 22:57:09,017] INFO:fitness.free_loss_fidelity: RL4CO free-loss training: f1_steps=31260, f2_steps=0, total_steps=31260, train_problem_size=100, rollouts=100, batch_size=64, device=cuda:0, env=tsp
[2026-02-21 22:57:09,017] INFO:fitness.free_loss_fidelity: RL4CO free-loss training: f1_steps=31260, f2_steps=0, total_steps=31260, train_problem_size=100, rollouts=100, batch_size=64, device=cuda:0, env=tsp
[2026-02-21 22:57:10,306] INFO:fitness.free_loss_fidelity: RL4CO free-loss step 1/31260: score=7.827631 (avg=7.827631), loss=0.290018 (avg=0.290018), pairs_step=315941, pairs_total=315941
[2026-02-21 22:57:10,306] INFO:fitness.free_loss_fidelity: RL4CO free-loss step 1/31260: score=7.827631 (avg=7.827631), loss=0.290018 (avg=0.290018), pairs_step=315941, pairs_total=315941
[2026-02-21 23:06:55,876] INFO:fitness.free_loss_fidelity: RL4CO free-loss epoch 1/20: validation_objective=8.213310
[2026-02-21 23:06:55,876] INFO:fitness.free_loss_fidelity: RL4CO free-loss epoch 1/20: validation_objective=8.213310
[2026-02-21 23:15:51,510] INFO:fitness.free_loss_fidelity: RL4CO free-loss step 3126/31260: score=20.103518 (avg=22.477354), loss=0.089427 (avg=0.114113), pairs_step=316799, pairs_total=990304132
[2026-02-21 23:15:51,510] INFO:fitness.free_loss_fidelity: RL4CO free-loss step 3126/31260: score=20.103518 (avg=22.477354), loss=0.089427 (avg=0.114113), pairs_step=316799, pairs_total=990304132
[2026-02-21 23:16:12,101] INFO:fitness.free_loss_fidelity: RL4CO free-loss epoch 2/20: validation_objective=8.169480
[2026-02-21 23:16:12,101] INFO:fitness.free_loss_fidelity: RL4CO free-loss epoch 2/20: validation_objective=8.169480
[2026-02-21 23:24:59,328] INFO:fitness.free_loss_fidelity: RL4CO free-loss epoch 3/20: validation_objective=8.138667
[2026-02-21 23:24:59,328] INFO:fitness.free_loss_fidelity: RL4CO free-loss epoch 3/20: validation_objective=8.138667
[2026-02-21 23:33:19,653] INFO:fitness.free_loss_fidelity: RL4CO free-loss step 6252/31260: score=18.643776 (avg=21.008941), loss=0.084749 (avg=0.100325), pairs_step=316800, pairs_total=1980620515
[2026-02-21 23:33:19,653] INFO:fitness.free_loss_fidelity: RL4CO free-loss step 6252/31260: score=18.643776 (avg=21.008941), loss=0.084749 (avg=0.100325), pairs_step=316800, pairs_total=1980620515
[2026-02-21 23:33:40,150] INFO:fitness.free_loss_fidelity: RL4CO free-loss epoch 4/20: validation_objective=8.108290
[2026-02-21 23:33:40,150] INFO:fitness.free_loss_fidelity: RL4CO free-loss epoch 4/20: validation_objective=8.108290
[2026-02-21 23:42:24,608] INFO:fitness.free_loss_fidelity: RL4CO free-loss epoch 5/20: validation_objective=8.100108
[2026-02-21 23:42:24,608] INFO:fitness.free_loss_fidelity: RL4CO free-loss epoch 5/20: validation_objective=8.100108
[2026-02-21 23:50:48,545] INFO:fitness.free_loss_fidelity: RL4CO free-loss step 9378/31260: score=17.967072 (avg=20.151682), loss=0.081432 (avg=0.094465), pairs_step=316800, pairs_total=2970936882
[2026-02-21 23:50:48,545] INFO:fitness.free_loss_fidelity: RL4CO free-loss step 9378/31260: score=17.967072 (avg=20.151682), loss=0.081432 (avg=0.094465), pairs_step=316800, pairs_total=2970936882
[2026-02-21 23:51:09,077] INFO:fitness.free_loss_fidelity: RL4CO free-loss epoch 6/20: validation_objective=8.081657
[2026-02-21 23:51:09,077] INFO:fitness.free_loss_fidelity: RL4CO free-loss epoch 6/20: validation_objective=8.081657
[2026-02-21 23:59:32,048] INFO:fitness.free_loss_fidelity: RL4CO free-loss epoch 7/20: validation_objective=8.082959
[2026-02-21 23:59:32,048] INFO:fitness.free_loss_fidelity: RL4CO free-loss epoch 7/20: validation_objective=8.082959
[2026-02-22 00:07:45,286] INFO:fitness.free_loss_fidelity: RL4CO free-loss step 12504/31260: score=17.530760 (avg=19.570316), loss=0.080807 (avg=0.090998), pairs_step=316800, pairs_total=3961253226
[2026-02-22 00:07:45,286] INFO:fitness.free_loss_fidelity: RL4CO free-loss step 12504/31260: score=17.530760 (avg=19.570316), loss=0.080807 (avg=0.090998), pairs_step=316800, pairs_total=3961253226
[2026-02-22 00:08:05,936] INFO:fitness.free_loss_fidelity: RL4CO free-loss epoch 8/20: validation_objective=8.071875
[2026-02-22 00:08:05,936] INFO:fitness.free_loss_fidelity: RL4CO free-loss epoch 8/20: validation_objective=8.071875
[2026-02-22 00:16:28,621] INFO:fitness.free_loss_fidelity: RL4CO free-loss epoch 9/20: validation_objective=8.063386
[2026-02-22 00:16:28,621] INFO:fitness.free_loss_fidelity: RL4CO free-loss epoch 9/20: validation_objective=8.063386
[2026-02-22 00:24:43,680] INFO:fitness.free_loss_fidelity: RL4CO free-loss step 15630/31260: score=17.225370 (avg=19.140941), loss=0.078013 (avg=0.088607), pairs_step=316800, pairs_total=4951569552
[2026-02-22 00:24:43,680] INFO:fitness.free_loss_fidelity: RL4CO free-loss step 15630/31260: score=17.225370 (avg=19.140941), loss=0.078013 (avg=0.088607), pairs_step=316800, pairs_total=4951569552
[2026-02-22 00:25:04,200] INFO:fitness.free_loss_fidelity: RL4CO free-loss epoch 10/20: validation_objective=8.065957
[2026-02-22 00:25:04,200] INFO:fitness.free_loss_fidelity: RL4CO free-loss epoch 10/20: validation_objective=8.065957
[2026-02-22 00:33:24,429] INFO:fitness.free_loss_fidelity: RL4CO free-loss epoch 11/20: validation_objective=8.058635
[2026-02-22 00:33:24,429] INFO:fitness.free_loss_fidelity: RL4CO free-loss epoch 11/20: validation_objective=8.058635
[2026-02-22 00:41:23,178] INFO:fitness.free_loss_fidelity: RL4CO free-loss step 18756/31260: score=17.126492 (avg=18.806043), loss=0.078232 (avg=0.086833), pairs_step=316800, pairs_total=5941885905
[2026-02-22 00:41:23,178] INFO:fitness.free_loss_fidelity: RL4CO free-loss step 18756/31260: score=17.126492 (avg=18.806043), loss=0.078232 (avg=0.086833), pairs_step=316800, pairs_total=5941885905
[2026-02-22 00:41:43,671] INFO:fitness.free_loss_fidelity: RL4CO free-loss epoch 12/20: validation_objective=8.044358
[2026-02-22 00:41:43,671] INFO:fitness.free_loss_fidelity: RL4CO free-loss epoch 12/20: validation_objective=8.044358
[2026-02-22 00:50:06,349] INFO:fitness.free_loss_fidelity: RL4CO free-loss epoch 13/20: validation_objective=8.052117
[2026-02-22 00:50:06,349] INFO:fitness.free_loss_fidelity: RL4CO free-loss epoch 13/20: validation_objective=8.052117
[2026-02-22 00:58:32,301] INFO:fitness.free_loss_fidelity: RL4CO free-loss step 21882/31260: score=16.714994 (avg=18.535301), loss=0.075169 (avg=0.085440), pairs_step=316799, pairs_total=6932202181
[2026-02-22 00:58:32,301] INFO:fitness.free_loss_fidelity: RL4CO free-loss step 21882/31260: score=16.714994 (avg=18.535301), loss=0.075169 (avg=0.085440), pairs_step=316799, pairs_total=6932202181
[2026-02-22 00:58:52,854] INFO:fitness.free_loss_fidelity: RL4CO free-loss epoch 14/20: validation_objective=8.042050
[2026-02-22 00:58:52,854] INFO:fitness.free_loss_fidelity: RL4CO free-loss epoch 14/20: validation_objective=8.042050
[2026-02-22 01:07:42,233] INFO:fitness.free_loss_fidelity: RL4CO free-loss epoch 15/20: validation_objective=8.035762
[2026-02-22 01:07:42,233] INFO:fitness.free_loss_fidelity: RL4CO free-loss epoch 15/20: validation_objective=8.035762
[2026-02-22 01:16:09,072] INFO:fitness.free_loss_fidelity: RL4CO free-loss step 25008/31260: score=16.622236 (avg=18.308909), loss=0.075305 (avg=0.084307), pairs_step=316800, pairs_total=7922518509
[2026-02-22 01:16:09,072] INFO:fitness.free_loss_fidelity: RL4CO free-loss step 25008/31260: score=16.622236 (avg=18.308909), loss=0.075305 (avg=0.084307), pairs_step=316800, pairs_total=7922518509
[2026-02-22 01:16:29,671] INFO:fitness.free_loss_fidelity: RL4CO free-loss epoch 16/20: validation_objective=8.038405
[2026-02-22 01:16:29,671] INFO:fitness.free_loss_fidelity: RL4CO free-loss epoch 16/20: validation_objective=8.038405
[2026-02-22 01:24:59,956] INFO:fitness.free_loss_fidelity: RL4CO free-loss epoch 17/20: validation_objective=8.037726
[2026-02-22 01:24:59,956] INFO:fitness.free_loss_fidelity: RL4CO free-loss epoch 17/20: validation_objective=8.037726
[2026-02-22 01:33:35,104] INFO:fitness.free_loss_fidelity: RL4CO free-loss step 28134/31260: score=16.527264 (avg=18.117246), loss=0.075144 (avg=0.083357), pairs_step=316800, pairs_total=8912834838
[2026-02-22 01:33:35,104] INFO:fitness.free_loss_fidelity: RL4CO free-loss step 28134/31260: score=16.527264 (avg=18.117246), loss=0.075144 (avg=0.083357), pairs_step=316800, pairs_total=8912834838
[2026-02-22 01:33:55,597] INFO:fitness.free_loss_fidelity: RL4CO free-loss epoch 18/20: validation_objective=8.035545
[2026-02-22 01:33:55,597] INFO:fitness.free_loss_fidelity: RL4CO free-loss epoch 18/20: validation_objective=8.035545
[2026-02-22 01:42:15,393] INFO:fitness.free_loss_fidelity: RL4CO free-loss epoch 19/20: validation_objective=8.034482
[2026-02-22 01:42:15,393] INFO:fitness.free_loss_fidelity: RL4CO free-loss epoch 19/20: validation_objective=8.034482
[2026-02-22 01:50:19,747] INFO:fitness.free_loss_fidelity: RL4CO free-loss step 31260/31260: score=16.566656 (avg=17.950930), loss=0.075621 (avg=0.082549), pairs_step=316798, pairs_total=9903151141
[2026-02-22 01:50:19,747] INFO:fitness.free_loss_fidelity: RL4CO free-loss step 31260/31260: score=16.566656 (avg=17.950930), loss=0.075621 (avg=0.082549), pairs_step=316798, pairs_total=9903151141
[2026-02-22 01:50:40,350] INFO:fitness.free_loss_fidelity: RL4CO free-loss epoch 20/20: validation_objective=8.034014
[2026-02-22 01:50:40,350] INFO:fitness.free_loss_fidelity: RL4CO free-loss epoch 20/20: validation_objective=8.034014
